--------- beginning of /dev/log/system
05-19 15:27:31.329 E/ConnectivityService(  477): Ignoring protectedNetwork 10
05-19 15:27:31.329 E/ConnectivityService(  477): Ignoring protectedNetwork 11
05-19 15:27:31.329 E/ConnectivityService(  477): Ignoring protectedNetwork 12
05-19 15:27:31.329 E/ConnectivityService(  477): Ignoring protectedNetwork 14
05-19 15:27:31.329 E/MobileDataStateTracker(  477): default: Ignoring feature request because could not acquire PhoneService
05-19 15:27:31.329 E/MobileDataStateTracker(  477): default: Could not enable APN type "default"
05-19 15:27:32.099 E/LocationManagerService(  477): no geocoder provider found
05-19 15:27:32.099 E/LocationManagerService(  477): No FusedProvider found.
05-19 15:27:32.099 E/LocationManagerService(  477): no geofence provider found
05-19 15:27:34.339 E/ConnectivityService(  477): Unexpected mtu value: android.net.wifi.WifiStateTracker@4a8d9b24
05-19 15:27:42.262 E/RemotePrintSpooler(  477): Error removing obsolete print jobs .
05-19 15:27:42.262 E/RemotePrintSpooler(  477): java.util.concurrent.TimeoutException: Cannot get spooler!
05-19 15:27:42.262 E/RemotePrintSpooler(  477): 	at com.android.server.print.RemotePrintSpooler.bindLocked(RemotePrintSpooler.java:376)
05-19 15:27:42.262 E/RemotePrintSpooler(  477): 	at com.android.server.print.RemotePrintSpooler.getRemoteInstanceLazy(RemotePrintSpooler.java:352)
05-19 15:27:42.262 E/RemotePrintSpooler(  477): 	at com.android.server.print.RemotePrintSpooler.removeObsoletePrintJobs(RemotePrintSpooler.java:287)
05-19 15:27:42.262 E/RemotePrintSpooler(  477): 	at com.android.server.print.UserState.removeObsoletePrintJobs(UserState.java:163)
05-19 15:27:42.262 E/RemotePrintSpooler(  477): 	at com.android.server.print.PrintManagerService$1.run(PrintManagerService.java:94)
05-19 15:27:42.262 E/RemotePrintSpooler(  477): 	at android.os.Handler.handleCallback(Handler.java:733)
05-19 15:27:42.262 E/RemotePrintSpooler(  477): 	at android.os.Handler.dispatchMessage(Handler.java:95)
05-19 15:27:42.262 E/RemotePrintSpooler(  477): 	at android.os.Looper.loop(Looper.java:136)
05-19 15:27:42.262 E/RemotePrintSpooler(  477): 	at android.os.HandlerThread.run(HandlerThread.java:61)
05-19 15:27:45.072 E/ActivityThread(  990): Failed to find provider info for com.google.android.wearable.settings
05-19 15:40:39.323 E/ActivityThread(  990): Failed to find provider info for com.google.android.wearable.settings
05-19 15:53:38.893 E/ActivityThread( 4355): Performing stop of activity that is not resumed: {com.boco.apphall/com.boco.apphall.guangxi.mix.login.LoginActivityNormal}
05-19 15:53:38.893 E/ActivityThread( 4355): java.lang.RuntimeException: Performing stop of activity that is not resumed: {com.boco.apphall/com.boco.apphall.guangxi.mix.login.LoginActivityNormal}
05-19 15:53:38.893 E/ActivityThread( 4355): 	at android.app.ActivityThread.performStopActivityInner(ActivityThread.java:3145)
05-19 15:53:38.893 E/ActivityThread( 4355): 	at android.app.ActivityThread.handleStopActivity(ActivityThread.java:3232)
05-19 15:53:38.893 E/ActivityThread( 4355): 	at android.app.ActivityThread.access$1100(ActivityThread.java:135)
05-19 15:53:38.893 E/ActivityThread( 4355): 	at android.app.ActivityThread$H.handleMessage(ActivityThread.java:1223)
05-19 15:53:38.893 E/ActivityThread( 4355): 	at android.os.Handler.dispatchMessage(Handler.java:102)
05-19 15:53:38.893 E/ActivityThread( 4355): 	at android.os.Looper.loop(Looper.java:136)
05-19 15:53:38.893 E/ActivityThread( 4355): 	at android.app.ActivityThread.main(ActivityThread.java:5019)
05-19 15:53:38.893 E/ActivityThread( 4355): 	at java.lang.reflect.Method.invokeNative(Native Method)
05-19 15:53:38.893 E/ActivityThread( 4355): 	at java.lang.reflect.Method.invoke(Method.java:515)
05-19 15:53:38.893 E/ActivityThread( 4355): 	at com.android.internal.os.ZygoteInit$MethodAndArgsCaller.run(ZygoteInit.java:779)
05-19 15:53:38.893 E/ActivityThread( 4355): 	at com.android.internal.os.ZygoteInit.main(ZygoteInit.java:595)
05-19 15:53:38.893 E/ActivityThread( 4355): 	at dalvik.system.NativeStart.main(Native Method)
--------- beginning of /dev/log/main
05-19 15:54:04.823 E/cutils-trace( 7893): Error opening trace file: No such file or directory (2)
05-19 15:54:10.982 E/memtrack( 7906): Couldn't load memtrack module (No such file or directory)
05-19 15:54:10.982 E/android.os.Debug( 7906): failed to load memtrack module: -2
05-19 15:54:11.952 E/cutils-trace( 7906): Error opening trace file: No such file or directory (2)
05-19 15:54:20.312 E/QueryController( 7837): Got null root node from accessibility - Retrying...
05-19 15:55:18.842 E/memtrack( 7923): Couldn't load memtrack module (No such file or directory)
05-19 15:55:18.842 E/android.os.Debug( 7923): failed to load memtrack module: -2
05-19 15:55:18.862 E/cutils-trace( 7923): Error opening trace file: No such file or directory (2)
05-19 15:55:19.552 E/memtrack( 7935): Couldn't load memtrack module (No such file or directory)
05-19 15:55:19.552 E/android.os.Debug( 7935): failed to load memtrack module: -2
05-19 15:55:19.582 E/cutils-trace( 7935): Error opening trace file: No such file or directory (2)
05-19 15:55:20.322 E/memtrack( 7952): Couldn't load memtrack module (No such file or directory)
05-19 15:55:20.322 E/android.os.Debug( 7952): failed to load memtrack module: -2
05-19 15:55:20.362 E/cutils-trace( 7952): Error opening trace file: No such file or directory (2)
05-19 15:55:21.242 E/memtrack( 7968): Couldn't load memtrack module (No such file or directory)
05-19 15:55:21.242 E/android.os.Debug( 7968): failed to load memtrack module: -2
05-19 15:55:21.262 E/cutils-trace( 7968): Error opening trace file: No such file or directory (2)
05-19 15:55:22.602 E/memtrack( 7984): Couldn't load memtrack module (No such file or directory)
05-19 15:55:22.602 E/android.os.Debug( 7984): failed to load memtrack module: -2
05-19 15:55:22.622 E/cutils-trace( 7984): Error opening trace file: No such file or directory (2)
05-19 15:55:23.252 E/memtrack( 7996): Couldn't load memtrack module (No such file or directory)
05-19 15:55:23.252 E/android.os.Debug( 7996): failed to load memtrack module: -2
05-19 15:55:23.272 E/cutils-trace( 7996): Error opening trace file: No such file or directory (2)
05-19 15:55:24.102 E/memtrack( 8008): Couldn't load memtrack module (No such file or directory)
05-19 15:55:24.102 E/android.os.Debug( 8008): failed to load memtrack module: -2
05-19 15:55:24.122 E/cutils-trace( 8008): Error opening trace file: No such file or directory (2)
05-19 15:55:24.912 E/memtrack( 8020): Couldn't load memtrack module (No such file or directory)
05-19 15:55:24.912 E/android.os.Debug( 8020): failed to load memtrack module: -2
05-19 15:55:24.932 E/cutils-trace( 8020): Error opening trace file: No such file or directory (2)
05-19 15:55:25.602 E/memtrack( 8032): Couldn't load memtrack module (No such file or directory)
05-19 15:55:25.602 E/android.os.Debug( 8032): failed to load memtrack module: -2
05-19 15:55:25.632 E/cutils-trace( 8032): Error opening trace file: No such file or directory (2)
05-19 15:55:26.632 E/memtrack( 8048): Couldn't load memtrack module (No such file or directory)
05-19 15:55:26.632 E/android.os.Debug( 8048): failed to load memtrack module: -2
05-19 15:55:26.652 E/cutils-trace( 8048): Error opening trace file: No such file or directory (2)
05-19 15:55:27.282 E/memtrack( 8060): Couldn't load memtrack module (No such file or directory)
05-19 15:55:27.282 E/android.os.Debug( 8060): failed to load memtrack module: -2
05-19 15:55:27.302 E/cutils-trace( 8060): Error opening trace file: No such file or directory (2)
05-19 15:55:28.091 E/memtrack( 8074): Couldn't load memtrack module (No such file or directory)
05-19 15:55:28.101 E/android.os.Debug( 8074): failed to load memtrack module: -2
05-19 15:55:28.111 E/cutils-trace( 8074): Error opening trace file: No such file or directory (2)
05-19 15:55:29.281 E/memtrack( 8092): Couldn't load memtrack module (No such file or directory)
05-19 15:55:29.281 E/android.os.Debug( 8092): failed to load memtrack module: -2
05-19 15:55:29.301 E/cutils-trace( 8092): Error opening trace file: No such file or directory (2)
05-19 15:55:34.661 E/memtrack( 8112): Couldn't load memtrack module (No such file or directory)
05-19 15:55:34.661 E/android.os.Debug( 8112): failed to load memtrack module: -2
05-19 15:55:34.671 E/cutils-trace( 8112): Error opening trace file: No such file or directory (2)
05-19 15:55:34.671 E/InputDispatcher(  477): channel '4a9de9cc com.boco.apphall/com.boco.apphall.guangxi.mix.login.LoginActivityNormal (server)' ~ Channel is unrecoverably broken and will be disposed!
05-19 15:55:34.681 E/Cataloger( 1207): syncFile:/storage/emulated/0/Android/data/com.boco.apphall/cache/uil-images/journal
05-19 15:55:34.681 E/Cataloger( 1207): need not sync path:/storage/emulated/0/Android/data/com.boco.apphall/cache/uil-images/journal
05-19 15:55:35.271 E/memtrack( 8127): Couldn't load memtrack module (No such file or directory)
05-19 15:55:35.271 E/android.os.Debug( 8127): failed to load memtrack module: -2
05-19 15:55:35.361 E/SA.SensorsDataAPI( 1656): The static method sharedInstance(context, serverURL, configureURL, vtrackServerURL, debugMode) should be called before calling sharedInstance()
05-19 15:55:35.411 E/WorkSourceUtil(  990): Could not find package: com.boco.apphall
05-19 15:55:35.491 E/cutils-trace( 8127): Error opening trace file: No such file or directory (2)
05-19 15:55:35.501 E/Cataloger( 1207): syncFile:/storage/emulated/0/Android/data/com.boco.apphall/cache/.nomedia
05-19 15:55:35.521 E/Cataloger( 1207): need not sync path:/storage/emulated/0/Android/data/com.boco.apphall/cache/.nomedia
05-19 15:55:35.521 E/Cataloger( 1207): syncFile:/storage/emulated/0/Android/data/com.boco.apphall/cache/uil-images/3g5gd8l3k22reqfwqtx2b1blz0
05-19 15:55:35.521 E/Cataloger( 1207): need not sync path:/storage/emulated/0/Android/data/com.boco.apphall/cache/uil-images/3g5gd8l3k22reqfwqtx2b1blz0
05-19 15:55:35.521 E/Cataloger( 1207): syncFile:/storage/emulated/0/Android/data/com.boco.apphall/cache/uil-images/z88le3ms2suqnl85cmnihrm80
05-19 15:55:35.521 E/Cataloger( 1207): need not sync path:/storage/emulated/0/Android/data/com.boco.apphall/cache/uil-images/z88le3ms2suqnl85cmnihrm80
05-19 15:55:35.521 E/Cataloger( 1207): syncFile:/storage/emulated/0/Android/data/com.boco.apphall/cache/uil-images/7dm8prsiadzpomuq5cn9943hp0
05-19 15:55:35.531 E/Cataloger( 1207): need not sync path:/storage/emulated/0/Android/data/com.boco.apphall/cache/uil-images/7dm8prsiadzpomuq5cn9943hp0
05-19 15:55:35.531 E/Cataloger( 1207): syncFile:/storage/emulated/0/Android/data/com.boco.apphall/cache/uil-images/2uq7zj9eht24cna7t0399rzc10
05-19 15:55:35.531 E/Cataloger( 1207): need not sync path:/storage/emulated/0/Android/data/com.boco.apphall/cache/uil-images/2uq7zj9eht24cna7t0399rzc10
05-19 15:55:35.531 E/Cataloger( 1207): syncFile:/storage/emulated/0/Android/data/com.boco.apphall/cache/uil-images/6pgqfk1o73i79a3vk30ymp1o50
05-19 15:55:35.531 E/Cataloger( 1207): need not sync path:/storage/emulated/0/Android/data/com.boco.apphall/cache/uil-images/6pgqfk1o73i79a3vk30ymp1o50
05-19 15:55:35.531 E/Cataloger( 1207): syncFile:/storage/emulated/0/Android/data/com.boco.apphall/cache/uil-images/journal
05-19 15:55:35.531 E/Cataloger( 1207): need not sync path:/storage/emulated/0/Android/data/com.boco.apphall/cache/uil-images/journal
05-19 15:55:35.531 E/Cataloger( 1207): syncFile:/storage/emulated/0/Android/data/com.boco.apphall/cache/uil-images/29vlahxhm8lhqc987whbj4nf10
05-19 15:55:35.551 E/Cataloger( 1207): need not sync path:/storage/emulated/0/Android/data/com.boco.apphall/cache/uil-images/29vlahxhm8lhqc987whbj4nf10
05-19 15:55:35.551 E/Cataloger( 1207): syncFile:/storage/emulated/0/Android/data/com.boco.apphall/cache/uil-images/6kwq6ojzuarupost1e3tphqnf0
05-19 15:55:35.551 E/Cataloger( 1207): need not sync path:/storage/emulated/0/Android/data/com.boco.apphall/cache/uil-images/6kwq6ojzuarupost1e3tphqnf0
05-19 15:55:35.551 E/Cataloger( 1207): syncFile:/storage/emulated/0/Android/data/com.boco.apphall/cache/uil-images/4dv84sszatxsr0bmo8217x8el0
05-19 15:55:35.551 E/Cataloger( 1207): need not sync path:/storage/emulated/0/Android/data/com.boco.apphall/cache/uil-images/4dv84sszatxsr0bmo8217x8el0
05-19 15:55:35.551 E/Cataloger( 1207): syncFile:/storage/emulated/0/Android/data/com.boco.apphall/cache/uil-images/6pbkwva5ijgx9pxg63twkddhy0
05-19 15:55:35.561 E/Cataloger( 1207): need not sync path:/storage/emulated/0/Android/data/com.boco.apphall/cache/uil-images/6pbkwva5ijgx9pxg63twkddhy0
05-19 15:55:35.561 E/Cataloger( 1207): syncFile:/storage/emulated/0/Android/data/com.boco.apphall/cache/uil-images/3qfbho2se3qtgtzn4nan2j1wi0
05-19 15:55:35.561 E/Cataloger( 1207): need not sync path:/storage/emulated/0/Android/data/com.boco.apphall/cache/uil-images/3qfbho2se3qtgtzn4nan2j1wi0
05-19 15:55:35.561 E/Cataloger( 1207): syncFile:/storage/emulated/0/Android/data/com.boco.apphall/cache/uil-images
05-19 15:55:35.561 E/Cataloger( 1207): syncFile:/storage/emulated/0/Android/data/com.boco.apphall/cache
05-19 15:55:35.581 E/Cataloger( 1207): syncFile:/storage/emulated/0/Android/data/com.boco.apphall
05-19 15:55:36.131 E/memtrack( 8160): Couldn't load memtrack module (No such file or directory)
05-19 15:55:36.131 E/android.os.Debug( 8160): failed to load memtrack module: -2
05-19 15:55:36.601 E/NetworkScheduler.SR(  703): Invalid parameter app
05-19 15:55:36.601 E/NetworkScheduler.SR(  703): Invalid package name : Perhaps you didn't include a PendingIntent in the extras?
05-19 15:55:37.131 E/Finsky  (  877): [1] com.google.android.finsky.wear.bl.a(847): onConnectionFailed: ConnectionResult{statusCode=API_UNAVAILABLE, resolution=null, message=null}
05-19 15:55:37.241 E/Cataloger( 1207): syncFile:/storage/emulated/0/backups/system/.timestamp
05-19 15:55:37.241 E/Cataloger( 1207): need not sync path:/storage/emulated/0/backups/system/.timestamp
05-19 15:55:37.301 E/Cataloger( 1207): syncFile:/storage/emulated/0/Android/data/com.estrongs.android.pop/recomm/setting.download.tmp.tmp
05-19 15:55:37.301 E/Cataloger( 1207): need not sync path:/storage/emulated/0/Android/data/com.estrongs.android.pop/recomm/setting.download.tmp.tmp
05-19 15:55:37.301 E/Cataloger( 1207): syncFile:/storage/emulated/0/Android/data/com.estrongs.android.pop/recomm/setting.download.tmp.tmp
05-19 15:55:37.301 E/Cataloger( 1207): need not sync path:/storage/emulated/0/Android/data/com.estrongs.android.pop/recomm/setting.download.tmp.tmp
05-19 15:55:37.591 E/cutils-trace( 8160): Error opening trace file: No such file or directory (2)
05-19 15:55:39.121 E/Finsky  (  877): [1] com.google.android.finsky.wear.bl.a(847): onConnectionFailed: ConnectionResult{statusCode=API_UNAVAILABLE, resolution=null, message=null}
05-19 15:55:39.231 E/Cataloger( 1207): syncFile:/storage/emulated/0/Android/data/com.estrongs.android.pop/recomm/setting.download.tmp.tmp
05-19 15:55:39.231 E/Cataloger( 1207): need not sync path:/storage/emulated/0/Android/data/com.estrongs.android.pop/recomm/setting.download.tmp.tmp
05-19 15:55:39.231 E/Cataloger( 1207): syncFile:/storage/emulated/0/Android/data/com.estrongs.android.pop/recomm/setting.download.tmp.tmp
05-19 15:55:39.231 E/Cataloger( 1207): need not sync path:/storage/emulated/0/Android/data/com.estrongs.android.pop/recomm/setting.download.tmp.tmp
05-19 15:55:39.231 E/Cataloger( 1207): syncFile:/storage/emulated/0/Android/data/com.estrongs.android.pop/recomm/setting.download.tmp.tmp
05-19 15:55:39.231 E/Cataloger( 1207): need not sync path:/storage/emulated/0/Android/data/com.estrongs.android.pop/recomm/setting.download.tmp.tmp
05-19 15:55:39.301 E/Cataloger( 1207): syncFile:/storage/emulated/0/Android/data/com.estrongs.android.pop/recomm/setting.download.tmp.tmp
05-19 15:55:39.301 E/Cataloger( 1207): need not sync path:/storage/emulated/0/Android/data/com.estrongs.android.pop/recomm/setting.download.tmp.tmp
05-19 15:55:39.381 E/Cataloger( 1207): 重复删除命令
05-19 15:55:39.381 E/Cataloger( 1207): syncFile:/storage/emulated/0/Android/data/com.estrongs.android.pop/recomm/setting.download.tmp.tmp
05-19 15:55:39.381 E/Cataloger( 1207): need not sync path:/storage/emulated/0/Android/data/com.estrongs.android.pop/recomm/setting.download.tmp.tmp
05-19 15:55:39.381 E/Cataloger( 1207): syncFile:/storage/emulated/0/Android/data/com.estrongs.android.pop/recomm/setting.download.tmp.tmp
05-19 15:55:39.381 E/Cataloger( 1207): need not sync path:/storage/emulated/0/Android/data/com.estrongs.android.pop/recomm/setting.download.tmp.tmp
05-19 15:55:39.461 E/Cataloger( 1207): syncFile:/storage/emulated/0/Android/data/com.estrongs.android.pop/recomm/setting.download.tmp.tmp
05-19 15:55:39.461 E/Cataloger( 1207): need not sync path:/storage/emulated/0/Android/data/com.estrongs.android.pop/recomm/setting.download.tmp.tmp
05-19 15:55:39.461 E/Cataloger( 1207): syncFile:/storage/emulated/0/Android/data/com.estrongs.android.pop/recomm/setting.download.tmp.tmp
05-19 15:55:39.461 E/Cataloger( 1207): need not sync path:/storage/emulated/0/Android/data/com.estrongs.android.pop/recomm/setting.download.tmp.tmp
05-19 15:55:39.461 E/Cataloger( 1207): syncFile:/storage/emulated/0/Android/data/com.estrongs.android.pop/recomm/setting.download.tmp
05-19 15:55:39.461 E/Cataloger( 1207): need not sync path:/storage/emulated/0/Android/data/com.estrongs.android.pop/recomm/setting.download.tmp
05-19 15:55:39.461 E/Cataloger( 1207): syncFile:/storage/emulated/0/Android/data/com.estrongs.android.pop/recomm/setting.download.tmp
05-19 15:55:39.461 E/Cataloger( 1207): need not sync path:/storage/emulated/0/Android/data/com.estrongs.android.pop/recomm/setting.download.tmp
05-19 15:55:41.141 E/memtrack( 8209): Couldn't load memtrack module (No such file or directory)
05-19 15:55:41.141 E/android.os.Debug( 8209): failed to load memtrack module: -2
05-19 15:55:41.971 E/memtrack( 8226): Couldn't load memtrack module (No such file or directory)
05-19 15:55:41.971 E/android.os.Debug( 8226): failed to load memtrack module: -2
05-19 15:55:42.301 E/QueryController( 8209): Got null root node from accessibility - Retrying...
05-19 15:55:42.321 E/Cataloger( 1207): syncFile:/storage/emulated/0/Android/data/com.boco.apphall
05-19 15:55:42.321 E/Cataloger( 1207): 创建一个目录:/storage/emulated/0/Android/data/com.boco.apphall
05-19 15:55:42.321 E/Cataloger( 1207): 扫描新建目录：/storage/emulated/0/Android/data/com.boco.apphall
05-19 15:55:42.321 E/Cataloger( 1207): syncFile:/storage/emulated/0/Android/data/com.boco.apphall/cache
05-19 15:55:42.321 E/Cataloger( 1207): 创建一个目录:/storage/emulated/0/Android/data/com.boco.apphall/cache
05-19 15:55:42.321 E/Cataloger( 1207): 扫描新建目录：/storage/emulated/0/Android/data/com.boco.apphall/cache
05-19 15:55:42.331 E/Cataloger( 1207): syncFile:/storage/emulated/0/Android/data/com.boco.apphall/cache/.nomedia
05-19 15:55:42.331 E/Cataloger( 1207): need not sync path:/storage/emulated/0/Android/data/com.boco.apphall/cache/.nomedia
05-19 15:55:42.331 E/Cataloger( 1207): syncFile:/storage/emulated/0/Android/data/com.boco.apphall/cache/.nomedia
05-19 15:55:42.331 E/Cataloger( 1207): need not sync path:/storage/emulated/0/Android/data/com.boco.apphall/cache/.nomedia
05-19 15:55:42.341 E/Cataloger( 1207): syncFile:/storage/emulated/0/Android/data/com.boco.apphall/cache/uil-images
05-19 15:55:42.341 E/Cataloger( 1207): 创建一个目录:/storage/emulated/0/Android/data/com.boco.apphall/cache/uil-images
05-19 15:55:42.341 E/Cataloger( 1207): 扫描新建目录：/storage/emulated/0/Android/data/com.boco.apphall/cache/uil-images
05-19 15:55:42.341 E/Cataloger( 1207): syncFile:/storage/emulated/0/Android/data/com.boco.apphall/cache/uil-images/journal.tmp
05-19 15:55:42.341 E/Cataloger( 1207): need not sync path:/storage/emulated/0/Android/data/com.boco.apphall/cache/uil-images/journal.tmp
05-19 15:55:42.341 E/Cataloger( 1207): syncFile:/storage/emulated/0/Android/data/com.boco.apphall/cache/uil-images/journal.tmp
05-19 15:55:42.341 E/Cataloger( 1207): need not sync path:/storage/emulated/0/Android/data/com.boco.apphall/cache/uil-images/journal.tmp
05-19 15:55:42.341 E/Cataloger( 1207): syncFile:/storage/emulated/0/Android/data/com.boco.apphall/cache/uil-images/journal.tmp
05-19 15:55:42.341 E/Cataloger( 1207): need not sync path:/storage/emulated/0/Android/data/com.boco.apphall/cache/uil-images/journal.tmp
05-19 15:55:42.351 E/Cataloger( 1207): syncFile:/storage/emulated/0/Android/data/com.boco.apphall/cache/uil-images/journal
05-19 15:55:42.351 E/Cataloger( 1207): need not sync path:/storage/emulated/0/Android/data/com.boco.apphall/cache/uil-images/journal
05-19 15:55:42.551 E/QueryController( 8209): Got null root node from accessibility - Retrying...
05-19 15:55:42.721 E/cutils-trace( 8226): Error opening trace file: No such file or directory (2)
05-19 15:55:43.651 E/cutils-trace( 8259): Error opening trace file: No such file or directory (2)
05-19 15:55:44.481 E/AccessibilityNodeInfoCache( 8209): Node from: 179 not from:178 android.view.accessibility.AccessibilityNodeInfo@cb4a; boundsInParent: Rect(0, 0 - 900, 1440); boundsInScreen: Rect(0, 0 - 900, 1440); packageName: com.boco.apphall; className: android.widget.FrameLayout; text: null; contentDescription: null; viewIdResName: null; checkable: false; checked: false; focusable: false; focused: false; selected: false; clickable: false; longClickable: false; enabled: true; password: false; scrollable: false; [ACTION_SELECT, ACTION_CLEAR_SELECTION, ACTION_ACCESSIBILITY_FOCUS]
05-19 15:55:44.481 E/AccessibilityNodeInfoCache( 8209): Node from: 179 not from:178 android.view.accessibility.AccessibilityNodeInfo@cf0b; boundsInParent: Rect(0, 0 - 680, 121); boundsInScreen: Rect(150, 623 - 830, 744); packageName: com.boco.apphall; className: android.widget.EditText; text: 请输入账号; contentDescription: null; viewIdResName: com.boco.apphall:id/username; checkable: false; checked: false; focusable: true; focused: true; selected: false; clickable: true; longClickable: true; enabled: true; password: false; scrollable: false; [ACTION_CLEAR_FOCUS, ACTION_SELECT, ACTION_CLEAR_SELECTION, ACTION_CLICK, ACTION_LONG_CLICK, ACTION_ACCESSIBILITY_FOCUS]
05-19 15:55:44.481 E/AccessibilityNodeInfoCache( 8209): Node from: 179 not from:178 android.view.accessibility.AccessibilityNodeInfo@d2cc; boundsInParent: Rect(0, 0 - 900, 60); boundsInScreen: Rect(0, 381 - 900, 441); packageName: com.boco.apphall; className: android.widget.TextView; text: 掌上运维管理平台; contentDescription: null; viewIdResName: null; checkable: false; checked: false; focusable: false; focused: false; selected: false; clickable: false; longClickable: false; enabled: true; password: false; scrollable: false; [ACTION_SELECT, ACTION_CLEAR_SELECTION, ACTION_ACCESSIBILITY_FOCUS, ACTION_NEXT_AT_MOVEMENT_GRANULARITY, ACTION_PREVIOUS_AT_MOVEMENT_GRANULARITY, ACTION_SET_SELECTION]
05-19 15:55:44.481 E/AccessibilityNodeInfoCache( 8209): Node from: 179 not from:178 android.view.accessibility.AccessibilityNodeInfo@d68d; boundsInParent: Rect(0, 0 - 680, 121); boundsInScreen: Rect(150, 744 - 830, 865); packageName: com.boco.apphall; className: android.widget.EditText; text: null; contentDescription: null; viewIdResName: com.boco.apphall:id/password; checkable: false; checked: false; focusable: true; focused: false; selected: false; clickable: true; longClickable: true; enabled: true; password: true; scrollable: false; [ACTION_FOCUS, ACTION_SELECT, ACTION_CLEAR_SELECTION, ACTION_CLICK, ACTION_LONG_CLICK, ACTION_ACCESSIBILITY_FOCUS]
05-19 15:55:44.481 E/AccessibilityNodeInfoCache( 8209): Node from: 179 not from:178 android.view.accessibility.AccessibilityNodeInfo@da4e; boundsInParent: Rect(0, 0 - 143, 43); boundsInScreen: Rect(70, 915 - 213, 958); packageName: com.boco.apphall; className: android.widget.CheckBox; text: 忘记密码?; contentDescription: null; viewIdResName: com.boco.apphall:id/forget_password; checkable: true; checked: false; focusable: true; focused: false; selected: false; clickable: true; longClickable: false; enabled: true; password: false; scrollable: false; [ACTION_FOCUS, ACTION_SELECT, ACTION_CLEAR_SELECTION, ACTION_CLICK, ACTION_ACCESSIBILITY_FOCUS, ACTION_NEXT_AT_MOVEMENT_GRANULARITY, ACTION_PREVIOUS_AT_MOVEMENT_GRANULARITY, ACTION_SET_SELECTION]
05-19 15:55:44.481 E/AccessibilityNodeInfoCache( 8209): Node from: 179 not from:178 android.view.accessibility.AccessibilityNodeInfo@de0f; boundsInParent: Rect(0, 0 - 181, 43); boundsInScreen: Rect(649, 915 - 830, 958); packageName: com.boco.apphall; className: android.widget.CheckBox; text: 记住密码; contentDescription: null; viewIdResName: com.boco.apphall:id/rememberPwd; checkable: true; checked: false; focusable: true; focused: false; selected: false; clickable: true; longClickable: false; enabled: true; password: false; scrollable: false; [ACTION_FOCUS, ACTION_SELECT, ACTION_CLEAR_SELECTION, ACTION_CLICK, ACTION_ACCESSIBILITY_FOCUS, ACTION_NEXT_AT_MOVEMENT_GRANULARITY, ACTION_PREVIOUS_AT_MOVEMENT_GRANULARITY, ACTION_SET_SELECTION]
05-19 15:55:44.481 E/AccessibilityNodeInfoCache( 8209): Node from: 179 not from:178 android.view.accessibility.AccessibilityNodeInfo@e1d0; boundsInParent: Rect(0, 0 - 572, 80); boundsInScreen: Rect(164, 1089 - 736, 1169); packageName: com.boco.apphall; className: android.widget.Button; text: 登录; contentDescription: null; viewIdResName: com.boco.apphall:id/login_btn; checkable: false; checked: false; focusable: true; focused: false; selected: false; clickable: true; longClickable: false; enabled: true; password: false; scrollable: false; [ACTION_FOCUS, ACTION_SELECT, ACTION_CLEAR_SELECTION, ACTION_CLICK, ACTION_ACCESSIBILITY_FOCUS, ACTION_NEXT_AT_MOVEMENT_GRANULARITY, ACTION_PREVIOUS_AT_MOVEMENT_GRANULARITY, ACTION_SET_SELECTION]
05-19 15:55:44.481 E/AccessibilityNodeInfoCache( 8209): Node from: 179 not from:178 android.view.accessibility.AccessibilityNodeInfo@e591; boundsInParent: Rect(0, 0 - 900, 60); boundsInScreen: Rect(0, 1360 - 900, 1420); packageName: com.boco.apphall; className: android.widget.TextView; text: 中国移动通信集团广西有限公司; contentDescription: null; viewIdResName: null; checkable: false; checked: false; focusable: false; focused: false; selected: false; clickable: false; longClickable: false; enabled: true; password: false; scrollable: false; [ACTION_SELECT, ACTION_CLEAR_SELECTION, ACTION_ACCESSIBILITY_FOCUS, ACTION_NEXT_AT_MOVEMENT_GRANULARITY, ACTION_PREVIOUS_AT_MOVEMENT_GRANULARITY, ACTION_SET_SELECTION]
05-19 15:55:44.481 E/AccessibilityNodeInfoCache( 8209): Node from: 179 not from:178 android.view.accessibility.AccessibilityNodeInfo@e952; boundsInParent: Rect(0, 0 - 900, 1440); boundsInScreen: Rect(0, 0 - 900, 1440); packageName: com.boco.apphall; className: android.widget.LinearLayout; text: null; contentDescription: null; viewIdResName: null; checkable: false; checked: false; focusable: false; focused: false; selected: false; clickable: false; longClickable: false; enabled: true; password: false; scrollable: false; [ACTION_SELECT, ACTION_CLEAR_SELECTION, ACTION_ACCESSIBILITY_FOCUS]
05-19 15:55:44.481 E/AccessibilityNodeInfoCache( 8209): Node from: 179 not from:178 android.view.accessibility.AccessibilityNodeInfo@ed13; boundsInParent: Rect(0, 0 - 900, 1390); boundsInScreen: Rect(0, 50 - 900, 1440); packageName: com.boco.apphall; className: android.widget.FrameLayout; text: null; contentDescription: null; viewIdResName: android:id/content; checkable: false; checked: false; focusable: false; focused: false; selected: false; clickable: false; longClickable: false; enabled: true; password: false; scrollable: false; [ACTION_SELECT, ACTION_CLEAR_SELECTION, ACTION_ACCESSIBILITY_FOCUS]
05-19 15:55:44.481 E/AccessibilityNodeInfoCache( 8209): Node from: 179 not from:178 android.view.accessibility.AccessibilityNodeInfo@f0d4; boundsInParent: Rect(0, 0 - 900, 1390); boundsInScreen: Rect(0, 50 - 900, 1440); packageName: com.boco.apphall; className: android.widget.LinearLayout; text: null; contentDescription: null; viewIdResName: null; checkable: false; checked: false; focusable: false; focused: false; selected: false; clickable: false; longClickable: false; enabled: true; password: false; scrollable: false; [ACTION_SELECT, ACTION_CLEAR_SELECTION, ACTION_ACCESSIBILITY_FOCUS]
05-19 15:55:44.481 E/AccessibilityNodeInfoCache( 8209): Node from: 179 not from:178 android.view.accessibility.AccessibilityNodeInfo@f495; boundsInParent: Rect(0, 0 - 900, 463); boundsInScreen: Rect(0, 50 - 900, 513); packageName: com.boco.apphall; className: android.widget.RelativeLayout; text: null; contentDescription: null; viewIdResName: null; checkable: false; checked: false; focusable: false; focused: false; selected: false; clickable: false; longClickable: false; enabled: true; password: false; scrollable: false; [ACTION_SELECT, ACTION_CLEAR_SELECTION, ACTION_ACCESSIBILITY_FOCUS]
05-19 15:55:44.481 E/AccessibilityNodeInfoCache( 8209): Node from: 179 not from:178 android.view.accessibility.AccessibilityNodeInfo@f856; boundsInParent: Rect(0, 0 - 900, 556); boundsInScreen: Rect(0, 513 - 900, 1069); packageName: com.boco.apphall; className: android.widget.RelativeLayout; text: null; contentDescription: null; viewIdResName: null; checkable: false; checked: false; focusable: false; focused: false; selected: false; clickable: false; longClickable: false; enabled: true; password: false; scrollable: false; [ACTION_SELECT, ACTION_CLEAR_SELECTION, ACTION_ACCESSIBILITY_FOCUS]
05-19 15:55:44.481 E/AccessibilityNodeInfoCache( 8209): Node from: 179 not from:178 android.view.accessibility.AccessibilityNodeInfo@fc17; boundsInParent: Rect(0, 0 - 900, 371); boundsInScreen: Rect(0, 1069 - 900, 1440); packageName: com.boco.apphall; className: android.widget.RelativeLayout; text: null; contentDescription: null; viewIdResName: null; checkable: false; checked: false; focusable: false; focused: false; selected: false; clickable: false; longClickable: false; enabled: true; password: false; scrollable: false; [ACTION_SELECT, ACTION_CLEAR_SELECTION, ACTION_ACCESSIBILITY_FOCUS]
05-19 15:55:44.481 E/AccessibilityNodeInfoCache( 8209): Node from: 179 not from:178 android.view.accessibility.AccessibilityNodeInfo@ffd8; boundsInParent: Rect(0, 0 - 200, 200); boundsInScreen: Rect(350, 181 - 550, 381); packageName: com.boco.apphall; className: android.widget.ImageView; text: null; contentDescription: null; viewIdResName: com.boco.apphall:id/logo; checkable: false; checked: false; focusable: false; focused: false; selected: false; clickable: false; longClickable: false; enabled: true; password: false; scrollable: false; [ACTION_SELECT, ACTION_CLEAR_SELECTION, ACTION_ACCESSIBILITY_FOCUS]
05-19 15:55:44.481 E/AccessibilityNodeInfoCache( 8209): Node from: 179 not from:178 android.view.accessibility.AccessibilityNodeInfo@10399; boundsInParent: Rect(0, 0 - 760, 121); boundsInScreen: Rect(70, 623 - 830, 744); packageName: com.boco.apphall; className: android.widget.RelativeLayout; text: null; contentDescription: null; viewIdResName: com.boco.apphall:id/userLayout; checkable: false; checked: false; focusable: false; focused: false; selected: false; clickable: false; longClickable: false; enabled: true; password: false; scrollable: false; [ACTION_SELECT, ACTION_CLEAR_SELECTION, ACTION_ACCESSIBILITY_FOCUS]
05-19 15:55:44.481 E/AccessibilityNodeInfoCache( 8209): Node from: 179 not from:178 android.view.accessibility.AccessibilityNodeInfo@1075a; boundsInParent: Rect(0, 0 - 760, 121); boundsInScreen: Rect(70, 744 - 830, 865); packageName: com.boco.apphall; className: android.widget.RelativeLayout; text: null; contentDescription: null; viewIdResName: com.boco.apphall:id/passLayout; checkable: false; checked: false; focusable: false; focused: false; selected: false; clickable: false; longClickable: false; enabled: true; password: false; scrollable: false; [ACTION_SELECT, ACTION_CLEAR_SELECTION, ACTION_ACCESSIBILITY_FOCUS]
05-19 15:55:44.481 E/AccessibilityNodeInfoCache( 8209): Node from: 179 not from:178 android.view.accessibility.AccessibilityNodeInfo@10b1b; boundsInParent: Rect(0, 0 - 80, 70); boundsInScreen: Rect(70, 623 - 150, 693); packageName: com.boco.apphall; className: android.widget.ImageView; text: null; contentDescription: null; viewIdResName: com.boco.apphall:id/userImage; checkable: false; checked: false; focusable: false; focused: false; selected: false; clickable: false; longClickable: false; enabled: true; password: false; scrollable: false; [ACTION_SELECT, ACTION_CLEAR_SELECTION, ACTION_ACCESSIBILITY_FOCUS]
05-19 15:55:44.481 E/AccessibilityNodeInfoCache( 8209): Node from: 179 not from:178 android.view.accessibility.AccessibilityNodeInfo@10edc; boundsInParent: Rect(0, 0 - 80, 70); boundsInScreen: Rect(70, 744 - 150, 814); packageName: com.boco.apphall; className: android.widget.ImageView; text: null; contentDescription: null; viewIdResName: com.boco.apphall:id/userPassword; checkable: false; checked: false; focusable: false; focused: false; selected: false; clickable: false; longClickable: false; enabled: true; password: false; scrollable: false; [ACTION_SELECT, ACTION_CLEAR_SELECTION, ACTION_ACCESSIBILITY_FOCUS]
05-19 15:55:44.481 E/AccessibilityNodeInfoCache( 8209): Node from: 179 not from:178 android.view.accessibility.AccessibilityNodeInfo@cb4a; boundsInParent: Rect(0, 0 - 900, 1440); boundsInScreen: Rect(0, 0 - 900, 1440); packageName: com.boco.apphall; className: android.widget.FrameLayout; text: null; contentDescription: null; viewIdResName: null; checkable: false; checked: false; focusable: false; focused: false; selected: false; clickable: false; longClickable: false; enabled: true; password: false; scrollable: false; [ACTION_SELECT, ACTION_CLEAR_SELECTION, ACTION_ACCESSIBILITY_FOCUS]
05-19 15:55:44.481 E/AccessibilityNodeInfoCache( 8209): Node from: 179 not from:178 android.view.accessibility.AccessibilityNodeInfo@cf0b; boundsInParent: Rect(0, 0 - 680, 121); boundsInScreen: Rect(150, 623 - 830, 744); packageName: com.boco.apphall; className: android.widget.EditText; text: 请输入账号; contentDescription: null; viewIdResName: com.boco.apphall:id/username; checkable: false; checked: false; focusable: true; focused: true; selected: false; clickable: true; longClickable: true; enabled: true; password: false; scrollable: false; [ACTION_CLEAR_FOCUS, ACTION_SELECT, ACTION_CLEAR_SELECTION, ACTION_CLICK, ACTION_LONG_CLICK, ACTION_ACCESSIBILITY_FOCUS]
05-19 15:55:44.481 E/AccessibilityNodeInfoCache( 8209): Node from: 179 not from:178 android.view.accessibility.AccessibilityNodeInfo@d2cc; boundsInParent: Rect(0, 0 - 900, 60); boundsInScreen: Rect(0, 381 - 900, 441); packageName: com.boco.apphall; className: android.widget.TextView; text: 掌上运维管理平台; contentDescription: null; viewIdResName: null; checkable: false; checked: false; focusable: false; focused: false; selected: false; clickable: false; longClickable: false; enabled: true; password: false; scrollable: false; [ACTION_SELECT, ACTION_CLEAR_SELECTION, ACTION_ACCESSIBILITY_FOCUS, ACTION_NEXT_AT_MOVEMENT_GRANULARITY, ACTION_PREVIOUS_AT_MOVEMENT_GRANULARITY, ACTION_SET_SELECTION]
05-19 15:55:44.481 E/AccessibilityNodeInfoCache( 8209): Node from: 179 not from:178 android.view.accessibility.AccessibilityNodeInfo@d68d; boundsInParent: Rect(0, 0 - 680, 121); boundsInScreen: Rect(150, 744 - 830, 865); packageName: com.boco.apphall; className: android.widget.EditText; text: null; contentDescription: null; viewIdResName: com.boco.apphall:id/password; checkable: false; checked: false; focusable: true; focused: false; selected: false; clickable: true; longClickable: true; enabled: true; password: true; scrollable: false; [ACTION_FOCUS, ACTION_SELECT, ACTION_CLEAR_SELECTION, ACTION_CLICK, ACTION_LONG_CLICK, ACTION_ACCESSIBILITY_FOCUS]
05-19 15:55:44.481 E/AccessibilityNodeInfoCache( 8209): Node from: 179 not from:178 android.view.accessibility.AccessibilityNodeInfo@da4e; boundsInParent: Rect(0, 0 - 143, 43); boundsInScreen: Rect(70, 915 - 213, 958); packageName: com.boco.apphall; className: android.widget.CheckBox; text: 忘记密码?; contentDescription: null; viewIdResName: com.boco.apphall:id/forget_password; checkable: true; checked: false; focusable: true; focused: false; selected: false; clickable: true; longClickable: false; enabled: true; password: false; scrollable: false; [ACTION_FOCUS, ACTION_SELECT, ACTION_CLEAR_SELECTION, ACTION_CLICK, ACTION_ACCESSIBILITY_FOCUS, ACTION_NEXT_AT_MOVEMENT_GRANULARITY, ACTION_PREVIOUS_AT_MOVEMENT_GRANULARITY, ACTION_SET_SELECTION]
05-19 15:55:44.481 E/AccessibilityNodeInfoCache( 8209): Node from: 179 not from:178 android.view.accessibility.AccessibilityNodeInfo@de0f; boundsInParent: Rect(0, 0 - 181, 43); boundsInScreen: Rect(649, 915 - 830, 958); packageName: com.boco.apphall; className: android.widget.CheckBox; text: 记住密码; contentDescription: null; viewIdResName: com.boco.apphall:id/rememberPwd; checkable: true; checked: false; focusable: true; focused: false; selected: false; clickable: true; longClickable: false; enabled: true; password: false; scrollable: false; [ACTION_FOCUS, ACTION_SELECT, ACTION_CLEAR_SELECTION, ACTION_CLICK, ACTION_ACCESSIBILITY_FOCUS, ACTION_NEXT_AT_MOVEMENT_GRANULARITY, ACTION_PREVIOUS_AT_MOVEMENT_GRANULARITY, ACTION_SET_SELECTION]
05-19 15:55:44.481 E/AccessibilityNodeInfoCache( 8209): Node from: 179 not from:178 android.view.accessibility.AccessibilityNodeInfo@e1d0; boundsInParent: Rect(0, 0 - 572, 80); boundsInScreen: Rect(164, 1089 - 736, 1169); packageName: com.boco.apphall; className: android.widget.Button; text: 登录; contentDescription: null; viewIdResName: com.boco.apphall:id/login_btn; checkable: false; checked: false; focusable: true; focused: false; selected: false; clickable: true; longClickable: false; enabled: true; password: false; scrollable: false; [ACTION_FOCUS, ACTION_SELECT, ACTION_CLEAR_SELECTION, ACTION_CLICK, ACTION_ACCESSIBILITY_FOCUS, ACTION_NEXT_AT_MOVEMENT_GRANULARITY, ACTION_PREVIOUS_AT_MOVEMENT_GRANULARITY, ACTION_SET_SELECTION]
05-19 15:55:44.481 E/AccessibilityNodeInfoCache( 8209): Node from: 179 not from:178 android.view.accessibility.AccessibilityNodeInfo@e591; boundsInParent: Rect(0, 0 - 900, 60); boundsInScreen: Rect(0, 1360 - 900, 1420); packageName: com.boco.apphall; className: android.widget.TextView; text: 中国移动通信集团广西有限公司; contentDescription: null; viewIdResName: null; checkable: false; checked: false; focusable: false; focused: false; selected: false; clickable: false; longClickable: false; enabled: true; password: false; scrollable: false; [ACTION_SELECT, ACTION_CLEAR_SELECTION, ACTION_ACCESSIBILITY_FOCUS, ACTION_NEXT_AT_MOVEMENT_GRANULARITY, ACTION_PREVIOUS_AT_MOVEMENT_GRANULARITY, ACTION_SET_SELECTION]
05-19 15:55:44.481 E/AccessibilityNodeInfoCache( 8209): Node from: 179 not from:178 android.view.accessibility.AccessibilityNodeInfo@e952; boundsInParent: Rect(0, 0 - 900, 1440); boundsInScreen: Rect(0, 0 - 900, 1440); packageName: com.boco.apphall; className: android.widget.LinearLayout; text: null; contentDescription: null; viewIdResName: null; checkable: false; checked: false; focusable: false; focused: false; selected: false; clickable: false; longClickable: false; enabled: true; password: false; scrollable: false; [ACTION_SELECT, ACTION_CLEAR_SELECTION, ACTION_ACCESSIBILITY_FOCUS]
05-19 15:55:44.481 E/AccessibilityNodeInfoCache( 8209): Node from: 179 not from:178 android.view.accessibility.AccessibilityNodeInfo@ed13; boundsInParent: Rect(0, 0 - 900, 1390); boundsInScreen: Rect(0, 50 - 900, 1440); packageName: com.boco.apphall; className: android.widget.FrameLayout; text: null; contentDescription: null; viewIdResName: android:id/content; checkable: false; checked: false; focusable: false; focused: false; selected: false; clickable: false; longClickable: false; enabled: true; password: false; scrollable: false; [ACTION_SELECT, ACTION_CLEAR_SELECTION, ACTION_ACCESSIBILITY_FOCUS]
05-19 15:55:44.481 E/AccessibilityNodeInfoCache( 8209): Node from: 179 not from:178 android.view.accessibility.AccessibilityNodeInfo@f0d4; boundsInParent: Rect(0, 0 - 900, 1390); boundsInScreen: Rect(0, 50 - 900, 1440); packageName: com.boco.apphall; className: android.widget.LinearLayout; text: null; contentDescription: null; viewIdResName: null; checkable: false; checked: false; focusable: false; focused: false; selected: false; clickable: false; longClickable: false; enabled: true; password: false; scrollable: false; [ACTION_SELECT, ACTION_CLEAR_SELECTION, ACTION_ACCESSIBILITY_FOCUS]
05-19 15:55:44.481 E/AccessibilityNodeInfoCache( 8209): Node from: 179 not from:178 android.view.accessibility.AccessibilityNodeInfo@f495; boundsInParent: Rect(0, 0 - 900, 463); boundsInScreen: Rect(0, 50 - 900, 513); packageName: com.boco.apphall; className: android.widget.RelativeLayout; text: null; contentDescription: null; viewIdResName: null; checkable: false; checked: false; focusable: false; focused: false; selected: false; clickable: false; longClickable: false; enabled: true; password: false; scrollable: false; [ACTION_SELECT, ACTION_CLEAR_SELECTION, ACTION_ACCESSIBILITY_FOCUS]
05-19 15:55:44.481 E/AccessibilityNodeInfoCache( 8209): Node from: 179 not from:178 android.view.accessibility.AccessibilityNodeInfo@f856; boundsInParent: Rect(0, 0 - 900, 556); boundsInScreen: Rect(0, 513 - 900, 1069); packageName: com.boco.apphall; className: android.widget.RelativeLayout; text: null; contentDescription: null; viewIdResName: null; checkable: false; checked: false; focusable: false; focused: false; selected: false; clickable: false; longClickable: false; enabled: true; password: false; scrollable: false; [ACTION_SELECT, ACTION_CLEAR_SELECTION, ACTION_ACCESSIBILITY_FOCUS]
05-19 15:55:44.481 E/AccessibilityNodeInfoCache( 8209): Node from: 179 not from:178 android.view.accessibility.AccessibilityNodeInfo@fc17; boundsInParent: Rect(0, 0 - 900, 371); boundsInScreen: Rect(0, 1069 - 900, 1440); packageName: com.boco.apphall; className: android.widget.RelativeLayout; text: null; contentDescription: null; viewIdResName: null; checkable: false; checked: false; focusable: false; focused: false; selected: false; clickable: false; longClickable: false; enabled: true; password: false; scrollable: false; [ACTION_SELECT, ACTION_CLEAR_SELECTION, ACTION_ACCESSIBILITY_FOCUS]
05-19 15:55:44.481 E/AccessibilityNodeInfoCache( 8209): Node from: 179 not from:178 android.view.accessibility.AccessibilityNodeInfo@ffd8; boundsInParent: Rect(0, 0 - 200, 200); boundsInScreen: Rect(350, 181 - 550, 381); packageName: com.boco.apphall; className: android.widget.ImageView; text: null; contentDescription: null; viewIdResName: com.boco.apphall:id/logo; checkable: false; checked: false; focusable: false; focused: false; selected: false; clickable: false; longClickable: false; enabled: true; password: false; scrollable: false; [ACTION_SELECT, ACTION_CLEAR_SELECTION, ACTION_ACCESSIBILITY_FOCUS]
05-19 15:55:44.481 E/AccessibilityNodeInfoCache( 8209): Node from: 179 not from:178 android.view.accessibility.AccessibilityNodeInfo@10399; boundsInParent: Rect(0, 0 - 760, 121); boundsInScreen: Rect(70, 623 - 830, 744); packageName: com.boco.apphall; className: android.widget.RelativeLayout; text: null; contentDescription: null; viewIdResName: com.boco.apphall:id/userLayout; checkable: false; checked: false; focusable: false; focused: false; selected: false; clickable: false; longClickable: false; enabled: true; password: false; scrollable: false; [ACTION_SELECT, ACTION_CLEAR_SELECTION, ACTION_ACCESSIBILITY_FOCUS]
05-19 15:55:44.481 E/AccessibilityNodeInfoCache( 8209): Node from: 179 not from:178 android.view.accessibility.AccessibilityNodeInfo@1075a; boundsInParent: Rect(0, 0 - 760, 121); boundsInScreen: Rect(70, 744 - 830, 865); packageName: com.boco.apphall; className: android.widget.RelativeLayout; text: null; contentDescription: null; viewIdResName: com.boco.apphall:id/passLayout; checkable: false; checked: false; focusable: false; focused: false; selected: false; clickable: false; longClickable: false; enabled: true; password: false; scrollable: false; [ACTION_SELECT, ACTION_CLEAR_SELECTION, ACTION_ACCESSIBILITY_FOCUS]
05-19 15:55:44.481 E/AccessibilityNodeInfoCache( 8209): Node from: 179 not from:178 android.view.accessibility.AccessibilityNodeInfo@10b1b; boundsInParent: Rect(0, 0 - 80, 70); boundsInScreen: Rect(70, 623 - 150, 693); packageName: com.boco.apphall; className: android.widget.ImageView; text: null; contentDescription: null; viewIdResName: com.boco.apphall:id/userImage; checkable: false; checked: false; focusable: false; focused: false; selected: false; clickable: false; longClickable: false; enabled: true; password: false; scrollable: false; [ACTION_SELECT, ACTION_CLEAR_SELECTION, ACTION_ACCESSIBILITY_FOCUS]
05-19 15:55:44.481 E/AccessibilityNodeInfoCache( 8209): Node from: 179 not from:178 android.view.accessibility.AccessibilityNodeInfo@10edc; boundsInParent: Rect(0, 0 - 80, 70); boundsInScreen: Rect(70, 744 - 150, 814); packageName: com.boco.apphall; className: android.widget.ImageView; text: null; contentDescription: null; viewIdResName: com.boco.apphall:id/userPassword; checkable: false; checked: false; focusable: false; focused: false; selected: false; clickable: false; longClickable: false; enabled: true; password: false; scrollable: false; [ACTION_SELECT, ACTION_CLEAR_SELECTION, ACTION_ACCESSIBILITY_FOCUS]
05-19 15:55:44.491 E/AccessibilityNodeInfoCache( 8209): Node from: 179 not from:178 android.view.accessibility.AccessibilityNodeInfo@cb4a; boundsInParent: Rect(0, 0 - 900, 1440); boundsInScreen: Rect(0, 0 - 900, 1440); packageName: com.boco.apphall; className: android.widget.FrameLayout; text: null; contentDescription: null; viewIdResName: null; checkable: false; checked: false; focusable: false; focused: false; selected: false; clickable: false; longClickable: false; enabled: true; password: false; scrollable: false; [ACTION_SELECT, ACTION_CLEAR_SELECTION, ACTION_ACCESSIBILITY_FOCUS]
05-19 15:55:44.491 E/AccessibilityNodeInfoCache( 8209): Node from: 179 not from:178 android.view.accessibility.AccessibilityNodeInfo@cf0b; boundsInParent: Rect(0, 0 - 680, 121); boundsInScreen: Rect(150, 623 - 830, 744); packageName: com.boco.apphall; className: android.widget.EditText; text: 请输入账号; contentDescription: null; viewIdResName: com.boco.apphall:id/username; checkable: false; checked: false; focusable: true; focused: true; selected: false; clickable: true; longClickable: true; enabled: true; password: false; scrollable: false; [ACTION_CLEAR_FOCUS, ACTION_SELECT, ACTION_CLEAR_SELECTION, ACTION_CLICK, ACTION_LONG_CLICK, ACTION_ACCESSIBILITY_FOCUS]
05-19 15:55:44.491 E/AccessibilityNodeInfoCache( 8209): Node from: 179 not from:178 android.view.accessibility.AccessibilityNodeInfo@d2cc; boundsInParent: Rect(0, 0 - 900, 60); boundsInScreen: Rect(0, 381 - 900, 441); packageName: com.boco.apphall; className: android.widget.TextView; text: 掌上运维管理平台; contentDescription: null; viewIdResName: null; checkable: false; checked: false; focusable: false; focused: false; selected: false; clickable: false; longClickable: false; enabled: true; password: false; scrollable: false; [ACTION_SELECT, ACTION_CLEAR_SELECTION, ACTION_ACCESSIBILITY_FOCUS, ACTION_NEXT_AT_MOVEMENT_GRANULARITY, ACTION_PREVIOUS_AT_MOVEMENT_GRANULARITY, ACTION_SET_SELECTION]
05-19 15:55:44.491 E/AccessibilityNodeInfoCache( 8209): Node from: 179 not from:178 android.view.accessibility.AccessibilityNodeInfo@d68d; boundsInParent: Rect(0, 0 - 680, 121); boundsInScreen: Rect(150, 744 - 830, 865); packageName: com.boco.apphall; className: android.widget.EditText; text: null; contentDescription: null; viewIdResName: com.boco.apphall:id/password; checkable: false; checked: false; focusable: true; focused: false; selected: false; clickable: true; longClickable: true; enabled: true; password: true; scrollable: false; [ACTION_FOCUS, ACTION_SELECT, ACTION_CLEAR_SELECTION, ACTION_CLICK, ACTION_LONG_CLICK, ACTION_ACCESSIBILITY_FOCUS]
05-19 15:55:44.491 E/AccessibilityNodeInfoCache( 8209): Node from: 179 not from:178 android.view.accessibility.AccessibilityNodeInfo@da4e; boundsInParent: Rect(0, 0 - 143, 43); boundsInScreen: Rect(70, 915 - 213, 958); packageName: com.boco.apphall; className: android.widget.CheckBox; text: 忘记密码?; contentDescription: null; viewIdResName: com.boco.apphall:id/forget_password; checkable: true; checked: false; focusable: true; focused: false; selected: false; clickable: true; longClickable: false; enabled: true; password: false; scrollable: false; [ACTION_FOCUS, ACTION_SELECT, ACTION_CLEAR_SELECTION, ACTION_CLICK, ACTION_ACCESSIBILITY_FOCUS, ACTION_NEXT_AT_MOVEMENT_GRANULARITY, ACTION_PREVIOUS_AT_MOVEMENT_GRANULARITY, ACTION_SET_SELECTION]
05-19 15:55:44.491 E/AccessibilityNodeInfoCache( 8209): Node from: 179 not from:178 android.view.accessibility.AccessibilityNodeInfo@de0f; boundsInParent: Rect(0, 0 - 181, 43); boundsInScreen: Rect(649, 915 - 830, 958); packageName: com.boco.apphall; className: android.widget.CheckBox; text: 记住密码; contentDescription: null; viewIdResName: com.boco.apphall:id/rememberPwd; checkable: true; checked: false; focusable: true; focused: false; selected: false; clickable: true; longClickable: false; enabled: true; password: false; scrollable: false; [ACTION_FOCUS, ACTION_SELECT, ACTION_CLEAR_SELECTION, ACTION_CLICK, ACTION_ACCESSIBILITY_FOCUS, ACTION_NEXT_AT_MOVEMENT_GRANULARITY, ACTION_PREVIOUS_AT_MOVEMENT_GRANULARITY, ACTION_SET_SELECTION]
