05-18 16:25:27.835 E/GPSManager( 4132): Location changed : Lat: 40.00125 Lng: 105.56358166666665
05-18 16:25:28.835 E/GPSManager( 4132): Location changed : Lat: 40.00125 Lng: 105.56358166666665
05-18 16:25:29.835 E/GPSManager( 4132): Location changed : Lat: 40.00125 Lng: 105.56358166666665
05-18 16:25:30.225 E/memtrack( 4467): Couldn't load memtrack module (No such file or directory)
05-18 16:25:30.225 E/android.os.Debug( 4467): failed to load memtrack module: -2
05-18 16:25:30.275 E/cutils-trace( 4467): Error opening trace file: No such file or directory (2)
05-18 16:25:30.845 E/GPSManager( 4132): Location changed : Lat: 40.00125 Lng: 105.56358166666665
05-18 16:25:31.365 E/memtrack( 4479): Couldn't load memtrack module (No such file or directory)
05-18 16:25:31.365 E/android.os.Debug( 4479): failed to load memtrack module: -2
05-18 16:25:31.435 E/cutils-trace( 4479): Error opening trace file: No such file or directory (2)
05-18 16:25:31.845 E/GPSManager( 4132): Location changed : Lat: 40.00125 Lng: 105.56358166666665
05-18 16:25:32.615 E/memtrack( 4491): Couldn't load memtrack module (No such file or directory)
05-18 16:25:32.615 E/android.os.Debug( 4491): failed to load memtrack module: -2
05-18 16:25:32.755 E/Cataloger( 1238): 
05-18 16:25:32.755 E/Cataloger( 1238): syncFile:/storage/emulated/0/Android/data/com.boco.apphall/cache/uil-images/57gbxefr6ynwpq4ho1je8qmfo0
05-18 16:25:32.765 E/Cataloger( 1238): need not sync path:/storage/emulated/0/Android/data/com.boco.apphall/cache/uil-images/57gbxefr6ynwpq4ho1je8qmfo0
05-18 16:25:32.775 E/Cataloger( 1238): 
05-18 16:25:32.775 E/Cataloger( 1238): 
05-18 16:25:32.775 E/Cataloger( 1238): 
05-18 16:25:32.785 E/Cataloger( 1238): 
05-18 16:25:32.785 E/Cataloger( 1238): 
05-18 16:25:32.795 E/Cataloger( 1238): 
05-18 16:25:32.795 E/Cataloger( 1238): 
05-18 16:25:32.795 E/Cataloger( 1238): 
05-18 16:25:32.805 E/Cataloger( 1238): 
05-18 16:25:32.805 E/Cataloger( 1238): 
05-18 16:25:32.805 E/Cataloger( 1238): syncFile:/storage/emulated/0/Android/data/com.boco.apphall/cache/uil-images/692qxwcqm0v50o6d686e2v3o30
05-18 16:25:32.815 E/Cataloger( 1238): need not sync path:/storage/emulated/0/Android/data/com.boco.apphall/cache/uil-images/692qxwcqm0v50o6d686e2v3o30
05-18 16:25:32.815 E/Cataloger( 1238): 
05-18 16:25:32.825 E/Cataloger( 1238): 
05-18 16:25:32.825 E/Cataloger( 1238): 
05-18 16:25:32.835 E/Cataloger( 1238): 
05-18 16:25:32.855 E/cutils-trace( 4491): Error opening trace file: No such file or directory (2)
05-18 16:25:32.865 E/GPSManager( 4132): Location changed : Lat: 40.00125 Lng: 105.56358166666665
05-18 16:25:33.855 E/GPSManager( 4132): Location changed : Lat: 40.00125 Lng: 105.56358166666665
05-18 16:25:34.075 E/memtrack( 4515): Couldn't load memtrack module (No such file or directory)
05-18 16:25:34.075 E/android.os.Debug( 4515): failed to load memtrack module: -2
05-18 16:25:34.125 E/cutils-trace( 4515): Error opening trace file: No such file or directory (2)
05-18 16:25:34.865 E/GPSManager( 4132): Location changed : Lat: 40.00125 Lng: 105.56358166666665
05-18 16:25:35.245 E/memtrack( 4527): Couldn't load memtrack module (No such file or directory)
05-18 16:25:35.245 E/android.os.Debug( 4527): failed to load memtrack module: -2
05-18 16:25:35.305 E/cutils-trace( 4527): Error opening trace file: No such file or directory (2)
05-18 16:25:35.855 E/GPSManager( 4132): Location changed : Lat: 40.00125 Lng: 105.56358166666665
05-18 16:25:36.725 E/memtrack( 4541): Couldn't load memtrack module (No such file or directory)
05-18 16:25:36.725 E/android.os.Debug( 4541): failed to load memtrack module: -2
05-18 16:25:36.765 E/cutils-trace( 4541): Error opening trace file: No such file or directory (2)
05-18 16:25:36.855 E/GPSManager( 4132): Location changed : Lat: 40.00125 Lng: 105.56358166666665
05-18 16:25:37.685 E/memtrack( 4553): Couldn't load memtrack module (No such file or directory)
05-18 16:25:37.685 E/android.os.Debug( 4553): failed to load memtrack module: -2
05-18 16:25:37.855 E/GPSManager( 4132): Location changed : Lat: 40.00125 Lng: 105.56358166666665
05-18 16:25:38.865 E/GPSManager( 4132): Location changed : Lat: 40.00125 Lng: 105.56358166666665
05-18 16:25:39.885 E/GPSManager( 4132): Location changed : Lat: 40.00125 Lng: 105.56358166666665
05-18 16:25:40.875 E/GPSManager( 4132): Location changed : Lat: 40.00125 Lng: 105.56358166666665
05-18 16:25:41.215 E/memtrack( 4584): Couldn't load memtrack module (No such file or directory)
05-18 16:25:41.215 E/android.os.Debug( 4584): failed to load memtrack module: -2
05-18 16:25:42.545 E/GPSManager( 4132): Location changed : Lat: 40.00125 Lng: 105.56358166666665
05-18 16:25:42.635 E/Cataloger( 1238): syncFile:/storage/emulated/0/Android/data/com.boco.apphall
05-18 16:25:42.635 E/Cataloger( 1238): :/storage/emulated/0/Android/data/com.boco.apphall
05-18 16:25:42.635 E/Cataloger( 1238): /storage/emulated/0/Android/data/com.boco.apphall
05-18 16:25:42.655 E/Cataloger( 1238): syncFile:/storage/emulated/0/Android/data/com.boco.apphall/cache
05-18 16:25:42.655 E/Cataloger( 1238): :/storage/emulated/0/Android/data/com.boco.apphall/cache
05-18 16:25:42.655 E/Cataloger( 1238): /storage/emulated/0/Android/data/com.boco.apphall/cache
05-18 16:25:42.655 E/Cataloger( 1238): syncFile:/storage/emulated/0/Android/data/com.boco.apphall/cache/.nomedia
05-18 16:25:42.655 E/Cataloger( 1238): need not sync path:/storage/emulated/0/Android/data/com.boco.apphall/cache/.nomedia
05-18 16:25:42.655 E/Cataloger( 1238): syncFile:/storage/emulated/0/Android/data/com.boco.apphall/cache/.nomedia
05-18 16:25:42.655 E/Cataloger( 1238): need not sync path:/storage/emulated/0/Android/data/com.boco.apphall/cache/.nomedia
05-18 16:25:42.675 E/Cataloger( 1238): syncFile:/storage/emulated/0/Android/data/com.boco.apphall/cache/uil-images
05-18 16:25:42.675 E/Cataloger( 1238): :/storage/emulated/0/Android/data/com.boco.apphall/cache/uil-images
05-18 16:25:42.675 E/Cataloger( 1238): /storage/emulated/0/Android/data/com.boco.apphall/cache/uil-images
05-18 16:25:42.685 E/Cataloger( 1238): syncFile:/storage/emulated/0/Android/data/com.boco.apphall/cache/uil-images/journal.tmp
05-18 16:25:42.685 E/Cataloger( 1238): need not sync path:/storage/emulated/0/Android/data/com.boco.apphall/cache/uil-images/journal.tmp
05-18 16:25:42.695 E/Cataloger( 1238): syncFile:/storage/emulated/0/Android/data/com.boco.apphall/cache/uil-images/journal.tmp
05-18 16:25:42.695 E/Cataloger( 1238): need not sync path:/storage/emulated/0/Android/data/com.boco.apphall/cache/uil-images/journal.tmp
05-18 16:25:42.695 E/Cataloger( 1238): 
05-18 16:25:42.695 E/Cataloger( 1238): syncFile:/storage/emulated/0/Android/data/com.boco.apphall/cache/uil-images/journal
05-18 16:25:42.695 E/Cataloger( 1238): need not sync path:/storage/emulated/0/Android/data/com.boco.apphall/cache/uil-images/journal
05-18 16:25:42.875 E/GPSManager( 4132): Location changed : Lat: 40.00125 Lng: 105.56358166666665
05-18 16:25:43.305 E/cutils-trace( 4584): Error opening trace file: No such file or directory (2)
05-18 16:25:43.885 E/GPSManager( 4132): Location changed : Lat: 40.00125 Lng: 105.56358166666665
05-18 16:25:44.895 E/GPSManager( 4132): Location changed : Lat: 40.00125 Lng: 105.56358166666665
05-18 16:25:45.705 E/SQLiteDatabase( 1238): Error inserting path=/storage/emulated/0/Android/data/com.boco.apphall/ lastmodified=1495095942000 pathtype=3 _id=79 isLogPath=0 name=com.boco.apphall
05-18 16:25:45.705 E/SQLiteDatabase( 1238): android.database.sqlite.SQLiteConstraintException: column path is not unique (code 19)
05-18 16:25:45.705 E/SQLiteDatabase( 1238): 	at android.database.sqlite.SQLiteConnection.nativeExecuteForLastInsertedRowId(Native Method)
05-18 16:25:45.705 E/SQLiteDatabase( 1238): 	at android.database.sqlite.SQLiteConnection.executeForLastInsertedRowId(SQLiteConnection.java:782)
05-18 16:25:45.705 E/SQLiteDatabase( 1238): 	at android.database.sqlite.SQLiteSession.executeForLastInsertedRowId(SQLiteSession.java:788)
05-18 16:25:45.705 E/SQLiteDatabase( 1238): 	at android.database.sqlite.SQLiteStatement.executeInsert(SQLiteStatement.java:86)
05-18 16:25:45.705 E/SQLiteDatabase( 1238): 	at android.database.sqlite.SQLiteDatabase.insertWithOnConflict(SQLiteDatabase.java:1469)
05-18 16:25:45.705 E/SQLiteDatabase( 1238): 	at android.database.sqlite.SQLiteDatabase.insert(SQLiteDatabase.java:1339)
05-18 16:25:45.705 E/SQLiteDatabase( 1238): 	at com.estrongs.android.scanner.d.e.a(Unknown Source)
05-18 16:25:45.705 E/SQLiteDatabase( 1238): 	at com.estrongs.android.scanner.d.a.a(Unknown Source)
05-18 16:25:45.705 E/SQLiteDatabase( 1238): 	at com.estrongs.android.scanner.d.a.a(Unknown Source)
05-18 16:25:45.705 E/SQLiteDatabase( 1238): 	at com.estrongs.android.scanner.d.r.run(Unknown Source)
05-18 16:25:45.705 E/SQLiteDatabase( 1238): 	at java.util.concurrent.ThreadPoolExecutor.runWorker(ThreadPoolExecutor.java:1112)
05-18 16:25:45.705 E/SQLiteDatabase( 1238): 	at java.util.concurrent.ThreadPoolExecutor$Worker.run(ThreadPoolExecutor.java:587)
05-18 16:25:45.705 E/SQLiteDatabase( 1238): 	at java.lang.Thread.run(Thread.java:841)
05-18 16:25:45.885 E/GPSManager( 4132): Location changed : Lat: 40.00125 Lng: 105.56358166666665
05-18 16:25:46.885 E/GPSManager( 4132): Location changed : Lat: 40.00125 Lng: 105.56358166666665
05-18 16:25:47.105 E/memtrack( 4624): Couldn't load memtrack module (No such file or directory)
05-18 16:25:47.105 E/android.os.Debug( 4624): failed to load memtrack module: -2
05-18 16:25:47.245 E/cutils-trace( 4624): Error opening trace file: No such file or directory (2)
05-18 16:25:47.895 E/GPSManager( 4132): Location changed : Lat: 40.00125 Lng: 105.56358166666665
05-18 16:25:48.925 E/GPSManager( 4132): Location changed : Lat: 40.00125 Lng: 105.56358166666665
05-18 16:25:49.355 E/memtrack( 4636): Couldn't load memtrack module (No such file or directory)
05-18 16:25:49.355 E/android.os.Debug( 4636): failed to load memtrack module: -2
05-18 16:25:49.915 E/GPSManager( 4132): Location changed : Lat: 40.00125 Lng: 105.56358166666665
05-18 16:25:50.675 E/cutils-trace( 4636): Error opening trace file: No such file or directory (2)
05-18 16:25:50.895 E/GPSManager( 4132): Location changed : Lat: 40.00125 Lng: 105.56358166666665
05-18 16:25:50.965 E/appium  ( 4565): Exception while handling action in: io.appium.uiautomator2.handler.Clear
05-18 16:25:50.965 E/appium  ( 4565): java.lang.NullPointerException
05-18 16:25:50.965 E/appium  ( 4565): 	at android.support.test.uiautomator.UiObject2.setText(UiObject2.java:601)
05-18 16:25:50.965 E/appium  ( 4565): 	at android.support.test.uiautomator.UiObject2.clear(UiObject2.java:338)
05-18 16:25:50.965 E/appium  ( 4565): 	at io.appium.uiautomator2.model.UiObject2Element.clear(UiObject2Element.java:138)
05-18 16:25:50.965 E/appium  ( 4565): 	at io.appium.uiautomator2.handler.Clear.safeHandle(Clear.java:51)
05-18 16:25:50.965 E/appium  ( 4565): 	at io.appium.uiautomator2.handler.request.SafeRequestHandler.handle(SafeRequestHandler.java:56)
05-18 16:25:50.965 E/appium  ( 4565): 	at io.appium.uiautomator2.handler.SendKeysToElement.safeHandle(SendKeysToElement.java:73)
05-18 16:25:50.965 E/appium  ( 4565): 	at io.appium.uiautomator2.handler.request.SafeRequestHandler.handle(SafeRequestHandler.java:56)
05-18 16:25:50.965 E/appium  ( 4565): 	at io.appium.uiautomator2.server.AppiumServlet.handleRequest(AppiumServlet.java:202)
05-18 16:25:50.965 E/appium  ( 4565): 	at io.appium.uiautomator2.server.AppiumServlet.handleHttpRequest(AppiumServlet.java:193)
05-18 16:25:50.965 E/appium  ( 4565): 	at io.appium.uiautomator2.http.ServerHandler.channelRead(ServerHandler.java:44)
05-18 16:25:50.965 E/appium  ( 4565): 	at io.netty.channel.AbstractChannelHandlerContext.invokeChannelRead(AbstractChannelHandlerContext.java:366)
05-18 16:25:50.965 E/appium  ( 4565): 	at io.netty.channel.AbstractChannelHandlerContext.invokeChannelRead(AbstractChannelHandlerContext.java:352)
05-18 16:25:50.965 E/appium  ( 4565): 	at io.netty.channel.AbstractChannelHandlerContext.fireChannelRead(AbstractChannelHandlerContext.java:345)
05-18 16:25:50.965 E/appium  ( 4565): 	at io.netty.handler.codec.MessageToMessageDecoder.channelRead(MessageToMessageDecoder.java:102)
05-18 16:25:50.965 E/appium  ( 4565): 	at io.netty.channel.AbstractChannelHandlerContext.invokeChannelRead(AbstractChannelHandlerContext.java:366)
05-18 16:25:50.965 E/appium  ( 4565): 	at io.netty.channel.AbstractChannelHandlerContext.invokeChannelRead(AbstractChannelHandlerContext.java:352)
05-18 16:25:50.965 E/appium  ( 4565): 	at io.netty.channel.AbstractChannelHandlerContext.fireChannelRead(AbstractChannelHandlerContext.java:345)
05-18 16:25:50.965 E/appium  ( 4565): 	at io.netty.channel.CombinedChannelDuplexHandler$DelegatingChannelHandlerContext.fireChannelRead(CombinedChannelDuplexHandler.java:435)
05-18 16:25:50.965 E/appium  ( 4565): 	at io.netty.handler.codec.ByteToMessageDecoder.fireChannelRead(ByteToMessageDecoder.java:293)
05-18 16:25:50.965 E/appium  ( 4565): 	at io.netty.handler.codec.ByteToMessageDecoder.channelRead(ByteToMessageDecoder.java:267)
05-18 16:25:50.965 E/appium  ( 4565): 	at io.netty.channel.CombinedChannelDuplexHandler.channelRead(CombinedChannelDuplexHandler.java:250)
05-18 16:25:50.965 E/appium  ( 4565): 	at io.netty.channel.AbstractChannelHandlerContext.invokeChannelRead(AbstractChannelHandlerContext.java:366)
05-18 16:25:50.965 E/appium  ( 4565): 	at io.netty.channel.AbstractChannelHandlerContext.invokeChannelRead(AbstractChannelHandlerContext.java:352)
05-18 16:25:50.965 E/appium  ( 4565): 	at io.netty.channel.AbstractChannelHandlerContext.fireChannelRead(AbstractChannelHandlerContext.java:345)
05-18 16:25:50.965 E/appium  ( 4565): 	at io.netty.channel.DefaultChannelPipeline$HeadContext.channelRead(DefaultChannelPipeline.java:1294)
05-18 16:25:50.965 E/appium  ( 4565): 	at io.netty.channel.AbstractChannelHandlerContext.invokeChannelRead(AbstractChannelHandlerContext.java:366)
05-18 16:25:50.965 E/appium  ( 4565): 	at io.netty.channel.AbstractChannelHandlerContext.invokeChannelRead(AbstractChannelHandlerContext.java:352)
05-18 16:25:50.965 E/appium  ( 4565): 	at io.netty.channel.DefaultChannelPipeline.fireChannelRead(DefaultChannelPipeline.java:911)
05-18 16:25:50.965 E/appium  ( 4565): 	at io.netty.channel.nio.AbstractNioByteChannel$NioByteUnsafe.read(AbstractNioByteChannel.java:131)
05-18 16:25:50.965 E/appium  ( 4565): 	at io.netty.channel.nio.NioEventLoop.processSelectedKey(NioEventLoop.java:611)
05-18 16:25:50.965 E/appium  ( 4565): 	at io.netty.channel.nio.NioEventLoop.processSelectedKeysPlain(NioEventLoop.java:514)
05-18 16:25:50.965 E/appium  ( 4565): 	at io.netty.channel.nio.NioEventLoop.processSelectedKeys(NioEventLoop.java:468)
05-18 16:25:50.965 E/appium  ( 4565): 	at io.netty.channel.nio.NioEventLoop.run(NioEventLoop.java:438)
05-18 16:25:50.965 E/appium  ( 4565): 	at io.netty.util.concurrent.SingleThreadEventExecutor$2.run(SingleThreadEventExecutor.java:140)
05-18 16:25:50.965 E/appium  ( 4565): 	at io.netty.util.concurrent.DefaultThreadFactory$DefaultRunnableDecorator.run(DefaultThreadFactory.java:144)
05-18 16:25:50.965 E/appium  ( 4565): 	at java.lang.Thread.run(Thread.java:841)
05-18 16:25:50.975 E/appium  ( 4565): Exception while handling action in: io.appium.uiautomator2.handler.SendKeysToElement
05-18 16:25:50.975 E/appium  ( 4565): java.lang.NullPointerException
05-18 16:25:50.975 E/appium  ( 4565): 	at android.support.test.uiautomator.UiObject2.setText(UiObject2.java:601)
05-18 16:25:50.975 E/appium  ( 4565): 	at io.appium.uiautomator2.model.UiObject2Element.setText(UiObject2Element.java:129)
05-18 16:25:50.975 E/appium  ( 4565): 	at io.appium.uiautomator2.handler.SendKeysToElement.safeHandle(SendKeysToElement.java:83)
05-18 16:25:50.975 E/appium  ( 4565): 	at io.appium.uiautomator2.handler.request.SafeRequestHandler.handle(SafeRequestHandler.java:56)
05-18 16:25:50.975 E/appium  ( 4565): 	at io.appium.uiautomator2.server.AppiumServlet.handleRequest(AppiumServlet.java:202)
05-18 16:25:50.975 E/appium  ( 4565): 	at io.appium.uiautomator2.server.AppiumServlet.handleHttpRequest(AppiumServlet.java:193)
05-18 16:25:50.975 E/appium  ( 4565): 	at io.appium.uiautomator2.http.ServerHandler.channelRead(ServerHandler.java:44)
05-18 16:25:50.975 E/appium  ( 4565): 	at io.netty.channel.AbstractChannelHandlerContext.invokeChannelRead(AbstractChannelHandlerContext.java:366)
05-18 16:25:50.975 E/appium  ( 4565): 	at io.netty.channel.AbstractChannelHandlerContext.invokeChannelRead(AbstractChannelHandlerContext.java:352)
05-18 16:25:50.975 E/appium  ( 4565): 	at io.netty.channel.AbstractChannelHandlerContext.fireChannelRead(AbstractChannelHandlerContext.java:345)
05-18 16:25:50.975 E/appium  ( 4565): 	at io.netty.handler.codec.MessageToMessageDecoder.channelRead(MessageToMessageDecoder.java:102)
05-18 16:25:50.975 E/appium  ( 4565): 	at io.netty.channel.AbstractChannelHandlerContext.invokeChannelRead(AbstractChannelHandlerContext.java:366)
05-18 16:25:50.975 E/appium  ( 4565): 	at io.netty.channel.AbstractChannelHandlerContext.invokeChannelRead(AbstractChannelHandlerContext.java:352)
05-18 16:25:50.975 E/appium  ( 4565): 	at io.netty.channel.AbstractChannelHandlerContext.fireChannelRead(AbstractChannelHandlerContext.java:345)
05-18 16:25:50.975 E/appium  ( 4565): 	at io.netty.channel.CombinedChannelDuplexHandler$DelegatingChannelHandlerContext.fireChannelRead(CombinedChannelDuplexHandler.java:435)
05-18 16:25:50.975 E/appium  ( 4565): 	at io.netty.handler.codec.ByteToMessageDecoder.fireChannelRead(ByteToMessageDecoder.java:293)
05-18 16:25:50.975 E/appium  ( 4565): 	at io.netty.handler.codec.ByteToMessageDecoder.channelRead(ByteToMessageDecoder.java:267)
05-18 16:25:50.975 E/appium  ( 4565): 	at io.netty.channel.CombinedChannelDuplexHandler.channelRead(CombinedChannelDuplexHandler.java:250)
05-18 16:25:50.975 E/appium  ( 4565): 	at io.netty.channel.AbstractChannelHandlerContext.invokeChannelRead(AbstractChannelHandlerContext.java:366)
05-18 16:25:50.975 E/appium  ( 4565): 	at io.netty.channel.AbstractChannelHandlerContext.invokeChannelRead(AbstractChannelHandlerContext.java:352)
05-18 16:25:50.975 E/appium  ( 4565): 	at io.netty.channel.AbstractChannelHandlerContext.fireChannelRead(AbstractChannelHandlerContext.java:345)
05-18 16:25:50.975 E/appium  ( 4565): 	at io.netty.channel.DefaultChannelPipeline$HeadContext.channelRead(DefaultChannelPipeline.java:1294)
05-18 16:25:50.975 E/appium  ( 4565): 	at io.netty.channel.AbstractChannelHandlerContext.invokeChannelRead(AbstractChannelHandlerContext.java:366)
05-18 16:25:50.975 E/appium  ( 4565): 	at io.netty.channel.AbstractChannelHandlerContext.invokeChannelRead(AbstractChannelHandlerContext.java:352)
05-18 16:25:50.975 E/appium  ( 4565): 	at io.netty.channel.DefaultChannelPipeline.fireChannelRead(DefaultChannelPipeline.java:911)
05-18 16:25:50.975 E/appium  ( 4565): 	at io.netty.channel.nio.AbstractNioByteChannel$NioByteUnsafe.read(AbstractNioByteChannel.java:131)
05-18 16:25:50.975 E/appium  ( 4565): 	at io.netty.channel.nio.NioEventLoop.processSelectedKey(NioEventLoop.java:611)
05-18 16:25:50.975 E/appium  ( 4565): 	at io.netty.channel.nio.NioEventLoop.processSelectedKeysPlain(NioEventLoop.java:514)
05-18 16:25:50.975 E/appium  ( 4565): 	at io.netty.channel.nio.NioEventLoop.processSelectedKeys(NioEventLoop.java:468)
05-18 16:25:50.975 E/appium  ( 4565): 	at io.netty.channel.nio.NioEventLoop.run(NioEventLoop.java:438)
05-18 16:25:50.975 E/appium  ( 4565): 	at io.netty.util.concurrent.SingleThreadEventExecutor$2.run(SingleThreadEventExecutor.java:140)
05-18 16:25:50.975 E/appium  ( 4565): 	at io.netty.util.concurrent.DefaultThreadFactory$DefaultRunnableDecorator.run(DefaultThreadFactory.java:144)
05-18 16:25:50.975 E/appium  ( 4565): 	at java.lang.Thread.run(Thread.java:841)
05-18 16:25:51.895 E/GPSManager( 4132): Location changed : Lat: 40.00125 Lng: 105.56358166666665
05-18 16:25:52.015 E/memtrack( 4648): Couldn't load memtrack module (No such file or directory)
05-18 16:25:52.025 E/android.os.Debug( 4648): failed to load memtrack module: -2
05-18 16:25:52.255 E/cutils-trace( 4648): Error opening trace file: No such file or directory (2)
05-18 16:25:52.895 E/GPSManager( 4132): Location changed : Lat: 40.00125 Lng: 105.56358166666665
05-18 16:25:53.635 E/FastMixer(  167): did not receive expected priority boost
05-18 16:25:53.925 E/GPSManager( 4132): Location changed : Lat: 40.00125 Lng: 105.56358166666665
05-18 16:25:54.905 E/GPSManager( 4132): Location changed : Lat: 40.00125 Lng: 105.56358166666665
05-18 16:25:55.905 E/GPSManager( 4132): Location changed : Lat: 40.00125 Lng: 105.56358166666665
05-18 16:25:56.905 E/GPSManager( 4132): Location changed : Lat: 40.00125 Lng: 105.56358166666665
05-18 16:25:57.915 E/GPSManager( 4132): Location changed : Lat: 40.00125 Lng: 105.56358166666665
05-18 16:25:58.915 E/GPSManager( 4132): Location changed : Lat: 40.00125 Lng: 105.56358166666665
05-18 16:25:59.385 E/---RankingListAppFragment---( 4596): onResume
05-18 16:25:59.755 E/Cataloger( 1238): syncFile:/storage/emulated/0/Android/data/com.boco.apphall/cache/uil-images/3205omy4td9oxw05yijfjsa900.tmp
05-18 16:25:59.755 E/Cataloger( 1238): need not sync path:/storage/emulated/0/Android/data/com.boco.apphall/cache/uil-images/3205omy4td9oxw05yijfjsa900.tmp
05-18 16:25:59.765 E/Cataloger( 1238): syncFile:/storage/emulated/0/Android/data/com.boco.apphall/cache/uil-images/3205omy4td9oxw05yijfjsa900.tmp
05-18 16:25:59.765 E/Cataloger( 1238): need not sync path:/storage/emulated/0/Android/data/com.boco.apphall/cache/uil-images/3205omy4td9oxw05yijfjsa900.tmp
05-18 16:25:59.775 E/Cataloger( 1238): syncFile:/storage/emulated/0/Android/data/com.boco.apphall/cache/uil-images/mk3hplefdtlqmx38m1iwlp2r0.tmp
05-18 16:25:59.775 E/Cataloger( 1238): need not sync path:/storage/emulated/0/Android/data/com.boco.apphall/cache/uil-images/mk3hplefdtlqmx38m1iwlp2r0.tmp
05-18 16:25:59.785 E/Cataloger( 1238): 
05-18 16:25:59.785 E/Cataloger( 1238): syncFile:/storage/emulated/0/Android/data/com.boco.apphall/cache/uil-images/3205omy4td9oxw05yijfjsa900
05-18 16:25:59.785 E/Cataloger( 1238): need not sync path:/storage/emulated/0/Android/data/com.boco.apphall/cache/uil-images/3205omy4td9oxw05yijfjsa900
05-18 16:25:59.815 E/Cataloger( 1238): syncFile:/storage/emulated/0/Android/data/com.boco.apphall/cache/uil-images/mk3hplefdtlqmx38m1iwlp2r0.tmp
05-18 16:25:59.815 E/Cataloger( 1238): need not sync path:/storage/emulated/0/Android/data/com.boco.apphall/cache/uil-images/mk3hplefdtlqmx38m1iwlp2r0.tmp
05-18 16:25:59.825 E/Cataloger( 1238): 
05-18 16:25:59.825 E/Cataloger( 1238): syncFile:/storage/emulated/0/Android/data/com.boco.apphall/cache/uil-images/mk3hplefdtlqmx38m1iwlp2r0
05-18 16:25:59.825 E/Cataloger( 1238): need not sync path:/storage/emulated/0/Android/data/com.boco.apphall/cache/uil-images/mk3hplefdtlqmx38m1iwlp2r0
05-18 16:25:59.845 E/Cataloger( 1238): syncFile:/storage/emulated/0/Android/data/com.boco.apphall/cache/uil-images/3zj5e7agc5dxrx9zld8s8tazk0.tmp
05-18 16:25:59.845 E/Cataloger( 1238): need not sync path:/storage/emulated/0/Android/data/com.boco.apphall/cache/uil-images/3zj5e7agc5dxrx9zld8s8tazk0.tmp
05-18 16:25:59.845 E/Cataloger( 1238): syncFile:/storage/emulated/0/Android/data/com.boco.apphall/cache/uil-images/3zj5e7agc5dxrx9zld8s8tazk0.tmp
05-18 16:25:59.845 E/Cataloger( 1238): need not sync path:/storage/emulated/0/Android/data/com.boco.apphall/cache/uil-images/3zj5e7agc5dxrx9zld8s8tazk0.tmp
05-18 16:25:59.855 E/Cataloger( 1238): 
05-18 16:25:59.855 E/Cataloger( 1238): syncFile:/storage/emulated/0/Android/data/com.boco.apphall/cache/uil-images/3zj5e7agc5dxrx9zld8s8tazk0
05-18 16:25:59.855 E/Cataloger( 1238): need not sync path:/storage/emulated/0/Android/data/com.boco.apphall/cache/uil-images/3zj5e7agc5dxrx9zld8s8tazk0
05-18 16:25:59.865 E/Cataloger( 1238): syncFile:/storage/emulated/0/Android/data/com.boco.apphall/cache/uil-images/4kxgwmqh15kqpdwvd91ok1rs00.tmp
05-18 16:25:59.865 E/Cataloger( 1238): need not sync path:/storage/emulated/0/Android/data/com.boco.apphall/cache/uil-images/4kxgwmqh15kqpdwvd91ok1rs00.tmp
05-18 16:25:59.875 E/Cataloger( 1238): syncFile:/storage/emulated/0/Android/data/com.boco.apphall/cache/uil-images/4kxgwmqh15kqpdwvd91ok1rs00.tmp
05-18 16:25:59.875 E/Cataloger( 1238): need not sync path:/storage/emulated/0/Android/data/com.boco.apphall/cache/uil-images/4kxgwmqh15kqpdwvd91ok1rs00.tmp
05-18 16:25:59.875 E/Cataloger( 1238): 
05-18 16:25:59.875 E/Cataloger( 1238): syncFile:/storage/emulated/0/Android/data/com.boco.apphall/cache/uil-images/4kxgwmqh15kqpdwvd91ok1rs00
05-18 16:25:59.875 E/Cataloger( 1238): need not sync path:/storage/emulated/0/Android/data/com.boco.apphall/cache/uil-images/4kxgwmqh15kqpdwvd91ok1rs00
05-18 16:25:59.915 E/GPSManager( 4132): Location changed : Lat: 40.00125 Lng: 105.56358166666665
05-18 16:25:59.975 E/Cataloger( 1238): syncFile:/storage/emulated/0/Android/data/com.boco.apphall/cache/uil-images/2dw14j6zx8fuf59l70lizvt710.tmp
05-18 16:25:59.975 E/Cataloger( 1238): need not sync path:/storage/emulated/0/Android/data/com.boco.apphall/cache/uil-images/2dw14j6zx8fuf59l70lizvt710.tmp
05-18 16:25:59.975 E/Cataloger( 1238): syncFile:/storage/emulated/0/Android/data/com.boco.apphall/cache/uil-images/2dw14j6zx8fuf59l70lizvt710.tmp
05-18 16:25:59.975 E/Cataloger( 1238): need not sync path:/storage/emulated/0/Android/data/com.boco.apphall/cache/uil-images/2dw14j6zx8fuf59l70lizvt710.tmp
05-18 16:25:59.975 E/Cataloger( 1238): 
05-18 16:25:59.985 E/Cataloger( 1238): syncFile:/storage/emulated/0/Android/data/com.boco.apphall/cache/uil-images/2dw14j6zx8fuf59l70lizvt710
05-18 16:25:59.985 E/Cataloger( 1238): need not sync path:/storage/emulated/0/Android/data/com.boco.apphall/cache/uil-images/2dw14j6zx8fuf59l70lizvt710
05-18 16:26:00.015 E/Cataloger( 1238): syncFile:/storage/emulated/0/Android/data/com.boco.apphall/cache/uil-images/5252683xnrtcrm7o65y7uirsl0.tmp
05-18 16:26:00.015 E/Cataloger( 1238): need not sync path:/storage/emulated/0/Android/data/com.boco.apphall/cache/uil-images/5252683xnrtcrm7o65y7uirsl0.tmp
05-18 16:26:00.015 E/Cataloger( 1238): syncFile:/storage/emulated/0/Android/data/com.boco.apphall/cache/uil-images/5qxqvdbogs92lp9xsu05v4d050.tmp
05-18 16:26:00.015 E/Cataloger( 1238): need not sync path:/storage/emulated/0/Android/data/com.boco.apphall/cache/uil-images/5qxqvdbogs92lp9xsu05v4d050.tmp
05-18 16:26:00.015 E/Cataloger( 1238): syncFile:/storage/emulated/0/Android/data/com.boco.apphall/cache/uil-images/5252683xnrtcrm7o65y7uirsl0.tmp
05-18 16:26:00.025 E/Cataloger( 1238): need not sync path:/storage/emulated/0/Android/data/com.boco.apphall/cache/uil-images/5252683xnrtcrm7o65y7uirsl0.tmp
05-18 16:26:00.025 E/Cataloger( 1238): 
05-18 16:26:00.025 E/Cataloger( 1238): syncFile:/storage/emulated/0/Android/data/com.boco.apphall/cache/uil-images/5252683xnrtcrm7o65y7uirsl0
05-18 16:26:00.025 E/Cataloger( 1238): need not sync path:/storage/emulated/0/Android/data/com.boco.apphall/cache/uil-images/5252683xnrtcrm7o65y7uirsl0
05-18 16:26:00.025 E/Cataloger( 1238): syncFile:/storage/emulated/0/Android/data/com.boco.apphall/cache/uil-images/5qxqvdbogs92lp9xsu05v4d050.tmp
05-18 16:26:00.025 E/Cataloger( 1238): need not sync path:/storage/emulated/0/Android/data/com.boco.apphall/cache/uil-images/5qxqvdbogs92lp9xsu05v4d050.tmp
05-18 16:26:00.025 E/Cataloger( 1238): 
05-18 16:26:00.025 E/Cataloger( 1238): syncFile:/storage/emulated/0/Android/data/com.boco.apphall/cache/uil-images/5qxqvdbogs92lp9xsu05v4d050
05-18 16:26:00.025 E/Cataloger( 1238): need not sync path:/storage/emulated/0/Android/data/com.boco.apphall/cache/uil-images/5qxqvdbogs92lp9xsu05v4d050
05-18 16:26:00.145 E/Cataloger( 1238): syncFile:/storage/emulated/0/Android/data/com.boco.apphall/cache/uil-images/1yr55s6idym5vmr2kp828kc730.tmp
05-18 16:26:00.145 E/Cataloger( 1238): need not sync path:/storage/emulated/0/Android/data/com.boco.apphall/cache/uil-images/1yr55s6idym5vmr2kp828kc730.tmp
05-18 16:26:00.155 E/Cataloger( 1238): syncFile:/storage/emulated/0/Android/data/com.boco.apphall/cache/uil-images/64u2kf0bfy71nodbxsvrwaoat0.tmp
05-18 16:26:00.155 E/Cataloger( 1238): need not sync path:/storage/emulated/0/Android/data/com.boco.apphall/cache/uil-images/64u2kf0bfy71nodbxsvrwaoat0.tmp
05-18 16:26:00.165 E/Cataloger( 1238): syncFile:/storage/emulated/0/Android/data/com.boco.apphall/cache/uil-images/5qk5ab5bpi8w4etc52xne53rs0.tmp
05-18 16:26:00.165 E/Cataloger( 1238): need not sync path:/storage/emulated/0/Android/data/com.boco.apphall/cache/uil-images/5qk5ab5bpi8w4etc52xne53rs0.tmp
05-18 16:26:00.165 E/Cataloger( 1238): syncFile:/storage/emulated/0/Android/data/com.boco.apphall/cache/uil-images/1yr55s6idym5vmr2kp828kc730.tmp
05-18 16:26:00.165 E/Cataloger( 1238): need not sync path:/storage/emulated/0/Android/data/com.boco.apphall/cache/uil-images/1yr55s6idym5vmr2kp828kc730.tmp
05-18 16:26:00.175 E/Cataloger( 1238): 
05-18 16:26:00.175 E/Cataloger( 1238): syncFile:/storage/emulated/0/Android/data/com.boco.apphall/cache/uil-images/1yr55s6idym5vmr2kp828kc730
05-18 16:26:00.175 E/Cataloger( 1238): need not sync path:/storage/emulated/0/Android/data/com.boco.apphall/cache/uil-images/1yr55s6idym5vmr2kp828kc730
05-18 16:26:00.175 E/Cataloger( 1238): syncFile:/storage/emulated/0/Android/data/com.boco.apphall/cache/uil-images/64u2kf0bfy71nodbxsvrwaoat0.tmp
05-18 16:26:00.175 E/Cataloger( 1238): need not sync path:/storage/emulated/0/Android/data/com.boco.apphall/cache/uil-images/64u2kf0bfy71nodbxsvrwaoat0.tmp
05-18 16:26:00.195 E/Cataloger( 1238): 
05-18 16:26:00.205 E/Cataloger( 1238): syncFile:/storage/emulated/0/Android/data/com.boco.apphall/cache/uil-images/64u2kf0bfy71nodbxsvrwaoat0
05-18 16:26:00.205 E/Cataloger( 1238): need not sync path:/storage/emulated/0/Android/data/com.boco.apphall/cache/uil-images/64u2kf0bfy71nodbxsvrwaoat0
05-18 16:26:00.215 E/Cataloger( 1238): syncFile:/storage/emulated/0/Android/data/com.boco.apphall/cache/uil-images/5qk5ab5bpi8w4etc52xne53rs0.tmp
05-18 16:26:00.215 E/Cataloger( 1238): need not sync path:/storage/emulated/0/Android/data/com.boco.apphall/cache/uil-images/5qk5ab5bpi8w4etc52xne53rs0.tmp
05-18 16:26:00.235 E/Cataloger( 1238): 
05-18 16:26:00.235 E/Cataloger( 1238): syncFile:/storage/emulated/0/Android/data/com.boco.apphall/cache/uil-images/5qk5ab5bpi8w4etc52xne53rs0
05-18 16:26:00.235 E/Cataloger( 1238): need not sync path:/storage/emulated/0/Android/data/com.boco.apphall/cache/uil-images/5qk5ab5bpi8w4etc52xne53rs0
05-18 16:26:00.925 E/GPSManager( 4132): Location changed : Lat: 40.00125 Lng: 105.56358166666665
05-18 16:26:01.925 E/GPSManager( 4132): Location changed : Lat: 40.00125 Lng: 105.56358166666665
05-18 16:26:02.095 E/FastMixer(  167): did not receive expected priority boost
05-18 16:26:02.955 E/GPSManager( 4132): Location changed : Lat: 40.00125 Lng: 105.56358166666665
05-18 16:26:03.985 E/GPSManager( 4132): Location changed : Lat: 40.00125 Lng: 105.56358166666665
05-18 16:26:04.945 E/GPSManager( 4132): Location changed : Lat: 40.00125 Lng: 105.56358166666665
05-18 16:26:05.955 E/GPSManager( 4132): Location changed : Lat: 40.00125 Lng: 105.56358166666665
05-18 16:26:06.965 E/GPSManager( 4132): Location changed : Lat: 40.00125 Lng: 105.56358166666665
05-18 16:26:07.595 E/GCM     (  726): Missing checkin config file
05-18 16:26:07.725 E/FastMixer(  167): did not receive expected priority boost
05-18 16:26:08.015 E/GPSManager( 4132): Location changed : Lat: 40.00125 Lng: 105.56358166666665
05-18 16:26:08.285 E/Cataloger( 1238): syncFile:/storage/emulated/0/Android/data/com.boco.apphall/cache/uil-images/57gbxefr6ynwpq4ho1je8qmfo0.tmp
05-18 16:26:08.285 E/Cataloger( 1238): need not sync path:/storage/emulated/0/Android/data/com.boco.apphall/cache/uil-images/57gbxefr6ynwpq4ho1je8qmfo0.tmp
05-18 16:26:08.315 E/Cataloger( 1238): syncFile:/storage/emulated/0/Android/data/com.boco.apphall/cache/uil-images/57gbxefr6ynwpq4ho1je8qmfo0.tmp
05-18 16:26:08.315 E/Cataloger( 1238): need not sync path:/storage/emulated/0/Android/data/com.boco.apphall/cache/uil-images/57gbxefr6ynwpq4ho1je8qmfo0.tmp
05-18 16:26:08.315 E/Cataloger( 1238): syncFile:/storage/emulated/0/Android/data/com.boco.apphall/cache/uil-images/57gbxefr6ynwpq4ho1je8qmfo0.tmp
05-18 16:26:08.325 E/Cataloger( 1238): need not sync path:/storage/emulated/0/Android/data/com.boco.apphall/cache/uil-images/57gbxefr6ynwpq4ho1je8qmfo0.tmp
05-18 16:26:08.325 E/Cataloger( 1238): syncFile:/storage/emulated/0/Android/data/com.boco.apphall/cache/uil-images/57gbxefr6ynwpq4ho1je8qmfo0
05-18 16:26:08.325 E/Cataloger( 1238): need not sync path:/storage/emulated/0/Android/data/com.boco.apphall/cache/uil-images/57gbxefr6ynwpq4ho1je8qmfo0
05-18 16:26:08.655 E/Cataloger( 1238): syncFile:/storage/emulated/0/Android/data/com.boco.apphall/cache/uil-images/692qxwcqm0v50o6d686e2v3o30.tmp
05-18 16:26:08.655 E/Cataloger( 1238): need not sync path:/storage/emulated/0/Android/data/com.boco.apphall/cache/uil-images/692qxwcqm0v50o6d686e2v3o30.tmp
05-18 16:26:09.015 E/GPSManager( 4132): Location changed : Lat: 40.00125 Lng: 105.56358166666665
05-18 16:26:09.365 E/Cataloger( 1238): syncFile:/storage/emulated/0/Android/data/com.boco.apphall/cache/uil-images/692qxwcqm0v50o6d686e2v3o30.tmp
05-18 16:26:09.365 E/Cataloger( 1238): need not sync path:/storage/emulated/0/Android/data/com.boco.apphall/cache/uil-images/692qxwcqm0v50o6d686e2v3o30.tmp
05-18 16:26:09.375 E/Cataloger( 1238): syncFile:/storage/emulated/0/Android/data/com.boco.apphall/cache/uil-images/692qxwcqm0v50o6d686e2v3o30.tmp
05-18 16:26:09.375 E/Cataloger( 1238): need not sync path:/storage/emulated/0/Android/data/com.boco.apphall/cache/uil-images/692qxwcqm0v50o6d686e2v3o30.tmp
05-18 16:26:09.385 E/Cataloger( 1238): syncFile:/storage/emulated/0/Android/data/com.boco.apphall/cache/uil-images/692qxwcqm0v50o6d686e2v3o30
05-18 16:26:09.385 E/Cataloger( 1238): need not sync path:/storage/emulated/0/Android/data/com.boco.apphall/cache/uil-images/692qxwcqm0v50o6d686e2v3o30
05-18 16:26:09.975 E/GPSManager( 4132): Location changed : Lat: 40.00125 Lng: 105.56358166666665
05-18 16:26:10.385 E/AccessibilityNodeInfoCache( 4565): Disconneced node: android.view.accessibility.AccessibilityNodeInfo@72856; boundsInParent: Rect(0, 0 - 280, 460); boundsInScreen: Rect(14, 767 - 294, 1227); packageName: com.boco.apphall; className: android.widget.RelativeLayout; text: null; contentDescription: null; viewIdResName: null; checkable: false; checked: false; focusable: false; focused: false; selected: false; clickable: true; longClickable: false; enabled: true; password: false; scrollable: false; [ACTION_SELECT, ACTION_CLEAR_SELECTION, ACTION_CLICK, ACTION_ACCESSIBILITY_FOCUS]
05-18 16:26:10.385 E/AccessibilityNodeInfoCache( 4565): Disconneced node: android.view.accessibility.AccessibilityNodeInfo@72fd8; boundsInParent: Rect(0, 0 - 260, 440); boundsInScreen: Rect(24, 777 - 284, 1217); packageName: com.boco.apphall; className: android.view.View; text: null; contentDescription: null; viewIdResName: com.boco.apphall:id/id_index_gallery_item_image_bg; checkable: false; checked: false; focusable: false; focused: false; selected: false; clickable: false; longClickable: false; enabled: true; password: false; scrollable: false; [ACTION_SELECT, ACTION_CLEAR_SELECTION, ACTION_ACCESSIBILITY_FOCUS]
05-18 16:26:10.385 E/AccessibilityNodeInfoCache( 4565): Disconneced node: android.view.accessibility.AccessibilityNodeInfo@73399; boundsInParent: Rect(0, 0 - 260, 440); boundsInScreen: Rect(24, 777 - 284, 1217); packageName: com.boco.apphall; className: android.widget.ImageView; text: null; contentDescription: null; viewIdResName: com.boco.apphall:id/id_index_gallery_item_image; checkable: false; checked: false; focusable: false; focused: false; selected: false; clickable: false; longClickable: false; enabled: true; password: false; scrollable: false; [ACTION_SELECT, ACTION_CLEAR_SELECTION, ACTION_ACCESSIBILITY_FOCUS]
05-18 16:26:10.395 E/AccessibilityNodeInfoCache( 4565): Disconneced node: android.view.accessibility.AccessibilityNodeInfo@72856; boundsInParent: Rect(0, 0 - 280, 460); boundsInScreen: Rect(14, 767 - 294, 1227); packageName: com.boco.apphall; className: android.widget.RelativeLayout; text: null; contentDescription: null; viewIdResName: null; checkable: false; checked: false; focusable: false; focused: false; selected: false; clickable: true; longClickable: false; enabled: true; password: false; scrollable: false; [ACTION_SELECT, ACTION_CLEAR_SELECTION, ACTION_CLICK, ACTION_ACCESSIBILITY_FOCUS]
05-18 16:26:10.395 E/AccessibilityNodeInfoCache( 4565): Disconneced node: android.view.accessibility.AccessibilityNodeInfo@72fd8; boundsInParent: Rect(0, 0 - 260, 440); boundsInScreen: Rect(24, 777 - 284, 1217); packageName: com.boco.apphall; className: android.view.View; text: null; contentDescription: null; viewIdResName: com.boco.apphall:id/id_index_gallery_item_image_bg; checkable: false; checked: false; focusable: false; focused: false; selected: false; clickable: false; longClickable: false; enabled: true; password: false; scrollable: false; [ACTION_SELECT, ACTION_CLEAR_SELECTION, ACTION_ACCESSIBILITY_FOCUS]
05-18 16:26:10.395 E/AccessibilityNodeInfoCache( 4565): Disconneced node: android.view.accessibility.AccessibilityNodeInfo@73399; boundsInParent: Rect(0, 0 - 260, 440); boundsInScreen: Rect(24, 777 - 284, 1217); packageName: com.boco.apphall; className: android.widget.ImageView; text: null; contentDescription: null; viewIdResName: com.boco.apphall:id/id_index_gallery_item_image; checkable: false; checked: false; focusable: false; focused: false; selected: false; clickable: false; longClickable: false; enabled: true; password: false; scrollable: false; [ACTION_SELECT, ACTION_CLEAR_SELECTION, ACTION_ACCESSIBILITY_FOCUS]
05-18 16:26:10.405 E/AccessibilityNodeInfoCache( 4565): Disconneced node: android.view.accessibility.AccessibilityNodeInfo@72856; boundsInParent: Rect(0, 0 - 280, 460); boundsInScreen: Rect(14, 767 - 294, 1227); packageName: com.boco.apphall; className: android.widget.RelativeLayout; text: null; contentDescription: null; viewIdResName: null; checkable: false; checked: false; focusable: false; focused: false; selected: false; clickable: true; longClickable: false; enabled: true; password: false; scrollable: false; [ACTION_SELECT, ACTION_CLEAR_SELECTION, ACTION_CLICK, ACTION_ACCESSIBILITY_FOCUS]
05-18 16:26:10.405 E/AccessibilityNodeInfoCache( 4565): Disconneced node: android.view.accessibility.AccessibilityNodeInfo@72fd8; boundsInParent: Rect(0, 0 - 260, 440); boundsInScreen: Rect(24, 777 - 284, 1217); packageName: com.boco.apphall; className: android.view.View; text: null; contentDescription: null; viewIdResName: com.boco.apphall:id/id_index_gallery_item_image_bg; checkable: false; checked: false; focusable: false; focused: false; selected: false; clickable: false; longClickable: false; enabled: true; password: false; scrollable: false; [ACTION_SELECT, ACTION_CLEAR_SELECTION, ACTION_ACCESSIBILITY_FOCUS]
05-18 16:26:10.405 E/AccessibilityNodeInfoCache( 4565): Disconneced node: android.view.accessibility.AccessibilityNodeInfo@73399; boundsInParent: Rect(0, 0 - 260, 440); boundsInScreen: Rect(24, 777 - 284, 1217); packageName: com.boco.apphall; className: android.widget.ImageView; text: null; contentDescription: null; viewIdResName: com.boco.apphall:id/id_index_gallery_item_image; checkable: false; checked: false; focusable: false; focused: false; selected: false; clickable: false; longClickable: false; enabled: true; password: false; scrollable: false; [ACTION_SELECT, ACTION_CLEAR_SELECTION, ACTION_ACCESSIBILITY_FOCUS]
05-18 16:26:10.425 E/AccessibilityNodeInfoCache( 4565): Disconneced node: android.view.accessibility.AccessibilityNodeInfo@70e0f; boundsInParent: Rect(0, 0 - 872, 2); boundsInScreen: Rect(14, 1227 - 886, 1229); packageName: com.boco.apphall; className: android.view.View; text: null; contentDescription: null; viewIdResName: null; checkable: false; checked: false; focusable: false; focused: false; selected: false; clickable: false; longClickable: false; enabled: true; password: false; scrollable: false; [ACTION_SELECT, ACTION_CLEAR_SELECTION, ACTION_ACCESSIBILITY_FOCUS]
05-18 16:26:10.425 E/AccessibilityNodeInfoCache( 4565): Disconneced node: android.view.accessibility.AccessibilityNodeInfo@72856; boundsInParent: Rect(0, 0 - 280, 460); boundsInScreen: Rect(14, 767 - 294, 1227); packageName: com.boco.apphall; className: android.widget.RelativeLayout; text: null; contentDescription: null; viewIdResName: null; checkable: false; checked: false; focusable: false; focused: false; selected: false; clickable: true; longClickable: false; enabled: true; password: false; scrollable: false; [ACTION_SELECT, ACTION_CLEAR_SELECTION, ACTION_CLICK, ACTION_ACCESSIBILITY_FOCUS]
05-18 16:26:10.425 E/AccessibilityNodeInfoCache( 4565): Disconneced node: android.view.accessibility.AccessibilityNodeInfo@72fd8; boundsInParent: Rect(0, 0 - 260, 440); boundsInScreen: Rect(24, 777 - 284, 1217); packageName: com.boco.apphall; className: android.view.View; text: null; contentDescription: null; viewIdResName: com.boco.apphall:id/id_index_gallery_item_image_bg; checkable: false; checked: false; focusable: false; focused: false; selected: false; clickable: false; longClickable: false; enabled: true; password: false; scrollable: false; [ACTION_SELECT, ACTION_CLEAR_SELECTION, ACTION_ACCESSIBILITY_FOCUS]
05-18 16:26:10.425 E/AccessibilityNodeInfoCache( 4565): Disconneced node: android.view.accessibility.AccessibilityNodeInfo@73399; boundsInParent: Rect(0, 0 - 260, 440); boundsInScreen: Rect(24, 777 - 284, 1217); packageName: com.boco.apphall; className: android.widget.ImageView; text: null; contentDescription: null; viewIdResName: com.boco.apphall:id/id_index_gallery_item_image; checkable: false; checked: false; focusable: false; focused: false; selected: false; clickable: false; longClickable: false; enabled: true; password: false; scrollable: false; [ACTION_SELECT, ACTION_CLEAR_SELECTION, ACTION_ACCESSIBILITY_FOCUS]
05-18 16:26:10.465 E/AccessibilityNodeInfoCache( 4565): Disconneced node: android.view.accessibility.AccessibilityNodeInfo@6525d; boundsInParent: Rect(0, 0 - 120, 41); boundsInScreen: Rect(54, 1249 - 174, 1290); packageName: com.boco.apphall; className: android.widget.TextView; text: ; contentDescription: null; viewIdResName: com.boco.apphall:id/app_update_desc; checkable: false; checked: false; focusable: false; focused: false; selected: false; clickable: false; longClickable: false; enabled: true; password: false; scrollable: false; [ACTION_SELECT, ACTION_CLEAR_SELECTION, ACTION_ACCESSIBILITY_FOCUS, ACTION_NEXT_AT_MOVEMENT_GRANULARITY, ACTION_PREVIOUS_AT_MOVEMENT_GRANULARITY, ACTION_SET_SELECTION]
05-18 16:26:10.465 E/AccessibilityNodeInfoCache( 4565): Disconneced node: android.view.accessibility.AccessibilityNodeInfo@6561e; boundsInParent: Rect(0, 0 - 792, 766); boundsInScreen: Rect(54, 1300 - 846, 2066); packageName: com.boco.apphall; className: android.widget.TextView; text: 
05-18 16:26:10.465 E/AccessibilityNodeInfoCache( 4565): 
05-18 16:26:10.465 E/AccessibilityNodeInfoCache( 4565): 
05-18 16:26:10.465 E/AccessibilityNodeInfoCache( 4565): 
05-18 16:26:10.465 E/AccessibilityNodeInfoCache( 4565): 
05-18 16:26:10.465 E/AccessibilityNodeInfoCache( 4565): 
05-18 16:26:10.465 E/AccessibilityNodeInfoCache( 4565): 
05-18 16:26:10.465 E/AccessibilityNodeInfoCache( 4565): 
05-18 16:26:10.465 E/AccessibilityNodeInfoCache( 4565): 
05-18 16:26:10.465 E/AccessibilityNodeInfoCache( 4565): 
05-18 16:26:10.465 E/AccessibilityNodeInfoCache( 4565): 
05-18 16:26:10.465 E/AccessibilityNodeInfoCache( 4565): 
05-18 16:26:10.465 E/AccessibilityNodeInfoCache( 4565): 
05-18 16:26:10.465 E/AccessibilityNodeInfoCache( 4565): ; contentDescription: null; viewIdResName: com.boco.apphall:id/app_detail_update_desc; checkable: false; checked: false; focusable: false; focused: false; selected: false; clickable: false; longClickable: false; enabled: true; password: false; scrollable: false; [ACTION_SELECT, ACTION_CLEAR_SELECTION, ACTION_ACCESSIBILITY_FOCUS, ACTION_NEXT_AT_MOVEMENT_GRANULARITY, ACTION_PREVIOUS_AT_MOVEMENT_GRANULARITY, ACTION_SET_SELECTION]
05-18 16:26:10.465 E/AccessibilityNodeInfoCache( 4565): Disconneced node: android.view.accessibility.AccessibilityNodeInfo@70e0f; boundsInParent: Rect(0, 0 - 872, 2); boundsInScreen: Rect(14, 1227 - 886, 1229); packageName: com.boco.apphall; className: android.view.View; text: null; contentDescription: null; viewIdResName: null; checkable: false; checked: false; focusable: false; focused: false; selected: false; clickable: false; longClickable: false; enabled: true; password: false; scrollable: false; [ACTION_SELECT, ACTION_CLEAR_SELECTION, ACTION_ACCESSIBILITY_FOCUS]
05-18 16:26:10.465 E/AccessibilityNodeInfoCache( 4565): Disconneced node: android.view.accessibility.AccessibilityNodeInfo@711d0; boundsInParent: Rect(0, 0 - 872, 827); boundsInScreen: Rect(14, 1239 - 886, 2066); packageName: com.boco.apphall; className: android.widget.RelativeLayout; text: null; contentDescription: null; viewIdResName: com.boco.apphall:id/app_detail_layout3; checkable: false; checked: false; focusable: false; focused: false; selected: false; clickable: false; longClickable: false; enabled: true; password: false; scrollable: false; [ACTION_SELECT, ACTION_CLEAR_SELECTION, ACTION_ACCESSIBILITY_FOCUS]
05-18 16:26:10.465 E/AccessibilityNodeInfoCache( 4565): Disconneced node: android.view.accessibility.AccessibilityNodeInfo@72856; boundsInParent: Rect(0, 0 - 280, 460); boundsInScreen: Rect(14, 767 - 294, 1227); packageName: com.boco.apphall; className: android.widget.RelativeLayout; text: null; contentDescription: null; viewIdResName: null; checkable: false; checked: false; focusable: false; focused: false; selected: false; clickable: true; longClickable: false; enabled: true; password: false; scrollable: false; [ACTION_SELECT, ACTION_CLEAR_SELECTION, ACTION_CLICK, ACTION_ACCESSIBILITY_FOCUS]
05-18 16:26:10.465 E/AccessibilityNodeInfoCache( 4565): Disconneced node: android.view.accessibility.AccessibilityNodeInfo@72fd8; boundsInParent: Rect(0, 0 - 260, 440); boundsInScreen: Rect(24, 777 - 284, 1217); packageName: com.boco.apphall; className: android.view.View; text: null; contentDescription: null; viewIdResName: com.boco.apphall:id/id_index_gallery_item_image_bg; checkable: false; checked: false; focusable: false; focused: false; selected: false; clickable: false; longClickable: false; enabled: true; password: false; scrollable: false; [ACTION_SELECT, ACTION_CLEAR_SELECTION, ACTION_ACCESSIBILITY_FOCUS]
05-18 16:26:10.465 E/AccessibilityNodeInfoCache( 4565): Disconneced node: android.view.accessibility.AccessibilityNodeInfo@73399; boundsInParent: Rect(0, 0 - 260, 440); boundsInScreen: Rect(24, 777 - 284, 1217); packageName: com.boco.apphall; className: android.widget.ImageView; text: null; contentDescription: null; viewIdResName: com.boco.apphall:id/id_index_gallery_item_image; checkable: false; checked: false; focusable: false; focused: false; selected: false; clickable: false; longClickable: false; enabled: true; password: false; scrollable: false; [ACTION_SELECT, ACTION_CLEAR_SELECTION, ACTION_ACCESSIBILITY_FOCUS]
05-18 16:26:10.495 E/AccessibilityNodeInfoCache( 4565): Disconneced node: android.view.accessibility.AccessibilityNodeInfo@6525d; boundsInParent: Rect(0, 0 - 120, 41); boundsInScreen: Rect(54, 1249 - 174, 1290); packageName: com.boco.apphall; className: android.widget.TextView; text: ; contentDescription: null; viewIdResName: com.boco.apphall:id/app_update_desc; checkable: false; checked: false; focusable: false; focused: false; selected: false; clickable: false; longClickable: false; enabled: true; password: false; scrollable: false; [ACTION_SELECT, ACTION_CLEAR_SELECTION, ACTION_ACCESSIBILITY_FOCUS, ACTION_NEXT_AT_MOVEMENT_GRANULARITY, ACTION_PREVIOUS_AT_MOVEMENT_GRANULARITY, ACTION_SET_SELECTION]
05-18 16:26:10.495 E/AccessibilityNodeInfoCache( 4565): Disconneced node: android.view.accessibility.AccessibilityNodeInfo@6561e; boundsInParent: Rect(0, 0 - 792, 766); boundsInScreen: Rect(54, 1300 - 846, 2066); packageName: com.boco.apphall; className: android.widget.TextView; text: 
05-18 16:26:10.495 E/AccessibilityNodeInfoCache( 4565): 
05-18 16:26:10.495 E/AccessibilityNodeInfoCache( 4565): 
05-18 16:26:10.495 E/AccessibilityNodeInfoCache( 4565): 
05-18 16:26:10.495 E/AccessibilityNodeInfoCache( 4565): 
05-18 16:26:10.495 E/AccessibilityNodeInfoCache( 4565): 
05-18 16:26:10.495 E/AccessibilityNodeInfoCache( 4565): 
05-18 16:26:10.495 E/AccessibilityNodeInfoCache( 4565): 
05-18 16:26:10.495 E/AccessibilityNodeInfoCache( 4565): 
05-18 16:26:10.495 E/AccessibilityNodeInfoCache( 4565): 
05-18 16:26:10.495 E/AccessibilityNodeInfoCache( 4565): 
05-18 16:26:10.495 E/AccessibilityNodeInfoCache( 4565): 
05-18 16:26:10.495 E/AccessibilityNodeInfoCache( 4565): 
05-18 16:26:10.495 E/AccessibilityNodeInfoCache( 4565): ; contentDescription: null; viewIdResName: com.boco.apphall:id/app_detail_update_desc; checkable: false; checked: false; focusable: false; focused: false; selected: false; clickable: false; longClickable: false; enabled: true; password: false; scrollable: false; [ACTION_SELECT, ACTION_CLEAR_SELECTION, ACTION_ACCESSIBILITY_FOCUS, ACTION_NEXT_AT_MOVEMENT_GRANULARITY, ACTION_PREVIOUS_AT_MOVEMENT_GRANULARITY, ACTION_SET_SELECTION]
