05-18 09:08:45.561 E/SurfaceFlinger(  285): onDraw: bindTextureImage test
05-18 09:08:45.729 E/SQLiteLog( 1945): (284) automatic index on pending_msgs(msg_id)
05-18 09:08:45.731 E/SQLiteLog( 1945): (284) automatic index on pending_msgs(msg_id)
05-18 09:08:45.826 E/WifiTrafficPoller(  851): TRAFFIC_STATS_POLL true Token 2644 num clients 16
05-18 09:08:45.827 E/WifiTrafficPoller(  851):  packet count Tx=1745058 Rx=5730894
05-18 09:08:46.180 E/MessageListAdapter( 6594): exception in getCachedMessageItem
05-18 09:08:46.180 E/MessageListAdapter( 6594): exception in getCachedMessageItem
05-18 09:08:46.181 E/MessageListAdapter( 6594): exception in getCachedMessageItem
05-18 09:08:46.182 E/MessageListAdapter( 6594): exception in getCachedMessageItem
05-18 09:08:46.182 E/MessageListAdapter( 6594): exception in MessageListAdapter cacheItem .....
05-18 09:08:46.827 E/WifiTrafficPoller(  851): TRAFFIC_STATS_POLL true Token 2644 num clients 16
05-18 09:08:46.828 E/WifiTrafficPoller(  851):  packet count Tx=1745058 Rx=5730914
05-18 09:08:47.308 E/WifiStateMachine(  851):  ConnectedState (when=-3ms what=131155 arg1=591!CMD_RSSI_POLL 591 0 "BOCO-office" 94:b4:0f:68:a4:b1 rssi=-52 f=5785 sc=80 link=135 tx=1.2, 0.0, 0.0  rx=33.7 bcn=0 [on:0 tx:0 rx:0 period:3000] from screen [on:0 period:608286380] gl rssi=-52 ag=0 hr ticks 314,77,49 ls-=0 [56,56,56,56,61] brc=0 lrc=0
05-18 09:08:47.309 E/WifiStateMachine(  851):  L2ConnectedState (when=-4ms what=131155 arg1=591!CMD_RSSI_POLL 591 0 "BOCO-office" 94:b4:0f:68:a4:b1 rssi=-52 f=5785 sc=80 link=135 tx=1.2, 0.0, 0.0  rx=33.7 bcn=0 [on:0 tx:0 rx:0 period:0] from screen [on:0 period:608286380] gl rssi=-52 ag=0 hr ticks 314,77,49 ls-=0 [56,56,56,56,61] brc=0 lrc=0
05-18 09:08:47.309 E/WifiStateMachine(  851):  get link layer stats 0
05-18 09:08:47.316 E/WifiStateMachine(  851): calculateWifiScore() we set wifi's score to 1000, so will always set wifi as a default network.
05-18 09:08:47.651 E/memtrack( 7121): Couldn't load memtrack module (No such file or directory)
05-18 09:08:47.652 E/android.os.Debug( 7121): failed to load memtrack module: -2
05-18 09:08:47.829 E/WifiTrafficPoller(  851): TRAFFIC_STATS_POLL true Token 2644 num clients 16
05-18 09:08:47.830 E/WifiTrafficPoller(  851):  packet count Tx=1745058 Rx=5730924
05-18 09:08:48.830 E/WifiTrafficPoller(  851): TRAFFIC_STATS_POLL true Token 2644 num clients 16
05-18 09:08:48.831 E/WifiTrafficPoller(  851):  packet count Tx=1745058 Rx=5730932
05-18 09:08:49.719 E/memtrack( 7145): Couldn't load memtrack module (No such file or directory)
05-18 09:08:49.719 E/android.os.Debug( 7145): failed to load memtrack module: -2
05-18 09:08:49.832 E/WifiTrafficPoller(  851): TRAFFIC_STATS_POLL true Token 2644 num clients 16
05-18 09:08:49.833 E/WifiTrafficPoller(  851):  packet count Tx=1745058 Rx=5730943
05-18 09:08:50.322 E/WifiStateMachine(  851):  ConnectedState (when=-4ms what=131155 arg1=591!CMD_RSSI_POLL 591 0 "BOCO-office" 94:b4:0f:68:a4:b1 rssi=-52 f=5785 sc=80 link=135 tx=0.6, 0.0, 0.0  rx=37.9 bcn=0 [on:0 tx:0 rx:0 period:3000] from screen [on:0 period:608289394] gl rssi=-52 ag=0 hr ticks 314,77,49 ls-=0 [56,56,56,56,61] brc=0 lrc=0
05-18 09:08:50.324 E/WifiStateMachine(  851):  L2ConnectedState (when=-6ms what=131155 arg1=591!CMD_RSSI_POLL 591 0 "BOCO-office" 94:b4:0f:68:a4:b1 rssi=-52 f=5785 sc=80 link=135 tx=0.6, 0.0, 0.0  rx=37.9 bcn=0 [on:0 tx:0 rx:0 period:2] from screen [on:0 period:608289396] gl rssi=-52 ag=0 hr ticks 314,77,49 ls-=0 [56,56,56,56,61] brc=0 lrc=0
05-18 09:08:50.324 E/WifiStateMachine(  851):  get link layer stats 0
05-18 09:08:50.343 E/WifiStateMachine(  851): calculateWifiScore() we set wifi's score to 1000, so will always set wifi as a default network.
05-18 09:08:50.833 E/WifiTrafficPoller(  851): TRAFFIC_STATS_POLL true Token 2644 num clients 16
05-18 09:08:50.834 E/WifiTrafficPoller(  851):  packet count Tx=1745058 Rx=5730953
05-18 09:08:51.835 E/WifiTrafficPoller(  851): TRAFFIC_STATS_POLL true Token 2644 num clients 16
05-18 09:08:51.836 E/WifiTrafficPoller(  851):  packet count Tx=1745058 Rx=5730969
05-18 09:08:52.837 E/WifiTrafficPoller(  851): TRAFFIC_STATS_POLL true Token 2644 num clients 16
05-18 09:08:52.838 E/WifiTrafficPoller(  851):  packet count Tx=1745058 Rx=5730983
05-18 09:08:53.347 E/WifiStateMachine(  851):  ConnectedState (when=-4ms what=131155 arg1=591!CMD_RSSI_POLL 591 0 "BOCO-office" 94:b4:0f:68:a4:b1 rssi=-52 f=5785 sc=80 link=135 tx=0.3, 0.0, 0.0  rx=33.9 bcn=0 [on:0 tx:0 rx:0 period:2997] from screen [on:0 period:608292419] gl rssi=-52 ag=0 hr ticks 314,77,49 ls-=0 [56,56,56,56,61] brc=0 lrc=0
05-18 09:08:53.348 E/WifiStateMachine(  851):  L2ConnectedState (when=-4ms what=131155 arg1=591!CMD_RSSI_POLL 591 0 "BOCO-office" 94:b4:0f:68:a4:b1 rssi=-52 f=5785 sc=80 link=135 tx=0.3, 0.0, 0.0  rx=33.9 bcn=0 [on:0 tx:0 rx:0 period:1] from screen [on:0 period:608292420] gl rssi=-52 ag=0 hr ticks 314,77,49 ls-=0 [56,56,56,56,61] brc=0 lrc=0
05-18 09:08:53.352 E/WifiStateMachine(  851):  get link layer stats 0
05-18 09:08:53.371 E/WifiStateMachine(  851): calculateWifiScore() we set wifi's score to 1000, so will always set wifi as a default network.
05-18 09:08:53.839 E/WifiTrafficPoller(  851): TRAFFIC_STATS_POLL true Token 2644 num clients 16
05-18 09:08:53.839 E/WifiTrafficPoller(  851):  packet count Tx=1745065 Rx=5731006
05-18 09:08:53.839 E/WifiTrafficPoller(  851): notifying of data activity 3
05-18 09:08:54.440 E/MPlugin ( 7061): Unsupported class: com.mediatek.common.telephony.IOnlyOwnerSimSupport
05-18 09:08:54.843 E/WifiTrafficPoller(  851): TRAFFIC_STATS_POLL true Token 2644 num clients 16
05-18 09:08:54.843 E/WifiTrafficPoller(  851):  packet count Tx=1745077 Rx=5731030
05-18 09:08:54.888 E/libEGL  ( 7061): call to OpenGL ES API with no current context (logged once per thread)
05-18 09:08:55.141 E/DemoPushService( 7061): Creating service
05-18 09:08:55.142 E/DemoPushService( 7061): Service started with intent=Intent { act=mqtt.START cmp=com.boco.apphall/.guangxi.mix.message.service.modify.PushService_Mq }
05-18 09:08:55.142 E/DemoPushService( 7061): Starting service...
05-18 09:08:55.142 E/DemoPushService( 7061): Connecting...
05-18 09:08:55.150 E/==========( 7061): 868964028542767
05-18 09:08:55.151 E/clientID==========( 7061): 868964028542767774018
05-18 09:08:55.620 E/SurfaceFlinger(  285): onDraw: bindTextureImage test
05-18 09:08:55.844 E/WifiTrafficPoller(  851): TRAFFIC_STATS_POLL true Token 2644 num clients 16
05-18 09:08:55.845 E/WifiTrafficPoller(  851):  packet count Tx=1745259 Rx=5731259
05-18 09:08:56.376 E/WifiStateMachine(  851):  ConnectedState (when=-4ms what=131155 arg1=591!CMD_RSSI_POLL 591 0 "BOCO-office" 94:b4:0f:68:a4:b1 rssi=-51 f=5785 sc=80 link=135 tx=0.1, 0.0, 0.0  rx=39.5 bcn=0 [on:0 tx:0 rx:0 period:3002] from screen [on:0 period:608295448] gl rssi=-51 ag=0 hr ticks 314,77,49 ls-=0 [56,56,56,56,61] brc=0 lrc=0
05-18 09:08:56.381 E/WifiStateMachine(  851):  L2ConnectedState (when=-6ms what=131155 arg1=591!CMD_RSSI_POLL 591 0 "BOCO-office" 94:b4:0f:68:a4:b1 rssi=-51 f=5785 sc=80 link=135 tx=0.1, 0.0, 0.0  rx=39.5 bcn=0 [on:0 tx:0 rx:0 period:5] from screen [on:0 period:608295453] gl rssi=-51 ag=0 hr ticks 314,77,49 ls-=0 [56,56,56,56,61] brc=0 lrc=0
05-18 09:08:56.382 E/WifiStateMachine(  851):  get link layer stats 0
05-18 09:08:56.389 E/WifiStateMachine(  851): calculateWifiScore() we set wifi's score to 1000, so will always set wifi as a default network.
05-18 09:08:56.512 E/SurfaceFlinger(  285): onDraw: bindTextureImage test
05-18 09:08:56.529 E/SurfaceFlinger(  285): onDraw: bindTextureImage test
05-18 09:08:56.546 E/SurfaceFlinger(  285): onDraw: bindTextureImage test
05-18 09:08:56.562 E/SurfaceFlinger(  285): onDraw: bindTextureImage test
05-18 09:08:56.580 E/SurfaceFlinger(  285): onDraw: bindTextureImage test
05-18 09:08:56.596 E/SurfaceFlinger(  285): onDraw: bindTextureImage test
05-18 09:08:56.613 E/SurfaceFlinger(  285): onDraw: bindTextureImage test
05-18 09:08:56.845 E/WifiTrafficPoller(  851): TRAFFIC_STATS_POLL true Token 2644 num clients 16
05-18 09:08:56.846 E/WifiTrafficPoller(  851):  packet count Tx=1745259 Rx=5731274
05-18 09:08:56.847 E/WifiTrafficPoller(  851): notifying of data activity 1
05-18 09:08:57.849 E/WifiTrafficPoller(  851): TRAFFIC_STATS_POLL true Token 2644 num clients 16
05-18 09:08:57.850 E/WifiTrafficPoller(  851):  packet count Tx=1745259 Rx=5731286
05-18 09:08:58.850 E/WifiTrafficPoller(  851): TRAFFIC_STATS_POLL true Token 2644 num clients 16
05-18 09:08:58.852 E/WifiTrafficPoller(  851):  packet count Tx=1745259 Rx=5731299
05-18 09:08:59.394 E/WifiStateMachine(  851):  ConnectedState (when=-3ms what=131155 arg1=591!CMD_RSSI_POLL 591 0 "BOCO-office" 94:b4:0f:68:a4:b1 rssi=-53 f=5785 sc=80 link=135 tx=100.6, 0.0, 0.0  rx=155.2 bcn=0 [on:0 tx:0 rx:0 period:3000] from screen [on:0 period:608298466] gl rssi=-53 ag=0 hr ticks 314,77,49 ls-=0 [56,56,60,60,65] brc=0 lrc=0
05-18 09:08:59.396 E/WifiStateMachine(  851):  L2ConnectedState (when=-5ms what=131155 arg1=591!CMD_RSSI_POLL 591 0 "BOCO-office" 94:b4:0f:68:a4:b1 rssi=-53 f=5785 sc=80 link=135 tx=100.6, 0.0, 0.0  rx=155.2 bcn=0 [on:0 tx:0 rx:0 period:2] from screen [on:0 period:608298468] gl rssi=-53 ag=0 hr ticks 314,77,49 ls-=0 [56,56,60,60,65] brc=0 lrc=0
05-18 09:08:59.398 E/WifiStateMachine(  851):  get link layer stats 0
05-18 09:08:59.407 E/WifiStateMachine(  851): calculateWifiScore() we set wifi's score to 1000, so will always set wifi as a default network.
05-18 09:08:59.852 E/WifiTrafficPoller(  851): TRAFFIC_STATS_POLL true Token 2644 num clients 16
05-18 09:08:59.854 E/WifiTrafficPoller(  851):  packet count Tx=1745259 Rx=5731315
05-18 09:09:00.854 E/WifiTrafficPoller(  851): TRAFFIC_STATS_POLL true Token 2644 num clients 16
05-18 09:09:00.855 E/WifiTrafficPoller(  851):  packet count Tx=1745262 Rx=5731327
05-18 09:09:00.855 E/WifiTrafficPoller(  851): notifying of data activity 3
05-18 09:09:01.876 E/WifiTrafficPoller(  851): TRAFFIC_STATS_POLL true Token 2644 num clients 16
05-18 09:09:01.876 E/WifiTrafficPoller(  851):  packet count Tx=1745265 Rx=5731346
05-18 09:09:02.413 E/WifiStateMachine(  851):  ConnectedState (when=-4ms what=131155 arg1=591!CMD_RSSI_POLL 591 0 "BOCO-office" 94:b4:0f:68:a4:b1 rssi=-51 f=5785 sc=80 link=135 tx=50.3, 0.0, 0.0  rx=101.1 bcn=0 [on:0 tx:0 rx:0 period:2995] from screen [on:0 period:608301485] gl rssi=-51 ag=0 hr ticks 314,77,49 ls-=0 [56,56,60,60,65] brc=0 lrc=0
05-18 09:09:02.414 E/WifiStateMachine(  851):  L2ConnectedState (when=-5ms what=131155 arg1=591!CMD_RSSI_POLL 591 0 "BOCO-office" 94:b4:0f:68:a4:b1 rssi=-51 f=5785 sc=80 link=135 tx=50.3, 0.0, 0.0  rx=101.1 bcn=0 [on:0 tx:0 rx:0 period:1] from screen [on:0 period:608301486] gl rssi=-51 ag=0 hr ticks 314,77,49 ls-=0 [56,56,60,60,65] brc=0 lrc=0
05-18 09:09:02.414 E/WifiStateMachine(  851):  get link layer stats 0
05-18 09:09:02.418 E/WifiStateMachine(  851): calculateWifiScore() we set wifi's score to 1000, so will always set wifi as a default network.
05-18 09:09:02.876 E/WifiTrafficPoller(  851): TRAFFIC_STATS_POLL true Token 2644 num clients 16
05-18 09:09:02.878 E/WifiTrafficPoller(  851):  packet count Tx=1745265 Rx=5731358
05-18 09:09:02.878 E/WifiTrafficPoller(  851): notifying of data activity 1
05-18 09:09:03.885 E/WifiTrafficPoller(  851): TRAFFIC_STATS_POLL true Token 2644 num clients 16
05-18 09:09:03.886 E/WifiTrafficPoller(  851):  packet count Tx=1745265 Rx=5731374
05-18 09:09:04.886 E/WifiTrafficPoller(  851): TRAFFIC_STATS_POLL true Token 2644 num clients 16
05-18 09:09:04.888 E/WifiTrafficPoller(  851):  packet count Tx=1745265 Rx=5731390
05-18 09:09:05.424 E/WifiStateMachine(  851):  ConnectedState (when=-4ms what=131155 arg1=591!CMD_RSSI_POLL 591 0 "BOCO-office" 94:b4:0f:68:a4:b1 rssi=-52 f=5785 sc=80 link=135 tx=28.1, 0.0, 0.0  rx=70.1 bcn=0 [on:0 tx:0 rx:0 period:3004] from screen [on:0 period:608304496] gl rssi=-52 ag=0 hr ticks 314,77,49 ls-=0 [56,56,60,60,65] brc=0 lrc=0
05-18 09:09:05.427 E/WifiStateMachine(  851):  L2ConnectedState (when=-7ms what=131155 arg1=591!CMD_RSSI_POLL 591 0 "BOCO-office" 94:b4:0f:68:a4:b1 rssi=-52 f=5785 sc=80 link=135 tx=28.1, 0.0, 0.0  rx=70.1 bcn=0 [on:0 tx:0 rx:0 period:2] from screen [on:0 period:608304498] gl rssi=-52 ag=0 hr ticks 314,77,49 ls-=0 [56,56,60,60,65] brc=0 lrc=0
05-18 09:09:05.427 E/WifiStateMachine(  851):  get link layer stats 0
05-18 09:09:05.434 E/WifiStateMachine(  851): calculateWifiScore() we set wifi's score to 1000, so will always set wifi as a default network.
05-18 09:09:05.888 E/WifiTrafficPoller(  851): TRAFFIC_STATS_POLL true Token 2644 num clients 16
05-18 09:09:05.889 E/WifiTrafficPoller(  851):  packet count Tx=1745265 Rx=5731403
05-18 09:09:06.890 E/WifiTrafficPoller(  851): TRAFFIC_STATS_POLL true Token 2644 num clients 16
05-18 09:09:06.891 E/WifiTrafficPoller(  851):  packet count Tx=1745265 Rx=5731416
05-18 09:09:07.893 E/WifiTrafficPoller(  851): TRAFFIC_STATS_POLL true Token 2644 num clients 16
05-18 09:09:07.893 E/WifiTrafficPoller(  851):  packet count Tx=1745265 Rx=5731424
05-18 09:09:08.437 E/WifiStateMachine(  851):  ConnectedState (when=-3ms what=131155 arg1=591!CMD_RSSI_POLL 591 0 "BOCO-office" 94:b4:0f:68:a4:b1 rssi=-50 f=5785 sc=80 link=135 tx=14.1, 0.0, 0.0  rx=60.0 bcn=0 [on:0 tx:0 rx:0 period:2999] from screen [on:0 period:608307509] gl rssi=-50 ag=0 hr ticks 314,77,49 ls-=0 [56,56,60,60,65] brc=0 lrc=0
05-18 09:09:08.438 E/WifiStateMachine(  851):  L2ConnectedState (when=-4ms what=131155 arg1=591!CMD_RSSI_POLL 591 0 "BOCO-office" 94:b4:0f:68:a4:b1 rssi=-50 f=5785 sc=80 link=135 tx=14.1, 0.0, 0.0  rx=60.0 bcn=0 [on:0 tx:0 rx:0 period:1] from screen [on:0 period:608307510] gl rssi=-50 ag=0 hr ticks 314,77,49 ls-=0 [56,56,60,60,65] brc=0 lrc=0
05-18 09:09:08.438 E/WifiStateMachine(  851):  get link layer stats 0
05-18 09:09:08.459 E/WifiStateMachine(  851): calculateWifiScore() we set wifi's score to 1000, so will always set wifi as a default network.
05-18 09:09:08.894 E/WifiTrafficPoller(  851): TRAFFIC_STATS_POLL true Token 2644 num clients 16
05-18 09:09:08.895 E/WifiTrafficPoller(  851):  packet count Tx=1745265 Rx=5731431
05-18 09:09:09.895 E/WifiTrafficPoller(  851): TRAFFIC_STATS_POLL true Token 2644 num clients 16
05-18 09:09:09.895 E/WifiTrafficPoller(  851):  packet count Tx=1745265 Rx=5731446
05-18 09:09:10.896 E/WifiTrafficPoller(  851): TRAFFIC_STATS_POLL true Token 2644 num clients 16
05-18 09:09:10.897 E/WifiTrafficPoller(  851):  packet count Tx=1745265 Rx=5731460
05-18 09:09:11.464 E/WifiStateMachine(  851):  ConnectedState (when=-4ms what=131155 arg1=591!CMD_RSSI_POLL 591 0 "BOCO-office" 94:b4:0f:68:a4:b1 rssi=-50 f=5785 sc=80 link=135 tx=7.0, 0.0, 0.0  rx=43.5 bcn=0 [on:0 tx:0 rx:0 period:3002] from screen [on:0 period:608310536] gl rssi=-50 ag=0 hr ticks 314,77,49 ls-=0 [56,56,60,60,65] brc=0 lrc=0
05-18 09:09:11.465 E/WifiStateMachine(  851):  L2ConnectedState (when=-5ms what=131155 arg1=591!CMD_RSSI_POLL 591 0 "BOCO-office" 94:b4:0f:68:a4:b1 rssi=-50 f=5785 sc=80 link=135 tx=7.0, 0.0, 0.0  rx=43.5 bcn=0 [on:0 tx:0 rx:0 period:1] from screen [on:0 period:608310537] gl rssi=-50 ag=0 hr ticks 314,77,49 ls-=0 [56,56,60,60,65] brc=0 lrc=0
05-18 09:09:11.465 E/WifiStateMachine(  851):  get link layer stats 0
05-18 09:09:11.468 E/WifiStateMachine(  851): calculateWifiScore() we set wifi's score to 1000, so will always set wifi as a default network.
05-18 09:09:11.898 E/WifiTrafficPoller(  851): TRAFFIC_STATS_POLL true Token 2644 num clients 16
05-18 09:09:11.898 E/WifiTrafficPoller(  851):  packet count Tx=1745265 Rx=5731478
05-18 09:09:12.899 E/WifiTrafficPoller(  851): TRAFFIC_STATS_POLL true Token 2644 num clients 16
05-18 09:09:12.899 E/WifiTrafficPoller(  851):  packet count Tx=1745265 Rx=5731493
05-18 09:09:13.901 E/WifiTrafficPoller(  851): TRAFFIC_STATS_POLL true Token 2644 num clients 16
05-18 09:09:13.901 E/WifiTrafficPoller(  851):  packet count Tx=1745265 Rx=5731506
05-18 09:09:14.470 E/WifiStateMachine(  851):  ConnectedState (when=-1ms what=131155 arg1=591!CMD_RSSI_POLL 591 0 "BOCO-office" 94:b4:0f:68:a4:b1 rssi=-49 f=5785 sc=80 link=135 tx=3.5, 0.0, 0.0  rx=43.3 bcn=0 [on:0 tx:0 rx:0 period:2998] from screen [on:0 period:608313542] gl rssi=-49 ag=0 hr ticks 314,77,49 ls-=0 [56,56,56,56,61] brc=0 lrc=0
05-18 09:09:14.471 E/WifiStateMachine(  851):  L2ConnectedState (when=-2ms what=131155 arg1=591!CMD_RSSI_POLL 591 0 "BOCO-office" 94:b4:0f:68:a4:b1 rssi=-49 f=5785 sc=80 link=135 tx=3.5, 0.0, 0.0  rx=43.3 bcn=0 [on:0 tx:0 rx:0 period:1] from screen [on:0 period:608313543] gl rssi=-49 ag=0 hr ticks 314,77,49 ls-=0 [56,56,56,56,61] brc=0 lrc=0
05-18 09:09:14.471 E/WifiStateMachine(  851):  get link layer stats 0
05-18 09:09:14.489 E/WifiStateMachine(  851): calculateWifiScore() we set wifi's score to 1000, so will always set wifi as a default network.
05-18 09:09:14.902 E/WifiTrafficPoller(  851): TRAFFIC_STATS_POLL true Token 2644 num clients 16
05-18 09:09:14.902 E/WifiTrafficPoller(  851):  packet count Tx=1745265 Rx=5731526
05-18 09:09:15.903 E/WifiTrafficPoller(  851): TRAFFIC_STATS_POLL true Token 2644 num clients 16
05-18 09:09:15.904 E/WifiTrafficPoller(  851):  packet count Tx=1745265 Rx=5731541
05-18 09:09:16.905 E/WifiTrafficPoller(  851): TRAFFIC_STATS_POLL true Token 2644 num clients 16
05-18 09:09:16.905 E/WifiTrafficPoller(  851):  packet count Tx=1745265 Rx=5731565
05-18 09:09:17.498 E/WifiStateMachine(  851):  ConnectedState (when=-8ms what=131155 arg1=591!CMD_RSSI_POLL 591 0 "BOCO-office" 94:b4:0f:68:a4:b1 rssi=-49 f=5785 sc=80 link=135 tx=1.8, 0.0, 0.0  rx=42.1 bcn=0 [on:0 tx:0 rx:0 period:3007] from screen [on:0 period:608316570] gl rssi=-49 ag=0 hr ticks 314,77,49 ls-=0 [56,56,56,56,61] brc=0 lrc=0
05-18 09:09:17.500 E/WifiStateMachine(  851):  L2ConnectedState (when=-10ms what=131155 arg1=591!CMD_RSSI_POLL 591 0 "BOCO-office" 94:b4:0f:68:a4:b1 rssi=-49 f=5785 sc=80 link=135 tx=1.8, 0.0, 0.0  rx=42.1 bcn=0 [on:0 tx:0 rx:0 period:2] from screen [on:0 period:608316572] gl rssi=-49 ag=0 hr ticks 314,77,49 ls-=0 [56,56,56,56,61] brc=0 lrc=0
05-18 09:09:17.501 E/WifiStateMachine(  851):  get link layer stats 0
05-18 09:09:17.510 E/WifiStateMachine(  851): calculateWifiScore() we set wifi's score to 1000, so will always set wifi as a default network.
05-18 09:09:17.906 E/WifiTrafficPoller(  851): TRAFFIC_STATS_POLL true Token 2644 num clients 16
05-18 09:09:17.907 E/WifiTrafficPoller(  851):  packet count Tx=1745265 Rx=5731588
05-18 09:09:18.907 E/WifiTrafficPoller(  851): TRAFFIC_STATS_POLL true Token 2644 num clients 16
05-18 09:09:18.907 E/WifiTrafficPoller(  851):  packet count Tx=1745265 Rx=5731610
05-18 09:09:19.909 E/WifiTrafficPoller(  851): TRAFFIC_STATS_POLL true Token 2644 num clients 16
05-18 09:09:19.909 E/WifiTrafficPoller(  851):  packet count Tx=1745265 Rx=5731622
05-18 09:09:20.514 E/WifiStateMachine(  851):  ConnectedState (when=-3ms what=131155 arg1=591!CMD_RSSI_POLL 591 0 "BOCO-office" 94:b4:0f:68:a4:b1 rssi=-48 f=5785 sc=80 link=135 tx=0.9, 0.0, 0.0  rx=52.6 bcn=0 [on:0 tx:0 rx:0 period:2998] from screen [on:0 period:608319586] gl rssi=-48 ag=0 hr ticks 314,77,49 ls-=0 [56,56,56,56,61] brc=0 lrc=0
05-18 09:09:20.515 E/WifiStateMachine(  851):  L2ConnectedState (when=-4ms what=131155 arg1=591!CMD_RSSI_POLL 591 0 "BOCO-office" 94:b4:0f:68:a4:b1 rssi=-48 f=5785 sc=80 link=135 tx=0.9, 0.0, 0.0  rx=52.6 bcn=0 [on:0 tx:0 rx:0 period:1] from screen [on:0 period:608319587] gl rssi=-48 ag=0 hr ticks 314,77,49 ls-=0 [56,56,56,56,61] brc=0 lrc=0
05-18 09:09:20.515 E/WifiStateMachine(  851):  get link layer stats 0
05-18 09:09:20.529 E/WifiStateMachine(  851): calculateWifiScore() we set wifi's score to 1000, so will always set wifi as a default network.
05-18 09:09:20.910 E/WifiTrafficPoller(  851): TRAFFIC_STATS_POLL true Token 2644 num clients 16
05-18 09:09:20.911 E/WifiTrafficPoller(  851):  packet count Tx=1745265 Rx=5731633
05-18 09:09:21.912 E/WifiTrafficPoller(  851): TRAFFIC_STATS_POLL true Token 2644 num clients 16
05-18 09:09:21.912 E/WifiTrafficPoller(  851):  packet count Tx=1745265 Rx=5731643
05-18 09:09:22.913 E/WifiTrafficPoller(  851): TRAFFIC_STATS_POLL true Token 2644 num clients 16
05-18 09:09:22.913 E/WifiTrafficPoller(  851):  packet count Tx=1745265 Rx=5731649
05-18 09:09:23.533 E/WifiStateMachine(  851):  ConnectedState (when=-3ms what=131155 arg1=591!CMD_RSSI_POLL 591 0 "BOCO-office" 94:b4:0f:68:a4:b1 rssi=-49 f=5785 sc=80 link=135 tx=0.4, 0.0, 0.0  rx=52.8 bcn=0 [on:0 tx:0 rx:0 period:2997] from screen [on:0 period:608322605] gl rssi=-49 ag=0 hr ticks 314,77,49 ls-=0 [56,56,56,56,61] brc=0 lrc=0
05-18 09:09:23.534 E/WifiStateMachine(  851):  L2ConnectedState (when=-4ms what=131155 arg1=591!CMD_RSSI_POLL 591 0 "BOCO-office" 94:b4:0f:68:a4:b1 rssi=-49 f=5785 sc=80 link=135 tx=0.4, 0.0, 0.0  rx=52.8 bcn=0 [on:0 tx:0 rx:0 period:1] from screen [on:0 period:608322606] gl rssi=-49 ag=0 hr ticks 314,77,49 ls-=0 [56,56,56,56,61] brc=0 lrc=0
05-18 09:09:23.534 E/WifiStateMachine(  851):  get link layer stats 0
05-18 09:09:23.549 E/WifiStateMachine(  851): calculateWifiScore() we set wifi's score to 1000, so will always set wifi as a default network.
05-18 09:09:23.914 E/WifiTrafficPoller(  851): TRAFFIC_STATS_POLL true Token 2644 num clients 16
05-18 09:09:23.914 E/WifiTrafficPoller(  851):  packet count Tx=1745265 Rx=5731662
05-18 09:09:24.915 E/WifiTrafficPoller(  851): TRAFFIC_STATS_POLL true Token 2644 num clients 16
05-18 09:09:24.915 E/WifiTrafficPoller(  851):  packet count Tx=1745270 Rx=5731691
05-18 09:09:24.915 E/WifiTrafficPoller(  851): notifying of data activity 3
05-18 09:09:25.916 E/WifiTrafficPoller(  851): TRAFFIC_STATS_POLL true Token 2644 num clients 16
05-18 09:09:25.916 E/WifiTrafficPoller(  851):  packet count Tx=1745270 Rx=5731710
05-18 09:09:25.916 E/WifiTrafficPoller(  851): notifying of data activity 1
05-18 09:09:26.553 E/WifiStateMachine(  851):  ConnectedState (when=-3ms what=131155 arg1=591!CMD_RSSI_POLL 591 0 "BOCO-office" 94:b4:0f:68:a4:b1 rssi=-49 f=5785 sc=80 link=135 tx=0.2, 0.0, 0.0  rx=40.9 bcn=0 [on:0 tx:0 rx:0 period:3002] from screen [on:0 period:608325625] gl rssi=-49 ag=0 hr ticks 314,77,49 ls-=0 [56,56,56,56,61] brc=0 lrc=0
05-18 09:09:26.553 E/WifiStateMachine(  851):  L2ConnectedState (when=-4ms what=131155 arg1=591!CMD_RSSI_POLL 591 0 "BOCO-office" 94:b4:0f:68:a4:b1 rssi=-49 f=5785 sc=80 link=135 tx=0.2, 0.0, 0.0  rx=40.9 bcn=0 [on:0 tx:0 rx:0 period:0] from screen [on:0 period:608325625] gl rssi=-49 ag=0 hr ticks 314,77,49 ls-=0 [56,56,56,56,61] brc=0 lrc=0
05-18 09:09:26.553 E/WifiStateMachine(  851):  get link layer stats 0
05-18 09:09:26.570 E/WifiStateMachine(  851): calculateWifiScore() we set wifi's score to 1000, so will always set wifi as a default network.
05-18 09:09:26.918 E/WifiTrafficPoller(  851): TRAFFIC_STATS_POLL true Token 2644 num clients 16
05-18 09:09:26.918 E/WifiTrafficPoller(  851):  packet count Tx=1745270 Rx=5731732
05-18 09:09:27.919 E/WifiTrafficPoller(  851): TRAFFIC_STATS_POLL true Token 2644 num clients 16
05-18 09:09:27.919 E/WifiTrafficPoller(  851):  packet count Tx=1745270 Rx=5731747
05-18 09:09:28.920 E/WifiTrafficPoller(  851): TRAFFIC_STATS_POLL true Token 2644 num clients 16
05-18 09:09:28.921 E/WifiTrafficPoller(  851):  packet count Tx=1745270 Rx=5731776
05-18 09:09:29.574 E/WifiStateMachine(  851):  ConnectedState (when=-3ms what=131155 arg1=591!CMD_RSSI_POLL 591 0 "BOCO-office" 94:b4:0f:68:a4:b1 rssi=-49 f=5785 sc=80 link=135 tx=2.6, 0.0, 0.0  rx=51.4 bcn=0 [on:0 tx:0 rx:0 period:3000] from screen [on:0 period:608328646] gl rssi=-49 ag=0 hr ticks 314,77,49 ls-=0 [56,56,56,56,61] brc=0 lrc=0
05-18 09:09:29.574 E/WifiStateMachine(  851):  L2ConnectedState (when=-4ms what=131155 arg1=591!CMD_RSSI_POLL 591 0 "BOCO-office" 94:b4:0f:68:a4:b1 rssi=-49 f=5785 sc=80 link=135 tx=2.6, 0.0, 0.0  rx=51.4 bcn=0 [on:0 tx:0 rx:0 period:0] from screen [on:0 period:608328646] gl rssi=-49 ag=0 hr ticks 314,77,49 ls-=0 [56,56,56,56,61] brc=0 lrc=0
05-18 09:09:29.574 E/WifiStateMachine(  851):  get link layer stats 0
05-18 09:09:29.590 E/WifiStateMachine(  851): calculateWifiScore() we set wifi's score to 1000, so will always set wifi as a default network.
05-18 09:09:29.921 E/WifiTrafficPoller(  851): TRAFFIC_STATS_POLL true Token 2644 num clients 16
05-18 09:09:29.922 E/WifiTrafficPoller(  851):  packet count Tx=1745270 Rx=5731793
05-18 09:09:30.923 E/WifiTrafficPoller(  851): TRAFFIC_STATS_POLL true Token 2644 num clients 16
05-18 09:09:30.923 E/WifiTrafficPoller(  851):  packet count Tx=1745270 Rx=5731810
05-18 09:09:31.924 E/WifiTrafficPoller(  851): TRAFFIC_STATS_POLL true Token 2644 num clients 16
05-18 09:09:31.925 E/WifiTrafficPoller(  851):  packet count Tx=1745270 Rx=5731821
05-18 09:09:32.594 E/WifiStateMachine(  851):  ConnectedState (when=-3ms what=131155 arg1=591!CMD_RSSI_POLL 591 0 "BOCO-office" 94:b4:0f:68:a4:b1 rssi=-48 f=5785 sc=80 link=135 tx=1.3, 0.0, 0.0  rx=60.2 bcn=0 [on:0 tx:0 rx:0 period:2998] from screen [on:0 period:608331666] gl rssi=-48 ag=0 hr ticks 314,77,49 ls-=0 [56,56,56,56,61] brc=0 lrc=0
05-18 09:09:32.596 E/WifiStateMachine(  851):  L2ConnectedState (when=-4ms what=131155 arg1=591!CMD_RSSI_POLL 591 0 "BOCO-office" 94:b4:0f:68:a4:b1 rssi=-48 f=5785 sc=80 link=135 tx=1.3, 0.0, 0.0  rx=60.2 bcn=0 [on:0 tx:0 rx:0 period:1] from screen [on:0 period:608331667] gl rssi=-48 ag=0 hr ticks 314,77,49 ls-=0 [56,56,56,56,61] brc=0 lrc=0
05-18 09:09:32.596 E/WifiStateMachine(  851):  get link layer stats 0
05-18 09:09:32.610 E/WifiStateMachine(  851): calculateWifiScore() we set wifi's score to 1000, so will always set wifi as a default network.
05-18 09:09:32.925 E/WifiTrafficPoller(  851): TRAFFIC_STATS_POLL true Token 2644 num clients 16
05-18 09:09:32.925 E/WifiTrafficPoller(  851):  packet count Tx=1745270 Rx=5731831
05-18 09:09:33.926 E/WifiTrafficPoller(  851): TRAFFIC_STATS_POLL true Token 2644 num clients 16
05-18 09:09:33.927 E/WifiTrafficPoller(  851):  packet count Tx=1745270 Rx=5731847
05-18 09:09:34.927 E/WifiTrafficPoller(  851): TRAFFIC_STATS_POLL true Token 2644 num clients 16
05-18 09:09:34.928 E/WifiTrafficPoller(  851):  packet count Tx=1745270 Rx=5731858
05-18 09:09:35.614 E/WifiStateMachine(  851):  ConnectedState (when=-3ms what=131155 arg1=591!CMD_RSSI_POLL 591 0 "BOCO-office" 94:b4:0f:68:a4:b1 rssi=-48 f=5785 sc=80 link=135 tx=0.7, 0.0, 0.0  rx=51.1 bcn=0 [on:0 tx:0 rx:0 period:2999] from screen [on:0 period:608334686] gl rssi=-48 ag=0 hr ticks 314,77,49 ls-=0 [56,56,56,56,61] brc=0 lrc=0
05-18 09:09:35.615 E/WifiStateMachine(  851):  L2ConnectedState (when=-4ms what=131155 arg1=591!CMD_RSSI_POLL 591 0 "BOCO-office" 94:b4:0f:68:a4:b1 rssi=-48 f=5785 sc=80 link=135 tx=0.7, 0.0, 0.0  rx=51.1 bcn=0 [on:0 tx:0 rx:0 period:1] from screen [on:0 period:608334687] gl rssi=-48 ag=0 hr ticks 314,77,49 ls-=0 [56,56,56,56,61] brc=0 lrc=0
05-18 09:09:35.615 E/WifiStateMachine(  851):  get link layer stats 0
05-18 09:09:35.630 E/WifiStateMachine(  851): calculateWifiScore() we set wifi's score to 1000, so will always set wifi as a default network.
05-18 09:09:35.928 E/WifiTrafficPoller(  851): TRAFFIC_STATS_POLL true Token 2644 num clients 16
05-18 09:09:35.928 E/WifiTrafficPoller(  851):  packet count Tx=1745270 Rx=5731872
05-18 09:09:36.929 E/WifiTrafficPoller(  851): TRAFFIC_STATS_POLL true Token 2644 num clients 16
05-18 09:09:36.929 E/WifiTrafficPoller(  851):  packet count Tx=1745270 Rx=5731888
05-18 09:09:37.931 E/WifiTrafficPoller(  851): TRAFFIC_STATS_POLL true Token 2644 num clients 16
05-18 09:09:37.931 E/WifiTrafficPoller(  851):  packet count Tx=1745270 Rx=5731902
05-18 09:09:38.634 E/WifiStateMachine(  851):  ConnectedState (when=-3ms what=131155 arg1=591!CMD_RSSI_POLL 591 0 "BOCO-office" 94:b4:0f:68:a4:b1 rssi=-48 f=5785 sc=80 link=135 tx=0.3, 0.0, 0.0  rx=44.6 bcn=0 [on:0 tx:0 rx:0 period:3001] from screen [on:0 period:608337706] gl rssi=-48 ag=0 hr ticks 314,77,49 ls-=0 [56,56,56,56,61] brc=0 lrc=0
05-18 09:09:38.634 E/WifiStateMachine(  851):  L2ConnectedState (when=-4ms what=131155 arg1=591!CMD_RSSI_POLL 591 0 "BOCO-office" 94:b4:0f:68:a4:b1 rssi=-48 f=5785 sc=80 link=135 tx=0.3, 0.0, 0.0  rx=44.6 bcn=0 [on:0 tx:0 rx:0 period:0] from screen [on:0 period:608337706] gl rssi=-48 ag=0 hr ticks 314,77,49 ls-=0 [56,56,56,56,61] brc=0 lrc=0
05-18 09:09:38.635 E/WifiStateMachine(  851):  get link layer stats 0
05-18 09:09:38.650 E/WifiStateMachine(  851): calculateWifiScore() we set wifi's score to 1000, so will always set wifi as a default network.
05-18 09:09:38.932 E/WifiTrafficPoller(  851): TRAFFIC_STATS_POLL true Token 2644 num clients 16
05-18 09:09:38.933 E/WifiTrafficPoller(  851):  packet count Tx=1745270 Rx=5731912
05-18 09:09:39.933 E/WifiTrafficPoller(  851): TRAFFIC_STATS_POLL true Token 2644 num clients 16
05-18 09:09:39.934 E/WifiTrafficPoller(  851):  packet count Tx=1745270 Rx=5731923
05-18 09:09:40.935 E/WifiTrafficPoller(  851): TRAFFIC_STATS_POLL true Token 2644 num clients 16
05-18 09:09:40.936 E/WifiTrafficPoller(  851):  packet count Tx=1745270 Rx=5731941
05-18 09:09:41.654 E/WifiStateMachine(  851):  ConnectedState (when=-3ms what=131155 arg1=591!CMD_RSSI_POLL 591 0 "BOCO-office" 94:b4:0f:68:a4:b1 rssi=-48 f=5785 sc=80 link=135 tx=0.2, 0.0, 0.0  rx=43.8 bcn=0 [on:0 tx:0 rx:0 period:2996] from screen [on:0 period:608340726] gl rssi=-48 ag=0 hr ticks 314,77,49 ls-=0 [56,56,56,56,61] brc=0 lrc=0
05-18 09:09:41.655 E/WifiStateMachine(  851):  L2ConnectedState (when=-4ms what=131155 arg1=591!CMD_RSSI_POLL 591 0 "BOCO-office" 94:b4:0f:68:a4:b1 rssi=-48 f=5785 sc=80 link=135 tx=0.2, 0.0, 0.0  rx=43.8 bcn=0 [on:0 tx:0 rx:0 period:1] from screen [on:0 period:608340727] gl rssi=-48 ag=0 hr ticks 314,77,49 ls-=0 [56,56,56,56,61] brc=0 lrc=0
05-18 09:09:41.655 E/WifiStateMachine(  851):  get link layer stats 0
05-18 09:09:41.669 E/WifiStateMachine(  851): calculateWifiScore() we set wifi's score to 1000, so will always set wifi as a default network.
05-18 09:09:41.936 E/WifiTrafficPoller(  851): TRAFFIC_STATS_POLL true Token 2644 num clients 16
05-18 09:09:41.937 E/WifiTrafficPoller(  851):  packet count Tx=1745270 Rx=5731956
05-18 09:09:42.937 E/WifiTrafficPoller(  851): TRAFFIC_STATS_POLL true Token 2644 num clients 16
05-18 09:09:42.938 E/WifiTrafficPoller(  851):  packet count Tx=1745270 Rx=5731969
05-18 09:09:43.939 E/WifiTrafficPoller(  851): TRAFFIC_STATS_POLL true Token 2644 num clients 16
05-18 09:09:43.940 E/WifiTrafficPoller(  851):  packet count Tx=1745270 Rx=5731983
05-18 09:09:44.673 E/WifiStateMachine(  851):  ConnectedState (when=-3ms what=131155 arg1=591!CMD_RSSI_POLL 591 0 "BOCO-office" 94:b4:0f:68:a4:b1 rssi=-48 f=5785 sc=80 link=135 tx=0.1, 0.0, 0.0  rx=41.4 bcn=0 [on:0 tx:0 rx:0 period:3000] from screen [on:0 period:608343745] gl rssi=-48 ag=0 hr ticks 314,77,49 ls-=0 [56,56,56,56,61] brc=0 lrc=0
05-18 09:09:44.674 E/WifiStateMachine(  851):  L2ConnectedState (when=-4ms what=131155 arg1=591!CMD_RSSI_POLL 591 0 "BOCO-office" 94:b4:0f:68:a4:b1 rssi=-48 f=5785 sc=80 link=135 tx=0.1, 0.0, 0.0  rx=41.4 bcn=0 [on:0 tx:0 rx:0 period:1] from screen [on:0 period:608343746] gl rssi=-48 ag=0 hr ticks 314,77,49 ls-=0 [56,56,56,56,61] brc=0 lrc=0
05-18 09:09:44.674 E/WifiStateMachine(  851):  get link layer stats 0
05-18 09:09:44.689 E/WifiStateMachine(  851): calculateWifiScore() we set wifi's score to 1000, so will always set wifi as a default network.
05-18 09:09:44.940 E/WifiTrafficPoller(  851): TRAFFIC_STATS_POLL true Token 2644 num clients 16
05-18 09:09:44.940 E/WifiTrafficPoller(  851):  packet count Tx=1745270 Rx=5731992
05-18 09:09:45.941 E/WifiTrafficPoller(  851): TRAFFIC_STATS_POLL true Token 2644 num clients 16
05-18 09:09:45.942 E/WifiTrafficPoller(  851):  packet count Tx=1745270 Rx=5732002
05-18 09:09:46.943 E/WifiTrafficPoller(  851): TRAFFIC_STATS_POLL true Token 2644 num clients 16
05-18 09:09:46.943 E/WifiTrafficPoller(  851):  packet count Tx=1745270 Rx=5732013
05-18 09:09:47.694 E/WifiStateMachine(  851):  ConnectedState (when=-4ms what=131155 arg1=591!CMD_RSSI_POLL 591 0 "BOCO-office" 94:b4:0f:68:a4:b1 rssi=-50 f=5785 sc=80 link=135 tx=0.0, 0.0, 0.0  rx=40.7 bcn=0 [on:0 tx:0 rx:0 period:3003] from screen [on:0 period:608346766] gl rssi=-50 ag=0 hr ticks 314,77,49 ls-=0 [56,56,56,56,61] brc=0 lrc=0
05-18 09:09:47.694 E/WifiStateMachine(  851):  L2ConnectedState (when=-5ms what=131155 arg1=591!CMD_RSSI_POLL 591 0 "BOCO-office" 94:b4:0f:68:a4:b1 rssi=-50 f=5785 sc=80 link=135 tx=0.0, 0.0, 0.0  rx=40.7 bcn=0 [on:0 tx:0 rx:0 period:0] from screen [on:0 period:608346766] gl rssi=-50 ag=0 hr ticks 314,77,49 ls-=0 [56,56,56,56,61] brc=0 lrc=0
05-18 09:09:47.694 E/WifiStateMachine(  851):  get link layer stats 0
05-18 09:09:47.697 E/WifiStateMachine(  851): calculateWifiScore() we set wifi's score to 1000, so will always set wifi as a default network.
05-18 09:09:47.944 E/WifiTrafficPoller(  851): TRAFFIC_STATS_POLL true Token 2644 num clients 16
05-18 09:09:47.945 E/WifiTrafficPoller(  851):  packet count Tx=1745271 Rx=5732024
05-18 09:09:47.945 E/WifiTrafficPoller(  851): notifying of data activity 3
05-18 09:09:48.946 E/WifiTrafficPoller(  851): TRAFFIC_STATS_POLL true Token 2644 num clients 16
05-18 09:09:48.946 E/WifiTrafficPoller(  851):  packet count Tx=1745272 Rx=5732034
05-18 09:09:49.947 E/WifiTrafficPoller(  851): TRAFFIC_STATS_POLL true Token 2644 num clients 16
05-18 09:09:49.947 E/WifiTrafficPoller(  851):  packet count Tx=1745272 Rx=5732048
05-18 09:09:49.948 E/WifiTrafficPoller(  851): notifying of data activity 1
05-18 09:09:50.701 E/WifiStateMachine(  851):  ConnectedState (when=-3ms what=131155 arg1=591!CMD_RSSI_POLL 591 0 "BOCO-office" 94:b4:0f:68:a4:b1 rssi=-52 f=5785 sc=80 link=135 tx=0.5, 0.0, 0.0  rx=35.8 bcn=0 [on:0 tx:0 rx:0 period:2999] from screen [on:0 period:608349773] gl rssi=-52 ag=0 hr ticks 314,77,49 ls-=0 [56,56,56,56,61] brc=0 lrc=0
05-18 09:09:50.703 E/WifiStateMachine(  851):  L2ConnectedState (when=-4ms what=131155 arg1=591!CMD_RSSI_POLL 591 0 "BOCO-office" 94:b4:0f:68:a4:b1 rssi=-52 f=5785 sc=80 link=135 tx=0.5, 0.0, 0.0  rx=35.8 bcn=0 [on:0 tx:0 rx:0 period:2] from screen [on:0 period:608349775] gl rssi=-52 ag=0 hr ticks 314,77,49 ls-=0 [56,56,56,56,61] brc=0 lrc=0
05-18 09:09:50.703 E/WifiStateMachine(  851):  get link layer stats 0
05-18 09:09:50.720 E/WifiStateMachine(  851): calculateWifiScore() we set wifi's score to 1000, so will always set wifi as a default network.
05-18 09:09:50.955 E/WifiTrafficPoller(  851): TRAFFIC_STATS_POLL true Token 2644 num clients 16
05-18 09:09:50.956 E/WifiTrafficPoller(  851):  packet count Tx=1745272 Rx=5732058
05-18 09:09:51.957 E/WifiTrafficPoller(  851): TRAFFIC_STATS_POLL true Token 2644 num clients 16
05-18 09:09:51.957 E/WifiTrafficPoller(  851):  packet count Tx=1745272 Rx=5732074
05-18 09:09:52.958 E/WifiTrafficPoller(  851): TRAFFIC_STATS_POLL true Token 2644 num clients 16
05-18 09:09:52.959 E/WifiTrafficPoller(  851):  packet count Tx=1745272 Rx=5732081
05-18 09:09:53.725 E/WifiStateMachine(  851):  ConnectedState (when=-3ms what=131155 arg1=591!CMD_RSSI_POLL 591 0 "BOCO-office" 94:b4:0f:68:a4:b1 rssi=-52 f=5785 sc=80 link=135 tx=0.8, 0.0, 0.0  rx=35.9 bcn=0 [on:0 tx:0 rx:0 period:3001] from screen [on:0 period:608352797] gl rssi=-52 ag=0 hr ticks 314,77,49 ls-=0 [56,56,56,56,61] brc=0 lrc=0
05-18 09:09:53.726 E/WifiStateMachine(  851):  L2ConnectedState (when=-4ms what=131155 arg1=591!CMD_RSSI_POLL 591 0 "BOCO-office" 94:b4:0f:68:a4:b1 rssi=-52 f=5785 sc=80 link=135 tx=0.8, 0.0, 0.0  rx=35.9 bcn=0 [on:0 tx:0 rx:0 period:1] from screen [on:0 period:608352798] gl rssi=-52 ag=0 hr ticks 314,77,49 ls-=0 [56,56,56,56,61] brc=0 lrc=0
05-18 09:09:53.726 E/WifiStateMachine(  851):  get link layer stats 0
05-18 09:09:53.750 E/WifiStateMachine(  851): calculateWifiScore() we set wifi's score to 1000, so will always set wifi as a default network.
05-18 09:09:53.959 E/WifiTrafficPoller(  851): TRAFFIC_STATS_POLL true Token 2644 num clients 16
05-18 09:09:53.959 E/WifiTrafficPoller(  851):  packet count Tx=1745272 Rx=5732090
05-18 09:09:54.457 E/memtrack( 7218): Couldn't load memtrack module (No such file or directory)
05-18 09:09:54.457 E/android.os.Debug( 7218): failed to load memtrack module: -2
05-18 09:09:54.960 E/WifiTrafficPoller(  851): TRAFFIC_STATS_POLL true Token 2644 num clients 16
05-18 09:09:54.960 E/WifiTrafficPoller(  851):  packet count Tx=1745272 Rx=5732100
05-18 09:09:55.960 E/WifiTrafficPoller(  851): TRAFFIC_STATS_POLL true Token 2644 num clients 16
05-18 09:09:55.961 E/WifiTrafficPoller(  851):  packet count Tx=1745272 Rx=5732107
05-18 09:09:56.755 E/WifiStateMachine(  851):  ConnectedState (when=-3ms what=131155 arg1=591!CMD_RSSI_POLL 591 0 "BOCO-office" 94:b4:0f:68:a4:b1 rssi=-52 f=5785 sc=80 link=135 tx=0.4, 0.0, 0.0  rx=33.0 bcn=0 [on:0 tx:0 rx:0 period:3003] from screen [on:0 period:608355826] gl rssi=-52 ag=0 hr ticks 314,77,49 ls-=0 [56,56,56,56,61] brc=0 lrc=0
05-18 09:09:56.755 E/WifiStateMachine(  851):  L2ConnectedState (when=-4ms what=131155 arg1=591!CMD_RSSI_POLL 591 0 "BOCO-office" 94:b4:0f:68:a4:b1 rssi=-52 f=5785 sc=80 link=135 tx=0.4, 0.0, 0.0  rx=33.0 bcn=0 [on:0 tx:0 rx:0 period:1] from screen [on:0 period:608355827] gl rssi=-52 ag=0 hr ticks 314,77,49 ls-=0 [56,56,56,56,61] brc=0 lrc=0
05-18 09:09:56.755 E/WifiStateMachine(  851):  get link layer stats 0
05-18 09:09:56.770 E/WifiStateMachine(  851): calculateWifiScore() we set wifi's score to 1000, so will always set wifi as a default network.
05-18 09:09:56.962 E/WifiTrafficPoller(  851): TRAFFIC_STATS_POLL true Token 2644 num clients 16
05-18 09:09:56.962 E/WifiTrafficPoller(  851):  packet count Tx=1745272 Rx=5732123
05-18 09:09:57.963 E/WifiTrafficPoller(  851): TRAFFIC_STATS_POLL true Token 2644 num clients 16
05-18 09:09:57.963 E/WifiTrafficPoller(  851):  packet count Tx=1745283 Rx=5732143
05-18 09:09:57.963 E/WifiTrafficPoller(  851): notifying of data activity 3
05-18 09:09:58.965 E/WifiTrafficPoller(  851): TRAFFIC_STATS_POLL true Token 2644 num clients 16
05-18 09:09:58.966 E/WifiTrafficPoller(  851):  packet count Tx=1745283 Rx=5732155
05-18 09:09:58.966 E/WifiTrafficPoller(  851): notifying of data activity 1
05-18 09:09:59.219 E/memtrack( 7243): Couldn't load memtrack module (No such file or directory)
05-18 09:09:59.219 E/android.os.Debug( 7243): failed to load memtrack module: -2
05-18 09:09:59.774 E/WifiStateMachine(  851):  ConnectedState (when=-3ms what=131155 arg1=591!CMD_RSSI_POLL 591 0 "BOCO-office" 94:b4:0f:68:a4:b1 rssi=-52 f=5785 sc=80 link=135 tx=0.2, 0.0, 0.0  rx=31.5 bcn=0 [on:0 tx:0 rx:0 period:3001] from screen [on:0 period:608358846] gl rssi=-52 ag=0 hr ticks 314,77,49 ls-=0 [56,56,56,56,61] brc=0 lrc=0
05-18 09:09:59.775 E/WifiStateMachine(  851):  L2ConnectedState (when=-4ms what=131155 arg1=591!CMD_RSSI_POLL 591 0 "BOCO-office" 94:b4:0f:68:a4:b1 rssi=-52 f=5785 sc=80 link=135 tx=0.2, 0.0, 0.0  rx=31.5 bcn=0 [on:0 tx:0 rx:0 period:1] from screen [on:0 period:608358847] gl rssi=-52 ag=0 hr ticks 314,77,49 ls-=0 [56,56,56,56,61] brc=0 lrc=0
05-18 09:09:59.775 E/WifiStateMachine(  851):  get link layer stats 0
05-18 09:09:59.789 E/WifiStateMachine(  851): calculateWifiScore() we set wifi's score to 1000, so will always set wifi as a default network.
05-18 09:09:59.966 E/WifiTrafficPoller(  851): TRAFFIC_STATS_POLL true Token 2644 num clients 16
05-18 09:09:59.967 E/WifiTrafficPoller(  851):  packet count Tx=1745283 Rx=5732166
05-18 09:10:00.600 E/memtrack( 7262): Couldn't load memtrack module (No such file or directory)
05-18 09:10:00.600 E/android.os.Debug( 7262): failed to load memtrack module: -2
05-18 09:10:00.967 E/WifiTrafficPoller(  851): TRAFFIC_STATS_POLL true Token 2644 num clients 16
05-18 09:10:00.974 E/WifiTrafficPoller(  851):  packet count Tx=1745286 Rx=5732181
05-18 09:10:00.974 E/WifiTrafficPoller(  851): notifying of data activity 3
05-18 09:10:01.979 E/WifiTrafficPoller(  851): TRAFFIC_STATS_POLL true Token 2644 num clients 16
05-18 09:10:01.979 E/WifiTrafficPoller(  851):  packet count Tx=1745288 Rx=5732202
05-18 09:10:02.107 E/memtrack( 7280): Couldn't load memtrack module (No such file or directory)
05-18 09:10:02.107 E/android.os.Debug( 7280): failed to load memtrack module: -2
05-18 09:10:02.793 E/WifiStateMachine(  851):  ConnectedState (when=-3ms what=131155 arg1=591!CMD_RSSI_POLL 591 0 "BOCO-office" 94:b4:0f:68:a4:b1 rssi=-52 f=5785 sc=80 link=135 tx=5.6, 0.0, 0.0  rx=39.2 bcn=0 [on:0 tx:0 rx:0 period:2998] from screen [on:0 period:608361865] gl rssi=-52 ag=0 hr ticks 314,77,49 ls-=0 [56,56,60,60,65] brc=0 lrc=0
05-18 09:10:02.794 E/WifiStateMachine(  851):  L2ConnectedState (when=-4ms what=131155 arg1=591!CMD_RSSI_POLL 591 0 "BOCO-office" 94:b4:0f:68:a4:b1 rssi=-52 f=5785 sc=80 link=135 tx=5.6, 0.0, 0.0  rx=39.2 bcn=0 [on:0 tx:0 rx:0 period:1] from screen [on:0 period:608361866] gl rssi=-52 ag=0 hr ticks 314,77,49 ls-=0 [56,56,60,60,65] brc=0 lrc=0
05-18 09:10:02.794 E/WifiStateMachine(  851):  get link layer stats 0
05-18 09:10:02.796 E/WifiStateMachine(  851): calculateWifiScore() we set wifi's score to 1000, so will always set wifi as a default network.
05-18 09:10:02.907 E/memtrack( 7298): Couldn't load memtrack module (No such file or directory)
05-18 09:10:02.908 E/android.os.Debug( 7298): failed to load memtrack module: -2
05-18 09:10:02.980 E/WifiTrafficPoller(  851): TRAFFIC_STATS_POLL true Token 2644 num clients 16
05-18 09:10:02.981 E/WifiTrafficPoller(  851):  packet count Tx=1745288 Rx=5732226
05-18 09:10:02.982 E/WifiTrafficPoller(  851): notifying of data activity 1
05-18 09:10:03.985 E/WifiTrafficPoller(  851): TRAFFIC_STATS_POLL true Token 2644 num clients 16
05-18 09:10:03.986 E/WifiTrafficPoller(  851):  packet count Tx=1745288 Rx=5732236
05-18 09:10:04.281 E/memtrack( 7315): Couldn't load memtrack module (No such file or directory)
05-18 09:10:04.281 E/android.os.Debug( 7315): failed to load memtrack module: -2
05-18 09:10:04.987 E/WifiTrafficPoller(  851): TRAFFIC_STATS_POLL true Token 2644 num clients 16
05-18 09:10:04.988 E/WifiTrafficPoller(  851):  packet count Tx=1745288 Rx=5732247
05-18 09:10:05.249 E/memtrack( 7331): Couldn't load memtrack module (No such file or directory)
05-18 09:10:05.249 E/android.os.Debug( 7331): failed to load memtrack module: -2
05-18 09:10:05.798 E/WifiStateMachine(  851):  ConnectedState (when=-1ms what=131155 arg1=591!CMD_RSSI_POLL 591 0 "BOCO-office" 94:b4:0f:68:a4:b1 rssi=-53 f=5785 sc=80 link=135 tx=5.3, 0.0, 0.0  rx=45.6 bcn=0 [on:0 tx:0 rx:0 period:3000] from screen [on:0 period:608364870] gl rssi=-53 ag=0 hr ticks 314,77,49 ls-=0 [56,56,60,60,65] brc=0 lrc=0
05-18 09:10:05.799 E/WifiStateMachine(  851):  L2ConnectedState (when=-2ms what=131155 arg1=591!CMD_RSSI_POLL 591 0 "BOCO-office" 94:b4:0f:68:a4:b1 rssi=-53 f=5785 sc=80 link=135 tx=5.3, 0.0, 0.0  rx=45.6 bcn=0 [on:0 tx:0 rx:0 period:1] from screen [on:0 period:608364871] gl rssi=-53 ag=0 hr ticks 314,77,49 ls-=0 [56,56,60,60,65] brc=0 lrc=0
05-18 09:10:05.799 E/WifiStateMachine(  851):  get link layer stats 0
05-18 09:10:05.803 E/WifiStateMachine(  851): calculateWifiScore() we set wifi's score to 1000, so will always set wifi as a default network.
05-18 09:10:05.988 E/WifiTrafficPoller(  851): TRAFFIC_STATS_POLL true Token 2644 num clients 16
05-18 09:10:05.988 E/WifiTrafficPoller(  851):  packet count Tx=1745289 Rx=5732257
05-18 09:10:05.988 E/WifiTrafficPoller(  851): notifying of data activity 3
05-18 09:10:06.133 E/memtrack( 7347): Couldn't load memtrack module (No such file or directory)
05-18 09:10:06.133 E/android.os.Debug( 7347): failed to load memtrack module: -2
05-18 09:10:06.990 E/WifiTrafficPoller(  851): TRAFFIC_STATS_POLL true Token 2644 num clients 16
05-18 09:10:06.991 E/WifiTrafficPoller(  851):  packet count Tx=1745290 Rx=5732271
05-18 09:10:07.262 E/memtrack( 7368): Couldn't load memtrack module (No such file or directory)
05-18 09:10:07.262 E/android.os.Debug( 7368): failed to load memtrack module: -2
05-18 09:10:07.898 E/memtrack( 7385): Couldn't load memtrack module (No such file or directory)
05-18 09:10:07.898 E/android.os.Debug( 7385): failed to load memtrack module: -2
05-18 09:10:07.992 E/WifiTrafficPoller(  851): TRAFFIC_STATS_POLL true Token 2644 num clients 16
05-18 09:10:07.993 E/WifiTrafficPoller(  851):  packet count Tx=1745291 Rx=5732284
05-18 09:10:08.809 E/WifiStateMachine(  851):  ConnectedState (when=-4ms what=131155 arg1=591!CMD_RSSI_POLL 591 0 "BOCO-office" 94:b4:0f:68:a4:b1 rssi=-52 f=5785 sc=80 link=135 tx=3.1, 0.0, 0.0  rx=42.8 bcn=0 [on:0 tx:0 rx:0 period:3000] from screen [on:0 period:608367880] gl rssi=-52 ag=0 hr ticks 314,77,49 ls-=0 [56,56,56,56,61] brc=0 lrc=0
05-18 09:10:08.812 E/WifiStateMachine(  851):  L2ConnectedState (when=-7ms what=131155 arg1=591!CMD_RSSI_POLL 591 0 "BOCO-office" 94:b4:0f:68:a4:b1 rssi=-52 f=5785 sc=80 link=135 tx=3.1, 0.0, 0.0  rx=42.8 bcn=0 [on:0 tx:0 rx:0 period:4] from screen [on:0 period:608367884] gl rssi=-52 ag=0 hr ticks 314,77,49 ls-=0 [56,56,56,56,61] brc=0 lrc=0
05-18 09:10:08.812 E/WifiStateMachine(  851):  get link layer stats 0
05-18 09:10:08.831 E/WifiStateMachine(  851): calculateWifiScore() we set wifi's score to 1000, so will always set wifi as a default network.
05-18 09:10:08.993 E/WifiTrafficPoller(  851): TRAFFIC_STATS_POLL true Token 2644 num clients 16
05-18 09:10:08.994 E/WifiTrafficPoller(  851):  packet count Tx=1745291 Rx=5732294
05-18 09:10:08.995 E/WifiTrafficPoller(  851): notifying of data activity 1
05-18 09:10:10.003 E/WifiTrafficPoller(  851): TRAFFIC_STATS_POLL true Token 2644 num clients 16
05-18 09:10:10.004 E/WifiTrafficPoller(  851):  packet count Tx=1745291 Rx=5732307
05-18 09:10:11.006 E/WifiTrafficPoller(  851): TRAFFIC_STATS_POLL true Token 2644 num clients 16
05-18 09:10:11.007 E/WifiTrafficPoller(  851):  packet count Tx=1745291 Rx=5732320
05-18 09:10:11.836 E/WifiStateMachine(  851):  ConnectedState (when=-3ms what=131155 arg1=591!CMD_RSSI_POLL 591 0 "BOCO-office" 94:b4:0f:68:a4:b1 rssi=-52 f=5785 sc=80 link=135 tx=2.6, 0.0, 0.0  rx=40.4 bcn=0 [on:0 tx:0 rx:0 period:2997] from screen [on:0 period:608370907] gl rssi=-52 ag=0 hr ticks 314,77,49 ls-=0 [56,56,56,56,61] brc=0 lrc=0
05-18 09:10:11.845 E/WifiStateMachine(  851):  L2ConnectedState (when=-12ms what=131155 arg1=591!CMD_RSSI_POLL 591 0 "BOCO-office" 94:b4:0f:68:a4:b1 rssi=-52 f=5785 sc=80 link=135 tx=2.6, 0.0, 0.0  rx=40.4 bcn=0 [on:0 tx:0 rx:0 period:9] from screen [on:0 period:608370916] gl rssi=-52 ag=0 hr ticks 314,77,49 ls-=0 [56,56,56,56,61] brc=0 lrc=0
05-18 09:10:11.851 E/WifiStateMachine(  851):  get link layer stats 0
05-18 09:10:11.882 E/WifiStateMachine(  851): calculateWifiScore() we set wifi's score to 1000, so will always set wifi as a default network.
05-18 09:10:12.007 E/WifiTrafficPoller(  851): TRAFFIC_STATS_POLL true Token 2644 num clients 16
05-18 09:10:12.008 E/WifiTrafficPoller(  851):  packet count Tx=1745291 Rx=5732336
05-18 09:10:12.775 E/memtrack( 7407): Couldn't load memtrack module (No such file or directory)
05-18 09:10:12.775 E/android.os.Debug( 7407): failed to load memtrack module: -2
05-18 09:10:13.008 E/WifiTrafficPoller(  851): TRAFFIC_STATS_POLL true Token 2644 num clients 16
05-18 09:10:13.009 E/WifiTrafficPoller(  851):  packet count Tx=1745291 Rx=5732352
05-18 09:10:13.544 E/memtrack( 7424): Couldn't load memtrack module (No such file or directory)
05-18 09:10:13.544 E/android.os.Debug( 7424): failed to load memtrack module: -2
05-18 09:10:14.010 E/WifiTrafficPoller(  851): TRAFFIC_STATS_POLL true Token 2644 num clients 16
05-18 09:10:14.011 E/WifiTrafficPoller(  851):  packet count Tx=1745296 Rx=5732370
05-18 09:10:14.011 E/WifiTrafficPoller(  851): notifying of data activity 3
05-18 09:10:14.111 E/[PropSet]( 6594): connect fail
05-18 09:10:14.111 E/[PropSet]( 6594): send_prop_msg return err -1
05-18 09:10:14.187 E/MPlugin ( 6594): Unsupported class: com.mediatek.common.telephony.IOnlyOwnerSimSupport
05-18 09:10:14.327 E/MessageListAdapter( 6594): exception in MessageListAdapter cacheItem .....
05-18 09:10:14.723 E/memtrack( 7465): Couldn't load memtrack module (No such file or directory)
05-18 09:10:14.723 E/android.os.Debug( 7465): failed to load memtrack module: -2
05-18 09:10:14.885 E/WifiStateMachine(  851):  ConnectedState (when=-1ms what=131155 arg1=591!CMD_RSSI_POLL 591 0 "BOCO-office" 94:b4:0f:68:a4:b1 rssi=-52 f=5785 sc=80 link=135 tx=1.3, 0.0, 0.0  rx=40.7 bcn=0 [on:0 tx:0 rx:0 period:2995] from screen [on:0 period:608373957] gl rssi=-52 ag=0 hr ticks 314,77,49 ls-=0 [56,56,56,56,61] brc=0 lrc=0
05-18 09:10:14.886 E/WifiStateMachine(  851):  L2ConnectedState (when=-2ms what=131155 arg1=591!CMD_RSSI_POLL 591 0 "BOCO-office" 94:b4:0f:68:a4:b1 rssi=-52 f=5785 sc=80 link=135 tx=1.3, 0.0, 0.0  rx=40.7 bcn=0 [on:0 tx:0 rx:0 period:1] from screen [on:0 period:608373958] gl rssi=-52 ag=0 hr ticks 314,77,49 ls-=0 [56,56,56,56,61] brc=0 lrc=0
05-18 09:10:14.886 E/WifiStateMachine(  851):  get link layer stats 0
05-18 09:10:14.900 E/WifiStateMachine(  851): calculateWifiScore() we set wifi's score to 1000, so will always set wifi as a default network.
05-18 09:10:15.013 E/WifiTrafficPoller(  851): TRAFFIC_STATS_POLL true Token 2644 num clients 16
05-18 09:10:15.013 E/WifiTrafficPoller(  851):  packet count Tx=1745296 Rx=5732384
05-18 09:10:15.013 E/WifiTrafficPoller(  851): notifying of data activity 1
05-18 09:10:15.530 E/memtrack( 7493): Couldn't load memtrack module (No such file or directory)
05-18 09:10:15.530 E/android.os.Debug( 7493): failed to load memtrack module: -2
