05-18 11:47:31.400 E/WifiStateMachine(  851): calculateWifiScore() we set wifi's score to 1000, so will always set wifi as a default network.
05-18 11:47:32.350 E/WifiTrafficPoller(  851): TRAFFIC_STATS_POLL true Token 2644 num clients 15
05-18 11:47:32.351 E/WifiTrafficPoller(  851):  packet count Tx=1851992 Rx=6043617
05-18 11:47:33.353 E/WifiTrafficPoller(  851): TRAFFIC_STATS_POLL true Token 2644 num clients 15
05-18 11:47:33.353 E/WifiTrafficPoller(  851):  packet count Tx=1851992 Rx=6043633
05-18 11:47:34.354 E/WifiTrafficPoller(  851): TRAFFIC_STATS_POLL true Token 2644 num clients 15
05-18 11:47:34.355 E/WifiTrafficPoller(  851):  packet count Tx=1851992 Rx=6043645
05-18 11:47:34.404 E/WifiStateMachine(  851):  ConnectedState (when=-3ms what=131155 arg1=591!CMD_RSSI_POLL 591 0 "BOCO-office" 94:b4:0f:68:a4:b1 rssi=-50 f=5785 sc=80 link=135 tx=0.5, 0.0, 0.0  rx=49.0 bcn=0 [on:0 tx:0 rx:0 period:3000] from screen [on:0 period:617813476] gl rssi=-50 ag=0 hr ticks 314,77,51 ls-=0 [56,56,56,56,61] brc=0 lrc=0
05-18 11:47:34.411 E/WifiStateMachine(  851):  L2ConnectedState (when=-9ms what=131155 arg1=591!CMD_RSSI_POLL 591 0 "BOCO-office" 94:b4:0f:68:a4:b1 rssi=-50 f=5785 sc=80 link=135 tx=0.5, 0.0, 0.0  rx=49.0 bcn=0 [on:0 tx:0 rx:0 period:7] from screen [on:0 period:617813483] gl rssi=-50 ag=0 hr ticks 314,77,51 ls-=0 [56,56,56,56,61] brc=0 lrc=0
05-18 11:47:34.413 E/WifiStateMachine(  851):  get link layer stats 0
05-18 11:47:34.444 E/WifiStateMachine(  851): calculateWifiScore() we set wifi's score to 1000, so will always set wifi as a default network.
05-18 11:47:35.355 E/WifiTrafficPoller(  851): TRAFFIC_STATS_POLL true Token 2644 num clients 15
05-18 11:47:35.356 E/WifiTrafficPoller(  851):  packet count Tx=1851992 Rx=6043656
05-18 11:47:36.355 E/WifiTrafficPoller(  851): TRAFFIC_STATS_POLL true Token 2644 num clients 15
05-18 11:47:36.356 E/WifiTrafficPoller(  851):  packet count Tx=1851992 Rx=6043677
05-18 11:47:37.356 E/WifiTrafficPoller(  851): TRAFFIC_STATS_POLL true Token 2644 num clients 15
05-18 11:47:37.357 E/WifiTrafficPoller(  851):  packet count Tx=1851992 Rx=6043695
05-18 11:47:37.448 E/WifiStateMachine(  851):  ConnectedState (when=-1ms what=131155 arg1=591!CMD_RSSI_POLL 591 0 "BOCO-office" 94:b4:0f:68:a4:b1 rssi=-49 f=5785 sc=80 link=135 tx=0.3, 0.0, 0.0  rx=45.0 bcn=0 [on:0 tx:0 rx:0 period:2988] from screen [on:0 period:617816520] gl rssi=-49 ag=0 hr ticks 314,77,51 ls-=0 [56,56,56,56,61] brc=0 lrc=0
05-18 11:47:37.452 E/WifiStateMachine(  851):  L2ConnectedState (when=-5ms what=131155 arg1=591!CMD_RSSI_POLL 591 0 "BOCO-office" 94:b4:0f:68:a4:b1 rssi=-49 f=5785 sc=80 link=135 tx=0.3, 0.0, 0.0  rx=45.0 bcn=0 [on:0 tx:0 rx:0 period:4] from screen [on:0 period:617816524] gl rssi=-49 ag=0 hr ticks 314,77,51 ls-=0 [56,56,56,56,61] brc=0 lrc=0
05-18 11:47:37.454 E/WifiStateMachine(  851):  get link layer stats 0
05-18 11:47:37.463 E/WifiStateMachine(  851): calculateWifiScore() we set wifi's score to 1000, so will always set wifi as a default network.
05-18 11:47:38.358 E/WifiTrafficPoller(  851): TRAFFIC_STATS_POLL true Token 2644 num clients 15
05-18 11:47:38.358 E/WifiTrafficPoller(  851):  packet count Tx=1851992 Rx=6043709
05-18 11:47:39.359 E/WifiTrafficPoller(  851): TRAFFIC_STATS_POLL true Token 2644 num clients 15
05-18 11:47:39.360 E/WifiTrafficPoller(  851):  packet count Tx=1851992 Rx=6043727
05-18 11:47:40.360 E/WifiTrafficPoller(  851): TRAFFIC_STATS_POLL true Token 2644 num clients 15
05-18 11:47:40.360 E/WifiTrafficPoller(  851):  packet count Tx=1851992 Rx=6043736
05-18 11:47:40.468 E/WifiStateMachine(  851):  ConnectedState (when=-1ms what=131155 arg1=591!CMD_RSSI_POLL 591 0 "BOCO-office" 94:b4:0f:68:a4:b1 rssi=-50 f=5785 sc=80 link=135 tx=0.1, 0.0, 0.0  rx=48.5 bcn=0 [on:0 tx:0 rx:0 period:2993] from screen [on:0 period:617819540] gl rssi=-50 ag=0 hr ticks 314,77,51 ls-=0 [56,56,56,56,61] brc=0 lrc=0
05-18 11:47:40.475 E/WifiStateMachine(  851):  L2ConnectedState (when=-8ms what=131155 arg1=591!CMD_RSSI_POLL 591 0 "BOCO-office" 94:b4:0f:68:a4:b1 rssi=-50 f=5785 sc=80 link=135 tx=0.1, 0.0, 0.0  rx=48.5 bcn=0 [on:0 tx:0 rx:0 period:7] from screen [on:0 period:617819547] gl rssi=-50 ag=0 hr ticks 314,77,51 ls-=0 [56,56,56,56,61] brc=0 lrc=0
05-18 11:47:40.481 E/WifiStateMachine(  851):  get link layer stats 0
05-18 11:47:40.514 E/WifiStateMachine(  851): calculateWifiScore() we set wifi's score to 1000, so will always set wifi as a default network.
05-18 11:47:41.361 E/WifiTrafficPoller(  851): TRAFFIC_STATS_POLL true Token 2644 num clients 15
05-18 11:47:41.362 E/WifiTrafficPoller(  851):  packet count Tx=1851992 Rx=6043749
05-18 11:47:42.362 E/WifiTrafficPoller(  851): TRAFFIC_STATS_POLL true Token 2644 num clients 15
05-18 11:47:42.363 E/WifiTrafficPoller(  851):  packet count Tx=1851992 Rx=6043764
05-18 11:47:43.363 E/WifiTrafficPoller(  851): TRAFFIC_STATS_POLL true Token 2644 num clients 15
05-18 11:47:43.363 E/WifiTrafficPoller(  851):  packet count Tx=1851992 Rx=6043771
05-18 11:47:43.522 E/WifiStateMachine(  851):  ConnectedState (when=-4ms what=131155 arg1=591!CMD_RSSI_POLL 591 0 "BOCO-office" 94:b4:0f:68:a4:b1 rssi=-50 f=5785 sc=80 link=135 tx=0.1, 0.0, 0.0  rx=44.8 bcn=0 [on:0 tx:0 rx:0 period:2993] from screen [on:0 period:617822594] gl rssi=-50 ag=0 hr ticks 314,77,51 ls-=0 [56,56,56,56,61] brc=0 lrc=0
05-18 11:47:43.529 E/WifiStateMachine(  851):  L2ConnectedState (when=-11ms what=131155 arg1=591!CMD_RSSI_POLL 591 0 "BOCO-office" 94:b4:0f:68:a4:b1 rssi=-50 f=5785 sc=80 link=135 tx=0.1, 0.0, 0.0  rx=44.8 bcn=0 [on:0 tx:0 rx:0 period:7] from screen [on:0 period:617822601] gl rssi=-50 ag=0 hr ticks 314,77,51 ls-=0 [56,56,56,56,61] brc=0 lrc=0
05-18 11:47:43.532 E/WifiStateMachine(  851):  get link layer stats 0
05-18 11:47:43.563 E/WifiStateMachine(  851): calculateWifiScore() we set wifi's score to 1000, so will always set wifi as a default network.
05-18 11:47:44.364 E/WifiTrafficPoller(  851): TRAFFIC_STATS_POLL true Token 2644 num clients 15
05-18 11:47:44.365 E/WifiTrafficPoller(  851):  packet count Tx=1851992 Rx=6043783
05-18 11:47:45.366 E/WifiTrafficPoller(  851): TRAFFIC_STATS_POLL true Token 2644 num clients 15
05-18 11:47:45.366 E/WifiTrafficPoller(  851):  packet count Tx=1851992 Rx=6043794
05-18 11:47:46.367 E/WifiTrafficPoller(  851): TRAFFIC_STATS_POLL true Token 2644 num clients 15
05-18 11:47:46.368 E/WifiTrafficPoller(  851):  packet count Tx=1851992 Rx=6043811
05-18 11:47:46.570 E/WifiStateMachine(  851):  ConnectedState (when=-3ms what=131155 arg1=591!CMD_RSSI_POLL 591 0 "BOCO-office" 94:b4:0f:68:a4:b1 rssi=-50 f=5785 sc=80 link=135 tx=0.0, 0.0, 0.0  rx=39.4 bcn=0 [on:0 tx:0 rx:0 period:2991] from screen [on:0 period:617825642] gl rssi=-50 ag=0 hr ticks 314,77,51 ls-=0 [56,56,56,56,61] brc=0 lrc=0
05-18 11:47:46.577 E/WifiStateMachine(  851):  L2ConnectedState (when=-10ms what=131155 arg1=591!CMD_RSSI_POLL 591 0 "BOCO-office" 94:b4:0f:68:a4:b1 rssi=-50 f=5785 sc=80 link=135 tx=0.0, 0.0, 0.0  rx=39.4 bcn=0 [on:0 tx:0 rx:0 period:7] from screen [on:0 period:617825649] gl rssi=-50 ag=0 hr ticks 314,77,51 ls-=0 [56,56,56,56,61] brc=0 lrc=0
05-18 11:47:46.580 E/WifiStateMachine(  851):  get link layer stats 0
05-18 11:47:46.613 E/WifiStateMachine(  851): calculateWifiScore() we set wifi's score to 1000, so will always set wifi as a default network.
05-18 11:47:47.368 E/WifiTrafficPoller(  851): TRAFFIC_STATS_POLL true Token 2644 num clients 15
05-18 11:47:47.369 E/WifiTrafficPoller(  851):  packet count Tx=1851992 Rx=6043827
05-18 11:47:48.370 E/WifiTrafficPoller(  851): TRAFFIC_STATS_POLL true Token 2644 num clients 15
05-18 11:47:48.370 E/WifiTrafficPoller(  851):  packet count Tx=1851992 Rx=6043841
05-18 11:47:49.371 E/WifiTrafficPoller(  851): TRAFFIC_STATS_POLL true Token 2644 num clients 15
05-18 11:47:49.372 E/WifiTrafficPoller(  851):  packet count Tx=1851992 Rx=6043874
05-18 11:47:49.621 E/WifiStateMachine(  851):  ConnectedState (when=-2ms what=131155 arg1=591!CMD_RSSI_POLL 591 0 "BOCO-office" 94:b4:0f:68:a4:b1 rssi=-50 f=5785 sc=80 link=135 tx=0.0, 0.0, 0.0  rx=40.2 bcn=0 [on:0 tx:0 rx:0 period:2990] from screen [on:0 period:617828692] gl rssi=-50 ag=0 hr ticks 314,77,51 ls-=0 [56,56,56,56,61] brc=0 lrc=0
05-18 11:47:49.627 E/WifiStateMachine(  851):  L2ConnectedState (when=-6ms what=131155 arg1=591!CMD_RSSI_POLL 591 0 "BOCO-office" 94:b4:0f:68:a4:b1 rssi=-50 f=5785 sc=80 link=135 tx=0.0, 0.0, 0.0  rx=40.2 bcn=0 [on:0 tx:0 rx:0 period:5] from screen [on:0 period:617828697] gl rssi=-50 ag=0 hr ticks 314,77,51 ls-=0 [56,56,56,56,61] brc=0 lrc=0
05-18 11:47:49.636 E/WifiStateMachine(  851):  get link layer stats 0
05-18 11:47:49.643 E/WifiStateMachine(  851): calculateWifiScore() we set wifi's score to 1000, so will always set wifi as a default network.
05-18 11:47:50.373 E/WifiTrafficPoller(  851): TRAFFIC_STATS_POLL true Token 2644 num clients 15
05-18 11:47:50.373 E/WifiTrafficPoller(  851):  packet count Tx=1851992 Rx=6043885
05-18 11:47:51.374 E/WifiTrafficPoller(  851): TRAFFIC_STATS_POLL true Token 2644 num clients 15
05-18 11:47:51.374 E/WifiTrafficPoller(  851):  packet count Tx=1851992 Rx=6043894
05-18 11:47:52.376 E/WifiTrafficPoller(  851): TRAFFIC_STATS_POLL true Token 2644 num clients 15
05-18 11:47:52.376 E/WifiTrafficPoller(  851):  packet count Tx=1851992 Rx=6043904
05-18 11:47:52.647 E/WifiStateMachine(  851):  ConnectedState (when=-1ms what=131155 arg1=591!CMD_RSSI_POLL 591 0 "BOCO-office" 94:b4:0f:68:a4:b1 rssi=-50 f=5785 sc=80 link=135 tx=0.0, 0.0, 0.0  rx=52.1 bcn=0 [on:0 tx:0 rx:0 period:2997] from screen [on:0 period:617831718] gl rssi=-50 ag=0 hr ticks 314,77,51 ls-=0 [56,56,56,56,61] brc=0 lrc=0
05-18 11:47:52.651 E/WifiStateMachine(  851):  L2ConnectedState (when=-5ms what=131155 arg1=591!CMD_RSSI_POLL 591 0 "BOCO-office" 94:b4:0f:68:a4:b1 rssi=-50 f=5785 sc=80 link=135 tx=0.0, 0.0, 0.0  rx=52.1 bcn=0 [on:0 tx:0 rx:0 period:5] from screen [on:0 period:617831723] gl rssi=-50 ag=0 hr ticks 314,77,51 ls-=0 [56,56,56,56,61] brc=0 lrc=0
05-18 11:47:52.652 E/WifiStateMachine(  851):  get link layer stats 0
05-18 11:47:52.670 E/WifiStateMachine(  851): calculateWifiScore() we set wifi's score to 1000, so will always set wifi as a default network.
05-18 11:47:53.377 E/WifiTrafficPoller(  851): TRAFFIC_STATS_POLL true Token 2644 num clients 15
05-18 11:47:53.377 E/WifiTrafficPoller(  851):  packet count Tx=1851992 Rx=6043910
05-18 11:47:54.379 E/WifiTrafficPoller(  851): TRAFFIC_STATS_POLL true Token 2644 num clients 15
05-18 11:47:54.379 E/WifiTrafficPoller(  851):  packet count Tx=1851992 Rx=6043924
05-18 11:47:55.380 E/WifiTrafficPoller(  851): TRAFFIC_STATS_POLL true Token 2644 num clients 15
05-18 11:47:55.381 E/WifiTrafficPoller(  851):  packet count Tx=1851992 Rx=6043934
05-18 11:47:55.672 E/WifiStateMachine(  851):  ConnectedState (when=-1ms what=131155 arg1=591!CMD_RSSI_POLL 591 0 "BOCO-office" 94:b4:0f:68:a4:b1 rssi=-50 f=5785 sc=80 link=135 tx=0.0, 0.0, 0.0  rx=41.5 bcn=0 [on:0 tx:0 rx:0 period:2991] from screen [on:0 period:617834744] gl rssi=-50 ag=0 hr ticks 314,77,51 ls-=0 [56,56,56,56,61] brc=0 lrc=0
05-18 11:47:55.677 E/WifiStateMachine(  851):  L2ConnectedState (when=-4ms what=131155 arg1=591!CMD_RSSI_POLL 591 0 "BOCO-office" 94:b4:0f:68:a4:b1 rssi=-50 f=5785 sc=80 link=135 tx=0.0, 0.0, 0.0  rx=41.5 bcn=0 [on:0 tx:0 rx:0 period:4] from screen [on:0 period:617834748] gl rssi=-50 ag=0 hr ticks 314,77,51 ls-=0 [56,56,56,56,61] brc=0 lrc=0
05-18 11:47:55.679 E/WifiStateMachine(  851):  get link layer stats 0
05-18 11:47:55.687 E/WifiStateMachine(  851): calculateWifiScore() we set wifi's score to 1000, so will always set wifi as a default network.
05-18 11:47:56.381 E/WifiTrafficPoller(  851): TRAFFIC_STATS_POLL true Token 2644 num clients 15
05-18 11:47:56.381 E/WifiTrafficPoller(  851):  packet count Tx=1851992 Rx=6043945
05-18 11:47:57.382 E/WifiTrafficPoller(  851): TRAFFIC_STATS_POLL true Token 2644 num clients 15
05-18 11:47:57.383 E/WifiTrafficPoller(  851):  packet count Tx=1851992 Rx=6043958
05-18 11:47:58.383 E/WifiTrafficPoller(  851): TRAFFIC_STATS_POLL true Token 2644 num clients 15
05-18 11:47:58.383 E/WifiTrafficPoller(  851):  packet count Tx=1851992 Rx=6043969
05-18 11:47:58.692 E/WifiStateMachine(  851):  ConnectedState (when=-4ms what=131155 arg1=591!CMD_RSSI_POLL 591 0 "BOCO-office" 94:b4:0f:68:a4:b1 rssi=-50 f=5785 sc=80 link=135 tx=0.0, 0.0, 0.0  rx=36.8 bcn=0 [on:0 tx:0 rx:0 period:2993] from screen [on:0 period:617837764] gl rssi=-50 ag=0 hr ticks 314,77,51 ls-=0 [56,56,56,56,61] brc=0 lrc=0
05-18 11:47:58.699 E/WifiStateMachine(  851):  L2ConnectedState (when=-11ms what=131155 arg1=591!CMD_RSSI_POLL 591 0 "BOCO-office" 94:b4:0f:68:a4:b1 rssi=-50 f=5785 sc=80 link=135 tx=0.0, 0.0, 0.0  rx=36.8 bcn=0 [on:0 tx:0 rx:0 period:7] from screen [on:0 period:617837771] gl rssi=-50 ag=0 hr ticks 314,77,51 ls-=0 [56,56,56,56,61] brc=0 lrc=0
05-18 11:47:58.702 E/WifiStateMachine(  851):  get link layer stats 0
05-18 11:47:58.716 E/WifiStateMachine(  851): calculateWifiScore() we set wifi's score to 1000, so will always set wifi as a default network.
05-18 11:47:59.303 E/MNLD    (  339): main: process data error: 2 (No such file or directory)
05-18 11:47:59.313 E/MNLD    (  339): main: process data error: 2 (No such file or directory)
05-18 11:47:59.321 E/CellLocation(  851): create GsmCellLocation
05-18 11:47:59.385 E/WifiTrafficPoller(  851): TRAFFIC_STATS_POLL true Token 2644 num clients 15
05-18 11:47:59.385 E/WifiTrafficPoller(  851):  packet count Tx=1851993 Rx=6043985
05-18 11:47:59.385 E/WifiTrafficPoller(  851): notifying of data activity 3
05-18 11:48:00.391 E/WifiTrafficPoller(  851): TRAFFIC_STATS_POLL true Token 2644 num clients 15
05-18 11:48:00.392 E/WifiTrafficPoller(  851):  packet count Tx=1851996 Rx=6043999
05-18 11:48:01.394 E/WifiTrafficPoller(  851): TRAFFIC_STATS_POLL true Token 2644 num clients 15
05-18 11:48:01.395 E/WifiTrafficPoller(  851):  packet count Tx=1851996 Rx=6044009
05-18 11:48:01.395 E/WifiTrafficPoller(  851): notifying of data activity 1
05-18 11:48:01.722 E/WifiStateMachine(  851):  ConnectedState (when=-3ms what=131155 arg1=591!CMD_RSSI_POLL 591 0 "BOCO-office" 94:b4:0f:68:a4:b1 rssi=-50 f=5785 sc=80 link=135 tx=0.5, 0.0, 0.0  rx=35.4 bcn=0 [on:0 tx:0 rx:0 period:2998] from screen [on:0 period:617840794] gl rssi=-50 ag=0 hr ticks 314,77,51 ls-=0 [56,56,56,56,61] brc=0 lrc=0
05-18 11:48:01.723 E/WifiStateMachine(  851):  L2ConnectedState (when=-4ms what=131155 arg1=591!CMD_RSSI_POLL 591 0 "BOCO-office" 94:b4:0f:68:a4:b1 rssi=-50 f=5785 sc=80 link=135 tx=0.5, 0.0, 0.0  rx=35.4 bcn=0 [on:0 tx:0 rx:0 period:1] from screen [on:0 period:617840795] gl rssi=-50 ag=0 hr ticks 314,77,51 ls-=0 [56,56,56,56,61] brc=0 lrc=0
05-18 11:48:01.723 E/WifiStateMachine(  851):  get link layer stats 0
05-18 11:48:01.726 E/WifiStateMachine(  851): calculateWifiScore() we set wifi's score to 1000, so will always set wifi as a default network.
05-18 11:48:01.782 E/ConnectivityService(  851): RemoteException caught trying to send a callback msg for NetworkRequest [ id=1210, legacyType=-1, [ Capabilities: INTERNET&NOT_RESTRICTED&TRUSTED] ]
05-18 11:48:02.398 E/WifiTrafficPoller(  851): TRAFFIC_STATS_POLL true Token 2644 num clients 14
05-18 11:48:02.399 E/WifiTrafficPoller(  851):  packet count Tx=1852003 Rx=6044027
05-18 11:48:02.399 E/WifiTrafficPoller(  851): notifying of data activity 3
05-18 11:48:03.402 E/WifiTrafficPoller(  851): TRAFFIC_STATS_POLL true Token 2644 num clients 14
05-18 11:48:03.403 E/WifiTrafficPoller(  851):  packet count Tx=1852003 Rx=6044032
05-18 11:48:03.403 E/WifiTrafficPoller(  851): notifying of data activity 1
05-18 11:48:04.404 E/WifiTrafficPoller(  851): TRAFFIC_STATS_POLL true Token 2644 num clients 14
05-18 11:48:04.406 E/WifiTrafficPoller(  851):  packet count Tx=1852003 Rx=6044039
05-18 11:48:04.729 E/WifiStateMachine(  851):  ConnectedState (when=-1ms what=131155 arg1=591!CMD_RSSI_POLL 591 0 "BOCO-office" 94:b4:0f:68:a4:b1 rssi=-50 f=5785 sc=80 link=135 tx=1.8, 0.0, 0.0  rx=37.7 bcn=0 [on:0 tx:0 rx:0 period:2934] from screen [on:0 period:617843801] gl rssi=-50 ag=0 hr ticks 314,77,51 ls-=0 [56,56,56,56,61] brc=0 lrc=0
05-18 11:48:04.736 E/WifiStateMachine(  851):  L2ConnectedState (when=-8ms what=131155 arg1=591!CMD_RSSI_POLL 591 0 "BOCO-office" 94:b4:0f:68:a4:b1 rssi=-50 f=5785 sc=80 link=135 tx=1.8, 0.0, 0.0  rx=37.7 bcn=0 [on:0 tx:0 rx:0 period:7] from screen [on:0 period:617843808] gl rssi=-50 ag=0 hr ticks 314,77,51 ls-=0 [56,56,56,56,61] brc=0 lrc=0
05-18 11:48:04.740 E/WifiStateMachine(  851):  get link layer stats 0
05-18 11:48:04.752 E/WifiStateMachine(  851): calculateWifiScore() we set wifi's score to 1000, so will always set wifi as a default network.
05-18 11:48:05.406 E/WifiTrafficPoller(  851): TRAFFIC_STATS_POLL true Token 2644 num clients 14
05-18 11:48:05.408 E/WifiTrafficPoller(  851):  packet count Tx=1852006 Rx=6044058
05-18 11:48:05.408 E/WifiTrafficPoller(  851): notifying of data activity 3
05-18 11:48:06.433 E/WifiTrafficPoller(  851): TRAFFIC_STATS_POLL true Token 2644 num clients 14
05-18 11:48:06.434 E/WifiTrafficPoller(  851):  packet count Tx=1852006 Rx=6044082
05-18 11:48:06.434 E/WifiTrafficPoller(  851): notifying of data activity 1
05-18 11:48:07.440 E/WifiTrafficPoller(  851): TRAFFIC_STATS_POLL true Token 2644 num clients 14
05-18 11:48:07.441 E/WifiTrafficPoller(  851):  packet count Tx=1852006 Rx=6044106
05-18 11:48:07.760 E/WifiStateMachine(  851):  ConnectedState (when=-3ms what=131155 arg1=591!CMD_RSSI_POLL 591 0 "BOCO-office" 94:b4:0f:68:a4:b1 rssi=-50 f=5785 sc=80 link=135 tx=5.9, 0.0, 0.0  rx=35.8 bcn=0 [on:0 tx:0 rx:0 period:2995] from screen [on:0 period:617846831] gl rssi=-50 ag=0 hr ticks 314,77,51 ls-=0 [56,56,60,60,65] brc=0 lrc=0
05-18 11:48:07.767 E/WifiStateMachine(  851):  L2ConnectedState (when=-9ms what=131155 arg1=591!CMD_RSSI_POLL 591 0 "BOCO-office" 94:b4:0f:68:a4:b1 rssi=-50 f=5785 sc=80 link=135 tx=5.9, 0.0, 0.0  rx=35.8 bcn=0 [on:0 tx:0 rx:0 period:8] from screen [on:0 period:617846839] gl rssi=-50 ag=0 hr ticks 314,77,51 ls-=0 [56,56,60,60,65] brc=0 lrc=0
05-18 11:48:07.771 E/WifiStateMachine(  851):  get link layer stats 0
05-18 11:48:07.803 E/WifiStateMachine(  851): calculateWifiScore() we set wifi's score to 1000, so will always set wifi as a default network.
05-18 11:48:08.442 E/WifiTrafficPoller(  851): TRAFFIC_STATS_POLL true Token 2644 num clients 14
05-18 11:48:08.442 E/WifiTrafficPoller(  851):  packet count Tx=1852006 Rx=6044130
05-18 11:48:09.443 E/WifiTrafficPoller(  851): TRAFFIC_STATS_POLL true Token 2644 num clients 14
05-18 11:48:09.444 E/WifiTrafficPoller(  851):  packet count Tx=1852006 Rx=6044159
05-18 11:48:10.445 E/WifiTrafficPoller(  851): TRAFFIC_STATS_POLL true Token 2644 num clients 14
05-18 11:48:10.447 E/WifiTrafficPoller(  851):  packet count Tx=1852006 Rx=6044177
05-18 11:48:10.810 E/WifiStateMachine(  851):  ConnectedState (when=-1ms what=131155 arg1=591!CMD_RSSI_POLL 591 0 "BOCO-office" 94:b4:0f:68:a4:b1 rssi=-50 f=5785 sc=80 link=135 tx=2.9, 0.0, 0.0  rx=51.4 bcn=0 [on:0 tx:0 rx:0 period:2990] from screen [on:0 period:617849882] gl rssi=-50 ag=0 hr ticks 314,77,51 ls-=0 [56,56,56,56,61] brc=0 lrc=0
05-18 11:48:10.818 E/WifiStateMachine(  851):  L2ConnectedState (when=-7ms what=131155 arg1=591!CMD_RSSI_POLL 591 0 "BOCO-office" 94:b4:0f:68:a4:b1 rssi=-50 f=5785 sc=80 link=135 tx=2.9, 0.0, 0.0  rx=51.4 bcn=0 [on:0 tx:0 rx:0 period:8] from screen [on:0 period:617849890] gl rssi=-50 ag=0 hr ticks 314,77,51 ls-=0 [56,56,56,56,61] brc=0 lrc=0
05-18 11:48:10.820 E/WifiStateMachine(  851):  get link layer stats 0
05-18 11:48:10.832 E/WifiStateMachine(  851): calculateWifiScore() we set wifi's score to 1000, so will always set wifi as a default network.
05-18 11:48:11.447 E/WifiTrafficPoller(  851): TRAFFIC_STATS_POLL true Token 2644 num clients 14
05-18 11:48:11.448 E/WifiTrafficPoller(  851):  packet count Tx=1852006 Rx=6044189
05-18 11:48:12.449 E/WifiTrafficPoller(  851): TRAFFIC_STATS_POLL true Token 2644 num clients 14
05-18 11:48:12.451 E/WifiTrafficPoller(  851):  packet count Tx=1852006 Rx=6044200
05-18 11:48:13.452 E/WifiTrafficPoller(  851): TRAFFIC_STATS_POLL true Token 2644 num clients 14
05-18 11:48:13.453 E/WifiTrafficPoller(  851):  packet count Tx=1852006 Rx=6044211
05-18 11:48:13.837 E/WifiStateMachine(  851):  ConnectedState (when=-4ms what=131155 arg1=591!CMD_RSSI_POLL 591 0 "BOCO-office" 94:b4:0f:68:a4:b1 rssi=-50 f=5785 sc=80 link=135 tx=1.5, 0.0, 0.0  rx=57.7 bcn=0 [on:0 tx:0 rx:0 period:2999] from screen [on:0 period:617852909] gl rssi=-50 ag=0 hr ticks 314,77,51 ls-=0 [56,56,56,56,61] brc=0 lrc=0
05-18 11:48:13.845 E/WifiStateMachine(  851):  L2ConnectedState (when=-11ms what=131155 arg1=591!CMD_RSSI_POLL 591 0 "BOCO-office" 94:b4:0f:68:a4:b1 rssi=-50 f=5785 sc=80 link=135 tx=1.5, 0.0, 0.0  rx=57.7 bcn=0 [on:0 tx:0 rx:0 period:7] from screen [on:0 period:617852916] gl rssi=-50 ag=0 hr ticks 314,77,51 ls-=0 [56,56,56,56,61] brc=0 lrc=0
05-18 11:48:13.848 E/WifiStateMachine(  851):  get link layer stats 0
05-18 11:48:13.872 E/WifiStateMachine(  851): calculateWifiScore() we set wifi's score to 1000, so will always set wifi as a default network.
05-18 11:48:14.454 E/WifiTrafficPoller(  851): TRAFFIC_STATS_POLL true Token 2644 num clients 14
05-18 11:48:14.455 E/WifiTrafficPoller(  851):  packet count Tx=1852006 Rx=6044223
05-18 11:48:15.459 E/WifiTrafficPoller(  851): TRAFFIC_STATS_POLL true Token 2644 num clients 14
05-18 11:48:15.460 E/WifiTrafficPoller(  851):  packet count Tx=1852006 Rx=6044243
05-18 11:48:16.461 E/WifiTrafficPoller(  851): TRAFFIC_STATS_POLL true Token 2644 num clients 14
05-18 11:48:16.462 E/WifiTrafficPoller(  851):  packet count Tx=1852006 Rx=6044260
05-18 11:48:16.875 E/WifiStateMachine(  851):  ConnectedState (when=-1ms what=131155 arg1=591!CMD_RSSI_POLL 591 0 "BOCO-office" 94:b4:0f:68:a4:b1 rssi=-50 f=5785 sc=80 link=135 tx=0.7, 0.0, 0.0  rx=46.9 bcn=0 [on:0 tx:0 rx:0 period:2992] from screen [on:0 period:617855947] gl rssi=-50 ag=0 hr ticks 314,77,51 ls-=0 [56,56,56,56,61] brc=0 lrc=0
05-18 11:48:16.882 E/WifiStateMachine(  851):  L2ConnectedState (when=-7ms what=131155 arg1=591!CMD_RSSI_POLL 591 0 "BOCO-office" 94:b4:0f:68:a4:b1 rssi=-50 f=5785 sc=80 link=135 tx=0.7, 0.0, 0.0  rx=46.9 bcn=0 [on:0 tx:0 rx:0 period:7] from screen [on:0 period:617855954] gl rssi=-50 ag=0 hr ticks 314,77,51 ls-=0 [56,56,56,56,61] brc=0 lrc=0
05-18 11:48:16.886 E/WifiStateMachine(  851):  get link layer stats 0
05-18 11:48:16.898 E/WifiStateMachine(  851): calculateWifiScore() we set wifi's score to 1000, so will always set wifi as a default network.
05-18 11:48:17.464 E/WifiTrafficPoller(  851): TRAFFIC_STATS_POLL true Token 2644 num clients 14
05-18 11:48:17.465 E/WifiTrafficPoller(  851):  packet count Tx=1852006 Rx=6044275
05-18 11:48:18.466 E/WifiTrafficPoller(  851): TRAFFIC_STATS_POLL true Token 2644 num clients 14
05-18 11:48:18.470 E/WifiTrafficPoller(  851):  packet count Tx=1852006 Rx=6044288
05-18 11:48:19.472 E/WifiTrafficPoller(  851): TRAFFIC_STATS_POLL true Token 2644 num clients 14
05-18 11:48:19.473 E/WifiTrafficPoller(  851):  packet count Tx=1852006 Rx=6044306
05-18 11:48:19.906 E/WifiStateMachine(  851):  ConnectedState (when=-2ms what=131155 arg1=591!CMD_RSSI_POLL 591 0 "BOCO-office" 94:b4:0f:68:a4:b1 rssi=-50 f=5785 sc=80 link=135 tx=0.4, 0.0, 0.0  rx=49.9 bcn=0 [on:0 tx:0 rx:0 period:2986] from screen [on:0 period:617858978] gl rssi=-50 ag=0 hr ticks 314,77,51 ls-=0 [56,56,56,56,61] brc=0 lrc=0
05-18 11:48:19.913 E/WifiStateMachine(  851):  L2ConnectedState (when=-9ms what=131155 arg1=591!CMD_RSSI_POLL 591 0 "BOCO-office" 94:b4:0f:68:a4:b1 rssi=-50 f=5785 sc=80 link=135 tx=0.4, 0.0, 0.0  rx=49.9 bcn=0 [on:0 tx:0 rx:0 period:6] from screen [on:0 period:617858984] gl rssi=-50 ag=0 hr ticks 314,77,51 ls-=0 [56,56,56,56,61] brc=0 lrc=0
05-18 11:48:19.917 E/WifiStateMachine(  851):  get link layer stats 0
05-18 11:48:19.942 E/WifiStateMachine(  851): calculateWifiScore() we set wifi's score to 1000, so will always set wifi as a default network.
05-18 11:48:20.473 E/WifiTrafficPoller(  851): TRAFFIC_STATS_POLL true Token 2644 num clients 14
05-18 11:48:20.474 E/WifiTrafficPoller(  851):  packet count Tx=1852006 Rx=6044318
05-18 11:48:21.475 E/WifiTrafficPoller(  851): TRAFFIC_STATS_POLL true Token 2644 num clients 14
05-18 11:48:21.476 E/WifiTrafficPoller(  851):  packet count Tx=1852006 Rx=6044331
05-18 11:48:22.476 E/WifiTrafficPoller(  851): TRAFFIC_STATS_POLL true Token 2644 num clients 14
05-18 11:48:22.477 E/WifiTrafficPoller(  851):  packet count Tx=1852006 Rx=6044350
05-18 11:48:22.944 E/WifiStateMachine(  851):  ConnectedState (when=-1ms what=131155 arg1=591!CMD_RSSI_POLL 591 0 "BOCO-office" 94:b4:0f:68:a4:b1 rssi=-50 f=5785 sc=80 link=135 tx=0.2, 0.0, 0.0  rx=47.0 bcn=0 [on:0 tx:0 rx:0 period:2985] from screen [on:0 period:617862016] gl rssi=-50 ag=0 hr ticks 314,77,51 ls-=0 [56,56,56,56,61] brc=0 lrc=0
05-18 11:48:22.958 E/WifiStateMachine(  851):  L2ConnectedState (when=-7ms what=131155 arg1=591!CMD_RSSI_POLL 591 0 "BOCO-office" 94:b4:0f:68:a4:b1 rssi=-50 f=5785 sc=80 link=135 tx=0.2, 0.0, 0.0  rx=47.0 bcn=0 [on:0 tx:0 rx:0 period:14] from screen [on:0 period:617862030] gl rssi=-50 ag=0 hr ticks 314,77,51 ls-=0 [56,56,56,56,61] brc=0 lrc=0
05-18 11:48:22.963 E/WifiStateMachine(  851):  get link layer stats 0
05-18 11:48:22.989 E/WifiStateMachine(  851): calculateWifiScore() we set wifi's score to 1000, so will always set wifi as a default network.
05-18 11:48:23.478 E/WifiTrafficPoller(  851): TRAFFIC_STATS_POLL true Token 2644 num clients 14
05-18 11:48:23.478 E/WifiTrafficPoller(  851):  packet count Tx=1852006 Rx=6044358
05-18 11:48:24.479 E/WifiTrafficPoller(  851): TRAFFIC_STATS_POLL true Token 2644 num clients 14
05-18 11:48:24.480 E/WifiTrafficPoller(  851):  packet count Tx=1852006 Rx=6044370
05-18 11:48:25.480 E/WifiTrafficPoller(  851): TRAFFIC_STATS_POLL true Token 2644 num clients 14
05-18 11:48:25.481 E/WifiTrafficPoller(  851):  packet count Tx=1852006 Rx=6044383
05-18 11:48:25.994 E/WifiStateMachine(  851):  ConnectedState (when=-3ms what=131155 arg1=591!CMD_RSSI_POLL 591 0 "BOCO-office" 94:b4:0f:68:a4:b1 rssi=-50 f=5785 sc=80 link=135 tx=0.1, 0.0, 0.0  rx=44.5 bcn=0 [on:0 tx:0 rx:0 period:3000] from screen [on:0 period:617865066] gl rssi=-50 ag=0 hr ticks 314,77,51 ls-=0 [56,56,56,56,61] brc=0 lrc=0
05-18 11:48:26.000 E/WifiStateMachine(  851):  L2ConnectedState (when=-9ms what=131155 arg1=591!CMD_RSSI_POLL 591 0 "BOCO-office" 94:b4:0f:68:a4:b1 rssi=-50 f=5785 sc=80 link=135 tx=0.1, 0.0, 0.0  rx=44.5 bcn=0 [on:0 tx:0 rx:0 period:6] from screen [on:0 period:617865072] gl rssi=-50 ag=0 hr ticks 314,77,51 ls-=0 [56,56,56,56,61] brc=0 lrc=0
05-18 11:48:26.003 E/WifiStateMachine(  851):  get link layer stats 0
05-18 11:48:26.033 E/WifiStateMachine(  851): calculateWifiScore() we set wifi's score to 1000, so will always set wifi as a default network.
05-18 11:48:26.481 E/WifiTrafficPoller(  851): TRAFFIC_STATS_POLL true Token 2644 num clients 14
05-18 11:48:26.482 E/WifiTrafficPoller(  851):  packet count Tx=1852006 Rx=6044392
05-18 11:48:27.483 E/WifiTrafficPoller(  851): TRAFFIC_STATS_POLL true Token 2644 num clients 14
05-18 11:48:27.484 E/WifiTrafficPoller(  851):  packet count Tx=1852006 Rx=6044406
05-18 11:48:28.485 E/WifiTrafficPoller(  851): TRAFFIC_STATS_POLL true Token 2644 num clients 14
05-18 11:48:28.486 E/WifiTrafficPoller(  851):  packet count Tx=1852006 Rx=6044423
05-18 11:48:28.588 E/SurfaceFlinger(  285): onDraw: bindTextureImage test
05-18 11:48:28.588 E/SurfaceFlinger(  285): onDraw: bindTextureImage test
05-18 11:48:29.039 E/WifiStateMachine(  851):  ConnectedState (when=-1ms what=131155 arg1=591!CMD_RSSI_POLL 591 0 "BOCO-office" 94:b4:0f:68:a4:b1 rssi=-50 f=5785 sc=80 link=135 tx=0.0, 0.0, 0.0  rx=39.2 bcn=0 [on:0 tx:0 rx:0 period:2989] from screen [on:0 period:617868111] gl rssi=-50 ag=0 hr ticks 314,77,51 ls-=0 [56,56,56,56,61] brc=0 lrc=0
05-18 11:48:29.041 E/WifiStateMachine(  851):  L2ConnectedState (when=-4ms what=131155 arg1=591!CMD_RSSI_POLL 591 0 "BOCO-office" 94:b4:0f:68:a4:b1 rssi=-50 f=5785 sc=80 link=135 tx=0.0, 0.0, 0.0  rx=39.2 bcn=0 [on:0 tx:0 rx:0 period:2] from screen [on:0 period:617868113] gl rssi=-50 ag=0 hr ticks 314,77,51 ls-=0 [56,56,56,56,61] brc=0 lrc=0
05-18 11:48:29.042 E/WifiStateMachine(  851):  get link layer stats 0
05-18 11:48:29.048 E/WifiStateMachine(  851): calculateWifiScore() we set wifi's score to 1000, so will always set wifi as a default network.
05-18 11:48:29.486 E/WifiTrafficPoller(  851): TRAFFIC_STATS_POLL true Token 2644 num clients 14
05-18 11:48:29.488 E/WifiTrafficPoller(  851):  packet count Tx=1852007 Rx=6044447
05-18 11:48:29.488 E/WifiTrafficPoller(  851): notifying of data activity 3
05-18 11:48:30.490 E/WifiTrafficPoller(  851): TRAFFIC_STATS_POLL true Token 2644 num clients 14
05-18 11:48:30.491 E/WifiTrafficPoller(  851):  packet count Tx=1852007 Rx=6044456
05-18 11:48:30.491 E/WifiTrafficPoller(  851): notifying of data activity 1
05-18 11:48:31.472 E/SurfaceFlinger(  285): onDraw: bindTextureImage test
05-18 11:48:31.473 E/SurfaceFlinger(  285): onDraw: bindTextureImage test
05-18 11:48:31.495 E/WifiTrafficPoller(  851): TRAFFIC_STATS_POLL true Token 2644 num clients 14
05-18 11:48:31.496 E/WifiTrafficPoller(  851):  packet count Tx=1852007 Rx=6044465
05-18 11:48:32.054 E/WifiStateMachine(  851):  ConnectedState (when=-4ms what=131155 arg1=591!CMD_RSSI_POLL 591 0 "BOCO-office" 94:b4:0f:68:a4:b1 rssi=-51 f=5785 sc=80 link=135 tx=0.5, 0.0, 0.0  rx=38.6 bcn=0 [on:0 tx:0 rx:0 period:3003] from screen [on:0 period:617871126] gl rssi=-51 ag=0 hr ticks 314,77,51 ls-=0 [56,56,56,56,61] brc=0 lrc=0
05-18 11:48:32.057 E/WifiStateMachine(  851):  L2ConnectedState (when=-8ms what=131155 arg1=591!CMD_RSSI_POLL 591 0 "BOCO-office" 94:b4:0f:68:a4:b1 rssi=-51 f=5785 sc=80 link=135 tx=0.5, 0.0, 0.0  rx=38.6 bcn=0 [on:0 tx:0 rx:0 period:3] from screen [on:0 period:617871129] gl rssi=-51 ag=0 hr ticks 314,77,51 ls-=0 [56,56,56,56,61] brc=0 lrc=0
05-18 11:48:32.057 E/WifiStateMachine(  851):  get link layer stats 0
05-18 11:48:32.081 E/WifiStateMachine(  851): calculateWifiScore() we set wifi's score to 1000, so will always set wifi as a default network.
05-18 11:48:32.500 E/WifiTrafficPoller(  851): TRAFFIC_STATS_POLL true Token 2644 num clients 14
05-18 11:48:32.500 E/WifiTrafficPoller(  851):  packet count Tx=1852009 Rx=6044480
05-18 11:48:32.500 E/WifiTrafficPoller(  851): notifying of data activity 3
05-18 11:48:32.670 E/DexLoadOat( 8914): Success
05-18 11:48:32.811 E/[PropSet]( 8914): connect fail
05-18 11:48:32.812 E/[PropSet]( 8914): send_prop_msg return err -1
05-18 11:48:32.860 E/QQAppInterface( 8914): laResult: 15, verifyResult: 15
05-18 11:48:32.888 E/WifiTrafficPoller(  851): ADD_CLIENT: 15
05-18 11:48:32.989 E/MPlugin ( 8914): Unsupported class: com.mediatek.common.telephony.IOnlyOwnerSimSupport
05-18 11:48:33.098 E/DexLoadOat( 8964): Success
05-18 11:48:33.147 E/MPlugin ( 8964): Unsupported class: com.mediatek.common.telephony.IOnlyOwnerSimSupport
05-18 11:48:33.160 E/CellLocation( 8964): create GsmCellLocation
05-18 11:48:33.166 E/CellLocation( 8964): create GsmCellLocation
05-18 11:48:33.176 E/MSF.C.NativeConfigStore( 8964): loadso arm msfbootV2 resultCode=3387394
05-18 11:48:33.176 E/MSF.C.NativeConfigStore( 8964): loadso msfbootV2 true resultCode=3387394
05-18 11:48:33.237 E/WifiTrafficPoller(  851): ADD_CLIENT: 16
05-18 11:48:33.298 E/art     ( 8964): No implementation found for int oicq.wlogin_sdk.tools.EcdhCrypt.GenECDHKeyEx(java.lang.String, java.lang.String, java.lang.String) (tried Java_oicq_wlogin_1sdk_tools_EcdhCrypt_GenECDHKeyEx and Java_oicq_wlogin_1sdk_tools_EcdhCrypt_GenECDHKeyEx__Ljava_lang_String_2Ljava_lang_String_2Ljava_lang_String_2)
05-18 11:48:33.502 E/WifiTrafficPoller(  851): TRAFFIC_STATS_POLL true Token 2644 num clients 16
05-18 11:48:33.503 E/WifiTrafficPoller(  851):  packet count Tx=1852009 Rx=6044490
05-18 11:48:33.503 E/WifiTrafficPoller(  851): notifying of data activity 1
05-18 11:48:33.506 E/MD5     ( 8914): loadso arm msfbootV2 resultCode=3387394
05-18 11:48:33.506 E/MD5     ( 8914): loadso msfbootV2 true resultCode=3387394
05-18 11:48:33.547 E/Launcher.FragmentLoader( 1966): Widget ComponentInfo{net.qihoo.launcher.widget.clockweather/net.qihoo.clockweather.widget.WidgetProvider52} can not fit on this device (1170, 438)
05-18 11:48:33.549 E/SurfaceFlinger(  285): onDraw: bindTextureImage test
05-18 11:48:33.558 E/Launcher.FragmentLoader( 1966): Widget ComponentInfo{net.qihoo.launcher.widget.clockweather/net.qihoo.clockweather.widget.WidgetProvider51} can not fit on this device (1170, 210)
05-18 11:48:33.566 E/SurfaceFlinger(  285): onDraw: bindTextureImage test
05-18 11:48:33.582 E/SurfaceFlinger(  285): onDraw: bindTextureImage test
05-18 11:48:33.599 E/SurfaceFlinger(  285): onDraw: bindTextureImage test
05-18 11:48:33.616 E/SurfaceFlinger(  285): onDraw: bindTextureImage test
05-18 11:48:33.633 E/SurfaceFlinger(  285): onDraw: bindTextureImage test
05-18 11:48:33.650 E/SurfaceFlinger(  285): onDraw: bindTextureImage test
05-18 11:48:33.667 E/SurfaceFlinger(  285): onDraw: bindTextureImage test
05-18 11:48:33.683 E/SurfaceFlinger(  285): onDraw: bindTextureImage test
05-18 11:48:33.708 E/UserGuide( 8914): showUserGuide false, 3135, 3135
05-18 11:48:34.064 E/MSF.C.CodecWarpper( 8964): loadso arm codecwrapperV2 resultCode=3387394
05-18 11:48:34.064 E/MSF.C.CodecWarpper( 8964): loadso codecwrapperV2 true resultCode=3387394
05-18 11:48:34.102 E/SQLiteLog( 8914): (1) no such table: mr_friend_A5329A91EF79DB75900BD9CAB3D96E43_New
05-18 11:48:34.243 E/MD5     ( 8964): loadso arm msfbootV2 resultCode=3387394
05-18 11:48:34.244 E/MD5     ( 8964): loadso msfbootV2 true resultCode=3387394
05-18 11:48:34.265 E/STEP_COUNTER(  851): step counter batch: handle:18, en:0, samplingPeriodNs:200000000, maxBatchReportLatencyNs:0 
05-18 11:48:34.295 E/SQLiteLog( 8914): (1) no such table: mr_friend_966BC24F56AB8397AB2303E8E4CDB4C7_New
05-18 11:48:34.504 E/WifiTrafficPoller(  851): TRAFFIC_STATS_POLL true Token 2644 num clients 16
05-18 11:48:34.505 E/WifiTrafficPoller(  851):  packet count Tx=1852028 Rx=6044512
05-18 11:48:34.505 E/WifiTrafficPoller(  851): notifying of data activity 3
05-18 11:48:35.085 E/WifiStateMachine(  851):  ConnectedState (when=-3ms what=131155 arg1=591!CMD_RSSI_POLL 591 0 "BOCO-office" 94:b4:0f:68:a4:b1 rssi=-51 f=5785 sc=80 link=135 tx=0.3, 0.0, 0.0  rx=44.3 bcn=0 [on:0 tx:0 rx:0 period:2999] from screen [on:0 period:617874157] gl rssi=-51 ag=0 hr ticks 314,77,51 ls-=0 [56,56,56,56,61] brc=0 lrc=0
05-18 11:48:35.086 E/WifiStateMachine(  851):  L2ConnectedState (when=-5ms what=131155 arg1=591!CMD_RSSI_POLL 591 0 "BOCO-office" 94:b4:0f:68:a4:b1 rssi=-51 f=5785 sc=80 link=135 tx=0.3, 0.0, 0.0  rx=44.3 bcn=0 [on:0 tx:0 rx:0 period:1] from screen [on:0 period:617874158] gl rssi=-51 ag=0 hr ticks 314,77,51 ls-=0 [56,56,56,56,61] brc=0 lrc=0
05-18 11:48:35.086 E/WifiStateMachine(  851):  get link layer stats 0
05-18 11:48:35.088 E/WifiStateMachine(  851): calculateWifiScore() we set wifi's score to 1000, so will always set wifi as a default network.
05-18 11:48:35.507 E/WifiTrafficPoller(  851): TRAFFIC_STATS_POLL true Token 2644 num clients 16
05-18 11:48:35.508 E/WifiTrafficPoller(  851):  packet count Tx=1852044 Rx=6044532
05-18 11:48:36.358 E/SurfaceFlinger(  285): onDraw: bindTextureImage test
05-18 11:48:36.373 E/SurfaceFlinger(  285): onDraw: bindTextureImage test
05-18 11:48:36.391 E/SurfaceFlinger(  285): onDraw: bindTextureImage test
05-18 11:48:36.407 E/SurfaceFlinger(  285): onDraw: bindTextureImage test
05-18 11:48:36.424 E/SurfaceFlinger(  285): onDraw: bindTextureImage test
05-18 11:48:36.441 E/SurfaceFlinger(  285): onDraw: bindTextureImage test
05-18 11:48:36.457 E/SurfaceFlinger(  285): onDraw: bindTextureImage test
05-18 11:48:36.475 E/SurfaceFlinger(  285): onDraw: bindTextureImage test
05-18 11:48:36.492 E/SurfaceFlinger(  285): onDraw: bindTextureImage test
05-18 11:48:36.508 E/WifiTrafficPoller(  851): TRAFFIC_STATS_POLL true Token 2644 num clients 16
05-18 11:48:36.509 E/SurfaceFlinger(  285): onDraw: bindTextureImage test
05-18 11:48:36.509 E/WifiTrafficPoller(  851):  packet count Tx=1852046 Rx=6044544
05-18 11:48:36.525 E/SurfaceFlinger(  285): onDraw: bindTextureImage test
05-18 11:48:36.541 E/SurfaceFlinger(  285): onDraw: bindTextureImage test
05-18 11:48:36.558 E/SurfaceFlinger(  285): onDraw: bindTextureImage test
05-18 11:48:36.574 E/SurfaceFlinger(  285): onDraw: bindTextureImage test
05-18 11:48:36.592 E/SurfaceFlinger(  285): onDraw: bindTextureImage test
05-18 11:48:36.709 E/MPlugin ( 9165): Unsupported class: com.mediatek.common.telephony.IOnlyOwnerSimSupport
05-18 11:48:36.775 E/WifiTrafficPoller(  851): ADD_CLIENT: 17
05-18 11:48:36.834 E/MPlugin ( 9165): Unsupported class: com.mediatek.common.telephony.IOnlyOwnerSimSupport
05-18 11:48:36.915 E/[PropSet]( 9165): connect fail
05-18 11:48:36.915 E/[PropSet]( 9165): send_prop_msg return err -1
05-18 11:48:37.011 E/SurfaceFlinger(  285): onDraw: bindTextureImage test
05-18 11:48:37.028 E/SurfaceFlinger(  285): onDraw: bindTextureImage test
05-18 11:48:37.045 E/SurfaceFlinger(  285): onDraw: bindTextureImage test
05-18 11:48:37.062 E/SurfaceFlinger(  285): onDraw: bindTextureImage test
05-18 11:48:37.192 E/art     ( 8914): No implementation found for int oicq.wlogin_sdk.tools.EcdhCrypt.GenECDHKeyEx(java.lang.String, java.lang.String, java.lang.String) (tried Java_oicq_wlogin_1sdk_tools_EcdhCrypt_GenECDHKeyEx and Java_oicq_wlogin_1sdk_tools_EcdhCrypt_GenECDHKeyEx__Ljava_lang_String_2Ljava_lang_String_2Ljava_lang_String_2)
05-18 11:48:37.492 E/SQLiteLog( 8914): (284) automatic index on ArticleInfo(mChannelID)
05-18 11:48:37.493 E/SQLiteLog( 8914): (284) automatic index on ArticleInfo(mChannelID)
05-18 11:48:37.510 E/WifiTrafficPoller(  851): TRAFFIC_STATS_POLL true Token 2644 num clients 17
05-18 11:48:37.511 E/WifiTrafficPoller(  851):  packet count Tx=1852072 Rx=6044573
05-18 11:48:37.767 E/SQLiteLog( 8914): (1) no such table: mr_friend_1299C1B7A9E0C2BF41AF69C449464A49_New
05-18 11:48:37.803 E/Volley  ( 9165): [41799] BasicNetwork.performRequest: Unexpected response code 401 for http://ms.csdn.net/authentication/getUser?SessionId=PeL79RdV86Qj9R8yZK8T5duQwuxAFkM08NgOekBqbPvf4QY%2B1F8fLj3EqLod1%2Fl3Ca727uYB0yt0OxpNC1iujw%3D%3D
05-18 11:48:37.804 E/TAG     ( 9165): null
05-18 11:48:37.804 E/TAG     ( 9165): com.android.volley.AuthFailureError
05-18 11:48:37.804 E/TAG     ( 9165): 	at com.android.volley.toolbox.BasicNetwork.performRequest(BasicNetwork.java:168)
05-18 11:48:37.804 E/TAG     ( 9165): 	at com.android.volley.NetworkDispatcher.run(NetworkDispatcher.java:115)
05-18 11:48:38.093 E/WifiStateMachine(  851):  ConnectedState (when=-4ms what=131155 arg1=591!CMD_RSSI_POLL 591 0 "BOCO-office" 94:b4:0f:68:a4:b1 rssi=-53 f=5785 sc=80 link=135 tx=18.1, 0.0, 0.0  rx=47.7 bcn=0 [on:0 tx:0 rx:0 period:3002] from screen [on:0 period:617877164] gl rssi=-53 ag=0 hr ticks 314,77,51 ls-=0 [56,56,60,60,65] brc=0 lrc=0
05-18 11:48:38.093 E/WifiStateMachine(  851):  L2ConnectedState (when=-5ms what=131155 arg1=591!CMD_RSSI_POLL 591 0 "BOCO-office" 94:b4:0f:68:a4:b1 rssi=-53 f=5785 sc=80 link=135 tx=18.1, 0.0, 0.0  rx=47.7 bcn=0 [on:0 tx:0 rx:0 period:1] from screen [on:0 period:617877165] gl rssi=-53 ag=0 hr ticks 314,77,51 ls-=0 [56,56,60,60,65] brc=0 lrc=0
05-18 11:48:38.094 E/WifiStateMachine(  851):  get link layer stats 0
05-18 11:48:38.098 E/WifiStateMachine(  851): calculateWifiScore() we set wifi's score to 1000, so will always set wifi as a default network.
05-18 11:48:38.320 E/Accel   (  851): ACC batch: handle:0, en:0,samplingPeriodNs:66667000 maxBatchReportLatencyNs:0 
05-18 11:48:38.327 E/Sensors (  851): sensor 9 use old arch
05-18 11:48:38.511 E/WifiTrafficPoller(  851): TRAFFIC_STATS_POLL true Token 2644 num clients 17
05-18 11:48:38.512 E/WifiTrafficPoller(  851):  packet count Tx=1852106 Rx=6044627
05-18 11:48:38.529 E/AKMD2   (  342): CalcAngularRate:1496 Error.
05-18 11:48:38.529 E/AKMD2   (  342): MeasureSNGLoop:781 Error.
05-18 11:48:39.116 E/WifiStateMachine(  851):  ConnectedState (when=0 what=131143 arg1=10111 arg2=3099) !CMD_START_SCAN 10111 3099 ic=0 proc(ms):1 dur:1714 cnt=1459 rssi=-52 f=5785 sc=80 link=135 tx=25.6, 0.0, 0.0  rx=53.8 fiv=20000 [on:0 tx:0 rx:0 period:1016] from screen [on:0 period:617878188]
05-18 11:48:39.117 E/WifiStateMachine(  851):  L2ConnectedState (when=-1ms what=131143 arg1=10111 arg2=3099) !CMD_START_SCAN 10111 3099 ic=0 proc(ms):2 dur:1714 cnt=1459 rssi=-52 f=5785 sc=80 link=135 tx=25.6, 0.0, 0.0  rx=53.8 fiv=20000 [on:0 tx:0 rx:0 period:1] from screen [on:0 period:617878189]
05-18 11:48:39.118 E/WifiStateMachine(  851): WifiStateMachine CMD_START_SCAN source 10111 txSuccessRate=25.57 rxSuccessRate=53.83 targetRoamBSSID=any RSSI=-52
05-18 11:48:39.118 E/WifiStateMachine(  851): stopReconnectWifi Wfd=false StopScan=false mDontReconnectAndScan=false
05-18 11:48:39.120 E/WifiMonitor(  851): handleEvent unknown: 15  CTRL-EVENT-SCAN-STARTED 
05-18 11:48:39.121 E/WifiStateMachine(  851): [1,495,079,319,121 ms] noteScanstart no scan source uid 10111
05-18 11:48:39.158 E/CellLocation( 8914): create GsmCellLocation
05-18 11:48:39.512 E/WifiTrafficPoller(  851): TRAFFIC_STATS_POLL true Token 2644 num clients 17
05-18 11:48:39.512 E/WifiTrafficPoller(  851):  packet count Tx=1852285 Rx=6044791
05-18 11:48:40.513 E/WifiTrafficPoller(  851): TRAFFIC_STATS_POLL true Token 2644 num clients 17
05-18 11:48:40.514 E/WifiTrafficPoller(  851):  packet count Tx=1852353 Rx=6044863
05-18 11:48:40.795 E/WifiStateMachine(  851):  ConnectedState (when=0 what=147461!SCAN_RESULTS_EVENT 0 0 found=67 known=0 got=67 bcn=0 con=0
05-18 11:48:40.796 E/WifiStateMachine(  851):  L2ConnectedState (when=-2ms what=147461!SCAN_RESULTS_EVENT 0 0 found=67 known=0 got=67 bcn=0 con=0
05-18 11:48:40.799 E/WifiStateMachine(  851):  ConnectModeState (when=-5ms what=147461!SCAN_RESULTS_EVENT 0 0 found=67 known=0 got=67 bcn=0 con=0
05-18 11:48:40.801 E/WifiStateMachine(  851):  DriverStartedState (when=-6ms what=147461!SCAN_RESULTS_EVENT 0 0 found=67 known=0 got=67 bcn=0 con=0
05-18 11:48:40.802 E/WifiStateMachine(  851):  SupplicantStartedState (when=-7ms what=147461!SCAN_RESULTS_EVENT 0 0 found=67 known=0 got=67 bcn=0 con=0
05-18 11:48:40.803 E/WifiStateMachine(  851): [1,495,079,320,802 ms] noteScanEnd WorkSource{10111} onTime=0
05-18 11:48:40.831 E/WifiStateMachine(  851): wifi setScanResults statecom.android.server.wifi.WifiStateMachine$ConnectedState@a5e02f3 sup_state=COMPLETED debouncing=false mConnectionRequests=0 selection=<none>
05-18 11:48:41.081 E/AKMD2   (  342): SaveParameters:330 chmod Error (Permission denied).
05-18 11:48:41.081 E/AKMD2   (  342): SaveParameters:335 Error.
05-18 11:48:41.099 E/WifiStateMachine(  851):  ConnectedState (when=0 what=131155 arg1=591!CMD_RSSI_POLL 591 0 "BOCO-office" 94:b4:0f:68:a4:b1 rssi=-52 f=5785 sc=80 link=135 tx=110.6, 0.0, 0.0  rx=117.2 bcn=0 [on:0 tx:0 rx:0 period:1977] from screen [on:0 period:617880171] gl rssi=-52 ag=0 hr ticks 314,77,51 ls-=0 [56,56,60,60,65] brc=0 lrc=0
05-18 11:48:41.100 E/WifiStateMachine(  851):  L2ConnectedState (when=-1ms what=131155 arg1=591!CMD_RSSI_POLL 591 0 "BOCO-office" 94:b4:0f:68:a4:b1 rssi=-52 f=5785 sc=80 link=135 tx=110.6, 0.0, 0.0  rx=117.2 bcn=0 [on:0 tx:0 rx:0 period:1] from screen [on:0 period:617880172] gl rssi=-52 ag=0 hr ticks 314,77,51 ls-=0 [56,56,60,60,65] brc=0 lrc=0
05-18 11:48:41.100 E/WifiStateMachine(  851):  get link layer stats 0
05-18 11:48:41.102 E/WifiStateMachine(  851): calculateWifiScore() we set wifi's score to 1000, so will always set wifi as a default network.
05-18 11:48:41.153 E/SQLiteLog( 8914): (1) no such table: mr_friend_D005CE7AEEF46BD18515F783FB8E87FA_New
05-18 11:48:41.156 E/SQLiteLog( 8914): (1) no such table: mr_friend_FCED4F35799409DD854EBEAEA7DB546D_New
05-18 11:48:41.514 E/WifiTrafficPoller(  851): TRAFFIC_STATS_POLL true Token 2644 num clients 17
05-18 11:48:41.515 E/WifiTrafficPoller(  851):  packet count Tx=1852586 Rx=6045104
05-18 11:48:42.392 E/SurfaceFlinger(  285): onDraw: bindTextureImage test
05-18 11:48:42.409 E/SurfaceFlinger(  285): onDraw: bindTextureImage test
05-18 11:48:42.425 E/SurfaceFlinger(  285): onDraw: bindTextureImage test
05-18 11:48:42.442 E/SurfaceFlinger(  285): onDraw: bindTextureImage test
05-18 11:48:42.459 E/SurfaceFlinger(  285): onDraw: bindTextureImage test
05-18 11:48:42.476 E/SurfaceFlinger(  285): onDraw: bindTextureImage test
05-18 11:48:42.493 E/SurfaceFlinger(  285): onDraw: bindTextureImage test
05-18 11:48:42.510 E/SurfaceFlinger(  285): onDraw: bindTextureImage test
05-18 11:48:42.515 E/WifiTrafficPoller(  851): TRAFFIC_STATS_POLL true Token 2644 num clients 17
05-18 11:48:42.516 E/WifiTrafficPoller(  851):  packet count Tx=1852693 Rx=6045216
05-18 11:48:42.526 E/SurfaceFlinger(  285): onDraw: bindTextureImage test
05-18 11:48:42.543 E/SurfaceFlinger(  285): onDraw: bindTextureImage test
05-18 11:48:42.560 E/SurfaceFlinger(  285): onDraw: bindTextureImage test
05-18 11:48:42.577 E/SurfaceFlinger(  285): onDraw: bindTextureImage test
05-18 11:48:42.594 E/SurfaceFlinger(  285): onDraw: bindTextureImage test
05-18 11:48:42.611 E/SurfaceFlinger(  285): onDraw: bindTextureImage test
05-18 11:48:42.627 E/SurfaceFlinger(  285): onDraw: bindTextureImage test
05-18 11:48:42.644 E/SurfaceFlinger(  285): onDraw: bindTextureImage test
05-18 11:48:42.661 E/SurfaceFlinger(  285): onDraw: bindTextureImage test
05-18 11:48:42.678 E/SurfaceFlinger(  285): onDraw: bindTextureImage test
05-18 11:48:42.695 E/SurfaceFlinger(  285): onDraw: bindTextureImage test
05-18 11:48:42.711 E/SurfaceFlinger(  285): onDraw: bindTextureImage test
05-18 11:48:42.728 E/SurfaceFlinger(  285): onDraw: bindTextureImage test
05-18 11:48:42.745 E/SurfaceFlinger(  285): onDraw: bindTextureImage test
05-18 11:48:42.762 E/SurfaceFlinger(  285): onDraw: bindTextureImage test
05-18 11:48:42.779 E/SurfaceFlinger(  285): onDraw: bindTextureImage test
05-18 11:48:42.796 E/SurfaceFlinger(  285): onDraw: bindTextureImage test
05-18 11:48:42.812 E/SurfaceFlinger(  285): onDraw: bindTextureImage test
05-18 11:48:42.829 E/SurfaceFlinger(  285): onDraw: bindTextureImage test
05-18 11:48:42.846 E/SurfaceFlinger(  285): onDraw: bindTextureImage test
05-18 11:48:42.900 E/SQLiteLog( 8914): (1) no such table: mr_friend_A5329A91EF79DB75900BD9CAB3D96E43_