05-19 15:04:58.321 E/WifiStateMachine(  851):  ConnectedState (when=-3ms what=131155 arg1=671!CMD_RSSI_POLL 671 0 "BOCO-office" 94:b4:0f:68:a4:b1 rssi=-51 f=5785 sc=80 link=135 tx=1.9, 0.0, 0.0  rx=50.9 bcn=0 [on:0 tx:0 rx:0 period:3002] from screen [on:0 period:716057393] gl rssi=-51 ag=0 hr ticks 28,286,43 ls-=0 [56,56,56,56,61] brc=0 lrc=0
05-19 15:04:58.322 E/WifiStateMachine(  851):  L2ConnectedState (when=-4ms what=131155 arg1=671!CMD_RSSI_POLL 671 0 "BOCO-office" 94:b4:0f:68:a4:b1 rssi=-51 f=5785 sc=80 link=135 tx=1.9, 0.0, 0.0  rx=50.9 bcn=0 [on:0 tx:0 rx:0 period:1] from screen [on:0 period:716057394] gl rssi=-51 ag=0 hr ticks 28,286,43 ls-=0 [56,56,56,56,61] brc=0 lrc=0
05-19 15:04:58.322 E/WifiStateMachine(  851):  get link layer stats 0
05-19 15:04:58.325 E/WifiStateMachine(  851): calculateWifiScore() we set wifi's score to 1000, so will always set wifi as a default network.
05-19 15:04:58.334 E/SurfaceFlinger(  285): onDraw: bindTextureImage test
05-19 15:04:58.351 E/SurfaceFlinger(  285): onDraw: bindTextureImage test
05-19 15:04:58.351 E/VoLTE SOC(10481): send len: 521 (vendor/mediatek/proprietary/protect-app/external/volte/volte_stack/src/soc/soc_api.c:827)
05-19 15:04:58.356 E/VoLTE SOC(10481): send ret: 521 (vendor/mediatek/proprietary/protect-app/external/volte/volte_stack/src/soc/soc_api.c:835)
05-19 15:04:58.368 E/SurfaceFlinger(  285): onDraw: bindTextureImage test
05-19 15:04:58.380 E/VoLTE SOC(10481): sendto len: 857 (vendor/mediatek/proprietary/protect-app/external/volte/volte_stack/src/soc/soc_api.c:780)
05-19 15:04:58.380 E/VoLTE SOC(10481): sendto ret: 857 (vendor/mediatek/proprietary/protect-app/external/volte/volte_stack/src/soc/soc_api.c:788)
05-19 15:04:58.384 E/SurfaceFlinger(  285): onDraw: bindTextureImage test
05-19 15:04:58.401 E/SurfaceFlinger(  285): onDraw: bindTextureImage test
05-19 15:04:58.418 E/SurfaceFlinger(  285): onDraw: bindTextureImage test
05-19 15:04:58.435 E/SurfaceFlinger(  285): onDraw: bindTextureImage test
05-19 15:04:58.545 E/VoLTE SMS(10482): Can't get the sms object, id = 8716289 (vendor/mediatek/proprietary/protect-app/external/volte/volte_ua/src/sms/sms.c:1003)
05-19 15:04:58.754 E/SurfaceFlinger(  285): onDraw: bindTextureImage test
05-19 15:04:58.770 E/SurfaceFlinger(  285): onDraw: bindTextureImage test
05-19 15:04:58.787 E/SurfaceFlinger(  285): onDraw: bindTextureImage test
05-19 15:04:58.792 E/WifiTrafficPoller(  851): TRAFFIC_STATS_POLL true Token 3077 num clients 19
05-19 15:04:58.792 E/WifiTrafficPoller(  851):  packet count Tx=2028736 Rx=6691796
05-19 15:04:58.792 E/WifiTrafficPoller(  851): notifying of data activity 3
05-19 15:04:58.804 E/SurfaceFlinger(  285): onDraw: bindTextureImage test
05-19 15:04:58.822 E/SurfaceFlinger(  285): onDraw: bindTextureImage test
05-19 15:04:59.167 E/QueryController(14385): Got null root node from accessibility - Retrying...
05-19 15:04:59.225 E/SurfaceFlinger(  285): onDraw: bindTextureImage test
05-19 15:04:59.242 E/SurfaceFlinger(  285): onDraw: bindTextureImage test
05-19 15:04:59.258 E/SurfaceFlinger(  285): onDraw: bindTextureImage test
05-19 15:04:59.275 E/SurfaceFlinger(  285): onDraw: bindTextureImage test
05-19 15:04:59.292 E/SurfaceFlinger(  285): onDraw: bindTextureImage test
05-19 15:04:59.309 E/SurfaceFlinger(  285): onDraw: bindTextureImage test
05-19 15:04:59.326 E/SurfaceFlinger(  285): onDraw: bindTextureImage test
05-19 15:04:59.535 E/SQLiteLog( 2161): (284) automatic index on sqlite_sq_7F930E6600(raw_contact_id)
05-19 15:04:59.548 E/SQLiteLog( 2161): (284) automatic index on sqlite_sq_7F930B5F00(raw_contact_id)
05-19 15:04:59.593 E/MmsService( 1945): MmsServiceSmsReceiverService subId ========================1
05-19 15:04:59.613 E/SQLiteLog( 2161): (284) automatic index on sqlite_sq_7F930E6E00(raw_contact_id)
05-19 15:04:59.626 E/SQLiteLog( 2161): (284) automatic index on sqlite_sq_7F930E6D00(raw_contact_id)
05-19 15:04:59.795 E/WifiTrafficPoller(  851): TRAFFIC_STATS_POLL true Token 3077 num clients 19
05-19 15:04:59.796 E/WifiTrafficPoller(  851):  packet count Tx=2028738 Rx=6691814
05-19 15:04:59.837 E/DrmMtkUtil/DrmUtil(  323): checkDcf: not dcf type, dcf version value [79]
05-19 15:04:59.837 E/Cta5File(  323): Cta5File::isCta5NormalFile false, bad magic:OggS
05-19 15:04:59.837 E/Cta5File(  323): Cta5File::isCta5MultimediaFile false, bad magic:C99
05-19 15:04:59.838 E/DrmMtkUtil/DrmUtil(  323): checkDcf: not dcf type, dcf version value [79]
05-19 15:04:59.838 E/Cta5File(  323): Cta5File::isCta5NormalFile false, bad magic:OggS
05-19 15:04:59.838 E/Cta5File(  323): Cta5File::isCta5MultimediaFile false, bad magic:C99
05-19 15:04:59.838 E/DrmMtkUtil/DrmUtil(  323): checkDcf: not dcf type, dcf version value [79]
05-19 15:04:59.841 E/DrmCtaPlugIn(  322): [ERROR]onOpenDecryptSession - The key is not set by user
05-19 15:04:59.841 E/DrmMtkUtil/DrmUtil(  322): parseDcf: not dcf type, dcf version value [79]
05-19 15:04:59.841 E/DrmMtkPlugIn(  322): onOpenDecryptSession() : failed to parse dcf file.
05-19 15:04:59.851 E/AsfParser(  323): unknown object: 5367674f-200-0-0000000000001862, 0 bytes
05-19 15:04:59.851 E/AsfParser(  323): error parsing header: -6
05-19 15:04:59.854 E/MediaPlayer( 1945): Should have subtitle controller already set
05-19 15:04:59.892 E/SQLiteLog( 2161): (284) automatic index on sqlite_sq_7F92C39180(raw_contact_id)
05-19 15:04:59.894 E/DrmMtkUtil/DrmUtil(  323): checkDcf: not dcf type, dcf version value [79]
05-19 15:04:59.894 E/Cta5File(  323): Cta5File::isCta5NormalFile false, bad magic:OggS
05-19 15:04:59.894 E/Cta5File(  323): Cta5File::isCta5MultimediaFile false, bad magic:C99
05-19 15:04:59.894 E/DrmMtkUtil/DrmUtil(  323): checkDcf: not dcf type, dcf version value [79]
05-19 15:04:59.894 E/Cta5File(  323): Cta5File::isCta5NormalFile false, bad magic:OggS
05-19 15:04:59.894 E/Cta5File(  323): Cta5File::isCta5MultimediaFile false, bad magic:C99
05-19 15:04:59.894 E/DrmMtkUtil/DrmUtil(  323): checkDcf: not dcf type, dcf version value [79]
05-19 15:04:59.898 E/DrmCtaPlugIn(  322): [ERROR]onOpenDecryptSession - The key is not set by user
05-19 15:04:59.898 E/DrmMtkUtil/DrmUtil(  322): parseDcf: not dcf type, dcf version value [79]
05-19 15:04:59.898 E/DrmMtkPlugIn(  322): onOpenDecryptSession() : failed to parse dcf file.
05-19 15:04:59.900 E/SQLiteLog( 2161): (284) automatic index on sqlite_sq_7F92C09F00(raw_contact_id)
05-19 15:04:59.906 E/MediaPlayer( 1945): Should have subtitle controller already set
05-19 15:04:59.907 E/AsfParser(  323): unknown object: 5367674f-200-0-0000000000001862, 0 bytes
05-19 15:04:59.907 E/AsfParser(  323): error parsing header: -6
05-19 15:04:59.911 E/MediaPlayer( 1205): Should have subtitle controller already set
05-19 15:04:59.914 E/MediaPlayer( 1205): Should have subtitle controller already set
05-19 15:04:59.919 E/OMXNodeInstance(  323): getParameter(b3f:google.vorbis.decoder, ??(0x7f200406)) ERROR: UnsupportedIndex(0x8000101a)
05-19 15:04:59.946 E/AudioALSAPlaybackHandlerBase(  323): openPcmDriver(), pcm_start(0xe745a440) fail due to cannot start channel: Broken pipe
05-19 15:04:59.986 E/TFA9890 (  323): [tfa9890_SpeakerOn: 869]valu=0x0003 
05-19 15:04:59.986 E/TFA9890 (  323): [tfa9890_SpeakerOn: 922]TFA9890 i2s input route valu = 0x8265
05-19 15:04:59.987 E/TFA9890 (  323): [tfa9890_SpeakerOn: 929]after-TFA9890 i2s input route valu = 0x8265
05-19 15:04:59.987 E/TFA9890 (  323): [tfa9890_SpeakerOn: 953]SampleRate = 44100,rout=1 valu=0x789b 
05-19 15:05:00.013 E/TFA9890 (  323): [Tfa98xx_SetMode: 797]SampleRate = 44100
05-19 15:05:00.017 E/AudioALSAPlaybackHandlerBase(  323): -getHardwareBufferInfo pcm_get_htimestamp fail, ret = -1, pcm_get_error = cannot start channel: Broken pipe
05-19 15:05:00.020 E/AudioALSAPlaybackHandlerBase(  323): -getHardwareBufferInfo pcm_get_htimestamp fail, ret = -1, pcm_get_error = cannot start channel: Broken pipe
05-19 15:05:00.034 E/SurfaceFlinger(  285): onDraw: bindTextureImage test
05-19 15:05:00.050 E/SurfaceFlinger(  285): onDraw: bindTextureImage test
05-19 15:05:00.066 E/SurfaceFlinger(  285): onDraw: bindTextureImage test
05-19 15:05:00.083 E/SurfaceFlinger(  285): onDraw: bindTextureImage test
05-19 15:05:00.100 E/SurfaceFlinger(  285): onDraw: bindTextureImage test
05-19 15:05:00.117 E/SurfaceFlinger(  285): onDraw: bindTextureImage test
05-19 15:05:00.133 E/SurfaceFlinger(  285): onDraw: bindTextureImage test
05-19 15:05:00.151 E/SurfaceFlinger(  285): onDraw: bindTextureImage test
05-19 15:05:00.167 E/SurfaceFlinger(  285): onDraw: bindTextureImage test
05-19 15:05:00.184 E/SurfaceFlinger(  285): onDraw: bindTextureImage test
05-19 15:05:00.201 E/SurfaceFlinger(  285): onDraw: bindTextureImage test
05-19 15:05:00.796 E/WifiTrafficPoller(  851): TRAFFIC_STATS_POLL true Token 3077 num clients 19
05-19 15:05:00.796 E/WifiTrafficPoller(  851):  packet count Tx=2028738 Rx=6691830
05-19 15:05:00.796 E/WifiTrafficPoller(  851): notifying of data activity 1
05-19 15:05:01.329 E/WifiStateMachine(  851):  ConnectedState (when=-4ms what=131155 arg1=671!CMD_RSSI_POLL 671 0 "BOCO-office" 94:b4:0f:68:a4:b1 rssi=-50 f=5785 sc=80 link=135 tx=3.9, 0.0, 0.0  rx=62.0 bcn=0 [on:0 tx:0 rx:0 period:3002] from screen [on:0 period:716060401] gl rssi=-50 ag=0 hr ticks 28,286,43 ls-=0 [56,56,56,56,61] brc=0 lrc=0
05-19 15:05:01.330 E/WifiStateMachine(  851):  L2ConnectedState (when=-4ms what=131155 arg1=671!CMD_RSSI_POLL 671 0 "BOCO-office" 94:b4:0f:68:a4:b1 rssi=-50 f=5785 sc=80 link=135 tx=3.9, 0.0, 0.0  rx=62.0 bcn=0 [on:0 tx:0 rx:0 period:1] from screen [on:0 period:716060402] gl rssi=-50 ag=0 hr ticks 28,286,43 ls-=0 [56,56,56,56,61] brc=0 lrc=0
05-19 15:05:01.330 E/WifiStateMachine(  851):  get link layer stats 0
05-19 15:05:01.333 E/WifiStateMachine(  851): calculateWifiScore() we set wifi's score to 1000, so will always set wifi as a default network.
05-19 15:05:01.485 E/AudioFlinger(  323): getNextBuffer, get null buffer
05-19 15:05:01.797 E/WifiTrafficPoller(  851): TRAFFIC_STATS_POLL true Token 3077 num clients 19
05-19 15:05:01.798 E/WifiTrafficPoller(  851):  packet count Tx=2028738 Rx=6691857
05-19 15:05:02.798 E/WifiTrafficPoller(  851): TRAFFIC_STATS_POLL true Token 3077 num clients 19
05-19 15:05:02.798 E/WifiTrafficPoller(  851):  packet count Tx=2028738 Rx=6691900
05-19 15:05:03.555 E/SurfaceFlinger(  285): onDraw: bindTextureImage test
05-19 15:05:03.583 E/SurfaceFlinger(  285): onDraw: bindTextureImage test
05-19 15:05:03.599 E/SurfaceFlinger(  285): onDraw: bindTextureImage test
05-19 15:05:03.616 E/SurfaceFlinger(  285): onDraw: bindTextureImage test
05-19 15:05:03.632 E/SurfaceFlinger(  285): onDraw: bindTextureImage test
05-19 15:05:03.649 E/SurfaceFlinger(  285): onDraw: bindTextureImage test
05-19 15:05:03.666 E/SurfaceFlinger(  285): onDraw: bindTextureImage test
05-19 15:05:03.683 E/SurfaceFlinger(  285): onDraw: bindTextureImage test
05-19 15:05:03.701 E/SurfaceFlinger(  285): onDraw: bindTextureImage test
05-19 15:05:03.717 E/SurfaceFlinger(  285): onDraw: bindTextureImage test
05-19 15:05:03.718 E/SurfaceFlinger(  285): onDraw: bindTextureImage test
05-19 15:05:03.718 E/SurfaceFlinger(  285): onDraw: bindTextureImage test
05-19 15:05:03.719 E/SurfaceFlinger(  285): onDraw: bindTextureImage test
05-19 15:05:03.733 E/SurfaceFlinger(  285): onDraw: bindTextureImage test
05-19 15:05:03.752 E/SurfaceFlinger(  285): onDraw: bindTextureImage test
05-19 15:05:03.767 E/SurfaceFlinger(  285): onDraw: bindTextureImage test
05-19 15:05:03.784 E/SurfaceFlinger(  285): onDraw: bindTextureImage test
05-19 15:05:03.798 E/WifiTrafficPoller(  851): TRAFFIC_STATS_POLL true Token 3077 num clients 19
05-19 15:05:03.799 E/WifiTrafficPoller(  851):  packet count Tx=2028738 Rx=6691937
05-19 15:05:03.801 E/SurfaceFlinger(  285): onDraw: bindTextureImage test
05-19 15:05:03.817 E/SurfaceFlinger(  285): onDraw: bindTextureImage test
05-19 15:05:03.829 E/DrmMtkUtil/DrmUtil(  323): checkDcf: not dcf type, dcf version value [79]
05-19 15:05:03.829 E/Cta5File(  323): Cta5File::isCta5NormalFile false, bad magic:OggS
05-19 15:05:03.829 E/Cta5File(  323): Cta5File::isCta5MultimediaFile false, bad magic:1R
05-19 15:05:03.829 E/DrmMtkUtil/DrmUtil(  323): checkDcf: not dcf type, dcf version value [79]
05-19 15:05:03.831 E/DrmCtaPlugIn(  322): [ERROR]onOpenDecryptSession - The key is not set by user
05-19 15:05:03.831 E/DrmMtkUtil/DrmUtil(  322): parseDcf: not dcf type, dcf version value [79]
05-19 15:05:03.831 E/DrmMtkPlugIn(  322): onOpenDecryptSession() : failed to parse dcf file.
05-19 15:05:03.834 E/SurfaceFlinger(  285): onDraw: bindTextureImage test
05-19 15:05:03.840 E/SQLiteLog( 2161): (284) automatic index on sqlite_sq_7F92C38E00(raw_contact_id)
05-19 15:05:03.841 E/AsfParser(  323): unknown object: 5367674f-200-0-0000000000009c7e, 22240 bytes
05-19 15:05:03.841 E/AsfParser(  323): error parsing header: -6
05-19 15:05:03.847 E/SQLiteLog( 2161): (284) automatic index on sqlite_sq_7F92C38A80(raw_contact_id)
05-19 15:05:03.850 E/OMXNodeInstance(  323): getParameter(b40:google.vorbis.decoder, ??(0x7f200406)) ERROR: UnsupportedIndex(0x8000101a)
05-19 15:05:03.851 E/SurfaceFlinger(  285): onDraw: bindTextureImage test
05-19 15:05:03.863 E/MPlugin (14613): Unsupported class: com.mediatek.common.telephony.IOnlyOwnerSimSupport
05-19 15:05:03.865 E/SQLiteLog( 2161): (284) automatic index on sqlite_sq_7F930E6D00(raw_contact_id)
05-19 15:05:03.868 E/SurfaceFlinger(  285): onDraw: bindTextureImage test
05-19 15:05:03.875 E/SQLiteLog( 2161): (284) automatic index on sqlite_sq_7F930E6700(raw_contact_id)
05-19 15:05:03.885 E/SurfaceFlinger(  285): onDraw: bindTextureImage test
05-19 15:05:03.895 E/SQLiteLog( 2161): (284) automatic index on sqlite_sq_7F930E6E00(raw_contact_id)
05-19 15:05:03.902 E/SurfaceFlinger(  285): onDraw: bindTextureImage test
05-19 15:05:03.902 E/SQLiteLog( 2161): (284) automatic index on sqlite_sq_7F930B5380(raw_contact_id)
05-19 15:05:03.916 E/SQLiteLog( 2161): (284) automatic index on sqlite_sq_7F92C39400(raw_contact_id)
05-19 15:05:03.918 E/SurfaceFlinger(  285): onDraw: bindTextureImage test
05-19 15:05:03.923 E/SQLiteLog( 2161): (284) automatic index on sqlite_sq_7F92C39180(raw_contact_id)
05-19 15:05:03.935 E/SurfaceFlinger(  285): onDraw: bindTextureImage test
05-19 15:05:03.936 E/SQLiteLog( 2161): (284) automatic index on sqlite_sq_7F9EA9C080(raw_contact_id)
05-19 15:05:03.944 E/SQLiteLog( 2161): (284) automatic index on sqlite_sq_7F92C39200(raw_contact_id)
05-19 15:05:03.958 E/SQLiteLog( 2161): (284) automatic index on sqlite_sq_7F930E7A00(raw_contact_id)
05-19 15:05:03.964 E/SQLiteLog( 2161): (284) automatic index on sqlite_sq_7F930E7180(raw_contact_id)
05-19 15:05:03.976 E/SQLiteLog( 2161): (284) automatic index on sqlite_sq_7F9EA9C580(raw_contact_id)
05-19 15:05:03.983 E/SQLiteLog( 2161): (284) automatic index on sqlite_sq_7F9EA9C300(raw_contact_id)
05-19 15:05:03.995 E/SQLiteLog( 2161): (284) automatic index on sqlite_sq_7F931B5200(raw_contact_id)
05-19 15:05:04.002 E/SQLiteLog( 2161): (284) automatic index on sqlite_sq_7F930E6B00(raw_contact_id)
05-19 15:05:04.013 E/SQLiteLog( 2161): (284) automatic index on sqlite_sq_7F931B5480(raw_contact_id)
05-19 15:05:04.014 E/SQLiteLog( 2161): (284) automatic index on sqlite_sq_7F9EA9C880(raw_contact_id)
05-19 15:05:04.024 E/SQLiteLog( 2161): (284) automatic index on sqlite_sq_7F931B5480(raw_contact_id)
05-19 15:05:04.025 E/SQLiteLog( 2161): (284) automatic index on sqlite_sq_7F9EA9C300(raw_contact_id)
05-19 15:05:04.036 E/SQLiteLog( 2161): (284) automatic index on sqlite_sq_7F931B5A00(raw_contact_id)
05-19 15:05:04.043 E/SQLiteLog( 2161): (284) automatic index on sqlite_sq_7F9EA9CE80(raw_contact_id)
05-19 15:05:04.044 E/SQLiteLog( 2161): (284) automatic index on sqlite_sq_7F931B5500(raw_contact_id)
05-19 15:05:04.052 E/SQLiteLog( 2161): (284) automatic index on sqlite_sq_7F9EA9D180(raw_contact_id)
05-19 15:05:04.058 E/SQLiteLog( 2161): (284) automatic index on sqlite_sq_7F931B5D00(raw_contact_id)
05-19 15:05:04.065 E/MPlugin (14613): Unsupported class: com.mediatek.common.telephony.IOnlyOwnerSimSupport
05-19 15:05:04.081 E/SQLiteLog( 2161): (284) automatic index on sqlite_sq_7F9EA9CB80(raw_contact_id)
05-19 15:05:04.088 E/SQLiteLog( 2161): (284) automatic index on sqlite_sq_7F9EA9C800(raw_contact_id)
05-19 15:05:04.100 E/SQLiteLog( 2161): (284) automatic index on sqlite_sq_7F931B5B00(raw_contact_id)
05-19 15:05:04.101 E/SQLiteLog( 1945): (284) automatic index on pending_msgs(msg_id)
05-19 15:05:04.107 E/SQLiteLog( 2161): (284) automatic index on sqlite_sq_7F931B5600(raw_contact_id)
05-19 15:05:04.109 E/SQLiteLog( 1945): (284) automatic index on pending_msgs(msg_id)
05-19 15:05:04.121 E/SQLiteLog( 2161): (284) automatic index on sqlite_sq_7F931B5D00(raw_contact_id)
05-19 15:05:04.129 E/QueryController(14385): Got null root node from accessibility - Retrying...
05-19 15:05:04.132 E/SQLiteLog( 2161): (284) automatic index on sqlite_sq_7F931B5300(raw_contact_id)
05-19 15:05:04.144 E/SQLiteLog( 2161): (284) automatic index on sqlite_sq_7F931B6100(raw_contact_id)
05-19 15:05:04.151 E/SQLiteLog( 2161): (284) automatic index on sqlite_sq_7F931B5F00(raw_contact_id)
05-19 15:05:04.162 E/SQLiteLog( 2161): (284) automatic index on sqlite_sq_7F9EA9CE80(raw_contact_id)
05-19 15:05:04.169 E/SQLiteLog( 2161): (284) automatic index on sqlite_sq_7F9EA9CC00(raw_contact_id)
05-19 15:05:04.181 E/SQLiteLog( 2161): (284) automatic index on sqlite_sq_7F931B6480(raw_contact_id)
05-19 15:05:04.188 E/SQLiteLog( 2161): (284) automatic index on sqlite_sq_7F931B5F00(raw_contact_id)
05-19 15:05:04.199 E/SQLiteLog( 2161): (284) automatic index on sqlite_sq_7F931B6780(raw_contact_id)
05-19 15:05:04.206 E/SQLiteLog( 2161): (284) automatic index on sqlite_sq_7F931B6380(raw_contact_id)
05-19 15:05:04.217 E/SQLiteLog( 2161): (284) automatic index on sqlite_sq_7F9EA9D180(raw_contact_id)
05-19 15:05:04.224 E/SQLiteLog( 2161): (284) automatic index on sqlite_sq_7F9EA9CA00(raw_contact_id)
05-19 15:05:04.238 E/SQLiteLog( 2161): (284) automatic index on sqlite_sq_7F931B6980(raw_contact_id)
05-19 15:05:04.239 E/[PropSet](14613): connect fail
05-19 15:05:04.239 E/[PropSet](14613): send_prop_msg return err -1
05-19 15:05:04.246 E/SQLiteLog( 2161): (284) automatic index on sqlite_sq_7F931B6400(raw_contact_id)
05-19 15:05:04.258 E/SQLiteLog( 2161): (284) automatic index on sqlite_sq_7F9EA9D900(raw_contact_id)
05-19 15:05:04.265 E/SQLiteLog( 2161): (284) automatic index on sqlite_sq_7F9EA9D580(raw_contact_id)
05-19 15:05:04.276 E/SQLiteLog( 2161): (284) automatic index on sqlite_sq_7F931B6C80(raw_contact_id)
05-19 15:05:04.283 E/SQLiteLog( 2161): (284) automatic index on sqlite_sq_7F931B6680(raw_contact_id)
05-19 15:05:04.293 E/SQLiteLog( 2161): (284) automatic index on sqlite_sq_7FA301A680(raw_contact_id)
05-19 15:05:04.300 E/SQLiteLog( 2161): (284) automatic index on sqlite_sq_7F931B6C00(raw_contact_id)
05-19 15:05:04.312 E/SQLiteLog( 2161): (284) automatic index on sqlite_sq_7F9EA9DC80(raw_contact_id)
05-19 15:05:04.318 E/SQLiteLog( 2161): (284) automatic index on sqlite_sq_7F9EA9D800(raw_contact_id)
05-19 15:05:04.329 E/SQLiteLog( 2161): (284) automatic index on sqlite_sq_7FA3215880(raw_contact_id)
05-19 15:05:04.336 E/SQLiteLog( 2161): (284) automatic index on sqlite_sq_7F931B6200(raw_contact_id)
05-19 15:05:04.336 E/WifiStateMachine(  851):  ConnectedState (when=-3ms what=131155 arg1=671!CMD_RSSI_POLL 671 0 "BOCO-office" 94:b4:0f:68:a4:b1 rssi=-48 f=5785 sc=80 link=135 tx=3.5, 0.0, 0.0  rx=56.5 bcn=0 [on:0 tx:0 rx:0 period:3001] from screen [on:0 period:716063408] gl rssi=-48 ag=0 hr ticks 28,286,43 ls-=0 [56,56,56,56,61] brc=0 lrc=0
05-19 15:05:04.337 E/WifiStateMachine(  851):  L2ConnectedState (when=-4ms what=131155 arg1=671!CMD_RSSI_POLL 671 0 "BOCO-office" 94:b4:0f:68:a4:b1 rssi=-48 f=5785 sc=80 link=135 tx=3.5, 0.0, 0.0  rx=56.5 bcn=0 [on:0 tx:0 rx:0 period:1] from screen [on:0 period:716063409] gl rssi=-48 ag=0 hr ticks 28,286,43 ls-=0 [56,56,56,56,61] brc=0 lrc=0
05-19 15:05:04.337 E/WifiStateMachine(  851):  get link layer stats 0
05-19 15:05:04.348 E/SQLiteLog( 2161): (284) automatic index on sqlite_sq_7FA3226B00(raw_contact_id)
05-19 15:05:04.354 E/SQLiteLog( 2161): (284) automatic index on sqlite_sq_7F931B6F80(raw_contact_id)
05-19 15:05:04.358 E/WifiStateMachine(  851): calculateWifiScore() we set wifi's score to 1000, so will always set wifi as a default network.
05-19 15:05:04.380 E/QueryController(14385): Got null root node from accessibility - Retrying...
05-19 15:05:04.399 E/SQLiteLog( 2161): (284) automatic index on sqlite_sq_7F9EA9DA80(raw_contact_id)
05-19 15:05:04.405 E/SQLiteLog( 2161): (284) automatic index on sqlite_sq_7F92C08B80(raw_contact_id)
05-19 15:05:04.409 E/[PropSet](14613): connect fail
05-19 15:05:04.409 E/[PropSet](14613): send_prop_msg return err -1
05-19 15:05:04.417 E/SQLiteLog( 2161): (284) automatic index on sqlite_sq_7F930B5200(raw_contact_id)
05-19 15:05:04.423 E/SQLiteLog( 2161): (284) automatic index on sqlite_sq_7F930B5200(raw_contact_id)
05-19 15:05:04.435 E/SQLiteLog( 2161): (284) automatic index on sqlite_sq_7F92C09A00(raw_contact_id)
05-19 15:05:04.442 E/SQLiteLog( 2161): (284) automatic index on sqlite_sq_7F92C09D80(raw_contact_id)
05-19 15:05:04.453 E/SQLiteLog( 2161): (284) automatic index on sqlite_sq_7F930B5300(raw_contact_id)
05-19 15:05:04.507 E/MessageListAdapter(14613): exception in getCachedMessageItem
05-19 15:05:04.658 E/SurfaceFlinger(  285): onDraw: bindTextureImage test
05-19 15:05:04.669 E/MessageListAdapter(14613): exception in MessageListAdapter cacheItem .....
05-19 15:05:04.675 E/SurfaceFlinger(  285): onDraw: bindTextureImage test
05-19 15:05:04.692 E/SurfaceFlinger(  285): onDraw: bindTextureImage test
05-19 15:05:04.709 E/SurfaceFlinger(  285): onDraw: bindTextureImage test
05-19 15:05:04.800 E/WifiTrafficPoller(  851): TRAFFIC_STATS_POLL true Token 3077 num clients 19
05-19 15:05:04.800 E/WifiTrafficPoller(  851):  packet count Tx=2028738 Rx=6691968
05-19 15:05:04.807 E/MessageListAdapter(14613): exception in MessageListAdapter cacheItem .....
05-19 15:05:04.810 E/SQLiteLog( 2161): (284) automatic index on sqlite_sq_7F930B5E00(raw_contact_id)
05-19 15:05:04.826 E/SQLiteLog( 2161): (284) automatic index on sqlite_sq_7F930B5980(raw_contact_id)
05-19 15:05:04.833 E/SQLiteLog( 2161): (284) automatic index on sqlite_sq_7F930B5380(raw_contact_id)
05-19 15:05:04.836 E/Mms/CacheDelay(14613): -->preferences is not null, slotId = 0, retval = true
05-19 15:05:04.836 E/Mms/CacheDelay(14613): -->sim1 ready state : true
05-19 15:05:04.846 E/SQLiteLog( 2161): (284) automatic index on sqlite_sq_7F930B4900(STAT_DATA_ID)
05-19 15:05:04.847 E/SQLiteLog( 2161): (284) automatic index on sqlite_sq_7F930B5000(STAT_DATA_ID)
05-19 15:05:04.849 E/SQLiteLog( 2161): (284) automatic index on sqlite_sq_7F930B5580(STAT_DATA_ID)
05-19 15:05:04.850 E/SQLiteLog( 2161): (284) automatic index on sqlite_sq_7F930B4C00(STAT_DATA_ID)
05-19 15:05:04.851 E/SQLiteLog( 2161): (284) automatic index on sqlite_sq_7F92C38200(raw_contact_id)
05-19 15:05:04.860 E/SQLiteLog( 2161): (284) automatic index on sqlite_sq_7F92C38500(raw_contact_id)
05-19 15:05:04.861 E/MessageListAdapter(14613): exception in getCachedMessageItem
05-19 15:05:04.870 E/MessageListAdapter(14613): exception in MessageListAdapter cacheItem .....
05-19 15:05:04.871 E/SQLiteLog( 2161): (284) automatic index on sqlite_sq_7F92C38780(raw_contact_id)
05-19 15:05:04.878 E/SQLiteLog( 2161): (284) automatic index on sqlite_sq_7F92C38A80(raw_contact_id)
05-19 15:05:04.893 E/SQLiteLog( 2161): (284) automatic index on sqlite_sq_7F930E6C00(raw_contact_id)
05-19 15:05:04.899 E/SQLiteLog( 2161): (284) automatic index on sqlite_sq_7F930B5F00(raw_contact_id)
05-19 15:05:04.914 E/SQLiteLog( 2161): (284) automatic index on sqlite_sq_7F930E6F80(raw_contact_id)
05-19 15:05:04.920 E/SQLiteLog( 2161): (284) automatic index on sqlite_sq_7F930E6580(raw_contact_id)
05-19 15:05:04.935 E/SQLiteLog( 2161): (284) automatic index on sqlite_sq_7F92C39000(raw_contact_id)
05-19 15:05:04.941 E/SQLiteLog( 2161): (284) automatic index on sqlite_sq_7F92C38980(raw_contact_id)
05-19 15:05:04.958 E/SQLiteLog( 2161): (284) automatic index on sqlite_sq_7F92C39180(raw_contact_id)
05-19 15:05:04.964 E/SQLiteLog( 2161): (284) automatic index on sqlite_sq_7F92C38E00(raw_contact_id)
05-19 15:05:04.980 E/SQLiteLog( 2161): (284) automatic index on sqlite_sq_7F930E7300(raw_contact_id)
05-19 15:05:04.987 E/SQLiteLog( 2161): (284) automatic index on sqlite_sq_7F930E7080(raw_contact_id)
05-19 15:05:05.002 E/SQLiteLog( 2161): (284) automatic index on sqlite_sq_7F930E7400(raw_contact_id)
05-19 15:05:05.009 E/SQLiteLog( 2161): (284) automatic index on sqlite_sq_7F930E6580(raw_contact_id)
05-19 15:05:05.028 E/SQLiteLog( 2161): (284) automatic index on sqlite_sq_7F92C39200(raw_contact_id)
05-19 15:05:05.034 E/SQLiteLog( 2161): (284) automatic index on sqlite_sq_7F92C38880(raw_contact_id)
05-19 15:05:05.049 E/SQLiteLog( 2161): (284) automatic index on sqlite_sq_7F92C39980(raw_contact_id)
05-19 15:05:05.055 E/SQLiteLog( 2161): (284) automatic index on sqlite_sq_7F92C39480(raw_contact_id)
05-19 15:05:05.070 E/SQLiteLog( 2161): (284) automatic index on sqlite_sq_7F930E7780(raw_contact_id)
05-19 15:05:05.076 E/SQLiteLog( 2161): (284) automatic index on sqlite_sq_7F930E7200(raw_contact_id)
05-19 15:05:05.091 E/SQLiteLog( 2161): (284) automatic index on sqlite_sq_7F930E7A00(raw_contact_id)
05-19 15:05:05.097 E/SQLiteLog( 2161): (284) automatic index on sqlite_sq_7F930E7800(raw_contact_id)
05-19 15:05:05.113 E/SQLiteLog( 2161): (284) automatic index on sqlite_sq_7F92C39B80(raw_contact_id)
05-19 15:05:05.136 E/SQLiteLog( 2161): (284) automatic index on sqlite_sq_7F930E7D00(raw_contact_id)
05-19 15:05:05.142 E/SQLiteLog( 2161): (284) automatic index on sqlite_sq_7F930E7A80(raw_contact_id)
05-19 15:05:05.160 E/SQLiteLog( 2161): (284) automatic index on sqlite_sq_7F92C39E80(raw_contact_id)
05-19 15:05:05.185 E/SQLiteLog( 2161): (284) automatic index on sqlite_sq_7F92C39E80(raw_contact_id)
05-19 15:05:05.187 E/MessageListAdapter(14613): exception in getCachedMessageItem
05-19 15:05:05.192 E/SQLiteLog( 2161): (284) automatic index on sqlite_sq_7F92C39E80(raw_contact_id)
05-19 15:05:05.200 E/MessageListAdapter(14613): exception in MessageListAdapter cacheItem .....
05-19 15:05:05.206 E/SQLiteLog( 2161): (284) automatic index on sqlite_sq_7F930E7E80(raw_contact_id)
05-19 15:05:05.212 E/SQLiteLog( 2161): (284) automatic index on sqlite_sq_7F930E7180(raw_contact_id)
05-19 15:05:05.229 E/SQLiteLog( 2161): (284) automatic index on sqlite_sq_7F9EA9C600(raw_contact_id)
05-19 15:05:05.235 E/SQLiteLog( 2161): (284) automatic index on sqlite_sq_7F92C39900(raw_contact_id)
05-19 15:05:05.250 E/SQLiteLog( 2161): (284) automatic index on sqlite_sq_7F931B5400(raw_contact_id)
05-19 15:05:05.256 E/SQLiteLog( 2161): (284) automatic index on sqlite_sq_7F931B5180(raw_contact_id)
05-19 15:05:05.271 E/SQLiteLog( 2161): (284) automatic index on sqlite_sq_7F9EA9C900(raw_contact_id)
05-19 15:05:05.277 E/SQLiteLog( 2161): (284) automatic index on sqlite_sq_7F9EA9C680(raw_contact_id)
05-19 15:05:05.292 E/SQLiteLog( 2161): (284) automatic index on sqlite_sq_7F931B5480(raw_contact_id)
05-19 15:05:05.299 E/SQLiteLog( 2161): (284) automatic index on sqlite_sq_7F930E7080(raw_contact_id)
05-19 15:05:05.316 E/SQLiteLog( 2161): (284) automatic index on sqlite_sq_7F9EA9CC00(raw_contact_id)
05-19 15:05:05.322 E/SQLiteLog( 2161): (284) automatic index on sqlite_sq_7F9EA9C300(raw_contact_id)
05-19 15:05:05.337 E/SQLiteLog( 2161): (284) automatic index on sqlite_sq_7F931B5980(raw_contact_id)
05-19 15:05:05.344 E/SQLiteLog( 2161): (284) automatic index on sqlite_sq_7F931B5600(raw_contact_id)
05-19 15:05:05.358 E/MessageListAdapter(14613): exception in MessageListAdapter cacheItem .....
05-19 15:05:05.358 E/SQLiteLog( 2161): (284) automatic index on sqlite_sq_7F9EA9CF80(raw_contact_id)
05-19 15:05:05.365 E/SQLiteLog( 2161): (284) automatic index on sqlite_sq_7F9EA9CB80(raw_contact_id)
05-19 15:05:05.379 E/SQLiteLog( 2161): (284) automatic index on sqlite_sq_7F931B5A80(raw_contact_id)
05-19 15:05:05.385 E/SQLiteLog( 2161): (284) automatic index on sqlite_sq_7F931B5800(raw_contact_id)
05-19 15:05:05.396 E/SQLiteLog( 2161): (284) automatic index on sqlite_sq_7F9EA9D280(raw_contact_id)
05-19 15:05:05.402 E/SQLiteLog( 2161): (284) automatic index on sqlite_sq_7F9EA9C980(raw_contact_id)
05-19 15:05:05.414 E/SQLiteLog( 2161): (284) automatic index on sqlite_sq_7F9EA9D380(raw_contact_id)
05-19 15:05:05.420 E/SQLiteLog( 2161): (284) automatic index on sqlite_sq_7F9EA9CE80(raw_contact_id)
05-19 15:05:05.432 E/SQLiteLog( 2161): (284) automatic index on sqlite_sq_7F931B5B00(raw_contact_id)
05-19 15:05:05.439 E/SQLiteLog( 2161): (284) automatic index on sqlite_sq_7F930B5A00(raw_contact_id)
05-19 15:05:05.451 E/SQLiteLog( 2161): (284) automatic index on sqlite_sq_7F931B5E00(raw_contact_id)
05-19 15:05:05.458 E/SQLiteLog( 2161): (284) automatic index on sqlite_sq_7F931B5600(raw_contact_id)
05-19 15:05:05.469 E/SQLiteLog( 2161): (284) automatic index on sqlite_sq_7F931B6180(raw_contact_id)
05-19 15:05:05.476 E/SQLiteLog( 2161): (284) automatic index on sqlite_sq_7F931B5D80(raw_contact_id)
05-19 15:05:05.488 E/SQLiteLog( 2161): (284) automatic index on sqlite_sq_7F9EA9D480(raw_contact_id)
05-19 15:05:05.495 E/SQLiteLog( 2161): (284) automatic index on sqlite_sq_7F9EA9CB00(raw_contact_id)
05-19 15:05:05.507 E/SQLiteLog( 2161): (284) automatic index on sqlite_sq_7F9EA9D800(raw_contact_id)
05-19 15:05:05.558 E/SQLiteLog( 2161): (284) automatic index on sqlite_sq_7F9EA9C500(raw_contact_id)
05-19 15:05:05.564 E/SQLiteLog( 2161): (284) automatic index on sqlite_sq_7F92C08B80(raw_contact_id)
05-19 15:05:05.577 E/SQLiteLog( 2161): (284) automatic index on sqlite_sq_7F92C09F00(raw_contact_id)
05-19 15:05:05.585 E/SQLiteLog( 2161): (284) automatic index on sqlite_sq_7F92C09D00(raw_contact_id)
05-19 15:05:05.596 E/SQLiteLog( 2161): (284) automatic index on sqlite_sq_7F930B4C80(raw_contact_id)
05-19 15:05:05.800 E/WifiTrafficPoller(  851): TRAFFIC_STATS_POLL true Token 3077 num clients 19
05-19 15:05:05.800 E/WifiTrafficPoller(  851):  packet count Tx=2028738 Rx=6691988
05-19 15:05:05.905 E/SQLiteLog( 2161): (284) automatic index on sqlite_sq_7F930B4C80(raw_contact_id)
05-19 15:05:05.920 E/SQLiteLog( 2161): (284) automatic index on sqlite_sq_7F930B4F00(raw_contact_id)
05-19 15:05:05.926 E/SQLiteLog( 2161): (284) automatic index on sqlite_sq_7F930B4D80(raw_contact_id)
05-19 15:05:05.941 E/SQLiteLog( 2161): (284) automatic index on sqlite_sq_7F930B5800(raw_contact_id)
05-19 15:05:05.948 E/SQLiteLog( 2161): (284) automatic index on sqlite_sq_7F930B5000(raw_contact_id)
05-19 15:05:05.963 E/SQLiteLog( 2161): (284) automatic index on sqlite_sq_7F930B5980(raw_contact_id)
05-19 15:05:05.969 E/SQLiteLog( 2161): (284) automatic index on sqlite_sq_7F930B5D00(raw_contact_id)
05-19 15:05:05.985 E/SQLiteLog( 2161): (284) automatic index on sqlite_sq_7F930B5D00(raw_contact_id)
05-19 15:05:05.991 E/SQLiteLog( 2161): (284) automatic index on sqlite_sq_7F930B5580(raw_contact_id)
05-19 15:05:06.006 E/SQLiteLog( 2161): (284) automatic index on sqlite_sq_7F930E6500(raw_contact_id)
05-19 15:05:06.012 E/SQLiteLog( 2161): (284) automatic index on sqlite_sq_7F930B5000(raw_contact_id)
05-19 15:05:06.027 E/SQLiteLog( 2161): (284) automatic index on sqlite_sq_7F930E6700(raw_contact_id)
05-19 15:05:06.033 E/SQLiteLog( 2161): (284) automatic index on sqlite_sq_7F930B5580(raw_contact_id)
05-19 15:05:06.048 E/SQLiteLog( 2161): (284) automatic index on sqlite_sq_7F930E6F80(raw_contact_id)
05-19 15:05:06.054 E/SQLiteLog( 2161): (284) automatic index on sqlite_sq_7F930E6680(raw_contact_id)
05-19 15:05:06.069 E/SQLiteLog( 2161): (284) automatic index on sqlite_sq_7F930E7200(raw_contact_id)
05-19 15:05:06.076 E/SQLiteLog( 2161): (284) automatic index on sqlite_sq_7F930B5F80(raw_contact_id)
05-19 15:05:06.091 E/SQLiteLog( 2161): (284) automatic index on sqlite_sq_7F930E7400(raw_contact_id)
05-19 15:05:06.097 E/SQLiteLog( 2161): (284) automatic index on sqlite_sq_7F930E6E80(raw_contact_id)
05-19 15:05:06.112 E/SQLiteLog( 2161): (284) automatic index on sqlite_sq_7F930E7180(raw_contact_id)
05-19 15:05:06.118 E/SQLiteLog( 2161): (284) automatic index on sqlite_sq_7F930B5C00(raw_contact_id)
05-19 15:05:06.133 E/SQLiteLog( 2161): (284) automatic index on sqlite_sq_7F930E7500(raw_contact_id)
05-19 15:05:06.140 E/SQLiteLog( 2161): (284) automatic index on sqlite_sq_7F930E6580(raw_contact_id)
05-19 15:05:06.155 E/SQLiteLog( 2161): (284) automatic index on sqlite_sq_7F930E7A80(raw_contact_id)
05-19 15:05:06.161 E/SQLiteLog( 2161): (284) automatic index on sqlite_sq_7F930B5C00(raw_contact_id)
05-19 15:05:06.177 E/SQLiteLog( 2161): (284) automatic index on sqlite_sq_7F931B5200(raw_contact_id)
05-19 15:05:06.184 E/SQLiteLog( 2161): (284) automatic index on sqlite_sq_7F930E7780(raw_contact_id)
05-19 15:05:06.200 E/SQLiteLog( 2161): (284) automatic index on sqlite_sq_7F931B5400(raw_contact_id)
05-19 15:05:06.208 E/SQLiteLog( 2161): (284) automatic index on sqlite_sq_7F930E7C00(raw_contact_id)
05-19 15:05:06.220 E/SQLiteLog( 2161): (284) automatic index on sqlite_sq_7F931B5500(raw_contact_id)
05-19 15:05:06.227 E/SQLiteLog( 2161): (284) automatic index on sqlite_sq_7F931B5500(raw_contact_id)
05-19 15:05:06.242 E/SQLiteLog( 2161): (284) automatic index on sqlite_sq_7F931B5B80(raw_contact_id)
05-19 15:05:06.249 E/SQLiteLog( 2161): (284) automatic index on sqlite_sq_7F930E7F80(raw_contact_id)
05-19 15:05:06.261 E/SQLiteLog( 2161): (284) automatic index on sqlite_sq_7F92C38500(raw_contact_id)
05-19 15:05:06.268 E/SQLiteLog( 2161): (284) automatic index on sqlite_sq_7F92C09F80(raw_contact_id)
05-19 15:05:06.280 E/SQLiteLog( 2161): (284) automatic index on sqlite_sq_7F931B6080(raw_contact_id)
05-19 15:05:06.287 E/SQLiteLog( 2161): (284) automatic index on sqlite_sq_7F931B5600(raw_contact_id)
05-19 15:05:06.300 E/SQLiteLog( 2161): (284) automatic index on sqlite_sq_7F931B6300(raw_contact_id)
05-19 15:05:06.307 E/SQLiteLog( 2161): (284) automatic index on sqlite_sq_7F931B5600(raw_contact_id)
05-19 15:05:06.319 E/SQLiteLog( 2161): (284) automatic index on sqlite_sq_7F931B6480(raw_contact_id)
05-19 15:05:06.328 E/SQLiteLog( 2161): (284) automatic index on sqlite_sq_7F930E7F80(raw_contact_id)
05-19 15:05:06.344 E/SQLiteLog( 2161): (284) automatic index on sqlite_sq_7F92C38E00(raw_contact_id)
05-19 15:05:06.351 E/SQLiteLog( 2161): (284) automatic index on sqlite_sq_7F92C38B00(raw_contact_id)
05-19 15:05:06.366 E/SQLiteLog( 2161): (284) automatic index on sqlite_sq_7F931B6680(raw_contact_id)
05-19 15:05:06.373 E/SQLiteLog( 2161): (284) automatic index on sqlite_sq_7F931B5600(raw_contact_id)
05-19 15:05:06.386 E/SQLiteLog( 2161): (284) automatic index on sqlite_sq_7F931B6880(raw_contact_id)
05-19 15:05:06.395 E/SQLiteLog( 2161): (284) automatic index on sqlite_sq_7F931B5600(raw_contact_id)
05-19 15:05:06.411 E/SQLiteLog( 2161): (284) automatic index on sqlite_sq_7F92C39180(raw_contact_id)
05-19 15:05:06.419 E/SQLiteLog( 2161): (284) automatic index on sqlite_sq_7F92C38B80(raw_contact_id)
05-19 15:05:06.433 E/SQLiteLog( 2161): (284) automatic index on sqlite_sq_7F92C39480(raw_contact_id)
05-19 15:05:06.440 E/SQLiteLog( 2161): (284) automatic index on sqlite_sq_7F92C39000(raw_contact_id)
05-19 15:05:06.452 E/SQLiteLog( 2161): (284) automatic index on sqlite_sq_7F92C39600(raw_contact_id)
05-19 15:05:06.459 E/SQLiteLog( 2161): (284) automatic index on sqlite_sq_7F92C39280(raw_contact_id)
05-19 15:05:06.473 E/SQLiteLog( 2161): (284) automatic index on sqlite_sq_7F931B6C00(raw_contact_id)
05-19 15:05:06.483 E/SQLiteLog( 2161): (284) automatic index on sqlite_sq_7F931B6800(raw_contact_id)
05-19 15:05:06.564 E/SQLiteLog( 2161): (284) automatic index on sqlite_sq_7F931B6F00(raw_contact_id)
05-19 15:05:06.572 E/SQLiteLog( 2161): (284) automatic index on sqlite_sq_7F931B6900(raw_contact_id)
05-19 15:05:06.600 E/SQLiteLog( 2161): (284) automatic index on sqlite_sq_7F931B6F80(raw_contact_id)
05-19 15:05:06.611 E/SQLiteLog( 2161): (284) automatic index on sqlite_sq_7F931B6900(raw_contact_id)
05-19 15:05:06.629 E/SQLiteLog( 2161): (284) automatic index on sqlite_sq_7F92C39680(raw_contact_id)
05-19 15:05:06.635 E/SQLiteLog( 2161): (284) automatic index on sqlite_sq_7F92C38F00(raw_contact_id)
05-19 15:05:06.651 E/SQLiteLog( 2161): (284) automatic index on sqlite_sq_7FA301A680(raw_contact_id)
05-19 15:05:06.658 E/SQLiteLog( 2161): (284) automatic index on sqlite_sq_7F931B6600(raw_contact_id)
05-19 15:05:06.673 E/SQLiteLog( 2161): (284) automatic index on sqlite_sq_7FA3226980(raw_contact_id)
05-19 15:05:06.680 E/SQLiteLog( 2161): (284) automatic index on sqlite_sq_7F931B6900(raw_contact_id)
05-19 15:05:06.697 E/SQLiteLog( 2161): (284) automatic index on sqlite_sq_7FA3226C80(raw_contact_id)
05-19 15:05:06.703 E/SQLiteLog( 2161): (284) automatic index on sqlite_sq_7FA3215880(raw_contact_id)
05-19 15:05:06.720 E/SQLiteLog( 2161): (284) automatic index on sqlite_sq_7F92C39800(raw_contact_id)
05-19 15:05:06.727 E/SQLiteLog( 2161): (284) automatic index on sqlite_sq_7F92C39280(raw_contact_id)
05-19 15:05:06.743 E/SQLiteLog( 2161): (284) automatic index on sqlite_sq_7FA3226D80(raw_contact_id)
05-19 15:05:06.750 E/SQLiteLog( 2161): (284) automatic index on sqlite_sq_7F931B6900(raw_contact_id)
05-19 15:05:06.766 E/SQLiteLog( 2161): (284) automatic index on sqlite_sq_7FA3226F80(raw_contact_id)
05-19 15:05:06.772 E/SQLiteLog( 2161): (284) automatic index on sqlite_sq_7FA3215880(raw_contact_id)
05-19 15:05:06.788 E/SQLiteLog( 2161): (284) automatic index on sqlite_sq_7FA3227380(raw_contact_id)
05-19 15:05:06.795 E/SQLiteLog( 2161): (284) automatic index on sqlite_sq_7FA3226E00(raw_contact_id)
05-19 15:05:06.800 E/WifiTrafficPoller(  851): TRAFFIC_STATS_POLL true Token 3077 num clients 19
05-19 15:05:06.801 E/WifiTrafficPoller(  851):  packet count Tx=2028738 Rx=6692009
05-19 15:05:06.811 E/SQLiteLog( 2161): (284) automatic index on sqlite_sq_7F9EA9C180(raw_contact_id)
05-19 15:05:06.818 E/SQLiteLog( 2161): (284) automatic index on sqlite_sq_7F92C39100(raw_contact_id)
05-19 15:05:06.864 E/SQLiteLog( 2161): (284) automatic index on sqlite_sq_7F930B4C00(raw_contact_id)
05-19 15:05:06.870 E/SQLiteLog( 2161): (284) automatic index on sqlite_sq_7F930B4A00(raw_contact_id)
05-19 15:05:06.886 E/SQLiteLog( 2161): (284) automatic index on sqlite_sq_7F930B4E80(raw_contact_id)
05-19 15:05:06.892 E/SQLiteLog( 2161): (284) automatic index on sqlite_sq_7F930B4E80(raw_contact_id)
05-19 15:05:07.229 E/SQLiteLog( 2161): (284) automatic index on sqlite_sq_7F92C09800(raw_contact_id)
05-19 15:05:07.235 E/SQLiteLog( 2161): (284) automatic index on sqlite_sq_7F92C09F80(raw_contact_id)
05-19 15:05:07.249 E/SQLiteLog( 2161): (284) automatic index on sqlite_sq_7F930B5800(raw_contact_id)
05-19 15:05:07.256 E/SQLiteLog( 2161): (284) automatic index on sqlite_sq_7F930B5180(raw_contact_id)
05-19 15:05:07.271 E/SQLiteLog( 2161): (284) automatic index on sqlite_sq_7F930B5C80(raw_contact_id)
05-19 15:05:07.278 E/SQLiteLog( 2161): (284) automatic index on sqlite_sq_7F930B5080(raw_contact_id)
05-19 15:05:07.295 E/SQLiteLog( 2161): (284) automatic index on sqlite_sq_7F930B5F80(raw_contact_id)
05-19 15:05:07.302 E/SQLiteLog( 2161): (284) automatic index on sqlite_sq_7F930B5F80(raw_contact_id)
05-19 15:05:07.321 E/SQLiteLog( 2161): (284) automatic index on sqlite_sq_7F930E6580(raw_contact_id)
05-19 15:05:07.328 E/SQLiteLog( 2161): (284) automatic index on sqlite_sq_7F930E6580(raw_contact_id)
05-19 15:05:07.346 E/SQLiteLog( 2161): (284) automatic index on sqlite_sq_7F930E6C00(raw_contact_id)
05-19 15:05:07.353 E/SQLiteLog( 2161): (284) automatic index on sqlite_sq_7F930B5C00(raw_contact_id)
05-19 15:05:07.362 E/WifiStateMachine(  851):  ConnectedState (when=-4ms what=131155 arg1=671!CMD_RSSI_POLL 671 0 "BOCO-office" 94:b4:0f:68:a4:b1 rssi=-52 f=5785 sc=80 link=135 tx=1.7, 0.0, 0.0  rx=84.2 bcn=0 [on:0 tx:0 rx:0 period:3003] from screen [on:0 period:716066434] gl rssi=-52 ag=0 hr ticks 28,286,43 ls-=0 [56,56,56,56,61] brc=0 lrc=0
05-19 15:05:07.363 E/WifiStateMachine(  851):  L2ConnectedState (when=-5ms what=131155 arg1=671!CMD_RSSI_POLL 671 0 "BOCO-office" 94:b4:0f:68:a4:b1 rssi=-52 f=5785 sc=80 link=135 tx=1.7, 0.0, 0.0  rx=84.2 bcn=0 [on:0 tx:0 rx:0 period:1] from screen [on:0 period:716066435] gl rssi=-52 ag=0 hr ticks 28,286,43 ls-=0 [56,56,56,56,61] brc=0 lrc=0
05-19 15:05:07.363 E/WifiStateMachine(  851):  get link layer stats 0
05-19 15:05:07.366 E/WifiStateMachine(  851): calculateWifiScore() we set wifi's score to 1000, so will always set wifi as a default network.
05-19 15:05:07.374 E/SQLiteLog( 2161): (284) automatic index on sqlite_sq_7F92C09F00(raw_contact_id)
05-19 15:05:07.382 E/SQLiteLog( 2161): (284) automatic index on sqlite_sq_7F92C09F00(raw_contact_id)
05-19 15:05:07.397 E/SQLiteLog( 2161): (284) automatic index on sqlite_sq_7F92C38300(raw_contact_id)
05-19 15:05:07.405 E/SQLiteLog( 2161): (284) automatic index on sqlite_sq_7F92C09B80(raw_contact_id)
05-19 15:05:07.422 E/SQLiteLog( 2161): (284) automatic index on sqlite_sq_7F92C38600(raw_contact_id)
05-19 15:05:07.429 E/SQLiteLog( 2161): (284) automatic index on sqlite_sq_7F92C09B80(raw_contact_id)
05-19 15:05:07.445 E/SQLiteLog( 2161): (284) automatic index on sqlite_sq_7F930E7480(raw_contact_id)
05-19 15:05:07.452 E/SQLiteLog( 2161): (284) automatic index on sqlite_sq_7F930E6D80(raw_contact_id)
05-19 15:05:07.469 E/SQLiteLog( 2161): (284) automatic index on sqlite_sq_7F930E7780(raw_contact_id)
05-19 15:05:07.493 E/SQLiteLog( 2161): (284) automatic index on sqlite_sq_7F930E7C00(raw_contact_id)
05-19 15:05:07.500 E/SQLiteLog( 2161): (284) automatic index on sqlite_sq_7F930E6E80(raw_contact_id)
05-19 15:05:07.518 E/SQLiteLog( 2161): (284) automatic index on sqlite_sq_7F930E7D00(raw_contact_id)
05-19 15:05:07.525 E/SQLiteLog( 2161): (284) automatic index on sqlite_sq_7F930B5380(raw_contact_id)
05-19 15:05:07.542 E/SQLiteLog( 2161): (284) automatic index on sqlite_sq_7F92C38B00(raw_contact_id)
05-19 15:05:07.549 E/SQLiteLog( 2161): (284) automatic index on sqlite_sq_7F92C09D00(raw_contact_id)
05-19 15:05:07.567 E/SQLiteLog( 2161): (284) automatic index on sqlite_sq_7F92C39380(raw_contact_id)
05-19 15:05:07.574 E/SQLiteLog( 2161): (284) automatic index on sqlite_sq_7F92C38900(raw_contact_id)
05-19 15:05:07.599 E/SQLiteLog( 2161): (284) automatic index on sqlite_sq_7F92C39700(raw_contact_id)
05-19 15:05:07.607 E/SQLiteLog( 2161): (284) automatic index on sqlite_sq_7F92C39100(raw_contact_id)
05-19 15:05:07.626 E/SQLiteLog( 2161): (284) automatic index on sqlite_sq_7F931B5100(raw_contact_id)
05-19 15:05:07.633 E/SQLiteLog( 2161): (284) automatic index on sqlite_sq_7F930E7100(raw_contact_id)
05-19 15:05:07.658 E/SQLiteLog( 2161): (284) automatic index on sqlite_sq_7F931B5500(raw_contact_id)
05-19 15:05:07.666 E/SQLiteLog( 2161): (284) automatic index on sqlite_sq_7F930E7E80(raw_contact_id)
05-19 15:05:07.683 E/SQLiteLog( 2161): (284) automatic index on sqlite_sq_7F931B5600(raw_contact_id)
05-19 15:05:07.691 E/SQLiteLog( 2161): (284) automatic index on sqlite_sq_7F930E7500(raw_contact_id)
05-19 15:05:07.709 E/SQLiteLog( 2161): (284) automatic index on sqlite_sq_7F931B5900(raw_contact_id)
05-19 15:05:07.717 E/SQLiteLog( 2161): (284) automatic index on sqlite_sq_7F931B5400(raw_contact_id)
05-19 15:05:07.740 E/SQLiteLog( 2161): (284) automatic index on sqlite_sq_7F931B5A80(raw_contact_id)
05-19 15:05:07.748 E/SQLiteLog( 2161): (284) automatic index on sqlite_sq_7F931B5700(raw_contact_id)
05-19 15:05:07.766 E/SQLiteLog( 2161): (284) automatic index on sqlite_sq_7F92C39800(raw_contact_id)
05-19 15:05:07.773 E/SQLiteLog( 2161): (284) automatic index on sqlite_sq_7F92C39480(raw_contact_id)
05-19 15:05:07.801 E/WifiTrafficPoller(  851): TRAFFIC_STATS_POLL true Token 3077 num clients 19
05-19 15:05:07.802 E/WifiTrafficPoller(  851):  packet count Tx=2028741 Rx=6692036
05-19 15:05:07.802 E/WifiTrafficPoller(  851): notifying of data activity 3
05-19 15:05:07.806 E/SQLiteLog( 2161): (284) automatic index on sqlite_sq_7F92C39680(raw_contact_id)
05-19 15:05:07.817 E/SQLiteLog( 2161): (284) automatic index on sqlite_sq_7F92C38F80(raw_contact_id)
05-19 15:05:07.863 E/SQLiteLog( 2161): (284) automatic index on sqlite_sq_7F92C39980(raw_contact_id)
05-19 15:05:07.874 E/SQLiteLog( 2161): (284) automatic index on sqlite_sq_7F92C39000(raw_contact_id)
05-19 15:05:07.898 E/SQLiteLog( 2161): (284) automatic index on sqlite_sq_7F931B5880(raw_contact_id)
05-19 15:05:07.906 E/SQLiteLog( 2161): (284) automatic index on sqlite_sq_7F930E7780(raw_contact_id)
05-19 15:05:07.936 E/SQLiteLog( 2161): (284) automatic index on sqlite_sq_7F931B5C80(raw_contact_id)
05-19 15:05:07.944 E/SQLiteLog( 2161): (284) automatic index on sqlite_sq_7F930E7D80(raw_contact_id)
05-19 15:05:07.963 E/SQLiteLog( 2161): (284) automatic index on sqlite_sq_7F931B6080(raw_contact_id)
05-19 15:05:07.974 E/SQLiteLog( 2161): (284) automatic index on sqlite_sq_7F930E7780(raw_contact_id)
05-19 15:05:07.997 E/SQLiteLog( 2161): (284) automatic index on sqlite_sq_7F931B6380(raw_contact_id)
05-19 15:05:08.004 E/SQLiteLog( 2161): (284) automatic index on sqlite_sq_7F931B5180(raw_contact_id)
05-19 15:05:08.021 E/SQLiteLog( 2161): (284) automatic index on sqlite_sq_7F931B6880(raw_contact_id)
05-19 15:05:08.029 E/SQLiteLog( 2161): (284) automatic index on sqlite_sq_7F931B6200(raw_contact_id)
05-19 15:05:08.052 E/SQLiteLog( 2161): (284) automatic index on sqlite_sq_7F9EA9C200(raw_contact_id)
05-19 15:05:08.067 E/SQLiteLog( 2161): (284) automatic index on sqlite_sq_7F92C39780(raw_contact_id)
05-19 15:05:08.088 E/SQLiteLog( 2161): (284) automatic index on sqlite_sq_7F9EA9C400(raw_contact_id)
05-19 15:05:08.100 E/SQLiteLog( 2161): (284) automatic index on sqlite_sq_7F92C39D00(raw_contact_id)
05-19 15:05:08.117 E/SQLiteLog( 2161): (284) automatic index on sqlite_sq_7F9EA9C480(raw_contact_id)
05-19 15:05:08.124 E/SQLiteLog( 2161): (284) automatic index on sqlite_sq_7F92C39D00(raw_contact_id)
05-19 15:05:08.140 E/SQLiteLog( 2161): (284) automatic index on sqlite_sq_7F931B6B80(raw_contact_id)
05-19 15:05:08.147 E/SQLiteLog( 2161): (284) automatic index on sqlite_sq_7F931B6480(raw_contact_id)
05-19 15:05:08.163 E/SQLiteLog( 2161): (284) automatic index on sqlite_sq_7F931B6C80(raw_contact_id)
05-19 15:05:08.169 E/SQLiteLog( 2161): (284) automatic index on sqlite_sq_7F931B5380(raw_contact_id)
05-19 15:05:08.183 E/SQLiteLog( 2161): (284) automatic index on sqlite_sq_7FA301A580(raw_contact_id)
05-19 15:05:08.190 E/SQLiteLog( 2161): (284) automatic index on sqlite_sq_7F931B6480(raw_contact_id)
05-19 15:05:08.204 E/SQLiteLog( 2161): (284) automatic index on sqlite_sq_7FA3226980(raw_contact_id)
05-19 15:05:08.211 E/SQLiteLog( 2161): (284) automatic index on sqlite_sq_7F931B6F00(raw_contact_id)
05-19 15:05:08.225 E/SQLiteLog( 2161): (284) automatic index on sqlite_sq_7FA3226C80(raw_contact_id)
05-19 15:05:08.232 E/SQLiteLog( 2161): (284) automatic index on sqlite_sq_7F931B6480(raw_contact_id)
05-19 15:05:08.247 E/SQLiteLog( 2161): (284) automatic index on sqlite_sq_7F9EA9C680(raw_contact_id)
05-19 15:05:08.254 E/SQLiteLog( 2161): (284) automatic index on sqlite_sq_7F9EA9C300(raw_contact_id)
05-19 15:05:08.307 E/SQLiteLog( 2161): (284) automatic index on sqlite_sq_7F92C09780(raw_contact_id)
05-19 15:05:08.314 E/SQLiteLog( 2161): (284) automatic index on sqlite_sq_7F92C08D00(raw_contact_id)
05-19 15:05:08.629 E/SQLiteLog( 2161): (284) automatic index on sqlite_sq_7F92C38080(raw_contact_id)
05-19 15:05:08.637 E/SQLiteLog( 2161): (284) automatic index on sqlite_sq_7F92C09D00(raw_contact_id)
05-19 15:05:08.657 E/SQLiteLog( 2161): (284) automatic index on sqlite_sq_7F92C38100(raw_contact_id)
05-19 15:05:08.665 E/SQLiteLog( 2161): (284) automatic index on sqlite_sq_7F92C09800(raw_contact_id)
05-19 15:05:08.689 E/SQLiteLog( 2161): (284) automatic index on sqlite_sq_7F92C09F00(raw_contact_id)
05-19 15:05:08.697 E/SQLiteLog( 2161): (284) automatic index on sqlite_sq_7F92C09F00(raw_contact_id)
05-19 15:05:08.715 E/SQLiteLog( 2161): (284) automatic index on sqlite_sq_7F92C38180(raw_contact_id)
05-19 15:05:08.724 E/SQLiteLog( 2161): (284) automatic index on sqlite_sq_7F92C38880(raw_contact_id)
05-19 15:05:08.751 E/SQLiteLog( 2161): (284) automatic index on sqlite_sq_7F92C38D80(raw_contact_id)
05-19 15:05:08.761 E/SQLiteLog( 2161): (284) automatic index on sqlite_sq_7F92C38980(raw_contact_id)
05-19 15:05:08.779 E/SQLiteLog( 2161): (284) automatic index on sqlite_sq_7F930B4D00(raw_contact_id)
05-19 15:05:08.787 E/SQLiteLog( 2161): (284) automatic index on sqlite_sq_7F930B4F80(raw_contact_id)
05-19 15:05:08.803 E/WifiTrafficPoller(  851): TRAFFIC_STATS_POLL true Token 3077 num clients 19
05-19 15:05:08.804 E/WifiTrafficPoller(  851):  packet count Tx=2028742 Rx=6692048
05-19 15:05:08.810 E/SQLiteLog( 2161): (284) automatic index on sqlite_sq_7F930B5500(raw_contact_id)
05-19 15:05:08.820 E/SQLiteLog( 2161): (284) automatic index on sqlite_sq_7F930B4D80(raw_contact_id)
05-19 15:05:08.839 E/SQLiteLog( 2161): (284) automatic index on sqlite_sq_7F930B5800(raw_contact_id)
05-19 15:05:08.848 E/SQLiteLog( 2161): (284) automatic index on sqlite_sq_7F930B5A80(raw_contact_id)
05-19 15:05:08.866 E/SQLiteLog( 2161): (284) automatic index on sqlite_sq_7F92C39080(raw_contact_id)
