05-17 16:29:49.304 E/SurfaceFlinger(  285): onDraw: bindTextureImage test
05-17 16:29:49.321 E/SurfaceFlinger(  285): onDraw: bindTextureImage test
05-17 16:29:49.337 E/SurfaceFlinger(  285): onDraw: bindTextureImage test
05-17 16:29:49.354 E/SurfaceFlinger(  285): onDraw: bindTextureImage test
05-17 16:29:49.371 E/SurfaceFlinger(  285): onDraw: bindTextureImage test
05-17 16:29:49.388 E/SurfaceFlinger(  285): onDraw: bindTextureImage test
05-17 16:29:49.405 E/SurfaceFlinger(  285): onDraw: bindTextureImage test
05-17 16:29:49.422 E/SurfaceFlinger(  285): onDraw: bindTextureImage test
05-17 16:29:49.439 E/SurfaceFlinger(  285): onDraw: bindTextureImage test
05-17 16:29:49.456 E/SurfaceFlinger(  285): onDraw: bindTextureImage test
05-17 16:29:49.472 E/SurfaceFlinger(  285): onDraw: bindTextureImage test
05-17 16:29:49.701 E/WifiTrafficPoller(  851): TRAFFIC_STATS_POLL true Token 2406 num clients 19
05-17 16:29:49.702 E/WifiTrafficPoller(  851):  packet count Tx=1621049 Rx=5423536
05-17 16:29:50.701 E/WifiTrafficPoller(  851): TRAFFIC_STATS_POLL true Token 2406 num clients 19
05-17 16:29:50.703 E/WifiTrafficPoller(  851):  packet count Tx=1621049 Rx=5423555
05-17 16:29:51.702 E/WifiTrafficPoller(  851): TRAFFIC_STATS_POLL true Token 2406 num clients 19
05-17 16:29:51.703 E/WifiTrafficPoller(  851):  packet count Tx=1621049 Rx=5423568
05-17 16:29:51.935 E/WifiStateMachine(  851):  ConnectedState (when=-1ms what=131155 arg1=548!CMD_RSSI_POLL 548 0 "BOCO-office" 94:b4:0f:68:a4:b1 rssi=-52 f=5785 sc=80 link=150 tx=4.2, 0.0, 0.0  rx=71.2 bcn=0 [on:0 tx:0 rx:0 period:2995] from screen [on:0 period:548351007] gl rssi=-52 ag=0 hr ticks 0,0,28 ls-=0 [56,56,56,56,61] brc=0 lrc=0
05-17 16:29:51.943 E/WifiStateMachine(  851):  L2ConnectedState (when=-4ms what=131155 arg1=548!CMD_RSSI_POLL 548 0 "BOCO-office" 94:b4:0f:68:a4:b1 rssi=-52 f=5785 sc=80 link=150 tx=4.2, 0.0, 0.0  rx=71.2 bcn=0 [on:0 tx:0 rx:0 period:8] from screen [on:0 period:548351015] gl rssi=-52 ag=0 hr ticks 0,0,28 ls-=0 [56,56,56,56,61] brc=0 lrc=0
05-17 16:29:51.949 E/WifiStateMachine(  851):  get link layer stats 0
05-17 16:29:51.974 E/WifiStateMachine(  851): calculateWifiScore() we set wifi's score to 1000, so will always set wifi as a default network.
05-17 16:29:52.705 E/WifiTrafficPoller(  851): TRAFFIC_STATS_POLL true Token 2406 num clients 19
05-17 16:29:52.708 E/WifiTrafficPoller(  851):  packet count Tx=1621049 Rx=5423583
05-17 16:29:53.710 E/WifiTrafficPoller(  851): TRAFFIC_STATS_POLL true Token 2406 num clients 19
05-17 16:29:53.711 E/WifiTrafficPoller(  851):  packet count Tx=1621049 Rx=5423598
05-17 16:29:54.062 E/SyncManager(  851): Bind attempt failed - target: ComponentInfo{com.baidu.yuedu/com.baidu.yuedu.pushalive.SyncAdapterService}
05-17 16:29:54.711 E/WifiTrafficPoller(  851): TRAFFIC_STATS_POLL true Token 2406 num clients 19
05-17 16:29:54.713 E/WifiTrafficPoller(  851):  packet count Tx=1621049 Rx=5423616
05-17 16:29:54.977 E/WifiStateMachine(  851):  ConnectedState (when=-3ms what=131155 arg1=548!CMD_RSSI_POLL 548 0 "BOCO-office" 94:b4:0f:68:a4:b1 rssi=-51 f=5785 sc=80 link=150 tx=2.1, 0.0, 0.0  rx=62.1 bcn=0 [on:0 tx:0 rx:0 period:3002] from screen [on:0 period:548354049] gl rssi=-51 ag=0 hr ticks 0,0,28 ls-=0 [56,56,56,56,61] brc=0 lrc=0
05-17 16:29:54.979 E/WifiStateMachine(  851):  L2ConnectedState (when=-3ms what=131155 arg1=548!CMD_RSSI_POLL 548 0 "BOCO-office" 94:b4:0f:68:a4:b1 rssi=-51 f=5785 sc=80 link=150 tx=2.1, 0.0, 0.0  rx=62.1 bcn=0 [on:0 tx:0 rx:0 period:2] from screen [on:0 period:548354051] gl rssi=-51 ag=0 hr ticks 0,0,28 ls-=0 [56,56,56,56,61] brc=0 lrc=0
05-17 16:29:54.980 E/WifiStateMachine(  851):  get link layer stats 0
05-17 16:29:55.005 E/WifiStateMachine(  851): calculateWifiScore() we set wifi's score to 1000, so will always set wifi as a default network.
05-17 16:29:55.713 E/WifiTrafficPoller(  851): TRAFFIC_STATS_POLL true Token 2406 num clients 19
05-17 16:29:55.713 E/WifiTrafficPoller(  851):  packet count Tx=1621049 Rx=5423629
05-17 16:29:56.714 E/WifiTrafficPoller(  851): TRAFFIC_STATS_POLL true Token 2406 num clients 19
05-17 16:29:56.715 E/WifiTrafficPoller(  851):  packet count Tx=1621049 Rx=5423646
05-17 16:29:57.715 E/WifiTrafficPoller(  851): TRAFFIC_STATS_POLL true Token 2406 num clients 19
05-17 16:29:57.716 E/WifiTrafficPoller(  851):  packet count Tx=1621049 Rx=5423671
05-17 16:29:58.010 E/WifiStateMachine(  851):  ConnectedState (when=-4ms what=131155 arg1=548!CMD_RSSI_POLL 548 0 "BOCO-office" 94:b4:0f:68:a4:b1 rssi=-53 f=5785 sc=80 link=150 tx=1.1, 0.0, 0.0  rx=55.6 bcn=0 [on:0 tx:0 rx:0 period:2985] from screen [on:0 period:548357082] gl rssi=-53 ag=0 hr ticks 0,0,28 ls-=0 [56,56,56,56,61] brc=0 lrc=0
05-17 16:29:58.011 E/WifiStateMachine(  851):  L2ConnectedState (when=-5ms what=131155 arg1=548!CMD_RSSI_POLL 548 0 "BOCO-office" 94:b4:0f:68:a4:b1 rssi=-53 f=5785 sc=80 link=150 tx=1.1, 0.0, 0.0  rx=55.6 bcn=0 [on:0 tx:0 rx:0 period:0] from screen [on:0 period:548357082] gl rssi=-53 ag=0 hr ticks 0,0,28 ls-=0 [56,56,56,56,61] brc=0 lrc=0
05-17 16:29:58.011 E/WifiStateMachine(  851):  get link layer stats 0
05-17 16:29:58.015 E/WifiStateMachine(  851): calculateWifiScore() we set wifi's score to 1000, so will always set wifi as a default network.
05-17 16:29:58.716 E/WifiTrafficPoller(  851): TRAFFIC_STATS_POLL true Token 2406 num clients 19
05-17 16:29:58.717 E/WifiTrafficPoller(  851):  packet count Tx=1621049 Rx=5423690
05-17 16:29:59.717 E/WifiTrafficPoller(  851): TRAFFIC_STATS_POLL true Token 2406 num clients 19
05-17 16:29:59.718 E/WifiTrafficPoller(  851):  packet count Tx=1621050 Rx=5423716
05-17 16:29:59.718 E/WifiTrafficPoller(  851): notifying of data activity 3
05-17 16:30:00.293 E/SurfaceFlinger(  285): onDraw: bindTextureImage test
05-17 16:30:00.311 E/SurfaceFlinger(  285): onDraw: bindTextureImage test
05-17 16:30:00.324 E/SurfaceFlinger(  285): onDraw: bindTextureImage test
05-17 16:30:00.343 E/SurfaceFlinger(  285): onDraw: bindTextureImage test
05-17 16:30:00.360 E/SurfaceFlinger(  285): onDraw: bindTextureImage test
05-17 16:30:00.375 E/SurfaceFlinger(  285): onDraw: bindTextureImage test
05-17 16:30:00.391 E/SurfaceFlinger(  285): onDraw: bindTextureImage test
05-17 16:30:00.408 E/SurfaceFlinger(  285): onDraw: bindTextureImage test
05-17 16:30:00.425 E/SurfaceFlinger(  285): onDraw: bindTextureImage test
05-17 16:30:00.442 E/SurfaceFlinger(  285): onDraw: bindTextureImage test
05-17 16:30:00.740 E/WifiTrafficPoller(  851): TRAFFIC_STATS_POLL true Token 2406 num clients 19
05-17 16:30:00.741 E/WifiTrafficPoller(  851):  packet count Tx=1621054 Rx=5423741
05-17 16:30:00.946 E/SurfaceFlinger(  285): onDraw: bindTextureImage test
05-17 16:30:00.963 E/SurfaceFlinger(  285): onDraw: bindTextureImage test
05-17 16:30:00.980 E/SurfaceFlinger(  285): onDraw: bindTextureImage test
05-17 16:30:00.997 E/SurfaceFlinger(  285): onDraw: bindTextureImage test
05-17 16:30:01.014 E/SurfaceFlinger(  285): onDraw: bindTextureImage test
05-17 16:30:01.021 E/WifiStateMachine(  851):  ConnectedState (when=-4ms what=131155 arg1=548!CMD_RSSI_POLL 548 0 "BOCO-office" 94:b4:0f:68:a4:b1 rssi=-53 f=5785 sc=80 link=150 tx=0.5, 0.0, 0.0  rx=53.8 bcn=0 [on:0 tx:0 rx:0 period:2988] from screen [on:0 period:548360093] gl rssi=-53 ag=0 hr ticks 0,0,28 ls-=0 [56,56,56,56,61] brc=0 lrc=0
05-17 16:30:01.024 E/WifiStateMachine(  851):  L2ConnectedState (when=-6ms what=131155 arg1=548!CMD_RSSI_POLL 548 0 "BOCO-office" 94:b4:0f:68:a4:b1 rssi=-53 f=5785 sc=80 link=150 tx=0.5, 0.0, 0.0  rx=53.8 bcn=0 [on:0 tx:0 rx:0 period:3] from screen [on:0 period:548360096] gl rssi=-53 ag=0 hr ticks 0,0,28 ls-=0 [56,56,56,56,61] brc=0 lrc=0
05-17 16:30:01.024 E/WifiStateMachine(  851):  get link layer stats 0
05-17 16:30:01.028 E/WifiStateMachine(  851): calculateWifiScore() we set wifi's score to 1000, so will always set wifi as a default network.
05-17 16:30:01.031 E/SurfaceFlinger(  285): onDraw: bindTextureImage test
05-17 16:30:01.049 E/SurfaceFlinger(  285): onDraw: bindTextureImage test
05-17 16:30:01.064 E/SurfaceFlinger(  285): onDraw: bindTextureImage test
05-17 16:30:01.081 E/SurfaceFlinger(  285): onDraw: bindTextureImage test
05-17 16:30:01.097 E/SurfaceFlinger(  285): onDraw: bindTextureImage test
05-17 16:30:01.114 E/SurfaceFlinger(  285): onDraw: bindTextureImage test
05-17 16:30:01.741 E/WifiTrafficPoller(  851): TRAFFIC_STATS_POLL true Token 2406 num clients 19
05-17 16:30:01.742 E/WifiTrafficPoller(  851):  packet count Tx=1621054 Rx=5423752
05-17 16:30:01.743 E/WifiTrafficPoller(  851): notifying of data activity 1
05-17 16:30:02.745 E/WifiTrafficPoller(  851): TRAFFIC_STATS_POLL true Token 2406 num clients 19
05-17 16:30:02.747 E/WifiTrafficPoller(  851):  packet count Tx=1621054 Rx=5423776
05-17 16:30:03.747 E/WifiTrafficPoller(  851): TRAFFIC_STATS_POLL true Token 2406 num clients 19
05-17 16:30:03.748 E/WifiTrafficPoller(  851):  packet count Tx=1621054 Rx=5423792
05-17 16:30:04.033 E/WifiStateMachine(  851):  ConnectedState (when=-4ms what=131155 arg1=548!CMD_RSSI_POLL 548 0 "BOCO-office" 94:b4:0f:68:a4:b1 rssi=-60 f=5785 sc=80 link=150 tx=2.8, 0.0, 0.0  rx=61.9 bcn=0 [on:0 tx:0 rx:0 period:2990] from screen [on:0 period:548363105] gl rssi=-60 ag=0 hr ticks 0,0,28 ls-=0 [56,56,56,56,61] brc=0 lrc=0
05-17 16:30:04.049 E/WifiStateMachine(  851):  L2ConnectedState (when=-16ms what=131155 arg1=548!CMD_RSSI_POLL 548 0 "BOCO-office" 94:b4:0f:68:a4:b1 rssi=-60 f=5785 sc=80 link=150 tx=2.8, 0.0, 0.0  rx=61.9 bcn=0 [on:0 tx:0 rx:0 period:15] from screen [on:0 period:548363120] gl rssi=-60 ag=0 hr ticks 0,0,28 ls-=0 [56,56,56,56,61] brc=0 lrc=0
05-17 16:30:04.056 E/WifiStateMachine(  851):  get link layer stats 0
05-17 16:30:04.070 E/WifiStateMachine(  851): calculateWifiScore() we set wifi's score to 1000, so will always set wifi as a default network.
05-17 16:30:04.748 E/WifiTrafficPoller(  851): TRAFFIC_STATS_POLL true Token 2406 num clients 19
05-17 16:30:04.749 E/WifiTrafficPoller(  851):  packet count Tx=1621054 Rx=5423807
05-17 16:30:05.750 E/WifiTrafficPoller(  851): TRAFFIC_STATS_POLL true Token 2406 num clients 19
05-17 16:30:05.750 E/WifiTrafficPoller(  851):  packet count Tx=1621054 Rx=5423822
05-17 16:30:06.751 E/WifiTrafficPoller(  851): TRAFFIC_STATS_POLL true Token 2406 num clients 19
05-17 16:30:06.753 E/WifiTrafficPoller(  851):  packet count Tx=1621054 Rx=5423857
05-17 16:30:07.078 E/WifiStateMachine(  851):  ConnectedState (when=-4ms what=131155 arg1=548!CMD_RSSI_POLL 548 0 "BOCO-office" 94:b4:0f:68:a4:b1 rssi=-53 f=5785 sc=80 link=150 tx=1.4, 0.0, 0.0  rx=58.9 bcn=0 [on:0 tx:0 rx:0 period:2997] from screen [on:0 period:548366150] gl rssi=-53 ag=0 hr ticks 0,0,28 ls-=0 [56,56,56,56,61] brc=0 lrc=0
05-17 16:30:07.080 E/WifiStateMachine(  851):  L2ConnectedState (when=-6ms what=131155 arg1=548!CMD_RSSI_POLL 548 0 "BOCO-office" 94:b4:0f:68:a4:b1 rssi=-53 f=5785 sc=80 link=150 tx=1.4, 0.0, 0.0  rx=58.9 bcn=0 [on:0 tx:0 rx:0 period:2] from screen [on:0 period:548366152] gl rssi=-53 ag=0 hr ticks 0,0,28 ls-=0 [56,56,56,56,61] brc=0 lrc=0
05-17 16:30:07.080 E/WifiStateMachine(  851):  get link layer stats 0
05-17 16:30:07.109 E/WifiStateMachine(  851): calculateWifiScore() we set wifi's score to 1000, so will always set wifi as a default network.
05-17 16:30:07.753 E/WifiTrafficPoller(  851): TRAFFIC_STATS_POLL true Token 2406 num clients 19
05-17 16:30:07.754 E/WifiTrafficPoller(  851):  packet count Tx=1621054 Rx=5423874
05-17 16:30:08.755 E/WifiTrafficPoller(  851): TRAFFIC_STATS_POLL true Token 2406 num clients 19
05-17 16:30:08.756 E/WifiTrafficPoller(  851):  packet count Tx=1621054 Rx=5423892
05-17 16:30:09.757 E/WifiTrafficPoller(  851): TRAFFIC_STATS_POLL true Token 2406 num clients 19
05-17 16:30:09.758 E/WifiTrafficPoller(  851):  packet count Tx=1621054 Rx=5423911
05-17 16:30:10.113 E/WifiStateMachine(  851):  ConnectedState (when=-2ms what=131155 arg1=548!CMD_RSSI_POLL 548 0 "BOCO-office" 94:b4:0f:68:a4:b1 rssi=-53 f=5785 sc=80 link=150 tx=0.7, 0.0, 0.0  rx=62.0 bcn=0 [on:0 tx:0 rx:0 period:2999] from screen [on:0 period:548369185] gl rssi=-53 ag=0 hr ticks 0,0,28 ls-=0 [56,56,56,56,61] brc=0 lrc=0
05-17 16:30:10.121 E/WifiStateMachine(  851):  L2ConnectedState (when=-11ms what=131155 arg1=548!CMD_RSSI_POLL 548 0 "BOCO-office" 94:b4:0f:68:a4:b1 rssi=-53 f=5785 sc=80 link=150 tx=0.7, 0.0, 0.0  rx=62.0 bcn=0 [on:0 tx:0 rx:0 period:8] from screen [on:0 period:548369193] gl rssi=-53 ag=0 hr ticks 0,0,28 ls-=0 [56,56,56,56,61] brc=0 lrc=0
05-17 16:30:10.124 E/WifiStateMachine(  851):  get link layer stats 0
05-17 16:30:10.157 E/WifiStateMachine(  851): calculateWifiScore() we set wifi's score to 1000, so will always set wifi as a default network.
05-17 16:30:10.758 E/WifiTrafficPoller(  851): TRAFFIC_STATS_POLL true Token 2406 num clients 19
05-17 16:30:10.758 E/WifiTrafficPoller(  851):  packet count Tx=1621054 Rx=5423920
05-17 16:30:11.758 E/WifiTrafficPoller(  851): TRAFFIC_STATS_POLL true Token 2406 num clients 19
05-17 16:30:11.760 E/WifiTrafficPoller(  851):  packet count Tx=1621054 Rx=5423926
05-17 16:30:12.759 E/WifiTrafficPoller(  851): TRAFFIC_STATS_POLL true Token 2406 num clients 19
05-17 16:30:12.761 E/WifiTrafficPoller(  851):  packet count Tx=1621054 Rx=5423936
05-17 16:30:13.163 E/WifiStateMachine(  851):  ConnectedState (when=-3ms what=131155 arg1=548!CMD_RSSI_POLL 548 0 "BOCO-office" 94:b4:0f:68:a4:b1 rssi=-57 f=5785 sc=80 link=150 tx=0.3, 0.0, 0.0  rx=57.0 bcn=0 [on:0 tx:0 rx:0 period:2988] from screen [on:0 period:548372235] gl rssi=-57 ag=0 hr ticks 0,0,28 ls-=0 [56,56,56,56,61] brc=0 lrc=0
05-17 16:30:13.165 E/WifiStateMachine(  851):  L2ConnectedState (when=-5ms what=131155 arg1=548!CMD_RSSI_POLL 548 0 "BOCO-office" 94:b4:0f:68:a4:b1 rssi=-57 f=5785 sc=80 link=150 tx=0.3, 0.0, 0.0  rx=57.0 bcn=0 [on:0 tx:0 rx:0 period:2] from screen [on:0 period:548372237] gl rssi=-57 ag=0 hr ticks 0,0,28 ls-=0 [56,56,56,56,61] brc=0 lrc=0
05-17 16:30:13.165 E/WifiStateMachine(  851):  get link layer stats 0
05-17 16:30:13.185 E/WifiStateMachine(  851): calculateWifiScore() we set wifi's score to 1000, so will always set wifi as a default network.
05-17 16:30:13.761 E/WifiTrafficPoller(  851): TRAFFIC_STATS_POLL true Token 2406 num clients 19
05-17 16:30:13.762 E/WifiTrafficPoller(  851):  packet count Tx=1621054 Rx=5423948
05-17 16:30:14.762 E/WifiTrafficPoller(  851): TRAFFIC_STATS_POLL true Token 2406 num clients 19
05-17 16:30:14.763 E/WifiTrafficPoller(  851):  packet count Tx=1621054 Rx=5423958
05-17 16:30:15.764 E/WifiTrafficPoller(  851): TRAFFIC_STATS_POLL true Token 2406 num clients 19
05-17 16:30:15.765 E/WifiTrafficPoller(  851):  packet count Tx=1621054 Rx=5423969
05-17 16:30:16.191 E/WifiStateMachine(  851):  ConnectedState (when=-4ms what=131155 arg1=548!CMD_RSSI_POLL 548 0 "BOCO-office" 94:b4:0f:68:a4:b1 rssi=-55 f=5785 sc=80 link=150 tx=0.2, 0.0, 0.0  rx=40.5 bcn=0 [on:0 tx:0 rx:0 period:3003] from screen [on:0 period:548375263] gl rssi=-55 ag=0 hr ticks 0,0,28 ls-=0 [56,56,56,56,61] brc=0 lrc=0
05-17 16:30:16.193 E/WifiStateMachine(  851):  L2ConnectedState (when=-6ms what=131155 arg1=548!CMD_RSSI_POLL 548 0 "BOCO-office" 94:b4:0f:68:a4:b1 rssi=-55 f=5785 sc=80 link=150 tx=0.2, 0.0, 0.0  rx=40.5 bcn=0 [on:0 tx:0 rx:0 period:2] from screen [on:0 period:548375265] gl rssi=-55 ag=0 hr ticks 0,0,28 ls-=0 [56,56,56,56,61] brc=0 lrc=0
05-17 16:30:16.193 E/WifiStateMachine(  851):  get link layer stats 0
05-17 16:30:16.215 E/WifiStateMachine(  851): calculateWifiScore() we set wifi's score to 1000, so will always set wifi as a default network.
05-17 16:30:16.765 E/WifiTrafficPoller(  851): TRAFFIC_STATS_POLL true Token 2406 num clients 19
05-17 16:30:16.766 E/WifiTrafficPoller(  851):  packet count Tx=1621054 Rx=5423986
05-17 16:30:16.960 E/SurfaceFlinger(  285): onDraw: bindTextureImage test
05-17 16:30:16.977 E/SurfaceFlinger(  285): onDraw: bindTextureImage test
05-17 16:30:16.994 E/SurfaceFlinger(  285): onDraw: bindTextureImage test
05-17 16:30:17.011 E/SurfaceFlinger(  285): onDraw: bindTextureImage test
05-17 16:30:17.028 E/SurfaceFlinger(  285): onDraw: bindTextureImage test
05-17 16:30:17.044 E/SurfaceFlinger(  285): onDraw: bindTextureImage test
05-17 16:30:17.061 E/SurfaceFlinger(  285): onDraw: bindTextureImage test
05-17 16:30:17.078 E/SurfaceFlinger(  285): onDraw: bindTextureImage test
05-17 16:30:17.095 E/SurfaceFlinger(  285): onDraw: bindTextureImage test
05-17 16:30:17.112 E/SurfaceFlinger(  285): onDraw: bindTextureImage test
05-17 16:30:17.717 E/SurfaceFlinger(  285): onDraw: bindTextureImage test
05-17 16:30:17.735 E/SurfaceFlinger(  285): onDraw: bindTextureImage test
05-17 16:30:17.751 E/SurfaceFlinger(  285): onDraw: bindTextureImage test
05-17 16:30:17.767 E/WifiTrafficPoller(  851): TRAFFIC_STATS_POLL true Token 2406 num clients 19
05-17 16:30:17.768 E/WifiTrafficPoller(  851):  packet count Tx=1621054 Rx=5424004
05-17 16:30:17.770 E/SurfaceFlinger(  285): onDraw: bindTextureImage test
05-17 16:30:17.784 E/SurfaceFlinger(  285): onDraw: bindTextureImage test
05-17 16:30:17.800 E/SurfaceFlinger(  285): onDraw: bindTextureImage test
05-17 16:30:17.817 E/SurfaceFlinger(  285): onDraw: bindTextureImage test
05-17 16:30:17.834 E/SurfaceFlinger(  285): onDraw: bindTextureImage test
05-17 16:30:18.019 E/SurfaceFlinger(  285): onDraw: bindTextureImage test
05-17 16:30:18.036 E/SurfaceFlinger(  285): onDraw: bindTextureImage test
05-17 16:30:18.053 E/SurfaceFlinger(  285): onDraw: bindTextureImage test
05-17 16:30:18.070 E/SurfaceFlinger(  285): onDraw: bindTextureImage test
05-17 16:30:18.087 E/SurfaceFlinger(  285): onDraw: bindTextureImage test
05-17 16:30:18.103 E/SurfaceFlinger(  285): onDraw: bindTextureImage test
05-17 16:30:18.120 E/SurfaceFlinger(  285): onDraw: bindTextureImage test
05-17 16:30:18.137 E/SurfaceFlinger(  285): onDraw: bindTextureImage test
05-17 16:30:18.390 E/SurfaceFlinger(  285): onDraw: bindTextureImage test
05-17 16:30:18.407 E/SurfaceFlinger(  285): onDraw: bindTextureImage test
05-17 16:30:18.424 E/SurfaceFlinger(  285): onDraw: bindTextureImage test
05-17 16:30:18.440 E/SurfaceFlinger(  285): onDraw: bindTextureImage test
05-17 16:30:18.458 E/SurfaceFlinger(  285): onDraw: bindTextureImage test
05-17 16:30:18.746 E/SurfaceFlinger(  285): onDraw: bindTextureImage test
05-17 16:30:18.760 E/SurfaceFlinger(  285): onDraw: bindTextureImage test
05-17 16:30:18.768 E/WifiTrafficPoller(  851): TRAFFIC_STATS_POLL true Token 2406 num clients 19
05-17 16:30:18.769 E/WifiTrafficPoller(  851):  packet count Tx=1621063 Rx=5424033
05-17 16:30:18.769 E/WifiTrafficPoller(  851): notifying of data activity 3
05-17 16:30:18.776 E/SurfaceFlinger(  285): onDraw: bindTextureImage test
05-17 16:30:18.793 E/SurfaceFlinger(  285): onDraw: bindTextureImage test
05-17 16:30:18.810 E/SurfaceFlinger(  285): onDraw: bindTextureImage test
05-17 16:30:18.827 E/SurfaceFlinger(  285): onDraw: bindTextureImage test
05-17 16:30:18.843 E/SurfaceFlinger(  285): onDraw: bindTextureImage test
05-17 16:30:18.860 E/SurfaceFlinger(  285): onDraw: bindTextureImage test
05-17 16:30:19.220 E/WifiStateMachine(  851):  ConnectedState (when=-3ms what=131155 arg1=548!CMD_RSSI_POLL 548 0 "BOCO-office" 94:b4:0f:68:a4:b1 rssi=-52 f=5785 sc=80 link=150 tx=0.1, 0.0, 0.0  rx=38.7 bcn=0 [on:0 tx:0 rx:0 period:3002] from screen [on:0 period:548378292] gl rssi=-52 ag=0 hr ticks 0,0,28 ls-=0 [56,56,56,56,61] brc=0 lrc=0
05-17 16:30:19.222 E/WifiStateMachine(  851):  L2ConnectedState (when=-5ms what=131155 arg1=548!CMD_RSSI_POLL 548 0 "BOCO-office" 94:b4:0f:68:a4:b1 rssi=-52 f=5785 sc=80 link=150 tx=0.1, 0.0, 0.0  rx=38.7 bcn=0 [on:0 tx:0 rx:0 period:2] from screen [on:0 period:548378294] gl rssi=-52 ag=0 hr ticks 0,0,28 ls-=0 [56,56,56,56,61] brc=0 lrc=0
05-17 16:30:19.222 E/WifiStateMachine(  851):  get link layer stats 0
05-17 16:30:19.227 E/WifiStateMachine(  851): calculateWifiScore() we set wifi's score to 1000, so will always set wifi as a default network.
05-17 16:30:19.770 E/WifiTrafficPoller(  851): TRAFFIC_STATS_POLL true Token 2406 num clients 19
05-17 16:30:19.771 E/WifiTrafficPoller(  851):  packet count Tx=1621063 Rx=5424073
05-17 16:30:19.771 E/WifiTrafficPoller(  851): notifying of data activity 1
05-17 16:30:20.783 E/WifiTrafficPoller(  851): TRAFFIC_STATS_POLL true Token 2406 num clients 19
05-17 16:30:20.785 E/WifiTrafficPoller(  851):  packet count Tx=1621063 Rx=5424089
05-17 16:30:21.786 E/WifiTrafficPoller(  851): TRAFFIC_STATS_POLL true Token 2406 num clients 19
05-17 16:30:21.787 E/WifiTrafficPoller(  851):  packet count Tx=1621063 Rx=5424102
05-17 16:30:22.232 E/WifiStateMachine(  851):  ConnectedState (when=-4ms what=131155 arg1=548!CMD_RSSI_POLL 548 0 "BOCO-office" 94:b4:0f:68:a4:b1 rssi=-54 f=5785 sc=80 link=150 tx=4.5, 0.0, 0.0  rx=54.9 bcn=0 [on:0 tx:0 rx:0 period:3002] from screen [on:0 period:548381304] gl rssi=-54 ag=0 hr ticks 0,0,28 ls-=0 [56,56,56,56,61] brc=0 lrc=0
05-17 16:30:22.238 E/WifiStateMachine(  851):  L2ConnectedState (when=-10ms what=131155 arg1=548!CMD_RSSI_POLL 548 0 "BOCO-office" 94:b4:0f:68:a4:b1 rssi=-54 f=5785 sc=80 link=150 tx=4.5, 0.0, 0.0  rx=54.9 bcn=0 [on:0 tx:0 rx:0 period:6] from screen [on:0 period:548381310] gl rssi=-54 ag=0 hr ticks 0,0,28 ls-=0 [56,56,56,56,61] brc=0 lrc=0
05-17 16:30:22.243 E/WifiStateMachine(  851):  get link layer stats 0
05-17 16:30:22.265 E/WifiStateMachine(  851): calculateWifiScore() we set wifi's score to 1000, so will always set wifi as a default network.
05-17 16:30:22.787 E/WifiTrafficPoller(  851): TRAFFIC_STATS_POLL true Token 2406 num clients 19
05-17 16:30:22.788 E/WifiTrafficPoller(  851):  packet count Tx=1621063 Rx=5424112
05-17 16:30:23.439 E/memtrack(27876): Couldn't load memtrack module (No such file or directory)
05-17 16:30:23.439 E/android.os.Debug(27876): failed to load memtrack module: -2
05-17 16:30:23.789 E/WifiTrafficPoller(  851): TRAFFIC_STATS_POLL true Token 2406 num clients 19
05-17 16:30:23.790 E/WifiTrafficPoller(  851):  packet count Tx=1621063 Rx=5424131
05-17 16:30:24.790 E/WifiTrafficPoller(  851): TRAFFIC_STATS_POLL true Token 2406 num clients 19
05-17 16:30:24.791 E/WifiTrafficPoller(  851):  packet count Tx=1621064 Rx=5424148
05-17 16:30:24.792 E/WifiTrafficPoller(  851): notifying of data activity 3
05-17 16:30:24.984 E/SurfaceFlinger(  285): onDraw: bindTextureImage test
05-17 16:30:24.985 E/SurfaceFlinger(  285): onDraw: bindTextureImage test
05-17 16:30:24.985 E/SurfaceFlinger(  285): onDraw: bindTextureImage test
05-17 16:30:25.270 E/WifiStateMachine(  851):  ConnectedState (when=-2ms what=131155 arg1=548!CMD_RSSI_POLL 548 0 "BOCO-office" 94:b4:0f:68:a4:b1 rssi=-49 f=5785 sc=80 link=150 tx=2.3, 0.0, 0.0  rx=57.9 bcn=0 [on:0 tx:0 rx:0 period:2982] from screen [on:0 period:548384342] gl rssi=-49 ag=0 hr ticks 0,0,28 ls-=0 [56,56,56,56,61] brc=0 lrc=0
05-17 16:30:25.270 E/WifiStateMachine(  851):  L2ConnectedState (when=-3ms what=131155 arg1=548!CMD_RSSI_POLL 548 0 "BOCO-office" 94:b4:0f:68:a4:b1 rssi=-49 f=5785 sc=80 link=150 tx=2.3, 0.0, 0.0  rx=57.9 bcn=0 [on:0 tx:0 rx:0 period:0] from screen [on:0 period:548384342] gl rssi=-49 ag=0 hr ticks 0,0,28 ls-=0 [56,56,56,56,61] brc=0 lrc=0
05-17 16:30:25.270 E/WifiStateMachine(  851):  get link layer stats 0
05-17 16:30:25.278 E/WifiStateMachine(  851): calculateWifiScore() we set wifi's score to 1000, so will always set wifi as a default network.
05-17 16:30:25.800 E/WifiTrafficPoller(  851): TRAFFIC_STATS_POLL true Token 2406 num clients 19
05-17 16:30:25.800 E/WifiTrafficPoller(  851):  packet count Tx=1621064 Rx=5424170
05-17 16:30:25.800 E/WifiTrafficPoller(  851): notifying of data activity 1
05-17 16:30:26.801 E/WifiTrafficPoller(  851): TRAFFIC_STATS_POLL true Token 2406 num clients 19
05-17 16:30:26.803 E/WifiTrafficPoller(  851):  packet count Tx=1621064 Rx=5424201
05-17 16:30:27.804 E/WifiTrafficPoller(  851): TRAFFIC_STATS_POLL true Token 2406 num clients 19
05-17 16:30:27.805 E/WifiTrafficPoller(  851):  packet count Tx=1621064 Rx=5424214
05-17 16:30:28.283 E/WifiStateMachine(  851):  ConnectedState (when=-3ms what=131155 arg1=548!CMD_RSSI_POLL 548 0 "BOCO-office" 94:b4:0f:68:a4:b1 rssi=-50 f=5785 sc=80 link=150 tx=1.6, 0.0, 0.0  rx=55.0 bcn=0 [on:0 tx:0 rx:0 period:2995] from screen [on:0 period:548387355] gl rssi=-50 ag=0 hr ticks 0,0,28 ls-=0 [56,56,56,56,61] brc=0 lrc=0
05-17 16:30:28.286 E/WifiStateMachine(  851):  L2ConnectedState (when=-7ms what=131155 arg1=548!CMD_RSSI_POLL 548 0 "BOCO-office" 94:b4:0f:68:a4:b1 rssi=-50 f=5785 sc=80 link=150 tx=1.6, 0.0, 0.0  rx=55.0 bcn=0 [on:0 tx:0 rx:0 period:3] from screen [on:0 period:548387358] gl rssi=-50 ag=0 hr ticks 0,0,28 ls-=0 [56,56,56,56,61] brc=0 lrc=0
05-17 16:30:28.288 E/WifiStateMachine(  851):  get link layer stats 0
05-17 16:30:28.316 E/WifiStateMachine(  851): calculateWifiScore() we set wifi's score to 1000, so will always set wifi as a default network.
05-17 16:30:28.805 E/WifiTrafficPoller(  851): TRAFFIC_STATS_POLL true Token 2406 num clients 19
05-17 16:30:28.808 E/WifiTrafficPoller(  851):  packet count Tx=1621064 Rx=5424232
05-17 16:30:29.808 E/WifiTrafficPoller(  851): TRAFFIC_STATS_POLL true Token 2406 num clients 19
05-17 16:30:29.810 E/WifiTrafficPoller(  851):  packet count Tx=1621064 Rx=5424247
05-17 16:30:30.810 E/WifiTrafficPoller(  851): TRAFFIC_STATS_POLL true Token 2406 num clients 19
05-17 16:30:30.813 E/WifiTrafficPoller(  851):  packet count Tx=1621064 Rx=5424255
05-17 16:30:31.319 E/WifiStateMachine(  851):  ConnectedState (when=-2ms what=131155 arg1=548!CMD_RSSI_POLL 548 0 "BOCO-office" 94:b4:0f:68:a4:b1 rssi=-50 f=5785 sc=80 link=150 tx=0.8, 0.0, 0.0  rx=59.5 bcn=0 [on:0 tx:0 rx:0 period:2998] from screen [on:0 period:548390391] gl rssi=-50 ag=0 hr ticks 0,0,28 ls-=0 [56,56,56,56,61] brc=0 lrc=0
05-17 16:30:31.327 E/WifiStateMachine(  851):  L2ConnectedState (when=-10ms what=131155 arg1=548!CMD_RSSI_POLL 548 0 "BOCO-office" 94:b4:0f:68:a4:b1 rssi=-50 f=5785 sc=80 link=150 tx=0.8, 0.0, 0.0  rx=59.5 bcn=0 [on:0 tx:0 rx:0 period:7] from screen [on:0 period:548390398] gl rssi=-50 ag=0 hr ticks 0,0,28 ls-=0 [56,56,56,56,61] brc=0 lrc=0
05-17 16:30:31.329 E/WifiStateMachine(  851):  get link layer stats 0
05-17 16:30:31.356 E/WifiStateMachine(  851): calculateWifiScore() we set wifi's score to 1000, so will always set wifi as a default network.
05-17 16:30:31.816 E/WifiTrafficPoller(  851): TRAFFIC_STATS_POLL true Token 2406 num clients 19
05-17 16:30:31.817 E/WifiTrafficPoller(  851):  packet count Tx=1621064 Rx=5424268
05-17 16:30:32.821 E/WifiTrafficPoller(  851): TRAFFIC_STATS_POLL true Token 2406 num clients 19
05-17 16:30:32.823 E/WifiTrafficPoller(  851):  packet count Tx=1621064 Rx=5424279
05-17 16:30:33.823 E/WifiTrafficPoller(  851): TRAFFIC_STATS_POLL true Token 2406 num clients 19
05-17 16:30:33.824 E/WifiTrafficPoller(  851):  packet count Tx=1621064 Rx=5424291
05-17 16:30:34.362 E/WifiStateMachine(  851):  ConnectedState (when=-4ms what=131155 arg1=548!CMD_RSSI_POLL 548 0 "BOCO-office" 94:b4:0f:68:a4:b1 rssi=-49 f=5785 sc=80 link=150 tx=0.4, 0.0, 0.0  rx=49.7 bcn=0 [on:0 tx:0 rx:0 period:2989] from screen [on:0 period:548393433] gl rssi=-49 ag=0 hr ticks 0,0,28 ls-=0 [56,56,56,56,61] brc=0 lrc=0
05-17 16:30:34.368 E/WifiStateMachine(  851):  L2ConnectedState (when=-10ms what=131155 arg1=548!CMD_RSSI_POLL 548 0 "BOCO-office" 94:b4:0f:68:a4:b1 rssi=-49 f=5785 sc=80 link=150 tx=0.4, 0.0, 0.0  rx=49.7 bcn=0 [on:0 tx:0 rx:0 period:6] from screen [on:0 period:548393439] gl rssi=-49 ag=0 hr ticks 0,0,28 ls-=0 [56,56,56,56,61] brc=0 lrc=0
05-17 16:30:34.372 E/WifiStateMachine(  851):  get link layer stats 0
05-17 16:30:34.384 E/WifiStateMachine(  851): calculateWifiScore() we set wifi's score to 1000, so will always set wifi as a default network.
05-17 16:30:34.823 E/WifiTrafficPoller(  851): TRAFFIC_STATS_POLL true Token 2406 num clients 19
05-17 16:30:34.825 E/WifiTrafficPoller(  851):  packet count Tx=1621064 Rx=5424307
05-17 16:30:35.825 E/WifiTrafficPoller(  851): TRAFFIC_STATS_POLL true Token 2406 num clients 19
05-17 16:30:35.826 E/WifiTrafficPoller(  851):  packet count Tx=1621064 Rx=5424320
05-17 16:30:36.827 E/WifiTrafficPoller(  851): TRAFFIC_STATS_POLL true Token 2406 num clients 19
05-17 16:30:36.828 E/WifiTrafficPoller(  851):  packet count Tx=1621064 Rx=5424341
05-17 16:30:37.389 E/WifiStateMachine(  851):  ConnectedState (when=-3ms what=131155 arg1=548!CMD_RSSI_POLL 548 0 "BOCO-office" 94:b4:0f:68:a4:b1 rssi=-47 f=5785 sc=80 link=150 tx=0.2, 0.0, 0.0  rx=43.9 bcn=0 [on:0 tx:0 rx:0 period:2992] from screen [on:0 period:548396461] gl rssi=-47 ag=0 hr ticks 0,0,28 ls-=0 [56,56,56,56,61] brc=0 lrc=0
05-17 16:30:37.390 E/WifiStateMachine(  851):  L2ConnectedState (when=-4ms what=131155 arg1=548!CMD_RSSI_POLL 548 0 "BOCO-office" 94:b4:0f:68:a4:b1 rssi=-47 f=5785 sc=80 link=150 tx=0.2, 0.0, 0.0  rx=43.9 bcn=0 [on:0 tx:0 rx:0 period:1] from screen [on:0 period:548396462] gl rssi=-47 ag=0 hr ticks 0,0,28 ls-=0 [56,56,56,56,61] brc=0 lrc=0
05-17 16:30:37.390 E/WifiStateMachine(  851):  get link layer stats 0
05-17 16:30:37.418 E/WifiStateMachine(  851): calculateWifiScore() we set wifi's score to 1000, so will always set wifi as a default network.
05-17 16:30:37.828 E/WifiTrafficPoller(  851): TRAFFIC_STATS_POLL true Token 2406 num clients 19
05-17 16:30:37.828 E/WifiTrafficPoller(  851):  packet count Tx=1621064 Rx=5424356
05-17 16:30:38.829 E/WifiTrafficPoller(  851): TRAFFIC_STATS_POLL true Token 2406 num clients 19
05-17 16:30:38.830 E/WifiTrafficPoller(  851):  packet count Tx=1621064 Rx=5424375
05-17 16:30:39.830 E/WifiTrafficPoller(  851): TRAFFIC_STATS_POLL true Token 2406 num clients 19
05-17 16:30:39.832 E/WifiTrafficPoller(  851):  packet count Tx=1621064 Rx=5424399
05-17 16:30:40.423 E/WifiStateMachine(  851):  ConnectedState (when=-3ms what=131155 arg1=548!CMD_RSSI_POLL 548 0 "BOCO-office" 94:b4:0f:68:a4:b1 rssi=-48 f=5785 sc=80 link=150 tx=0.1, 0.0, 0.0  rx=45.9 bcn=0 [on:0 tx:0 rx:0 period:3000] from screen [on:0 period:548399495] gl rssi=-48 ag=0 hr ticks 0,0,28 ls-=0 [56,56,56,56,61] brc=0 lrc=0
05-17 16:30:40.431 E/WifiStateMachine(  851):  L2ConnectedState (when=-11ms what=131155 arg1=548!CMD_RSSI_POLL 548 0 "BOCO-office" 94:b4:0f:68:a4:b1 rssi=-48 f=5785 sc=80 link=150 tx=0.1, 0.0, 0.0  rx=45.9 bcn=0 [on:0 tx:0 rx:0 period:8] from screen [on:0 period:548399503] gl rssi=-48 ag=0 hr ticks 0,0,28 ls-=0 [56,56,56,56,61] brc=0 lrc=0
05-17 16:30:40.434 E/WifiStateMachine(  851):  get link layer stats 0
05-17 16:30:40.457 E/WifiStateMachine(  851): calculateWifiScore() we set wifi's score to 1000, so will always set wifi as a default network.
05-17 16:30:40.832 E/WifiTrafficPoller(  851): TRAFFIC_STATS_POLL true Token 2406 num clients 19
05-17 16:30:40.833 E/WifiTrafficPoller(  851):  packet count Tx=1621064 Rx=5424420
05-17 16:30:41.834 E/WifiTrafficPoller(  851): TRAFFIC_STATS_POLL true Token 2406 num clients 19
05-17 16:30:41.835 E/WifiTrafficPoller(  851):  packet count Tx=1621064 Rx=5424428
05-17 16:30:42.835 E/WifiTrafficPoller(  851): TRAFFIC_STATS_POLL true Token 2406 num clients 19
05-17 16:30:42.837 E/WifiTrafficPoller(  851):  packet count Tx=1621064 Rx=5424448
05-17 16:30:43.464 E/WifiStateMachine(  851):  ConnectedState (when=-3ms what=131155 arg1=548!CMD_RSSI_POLL 548 0 "BOCO-office" 94:b4:0f:68:a4:b1 rssi=-48 f=5785 sc=80 link=150 tx=0.1, 0.0, 0.0  rx=54.0 bcn=0 [on:0 tx:0 rx:0 period:2991] from screen [on:0 period:548402536] gl rssi=-48 ag=0 hr ticks 0,0,28 ls-=0 [56,56,56,56,61] brc=0 lrc=0
05-17 16:30:43.469 E/WifiStateMachine(  851):  L2ConnectedState (when=-7ms what=131155 arg1=548!CMD_RSSI_POLL 548 0 "BOCO-office" 94:b4:0f:68:a4:b1 rssi=-48 f=5785 sc=80 link=150 tx=0.1, 0.0, 0.0  rx=54.0 bcn=0 [on:0 tx:0 rx:0 period:5] from screen [on:0 period:548402541] gl rssi=-48 ag=0 hr ticks 0,0,28 ls-=0 [56,56,56,56,61] brc=0 lrc=0
05-17 16:30:43.476 E/WifiStateMachine(  851):  get link layer stats 0
05-17 16:30:43.489 E/WifiStateMachine(  851): calculateWifiScore() we set wifi's score to 1000, so will always set wifi as a default network.
05-17 16:30:43.836 E/WifiTrafficPoller(  851): TRAFFIC_STATS_POLL true Token 2406 num clients 19
05-17 16:30:43.837 E/WifiTrafficPoller(  851):  packet count Tx=1621064 Rx=5424467
05-17 16:30:44.837 E/WifiTrafficPoller(  851): TRAFFIC_STATS_POLL true Token 2406 num clients 19
05-17 16:30:44.838 E/WifiTrafficPoller(  851):  packet count Tx=1621064 Rx=5424473
05-17 16:30:45.839 E/WifiTrafficPoller(  851): TRAFFIC_STATS_POLL true Token 2406 num clients 19
05-17 16:30:45.840 E/WifiTrafficPoller(  851):  packet count Tx=1621064 Rx=5424483
05-17 16:30:46.494 E/WifiStateMachine(  851):  ConnectedState (when=-2ms what=131155 arg1=548!CMD_RSSI_POLL 548 0 "BOCO-office" 94:b4:0f:68:a4:b1 rssi=-49 f=5785 sc=80 link=150 tx=0.0, 0.0, 0.0  rx=51.0 bcn=0 [on:0 tx:0 rx:0 period:2993] from screen [on:0 period:548405565] gl rssi=-49 ag=0 hr ticks 0,0,28 ls-=0 [56,56,56,56,61] brc=0 lrc=0
05-17 16:30:46.501 E/WifiStateMachine(  851):  L2ConnectedState (when=-6ms what=131155 arg1=548!CMD_RSSI_POLL 548 0 "BOCO-office" 94:b4:0f:68:a4:b1 rssi=-49 f=5785 sc=80 link=150 tx=0.0, 0.0, 0.0  rx=51.0 bcn=0 [on:0 tx:0 rx:0 period:7] from screen [on:0 period:548405572] gl rssi=-49 ag=0 hr ticks 0,0,28 ls-=0 [56,56,56,56,61] brc=0 lrc=0
05-17 16:30:46.504 E/WifiStateMachine(  851):  get link layer stats 0
05-17 16:30:46.536 E/WifiStateMachine(  851): calculateWifiScore() we set wifi's score to 1000, so will always set wifi as a default network.
05-17 16:30:46.840 E/WifiTrafficPoller(  851): TRAFFIC_STATS_POLL true Token 2406 num clients 19
05-17 16:30:46.841 E/WifiTrafficPoller(  851):  packet count Tx=1621064 Rx=5424507
05-17 16:30:47.842 E/WifiTrafficPoller(  851): TRAFFIC_STATS_POLL true Token 2406 num clients 19
05-17 16:30:47.844 E/WifiTrafficPoller(  851):  packet count Tx=1621064 Rx=5424520
05-17 16:30:48.843 E/WifiTrafficPoller(  851): TRAFFIC_STATS_POLL true Token 2406 num clients 19
05-17 16:30:48.845 E/WifiTrafficPoller(  851):  packet count Tx=1621064 Rx=5424530
05-17 16:30:49.551 E/WifiStateMachine(  851):  ConnectedState (when=-4ms what=131155 arg1=548!CMD_RSSI_POLL 548 0 "BOCO-office" 94:b4:0f:68:a4:b1 rssi=-49 f=5785 sc=80 link=150 tx=0.0, 0.0, 0.0  rx=42.5 bcn=0 [on:0 tx:0 rx:0 period:2993] from screen [on:0 period:548408623] gl rssi=-49 ag=0 hr ticks 0,0,28 ls-=0 [56,56,56,56,61] brc=0 lrc=0
05-17 16:30:49.553 E/WifiStateMachine(  851):  L2ConnectedState (when=-6ms what=131155 arg1=548!CMD_RSSI_POLL 548 0 "BOCO-office" 94:b4:0f:68:a4:b1 rssi=-49 f=5785 sc=80 link=150 tx=0.0, 0.0, 0.0  rx=42.5 bcn=0 [on:0 tx:0 rx:0 period:2] from screen [on:0 period:548408625] gl rssi=-49 ag=0 hr ticks 0,0,28 ls-=0 [56,56,56,56,61] brc=0 lrc=0
05-17 16:30:49.554 E/WifiStateMachine(  851):  get link layer stats 0
05-17 16:30:49.575 E/WifiStateMachine(  851): calculateWifiScore() we set wifi's score to 1000, so will always set wifi as a default network.
05-17 16:30:49.845 E/WifiTrafficPoller(  851): TRAFFIC_STATS_POLL true Token 2406 num clients 19
05-17 16:30:49.846 E/WifiTrafficPoller(  851):  packet count Tx=1621064 Rx=5424538
05-17 16:30:50.846 E/WifiTrafficPoller(  851): TRAFFIC_STATS_POLL true Token 2406 num clients 19
05-17 16:30:50.848 E/WifiTrafficPoller(  851):  packet count Tx=1621064 Rx=5424543
05-17 16:30:51.848 E/WifiTrafficPoller(  851): TRAFFIC_STATS_POLL true Token 2406 num clients 19
05-17 16:30:51.849 E/WifiTrafficPoller(  851):  packet count Tx=1621064 Rx=5424565
05-17 16:30:52.564 E/SurfaceFlinger(  285): onDraw: bindTextureImage test
05-17 16:30:52.564 E/SurfaceFlinger(  285): onDraw: bindTextureImage test
05-17 16:30:52.579 E/WifiStateMachine(  851):  ConnectedState (when=-3ms what=131155 arg1=548!CMD_RSSI_POLL 548 0 "BOCO-office" 94:b4:0f:68:a4:b1 rssi=-50 f=5785 sc=80 link=150 tx=0.0, 0.0, 0.0  rx=42.7 bcn=0 [on:0 tx:0 rx:0 period:3001] from screen [on:0 period:548411651] gl rssi=-50 ag=0 hr ticks 0,0,28 ls-=0 [56,56,56,56,61] brc=0 lrc=0
05-17 16:30:52.581 E/WifiStateMachine(  851):  L2ConnectedState (when=-5ms what=131155 arg1=548!CMD_RSSI_POLL 548 0 "BOCO-office" 94:b4:0f:68:a4:b1 rssi=-50 f=5785 sc=80 link=150 tx=0.0, 0.0, 0.0  rx=42.7 bcn=0 [on:0 tx:0 rx:0 period:2] from screen [on:0 period:548411653] gl rssi=-50 ag=0 hr ticks 0,0,28 ls-=0 [56,56,56,56,61] brc=0 lrc=0
05-17 16:30:52.581 E/WifiStateMachine(  851):  get link layer stats 0
05-17 16:30:52.595 E/WifiStateMachine(  851): calculateWifiScore() we set wifi's score to 1000, so will always set wifi as a default network.
05-17 16:30:52.849 E/WifiTrafficPoller(  851): TRAFFIC_STATS_POLL true Token 2406 num clients 19
05-17 16:30:52.851 E/WifiTrafficPoller(  851):  packet count Tx=1621064 Rx=5424583
05-17 16:30:53.850 E/WifiTrafficPoller(  851): TRAFFIC_STATS_POLL true Token 2406 num clients 19
05-17 16:30:53.852 E/WifiTrafficPoller(  851):  packet count Tx=1621064 Rx=5424597
05-17 16:30:54.853 E/WifiTrafficPoller(  851): TRAFFIC_STATS_POLL true Token 2406 num clients 19
05-17 16:30:54.854 E/WifiTrafficPoller(  851):  packet count Tx=1621064 Rx=5424607
05-17 16:30:55.601 E/WifiStateMachine(  851):  ConnectedState (when=-4ms what=131155 arg1=548!CMD_RSSI_POLL 548 0 "BOCO-office" 94:b4:0f:68:a4:b1 rssi=-49 f=5785 sc=80 link=150 tx=0.0, 0.0, 0.0  rx=40.4 bcn=0 [on:0 tx:0 rx:0 period:3002] from screen [on:0 period:548414673] gl rssi=-49 ag=0 hr ticks 0,0,28 ls-=0 [56,56,56,56,61] brc=0 lrc=0
05-17 16:30:55.608 E/WifiStateMachine(  851):  L2ConnectedState (when=-9ms what=131155 arg1=548!CMD_RSSI_POLL 548 0 "BOCO-office" 94:b4:0f:68:a4:b1 rssi=-49 f=5785 sc=80 link=150 tx=0.0, 0.0, 0.0  rx=40.4 bcn=0 [on:0 tx:0 rx:0 period:6] from screen [on:0 period:548414679] gl rssi=-49 ag=0 hr ticks 0,0,28 ls-=0 [56,56,56,56,61] brc=0 lrc=0
05-17 16:30:55.610 E/WifiStateMachine(  851):  get link layer stats 0
05-17 16:30:55.636 E/WifiStateMachine(  851): calculateWifiScore() we set wifi's score to 1000, so will always set wifi as a default network.
05-17 16:30:55.854 E/WifiTrafficPoller(  851): TRAFFIC_STATS_POLL true Token 2406 num clients 19
05-17 16:30:55.855 E/WifiTrafficPoller(  851):  packet count Tx=1621064 Rx=5424615
05-17 16:30:56.855 E/WifiTrafficPoller(  851): TRAFFIC_STATS_POLL true Token 2406 num clients 19
05-17 16:30:56.856 E/WifiTrafficPoller(  851):  packet count Tx=1621064 Rx=5424627
05-17 16:30:57.857 E/WifiTrafficPoller(  851): TRAFFIC_STATS_POLL true Token 2406 num clients 19
05-17 16:30:57.858 E/WifiTrafficPoller(  851):  packet count Tx=1621064 Rx=5424641
05-17 16:30:58.642 E/WifiStateMachine(  851):  ConnectedState (when=-4ms what=131155 arg1=548!CMD_RSSI_POLL 548 0 "BOCO-office" 94:b4:0f:68:a4:b1 rssi=-50 f=5785 sc=80 link=150 tx=0.0, 0.0, 0.0  rx=38.7 bcn=0 [on:0 tx:0 rx:0 period:2994] from screen [on:0 period:548417714] gl rssi=-50 ag=0 hr ticks 0,0,28 ls-=0 [56,56,56,56,61] brc=0 lrc=0
05-17 16:30:58.643 E/WifiStateMachine(  851):  L2ConnectedState (when=-5ms what=131155 arg1=548!CMD_RSSI_POLL 548 0 "BOCO-office" 94:b4:0f:68:a4:b1 rssi=-50 f=5785 sc=80 link=150 tx=0.0, 0.0, 0.0  rx=38.7 bcn=0 [on:0 tx:0 rx:0 period:1] from screen [on:0 period:548417715] gl rssi=-50 ag=0 hr ticks 0,0,28 ls-=0 [56,56,56,56,61] brc=0 lrc=0
05-17 16:30:58.643 E/WifiStateMachine(  851):  get link layer stats 0
05-17 16:30:58.646 E/WifiStateMachine(  851): calculateWifiScore() we set wifi's score to 1000, so will always set wifi as a default network.
05-17 16:30:58.858 E/WifiTrafficPoller(  851): TRAFFIC_STATS_POLL true Token 2406 num clients 19
05-17 16:30:58.859 E/WifiTrafficPoller(  851):  packet count Tx=1621064 Rx=5424659
05-17 16:30:58.969 E/NotificationService(  851): Suppressing notification from package com.qihoo.appstore by user request.
05-17 16:30:58.971 E/NotificationService(  851): Suppressing notification from package com.qihoo.appstore by user request.
05-17 16:30:59.859 E/WifiTrafficPoller(  851): TRAFFIC_STATS_POLL true Token 2406 num clients 19
05-17 16:30:59.860 E/WifiTrafficPoller(  851):  packet count Tx=1621064 Rx=5424680
05-17 16:31:00.861 E/WifiTrafficPoller(  851): TRAFFIC_STATS_POLL true Token 2406 num clients 19
05-17 16:31:00.862 E/WifiTrafficPoller(  851):  packet count Tx=1621064 Rx=5424708
05-17 16:31:01.652 E/WifiStateMachine(  851):  ConnectedState (when=-4ms what=131155 arg1=548!CMD_RSSI_POLL 548 0 "BOCO-office" 94:b4:0f:68:a4:b1 rssi=-51 f=5785 sc=80 link=150 tx=0.0, 0.0, 0.0  rx=41.8 bcn=0 [on:0 tx:0 rx:0 period:3004] from screen [on:0 period:548420724] gl rssi=-51 ag=0 hr ticks 0,0,28 ls-=0 [56,56,56,56,61] brc=0 lrc=0
05-17 16:31:01.659 E/WifiStateMachine(  851):  L2ConnectedState (when=-11ms what=131155 arg1=548!CMD_RSSI_POLL 548 0 "BOCO-office" 94:b4:0f:68:a4:b1 rssi=-51 f=5785 sc=80 link=150 tx=0.0, 0.0, 0.0  rx=41.8 bcn=0 [on:0 tx:0 rx:0 period:7] from screen [on:0 period:548420731] gl rssi=-51 ag=0 hr ticks 0,0,28 ls-=0 [56,56,56,56,61] brc=0 lrc=0
05-17 16:31:01.662 E/WifiStateMachine(  851):  get link layer stats 0
05-17 16:31:01.690 E/WifiStateMachine(  851): calculateWifiScore() we set wifi's score to 1000, so will always set wifi as a default network.
05-17 16:31:01.862 E/WifiTrafficPoller(  851): TRAFFIC_STATS_POLL true Token 2406 num clients 19
05-17 16:31:01.864 E/WifiTrafficPoller(  851):  packet count Tx=1621064 Rx=5424720
05-17 16:31:02.864 E/WifiTrafficPoller(  851): TRAFFIC_STATS_POLL true Token 2406 num clients 19
05-17 16:31:02.865 E/WifiTrafficPoller(  851):  packet count Tx=1621064 Rx=5424742
05-17 16:31:03.865 E/WifiTrafficPoller(  851): TRAFFIC_STATS_POLL true Token 2406 num clients 19
05-17 16:31:03.867 E/WifiTrafficPoller(  851):  packet count Tx=1621064 Rx=5424770
05-17 16:31:04.698 E/WifiStateMachine(  851):  ConnectedState (when=-4ms what=131155 arg1=548!CMD_RSSI_POLL 548 0 "BOCO-office" 94:b4:0f:68:a4:b1 rssi=-49 f=5785 sc=80 link=150 tx=0.0, 0.0, 0.0  rx=50.9 bcn=0 [on:0 tx:0 rx:0 period:2990] from screen [on:0 period:548423770] gl rssi=-49 ag=0 hr ticks 0,0,28 ls-=0 [56,56,56,56,61] brc=0 lrc=0
05-17 16:31:04.707 E/WifiStateMachine(  851):  L2ConnectedState (when=-14ms what=131155 arg1=548!CMD_RSSI_POLL 548 0 "BOCO-office" 94:b4:0f:68:a4:b1 rssi=-49 f=5785 sc=80 link=150 tx=0.0, 0.0, 0.0  rx=50.9 bcn=0 [on:0 tx:0 rx:0 period:9] from screen [on:0 period:548423779] gl rssi=-49 ag=0 hr ticks 0,0,28 ls-=0 [56,56,56,56,61] brc=0 lrc=0
05-17 16:31:04.710 E/WifiStateMachine(  851):  get link layer stats 0
05-17 16:31:04.737 E/WifiStateMachine(  851): calculateWifiScore() we set wifi's score to 1000, so will always set wifi as a default network.
05-17 16:31:04.868 E/WifiTrafficPoller(  851): TRAFFIC_STATS_POLL true Token 2406 num clients 19
05-17 16:31:04.869 E/WifiTrafficPoller(  851):  packet count Tx=1621064 Rx=5424786
05-17 16:31:05.870 E/WifiTrafficPoller(  851): TRAFFIC_STATS_POLL true Token 2406 num clients 19
05-17 16:31:05.871 E/WifiTrafficPoller(  851):  packet count Tx=1621064 Rx=5424807
05-17 16:31:06.871 E/WifiTrafficPoller(  851): TRAFFIC_STATS_POLL true Token 2406 num clients 19
05-17 16:31:06.872 E/WifiTrafficPoller(  851):  packet count Tx=1621064 Rx=5424832
05-17 16:31:07.744 E/WifiStateMachine(  851):  ConnectedState (when=-3ms what=131155 arg1=548!CMD_RSSI_POLL 548 0 "BOCO-office" 94:b4:0f:68:a4:b1 rssi=-51 f=5785 sc=80 link=150 tx=0.0, 0.0, 0.0  rx=57.5 bcn=0 [on:0 tx:0 rx:0 period:2990] from screen [on:0 period:548426816] gl rssi=-51 ag=0 hr ticks 0,0,28 ls-=0 [56,56,56,56,61] brc=0 lrc=0
05-17 16:31:07.752 E/WifiStateMachine(  851):  L2ConnectedState (when=-11ms what=131155 arg1=548!CMD_RSSI_POLL 548 0 "BOCO-office" 94:b4:0f:68:a4:b1 rssi=-51 f=5785 sc=80 link=150 tx=0.0, 0.0, 0.0  rx=57.5 bcn=0 [on:0 tx:0 rx:0 period:8] from screen [on:0 period:548426824] gl rssi=-51 ag=0 hr ticks 0,0,28 ls-=0 [56,56,56,56,61] brc=0 lrc=0
05-17 16:31:07.754 E/WifiStateMachine(  851):  get link layer stats 0
05-17 16:31:07.767 E/WifiStateMachine(  851): calculateWifiScore() we set wifi's score to 1000, so will always set wifi as a default network.
05-17 16:31:07.873 E/WifiTrafficPoller(  851): TRAFFIC_STATS_POLL true Token 2406 num clients 19
05-17 16:31:07.874 E/WifiTrafficPoller(  851):  packet count Tx=1621064 Rx=5424848
05-17 16:31:08.878 E/WifiTrafficPoller(  851): TRAFFIC_STATS_POLL true Token 2406 num clients 19
05-17 16:31:08.879 E/WifiTrafficPoller(  851):  packet count Tx=1621064 Rx=5424868
05-17 16:31:09.879 E/WifiTrafficPoller(  851): TRAFFIC_STATS_POLL true Token 2406 num clients 19
05-17 16:31:09.881 E/WifiTrafficPoller(  851):  packet count Tx=1621064 Rx=5424887
05-17 16:31:10.773 E/WifiStateMachine(  851):  ConnectedState (when=-3ms what=131155 arg1=548!CMD_RSSI_POLL 548 0 "BOCO-office" 94:b4:0f:68:a4:b1 rssi=-54 f=5785 sc=80 link=150 tx=0.0, 0.0, 0.0  rx=59.2 bcn=0 [on:0 tx:0 rx:0 period:2995] from screen [on:0 period:548429845] gl rssi=-54 ag=0 hr ticks 0,0,28 ls-=0 [56,56,56,56,61] brc=0 lrc=0
05-17 16:31:10.776 E/WifiStateMachine(  851):  L2ConnectedState (when=-6ms what=131155 arg1=548!CMD_RSSI_POLL 548 0 "BOCO-office" 94:b4:0f:68:a4:b1 rssi=-54 f=5785 sc=80 link=150 tx=0.0, 0.0, 0.0  rx=59.2 bcn=0 [on:0 tx:0 rx:0 period:3] from screen [on:0 period:548429848] gl rssi=-54 ag=0 hr ticks 0,0,28 ls-=0 [56,56,56,56,61] brc=0 lrc=0
05-17 16:31:10.777 E/WifiStateMachine(  851):  get link layer stats 0
05-17 16:31:10.796 E/WifiStateMachine(  851): calculateWifiScore() we set wifi's score to 1000, so will always set wifi as a default network.
05-17 16:31:10.881 E/WifiTrafficPoller(  851): TRAFFIC_STATS_POLL true Token 2406 num clients 19
05-17 16:31:10.883 E/WifiTrafficPoller(  851):  packet count Tx=1621064 Rx=5424903
05-17 16:31:11.811 E/SurfaceFlinger(  285): onDraw: bindTextureImage test
05-17 16:31:11.811 E/SurfaceFlinger(  285): onDraw: bindTextureImage test
05-17 16:31:11.883 E/WifiTrafficPoller(  851): TRAFFIC_STATS_POLL true Token 2406 num clients 19
05-17 16:31:11.883 E/WifiTrafficPoller(  851):  packet count Tx=1621064 Rx=5424924
05-17 16:31:12.884 E/WifiTrafficPoller(  851): TRAFFIC_STATS_POLL true Token 2406 num clients 19
05-17 16:31:12.885 E/WifiTrafficPoller(  851):  packet count Tx=1621065 Rx=5424942
05-17 16:31:12.885 E/WifiTrafficPoller(  851): notifying of data activity 3
05-17 16:31:13.702 E/SurfaceFlinger(  285): onDraw: bindTextureImage test
05-17 16:31:13.718 E/SurfaceFlinger(  285): onDraw: bindTextureImage test
05-17 16:31:13.735 E/SurfaceFlinger(  285): onDraw: bindTextureImage test
05-17 16:31:13.752 E/SurfaceFlinger(  285): onDraw: bindTextureImage test
05-17 16:31:13.769 E/SurfaceFlinger(  285): onDraw: bindTextureImage test
05-17 16:31:13.786 E/SurfaceFlinger(  285): onDraw: bindTextureImage test
05-17 16:31:13.800 E/WifiStateMachine(  851):  ConnectedState (when=-4ms what=131155 arg1=548!CMD_RSSI_POLL 548 0 "BOCO-office" 94:b4:0f:68:a4:b1 rssi=-49 f=5785 sc=80 link=150 tx=0.0, 0.0, 0.0  rx=58.6 bcn=0 [on:0 tx:0 rx:0 period:2999] from screen [on:0 period:548432872] gl rssi=-49 ag=0 hr ticks 0,0,28 ls-=0 [56,56,56,56,61] brc=0 lrc=0
05-17 16:31:13.801 E/WifiStateMachine(  851):  L2ConnectedState (when=-5ms what=131155 arg1=548!CMD_RSSI_POLL 548 0 "BOCO-office" 94:b4:0f:68:a4:b1 rssi=-49 f=5785 sc=80 link=150 tx=0.0, 0.0, 0.0  rx=58.6 bcn=0 [on:0 tx:0 rx:0 period:1] from screen [on:0 period:548432873] gl rssi=-49 ag=0 hr ticks 0,0,28 ls-=0 [56,56,56,56,61] brc=0 lrc=0
05-17 16:31:13.801 E/WifiStateMachine(  851):  get link layer stats 0
05-17 16:31:13.803 E/SurfaceFlinger(  285): onDraw: bindTextureImage test
05-17 16:31:13.805 E/WifiStateMachine(  851): calculateWifiScore() we set wifi's score to 1000, so will always set wifi as a default network.
05-17 16:31:13.819 E/SurfaceFlinger(  285): onDraw: bindTextureImage test
05-17 16:31:13.837 E/SurfaceFlinger(  285): onDraw: bindTextureImage test
05-17 16:31:13.854 E/SurfaceFlinger(  285): onDraw: bindTextureImage test
05-17 16:31:13.870 E/SurfaceFlinger(  285): onDraw: bindTextureImage test
05-17 16:31:13.887 E/SurfaceFlinger(  285): onDraw: bindTextureImage test
05-17 16:31:13.889 E/WifiTrafficPoller(  851): TRAFFIC_STATS_POLL true Token 2406 num clients 19
05-17 16:31:13.890 E/WifiTrafficPoller(  851):  packet count Tx=1621073 Rx=5424969
05-17 16:31:13.904 E/SurfaceFlinger(  285): onDraw: bindTextureImage test
05-17 16:31:13.922 E/SurfaceFlinger(  285): onDraw: bindTextureImage test
05-17 16:31:13.938 E/SurfaceFlinger(  285): onDraw: bindTextureImage test
05-17 16:31:13.955 E/SurfaceFlinger(  285): onDraw: bindTextureImage test
05-17 16:31:13.972 E/SurfaceFlinger(  285): onDraw: bindTextureImage test
05-17 16:31:13.989 E/SurfaceFlinger(  285): onDraw: bindTextureImage test
05-17 16:31:14.006 E/SurfaceFlinger(  285): onDraw: bindTextureImage test
05-17 16:31:14.022 E/SurfaceFlinger(  285): onDraw: bindTextureImage test
05-17 16:31:14.891 E/WifiTrafficPoller(  851): TRAFFIC_STATS_POLL true Token 2406 num clients 19
05-17 16:31:14.893 E/WifiTrafficPoller(  851):  packet count Tx=1621073 Rx=5424981
05-17 16:31:14.893 E/WifiTrafficPoller(  851): notifying of data activity 1
05-17 16:31:15.163 E/MPlugin (27911): Unsupported class: com.mediatek.common.telephony.IOnlyOwnerSimSupport
05-17 16:31:15.175 E/WifiManager(27911): mWifiServiceMessenger == null
05-17 16:31:15.417 E/MPlugin (27911): Unsupported class: com.mediatek.common.telephony.IOnlyOwnerSimSupport
05-17 16:31:15.423 E/WifiManager(27911): mWifiServiceMessenger == null
05-17 16:31:15.696 E/[PropSet](27911): connect fail
05-17 16:31:15.696 E/[PropSet](27911): send_prop_msg return err -1
05-17 16:31:15.804 E/SurfaceFlinger(  285): onDraw: bindTextureImage test
