--------- beginning of /dev/log/system
05-18 16:52:09.691 E/NetdConnector(  341): Communications error: java.io.IOException: Connection refused
05-18 16:52:09.721 E/NetdConnector(  341): Error in NativeDaemonConnector: java.io.IOException: Connection refused
05-18 16:52:14.801 E/ConnectivityService(  341): Ignoring protectedNetwork 10
05-18 16:52:14.801 E/ConnectivityService(  341): Ignoring protectedNetwork 11
05-18 16:52:14.801 E/ConnectivityService(  341): Ignoring protectedNetwork 12
05-18 16:52:14.801 E/ConnectivityService(  341): Ignoring protectedNetwork 14
05-18 16:52:14.801 E/MobileDataStateTracker(  341): default: Ignoring feature request because could not acquire PhoneService
05-18 16:52:14.801 E/MobileDataStateTracker(  341): default: Could not enable APN type "default"
05-18 16:52:16.821 E/NetdConnector(  341): NDC Command {1 bandwidth enable} took too long (1786ms)
05-18 16:52:16.831 E/NetdConnector(  341): NDC Command {2 softap fwreload eth1 STA} took too long (1523ms)
05-18 16:52:17.771 E/LocationManagerService(  341): no geocoder provider found
05-18 16:52:17.771 E/LocationManagerService(  341): No FusedProvider found.
05-18 16:52:17.771 E/LocationManagerService(  341): no geofence provider found
05-18 16:52:22.051 E/ConnectivityService(  341): Unexpected mtu value: android.net.wifi.WifiStateTracker@4a8cad00
05-18 16:52:28.991 E/RemotePrintSpooler(  341): Error removing obsolete print jobs .
05-18 16:52:28.991 E/RemotePrintSpooler(  341): java.util.concurrent.TimeoutException: Cannot get spooler!
05-18 16:52:28.991 E/RemotePrintSpooler(  341): 	at com.android.server.print.RemotePrintSpooler.bindLocked(RemotePrintSpooler.java:376)
05-18 16:52:28.991 E/RemotePrintSpooler(  341): 	at com.android.server.print.RemotePrintSpooler.getRemoteInstanceLazy(RemotePrintSpooler.java:352)
05-18 16:52:28.991 E/RemotePrintSpooler(  341): 	at com.android.server.print.RemotePrintSpooler.removeObsoletePrintJobs(RemotePrintSpooler.java:287)
05-18 16:52:28.991 E/RemotePrintSpooler(  341): 	at com.android.server.print.UserState.removeObsoletePrintJobs(UserState.java:163)
05-18 16:52:28.991 E/RemotePrintSpooler(  341): 	at com.android.server.print.PrintManagerService$1.run(PrintManagerService.java:94)
05-18 16:52:28.991 E/RemotePrintSpooler(  341): 	at android.os.Handler.handleCallback(Handler.java:733)
05-18 16:52:28.991 E/RemotePrintSpooler(  341): 	at android.os.Handler.dispatchMessage(Handler.java:95)
05-18 16:52:28.991 E/RemotePrintSpooler(  341): 	at android.os.Looper.loop(Looper.java:136)
05-18 16:52:28.991 E/RemotePrintSpooler(  341): 	at android.os.HandlerThread.run(HandlerThread.java:61)
05-18 16:52:29.361 E/local_gps(  159): Can't send RMC command
05-18 16:52:48.831 E/ActivityThread(  956): Failed to find provider info for com.google.android.wearable.settings
05-18 16:55:50.421 E/AndroidRuntime( 2849): *** FATAL EXCEPTION IN SYSTEM PROCESS: main
05-18 16:55:50.421 E/AndroidRuntime( 2849): java.lang.NullPointerException
05-18 16:55:50.421 E/AndroidRuntime( 2849): 	at com.android.commands.input.Input.sendText(Input.java:173)
05-18 16:55:50.421 E/AndroidRuntime( 2849): 	at com.android.commands.input.Input.run(Input.java:82)
05-18 16:55:50.421 E/AndroidRuntime( 2849): 	at com.android.commands.input.Input.main(Input.java:59)
05-18 16:55:50.421 E/AndroidRuntime( 2849): 	at com.android.internal.os.RuntimeInit.nativeFinishInit(Native Method)
05-18 16:55:50.421 E/AndroidRuntime( 2849): 	at com.android.internal.os.RuntimeInit.main(RuntimeInit.java:258)
05-18 16:55:50.421 E/AndroidRuntime( 2849): 	at dalvik.system.NativeStart.main(Native Method)
05-18 16:55:50.421 E/AndroidRuntime( 2849): Error reporting crash
05-18 16:55:50.421 E/AndroidRuntime( 2849): java.lang.NullPointerException
05-18 16:55:50.421 E/AndroidRuntime( 2849): 	at com.android.internal.os.RuntimeInit$UncaughtHandler.uncaughtException(RuntimeInit.java:86)
05-18 16:55:50.421 E/AndroidRuntime( 2849): 	at java.lang.ThreadGroup.uncaughtException(ThreadGroup.java:693)
05-18 16:55:50.421 E/AndroidRuntime( 2849): 	at java.lang.ThreadGroup.uncaughtException(ThreadGroup.java:690)
05-18 16:55:50.421 E/AndroidRuntime( 2849): 	at dalvik.system.NativeStart.main(Native Method)
05-18 16:55:54.231 E/AndroidRuntime( 2873): *** FATAL EXCEPTION IN SYSTEM PROCESS: main
05-18 16:55:54.231 E/AndroidRuntime( 2873): java.lang.NullPointerException
05-18 16:55:54.231 E/AndroidRuntime( 2873): 	at com.android.commands.input.Input.sendText(Input.java:173)
05-18 16:55:54.231 E/AndroidRuntime( 2873): 	at com.android.commands.input.Input.run(Input.java:82)
05-18 16:55:54.231 E/AndroidRuntime( 2873): 	at com.android.commands.input.Input.main(Input.java:59)
05-18 16:55:54.231 E/AndroidRuntime( 2873): 	at com.android.internal.os.RuntimeInit.nativeFinishInit(Native Method)
05-18 16:55:54.231 E/AndroidRuntime( 2873): 	at com.android.internal.os.RuntimeInit.main(RuntimeInit.java:258)
05-18 16:55:54.231 E/AndroidRuntime( 2873): 	at dalvik.system.NativeStart.main(Native Method)
05-18 16:55:54.241 E/AndroidRuntime( 2873): Error reporting crash
05-18 16:55:54.241 E/AndroidRuntime( 2873): java.lang.NullPointerException
05-18 16:55:54.241 E/AndroidRuntime( 2873): 	at com.android.internal.os.RuntimeInit$UncaughtHandler.uncaughtException(RuntimeInit.java:86)
05-18 16:55:54.241 E/AndroidRuntime( 2873): 	at java.lang.ThreadGroup.uncaughtException(ThreadGroup.java:693)
05-18 16:55:54.241 E/AndroidRuntime( 2873): 	at java.lang.ThreadGroup.uncaughtException(ThreadGroup.java:690)
05-18 16:55:54.241 E/AndroidRuntime( 2873): 	at dalvik.system.NativeStart.main(Native Method)
05-18 17:06:26.431 E/ActivityThread(  956): Failed to find provider info for com.google.android.wearable.settings
05-18 17:20:13.611 E/ActivityThread(  956): Failed to find provider info for com.google.android.wearable.settings
--------- beginning of /dev/log/main
05-18 17:25:25.251 E/GPSManager( 3366): Location changed : Lat: 40.00125 Lng: 105.56358166666665
05-18 17:25:26.251 E/GPSManager( 3366): Location changed : Lat: 40.00125 Lng: 105.56358166666665
05-18 17:25:27.131 E/appium  ( 5874): Exception while handling action in: io.appium.uiautomator2.handler.Clear
05-18 17:25:27.131 E/appium  ( 5874): java.lang.NullPointerException
05-18 17:25:27.131 E/appium  ( 5874): 	at android.support.test.uiautomator.UiObject2.setText(UiObject2.java:601)
05-18 17:25:27.131 E/appium  ( 5874): 	at android.support.test.uiautomator.UiObject2.clear(UiObject2.java:338)
05-18 17:25:27.131 E/appium  ( 5874): 	at io.appium.uiautomator2.model.UiObject2Element.clear(UiObject2Element.java:138)
05-18 17:25:27.131 E/appium  ( 5874): 	at io.appium.uiautomator2.handler.Clear.safeHandle(Clear.java:51)
05-18 17:25:27.131 E/appium  ( 5874): 	at io.appium.uiautomator2.handler.request.SafeRequestHandler.handle(SafeRequestHandler.java:56)
05-18 17:25:27.131 E/appium  ( 5874): 	at io.appium.uiautomator2.handler.SendKeysToElement.safeHandle(SendKeysToElement.java:73)
05-18 17:25:27.131 E/appium  ( 5874): 	at io.appium.uiautomator2.handler.request.SafeRequestHandler.handle(SafeRequestHandler.java:56)
05-18 17:25:27.131 E/appium  ( 5874): 	at io.appium.uiautomator2.server.AppiumServlet.handleRequest(AppiumServlet.java:202)
05-18 17:25:27.131 E/appium  ( 5874): 	at io.appium.uiautomator2.server.AppiumServlet.handleHttpRequest(AppiumServlet.java:193)
05-18 17:25:27.131 E/appium  ( 5874): 	at io.appium.uiautomator2.http.ServerHandler.channelRead(ServerHandler.java:44)
05-18 17:25:27.131 E/appium  ( 5874): 	at io.netty.channel.AbstractChannelHandlerContext.invokeChannelRead(AbstractChannelHandlerContext.java:366)
05-18 17:25:27.131 E/appium  ( 5874): 	at io.netty.channel.AbstractChannelHandlerContext.invokeChannelRead(AbstractChannelHandlerContext.java:352)
05-18 17:25:27.131 E/appium  ( 5874): 	at io.netty.channel.AbstractChannelHandlerContext.fireChannelRead(AbstractChannelHandlerContext.java:345)
05-18 17:25:27.131 E/appium  ( 5874): 	at io.netty.handler.codec.MessageToMessageDecoder.channelRead(MessageToMessageDecoder.java:102)
05-18 17:25:27.131 E/appium  ( 5874): 	at io.netty.channel.AbstractChannelHandlerContext.invokeChannelRead(AbstractChannelHandlerContext.java:366)
05-18 17:25:27.131 E/appium  ( 5874): 	at io.netty.channel.AbstractChannelHandlerContext.invokeChannelRead(AbstractChannelHandlerContext.java:352)
05-18 17:25:27.131 E/appium  ( 5874): 	at io.netty.channel.AbstractChannelHandlerContext.fireChannelRead(AbstractChannelHandlerContext.java:345)
05-18 17:25:27.131 E/appium  ( 5874): 	at io.netty.channel.CombinedChannelDuplexHandler$DelegatingChannelHandlerContext.fireChannelRead(CombinedChannelDuplexHandler.java:435)
05-18 17:25:27.131 E/appium  ( 5874): 	at io.netty.handler.codec.ByteToMessageDecoder.fireChannelRead(ByteToMessageDecoder.java:293)
05-18 17:25:27.131 E/appium  ( 5874): 	at io.netty.handler.codec.ByteToMessageDecoder.channelRead(ByteToMessageDecoder.java:267)
05-18 17:25:27.131 E/appium  ( 5874): 	at io.netty.channel.CombinedChannelDuplexHandler.channelRead(CombinedChannelDuplexHandler.java:250)
05-18 17:25:27.131 E/appium  ( 5874): 	at io.netty.channel.AbstractChannelHandlerContext.invokeChannelRead(AbstractChannelHandlerContext.java:366)
05-18 17:25:27.131 E/appium  ( 5874): 	at io.netty.channel.AbstractChannelHandlerContext.invokeChannelRead(AbstractChannelHandlerContext.java:352)
05-18 17:25:27.131 E/appium  ( 5874): 	at io.netty.channel.AbstractChannelHandlerContext.fireChannelRead(AbstractChannelHandlerContext.java:345)
05-18 17:25:27.131 E/appium  ( 5874): 	at io.netty.channel.DefaultChannelPipeline$HeadContext.channelRead(DefaultChannelPipeline.java:1294)
05-18 17:25:27.131 E/appium  ( 5874): 	at io.netty.channel.AbstractChannelHandlerContext.invokeChannelRead(AbstractChannelHandlerContext.java:366)
05-18 17:25:27.131 E/appium  ( 5874): 	at io.netty.channel.AbstractChannelHandlerContext.invokeChannelRead(AbstractChannelHandlerContext.java:352)
05-18 17:25:27.131 E/appium  ( 5874): 	at io.netty.channel.DefaultChannelPipeline.fireChannelRead(DefaultChannelPipeline.java:911)
05-18 17:25:27.131 E/appium  ( 5874): 	at io.netty.channel.nio.AbstractNioByteChannel$NioByteUnsafe.read(AbstractNioByteChannel.java:131)
05-18 17:25:27.131 E/appium  ( 5874): 	at io.netty.channel.nio.NioEventLoop.processSelectedKey(NioEventLoop.java:611)
05-18 17:25:27.131 E/appium  ( 5874): 	at io.netty.channel.nio.NioEventLoop.processSelectedKeysPlain(NioEventLoop.java:514)
05-18 17:25:27.131 E/appium  ( 5874): 	at io.netty.channel.nio.NioEventLoop.processSelectedKeys(NioEventLoop.java:468)
05-18 17:25:27.131 E/appium  ( 5874): 	at io.netty.channel.nio.NioEventLoop.run(NioEventLoop.java:438)
05-18 17:25:27.131 E/appium  ( 5874): 	at io.netty.util.concurrent.SingleThreadEventExecutor$2.run(SingleThreadEventExecutor.java:140)
05-18 17:25:27.131 E/appium  ( 5874): 	at io.netty.util.concurrent.DefaultThreadFactory$DefaultRunnableDecorator.run(DefaultThreadFactory.java:144)
05-18 17:25:27.131 E/appium  ( 5874): 	at java.lang.Thread.run(Thread.java:841)
05-18 17:25:27.261 E/GPSManager( 3366): Location changed : Lat: 40.00125 Lng: 105.56358166666665
05-18 17:25:27.631 E/appium  ( 5874): Exception while handling action in: io.appium.uiautomator2.handler.SendKeysToElement
05-18 17:25:27.631 E/appium  ( 5874): java.lang.NullPointerException
05-18 17:25:27.631 E/appium  ( 5874): 	at android.support.test.uiautomator.UiObject2.setText(UiObject2.java:601)
05-18 17:25:27.631 E/appium  ( 5874): 	at io.appium.uiautomator2.model.UiObject2Element.setText(UiObject2Element.java:129)
05-18 17:25:27.631 E/appium  ( 5874): 	at io.appium.uiautomator2.handler.SendKeysToElement.safeHandle(SendKeysToElement.java:83)
05-18 17:25:27.631 E/appium  ( 5874): 	at io.appium.uiautomator2.handler.request.SafeRequestHandler.handle(SafeRequestHandler.java:56)
05-18 17:25:27.631 E/appium  ( 5874): 	at io.appium.uiautomator2.server.AppiumServlet.handleRequest(AppiumServlet.java:202)
05-18 17:25:27.631 E/appium  ( 5874): 	at io.appium.uiautomator2.server.AppiumServlet.handleHttpRequest(AppiumServlet.java:193)
05-18 17:25:27.631 E/appium  ( 5874): 	at io.appium.uiautomator2.http.ServerHandler.channelRead(ServerHandler.java:44)
05-18 17:25:27.631 E/appium  ( 5874): 	at io.netty.channel.AbstractChannelHandlerContext.invokeChannelRead(AbstractChannelHandlerContext.java:366)
05-18 17:25:27.631 E/appium  ( 5874): 	at io.netty.channel.AbstractChannelHandlerContext.invokeChannelRead(AbstractChannelHandlerContext.java:352)
05-18 17:25:27.631 E/appium  ( 5874): 	at io.netty.channel.AbstractChannelHandlerContext.fireChannelRead(AbstractChannelHandlerContext.java:345)
05-18 17:25:27.631 E/appium  ( 5874): 	at io.netty.handler.codec.MessageToMessageDecoder.channelRead(MessageToMessageDecoder.java:102)
05-18 17:25:27.631 E/appium  ( 5874): 	at io.netty.channel.AbstractChannelHandlerContext.invokeChannelRead(AbstractChannelHandlerContext.java:366)
05-18 17:25:27.631 E/appium  ( 5874): 	at io.netty.channel.AbstractChannelHandlerContext.invokeChannelRead(AbstractChannelHandlerContext.java:352)
05-18 17:25:27.631 E/appium  ( 5874): 	at io.netty.channel.AbstractChannelHandlerContext.fireChannelRead(AbstractChannelHandlerContext.java:345)
05-18 17:25:27.631 E/appium  ( 5874): 	at io.netty.channel.CombinedChannelDuplexHandler$DelegatingChannelHandlerContext.fireChannelRead(CombinedChannelDuplexHandler.java:435)
05-18 17:25:27.631 E/appium  ( 5874): 	at io.netty.handler.codec.ByteToMessageDecoder.fireChannelRead(ByteToMessageDecoder.java:293)
05-18 17:25:27.631 E/appium  ( 5874): 	at io.netty.handler.codec.ByteToMessageDecoder.channelRead(ByteToMessageDecoder.java:267)
05-18 17:25:27.631 E/appium  ( 5874): 	at io.netty.channel.CombinedChannelDuplexHandler.channelRead(CombinedChannelDuplexHandler.java:250)
05-18 17:25:27.631 E/appium  ( 5874): 	at io.netty.channel.AbstractChannelHandlerContext.invokeChannelRead(AbstractChannelHandlerContext.java:366)
05-18 17:25:27.631 E/appium  ( 5874): 	at io.netty.channel.AbstractChannelHandlerContext.invokeChannelRead(AbstractChannelHandlerContext.java:352)
05-18 17:25:27.631 E/appium  ( 5874): 	at io.netty.channel.AbstractChannelHandlerContext.fireChannelRead(AbstractChannelHandlerContext.java:345)
05-18 17:25:27.631 E/appium  ( 5874): 	at io.netty.channel.DefaultChannelPipeline$HeadContext.channelRead(DefaultChannelPipeline.java:1294)
05-18 17:25:27.631 E/appium  ( 5874): 	at io.netty.channel.AbstractChannelHandlerContext.invokeChannelRead(AbstractChannelHandlerContext.java:366)
05-18 17:25:27.631 E/appium  ( 5874): 	at io.netty.channel.AbstractChannelHandlerContext.invokeChannelRead(AbstractChannelHandlerContext.java:352)
05-18 17:25:27.631 E/appium  ( 5874): 	at io.netty.channel.DefaultChannelPipeline.fireChannelRead(DefaultChannelPipeline.java:911)
05-18 17:25:27.631 E/appium  ( 5874): 	at io.netty.channel.nio.AbstractNioByteChannel$NioByteUnsafe.read(AbstractNioByteChannel.java:131)
05-18 17:25:27.631 E/appium  ( 5874): 	at io.netty.channel.nio.NioEventLoop.processSelectedKey(NioEventLoop.java:611)
05-18 17:25:27.631 E/appium  ( 5874): 	at io.netty.channel.nio.NioEventLoop.processSelectedKeysPlain(NioEventLoop.java:514)
05-18 17:25:27.631 E/appium  ( 5874): 	at io.netty.channel.nio.NioEventLoop.processSelectedKeys(NioEventLoop.java:468)
05-18 17:25:27.631 E/appium  ( 5874): 	at io.netty.channel.nio.NioEventLoop.run(NioEventLoop.java:438)
05-18 17:25:27.631 E/appium  ( 5874): 	at io.netty.util.concurrent.SingleThreadEventExecutor$2.run(SingleThreadEventExecutor.java:140)
05-18 17:25:27.631 E/appium  ( 5874): 	at io.netty.util.concurrent.DefaultThreadFactory$DefaultRunnableDecorator.run(DefaultThreadFactory.java:144)
05-18 17:25:27.631 E/appium  ( 5874): 	at java.lang.Thread.run(Thread.java:841)
05-18 17:25:28.261 E/GPSManager( 3366): Location changed : Lat: 40.00125 Lng: 105.56358166666665
05-18 17:25:29.281 E/GPSManager( 3366): Location changed : Lat: 40.00125 Lng: 105.56358166666665
05-18 17:25:30.271 E/GPSManager( 3366): Location changed : Lat: 40.00125 Lng: 105.56358166666665
05-18 17:25:31.271 E/GPSManager( 3366): Location changed : Lat: 40.00125 Lng: 105.56358166666665
05-18 17:25:32.271 E/GPSManager( 3366): Location changed : Lat: 40.00125 Lng: 105.56358166666665
05-18 17:25:33.291 E/GPSManager( 3366): Location changed : Lat: 40.00125 Lng: 105.56358166666665
05-18 17:25:34.311 E/GPSManager( 3366): Location changed : Lat: 40.00125 Lng: 105.56358166666665
05-18 17:25:35.301 E/GPSManager( 3366): Location changed : Lat: 40.00125 Lng: 105.56358166666665
05-18 17:25:36.311 E/GPSManager( 3366): Location changed : Lat: 40.00125 Lng: 105.56358166666665
05-18 17:25:37.331 E/GPSManager( 3366): Location changed : Lat: 40.00125 Lng: 105.56358166666665
05-18 17:25:38.331 E/GPSManager( 3366): Location changed : Lat: 40.00125 Lng: 105.56358166666665
05-18 17:25:39.331 E/GPSManager( 3366): Location changed : Lat: 40.00125 Lng: 105.56358166666665
05-18 17:25:40.341 E/GPSManager( 3366): Location changed : Lat: 40.00125 Lng: 105.56358166666665
05-18 17:25:41.341 E/GPSManager( 3366): Location changed : Lat: 40.00125 Lng: 105.56358166666665
05-18 17:25:42.341 E/GPSManager( 3366): Location changed : Lat: 40.00125 Lng: 105.56358166666665
05-18 17:25:43.361 E/GPSManager( 3366): Location changed : Lat: 40.00125 Lng: 105.56358166666665
05-18 17:25:44.371 E/GPSManager( 3366): Location changed : Lat: 40.00125 Lng: 105.56358166666665
05-18 17:25:45.381 E/GPSManager( 3366): Location changed : Lat: 40.00125 Lng: 105.56358166666665
05-18 17:25:46.391 E/GPSManager( 3366): Location changed : Lat: 40.00125 Lng: 105.56358166666665
05-18 17:25:47.391 E/GPSManager( 3366): Location changed : Lat: 40.00125 Lng: 105.56358166666665
05-18 17:25:48.401 E/GPSManager( 3366): Location changed : Lat: 40.00125 Lng: 105.56358166666665
05-18 17:25:49.401 E/GPSManager( 3366): Location changed : Lat: 40.00125 Lng: 105.56358166666665
05-18 17:25:50.421 E/GPSManager( 3366): Location changed : Lat: 40.00125 Lng: 105.56358166666665
05-18 17:25:51.431 E/GPSManager( 3366): Location changed : Lat: 40.00125 Lng: 105.56358166666665
05-18 17:25:52.421 E/GPSManager( 3366): Location changed : Lat: 40.00125 Lng: 105.56358166666665
05-18 17:25:53.451 E/GPSManager( 3366): Location changed : Lat: 40.00125 Lng: 105.56358166666665
05-18 17:25:54.431 E/GPSManager( 3366): Location changed : Lat: 40.00125 Lng: 105.56358166666665
05-18 17:25:55.451 E/GPSManager( 3366): Location changed : Lat: 40.00125 Lng: 105.56358166666665
05-18 17:25:56.471 E/GPSManager( 3366): Location changed : Lat: 40.00125 Lng: 105.56358166666665
05-18 17:25:57.471 E/GPSManager( 3366): Location changed : Lat: 40.00125 Lng: 105.56358166666665
05-18 17:25:58.481 E/GPSManager( 3366): Location changed : Lat: 40.00125 Lng: 105.56358166666665
05-18 17:25:59.471 E/GPSManager( 3366): Location changed : Lat: 40.00125 Lng: 105.56358166666665
05-18 17:26:00.481 E/GPSManager( 3366): Location changed : Lat: 40.00125 Lng: 105.56358166666665
05-18 17:26:01.491 E/GPSManager( 3366): Location changed : Lat: 40.00125 Lng: 105.56358166666665
05-18 17:26:02.511 E/GPSManager( 3366): Location changed : Lat: 40.00125 Lng: 105.56358166666665
05-18 17:26:03.531 E/GPSManager( 3366): Location changed : Lat: 40.00125 Lng: 105.56358166666665
05-18 17:26:04.531 E/GPSManager( 3366): Location changed : Lat: 40.00125 Lng: 105.56358166666665
05-18 17:26:05.521 E/GPSManager( 3366): Location changed : Lat: 40.00125 Lng: 105.56358166666665
05-18 17:26:06.541 E/GPSManager( 3366): Location changed : Lat: 40.00125 Lng: 105.56358166666665
05-18 17:26:07.561 E/GPSManager( 3366): Location changed : Lat: 40.00125 Lng: 105.56358166666665
05-18 17:26:08.571 E/GPSManager( 3366): Location changed : Lat: 40.00125 Lng: 105.56358166666665
05-18 17:26:09.571 E/GPSManager( 3366): Location changed : Lat: 40.00125 Lng: 105.56358166666665
05-18 17:26:10.571 E/GPSManager( 3366): Location changed : Lat: 40.00125 Lng: 105.56358166666665
05-18 17:26:11.571 E/GPSManager( 3366): Location changed : Lat: 40.00125 Lng: 105.56358166666665
05-18 17:26:12.601 E/GPSManager( 3366): Location changed : Lat: 40.00125 Lng: 105.56358166666665
05-18 17:26:13.591 E/GPSManager( 3366): Location changed : Lat: 40.00125 Lng: 105.56358166666665
05-18 17:26:14.591 E/GPSManager( 3366): Location changed : Lat: 40.00125 Lng: 105.56358166666665
05-18 17:26:15.601 E/GPSManager( 3366): Location changed : Lat: 40.00125 Lng: 105.56358166666665
05-18 17:26:16.601 E/GPSManager( 3366): Location changed : Lat: 40.00125 Lng: 105.56358166666665
05-18 17:26:17.611 E/GPSManager( 3366): Location changed : Lat: 40.00125 Lng: 105.56358166666665
05-18 17:26:18.611 E/GPSManager( 3366): Location changed : Lat: 40.00125 Lng: 105.56358166666665
05-18 17:26:19.621 E/GPSManager( 3366): Location changed : Lat: 40.00125 Lng: 105.56358166666665
05-18 17:26:20.561 E/cutils-trace( 5862): Error opening trace file: No such file or directory (2)
05-18 17:26:20.621 E/GPSManager( 3366): Location changed : Lat: 40.00125 Lng: 105.56358166666665
05-18 17:26:21.211 E/memtrack( 5939): Couldn't load memtrack module (No such file or directory)
05-18 17:26:21.211 E/android.os.Debug( 5939): failed to load memtrack module: -2
05-18 17:26:21.291 E/cutils-trace( 5939): Error opening trace file: No such file or directory (2)
05-18 17:26:21.571 E/Cataloger( 1301): syncFile:/storage/emulated/0/Android/data/com.boco.apphall/cache/uil-images/journal
05-18 17:26:21.571 E/Cataloger( 1301): need not sync path:/storage/emulated/0/Android/data/com.boco.apphall/cache/uil-images/journal
05-18 17:26:21.621 E/GPSManager( 3366): Location changed : Lat: 40.00125 Lng: 105.56358166666665
05-18 17:26:22.621 E/GPSManager( 3366): Location changed : Lat: 40.00125 Lng: 105.56358166666665
05-18 17:26:23.711 E/GPSManager( 3366): Location changed : Lat: 40.00125 Lng: 105.56358166666665
05-18 17:26:24.591 E/memtrack( 5957): Couldn't load memtrack module (No such file or directory)
05-18 17:26:24.591 E/android.os.Debug( 5957): failed to load memtrack module: -2
05-18 17:26:24.691 E/GPSManager( 3366): Location changed : Lat: 40.00125 Lng: 105.56358166666665
05-18 17:26:24.721 E/cutils-trace( 5957): Error opening trace file: No such file or directory (2)
05-18 17:26:25.641 E/GPSManager( 3366): Location changed : Lat: 40.00125 Lng: 105.56358166666665
05-18 17:26:26.631 E/GPSManager( 3366): Location changed : Lat: 40.00125 Lng: 105.56358166666665
05-18 17:26:27.121 E/memtrack( 5973): Couldn't load memtrack module (No such file or directory)
05-18 17:26:27.121 E/android.os.Debug( 5973): failed to load memtrack module: -2
05-18 17:26:27.221 E/cutils-trace( 5973): Error opening trace file: No such file or directory (2)
05-18 17:26:27.641 E/GPSManager( 3366): Location changed : Lat: 40.00125 Lng: 105.56358166666665
05-18 17:26:28.641 E/GPSManager( 3366): Location changed : Lat: 40.00125 Lng: 105.56358166666665
05-18 17:26:29.641 E/GPSManager( 3366): Location changed : Lat: 40.00125 Lng: 105.56358166666665
05-18 17:26:30.641 E/GPSManager( 3366): Location changed : Lat: 40.00125 Lng: 105.56358166666665
05-18 17:26:31.781 E/memtrack( 5988): Couldn't load memtrack module (No such file or directory)
05-18 17:26:31.781 E/android.os.Debug( 5988): failed to load memtrack module: -2
05-18 17:26:31.921 E/GPSManager( 3366): Location changed : Lat: 40.00125 Lng: 105.56358166666665
05-18 17:26:32.251 E/cutils-trace( 5988): Error opening trace file: No such file or directory (2)
05-18 17:26:32.661 E/GPSManager( 3366): Location changed : Lat: 40.00125 Lng: 105.56358166666665
05-18 17:26:33.651 E/GPSManager( 3366): Location changed : Lat: 40.00125 Lng: 105.56358166666665
05-18 17:26:34.651 E/GPSManager( 3366): Location changed : Lat: 40.00125 Lng: 105.56358166666665
05-18 17:26:35.651 E/GPSManager( 3366): Location changed : Lat: 40.00125 Lng: 105.56358166666665
05-18 17:26:35.871 E/memtrack( 6000): Couldn't load memtrack module (No such file or directory)
05-18 17:26:35.871 E/android.os.Debug( 6000): failed to load memtrack module: -2
05-18 17:26:35.931 E/cutils-trace( 6000): Error opening trace file: No such file or directory (2)
05-18 17:26:36.661 E/GPSManager( 3366): Location changed : Lat: 40.00125 Lng: 105.56358166666665
05-18 17:26:37.651 E/memtrack( 6013): Couldn't load memtrack module (No such file or directory)
05-18 17:26:37.651 E/android.os.Debug( 6013): failed to load memtrack module: -2
05-18 17:26:37.681 E/GPSManager( 3366): Location changed : Lat: 40.00125 Lng: 105.56358166666665
05-18 17:26:37.791 E/cutils-trace( 6013): Error opening trace file: No such file or directory (2)
05-18 17:26:38.691 E/GPSManager( 3366): Location changed : Lat: 40.00125 Lng: 105.56358166666665
05-18 17:26:39.681 E/GPSManager( 3366): Location changed : Lat: 40.00125 Lng: 105.56358166666665
05-18 17:26:39.851 E/memtrack( 6024): Couldn't load memtrack module (No such file or directory)
05-18 17:26:39.851 E/android.os.Debug( 6024): failed to load memtrack module: -2
05-18 17:26:39.951 E/cutils-trace( 6024): Error opening trace file: No such file or directory (2)
05-18 17:26:40.691 E/GPSManager( 3366): Location changed : Lat: 40.00125 Lng: 105.56358166666665
05-18 17:26:41.551 E/memtrack( 6035): Couldn't load memtrack module (No such file or directory)
05-18 17:26:41.551 E/android.os.Debug( 6035): failed to load memtrack module: -2
05-18 17:26:41.601 E/cutils-trace( 6035): Error opening trace file: No such file or directory (2)
05-18 17:26:41.681 E/GPSManager( 3366): Location changed : Lat: 40.00125 Lng: 105.56358166666665
05-18 17:26:42.681 E/GPSManager( 3366): Location changed : Lat: 40.00125 Lng: 105.56358166666665
05-18 17:26:43.241 E/memtrack( 6051): Couldn't load memtrack module (No such file or directory)
05-18 17:26:43.241 E/android.os.Debug( 6051): failed to load memtrack module: -2
05-18 17:26:43.301 E/cutils-trace( 6051): Error opening trace file: No such file or directory (2)
05-18 17:26:43.691 E/GPSManager( 3366): Location changed : Lat: 40.00125 Lng: 105.56358166666665
05-18 17:26:44.411 E/memtrack( 6063): Couldn't load memtrack module (No such file or directory)
05-18 17:26:44.411 E/android.os.Debug( 6063): failed to load memtrack module: -2
05-18 17:26:44.451 E/cutils-trace( 6063): Error opening trace file: No such file or directory (2)
05-18 17:26:44.691 E/GPSManager( 3366): Location changed : Lat: 40.00125 Lng: 105.56358166666665
05-18 17:26:45.691 E/GPSManager( 3366): Location changed : Lat: 40.00125 Lng: 105.56358166666665
05-18 17:26:46.691 E/GPSManager( 3366): Location changed : Lat: 40.00125 Lng: 105.56358166666665
05-18 17:26:47.711 E/GPSManager( 3366): Location changed : Lat: 40.00125 Lng: 105.56358166666665
05-18 17:26:48.481 E/memtrack( 6082): Couldn't load memtrack module (No such file or directory)
05-18 17:26:48.481 E/android.os.Debug( 6082): failed to load memtrack module: -2
05-18 17:26:48.541 E/cutils-trace( 6082): Error opening trace file: No such file or directory (2)
05-18 17:26:48.701 E/GPSManager( 3366): Location changed : Lat: 40.00125 Lng: 105.56358166666665
05-18 17:26:49.601 E/memtrack( 6094): Couldn't load memtrack module (No such file or directory)
05-18 17:26:49.601 E/android.os.Debug( 6094): failed to load memtrack module: -2
05-18 17:26:49.651 E/cutils-trace( 6094): Error opening trace file: No such file or directory (2)
05-18 17:26:49.701 E/GPSManager( 3366): Location changed : Lat: 40.00125 Lng: 105.56358166666665
05-18 17:26:50.711 E/GPSManager( 3366): Location changed : Lat: 40.00125 Lng: 105.56358166666665
05-18 17:26:50.781 E/memtrack( 6105): Couldn't load memtrack module (No such file or directory)
05-18 17:26:50.781 E/android.os.Debug( 6105): failed to load memtrack module: -2
05-18 17:26:50.881 E/Cataloger( 1301): 重复删除命令
05-18 17:26:50.921 E/Cataloger( 1301): 重复删除命令
05-18 17:26:50.921 E/Cataloger( 1301): 重复删除命令
05-18 17:26:50.931 E/Cataloger( 1301): 重复删除命令
05-18 17:26:50.941 E/Cataloger( 1301): 重复删除命令
05-18 17:26:50.951 E/cutils-trace( 6105): Error opening trace file: No such file or directory (2)
05-18 17:26:51.711 E/GPSManager( 3366): Location changed : Lat: 40.00125 Lng: 105.56358166666665
05-18 17:26:52.111 E/memtrack( 6129): Couldn't load memtrack module (No such file or directory)
05-18 17:26:52.111 E/android.os.Debug( 6129): failed to load memtrack module: -2
05-18 17:26:52.161 E/cutils-trace( 6129): Error opening trace file: No such file or directory (2)
05-18 17:26:52.701 E/GPSManager( 3366): Location changed : Lat: 40.00125 Lng: 105.56358166666665
05-18 17:26:53.271 E/memtrack( 6141): Couldn't load memtrack module (No such file or directory)
05-18 17:26:53.271 E/android.os.Debug( 6141): failed to load memtrack module: -2
05-18 17:26:53.331 E/cutils-trace( 6141): Error opening trace file: No such file or directory (2)
05-18 17:26:53.711 E/GPSManager( 3366): Location changed : Lat: 40.00125 Lng: 105.56358166666665
05-18 17:26:54.701 E/GPSManager( 3366): Location changed : Lat: 40.00125 Lng: 105.56358166666665
05-18 17:26:54.801 E/memtrack( 6155): Couldn't load memtrack module (No such file or directory)
05-18 17:26:54.801 E/android.os.Debug( 6155): failed to load memtrack module: -2
05-18 17:26:54.851 E/cutils-trace( 6155): Error opening trace file: No such file or directory (2)
05-18 17:26:55.701 E/GPSManager( 3366): Location changed : Lat: 40.00125 Lng: 105.56358166666665
05-18 17:26:55.801 E/memtrack( 6166): Couldn't load memtrack module (No such file or directory)
05-18 17:26:55.801 E/android.os.Debug( 6166): failed to load memtrack module: -2
05-18 17:26:56.711 E/GPSManager( 3366): Location changed : Lat: 40.00125 Lng: 105.56358166666665
05-18 17:26:57.711 E/GPSManager( 3366): Location changed : Lat: 40.00125 Lng: 105.56358166666665
05-18 17:26:58.731 E/GPSManager( 3366): Location changed : Lat: 40.00125 Lng: 105.56358166666665
05-18 17:26:59.301 E/memtrack( 6197): Couldn't load memtrack module (No such file or directory)
05-18 17:26:59.301 E/android.os.Debug( 6197): failed to load memtrack module: -2
05-18 17:26:59.721 E/GPSManager( 3366): Location changed : Lat: 40.00125 Lng: 105.56358166666665
05-18 17:27:00.511 E/Cataloger( 1301): syncFile:/storage/emulated/0/Android/data/com.boco.apphall
05-18 17:27:00.511 E/Cataloger( 1301): 创建一个目录:/storage/emulated/0/Android/data/com.boco.apphall
05-18 17:27:00.511 E/Cataloger( 1301): 扫描新建目录：/storage/emulated/0/Android/data/com.boco.apphall
05-18 17:27:00.541 E/Cataloger( 1301): syncFile:/storage/emulated/0/Android/data/com.boco.apphall/cache
05-18 17:27:00.541 E/Cataloger( 1301): 创建一个目录:/storage/emulated/0/Android/data/com.boco.apphall/cache
05-18 17:27:00.541 E/Cataloger( 1301): 扫描新建目录：/storage/emulated/0/Android/data/com.boco.apphall/cache
05-18 17:27:00.551 E/Cataloger( 1301): syncFile:/storage/emulated/0/Android/data/com.boco.apphall/cache/.nomedia
05-18 17:27:00.551 E/Cataloger( 1301): need not sync path:/storage/emulated/0/Android/data/com.boco.apphall/cache/.nomedia
05-18 17:27:00.551 E/Cataloger( 1301): syncFile:/storage/emulated/0/Android/data/com.boco.apphall/cache/.nomedia
05-18 17:27:00.551 E/Cataloger( 1301): need not sync path:/storage/emulated/0/Android/data/com.boco.apphall/cache/.nomedia
05-18 17:27:00.551 E/Cataloger( 1301): syncFile:/storage/emulated/0/Android/data/com.boco.apphall/cache/uil-images
05-18 17:27:00.551 E/Cataloger( 1301): 创建一个目录:/storage/emulated/0/Android/data/com.boco.apphall/cache/uil-images
05-18 17:27:00.551 E/Cataloger( 1301): 扫描新建目录：/storage/emulated/0/Android/data/com.boco.apphall/cache/uil-images
05-18 17:27:00.571 E/Cataloger( 1301): syncFile:/storage/emulated/0/Android/data/com.boco.apphall/cache/uil-images/journal.tmp
05-18 17:27:00.571 E/Cataloger( 1301): need not sync path:/storage/emulated/0/Android/data/com.boco.apphall/cache/uil-images/journal.tmp
05-18 17:27:00.581 E/Cataloger( 1301): syncFile:/storage/emulated/0/Android/data/com.boco.apphall/cache/uil-images/journal.tmp
05-18 17:27:00.581 E/Cataloger( 1301): need not sync path:/storage/emulated/0/Android/data/com.boco.apphall/cache/uil-images/journal.tmp
05-18 17:27:00.591 E/Cataloger( 1301): 重复删除命令
05-18 17:27:00.591 E/Cataloger( 1301): syncFile:/storage/emulated/0/Android/data/com.boco.apphall/cache/uil-images/journal
05-18 17:27:00.591 E/Cataloger( 1301): need not sync path:/storage/emulated/0/Android/data/com.boco.apphall/cache/uil-images/journal
05-18 17:27:00.721 E/GPSManager( 3366): Location changed : Lat: 40.00125 Lng: 105.56358166666665
05-18 17:27:01.281 E/cutils-trace( 6197): Error opening trace file: No such file or directory (2)
05-18 17:27:01.721 E/GPSManager( 3366): Location changed : Lat: 40.00125 Lng: 105.56358166666665
05-18 17:27:02.741 E/GPSManager( 3366): Location changed : Lat: 40.00125 Lng: 105.56358166666665
05-18 17:27:03.601 E/SQLiteDatabase( 1301): Error inserting path=/storage/emulated/0/Android/data/com.boco.apphall/ lastmodified=1495099620000 pathtype=3 _id=111 isLogPath=0 name=com.boco.apphall
05-18 17:27:03.601 E/SQLiteDatabase( 1301): android.database.sqlite.SQLiteConstraintException: column path is not unique (code 19)
05-18 17:27:03.601 E/SQLiteDatabase( 1301): 	at android.database.sqlite.SQLiteConnection.nativeExecuteForLastInsertedRowId(Native Method)
05-18 17:27:03.601 E/SQLiteDatabase( 1301): 	at android.database.sqlite.SQLiteConnection.executeForLastInsertedRowId(SQLiteConnection.java:782)
05-18 17:27:03.601 E/SQLiteDatabase( 1301): 	at android.database.sqlite.SQLiteSession.executeForLastInsertedRowId(SQLiteSession.java:788)
05-18 17:27:03.601 E/SQLiteDatabase( 1301): 	at android.database.sqlite.SQLiteStatement.executeInsert(SQLiteStatement.java:86)
05-18 17:27:03.601 E/SQLiteDatabase( 1301): 	at android.database.sqlite.SQLiteDatabase.insertWithOnConflict(SQLiteDatabase.java:1469)
05-18 17:27:03.601 E/SQLiteDatabase( 1301): 	at android.database.sqlite.SQLiteDatabase.insert(SQLiteDatabase.java:1339)
05-18 17:27:03.601 E/SQLiteDatabase( 1301): 	at com.estrongs.android.scanner.d.e.a(Unknown Source)
05-18 17:27:03.601 E/SQLiteDatabase( 1301): 	at com.estrongs.android.scanner.d.a.a(Unknown Source)
05-18 17:27:03.601 E/SQLiteDatabase( 1301): 	at com.estrongs.android.scanner.d.a.a(Unknown Source)
05-18 17:27:03.601 E/SQLiteDatabase( 1301): 	at com.estrongs.android.scanner.d.r.run(Unknown Source)
05-18 17:27:03.601 E/SQLiteDatabase( 1301): 	at java.util.concurrent.ThreadPoolExecutor.runWorker(ThreadPoolExecutor.java:1112)
05-18 17:27:03.601 E/SQLiteDatabase( 1301): 	at java.util.concurrent.ThreadPoolExecutor$Worker.run(ThreadPoolExecutor.java:587)
05-18 17:27:03.601 E/SQLiteDatabase( 1301): 	at java.lang.Thread.run(Thread.java:841)
05-18 17:27:03.731 E/GPSManager( 3366): Location changed : Lat: 40.00125 Lng: 105.56358166666665
05-18 17:27:04.741 E/GPSManager( 3366): Location changed : Lat: 40.00125 Lng: 105.56358166666665
05-18 17:27:05.761 E/GPSManager( 3366): Location changed : Lat: 40.00125 Lng: 105.56358166666665
05-18 17:27:06.781 E/GPSManager( 3366): Location changed : Lat: 40.00125 Lng: 105.56358166666665
05-18 17:27:07.771 E/GPSManager( 3366): Location changed : Lat: 40.00125 Lng: 105.56358166666665
05-18 17:27:08.791 E/GPSManager( 3366): Location changed : Lat: 40.00125 Lng: 105.56358166666665
05-18 17:27:09.781 E/GPSManager( 3366): Location changed : Lat: 40.00125 Lng: 105.56358166666665
05-18 17:27:10.791 E/GPSManager( 3366): Location changed : Lat: 40.00125 Lng: 105.56358166666665
05-18 17:27:11.811 E/GPSManager( 3366): Location changed : Lat: 40.00125 Lng: 105.56358166666665
05-18 17:27:12.811 E/GPSManager( 3366): Location changed : Lat: 40.00125 Lng: 105.56358166666665
05-18 17:27:13.811 E/GPSManager( 3366): Location changed : Lat: 40.00125 Lng: 105.56358166666665
05-18 17:27:14.831 E/GPSManager( 3366): Location changed : Lat: 40.00125 Lng: 105.56358166666665
05-18 17:27:15.821 E/GPSManager( 3366): Location changed : Lat: 40.00125 Lng: 105.56358166666665
05-18 17:27:16.841 E/GPSManager( 3366): Location changed : Lat: 40.00125 Lng: 105.56358166666665
05-18 17:27:17.861 E/GPSManager( 3366): Location changed : Lat: 40.00125 Lng: 105.56358166666665
05-18 17:27:18.871 E/GPSManager( 3366): Location changed : Lat: 40.00125 Lng: 105.56358166666665
05-18 17:27:19.861 E/GPSManager( 3366): Location changed : Lat: 40.00125 Lng: 105.56358166666665
05-18 17:27:20.881 E/GPSManager( 3366): Location changed : Lat: 40.00125 Lng: 105.56358166666665
05-18 17:27:21.881 E/GPSManager( 3366): Location changed : Lat: 40.00125 Lng: 105.56358166666665
05-18 17:27:22.901 E/GPSManager( 3366): Location changed : Lat: 40.00125 Lng: 105.56358166666665
05-18 17:27:23.931 E/GPSManager( 3366): Location changed : Lat: 40.00125 Lng: 105.56358166666665
05-18 17:27:24.921 E/GPSManager( 3366): Location changed : Lat: 40.00125 Lng: 105.56358166666665
05-18 17:27:25.911 E/GPSManager( 3366): Location changed : Lat: 40.00125 Lng: 105.56358166666665
05-18 17:27:26.921 E/GPSManager( 3366): Location changed : Lat: 40.00125 Lng: 105.56358166666665
05-18 17:27:27.911 E/GPSManager( 3366): Location changed : Lat: 40.00125 Lng: 105.56358166666665
05-18 17:27:28.921 E/GPSManager( 3366): Location changed : Lat: 40.00125 Lng: 105.56358166666665
05-18 17:27:29.921 E/GPSManager( 3366): Location changed : Lat: 40.00125 Lng: 105.56358166666665
05-18 17:27:30.931 E/GPSManager( 3366): Location changed : Lat: 40.00125 Lng: 105.56358166666665
05-18 17:27:31.931 E/GPSManager( 3366): Location changed : Lat: 40.00125 Lng: 105.56358166666665
05-18 17:27:32.931 E/GPSManager( 3366): Location changed : Lat: 40.00125 Lng: 105.56358166666665
05-18 17:27:33.961 E/GPSManager( 3366): Location changed : Lat: 40.00125 Lng: 105.56358166666665
05-18 17:27:34.951 E/GPSManager( 3366): Location changed : Lat: 40.00125 Lng: 105.56358166666665
05-18 17:27:35.971 E/GPSManager( 3366): Location changed : Lat: 40.00125 Lng: 105.56358166666665
05-18 17:27:36.961 E/GPSManager( 3366): Location changed : Lat: 40.00125 Lng: 105.56358166666665
05-18 17:27:37.991 E/GPSManager( 3366): Location changed : Lat: 40.00125 Lng: 105.56358166666665
05-18 17:27:38.991 E/GPSManager( 3366): Location changed : Lat: 40.00125 Lng: 105.56358166666665
05-18 17:27:39.991 E/GPSManager( 3366): Location changed : Lat: 40.00125 Lng: 105.56358166666665
05-18 17:27:41.011 E/GPSManager( 3366): Location changed : Lat: 40.00125 Lng: 105.56358166666665
05-18 17:27:42.021 E/GPSManager( 3366): Location changed : Lat: 40.00125 Lng: 105.56358166666665
05-18 17:27:43.021 E/GPSManager( 3366): Location changed : Lat: 40.00125 Lng: 105.56358166666665
05-18 17:27:44.051 E/GPSManager( 3366): Location changed : Lat: 40.00125 Lng: 105.56358166666665
05-18 17:27:45.031 E/GPSManager( 3366): Location changed : Lat: 40.00125 Lng: 105.56358166666665
05-18 17:27:46.051 E/GPSManager( 3366): Location changed : Lat: 40.00125 Lng: 105.56358166666665
05-18 17:27:47.041 E/GPSManager( 3366): Location changed : Lat: 40.00125 Lng: 105.56358166666665
05-18 17:27:48.061 E/GPSManager( 3366): Location changed : Lat: 40.00125 Lng: 105.56358166666665
05-18 17:27:49.081 E/GPSManager( 3366): Location changed : Lat: 40.00125 Lng: 105.56358166666665
05-18 17:27:50.071 E/GPSManager( 3366): Location changed : Lat: 40.00125 Lng: 105.56358166666665
05-18 17:27:51.071 E/GPSManager( 3366): Location changed : Lat: 40.00125 Lng: 105.56358166666665
05-18 17:27:52.071 E/GPSManager( 3366): Location changed : Lat: 40.00125 Lng: 105.56358166666665
05-18 17:27:53.071 E/GPSManager( 3366): Location changed : Lat: 40.00125 Lng: 105.56358166666665
05-18 17:27:54.081 E/GPSManager( 3366): Location changed : Lat: 40.00125 Lng: 105.56358166666665
05-18 17:27:55.081 E/GPSManager( 3366): Location changed : Lat: 40.00125 Lng: 105.56358166666665
05-18 17:27:56.091 E/GPSManager( 3366): Location changed : Lat: 40.00125 Lng: 105.56358166666665
05-18 17:27:57.111 E/GPSManager( 3366): Location changed : Lat: 40.00125 Lng: 105.56358166666665
05-18 17:27:58.101 E/GPSManager( 3366): Location changed : Lat: 40.00125 Lng: 105.56358166666665
05-18 17:27:59.121 E/GPSManager( 3366): Location changed : Lat: 40.00125 Lng: 105.56358166666665
05-18 17:28:00.181 E/GPSManager( 3366): Location changed : Lat: 40.00125 Lng: 105.56358166666665
05-18 17:28:01.111 E/GPSManager( 3366): Location changed : Lat: 40.00125 Lng: 105.56358166666665
05-18 17:28:02.131 E/GPSManager( 3366): Location changed : Lat: 40.00125 Lng: 105.56358166666665
05-18 17:28:03.131 E/GPSManager( 3366): Location changed : Lat: 40.00125 Lng: 105.56358166666665
05-18 17:28:04.131 E/GPSManager( 3366): Location changed : Lat: 40.00125 Lng: 105.56358166666665
05-18 17:28:05.161 E/GPSManager( 3366): Location changed : Lat: 40.00125 Lng: 105.56358166666665
05-18 17:28:06.141 E/GPSManager( 3366): Location changed : Lat: 40.00125 Lng: 105.56358166666665
05-18 17:28:07.151 E/GPSManager( 3366): Location changed : Lat: 40.00125 Lng: 105.56358166666665
05-18 17:28:08.151 E/GPSManager( 3366): Location changed : Lat: 40.00125 Lng: 105.56358166666665
05-18 17:28:09.151 E/GPSManager( 3366): Location changed : Lat: 40.00125 Lng: 105.56358166666665
05-18 17:28:10.151 E/GPSManager( 3366): Location changed : Lat: 40.00125 Lng: 105.56358166666665
05-18 17:28:11.171 E/GPSManager( 3366): Location changed : Lat: 40.00125 Lng: 105.56358166666665
05-18 17:28:12.181 E/GPSManager( 3366): Location changed : Lat: 40.00125 Lng: 105.56358166666665
05-18 17:28:13.181 E/GPSManager( 3366): Location changed : Lat: 40.00125 Lng: 105.56358166666665
05-18 17:28:14.201 E/GPSManager( 3366): Location changed : Lat: 40.00125 Lng: 105.56358166666665
05-18 17:28:15.191 E/GPSManager( 3366): Location changed : Lat: 40.00125 Lng: 105.56358166666665
05-18 17:28:16.201 E/GPSManager( 3366): Location changed : Lat: 40.00125 Lng: 105.56358166666665
05-18 17:28:17.221 E/GPSManager( 3366): Location changed : Lat: 40.00125 Lng: 105.56358166666665
05-18 17:28:18.231 E/GPSManager( 3366): Location changed : Lat: 40.00125 Lng: 105.56358166666665
05-18 17:28:19.251 E/GPSManager( 3366): Location changed : Lat: 40.00125 Lng: 105.56358166666665
05-18 17:28:20.251 E/GPSManager( 3366): Location changed : Lat: 40.00125 Lng: 105.56358166666665
05-18 17:28:21.271 E/GPSManager( 3366): Location changed : Lat: 40.00125 Lng: 105.56358166666665
05-18 17:28:22.261 E/GPSManager( 3366): Location changed : Lat: 40.00125 Lng: 105.56358166666665
05-18 17:28:23.311 E/GPSManager( 3366): Location changed : Lat: 40.00125 Lng: 105.56358166666665
05-18 17:28:24.281 E/GPSManager( 3366): Location changed : Lat: 40.00125 Lng: 105.56358166666665
05-18 17:28:25.301 E/GPSManager( 3366): Location changed : Lat: 40.00125 Lng: 105.56358166666665
05-18 17:28:26.301 E/GPSManager( 3366): Location changed : Lat: 40.00125 Lng: 105.56358166666665
05-18 17:28:27.321 E/GPSManager( 3366): Location changed : Lat: 40.00125 Lng: 105.56358166666665
05-18 17:28:28.311 E/GPSManager( 3366): Location changed : Lat: 40.00125 Lng: 105.56358166666665
05-18 17:28:29.321 E/GPSManager( 3366): Location changed : Lat: 40.00125 Lng: 105.56358166666665
05-18 17:28:30.351 E/GPSManager( 3366): Location changed : Lat: 40.00125 Lng: 105.56358166666665
05-18 17:28:31.351 E/GPSManager( 3366): Location changed : Lat: 40.00125 Lng: 105.56358166666665
05-18 17:28:32.351 E/GPSManager( 3366): Location changed : Lat: 40.00125 Lng: 105.56358166666665
05-18 17:28:33.351 E/GPSManager( 3366): Location changed : Lat: 40.00125 Lng: 105.56358166666665
05-18 17:28:34.371 E/GPSManager( 3366): Location changed : Lat: 40.00125 Lng: 105.56358166666665
05-18 17:28:35.381 E/GPSManager( 3366): Location changed : Lat: 40.00125 Lng: 105.56358166666665
05-18 17:28:36.381 E/GPSManager( 3366): Location changed : Lat: 40.00125 Lng: 105.56358166666665
05-18 17:28:37.401 E/GPSManager( 3366): Location changed : Lat: 40.00125 Lng: 105.56358166666665
05-18 17:28:38.391 E/GPSManager( 3366): Location changed : Lat: 40.00125 Lng: 105.56358166666665
05-18 17:28:39.421 E/GPSManager( 3366): Location changed : Lat: 40.00125 Lng: 105.56358166666665
05-18 17:28:40.401 E/GPSManager( 3366): Location changed : Lat: 40.00125 Lng: 105.56358166666665
05-18 17:28:41.411 E/GPSManager( 3366): Location changed : Lat: 40.00125 Lng: 105.56358166666665
05-18 17:28:42.411 E/GPSManager( 3366): Location changed : Lat: 40.00125 Lng: 105.56358166666665
05-18 17:28:43.431 E/GPSManager( 3366): Location changed : Lat: 40.00125 Lng: 105.56358166666665
05-18 17:28:44.421 E/GPSManager( 3366): Location changed : Lat: 40.00125 Lng: 105.56358166666665
05-18 17:28:45.431 E/GPSManager( 3366): Location changed : Lat: 40.00125 Lng: 105.56358166666665
05-18 17:28:46.421 E/GPSManager( 3366): Location changed : Lat: 40.00125 Lng: 105.56358166666665
05-18 17:28:47.441 E/GPSManager( 3366): Location changed : Lat: 40.00125 Lng: 105.56358166666665
05-18 17:28:48.441 E/GPSManager( 3366): Location changed : Lat: 40.00125 Lng: 105.56358166666665
05-18 17:28:49.471 E/GPSManager( 3366): Location changed : Lat: 40.00125 Lng: 105.56358166666665
05-18 17:28:50.471 E/GPSManager( 3366): Location changed : Lat: 40.00125 Lng: 105.56358166666665
05-18 17:28:51.471 E/GPSManager( 3366): Location changed : Lat: 40.00125 Lng: 105.56358166666665
05-18 17:28:52.491 E/GPSManager( 3366): Location changed : Lat: 40.00125 Lng: 105.56358166666665
05-18 17:28:53.501 E/GPSManager( 3366): Location changed : Lat: 40.00125 Lng: 105.56358166666665
05-18 17:28:54.491 E/GPSManager( 3366): Location changed : Lat: 40.00125 Lng: 105.56358166666665
05-18 17:28:55.511 E/GPSManager( 3366): Location changed : Lat: 40.00125 Lng: 105.56358166666665
05-18 17:28:56.521 E/GPSManager( 3366): Location changed : Lat: 40.00125 Lng: 105.56358166666665
05-18 17:28:57.521 E/GPSManager( 3366): Location changed : Lat: 40.00125 Lng: 105.56358166666665
05-18 17:28:58.551 E/GPSManager( 3366): Location changed : Lat: 40.00125 Lng: 105.56358166666665
05-18 17:28:59.551 E/GPSManager( 3366): Location changed : Lat: 40.00125 Lng: 105.56358166666665
05-18 17:29:00.561 E/GPSManager( 3366): Location changed : Lat: 40.00125 Lng: 105.56358166666665
05-18 17:29:01.551 E/GPSManager( 3366): Location changed : Lat: 40.00125 Lng: 105.56358166666665
05-18 17:29:02.551 E/GPSManager( 3366): Location changed : Lat: 40.00125 Lng: 105.56358166666665
05-18 17:29:03.581 E/GPSManager( 3366): Location changed : Lat: 40.00125 Lng: 105.56358166666665
05-18 17:29:04.581 E/GPSManager( 3366): Location changed : Lat: 40.00125 Lng: 105.56358166666665
05-18 17:29:05.601 E/GPSManager( 3366): Location changed : Lat: 40.00125 Lng: 105.56358166666665
05-18 17:29:06.621 E/GPSManager( 3366): Location changed : Lat: 40.00125 Lng: 105.56358166666665
05-18 17:29:07.631 E/GPSManager( 3366): Location changed : Lat: 40.00125 Lng: 105.56358166666665
05-18 17:29:08.631 E/GPSManager( 3366): Location changed : Lat: 40.00125 Lng: 105.56358166666665
05-18 17:29:09.641 E/GPSManager( 3366): Location changed : Lat: 40.00125 Lng: 105.56358166666665
05-18 17:29:10.641 E/GPSManager( 3366): Location changed : Lat: 40.00125 Lng: 105.56358166666665
05-18 17:29:11.641 E/GPSManager( 3366): Location changed : Lat: 40.00125 Lng: 105.56358166666665
05-18 17:29:12.651 E/GPSManager( 3366): Location changed : Lat: 40.00125 Lng: 105.56358166666665
05-18 17:29:13.671 E/GPSManager( 3366): Location changed : Lat: 40.00125 Lng: 105.56358166666665
05-18 17:29:14.661 E/GPSManager( 3366): Location changed : Lat: 40.00125 Lng: 105.56358166666665
05-18 17:29:15.671 E/GPSManager( 3366): Location changed : Lat: 40.00125 Lng: 105.56358166666665
05-18 17:29:16.701 E/GPSManager( 3366): Location changed : Lat: 40.00125 Lng: 105.56358166666665
05-18 17:29:17.711 E/GPSManager( 3366): Location changed : Lat: 40.00125 Lng: 105.56358166666665
05-18 17:29:18.691 E/GPSManager( 3366): Location changed : Lat: 40.00125 Lng: 105.56358166666665
05-18 17:29:19.721 E/GPSManager( 3366): Location changed : Lat: 40.00125 Lng: 105.56358166666665
05-18 17:29:20.721 E/GPSManager( 3366): Location changed : Lat: 40.00125 Lng: 105.56358166666665
05-18 17:29:21.721 E/GPSManager( 3366): Location changed : Lat: 40.00125 Lng: 105.56358166666665
05-18 17:29:22.721 E/GPSManager( 3366): Location changed : Lat: 40.00125 Lng: 105.56358166666665
05-18 17:29:23.731 E/GPSManager( 3366): Location changed : Lat: 40.00125 Lng: 105.56358166666665
05-18 17:29:24.741 E/GPSManager( 3366): Location changed : Lat: 40.00125 Lng: 105.56358166666665
05-18 17:29:25.761 E/GPSManager( 3366): Location changed : Lat: 40.00125 Lng: 105.56358166666665
05-18 17:29:26.771 E/GPSManager( 3366): Location changed : Lat: 40.00125 Lng: 105.56358166666665
05-18 17:29:27.761 E/GPSManager( 3366): Location changed : Lat: 40.00125 Lng: 105.56358166666665
05-18 17:29:28.761 E/GPSManager( 3366): Location changed : Lat: 40.00125 Lng: 105.56358166666665
05-18 17:29:29.771 E/GPSManager( 3366): Location changed : Lat: 40.00125 Lng: 105.56358166666665
05-18 17:29:30.791 E/GPSManager( 3366): Location changed : Lat: 40.00125 Lng: 105.56358166666665
05-18 17:29:31.791 E/GPSManager( 3366): Location changed : Lat: 40.00125 Lng: 105.56358166666665
05-18 17:29:32.791 E/GPSManager( 3366): Location changed : Lat: 40.00125 Lng: 105.56358166666665
05-18 17:29:33.801 E/GPSManager( 3366): Location changed : Lat: 40.00125 Lng: 105.56358166666665
05-18 17:29:34.811 E/GPSManager( 3366): Location changed : Lat: 40.00125 Lng: 105.56358166666665
05-18 17:29:35.841 E/GPSManager( 3366): Location changed : Lat: 40.00125 Lng: 105.56358166666665
05-18 17:29:36.831 E/GPSManager( 3366): Location changed : Lat: 40.00125 Lng: 105.56358166666665
05-18 17:29:37.841 E/GPSManager( 3366): Location changed : Lat: 40.00125 Lng: 105.56358166666665
05-18 17:29:38.861 E/GPSManager( 3366): Location changed : Lat: 40.00125 Lng: 105.56358166666665
