05-18 09:12:46.483 E/WifiTrafficPoller(  851): TRAFFIC_STATS_POLL true Token 2644 num clients 14
05-18 09:12:46.484 E/WifiTrafficPoller(  851):  packet count Tx=1745902 Rx=5735031
05-18 09:12:47.485 E/WifiTrafficPoller(  851): TRAFFIC_STATS_POLL true Token 2644 num clients 14
05-18 09:12:47.485 E/WifiTrafficPoller(  851):  packet count Tx=1745902 Rx=5735046
05-18 09:12:47.926 E/memtrack( 8926): Couldn't load memtrack module (No such file or directory)
05-18 09:12:47.926 E/android.os.Debug( 8926): failed to load memtrack module: -2
05-18 09:12:48.486 E/WifiTrafficPoller(  851): TRAFFIC_STATS_POLL true Token 2644 num clients 14
05-18 09:12:48.487 E/WifiTrafficPoller(  851):  packet count Tx=1745902 Rx=5735064
05-18 09:12:49.165 E/WifiStateMachine(  851):  ConnectedState (when=-3ms what=131155 arg1=591!CMD_RSSI_POLL 591 0 "BOCO-office" 94:b4:0f:68:a4:b1 rssi=-51 f=5785 sc=80 link=135 tx=0.0, 0.0, 0.0  rx=38.7 bcn=0 [on:0 tx:0 rx:0 period:2997] from screen [on:0 period:608528237] gl rssi=-51 ag=0 hr ticks 314,77,49 ls-=0 [56,56,56,56,61] brc=0 lrc=0
05-18 09:12:49.166 E/WifiStateMachine(  851):  L2ConnectedState (when=-4ms what=131155 arg1=591!CMD_RSSI_POLL 591 0 "BOCO-office" 94:b4:0f:68:a4:b1 rssi=-51 f=5785 sc=80 link=135 tx=0.0, 0.0, 0.0  rx=38.7 bcn=0 [on:0 tx:0 rx:0 period:1] from screen [on:0 period:608528238] gl rssi=-51 ag=0 hr ticks 314,77,49 ls-=0 [56,56,56,56,61] brc=0 lrc=0
05-18 09:12:49.167 E/WifiStateMachine(  851):  get link layer stats 0
05-18 09:12:49.170 E/WifiStateMachine(  851): calculateWifiScore() we set wifi's score to 1000, so will always set wifi as a default network.
05-18 09:12:49.487 E/WifiTrafficPoller(  851): TRAFFIC_STATS_POLL true Token 2644 num clients 14
05-18 09:12:49.489 E/WifiTrafficPoller(  851):  packet count Tx=1745902 Rx=5735079
05-18 09:12:49.663 E/SurfaceFlinger(  285): onDraw: bindTextureImage test
05-18 09:12:49.663 E/SurfaceFlinger(  285): onDraw: bindTextureImage test
05-18 09:12:49.664 E/SurfaceFlinger(  285): onDraw: bindTextureImage test
05-18 09:12:50.489 E/WifiTrafficPoller(  851): TRAFFIC_STATS_POLL true Token 2644 num clients 14
05-18 09:12:50.490 E/WifiTrafficPoller(  851):  packet count Tx=1745902 Rx=5735094
05-18 09:12:51.353 E/isNetworkAvailable:========( 8634): true
05-18 09:12:51.360 E/DemoPushService( 8634): Rescheduling connection in 30000ms.
05-18 09:12:51.490 E/WifiTrafficPoller(  851): TRAFFIC_STATS_POLL true Token 2644 num clients 14
05-18 09:12:51.491 E/WifiTrafficPoller(  851):  packet count Tx=1745902 Rx=5735113
05-18 09:12:52.173 E/WifiStateMachine(  851):  ConnectedState (when=-2ms what=131155 arg1=591!CMD_RSSI_POLL 591 0 "BOCO-office" 94:b4:0f:68:a4:b1 rssi=-51 f=5785 sc=80 link=135 tx=0.0, 0.0, 0.0  rx=43.3 bcn=0 [on:0 tx:0 rx:0 period:3000] from screen [on:0 period:608531245] gl rssi=-51 ag=0 hr ticks 314,77,49 ls-=0 [56,56,56,56,61] brc=0 lrc=0
05-18 09:12:52.175 E/WifiStateMachine(  851):  L2ConnectedState (when=-3ms what=131155 arg1=591!CMD_RSSI_POLL 591 0 "BOCO-office" 94:b4:0f:68:a4:b1 rssi=-51 f=5785 sc=80 link=135 tx=0.0, 0.0, 0.0  rx=43.3 bcn=0 [on:0 tx:0 rx:0 period:2] from screen [on:0 period:608531247] gl rssi=-51 ag=0 hr ticks 314,77,49 ls-=0 [56,56,56,56,61] brc=0 lrc=0
05-18 09:12:52.175 E/WifiStateMachine(  851):  get link layer stats 0
05-18 09:12:52.202 E/WifiStateMachine(  851): calculateWifiScore() we set wifi's score to 1000, so will always set wifi as a default network.
05-18 09:12:52.491 E/WifiTrafficPoller(  851): TRAFFIC_STATS_POLL true Token 2644 num clients 14
05-18 09:12:52.493 E/WifiTrafficPoller(  851):  packet count Tx=1745902 Rx=5735138
05-18 09:12:53.492 E/WifiTrafficPoller(  851): TRAFFIC_STATS_POLL true Token 2644 num clients 14
05-18 09:12:53.493 E/WifiTrafficPoller(  851):  packet count Tx=1745902 Rx=5735157
05-18 09:12:54.493 E/WifiTrafficPoller(  851): TRAFFIC_STATS_POLL true Token 2644 num clients 14
05-18 09:12:54.495 E/WifiTrafficPoller(  851):  packet count Tx=1745902 Rx=5735173
05-18 09:12:55.219 E/WifiStateMachine(  851):  ConnectedState (when=-14ms what=131155 arg1=591!CMD_RSSI_POLL 591 0 "BOCO-office" 94:b4:0f:68:a4:b1 rssi=-51 f=5785 sc=80 link=135 tx=0.0, 0.0, 0.0  rx=47.7 bcn=0 [on:0 tx:0 rx:0 period:3009] from screen [on:0 period:608534290] gl rssi=-51 ag=0 hr ticks 314,77,49 ls-=0 [56,56,56,56,61] brc=0 lrc=0
05-18 09:12:55.238 E/WifiStateMachine(  851):  L2ConnectedState (when=-35ms what=131155 arg1=591!CMD_RSSI_POLL 591 0 "BOCO-office" 94:b4:0f:68:a4:b1 rssi=-51 f=5785 sc=80 link=135 tx=0.0, 0.0, 0.0  rx=47.7 bcn=0 [on:0 tx:0 rx:0 period:20] from screen [on:0 period:608534310] gl rssi=-51 ag=0 hr ticks 314,77,49 ls-=0 [56,56,56,56,61] brc=0 lrc=0
05-18 09:12:55.240 E/WifiStateMachine(  851):  get link layer stats 0
05-18 09:12:55.259 E/WifiStateMachine(  851): calculateWifiScore() we set wifi's score to 1000, so will always set wifi as a default network.
05-18 09:12:55.494 E/WifiTrafficPoller(  851): TRAFFIC_STATS_POLL true Token 2644 num clients 14
05-18 09:12:55.495 E/WifiTrafficPoller(  851):  packet count Tx=1745902 Rx=5735186
05-18 09:12:56.495 E/WifiTrafficPoller(  851): TRAFFIC_STATS_POLL true Token 2644 num clients 14
05-18 09:12:56.497 E/WifiTrafficPoller(  851):  packet count Tx=1745902 Rx=5735207
05-18 09:12:57.497 E/WifiTrafficPoller(  851): TRAFFIC_STATS_POLL true Token 2644 num clients 14
05-18 09:12:57.498 E/WifiTrafficPoller(  851):  packet count Tx=1745902 Rx=5735218
05-18 09:12:58.265 E/WifiStateMachine(  851):  ConnectedState (when=-4ms what=131155 arg1=591!CMD_RSSI_POLL 591 0 "BOCO-office" 94:b4:0f:68:a4:b1 rssi=-51 f=5785 sc=80 link=135 tx=0.0, 0.0, 0.0  rx=53.3 bcn=0 [on:0 tx:0 rx:0 period:3002] from screen [on:0 period:608537336] gl rssi=-51 ag=0 hr ticks 314,77,49 ls-=0 [56,56,56,56,61] brc=0 lrc=0
05-18 09:12:58.275 E/WifiStateMachine(  851):  L2ConnectedState (when=-13ms what=131155 arg1=591!CMD_RSSI_POLL 591 0 "BOCO-office" 94:b4:0f:68:a4:b1 rssi=-51 f=5785 sc=80 link=135 tx=0.0, 0.0, 0.0  rx=53.3 bcn=0 [on:0 tx:0 rx:0 period:11] from screen [on:0 period:608537347] gl rssi=-51 ag=0 hr ticks 314,77,49 ls-=0 [56,56,56,56,61] brc=0 lrc=0
05-18 09:12:58.279 E/WifiStateMachine(  851):  get link layer stats 0
05-18 09:12:58.300 E/WifiStateMachine(  851): calculateWifiScore() we set wifi's score to 1000, so will always set wifi as a default network.
05-18 09:12:58.498 E/WifiTrafficPoller(  851): TRAFFIC_STATS_POLL true Token 2644 num clients 14
05-18 09:12:58.500 E/WifiTrafficPoller(  851):  packet count Tx=1745902 Rx=5735238
05-18 09:12:59.500 E/WifiTrafficPoller(  851): TRAFFIC_STATS_POLL true Token 2644 num clients 14
05-18 09:12:59.501 E/WifiTrafficPoller(  851):  packet count Tx=1745902 Rx=5735249
05-18 09:13:00.501 E/WifiTrafficPoller(  851): TRAFFIC_STATS_POLL true Token 2644 num clients 14
05-18 09:13:00.502 E/WifiTrafficPoller(  851):  packet count Tx=1745902 Rx=5735256
05-18 09:13:01.307 E/WifiStateMachine(  851):  ConnectedState (when=-4ms what=131155 arg1=591!CMD_RSSI_POLL 591 0 "BOCO-office" 94:b4:0f:68:a4:b1 rssi=-51 f=5785 sc=80 link=135 tx=0.0, 0.0, 0.0  rx=50.2 bcn=0 [on:0 tx:0 rx:0 period:2989] from screen [on:0 period:608540379] gl rssi=-51 ag=0 hr ticks 314,77,49 ls-=0 [56,56,56,56,61] brc=0 lrc=0
05-18 09:13:01.319 E/WifiStateMachine(  851):  L2ConnectedState (when=-14ms what=131155 arg1=591!CMD_RSSI_POLL 591 0 "BOCO-office" 94:b4:0f:68:a4:b1 rssi=-51 f=5785 sc=80 link=135 tx=0.0, 0.0, 0.0  rx=50.2 bcn=0 [on:0 tx:0 rx:0 period:12] from screen [on:0 period:608540391] gl rssi=-51 ag=0 hr ticks 314,77,49 ls-=0 [56,56,56,56,61] brc=0 lrc=0
05-18 09:13:01.323 E/WifiStateMachine(  851):  get link layer stats 0
05-18 09:13:01.351 E/WifiStateMachine(  851): calculateWifiScore() we set wifi's score to 1000, so will always set wifi as a default network.
05-18 09:13:01.502 E/WifiTrafficPoller(  851): TRAFFIC_STATS_POLL true Token 2644 num clients 14
05-18 09:13:01.503 E/WifiTrafficPoller(  851):  packet count Tx=1745902 Rx=5735267
05-18 09:13:02.503 E/WifiTrafficPoller(  851): TRAFFIC_STATS_POLL true Token 2644 num clients 14
05-18 09:13:02.505 E/WifiTrafficPoller(  851):  packet count Tx=1745902 Rx=5735281
05-18 09:13:03.504 E/WifiTrafficPoller(  851): TRAFFIC_STATS_POLL true Token 2644 num clients 14
05-18 09:13:03.505 E/WifiTrafficPoller(  851):  packet count Tx=1745902 Rx=5735292
05-18 09:13:04.355 E/WifiStateMachine(  851):  ConnectedState (when=-3ms what=131155 arg1=591!CMD_RSSI_POLL 591 0 "BOCO-office" 94:b4:0f:68:a4:b1 rssi=-52 f=5785 sc=80 link=135 tx=0.0, 0.0, 0.0  rx=40.1 bcn=0 [on:0 tx:0 rx:0 period:2997] from screen [on:0 period:608543427] gl rssi=-52 ag=0 hr ticks 314,77,49 ls-=0 [56,56,56,56,61] brc=0 lrc=0
05-18 09:13:04.365 E/WifiStateMachine(  851):  L2ConnectedState (when=-13ms what=131155 arg1=591!CMD_RSSI_POLL 591 0 "BOCO-office" 94:b4:0f:68:a4:b1 rssi=-52 f=5785 sc=80 link=135 tx=0.0, 0.0, 0.0  rx=40.1 bcn=0 [on:0 tx:0 rx:0 period:10] from screen [on:0 period:608543437] gl rssi=-52 ag=0 hr ticks 314,77,49 ls-=0 [56,56,56,56,61] brc=0 lrc=0
05-18 09:13:04.368 E/WifiStateMachine(  851):  get link layer stats 0
05-18 09:13:04.399 E/WifiStateMachine(  851): calculateWifiScore() we set wifi's score to 1000, so will always set wifi as a default network.
05-18 09:13:04.505 E/WifiTrafficPoller(  851): TRAFFIC_STATS_POLL true Token 2644 num clients 14
05-18 09:13:04.507 E/WifiTrafficPoller(  851):  packet count Tx=1745902 Rx=5735303
05-18 09:13:05.507 E/WifiTrafficPoller(  851): TRAFFIC_STATS_POLL true Token 2644 num clients 14
05-18 09:13:05.508 E/WifiTrafficPoller(  851):  packet count Tx=1745902 Rx=5735319
05-18 09:13:06.508 E/WifiTrafficPoller(  851): TRAFFIC_STATS_POLL true Token 2644 num clients 14
05-18 09:13:06.509 E/WifiTrafficPoller(  851):  packet count Tx=1745902 Rx=5735328
05-18 09:13:07.403 E/WifiStateMachine(  851):  ConnectedState (when=-3ms what=131155 arg1=591!CMD_RSSI_POLL 591 0 "BOCO-office" 94:b4:0f:68:a4:b1 rssi=-51 f=5785 sc=80 link=135 tx=0.0, 0.0, 0.0  rx=40.0 bcn=0 [on:0 tx:0 rx:0 period:2997] from screen [on:0 period:608546475] gl rssi=-51 ag=0 hr ticks 314,77,49 ls-=0 [56,56,56,56,61] brc=0 lrc=0
05-18 09:13:07.412 E/WifiStateMachine(  851):  L2ConnectedState (when=-9ms what=131155 arg1=591!CMD_RSSI_POLL 591 0 "BOCO-office" 94:b4:0f:68:a4:b1 rssi=-51 f=5785 sc=80 link=135 tx=0.0, 0.0, 0.0  rx=40.0 bcn=0 [on:0 tx:0 rx:0 period:9] from screen [on:0 period:608546484] gl rssi=-51 ag=0 hr ticks 314,77,49 ls-=0 [56,56,56,56,61] brc=0 lrc=0
05-18 09:13:07.415 E/WifiStateMachine(  851):  get link layer stats 0
05-18 09:13:07.451 E/WifiStateMachine(  851): calculateWifiScore() we set wifi's score to 1000, so will always set wifi as a default network.
05-18 09:13:07.510 E/WifiTrafficPoller(  851): TRAFFIC_STATS_POLL true Token 2644 num clients 14
05-18 09:13:07.510 E/WifiTrafficPoller(  851):  packet count Tx=1745902 Rx=5735343
05-18 09:13:08.511 E/WifiTrafficPoller(  851): TRAFFIC_STATS_POLL true Token 2644 num clients 14
05-18 09:13:08.512 E/WifiTrafficPoller(  851):  packet count Tx=1745902 Rx=5735355
05-18 09:13:09.511 E/WifiTrafficPoller(  851): TRAFFIC_STATS_POLL true Token 2644 num clients 14
05-18 09:13:09.512 E/WifiTrafficPoller(  851):  packet count Tx=1745902 Rx=5735371
05-18 09:13:10.457 E/WifiStateMachine(  851):  ConnectedState (when=-4ms what=131155 arg1=591!CMD_RSSI_POLL 591 0 "BOCO-office" 94:b4:0f:68:a4:b1 rssi=-50 f=5785 sc=80 link=135 tx=0.0, 0.0, 0.0  rx=39.5 bcn=0 [on:0 tx:0 rx:0 period:3000] from screen [on:0 period:608549529] gl rssi=-50 ag=0 hr ticks 314,77,49 ls-=0 [56,56,56,56,61] brc=0 lrc=0
05-18 09:13:10.468 E/WifiStateMachine(  851):  L2ConnectedState (when=-14ms what=131155 arg1=591!CMD_RSSI_POLL 591 0 "BOCO-office" 94:b4:0f:68:a4:b1 rssi=-50 f=5785 sc=80 link=135 tx=0.0, 0.0, 0.0  rx=39.5 bcn=0 [on:0 tx:0 rx:0 period:11] from screen [on:0 period:608549540] gl rssi=-50 ag=0 hr ticks 314,77,49 ls-=0 [56,56,56,56,61] brc=0 lrc=0
05-18 09:13:10.471 E/WifiStateMachine(  851):  get link layer stats 0
05-18 09:13:10.481 E/WifiStateMachine(  851): calculateWifiScore() we set wifi's score to 1000, so will always set wifi as a default network.
05-18 09:13:10.512 E/WifiTrafficPoller(  851): TRAFFIC_STATS_POLL true Token 2644 num clients 14
05-18 09:13:10.513 E/WifiTrafficPoller(  851):  packet count Tx=1745902 Rx=5735389
05-18 09:13:11.512 E/WifiTrafficPoller(  851): TRAFFIC_STATS_POLL true Token 2644 num clients 14
05-18 09:13:11.514 E/WifiTrafficPoller(  851):  packet count Tx=1745902 Rx=5735405
05-18 09:13:12.513 E/WifiTrafficPoller(  851): TRAFFIC_STATS_POLL true Token 2644 num clients 14
05-18 09:13:12.515 E/WifiTrafficPoller(  851):  packet count Tx=1745902 Rx=5735421
05-18 09:13:13.486 E/WifiStateMachine(  851):  ConnectedState (when=-4ms what=131155 arg1=591!CMD_RSSI_POLL 591 0 "BOCO-office" 94:b4:0f:68:a4:b1 rssi=-50 f=5785 sc=80 link=135 tx=0.0, 0.0, 0.0  rx=43.8 bcn=0 [on:0 tx:0 rx:0 period:2999] from screen [on:0 period:608552558] gl rssi=-50 ag=0 hr ticks 314,77,49 ls-=0 [56,56,56,56,61] brc=0 lrc=0
05-18 09:13:13.497 E/WifiStateMachine(  851):  L2ConnectedState (when=-14ms what=131155 arg1=591!CMD_RSSI_POLL 591 0 "BOCO-office" 94:b4:0f:68:a4:b1 rssi=-50 f=5785 sc=80 link=135 tx=0.0, 0.0, 0.0  rx=43.8 bcn=0 [on:0 tx:0 rx:0 period:10] from screen [on:0 period:608552568] gl rssi=-50 ag=0 hr ticks 314,77,49 ls-=0 [56,56,56,56,61] brc=0 lrc=0
05-18 09:13:13.500 E/WifiStateMachine(  851):  get link layer stats 0
05-18 09:13:13.515 E/WifiTrafficPoller(  851): TRAFFIC_STATS_POLL true Token 2644 num clients 14
05-18 09:13:13.516 E/WifiTrafficPoller(  851):  packet count Tx=1745902 Rx=5735440
05-18 09:13:13.531 E/WifiStateMachine(  851): calculateWifiScore() we set wifi's score to 1000, so will always set wifi as a default network.
05-18 09:13:14.517 E/WifiTrafficPoller(  851): TRAFFIC_STATS_POLL true Token 2644 num clients 14
05-18 09:13:14.518 E/WifiTrafficPoller(  851):  packet count Tx=1745902 Rx=5735446
05-18 09:13:15.519 E/WifiTrafficPoller(  851): TRAFFIC_STATS_POLL true Token 2644 num clients 14
05-18 09:13:15.520 E/WifiTrafficPoller(  851):  packet count Tx=1745902 Rx=5735456
05-18 09:13:16.519 E/WifiTrafficPoller(  851): TRAFFIC_STATS_POLL true Token 2644 num clients 14
05-18 09:13:16.521 E/WifiTrafficPoller(  851):  packet count Tx=1745902 Rx=5735472
05-18 09:13:16.536 E/WifiStateMachine(  851):  ConnectedState (when=-4ms what=131155 arg1=591!CMD_RSSI_POLL 591 0 "BOCO-office" 94:b4:0f:68:a4:b1 rssi=-50 f=5785 sc=80 link=135 tx=0.0, 0.0, 0.0  rx=47.4 bcn=0 [on:0 tx:0 rx:0 period:2997] from screen [on:0 period:608555608] gl rssi=-50 ag=0 hr ticks 314,77,49 ls-=0 [56,56,56,56,61] brc=0 lrc=0
05-18 09:13:16.538 E/WifiStateMachine(  851):  L2ConnectedState (when=-7ms what=131155 arg1=591!CMD_RSSI_POLL 591 0 "BOCO-office" 94:b4:0f:68:a4:b1 rssi=-50 f=5785 sc=80 link=135 tx=0.0, 0.0, 0.0  rx=47.4 bcn=0 [on:0 tx:0 rx:0 period:2] from screen [on:0 period:608555610] gl rssi=-50 ag=0 hr ticks 314,77,49 ls-=0 [56,56,56,56,61] brc=0 lrc=0
05-18 09:13:16.539 E/WifiStateMachine(  851):  get link layer stats 0
05-18 09:13:16.562 E/WifiStateMachine(  851): calculateWifiScore() we set wifi's score to 1000, so will always set wifi as a default network.
05-18 09:13:17.521 E/WifiTrafficPoller(  851): TRAFFIC_STATS_POLL true Token 2644 num clients 14
05-18 09:13:17.522 E/WifiTrafficPoller(  851):  packet count Tx=1745902 Rx=5735486
05-18 09:13:18.284 E/SurfaceFlinger(  285): onDraw: bindTextureImage test
05-18 09:13:18.301 E/SurfaceFlinger(  285): onDraw: bindTextureImage test
05-18 09:13:18.319 E/SurfaceFlinger(  285): onDraw: bindTextureImage test
05-18 09:13:18.336 E/SurfaceFlinger(  285): onDraw: bindTextureImage test
05-18 09:13:18.522 E/WifiTrafficPoller(  851): TRAFFIC_STATS_POLL true Token 2644 num clients 14
05-18 09:13:18.526 E/WifiTrafficPoller(  851):  packet count Tx=1745902 Rx=5735499
05-18 09:13:19.530 E/WifiTrafficPoller(  851): TRAFFIC_STATS_POLL true Token 2644 num clients 14
05-18 09:13:19.531 E/WifiTrafficPoller(  851):  packet count Tx=1745902 Rx=5735512
05-18 09:13:19.567 E/WifiStateMachine(  851):  ConnectedState (when=-4ms what=131155 arg1=591!CMD_RSSI_POLL 591 0 "BOCO-office" 94:b4:0f:68:a4:b1 rssi=-50 f=5785 sc=80 link=135 tx=0.0, 0.0, 0.0  rx=39.7 bcn=0 [on:0 tx:0 rx:0 period:3002] from screen [on:0 period:608558638] gl rssi=-50 ag=0 hr ticks 314,77,49 ls-=0 [56,56,56,56,61] brc=0 lrc=0
05-18 09:13:19.576 E/WifiStateMachine(  851):  L2ConnectedState (when=-10ms what=131155 arg1=591!CMD_RSSI_POLL 591 0 "BOCO-office" 94:b4:0f:68:a4:b1 rssi=-50 f=5785 sc=80 link=135 tx=0.0, 0.0, 0.0  rx=39.7 bcn=0 [on:0 tx:0 rx:0 period:9] from screen [on:0 period:608558647] gl rssi=-50 ag=0 hr ticks 314,77,49 ls-=0 [56,56,56,56,61] brc=0 lrc=0
05-18 09:13:19.583 E/WifiStateMachine(  851):  get link layer stats 0
05-18 09:13:19.598 E/WifiStateMachine(  851): calculateWifiScore() we set wifi's score to 1000, so will always set wifi as a default network.
05-18 09:13:19.748 E/SurfaceFlinger(  285): onDraw: bindTextureImage test
05-18 09:13:19.766 E/SurfaceFlinger(  285): onDraw: bindTextureImage test
05-18 09:13:19.782 E/SurfaceFlinger(  285): onDraw: bindTextureImage test
05-18 09:13:19.800 E/SurfaceFlinger(  285): onDraw: bindTextureImage test
05-18 09:13:19.816 E/SurfaceFlinger(  285): onDraw: bindTextureImage test
05-18 09:13:19.834 E/SurfaceFlinger(  285): onDraw: bindTextureImage test
05-18 09:13:19.851 E/SurfaceFlinger(  285): onDraw: bindTextureImage test
05-18 09:13:19.868 E/SurfaceFlinger(  285): onDraw: bindTextureImage test
05-18 09:13:20.531 E/WifiTrafficPoller(  851): TRAFFIC_STATS_POLL true Token 2644 num clients 14
05-18 09:13:20.532 E/WifiTrafficPoller(  851):  packet count Tx=1745902 Rx=5735525
05-18 09:13:20.688 E/SurfaceFlinger(  285): onDraw: bindTextureImage test
05-18 09:13:20.688 E/SurfaceFlinger(  285): onDraw: bindTextureImage test
05-18 09:13:21.371 E/DemoPushService( 8634): Service started with intent=Intent { act=mqtt.RECONNECT cmp=com.boco.apphall/.guangxi.mix.message.service.modify.PushService_Mq }
05-18 09:13:21.374 E/DemoPushService( 8634): Reconnecting...
05-18 09:13:21.375 E/DemoPushService( 8634): Connecting...
05-18 09:13:21.380 E/==========( 8634): 868964028542767
05-18 09:13:21.383 E/clientID==========( 8634): 868964028542767655165
05-18 09:13:21.533 E/WifiTrafficPoller(  851): TRAFFIC_STATS_POLL true Token 2644 num clients 14
05-18 09:13:21.535 E/WifiTrafficPoller(  851):  packet count Tx=1745907 Rx=5735548
05-18 09:13:21.535 E/WifiTrafficPoller(  851): notifying of data activity 3
05-18 09:13:22.540 E/WifiTrafficPoller(  851): TRAFFIC_STATS_POLL true Token 2644 num clients 14
05-18 09:13:22.541 E/WifiTrafficPoller(  851):  packet count Tx=1745907 Rx=5735570
05-18 09:13:22.541 E/WifiTrafficPoller(  851): notifying of data activity 1
05-18 09:13:22.603 E/WifiStateMachine(  851):  ConnectedState (when=-3ms what=131155 arg1=591!CMD_RSSI_POLL 591 0 "BOCO-office" 94:b4:0f:68:a4:b1 rssi=-51 f=5785 sc=80 link=135 tx=0.0, 0.0, 0.0  rx=40.8 bcn=0 [on:0 tx:0 rx:0 period:2999] from screen [on:0 period:608561675] gl rssi=-51 ag=0 hr ticks 314,77,49 ls-=0 [56,56,56,56,61] brc=0 lrc=0
05-18 09:13:22.605 E/WifiStateMachine(  851):  L2ConnectedState (when=-4ms what=131155 arg1=591!CMD_RSSI_POLL 591 0 "BOCO-office" 94:b4:0f:68:a4:b1 rssi=-51 f=5785 sc=80 link=135 tx=0.0, 0.0, 0.0  rx=40.8 bcn=0 [on:0 tx:0 rx:0 period:2] from screen [on:0 period:608561677] gl rssi=-51 ag=0 hr ticks 314,77,49 ls-=0 [56,56,56,56,61] brc=0 lrc=0
05-18 09:13:22.605 E/WifiStateMachine(  851):  get link layer stats 0
05-18 09:13:22.634 E/WifiStateMachine(  851): calculateWifiScore() we set wifi's score to 1000, so will always set wifi as a default network.
05-18 09:13:22.676 E/SurfaceFlinger(  285): onDraw: bindTextureImage test
05-18 09:13:22.692 E/SurfaceFlinger(  285): onDraw: bindTextureImage test
05-18 09:13:22.704 E/MessageListAdapter( 6594): exception in getCachedMessageItem
05-18 09:13:22.708 E/SurfaceFlinger(  285): onDraw: bindTextureImage test
05-18 09:13:22.713 E/Launcher.FragmentLoader( 1966): Widget ComponentInfo{net.qihoo.launcher.widget.clockweather/net.qihoo.clockweather.widget.WidgetProvider52} can not fit on this device (1170, 438)
05-18 09:13:22.720 E/Launcher.FragmentLoader( 1966): Widget ComponentInfo{net.qihoo.launcher.widget.clockweather/net.qihoo.clockweather.widget.WidgetProvider51} can not fit on this device (1170, 210)
05-18 09:13:22.726 E/SurfaceFlinger(  285): onDraw: bindTextureImage test
05-18 09:13:22.742 E/SurfaceFlinger(  285): onDraw: bindTextureImage test
05-18 09:13:22.745 E/MessageListAdapter( 6594): exception in getCachedMessageItem
05-18 09:13:22.759 E/SurfaceFlinger(  285): onDraw: bindTextureImage test
05-18 09:13:22.767 E/MessageListAdapter( 6594): exception in getCachedMessageItem
05-18 09:13:22.775 E/SurfaceFlinger(  285): onDraw: bindTextureImage test
05-18 09:13:22.792 E/SurfaceFlinger(  285): onDraw: bindTextureImage test
05-18 09:13:22.811 E/SurfaceFlinger(  285): onDraw: bindTextureImage test
05-18 09:13:22.816 E/MessageListAdapter( 6594): exception in getCachedMessageItem
05-18 09:13:22.816 E/MessageListAdapter( 6594): exception in MessageListAdapter cacheItem .....
05-18 09:13:22.826 E/SurfaceFlinger(  285): onDraw: bindTextureImage test
05-18 09:13:22.843 E/SurfaceFlinger(  285): onDraw: bindTextureImage test
05-18 09:13:22.852 E/MessageListAdapter( 6594): exception in getCachedMessageItem
05-18 09:13:22.862 E/MessageListAdapter( 6594): exception in getCachedMessageItem
05-18 09:13:22.868 E/MessageListAdapter( 6594): exception in getCachedMessageItem
05-18 09:13:22.876 E/MessageListAdapter( 6594): exception in MessageListAdapter cacheItem .....
05-18 09:13:22.883 E/MessageListAdapter( 6594): exception in MessageListAdapter cacheItem .....
05-18 09:13:23.206 E/MessageListAdapter( 6594): exception in getCachedMessageItem
05-18 09:13:23.208 E/MessageListAdapter( 6594): exception in MessageListAdapter cacheItem .....
05-18 09:13:23.479 E/MPlugin ( 5459): Unsupported class: com.mediatek.common.telephony.IOnlyOwnerSimSupport
05-18 09:13:23.513 E/WifiStateMachine(  851):  ConnectedState (when=-1ms what=131143 arg1=10066 arg2=3026) !CMD_START_SCAN 10066 3026 ic=0 proc(ms):0 dur:1701 cnt=1459 rssi=-51 f=5785 sc=80 link=135 tx=2.5, 0.0, 0.0  rx=49.4 fiv=20000 [on:0 tx:0 rx:0 period:875] from screen [on:0 period:608562585]
05-18 09:13:23.514 E/WifiStateMachine(  851):  L2ConnectedState (when=-1ms what=131143 arg1=10066 arg2=3026) !CMD_START_SCAN 10066 3026 ic=0 proc(ms):1 dur:1701 cnt=1459 rssi=-51 f=5785 sc=80 link=135 tx=2.5, 0.0, 0.0  rx=49.4 fiv=20000 [on:0 tx:0 rx:0 period:1] from screen [on:0 period:608562586]
05-18 09:13:23.516 E/WifiStateMachine(  851): WifiStateMachine CMD_START_SCAN source 10066 txSuccessRate=2.50 rxSuccessRate=49.42 targetRoamBSSID=any RSSI=-51
05-18 09:13:23.516 E/WifiStateMachine(  851): stopReconnectWifi Wfd=false StopScan=false mDontReconnectAndScan=false
05-18 09:13:23.517 E/CellLocation( 1670): create GsmCellLocation
05-18 09:13:23.518 E/WifiMonitor(  851): handleEvent unknown: 15  CTRL-EVENT-SCAN-STARTED 
05-18 09:13:23.518 E/WifiStateMachine(  851): [1,495,070,003,518 ms] noteScanstart no scan source uid 10066
05-18 09:13:23.538 E/WifiStateMachine(  851):  ConnectedState (when=0 what=131143 arg1=10066 arg2=3027) !CMD_START_SCAN 10066 3027 ic=0 proc(ms):1 onGoing full started:1495070003518,20 cnt=1459 rssi=-51 f=5785 sc=80 link=135 tx=1.3, 0.0, 0.0  rx=33.7 fiv=20000 [on:0 tx:0 rx:0 period:18] from screen [on:0 period:608562610]
05-18 09:13:23.540 E/WifiStateMachine(  851):  L2ConnectedState (when=-2ms what=131143 arg1=10066 arg2=3027) !CMD_START_SCAN 10066 3027 ic=0 proc(ms):3 onGoing full started:1495070003518,22 cnt=1459 rssi=-51 f=5785 sc=80 link=135 tx=1.3, 0.0, 0.0  rx=33.7 fiv=20000 [on:0 tx:0 rx:0 period:2] from screen [on:0 period:608562612]
05-18 09:13:23.541 E/WifiStateMachine(  851): WifiStateMachine CMD_START_SCAN source 10066 txSuccessRate=1.25 rxSuccessRate=33.71 targetRoamBSSID=any RSSI=-51
05-18 09:13:23.541 E/WifiTrafficPoller(  851): TRAFFIC_STATS_POLL true Token 2644 num clients 14
05-18 09:13:23.543 E/WifiTrafficPoller(  851):  packet count Tx=1745907 Rx=5735590
05-18 09:13:24.307 E/SurfaceFlinger(  285): onDraw: bindTextureImage test
05-18 09:13:24.326 E/SurfaceFlinger(  285): onDraw: bindTextureImage test
05-18 09:13:24.340 E/SurfaceFlinger(  285): onDraw: bindTextureImage test
05-18 09:13:24.357 E/SurfaceFlinger(  285): onDraw: bindTextureImage test
05-18 09:13:24.374 E/SurfaceFlinger(  285): onDraw: bindTextureImage test
05-18 09:13:24.382 E/MPlugin ( 7589): Unsupported class: com.mediatek.common.telephony.IOnlyOwnerSimSupport
05-18 09:13:24.389 E/WifiTrafficPoller(  851): ADD_CLIENT: 15
05-18 09:13:24.391 E/SurfaceFlinger(  285): onDraw: bindTextureImage test
05-18 09:13:24.407 E/SurfaceFlinger(  285): onDraw: bindTextureImage test
05-18 09:13:24.424 E/SurfaceFlinger(  285): onDraw: bindTextureImage test
05-18 09:13:24.440 E/SurfaceFlinger(  285): onDraw: bindTextureImage test
05-18 09:13:24.458 E/SurfaceFlinger(  285): onDraw: bindTextureImage test
05-18 09:13:24.474 E/SurfaceFlinger(  285): onDraw: bindTextureImage test
05-18 09:13:24.491 E/SurfaceFlinger(  285): onDraw: bindTextureImage test
05-18 09:13:24.508 E/SurfaceFlinger(  285): onDraw: bindTextureImage test
05-18 09:13:24.525 E/SurfaceFlinger(  285): onDraw: bindTextureImage test
05-18 09:13:24.542 E/WifiTrafficPoller(  851): TRAFFIC_STATS_POLL true Token 2644 num clients 15
05-18 09:13:24.543 E/WifiTrafficPoller(  851):  packet count Tx=1745907 Rx=5735595
05-18 09:13:24.811 E/SurfaceFlinger(  285): onDraw: bindTextureImage test
05-18 09:13:24.827 E/SurfaceFlinger(  285): onDraw: bindTextureImage test
05-18 09:13:24.843 E/SurfaceFlinger(  285): onDraw: bindTextureImage test
05-18 09:13:24.860 E/SurfaceFlinger(  285): onDraw: bindTextureImage test
05-18 09:13:24.877 E/SurfaceFlinger(  285): onDraw: bindTextureImage test
05-18 09:13:25.123 E/WifiStateMachine(  851):  ConnectedState (when=-1ms what=147461!SCAN_RESULTS_EVENT 0 0 found=65 known=0 got=65 bcn=0 con=0
05-18 09:13:25.124 E/WifiStateMachine(  851):  L2ConnectedState (when=-2ms what=147461!SCAN_RESULTS_EVENT 0 0 found=65 known=0 got=65 bcn=0 con=0
05-18 09:13:25.125 E/WifiStateMachine(  851):  ConnectModeState (when=-3ms what=147461!SCAN_RESULTS_EVENT 0 0 found=65 known=0 got=65 bcn=0 con=0
05-18 09:13:25.126 E/WifiStateMachine(  851):  DriverStartedState (when=-4ms what=147461!SCAN_RESULTS_EVENT 0 0 found=65 known=0 got=65 bcn=0 con=0
05-18 09:13:25.127 E/WifiStateMachine(  851):  SupplicantStartedState (when=-5ms what=147461!SCAN_RESULTS_EVENT 0 0 found=65 known=0 got=65 bcn=0 con=0
05-18 09:13:25.128 E/WifiStateMachine(  851): [1,495,070,005,128 ms] noteScanEnd WorkSource{10066} onTime=0
05-18 09:13:25.158 E/WifiStateMachine(  851): wifi setScanResults statecom.android.server.wifi.WifiStateMachine$ConnectedState@a5e02f3 sup_state=COMPLETED debouncing=false mConnectionRequests=0 selection=<none>
05-18 09:13:25.244 E/WifiStateMachine(  851):  ConnectedState (when=0 what=131143 arg1=10066 arg2=3028) !CMD_START_SCAN 10066 3028 ic=0 proc(ms):1 dur:1610 cnt=1459 rssi=-51 f=5785 sc=80 link=135 tx=0.6, 0.0, 0.0  rx=20.4 fiv=20000 [on:0 tx:0 rx:0 period:1702] from screen [on:0 period:608564316]
05-18 09:13:25.245 E/WifiStateMachine(  851):  L2ConnectedState (when=-1ms what=131143 arg1=10066 arg2=3028) !CMD_START_SCAN 10066 3028 ic=0 proc(ms):1 dur:1610 cnt=1459 rssi=-51 f=5785 sc=80 link=135 tx=0.6, 0.0, 0.0  rx=20.4 fiv=20000 [on:0 tx:0 rx:0 period:1] from screen [on:0 period:608564317]
05-18 09:13:25.245 E/WifiStateMachine(  851): WifiStateMachine CMD_START_SCAN source 10066 txSuccessRate=0.63 rxSuccessRate=20.36 targetRoamBSSID=any RSSI=-51
05-18 09:13:25.543 E/WifiTrafficPoller(  851): TRAFFIC_STATS_POLL true Token 2644 num clients 15
05-18 09:13:25.544 E/WifiTrafficPoller(  851):  packet count Tx=1745907 Rx=5735605
05-18 09:13:25.636 E/WifiStateMachine(  851):  ConnectedState (when=-1ms what=131155 arg1=591!CMD_RSSI_POLL 591 0 "BOCO-office" 94:b4:0f:68:a4:b1 rssi=-51 f=5785 sc=80 link=135 tx=0.6, 0.0, 0.0  rx=20.4 bcn=0 [on:0 tx:0 rx:0 period:389] from screen [on:0 period:608564707] gl rssi=-51 ag=0 hr ticks 314,77,49 ls-=0 [56,56,56,56,61] brc=0 lrc=0
05-18 09:13:25.636 E/WifiStateMachine(  851):  L2ConnectedState (when=-2ms what=131155 arg1=591!CMD_RSSI_POLL 591 0 "BOCO-office" 94:b4:0f:68:a4:b1 rssi=-51 f=5785 sc=80 link=135 tx=0.6, 0.0, 0.0  rx=20.4 bcn=0 [on:0 tx:0 rx:0 period:1] from screen [on:0 period:608564708] gl rssi=-51 ag=0 hr ticks 314,77,49 ls-=0 [56,56,56,56,61] brc=0 lrc=0
05-18 09:13:25.637 E/WifiStateMachine(  851):  get link layer stats 0
05-18 09:13:25.639 E/WifiStateMachine(  851): calculateWifiScore() we set wifi's score to 1000, so will always set wifi as a default network.
05-18 09:13:26.545 E/WifiTrafficPoller(  851): TRAFFIC_STATS_POLL true Token 2644 num clients 15
05-18 09:13:26.546 E/WifiTrafficPoller(  851):  packet count Tx=1745912 Rx=5735626
05-18 09:13:26.546 E/WifiTrafficPoller(  851): notifying of data activity 3
05-18 09:13:27.549 E/WifiTrafficPoller(  851): TRAFFIC_STATS_POLL true Token 2644 num clients 15
05-18 09:13:27.550 E/WifiTrafficPoller(  851):  packet count Tx=1745912 Rx=5735638
05-18 09:13:27.550 E/WifiTrafficPoller(  851): notifying of data activity 1
05-18 09:13:28.551 E/WifiTrafficPoller(  851): TRAFFIC_STATS_POLL true Token 2644 num clients 15
05-18 09:13:28.551 E/WifiTrafficPoller(  851):  packet count Tx=1745912 Rx=5735649
05-18 09:13:28.642 E/WifiStateMachine(  851):  ConnectedState (when=-2ms what=131155 arg1=591!CMD_RSSI_POLL 591 0 "BOCO-office" 94:b4:0f:68:a4:b1 rssi=-51 f=5785 sc=80 link=135 tx=2.3, 0.0, 0.0  rx=18.7 bcn=0 [on:0 tx:0 rx:0 period:3001] from screen [on:0 period:608567713] gl rssi=-51 ag=0 hr ticks 314,77,49 ls-=0 [56,56,56,56,61] brc=0 lrc=0
05-18 09:13:28.652 E/WifiStateMachine(  851):  L2ConnectedState (when=-11ms what=131155 arg1=591!CMD_RSSI_POLL 591 0 "BOCO-office" 94:b4:0f:68:a4:b1 rssi=-51 f=5785 sc=80 link=135 tx=2.3, 0.0, 0.0  rx=18.7 bcn=0 [on:0 tx:0 rx:0 period:11] from screen [on:0 period:608567724] gl rssi=-51 ag=0 hr ticks 314,77,49 ls-=0 [56,56,56,56,61] brc=0 lrc=0
05-18 09:13:28.655 E/WifiStateMachine(  851):  get link layer stats 0
05-18 09:13:28.681 E/WifiStateMachine(  851): calculateWifiScore() we set wifi's score to 1000, so will always set wifi as a default network.
05-18 09:13:29.552 E/WifiTrafficPoller(  851): TRAFFIC_STATS_POLL true Token 2644 num clients 15
05-18 09:13:29.560 E/WifiTrafficPoller(  851):  packet count Tx=1745912 Rx=5735662
05-18 09:13:30.564 E/WifiTrafficPoller(  851): TRAFFIC_STATS_POLL true Token 2644 num clients 15
05-18 09:13:30.568 E/WifiTrafficPoller(  851):  packet count Tx=1745912 Rx=5735670
05-18 09:13:31.571 E/WifiTrafficPoller(  851): TRAFFIC_STATS_POLL true Token 2644 num clients 15
05-18 09:13:31.572 E/WifiTrafficPoller(  851):  packet count Tx=1745912 Rx=5735678
05-18 09:13:31.686 E/WifiStateMachine(  851):  ConnectedState (when=-4ms what=131155 arg1=591!CMD_RSSI_POLL 591 0 "BOCO-office" 94:b4:0f:68:a4:b1 rssi=-50 f=5785 sc=80 link=135 tx=1.7, 0.0, 0.0  rx=26.8 bcn=0 [on:0 tx:0 rx:0 period:2997] from screen [on:0 period:608570757] gl rssi=-50 ag=0 hr ticks 314,77,49 ls-=0 [56,56,56,56,61] brc=0 lrc=0
05-18 09:13:31.687 E/WifiStateMachine(  851):  L2ConnectedState (when=-5ms what=131155 arg1=591!CMD_RSSI_POLL 591 0 "BOCO-office" 94:b4:0f:68:a4:b1 rssi=-50 f=5785 sc=80 link=135 tx=1.7, 0.0, 0.0  rx=26.8 bcn=0 [on:0 tx:0 rx:0 period:2] from screen [on:0 period:608570759] gl rssi=-50 ag=0 hr ticks 314,77,49 ls-=0 [56,56,56,56,61] brc=0 lrc=0
05-18 09:13:31.687 E/WifiStateMachine(  851):  get link layer stats 0
05-18 09:13:31.711 E/WifiStateMachine(  851): calculateWifiScore() we set wifi's score to 1000, so will always set wifi as a default network.
05-18 09:13:32.573 E/WifiTrafficPoller(  851): TRAFFIC_STATS_POLL true Token 2644 num clients 15
05-18 09:13:32.574 E/WifiTrafficPoller(  851):  packet count Tx=1745912 Rx=5735693
05-18 09:13:32.581 E/SurfaceFlinger(  285): onDraw: bindTextureImage test
05-18 09:13:32.597 E/SurfaceFlinger(  285): onDraw: bindTextureImage test
05-18 09:13:32.613 E/SurfaceFlinger(  285): onDraw: bindTextureImage test
05-18 09:13:32.630 E/SurfaceFlinger(  285): onDraw: bindTextureImage test
05-18 09:13:32.647 E/SurfaceFlinger(  285): onDraw: bindTextureImage test
05-18 09:13:32.664 E/SurfaceFlinger(  285): onDraw: bindTextureImage test
05-18 09:13:32.681 E/SurfaceFlinger(  285): onDraw: bindTextureImage test
05-18 09:13:32.698 E/SurfaceFlinger(  285): onDraw: bindTextureImage test
05-18 09:13:32.716 E/SurfaceFlinger(  285): onDraw: bindTextureImage test
05-18 09:13:32.732 E/SurfaceFlinger(  285): onDraw: bindTextureImage test
05-18 09:13:32.749 E/SurfaceFlinger(  285): onDraw: bindTextureImage test
05-18 09:13:32.766 E/SurfaceFlinger(  285): onDraw: bindTextureImage test
05-18 09:13:32.783 E/SurfaceFlinger(  285): onDraw: bindTextureImage test
05-18 09:13:32.800 E/SurfaceFlinger(  285): onDraw: bindTextureImage test
05-18 09:13:32.817 E/SurfaceFlinger(  285): onDraw: bindTextureImage test
05-18 09:13:33.574 E/WifiTrafficPoller(  851): TRAFFIC_STATS_POLL true Token 2644 num clients 15
05-18 09:13:33.575 E/WifiTrafficPoller(  851):  packet count Tx=1745912 Rx=5735706
05-18 09:13:34.576 E/WifiTrafficPoller(  851): TRAFFIC_STATS_POLL true Token 2644 num clients 15
05-18 09:13:34.579 E/WifiTrafficPoller(  851):  packet count Tx=1745912 Rx=5735719
05-18 09:13:34.716 E/WifiStateMachine(  851):  ConnectedState (when=-1ms what=131155 arg1=591!CMD_RSSI_POLL 591 0 "BOCO-office" 94:b4:0f:68:a4:b1 rssi=-51 f=5785 sc=80 link=135 tx=0.8, 0.0, 0.0  rx=28.9 bcn=0 [on:0 tx:0 rx:0 period:2995] from screen [on:0 period:608573788] gl rssi=-51 ag=0 hr ticks 314,77,49 ls-=0 [56,56,56,56,61] brc=0 lrc=0
05-18 09:13:34.720 E/WifiStateMachine(  851):  L2ConnectedState (when=-5ms what=131155 arg1=591!CMD_RSSI_POLL 591 0 "BOCO-office" 94:b4:0f:68:a4:b1 rssi=-51 f=5785 sc=80 link=135 tx=0.8, 0.0, 0.0  rx=28.9 bcn=0 [on:0 tx:0 rx:0 period:4] from screen [on:0 period:608573792] gl rssi=-51 ag=0 hr ticks 314,77,49 ls-=0 [56,56,56,56,61] brc=0 lrc=0
05-18 09:13:34.721 E/WifiStateMachine(  851):  get link layer stats 0
05-18 09:13:34.741 E/WifiStateMachine(  851): calculateWifiScore() we set wifi's score to 1000, so will always set wifi as a default network.
05-18 09:13:35.579 E/WifiTrafficPoller(  851): TRAFFIC_STATS_POLL true Token 2644 num clients 15
05-18 09:13:35.581 E/WifiTrafficPoller(  851):  packet count Tx=1745912 Rx=5735738
05-18 09:13:36.279 E/SurfaceFlinger(  285): onDraw: bindTextureImage test
05-18 09:13:36.298 E/SurfaceFlinger(  285): onDraw: bindTextureImage test
05-18 09:13:36.312 E/SurfaceFlinger(  285): onDraw: bindTextureImage test
05-18 09:13:36.329 E/SurfaceFlinger(  285): onDraw: bindTextureImage test
05-18 09:13:36.345 E/SurfaceFlinger(  285): onDraw: bindTextureImage test
05-18 09:13:36.362 E/SurfaceFlinger(  285): onDraw: bindTextureImage test
05-18 09:13:36.380 E/SurfaceFlinger(  285): onDraw: bindTextureImage test
05-18 09:13:36.396 E/SurfaceFlinger(  285): onDraw: bindTextureImage test
05-18 09:13:36.413 E/SurfaceFlinger(  285): onDraw: bindTextureImage test
05-18 09:13:36.430 E/SurfaceFlinger(  285): onDraw: bindTextureImage test
05-18 09:13:36.447 E/SurfaceFlinger(  285): onDraw: bindTextureImage test
05-18 09:13:36.464 E/SurfaceFlinger(  285): onDraw: bindTextureImage test
05-18 09:13:36.481 E/SurfaceFlinger(  285): onDraw: bindTextureImage test
05-18 09:13:36.497 E/SurfaceFlinger(  285): onDraw: bindTextureImage test
05-18 09:13:36.514 E/SurfaceFlinger(  285): onDraw: bindTextureImage test
05-18 09:13:36.531 E/SurfaceFlinger(  285): onDraw: bindTextureImage test
05-18 09:13:36.580 E/WifiTrafficPoller(  851): TRAFFIC_STATS_POLL true Token 2644 num clients 15
05-18 09:13:36.582 E/WifiTrafficPoller(  851):  packet count Tx=1745912 Rx=5735751
05-18 09:13:37.584 E/WifiTrafficPoller(  851): TRAFFIC_STATS_POLL true Token 2644 num clients 15
05-18 09:13:37.585 E/WifiTrafficPoller(  851):  packet count Tx=1745912 Rx=5735761
05-18 09:13:37.746 E/WifiStateMachine(  851):  ConnectedState (when=-4ms what=131155 arg1=591!CMD_RSSI_POLL 591 0 "BOCO-office" 94:b4:0f:68:a4:b1 rssi=-51 f=5785 sc=80 link=135 tx=0.4, 0.0, 0.0  rx=35.0 bcn=0 [on:0 tx:0 rx:0 period:3000] from screen [on:0 period:608576818] gl rssi=-51 ag=0 hr ticks 314,77,49 ls-=0 [56,56,56,56,61] brc=0 lrc=0
05-18 09:13:37.749 E/WifiStateMachine(  851):  L2ConnectedState (when=-6ms what=131155 arg1=591!CMD_RSSI_POLL 591 0 "BOCO-office" 94:b4:0f:68:a4:b1 rssi=-51 f=5785 sc=80 link=135 tx=0.4, 0.0, 0.0  rx=35.0 bcn=0 [on:0 tx:0 rx:0 period:3] from screen [on:0 period:608576821] gl rssi=-51 ag=0 hr ticks 314,77,49 ls-=0 [56,56,56,56,61] brc=0 lrc=0
05-18 09:13:37.749 E/WifiStateMachine(  851):  get link layer stats 0
05-18 09:13:37.771 E/WifiStateMachine(  851): calculateWifiScore() we set wifi's score to 1000, so will always set wifi as a default network.
05-18 09:13:38.585 E/WifiTrafficPoller(  851): TRAFFIC_STATS_POLL true Token 2644 num clients 15
05-18 09:13:38.587 E/WifiTrafficPoller(  851):  packet count Tx=1745912 Rx=5735777
05-18 09:13:39.430 E/SurfaceFlinger(  285): onDraw: bindTextureImage test
05-18 09:13:39.431 E/SurfaceFlinger(  285): onDraw: bindTextureImage test
05-18 09:13:39.587 E/WifiTrafficPoller(  851): TRAFFIC_STATS_POLL true Token 2644 num clients 15
05-18 09:13:39.588 E/WifiTrafficPoller(  851):  packet count Tx=1745912 Rx=5735788
05-18 09:13:40.587 E/WifiTrafficPoller(  851): TRAFFIC_STATS_POLL true Token 2644 num clients 15
05-18 09:13:40.589 E/WifiTrafficPoller(  851):  packet count Tx=1745912 Rx=5735800
05-18 09:13:40.776 E/WifiStateMachine(  851):  ConnectedState (when=-4ms what=131155 arg1=591!CMD_RSSI_POLL 591 0 "BOCO-office" 94:b4:0f:68:a4:b1 rssi=-52 f=5785 sc=80 link=135 tx=0.2, 0.0, 0.0  rx=38.0 bcn=0 [on:0 tx:0 rx:0 period:3002] from screen [on:0 period:608579848] gl rssi=-52 ag=0 hr ticks 314,77,49 ls-=0 [56,56,56,56,61] brc=0 lrc=0
05-18 09:13:40.777 E/WifiStateMachine(  851):  L2ConnectedState (when=-5ms what=131155 arg1=591!CMD_RSSI_POLL 591 0 "BOCO-office" 94:b4:0f:68:a4:b1 rssi=-52 f=5785 sc=80 link=135 tx=0.2, 0.0, 0.0  rx=38.0 bcn=0 [on:0 tx:0 rx:0 period:1] from screen [on:0 period:608579849] gl rssi=-52 ag=0 hr ticks 314,77,49 ls-=0 [56,56,56,56,61] brc=0 lrc=0
05-18 09:13:40.778 E/WifiStateMachine(  851):  get link layer stats 0
05-18 09:13:40.782 E/WifiStateMachine(  851): calculateWifiScore() we set wifi's score to 1000, so will always set wifi as a default network.
05-18 09:13:41.133 E/SurfaceFlinger(  285): onDraw: bindTextureImage test
05-18 09:13:41.134 E/SurfaceFlinger(  285): onDraw: bindTextureImage test
05-18 09:13:41.590 E/WifiTrafficPoller(  851): TRAFFIC_STATS_POLL true Token 2644 num clients 15
05-18 09:13:41.591 E/WifiTrafficPoller(  851):  packet count Tx=1745912 Rx=5735814
05-18 09:13:42.592 E/WifiTrafficPoller(  851): TRAFFIC_STATS_POLL true Token 2644 num clients 15
05-18 09:13:42.593 E/WifiTrafficPoller(  851):  packet count Tx=1745912 Rx=5735830
05-18 09:13:43.594 E/WifiTrafficPoller(  851): TRAFFIC_STATS_POLL true Token 2644 num clients 15
05-18 09:13:43.595 E/WifiTrafficPoller(  851):  packet count Tx=1745912 Rx=5735844
05-18 09:13:43.787 E/WifiStateMachine(  851):  ConnectedState (when=-4ms what=131155 arg1=591!CMD_RSSI_POLL 591 0 "BOCO-office" 94:b4:0f:68:a4:b1 rssi=-51 f=5785 sc=80 link=135 tx=0.1, 0.0, 0.0  rx=38.5 bcn=0 [on:0 tx:0 rx:0 period:3001] from screen [on:0 period:608582859] gl rssi=-51 ag=0 hr ticks 314,77,49 ls-=0 [56,56,56,56,61] brc=0 lrc=0
05-18 09:13:43.789 E/WifiStateMachine(  851):  L2ConnectedState (when=-6ms what=131155 arg1=591!CMD_RSSI_POLL 591 0 "BOCO-office" 94:b4:0f:68:a4:b1 rssi=-51 f=5785 sc=80 link=135 tx=0.1, 0.0, 0.0  rx=38.5 bcn=0 [on:0 tx:0 rx:0 period:2] from screen [on:0 period:608582861] gl rssi=-51 ag=0 hr ticks 314,77,49 ls-=0 [56,56,56,56,61] brc=0 lrc=0
05-18 09:13:43.791 E/WifiStateMachine(  851):  get link layer stats 0
05-18 09:13:43.810 E/WifiStateMachine(  851): calculateWifiScore() we set wifi's score to 1000, so will always set wifi as a default network.
05-18 09:13:44.596 E/WifiTrafficPoller(  851): TRAFFIC_STATS_POLL true Token 2644 num clients 15
05-18 09:13:44.597 E/WifiTrafficPoller(  851):  packet count Tx=1745912 Rx=5735865
05-18 09:13:45.598 E/WifiTrafficPoller(  851): TRAFFIC_STATS_POLL true Token 2644 num clients 15
05-18 09:13:45.598 E/WifiTrafficPoller(  851):  packet count Tx=1745912 Rx=5735885
05-18 09:13:46.599 E/WifiTrafficPoller(  851): TRAFFIC_STATS_POLL true Token 2644 num clients 15
05-18 09:13:46.600 E/WifiTrafficPoller(  851):  packet count Tx=1745912 Rx=5735896
05-18 09:13:46.818 E/WifiStateMachine(  851):  ConnectedState (when=-4ms what=131155 arg1=591!CMD_RSSI_POLL 591 0 "BOCO-office" 94:b4:0f:68:a4:b1 rssi=-51 f=5785 sc=80 link=135 tx=0.1, 0.0, 0.0  rx=43.2 bcn=0 [on:0 tx:0 rx:0 period:2998] from screen [on:0 period:608585889] gl rssi=-51 ag=0 hr ticks 314,77,49 ls-=0 [56,56,56,56,61] brc=0 lrc=0
05-18 09:13:46.820 E/WifiStateMachine(  851):  L2ConnectedState (when=-6ms what=131155 arg1=591!CMD_RSSI_POLL 591 0 "BOCO-office" 94:b4:0f:68:a4:b1 rssi=-51 f=5785 sc=80 link=135 tx=0.1, 0.0, 0.0  rx=43.2 bcn=0 [on:0 tx:0 rx:0 period:3] from screen [on:0 period:608585892] gl rssi=-51 ag=0 hr ticks 314,77,49 ls-=0 [56,56,56,56,61] brc=0 lrc=0
05-18 09:13:46.820 E/WifiStateMachine(  851):  get link layer stats 0
05-18 09:13:46.827 E/WifiStateMachine(  851): calculateWifiScore() we set wifi's score to 1000, so will always set wifi as a default network.
05-18 09:13:47.600 E/WifiTrafficPoller(  851): TRAFFIC_STATS_POLL true Token 2644 num clients 15
05-18 09:13:47.602 E/WifiTrafficPoller(  851):  packet count Tx=1745912 Rx=5735910
05-18 09:13:48.514 E/Mms/compose( 6594): ---------HAS NO RECIPIENTS-------
05-18 09:13:48.602 E/WifiTrafficPoller(  851): TRAFFIC_STATS_POLL true Token 2644 num clients 15
05-18 09:13:48.602 E/WifiTrafficPoller(  851):  packet count Tx=1745912 Rx=5735923
05-18 09:13:48.893 E/[PropSet]( 9043): connect fail
05-18 09:13:48.893 E/[PropSet]( 9043): send_prop_msg return err -1
05-18 09:13:49.042 E/SurfaceFlinger(  285): onDraw: bindTextureImage test
05-18 09:13:49.059 E/SurfaceFlinger(  285): onDraw: bindTextureImage test
05-18 09:13:49.076 E/SurfaceFlinger(  285): onDraw: bindTextureImage test
05-18 09:13:49.092 E/SurfaceFlinger(  285): onDraw: bindTextureImage test
05-18 09:13:49.109 E/SurfaceFlinger(  285): onDraw: bindTextureImage test
05-18 09:13:49.126 E/SurfaceFlinger(  285): onDraw: bindTextureImage test
05-18 09:13:49.143 E/SurfaceFlinger(  285): onDraw: bindTextureImage test
05-18 09:13:49.161 E/SurfaceFlinger(  285): onDraw: bindTextureImage test
05-18 09:13:49.178 E/SurfaceFlinger(  285): onDraw: bindTextureImage test
05-18 09:13:49.194 E/SurfaceFlinger(  285): onDraw: bindTextureImage test
05-18 09:13:49.211 E/SurfaceFlinger(  285): onDraw: bindTextureImage test
05-18 09:13:49.603 E/WifiTrafficPoller(  851): TRAFFIC_STATS_POLL true Token 2644 num clients 15
05-18 09:13:49.604 E/WifiTrafficPoller(  851):  packet count Tx=1745912 Rx=5735935
05-18 09:13:49.833 E/WifiStateMachine(  851):  ConnectedState (when=-4ms what=131155 arg1=591!CMD_RSSI_POLL 591 0 "BOCO-office" 94:b4:0f:68:a4:b1 rssi=-51 f=5785 sc=80 link=135 tx=0.0, 0.0, 0.0  rx=47.6 bcn=0 [on:0 tx:0 rx:0 period:3002] from screen [on:0 period:608588904] gl rssi=-51 ag=0 hr ticks 314,77,49 ls-=0 [56,56,56,56,61] brc=0 lrc=0
05-18 09:13:49.835 E/WifiStateMachine(  851):  L2ConnectedState (when=-6ms what=131155 arg1=591!CMD_RSSI_POLL 591 0 "BOCO-office" 94:b4:0f:68:a4:b1 rssi=-51 f=5785 sc=80 link=135 tx=0.0, 0.0, 0.0  rx=47.6 bcn=0 [on:0 tx:0 rx:0 period:3] from screen [on:0 period:608588907] gl rssi=-51 ag=0 hr ticks 314,77,49 ls-=0 [56,56,56,56,61] brc=0 lrc=0
05-18 09:13:49.835 E/WifiStateMachine(  851):  get link layer stats 0
05-18 09:13:49.852 E/WifiStateMachine(  851): calculateWifiScore() we set wifi's score to 1000, so will always set wifi as a default network.
05-18 09:13:50.605 E/WifiTrafficPoller(  851): TRAFFIC_STATS_POLL true Token 2644 num clients 15
05-18 09:13:50.606 E/WifiTrafficPoller(  851):  packet count Tx=1745912 Rx=5735946
05-18 09:13:51.607 E/WifiTrafficPoller(  851): TRAFFIC_STATS_POLL true Token 2644 num clients 15
05-18 09:13:51.608 E/WifiTrafficPoller(  851):  packet count Tx=1745912 Rx=5735957
05-18 09:13:52.608 E/WifiTrafficPoller(  851): TRAFFIC_STATS_POLL true Token 2644 num clients 15
05-18 09:13:52.610 E/WifiTrafficPoller(  851):  packet count Tx=1745912 Rx=5735968
05-18 09:13:52.857 E/WifiStateMachine(  851):  ConnectedState (when=-4ms what=131155 arg1=591!CMD_RSSI_POLL 591 0 "BOCO-office" 94:b4:0f:68:a4:b1 rssi=-51 f=5785 sc=80 link=135 tx=0.0, 0.0, 0.0  rx=41.8 bcn=0 [on:0 tx:0 rx:0 period:3001] from screen [on:0 period:608591929] gl rssi=-51 ag=0 hr ticks 314,77,49 ls-=0 [56,56,56,56,61] brc=0 lrc=0
05-18 09:13:52.868 E/WifiStateMachine(  851):  L2ConnectedState (when=-15ms what=131155 arg1=591!CMD_RSSI_POLL 591 0 "BOCO-office" 94:b4:0f:68:a4:b1 rssi=-51 f=5785 sc=80 link=135 tx=0.0, 0.0, 0.0  rx=41.8 bcn=0 [on:0 tx:0 rx:0 period:11] from screen [on:0 period:608591940] gl rssi=-51 ag=0 hr ticks 314,77,49 ls-=0 [56,56,56,56,61] brc=0 lrc=0
05-18 09:13:52.872 E/WifiStateMachine(  851):  get link layer stats 0
05-18 09:13:52.899 E/WifiStateMachine(  851): calculateWifiScore() we set wifi's score to 1000, so will always set wifi as a default network.
05-18 09:13:53.610 E/WifiTrafficPoller(  851): TRAFFIC_STATS_POLL true Token 2644 num clients 15
05-18 09:13:53.611 E/WifiTrafficPoller(  851):  packet count Tx=1745912 Rx=5735982
05-18 09:13:54.070 E/SyncManager(  851): Bind attempt failed - target: ComponentInfo{com.ss.android.article.news/com.ss.android.account.AccountSyncService}
05-18 09:13:54.612 E/WifiTrafficPoller(  851): TRAFFIC_STATS_POLL true Token 2644 num clients 15
05-18 09:13:54.613 E/WifiTrafficPoller(  851):  packet count Tx=1745912 Rx=5736003
05-18 09:13:55.613 E/WifiTrafficPoller(  851): TRAFFIC_STATS_POLL true Token 2644 num clients 15
05-18 09:13:55.614 E/WifiTrafficPoller(  851):  packet count Tx=1745912 Rx=5736014
05-18 09:13:55.905 E/WifiStateMachine(  851):  ConnectedState (when=-4ms what=131155 arg1=591!CMD_RSSI_POLL 591 0 "BOCO-office" 94:b4:0f:68:a4:b1 rssi=-51 f=5785 sc=80 link=135 tx=0.0, 0.0, 0.0  rx=37.9 bcn=0 [on:0 tx:0 rx:0 period:2998] from screen [on:0 period:608594976] gl rssi=-51 ag=0 hr ticks 314,77,49 ls-=0 [56,56,56,56,61] brc=0 lrc=0
05-18 09:13:55.907 E/WifiStateMachine(  851):  L2ConnectedState (when=-6ms what=131155 arg1=591!CMD_RSSI_POLL 591 0 "BOCO-office" 94:b4:0f:68:a4:b1 rssi=-51 f=5785 sc=80 link=135 tx=0.0, 0.0, 0.0  rx=37.9 bcn=0 [on:0 tx:0 rx:0 period:3] from screen [on:0 period:608594979] gl rssi=-51 ag=0 hr ticks 314,77,49 ls-=0 [56,56,56,56,61] brc=0 lrc=0
05-18 09:13:55.908 E/WifiStateMachine(  851):  get link layer stats 0
05-18 09:13:55.915 E/WifiStateMachine(  851): calculateWifiScore() we set wifi's score to 1000, so will always set wifi as a default network.
05-18 09:13:56.614 E/WifiTrafficPoller(  851): TRAFFIC_STATS_POLL true Token 2644 num clients 15
05-18 09:13:56.619 E/WifiTrafficPoller(  851):  packet count Tx=1745913 Rx=5736028
05-18 09:13:56.621 E/WifiTrafficPoller(  851): notifying of data activity 3
05-18 09:13:57.640 E/WifiTrafficPoller(  851): TRAFFIC_STATS_POLL true Token 2644 num clients 15
05-18 09:13:57.645 E/WifiTrafficPoller(  851):  packet count Tx=1745913 Rx=5736043
05-18 09:13:57.651 E/WifiTrafficPoller(  851): notifying of data activity 1
05-18 09:13:58.673 E/WifiTrafficPoller(  851): TRAFFIC_STATS_POLL true Token 2644 num clients 15
05-18 09:13:58.680 E/WifiTrafficPoller(  851):  packet count Tx=1745913 Rx=5736058
05-18 09:13:58.924 E/WifiStateMachine(  851):  ConnectedState (when=-4ms what=131155 arg1=591!CMD_RSSI_POLL 591 0 "BOCO-office" 94:b4:0f:68:a4:b1 rssi=-52 f=5785 sc=80 link=135 tx=0.5, 0.0, 0.0  rx=41.5 bcn=0 [on:0 tx:0 rx:0 period:3006] from screen [on:0 period:608597996] gl rssi=-52 ag=0 hr ticks 314,77,49 ls-=0 [56,56,56,56,61] brc=0 lrc=0
05-18 09:13:58.935 E/WifiStateMachine(  851):  L2ConnectedState (when=-16ms what=131155 arg1=591!CMD_RSSI_POLL 591 0 "BOCO-office" 94:b4:0f:68:a4:b1 rssi=-52 f=5785 sc=80 link=135 tx=0.5, 0.0, 0.0  rx=41.5 bcn=0 [on:0 tx:0 rx:0 period:11] from screen [on:0 period:608598007] gl rssi=-52 ag=0 hr ticks 314,77,49 ls-=0 [56,56,56,56,61] brc=0 lrc=0
05-18 09:13:58.938 E/WifiStateMachine(  851):  get link layer stats 0
05-18 09:13:58.961 E/WifiStateMachine(  851): calculateWifiScore() we set wifi's score to 1000, so will always set wifi as a default network.
05-18 09:13:59.683 E/WifiTrafficPoller(  851): TRAFFIC_STATS_POLL true Token 2644 num clients 15
05-18 09:13:59.684 E/WifiTrafficPoller(  851):  packet count Tx=1745913 Rx=5736079
05-18 09:14:00.684 E/WifiTrafficPoller(  851): TRAFFIC_STATS_POLL true Token 2644 num clients 15
05-18 09:14:00.686 E/WifiTrafficPoller(  851):  packet count Tx=1745913 Rx=5736104
05-18 09:14:01.687 E/WifiTrafficPoller(  851): TRAFFIC_STATS_POLL true Token 2644 num clients 15
05-18 09:14:01.688 E/WifiTrafficPoller(  851):  packet count Tx=1745913 Rx=5736123
05-18 09:14:01.965 E/WifiStateMachine(  851):  ConnectedState (when=-2ms what=131155 arg1=591!CMD_RSSI_POLL 591 0 "BOCO-office" 94:b4:0f:68:a4:b1 rssi=-52 f=5785 sc=80 link=135 tx=0.3, 0.0, 0.0  rx=44.2 bcn=0 [on:0 tx:0 rx:0 period:2996] from screen [on:0 period:608601037] gl rssi=-52 ag=0 hr ticks 314,77,49 ls-=0 [56,56,56,56,61] brc=0 lrc=0
