05-18 15:39:18.044 E/GPSManager( 1824): Location changed : Lat: 40.00125 Lng: 105.56358166666665
05-18 15:39:19.044 E/GPSManager( 1824): Location changed : Lat: 40.00125 Lng: 105.56358166666665
05-18 15:39:20.054 E/GPSManager( 1824): Location changed : Lat: 40.00125 Lng: 105.56358166666665
05-18 15:39:21.084 E/GPSManager( 1824): Location changed : Lat: 40.00125 Lng: 105.56358166666665
05-18 15:39:22.064 E/GPSManager( 1824): Location changed : Lat: 40.00125 Lng: 105.56358166666665
05-18 15:39:23.074 E/GPSManager( 1824): Location changed : Lat: 40.00125 Lng: 105.56358166666665
05-18 15:39:24.074 E/GPSManager( 1824): Location changed : Lat: 40.00125 Lng: 105.56358166666665
05-18 15:39:25.084 E/GPSManager( 1824): Location changed : Lat: 40.00125 Lng: 105.56358166666665
05-18 15:39:26.084 E/GPSManager( 1824): Location changed : Lat: 40.00125 Lng: 105.56358166666665
05-18 15:39:27.094 E/GPSManager( 1824): Location changed : Lat: 40.00125 Lng: 105.56358166666665
05-18 15:39:28.094 E/GPSManager( 1824): Location changed : Lat: 40.00125 Lng: 105.56358166666665
05-18 15:39:29.114 E/GPSManager( 1824): Location changed : Lat: 40.00125 Lng: 105.56358166666665
05-18 15:39:30.134 E/GPSManager( 1824): Location changed : Lat: 40.00125 Lng: 105.56358166666665
05-18 15:39:31.144 E/GPSManager( 1824): Location changed : Lat: 40.00125 Lng: 105.56358166666665
05-18 15:39:32.154 E/GPSManager( 1824): Location changed : Lat: 40.00125 Lng: 105.56358166666665
05-18 15:39:33.164 E/GPSManager( 1824): Location changed : Lat: 40.00125 Lng: 105.56358166666665
05-18 15:39:34.154 E/GPSManager( 1824): Location changed : Lat: 40.00125 Lng: 105.56358166666665
05-18 15:39:35.174 E/GPSManager( 1824): Location changed : Lat: 40.00125 Lng: 105.56358166666665
05-18 15:39:35.364 E/FastMixer(  167): did not receive expected priority boost
05-18 15:39:36.154 E/GPSManager( 1824): Location changed : Lat: 40.00125 Lng: 105.56358166666665
05-18 15:39:37.154 E/GPSManager( 1824): Location changed : Lat: 40.00125 Lng: 105.56358166666665
05-18 15:39:38.174 E/GPSManager( 1824): Location changed : Lat: 40.00125 Lng: 105.56358166666665
05-18 15:39:39.184 E/GPSManager( 1824): Location changed : Lat: 40.00125 Lng: 105.56358166666665
05-18 15:39:40.174 E/GPSManager( 1824): Location changed : Lat: 40.00125 Lng: 105.56358166666665
05-18 15:39:41.574 E/GPSManager( 1824): Location changed : Lat: 40.00125 Lng: 105.56358166666665
05-18 15:39:42.174 E/GPSManager( 1824): Location changed : Lat: 40.00125 Lng: 105.56358166666665
05-18 15:39:43.184 E/GPSManager( 1824): Location changed : Lat: 40.00125 Lng: 105.56358166666665
05-18 15:39:44.184 E/GPSManager( 1824): Location changed : Lat: 40.00125 Lng: 105.56358166666665
05-18 15:39:45.194 E/GPSManager( 1824): Location changed : Lat: 40.00125 Lng: 105.56358166666665
05-18 15:39:46.224 E/GPSManager( 1824): Location changed : Lat: 40.00125 Lng: 105.56358166666665
05-18 15:39:47.214 E/GPSManager( 1824): Location changed : Lat: 40.00125 Lng: 105.56358166666665
05-18 15:39:47.464 E/FastMixer(  167): did not receive expected priority boost
05-18 15:39:48.224 E/GPSManager( 1824): Location changed : Lat: 40.00125 Lng: 105.56358166666665
05-18 15:39:49.234 E/GPSManager( 1824): Location changed : Lat: 40.00125 Lng: 105.56358166666665
05-18 15:39:50.254 E/GPSManager( 1824): Location changed : Lat: 40.00125 Lng: 105.56358166666665
05-18 15:39:51.314 E/GPSManager( 1824): Location changed : Lat: 40.00125 Lng: 105.56358166666665
05-18 15:39:52.274 E/GPSManager( 1824): Location changed : Lat: 40.00125 Lng: 105.56358166666665
05-18 15:39:53.264 E/GPSManager( 1824): Location changed : Lat: 40.00125 Lng: 105.56358166666665
05-18 15:39:54.274 E/GPSManager( 1824): Location changed : Lat: 40.00125 Lng: 105.56358166666665
05-18 15:39:55.294 E/GPSManager( 1824): Location changed : Lat: 40.00125 Lng: 105.56358166666665
05-18 15:39:56.264 E/GPSManager( 1824): Location changed : Lat: 40.00125 Lng: 105.56358166666665
05-18 15:39:57.294 E/GPSManager( 1824): Location changed : Lat: 40.00125 Lng: 105.56358166666665
05-18 15:39:58.284 E/GPSManager( 1824): Location changed : Lat: 40.00125 Lng: 105.56358166666665
05-18 15:39:59.304 E/GPSManager( 1824): Location changed : Lat: 40.00125 Lng: 105.56358166666665
05-18 15:40:00.294 E/GPSManager( 1824): Location changed : Lat: 40.00125 Lng: 105.56358166666665
05-18 15:40:01.294 E/GPSManager( 1824): Location changed : Lat: 40.00125 Lng: 105.56358166666665
05-18 15:40:02.304 E/GPSManager( 1824): Location changed : Lat: 40.00125 Lng: 105.56358166666665
05-18 15:40:03.394 E/GPSManager( 1824): Location changed : Lat: 40.00125 Lng: 105.56358166666665
05-18 15:40:04.304 E/GPSManager( 1824): Location changed : Lat: 40.00125 Lng: 105.56358166666665
05-18 15:40:05.324 E/GPSManager( 1824): Location changed : Lat: 40.00125 Lng: 105.56358166666665
05-18 15:40:06.324 E/GPSManager( 1824): Location changed : Lat: 40.00125 Lng: 105.56358166666665
05-18 15:40:07.324 E/GPSManager( 1824): Location changed : Lat: 40.00125 Lng: 105.56358166666665
05-18 15:40:08.324 E/GPSManager( 1824): Location changed : Lat: 40.00125 Lng: 105.56358166666665
05-18 15:40:09.324 E/GPSManager( 1824): Location changed : Lat: 40.00125 Lng: 105.56358166666665
05-18 15:40:10.324 E/GPSManager( 1824): Location changed : Lat: 40.00125 Lng: 105.56358166666665
05-18 15:40:11.414 E/GPSManager( 1824): Location changed : Lat: 40.00125 Lng: 105.56358166666665
05-18 15:40:12.374 E/GPSManager( 1824): Location changed : Lat: 40.00125 Lng: 105.56358166666665
05-18 15:40:13.364 E/GPSManager( 1824): Location changed : Lat: 40.00125 Lng: 105.56358166666665
05-18 15:40:14.394 E/GPSManager( 1824): Location changed : Lat: 40.00125 Lng: 105.56358166666665
05-18 15:40:15.144 E/FastMixer(  167): did not receive expected priority boost
05-18 15:40:15.394 E/GPSManager( 1824): Location changed : Lat: 40.00125 Lng: 105.56358166666665
05-18 15:40:16.384 E/GPSManager( 1824): Location changed : Lat: 40.00125 Lng: 105.56358166666665
05-18 15:40:17.384 E/GPSManager( 1824): Location changed : Lat: 40.00125 Lng: 105.56358166666665
05-18 15:40:18.474 E/GPSManager( 1824): Location changed : Lat: 40.00125 Lng: 105.56358166666665
05-18 15:40:19.434 E/GPSManager( 1824): Location changed : Lat: 40.00125 Lng: 105.56358166666665
05-18 15:40:19.534 E/FastMixer(  167): did not receive expected priority boost
05-18 15:40:20.414 E/GPSManager( 1824): Location changed : Lat: 40.00125 Lng: 105.56358166666665
05-18 15:40:21.454 E/GPSManager( 1824): Location changed : Lat: 40.00125 Lng: 105.56358166666665
05-18 15:40:22.444 E/GPSManager( 1824): Location changed : Lat: 40.00125 Lng: 105.56358166666665
05-18 15:40:23.444 E/GPSManager( 1824): Location changed : Lat: 40.00125 Lng: 105.56358166666665
05-18 15:40:24.494 E/GPSManager( 1824): Location changed : Lat: 40.00125 Lng: 105.56358166666665
05-18 15:40:25.444 E/GPSManager( 1824): Location changed : Lat: 40.00125 Lng: 105.56358166666665
05-18 15:40:26.474 E/GPSManager( 1824): Location changed : Lat: 40.00125 Lng: 105.56358166666665
05-18 15:40:27.484 E/GPSManager( 1824): Location changed : Lat: 40.00125 Lng: 105.56358166666665
05-18 15:40:28.504 E/GPSManager( 1824): Location changed : Lat: 40.00125 Lng: 105.56358166666665
05-18 15:40:29.484 E/GPSManager( 1824): Location changed : Lat: 40.00125 Lng: 105.56358166666665
05-18 15:40:30.484 E/GPSManager( 1824): Location changed : Lat: 40.00125 Lng: 105.56358166666665
05-18 15:40:31.504 E/GPSManager( 1824): Location changed : Lat: 40.00125 Lng: 105.56358166666665
05-18 15:40:32.074 E/FastMixer(  167): did not receive expected priority boost
05-18 15:40:32.494 E/GPSManager( 1824): Location changed : Lat: 40.00125 Lng: 105.56358166666665
05-18 15:40:33.544 E/GPSManager( 1824): Location changed : Lat: 40.00125 Lng: 105.56358166666665
05-18 15:40:34.504 E/GPSManager( 1824): Location changed : Lat: 40.00125 Lng: 105.56358166666665
05-18 15:40:35.504 E/GPSManager( 1824): Location changed : Lat: 40.00125 Lng: 105.56358166666665
05-18 15:40:36.494 E/GPSManager( 1824): Location changed : Lat: 40.00125 Lng: 105.56358166666665
05-18 15:40:37.504 E/GPSManager( 1824): Location changed : Lat: 40.00125 Lng: 105.56358166666665
05-18 15:40:38.514 E/GPSManager( 1824): Location changed : Lat: 40.00125 Lng: 105.56358166666665
05-18 15:40:39.514 E/GPSManager( 1824): Location changed : Lat: 40.00125 Lng: 105.56358166666665
05-18 15:40:40.514 E/GPSManager( 1824): Location changed : Lat: 40.00125 Lng: 105.56358166666665
05-18 15:40:41.534 E/GPSManager( 1824): Location changed : Lat: 40.00125 Lng: 105.56358166666665
05-18 15:40:42.544 E/GPSManager( 1824): Location changed : Lat: 40.00125 Lng: 105.56358166666665
05-18 15:40:43.544 E/GPSManager( 1824): Location changed : Lat: 40.00125 Lng: 105.56358166666665
05-18 15:40:44.544 E/GPSManager( 1824): Location changed : Lat: 40.00125 Lng: 105.56358166666665
05-18 15:40:45.554 E/GPSManager( 1824): Location changed : Lat: 40.00125 Lng: 105.56358166666665
05-18 15:40:46.554 E/GPSManager( 1824): Location changed : Lat: 40.00125 Lng: 105.56358166666665
05-18 15:40:47.594 E/GPSManager( 1824): Location changed : Lat: 40.00125 Lng: 105.56358166666665
05-18 15:40:48.574 E/GPSManager( 1824): Location changed : Lat: 40.00125 Lng: 105.56358166666665
05-18 15:40:49.574 E/GPSManager( 1824): Location changed : Lat: 40.00125 Lng: 105.56358166666665
05-18 15:40:50.574 E/GPSManager( 1824): Location changed : Lat: 40.00125 Lng: 105.56358166666665
05-18 15:40:51.584 E/GPSManager( 1824): Location changed : Lat: 40.00125 Lng: 105.56358166666665
05-18 15:40:52.604 E/GPSManager( 1824): Location changed : Lat: 40.00125 Lng: 105.56358166666665
05-18 15:40:53.634 E/GPSManager( 1824): Location changed : Lat: 40.00125 Lng: 105.56358166666665
05-18 15:40:54.604 E/GPSManager( 1824): Location changed : Lat: 40.00125 Lng: 105.56358166666665
05-18 15:40:55.624 E/GPSManager( 1824): Location changed : Lat: 40.00125 Lng: 105.56358166666665
05-18 15:40:56.614 E/GPSManager( 1824): Location changed : Lat: 40.00125 Lng: 105.56358166666665
05-18 15:40:57.024 E/FastMixer(  167): did not receive expected priority boost
05-18 15:40:57.614 E/GPSManager( 1824): Location changed : Lat: 40.00125 Lng: 105.56358166666665
05-18 15:40:58.624 E/GPSManager( 1824): Location changed : Lat: 40.00125 Lng: 105.56358166666665
05-18 15:40:59.624 E/GPSManager( 1824): Location changed : Lat: 40.00125 Lng: 105.56358166666665
05-18 15:41:00.624 E/GPSManager( 1824): Location changed : Lat: 40.00125 Lng: 105.56358166666665
05-18 15:41:01.624 E/GPSManager( 1824): Location changed : Lat: 40.00125 Lng: 105.56358166666665
05-18 15:41:01.894 E/FastMixer(  167): did not receive expected priority boost
05-18 15:41:02.624 E/GPSManager( 1824): Location changed : Lat: 40.00125 Lng: 105.56358166666665
05-18 15:41:03.624 E/GPSManager( 1824): Location changed : Lat: 40.00125 Lng: 105.56358166666665
05-18 15:41:04.634 E/GPSManager( 1824): Location changed : Lat: 40.00125 Lng: 105.56358166666665
05-18 15:41:05.714 E/GPSManager( 1824): Location changed : Lat: 40.00125 Lng: 105.56358166666665
05-18 15:41:06.674 E/GPSManager( 1824): Location changed : Lat: 40.00125 Lng: 105.56358166666665
05-18 15:41:07.634 E/GPSManager( 1824): Location changed : Lat: 40.00125 Lng: 105.56358166666665
05-18 15:41:08.104 E/memtrack( 2598): Couldn't load memtrack module (No such file or directory)
05-18 15:41:08.104 E/android.os.Debug( 2598): failed to load memtrack module: -2
05-18 15:41:08.154 E/cutils-trace( 2598): Error opening trace file: No such file or directory (2)
05-18 15:41:08.644 E/GPSManager( 1824): Location changed : Lat: 40.00125 Lng: 105.56358166666665
05-18 15:41:09.684 E/GPSManager( 1824): Location changed : Lat: 40.00125 Lng: 105.56358166666665
05-18 15:41:10.664 E/GPSManager( 1824): Location changed : Lat: 40.00125 Lng: 105.56358166666665
05-18 15:41:11.664 E/GPSManager( 1824): Location changed : Lat: 40.00125 Lng: 105.56358166666665
05-18 15:41:12.674 E/GPSManager( 1824): Location changed : Lat: 40.00125 Lng: 105.56358166666665
05-18 15:41:13.674 E/GPSManager( 1824): Location changed : Lat: 40.00125 Lng: 105.56358166666665
05-18 15:41:14.674 E/GPSManager( 1824): Location changed : Lat: 40.00125 Lng: 105.56358166666665
05-18 15:41:15.674 E/GPSManager( 1824): Location changed : Lat: 40.00125 Lng: 105.56358166666665
05-18 15:41:16.354 E/BandwidthController(  160): Updating quota globalAlert failed (No such file or directory)
05-18 15:41:16.684 E/GPSManager( 1824): Location changed : Lat: 40.00125 Lng: 105.56358166666665
05-18 15:41:17.714 E/GPSManager( 1824): Location changed : Lat: 40.00125 Lng: 105.56358166666665
05-18 15:41:18.424 E/FastMixer(  167): did not receive expected priority boost
05-18 15:41:18.684 E/GPSManager( 1824): Location changed : Lat: 40.00125 Lng: 105.56358166666665
05-18 15:41:19.704 E/GPSManager( 1824): Location changed : Lat: 40.00125 Lng: 105.56358166666665
05-18 15:41:20.714 E/GPSManager( 1824): Location changed : Lat: 40.00125 Lng: 105.56358166666665
05-18 15:41:21.704 E/GPSManager( 1824): Location changed : Lat: 40.00125 Lng: 105.56358166666665
05-18 15:41:22.704 E/GPSManager( 1824): Location changed : Lat: 40.00125 Lng: 105.56358166666665
05-18 15:41:23.704 E/GPSManager( 1824): Location changed : Lat: 40.00125 Lng: 105.56358166666665
05-18 15:41:24.714 E/GPSManager( 1824): Location changed : Lat: 40.00125 Lng: 105.56358166666665
05-18 15:41:25.754 E/GPSManager( 1824): Location changed : Lat: 40.00125 Lng: 105.56358166666665
05-18 15:41:26.764 E/GPSManager( 1824): Location changed : Lat: 40.00125 Lng: 105.56358166666665
05-18 15:41:27.074 E/FastMixer(  167): did not receive expected priority boost
05-18 15:41:27.784 E/GPSManager( 1824): Location changed : Lat: 40.00125 Lng: 105.56358166666665
05-18 15:41:28.744 E/GPSManager( 1824): Location changed : Lat: 40.00125 Lng: 105.56358166666665
05-18 15:41:29.754 E/GPSManager( 1824): Location changed : Lat: 40.00125 Lng: 105.56358166666665
05-18 15:41:30.764 E/GPSManager( 1824): Location changed : Lat: 40.00125 Lng: 105.56358166666665
05-18 15:41:31.774 E/GPSManager( 1824): Location changed : Lat: 40.00125 Lng: 105.56358166666665
05-18 15:41:32.754 E/GPSManager( 1824): Location changed : Lat: 40.00125 Lng: 105.56358166666665
05-18 15:41:33.754 E/GPSManager( 1824): Location changed : Lat: 40.00125 Lng: 105.56358166666665
05-18 15:41:34.914 E/GPSManager( 1824): Location changed : Lat: 40.00125 Lng: 105.56358166666665
05-18 15:41:35.854 E/GPSManager( 1824): Location changed : Lat: 40.00125 Lng: 105.56358166666665
05-18 15:41:36.764 E/GPSManager( 1824): Location changed : Lat: 40.00125 Lng: 105.56358166666665
05-18 15:41:37.784 E/GPSManager( 1824): Location changed : Lat: 40.00125 Lng: 105.56358166666665
05-18 15:41:38.764 E/GPSManager( 1824): Location changed : Lat: 40.00125 Lng: 105.56358166666665
05-18 15:41:39.774 E/GPSManager( 1824): Location changed : Lat: 40.00125 Lng: 105.56358166666665
05-18 15:41:40.774 E/GPSManager( 1824): Location changed : Lat: 40.00125 Lng: 105.56358166666665
05-18 15:41:41.794 E/GPSManager( 1824): Location changed : Lat: 40.00125 Lng: 105.56358166666665
05-18 15:41:42.834 E/GPSManager( 1824): Location changed : Lat: 40.00125 Lng: 105.56358166666665
05-18 15:41:43.804 E/GPSManager( 1824): Location changed : Lat: 40.00125 Lng: 105.56358166666665
05-18 15:41:44.804 E/GPSManager( 1824): Location changed : Lat: 40.00125 Lng: 105.56358166666665
05-18 15:41:45.824 E/GPSManager( 1824): Location changed : Lat: 40.00125 Lng: 105.56358166666665
05-18 15:41:46.814 E/GPSManager( 1824): Location changed : Lat: 40.00125 Lng: 105.56358166666665
05-18 15:41:47.824 E/GPSManager( 1824): Location changed : Lat: 40.00125 Lng: 105.56358166666665
05-18 15:41:48.834 E/GPSManager( 1824): Location changed : Lat: 40.00125 Lng: 105.56358166666665
05-18 15:41:49.844 E/GPSManager( 1824): Location changed : Lat: 40.00125 Lng: 105.56358166666665
05-18 15:41:50.844 E/GPSManager( 1824): Location changed : Lat: 40.00125 Lng: 105.56358166666665
05-18 15:41:51.884 E/GPSManager( 1824): Location changed : Lat: 40.00125 Lng: 105.56358166666665
05-18 15:41:52.874 E/GPSManager( 1824): Location changed : Lat: 40.00125 Lng: 105.56358166666665
05-18 15:41:53.874 E/GPSManager( 1824): Location changed : Lat: 40.00125 Lng: 105.56358166666665
05-18 15:41:54.894 E/GPSManager( 1824): Location changed : Lat: 40.00125 Lng: 105.56358166666665
05-18 15:41:55.744 E/FastMixer(  167): did not receive expected priority boost
05-18 15:41:55.894 E/GPSManager( 1824): Location changed : Lat: 40.00125 Lng: 105.56358166666665
05-18 15:41:56.874 E/GPSManager( 1824): Location changed : Lat: 40.00125 Lng: 105.56358166666665
05-18 15:41:57.884 E/GPSManager( 1824): Location changed : Lat: 40.00125 Lng: 105.56358166666665
05-18 15:41:58.904 E/GPSManager( 1824): Location changed : Lat: 40.00125 Lng: 105.56358166666665
05-18 15:41:59.884 E/GPSManager( 1824): Location changed : Lat: 40.00125 Lng: 105.56358166666665
05-18 15:42:01.004 E/GPSManager( 1824): Location changed : Lat: 40.00125 Lng: 105.56358166666665
05-18 15:42:01.944 E/GPSManager( 1824): Location changed : Lat: 40.00125 Lng: 105.56358166666665
05-18 15:42:03.084 E/GPSManager( 1824): Location changed : Lat: 40.00125 Lng: 105.56358166666665
05-18 15:42:03.964 E/GPSManager( 1824): Location changed : Lat: 40.00125 Lng: 105.56358166666665
05-18 15:42:05.074 E/GPSManager( 1824): Location changed : Lat: 40.00125 Lng: 105.56358166666665
05-18 15:42:05.934 E/GPSManager( 1824): Location changed : Lat: 40.00125 Lng: 105.56358166666665
05-18 15:42:06.914 E/GPSManager( 1824): Location changed : Lat: 40.00125 Lng: 105.56358166666665
05-18 15:42:07.924 E/GPSManager( 1824): Location changed : Lat: 40.00125 Lng: 105.56358166666665
05-18 15:42:08.934 E/GPSManager( 1824): Location changed : Lat: 40.00125 Lng: 105.56358166666665
05-18 15:42:09.934 E/GPSManager( 1824): Location changed : Lat: 40.00125 Lng: 105.56358166666665
05-18 15:42:10.364 E/PlayCommon(  835): [43] com.google.android.play.a.g.a(1054): Failed to connect to server: java.net.SocketTimeoutException: failed to connect to play.googleapis.com/172.217.27.138 (port 443) after 10000ms
05-18 15:42:10.924 E/GPSManager( 1824): Location changed : Lat: 40.00125 Lng: 105.56358166666665
05-18 15:42:11.944 E/GPSManager( 1824): Location changed : Lat: 40.00125 Lng: 105.56358166666665
05-18 15:42:12.954 E/GPSManager( 1824): Location changed : Lat: 40.00125 Lng: 105.56358166666665
05-18 15:42:13.964 E/GPSManager( 1824): Location changed : Lat: 40.00125 Lng: 105.56358166666665
05-18 15:42:14.964 E/GPSManager( 1824): Location changed : Lat: 40.00125 Lng: 105.56358166666665
05-18 15:42:15.974 E/GPSManager( 1824): Location changed : Lat: 40.00125 Lng: 105.56358166666665
05-18 15:42:16.974 E/GPSManager( 1824): Location changed : Lat: 40.00125 Lng: 105.56358166666665
05-18 15:42:17.964 E/GPSManager( 1824): Location changed : Lat: 40.00125 Lng: 105.56358166666665
05-18 15:42:18.994 E/GPSManager( 1824): Location changed : Lat: 40.00125 Lng: 105.56358166666665
05-18 15:42:19.994 E/GPSManager( 1824): Location changed : Lat: 40.00125 Lng: 105.56358166666665
05-18 15:42:21.014 E/GPSManager( 1824): Location changed : Lat: 40.00125 Lng: 105.56358166666665
05-18 15:42:21.354 E/FastMixer(  167): did not receive expected priority boost
05-18 15:42:21.994 E/GPSManager( 1824): Location changed : Lat: 40.00125 Lng: 105.56358166666665
05-18 15:42:23.004 E/GPSManager( 1824): Location changed : Lat: 40.00125 Lng: 105.56358166666665
05-18 15:42:24.004 E/GPSManager( 1824): Location changed : Lat: 40.00125 Lng: 105.56358166666665
05-18 15:42:25.004 E/GPSManager( 1824): Location changed : Lat: 40.00125 Lng: 105.56358166666665
05-18 15:42:26.074 E/GPSManager( 1824): Location changed : Lat: 40.00125 Lng: 105.56358166666665
05-18 15:42:27.024 E/GPSManager( 1824): Location changed : Lat: 40.00125 Lng: 105.56358166666665
05-18 15:42:28.004 E/GPSManager( 1824): Location changed : Lat: 40.00125 Lng: 105.56358166666665
05-18 15:42:29.044 E/GPSManager( 1824): Location changed : Lat: 40.00125 Lng: 105.56358166666665
05-18 15:42:30.054 E/GPSManager( 1824): Location changed : Lat: 40.00125 Lng: 105.56358166666665
05-18 15:42:31.034 E/GPSManager( 1824): Location changed : Lat: 40.00125 Lng: 105.56358166666665
05-18 15:42:32.044 E/GPSManager( 1824): Location changed : Lat: 40.00125 Lng: 105.56358166666665
05-18 15:42:33.104 E/GPSManager( 1824): Location changed : Lat: 40.00125 Lng: 105.56358166666665
05-18 15:42:34.104 E/GPSManager( 1824): Location changed : Lat: 40.00125 Lng: 105.56358166666665
05-18 15:42:35.074 E/GPSManager( 1824): Location changed : Lat: 40.00125 Lng: 105.56358166666665
05-18 15:42:36.124 E/GPSManager( 1824): Location changed : Lat: 40.00125 Lng: 105.56358166666665
05-18 15:42:37.124 E/GPSManager( 1824): Location changed : Lat: 40.00125 Lng: 105.56358166666665
05-18 15:42:38.134 E/GPSManager( 1824): Location changed : Lat: 40.00125 Lng: 105.56358166666665
05-18 15:42:39.124 E/GPSManager( 1824): Location changed : Lat: 40.00125 Lng: 105.56358166666665
05-18 15:42:40.134 E/GPSManager( 1824): Location changed : Lat: 40.00125 Lng: 105.56358166666665
05-18 15:42:41.164 E/GPSManager( 1824): Location changed : Lat: 40.00125 Lng: 105.56358166666665
05-18 15:42:42.174 E/GPSManager( 1824): Location changed : Lat: 40.00125 Lng: 105.56358166666665
05-18 15:42:43.164 E/GPSManager( 1824): Location changed : Lat: 40.00125 Lng: 105.56358166666665
05-18 15:42:44.184 E/GPSManager( 1824): Location changed : Lat: 40.00125 Lng: 105.56358166666665
05-18 15:42:45.184 E/GPSManager( 1824): Location changed : Lat: 40.00125 Lng: 105.56358166666665
05-18 15:42:46.174 E/GPSManager( 1824): Location changed : Lat: 40.00125 Lng: 105.56358166666665
05-18 15:42:47.194 E/GPSManager( 1824): Location changed : Lat: 40.00125 Lng: 105.56358166666665
05-18 15:42:48.194 E/GPSManager( 1824): Location changed : Lat: 40.00125 Lng: 105.56358166666665
05-18 15:42:49.204 E/GPSManager( 1824): Location changed : Lat: 40.00125 Lng: 105.56358166666665
05-18 15:42:50.204 E/GPSManager( 1824): Location changed : Lat: 40.00125 Lng: 105.56358166666665
05-18 15:42:51.214 E/GPSManager( 1824): Location changed : Lat: 40.00125 Lng: 105.56358166666665
05-18 15:42:52.224 E/GPSManager( 1824): Location changed : Lat: 40.00125 Lng: 105.56358166666665
05-18 15:42:53.214 E/GPSManager( 1824): Location changed : Lat: 40.00125 Lng: 105.56358166666665
05-18 15:42:54.234 E/GPSManager( 1824): Location changed : Lat: 40.00125 Lng: 105.56358166666665
05-18 15:42:55.234 E/GPSManager( 1824): Location changed : Lat: 40.00125 Lng: 105.56358166666665
05-18 15:42:56.234 E/GPSManager( 1824): Location changed : Lat: 40.00125 Lng: 105.56358166666665
05-18 15:42:57.244 E/GPSManager( 1824): Location changed : Lat: 40.00125 Lng: 105.56358166666665
05-18 15:42:58.244 E/GPSManager( 1824): Location changed : Lat: 40.00125 Lng: 105.56358166666665
05-18 15:42:59.244 E/GPSManager( 1824): Location changed : Lat: 40.00125 Lng: 105.56358166666665
05-18 15:43:00.414 E/GPSManager( 1824): Location changed : Lat: 40.00125 Lng: 105.56358166666665
05-18 15:43:01.284 E/GPSManager( 1824): Location changed : Lat: 40.00125 Lng: 105.56358166666665
05-18 15:43:02.294 E/GPSManager( 1824): Location changed : Lat: 40.00125 Lng: 105.56358166666665
05-18 15:43:03.324 E/GPSManager( 1824): Location changed : Lat: 40.00125 Lng: 105.56358166666665
05-18 15:43:04.294 E/GPSManager( 1824): Location changed : Lat: 40.00125 Lng: 105.56358166666665
05-18 15:43:05.294 E/GPSManager( 1824): Location changed : Lat: 40.00125 Lng: 105.56358166666665
05-18 15:43:06.304 E/GPSManager( 1824): Location changed : Lat: 40.00125 Lng: 105.56358166666665
05-18 15:43:07.304 E/GPSManager( 1824): Location changed : Lat: 40.00125 Lng: 105.56358166666665
05-18 15:43:08.304 E/GPSManager( 1824): Location changed : Lat: 40.00125 Lng: 105.56358166666665
05-18 15:43:09.314 E/GPSManager( 1824): Location changed : Lat: 40.00125 Lng: 105.56358166666665
05-18 15:43:10.324 E/GPSManager( 1824): Location changed : Lat: 40.00125 Lng: 105.56358166666665
05-18 15:43:11.354 E/GPSManager( 1824): Location changed : Lat: 40.00125 Lng: 105.56358166666665
05-18 15:43:12.334 E/GPSManager( 1824): Location changed : Lat: 40.00125 Lng: 105.56358166666665
05-18 15:43:13.334 E/GPSManager( 1824): Location changed : Lat: 40.00125 Lng: 105.56358166666665
05-18 15:43:14.334 E/GPSManager( 1824): Location changed : Lat: 40.00125 Lng: 105.56358166666665
05-18 15:43:15.364 E/GPSManager( 1824): Location changed : Lat: 40.00125 Lng: 105.56358166666665
05-18 15:43:16.354 E/GPSManager( 1824): Location changed : Lat: 40.00125 Lng: 105.56358166666665
05-18 15:43:17.364 E/GPSManager( 1824): Location changed : Lat: 40.00125 Lng: 105.56358166666665
05-18 15:43:18.364 E/GPSManager( 1824): Location changed : Lat: 40.00125 Lng: 105.56358166666665
05-18 15:43:19.364 E/GPSManager( 1824): Location changed : Lat: 40.00125 Lng: 105.56358166666665
05-18 15:43:20.384 E/GPSManager( 1824): Location changed : Lat: 40.00125 Lng: 105.56358166666665
05-18 15:43:21.374 E/GPSManager( 1824): Location changed : Lat: 40.00125 Lng: 105.56358166666665
05-18 15:43:22.374 E/GPSManager( 1824): Location changed : Lat: 40.00125 Lng: 105.56358166666665
05-18 15:43:23.434 E/GPSManager( 1824): Location changed : Lat: 40.00125 Lng: 105.56358166666665
05-18 15:43:23.834 E/FastMixer(  167): did not receive expected priority boost
05-18 15:43:24.464 E/GPSManager( 1824): Location changed : Lat: 40.00125 Lng: 105.56358166666665
05-18 15:43:25.504 E/GPSManager( 1824): Location changed : Lat: 40.00125 Lng: 105.56358166666665
05-18 15:43:26.394 E/GPSManager( 1824): Location changed : Lat: 40.00125 Lng: 105.56358166666665
05-18 15:43:27.394 E/GPSManager( 1824): Location changed : Lat: 40.00125 Lng: 105.56358166666665
05-18 15:43:28.384 E/GPSManager( 1824): Location changed : Lat: 40.00125 Lng: 105.56358166666665
05-18 15:43:29.394 E/GPSManager( 1824): Location changed : Lat: 40.00125 Lng: 105.56358166666665
05-18 15:43:30.404 E/GPSManager( 1824): Location changed : Lat: 40.00125 Lng: 105.56358166666665
05-18 15:43:31.434 E/GPSManager( 1824): Location changed : Lat: 40.00125 Lng: 105.56358166666665
05-18 15:43:32.434 E/GPSManager( 1824): Location changed : Lat: 40.00125 Lng: 105.56358166666665
05-18 15:43:33.424 E/GPSManager( 1824): Location changed : Lat: 40.00125 Lng: 105.56358166666665
05-18 15:43:34.464 E/GPSManager( 1824): Location changed : Lat: 40.00125 Lng: 105.56358166666665
05-18 15:43:35.444 E/GPSManager( 1824): Location changed : Lat: 40.00125 Lng: 105.56358166666665
05-18 15:43:36.444 E/GPSManager( 1824): Location changed : Lat: 40.00125 Lng: 105.56358166666665
05-18 15:43:37.444 E/GPSManager( 1824): Location changed : Lat: 40.00125 Lng: 105.56358166666665
05-18 15:43:38.444 E/GPSManager( 1824): Location changed : Lat: 40.00125 Lng: 105.56358166666665
05-18 15:43:39.444 E/GPSManager( 1824): Location changed : Lat: 40.00125 Lng: 105.56358166666665
05-18 15:43:40.454 E/GPSManager( 1824): Location changed : Lat: 40.00125 Lng: 105.56358166666665
05-18 15:43:41.454 E/GPSManager( 1824): Location changed : Lat: 40.00125 Lng: 105.56358166666665
05-18 15:43:42.464 E/GPSManager( 1824): Location changed : Lat: 40.00125 Lng: 105.56358166666665
05-18 15:43:43.504 E/GPSManager( 1824): Location changed : Lat: 40.00125 Lng: 105.56358166666665
05-18 15:43:43.564 E/FastMixer(  167): did not receive expected priority boost
05-18 15:43:44.504 E/GPSManager( 1824): Location changed : Lat: 40.00125 Lng: 105.56358166666665
05-18 15:43:45.474 E/GPSManager( 1824): Location changed : Lat: 40.00125 Lng: 105.56358166666665
05-18 15:43:46.474 E/GPSManager( 1824): Location changed : Lat: 40.00125 Lng: 105.56358166666665
05-18 15:43:47.474 E/GPSManager( 1824): Location changed : Lat: 40.00125 Lng: 105.56358166666665
05-18 15:43:48.484 E/GPSManager( 1824): Location changed : Lat: 40.00125 Lng: 105.56358166666665
05-18 15:43:49.504 E/GPSManager( 1824): Location changed : Lat: 40.00125 Lng: 105.56358166666665
05-18 15:43:50.504 E/GPSManager( 1824): Location changed : Lat: 40.00125 Lng: 105.56358166666665
05-18 15:43:51.504 E/GPSManager( 1824): Location changed : Lat: 40.00125 Lng: 105.56358166666665
05-18 15:43:52.504 E/GPSManager( 1824): Location changed : Lat: 40.00125 Lng: 105.56358166666665
05-18 15:43:53.514 E/GPSManager( 1824): Location changed : Lat: 40.00125 Lng: 105.56358166666665
05-18 15:43:54.504 E/GPSManager( 1824): Location changed : Lat: 40.00125 Lng: 105.56358166666665
05-18 15:43:55.514 E/GPSManager( 1824): Location changed : Lat: 40.00125 Lng: 105.56358166666665
05-18 15:43:56.524 E/GPSManager( 1824): Location changed : Lat: 40.00125 Lng: 105.56358166666665
05-18 15:43:57.524 E/GPSManager( 1824): Location changed : Lat: 40.00125 Lng: 105.56358166666665
05-18 15:43:58.544 E/GPSManager( 1824): Location changed : Lat: 40.00125 Lng: 105.56358166666665
05-18 15:43:59.544 E/GPSManager( 1824): Location changed : Lat: 40.00125 Lng: 105.56358166666665
05-18 15:43:59.904 E/CheckinTask(  946): Checkin failed: https://android.clients.google.com/checkin (request #0): java.net.SocketTimeoutException: failed to connect to android.clients.google.com/74.125.204.113 (port 443) after 120000ms: isConnected failed: ETIMEDOUT (Connection timed out)
05-18 15:44:00.544 E/GPSManager( 1824): Location changed : Lat: 40.00125 Lng: 105.56358166666665
05-18 15:44:01.544 E/GPSManager( 1824): Location changed : Lat: 40.00125 Lng: 105.56358166666665
05-18 15:44:02.554 E/GPSManager( 1824): Location changed : Lat: 40.00125 Lng: 105.56358166666665
05-18 15:44:03.554 E/GPSManager( 1824): Location changed : Lat: 40.00125 Lng: 105.56358166666665
05-18 15:44:04.554 E/GPSManager( 1824): Location changed : Lat: 40.00125 Lng: 105.56358166666665
05-18 15:44:05.574 E/GPSManager( 1824): Location changed : Lat: 40.00125 Lng: 105.56358166666665
05-18 15:44:06.564 E/GPSManager( 1824): Location changed : Lat: 40.00125 Lng: 105.56358166666665
05-18 15:44:07.564 E/GPSManager( 1824): Location changed : Lat: 40.00125 Lng: 105.56358166666665
05-18 15:44:08.564 E/GPSManager( 1824): Location changed : Lat: 40.00125 Lng: 105.56358166666665
05-18 15:44:09.584 E/GPSManager( 1824): Location changed : Lat: 40.00125 Lng: 105.56358166666665
05-18 15:44:10.354 E/memtrack( 2711): Couldn't load memtrack module (No such file or directory)
05-18 15:44:10.354 E/android.os.Debug( 2711): failed to load memtrack module: -2
05-18 15:44:10.584 E/GPSManager( 1824): Location changed : Lat: 40.00125 Lng: 105.56358166666665
05-18 15:44:11.604 E/GPSManager( 1824): Location changed : Lat: 40.00125 Lng: 105.56358166666665
05-18 15:44:11.744 E/cutils-trace( 2711): Error opening trace file: No such file or directory (2)
05-18 15:44:12.094 E/cutils-trace( 2739): Error opening trace file: No such file or directory (2)
05-18 15:44:12.584 E/GPSManager( 1824): Location changed : Lat: 40.00125 Lng: 105.56358166666665
05-18 15:44:13.594 E/GPSManager( 1824): Location changed : Lat: 40.00125 Lng: 105.56358166666665
05-18 15:44:14.614 E/GPSManager( 1824): Location changed : Lat: 40.00125 Lng: 105.56358166666665
05-18 15:44:15.604 E/GPSManager( 1824): Location changed : Lat: 40.00125 Lng: 105.56358166666665
05-18 15:44:16.594 E/GPSManager( 1824): Location changed : Lat: 40.00125 Lng: 105.56358166666665
05-18 15:44:17.604 E/GPSManager( 1824): Location changed : Lat: 40.00125 Lng: 105.56358166666665
05-18 15:44:18.614 E/GPSManager( 1824): Location changed : Lat: 40.00125 Lng: 105.56358166666665
05-18 15:44:19.614 E/GPSManager( 1824): Location changed : Lat: 40.00125 Lng: 105.56358166666665
05-18 15:44:20.624 E/GPSManager( 1824): Location changed : Lat: 40.00125 Lng: 105.56358166666665
05-18 15:44:21.654 E/GPSManager( 1824): Location changed : Lat: 40.00125 Lng: 105.56358166666665
05-18 15:44:22.654 E/GPSManager( 1824): Location changed : Lat: 40.00125 Lng: 105.56358166666665
05-18 15:44:23.644 E/GPSManager( 1824): Location changed : Lat: 40.00125 Lng: 105.56358166666665
05-18 15:44:24.654 E/GPSManager( 1824): Location changed : Lat: 40.00125 Lng: 105.56358166666665
05-18 15:44:25.664 E/GPSManager( 1824): Location changed : Lat: 40.00125 Lng: 105.56358166666665
05-18 15:44:26.664 E/GPSManager( 1824): Location changed : Lat: 40.00125 Lng: 105.56358166666665
05-18 15:44:27.684 E/GPSManager( 1824): Location changed : Lat: 40.00125 Lng: 105.56358166666665
05-18 15:44:28.704 E/GPSManager( 1824): Location changed : Lat: 40.00125 Lng: 105.56358166666665
05-18 15:44:29.684 E/GPSManager( 1824): Location changed : Lat: 40.00125 Lng: 105.56358166666665
05-18 15:44:30.694 E/GPSManager( 1824): Location changed : Lat: 40.00125 Lng: 105.56358166666665
05-18 15:44:31.744 E/GPSManager( 1824): Location changed : Lat: 40.00125 Lng: 105.56358166666665
05-18 15:44:32.754 E/GPSManager( 1824): Location changed : Lat: 40.00125 Lng: 105.56358166666665
05-18 15:44:33.744 E/GPSManager( 1824): Location changed : Lat: 40.00125 Lng: 105.56358166666665
05-18 15:44:34.744 E/GPSManager( 1824): Location changed : Lat: 40.00125 Lng: 105.56358166666665
05-18 15:44:35.764 E/GPSManager( 1824): Location changed : Lat: 40.00125 Lng: 105.56358166666665
05-18 15:44:36.754 E/GPSManager( 1824): Location changed : Lat: 40.00125 Lng: 105.56358166666665
05-18 15:44:37.774 E/GPSManager( 1824): Location changed : Lat: 40.00125 Lng: 105.56358166666665
05-18 15:44:38.764 E/GPSManager( 1824): Location changed : Lat: 40.00125 Lng: 105.56358166666665
05-18 15:44:39.754 E/GPSManager( 1824): Location changed : Lat: 40.00125 Lng: 105.56358166666665
05-18 15:44:40.794 E/GPSManager( 1824): Location changed : Lat: 40.00125 Lng: 105.56358166666665
05-18 15:44:41.804 E/GPSManager( 1824): Location changed : Lat: 40.00125 Lng: 105.56358166666665
05-18 15:44:42.794 E/GPSManager( 1824): Location changed : Lat: 40.00125 Lng: 105.56358166666665
05-18 15:44:43.794 E/GPSManager( 1824): Location changed : Lat: 40.00125 Lng: 105.56358166666665
05-18 15:44:44.804 E/GPSManager( 1824): Location changed : Lat: 40.00125 Lng: 105.56358166666665
05-18 15:44:45.804 E/GPSManager( 1824): Location changed : Lat: 40.00125 Lng: 105.56358166666665
05-18 15:44:46.804 E/GPSManager( 1824): Location changed : Lat: 40.00125 Lng: 105.56358166666665
05-18 15:44:47.814 E/GPSManager( 1824): Location changed : Lat: 40.00125 Lng: 105.56358166666665
05-18 15:44:48.824 E/GPSManager( 1824): Location changed : Lat: 40.00125 Lng: 105.56358166666665
05-18 15:44:49.824 E/GPSManager( 1824): Location changed : Lat: 40.00125 Lng: 105.56358166666665
05-18 15:44:50.834 E/GPSManager( 1824): Location changed : Lat: 40.00125 Lng: 105.56358166666665
05-18 15:44:51.394 E/FastMixer(  167): did not receive expected priority boost
05-18 15:44:51.834 E/GPSManager( 1824): Location changed : Lat: 40.00125 Lng: 105.56358166666665
05-18 15:44:52.834 E/GPSManager( 1824): Location changed : Lat: 40.00125 Lng: 105.56358166666665
05-18 15:44:53.844 E/GPSManager( 1824): Location changed : Lat: 40.00125 Lng: 105.56358166666665
05-18 15:44:54.824 E/GPSManager( 1824): Location changed : Lat: 40.00125 Lng: 105.56358166666665
05-18 15:44:55.834 E/GPSManager( 1824): Location changed : Lat: 40.00125 Lng: 105.56358166666665
05-18 15:44:56.834 E/GPSManager( 1824): Location changed : Lat: 40.00125 Lng: 105.56358166666665
05-18 15:44:57.854 E/GPSManager( 1824): Location changed : Lat: 40.00125 Lng: 105.56358166666665
05-18 15:44:58.124 E/FastMixer(  167): did not receive expected priority boost
05-18 15:44:58.854 E/GPSManager( 1824): Location changed : Lat: 40.00125 Lng: 105.56358166666665
05-18 15:44:59.854 E/GPSManager( 1824): Location changed : Lat: 40.00125 Lng: 105.56358166666665
05-18 15:45:00.854 E/GPSManager( 1824): Location changed : Lat: 40.00125 Lng: 105.56358166666665
05-18 15:45:01.854 E/GPSManager( 1824): Location changed : Lat: 40.00125 Lng: 105.56358166666665
05-18 15:45:02.864 E/GPSManager( 1824): Location changed : Lat: 40.00125 Lng: 105.56358166666665
05-18 15:45:03.894 E/GPSManager( 1824): Location changed : Lat: 40.00125 Lng: 105.56358166666665
05-18 15:45:04.884 E/GPSManager( 1824): Location changed : Lat: 40.00125 Lng: 105.56358166666665
05-18 15:45:05.884 E/GPSManager( 1824): Location changed : Lat: 40.00125 Lng: 105.56358166666665
05-18 15:45:06.914 E/GPSManager( 1824): Location changed : Lat: 40.00125 Lng: 105.56358166666665
05-18 15:45:07.904 E/GPSManager( 1824): Location changed : Lat: 40.00125 Lng: 105.56358166666665
05-18 15:45:08.904 E/GPSManager( 1824): Location changed : Lat: 40.00125 Lng: 105.56358166666665
05-18 15:45:09.904 E/GPSManager( 1824): Location changed : Lat: 40.00125 Lng: 105.56358166666665
05-18 15:45:10.904 E/GPSManager( 1824): Location changed : Lat: 40.00125 Lng: 105.56358166666665
05-18 15:45:11.904 E/GPSManager( 1824): Location changed : Lat: 40.00125 Lng: 105.56358166666665
05-18 15:45:12.924 E/GPSManager( 1824): Location changed : Lat: 40.00125 Lng: 105.56358166666665
05-18 15:45:13.914 E/GPSManager( 1824): Location changed : Lat: 40.00125 Lng: 105.56358166666665
05-18 15:45:14.914 E/GPSManager( 1824): Location changed : Lat: 40.00125 Lng: 105.56358166666665
05-18 15:45:15.944 E/GPSManager( 1824): Location changed : Lat: 40.00125 Lng: 105.56358166666665
05-18 15:45:16.934 E/GPSManager( 1824): Location changed : Lat: 40.00125 Lng: 105.56358166666665
05-18 15:45:17.934 E/GPSManager( 1824): Location changed : Lat: 40.00125 Lng: 105.56358166666665
05-18 15:45:18.954 E/GPSManager( 1824): Location changed : Lat: 40.00125 Lng: 105.56358166666665
05-18 15:45:19.974 E/GPSManager( 1824): Location changed : Lat: 40.00125 Lng: 105.56358166666665
05-18 15:45:20.964 E/GPSManager( 1824): Location changed : Lat: 40.00125 Lng: 105.56358166666665
05-18 15:45:21.964 E/GPSManager( 1824): Location changed : Lat: 40.00125 Lng: 105.56358166666665
05-18 15:45:22.964 E/GPSManager( 1824): Location changed : Lat: 40.00125 Lng: 105.56358166666665
05-18 15:45:23.974 E/GPSManager( 1824): Location changed : Lat: 40.00125 Lng: 105.56358166666665
05-18 15:45:24.984 E/GPSManager( 1824): Location changed : Lat: 40.00125 Lng: 105.56358166666665
05-18 15:45:25.444 E/ActivityThread(  946): Failed to find provider info for com.google.android.wearable.settings
05-18 15:45:25.574 E/GCM     (  721): Missing checkin config file
05-18 15:45:25.574 E/GCM     (  721): Missing checkin config file
05-18 15:45:25.994 E/GPSManager( 1824): Location changed : Lat: 40.00125 Lng: 105.56358166666665
05-18 15:45:26.334 E/GCM     (  721): Missing checkin config file
05-18 15:45:26.334 E/GCM     (  721): Missing checkin config file
05-18 15:45:27.014 E/GPSManager( 1824): Location changed : Lat: 40.00125 Lng: 105.56358166666665
05-18 15:45:28.004 E/GPSManager( 1824): Location changed : Lat: 40.00125 Lng: 105.56358166666665
05-18 15:45:29.044 E/GPSManager( 1824): Location changed : Lat: 40.00125 Lng: 105.56358166666665
05-18 15:45:30.014 E/GPSManager( 1824): Location changed : Lat: 40.00125 Lng: 105.56358166666665
05-18 15:45:31.014 E/GPSManager( 1824): Location changed : Lat: 40.00125 Lng: 105.56358166666665
05-18 15:45:32.024 E/GPSManager( 1824): Location changed : Lat: 40.00125 Lng: 105.56358166666665
05-18 15:45:33.034 E/GPSManager( 1824): Location changed : Lat: 40.00125 Lng: 105.56358166666665
05-18 15:45:34.024 E/GPSManager( 1824): Location changed : Lat: 40.00125 Lng: 105.56358166666665
05-18 15:45:35.034 E/GPSManager( 1824): Location changed : Lat: 40.00125 Lng: 105.56358166666665
05-18 15:45:36.064 E/GPSManager( 1824): Location changed : Lat: 40.00125 Lng: 105.56358166666665
05-18 15:45:37.044 E/GPSManager( 1824): Location changed : Lat: 40.00125 Lng: 105.56358166666665
05-18 15:45:38.044 E/GPSManager( 1824): Location changed : Lat: 40.00125 Lng: 105.56358166666665
05-18 15:45:39.054 E/GPSManager( 1824): Location changed : Lat: 40.00125 Lng: 105.56358166666665
05-18 15:45:40.064 E/GPSManager( 1824): Location changed : Lat: 40.00125 Lng: 105.56358166666665
05-18 15:45:41.094 E/GPSManager( 1824): Location changed : Lat: 40.00125 Lng: 105.56358166666665
05-18 15:45:42.084 E/GPSManager( 1824): Location changed : Lat: 40.00125 Lng: 105.56358166666665
05-18 15:45:43.114 E/GPSManager( 1824): Location changed : Lat: 40.00125 Lng: 105.56358166666665
05-18 15:45:44.084 E/GPSManager( 1824): Location changed : Lat: 40.00125 Lng: 105.56358166666665
05-18 15:45:45.084 E/GPSManager( 1824): Location changed : Lat: 40.00125 Lng: 105.56358166666665
05-18 15:45:46.084 E/GPSManager( 1824): Location changed : Lat: 40.00125 Lng: 105.56358166666665
05-18 15:45:47.094 E/GPSManager( 1824): Location changed : Lat: 40.00125 Lng: 105.56358166666665
05-18 15:45:48.094 E/GPSManager( 1824): Location changed : Lat: 40.00125 Lng: 105.56358166666665
05-18 15:45:49.094 E/GPSManager( 1824): Location changed : Lat: 40.00125 Lng: 105.56358166666665
05-18 15:45:50.094 E/GPSManager( 1824): Location changed : Lat: 40.00125 Lng: 105.56358166666665
05-18 15:45:51.104 E/GPSManager( 1824): Location changed : Lat: 40.00125 Lng: 105.56358166666665
05-18 15:45:52.104 E/GPSManager( 1824): Location changed : Lat: 40.00125 Lng: 105.56358166666665
05-18 15:45:53.124 E/GPSManager( 1824): Location changed : Lat: 40.00125 Lng: 105.56358166666665
05-18 15:45:54.114 E/GPSManager( 1824): Location changed : Lat: 40.00125 Lng: 105.56358166666665
05-18 15:45:55.114 E/GPSManager( 1824): Location changed : Lat: 40.00125 Lng: 105.56358166666665
05-18 15:45:56.134 E/GPSManager( 1824): Location changed : Lat: 40.00125 Lng: 105.56358166666665
05-18 15:45:57.124 E/GPSManager( 1824): Location changed : Lat: 40.00125 Lng: 105.56358166666665
05-18 15:45:58.124 E/GPSManager( 1824): Location changed : Lat: 40.00125 Lng: 105.56358166666665
05-18 15:45:59.134 E/GPSManager( 1824): Location changed : Lat: 40.00125 Lng: 105.56358166666665
05-18 15:46:00.134 E/GPSManager( 1824): Location changed : Lat: 40.00125 Lng: 105.56358166666665
05-18 15:46:01.134 E/GPSManager( 1824): Location changed : Lat: 40.00125 Lng: 105.56358166666665
05-18 15:46:02.134 E/GPSManager( 1824): Location changed : Lat: 40.00125 Lng: 105.56358166666665
05-18 15:46:03.134 E/GPSManager( 1824): Location changed : Lat: 40.00125 Lng: 105.56358166666665
05-18 15:46:04.134 E/GPSManager( 1824): Location changed : Lat: 40.00125 Lng: 105.56358166666665
05-18 15:46:05.144 E/GPSManager( 1824): Location changed : Lat: 40.00125 Lng: 105.56358166666665
05-18 15:46:06.174 E/GPSManager( 1824): Location changed : Lat: 40.00125 Lng: 105.56358166666665
05-18 15:46:07.164 E/GPSManager( 1824): Location changed : Lat: 40.00125 Lng: 105.56358166666665
05-18 15:46:08.164 E/GPSManager( 1824): Location changed : Lat: 40.00125 Lng: 105.56358166666665
05-18 15:46:09.164 E/GPSManager( 1824): Location changed : Lat: 40.00125 Lng: 105.56358166666665
05-18 15:46:10.164 E/GPSManager( 1824): Location changed : Lat: 40.00125 Lng: 105.56358166666665
05-18 15:46:11.204 E/GPSManager( 1824): Location changed : Lat: 40.00125 Lng: 105.56358166666665
05-18 15:46:11.574 E/FastMixer(  167): did not receive expected priority boost
05-18 15:46:12.174 E/GPSManager( 1824): Location changed : Lat: 40.00125 Lng: 105.56358166666665
05-18 15:46:13.194 E/GPSManager( 1824): Location changed : Lat: 40.00125 Lng: 105.56358166666665
05-18 15:46:14.184 E/GPSManager( 1824): Location changed : Lat: 40.00125 Lng: 105.56358166666665
05-18 15:46:15.184 E/GPSManager( 1824): Location changed : Lat: 40.00125 Lng: 105.56358166666665
05-18 15:46:16.194 E/GPSManager( 1824): Location changed : Lat: 40.00125 Lng: 105.56358166666665
05-18 15:46:17.194 E/GPSManager( 1824): Location changed : Lat: 40.00125 Lng: 105.56358166666665
05-18 15:46:18.234 E/GPSManager( 1824): Location changed : Lat: 40.00125 Lng: 105.56358166666665
05-18 15:46:19.224 E/GPSManager( 1824): Location changed : Lat: 40.00125 Lng: 105.56358166666665
05-18 15:46:20.234 E/GPSManager( 1824): Location changed : Lat: 40.00125 Lng: 105.56358166666665
05-18 15:46:21.224 E/GPSManager( 1824): Location changed : Lat: 40.00125 Lng: 105.56358166666665
05-18 15:46:22.224 E/GPSManager( 1824): Location changed : Lat: 40.00125 Lng: 105.56358166666665
05-18 15:46:23.234 E/GPSManager( 1824): Location changed : Lat: 40.00125 Lng: 105.56358166666665
05-18 15:46:24.224 E/GPSManager( 1824): Location changed : Lat: 40.00125 Lng: 105.56358166666665
05-18 15:46:25.234 E/GPSManager( 1824): Location changed : Lat: 40.00125 Lng: 105.56358166666665
05-18 15:46:26.234 E/GPSManager( 1824): Location changed : Lat: 40.00125 Lng: 105.56358166666665
05-18 15:46:27.234 E/GPSManager( 1824): Location changed : Lat: 40.00125 Lng: 105.56358166666665
05-18 15:46:27.704 E/FastMixer(  167): did not receive expected priority boost
05-18 15:46:28.244 E/GPSManager( 1824): Location changed : Lat: 40.00125 Lng: 105.56358166666665
05-18 15:46:29.254 E/GPSManager( 1824): Location changed : Lat: 40.00125 Lng: 105.56358166666665
05-18 15:46:30.234 E/GPSManager( 1824): Location changed : Lat: 40.00125 Lng: 105.56358166666665
05-18 15:46:31.254 E/GPSManager( 1824): Location changed : Lat: 40.00125 Lng: 105.56358166666665
05-18 15:46:32.244 E/GPSManager( 1824): Location changed : Lat: 40.00125 Lng: 105.56358166666665
05-18 15:46:33.264 E/GPSManager( 1824): Location changed : Lat: 40.00125 Lng: 105.56358166666665
05-18 15:46:34.304 E/GPSManager( 1824): Location changed : Lat: 40.00125 Lng: 105.56358166666665
05-18 15:46:35.274 E/GPSManager( 1824): Location changed : Lat: 40.00125 Lng: 105.56358166666665
05-18 15:46:36.274 E/GPSManager( 1824): Location changed : Lat: 40.00125 Lng: 105.56358166666665
05-18 15:46:37.294 E/GPSManager( 1824): Location changed : Lat: 40.00125 Lng: 105.56358166666665
05-18 15:46:38.304 E/GPSManager( 1824): Location changed : Lat: 40.00125 Lng: 105.56358166666665
05-18 15:46:39.304 E/GPSManager( 1824): Location changed : Lat: 40.00125 Lng: 105.56358166666665
05-18 15:46:40.344 E/GPSManager( 1824): Location changed : Lat: 40.00125 Lng: 105.56358166666665
05-18 15:46:41.344 E/GPSManager( 1824): Location changed : Lat: 40.00125 Lng: 105.56358166666665
05-18 15:46:42.324 E/GPSManager( 1824): Location changed : Lat: 40.00125 Lng: 105.56358166666665
05-18 15:46:43.434 E/GPSManager( 1824): Location changed : Lat: 40.00125 Lng: 105.56358166666665
05-18 15:46:44.364 E/GPSManager( 1824): Location changed : Lat: 40.00125 Lng: 105.56358166666665
05-18 15:46:45.354 E/GPSManager( 1824): Location changed : Lat: 40.00125 Lng: 105.56358166666665
05-18 15:46:46.344 E/GPSManager( 1824): Location changed : Lat: 40.00125 Lng: 105.56358166666665
05-18 15:46:47.344 E/GPSManager( 1824): Location changed : Lat: 40.00125 Lng: 105.56358166666665
05-18 15:46:48.374 E/GPSManager( 1824): Location changed : Lat: 40.00125 Lng: 105.56358166666665
05-18 15:46:49.354 E/GPSManager( 1824): Location changed : Lat: 40.00125 Lng: 105.56358166666665
05-18 15:46:50.374 E/GPSManager( 1824): Location changed : Lat: 40.00125 Lng: 105.56358166666665
05-18 15:46:51.374 E/GPSManager( 1824): Location changed : Lat: 40.00125 Lng: 105.56358166666665
05-18 15:46:52.374 E/GPSManager( 1824): Location changed : Lat: 40.00125 Lng: 105.56358166666665
05-18 15:46:53.394 E/GPSManager( 1824): Location changed : Lat: 40.00125 Lng: 105.56358166666665
05-18 15:46:54.394 E/GPSManager( 1824): Location changed : Lat: 40.00125 Lng: 105.56358166666665
05-18 15:46:55.474 E/GPSManager( 1824): Location changed : Lat: 40.00125 Lng: 105.56358166666665
05-18 15:46:56.414 E/GPSManager( 1824): Location changed : Lat: 40.00125 Lng: 105.56358166666665
05-18 15:46:57.434 E/GPSManager( 1824): Location changed : Lat: 40.00125 Lng: 105.56358166666665
05-18 15:46:58.424 E/GPSManager( 1824): Location changed : Lat: 40.00125 Lng: 105.56358166666665
05-18 15:46:59.424 E/GPSManager( 1824): Location changed : Lat: 40.00125 Lng: 105.56358166666665
05-18 15:47:00.454 E/GPSManager( 1824): Location changed : Lat: 40.00125 Lng: 105.56358166666665
05-18 15:47:01.444 E/GPSManager( 1824): Location changed : Lat: 40.00125 Lng: 105.56358166666665
05-18 15:47:02.444 E/GPSManager( 1824): Location changed : Lat: 40.00125 Lng: 105.56358166666665
05-18 15:47:03.454 E/GPSManager( 1824): Location changed : Lat: 40.00125 Lng: 105.56358166666665
05-18 15:47:04.464 E/GPSManager( 1824): Location changed : Lat: 40.00125 Lng: 105.56358166666665
05-18 15:47:05.484 E/GPSManager( 1824): Location changed : Lat: 40.00125 Lng: 105.56358166666665
05-18 15:47:06.474 E/GPSManager( 1824): Location changed : Lat: 40.00125 Lng: 105.56358166666665
05-18 15:47:07.474 E/GPSManager( 1824): Location changed : Lat: 40.00125 Lng: 105.56358166666665
05-18 15:47:08.504 E/GPSManager( 1824): Location changed : Lat: 40.00125 Lng: 105.56358166666665
05-18 15:47:09.504 E/GPSManager( 1824): Location changed : Lat: 40.00125 Lng: 105.56358166666665
05-18 15:47:10.494 E/GPSManager( 1824): Location changed : Lat: 40.00125 Lng: 105.56358166666665
05-18 15:47:11.494 E/GPSManager( 1824): Location changed : Lat: 40.00125 Lng: 105.56358166666665
05-18 15:47:12.504 E/GPSManager( 1824): Location changed : Lat: 40.00125 Lng: 105.56358166666665
05-18 15:47:13.504 E/GPSManager( 1824): Location changed : Lat: 40.00125 Lng: 105.56358166666665
05-18 15:47:14.514 E/GPSManager( 1824): Location changed : Lat: 40.00125 Lng: 105.56358166666665
05-18 15:47:15.514 E/GPSManager( 1824): Location changed : Lat: 40.00125 Lng: 105.56358166666665
05-18 15:47:16.504 E/GPSManager( 1824): Location changed : Lat: 40.00125 Lng: 105.56358166666665
05-18 15:47:17.524 E/GPSManager( 1824): Location changed : Lat: 40.00125 Lng: 105.56358166666665
05-18 15:47:18.514 E/GPSManager( 1824): Location changed : Lat: 40.00125 Lng: 105.56358166666665
