05-18 14:45:46.008 E/GPSManager( 4722): Location changed : Lat: 40.00125 Lng: 105.56358166666665
05-18 14:45:47.018 E/GPSManager( 4722): Location changed : Lat: 40.00125 Lng: 105.56358166666665
05-18 14:45:48.008 E/GPSManager( 4722): Location changed : Lat: 40.00125 Lng: 105.56358166666665
05-18 14:45:49.018 E/GPSManager( 4722): Location changed : Lat: 40.00125 Lng: 105.56358166666665
05-18 14:45:50.038 E/GPSManager( 4722): Location changed : Lat: 40.00125 Lng: 105.56358166666665
05-18 14:45:51.038 E/GPSManager( 4722): Location changed : Lat: 40.00125 Lng: 105.56358166666665
05-18 14:45:52.028 E/GPSManager( 4722): Location changed : Lat: 40.00125 Lng: 105.56358166666665
05-18 14:45:53.028 E/GPSManager( 4722): Location changed : Lat: 40.00125 Lng: 105.56358166666665
05-18 14:45:54.048 E/GPSManager( 4722): Location changed : Lat: 40.00125 Lng: 105.56358166666665
05-18 14:45:55.038 E/GPSManager( 4722): Location changed : Lat: 40.00125 Lng: 105.56358166666665
05-18 14:45:56.048 E/GPSManager( 4722): Location changed : Lat: 40.00125 Lng: 105.56358166666665
05-18 14:45:57.058 E/GPSManager( 4722): Location changed : Lat: 40.00125 Lng: 105.56358166666665
05-18 14:45:58.058 E/GPSManager( 4722): Location changed : Lat: 40.00125 Lng: 105.56358166666665
05-18 14:45:59.058 E/GPSManager( 4722): Location changed : Lat: 40.00125 Lng: 105.56358166666665
05-18 14:46:00.178 E/GPSManager( 4722): Location changed : Lat: 40.00125 Lng: 105.56358166666665
05-18 14:46:01.088 E/GPSManager( 4722): Location changed : Lat: 40.00125 Lng: 105.56358166666665
05-18 14:46:02.098 E/GPSManager( 4722): Location changed : Lat: 40.00125 Lng: 105.56358166666665
05-18 14:46:03.088 E/GPSManager( 4722): Location changed : Lat: 40.00125 Lng: 105.56358166666665
05-18 14:46:04.098 E/GPSManager( 4722): Location changed : Lat: 40.00125 Lng: 105.56358166666665
05-18 14:46:05.098 E/GPSManager( 4722): Location changed : Lat: 40.00125 Lng: 105.56358166666665
05-18 14:46:06.098 E/GPSManager( 4722): Location changed : Lat: 40.00125 Lng: 105.56358166666665
05-18 14:46:07.108 E/GPSManager( 4722): Location changed : Lat: 40.00125 Lng: 105.56358166666665
05-18 14:46:08.108 E/GPSManager( 4722): Location changed : Lat: 40.00125 Lng: 105.56358166666665
05-18 14:46:09.108 E/GPSManager( 4722): Location changed : Lat: 40.00125 Lng: 105.56358166666665
05-18 14:46:10.118 E/GPSManager( 4722): Location changed : Lat: 40.00125 Lng: 105.56358166666665
05-18 14:46:11.128 E/GPSManager( 4722): Location changed : Lat: 40.00125 Lng: 105.56358166666665
05-18 14:46:12.138 E/GPSManager( 4722): Location changed : Lat: 40.00125 Lng: 105.56358166666665
05-18 14:46:13.158 E/GPSManager( 4722): Location changed : Lat: 40.00125 Lng: 105.56358166666665
05-18 14:46:14.158 E/GPSManager( 4722): Location changed : Lat: 40.00125 Lng: 105.56358166666665
05-18 14:46:15.168 E/GPSManager( 4722): Location changed : Lat: 40.00125 Lng: 105.56358166666665
05-18 14:46:16.168 E/GPSManager( 4722): Location changed : Lat: 40.00125 Lng: 105.56358166666665
05-18 14:46:17.178 E/GPSManager( 4722): Location changed : Lat: 40.00125 Lng: 105.56358166666665
05-18 14:46:18.188 E/GPSManager( 4722): Location changed : Lat: 40.00125 Lng: 105.56358166666665
05-18 14:46:19.188 E/GPSManager( 4722): Location changed : Lat: 40.00125 Lng: 105.56358166666665
05-18 14:46:20.198 E/GPSManager( 4722): Location changed : Lat: 40.00125 Lng: 105.56358166666665
05-18 14:46:21.208 E/GPSManager( 4722): Location changed : Lat: 40.00125 Lng: 105.56358166666665
05-18 14:46:22.228 E/GPSManager( 4722): Location changed : Lat: 40.00125 Lng: 105.56358166666665
05-18 14:46:23.208 E/GPSManager( 4722): Location changed : Lat: 40.00125 Lng: 105.56358166666665
05-18 14:46:24.238 E/GPSManager( 4722): Location changed : Lat: 40.00125 Lng: 105.56358166666665
05-18 14:46:25.228 E/GPSManager( 4722): Location changed : Lat: 40.00125 Lng: 105.56358166666665
05-18 14:46:26.228 E/GPSManager( 4722): Location changed : Lat: 40.00125 Lng: 105.56358166666665
05-18 14:46:27.228 E/GPSManager( 4722): Location changed : Lat: 40.00125 Lng: 105.56358166666665
05-18 14:46:28.228 E/GPSManager( 4722): Location changed : Lat: 40.00125 Lng: 105.56358166666665
05-18 14:46:29.238 E/GPSManager( 4722): Location changed : Lat: 40.00125 Lng: 105.56358166666665
05-18 14:46:30.238 E/GPSManager( 4722): Location changed : Lat: 40.00125 Lng: 105.56358166666665
05-18 14:46:31.248 E/GPSManager( 4722): Location changed : Lat: 40.00125 Lng: 105.56358166666665
05-18 14:46:32.258 E/GPSManager( 4722): Location changed : Lat: 40.00125 Lng: 105.56358166666665
05-18 14:46:33.278 E/GPSManager( 4722): Location changed : Lat: 40.00125 Lng: 105.56358166666665
05-18 14:46:34.268 E/GPSManager( 4722): Location changed : Lat: 40.00125 Lng: 105.56358166666665
05-18 14:46:35.268 E/GPSManager( 4722): Location changed : Lat: 40.00125 Lng: 105.56358166666665
05-18 14:46:36.268 E/GPSManager( 4722): Location changed : Lat: 40.00125 Lng: 105.56358166666665
05-18 14:46:37.298 E/GPSManager( 4722): Location changed : Lat: 40.00125 Lng: 105.56358166666665
05-18 14:46:38.308 E/GPSManager( 4722): Location changed : Lat: 40.00125 Lng: 105.56358166666665
05-18 14:46:39.298 E/GPSManager( 4722): Location changed : Lat: 40.00125 Lng: 105.56358166666665
05-18 14:46:40.298 E/GPSManager( 4722): Location changed : Lat: 40.00125 Lng: 105.56358166666665
05-18 14:46:41.318 E/GPSManager( 4722): Location changed : Lat: 40.00125 Lng: 105.56358166666665
05-18 14:46:42.308 E/GPSManager( 4722): Location changed : Lat: 40.00125 Lng: 105.56358166666665
05-18 14:46:43.318 E/GPSManager( 4722): Location changed : Lat: 40.00125 Lng: 105.56358166666665
05-18 14:46:44.338 E/GPSManager( 4722): Location changed : Lat: 40.00125 Lng: 105.56358166666665
05-18 14:46:45.338 E/GPSManager( 4722): Location changed : Lat: 40.00125 Lng: 105.56358166666665
05-18 14:46:46.338 E/GPSManager( 4722): Location changed : Lat: 40.00125 Lng: 105.56358166666665
05-18 14:46:47.348 E/GPSManager( 4722): Location changed : Lat: 40.00125 Lng: 105.56358166666665
05-18 14:46:48.368 E/GPSManager( 4722): Location changed : Lat: 40.00125 Lng: 105.56358166666665
05-18 14:46:49.358 E/GPSManager( 4722): Location changed : Lat: 40.00125 Lng: 105.56358166666665
05-18 14:46:50.378 E/GPSManager( 4722): Location changed : Lat: 40.00125 Lng: 105.56358166666665
05-18 14:46:51.368 E/GPSManager( 4722): Location changed : Lat: 40.00125 Lng: 105.56358166666665
05-18 14:46:52.398 E/GPSManager( 4722): Location changed : Lat: 40.00125 Lng: 105.56358166666665
05-18 14:46:53.388 E/GPSManager( 4722): Location changed : Lat: 40.00125 Lng: 105.56358166666665
05-18 14:46:54.408 E/GPSManager( 4722): Location changed : Lat: 40.00125 Lng: 105.56358166666665
05-18 14:46:55.428 E/GPSManager( 4722): Location changed : Lat: 40.00125 Lng: 105.56358166666665
05-18 14:46:56.418 E/GPSManager( 4722): Location changed : Lat: 40.00125 Lng: 105.56358166666665
05-18 14:46:57.428 E/GPSManager( 4722): Location changed : Lat: 40.00125 Lng: 105.56358166666665
05-18 14:46:58.418 E/GPSManager( 4722): Location changed : Lat: 40.00125 Lng: 105.56358166666665
05-18 14:46:59.418 E/GPSManager( 4722): Location changed : Lat: 40.00125 Lng: 105.56358166666665
05-18 14:47:00.418 E/GPSManager( 4722): Location changed : Lat: 40.00125 Lng: 105.56358166666665
05-18 14:47:01.418 E/GPSManager( 4722): Location changed : Lat: 40.00125 Lng: 105.56358166666665
05-18 14:47:02.418 E/GPSManager( 4722): Location changed : Lat: 40.00125 Lng: 105.56358166666665
05-18 14:47:03.428 E/GPSManager( 4722): Location changed : Lat: 40.00125 Lng: 105.56358166666665
05-18 14:47:04.428 E/GPSManager( 4722): Location changed : Lat: 40.00125 Lng: 105.56358166666665
05-18 14:47:05.448 E/GPSManager( 4722): Location changed : Lat: 40.00125 Lng: 105.56358166666665
05-18 14:47:06.438 E/GPSManager( 4722): Location changed : Lat: 40.00125 Lng: 105.56358166666665
05-18 14:47:07.448 E/GPSManager( 4722): Location changed : Lat: 40.00125 Lng: 105.56358166666665
05-18 14:47:08.448 E/GPSManager( 4722): Location changed : Lat: 40.00125 Lng: 105.56358166666665
05-18 14:47:09.458 E/GPSManager( 4722): Location changed : Lat: 40.00125 Lng: 105.56358166666665
05-18 14:47:10.458 E/GPSManager( 4722): Location changed : Lat: 40.00125 Lng: 105.56358166666665
05-18 14:47:11.468 E/GPSManager( 4722): Location changed : Lat: 40.00125 Lng: 105.56358166666665
05-18 14:47:12.468 E/GPSManager( 4722): Location changed : Lat: 40.00125 Lng: 105.56358166666665
05-18 14:47:13.468 E/GPSManager( 4722): Location changed : Lat: 40.00125 Lng: 105.56358166666665
05-18 14:47:14.478 E/GPSManager( 4722): Location changed : Lat: 40.00125 Lng: 105.56358166666665
05-18 14:47:15.498 E/GPSManager( 4722): Location changed : Lat: 40.00125 Lng: 105.56358166666665
05-18 14:47:16.488 E/GPSManager( 4722): Location changed : Lat: 40.00125 Lng: 105.56358166666665
05-18 14:47:17.488 E/GPSManager( 4722): Location changed : Lat: 40.00125 Lng: 105.56358166666665
05-18 14:47:18.508 E/GPSManager( 4722): Location changed : Lat: 40.00125 Lng: 105.56358166666665
05-18 14:47:19.498 E/GPSManager( 4722): Location changed : Lat: 40.00125 Lng: 105.56358166666665
05-18 14:47:20.518 E/GPSManager( 4722): Location changed : Lat: 40.00125 Lng: 105.56358166666665
05-18 14:47:21.518 E/GPSManager( 4722): Location changed : Lat: 40.00125 Lng: 105.56358166666665
05-18 14:47:22.518 E/GPSManager( 4722): Location changed : Lat: 40.00125 Lng: 105.56358166666665
05-18 14:47:23.518 E/GPSManager( 4722): Location changed : Lat: 40.00125 Lng: 105.56358166666665
05-18 14:47:24.538 E/GPSManager( 4722): Location changed : Lat: 40.00125 Lng: 105.56358166666665
05-18 14:47:25.528 E/GPSManager( 4722): Location changed : Lat: 40.00125 Lng: 105.56358166666665
05-18 14:47:26.548 E/GPSManager( 4722): Location changed : Lat: 40.00125 Lng: 105.56358166666665
05-18 14:47:27.538 E/GPSManager( 4722): Location changed : Lat: 40.00125 Lng: 105.56358166666665
05-18 14:47:28.548 E/GPSManager( 4722): Location changed : Lat: 40.00125 Lng: 105.56358166666665
05-18 14:47:29.558 E/GPSManager( 4722): Location changed : Lat: 40.00125 Lng: 105.56358166666665
05-18 14:47:30.578 E/GPSManager( 4722): Location changed : Lat: 40.00125 Lng: 105.56358166666665
05-18 14:47:31.578 E/GPSManager( 4722): Location changed : Lat: 40.00125 Lng: 105.56358166666665
05-18 14:47:32.578 E/GPSManager( 4722): Location changed : Lat: 40.00125 Lng: 105.56358166666665
05-18 14:47:33.598 E/GPSManager( 4722): Location changed : Lat: 40.00125 Lng: 105.56358166666665
05-18 14:47:34.588 E/GPSManager( 4722): Location changed : Lat: 40.00125 Lng: 105.56358166666665
05-18 14:47:35.588 E/GPSManager( 4722): Location changed : Lat: 40.00125 Lng: 105.56358166666665
05-18 14:47:36.618 E/GPSManager( 4722): Location changed : Lat: 40.00125 Lng: 105.56358166666665
05-18 14:47:37.638 E/GPSManager( 4722): Location changed : Lat: 40.00125 Lng: 105.56358166666665
05-18 14:47:38.628 E/GPSManager( 4722): Location changed : Lat: 40.00125 Lng: 105.56358166666665
05-18 14:47:39.638 E/GPSManager( 4722): Location changed : Lat: 40.00125 Lng: 105.56358166666665
05-18 14:47:40.638 E/GPSManager( 4722): Location changed : Lat: 40.00125 Lng: 105.56358166666665
05-18 14:47:41.648 E/GPSManager( 4722): Location changed : Lat: 40.00125 Lng: 105.56358166666665
05-18 14:47:42.658 E/GPSManager( 4722): Location changed : Lat: 40.00125 Lng: 105.56358166666665
05-18 14:47:43.678 E/GPSManager( 4722): Location changed : Lat: 40.00125 Lng: 105.56358166666665
05-18 14:47:44.688 E/GPSManager( 4722): Location changed : Lat: 40.00125 Lng: 105.56358166666665
05-18 14:47:45.698 E/GPSManager( 4722): Location changed : Lat: 40.00125 Lng: 105.56358166666665
05-18 14:47:46.688 E/GPSManager( 4722): Location changed : Lat: 40.00125 Lng: 105.56358166666665
05-18 14:47:47.708 E/GPSManager( 4722): Location changed : Lat: 40.00125 Lng: 105.56358166666665
05-18 14:47:48.718 E/GPSManager( 4722): Location changed : Lat: 40.00125 Lng: 105.56358166666665
05-18 14:47:49.708 E/GPSManager( 4722): Location changed : Lat: 40.00125 Lng: 105.56358166666665
05-18 14:47:50.708 E/GPSManager( 4722): Location changed : Lat: 40.00125 Lng: 105.56358166666665
05-18 14:47:51.708 E/GPSManager( 4722): Location changed : Lat: 40.00125 Lng: 105.56358166666665
05-18 14:47:52.728 E/GPSManager( 4722): Location changed : Lat: 40.00125 Lng: 105.56358166666665
05-18 14:47:53.728 E/GPSManager( 4722): Location changed : Lat: 40.00125 Lng: 105.56358166666665
05-18 14:47:54.728 E/GPSManager( 4722): Location changed : Lat: 40.00125 Lng: 105.56358166666665
05-18 14:47:55.738 E/GPSManager( 4722): Location changed : Lat: 40.00125 Lng: 105.56358166666665
05-18 14:47:56.738 E/GPSManager( 4722): Location changed : Lat: 40.00125 Lng: 105.56358166666665
05-18 14:47:57.758 E/GPSManager( 4722): Location changed : Lat: 40.00125 Lng: 105.56358166666665
05-18 14:47:58.758 E/GPSManager( 4722): Location changed : Lat: 40.00125 Lng: 105.56358166666665
05-18 14:47:59.758 E/GPSManager( 4722): Location changed : Lat: 40.00125 Lng: 105.56358166666665
05-18 14:48:00.758 E/GPSManager( 4722): Location changed : Lat: 40.00125 Lng: 105.56358166666665
05-18 14:48:01.758 E/GPSManager( 4722): Location changed : Lat: 40.00125 Lng: 105.56358166666665
05-18 14:48:02.758 E/GPSManager( 4722): Location changed : Lat: 40.00125 Lng: 105.56358166666665
05-18 14:48:03.768 E/GPSManager( 4722): Location changed : Lat: 40.00125 Lng: 105.56358166666665
05-18 14:48:04.788 E/GPSManager( 4722): Location changed : Lat: 40.00125 Lng: 105.56358166666665
05-18 14:48:05.798 E/GPSManager( 4722): Location changed : Lat: 40.00125 Lng: 105.56358166666665
05-18 14:48:06.798 E/GPSManager( 4722): Location changed : Lat: 40.00125 Lng: 105.56358166666665
05-18 14:48:07.798 E/GPSManager( 4722): Location changed : Lat: 40.00125 Lng: 105.56358166666665
05-18 14:48:08.798 E/GPSManager( 4722): Location changed : Lat: 40.00125 Lng: 105.56358166666665
05-18 14:48:09.798 E/GPSManager( 4722): Location changed : Lat: 40.00125 Lng: 105.56358166666665
05-18 14:48:10.828 E/GPSManager( 4722): Location changed : Lat: 40.00125 Lng: 105.56358166666665
05-18 14:48:11.828 E/GPSManager( 4722): Location changed : Lat: 40.00125 Lng: 105.56358166666665
05-18 14:48:12.818 E/GPSManager( 4722): Location changed : Lat: 40.00125 Lng: 105.56358166666665
05-18 14:48:13.818 E/GPSManager( 4722): Location changed : Lat: 40.00125 Lng: 105.56358166666665
05-18 14:48:14.838 E/GPSManager( 4722): Location changed : Lat: 40.00125 Lng: 105.56358166666665
05-18 14:48:15.848 E/GPSManager( 4722): Location changed : Lat: 40.00125 Lng: 105.56358166666665
05-18 14:48:16.858 E/GPSManager( 4722): Location changed : Lat: 40.00125 Lng: 105.56358166666665
05-18 14:48:17.868 E/GPSManager( 4722): Location changed : Lat: 40.00125 Lng: 105.56358166666665
05-18 14:48:18.888 E/GPSManager( 4722): Location changed : Lat: 40.00125 Lng: 105.56358166666665
05-18 14:48:19.888 E/GPSManager( 4722): Location changed : Lat: 40.00125 Lng: 105.56358166666665
05-18 14:48:20.908 E/GPSManager( 4722): Location changed : Lat: 40.00125 Lng: 105.56358166666665
05-18 14:48:21.908 E/GPSManager( 4722): Location changed : Lat: 40.00125 Lng: 105.56358166666665
05-18 14:48:22.918 E/GPSManager( 4722): Location changed : Lat: 40.00125 Lng: 105.56358166666665
05-18 14:48:23.908 E/GPSManager( 4722): Location changed : Lat: 40.00125 Lng: 105.56358166666665
05-18 14:48:24.918 E/GPSManager( 4722): Location changed : Lat: 40.00125 Lng: 105.56358166666665
05-18 14:48:25.918 E/GPSManager( 4722): Location changed : Lat: 40.00125 Lng: 105.56358166666665
05-18 14:48:26.938 E/GPSManager( 4722): Location changed : Lat: 40.00125 Lng: 105.56358166666665
05-18 14:48:27.938 E/GPSManager( 4722): Location changed : Lat: 40.00125 Lng: 105.56358166666665
05-18 14:48:28.938 E/GPSManager( 4722): Location changed : Lat: 40.00125 Lng: 105.56358166666665
05-18 14:48:29.958 E/GPSManager( 4722): Location changed : Lat: 40.00125 Lng: 105.56358166666665
05-18 14:48:30.948 E/GPSManager( 4722): Location changed : Lat: 40.00125 Lng: 105.56358166666665
05-18 14:48:31.948 E/GPSManager( 4722): Location changed : Lat: 40.00125 Lng: 105.56358166666665
05-18 14:48:32.948 E/GPSManager( 4722): Location changed : Lat: 40.00125 Lng: 105.56358166666665
05-18 14:48:33.958 E/GPSManager( 4722): Location changed : Lat: 40.00125 Lng: 105.56358166666665
05-18 14:48:34.958 E/GPSManager( 4722): Location changed : Lat: 40.00125 Lng: 105.56358166666665
05-18 14:48:35.978 E/GPSManager( 4722): Location changed : Lat: 40.00125 Lng: 105.56358166666665
05-18 14:48:36.968 E/GPSManager( 4722): Location changed : Lat: 40.00125 Lng: 105.56358166666665
05-18 14:48:37.998 E/GPSManager( 4722): Location changed : Lat: 40.00125 Lng: 105.56358166666665
05-18 14:48:38.998 E/GPSManager( 4722): Location changed : Lat: 40.00125 Lng: 105.56358166666665
05-18 14:48:39.998 E/GPSManager( 4722): Location changed : Lat: 40.00125 Lng: 105.56358166666665
05-18 14:48:41.008 E/GPSManager( 4722): Location changed : Lat: 40.00125 Lng: 105.56358166666665
05-18 14:48:41.998 E/GPSManager( 4722): Location changed : Lat: 40.00125 Lng: 105.56358166666665
05-18 14:48:43.008 E/GPSManager( 4722): Location changed : Lat: 40.00125 Lng: 105.56358166666665
05-18 14:48:44.008 E/GPSManager( 4722): Location changed : Lat: 40.00125 Lng: 105.56358166666665
05-18 14:48:45.018 E/GPSManager( 4722): Location changed : Lat: 40.00125 Lng: 105.56358166666665
05-18 14:48:46.028 E/GPSManager( 4722): Location changed : Lat: 40.00125 Lng: 105.56358166666665
05-18 14:48:47.028 E/GPSManager( 4722): Location changed : Lat: 40.00125 Lng: 105.56358166666665
05-18 14:48:48.028 E/GPSManager( 4722): Location changed : Lat: 40.00125 Lng: 105.56358166666665
05-18 14:48:49.038 E/GPSManager( 4722): Location changed : Lat: 40.00125 Lng: 105.56358166666665
05-18 14:48:50.048 E/GPSManager( 4722): Location changed : Lat: 40.00125 Lng: 105.56358166666665
05-18 14:48:51.058 E/GPSManager( 4722): Location changed : Lat: 40.00125 Lng: 105.56358166666665
05-18 14:48:52.078 E/GPSManager( 4722): Location changed : Lat: 40.00125 Lng: 105.56358166666665
05-18 14:48:53.088 E/GPSManager( 4722): Location changed : Lat: 40.00125 Lng: 105.56358166666665
05-18 14:48:54.078 E/GPSManager( 4722): Location changed : Lat: 40.00125 Lng: 105.56358166666665
05-18 14:48:55.088 E/GPSManager( 4722): Location changed : Lat: 40.00125 Lng: 105.56358166666665
05-18 14:48:56.108 E/GPSManager( 4722): Location changed : Lat: 40.00125 Lng: 105.56358166666665
05-18 14:48:57.118 E/GPSManager( 4722): Location changed : Lat: 40.00125 Lng: 105.56358166666665
05-18 14:48:58.128 E/GPSManager( 4722): Location changed : Lat: 40.00125 Lng: 105.56358166666665
05-18 14:48:59.128 E/GPSManager( 4722): Location changed : Lat: 40.00125 Lng: 105.56358166666665
05-18 14:49:00.128 E/GPSManager( 4722): Location changed : Lat: 40.00125 Lng: 105.56358166666665
05-18 14:49:01.138 E/GPSManager( 4722): Location changed : Lat: 40.00125 Lng: 105.56358166666665
05-18 14:49:02.138 E/GPSManager( 4722): Location changed : Lat: 40.00125 Lng: 105.56358166666665
05-18 14:49:03.148 E/GPSManager( 4722): Location changed : Lat: 40.00125 Lng: 105.56358166666665
05-18 14:49:04.158 E/GPSManager( 4722): Location changed : Lat: 40.00125 Lng: 105.56358166666665
05-18 14:49:05.158 E/GPSManager( 4722): Location changed : Lat: 40.00125 Lng: 105.56358166666665
05-18 14:49:06.168 E/GPSManager( 4722): Location changed : Lat: 40.00125 Lng: 105.56358166666665
05-18 14:49:07.178 E/GPSManager( 4722): Location changed : Lat: 40.00125 Lng: 105.56358166666665
05-18 14:49:08.258 E/GPSManager( 4722): Location changed : Lat: 40.00125 Lng: 105.56358166666665
05-18 14:49:09.198 E/GPSManager( 4722): Location changed : Lat: 40.00125 Lng: 105.56358166666665
05-18 14:49:10.198 E/GPSManager( 4722): Location changed : Lat: 40.00125 Lng: 105.56358166666665
05-18 14:49:11.198 E/GPSManager( 4722): Location changed : Lat: 40.00125 Lng: 105.56358166666665
05-18 14:49:12.208 E/GPSManager( 4722): Location changed : Lat: 40.00125 Lng: 105.56358166666665
05-18 14:49:13.228 E/GPSManager( 4722): Location changed : Lat: 40.00125 Lng: 105.56358166666665
05-18 14:49:14.218 E/GPSManager( 4722): Location changed : Lat: 40.00125 Lng: 105.56358166666665
05-18 14:49:14.538 E/PlayCommon(  852): [43] com.google.android.play.a.g.a(1054): Failed to connect to server: javax.net.ssl.SSLException: Connection closed by peer
05-18 14:49:15.218 E/GPSManager( 4722): Location changed : Lat: 40.00125 Lng: 105.56358166666665
05-18 14:49:16.228 E/GPSManager( 4722): Location changed : Lat: 40.00125 Lng: 105.56358166666665
05-18 14:49:17.228 E/GPSManager( 4722): Location changed : Lat: 40.00125 Lng: 105.56358166666665
05-18 14:49:18.248 E/GPSManager( 4722): Location changed : Lat: 40.00125 Lng: 105.56358166666665
05-18 14:49:19.258 E/GPSManager( 4722): Location changed : Lat: 40.00125 Lng: 105.56358166666665
05-18 14:49:20.248 E/GPSManager( 4722): Location changed : Lat: 40.00125 Lng: 105.56358166666665
05-18 14:49:21.278 E/GPSManager( 4722): Location changed : Lat: 40.00125 Lng: 105.56358166666665
05-18 14:49:22.278 E/GPSManager( 4722): Location changed : Lat: 40.00125 Lng: 105.56358166666665
05-18 14:49:23.278 E/GPSManager( 4722): Location changed : Lat: 40.00125 Lng: 105.56358166666665
05-18 14:49:24.298 E/GPSManager( 4722): Location changed : Lat: 40.00125 Lng: 105.56358166666665
05-18 14:49:25.308 E/GPSManager( 4722): Location changed : Lat: 40.00125 Lng: 105.56358166666665
05-18 14:49:26.298 E/GPSManager( 4722): Location changed : Lat: 40.00125 Lng: 105.56358166666665
05-18 14:49:27.318 E/GPSManager( 4722): Location changed : Lat: 40.00125 Lng: 105.56358166666665
05-18 14:49:28.318 E/GPSManager( 4722): Location changed : Lat: 40.00125 Lng: 105.56358166666665
05-18 14:49:29.328 E/GPSManager( 4722): Location changed : Lat: 40.00125 Lng: 105.56358166666665
05-18 14:49:30.348 E/GPSManager( 4722): Location changed : Lat: 40.00125 Lng: 105.56358166666665
05-18 14:49:31.338 E/GPSManager( 4722): Location changed : Lat: 40.00125 Lng: 105.56358166666665
05-18 14:49:32.348 E/GPSManager( 4722): Location changed : Lat: 40.00125 Lng: 105.56358166666665
05-18 14:49:33.348 E/GPSManager( 4722): Location changed : Lat: 40.00125 Lng: 105.56358166666665
05-18 14:49:34.368 E/GPSManager( 4722): Location changed : Lat: 40.00125 Lng: 105.56358166666665
05-18 14:49:35.378 E/GPSManager( 4722): Location changed : Lat: 40.00125 Lng: 105.56358166666665
05-18 14:49:36.378 E/GPSManager( 4722): Location changed : Lat: 40.00125 Lng: 105.56358166666665
05-18 14:49:37.378 E/GPSManager( 4722): Location changed : Lat: 40.00125 Lng: 105.56358166666665
05-18 14:49:38.378 E/GPSManager( 4722): Location changed : Lat: 40.00125 Lng: 105.56358166666665
05-18 14:49:39.378 E/GPSManager( 4722): Location changed : Lat: 40.00125 Lng: 105.56358166666665
05-18 14:49:40.388 E/GPSManager( 4722): Location changed : Lat: 40.00125 Lng: 105.56358166666665
05-18 14:49:41.408 E/GPSManager( 4722): Location changed : Lat: 40.00125 Lng: 105.56358166666665
05-18 14:49:42.438 E/GPSManager( 4722): Location changed : Lat: 40.00125 Lng: 105.56358166666665
05-18 14:49:43.408 E/GPSManager( 4722): Location changed : Lat: 40.00125 Lng: 105.56358166666665
05-18 14:49:44.438 E/GPSManager( 4722): Location changed : Lat: 40.00125 Lng: 105.56358166666665
05-18 14:49:45.448 E/GPSManager( 4722): Location changed : Lat: 40.00125 Lng: 105.56358166666665
05-18 14:49:46.438 E/GPSManager( 4722): Location changed : Lat: 40.00125 Lng: 105.56358166666665
05-18 14:49:47.458 E/GPSManager( 4722): Location changed : Lat: 40.00125 Lng: 105.56358166666665
05-18 14:49:48.468 E/GPSManager( 4722): Location changed : Lat: 40.00125 Lng: 105.56358166666665
05-18 14:49:49.488 E/GPSManager( 4722): Location changed : Lat: 40.00125 Lng: 105.56358166666665
05-18 14:49:50.498 E/GPSManager( 4722): Location changed : Lat: 40.00125 Lng: 105.56358166666665
05-18 14:49:51.488 E/GPSManager( 4722): Location changed : Lat: 40.00125 Lng: 105.56358166666665
05-18 14:49:52.518 E/GPSManager( 4722): Location changed : Lat: 40.00125 Lng: 105.56358166666665
05-18 14:49:53.498 E/GPSManager( 4722): Location changed : Lat: 40.00125 Lng: 105.56358166666665
05-18 14:49:54.508 E/GPSManager( 4722): Location changed : Lat: 40.00125 Lng: 105.56358166666665
05-18 14:49:55.508 E/GPSManager( 4722): Location changed : Lat: 40.00125 Lng: 105.56358166666665
05-18 14:49:56.528 E/GPSManager( 4722): Location changed : Lat: 40.00125 Lng: 105.56358166666665
05-18 14:49:57.518 E/GPSManager( 4722): Location changed : Lat: 40.00125 Lng: 105.56358166666665
05-18 14:49:58.538 E/GPSManager( 4722): Location changed : Lat: 40.00125 Lng: 105.56358166666665
05-18 14:49:59.538 E/GPSManager( 4722): Location changed : Lat: 40.00125 Lng: 105.56358166666665
05-18 14:50:00.558 E/GPSManager( 4722): Location changed : Lat: 40.00125 Lng: 105.56358166666665
05-18 14:50:01.548 E/GPSManager( 4722): Location changed : Lat: 40.00125 Lng: 105.56358166666665
05-18 14:50:02.628 E/GPSManager( 4722): Location changed : Lat: 40.00125 Lng: 105.56358166666665
05-18 14:50:03.628 E/GPSManager( 4722): Location changed : Lat: 40.00125 Lng: 105.56358166666665
05-18 14:50:04.638 E/GPSManager( 4722): Location changed : Lat: 40.00125 Lng: 105.56358166666665
05-18 14:50:05.638 E/GPSManager( 4722): Location changed : Lat: 40.00125 Lng: 105.56358166666665
05-18 14:50:06.648 E/GPSManager( 4722): Location changed : Lat: 40.00125 Lng: 105.56358166666665
05-18 14:50:07.678 E/GPSManager( 4722): Location changed : Lat: 40.00125 Lng: 105.56358166666665
05-18 14:50:08.678 E/GPSManager( 4722): Location changed : Lat: 40.00125 Lng: 105.56358166666665
05-18 14:50:09.698 E/GPSManager( 4722): Location changed : Lat: 40.00125 Lng: 105.56358166666665
05-18 14:50:10.708 E/GPSManager( 4722): Location changed : Lat: 40.00125 Lng: 105.56358166666665
05-18 14:50:11.718 E/GPSManager( 4722): Location changed : Lat: 40.00125 Lng: 105.56358166666665
05-18 14:50:12.708 E/GPSManager( 4722): Location changed : Lat: 40.00125 Lng: 105.56358166666665
05-18 14:50:13.708 E/GPSManager( 4722): Location changed : Lat: 40.00125 Lng: 105.56358166666665
05-18 14:50:14.728 E/GPSManager( 4722): Location changed : Lat: 40.00125 Lng: 105.56358166666665
05-18 14:50:15.738 E/GPSManager( 4722): Location changed : Lat: 40.00125 Lng: 105.56358166666665
05-18 14:50:16.748 E/GPSManager( 4722): Location changed : Lat: 40.00125 Lng: 105.56358166666665
05-18 14:50:17.758 E/GPSManager( 4722): Location changed : Lat: 40.00125 Lng: 105.56358166666665
05-18 14:50:18.758 E/GPSManager( 4722): Location changed : Lat: 40.00125 Lng: 105.56358166666665
05-18 14:50:19.758 E/GPSManager( 4722): Location changed : Lat: 40.00125 Lng: 105.56358166666665
05-18 14:50:20.778 E/GPSManager( 4722): Location changed : Lat: 40.00125 Lng: 105.56358166666665
05-18 14:50:21.778 E/GPSManager( 4722): Location changed : Lat: 40.00125 Lng: 105.56358166666665
05-18 14:50:22.778 E/GPSManager( 4722): Location changed : Lat: 40.00125 Lng: 105.56358166666665
05-18 14:50:23.798 E/GPSManager( 4722): Location changed : Lat: 40.00125 Lng: 105.56358166666665
05-18 14:50:24.798 E/GPSManager( 4722): Location changed : Lat: 40.00125 Lng: 105.56358166666665
05-18 14:50:25.798 E/GPSManager( 4722): Location changed : Lat: 40.00125 Lng: 105.56358166666665
05-18 14:50:26.828 E/GPSManager( 4722): Location changed : Lat: 40.00125 Lng: 105.56358166666665
05-18 14:50:27.828 E/GPSManager( 4722): Location changed : Lat: 40.00125 Lng: 105.56358166666665
05-18 14:50:28.848 E/GPSManager( 4722): Location changed : Lat: 40.00125 Lng: 105.56358166666665
05-18 14:50:29.868 E/GPSManager( 4722): Location changed : Lat: 40.00125 Lng: 105.56358166666665
05-18 14:50:30.878 E/GPSManager( 4722): Location changed : Lat: 40.00125 Lng: 105.56358166666665
05-18 14:50:31.878 E/GPSManager( 4722): Location changed : Lat: 40.00125 Lng: 105.56358166666665
05-18 14:50:32.898 E/GPSManager( 4722): Location changed : Lat: 40.00125 Lng: 105.56358166666665
05-18 14:50:33.888 E/GPSManager( 4722): Location changed : Lat: 40.00125 Lng: 105.56358166666665
05-18 14:50:34.888 E/GPSManager( 4722): Location changed : Lat: 40.00125 Lng: 105.56358166666665
05-18 14:50:35.898 E/GPSManager( 4722): Location changed : Lat: 40.00125 Lng: 105.56358166666665
05-18 14:50:36.918 E/GPSManager( 4722): Location changed : Lat: 40.00125 Lng: 105.56358166666665
05-18 14:50:37.908 E/GPSManager( 4722): Location changed : Lat: 40.00125 Lng: 105.56358166666665
05-18 14:50:38.928 E/GPSManager( 4722): Location changed : Lat: 40.00125 Lng: 105.56358166666665
05-18 14:50:39.938 E/GPSManager( 4722): Location changed : Lat: 40.00125 Lng: 105.56358166666665
05-18 14:50:40.948 E/GPSManager( 4722): Location changed : Lat: 40.00125 Lng: 105.56358166666665
05-18 14:50:41.968 E/GPSManager( 4722): Location changed : Lat: 40.00125 Lng: 105.56358166666665
05-18 14:50:42.968 E/GPSManager( 4722): Location changed : Lat: 40.00125 Lng: 105.56358166666665
05-18 14:50:43.978 E/GPSManager( 4722): Location changed : Lat: 40.00125 Lng: 105.56358166666665
05-18 14:50:44.978 E/GPSManager( 4722): Location changed : Lat: 40.00125 Lng: 105.56358166666665
05-18 14:50:45.978 E/GPSManager( 4722): Location changed : Lat: 40.00125 Lng: 105.56358166666665
05-18 14:50:46.998 E/GPSManager( 4722): Location changed : Lat: 40.00125 Lng: 105.56358166666665
05-18 14:50:47.988 E/GPSManager( 4722): Location changed : Lat: 40.00125 Lng: 105.56358166666665
05-18 14:50:49.008 E/GPSManager( 4722): Location changed : Lat: 40.00125 Lng: 105.56358166666665
05-18 14:50:50.008 E/GPSManager( 4722): Location changed : Lat: 40.00125 Lng: 105.56358166666665
05-18 14:50:51.028 E/GPSManager( 4722): Location changed : Lat: 40.00125 Lng: 105.56358166666665
05-18 14:50:52.038 E/GPSManager( 4722): Location changed : Lat: 40.00125 Lng: 105.56358166666665
05-18 14:50:53.038 E/GPSManager( 4722): Location changed : Lat: 40.00125 Lng: 105.56358166666665
05-18 14:50:54.038 E/GPSManager( 4722): Location changed : Lat: 40.00125 Lng: 105.56358166666665
05-18 14:50:55.048 E/GPSManager( 4722): Location changed : Lat: 40.00125 Lng: 105.56358166666665
05-18 14:50:56.048 E/GPSManager( 4722): Location changed : Lat: 40.00125 Lng: 105.56358166666665
05-18 14:50:57.078 E/GPSManager( 4722): Location changed : Lat: 40.00125 Lng: 105.56358166666665
05-18 14:50:58.068 E/GPSManager( 4722): Location changed : Lat: 40.00125 Lng: 105.56358166666665
05-18 14:50:59.068 E/GPSManager( 4722): Location changed : Lat: 40.00125 Lng: 105.56358166666665
05-18 14:51:00.078 E/GPSManager( 4722): Location changed : Lat: 40.00125 Lng: 105.56358166666665
05-18 14:51:01.078 E/GPSManager( 4722): Location changed : Lat: 40.00125 Lng: 105.56358166666665
05-18 14:51:02.078 E/GPSManager( 4722): Location changed : Lat: 40.00125 Lng: 105.56358166666665
05-18 14:51:03.088 E/GPSManager( 4722): Location changed : Lat: 40.00125 Lng: 105.56358166666665
05-18 14:51:04.098 E/GPSManager( 4722): Location changed : Lat: 40.00125 Lng: 105.56358166666665
05-18 14:51:05.098 E/GPSManager( 4722): Location changed : Lat: 40.00125 Lng: 105.56358166666665
05-18 14:51:06.118 E/GPSManager( 4722): Location changed : Lat: 40.00125 Lng: 105.56358166666665
05-18 14:51:07.128 E/GPSManager( 4722): Location changed : Lat: 40.00125 Lng: 105.56358166666665
05-18 14:51:08.148 E/GPSManager( 4722): Location changed : Lat: 40.00125 Lng: 105.56358166666665
05-18 14:51:09.148 E/GPSManager( 4722): Location changed : Lat: 40.00125 Lng: 105.56358166666665
05-18 14:51:10.158 E/GPSManager( 4722): Location changed : Lat: 40.00125 Lng: 105.56358166666665
05-18 14:51:11.178 E/GPSManager( 4722): Location changed : Lat: 40.00125 Lng: 105.56358166666665
05-18 14:51:12.188 E/GPSManager( 4722): Location changed : Lat: 40.00125 Lng: 105.56358166666665
05-18 14:51:13.208 E/GPSManager( 4722): Location changed : Lat: 40.00125 Lng: 105.56358166666665
05-18 14:51:14.188 E/GPSManager( 4722): Location changed : Lat: 40.00125 Lng: 105.56358166666665
05-18 14:51:15.218 E/GPSManager( 4722): Location changed : Lat: 40.00125 Lng: 105.56358166666665
05-18 14:51:16.218 E/GPSManager( 4722): Location changed : Lat: 40.00125 Lng: 105.56358166666665
05-18 14:51:17.218 E/GPSManager( 4722): Location changed : Lat: 40.00125 Lng: 105.56358166666665
05-18 14:51:18.238 E/GPSManager( 4722): Location changed : Lat: 40.00125 Lng: 105.56358166666665
05-18 14:51:19.238 E/GPSManager( 4722): Location changed : Lat: 40.00125 Lng: 105.56358166666665
05-18 14:51:20.238 E/GPSManager( 4722): Location changed : Lat: 40.00125 Lng: 105.56358166666665
05-18 14:51:21.248 E/GPSManager( 4722): Location changed : Lat: 40.00125 Lng: 105.56358166666665
05-18 14:51:22.258 E/GPSManager( 4722): Location changed : Lat: 40.00125 Lng: 105.56358166666665
05-18 14:51:23.258 E/GPSManager( 4722): Location changed : Lat: 40.00125 Lng: 105.56358166666665
05-18 14:51:24.278 E/GPSManager( 4722): Location changed : Lat: 40.00125 Lng: 105.56358166666665
05-18 14:51:25.268 E/GPSManager( 4722): Location changed : Lat: 40.00125 Lng: 105.56358166666665
05-18 14:51:26.288 E/GPSManager( 4722): Location changed : Lat: 40.00125 Lng: 105.56358166666665
05-18 14:51:27.278 E/GPSManager( 4722): Location changed : Lat: 40.00125 Lng: 105.56358166666665
05-18 14:51:28.278 E/GPSManager( 4722): Location changed : Lat: 40.00125 Lng: 105.56358166666665
05-18 14:51:29.288 E/GPSManager( 4722): Location changed : Lat: 40.00125 Lng: 105.56358166666665
05-18 14:51:30.308 E/GPSManager( 4722): Location changed : Lat: 40.00125 Lng: 105.56358166666665
05-18 14:51:31.318 E/GPSManager( 4722): Location changed : Lat: 40.00125 Lng: 105.56358166666665
05-18 14:51:32.318 E/GPSManager( 4722): Location changed : Lat: 40.00125 Lng: 105.56358166666665
05-18 14:51:33.338 E/GPSManager( 4722): Location changed : Lat: 40.00125 Lng: 105.56358166666665
05-18 14:51:34.348 E/GPSManager( 4722): Location changed : Lat: 40.00125 Lng: 105.56358166666665
05-18 14:51:35.348 E/GPSManager( 4722): Location changed : Lat: 40.00125 Lng: 105.56358166666665
05-18 14:51:36.348 E/GPSManager( 4722): Location changed : Lat: 40.00125 Lng: 105.56358166666665
05-18 14:51:37.368 E/GPSManager( 4722): Location changed : Lat: 40.00125 Lng: 105.56358166666665
05-18 14:51:38.368 E/GPSManager( 4722): Location changed : Lat: 40.00125 Lng: 105.56358166666665
05-18 14:51:39.368 E/GPSManager( 4722): Location changed : Lat: 40.00125 Lng: 105.56358166666665
05-18 14:51:40.388 E/GPSManager( 4722): Location changed : Lat: 40.00125 Lng: 105.56358166666665
05-18 14:51:41.378 E/GPSManager( 4722): Location changed : Lat: 40.00125 Lng: 105.56358166666665
05-18 14:51:42.378 E/GPSManager( 4722): Location changed : Lat: 40.00125 Lng: 105.56358166666665
05-18 14:51:43.398 E/GPSManager( 4722): Location changed : Lat: 40.00125 Lng: 105.56358166666665
05-18 14:51:44.408 E/GPSManager( 4722): Location changed : Lat: 40.00125 Lng: 105.56358166666665
05-18 14:51:45.398 E/GPSManager( 4722): Location changed : Lat: 40.00125 Lng: 105.56358166666665
05-18 14:51:46.418 E/GPSManager( 4722): Location changed : Lat: 40.00125 Lng: 105.56358166666665
05-18 14:51:47.418 E/GPSManager( 4722): Location changed : Lat: 40.00125 Lng: 105.56358166666665
05-18 14:51:48.418 E/GPSManager( 4722): Location changed : Lat: 40.00125 Lng: 105.56358166666665
05-18 14:51:49.418 E/GPSManager( 4722): Location changed : Lat: 40.00125 Lng: 105.56358166666665
05-18 14:51:50.428 E/GPSManager( 4722): Location changed : Lat: 40.00125 Lng: 105.56358166666665
05-18 14:51:51.428 E/GPSManager( 4722): Location changed : Lat: 40.00125 Lng: 105.56358166666665
05-18 14:51:52.428 E/GPSManager( 4722): Location changed : Lat: 40.00125 Lng: 105.56358166666665
05-18 14:51:53.428 E/GPSManager( 4722): Location changed : Lat: 40.00125 Lng: 105.56358166666665
05-18 14:51:53.978 E/memtrack( 5076): Couldn't load memtrack module (No such file or directory)
05-18 14:51:53.978 E/android.os.Debug( 5076): failed to load memtrack module: -2
05-18 14:51:54.068 E/cutils-trace( 5076): Error opening trace file: No such file or directory (2)
05-18 14:51:54.438 E/GPSManager( 4722): Location changed : Lat: 40.00125 Lng: 105.56358166666665
05-18 14:51:55.448 E/GPSManager( 4722): Location changed : Lat: 40.00125 Lng: 105.56358166666665
05-18 14:51:55.588 E/memtrack( 5092): Couldn't load memtrack module (No such file or directory)
05-18 14:51:55.588 E/android.os.Debug( 5092): failed to load memtrack module: -2
05-18 14:51:55.628 E/cutils-trace( 5092): Error opening trace file: No such file or directory (2)
05-18 14:51:56.668 E/GPSManager( 4722): Location changed : Lat: 40.00125 Lng: 105.56358166666665
05-18 14:51:57.458 E/GPSManager( 4722): Location changed : Lat: 40.00125 Lng: 105.56358166666665
05-18 14:51:58.378 E/memtrack( 5107): Couldn't load memtrack module (No such file or directory)
05-18 14:51:58.388 E/android.os.Debug( 5107): failed to load memtrack module: -2
05-18 14:51:58.448 E/GPSManager( 4722): Location changed : Lat: 40.00125 Lng: 105.56358166666665
05-18 14:51:58.528 E/cutils-trace( 5107): Error opening trace file: No such file or directory (2)
05-18 14:51:59.458 E/GPSManager( 4722): Location changed : Lat: 40.00125 Lng: 105.56358166666665
05-18 14:52:01.028 E/memtrack( 5122): Couldn't load memtrack module (No such file or directory)
05-18 14:52:01.028 E/android.os.Debug( 5122): failed to load memtrack module: -2
05-18 14:52:01.148 E/cutils-trace( 5122): Error opening trace file: No such file or directory (2)
05-18 14:52:01.198 E/GPSManager( 4722): Location changed : Lat: 40.00125 Lng: 105.56358166666665
05-18 14:52:01.958 E/GPSManager( 4722): Location changed : Lat: 40.00125 Lng: 105.56358166666665
05-18 14:52:02.968 E/GPSManager( 4722): Location changed : Lat: 40.00125 Lng: 105.56358166666665
05-18 14:52:03.328 E/memtrack( 5134): Couldn't load memtrack module (No such file or directory)
05-18 14:52:03.328 E/android.os.Debug( 5134): failed to load memtrack module: -2
05-18 14:52:03.368 E/cutils-trace( 5134): Error opening trace file: No such file or directory (2)
05-18 14:52:03.968 E/GPSManager( 4722): Location changed : Lat: 40.00125 Lng: 105.56358166666665
05-18 14:52:04.878 E/memtrack( 5146): Couldn't load memtrack module (No such file or directory)
05-18 14:52:04.878 E/android.os.Debug( 5146): failed to load memtrack module: -2
05-18 14:52:04.918 E/cutils-trace( 5146): Error opening trace file: No such file or directory (2)
05-18 14:52:04.968 E/GPSManager( 4722): Location changed : Lat: 40.00125 Lng: 105.56358166666665
05-18 14:52:05.988 E/GPSManager( 4722): Location changed : Lat: 40.00125 Lng: 105.56358166666665
05-18 14:52:05.998 E/memtrack( 5158): Couldn't load memtrack module (No such file or directory)
05-18 14:52:05.998 E/android.os.Debug( 5158): failed to load memtrack module: -2
05-18 14:52:06.048 E/cutils-trace( 5158): Error opening trace file: No such file or directory (2)
05-18 14:52:06.968 E/GPSManager( 4722): Location changed : Lat: 40.00125 Lng: 105.56358166666665
05-18 14:52:07.538 E/memtrack( 5174): Couldn't load memtrack module (No such file or directory)
05-18 14:52:07.538 E/android.os.Debug( 5174): failed to load memtrack module: -2
05-18 14:52:07.568 E/PlayCommon(  852): [43] com.google.android.play.a.g.a(1054): Failed to connect to server: javax.net.ssl.SSLException: Connection closed by peer
05-18 14:52:07.588 E/cutils-trace( 5174): Error opening trace file: No such file or directory (2)
05-18 14:52:07.998 E/GPSManager( 4722): Location changed : Lat: 40.00125 Lng: 105.56358166666665
05-18 14:52:08.518 E/memtrack( 5186): Couldn't load memtrack module (No such file or directory)
05-18 14:52:08.518 E/android.os.Debug( 5186): failed to load memtrack module: -2
05-18 14:52:08.558 E/cutils-trace( 5186): Error opening trace file: No such file or directory (2)
05-18 14:52:08.998 E/GPSManager( 4722): Location changed : Lat: 40.00125 Lng: 105.56358166666665
05-18 14:52:09.998 E/GPSManager( 4722): Location changed : Lat: 40.00125 Lng: 105.56358166666665
05-18 14:52:10.998 E/GPSManager( 4722): Location changed : Lat: 40.00125 Lng: 105.56358166666665
05-18 14:52:11.998 E/GPSManager( 4722): Location changed : Lat: 40.00125 Lng: 105.56358166666665
05-18 14:52:12.628 E/memtrack( 5205): Couldn't load memtrack module (No such file or directory)
05-18 14:52:12.628 E/android.os.Debug( 5205): failed to load memtrack module: -2
05-18 14:52:12.678 E/cutils-trace( 5205): Error opening trace file: No such file or directory (2)
05-18 14:52:12.998 E/GPSManager( 4722): Location changed : Lat: 40.00125 Lng: 105.56358166666665
05-18 14:52:13.658 E/memtrack( 5217): Couldn't load memtrack module (No such file or directory)
05-18 14:52:13.658 E/android.os.Debug( 5217): failed to load memtrack module: -2
05-18 14:52:13.698 E/cutils-trace( 5217): Error opening trace file: No such file or directory (2)
05-18 14:52:14.008 E/GPSManager( 4722): Location changed : Lat: 40.00125 Lng: 105.56358166666665
05-18 14:52:14.618 E/memtrack( 5229): Couldn't load memtrack module (No such file or directory)
05-18 14:52:14.618 E/android.os.Debug( 5229): failed to load memtrack module: -2
05-18 14:52:14.748 E/Cataloger( 1296): syncFile:/storage/emulated/0/Android/data/com.boco.apphall/cache/.nomedia
05-18 14:52:14.758 E/Cataloger( 1296): need not sync path:/storage/emulated/0/Android/data/com.boco.apphall/cache/.nomedia
05-18 14:52:14.768 E/Cataloger( 1296): syncFile:/storage/emulated/0/Android/data/com.boco.apphall/cache/uil-images/57gbxefr6ynwpq4ho1je8qmfo0
05-18 14:52:14.778 E/Cataloger( 1296): need not sync path:/storage/emulated/0/Android/data/com.boco.apphall/cache/uil-images/57gbxefr6ynwpq4ho1je8qmfo0
05-18 14:52:14.778 E/Cataloger( 1296): syncFile:/storage/emulated/0/Android/data/com.boco.apphall/cache/uil-images/5252683xnrtcrm7o65y7uirsl0
05-18 14:52:14.778 E/Cataloger( 1296): need not sync path:/storage/emulated/0/Android/data/com.boco.apphall/cache/uil-images/5252683xnrtcrm7o65y7uirsl0
05-18 14:52:14.808 E/Cataloger( 1296): syncFile:/storage/emulated/0/Android/data/com.boco.apphall/cache/uil-images/2dw14j6zx8fuf59l70lizvt710
05-18 14:52:14.808 E/Cataloger( 1296): need not sync path:/storage/emulated/0/Android/data/com.boco.apphall/cache/uil-images/2dw14j6zx8fuf59l70lizvt710
05-18 14:52:14.828 E/Cataloger( 1296): syncFile:/storage/emulated/0/Android/data/com.boco.apphall/cache/uil-images/64u2kf0bfy71nodbxsvrwaoat0
05-18 14:52:14.838 E/Cataloger( 1296): need not sync path:/storage/emulated/0/Android/data/com.boco.apphall/cache/uil-images/64u2kf0bfy71nodbxsvrwaoat0
05-18 14:52:14.838 E/Cataloger( 1296): syncFile:/storage/emulated/0/Android/data/com.boco.apphall/cache/uil-images/3205omy4td9oxw05yijfjsa900
05-18 14:52:14.848 E/Cataloger( 1296): need not sync path:/storage/emulated/0/Android/data/com.boco.apphall/cache/uil-images/3205omy4td9oxw05yijfjsa900
05-18 14:52:14.858 E/Cataloger( 1296): syncFile:/storage/emulated/0/Android/data/com.boco.apphall/cache/uil-images/journal
05-18 14:52:14.858 E/Cataloger( 1296): need not sync path:/storage/emulated/0/Android/data/com.boco.apphall/cache/uil-images/journal
05-18 14:52:14.868 E/Cataloger( 1296): syncFile:/storage/emulated/0/Android/data/com.boco.apphall/cache/uil-images/1yr55s6idym5vmr2kp828kc730
05-18 14:52:14.878 E/Cataloger( 1296): need not sync path:/storage/emulated/0/Android/data/com.boco.apphall/cache/uil-images/1yr55s6idym5vmr2kp828kc730
05-18 14:52:14.888 E/Cataloger( 1296): syncFile:/storage/emulated/0/Android/data/com.boco.apphall/cache/uil-images/3kaqmrfu4i277qc43m4v5kfa40
05-18 14:52:14.888 E/Cataloger( 1296): need not sync path:/storage/emulated/0/Android/data/com.boco.apphall/cache/uil-images/3kaqmrfu4i277qc43m4v5kfa40
05-18 14:52:14.898 E/Cataloger( 1296): syncFile:/storage/emulated/0/Android/data/com.boco.apphall/cache/uil-images/5qxqvdbogs92lp9xsu05v4d050
05-18 14:52:14.908 E/Cataloger( 1296): need not sync path:/storage/emulated/0/Android/data/com.boco.apphall/cache/uil-images/5qxqvdbogs92lp9xsu05v4d050
05-18 14:52:14.908 E/Cataloger( 1296): syncFile:/storage/emulated/0/Android/data/com.boco.apphall/cache/uil-images/4kxgwmqh15kqpdwvd91ok1rs00
05-18 14:52:14.908 E/Cataloger( 1296): need not sync path:/storage/emulated/0/Android/data/com.boco.apphall/cache/uil-images/4kxgwmqh15kqpdwvd91ok1rs00
05-18 14:52:14.918 E/Cataloger( 1296): syncFile:/storage/emulated/0/Android/data/com.boco.apphall/cache/uil-images/5qk5ab5bpi8w4etc52xne53rs0
05-18 14:52:14.918 E/Cataloger( 1296): need not sync path:/storage/emulated/0/Android/data/com.boco.apphall/cache/uil-images/5qk5ab5bpi8w4etc52xne53rs0
05-18 14:52:14.928 E/Cataloger( 1296): syncFile:/storage/emulated/0/Android/data/com.boco.apphall/cache/uil-images/4s32aiihisual2xzg06k7yy6s0
05-18 14:52:14.928 E/Cataloger( 1296): need not sync path:/storage/emulated/0/Android/data/com.boco.apphall/cache/uil-images/4s32aiihisual2xzg06k7yy6s0
05-18 14:52:14.938 E/Cataloger( 1296): syncFile:/storage/emulated/0/Android/data/com.boco.apphall/cache/uil-images/3zj5e7agc5dxrx9zld8s8tazk0
05-18 14:52:14.948 E/Cataloger( 1296): need not sync path:/storage/emulated/0/Android/data/com.boco.apphall/cache/uil-images/3zj5e7agc5dxrx9zld8s8tazk0
05-18 14:52:14.948 E/Cataloger( 1296): syncFile:/storage/emulated/0/Android/data/com.boco.apphall/cache/uil-images/692qxwcqm0v50o6d686e2v3o30
05-18 14:52:14.958 E/Cataloger( 1296): need not sync path:/storage/emulated/0/Android/data/com.boco.apphall/cache/uil-images/692qxwcqm0v50o6d686e2v3o30
05-18 14:52:14.958 E/Cataloger( 1296): syncFile:/storage/emulated/0/Android/data/com.boco.apphall/cache/uil-images/mk3hplefdtlqmx38m1iwlp2r0
05-18 14:52:14.968 E/Cataloger( 1296): need not sync path:/storage/emulated/0/Android/data/com.boco.apphall/cache/uil-images/mk3hplefdtlqmx38m1iwlp2r0
05-18 14:52:14.968 E/Cataloger( 1296): syncFile:/storage/emulated/0/Android/data/com.boco.apphall/cache/uil-images
05-18 14:52:14.978 E/Cataloger( 1296): syncFile:/storage/emulated/0/Android/data/com.boco.apphall/cache
05-18 14:52:14.978 E/Cataloger( 1296): syncFile:/storage/emulated/0/Android/data/com.boco.apphall
05-18 14:52:14.998 E/cutils-trace( 5229): Error opening trace file: No such file or directory (2)
05-18 14:52:15.008 E/GPSManager( 4722): Location changed : Lat: 40.00125 Lng: 105.56358166666665
05-18 14:52:16.018 E/GPSManager( 4722): Location changed : Lat: 40.00125 Lng: 105.56358166666665
05-18 14:52:16.058 E/memtrack( 5255): Couldn't load memtrack module (No such file or directory)
05-18 14:52:16.058 E/android.os.Debug( 5255): failed to load memtrack module: -2
05-18 14:52:16.098 E/cutils-trace( 5255): Error opening trace file: No such file or directory (2)
05-18 14:52:17.018 E/GPSManager( 4722): Location changed : Lat: 40.00125 Lng: 105.56358166666665
05-18 14:52:17.108 E/memtrack( 5267): Couldn't load memtrack module (No such file or directory)
05-18 14:52:17.118 E/android.os.Debug( 5267): failed to load memtrack module: -2
05-18 14:52:17.158 E/cutils-trace( 5267): Error opening trace file: No such file or directory (2)
05-18 14:52:18.028 E/GPSManager( 4722): Location changed : Lat: 40.00125 Lng: 105.56358166666665
05-18 14:52:18.428 E/memtrack( 5281): Couldn't load memtrack module (No such file or directory)
05-18 14:52:18.428 E/android.os.Debug( 5281): failed to load memtrack module: -2
05-18 14:52:18.468 E/cutils-trace( 5281): Error opening trace file: No such file or directory (2)
05-18 14:52:19.028 E/GPSManager( 4722): Location changed : Lat: 40.00125 Lng: 105.56358166666665
05-18 14:52:19.228 E/memtrack( 5292): Couldn't load memtrack module (No such file or directory)
05-18 14:52:19.238 E/android.os.Debug( 5292): failed to load memtrack module: -2
05-18 14:52:20.018 E/GPSManager( 4722): Location changed : Lat: 40.00125 Lng: 105.56358166666665
05-18 14:52:21.028 E/GPSManager( 4722): Location changed : Lat: 40.00125 Lng: 105.56358166666665
05-18 14:52:22.018 E/GPSManager( 4722): Location changed : Lat: 40.00125 Lng: 105.56358166666665
05-18 14:52:22.728 E/memtrack( 5323): Couldn't load memtrack module (No such file or directory)
05-18 14:52:22.728 E/android.os.Debug( 5323): failed to load memtrack module: -2
05-18 14:52:23.018 E/GPSManager( 4722): Location changed : Lat: 40.00125 Lng: 105.56358166666665
05-18 14:52:23.858 E/Cataloger( 1296): syncFile:/storage/emulated/0/Android/data/com.boco.apphall
05-18 14:52:23.858 E/Cataloger( 1296): :/storage/emulated/0/Android/data/com.boco.apphall
05-18 14:52:23.858 E/Cataloger( 1296): /storage/emulated/0/Android/data/com.boco.apphall
05-18 14:52:23.888 E/Cataloger( 1296): syncFile:/storage/emulated/0/Android/data/com.boco.apphall/cache
05-18 14:52:23.888 E/Cataloger( 1296): :/storage/emulated/0/Android/data/com.boco.apphall/cache
05-18 14:52:23.888 E/Cataloger( 1296): /storage/emulated/0/Android/data/com.boco.apphall/cache
05-18 14:52:23.908 E/Cataloger( 1296): syncFile:/storage/emulated/0/Android/data/com.boco.apphall/cache/.nomedia
05-18 14:52:23.908 E/Cataloger( 1296): need not sync path:/storage/emulated/0/Android/data/com.boco.apphall/cache/.nomedia
05-18 14:52:23.928 E/Cataloger( 1296): syncFile:/storage/emulated/0/Android/data/com.boco.apphall/cache/.nomedia
05-18 14:52:23.928 E/Cataloger( 1296): need not sync path:/storage/emulated/0/Android/data/com.boco.apphall/cache/.nomedia
05-18 14:52:23.948 E/Cataloger( 1296): syncFile:/storage/emulated/0/Android/data/com.boco.apphall/cache/uil-images
05-18 14:52:23.948 E/Cataloger( 1296): :/storage/emulated/0/Android/data/com.boco.apphall/cache/uil-images
05-18 14:52:23.948 E/Cataloger( 1296): /storage/emulated/0/Android/data/com.boco.apphall/cache/uil-images
