05-18 09:57:48.309 E/appium  (19919): Element not found: 
05-18 09:57:48.309 E/appium  (19919): io.appium.uiautomator2.common.exceptions.ElementNotFoundException: Could not find an element using supplied strategy. 
05-18 09:57:48.309 E/appium  (19919): 	at io.appium.uiautomator2.handler.FindElement.getXPathUiObject(FindElement.java:80)
05-18 09:57:48.309 E/appium  (19919): 	at io.appium.uiautomator2.handler.FindElement.findElement(FindElement.java:153)
05-18 09:57:48.309 E/appium  (19919): 	at io.appium.uiautomator2.handler.FindElement.safeHandle(FindElement.java:102)
05-18 09:57:48.309 E/appium  (19919): 	at io.appium.uiautomator2.handler.request.SafeRequestHandler.handle(SafeRequestHandler.java:56)
05-18 09:57:48.309 E/appium  (19919): 	at io.appium.uiautomator2.server.AppiumServlet.handleRequest(AppiumServlet.java:202)
05-18 09:57:48.309 E/appium  (19919): 	at io.appium.uiautomator2.server.AppiumServlet.handleHttpRequest(AppiumServlet.java:193)
05-18 09:57:48.309 E/appium  (19919): 	at io.appium.uiautomator2.http.ServerHandler.channelRead(ServerHandler.java:44)
05-18 09:57:48.309 E/appium  (19919): 	at io.netty.channel.AbstractChannelHandlerContext.invokeChannelRead(AbstractChannelHandlerContext.java:366)
05-18 09:57:48.309 E/appium  (19919): 	at io.netty.channel.AbstractChannelHandlerContext.invokeChannelRead(AbstractChannelHandlerContext.java:352)
05-18 09:57:48.309 E/appium  (19919): 	at io.netty.channel.AbstractChannelHandlerContext.fireChannelRead(AbstractChannelHandlerContext.java:345)
05-18 09:57:48.309 E/appium  (19919): 	at io.netty.handler.codec.MessageToMessageDecoder.channelRead(MessageToMessageDecoder.java:102)
05-18 09:57:48.309 E/appium  (19919): 	at io.netty.channel.AbstractChannelHandlerContext.invokeChannelRead(AbstractChannelHandlerContext.java:366)
05-18 09:57:48.309 E/appium  (19919): 	at io.netty.channel.AbstractChannelHandlerContext.invokeChannelRead(AbstractChannelHandlerContext.java:352)
05-18 09:57:48.309 E/appium  (19919): 	at io.netty.channel.AbstractChannelHandlerContext.fireChannelRead(AbstractChannelHandlerContext.java:345)
05-18 09:57:48.309 E/appium  (19919): 	at io.netty.channel.CombinedChannelDuplexHandler$DelegatingChannelHandlerContext.fireChannelRead(CombinedChannelDuplexHandler.java:435)
05-18 09:57:48.309 E/appium  (19919): 	at io.netty.handler.codec.ByteToMessageDecoder.fireChannelRead(ByteToMessageDecoder.java:293)
05-18 09:57:48.309 E/appium  (19919): 	at io.netty.handler.codec.ByteToMessageDecoder.channelRead(ByteToMessageDecoder.java:267)
05-18 09:57:48.309 E/appium  (19919): 	at io.netty.channel.CombinedChannelDuplexHandler.channelRead(CombinedChannelDuplexHandler.java:250)
05-18 09:57:48.309 E/appium  (19919): 	at io.netty.channel.AbstractChannelHandlerContext.invokeChannelRead(AbstractChannelHandlerContext.java:366)
05-18 09:57:48.309 E/appium  (19919): 	at io.netty.channel.AbstractChannelHandlerContext.invokeChannelRead(AbstractChannelHandlerContext.java:352)
05-18 09:57:48.309 E/appium  (19919): 	at io.netty.channel.AbstractChannelHandlerContext.fireChannelRead(AbstractChannelHandlerContext.java:345)
05-18 09:57:48.309 E/appium  (19919): 	at io.netty.channel.DefaultChannelPipeline$HeadContext.channelRead(DefaultChannelPipeline.java:1294)
05-18 09:57:48.309 E/appium  (19919): 	at io.netty.channel.AbstractChannelHandlerContext.invokeChannelRead(AbstractChannelHandlerContext.java:366)
05-18 09:57:48.309 E/appium  (19919): 	at io.netty.channel.AbstractChannelHandlerContext.invokeChannelRead(AbstractChannelHandlerContext.java:352)
05-18 09:57:48.309 E/appium  (19919): 	at io.netty.channel.DefaultChannelPipeline.fireChannelRead(DefaultChannelPipeline.java:911)
05-18 09:57:48.309 E/appium  (19919): 	at io.netty.channel.nio.AbstractNioByteChannel$NioByteUnsafe.read(AbstractNioByteChannel.java:131)
05-18 09:57:48.309 E/appium  (19919): 	at io.netty.channel.nio.NioEventLoop.processSelectedKey(NioEventLoop.java:611)
05-18 09:57:48.309 E/appium  (19919): 	at io.netty.channel.nio.NioEventLoop.processSelectedKeysPlain(NioEventLoop.java:514)
05-18 09:57:48.309 E/appium  (19919): 	at io.netty.channel.nio.NioEventLoop.processSelectedKeys(NioEventLoop.java:468)
05-18 09:57:48.309 E/appium  (19919): 	at io.netty.channel.nio.NioEventLoop.run(NioEventLoop.java:438)
05-18 09:57:48.309 E/appium  (19919): 	at io.netty.util.concurrent.SingleThreadEventExecutor$2.run(SingleThreadEventExecutor.java:140)
05-18 09:57:48.309 E/appium  (19919): 	at io.netty.util.concurrent.DefaultThreadFactory$DefaultRunnableDecorator.run(DefaultThreadFactory.java:144)
05-18 09:57:48.309 E/appium  (19919): 	at java.lang.Thread.run(Thread.java:818)
05-18 09:57:48.732 E/WifiTrafficPoller(  851): TRAFFIC_STATS_POLL true Token 2644 num clients 19
05-18 09:57:48.733 E/WifiTrafficPoller(  851):  packet count Tx=1753535 Rx=5781596
05-18 09:57:48.733 E/WifiTrafficPoller(  851): notifying of data activity 3
05-18 09:57:48.862 E/appium  (19919): Element not found: 
05-18 09:57:48.862 E/appium  (19919): io.appium.uiautomator2.common.exceptions.ElementNotFoundException: Could not find an element using supplied strategy. 
05-18 09:57:48.862 E/appium  (19919): 	at io.appium.uiautomator2.handler.FindElement.getXPathUiObject(FindElement.java:80)
05-18 09:57:48.862 E/appium  (19919): 	at io.appium.uiautomator2.handler.FindElement.findElement(FindElement.java:153)
05-18 09:57:48.862 E/appium  (19919): 	at io.appium.uiautomator2.handler.FindElement.safeHandle(FindElement.java:102)
05-18 09:57:48.862 E/appium  (19919): 	at io.appium.uiautomator2.handler.request.SafeRequestHandler.handle(SafeRequestHandler.java:56)
05-18 09:57:48.862 E/appium  (19919): 	at io.appium.uiautomator2.server.AppiumServlet.handleRequest(AppiumServlet.java:202)
05-18 09:57:48.862 E/appium  (19919): 	at io.appium.uiautomator2.server.AppiumServlet.handleHttpRequest(AppiumServlet.java:193)
05-18 09:57:48.862 E/appium  (19919): 	at io.appium.uiautomator2.http.ServerHandler.channelRead(ServerHandler.java:44)
05-18 09:57:48.862 E/appium  (19919): 	at io.netty.channel.AbstractChannelHandlerContext.invokeChannelRead(AbstractChannelHandlerContext.java:366)
05-18 09:57:48.862 E/appium  (19919): 	at io.netty.channel.AbstractChannelHandlerContext.invokeChannelRead(AbstractChannelHandlerContext.java:352)
05-18 09:57:48.862 E/appium  (19919): 	at io.netty.channel.AbstractChannelHandlerContext.fireChannelRead(AbstractChannelHandlerContext.java:345)
05-18 09:57:48.862 E/appium  (19919): 	at io.netty.handler.codec.MessageToMessageDecoder.channelRead(MessageToMessageDecoder.java:102)
05-18 09:57:48.862 E/appium  (19919): 	at io.netty.channel.AbstractChannelHandlerContext.invokeChannelRead(AbstractChannelHandlerContext.java:366)
05-18 09:57:48.862 E/appium  (19919): 	at io.netty.channel.AbstractChannelHandlerContext.invokeChannelRead(AbstractChannelHandlerContext.java:352)
05-18 09:57:48.862 E/appium  (19919): 	at io.netty.channel.AbstractChannelHandlerContext.fireChannelRead(AbstractChannelHandlerContext.java:345)
05-18 09:57:48.862 E/appium  (19919): 	at io.netty.channel.CombinedChannelDuplexHandler$DelegatingChannelHandlerContext.fireChannelRead(CombinedChannelDuplexHandler.java:435)
05-18 09:57:48.862 E/appium  (19919): 	at io.netty.handler.codec.ByteToMessageDecoder.fireChannelRead(ByteToMessageDecoder.java:293)
05-18 09:57:48.862 E/appium  (19919): 	at io.netty.handler.codec.ByteToMessageDecoder.channelRead(ByteToMessageDecoder.java:267)
05-18 09:57:48.862 E/appium  (19919): 	at io.netty.channel.CombinedChannelDuplexHandler.channelRead(CombinedChannelDuplexHandler.java:250)
05-18 09:57:48.862 E/appium  (19919): 	at io.netty.channel.AbstractChannelHandlerContext.invokeChannelRead(AbstractChannelHandlerContext.java:366)
05-18 09:57:48.862 E/appium  (19919): 	at io.netty.channel.AbstractChannelHandlerContext.invokeChannelRead(AbstractChannelHandlerContext.java:352)
05-18 09:57:48.862 E/appium  (19919): 	at io.netty.channel.AbstractChannelHandlerContext.fireChannelRead(AbstractChannelHandlerContext.java:345)
05-18 09:57:48.862 E/appium  (19919): 	at io.netty.channel.DefaultChannelPipeline$HeadContext.channelRead(DefaultChannelPipeline.java:1294)
05-18 09:57:48.862 E/appium  (19919): 	at io.netty.channel.AbstractChannelHandlerContext.invokeChannelRead(AbstractChannelHandlerContext.java:366)
05-18 09:57:48.862 E/appium  (19919): 	at io.netty.channel.AbstractChannelHandlerContext.invokeChannelRead(AbstractChannelHandlerContext.java:352)
05-18 09:57:48.862 E/appium  (19919): 	at io.netty.channel.DefaultChannelPipeline.fireChannelRead(DefaultChannelPipeline.java:911)
05-18 09:57:48.862 E/appium  (19919): 	at io.netty.channel.nio.AbstractNioByteChannel$NioByteUnsafe.read(AbstractNioByteChannel.java:131)
05-18 09:57:48.862 E/appium  (19919): 	at io.netty.channel.nio.NioEventLoop.processSelectedKey(NioEventLoop.java:611)
05-18 09:57:48.862 E/appium  (19919): 	at io.netty.channel.nio.NioEventLoop.processSelectedKeysPlain(NioEventLoop.java:514)
05-18 09:57:48.862 E/appium  (19919): 	at io.netty.channel.nio.NioEventLoop.processSelectedKeys(NioEventLoop.java:468)
05-18 09:57:48.862 E/appium  (19919): 	at io.netty.channel.nio.NioEventLoop.run(NioEventLoop.java:438)
05-18 09:57:48.862 E/appium  (19919): 	at io.netty.util.concurrent.SingleThreadEventExecutor$2.run(SingleThreadEventExecutor.java:140)
05-18 09:57:48.862 E/appium  (19919): 	at io.netty.util.concurrent.DefaultThreadFactory$DefaultRunnableDecorator.run(DefaultThreadFactory.java:144)
05-18 09:57:48.862 E/appium  (19919): 	at java.lang.Thread.run(Thread.java:818)
05-18 09:57:49.443 E/appium  (19919): Element not found: 
05-18 09:57:49.443 E/appium  (19919): io.appium.uiautomator2.common.exceptions.ElementNotFoundException: Could not find an element using supplied strategy. 
05-18 09:57:49.443 E/appium  (19919): 	at io.appium.uiautomator2.handler.FindElement.getXPathUiObject(FindElement.java:80)
05-18 09:57:49.443 E/appium  (19919): 	at io.appium.uiautomator2.handler.FindElement.findElement(FindElement.java:153)
05-18 09:57:49.443 E/appium  (19919): 	at io.appium.uiautomator2.handler.FindElement.safeHandle(FindElement.java:102)
05-18 09:57:49.443 E/appium  (19919): 	at io.appium.uiautomator2.handler.request.SafeRequestHandler.handle(SafeRequestHandler.java:56)
05-18 09:57:49.443 E/appium  (19919): 	at io.appium.uiautomator2.server.AppiumServlet.handleRequest(AppiumServlet.java:202)
05-18 09:57:49.443 E/appium  (19919): 	at io.appium.uiautomator2.server.AppiumServlet.handleHttpRequest(AppiumServlet.java:193)
05-18 09:57:49.443 E/appium  (19919): 	at io.appium.uiautomator2.http.ServerHandler.channelRead(ServerHandler.java:44)
05-18 09:57:49.443 E/appium  (19919): 	at io.netty.channel.AbstractChannelHandlerContext.invokeChannelRead(AbstractChannelHandlerContext.java:366)
05-18 09:57:49.443 E/appium  (19919): 	at io.netty.channel.AbstractChannelHandlerContext.invokeChannelRead(AbstractChannelHandlerContext.java:352)
05-18 09:57:49.443 E/appium  (19919): 	at io.netty.channel.AbstractChannelHandlerContext.fireChannelRead(AbstractChannelHandlerContext.java:345)
05-18 09:57:49.443 E/appium  (19919): 	at io.netty.handler.codec.MessageToMessageDecoder.channelRead(MessageToMessageDecoder.java:102)
05-18 09:57:49.443 E/appium  (19919): 	at io.netty.channel.AbstractChannelHandlerContext.invokeChannelRead(AbstractChannelHandlerContext.java:366)
05-18 09:57:49.443 E/appium  (19919): 	at io.netty.channel.AbstractChannelHandlerContext.invokeChannelRead(AbstractChannelHandlerContext.java:352)
05-18 09:57:49.443 E/appium  (19919): 	at io.netty.channel.AbstractChannelHandlerContext.fireChannelRead(AbstractChannelHandlerContext.java:345)
05-18 09:57:49.443 E/appium  (19919): 	at io.netty.channel.CombinedChannelDuplexHandler$DelegatingChannelHandlerContext.fireChannelRead(CombinedChannelDuplexHandler.java:435)
05-18 09:57:49.443 E/appium  (19919): 	at io.netty.handler.codec.ByteToMessageDecoder.fireChannelRead(ByteToMessageDecoder.java:293)
05-18 09:57:49.443 E/appium  (19919): 	at io.netty.handler.codec.ByteToMessageDecoder.channelRead(ByteToMessageDecoder.java:267)
05-18 09:57:49.443 E/appium  (19919): 	at io.netty.channel.CombinedChannelDuplexHandler.channelRead(CombinedChannelDuplexHandler.java:250)
05-18 09:57:49.443 E/appium  (19919): 	at io.netty.channel.AbstractChannelHandlerContext.invokeChannelRead(AbstractChannelHandlerContext.java:366)
05-18 09:57:49.443 E/appium  (19919): 	at io.netty.channel.AbstractChannelHandlerContext.invokeChannelRead(AbstractChannelHandlerContext.java:352)
05-18 09:57:49.443 E/appium  (19919): 	at io.netty.channel.AbstractChannelHandlerContext.fireChannelRead(AbstractChannelHandlerContext.java:345)
05-18 09:57:49.443 E/appium  (19919): 	at io.netty.channel.DefaultChannelPipeline$HeadContext.channelRead(DefaultChannelPipeline.java:1294)
05-18 09:57:49.443 E/appium  (19919): 	at io.netty.channel.AbstractChannelHandlerContext.invokeChannelRead(AbstractChannelHandlerContext.java:366)
05-18 09:57:49.443 E/appium  (19919): 	at io.netty.channel.AbstractChannelHandlerContext.invokeChannelRead(AbstractChannelHandlerContext.java:352)
05-18 09:57:49.443 E/appium  (19919): 	at io.netty.channel.DefaultChannelPipeline.fireChannelRead(DefaultChannelPipeline.java:911)
05-18 09:57:49.443 E/appium  (19919): 	at io.netty.channel.nio.AbstractNioByteChannel$NioByteUnsafe.read(AbstractNioByteChannel.java:131)
05-18 09:57:49.443 E/appium  (19919): 	at io.netty.channel.nio.NioEventLoop.processSelectedKey(NioEventLoop.java:611)
05-18 09:57:49.443 E/appium  (19919): 	at io.netty.channel.nio.NioEventLoop.processSelectedKeysPlain(NioEventLoop.java:514)
05-18 09:57:49.443 E/appium  (19919): 	at io.netty.channel.nio.NioEventLoop.processSelectedKeys(NioEventLoop.java:468)
05-18 09:57:49.443 E/appium  (19919): 	at io.netty.channel.nio.NioEventLoop.run(NioEventLoop.java:438)
05-18 09:57:49.443 E/appium  (19919): 	at io.netty.util.concurrent.SingleThreadEventExecutor$2.run(SingleThreadEventExecutor.java:140)
05-18 09:57:49.443 E/appium  (19919): 	at io.netty.util.concurrent.DefaultThreadFactory$DefaultRunnableDecorator.run(DefaultThreadFactory.java:144)
05-18 09:57:49.443 E/appium  (19919): 	at java.lang.Thread.run(Thread.java:818)
05-18 09:57:49.749 E/WifiTrafficPoller(  851): TRAFFIC_STATS_POLL true Token 2644 num clients 19
05-18 09:57:49.751 E/WifiTrafficPoller(  851):  packet count Tx=1753535 Rx=5781604
05-18 09:57:49.751 E/WifiTrafficPoller(  851): notifying of data activity 1
05-18 09:57:50.708 E/appium  (19919): Element not found: 
05-18 09:57:50.708 E/appium  (19919): io.appium.uiautomator2.common.exceptions.ElementNotFoundException: Could not find an element using supplied strategy. 
05-18 09:57:50.708 E/appium  (19919): 	at io.appium.uiautomator2.handler.FindElement.getXPathUiObject(FindElement.java:80)
05-18 09:57:50.708 E/appium  (19919): 	at io.appium.uiautomator2.handler.FindElement.findElement(FindElement.java:153)
05-18 09:57:50.708 E/appium  (19919): 	at io.appium.uiautomator2.handler.FindElement.safeHandle(FindElement.java:102)
05-18 09:57:50.708 E/appium  (19919): 	at io.appium.uiautomator2.handler.request.SafeRequestHandler.handle(SafeRequestHandler.java:56)
05-18 09:57:50.708 E/appium  (19919): 	at io.appium.uiautomator2.server.AppiumServlet.handleRequest(AppiumServlet.java:202)
05-18 09:57:50.708 E/appium  (19919): 	at io.appium.uiautomator2.server.AppiumServlet.handleHttpRequest(AppiumServlet.java:193)
05-18 09:57:50.708 E/appium  (19919): 	at io.appium.uiautomator2.http.ServerHandler.channelRead(ServerHandler.java:44)
05-18 09:57:50.708 E/appium  (19919): 	at io.netty.channel.AbstractChannelHandlerContext.invokeChannelRead(AbstractChannelHandlerContext.java:366)
05-18 09:57:50.708 E/appium  (19919): 	at io.netty.channel.AbstractChannelHandlerContext.invokeChannelRead(AbstractChannelHandlerContext.java:352)
05-18 09:57:50.708 E/appium  (19919): 	at io.netty.channel.AbstractChannelHandlerContext.fireChannelRead(AbstractChannelHandlerContext.java:345)
05-18 09:57:50.708 E/appium  (19919): 	at io.netty.handler.codec.MessageToMessageDecoder.channelRead(MessageToMessageDecoder.java:102)
05-18 09:57:50.708 E/appium  (19919): 	at io.netty.channel.AbstractChannelHandlerContext.invokeChannelRead(AbstractChannelHandlerContext.java:366)
05-18 09:57:50.708 E/appium  (19919): 	at io.netty.channel.AbstractChannelHandlerContext.invokeChannelRead(AbstractChannelHandlerContext.java:352)
05-18 09:57:50.708 E/appium  (19919): 	at io.netty.channel.AbstractChannelHandlerContext.fireChannelRead(AbstractChannelHandlerContext.java:345)
05-18 09:57:50.708 E/appium  (19919): 	at io.netty.channel.CombinedChannelDuplexHandler$DelegatingChannelHandlerContext.fireChannelRead(CombinedChannelDuplexHandler.java:435)
05-18 09:57:50.708 E/appium  (19919): 	at io.netty.handler.codec.ByteToMessageDecoder.fireChannelRead(ByteToMessageDecoder.java:293)
05-18 09:57:50.708 E/appium  (19919): 	at io.netty.handler.codec.ByteToMessageDecoder.channelRead(ByteToMessageDecoder.java:267)
05-18 09:57:50.708 E/appium  (19919): 	at io.netty.channel.CombinedChannelDuplexHandler.channelRead(CombinedChannelDuplexHandler.java:250)
05-18 09:57:50.708 E/appium  (19919): 	at io.netty.channel.AbstractChannelHandlerContext.invokeChannelRead(AbstractChannelHandlerContext.java:366)
05-18 09:57:50.708 E/appium  (19919): 	at io.netty.channel.AbstractChannelHandlerContext.invokeChannelRead(AbstractChannelHandlerContext.java:352)
05-18 09:57:50.708 E/appium  (19919): 	at io.netty.channel.AbstractChannelHandlerContext.fireChannelRead(AbstractChannelHandlerContext.java:345)
05-18 09:57:50.708 E/appium  (19919): 	at io.netty.channel.DefaultChannelPipeline$HeadContext.channelRead(DefaultChannelPipeline.java:1294)
05-18 09:57:50.708 E/appium  (19919): 	at io.netty.channel.AbstractChannelHandlerContext.invokeChannelRead(AbstractChannelHandlerContext.java:366)
05-18 09:57:50.708 E/appium  (19919): 	at io.netty.channel.AbstractChannelHandlerContext.invokeChannelRead(AbstractChannelHandlerContext.java:352)
05-18 09:57:50.708 E/appium  (19919): 	at io.netty.channel.DefaultChannelPipeline.fireChannelRead(DefaultChannelPipeline.java:911)
05-18 09:57:50.708 E/appium  (19919): 	at io.netty.channel.nio.AbstractNioByteChannel$NioByteUnsafe.read(AbstractNioByteChannel.java:131)
05-18 09:57:50.708 E/appium  (19919): 	at io.netty.channel.nio.NioEventLoop.processSelectedKey(NioEventLoop.java:611)
05-18 09:57:50.708 E/appium  (19919): 	at io.netty.channel.nio.NioEventLoop.processSelectedKeysPlain(NioEventLoop.java:514)
05-18 09:57:50.708 E/appium  (19919): 	at io.netty.channel.nio.NioEventLoop.processSelectedKeys(NioEventLoop.java:468)
05-18 09:57:50.708 E/appium  (19919): 	at io.netty.channel.nio.NioEventLoop.run(NioEventLoop.java:438)
05-18 09:57:50.708 E/appium  (19919): 	at io.netty.util.concurrent.SingleThreadEventExecutor$2.run(SingleThreadEventExecutor.java:140)
05-18 09:57:50.708 E/appium  (19919): 	at io.netty.util.concurrent.DefaultThreadFactory$DefaultRunnableDecorator.run(DefaultThreadFactory.java:144)
05-18 09:57:50.708 E/appium  (19919): 	at java.lang.Thread.run(Thread.java:818)
05-18 09:57:50.726 E/WifiStateMachine(  851):  ConnectedState (when=-8ms what=131155 arg1=591!CMD_RSSI_POLL 591 0 "BOCO-office" 94:b4:0f:68:a4:b1 rssi=-49 f=5785 sc=80 link=135 tx=6.1, 0.0, 0.0  rx=54.9 bcn=0 [on:0 tx:0 rx:0 period:3002] from screen [on:0 period:611229798] gl rssi=-49 ag=0 hr ticks 314,77,49 ls-=0 [56,56,60,60,65] brc=0 lrc=0
05-18 09:57:50.727 E/WifiStateMachine(  851):  L2ConnectedState (when=-8ms what=131155 arg1=591!CMD_RSSI_POLL 591 0 "BOCO-office" 94:b4:0f:68:a4:b1 rssi=-49 f=5785 sc=80 link=135 tx=6.1, 0.0, 0.0  rx=54.9 bcn=0 [on:0 tx:0 rx:0 period:1] from screen [on:0 period:611229799] gl rssi=-49 ag=0 hr ticks 314,77,49 ls-=0 [56,56,60,60,65] brc=0 lrc=0
05-18 09:57:50.728 E/WifiStateMachine(  851):  get link layer stats 0
05-18 09:57:50.731 E/WifiStateMachine(  851): calculateWifiScore() we set wifi's score to 1000, so will always set wifi as a default network.
05-18 09:57:50.767 E/WifiTrafficPoller(  851): TRAFFIC_STATS_POLL true Token 2644 num clients 19
05-18 09:57:50.767 E/WifiTrafficPoller(  851):  packet count Tx=1753535 Rx=5781620
05-18 09:57:50.966 E/memtrack(20283): Couldn't load memtrack module (No such file or directory)
05-18 09:57:50.966 E/android.os.Debug(20283): failed to load memtrack module: -2
05-18 09:57:51.065 E/JavaBinder(  851): !!! FAILED BINDER TRANSACTION !!!
05-18 09:57:51.768 E/WifiTrafficPoller(  851): TRAFFIC_STATS_POLL true Token 2644 num clients 19
05-18 09:57:51.769 E/WifiTrafficPoller(  851):  packet count Tx=1753544 Rx=5781653
05-18 09:57:51.769 E/WifiTrafficPoller(  851): notifying of data activity 3
05-18 09:57:52.772 E/WifiTrafficPoller(  851): TRAFFIC_STATS_POLL true Token 2644 num clients 19
05-18 09:57:52.772 E/WifiTrafficPoller(  851):  packet count Tx=1753548 Rx=5781677
05-18 09:57:53.096 E/memtrack(20302): Couldn't load memtrack module (No such file or directory)
05-18 09:57:53.096 E/android.os.Debug(20302): failed to load memtrack module: -2
05-18 09:57:53.737 E/WifiStateMachine(  851):  ConnectedState (when=-4ms what=131155 arg1=591!CMD_RSSI_POLL 591 0 "BOCO-office" 94:b4:0f:68:a4:b1 rssi=-50 f=5785 sc=80 link=135 tx=3.6, 0.0, 0.0  rx=42.5 bcn=0 [on:0 tx:0 rx:0 period:3000] from screen [on:0 period:611232809] gl rssi=-50 ag=0 hr ticks 314,77,49 ls-=0 [56,56,56,56,61] brc=0 lrc=0
05-18 09:57:53.740 E/WifiStateMachine(  851):  L2ConnectedState (when=-6ms what=131155 arg1=591!CMD_RSSI_POLL 591 0 "BOCO-office" 94:b4:0f:68:a4:b1 rssi=-50 f=5785 sc=80 link=135 tx=3.6, 0.0, 0.0  rx=42.5 bcn=0 [on:0 tx:0 rx:0 period:2] from screen [on:0 period:611232811] gl rssi=-50 ag=0 hr ticks 314,77,49 ls-=0 [56,56,56,56,61] brc=0 lrc=0
05-18 09:57:53.740 E/WifiStateMachine(  851):  get link layer stats 0
05-18 09:57:53.764 E/WifiStateMachine(  851): calculateWifiScore() we set wifi's score to 1000, so will always set wifi as a default network.
05-18 09:57:53.773 E/WifiTrafficPoller(  851): TRAFFIC_STATS_POLL true Token 2644 num clients 19
05-18 09:57:53.774 E/WifiTrafficPoller(  851):  packet count Tx=1753549 Rx=5781697
05-18 09:57:54.478 E/memtrack(20321): Couldn't load memtrack module (No such file or directory)
05-18 09:57:54.478 E/android.os.Debug(20321): failed to load memtrack module: -2
05-18 09:57:54.775 E/WifiTrafficPoller(  851): TRAFFIC_STATS_POLL true Token 2644 num clients 19
05-18 09:57:54.776 E/WifiTrafficPoller(  851):  packet count Tx=1753549 Rx=5781720
05-18 09:57:54.776 E/WifiTrafficPoller(  851): notifying of data activity 1
05-18 09:57:55.779 E/WifiTrafficPoller(  851): TRAFFIC_STATS_POLL true Token 2644 num clients 19
05-18 09:57:55.780 E/WifiTrafficPoller(  851):  packet count Tx=1753549 Rx=5781738
05-18 09:57:55.855 E/memtrack(20339): Couldn't load memtrack module (No such file or directory)
05-18 09:57:55.855 E/android.os.Debug(20339): failed to load memtrack module: -2
05-18 09:57:56.502 E/memtrack(20356): Couldn't load memtrack module (No such file or directory)
05-18 09:57:56.502 E/android.os.Debug(20356): failed to load memtrack module: -2
05-18 09:57:56.768 E/WifiStateMachine(  851):  ConnectedState (when=-3ms what=131155 arg1=591!CMD_RSSI_POLL 591 0 "BOCO-office" 94:b4:0f:68:a4:b1 rssi=-50 f=5785 sc=80 link=135 tx=8.3, 0.0, 0.0  rx=59.2 bcn=0 [on:0 tx:0 rx:0 period:3000] from screen [on:0 period:611235840] gl rssi=-50 ag=0 hr ticks 314,77,49 ls-=0 [56,56,60,60,65] brc=0 lrc=0
05-18 09:57:56.769 E/WifiStateMachine(  851):  L2ConnectedState (when=-4ms what=131155 arg1=591!CMD_RSSI_POLL 591 0 "BOCO-office" 94:b4:0f:68:a4:b1 rssi=-50 f=5785 sc=80 link=135 tx=8.3, 0.0, 0.0  rx=59.2 bcn=0 [on:0 tx:0 rx:0 period:1] from screen [on:0 period:611235841] gl rssi=-50 ag=0 hr ticks 314,77,49 ls-=0 [56,56,60,60,65] brc=0 lrc=0
05-18 09:57:56.769 E/WifiStateMachine(  851):  get link layer stats 0
05-18 09:57:56.772 E/WifiStateMachine(  851): calculateWifiScore() we set wifi's score to 1000, so will always set wifi as a default network.
05-18 09:57:56.780 E/WifiTrafficPoller(  851): TRAFFIC_STATS_POLL true Token 2644 num clients 19
05-18 09:57:56.781 E/WifiTrafficPoller(  851):  packet count Tx=1753549 Rx=5781755
05-18 09:57:57.698 E/memtrack(20372): Couldn't load memtrack module (No such file or directory)
05-18 09:57:57.698 E/android.os.Debug(20372): failed to load memtrack module: -2
05-18 09:57:57.782 E/WifiTrafficPoller(  851): TRAFFIC_STATS_POLL true Token 2644 num clients 19
05-18 09:57:57.784 E/WifiTrafficPoller(  851):  packet count Tx=1753549 Rx=5781764
05-18 09:57:58.784 E/WifiTrafficPoller(  851): TRAFFIC_STATS_POLL true Token 2644 num clients 19
05-18 09:57:58.784 E/WifiTrafficPoller(  851):  packet count Tx=1753549 Rx=5781774
05-18 09:57:58.945 E/memtrack(20389): Couldn't load memtrack module (No such file or directory)
05-18 09:57:58.945 E/android.os.Debug(20389): failed to load memtrack module: -2
05-18 09:57:59.774 E/WifiStateMachine(  851):  ConnectedState (when=-1ms what=131155 arg1=591!CMD_RSSI_POLL 591 0 "BOCO-office" 94:b4:0f:68:a4:b1 rssi=-50 f=5785 sc=80 link=135 tx=4.6, 0.0, 0.0  rx=59.1 bcn=0 [on:0 tx:0 rx:0 period:3000] from screen [on:0 period:611238846] gl rssi=-50 ag=0 hr ticks 314,77,49 ls-=0 [56,56,56,56,61] brc=0 lrc=0
05-18 09:57:59.775 E/WifiStateMachine(  851):  L2ConnectedState (when=-2ms what=131155 arg1=591!CMD_RSSI_POLL 591 0 "BOCO-office" 94:b4:0f:68:a4:b1 rssi=-50 f=5785 sc=80 link=135 tx=4.6, 0.0, 0.0  rx=59.1 bcn=0 [on:0 tx:0 rx:0 period:1] from screen [on:0 period:611238847] gl rssi=-50 ag=0 hr ticks 314,77,49 ls-=0 [56,56,56,56,61] brc=0 lrc=0
05-18 09:57:59.776 E/WifiStateMachine(  851):  get link layer stats 0
05-18 09:57:59.786 E/WifiTrafficPoller(  851): TRAFFIC_STATS_POLL true Token 2644 num clients 19
05-18 09:57:59.786 E/WifiTrafficPoller(  851):  packet count Tx=1753549 Rx=5781790
05-18 09:57:59.804 E/WifiStateMachine(  851): calculateWifiScore() we set wifi's score to 1000, so will always set wifi as a default network.
05-18 09:57:59.828 E/memtrack(20405): Couldn't load memtrack module (No such file or directory)
05-18 09:57:59.828 E/android.os.Debug(20405): failed to load memtrack module: -2
05-18 09:58:00.787 E/WifiTrafficPoller(  851): TRAFFIC_STATS_POLL true Token 2644 num clients 19
05-18 09:58:00.787 E/WifiTrafficPoller(  851):  packet count Tx=1753549 Rx=5781807
05-18 09:58:01.020 E/memtrack(20425): Couldn't load memtrack module (No such file or directory)
05-18 09:58:01.020 E/android.os.Debug(20425): failed to load memtrack module: -2
05-18 09:58:01.710 E/memtrack(20442): Couldn't load memtrack module (No such file or directory)
05-18 09:58:01.710 E/android.os.Debug(20442): failed to load memtrack module: -2
05-18 09:58:01.787 E/WifiTrafficPoller(  851): TRAFFIC_STATS_POLL true Token 2644 num clients 19
05-18 09:58:01.788 E/WifiTrafficPoller(  851):  packet count Tx=1753549 Rx=5781817
05-18 09:58:02.789 E/WifiTrafficPoller(  851): TRAFFIC_STATS_POLL true Token 2644 num clients 19
05-18 09:58:02.790 E/WifiTrafficPoller(  851):  packet count Tx=1753549 Rx=5781828
05-18 09:58:02.810 E/WifiStateMachine(  851):  ConnectedState (when=-4ms what=131155 arg1=591!CMD_RSSI_POLL 591 0 "BOCO-office" 94:b4:0f:68:a4:b1 rssi=-50 f=5785 sc=80 link=135 tx=2.3, 0.0, 0.0  rx=47.1 bcn=0 [on:0 tx:0 rx:0 period:3002] from screen [on:0 period:611241881] gl rssi=-50 ag=0 hr ticks 314,77,49 ls-=0 [56,56,56,56,61] brc=0 lrc=0
05-18 09:58:02.814 E/WifiStateMachine(  851):  L2ConnectedState (when=-9ms what=131155 arg1=591!CMD_RSSI_POLL 591 0 "BOCO-office" 94:b4:0f:68:a4:b1 rssi=-50 f=5785 sc=80 link=135 tx=2.3, 0.0, 0.0  rx=47.1 bcn=0 [on:0 tx:0 rx:0 period:5] from screen [on:0 period:611241886] gl rssi=-50 ag=0 hr ticks 314,77,49 ls-=0 [56,56,56,56,61] brc=0 lrc=0
05-18 09:58:02.817 E/WifiStateMachine(  851):  get link layer stats 0
05-18 09:58:02.844 E/WifiStateMachine(  851): calculateWifiScore() we set wifi's score to 1000, so will always set wifi as a default network.
05-18 09:58:03.792 E/WifiTrafficPoller(  851): TRAFFIC_STATS_POLL true Token 2644 num clients 19
05-18 09:58:03.793 E/WifiTrafficPoller(  851):  packet count Tx=1753549 Rx=5781842
05-18 09:58:04.793 E/WifiTrafficPoller(  851): TRAFFIC_STATS_POLL true Token 2644 num clients 19
05-18 09:58:04.795 E/WifiTrafficPoller(  851):  packet count Tx=1753549 Rx=5781855
05-18 09:58:05.311 E/memtrack(20462): Couldn't load memtrack module (No such file or directory)
05-18 09:58:05.311 E/android.os.Debug(20462): failed to load memtrack module: -2
05-18 09:58:05.795 E/WifiTrafficPoller(  851): TRAFFIC_STATS_POLL true Token 2644 num clients 19
05-18 09:58:05.796 E/WifiTrafficPoller(  851):  packet count Tx=1753549 Rx=5781863
05-18 09:58:05.848 E/WifiStateMachine(  851):  ConnectedState (when=-2ms what=131155 arg1=591!CMD_RSSI_POLL 591 0 "BOCO-office" 94:b4:0f:68:a4:b1 rssi=-49 f=5785 sc=80 link=135 tx=1.2, 0.0, 0.0  rx=42.5 bcn=0 [on:0 tx:0 rx:0 period:2990] from screen [on:0 period:611244920] gl rssi=-49 ag=0 hr ticks 314,77,49 ls-=0 [56,56,56,56,61] brc=0 lrc=0
05-18 09:58:05.848 E/WifiStateMachine(  851):  L2ConnectedState (when=-3ms what=131155 arg1=591!CMD_RSSI_POLL 591 0 "BOCO-office" 94:b4:0f:68:a4:b1 rssi=-49 f=5785 sc=80 link=135 tx=1.2, 0.0, 0.0  rx=42.5 bcn=0 [on:0 tx:0 rx:0 period:0] from screen [on:0 period:611244920] gl rssi=-49 ag=0 hr ticks 314,77,49 ls-=0 [56,56,56,56,61] brc=0 lrc=0
05-18 09:58:05.848 E/WifiStateMachine(  851):  get link layer stats 0
05-18 09:58:05.870 E/WifiStateMachine(  851): calculateWifiScore() we set wifi's score to 1000, so will always set wifi as a default network.
05-18 09:58:05.991 E/memtrack(20480): Couldn't load memtrack module (No such file or directory)
05-18 09:58:05.991 E/android.os.Debug(20480): failed to load memtrack module: -2
05-18 09:58:06.796 E/WifiTrafficPoller(  851): TRAFFIC_STATS_POLL true Token 2644 num clients 19
05-18 09:58:06.797 E/WifiTrafficPoller(  851):  packet count Tx=1753549 Rx=5781873
05-18 09:58:06.837 E/memtrack(20496): Couldn't load memtrack module (No such file or directory)
05-18 09:58:06.837 E/android.os.Debug(20496): failed to load memtrack module: -2
05-18 09:58:07.729 E/memtrack(20516): Couldn't load memtrack module (No such file or directory)
05-18 09:58:07.729 E/android.os.Debug(20516): failed to load memtrack module: -2
05-18 09:58:07.798 E/WifiTrafficPoller(  851): TRAFFIC_STATS_POLL true Token 2644 num clients 19
05-18 09:58:07.799 E/WifiTrafficPoller(  851):  packet count Tx=1753549 Rx=5781882
05-18 09:58:08.397 E/memtrack(20534): Couldn't load memtrack module (No such file or directory)
05-18 09:58:08.397 E/android.os.Debug(20534): failed to load memtrack module: -2
05-18 09:58:08.800 E/WifiTrafficPoller(  851): TRAFFIC_STATS_POLL true Token 2644 num clients 19
05-18 09:58:08.801 E/WifiTrafficPoller(  851):  packet count Tx=1753549 Rx=5781888
05-18 09:58:08.877 E/WifiStateMachine(  851):  ConnectedState (when=-4ms what=131155 arg1=591!CMD_RSSI_POLL 591 0 "BOCO-office" 94:b4:0f:68:a4:b1 rssi=-49 f=5785 sc=80 link=135 tx=0.6, 0.0, 0.0  rx=38.8 bcn=0 [on:0 tx:0 rx:0 period:3001] from screen [on:0 period:611247949] gl rssi=-49 ag=0 hr ticks 314,77,49 ls-=0 [56,56,56,56,61] brc=0 lrc=0
05-18 09:58:08.879 E/WifiStateMachine(  851):  L2ConnectedState (when=-6ms what=131155 arg1=591!CMD_RSSI_POLL 591 0 "BOCO-office" 94:b4:0f:68:a4:b1 rssi=-49 f=5785 sc=80 link=135 tx=0.6, 0.0, 0.0  rx=38.8 bcn=0 [on:0 tx:0 rx:0 period:2] from screen [on:0 period:611247951] gl rssi=-49 ag=0 hr ticks 314,77,49 ls-=0 [56,56,56,56,61] brc=0 lrc=0
05-18 09:58:08.879 E/WifiStateMachine(  851):  get link layer stats 0
05-18 09:58:08.901 E/WifiStateMachine(  851): calculateWifiScore() we set wifi's score to 1000, so will always set wifi as a default network.
05-18 09:58:09.400 E/memtrack(20552): Couldn't load memtrack module (No such file or directory)
05-18 09:58:09.400 E/android.os.Debug(20552): failed to load memtrack module: -2
05-18 09:58:09.802 E/WifiTrafficPoller(  851): TRAFFIC_STATS_POLL true Token 2644 num clients 19
05-18 09:58:09.802 E/WifiTrafficPoller(  851):  packet count Tx=1753549 Rx=5781896
05-18 09:58:10.068 E/memtrack(20568): Couldn't load memtrack module (No such file or directory)
05-18 09:58:10.069 E/android.os.Debug(20568): failed to load memtrack module: -2
05-18 09:58:10.803 E/WifiTrafficPoller(  851): TRAFFIC_STATS_POLL true Token 2644 num clients 19
05-18 09:58:10.804 E/WifiTrafficPoller(  851):  packet count Tx=1753549 Rx=5781906
05-18 09:58:11.805 E/WifiTrafficPoller(  851): TRAFFIC_STATS_POLL true Token 2644 num clients 19
05-18 09:58:11.807 E/WifiTrafficPoller(  851):  packet count Tx=1753549 Rx=5781916
05-18 09:58:11.906 E/WifiStateMachine(  851):  ConnectedState (when=-4ms what=131155 arg1=591!CMD_RSSI_POLL 591 0 "BOCO-office" 94:b4:0f:68:a4:b1 rssi=-49 f=5785 sc=80 link=135 tx=0.3, 0.0, 0.0  rx=32.4 bcn=0 [on:0 tx:0 rx:0 period:3002] from screen [on:0 period:611250978] gl rssi=-49 ag=0 hr ticks 314,77,49 ls-=0 [56,56,56,56,61] brc=0 lrc=0
05-18 09:58:11.908 E/WifiStateMachine(  851):  L2ConnectedState (when=-6ms what=131155 arg1=591!CMD_RSSI_POLL 591 0 "BOCO-office" 94:b4:0f:68:a4:b1 rssi=-49 f=5785 sc=80 link=135 tx=0.3, 0.0, 0.0  rx=32.4 bcn=0 [on:0 tx:0 rx:0 period:2] from screen [on:0 period:611250980] gl rssi=-49 ag=0 hr ticks 314,77,49 ls-=0 [56,56,56,56,61] brc=0 lrc=0
05-18 09:58:11.908 E/WifiStateMachine(  851):  get link layer stats 0
05-18 09:58:11.914 E/WifiStateMachine(  851): calculateWifiScore() we set wifi's score to 1000, so will always set wifi as a default network.
05-18 09:58:12.808 E/WifiTrafficPoller(  851): TRAFFIC_STATS_POLL true Token 2644 num clients 19
05-18 09:58:12.808 E/WifiTrafficPoller(  851):  packet count Tx=1753549 Rx=5781924
05-18 09:58:13.609 E/memtrack(20615): Couldn't load memtrack module (No such file or directory)
05-18 09:58:13.609 E/android.os.Debug(20615): failed to load memtrack module: -2
05-18 09:58:13.809 E/WifiTrafficPoller(  851): TRAFFIC_STATS_POLL true Token 2644 num clients 19
05-18 09:58:13.810 E/WifiTrafficPoller(  851):  packet count Tx=1753549 Rx=5781932
05-18 09:58:14.197 E/MPlugin (20631): Unsupported class: com.mediatek.common.telephony.IOnlyOwnerSimSupport
05-18 09:58:14.207 E/WifiManager(20631): mWifiServiceMessenger == null
05-18 09:58:14.811 E/WifiTrafficPoller(  851): TRAFFIC_STATS_POLL true Token 2644 num clients 19
05-18 09:58:14.812 E/WifiTrafficPoller(  851):  packet count Tx=1753561 Rx=5781950
05-18 09:58:14.812 E/WifiTrafficPoller(  851): notifying of data activity 3
05-18 09:58:14.918 E/WifiStateMachine(  851):  ConnectedState (when=-3ms what=131155 arg1=591!CMD_RSSI_POLL 591 0 "BOCO-office" 94:b4:0f:68:a4:b1 rssi=-49 f=5785 sc=80 link=135 tx=0.1, 0.0, 0.0  rx=30.2 bcn=0 [on:0 tx:0 rx:0 period:3001] from screen [on:0 period:611253990] gl rssi=-49 ag=0 hr ticks 314,77,49 ls-=0 [56,56,56,56,61] brc=0 lrc=0
05-18 09:58:14.919 E/WifiStateMachine(  851):  L2ConnectedState (when=-4ms what=131155 arg1=591!CMD_RSSI_POLL 591 0 "BOCO-office" 94:b4:0f:68:a4:b1 rssi=-49 f=5785 sc=80 link=135 tx=0.1, 0.0, 0.0  rx=30.2 bcn=0 [on:0 tx:0 rx:0 period:1] from screen [on:0 period:611253991] gl rssi=-49 ag=0 hr ticks 314,77,49 ls-=0 [56,56,56,56,61] brc=0 lrc=0
05-18 09:58:14.919 E/WifiStateMachine(  851):  get link layer stats 0
05-18 09:58:14.921 E/WifiStateMachine(  851): calculateWifiScore() we set wifi's score to 1000, so will always set wifi as a default network.
05-18 09:58:15.024 E/[PropSet](20631): connect fail
05-18 09:58:15.024 E/[PropSet](20631): send_prop_msg return err -1
05-18 09:58:15.140 E/SurfaceFlinger(  285): onDraw: bindTextureImage test
05-18 09:58:15.157 E/SurfaceFlinger(  285): onDraw: bindTextureImage test
05-18 09:58:15.173 E/SurfaceFlinger(  285): onDraw: bindTextureImage test
05-18 09:58:15.190 E/SurfaceFlinger(  285): onDraw: bindTextureImage test
05-18 09:58:15.813 E/WifiTrafficPoller(  851): TRAFFIC_STATS_POLL true Token 2644 num clients 19
05-18 09:58:15.814 E/WifiTrafficPoller(  851):  packet count Tx=1753563 Rx=5781966
05-18 09:58:16.401 E/SurfaceFlinger(  285): onDraw: bindTextureImage test
05-18 09:58:16.417 E/SurfaceFlinger(  285): onDraw: bindTextureImage test
05-18 09:58:16.434 E/SurfaceFlinger(  285): onDraw: bindTextureImage test
05-18 09:58:16.451 E/SurfaceFlinger(  285): onDraw: bindTextureImage test
05-18 09:58:16.468 E/SurfaceFlinger(  285): onDraw: bindTextureImage test
05-18 09:58:16.485 E/SurfaceFlinger(  285): onDraw: bindTextureImage test
05-18 09:58:16.503 E/SurfaceFlinger(  285): onDraw: bindTextureImage test
05-18 09:58:16.535 E/SurfaceFlinger(  285): onDraw: bindTextureImage test
05-18 09:58:16.552 E/SurfaceFlinger(  285): onDraw: bindTextureImage test
05-18 09:58:16.553 E/SurfaceFlinger(  285): onDraw: bindTextureImage test
05-18 09:58:16.553 E/SurfaceFlinger(  285): onDraw: bindTextureImage test
05-18 09:58:16.569 E/SurfaceFlinger(  285): onDraw: bindTextureImage test
05-18 09:58:16.585 E/SurfaceFlinger(  285): onDraw: bindTextureImage test
05-18 09:58:16.602 E/SurfaceFlinger(  285): onDraw: bindTextureImage test
05-18 09:58:16.815 E/WifiTrafficPoller(  851): TRAFFIC_STATS_POLL true Token 2644 num clients 19
05-18 09:58:16.815 E/WifiTrafficPoller(  851):  packet count Tx=1753569 Rx=5781983
05-18 09:58:17.816 E/WifiTrafficPoller(  851): TRAFFIC_STATS_POLL true Token 2644 num clients 19
05-18 09:58:17.817 E/WifiTrafficPoller(  851):  packet count Tx=1753569 Rx=5781992
05-18 09:58:17.817 E/WifiTrafficPoller(  851): notifying of data activity 1
05-18 09:58:17.924 E/WifiStateMachine(  851):  ConnectedState (when=-3ms what=131155 arg1=591!CMD_RSSI_POLL 591 0 "BOCO-office" 94:b4:0f:68:a4:b1 rssi=-50 f=5785 sc=80 link=135 tx=7.1, 0.0, 0.0  rx=33.1 bcn=0 [on:0 tx:0 rx:0 period:3002] from screen [on:0 period:611256996] gl rssi=-50 ag=0 hr ticks 314,77,49 ls-=0 [56,56,60,60,65] brc=0 lrc=0
05-18 09:58:17.925 E/WifiStateMachine(  851):  L2ConnectedState (when=-4ms what=131155 arg1=591!CMD_RSSI_POLL 591 0 "BOCO-office" 94:b4:0f:68:a4:b1 rssi=-50 f=5785 sc=80 link=135 tx=7.1, 0.0, 0.0  rx=33.1 bcn=0 [on:0 tx:0 rx:0 period:1] from screen [on:0 period:611256997] gl rssi=-50 ag=0 hr ticks 314,77,49 ls-=0 [56,56,60,60,65] brc=0 lrc=0
05-18 09:58:17.925 E/WifiStateMachine(  851):  get link layer stats 0
05-18 09:58:17.939 E/WifiStateMachine(  851): calculateWifiScore() we set wifi's score to 1000, so will always set wifi as a default network.
05-18 09:58:18.418 E/memtrack(20705): Couldn't load memtrack module (No such file or directory)
05-18 09:58:18.418 E/android.os.Debug(20705): failed to load memtrack module: -2
05-18 09:58:18.818 E/WifiTrafficPoller(  851): TRAFFIC_STATS_POLL true Token 2644 num clients 19
05-18 09:58:18.819 E/WifiTrafficPoller(  851):  packet count Tx=1753569 Rx=5781999
05-18 09:58:19.819 E/WifiTrafficPoller(  851): TRAFFIC_STATS_POLL true Token 2644 num clients 19
05-18 09:58:19.820 E/WifiTrafficPoller(  851):  packet count Tx=1753569 Rx=5782013
05-18 09:58:20.571 E/memtrack(20734): Couldn't load memtrack module (No such file or directory)
05-18 09:58:20.571 E/android.os.Debug(20734): failed to load memtrack module: -2
05-18 09:58:20.820 E/WifiTrafficPoller(  851): TRAFFIC_STATS_POLL true Token 2644 num clients 19
05-18 09:58:20.821 E/WifiTrafficPoller(  851):  packet count Tx=1753569 Rx=5782025
05-18 09:58:20.943 E/WifiStateMachine(  851):  ConnectedState (when=-3ms what=131155 arg1=591!CMD_RSSI_POLL 591 0 "BOCO-office" 94:b4:0f:68:a4:b1 rssi=-50 f=5785 sc=80 link=135 tx=6.5, 0.0, 0.0  rx=36.0 bcn=0 [on:0 tx:0 rx:0 period:3002] from screen [on:0 period:611260015] gl rssi=-50 ag=0 hr ticks 314,77,49 ls-=0 [56,56,60,60,65] brc=0 lrc=0
05-18 09:58:20.944 E/WifiStateMachine(  851):  L2ConnectedState (when=-4ms what=131155 arg1=591!CMD_RSSI_POLL 591 0 "BOCO-office" 94:b4:0f:68:a4:b1 rssi=-50 f=5785 sc=80 link=135 tx=6.5, 0.0, 0.0  rx=36.0 bcn=0 [on:0 tx:0 rx:0 period:0] from screen [on:0 period:611260015] gl rssi=-50 ag=0 hr ticks 314,77,49 ls-=0 [56,56,60,60,65] brc=0 lrc=0
05-18 09:58:20.944 E/WifiStateMachine(  851):  get link layer stats 0
05-18 09:58:20.961 E/WifiStateMachine(  851): calculateWifiScore() we set wifi's score to 1000, so will always set wifi as a default network.
05-18 09:58:21.821 E/WifiTrafficPoller(  851): TRAFFIC_STATS_POLL true Token 2644 num clients 19
05-18 09:58:21.822 E/WifiTrafficPoller(  851):  packet count Tx=1753569 Rx=5782041
05-18 09:58:22.823 E/WifiTrafficPoller(  851): TRAFFIC_STATS_POLL true Token 2644 num clients 19
05-18 09:58:22.824 E/WifiTrafficPoller(  851):  packet count Tx=1753569 Rx=5782058
05-18 09:58:23.824 E/WifiTrafficPoller(  851): TRAFFIC_STATS_POLL true Token 2644 num clients 19
05-18 09:58:23.824 E/WifiTrafficPoller(  851):  packet count Tx=1753570 Rx=5782070
05-18 09:58:23.824 E/WifiTrafficPoller(  851): notifying of data activity 3
05-18 09:58:23.965 E/WifiStateMachine(  851):  ConnectedState (when=-3ms what=131155 arg1=591!CMD_RSSI_POLL 591 0 "BOCO-office" 94:b4:0f:68:a4:b1 rssi=-49 f=5785 sc=80 link=135 tx=3.3, 0.0, 0.0  rx=34.5 bcn=0 [on:0 tx:0 rx:0 period:2999] from screen [on:0 period:611263037] gl rssi=-49 ag=0 hr ticks 314,77,49 ls-=0 [56,56,56,56,61] brc=0 lrc=0
05-18 09:58:23.967 E/WifiStateMachine(  851):  L2ConnectedState (when=-5ms what=131155 arg1=591!CMD_RSSI_POLL 591 0 "BOCO-office" 94:b4:0f:68:a4:b1 rssi=-49 f=5785 sc=80 link=135 tx=3.3, 0.0, 0.0  rx=34.5 bcn=0 [on:0 tx:0 rx:0 period:2] from screen [on:0 period:611263039] gl rssi=-49 ag=0 hr ticks 314,77,49 ls-=0 [56,56,56,56,61] brc=0 lrc=0
05-18 09:58:23.967 E/WifiStateMachine(  851):  get link layer stats 0
05-18 09:58:23.971 E/WifiStateMachine(  851): calculateWifiScore() we set wifi's score to 1000, so will always set wifi as a default network.
05-18 09:58:24.825 E/WifiTrafficPoller(  851): TRAFFIC_STATS_POLL true Token 2644 num clients 19
05-18 09:58:24.825 E/WifiTrafficPoller(  851):  packet count Tx=1753579 Rx=5782093
05-18 09:58:25.444 E/MPlugin (20631): Unsupported class: com.mediatek.common.telephony.IOnlyOwnerSimSupport
05-18 09:58:25.552 E/SurfaceFlinger(  285): onDraw: bindTextureImage test
05-18 09:58:25.567 E/SurfaceFlinger(  285): onDraw: bindTextureImage test
05-18 09:58:25.583 E/SurfaceFlinger(  285): onDraw: bindTextureImage test
05-18 09:58:25.599 E/SurfaceFlinger(  285): onDraw: bindTextureImage test
05-18 09:58:25.616 E/SurfaceFlinger(  285): onDraw: bindTextureImage test
05-18 09:58:25.633 E/SurfaceFlinger(  285): onDraw: bindTextureImage test
05-18 09:58:25.649 E/SurfaceFlinger(  285): onDraw: bindTextureImage test
05-18 09:58:25.666 E/SurfaceFlinger(  285): onDraw: bindTextureImage test
05-18 09:58:25.685 E/SurfaceFlinger(  285): onDraw: bindTextureImage test
05-18 09:58:25.702 E/SurfaceFlinger(  285): onDraw: bindTextureImage test
05-18 09:58:25.719 E/SurfaceFlinger(  285): onDraw: bindTextureImage test
05-18 09:58:25.819 E/SurfaceFlinger(  285): onDraw: bindTextureImage test
05-18 09:58:25.825 E/WifiTrafficPoller(  851): TRAFFIC_STATS_POLL true Token 2644 num clients 19
05-18 09:58:25.827 E/WifiTrafficPoller(  851):  packet count Tx=1753595 Rx=5782122
05-18 09:58:26.710 E/SurfaceFlinger(  285): onDraw: bindTextureImage test
05-18 09:58:26.727 E/SurfaceFlinger(  285): onDraw: bindTextureImage test
05-18 09:58:26.744 E/SurfaceFlinger(  285): onDraw: bindTextureImage test
05-18 09:58:26.760 E/SurfaceFlinger(  285): onDraw: bindTextureImage test
05-18 09:58:26.777 E/SurfaceFlinger(  285): onDraw: bindTextureImage test
05-18 09:58:26.793 E/SurfaceFlinger(  285): onDraw: bindTextureImage test
05-18 09:58:26.810 E/SurfaceFlinger(  285): onDraw: bindTextureImage test
05-18 09:58:26.827 E/WifiTrafficPoller(  851): TRAFFIC_STATS_POLL true Token 2644 num clients 19
05-18 09:58:26.827 E/WifiTrafficPoller(  851):  packet count Tx=1753597 Rx=5782135
05-18 09:58:26.972 E/WifiStateMachine(  851):  ConnectedState (when=-1ms what=131155 arg1=591!CMD_RSSI_POLL 591 0 "BOCO-office" 94:b4:0f:68:a4:b1 rssi=-50 f=5785 sc=80 link=135 tx=2.6, 0.0, 0.0  rx=40.3 bcn=0 [on:0 tx:0 rx:0 period:2999] from screen [on:0 period:611266044] gl rssi=-50 ag=0 hr ticks 314,77,49 ls-=0 [56,56,56,56,61] brc=0 lrc=0
05-18 09:58:26.974 E/WifiStateMachine(  851):  L2ConnectedState (when=-3ms what=131155 arg1=591!CMD_RSSI_POLL 591 0 "BOCO-office" 94:b4:0f:68:a4:b1 rssi=-50 f=5785 sc=80 link=135 tx=2.6, 0.0, 0.0  rx=40.3 bcn=0 [on:0 tx:0 rx:0 period:2] from screen [on:0 period:611266046] gl rssi=-50 ag=0 hr ticks 314,77,49 ls-=0 [56,56,56,56,61] brc=0 lrc=0
05-18 09:58:26.974 E/WifiStateMachine(  851):  get link layer stats 0
05-18 09:58:26.979 E/WifiStateMachine(  851): calculateWifiScore() we set wifi's score to 1000, so will always set wifi as a default network.
05-18 09:58:27.828 E/WifiTrafficPoller(  851): TRAFFIC_STATS_POLL true Token 2644 num clients 19
05-18 09:58:27.828 E/WifiTrafficPoller(  851):  packet count Tx=1753597 Rx=5782148
05-18 09:58:27.828 E/WifiTrafficPoller(  851): notifying of data activity 1
05-18 09:58:28.112 E/SurfaceFlinger(  285): onDraw: bindTextureImage test
05-18 09:58:28.112 E/SurfaceFlinger(  285): onDraw: bindTextureImage test
05-18 09:58:28.112 E/SurfaceFlinger(  285): onDraw: bindTextureImage test
05-18 09:58:28.113 E/SurfaceFlinger(  285): onDraw: bindTextureImage test
05-18 09:58:28.830 E/WifiTrafficPoller(  851): TRAFFIC_STATS_POLL true Token 2644 num clients 19
05-18 09:58:28.831 E/WifiTrafficPoller(  851):  packet count Tx=1753597 Rx=5782158
05-18 09:58:29.832 E/WifiTrafficPoller(  851): TRAFFIC_STATS_POLL true Token 2644 num clients 19
05-18 09:58:29.833 E/WifiTrafficPoller(  851):  packet count Tx=1753597 Rx=5782168
05-18 09:58:29.984 E/WifiStateMachine(  851):  ConnectedState (when=-3ms what=131155 arg1=591!CMD_RSSI_POLL 591 0 "BOCO-office" 94:b4:0f:68:a4:b1 rssi=-50 f=5785 sc=80 link=135 tx=14.3, 0.0, 0.0  rx=53.6 bcn=0 [on:0 tx:0 rx:0 period:3001] from screen [on:0 period:611269056] gl rssi=-50 ag=0 hr ticks 314,77,49 ls-=0 [56,56,60,60,65] brc=0 lrc=0
05-18 09:58:29.987 E/WifiStateMachine(  851):  L2ConnectedState (when=-6ms what=131155 arg1=591!CMD_RSSI_POLL 591 0 "BOCO-office" 94:b4:0f:68:a4:b1 rssi=-50 f=5785 sc=80 link=135 tx=14.3, 0.0, 0.0  rx=53.6 bcn=0 [on:0 tx:0 rx:0 period:3] from screen [on:0 period:611269059] gl rssi=-50 ag=0 hr ticks 314,77,49 ls-=0 [56,56,60,60,65] brc=0 lrc=0
05-18 09:58:29.987 E/WifiStateMachine(  851):  get link layer stats 0
05-18 09:58:30.014 E/WifiStateMachine(  851): calculateWifiScore() we set wifi's score to 1000, so will always set wifi as a default network.
05-18 09:58:30.338 E/TouchFilter(  851): setTouchFilter LOG Enable prameter: 1
05-18 09:58:30.560 E/SurfaceFlinger(  285): onDraw: bindTextureImage test
05-18 09:58:30.579 E/SurfaceFlinger(  285): onDraw: bindTextureImage test
05-18 09:58:30.595 E/SurfaceFlinger(  285): onDraw: bindTextureImage test
05-18 09:58:30.612 E/SurfaceFlinger(  285): onDraw: bindTextureImage test
05-18 09:58:30.631 E/SurfaceFlinger(  285): onDraw: bindTextureImage test
05-18 09:58:30.648 E/SurfaceFlinger(  285): onDraw: bindTextureImage test
05-18 09:58:30.663 E/SurfaceFlinger(  285): onDraw: bindTextureImage test
05-18 09:58:30.680 E/SurfaceFlinger(  285): onDraw: bindTextureImage test
05-18 09:58:30.697 E/SurfaceFlinger(  285): onDraw: bindTextureImage test
05-18 09:58:30.713 E/SurfaceFlinger(  285): onDraw: bindTextureImage test
05-18 09:58:30.730 E/SurfaceFlinger(  285): onDraw: bindTextureImage test
05-18 09:58:30.833 E/WifiTrafficPoller(  851): TRAFFIC_STATS_POLL true Token 2644 num clients 19
05-18 09:58:30.835 E/WifiTrafficPoller(  851):  packet count Tx=1753598 Rx=5782184
05-18 09:58:30.835 E/WifiTrafficPoller(  851): notifying of data activity 3
05-18 09:58:31.852 E/WifiTrafficPoller(  851): TRAFFIC_STATS_POLL true Token 2644 num clients 19
05-18 09:58:31.853 E/WifiTrafficPoller(  851):  packet count Tx=1753598 Rx=5782195
05-18 09:58:31.853 E/WifiTrafficPoller(  851): notifying of data activity 1
05-18 09:58:32.869 E/WifiTrafficPoller(  851): TRAFFIC_STATS_POLL true Token 2644 num clients 19
05-18 09:58:32.870 E/WifiTrafficPoller(  851):  packet count Tx=1753598 Rx=5782203
05-18 09:58:33.019 E/WifiStateMachine(  851):  ConnectedState (when=-3ms what=131155 arg1=591!CMD_RSSI_POLL 591 0 "BOCO-office" 94:b4:0f:68:a4:b1 rssi=-50 f=5785 sc=80 link=135 tx=7.2, 0.0, 0.0  rx=41.8 bcn=0 [on:0 tx:0 rx:0 period:2999] from screen [on:0 period:611272091] gl rssi=-50 ag=0 hr ticks 314,77,49 ls-=0 [56,56,60,60,65] brc=0 lrc=0
05-18 09:58:33.024 E/WifiStateMachine(  851):  L2ConnectedState (when=-8ms what=131155 arg1=591!CMD_RSSI_POLL 591 0 "BOCO-office" 94:b4:0f:68:a4:b1 rssi=-50 f=5785 sc=80 link=135 tx=7.2, 0.0, 0.0  rx=41.8 bcn=0 [on:0 tx:0 rx:0 period:5] from screen [on:0 period:611272096] gl rssi=-50 ag=0 hr ticks 314,77,49 ls-=0 [56,56,60,60,65] brc=0 lrc=0
05-18 09:58:33.025 E/WifiStateMachine(  851):  get link layer stats 0
05-18 09:58:33.053 E/WifiStateMachine(  851): calculateWifiScore() we set wifi's score to 1000, so will always set wifi as a default network.
05-18 09:58:33.515 E/memtrack(20790): Couldn't load memtrack module (No such file or directory)
05-18 09:58:33.515 E/android.os.Debug(20790): failed to load memtrack module: -2
05-18 09:58:33.870 E/WifiTrafficPoller(  851): TRAFFIC_STATS_POLL true Token 2644 num clients 19
05-18 09:58:33.871 E/WifiTrafficPoller(  851):  packet count Tx=1753601 Rx=5782221
05-18 09:58:33.871 E/WifiTrafficPoller(  851): notifying of data activity 3
05-18 09:58:34.875 E/WifiTrafficPoller(  851): TRAFFIC_STATS_POLL true Token 2644 num clients 19
05-18 09:58:34.876 E/WifiTrafficPoller(  851):  packet count Tx=1753602 Rx=5782243
05-18 09:58:35.763 E/memtrack(20811): Couldn't load memtrack module (No such file or directory)
