05-18 15:49:10.214 E/appium  ( 3051): 	at io.netty.util.concurrent.DefaultThreadFactory$DefaultRunnableDecorator.run(DefaultThreadFactory.java:144)
05-18 15:49:10.214 E/appium  ( 3051): 	at java.lang.Thread.run(Thread.java:841)
05-18 15:49:10.394 E/GPSManager( 1824): Location changed : Lat: 40.00125 Lng: 105.56358166666665
05-18 15:49:11.214 E/appium  ( 3051): Element not found: 
05-18 15:49:11.214 E/appium  ( 3051): io.appium.uiautomator2.common.exceptions.ElementNotFoundException: Could not find an element using supplied strategy. 
05-18 15:49:11.214 E/appium  ( 3051): 	at io.appium.uiautomator2.handler.FindElement.getXPathUiObject(FindElement.java:80)
05-18 15:49:11.214 E/appium  ( 3051): 	at io.appium.uiautomator2.handler.FindElement.findElement(FindElement.java:153)
05-18 15:49:11.214 E/appium  ( 3051): 	at io.appium.uiautomator2.handler.FindElement.safeHandle(FindElement.java:102)
05-18 15:49:11.214 E/appium  ( 3051): 	at io.appium.uiautomator2.handler.request.SafeRequestHandler.handle(SafeRequestHandler.java:56)
05-18 15:49:11.214 E/appium  ( 3051): 	at io.appium.uiautomator2.server.AppiumServlet.handleRequest(AppiumServlet.java:202)
05-18 15:49:11.214 E/appium  ( 3051): 	at io.appium.uiautomator2.server.AppiumServlet.handleHttpRequest(AppiumServlet.java:193)
05-18 15:49:11.214 E/appium  ( 3051): 	at io.appium.uiautomator2.http.ServerHandler.channelRead(ServerHandler.java:44)
05-18 15:49:11.214 E/appium  ( 3051): 	at io.netty.channel.AbstractChannelHandlerContext.invokeChannelRead(AbstractChannelHandlerContext.java:366)
05-18 15:49:11.214 E/appium  ( 3051): 	at io.netty.channel.AbstractChannelHandlerContext.invokeChannelRead(AbstractChannelHandlerContext.java:352)
05-18 15:49:11.214 E/appium  ( 3051): 	at io.netty.channel.AbstractChannelHandlerContext.fireChannelRead(AbstractChannelHandlerContext.java:345)
05-18 15:49:11.214 E/appium  ( 3051): 	at io.netty.handler.codec.MessageToMessageDecoder.channelRead(MessageToMessageDecoder.java:102)
05-18 15:49:11.214 E/appium  ( 3051): 	at io.netty.channel.AbstractChannelHandlerContext.invokeChannelRead(AbstractChannelHandlerContext.java:366)
05-18 15:49:11.214 E/appium  ( 3051): 	at io.netty.channel.AbstractChannelHandlerContext.invokeChannelRead(AbstractChannelHandlerContext.java:352)
05-18 15:49:11.214 E/appium  ( 3051): 	at io.netty.channel.AbstractChannelHandlerContext.fireChannelRead(AbstractChannelHandlerContext.java:345)
05-18 15:49:11.214 E/appium  ( 3051): 	at io.netty.channel.CombinedChannelDuplexHandler$DelegatingChannelHandlerContext.fireChannelRead(CombinedChannelDuplexHandler.java:435)
05-18 15:49:11.214 E/appium  ( 3051): 	at io.netty.handler.codec.ByteToMessageDecoder.fireChannelRead(ByteToMessageDecoder.java:293)
05-18 15:49:11.214 E/appium  ( 3051): 	at io.netty.handler.codec.ByteToMessageDecoder.channelRead(ByteToMessageDecoder.java:267)
05-18 15:49:11.214 E/appium  ( 3051): 	at io.netty.channel.CombinedChannelDuplexHandler.channelRead(CombinedChannelDuplexHandler.java:250)
05-18 15:49:11.214 E/appium  ( 3051): 	at io.netty.channel.AbstractChannelHandlerContext.invokeChannelRead(AbstractChannelHandlerContext.java:366)
05-18 15:49:11.214 E/appium  ( 3051): 	at io.netty.channel.AbstractChannelHandlerContext.invokeChannelRead(AbstractChannelHandlerContext.java:352)
05-18 15:49:11.214 E/appium  ( 3051): 	at io.netty.channel.AbstractChannelHandlerContext.fireChannelRead(AbstractChannelHandlerContext.java:345)
05-18 15:49:11.214 E/appium  ( 3051): 	at io.netty.channel.DefaultChannelPipeline$HeadContext.channelRead(DefaultChannelPipeline.java:1294)
05-18 15:49:11.214 E/appium  ( 3051): 	at io.netty.channel.AbstractChannelHandlerContext.invokeChannelRead(AbstractChannelHandlerContext.java:366)
05-18 15:49:11.214 E/appium  ( 3051): 	at io.netty.channel.AbstractChannelHandlerContext.invokeChannelRead(AbstractChannelHandlerContext.java:352)
05-18 15:49:11.214 E/appium  ( 3051): 	at io.netty.channel.DefaultChannelPipeline.fireChannelRead(DefaultChannelPipeline.java:911)
05-18 15:49:11.214 E/appium  ( 3051): 	at io.netty.channel.nio.AbstractNioByteChannel$NioByteUnsafe.read(AbstractNioByteChannel.java:131)
05-18 15:49:11.214 E/appium  ( 3051): 	at io.netty.channel.nio.NioEventLoop.processSelectedKey(NioEventLoop.java:611)
05-18 15:49:11.214 E/appium  ( 3051): 	at io.netty.channel.nio.NioEventLoop.processSelectedKeysPlain(NioEventLoop.java:514)
05-18 15:49:11.214 E/appium  ( 3051): 	at io.netty.channel.nio.NioEventLoop.processSelectedKeys(NioEventLoop.java:468)
05-18 15:49:11.214 E/appium  ( 3051): 	at io.netty.channel.nio.NioEventLoop.run(NioEventLoop.java:438)
05-18 15:49:11.214 E/appium  ( 3051): 	at io.netty.util.concurrent.SingleThreadEventExecutor$2.run(SingleThreadEventExecutor.java:140)
05-18 15:49:11.214 E/appium  ( 3051): 	at io.netty.util.concurrent.DefaultThreadFactory$DefaultRunnableDecorator.run(DefaultThreadFactory.java:144)
05-18 15:49:11.214 E/appium  ( 3051): 	at java.lang.Thread.run(Thread.java:841)
05-18 15:49:11.294 E/GPSManager( 1824): Location changed : Lat: 40.00125 Lng: 105.56358166666665
05-18 15:49:12.174 E/appium  ( 3051): Element not found: 
05-18 15:49:12.174 E/appium  ( 3051): io.appium.uiautomator2.common.exceptions.ElementNotFoundException: Could not find an element using supplied strategy. 
05-18 15:49:12.174 E/appium  ( 3051): 	at io.appium.uiautomator2.handler.FindElement.getXPathUiObject(FindElement.java:80)
05-18 15:49:12.174 E/appium  ( 3051): 	at io.appium.uiautomator2.handler.FindElement.findElement(FindElement.java:153)
05-18 15:49:12.174 E/appium  ( 3051): 	at io.appium.uiautomator2.handler.FindElement.safeHandle(FindElement.java:102)
05-18 15:49:12.174 E/appium  ( 3051): 	at io.appium.uiautomator2.handler.request.SafeRequestHandler.handle(SafeRequestHandler.java:56)
05-18 15:49:12.174 E/appium  ( 3051): 	at io.appium.uiautomator2.server.AppiumServlet.handleRequest(AppiumServlet.java:202)
05-18 15:49:12.174 E/appium  ( 3051): 	at io.appium.uiautomator2.server.AppiumServlet.handleHttpRequest(AppiumServlet.java:193)
05-18 15:49:12.174 E/appium  ( 3051): 	at io.appium.uiautomator2.http.ServerHandler.channelRead(ServerHandler.java:44)
05-18 15:49:12.174 E/appium  ( 3051): 	at io.netty.channel.AbstractChannelHandlerContext.invokeChannelRead(AbstractChannelHandlerContext.java:366)
05-18 15:49:12.174 E/appium  ( 3051): 	at io.netty.channel.AbstractChannelHandlerContext.invokeChannelRead(AbstractChannelHandlerContext.java:352)
05-18 15:49:12.174 E/appium  ( 3051): 	at io.netty.channel.AbstractChannelHandlerContext.fireChannelRead(AbstractChannelHandlerContext.java:345)
05-18 15:49:12.174 E/appium  ( 3051): 	at io.netty.handler.codec.MessageToMessageDecoder.channelRead(MessageToMessageDecoder.java:102)
05-18 15:49:12.174 E/appium  ( 3051): 	at io.netty.channel.AbstractChannelHandlerContext.invokeChannelRead(AbstractChannelHandlerContext.java:366)
05-18 15:49:12.174 E/appium  ( 3051): 	at io.netty.channel.AbstractChannelHandlerContext.invokeChannelRead(AbstractChannelHandlerContext.java:352)
05-18 15:49:12.174 E/appium  ( 3051): 	at io.netty.channel.AbstractChannelHandlerContext.fireChannelRead(AbstractChannelHandlerContext.java:345)
05-18 15:49:12.174 E/appium  ( 3051): 	at io.netty.channel.CombinedChannelDuplexHandler$DelegatingChannelHandlerContext.fireChannelRead(CombinedChannelDuplexHandler.java:435)
05-18 15:49:12.174 E/appium  ( 3051): 	at io.netty.handler.codec.ByteToMessageDecoder.fireChannelRead(ByteToMessageDecoder.java:293)
05-18 15:49:12.174 E/appium  ( 3051): 	at io.netty.handler.codec.ByteToMessageDecoder.channelRead(ByteToMessageDecoder.java:267)
05-18 15:49:12.174 E/appium  ( 3051): 	at io.netty.channel.CombinedChannelDuplexHandler.channelRead(CombinedChannelDuplexHandler.java:250)
05-18 15:49:12.174 E/appium  ( 3051): 	at io.netty.channel.AbstractChannelHandlerContext.invokeChannelRead(AbstractChannelHandlerContext.java:366)
05-18 15:49:12.174 E/appium  ( 3051): 	at io.netty.channel.AbstractChannelHandlerContext.invokeChannelRead(AbstractChannelHandlerContext.java:352)
05-18 15:49:12.174 E/appium  ( 3051): 	at io.netty.channel.AbstractChannelHandlerContext.fireChannelRead(AbstractChannelHandlerContext.java:345)
05-18 15:49:12.174 E/appium  ( 3051): 	at io.netty.channel.DefaultChannelPipeline$HeadContext.channelRead(DefaultChannelPipeline.java:1294)
05-18 15:49:12.174 E/appium  ( 3051): 	at io.netty.channel.AbstractChannelHandlerContext.invokeChannelRead(AbstractChannelHandlerContext.java:366)
05-18 15:49:12.174 E/appium  ( 3051): 	at io.netty.channel.AbstractChannelHandlerContext.invokeChannelRead(AbstractChannelHandlerContext.java:352)
05-18 15:49:12.174 E/appium  ( 3051): 	at io.netty.channel.DefaultChannelPipeline.fireChannelRead(DefaultChannelPipeline.java:911)
05-18 15:49:12.174 E/appium  ( 3051): 	at io.netty.channel.nio.AbstractNioByteChannel$NioByteUnsafe.read(AbstractNioByteChannel.java:131)
05-18 15:49:12.174 E/appium  ( 3051): 	at io.netty.channel.nio.NioEventLoop.processSelectedKey(NioEventLoop.java:611)
05-18 15:49:12.174 E/appium  ( 3051): 	at io.netty.channel.nio.NioEventLoop.processSelectedKeysPlain(NioEventLoop.java:514)
05-18 15:49:12.174 E/appium  ( 3051): 	at io.netty.channel.nio.NioEventLoop.processSelectedKeys(NioEventLoop.java:468)
05-18 15:49:12.174 E/appium  ( 3051): 	at io.netty.channel.nio.NioEventLoop.run(NioEventLoop.java:438)
05-18 15:49:12.174 E/appium  ( 3051): 	at io.netty.util.concurrent.SingleThreadEventExecutor$2.run(SingleThreadEventExecutor.java:140)
05-18 15:49:12.174 E/appium  ( 3051): 	at io.netty.util.concurrent.DefaultThreadFactory$DefaultRunnableDecorator.run(DefaultThreadFactory.java:144)
05-18 15:49:12.174 E/appium  ( 3051): 	at java.lang.Thread.run(Thread.java:841)
05-18 15:49:12.294 E/GPSManager( 1824): Location changed : Lat: 40.00125 Lng: 105.56358166666665
05-18 15:49:13.184 E/appium  ( 3051): Element not found: 
05-18 15:49:13.184 E/appium  ( 3051): io.appium.uiautomator2.common.exceptions.ElementNotFoundException: Could not find an element using supplied strategy. 
05-18 15:49:13.184 E/appium  ( 3051): 	at io.appium.uiautomator2.handler.FindElement.getXPathUiObject(FindElement.java:80)
05-18 15:49:13.184 E/appium  ( 3051): 	at io.appium.uiautomator2.handler.FindElement.findElement(FindElement.java:153)
05-18 15:49:13.184 E/appium  ( 3051): 	at io.appium.uiautomator2.handler.FindElement.safeHandle(FindElement.java:102)
05-18 15:49:13.184 E/appium  ( 3051): 	at io.appium.uiautomator2.handler.request.SafeRequestHandler.handle(SafeRequestHandler.java:56)
05-18 15:49:13.184 E/appium  ( 3051): 	at io.appium.uiautomator2.server.AppiumServlet.handleRequest(AppiumServlet.java:202)
05-18 15:49:13.184 E/appium  ( 3051): 	at io.appium.uiautomator2.server.AppiumServlet.handleHttpRequest(AppiumServlet.java:193)
05-18 15:49:13.184 E/appium  ( 3051): 	at io.appium.uiautomator2.http.ServerHandler.channelRead(ServerHandler.java:44)
05-18 15:49:13.184 E/appium  ( 3051): 	at io.netty.channel.AbstractChannelHandlerContext.invokeChannelRead(AbstractChannelHandlerContext.java:366)
05-18 15:49:13.184 E/appium  ( 3051): 	at io.netty.channel.AbstractChannelHandlerContext.invokeChannelRead(AbstractChannelHandlerContext.java:352)
05-18 15:49:13.184 E/appium  ( 3051): 	at io.netty.channel.AbstractChannelHandlerContext.fireChannelRead(AbstractChannelHandlerContext.java:345)
05-18 15:49:13.184 E/appium  ( 3051): 	at io.netty.handler.codec.MessageToMessageDecoder.channelRead(MessageToMessageDecoder.java:102)
05-18 15:49:13.184 E/appium  ( 3051): 	at io.netty.channel.AbstractChannelHandlerContext.invokeChannelRead(AbstractChannelHandlerContext.java:366)
05-18 15:49:13.184 E/appium  ( 3051): 	at io.netty.channel.AbstractChannelHandlerContext.invokeChannelRead(AbstractChannelHandlerContext.java:352)
05-18 15:49:13.184 E/appium  ( 3051): 	at io.netty.channel.AbstractChannelHandlerContext.fireChannelRead(AbstractChannelHandlerContext.java:345)
05-18 15:49:13.184 E/appium  ( 3051): 	at io.netty.channel.CombinedChannelDuplexHandler$DelegatingChannelHandlerContext.fireChannelRead(CombinedChannelDuplexHandler.java:435)
05-18 15:49:13.184 E/appium  ( 3051): 	at io.netty.handler.codec.ByteToMessageDecoder.fireChannelRead(ByteToMessageDecoder.java:293)
05-18 15:49:13.184 E/appium  ( 3051): 	at io.netty.handler.codec.ByteToMessageDecoder.channelRead(ByteToMessageDecoder.java:267)
05-18 15:49:13.184 E/appium  ( 3051): 	at io.netty.channel.CombinedChannelDuplexHandler.channelRead(CombinedChannelDuplexHandler.java:250)
05-18 15:49:13.184 E/appium  ( 3051): 	at io.netty.channel.AbstractChannelHandlerContext.invokeChannelRead(AbstractChannelHandlerContext.java:366)
05-18 15:49:13.184 E/appium  ( 3051): 	at io.netty.channel.AbstractChannelHandlerContext.invokeChannelRead(AbstractChannelHandlerContext.java:352)
05-18 15:49:13.184 E/appium  ( 3051): 	at io.netty.channel.AbstractChannelHandlerContext.fireChannelRead(AbstractChannelHandlerContext.java:345)
05-18 15:49:13.184 E/appium  ( 3051): 	at io.netty.channel.DefaultChannelPipeline$HeadContext.channelRead(DefaultChannelPipeline.java:1294)
05-18 15:49:13.184 E/appium  ( 3051): 	at io.netty.channel.AbstractChannelHandlerContext.invokeChannelRead(AbstractChannelHandlerContext.java:366)
05-18 15:49:13.184 E/appium  ( 3051): 	at io.netty.channel.AbstractChannelHandlerContext.invokeChannelRead(AbstractChannelHandlerContext.java:352)
05-18 15:49:13.184 E/appium  ( 3051): 	at io.netty.channel.DefaultChannelPipeline.fireChannelRead(DefaultChannelPipeline.java:911)
05-18 15:49:13.184 E/appium  ( 3051): 	at io.netty.channel.nio.AbstractNioByteChannel$NioByteUnsafe.read(AbstractNioByteChannel.java:131)
05-18 15:49:13.184 E/appium  ( 3051): 	at io.netty.channel.nio.NioEventLoop.processSelectedKey(NioEventLoop.java:611)
05-18 15:49:13.184 E/appium  ( 3051): 	at io.netty.channel.nio.NioEventLoop.processSelectedKeysPlain(NioEventLoop.java:514)
05-18 15:49:13.184 E/appium  ( 3051): 	at io.netty.channel.nio.NioEventLoop.processSelectedKeys(NioEventLoop.java:468)
05-18 15:49:13.184 E/appium  ( 3051): 	at io.netty.channel.nio.NioEventLoop.run(NioEventLoop.java:438)
05-18 15:49:13.184 E/appium  ( 3051): 	at io.netty.util.concurrent.SingleThreadEventExecutor$2.run(SingleThreadEventExecutor.java:140)
05-18 15:49:13.184 E/appium  ( 3051): 	at io.netty.util.concurrent.DefaultThreadFactory$DefaultRunnableDecorator.run(DefaultThreadFactory.java:144)
05-18 15:49:13.184 E/appium  ( 3051): 	at java.lang.Thread.run(Thread.java:841)
05-18 15:49:13.294 E/GPSManager( 1824): Location changed : Lat: 40.00125 Lng: 105.56358166666665
05-18 15:49:14.084 E/appium  ( 3051): Element not found: 
05-18 15:49:14.084 E/appium  ( 3051): io.appium.uiautomator2.common.exceptions.ElementNotFoundException: Could not find an element using supplied strategy. 
05-18 15:49:14.084 E/appium  ( 3051): 	at io.appium.uiautomator2.handler.FindElement.getXPathUiObject(FindElement.java:80)
05-18 15:49:14.084 E/appium  ( 3051): 	at io.appium.uiautomator2.handler.FindElement.findElement(FindElement.java:153)
05-18 15:49:14.084 E/appium  ( 3051): 	at io.appium.uiautomator2.handler.FindElement.safeHandle(FindElement.java:102)
05-18 15:49:14.084 E/appium  ( 3051): 	at io.appium.uiautomator2.handler.request.SafeRequestHandler.handle(SafeRequestHandler.java:56)
05-18 15:49:14.084 E/appium  ( 3051): 	at io.appium.uiautomator2.server.AppiumServlet.handleRequest(AppiumServlet.java:202)
05-18 15:49:14.084 E/appium  ( 3051): 	at io.appium.uiautomator2.server.AppiumServlet.handleHttpRequest(AppiumServlet.java:193)
05-18 15:49:14.084 E/appium  ( 3051): 	at io.appium.uiautomator2.http.ServerHandler.channelRead(ServerHandler.java:44)
05-18 15:49:14.084 E/appium  ( 3051): 	at io.netty.channel.AbstractChannelHandlerContext.invokeChannelRead(AbstractChannelHandlerContext.java:366)
05-18 15:49:14.084 E/appium  ( 3051): 	at io.netty.channel.AbstractChannelHandlerContext.invokeChannelRead(AbstractChannelHandlerContext.java:352)
05-18 15:49:14.084 E/appium  ( 3051): 	at io.netty.channel.AbstractChannelHandlerContext.fireChannelRead(AbstractChannelHandlerContext.java:345)
05-18 15:49:14.084 E/appium  ( 3051): 	at io.netty.handler.codec.MessageToMessageDecoder.channelRead(MessageToMessageDecoder.java:102)
05-18 15:49:14.084 E/appium  ( 3051): 	at io.netty.channel.AbstractChannelHandlerContext.invokeChannelRead(AbstractChannelHandlerContext.java:366)
05-18 15:49:14.084 E/appium  ( 3051): 	at io.netty.channel.AbstractChannelHandlerContext.invokeChannelRead(AbstractChannelHandlerContext.java:352)
05-18 15:49:14.084 E/appium  ( 3051): 	at io.netty.channel.AbstractChannelHandlerContext.fireChannelRead(AbstractChannelHandlerContext.java:345)
05-18 15:49:14.084 E/appium  ( 3051): 	at io.netty.channel.CombinedChannelDuplexHandler$DelegatingChannelHandlerContext.fireChannelRead(CombinedChannelDuplexHandler.java:435)
05-18 15:49:14.084 E/appium  ( 3051): 	at io.netty.handler.codec.ByteToMessageDecoder.fireChannelRead(ByteToMessageDecoder.java:293)
05-18 15:49:14.084 E/appium  ( 3051): 	at io.netty.handler.codec.ByteToMessageDecoder.channelRead(ByteToMessageDecoder.java:267)
05-18 15:49:14.084 E/appium  ( 3051): 	at io.netty.channel.CombinedChannelDuplexHandler.channelRead(CombinedChannelDuplexHandler.java:250)
05-18 15:49:14.084 E/appium  ( 3051): 	at io.netty.channel.AbstractChannelHandlerContext.invokeChannelRead(AbstractChannelHandlerContext.java:366)
05-18 15:49:14.084 E/appium  ( 3051): 	at io.netty.channel.AbstractChannelHandlerContext.invokeChannelRead(AbstractChannelHandlerContext.java:352)
05-18 15:49:14.084 E/appium  ( 3051): 	at io.netty.channel.AbstractChannelHandlerContext.fireChannelRead(AbstractChannelHandlerContext.java:345)
05-18 15:49:14.084 E/appium  ( 3051): 	at io.netty.channel.DefaultChannelPipeline$HeadContext.channelRead(DefaultChannelPipeline.java:1294)
05-18 15:49:14.084 E/appium  ( 3051): 	at io.netty.channel.AbstractChannelHandlerContext.invokeChannelRead(AbstractChannelHandlerContext.java:366)
05-18 15:49:14.084 E/appium  ( 3051): 	at io.netty.channel.AbstractChannelHandlerContext.invokeChannelRead(AbstractChannelHandlerContext.java:352)
05-18 15:49:14.084 E/appium  ( 3051): 	at io.netty.channel.DefaultChannelPipeline.fireChannelRead(DefaultChannelPipeline.java:911)
05-18 15:49:14.084 E/appium  ( 3051): 	at io.netty.channel.nio.AbstractNioByteChannel$NioByteUnsafe.read(AbstractNioByteChannel.java:131)
05-18 15:49:14.084 E/appium  ( 3051): 	at io.netty.channel.nio.NioEventLoop.processSelectedKey(NioEventLoop.java:611)
05-18 15:49:14.084 E/appium  ( 3051): 	at io.netty.channel.nio.NioEventLoop.processSelectedKeysPlain(NioEventLoop.java:514)
05-18 15:49:14.084 E/appium  ( 3051): 	at io.netty.channel.nio.NioEventLoop.processSelectedKeys(NioEventLoop.java:468)
05-18 15:49:14.084 E/appium  ( 3051): 	at io.netty.channel.nio.NioEventLoop.run(NioEventLoop.java:438)
05-18 15:49:14.084 E/appium  ( 3051): 	at io.netty.util.concurrent.SingleThreadEventExecutor$2.run(SingleThreadEventExecutor.java:140)
05-18 15:49:14.084 E/appium  ( 3051): 	at io.netty.util.concurrent.DefaultThreadFactory$DefaultRunnableDecorator.run(DefaultThreadFactory.java:144)
05-18 15:49:14.084 E/appium  ( 3051): 	at java.lang.Thread.run(Thread.java:841)
05-18 15:49:14.304 E/GPSManager( 1824): Location changed : Lat: 40.00125 Lng: 105.56358166666665
05-18 15:49:15.084 E/appium  ( 3051): Element not found: 
05-18 15:49:15.084 E/appium  ( 3051): io.appium.uiautomator2.common.exceptions.ElementNotFoundException: Could not find an element using supplied strategy. 
05-18 15:49:15.084 E/appium  ( 3051): 	at io.appium.uiautomator2.handler.FindElement.getXPathUiObject(FindElement.java:80)
05-18 15:49:15.084 E/appium  ( 3051): 	at io.appium.uiautomator2.handler.FindElement.findElement(FindElement.java:153)
05-18 15:49:15.084 E/appium  ( 3051): 	at io.appium.uiautomator2.handler.FindElement.safeHandle(FindElement.java:102)
05-18 15:49:15.084 E/appium  ( 3051): 	at io.appium.uiautomator2.handler.request.SafeRequestHandler.handle(SafeRequestHandler.java:56)
05-18 15:49:15.084 E/appium  ( 3051): 	at io.appium.uiautomator2.server.AppiumServlet.handleRequest(AppiumServlet.java:202)
05-18 15:49:15.084 E/appium  ( 3051): 	at io.appium.uiautomator2.server.AppiumServlet.handleHttpRequest(AppiumServlet.java:193)
05-18 15:49:15.084 E/appium  ( 3051): 	at io.appium.uiautomator2.http.ServerHandler.channelRead(ServerHandler.java:44)
05-18 15:49:15.084 E/appium  ( 3051): 	at io.netty.channel.AbstractChannelHandlerContext.invokeChannelRead(AbstractChannelHandlerContext.java:366)
05-18 15:49:15.084 E/appium  ( 3051): 	at io.netty.channel.AbstractChannelHandlerContext.invokeChannelRead(AbstractChannelHandlerContext.java:352)
05-18 15:49:15.084 E/appium  ( 3051): 	at io.netty.channel.AbstractChannelHandlerContext.fireChannelRead(AbstractChannelHandlerContext.java:345)
05-18 15:49:15.084 E/appium  ( 3051): 	at io.netty.handler.codec.MessageToMessageDecoder.channelRead(MessageToMessageDecoder.java:102)
05-18 15:49:15.084 E/appium  ( 3051): 	at io.netty.channel.AbstractChannelHandlerContext.invokeChannelRead(AbstractChannelHandlerContext.java:366)
05-18 15:49:15.084 E/appium  ( 3051): 	at io.netty.channel.AbstractChannelHandlerContext.invokeChannelRead(AbstractChannelHandlerContext.java:352)
05-18 15:49:15.084 E/appium  ( 3051): 	at io.netty.channel.AbstractChannelHandlerContext.fireChannelRead(AbstractChannelHandlerContext.java:345)
05-18 15:49:15.084 E/appium  ( 3051): 	at io.netty.channel.CombinedChannelDuplexHandler$DelegatingChannelHandlerContext.fireChannelRead(CombinedChannelDuplexHandler.java:435)
05-18 15:49:15.084 E/appium  ( 3051): 	at io.netty.handler.codec.ByteToMessageDecoder.fireChannelRead(ByteToMessageDecoder.java:293)
05-18 15:49:15.084 E/appium  ( 3051): 	at io.netty.handler.codec.ByteToMessageDecoder.channelRead(ByteToMessageDecoder.java:267)
05-18 15:49:15.084 E/appium  ( 3051): 	at io.netty.channel.CombinedChannelDuplexHandler.channelRead(CombinedChannelDuplexHandler.java:250)
05-18 15:49:15.084 E/appium  ( 3051): 	at io.netty.channel.AbstractChannelHandlerContext.invokeChannelRead(AbstractChannelHandlerContext.java:366)
05-18 15:49:15.084 E/appium  ( 3051): 	at io.netty.channel.AbstractChannelHandlerContext.invokeChannelRead(AbstractChannelHandlerContext.java:352)
05-18 15:49:15.084 E/appium  ( 3051): 	at io.netty.channel.AbstractChannelHandlerContext.fireChannelRead(AbstractChannelHandlerContext.java:345)
05-18 15:49:15.084 E/appium  ( 3051): 	at io.netty.channel.DefaultChannelPipeline$HeadContext.channelRead(DefaultChannelPipeline.java:1294)
05-18 15:49:15.084 E/appium  ( 3051): 	at io.netty.channel.AbstractChannelHandlerContext.invokeChannelRead(AbstractChannelHandlerContext.java:366)
05-18 15:49:15.084 E/appium  ( 3051): 	at io.netty.channel.AbstractChannelHandlerContext.invokeChannelRead(AbstractChannelHandlerContext.java:352)
05-18 15:49:15.084 E/appium  ( 3051): 	at io.netty.channel.DefaultChannelPipeline.fireChannelRead(DefaultChannelPipeline.java:911)
05-18 15:49:15.084 E/appium  ( 3051): 	at io.netty.channel.nio.AbstractNioByteChannel$NioByteUnsafe.read(AbstractNioByteChannel.java:131)
05-18 15:49:15.084 E/appium  ( 3051): 	at io.netty.channel.nio.NioEventLoop.processSelectedKey(NioEventLoop.java:611)
05-18 15:49:15.084 E/appium  ( 3051): 	at io.netty.channel.nio.NioEventLoop.processSelectedKeysPlain(NioEventLoop.java:514)
05-18 15:49:15.084 E/appium  ( 3051): 	at io.netty.channel.nio.NioEventLoop.processSelectedKeys(NioEventLoop.java:468)
05-18 15:49:15.084 E/appium  ( 3051): 	at io.netty.channel.nio.NioEventLoop.run(NioEventLoop.java:438)
05-18 15:49:15.084 E/appium  ( 3051): 	at io.netty.util.concurrent.SingleThreadEventExecutor$2.run(SingleThreadEventExecutor.java:140)
05-18 15:49:15.084 E/appium  ( 3051): 	at io.netty.util.concurrent.DefaultThreadFactory$DefaultRunnableDecorator.run(DefaultThreadFactory.java:144)
05-18 15:49:15.084 E/appium  ( 3051): 	at java.lang.Thread.run(Thread.java:841)
05-18 15:49:15.304 E/GPSManager( 1824): Location changed : Lat: 40.00125 Lng: 105.56358166666665
05-18 15:49:16.104 E/appium  ( 3051): Element not found: 
05-18 15:49:16.104 E/appium  ( 3051): io.appium.uiautomator2.common.exceptions.ElementNotFoundException: Could not find an element using supplied strategy. 
05-18 15:49:16.104 E/appium  ( 3051): 	at io.appium.uiautomator2.handler.FindElement.getXPathUiObject(FindElement.java:80)
05-18 15:49:16.104 E/appium  ( 3051): 	at io.appium.uiautomator2.handler.FindElement.findElement(FindElement.java:153)
05-18 15:49:16.104 E/appium  ( 3051): 	at io.appium.uiautomator2.handler.FindElement.safeHandle(FindElement.java:102)
05-18 15:49:16.104 E/appium  ( 3051): 	at io.appium.uiautomator2.handler.request.SafeRequestHandler.handle(SafeRequestHandler.java:56)
05-18 15:49:16.104 E/appium  ( 3051): 	at io.appium.uiautomator2.server.AppiumServlet.handleRequest(AppiumServlet.java:202)
05-18 15:49:16.104 E/appium  ( 3051): 	at io.appium.uiautomator2.server.AppiumServlet.handleHttpRequest(AppiumServlet.java:193)
05-18 15:49:16.104 E/appium  ( 3051): 	at io.appium.uiautomator2.http.ServerHandler.channelRead(ServerHandler.java:44)
05-18 15:49:16.104 E/appium  ( 3051): 	at io.netty.channel.AbstractChannelHandlerContext.invokeChannelRead(AbstractChannelHandlerContext.java:366)
05-18 15:49:16.104 E/appium  ( 3051): 	at io.netty.channel.AbstractChannelHandlerContext.invokeChannelRead(AbstractChannelHandlerContext.java:352)
05-18 15:49:16.104 E/appium  ( 3051): 	at io.netty.channel.AbstractChannelHandlerContext.fireChannelRead(AbstractChannelHandlerContext.java:345)
05-18 15:49:16.104 E/appium  ( 3051): 	at io.netty.handler.codec.MessageToMessageDecoder.channelRead(MessageToMessageDecoder.java:102)
05-18 15:49:16.104 E/appium  ( 3051): 	at io.netty.channel.AbstractChannelHandlerContext.invokeChannelRead(AbstractChannelHandlerContext.java:366)
05-18 15:49:16.104 E/appium  ( 3051): 	at io.netty.channel.AbstractChannelHandlerContext.invokeChannelRead(AbstractChannelHandlerContext.java:352)
05-18 15:49:16.104 E/appium  ( 3051): 	at io.netty.channel.AbstractChannelHandlerContext.fireChannelRead(AbstractChannelHandlerContext.java:345)
05-18 15:49:16.104 E/appium  ( 3051): 	at io.netty.channel.CombinedChannelDuplexHandler$DelegatingChannelHandlerContext.fireChannelRead(CombinedChannelDuplexHandler.java:435)
05-18 15:49:16.104 E/appium  ( 3051): 	at io.netty.handler.codec.ByteToMessageDecoder.fireChannelRead(ByteToMessageDecoder.java:293)
05-18 15:49:16.104 E/appium  ( 3051): 	at io.netty.handler.codec.ByteToMessageDecoder.channelRead(ByteToMessageDecoder.java:267)
05-18 15:49:16.104 E/appium  ( 3051): 	at io.netty.channel.CombinedChannelDuplexHandler.channelRead(CombinedChannelDuplexHandler.java:250)
05-18 15:49:16.104 E/appium  ( 3051): 	at io.netty.channel.AbstractChannelHandlerContext.invokeChannelRead(AbstractChannelHandlerContext.java:366)
05-18 15:49:16.104 E/appium  ( 3051): 	at io.netty.channel.AbstractChannelHandlerContext.invokeChannelRead(AbstractChannelHandlerContext.java:352)
05-18 15:49:16.104 E/appium  ( 3051): 	at io.netty.channel.AbstractChannelHandlerContext.fireChannelRead(AbstractChannelHandlerContext.java:345)
05-18 15:49:16.104 E/appium  ( 3051): 	at io.netty.channel.DefaultChannelPipeline$HeadContext.channelRead(DefaultChannelPipeline.java:1294)
05-18 15:49:16.104 E/appium  ( 3051): 	at io.netty.channel.AbstractChannelHandlerContext.invokeChannelRead(AbstractChannelHandlerContext.java:366)
05-18 15:49:16.104 E/appium  ( 3051): 	at io.netty.channel.AbstractChannelHandlerContext.invokeChannelRead(AbstractChannelHandlerContext.java:352)
05-18 15:49:16.104 E/appium  ( 3051): 	at io.netty.channel.DefaultChannelPipeline.fireChannelRead(DefaultChannelPipeline.java:911)
05-18 15:49:16.104 E/appium  ( 3051): 	at io.netty.channel.nio.AbstractNioByteChannel$NioByteUnsafe.read(AbstractNioByteChannel.java:131)
05-18 15:49:16.104 E/appium  ( 3051): 	at io.netty.channel.nio.NioEventLoop.processSelectedKey(NioEventLoop.java:611)
05-18 15:49:16.104 E/appium  ( 3051): 	at io.netty.channel.nio.NioEventLoop.processSelectedKeysPlain(NioEventLoop.java:514)
05-18 15:49:16.104 E/appium  ( 3051): 	at io.netty.channel.nio.NioEventLoop.processSelectedKeys(NioEventLoop.java:468)
05-18 15:49:16.104 E/appium  ( 3051): 	at io.netty.channel.nio.NioEventLoop.run(NioEventLoop.java:438)
05-18 15:49:16.104 E/appium  ( 3051): 	at io.netty.util.concurrent.SingleThreadEventExecutor$2.run(SingleThreadEventExecutor.java:140)
05-18 15:49:16.104 E/appium  ( 3051): 	at io.netty.util.concurrent.DefaultThreadFactory$DefaultRunnableDecorator.run(DefaultThreadFactory.java:144)
05-18 15:49:16.104 E/appium  ( 3051): 	at java.lang.Thread.run(Thread.java:841)
05-18 15:49:16.314 E/GPSManager( 1824): Location changed : Lat: 40.00125 Lng: 105.56358166666665
05-18 15:49:17.104 E/appium  ( 3051): Element not found: 
05-18 15:49:17.104 E/appium  ( 3051): io.appium.uiautomator2.common.exceptions.ElementNotFoundException: Could not find an element using supplied strategy. 
05-18 15:49:17.104 E/appium  ( 3051): 	at io.appium.uiautomator2.handler.FindElement.getXPathUiObject(FindElement.java:80)
05-18 15:49:17.104 E/appium  ( 3051): 	at io.appium.uiautomator2.handler.FindElement.findElement(FindElement.java:153)
05-18 15:49:17.104 E/appium  ( 3051): 	at io.appium.uiautomator2.handler.FindElement.safeHandle(FindElement.java:102)
05-18 15:49:17.104 E/appium  ( 3051): 	at io.appium.uiautomator2.handler.request.SafeRequestHandler.handle(SafeRequestHandler.java:56)
05-18 15:49:17.104 E/appium  ( 3051): 	at io.appium.uiautomator2.server.AppiumServlet.handleRequest(AppiumServlet.java:202)
05-18 15:49:17.104 E/appium  ( 3051): 	at io.appium.uiautomator2.server.AppiumServlet.handleHttpRequest(AppiumServlet.java:193)
05-18 15:49:17.104 E/appium  ( 3051): 	at io.appium.uiautomator2.http.ServerHandler.channelRead(ServerHandler.java:44)
05-18 15:49:17.104 E/appium  ( 3051): 	at io.netty.channel.AbstractChannelHandlerContext.invokeChannelRead(AbstractChannelHandlerContext.java:366)
05-18 15:49:17.104 E/appium  ( 3051): 	at io.netty.channel.AbstractChannelHandlerContext.invokeChannelRead(AbstractChannelHandlerContext.java:352)
05-18 15:49:17.104 E/appium  ( 3051): 	at io.netty.channel.AbstractChannelHandlerContext.fireChannelRead(AbstractChannelHandlerContext.java:345)
05-18 15:49:17.104 E/appium  ( 3051): 	at io.netty.handler.codec.MessageToMessageDecoder.channelRead(MessageToMessageDecoder.java:102)
05-18 15:49:17.104 E/appium  ( 3051): 	at io.netty.channel.AbstractChannelHandlerContext.invokeChannelRead(AbstractChannelHandlerContext.java:366)
05-18 15:49:17.104 E/appium  ( 3051): 	at io.netty.channel.AbstractChannelHandlerContext.invokeChannelRead(AbstractChannelHandlerContext.java:352)
05-18 15:49:17.104 E/appium  ( 3051): 	at io.netty.channel.AbstractChannelHandlerContext.fireChannelRead(AbstractChannelHandlerContext.java:345)
05-18 15:49:17.104 E/appium  ( 3051): 	at io.netty.channel.CombinedChannelDuplexHandler$DelegatingChannelHandlerContext.fireChannelRead(CombinedChannelDuplexHandler.java:435)
05-18 15:49:17.104 E/appium  ( 3051): 	at io.netty.handler.codec.ByteToMessageDecoder.fireChannelRead(ByteToMessageDecoder.java:293)
05-18 15:49:17.104 E/appium  ( 3051): 	at io.netty.handler.codec.ByteToMessageDecoder.channelRead(ByteToMessageDecoder.java:267)
05-18 15:49:17.104 E/appium  ( 3051): 	at io.netty.channel.CombinedChannelDuplexHandler.channelRead(CombinedChannelDuplexHandler.java:250)
05-18 15:49:17.104 E/appium  ( 3051): 	at io.netty.channel.AbstractChannelHandlerContext.invokeChannelRead(AbstractChannelHandlerContext.java:366)
05-18 15:49:17.104 E/appium  ( 3051): 	at io.netty.channel.AbstractChannelHandlerContext.invokeChannelRead(AbstractChannelHandlerContext.java:352)
05-18 15:49:17.104 E/appium  ( 3051): 	at io.netty.channel.AbstractChannelHandlerContext.fireChannelRead(AbstractChannelHandlerContext.java:345)
05-18 15:49:17.104 E/appium  ( 3051): 	at io.netty.channel.DefaultChannelPipeline$HeadContext.channelRead(DefaultChannelPipeline.java:1294)
05-18 15:49:17.104 E/appium  ( 3051): 	at io.netty.channel.AbstractChannelHandlerContext.invokeChannelRead(AbstractChannelHandlerContext.java:366)
05-18 15:49:17.104 E/appium  ( 3051): 	at io.netty.channel.AbstractChannelHandlerContext.invokeChannelRead(AbstractChannelHandlerContext.java:352)
05-18 15:49:17.104 E/appium  ( 3051): 	at io.netty.channel.DefaultChannelPipeline.fireChannelRead(DefaultChannelPipeline.java:911)
05-18 15:49:17.104 E/appium  ( 3051): 	at io.netty.channel.nio.AbstractNioByteChannel$NioByteUnsafe.read(AbstractNioByteChannel.java:131)
05-18 15:49:17.104 E/appium  ( 3051): 	at io.netty.channel.nio.NioEventLoop.processSelectedKey(NioEventLoop.java:611)
05-18 15:49:17.104 E/appium  ( 3051): 	at io.netty.channel.nio.NioEventLoop.processSelectedKeysPlain(NioEventLoop.java:514)
05-18 15:49:17.104 E/appium  ( 3051): 	at io.netty.channel.nio.NioEventLoop.processSelectedKeys(NioEventLoop.java:468)
05-18 15:49:17.104 E/appium  ( 3051): 	at io.netty.channel.nio.NioEventLoop.run(NioEventLoop.java:438)
05-18 15:49:17.104 E/appium  ( 3051): 	at io.netty.util.concurrent.SingleThreadEventExecutor$2.run(SingleThreadEventExecutor.java:140)
05-18 15:49:17.104 E/appium  ( 3051): 	at io.netty.util.concurrent.DefaultThreadFactory$DefaultRunnableDecorator.run(DefaultThreadFactory.java:144)
05-18 15:49:17.104 E/appium  ( 3051): 	at java.lang.Thread.run(Thread.java:841)
05-18 15:49:17.314 E/GPSManager( 1824): Location changed : Lat: 40.00125 Lng: 105.56358166666665
05-18 15:49:18.114 E/appium  ( 3051): Element not found: 
05-18 15:49:18.114 E/appium  ( 3051): io.appium.uiautomator2.common.exceptions.ElementNotFoundException: Could not find an element using supplied strategy. 
05-18 15:49:18.114 E/appium  ( 3051): 	at io.appium.uiautomator2.handler.FindElement.getXPathUiObject(FindElement.java:80)
05-18 15:49:18.114 E/appium  ( 3051): 	at io.appium.uiautomator2.handler.FindElement.findElement(FindElement.java:153)
05-18 15:49:18.114 E/appium  ( 3051): 	at io.appium.uiautomator2.handler.FindElement.safeHandle(FindElement.java:102)
05-18 15:49:18.114 E/appium  ( 3051): 	at io.appium.uiautomator2.handler.request.SafeRequestHandler.handle(SafeRequestHandler.java:56)
05-18 15:49:18.114 E/appium  ( 3051): 	at io.appium.uiautomator2.server.AppiumServlet.handleRequest(AppiumServlet.java:202)
05-18 15:49:18.114 E/appium  ( 3051): 	at io.appium.uiautomator2.server.AppiumServlet.handleHttpRequest(AppiumServlet.java:193)
05-18 15:49:18.114 E/appium  ( 3051): 	at io.appium.uiautomator2.http.ServerHandler.channelRead(ServerHandler.java:44)
05-18 15:49:18.114 E/appium  ( 3051): 	at io.netty.channel.AbstractChannelHandlerContext.invokeChannelRead(AbstractChannelHandlerContext.java:366)
05-18 15:49:18.114 E/appium  ( 3051): 	at io.netty.channel.AbstractChannelHandlerContext.invokeChannelRead(AbstractChannelHandlerContext.java:352)
05-18 15:49:18.114 E/appium  ( 3051): 	at io.netty.channel.AbstractChannelHandlerContext.fireChannelRead(AbstractChannelHandlerContext.java:345)
05-18 15:49:18.114 E/appium  ( 3051): 	at io.netty.handler.codec.MessageToMessageDecoder.channelRead(MessageToMessageDecoder.java:102)
05-18 15:49:18.114 E/appium  ( 3051): 	at io.netty.channel.AbstractChannelHandlerContext.invokeChannelRead(AbstractChannelHandlerContext.java:366)
05-18 15:49:18.114 E/appium  ( 3051): 	at io.netty.channel.AbstractChannelHandlerContext.invokeChannelRead(AbstractChannelHandlerContext.java:352)
05-18 15:49:18.114 E/appium  ( 3051): 	at io.netty.channel.AbstractChannelHandlerContext.fireChannelRead(AbstractChannelHandlerContext.java:345)
05-18 15:49:18.114 E/appium  ( 3051): 	at io.netty.channel.CombinedChannelDuplexHandler$DelegatingChannelHandlerContext.fireChannelRead(CombinedChannelDuplexHandler.java:435)
05-18 15:49:18.114 E/appium  ( 3051): 	at io.netty.handler.codec.ByteToMessageDecoder.fireChannelRead(ByteToMessageDecoder.java:293)
05-18 15:49:18.114 E/appium  ( 3051): 	at io.netty.handler.codec.ByteToMessageDecoder.channelRead(ByteToMessageDecoder.java:267)
05-18 15:49:18.114 E/appium  ( 3051): 	at io.netty.channel.CombinedChannelDuplexHandler.channelRead(CombinedChannelDuplexHandler.java:250)
05-18 15:49:18.114 E/appium  ( 3051): 	at io.netty.channel.AbstractChannelHandlerContext.invokeChannelRead(AbstractChannelHandlerContext.java:366)
05-18 15:49:18.114 E/appium  ( 3051): 	at io.netty.channel.AbstractChannelHandlerContext.invokeChannelRead(AbstractChannelHandlerContext.java:352)
05-18 15:49:18.114 E/appium  ( 3051): 	at io.netty.channel.AbstractChannelHandlerContext.fireChannelRead(AbstractChannelHandlerContext.java:345)
05-18 15:49:18.114 E/appium  ( 3051): 	at io.netty.channel.DefaultChannelPipeline$HeadContext.channelRead(DefaultChannelPipeline.java:1294)
05-18 15:49:18.114 E/appium  ( 3051): 	at io.netty.channel.AbstractChannelHandlerContext.invokeChannelRead(AbstractChannelHandlerContext.java:366)
05-18 15:49:18.114 E/appium  ( 3051): 	at io.netty.channel.AbstractChannelHandlerContext.invokeChannelRead(AbstractChannelHandlerContext.java:352)
05-18 15:49:18.114 E/appium  ( 3051): 	at io.netty.channel.DefaultChannelPipeline.fireChannelRead(DefaultChannelPipeline.java:911)
05-18 15:49:18.114 E/appium  ( 3051): 	at io.netty.channel.nio.AbstractNioByteChannel$NioByteUnsafe.read(AbstractNioByteChannel.java:131)
05-18 15:49:18.114 E/appium  ( 3051): 	at io.netty.channel.nio.NioEventLoop.processSelectedKey(NioEventLoop.java:611)
05-18 15:49:18.114 E/appium  ( 3051): 	at io.netty.channel.nio.NioEventLoop.processSelectedKeysPlain(NioEventLoop.java:514)
05-18 15:49:18.114 E/appium  ( 3051): 	at io.netty.channel.nio.NioEventLoop.processSelectedKeys(NioEventLoop.java:468)
05-18 15:49:18.114 E/appium  ( 3051): 	at io.netty.channel.nio.NioEventLoop.run(NioEventLoop.java:438)
05-18 15:49:18.114 E/appium  ( 3051): 	at io.netty.util.concurrent.SingleThreadEventExecutor$2.run(SingleThreadEventExecutor.java:140)
05-18 15:49:18.114 E/appium  ( 3051): 	at io.netty.util.concurrent.DefaultThreadFactory$DefaultRunnableDecorator.run(DefaultThreadFactory.java:144)
05-18 15:49:18.114 E/appium  ( 3051): 	at java.lang.Thread.run(Thread.java:841)
05-18 15:49:18.314 E/GPSManager( 1824): Location changed : Lat: 40.00125 Lng: 105.56358166666665
05-18 15:49:19.124 E/appium  ( 3051): Element not found: 
05-18 15:49:19.124 E/appium  ( 3051): io.appium.uiautomator2.common.exceptions.ElementNotFoundException: Could not find an element using supplied strategy. 
05-18 15:49:19.124 E/appium  ( 3051): 	at io.appium.uiautomator2.handler.FindElement.getXPathUiObject(FindElement.java:80)
05-18 15:49:19.124 E/appium  ( 3051): 	at io.appium.uiautomator2.handler.FindElement.findElement(FindElement.java:153)
05-18 15:49:19.124 E/appium  ( 3051): 	at io.appium.uiautomator2.handler.FindElement.safeHandle(FindElement.java:102)
05-18 15:49:19.124 E/appium  ( 3051): 	at io.appium.uiautomator2.handler.request.SafeRequestHandler.handle(SafeRequestHandler.java:56)
05-18 15:49:19.124 E/appium  ( 3051): 	at io.appium.uiautomator2.server.AppiumServlet.handleRequest(AppiumServlet.java:202)
05-18 15:49:19.124 E/appium  ( 3051): 	at io.appium.uiautomator2.server.AppiumServlet.handleHttpRequest(AppiumServlet.java:193)
05-18 15:49:19.124 E/appium  ( 3051): 	at io.appium.uiautomator2.http.ServerHandler.channelRead(ServerHandler.java:44)
05-18 15:49:19.124 E/appium  ( 3051): 	at io.netty.channel.AbstractChannelHandlerContext.invokeChannelRead(AbstractChannelHandlerContext.java:366)
05-18 15:49:19.124 E/appium  ( 3051): 	at io.netty.channel.AbstractChannelHandlerContext.invokeChannelRead(AbstractChannelHandlerContext.java:352)
05-18 15:49:19.124 E/appium  ( 3051): 	at io.netty.channel.AbstractChannelHandlerContext.fireChannelRead(AbstractChannelHandlerContext.java:345)
05-18 15:49:19.124 E/appium  ( 3051): 	at io.netty.handler.codec.MessageToMessageDecoder.channelRead(MessageToMessageDecoder.java:102)
05-18 15:49:19.124 E/appium  ( 3051): 	at io.netty.channel.AbstractChannelHandlerContext.invokeChannelRead(AbstractChannelHandlerContext.java:366)
05-18 15:49:19.124 E/appium  ( 3051): 	at io.netty.channel.AbstractChannelHandlerContext.invokeChannelRead(AbstractChannelHandlerContext.java:352)
05-18 15:49:19.124 E/appium  ( 3051): 	at io.netty.channel.AbstractChannelHandlerContext.fireChannelRead(AbstractChannelHandlerContext.java:345)
05-18 15:49:19.124 E/appium  ( 3051): 	at io.netty.channel.CombinedChannelDuplexHandler$DelegatingChannelHandlerContext.fireChannelRead(CombinedChannelDuplexHandler.java:435)
05-18 15:49:19.124 E/appium  ( 3051): 	at io.netty.handler.codec.ByteToMessageDecoder.fireChannelRead(ByteToMessageDecoder.java:293)
05-18 15:49:19.124 E/appium  ( 3051): 	at io.netty.handler.codec.ByteToMessageDecoder.channelRead(ByteToMessageDecoder.java:267)
05-18 15:49:19.124 E/appium  ( 3051): 	at io.netty.channel.CombinedChannelDuplexHandler.channelRead(CombinedChannelDuplexHandler.java:250)
05-18 15:49:19.124 E/appium  ( 3051): 	at io.netty.channel.AbstractChannelHandlerContext.invokeChannelRead(AbstractChannelHandlerContext.java:366)
05-18 15:49:19.124 E/appium  ( 3051): 	at io.netty.channel.AbstractChannelHandlerContext.invokeChannelRead(AbstractChannelHandlerContext.java:352)
05-18 15:49:19.124 E/appium  ( 3051): 	at io.netty.channel.AbstractChannelHandlerContext.fireChannelRead(AbstractChannelHandlerContext.java:345)
05-18 15:49:19.124 E/appium  ( 3051): 	at io.netty.channel.DefaultChannelPipeline$HeadContext.channelRead(DefaultChannelPipeline.java:1294)
05-18 15:49:19.124 E/appium  ( 3051): 	at io.netty.channel.AbstractChannelHandlerContext.invokeChannelRead(AbstractChannelHandlerContext.java:366)
05-18 15:49:19.124 E/appium  ( 3051): 	at io.netty.channel.AbstractChannelHandlerContext.invokeChannelRead(AbstractChannelHandlerContext.java:352)
05-18 15:49:19.124 E/appium  ( 3051): 	at io.netty.channel.DefaultChannelPipeline.fireChannelRead(DefaultChannelPipeline.java:911)
05-18 15:49:19.124 E/appium  ( 3051): 	at io.netty.channel.nio.AbstractNioByteChannel$NioByteUnsafe.read(AbstractNioByteChannel.java:131)
05-18 15:49:19.124 E/appium  ( 3051): 	at io.netty.channel.nio.NioEventLoop.processSelectedKey(NioEventLoop.java:611)
05-18 15:49:19.124 E/appium  ( 3051): 	at io.netty.channel.nio.NioEventLoop.processSelectedKeysPlain(NioEventLoop.java:514)
05-18 15:49:19.124 E/appium  ( 3051): 	at io.netty.channel.nio.NioEventLoop.processSelectedKeys(NioEventLoop.java:468)
05-18 15:49:19.124 E/appium  ( 3051): 	at io.netty.channel.nio.NioEventLoop.run(NioEventLoop.java:438)
05-18 15:49:19.124 E/appium  ( 3051): 	at io.netty.util.concurrent.SingleThreadEventExecutor$2.run(SingleThreadEventExecutor.java:140)
05-18 15:49:19.124 E/appium  ( 3051): 	at io.netty.util.concurrent.DefaultThreadFactory$DefaultRunnableDecorator.run(DefaultThreadFactory.java:144)
05-18 15:49:19.124 E/appium  ( 3051): 	at java.lang.Thread.run(Thread.java:841)
05-18 15:49:19.324 E/GPSManager( 1824): Location changed : Lat: 40.00125 Lng: 105.56358166666665
05-18 15:49:20.114 E/appium  ( 3051): Element not found: 
05-18 15:49:20.114 E/appium  ( 3051): io.appium.uiautomator2.common.exceptions.ElementNotFoundException: Could not find an element using supplied strategy. 
05-18 15:49:20.114 E/appium  ( 3051): 	at io.appium.uiautomator2.handler.FindElement.getXPathUiObject(FindElement.java:80)
05-18 15:49:20.114 E/appium  ( 3051): 	at io.appium.uiautomator2.handler.FindElement.findElement(FindElement.java:153)
05-18 15:49:20.114 E/appium  ( 3051): 	at io.appium.uiautomator2.handler.FindElement.safeHandle(FindElement.java:102)
05-18 15:49:20.114 E/appium  ( 3051): 	at io.appium.uiautomator2.handler.request.SafeRequestHandler.handle(SafeRequestHandler.java:56)
05-18 15:49:20.114 E/appium  ( 3051): 	at io.appium.uiautomator2.server.AppiumServlet.handleRequest(AppiumServlet.java:202)
05-18 15:49:20.114 E/appium  ( 3051): 	at io.appium.uiautomator2.server.AppiumServlet.handleHttpRequest(AppiumServlet.java:193)
05-18 15:49:20.114 E/appium  ( 3051): 	at io.appium.uiautomator2.http.ServerHandler.channelRead(ServerHandler.java:44)
05-18 15:49:20.114 E/appium  ( 3051): 	at io.netty.channel.AbstractChannelHandlerContext.invokeChannelRead(AbstractChannelHandlerContext.java:366)
05-18 15:49:20.114 E/appium  ( 3051): 	at io.netty.channel.AbstractChannelHandlerContext.invokeChannelRead(AbstractChannelHandlerContext.java:352)
05-18 15:49:20.114 E/appium  ( 3051): 	at io.netty.channel.AbstractChannelHandlerContext.fireChannelRead(AbstractChannelHandlerContext.java:345)
05-18 15:49:20.114 E/appium  ( 3051): 	at io.netty.handler.codec.MessageToMessageDecoder.channelRead(MessageToMessageDecoder.java:102)
05-18 15:49:20.114 E/appium  ( 3051): 	at io.netty.channel.AbstractChannelHandlerContext.invokeChannelRead(AbstractChannelHandlerContext.java:366)
05-18 15:49:20.114 E/appium  ( 3051): 	at io.netty.channel.AbstractChannelHandlerContext.invokeChannelRead(AbstractChannelHandlerContext.java:352)
05-18 15:49:20.114 E/appium  ( 3051): 	at io.netty.channel.AbstractChannelHandlerContext.fireChannelRead(AbstractChannelHandlerContext.java:345)
05-18 15:49:20.114 E/appium  ( 3051): 	at io.netty.channel.CombinedChannelDuplexHandler$DelegatingChannelHandlerContext.fireChannelRead(CombinedChannelDuplexHandler.java:435)
05-18 15:49:20.114 E/appium  ( 3051): 	at io.netty.handler.codec.ByteToMessageDecoder.fireChannelRead(ByteToMessageDecoder.java:293)
05-18 15:49:20.114 E/appium  ( 3051): 	at io.netty.handler.codec.ByteToMessageDecoder.channelRead(ByteToMessageDecoder.java:267)
05-18 15:49:20.114 E/appium  ( 3051): 	at io.netty.channel.CombinedChannelDuplexHandler.channelRead(CombinedChannelDuplexHandler.java:250)
05-18 15:49:20.114 E/appium  ( 3051): 	at io.netty.channel.AbstractChannelHandlerContext.invokeChannelRead(AbstractChannelHandlerContext.java:366)
05-18 15:49:20.114 E/appium  ( 3051): 	at io.netty.channel.AbstractChannelHandlerContext.invokeChannelRead(AbstractChannelHandlerContext.java:352)
05-18 15:49:20.114 E/appium  ( 3051): 	at io.netty.channel.AbstractChannelHandlerContext.fireChannelRead(AbstractChannelHandlerContext.java:345)
05-18 15:49:20.114 E/appium  ( 3051): 	at io.netty.channel.DefaultChannelPipeline$HeadContext.channelRead(DefaultChannelPipeline.java:1294)
05-18 15:49:20.114 E/appium  ( 3051): 	at io.netty.channel.AbstractChannelHandlerContext.invokeChannelRead(AbstractChannelHandlerContext.java:366)
05-18 15:49:20.114 E/appium  ( 3051): 	at io.netty.channel.AbstractChannelHandlerContext.invokeChannelRead(AbstractChannelHandlerContext.java:352)
05-18 15:49:20.114 E/appium  ( 3051): 	at io.netty.channel.DefaultChannelPipeline.fireChannelRead(DefaultChannelPipeline.java:911)
05-18 15:49:20.114 E/appium  ( 3051): 	at io.netty.channel.nio.AbstractNioByteChannel$NioByteUnsafe.read(AbstractNioByteChannel.java:131)
05-18 15:49:20.114 E/appium  ( 3051): 	at io.netty.channel.nio.NioEventLoop.processSelectedKey(NioEventLoop.java:611)
05-18 15:49:20.114 E/appium  ( 3051): 	at io.netty.channel.nio.NioEventLoop.processSelectedKeysPlain(NioEventLoop.java:514)
05-18 15:49:20.114 E/appium  ( 3051): 	at io.netty.channel.nio.NioEventLoop.processSelectedKeys(NioEventLoop.java:468)
05-18 15:49:20.114 E/appium  ( 3051): 	at io.netty.channel.nio.NioEventLoop.run(NioEventLoop.java:438)
05-18 15:49:20.114 E/appium  ( 3051): 	at io.netty.util.concurrent.SingleThreadEventExecutor$2.run(SingleThreadEventExecutor.java:140)
05-18 15:49:20.114 E/appium  ( 3051): 	at io.netty.util.concurrent.DefaultThreadFactory$DefaultRunnableDecorator.run(DefaultThreadFactory.java:144)
05-18 15:49:20.114 E/appium  ( 3051): 	at java.lang.Thread.run(Thread.java:841)
05-18 15:49:20.324 E/GPSManager( 1824): Location changed : Lat: 40.00125 Lng: 105.56358166666665
05-18 15:49:20.504 E/Cataloger( 1289): syncFile:/storage/emulated/0/appHall_guangxi_folder/download/1495093707458ZteAndrProjZq5.0.apk
05-18 15:49:21.334 E/GPSManager( 1824): Location changed : Lat: 40.00125 Lng: 105.56358166666665
05-18 15:49:21.674 E/QueryController( 3051): Got null root node from accessibility - Retrying...
05-18 15:49:21.934 E/QueryController( 3051): Got null root node from accessibility - Retrying...
05-18 15:49:22.324 E/GPSManager( 1824): Location changed : Lat: 40.00125 Lng: 105.56358166666665
05-18 15:49:23.324 E/GPSManager( 1824): Location changed : Lat: 40.00125 Lng: 105.56358166666665
05-18 15:49:24.364 E/FastMixer(  167): did not receive expected priority boost
05-18 15:49:24.374 E/GPSManager( 1824): Location changed : Lat: 40.00125 Lng: 105.56358166666665
05-18 15:49:25.334 E/GPSManager( 1824): Location changed : Lat: 40.00125 Lng: 105.56358166666665
05-18 15:49:26.354 E/GPSManager( 1824): Location changed : Lat: 40.00125 Lng: 105.56358166666665
05-18 15:49:26.414 E/appium  ( 3051): Element not found: 
05-18 15:49:26.414 E/appium  ( 3051): io.appium.uiautomator2.common.exceptions.ElementNotFoundException: Could not find an element using supplied strategy. 
05-18 15:49:26.414 E/appium  ( 3051): 	at io.appium.uiautomator2.handler.FindElement.getXPathUiObject(FindElement.java:80)
05-18 15:49:26.414 E/appium  ( 3051): 	at io.appium.uiautomator2.handler.FindElement.findElement(FindElement.java:153)
05-18 15:49:26.414 E/appium  ( 3051): 	at io.appium.uiautomator2.handler.FindElement.safeHandle(FindElement.java:102)
05-18 15:49:26.414 E/appium  ( 3051): 	at io.appium.uiautomator2.handler.request.SafeRequestHandler.handle(SafeRequestHandler.java:56)
05-18 15:49:26.414 E/appium  ( 3051): 	at io.appium.uiautomator2.server.AppiumServlet.handleRequest(AppiumServlet.java:202)
