--------- beginning of /dev/log/system
05-19 15:27:31.329 E/ConnectivityService(  477): Ignoring protectedNetwork 10
05-19 15:27:31.329 E/ConnectivityService(  477): Ignoring protectedNetwork 11
05-19 15:27:31.329 E/ConnectivityService(  477): Ignoring protectedNetwork 12
05-19 15:27:31.329 E/ConnectivityService(  477): Ignoring protectedNetwork 14
05-19 15:27:31.329 E/MobileDataStateTracker(  477): default: Ignoring feature request because could not acquire PhoneService
05-19 15:27:31.329 E/MobileDataStateTracker(  477): default: Could not enable APN type "default"
05-19 15:27:32.099 E/LocationManagerService(  477): no geocoder provider found
05-19 15:27:32.099 E/LocationManagerService(  477): No FusedProvider found.
05-19 15:27:32.099 E/LocationManagerService(  477): no geofence provider found
05-19 15:27:34.339 E/ConnectivityService(  477): Unexpected mtu value: android.net.wifi.WifiStateTracker@4a8d9b24
05-19 15:27:42.262 E/RemotePrintSpooler(  477): Error removing obsolete print jobs .
05-19 15:27:42.262 E/RemotePrintSpooler(  477): java.util.concurrent.TimeoutException: Cannot get spooler!
05-19 15:27:42.262 E/RemotePrintSpooler(  477): 	at com.android.server.print.RemotePrintSpooler.bindLocked(RemotePrintSpooler.java:376)
05-19 15:27:42.262 E/RemotePrintSpooler(  477): 	at com.android.server.print.RemotePrintSpooler.getRemoteInstanceLazy(RemotePrintSpooler.java:352)
05-19 15:27:42.262 E/RemotePrintSpooler(  477): 	at com.android.server.print.RemotePrintSpooler.removeObsoletePrintJobs(RemotePrintSpooler.java:287)
05-19 15:27:42.262 E/RemotePrintSpooler(  477): 	at com.android.server.print.UserState.removeObsoletePrintJobs(UserState.java:163)
05-19 15:27:42.262 E/RemotePrintSpooler(  477): 	at com.android.server.print.PrintManagerService$1.run(PrintManagerService.java:94)
05-19 15:27:42.262 E/RemotePrintSpooler(  477): 	at android.os.Handler.handleCallback(Handler.java:733)
05-19 15:27:42.262 E/RemotePrintSpooler(  477): 	at android.os.Handler.dispatchMessage(Handler.java:95)
05-19 15:27:42.262 E/RemotePrintSpooler(  477): 	at android.os.Looper.loop(Looper.java:136)
05-19 15:27:42.262 E/RemotePrintSpooler(  477): 	at android.os.HandlerThread.run(HandlerThread.java:61)
05-19 15:27:45.072 E/ActivityThread(  990): Failed to find provider info for com.google.android.wearable.settings
05-19 15:40:39.323 E/ActivityThread(  990): Failed to find provider info for com.google.android.wearable.settings
--------- beginning of /dev/log/main
05-19 15:49:44.526 E/memtrack( 7182): Couldn't load memtrack module (No such file or directory)
05-19 15:49:44.526 E/android.os.Debug( 7182): failed to load memtrack module: -2
05-19 15:49:44.556 E/InputDispatcher(  477): channel '4aa5a2b0 com.boco.sc.mobileom/com.boco.sc.mobileom.worksheet.search.activity.Comm_WSHDetail (server)' ~ Channel is unrecoverably broken and will be disposed!
05-19 15:49:44.566 E/cutils-trace( 7182): Error opening trace file: No such file or directory (2)
05-19 15:49:44.596 E/VMSG    ( 7194): RegisterNatives OnUserCommand1
05-19 15:49:44.916 E/baidumapsdk( 7194): Authentication Error errorcode: 230 uid: -1 appid -1 msg: APP Scode码校验失败
05-19 15:49:49.546 E/QueryController( 7075): Got null root node from accessibility - Retrying...
05-19 15:50:13.875 E/QueryController( 7075): Got null root node from accessibility - Retrying...
05-19 15:51:17.495 E/GCM     (  703): Missing checkin config file
05-19 15:51:29.704 E/memtrack( 7254): Couldn't load memtrack module (No such file or directory)
05-19 15:51:29.704 E/android.os.Debug( 7254): failed to load memtrack module: -2
05-19 15:51:29.724 E/cutils-trace( 7254): Error opening trace file: No such file or directory (2)
05-19 15:51:30.564 E/memtrack( 7266): Couldn't load memtrack module (No such file or directory)
05-19 15:51:30.564 E/android.os.Debug( 7266): failed to load memtrack module: -2
05-19 15:51:30.594 E/QueryController( 7075): Got null root node from accessibility - Retrying...
05-19 15:51:30.624 E/cutils-trace( 7266): Error opening trace file: No such file or directory (2)
05-19 15:51:31.284 E/memtrack( 7283): Couldn't load memtrack module (No such file or directory)
05-19 15:51:31.284 E/android.os.Debug( 7283): failed to load memtrack module: -2
05-19 15:51:31.404 E/cutils-trace( 7283): Error opening trace file: No such file or directory (2)
05-19 15:51:32.344 E/memtrack( 7299): Couldn't load memtrack module (No such file or directory)
05-19 15:51:32.344 E/android.os.Debug( 7299): failed to load memtrack module: -2
05-19 15:51:32.364 E/cutils-trace( 7299): Error opening trace file: No such file or directory (2)
05-19 15:51:33.664 E/memtrack( 7315): Couldn't load memtrack module (No such file or directory)
05-19 15:51:33.664 E/android.os.Debug( 7315): failed to load memtrack module: -2
05-19 15:51:33.684 E/cutils-trace( 7315): Error opening trace file: No such file or directory (2)
05-19 15:51:34.354 E/memtrack( 7327): Couldn't load memtrack module (No such file or directory)
05-19 15:51:34.354 E/android.os.Debug( 7327): failed to load memtrack module: -2
05-19 15:51:34.364 E/cutils-trace( 7327): Error opening trace file: No such file or directory (2)
05-19 15:51:35.124 E/memtrack( 7339): Couldn't load memtrack module (No such file or directory)
05-19 15:51:35.124 E/android.os.Debug( 7339): failed to load memtrack module: -2
05-19 15:51:35.134 E/cutils-trace( 7339): Error opening trace file: No such file or directory (2)
05-19 15:51:35.954 E/memtrack( 7351): Couldn't load memtrack module (No such file or directory)
05-19 15:51:35.954 E/android.os.Debug( 7351): failed to load memtrack module: -2
05-19 15:51:35.964 E/cutils-trace( 7351): Error opening trace file: No such file or directory (2)
05-19 15:51:36.754 E/memtrack( 7363): Couldn't load memtrack module (No such file or directory)
05-19 15:51:36.754 E/android.os.Debug( 7363): failed to load memtrack module: -2
05-19 15:51:36.784 E/cutils-trace( 7363): Error opening trace file: No such file or directory (2)
05-19 15:51:37.994 E/memtrack( 7379): Couldn't load memtrack module (No such file or directory)
05-19 15:51:37.994 E/android.os.Debug( 7379): failed to load memtrack module: -2
05-19 15:51:38.254 E/cutils-trace( 7379): Error opening trace file: No such file or directory (2)
05-19 15:51:38.974 E/memtrack( 7391): Couldn't load memtrack module (No such file or directory)
05-19 15:51:38.974 E/android.os.Debug( 7391): failed to load memtrack module: -2
05-19 15:51:39.024 E/cutils-trace( 7391): Error opening trace file: No such file or directory (2)
05-19 15:51:39.914 E/memtrack( 7405): Couldn't load memtrack module (No such file or directory)
05-19 15:51:39.914 E/android.os.Debug( 7405): failed to load memtrack module: -2
05-19 15:51:39.934 E/cutils-trace( 7405): Error opening trace file: No such file or directory (2)
05-19 15:51:41.194 E/memtrack( 7423): Couldn't load memtrack module (No such file or directory)
05-19 15:51:41.194 E/android.os.Debug( 7423): failed to load memtrack module: -2
05-19 15:51:41.214 E/cutils-trace( 7423): Error opening trace file: No such file or directory (2)
05-19 15:51:41.874 E/memtrack( 7435): Couldn't load memtrack module (No such file or directory)
05-19 15:51:41.874 E/android.os.Debug( 7435): failed to load memtrack module: -2
05-19 15:51:41.894 E/cutils-trace( 7435): Error opening trace file: No such file or directory (2)
05-19 15:51:42.564 E/memtrack( 7447): Couldn't load memtrack module (No such file or directory)
05-19 15:51:42.564 E/android.os.Debug( 7447): failed to load memtrack module: -2
05-19 15:51:42.584 E/cutils-trace( 7447): Error opening trace file: No such file or directory (2)
05-19 15:51:45.904 E/memtrack( 7477): Couldn't load memtrack module (No such file or directory)
05-19 15:51:45.904 E/android.os.Debug( 7477): failed to load memtrack module: -2
05-19 15:51:46.684 E/memtrack( 7494): Couldn't load memtrack module (No such file or directory)
05-19 15:51:46.684 E/android.os.Debug( 7494): failed to load memtrack module: -2
05-19 15:51:47.024 E/QueryController( 7477): Got null root node from accessibility - Retrying...
05-19 15:51:47.234 E/VMSG    ( 7506): RegisterNatives OnUserCommand1
05-19 15:51:47.274 E/QueryController( 7477): Got null root node from accessibility - Retrying...
05-19 15:51:47.564 E/cutils-trace( 7494): Error opening trace file: No such file or directory (2)
05-19 15:51:47.614 E/baidumapsdk( 7506): Authentication Error errorcode: 230 uid: -1 appid -1 msg: APP Scode码校验失败
05-19 15:51:50.024 E/cutils-trace( 7477): Error opening trace file: No such file or directory (2)
05-19 15:51:51.784 E/memtrack( 7533): Couldn't load memtrack module (No such file or directory)
05-19 15:51:51.784 E/android.os.Debug( 7533): failed to load memtrack module: -2
05-19 15:51:52.724 E/cutils-trace( 7533): Error opening trace file: No such file or directory (2)
05-19 15:51:59.134 E/memtrack( 7546): Couldn't load memtrack module (No such file or directory)
05-19 15:51:59.134 E/android.os.Debug( 7546): failed to load memtrack module: -2
05-19 15:52:00.024 E/cutils-trace( 7546): Error opening trace file: No such file or directory (2)
05-19 15:52:16.854 E/LogHome ( 7506): http://223.86.3.14:9985/bmdp/service
05-19 15:52:16.854 E/LogHome ( 7506): java.io.FileNotFoundException: http://223.86.3.14:9985/bmdp/service
05-19 15:52:16.854 E/LogHome ( 7506): 	at com.android.okhttp.internal.http.HttpURLConnectionImpl.getInputStream(HttpURLConnectionImpl.java:186)
05-19 15:52:16.854 E/LogHome ( 7506): 	at com.boco.transnms.client.model.base.HttpBOProxy.exec(HttpBOProxy.java:231)
05-19 15:52:16.854 E/LogHome ( 7506): 	at com.boco.transnms.client.model.base.HttpBOProxy.invoke(HttpBOProxy.java:91)
05-19 15:52:16.854 E/LogHome ( 7506): 	at $Proxy1.CommonCall(Native Method)
05-19 15:52:16.854 E/LogHome ( 7506): 	at com.boco.sc.mobileom.worksheet.search.activity.Comm_WSDetail$RequestWsDetailTask.doInBackground(Comm_WSDetail.java:252)
05-19 15:52:16.854 E/LogHome ( 7506): 	at com.boco.sc.mobileom.worksheet.search.activity.Comm_WSDetail$RequestWsDetailTask.doInBackground(Comm_WSDetail.java:163)
05-19 15:52:16.854 E/LogHome ( 7506): 	at android.os.AsyncTask$2.call(AsyncTask.java:288)
05-19 15:52:16.854 E/LogHome ( 7506): 	at java.util.concurrent.FutureTask.run(FutureTask.java:237)
05-19 15:52:16.854 E/LogHome ( 7506): 	at android.os.AsyncTask$SerialExecutor$1.run(AsyncTask.java:231)
05-19 15:52:16.854 E/LogHome ( 7506): 	at java.util.concurrent.ThreadPoolExecutor.runWorker(ThreadPoolExecutor.java:1112)
05-19 15:52:16.854 E/LogHome ( 7506): 	at java.util.concurrent.ThreadPoolExecutor$Worker.run(ThreadPoolExecutor.java:587)
05-19 15:52:16.854 E/LogHome ( 7506): 	at java.lang.Thread.run(Thread.java:841)
05-19 15:53:18.083 E/CheckinTask(  990): Checkin failed: https://android.clients.google.com/checkin (request #0): java.net.SocketTimeoutException: failed to connect to android.clients.google.com/74.125.204.102 (port 443) after 120000ms: isConnected failed: ETIMEDOUT (Connection timed out)
