--------- beginning of system
--------- beginning of main
05-18 09:45:46.632 E/SurfaceFlinger(  285): onDraw: bindTextureImage test
05-18 09:45:46.648 E/SurfaceFlinger(  285): onDraw: bindTextureImage test
05-18 09:45:46.665 E/SurfaceFlinger(  285): onDraw: bindTextureImage test
05-18 09:45:46.666 E/SurfaceFlinger(  285): onDraw: bindTextureImage test
05-18 09:45:46.666 E/SurfaceFlinger(  285): onDraw: bindTextureImage test
05-18 09:45:46.667 E/SurfaceFlinger(  285): onDraw: bindTextureImage test
05-18 09:45:46.682 E/SurfaceFlinger(  285): onDraw: bindTextureImage test
05-18 09:45:46.699 E/SurfaceFlinger(  285): onDraw: bindTextureImage test
05-18 09:45:46.717 E/SurfaceFlinger(  285): onDraw: bindTextureImage test
05-18 09:45:46.732 E/SurfaceFlinger(  285): onDraw: bindTextureImage test
05-18 09:45:46.749 E/SurfaceFlinger(  285): onDraw: bindTextureImage test
05-18 09:45:46.766 E/SurfaceFlinger(  285): onDraw: bindTextureImage test
05-18 09:45:46.783 E/SurfaceFlinger(  285): onDraw: bindTextureImage test
05-18 09:45:47.155 E/SurfaceFlinger(  285): onDraw: bindTextureImage test
05-18 09:45:47.170 E/SurfaceFlinger(  285): onDraw: bindTextureImage test
05-18 09:45:47.187 E/SurfaceFlinger(  285): onDraw: bindTextureImage test
05-18 09:45:47.204 E/SurfaceFlinger(  285): onDraw: bindTextureImage test
05-18 09:45:47.221 E/SurfaceFlinger(  285): onDraw: bindTextureImage test
05-18 09:45:47.238 E/SurfaceFlinger(  285): onDraw: bindTextureImage test
05-18 09:45:47.254 E/SurfaceFlinger(  285): onDraw: bindTextureImage test
05-18 09:45:47.272 E/SurfaceFlinger(  285): onDraw: bindTextureImage test
05-18 09:45:47.288 E/SurfaceFlinger(  285): onDraw: bindTextureImage test
05-18 09:45:47.305 E/SurfaceFlinger(  285): onDraw: bindTextureImage test
05-18 09:45:47.320 E/WifiTrafficPoller(  851): TRAFFIC_STATS_POLL true Token 2644 num clients 19
05-18 09:45:47.321 E/WifiTrafficPoller(  851):  packet count Tx=1749166 Rx=5764909
05-18 09:45:47.323 E/SurfaceFlinger(  285): onDraw: bindTextureImage test
05-18 09:45:47.339 E/SurfaceFlinger(  285): onDraw: bindTextureImage test
05-18 09:45:48.297 E/SurfaceFlinger(  285): onDraw: bindTextureImage test
05-18 09:45:48.313 E/SurfaceFlinger(  285): onDraw: bindTextureImage test
05-18 09:45:48.322 E/WifiTrafficPoller(  851): TRAFFIC_STATS_POLL true Token 2644 num clients 19
05-18 09:45:48.322 E/WifiTrafficPoller(  851):  packet count Tx=1749166 Rx=5764921
05-18 09:45:48.330 E/SurfaceFlinger(  285): onDraw: bindTextureImage test
05-18 09:45:48.347 E/SurfaceFlinger(  285): onDraw: bindTextureImage test
05-18 09:45:48.363 E/SurfaceFlinger(  285): onDraw: bindTextureImage test
05-18 09:45:48.380 E/SurfaceFlinger(  285): onDraw: bindTextureImage test
05-18 09:45:48.397 E/SurfaceFlinger(  285): onDraw: bindTextureImage test
05-18 09:45:48.477 E/WifiStateMachine(  851):  ConnectedState (when=-4ms what=131155 arg1=591!CMD_RSSI_POLL 591 0 "BOCO-office" 94:b4:0f:68:a4:b1 rssi=-50 f=5785 sc=80 link=135 tx=2.5, 0.0, 0.0  rx=41.5 bcn=0 [on:0 tx:0 rx:0 period:3000] from screen [on:0 period:610507548] gl rssi=-50 ag=0 hr ticks 314,77,49 ls-=0 [56,56,56,56,61] brc=0 lrc=0
05-18 09:45:48.477 E/WifiStateMachine(  851):  L2ConnectedState (when=-4ms what=131155 arg1=591!CMD_RSSI_POLL 591 0 "BOCO-office" 94:b4:0f:68:a4:b1 rssi=-50 f=5785 sc=80 link=135 tx=2.5, 0.0, 0.0  rx=41.5 bcn=0 [on:0 tx:0 rx:0 period:1] from screen [on:0 period:610507549] gl rssi=-50 ag=0 hr ticks 314,77,49 ls-=0 [56,56,56,56,61] brc=0 lrc=0
05-18 09:45:48.477 E/WifiStateMachine(  851):  get link layer stats 0
05-18 09:45:48.480 E/WifiStateMachine(  851): calculateWifiScore() we set wifi's score to 1000, so will always set wifi as a default network.
05-18 09:45:49.323 E/WifiTrafficPoller(  851): TRAFFIC_STATS_POLL true Token 2644 num clients 19
05-18 09:45:49.325 E/WifiTrafficPoller(  851):  packet count Tx=1749172 Rx=5764934
05-18 09:45:49.325 E/WifiTrafficPoller(  851): notifying of data activity 3
05-18 09:45:49.625 E/Accel   (  851): ACC batch: handle:0, en:0,samplingPeriodNs:20000000 maxBatchReportLatencyNs:0 
05-18 09:45:50.328 E/WifiTrafficPoller(  851): TRAFFIC_STATS_POLL true Token 2644 num clients 19
05-18 09:45:50.329 E/WifiTrafficPoller(  851):  packet count Tx=1749172 Rx=5764945
05-18 09:45:50.329 E/WifiTrafficPoller(  851): notifying of data activity 1
05-18 09:45:50.583 E/SurfaceFlinger(  285): onDraw: bindTextureImage test
05-18 09:45:50.600 E/SurfaceFlinger(  285): onDraw: bindTextureImage test
05-18 09:45:50.617 E/SurfaceFlinger(  285): onDraw: bindTextureImage test
05-18 09:45:50.635 E/SurfaceFlinger(  285): onDraw: bindTextureImage test
05-18 09:45:50.652 E/SurfaceFlinger(  285): onDraw: bindTextureImage test
05-18 09:45:50.668 E/SurfaceFlinger(  285): onDraw: bindTextureImage test
05-18 09:45:50.684 E/SurfaceFlinger(  285): onDraw: bindTextureImage test
05-18 09:45:50.702 E/SurfaceFlinger(  285): onDraw: bindTextureImage test
05-18 09:45:50.718 E/SurfaceFlinger(  285): onDraw: bindTextureImage test
05-18 09:45:51.307 E/SurfaceFlinger(  285): onDraw: bindTextureImage test
05-18 09:45:51.324 E/SurfaceFlinger(  285): onDraw: bindTextureImage test
05-18 09:45:51.332 E/WifiTrafficPoller(  851): TRAFFIC_STATS_POLL true Token 2644 num clients 19
05-18 09:45:51.333 E/WifiTrafficPoller(  851):  packet count Tx=1749172 Rx=5764955
05-18 09:45:51.342 E/SurfaceFlinger(  285): onDraw: bindTextureImage test
05-18 09:45:51.357 E/SurfaceFlinger(  285): onDraw: bindTextureImage test
05-18 09:45:51.374 E/SurfaceFlinger(  285): onDraw: bindTextureImage test
05-18 09:45:51.391 E/SurfaceFlinger(  285): onDraw: bindTextureImage test
05-18 09:45:51.408 E/SurfaceFlinger(  285): onDraw: bindTextureImage test
05-18 09:45:51.484 E/WifiStateMachine(  851):  ConnectedState (when=-4ms what=131155 arg1=591!CMD_RSSI_POLL 591 0 "BOCO-office" 94:b4:0f:68:a4:b1 rssi=-49 f=5785 sc=80 link=135 tx=2.8, 0.0, 0.0  rx=38.3 bcn=0 [on:0 tx:0 rx:0 period:3002] from screen [on:0 period:610510556] gl rssi=-49 ag=0 hr ticks 314,77,49 ls-=0 [56,56,56,56,61] brc=0 lrc=0
05-18 09:45:51.485 E/WifiStateMachine(  851):  L2ConnectedState (when=-5ms what=131155 arg1=591!CMD_RSSI_POLL 591 0 "BOCO-office" 94:b4:0f:68:a4:b1 rssi=-49 f=5785 sc=80 link=135 tx=2.8, 0.0, 0.0  rx=38.3 bcn=0 [on:0 tx:0 rx:0 period:1] from screen [on:0 period:610510557] gl rssi=-49 ag=0 hr ticks 314,77,49 ls-=0 [56,56,56,56,61] brc=0 lrc=0
05-18 09:45:51.485 E/WifiStateMachine(  851):  get link layer stats 0
05-18 09:45:51.493 E/WifiStateMachine(  851): calculateWifiScore() we set wifi's score to 1000, so will always set wifi as a default network.
05-18 09:45:51.632 E/NotificationService(  851): Suppressing notification from package com.qihoo.appstore by user request.
05-18 09:45:51.714 E/Launcher.FragmentLoader( 1966): Widget ComponentInfo{net.qihoo.launcher.widget.clockweather/net.qihoo.clockweather.widget.WidgetProvider52} can not fit on this device (1170, 438)
05-18 09:45:51.717 E/Launcher.FragmentLoader( 1966): Widget ComponentInfo{net.qihoo.launcher.widget.clockweather/net.qihoo.clockweather.widget.WidgetProvider51} can not fit on this device (1170, 210)
05-18 09:45:51.899 E/NotificationService(  851): Suppressing notification from package com.qihoo.appstore by user request.
05-18 09:45:52.078 E/AppStore.AppstoreProvider(15889): AppstoreProvider:delete:160128-358=>delete failed PACKAGE_REPLACE
05-18 09:45:52.306 E/VivoGame.GameProvider(14691): update table game_item failed
05-18 09:45:52.316 E/VivoGame.GameProvider(14691): update table game_item failed
05-18 09:45:52.333 E/WifiTrafficPoller(  851): TRAFFIC_STATS_POLL true Token 2644 num clients 19
05-18 09:45:52.334 E/WifiTrafficPoller(  851):  packet count Tx=1749173 Rx=5764969
05-18 09:45:52.334 E/WifiTrafficPoller(  851): notifying of data activity 3
05-18 09:45:52.334 E/VivoGame.GameProvider(14691): update table game_item failed
05-18 09:45:53.335 E/WifiTrafficPoller(  851): TRAFFIC_STATS_POLL true Token 2644 num clients 19
05-18 09:45:53.336 E/WifiTrafficPoller(  851):  packet count Tx=1749175 Rx=5764982
05-18 09:45:54.044 E/GpsXtraDownloader(  851): No XTRA servers were specified in the GPS configuration
05-18 09:45:54.336 E/WifiTrafficPoller(  851): TRAFFIC_STATS_POLL true Token 2644 num clients 19
05-18 09:45:54.338 E/WifiTrafficPoller(  851):  packet count Tx=1749175 Rx=5764998
05-18 09:45:54.338 E/WifiTrafficPoller(  851): notifying of data activity 1
05-18 09:45:54.499 E/WifiStateMachine(  851):  ConnectedState (when=-4ms what=131155 arg1=591!CMD_RSSI_POLL 591 0 "BOCO-office" 94:b4:0f:68:a4:b1 rssi=-50 f=5785 sc=80 link=135 tx=3.4, 0.0, 0.0  rx=37.6 bcn=0 [on:0 tx:0 rx:0 period:2978] from screen [on:0 period:610513570] gl rssi=-50 ag=0 hr ticks 314,77,49 ls-=0 [56,56,56,56,61] brc=0 lrc=0
05-18 09:45:54.500 E/WifiStateMachine(  851):  L2ConnectedState (when=-6ms what=131155 arg1=591!CMD_RSSI_POLL 591 0 "BOCO-office" 94:b4:0f:68:a4:b1 rssi=-50 f=5785 sc=80 link=135 tx=3.4, 0.0, 0.0  rx=37.6 bcn=0 [on:0 tx:0 rx:0 period:2] from screen [on:0 period:610513572] gl rssi=-50 ag=0 hr ticks 314,77,49 ls-=0 [56,56,56,56,61] brc=0 lrc=0
05-18 09:45:54.500 E/WifiStateMachine(  851):  get link layer stats 0
05-18 09:45:54.521 E/WifiStateMachine(  851): calculateWifiScore() we set wifi's score to 1000, so will always set wifi as a default network.
05-18 09:45:55.341 E/WifiTrafficPoller(  851): TRAFFIC_STATS_POLL true Token 2644 num clients 19
05-18 09:45:55.342 E/WifiTrafficPoller(  851):  packet count Tx=1749175 Rx=5765013
05-18 09:45:56.342 E/WifiTrafficPoller(  851): TRAFFIC_STATS_POLL true Token 2644 num clients 19
05-18 09:45:56.344 E/WifiTrafficPoller(  851):  packet count Tx=1749175 Rx=5765026
05-18 09:45:57.345 E/WifiTrafficPoller(  851): TRAFFIC_STATS_POLL true Token 2644 num clients 19
05-18 09:45:57.345 E/WifiTrafficPoller(  851):  packet count Tx=1749175 Rx=5765037
05-18 09:45:57.525 E/WifiStateMachine(  851):  ConnectedState (when=-3ms what=131155 arg1=591!CMD_RSSI_POLL 591 0 "BOCO-office" 94:b4:0f:68:a4:b1 rssi=-50 f=5785 sc=80 link=135 tx=2.7, 0.0, 0.0  rx=38.3 bcn=0 [on:0 tx:0 rx:0 period:3001] from screen [on:0 period:610516597] gl rssi=-50 ag=0 hr ticks 314,77,49 ls-=0 [56,56,56,56,61] brc=0 lrc=0
05-18 09:45:57.526 E/WifiStateMachine(  851):  L2ConnectedState (when=-4ms what=131155 arg1=591!CMD_RSSI_POLL 591 0 "BOCO-office" 94:b4:0f:68:a4:b1 rssi=-50 f=5785 sc=80 link=135 tx=2.7, 0.0, 0.0  rx=38.3 bcn=0 [on:0 tx:0 rx:0 period:1] from screen [on:0 period:610516598] gl rssi=-50 ag=0 hr ticks 314,77,49 ls-=0 [56,56,56,56,61] brc=0 lrc=0
05-18 09:45:57.526 E/WifiStateMachine(  851):  get link layer stats 0
05-18 09:45:57.539 E/WifiStateMachine(  851): calculateWifiScore() we set wifi's score to 1000, so will always set wifi as a default network.
05-18 09:45:58.346 E/WifiTrafficPoller(  851): TRAFFIC_STATS_POLL true Token 2644 num clients 19
05-18 09:45:58.347 E/WifiTrafficPoller(  851):  packet count Tx=1749175 Rx=5765051
05-18 09:45:59.348 E/WifiTrafficPoller(  851): TRAFFIC_STATS_POLL true Token 2644 num clients 19
05-18 09:45:59.349 E/WifiTrafficPoller(  851):  packet count Tx=1749176 Rx=5765071
05-18 09:45:59.349 E/WifiTrafficPoller(  851): notifying of data activity 3
05-18 09:46:00.351 E/WifiTrafficPoller(  851): TRAFFIC_STATS_POLL true Token 2644 num clients 19
05-18 09:46:00.353 E/WifiTrafficPoller(  851):  packet count Tx=1749176 Rx=5765088
05-18 09:46:00.353 E/WifiTrafficPoller(  851): notifying of data activity 1
05-18 09:46:00.542 E/WifiStateMachine(  851):  ConnectedState (when=-2ms what=131155 arg1=591!CMD_RSSI_POLL 591 0 "BOCO-office" 94:b4:0f:68:a4:b1 rssi=-47 f=5785 sc=80 link=135 tx=1.3, 0.0, 0.0  rx=38.7 bcn=0 [on:0 tx:0 rx:0 period:3001] from screen [on:0 period:610519614] gl rssi=-47 ag=0 hr ticks 314,77,49 ls-=0 [56,56,56,56,61] brc=0 lrc=0
05-18 09:46:00.544 E/WifiStateMachine(  851):  L2ConnectedState (when=-4ms what=131155 arg1=591!CMD_RSSI_POLL 591 0 "BOCO-office" 94:b4:0f:68:a4:b1 rssi=-47 f=5785 sc=80 link=135 tx=1.3, 0.0, 0.0  rx=38.7 bcn=0 [on:0 tx:0 rx:0 period:2] from screen [on:0 period:610519616] gl rssi=-47 ag=0 hr ticks 314,77,49 ls-=0 [56,56,56,56,61] brc=0 lrc=0
05-18 09:46:00.544 E/WifiStateMachine(  851):  get link layer stats 0
05-18 09:46:00.561 E/WifiStateMachine(  851): calculateWifiScore() we set wifi's score to 1000, so will always set wifi as a default network.
05-18 09:46:01.355 E/WifiTrafficPoller(  851): TRAFFIC_STATS_POLL true Token 2644 num clients 19
05-18 09:46:01.357 E/WifiTrafficPoller(  851):  packet count Tx=1749177 Rx=5765099
05-18 09:46:01.357 E/WifiTrafficPoller(  851): notifying of data activity 3
05-18 09:46:02.359 E/WifiTrafficPoller(  851): TRAFFIC_STATS_POLL true Token 2644 num clients 19
05-18 09:46:02.361 E/WifiTrafficPoller(  851):  packet count Tx=1749177 Rx=5765112
05-18 09:46:02.361 E/WifiTrafficPoller(  851): notifying of data activity 1
05-18 09:46:03.326 E/memtrack(16127): Couldn't load memtrack module (No such file or directory)
05-18 09:46:03.326 E/android.os.Debug(16127): failed to load memtrack module: -2
05-18 09:46:03.363 E/WifiTrafficPoller(  851): TRAFFIC_STATS_POLL true Token 2644 num clients 19
05-18 09:46:03.364 E/WifiTrafficPoller(  851):  packet count Tx=1749183 Rx=5765127
05-18 09:46:03.364 E/WifiTrafficPoller(  851): notifying of data activity 3
05-18 09:46:03.565 E/WifiStateMachine(  851):  ConnectedState (when=-3ms what=131155 arg1=591!CMD_RSSI_POLL 591 0 "BOCO-office" 94:b4:0f:68:a4:b1 rssi=-48 f=5785 sc=80 link=135 tx=1.2, 0.0, 0.0  rx=44.3 bcn=0 [on:0 tx:0 rx:0 period:3000] from screen [on:0 period:610522637] gl rssi=-48 ag=0 hr ticks 314,77,49 ls-=0 [56,56,56,56,61] brc=0 lrc=0
05-18 09:46:03.566 E/WifiStateMachine(  851):  L2ConnectedState (when=-4ms what=131155 arg1=591!CMD_RSSI_POLL 591 0 "BOCO-office" 94:b4:0f:68:a4:b1 rssi=-48 f=5785 sc=80 link=135 tx=1.2, 0.0, 0.0  rx=44.3 bcn=0 [on:0 tx:0 rx:0 period:1] from screen [on:0 period:610522638] gl rssi=-48 ag=0 hr ticks 314,77,49 ls-=0 [56,56,56,56,61] brc=0 lrc=0
05-18 09:46:03.566 E/WifiStateMachine(  851):  get link layer stats 0
05-18 09:46:03.569 E/WifiStateMachine(  851): calculateWifiScore() we set wifi's score to 1000, so will always set wifi as a default network.
05-18 09:46:04.365 E/WifiTrafficPoller(  851): TRAFFIC_STATS_POLL true Token 2644 num clients 19
05-18 09:46:04.367 E/WifiTrafficPoller(  851):  packet count Tx=1749183 Rx=5765142
05-18 09:46:04.367 E/WifiTrafficPoller(  851): notifying of data activity 1
05-18 09:46:05.371 E/WifiTrafficPoller(  851): TRAFFIC_STATS_POLL true Token 2644 num clients 19
05-18 09:46:05.371 E/WifiTrafficPoller(  851):  packet count Tx=1749185 Rx=5765158
05-18 09:46:05.371 E/WifiTrafficPoller(  851): notifying of data activity 3
05-18 09:46:05.592 E/memtrack(16148): Couldn't load memtrack module (No such file or directory)
05-18 09:46:05.592 E/android.os.Debug(16148): failed to load memtrack module: -2
05-18 09:46:06.372 E/WifiTrafficPoller(  851): TRAFFIC_STATS_POLL true Token 2644 num clients 19
05-18 09:46:06.373 E/WifiTrafficPoller(  851):  packet count Tx=1749185 Rx=5765176
05-18 09:46:06.373 E/WifiTrafficPoller(  851): notifying of data activity 1
05-18 09:46:06.573 E/WifiStateMachine(  851):  ConnectedState (when=-4ms what=131155 arg1=591!CMD_RSSI_POLL 591 0 "BOCO-office" 94:b4:0f:68:a4:b1 rssi=-48 f=5785 sc=80 link=135 tx=4.1, 0.0, 0.0  rx=44.2 bcn=0 [on:0 tx:0 rx:0 period:3002] from screen [on:0 period:610525645] gl rssi=-48 ag=0 hr ticks 314,77,49 ls-=0 [56,56,56,56,61] brc=0 lrc=0
05-18 09:46:06.576 E/WifiStateMachine(  851):  L2ConnectedState (when=-7ms what=131155 arg1=591!CMD_RSSI_POLL 591 0 "BOCO-office" 94:b4:0f:68:a4:b1 rssi=-48 f=5785 sc=80 link=135 tx=4.1, 0.0, 0.0  rx=44.2 bcn=0 [on:0 tx:0 rx:0 period:3] from screen [on:0 period:610525648] gl rssi=-48 ag=0 hr ticks 314,77,49 ls-=0 [56,56,56,56,61] brc=0 lrc=0
05-18 09:46:06.576 E/WifiStateMachine(  851):  get link layer stats 0
05-18 09:46:06.602 E/WifiStateMachine(  851): calculateWifiScore() we set wifi's score to 1000, so will always set wifi as a default network.
05-18 09:46:07.146 E/memtrack(16166): Couldn't load memtrack module (No such file or directory)
05-18 09:46:07.146 E/android.os.Debug(16166): failed to load memtrack module: -2
05-18 09:46:07.376 E/WifiTrafficPoller(  851): TRAFFIC_STATS_POLL true Token 2644 num clients 19
05-18 09:46:07.378 E/WifiTrafficPoller(  851):  packet count Tx=1749185 Rx=5765189
05-18 09:46:08.379 E/WifiTrafficPoller(  851): TRAFFIC_STATS_POLL true Token 2644 num clients 19
05-18 09:46:08.380 E/WifiTrafficPoller(  851):  packet count Tx=1749185 Rx=5765200
05-18 09:46:08.591 E/memtrack(16184): Couldn't load memtrack module (No such file or directory)
05-18 09:46:08.591 E/android.os.Debug(16184): failed to load memtrack module: -2
05-18 09:46:09.265 E/memtrack(16201): Couldn't load memtrack module (No such file or directory)
05-18 09:46:09.265 E/android.os.Debug(16201): failed to load memtrack module: -2
05-18 09:46:09.380 E/WifiTrafficPoller(  851): TRAFFIC_STATS_POLL true Token 2644 num clients 19
05-18 09:46:09.380 E/WifiTrafficPoller(  851):  packet count Tx=1749185 Rx=5765209
05-18 09:46:09.608 E/WifiStateMachine(  851):  ConnectedState (when=-4ms what=131155 arg1=591!CMD_RSSI_POLL 591 0 "BOCO-office" 94:b4:0f:68:a4:b1 rssi=-48 f=5785 sc=80 link=135 tx=3.0, 0.0, 0.0  rx=45.1 bcn=0 [on:0 tx:0 rx:0 period:3001] from screen [on:0 period:610528680] gl rssi=-48 ag=0 hr ticks 314,77,49 ls-=0 [56,56,56,56,61] brc=0 lrc=0
05-18 09:46:09.610 E/WifiStateMachine(  851):  L2ConnectedState (when=-6ms what=131155 arg1=591!CMD_RSSI_POLL 591 0 "BOCO-office" 94:b4:0f:68:a4:b1 rssi=-48 f=5785 sc=80 link=135 tx=3.0, 0.0, 0.0  rx=45.1 bcn=0 [on:0 tx:0 rx:0 period:1] from screen [on:0 period:610528681] gl rssi=-48 ag=0 hr ticks 314,77,49 ls-=0 [56,56,56,56,61] brc=0 lrc=0
05-18 09:46:09.610 E/WifiStateMachine(  851):  get link layer stats 0
05-18 09:46:09.631 E/WifiStateMachine(  851): calculateWifiScore() we set wifi's score to 1000, so will always set wifi as a default network.
05-18 09:46:10.355 E/memtrack(16217): Couldn't load memtrack module (No such file or directory)
05-18 09:46:10.355 E/android.os.Debug(16217): failed to load memtrack module: -2
05-18 09:46:10.381 E/WifiTrafficPoller(  851): TRAFFIC_STATS_POLL true Token 2644 num clients 19
05-18 09:46:10.381 E/WifiTrafficPoller(  851):  packet count Tx=1749185 Rx=5765218
05-18 09:46:11.363 E/memtrack(16234): Couldn't load memtrack module (No such file or directory)
05-18 09:46:11.363 E/android.os.Debug(16234): failed to load memtrack module: -2
05-18 09:46:11.382 E/WifiTrafficPoller(  851): TRAFFIC_STATS_POLL true Token 2644 num clients 19
05-18 09:46:11.382 E/WifiTrafficPoller(  851):  packet count Tx=1749185 Rx=5765226
05-18 09:46:12.269 E/memtrack(16250): Couldn't load memtrack module (No such file or directory)
05-18 09:46:12.269 E/android.os.Debug(16250): failed to load memtrack module: -2
05-18 09:46:12.383 E/WifiTrafficPoller(  851): TRAFFIC_STATS_POLL true Token 2644 num clients 19
05-18 09:46:12.383 E/WifiTrafficPoller(  851):  packet count Tx=1749185 Rx=5765240
05-18 09:46:12.636 E/WifiStateMachine(  851):  ConnectedState (when=-4ms what=131155 arg1=591!CMD_RSSI_POLL 591 0 "BOCO-office" 94:b4:0f:68:a4:b1 rssi=-49 f=5785 sc=80 link=135 tx=1.5, 0.0, 0.0  rx=39.0 bcn=0 [on:0 tx:0 rx:0 period:3002] from screen [on:0 period:610531708] gl rssi=-49 ag=0 hr ticks 314,77,49 ls-=0 [56,56,56,56,61] brc=0 lrc=0
05-18 09:46:12.639 E/WifiStateMachine(  851):  L2ConnectedState (when=-7ms what=131155 arg1=591!CMD_RSSI_POLL 591 0 "BOCO-office" 94:b4:0f:68:a4:b1 rssi=-49 f=5785 sc=80 link=135 tx=1.5, 0.0, 0.0  rx=39.0 bcn=0 [on:0 tx:0 rx:0 period:3] from screen [on:0 period:610531711] gl rssi=-49 ag=0 hr ticks 314,77,49 ls-=0 [56,56,56,56,61] brc=0 lrc=0
05-18 09:46:12.640 E/WifiStateMachine(  851):  get link layer stats 0
05-18 09:46:12.647 E/WifiStateMachine(  851): calculateWifiScore() we set wifi's score to 1000, so will always set wifi as a default network.
05-18 09:46:13.384 E/WifiTrafficPoller(  851): TRAFFIC_STATS_POLL true Token 2644 num clients 19
05-18 09:46:13.384 E/WifiTrafficPoller(  851):  packet count Tx=1749185 Rx=5765256
05-18 09:46:13.483 E/memtrack(16269): Couldn't load memtrack module (No such file or directory)
05-18 09:46:13.483 E/android.os.Debug(16269): failed to load memtrack module: -2
05-18 09:46:14.225 E/memtrack(16287): Couldn't load memtrack module (No such file or directory)
05-18 09:46:14.225 E/android.os.Debug(16287): failed to load memtrack module: -2
05-18 09:46:14.384 E/WifiTrafficPoller(  851): TRAFFIC_STATS_POLL true Token 2644 num clients 19
05-18 09:46:14.385 E/WifiTrafficPoller(  851):  packet count Tx=1749188 Rx=5765280
05-18 09:46:14.385 E/WifiTrafficPoller(  851): notifying of data activity 3
05-18 09:46:15.385 E/WifiTrafficPoller(  851): TRAFFIC_STATS_POLL true Token 2644 num clients 19
05-18 09:46:15.386 E/WifiTrafficPoller(  851):  packet count Tx=1749189 Rx=5765302
05-18 09:46:15.651 E/WifiStateMachine(  851):  ConnectedState (when=-3ms what=131155 arg1=591!CMD_RSSI_POLL 591 0 "BOCO-office" 94:b4:0f:68:a4:b1 rssi=-48 f=5785 sc=80 link=135 tx=0.8, 0.0, 0.0  rx=34.5 bcn=0 [on:0 tx:0 rx:0 period:3000] from screen [on:0 period:610534723] gl rssi=-48 ag=0 hr ticks 314,77,49 ls-=0 [56,56,56,56,61] brc=0 lrc=0
05-18 09:46:15.653 E/WifiStateMachine(  851):  L2ConnectedState (when=-6ms what=131155 arg1=591!CMD_RSSI_POLL 591 0 "BOCO-office" 94:b4:0f:68:a4:b1 rssi=-48 f=5785 sc=80 link=135 tx=0.8, 0.0, 0.0  rx=34.5 bcn=0 [on:0 tx:0 rx:0 period:2] from screen [on:0 period:610534725] gl rssi=-48 ag=0 hr ticks 314,77,49 ls-=0 [56,56,56,56,61] brc=0 lrc=0
05-18 09:46:15.654 E/WifiStateMachine(  851):  get link layer stats 0
05-18 09:46:15.659 E/WifiStateMachine(  851): calculateWifiScore() we set wifi's score to 1000, so will always set wifi as a default network.
05-18 09:46:16.387 E/WifiTrafficPoller(  851): TRAFFIC_STATS_POLL true Token 2644 num clients 19
05-18 09:46:16.388 E/WifiTrafficPoller(  851):  packet count Tx=1749189 Rx=5765314
05-18 09:46:16.388 E/WifiTrafficPoller(  851): notifying of data activity 1
05-18 09:46:17.391 E/WifiTrafficPoller(  851): TRAFFIC_STATS_POLL true Token 2644 num clients 19
05-18 09:46:17.393 E/WifiTrafficPoller(  851):  packet count Tx=1749189 Rx=5765330
05-18 09:46:18.392 E/WifiTrafficPoller(  851): TRAFFIC_STATS_POLL true Token 2644 num clients 19
05-18 09:46:18.393 E/WifiTrafficPoller(  851):  packet count Tx=1749189 Rx=5765341
05-18 09:46:18.661 E/memtrack(16309): Couldn't load memtrack module (No such file or directory)
05-18 09:46:18.661 E/android.os.Debug(16309): failed to load memtrack module: -2
05-18 09:46:18.663 E/WifiStateMachine(  851):  ConnectedState (when=-4ms what=131155 arg1=591!CMD_RSSI_POLL 591 0 "BOCO-office" 94:b4:0f:68:a4:b1 rssi=-48 f=5785 sc=80 link=135 tx=2.4, 0.0, 0.0  rx=49.3 bcn=0 [on:0 tx:0 rx:0 period:3001] from screen [on:0 period:610537735] gl rssi=-48 ag=0 hr ticks 314,77,49 ls-=0 [56,56,56,56,61] brc=0 lrc=0
05-18 09:46:18.664 E/WifiStateMachine(  851):  L2ConnectedState (when=-5ms what=131155 arg1=591!CMD_RSSI_POLL 591 0 "BOCO-office" 94:b4:0f:68:a4:b1 rssi=-48 f=5785 sc=80 link=135 tx=2.4, 0.0, 0.0  rx=49.3 bcn=0 [on:0 tx:0 rx:0 period:0] from screen [on:0 period:610537735] gl rssi=-48 ag=0 hr ticks 314,77,49 ls-=0 [56,56,56,56,61] brc=0 lrc=0
05-18 09:46:18.664 E/WifiStateMachine(  851):  get link layer stats 0
05-18 09:46:18.679 E/WifiStateMachine(  851): calculateWifiScore() we set wifi's score to 1000, so will always set wifi as a default network.
05-18 09:46:19.393 E/WifiTrafficPoller(  851): TRAFFIC_STATS_POLL true Token 2644 num clients 19
05-18 09:46:19.395 E/WifiTrafficPoller(  851):  packet count Tx=1749189 Rx=5765357
05-18 09:46:19.827 E/memtrack(16329): Couldn't load memtrack module (No such file or directory)
05-18 09:46:19.827 E/android.os.Debug(16329): failed to load memtrack module: -2
05-18 09:46:20.394 E/WifiTrafficPoller(  851): TRAFFIC_STATS_POLL true Token 2644 num clients 19
05-18 09:46:20.395 E/WifiTrafficPoller(  851):  packet count Tx=1749189 Rx=5765373
05-18 09:46:20.634 E/memtrack(16346): Couldn't load memtrack module (No such file or directory)
05-18 09:46:20.634 E/android.os.Debug(16346): failed to load memtrack module: -2
05-18 09:46:20.949 E/Pm      (16346): Failure details: Bundle[{android.content.pm.extra.STATUS=1, android.content.pm.extra.PACKAGE_NAME=com.boco.apphall, android.content.pm.extra.LEGACY_STATUS=-1, android.content.pm.extra.STATUS_MESSAGE=DELETE_FAILED_INTERNAL_ERROR}]
05-18 09:46:21.396 E/WifiTrafficPoller(  851): TRAFFIC_STATS_POLL true Token 2644 num clients 19
05-18 09:46:21.396 E/WifiTrafficPoller(  851):  packet count Tx=1749189 Rx=5765381
05-18 09:46:21.684 E/WifiStateMachine(  851):  ConnectedState (when=-4ms what=131155 arg1=591!CMD_RSSI_POLL 591 0 "BOCO-office" 94:b4:0f:68:a4:b1 rssi=-47 f=5785 sc=80 link=135 tx=1.2, 0.0, 0.0  rx=43.6 bcn=0 [on:0 tx:0 rx:0 period:3003] from screen [on:0 period:610540756] gl rssi=-47 ag=0 hr ticks 314,77,49 ls-=0 [56,56,56,56,61] brc=0 lrc=0
05-18 09:46:21.685 E/WifiStateMachine(  851):  L2ConnectedState (when=-5ms what=131155 arg1=591!CMD_RSSI_POLL 591 0 "BOCO-office" 94:b4:0f:68:a4:b1 rssi=-47 f=5785 sc=80 link=135 tx=1.2, 0.0, 0.0  rx=43.6 bcn=0 [on:0 tx:0 rx:0 period:1] from screen [on:0 period:610540757] gl rssi=-47 ag=0 hr ticks 314,77,49 ls-=0 [56,56,56,56,61] brc=0 lrc=0
05-18 09:46:21.686 E/memtrack(16364): Couldn't load memtrack module (No such file or directory)
05-18 09:46:21.686 E/android.os.Debug(16364): failed to load memtrack module: -2
05-18 09:46:21.687 E/WifiStateMachine(  851):  get link layer stats 0
05-18 09:46:21.710 E/WifiStateMachine(  851): calculateWifiScore() we set wifi's score to 1000, so will always set wifi as a default network.
05-18 09:46:21.876 E/SurfaceFlinger(  285): onDraw: bindTextureImage test
05-18 09:46:21.893 E/SurfaceFlinger(  285): onDraw: bindTextureImage test
05-18 09:46:21.909 E/SurfaceFlinger(  285): onDraw: bindTextureImage test
05-18 09:46:21.926 E/SurfaceFlinger(  285): onDraw: bindTextureImage test
05-18 09:46:21.943 E/SurfaceFlinger(  285): onDraw: bindTextureImage test
05-18 09:46:21.962 E/SurfaceFlinger(  285): onDraw: bindTextureImage test
05-18 09:46:21.979 E/SurfaceFlinger(  285): onDraw: bindTextureImage test
05-18 09:46:21.995 E/SurfaceFlinger(  285): onDraw: bindTextureImage test
05-18 09:46:22.397 E/WifiTrafficPoller(  851): TRAFFIC_STATS_POLL true Token 2644 num clients 19
05-18 09:46:22.398 E/WifiTrafficPoller(  851):  packet count Tx=1749189 Rx=5765395
05-18 09:46:23.373 E/SurfaceFlinger(  285): onDraw: bindTextureImage test
05-18 09:46:23.391 E/SurfaceFlinger(  285): onDraw: bindTextureImage test
05-18 09:46:23.407 E/SurfaceFlinger(  285): onDraw: bindTextureImage test
05-18 09:46:23.423 E/SurfaceFlinger(  285): onDraw: bindTextureImage test
05-18 09:46:23.441 E/SurfaceFlinger(  285): onDraw: bindTextureImage test
05-18 09:46:23.459 E/SurfaceFlinger(  285): onDraw: bindTextureImage test
05-18 09:46:23.474 E/SurfaceFlinger(  285): onDraw: bindTextureImage test
05-18 09:46:23.527 E/WifiTrafficPoller(  851): TRAFFIC_STATS_POLL true Token 2644 num clients 19
05-18 09:46:23.529 E/WifiTrafficPoller(  851):  packet count Tx=1749190 Rx=5765414
05-18 09:46:23.529 E/WifiTrafficPoller(  851): notifying of data activity 3
05-18 09:46:23.576 E/SurfaceFlinger(  285): onDraw: bindTextureImage test
05-18 09:46:23.593 E/SurfaceFlinger(  285): onDraw: bindTextureImage test
05-18 09:46:23.610 E/SurfaceFlinger(  285): onDraw: bindTextureImage test
05-18 09:46:23.625 E/SurfaceFlinger(  285): onDraw: bindTextureImage test
05-18 09:46:23.642 E/SurfaceFlinger(  285): onDraw: bindTextureImage test
05-18 09:46:23.659 E/SurfaceFlinger(  285): onDraw: bindTextureImage test
05-18 09:46:23.675 E/SurfaceFlinger(  285): onDraw: bindTextureImage test
05-18 09:46:23.692 E/SurfaceFlinger(  285): onDraw: bindTextureImage test
05-18 09:46:23.710 E/SurfaceFlinger(  285): onDraw: bindTextureImage test
05-18 09:46:23.727 E/SurfaceFlinger(  285): onDraw: bindTextureImage test
05-18 09:46:23.743 E/SurfaceFlinger(  285): onDraw: bindTextureImage test
05-18 09:46:24.533 E/WifiTrafficPoller(  851): TRAFFIC_STATS_POLL true Token 2644 num clients 19
05-18 09:46:24.534 E/WifiTrafficPoller(  851):  packet count Tx=1749196 Rx=5765432
05-18 09:46:24.550 E/SurfaceFlinger(  285): onDraw: bindTextureImage test
05-18 09:46:24.567 E/SurfaceFlinger(  285): onDraw: bindTextureImage test
05-18 09:46:24.583 E/SurfaceFlinger(  285): onDraw: bindTextureImage test
05-18 09:46:24.600 E/SurfaceFlinger(  285): onDraw: bindTextureImage test
05-18 09:46:24.617 E/SurfaceFlinger(  285): onDraw: bindTextureImage test
05-18 09:46:24.634 E/SurfaceFlinger(  285): onDraw: bindTextureImage test
05-18 09:46:24.650 E/SurfaceFlinger(  285): onDraw: bindTextureImage test
05-18 09:46:24.668 E/SurfaceFlinger(  285): onDraw: bindTextureImage test
05-18 09:46:24.684 E/SurfaceFlinger(  285): onDraw: bindTextureImage test
05-18 09:46:24.701 E/SurfaceFlinger(  285): onDraw: bindTextureImage test
05-18 09:46:24.715 E/WifiStateMachine(  851):  ConnectedState (when=-4ms what=131155 arg1=591!CMD_RSSI_POLL 591 0 "BOCO-office" 94:b4:0f:68:a4:b1 rssi=-47 f=5785 sc=80 link=135 tx=0.6, 0.0, 0.0  rx=42.8 bcn=0 [on:0 tx:0 rx:0 period:2999] from screen [on:0 period:610543787] gl rssi=-47 ag=0 hr ticks 314,77,49 ls-=0 [56,56,56,56,61] brc=0 lrc=0
05-18 09:46:24.715 E/WifiStateMachine(  851):  L2ConnectedState (when=-5ms what=131155 arg1=591!CMD_RSSI_POLL 591 0 "BOCO-office" 94:b4:0f:68:a4:b1 rssi=-47 f=5785 sc=80 link=135 tx=0.6, 0.0, 0.0  rx=42.8 bcn=0 [on:0 tx:0 rx:0 period:0] from screen [on:0 period:610543787] gl rssi=-47 ag=0 hr ticks 314,77,49 ls-=0 [56,56,56,56,61] brc=0 lrc=0
05-18 09:46:24.716 E/WifiStateMachine(  851):  get link layer stats 0
05-18 09:46:24.718 E/SurfaceFlinger(  285): onDraw: bindTextureImage test
05-18 09:46:24.719 E/WifiStateMachine(  851): calculateWifiScore() we set wifi's score to 1000, so will always set wifi as a default network.
05-18 09:46:25.301 E/NotificationService(  851): Suppressing notification from package com.qihoo.appstore by user request.
05-18 09:46:25.310 E/NotificationService(  851): Suppressing notification from package com.qihoo.appstore by user request.
05-18 09:46:25.327 E/Launcher.FragmentLoader( 1966): Widget ComponentInfo{net.qihoo.launcher.widget.clockweather/net.qihoo.clockweather.widget.WidgetProvider52} can not fit on this device (1170, 438)
05-18 09:46:25.328 E/Launcher.FragmentLoader( 1966): Widget ComponentInfo{net.qihoo.launcher.widget.clockweather/net.qihoo.clockweather.widget.WidgetProvider51} can not fit on this device (1170, 210)
05-18 09:46:25.534 E/WifiTrafficPoller(  851): TRAFFIC_STATS_POLL true Token 2644 num clients 19
05-18 09:46:25.535 E/WifiTrafficPoller(  851):  packet count Tx=1749204 Rx=5765459
05-18 09:46:26.346 E/memtrack(16472): Couldn't load memtrack module (No such file or directory)
05-18 09:46:26.346 E/android.os.Debug(16472): failed to load memtrack module: -2
05-18 09:46:26.535 E/WifiTrafficPoller(  851): TRAFFIC_STATS_POLL true Token 2644 num clients 19
05-18 09:46:26.535 E/WifiTrafficPoller(  851):  packet count Tx=1749207 Rx=5765476
05-18 09:46:26.966 E/memtrack(16492): Couldn't load memtrack module (No such file or directory)
05-18 09:46:26.967 E/android.os.Debug(16492): failed to load memtrack module: -2
05-18 09:46:27.536 E/WifiTrafficPoller(  851): TRAFFIC_STATS_POLL true Token 2644 num clients 19
05-18 09:46:27.537 E/WifiTrafficPoller(  851):  packet count Tx=1749212 Rx=5765491
05-18 09:46:27.722 E/WifiStateMachine(  851):  ConnectedState (when=-3ms what=131155 arg1=591!CMD_RSSI_POLL 591 0 "BOCO-office" 94:b4:0f:68:a4:b1 rssi=-52 f=5785 sc=80 link=135 tx=4.3, 0.0, 0.0  rx=48.4 bcn=0 [on:0 tx:0 rx:0 period:2999] from screen [on:0 period:610546794] gl rssi=-52 ag=0 hr ticks 314,77,49 ls-=0 [56,56,56,56,61] brc=0 lrc=0
05-18 09:46:27.723 E/WifiStateMachine(  851):  L2ConnectedState (when=-4ms what=131155 arg1=591!CMD_RSSI_POLL 591 0 "BOCO-office" 94:b4:0f:68:a4:b1 rssi=-52 f=5785 sc=80 link=135 tx=4.3, 0.0, 0.0  rx=48.4 bcn=0 [on:0 tx:0 rx:0 period:1] from screen [on:0 period:610546795] gl rssi=-52 ag=0 hr ticks 314,77,49 ls-=0 [56,56,56,56,61] brc=0 lrc=0
05-18 09:46:27.723 E/WifiStateMachine(  851):  get link layer stats 0
05-18 09:46:27.726 E/WifiStateMachine(  851): calculateWifiScore() we set wifi's score to 1000, so will always set wifi as a default network.
05-18 09:46:27.957 E/memtrack(16510): Couldn't load memtrack module (No such file or directory)
05-18 09:46:27.958 E/android.os.Debug(16510): failed to load memtrack module: -2
05-18 09:46:28.538 E/WifiTrafficPoller(  851): TRAFFIC_STATS_POLL true Token 2644 num clients 19
05-18 09:46:28.538 E/WifiTrafficPoller(  851):  packet count Tx=1749212 Rx=5765507
05-18 09:46:28.538 E/WifiTrafficPoller(  851): notifying of data activity 1
05-18 09:46:28.690 E/memtrack(16526): Couldn't load memtrack module (No such file or directory)
05-18 09:46:28.691 E/android.os.Debug(16526): failed to load memtrack module: -2
05-18 09:46:29.538 E/WifiTrafficPoller(  851): TRAFFIC_STATS_POLL true Token 2644 num clients 19
05-18 09:46:29.539 E/WifiTrafficPoller(  851):  packet count Tx=1749213 Rx=5765521
05-18 09:46:29.539 E/WifiTrafficPoller(  851): notifying of data activity 3
05-18 09:46:30.540 E/WifiTrafficPoller(  851): TRAFFIC_STATS_POLL true Token 2644 num clients 19
05-18 09:46:30.541 E/WifiTrafficPoller(  851):  packet count Tx=1749213 Rx=5765533
05-18 09:46:30.541 E/WifiTrafficPoller(  851): notifying of data activity 1
05-18 09:46:30.729 E/WifiStateMachine(  851):  ConnectedState (when=-2ms what=131155 arg1=591!CMD_RSSI_POLL 591 0 "BOCO-office" 94:b4:0f:68:a4:b1 rssi=-51 f=5785 sc=80 link=135 tx=9.6, 0.0, 0.0  rx=52.2 bcn=0 [on:0 tx:0 rx:0 period:3000] from screen [on:0 period:610549801] gl rssi=-51 ag=0 hr ticks 314,77,49 ls-=0 [56,56,60,60,65] brc=0 lrc=0
05-18 09:46:30.731 E/WifiStateMachine(  851):  L2ConnectedState (when=-4ms what=131155 arg1=591!CMD_RSSI_POLL 591 0 "BOCO-office" 94:b4:0f:68:a4:b1 rssi=-51 f=5785 sc=80 link=135 tx=9.6, 0.0, 0.0  rx=52.2 bcn=0 [on:0 tx:0 rx:0 period:2] from screen [on:0 period:610549803] gl rssi=-51 ag=0 hr ticks 314,77,49 ls-=0 [56,56,60,60,65] brc=0 lrc=0
05-18 09:46:30.731 E/WifiStateMachine(  851):  get link layer stats 0
05-18 09:46:30.750 E/WifiStateMachine(  851): calculateWifiScore() we set wifi's score to 1000, so will always set wifi as a default network.
05-18 09:46:31.544 E/WifiTrafficPoller(  851): TRAFFIC_STATS_POLL true Token 2644 num clients 19
05-18 09:46:31.544 E/WifiTrafficPoller(  851):  packet count Tx=1749215 Rx=5765552
05-18 09:46:31.544 E/WifiTrafficPoller(  851): notifying of data activity 3
05-18 09:46:32.169 E/memtrack(16576): Couldn't load memtrack module (No such file or directory)
05-18 09:46:32.169 E/android.os.Debug(16576): failed to load memtrack module: -2
05-18 09:46:32.545 E/WifiTrafficPoller(  851): TRAFFIC_STATS_POLL true Token 2644 num clients 19
05-18 09:46:32.547 E/WifiTrafficPoller(  851):  packet count Tx=1749215 Rx=5765569
05-18 09:46:32.547 E/WifiTrafficPoller(  851): notifying of data activity 1
05-18 09:46:32.708 E/SurfaceFlinger(  285): onDraw: bindTextureImage test
05-18 09:46:32.724 E/SurfaceFlinger(  285): onDraw: bindTextureImage test
05-18 09:46:32.741 E/SurfaceFlinger(  285): onDraw: bindTextureImage test
05-18 09:46:32.764 E/SurfaceFlinger(  285): onDraw: bindTextureImage test
05-18 09:46:32.774 E/MPlugin (16592): Unsupported class: com.mediatek.common.telephony.IOnlyOwnerSimSupport
05-18 09:46:32.775 E/SurfaceFlinger(  285): onDraw: bindTextureImage test
05-18 09:46:32.792 E/SurfaceFlinger(  285): onDraw: bindTextureImage test
05-18 09:46:32.796 E/WifiManager(16592): mWifiServiceMessenger == null
05-18 09:46:32.808 E/SurfaceFlinger(  285): onDraw: bindTextureImage test
05-18 09:46:32.825 E/SurfaceFlinger(  285): onDraw: bindTextureImage test
05-18 09:46:32.842 E/SurfaceFlinger(  285): onDraw: bindTextureImage test
05-18 09:46:32.859 E/SurfaceFlinger(  285): onDraw: bindTextureImage test
05-18 09:46:32.875 E/SurfaceFlinger(  285): onDraw: bindTextureImage test
05-18 09:46:32.892 E/SurfaceFlinger(  285): onDraw: bindTextureImage test
05-18 09:46:32.909 E/SurfaceFlinger(  285): onDraw: bindTextureImage test
05-18 09:46:32.926 E/SurfaceFlinger(  285): onDraw: bindTextureImage test
05-18 09:46:32.943 E/SurfaceFlinger(  285): onDraw: bindTextureImage test
05-18 09:46:32.960 E/SurfaceFlinger(  285): onDraw: bindTextureImage test
05-18 09:46:32.976 E/SurfaceFlinger(  285): onDraw: bindTextureImage test
05-18 09:46:33.077 E/SurfaceFlinger(  285): onDraw: bindTextureImage test
05-18 09:46:33.094 E/SurfaceFlinger(  285): onDraw: bindTextureImage test
05-18 09:46:33.111 E/SurfaceFlinger(  285): onDraw: bindTextureImage test
05-18 09:46:33.128 E/SurfaceFlinger(  285): onDraw: bindTextureImage test
05-18 09:46:33.144 E/SurfaceFlinger(  285): onDraw: bindTextureImage test
05-18 09:46:33.161 E/SurfaceFlinger(  285): onDraw: bindTextureImage test
05-18 09:46:33.178 E/SurfaceFlinger(  285): onDraw: bindTextureImage test
05-18 09:46:33.195 E/SurfaceFlinger(  285): onDraw: bindTextureImage test
05-18 09:46:33.550 E/WifiTrafficPoller(  851): TRAFFIC_STATS_POLL true Token 2644 num clients 19
05-18 09:46:33.551 E/WifiTrafficPoller(  851):  packet count Tx=1749221 Rx=5765585
05-18 09:46:33.551 E/WifiTrafficPoller(  851): notifying of data activity 3
05-18 09:46:33.755 E/WifiStateMachine(  851):  ConnectedState (when=-4ms what=131155 arg1=591!CMD_RSSI_POLL 591 0 "BOCO-office" 94:b4:0f:68:a4:b1 rssi=-51 f=5785 sc=80 link=135 tx=5.3, 0.0, 0.0  rx=45.6 bcn=0 [on:0 tx:0 rx:0 period:3002] from screen [on:0 period:610552827] gl rssi=-51 ag=0 hr ticks 314,77,49 ls-=0 [56,56,60,60,65] brc=0 lrc=0
05-18 09:46:33.757 E/WifiStateMachine(  851):  L2ConnectedState (when=-6ms what=131155 arg1=591!CMD_RSSI_POLL 591 0 "BOCO-office" 94:b4:0f:68:a4:b1 rssi=-51 f=5785 sc=80 link=135 tx=5.3, 0.0, 0.0  rx=45.6 bcn=0 [on:0 tx:0 rx:0 period:2] from screen [on:0 period:610552829] gl rssi=-51 ag=0 hr ticks 314,77,49 ls-=0 [56,56,60,60,65] brc=0 lrc=0
05-18 09:46:33.757 E/WifiStateMachine(  851):  get link layer stats 0
05-18 09:46:33.761 E/WifiStateMachine(  851): calculateWifiScore() we set wifi's score to 1000, so will always set wifi as a default network.
05-18 09:46:34.556 E/WifiTrafficPoller(  851): TRAFFIC_STATS_POLL true Token 2644 num clients 19
05-18 09:46:34.558 E/WifiTrafficPoller(  851):  packet count Tx=1749221 Rx=5765595
05-18 09:46:34.558 E/WifiTrafficPoller(  851): notifying of data activity 1
05-18 09:46:35.560 E/WifiTrafficPoller(  851): TRAFFIC_STATS_POLL true Token 2644 num clients 19
05-18 09:46:35.562 E/WifiTrafficPoller(  851):  packet count Tx=1749221 Rx=5765613
