05-17 16:03:20.487 E/SurfaceFlinger(  285): onDraw: bindTextureImage test
05-17 16:03:20.791 E/WifiStateMachine(  851):  ConnectedState (when=-2ms what=131155 arg1=548!CMD_RSSI_POLL 548 0 "BOCO-office" 94:b4:0f:68:a4:b1 rssi=-57 f=5785 sc=80 link=150 tx=0.8, 0.0, 0.0  rx=67.2 bcn=0 [on:0 tx:0 rx:0 period:2992] from screen [on:0 period:546759863] gl rssi=-57 ag=0 hr ticks 0,0,28 ls-=0 [56,56,56,56,61] brc=0 lrc=0
05-17 16:03:20.793 E/WifiStateMachine(  851):  L2ConnectedState (when=-5ms what=131155 arg1=548!CMD_RSSI_POLL 548 0 "BOCO-office" 94:b4:0f:68:a4:b1 rssi=-57 f=5785 sc=80 link=150 tx=0.8, 0.0, 0.0  rx=67.2 bcn=0 [on:0 tx:0 rx:0 period:2] from screen [on:0 period:546759865] gl rssi=-57 ag=0 hr ticks 0,0,28 ls-=0 [56,56,56,56,61] brc=0 lrc=0
05-17 16:03:20.793 E/WifiStateMachine(  851):  get link layer stats 0
05-17 16:03:20.796 E/WifiStateMachine(  851): calculateWifiScore() we set wifi's score to 1000, so will always set wifi as a default network.
05-17 16:03:20.807 E/SurfaceFlinger(  285): onDraw: bindTextureImage test
05-17 16:03:20.823 E/SurfaceFlinger(  285): onDraw: bindTextureImage test
05-17 16:03:20.840 E/SurfaceFlinger(  285): onDraw: bindTextureImage test
05-17 16:03:20.858 E/SurfaceFlinger(  285): onDraw: bindTextureImage test
05-17 16:03:20.874 E/SurfaceFlinger(  285): onDraw: bindTextureImage test
05-17 16:03:20.891 E/SurfaceFlinger(  285): onDraw: bindTextureImage test
05-17 16:03:20.907 E/SurfaceFlinger(  285): onDraw: bindTextureImage test
05-17 16:03:20.984 E/WifiTrafficPoller(  851): TRAFFIC_STATS_POLL true Token 2406 num clients 17
05-17 16:03:20.985 E/WifiTrafficPoller(  851):  packet count Tx=1617754 Rx=5386258
05-17 16:03:20.985 E/WifiTrafficPoller(  851): notifying of data activity 3
05-17 16:03:21.988 E/WifiTrafficPoller(  851): TRAFFIC_STATS_POLL true Token 2406 num clients 17
05-17 16:03:21.989 E/WifiTrafficPoller(  851):  packet count Tx=1617755 Rx=5386282
05-17 16:03:22.989 E/WifiTrafficPoller(  851): TRAFFIC_STATS_POLL true Token 2406 num clients 17
05-17 16:03:22.990 E/WifiTrafficPoller(  851):  packet count Tx=1617756 Rx=5386296
05-17 16:03:23.801 E/WifiStateMachine(  851):  ConnectedState (when=-4ms what=131155 arg1=548!CMD_RSSI_POLL 548 0 "BOCO-office" 94:b4:0f:68:a4:b1 rssi=-56 f=5785 sc=80 link=150 tx=4.9, 0.0, 0.0  rx=75.1 bcn=0 [on:0 tx:0 rx:0 period:2998] from screen [on:0 period:546762872] gl rssi=-56 ag=0 hr ticks 0,0,28 ls-=0 [56,56,56,56,61] brc=0 lrc=0
05-17 16:03:23.803 E/WifiStateMachine(  851):  L2ConnectedState (when=-6ms what=131155 arg1=548!CMD_RSSI_POLL 548 0 "BOCO-office" 94:b4:0f:68:a4:b1 rssi=-56 f=5785 sc=80 link=150 tx=4.9, 0.0, 0.0  rx=75.1 bcn=0 [on:0 tx:0 rx:0 period:3] from screen [on:0 period:546762875] gl rssi=-56 ag=0 hr ticks 0,0,28 ls-=0 [56,56,56,56,61] brc=0 lrc=0
05-17 16:03:23.803 E/WifiStateMachine(  851):  get link layer stats 0
05-17 16:03:23.826 E/WifiStateMachine(  851): calculateWifiScore() we set wifi's score to 1000, so will always set wifi as a default network.
05-17 16:03:23.990 E/WifiTrafficPoller(  851): TRAFFIC_STATS_POLL true Token 2406 num clients 17
05-17 16:03:23.991 E/WifiTrafficPoller(  851):  packet count Tx=1617756 Rx=5386315
05-17 16:03:23.991 E/WifiTrafficPoller(  851): notifying of data activity 1
05-17 16:03:24.994 E/WifiTrafficPoller(  851): TRAFFIC_STATS_POLL true Token 2406 num clients 17
05-17 16:03:24.995 E/WifiTrafficPoller(  851):  packet count Tx=1617757 Rx=5386332
05-17 16:03:24.995 E/WifiTrafficPoller(  851): notifying of data activity 3
05-17 16:03:26.008 E/WifiTrafficPoller(  851): TRAFFIC_STATS_POLL true Token 2406 num clients 17
05-17 16:03:26.009 E/WifiTrafficPoller(  851):  packet count Tx=1617757 Rx=5386358
05-17 16:03:26.009 E/WifiTrafficPoller(  851): notifying of data activity 1
05-17 16:03:26.831 E/WifiStateMachine(  851):  ConnectedState (when=-4ms what=131155 arg1=548!CMD_RSSI_POLL 548 0 "BOCO-office" 94:b4:0f:68:a4:b1 rssi=-55 f=5785 sc=80 link=150 tx=3.4, 0.0, 0.0  rx=64.6 bcn=0 [on:0 tx:0 rx:0 period:3001] from screen [on:0 period:546765902] gl rssi=-55 ag=0 hr ticks 0,0,28 ls-=0 [56,56,56,56,61] brc=0 lrc=0
05-17 16:03:26.834 E/WifiStateMachine(  851):  L2ConnectedState (when=-6ms what=131155 arg1=548!CMD_RSSI_POLL 548 0 "BOCO-office" 94:b4:0f:68:a4:b1 rssi=-55 f=5785 sc=80 link=150 tx=3.4, 0.0, 0.0  rx=64.6 bcn=0 [on:0 tx:0 rx:0 period:4] from screen [on:0 period:546765906] gl rssi=-55 ag=0 hr ticks 0,0,28 ls-=0 [56,56,56,56,61] brc=0 lrc=0
05-17 16:03:26.834 E/WifiStateMachine(  851):  get link layer stats 0
05-17 16:03:26.860 E/WifiStateMachine(  851): calculateWifiScore() we set wifi's score to 1000, so will always set wifi as a default network.
05-17 16:03:27.025 E/WifiTrafficPoller(  851): TRAFFIC_STATS_POLL true Token 2406 num clients 17
05-17 16:03:27.026 E/WifiTrafficPoller(  851):  packet count Tx=1617757 Rx=5386393
05-17 16:03:28.026 E/WifiTrafficPoller(  851): TRAFFIC_STATS_POLL true Token 2406 num clients 17
05-17 16:03:28.027 E/WifiTrafficPoller(  851):  packet count Tx=1617757 Rx=5386410
05-17 16:03:28.374 E/memtrack(15177): Couldn't load memtrack module (No such file or directory)
05-17 16:03:28.374 E/android.os.Debug(15177): failed to load memtrack module: -2
05-17 16:03:29.027 E/WifiTrafficPoller(  851): TRAFFIC_STATS_POLL true Token 2406 num clients 17
05-17 16:03:29.028 E/WifiTrafficPoller(  851):  packet count Tx=1617758 Rx=5386449
05-17 16:03:29.028 E/WifiTrafficPoller(  851): notifying of data activity 3
05-17 16:03:29.818 E/memtrack(15196): Couldn't load memtrack module (No such file or directory)
05-17 16:03:29.818 E/android.os.Debug(15196): failed to load memtrack module: -2
05-17 16:03:29.866 E/WifiStateMachine(  851):  ConnectedState (when=-4ms what=131155 arg1=548!CMD_RSSI_POLL 548 0 "BOCO-office" 94:b4:0f:68:a4:b1 rssi=-51 f=5785 sc=80 link=150 tx=2.2, 0.0, 0.0  rx=72.3 bcn=0 [on:0 tx:0 rx:0 period:2997] from screen [on:0 period:546768938] gl rssi=-51 ag=0 hr ticks 0,0,28 ls-=0 [56,56,56,56,61] brc=0 lrc=0
05-17 16:03:29.867 E/WifiStateMachine(  851):  L2ConnectedState (when=-5ms what=131155 arg1=548!CMD_RSSI_POLL 548 0 "BOCO-office" 94:b4:0f:68:a4:b1 rssi=-51 f=5785 sc=80 link=150 tx=2.2, 0.0, 0.0  rx=72.3 bcn=0 [on:0 tx:0 rx:0 period:1] from screen [on:0 period:546768939] gl rssi=-51 ag=0 hr ticks 0,0,28 ls-=0 [56,56,56,56,61] brc=0 lrc=0
05-17 16:03:29.867 E/WifiStateMachine(  851):  get link layer stats 0
05-17 16:03:29.871 E/WifiStateMachine(  851): calculateWifiScore() we set wifi's score to 1000, so will always set wifi as a default network.
05-17 16:03:30.050 E/WifiTrafficPoller(  851): TRAFFIC_STATS_POLL true Token 2406 num clients 17
05-17 16:03:30.051 E/WifiTrafficPoller(  851):  packet count Tx=1617760 Rx=5386473
05-17 16:03:31.052 E/WifiTrafficPoller(  851): TRAFFIC_STATS_POLL true Token 2406 num clients 17
05-17 16:03:31.052 E/WifiTrafficPoller(  851):  packet count Tx=1617760 Rx=5386490
05-17 16:03:31.052 E/WifiTrafficPoller(  851): notifying of data activity 1
05-17 16:03:31.578 E/memtrack(15214): Couldn't load memtrack module (No such file or directory)
05-17 16:03:31.578 E/android.os.Debug(15214): failed to load memtrack module: -2
05-17 16:03:32.053 E/WifiTrafficPoller(  851): TRAFFIC_STATS_POLL true Token 2406 num clients 17
05-17 16:03:32.054 E/WifiTrafficPoller(  851):  packet count Tx=1617760 Rx=5386510
05-17 16:03:32.357 E/memtrack(15233): Couldn't load memtrack module (No such file or directory)
05-17 16:03:32.357 E/android.os.Debug(15233): failed to load memtrack module: -2
05-17 16:03:32.877 E/WifiStateMachine(  851):  ConnectedState (when=-4ms what=131155 arg1=548!CMD_RSSI_POLL 548 0 "BOCO-office" 94:b4:0f:68:a4:b1 rssi=-54 f=5785 sc=80 link=150 tx=2.6, 0.0, 0.0  rx=78.1 bcn=0 [on:0 tx:0 rx:0 period:3001] from screen [on:0 period:546771949] gl rssi=-54 ag=0 hr ticks 0,0,28 ls-=0 [56,56,56,56,61] brc=0 lrc=0
05-17 16:03:32.879 E/WifiStateMachine(  851):  L2ConnectedState (when=-7ms what=131155 arg1=548!CMD_RSSI_POLL 548 0 "BOCO-office" 94:b4:0f:68:a4:b1 rssi=-54 f=5785 sc=80 link=150 tx=2.6, 0.0, 0.0  rx=78.1 bcn=0 [on:0 tx:0 rx:0 period:2] from screen [on:0 period:546771951] gl rssi=-54 ag=0 hr ticks 0,0,28 ls-=0 [56,56,56,56,61] brc=0 lrc=0
05-17 16:03:32.879 E/WifiStateMachine(  851):  get link layer stats 0
05-17 16:03:32.906 E/WifiStateMachine(  851): calculateWifiScore() we set wifi's score to 1000, so will always set wifi as a default network.
05-17 16:03:33.054 E/WifiTrafficPoller(  851): TRAFFIC_STATS_POLL true Token 2406 num clients 17
05-17 16:03:33.054 E/WifiTrafficPoller(  851):  packet count Tx=1617760 Rx=5386529
05-17 16:03:33.365 E/memtrack(15249): Couldn't load memtrack module (No such file or directory)
05-17 16:03:33.365 E/android.os.Debug(15249): failed to load memtrack module: -2
05-17 16:03:33.817 E/GpsXtraDownloader(  851): No XTRA servers were specified in the GPS configuration
05-17 16:03:34.056 E/WifiTrafficPoller(  851): TRAFFIC_STATS_POLL true Token 2406 num clients 17
05-17 16:03:34.056 E/WifiTrafficPoller(  851):  packet count Tx=1617760 Rx=5386545
05-17 16:03:34.337 E/memtrack(15266): Couldn't load memtrack module (No such file or directory)
05-17 16:03:34.337 E/android.os.Debug(15266): failed to load memtrack module: -2
05-17 16:03:35.057 E/WifiTrafficPoller(  851): TRAFFIC_STATS_POLL true Token 2406 num clients 17
05-17 16:03:35.058 E/WifiTrafficPoller(  851):  packet count Tx=1617761 Rx=5386561
05-17 16:03:35.058 E/WifiTrafficPoller(  851): notifying of data activity 3
05-17 16:03:35.282 E/memtrack(15282): Couldn't load memtrack module (No such file or directory)
05-17 16:03:35.282 E/android.os.Debug(15282): failed to load memtrack module: -2
05-17 16:03:35.909 E/WifiStateMachine(  851):  ConnectedState (when=-3ms what=131155 arg1=548!CMD_RSSI_POLL 548 0 "BOCO-office" 94:b4:0f:68:a4:b1 rssi=-52 f=5785 sc=80 link=150 tx=1.3, 0.0, 0.0  rx=66.1 bcn=0 [on:0 tx:0 rx:0 period:3001] from screen [on:0 period:546774981] gl rssi=-52 ag=0 hr ticks 0,0,28 ls-=0 [56,56,56,56,61] brc=0 lrc=0
05-17 16:03:35.910 E/WifiStateMachine(  851):  L2ConnectedState (when=-4ms what=131155 arg1=548!CMD_RSSI_POLL 548 0 "BOCO-office" 94:b4:0f:68:a4:b1 rssi=-52 f=5785 sc=80 link=150 tx=1.3, 0.0, 0.0  rx=66.1 bcn=0 [on:0 tx:0 rx:0 period:1] from screen [on:0 period:546774982] gl rssi=-52 ag=0 hr ticks 0,0,28 ls-=0 [56,56,56,56,61] brc=0 lrc=0
05-17 16:03:35.910 E/WifiStateMachine(  851):  get link layer stats 0
05-17 16:03:35.913 E/WifiStateMachine(  851): calculateWifiScore() we set wifi's score to 1000, so will always set wifi as a default network.
05-17 16:03:36.059 E/WifiTrafficPoller(  851): TRAFFIC_STATS_POLL true Token 2406 num clients 17
05-17 16:03:36.059 E/WifiTrafficPoller(  851):  packet count Tx=1617764 Rx=5386581
05-17 16:03:36.657 E/memtrack(15302): Couldn't load memtrack module (No such file or directory)
05-17 16:03:36.657 E/android.os.Debug(15302): failed to load memtrack module: -2
05-17 16:03:37.060 E/WifiTrafficPoller(  851): TRAFFIC_STATS_POLL true Token 2406 num clients 17
05-17 16:03:37.061 E/WifiTrafficPoller(  851):  packet count Tx=1617764 Rx=5386603
05-17 16:03:37.061 E/WifiTrafficPoller(  851): notifying of data activity 1
05-17 16:03:37.464 E/memtrack(15321): Couldn't load memtrack module (No such file or directory)
05-17 16:03:37.465 E/android.os.Debug(15321): failed to load memtrack module: -2
05-17 16:03:38.062 E/WifiTrafficPoller(  851): TRAFFIC_STATS_POLL true Token 2406 num clients 17
05-17 16:03:38.062 E/WifiTrafficPoller(  851):  packet count Tx=1617764 Rx=5386625
05-17 16:03:38.919 E/WifiStateMachine(  851):  ConnectedState (when=-4ms what=131155 arg1=548!CMD_RSSI_POLL 548 0 "BOCO-office" 94:b4:0f:68:a4:b1 rssi=-54 f=5785 sc=80 link=150 tx=2.7, 0.0, 0.0  rx=60.0 bcn=0 [on:0 tx:0 rx:0 period:3004] from screen [on:0 period:546777991] gl rssi=-54 ag=0 hr ticks 0,0,28 ls-=0 [56,56,56,56,61] brc=0 lrc=0
05-17 16:03:38.922 E/WifiStateMachine(  851):  L2ConnectedState (when=-6ms what=131155 arg1=548!CMD_RSSI_POLL 548 0 "BOCO-office" 94:b4:0f:68:a4:b1 rssi=-54 f=5785 sc=80 link=150 tx=2.7, 0.0, 0.0  rx=60.0 bcn=0 [on:0 tx:0 rx:0 period:3] from screen [on:0 period:546777994] gl rssi=-54 ag=0 hr ticks 0,0,28 ls-=0 [56,56,56,56,61] brc=0 lrc=0
05-17 16:03:38.923 E/WifiStateMachine(  851):  get link layer stats 0
05-17 16:03:38.946 E/WifiStateMachine(  851): calculateWifiScore() we set wifi's score to 1000, so will always set wifi as a default network.
05-17 16:03:39.062 E/WifiTrafficPoller(  851): TRAFFIC_STATS_POLL true Token 2406 num clients 17
05-17 16:03:39.064 E/WifiTrafficPoller(  851):  packet count Tx=1617764 Rx=5386645
05-17 16:03:40.065 E/WifiTrafficPoller(  851): TRAFFIC_STATS_POLL true Token 2406 num clients 17
05-17 16:03:40.066 E/WifiTrafficPoller(  851):  packet count Tx=1617764 Rx=5386670
05-17 16:03:41.067 E/WifiTrafficPoller(  851): TRAFFIC_STATS_POLL true Token 2406 num clients 17
05-17 16:03:41.068 E/WifiTrafficPoller(  851):  packet count Tx=1617764 Rx=5386686
05-17 16:03:41.952 E/WifiStateMachine(  851):  ConnectedState (when=-4ms what=131155 arg1=548!CMD_RSSI_POLL 548 0 "BOCO-office" 94:b4:0f:68:a4:b1 rssi=-53 f=5785 sc=80 link=150 tx=1.3, 0.0, 0.0  rx=61.0 bcn=0 [on:0 tx:0 rx:0 period:3000] from screen [on:0 period:546781024] gl rssi=-53 ag=0 hr ticks 0,0,28 ls-=0 [56,56,56,56,61] brc=0 lrc=0
05-17 16:03:41.959 E/WifiStateMachine(  851):  L2ConnectedState (when=-12ms what=131155 arg1=548!CMD_RSSI_POLL 548 0 "BOCO-office" 94:b4:0f:68:a4:b1 rssi=-53 f=5785 sc=80 link=150 tx=1.3, 0.0, 0.0  rx=61.0 bcn=0 [on:0 tx:0 rx:0 period:7] from screen [on:0 period:546781031] gl rssi=-53 ag=0 hr ticks 0,0,28 ls-=0 [56,56,56,56,61] brc=0 lrc=0
05-17 16:03:41.965 E/WifiStateMachine(  851):  get link layer stats 0
05-17 16:03:41.986 E/WifiStateMachine(  851): calculateWifiScore() we set wifi's score to 1000, so will always set wifi as a default network.
05-17 16:03:42.069 E/WifiTrafficPoller(  851): TRAFFIC_STATS_POLL true Token 2406 num clients 17
05-17 16:03:42.069 E/WifiTrafficPoller(  851):  packet count Tx=1617764 Rx=5386708
05-17 16:03:42.689 E/memtrack(15342): Couldn't load memtrack module (No such file or directory)
05-17 16:03:42.689 E/android.os.Debug(15342): failed to load memtrack module: -2
05-17 16:03:43.070 E/WifiTrafficPoller(  851): TRAFFIC_STATS_POLL true Token 2406 num clients 17
05-17 16:03:43.071 E/WifiTrafficPoller(  851):  packet count Tx=1617764 Rx=5386728
05-17 16:03:43.386 E/memtrack(15359): Couldn't load memtrack module (No such file or directory)
05-17 16:03:43.386 E/android.os.Debug(15359): failed to load memtrack module: -2
05-17 16:03:43.797 E/SurfaceFlinger(  285): onDraw: bindTextureImage test
05-17 16:03:43.813 E/Accel   (  851): ACC batch: handle:0, en:0,samplingPeriodNs:66667000 maxBatchReportLatencyNs:0 
05-17 16:03:43.823 E/Sensors (  851): sensor 9 use old arch
05-17 16:03:43.843 E/WifiStateMachine(  851):  ConnectedState (when=-1ms what=131143 arg1=10111 arg2=2888) !CMD_START_SCAN 10111 2888 ic=0 proc(ms):0 dur:1683 cnt=1393 rssi=-53 f=5785 sc=80 link=150 tx=0.7, 0.0, 0.0  rx=62.0 fiv=20000 [on:0 tx:0 rx:0 period:1844] from screen [on:0 period:546782915]
05-17 16:03:43.844 E/WifiStateMachine(  851):  L2ConnectedState (when=-2ms what=131143 arg1=10111 arg2=2888) !CMD_START_SCAN 10111 2888 ic=0 proc(ms):1 dur:1683 cnt=1393 rssi=-53 f=5785 sc=80 link=150 tx=0.7, 0.0, 0.0  rx=62.0 fiv=20000 [on:0 tx:0 rx:0 period:1] from screen [on:0 period:546782916]
05-17 16:03:43.844 E/WifiStateMachine(  851): WifiStateMachine CMD_START_SCAN source 10111 txSuccessRate=0.66 rxSuccessRate=62.01 targetRoamBSSID=any RSSI=-53
05-17 16:03:43.844 E/WifiStateMachine(  851): stopReconnectWifi Wfd=false StopScan=false mDontReconnectAndScan=false
05-17 16:03:43.846 E/WifiMonitor(  851): handleEvent unknown: 15  CTRL-EVENT-SCAN-STARTED 
05-17 16:03:43.852 E/WifiStateMachine(  851): [1,495,008,223,852 ms] noteScanstart no scan source uid 10111
05-17 16:03:43.875 E/UndealCount.QZoneUnreadServletLogic(32009): creditlevel:2 message:
05-17 16:03:43.879 E/CellLocation(32009): create GsmCellLocation
05-17 16:03:43.896 E/SurfaceFlinger(  285): onDraw: bindTextureImage test
05-17 16:03:43.932 E/mnl_linux(  339): mnl_utl_load_property: Config is not set yet, ignore
05-17 16:03:43.932 E/MNLD    (  339): launch_daemon_thread: Before main policy = 0, priority = 0
05-17 16:03:43.932 E/MNLD    (  339): launch_daemon_thread: pthread_setschedparam FAIL 
05-17 16:03:43.980 E/CellLocation(32009): create GsmCellLocation
05-17 16:03:43.983 E/CellLocation(32009): create GsmCellLocation
05-17 16:03:44.053 E/AKMD2   (  342): SaveParameters:330 chmod Error (Permission denied).
05-17 16:03:44.053 E/AKMD2   (  342): SaveParameters:335 Error.
05-17 16:03:44.071 E/WifiTrafficPoller(  851): TRAFFIC_STATS_POLL true Token 2406 num clients 17
05-17 16:03:44.071 E/WifiTrafficPoller(  851):  packet count Tx=1617775 Rx=5386760
05-17 16:03:44.071 E/WifiTrafficPoller(  851): notifying of data activity 3
05-17 16:03:44.511 E/memtrack(15398): Couldn't load memtrack module (No such file or directory)
05-17 16:03:44.511 E/android.os.Debug(15398): failed to load memtrack module: -2
05-17 16:03:44.973 E/MNLD    (  339): main: process data error: 2 (No such file or directory)
05-17 16:03:44.982 E/agps    (  336): [agps] ERR: [AGPS] mnl_set_set_id  init_state=0 is not in QUERY_SET_ID
05-17 16:03:44.988 E/WifiStateMachine(  851):  ConnectedState (when=-1ms what=131155 arg1=548!CMD_RSSI_POLL 548 0 "BOCO-office" 94:b4:0f:68:a4:b1 rssi=-53 f=5785 sc=80 link=150 tx=3.8, 0.0, 0.0  rx=58.5 bcn=0 [on:0 tx:0 rx:0 period:1135] from screen [on:0 period:546784060] gl rssi=-53 ag=0 hr ticks 0,0,28 ls-=0 [56,56,56,56,61] brc=0 lrc=0
05-17 16:03:44.989 E/WifiStateMachine(  851):  L2ConnectedState (when=-2ms what=131155 arg1=548!CMD_RSSI_POLL 548 0 "BOCO-office" 94:b4:0f:68:a4:b1 rssi=-53 f=5785 sc=80 link=150 tx=3.8, 0.0, 0.0  rx=58.5 bcn=0 [on:0 tx:0 rx:0 period:1] from screen [on:0 period:546784061] gl rssi=-53 ag=0 hr ticks 0,0,28 ls-=0 [56,56,56,56,61] brc=0 lrc=0
05-17 16:03:44.989 E/WifiStateMachine(  851):  get link layer stats 0
05-17 16:03:44.992 E/WifiStateMachine(  851): calculateWifiScore() we set wifi's score to 1000, so will always set wifi as a default network.
05-17 16:03:45.012 E/WifiStateMachine(  851):  ConnectedState (when=0 what=131143 arg1=10066 arg2=2889) !CMD_START_SCAN 10066 2889 ic=0 proc(ms):1 onGoing full started:1495008223852,1160 cnt=1393 rssi=-54 f=5785 sc=80 link=150 tx=7.9, 0.0, 0.0  rx=37.3 fiv=20000 [on:0 tx:0 rx:0 period:18] from screen [on:0 period:546784084]
05-17 16:03:45.013 E/WifiStateMachine(  851):  L2ConnectedState (when=-1ms what=131143 arg1=10066 arg2=2889) !CMD_START_SCAN 10066 2889 ic=0 proc(ms):1 onGoing full started:1495008223852,1160 cnt=1393 rssi=-54 f=5785 sc=80 link=150 tx=7.9, 0.0, 0.0  rx=37.3 fiv=20000 [on:0 tx:0 rx:0 period:1] from screen [on:0 period:546784085]
05-17 16:03:45.013 E/WifiStateMachine(  851): WifiStateMachine CMD_START_SCAN source 10066 txSuccessRate=7.92 rxSuccessRate=37.25 targetRoamBSSID=any RSSI=-54
05-17 16:03:45.013 E/WifiStateMachine(  851): stopReconnectWifi Wfd=false StopScan=false mDontReconnectAndScan=false
05-17 16:03:45.016 E/CellLocation( 1670): create GsmCellLocation
05-17 16:03:45.035 E/WifiStateMachine(  851):  ConnectedState (when=-1ms what=131143 arg1=10066 arg2=2890) !CMD_START_SCAN 10066 2890 ic=0 proc(ms):0 onGoing full started:1495008223852,1182 cnt=1393 rssi=-54 f=5785 sc=80 link=150 tx=7.9, 0.0, 0.0  rx=37.3 fiv=20000 [on:0 tx:0 rx:0 period:21] from screen [on:0 period:546784107]
05-17 16:03:45.035 E/WifiStateMachine(  851):  L2ConnectedState (when=-2ms what=131143 arg1=10066 arg2=2890) !CMD_START_SCAN 10066 2890 ic=0 proc(ms):1 onGoing full started:1495008223852,1183 cnt=1393 rssi=-54 f=5785 sc=80 link=150 tx=7.9, 0.0, 0.0  rx=37.3 fiv=20000 [on:0 tx:0 rx:0 period:0] from screen [on:0 period:546784107]
05-17 16:03:45.036 E/WifiStateMachine(  851): WifiStateMachine CMD_START_SCAN source 10066 txSuccessRate=7.92 rxSuccessRate=37.25 targetRoamBSSID=any RSSI=-54
05-17 16:03:45.073 E/WifiTrafficPoller(  851): TRAFFIC_STATS_POLL true Token 2406 num clients 17
05-17 16:03:45.073 E/WifiTrafficPoller(  851):  packet count Tx=1617783 Rx=5386776
05-17 16:03:45.249 E/agps    (  336): [agps] ERR: [AGPS] AGPS2_TIMEOUT_SET_ID  init_state=0 is not in QUERY_SET_ID
05-17 16:03:45.367 E/memtrack(15462): Couldn't load memtrack module (No such file or directory)
05-17 16:03:45.367 E/android.os.Debug(15462): failed to load memtrack module: -2
05-17 16:03:45.495 E/WifiStateMachine(  851):  ConnectedState (when=0 what=147461!SCAN_RESULTS_EVENT 0 0 found=76 known=0 got=76 bcn=0 con=0
05-17 16:03:45.496 E/WifiStateMachine(  851):  L2ConnectedState (when=0 what=147461!SCAN_RESULTS_EVENT 0 0 found=76 known=0 got=76 bcn=0 con=0
05-17 16:03:45.496 E/WifiStateMachine(  851):  ConnectModeState (when=0 what=147461!SCAN_RESULTS_EVENT 0 0 found=76 known=0 got=76 bcn=0 con=0
05-17 16:03:45.496 E/WifiStateMachine(  851):  DriverStartedState (when=-1ms what=147461!SCAN_RESULTS_EVENT 0 0 found=76 known=0 got=76 bcn=0 con=0
05-17 16:03:45.497 E/WifiStateMachine(  851):  SupplicantStartedState (when=-1ms what=147461!SCAN_RESULTS_EVENT 0 0 found=76 known=0 got=76 bcn=0 con=0
05-17 16:03:45.497 E/WifiStateMachine(  851): [1,495,008,225,497 ms] noteScanEnd WorkSource{10111} onTime=0
05-17 16:03:45.509 E/WifiStateMachine(  851): wifi setScanResults statecom.android.server.wifi.WifiStateMachine$ConnectedState@a5e02f3 sup_state=COMPLETED debouncing=false mConnectionRequests=0 selection=<none>
05-17 16:03:46.061 E/memtrack(15482): Couldn't load memtrack module (No such file or directory)
05-17 16:03:46.061 E/android.os.Debug(15482): failed to load memtrack module: -2
05-17 16:03:46.074 E/WifiTrafficPoller(  851): TRAFFIC_STATS_POLL true Token 2406 num clients 17
05-17 16:03:46.074 E/WifiTrafficPoller(  851):  packet count Tx=1617785 Rx=5386787
05-17 16:03:46.251 E/WifiStateMachine(  851):  ConnectedState (when=0 what=131143 arg1=10066 arg2=2891) !CMD_START_SCAN 10066 2891 ic=0 proc(ms):0 dur:1645 cnt=1393 rssi=-54 f=5785 sc=80 link=150 tx=4.0, 0.0, 0.0  rx=18.6 fiv=20000 [on:0 tx:0 rx:0 period:1215] from screen [on:0 period:546785323]
05-17 16:03:46.252 E/WifiStateMachine(  851):  L2ConnectedState (when=-1ms what=131143 arg1=10066 arg2=2891) !CMD_START_SCAN 10066 2891 ic=0 proc(ms):1 dur:1645 cnt=1393 rssi=-54 f=5785 sc=80 link=150 tx=4.0, 0.0, 0.0  rx=18.6 fiv=20000 [on:0 tx:0 rx:0 period:1] from screen [on:0 period:546785324]
05-17 16:03:46.252 E/WifiStateMachine(  851): WifiStateMachine CMD_START_SCAN source 10066 txSuccessRate=3.96 rxSuccessRate=18.63 targetRoamBSSID=any RSSI=-54
05-17 16:03:47.075 E/WifiTrafficPoller(  851): TRAFFIC_STATS_POLL true Token 2406 num clients 17
05-17 16:03:47.075 E/WifiTrafficPoller(  851):  packet count Tx=1617785 Rx=5386820
05-17 16:03:47.075 E/WifiTrafficPoller(  851): notifying of data activity 1
05-17 16:03:47.149 E/memtrack(15502): Couldn't load memtrack module (No such file or directory)
05-17 16:03:47.149 E/android.os.Debug(15502): failed to load memtrack module: -2
05-17 16:03:47.899 E/memtrack(15518): Couldn't load memtrack module (No such file or directory)
05-17 16:03:47.899 E/android.os.Debug(15518): failed to load memtrack module: -2
05-17 16:03:47.995 E/WifiStateMachine(  851):  ConnectedState (when=-2ms what=131155 arg1=548!CMD_RSSI_POLL 548 0 "BOCO-office" 94:b4:0f:68:a4:b1 rssi=-54 f=5785 sc=80 link=150 tx=4.0, 0.0, 0.0  rx=18.6 bcn=0 [on:0 tx:0 rx:0 period:1743] from screen [on:0 period:546787067] gl rssi=-54 ag=0 hr ticks 0,0,28 ls-=0 [56,56,60,60,65] brc=0 lrc=0
05-17 16:03:47.996 E/WifiStateMachine(  851):  L2ConnectedState (when=-3ms what=131155 arg1=548!CMD_RSSI_POLL 548 0 "BOCO-office" 94:b4:0f:68:a4:b1 rssi=-54 f=5785 sc=80 link=150 tx=4.0, 0.0, 0.0  rx=18.6 bcn=0 [on:0 tx:0 rx:0 period:1] from screen [on:0 period:546787068] gl rssi=-54 ag=0 hr ticks 0,0,28 ls-=0 [56,56,60,60,65] brc=0 lrc=0
05-17 16:03:47.996 E/WifiStateMachine(  851):  get link layer stats 0
05-17 16:03:48.000 E/WifiStateMachine(  851): calculateWifiScore() we set wifi's score to 1000, so will always set wifi as a default network.
05-17 16:03:48.076 E/WifiTrafficPoller(  851): TRAFFIC_STATS_POLL true Token 2406 num clients 17
05-17 16:03:48.077 E/WifiTrafficPoller(  851):  packet count Tx=1617785 Rx=5386845
05-17 16:03:49.078 E/WifiTrafficPoller(  851): TRAFFIC_STATS_POLL true Token 2406 num clients 17
05-17 16:03:49.078 E/WifiTrafficPoller(  851):  packet count Tx=1617786 Rx=5386883
05-17 16:03:49.078 E/WifiTrafficPoller(  851): notifying of data activity 3
05-17 16:03:50.079 E/WifiTrafficPoller(  851): TRAFFIC_STATS_POLL true Token 2406 num clients 17
05-17 16:03:50.080 E/WifiTrafficPoller(  851):  packet count Tx=1617786 Rx=5386904
05-17 16:03:50.080 E/WifiTrafficPoller(  851): notifying of data activity 1
05-17 16:03:51.003 E/WifiStateMachine(  851):  ConnectedState (when=-2ms what=131155 arg1=548!CMD_RSSI_POLL 548 0 "BOCO-office" 94:b4:0f:68:a4:b1 rssi=-53 f=5785 sc=80 link=150 tx=3.0, 0.0, 0.0  rx=43.8 bcn=0 [on:0 tx:0 rx:0 period:2999] from screen [on:0 period:546790075] gl rssi=-53 ag=0 hr ticks 0,0,28 ls-=0 [56,56,56,56,61] brc=0 lrc=0
05-17 16:03:51.003 E/WifiStateMachine(  851):  L2ConnectedState (when=-3ms what=131155 arg1=548!CMD_RSSI_POLL 548 0 "BOCO-office" 94:b4:0f:68:a4:b1 rssi=-53 f=5785 sc=80 link=150 tx=3.0, 0.0, 0.0  rx=43.8 bcn=0 [on:0 tx:0 rx:0 period:0] from screen [on:0 period:546790075] gl rssi=-53 ag=0 hr ticks 0,0,28 ls-=0 [56,56,56,56,61] brc=0 lrc=0
05-17 16:03:51.004 E/WifiStateMachine(  851):  get link layer stats 0
05-17 16:03:51.023 E/WifiStateMachine(  851): calculateWifiScore() we set wifi's score to 1000, so will always set wifi as a default network.
05-17 16:03:51.082 E/WifiTrafficPoller(  851): TRAFFIC_STATS_POLL true Token 2406 num clients 17
05-17 16:03:51.082 E/WifiTrafficPoller(  851):  packet count Tx=1617786 Rx=5386920
05-17 16:03:51.363 E/memtrack(15569): Couldn't load memtrack module (No such file or directory)
05-17 16:03:51.363 E/android.os.Debug(15569): failed to load memtrack module: -2
05-17 16:03:51.854 E/VMSG    (15589): RegisterNatives OnUserCommand1
05-17 16:03:51.950 E/WifiTrafficPoller(  851): ADD_CLIENT: 18
05-17 16:03:52.066 E/NativeCrypto(15589): ssl=0x7faa202e00 cert_verify_callback x509_store_ctx=0x7f9e5f6e88 arg=0x0
05-17 16:03:52.067 E/NativeCrypto(15589): ssl=0x7faa202e00 cert_verify_callback calling verifyCertificateChain authMethod=ECDHE_RSA
05-17 16:03:52.083 E/WifiTrafficPoller(  851): TRAFFIC_STATS_POLL true Token 2406 num clients 18
05-17 16:03:52.084 E/WifiTrafficPoller(  851):  packet count Tx=1617804 Rx=5386953
05-17 16:03:52.084 E/WifiTrafficPoller(  851): notifying of data activity 3
05-17 16:03:52.203 E/[PropSet](15589): connect fail
05-17 16:03:52.203 E/[PropSet](15589): send_prop_msg return err -1
05-17 16:03:52.290 E/baidumapsdk(15589): Authentication Error errorcode: 230 uid: -1 appid -1 msg: APP Scode
05-17 16:03:52.346 E/SurfaceFlinger(  285): onDraw: bindTextureImage test
05-17 16:03:52.362 E/SurfaceFlinger(  285): onDraw: bindTextureImage test
05-17 16:03:52.379 E/SurfaceFlinger(  285): onDraw: bindTextureImage test
05-17 16:03:52.396 E/SurfaceFlinger(  285): onDraw: bindTextureImage test
05-17 16:03:52.861 E/SurfaceFlinger(  285): onDraw: bindTextureImage test
05-17 16:03:52.862 E/SurfaceFlinger(  285): onDraw: bindTextureImage test
05-17 16:03:52.862 E/SurfaceFlinger(  285): onDraw: bindTextureImage test
05-17 16:03:53.085 E/WifiTrafficPoller(  851): TRAFFIC_STATS_POLL true Token 2406 num clients 18
05-17 16:03:53.085 E/WifiTrafficPoller(  851):  packet count Tx=1617808 Rx=5386981
05-17 16:03:54.019 E/SyncManager(  851): Bind attempt failed - target: ComponentInfo{com.youku.phone/com.youku.service.authentication.SyncService}
05-17 16:03:54.026 E/WifiStateMachine(  851):  ConnectedState (when=-2ms what=131155 arg1=548!CMD_RSSI_POLL 548 0 "BOCO-office" 94:b4:0f:68:a4:b1 rssi=-54 f=5785 sc=80 link=150 tx=2.0, 0.0, 0.0  rx=58.9 bcn=0 [on:0 tx:0 rx:0 period:2997] from screen [on:0 period:546793098] gl rssi=-54 ag=0 hr ticks 0,0,28 ls-=0 [56,56,56,56,61] brc=0 lrc=0
05-17 16:03:54.028 E/WifiStateMachine(  851):  L2ConnectedState (when=-3ms what=131155 arg1=548!CMD_RSSI_POLL 548 0 "BOCO-office" 94:b4:0f:68:a4:b1 rssi=-54 f=5785 sc=80 link=150 tx=2.0, 0.0, 0.0  rx=58.9 bcn=0 [on:0 tx:0 rx:0 period:2] from screen [on:0 period:546793100] gl rssi=-54 ag=0 hr ticks 0,0,28 ls-=0 [56,56,56,56,61] brc=0 lrc=0
05-17 16:03:54.028 E/WifiStateMachine(  851):  get link layer stats 0
05-17 16:03:54.039 E/SyncManager(  851): Bind attempt failed - target: ComponentInfo{com.baidu.yuedu/com.baidu.yuedu.pushalive.SyncAdapterService}
05-17 16:03:54.046 E/WifiStateMachine(  851): calculateWifiScore() we set wifi's score to 1000, so will always set wifi as a default network.
05-17 16:03:54.086 E/WifiTrafficPoller(  851): TRAFFIC_STATS_POLL true Token 2406 num clients 18
05-17 16:03:54.086 E/WifiTrafficPoller(  851):  packet count Tx=1617808 Rx=5387005
05-17 16:03:54.086 E/WifiTrafficPoller(  851): notifying of data activity 1
05-17 16:03:54.195 E/SQLiteLog( 2161): (284) automatic index on sqlite_sq_7F930B5480(STAT_DATA_ID)
05-17 16:03:54.198 E/SQLiteLog( 2161): (284) automatic index on sqlite_sq_7F930B4B00(STAT_DATA_ID)
05-17 16:03:54.206 E/SQLiteLog( 2161): (284) automatic index on sqlite_sq_7F92C38200(STAT_DATA_ID)
05-17 16:03:54.209 E/SQLiteLog( 2161): (284) automatic index on sqlite_sq_7F92C38400(STAT_DATA_ID)
05-17 16:03:55.087 E/WifiTrafficPoller(  851): TRAFFIC_STATS_POLL true Token 2406 num clients 18
05-17 16:03:55.088 E/WifiTrafficPoller(  851):  packet count Tx=1617808 Rx=5387021
05-17 16:03:55.353 E/TouchFilter(  851): setTouchFilter LOG Enable prameter: 1
05-17 16:03:56.089 E/WifiTrafficPoller(  851): TRAFFIC_STATS_POLL true Token 2406 num clients 18
05-17 16:03:56.089 E/WifiTrafficPoller(  851):  packet count Tx=1617808 Rx=5387037
05-17 16:03:57.050 E/WifiStateMachine(  851):  ConnectedState (when=-4ms what=131155 arg1=548!CMD_RSSI_POLL 548 0 "BOCO-office" 94:b4:0f:68:a4:b1 rssi=-55 f=5785 sc=80 link=150 tx=12.0, 0.0, 0.0  rx=71.0 bcn=0 [on:0 tx:0 rx:0 period:2996] from screen [on:0 period:546796122] gl rssi=-55 ag=0 hr ticks 0,0,28 ls-=0 [56,56,60,60,65] brc=0 lrc=0
05-17 16:03:57.056 E/WifiStateMachine(  851):  L2ConnectedState (when=-10ms what=131155 arg1=548!CMD_RSSI_POLL 548 0 "BOCO-office" 94:b4:0f:68:a4:b1 rssi=-55 f=5785 sc=80 link=150 tx=12.0, 0.0, 0.0  rx=71.0 bcn=0 [on:0 tx:0 rx:0 period:6] from screen [on:0 period:546796128] gl rssi=-55 ag=0 hr ticks 0,0,28 ls-=0 [56,56,60,60,65] brc=0 lrc=0
05-17 16:03:57.059 E/WifiStateMachine(  851):  get link layer stats 0
05-17 16:03:57.086 E/WifiStateMachine(  851): calculateWifiScore() we set wifi's score to 1000, so will always set wifi as a default network.
05-17 16:03:57.091 E/WifiTrafficPoller(  851): TRAFFIC_STATS_POLL true Token 2406 num clients 18
05-17 16:03:57.092 E/WifiTrafficPoller(  851):  packet count Tx=1617808 Rx=5387062
05-17 16:03:58.092 E/WifiTrafficPoller(  851): TRAFFIC_STATS_POLL true Token 2406 num clients 18
05-17 16:03:58.094 E/WifiTrafficPoller(  851):  packet count Tx=1617808 Rx=5387096
05-17 16:03:59.094 E/WifiTrafficPoller(  851): TRAFFIC_STATS_POLL true Token 2406 num clients 18
05-17 16:03:59.095 E/WifiTrafficPoller(  851):  packet count Tx=1617810 Rx=5387128
05-17 16:03:59.096 E/WifiTrafficPoller(  851): notifying of data activity 3
05-17 16:04:00.089 E/WifiStateMachine(  851):  ConnectedState (when=-3ms what=131155 arg1=548!CMD_RSSI_POLL 548 0 "BOCO-office" 94:b4:0f:68:a4:b1 rssi=-55 f=5785 sc=80 link=150 tx=6.0, 0.0, 0.0  rx=65.5 bcn=0 [on:0 tx:0 rx:0 period:2980] from screen [on:0 period:546799161] gl rssi=-55 ag=0 hr ticks 0,0,28 ls-=0 [56,56,60,60,65] brc=0 lrc=0
05-17 16:04:00.090 E/WifiStateMachine(  851):  L2ConnectedState (when=-4ms what=131155 arg1=548!CMD_RSSI_POLL 548 0 "BOCO-office" 94:b4:0f:68:a4:b1 rssi=-55 f=5785 sc=80 link=150 tx=6.0, 0.0, 0.0  rx=65.5 bcn=0 [on:0 tx:0 rx:0 period:1] from screen [on:0 period:546799162] gl rssi=-55 ag=0 hr ticks 0,0,28 ls-=0 [56,56,60,60,65] brc=0 lrc=0
05-17 16:04:00.090 E/WifiStateMachine(  851):  get link layer stats 0
05-17 16:04:00.094 E/WifiStateMachine(  851): calculateWifiScore() we set wifi's score to 1000, so will always set wifi as a default network.
05-17 16:04:00.101 E/WifiTrafficPoller(  851): TRAFFIC_STATS_POLL true Token 2406 num clients 18
05-17 16:04:00.102 E/WifiTrafficPoller(  851):  packet count Tx=1617810 Rx=5387156
05-17 16:04:00.102 E/WifiTrafficPoller(  851): notifying of data activity 1
05-17 16:04:00.131 E/memtrack(15662): Couldn't load memtrack module (No such file or directory)
05-17 16:04:00.131 E/android.os.Debug(15662): failed to load memtrack module: -2
05-17 16:04:01.103 E/WifiTrafficPoller(  851): TRAFFIC_STATS_POLL true Token 2406 num clients 18
05-17 16:04:01.104 E/WifiTrafficPoller(  851):  packet count Tx=1617810 Rx=5387173
05-17 16:04:02.104 E/WifiTrafficPoller(  851): TRAFFIC_STATS_POLL true Token 2406 num clients 18
05-17 16:04:02.105 E/WifiTrafficPoller(  851):  packet count Tx=1617810 Rx=5387207
05-17 16:04:03.099 E/WifiStateMachine(  851):  ConnectedState (when=-4ms what=131155 arg1=548!CMD_RSSI_POLL 548 0 "BOCO-office" 94:b4:0f:68:a4:b1 rssi=-57 f=5785 sc=80 link=150 tx=4.0, 0.0, 0.0  rx=79.7 bcn=0 [on:0 tx:0 rx:0 period:3003] from screen [on:0 period:546802171] gl rssi=-57 ag=0 hr ticks 0,0,28 ls-=0 [56,56,56,56,61] brc=0 lrc=0
05-17 16:04:03.100 E/WifiStateMachine(  851):  L2ConnectedState (when=-5ms what=131155 arg1=548!CMD_RSSI_POLL 548 0 "BOCO-office" 94:b4:0f:68:a4:b1 rssi=-57 f=5785 sc=80 link=150 tx=4.0, 0.0, 0.0  rx=79.7 bcn=0 [on:0 tx:0 rx:0 period:1] from screen [on:0 period:546802172] gl rssi=-57 ag=0 hr ticks 0,0,28 ls-=0 [56,56,56,56,61] brc=0 lrc=0
05-17 16:04:03.100 E/WifiStateMachine(  851):  get link layer stats 0
05-17 16:04:03.103 E/WifiStateMachine(  851): calculateWifiScore() we set wifi's score to 1000, so will always set wifi as a default network.
05-17 16:04:03.106 E/WifiTrafficPoller(  851): TRAFFIC_STATS_POLL true Token 2406 num clients 18
05-17 16:04:03.106 E/WifiTrafficPoller(  851):  packet count Tx=1617812 Rx=5387238
05-17 16:04:03.106 E/WifiTrafficPoller(  851): notifying of data activity 3
05-17 16:04:03.708 E/memtrack(15690): Couldn't load memtrack module (No such file or directory)
05-17 16:04:03.708 E/android.os.Debug(15690): failed to load memtrack module: -2
05-17 16:04:04.107 E/WifiTrafficPoller(  851): TRAFFIC_STATS_POLL true Token 2406 num clients 18
05-17 16:04:04.107 E/WifiTrafficPoller(  851):  packet count Tx=1617812 Rx=5387261
05-17 16:04:04.107 E/WifiTrafficPoller(  851): notifying of data activity 1
05-17 16:04:05.109 E/WifiTrafficPoller(  851): TRAFFIC_STATS_POLL true Token 2406 num clients 18
05-17 16:04:05.109 E/WifiTrafficPoller(  851):  packet count Tx=1617812 Rx=5387285
05-17 16:04:06.109 E/WifiStateMachine(  851):  ConnectedState (when=-4ms what=131155 arg1=548!CMD_RSSI_POLL 548 0 "BOCO-office" 94:b4:0f:68:a4:b1 rssi=-55 f=5785 sc=80 link=150 tx=3.0, 0.0, 0.0  rx=79.9 bcn=0 [on:0 tx:0 rx:0 period:2999] from screen [on:0 period:546805180] gl rssi=-55 ag=0 hr ticks 0,0,28 ls-=0 [56,56,56,56,61] brc=0 lrc=0
05-17 16:04:06.110 E/WifiTrafficPoller(  851): TRAFFIC_STATS_POLL true Token 2406 num clients 18
05-17 16:04:06.110 E/WifiStateMachine(  851):  L2ConnectedState (when=-6ms what=131155 arg1=548!CMD_RSSI_POLL 548 0 "BOCO-office" 94:b4:0f:68:a4:b1 rssi=-55 f=5785 sc=80 link=150 tx=3.0, 0.0, 0.0  rx=79.9 bcn=0 [on:0 tx:0 rx:0 period:2] from screen [on:0 period:546805182] gl rssi=-55 ag=0 hr ticks 0,0,28 ls-=0 [56,56,56,56,61] brc=0 lrc=0
05-17 16:04:06.110 E/WifiStateMachine(  851):  get link layer stats 0
05-17 16:04:06.111 E/WifiTrafficPoller(  851):  packet count Tx=1617812 Rx=5387306
05-17 16:04:06.135 E/WifiStateMachine(  851): calculateWifiScore() we set wifi's score to 1000, so will always set wifi as a default network.
05-17 16:04:07.112 E/WifiTrafficPoller(  851): TRAFFIC_STATS_POLL true Token 2406 num clients 18
05-17 16:04:07.113 E/WifiTrafficPoller(  851):  packet count Tx=1617812 Rx=5387342
05-17 16:04:07.597 E/SurfaceFlinger(  285): onDraw: bindTextureImage test
05-17 16:04:07.614 E/SurfaceFlinger(  285): onDraw: bindTextureImage test
05-17 16:04:07.630 E/SurfaceFlinger(  285): onDraw: bindTextureImage test
05-17 16:04:07.647 E/SurfaceFlinger(  285): onDraw: bindTextureImage test
05-17 16:04:07.664 E/SurfaceFlinger(  285): onDraw: bindTextureImage test
05-17 16:04:07.681 E/SurfaceFlinger(  285): onDraw: bindTextureImage test
05-17 16:04:07.698 E/SurfaceFlinger(  285): onDraw: bindTextureImage test
05-17 16:04:07.832 E/SurfaceFlinger(  285): onDraw: bindTextureImage test
05-17 16:04:07.849 E/SurfaceFlinger(  285): onDraw: bindTextureImage test
05-17 16:04:07.865 E/SurfaceFlinger(  285): onDraw: bindTextureImage test
05-17 16:04:07.882 E/SurfaceFlinger(  285): onDraw: bindTextureImage test
05-17 16:04:07.899 E/SurfaceFlinger(  285): onDraw: bindTextureImage test
05-17 16:04:07.916 E/SurfaceFlinger(  285): onDraw: bindTextureImage test
05-17 16:04:07.933 E/SurfaceFlinger(  285): onDraw: bindTextureImage test
05-17 16:04:08.113 E/WifiTrafficPoller(  851): TRAFFIC_STATS_POLL true Token 2406 num clients 18
05-17 16:04:08.113 E/WifiTrafficPoller(  851):  packet count Tx=1617821 Rx=5387378
05-17 16:04:08.113 E/WifiTrafficPoller(  851): notifying of data activity 3
05-17 16:04:08.219 E/SurfaceFlinger(  285): onDraw: bindTextureImage test
05-17 16:04:08.235 E/SurfaceFlinger(  285): onDraw: bindTextureImage test
05-17 16:04:08.252 E/SurfaceFlinger(  285): onDraw: bindTextureImage test
05-17 16:04:08.269 E/SurfaceFlinger(  285): onDraw: bindTextureImage test
05-17 16:04:08.303 E/SurfaceFlinger(  285): onDraw: bindTextureImage test
05-17 16:04:08.320 E/SurfaceFlinger(  285): onDraw: bindTextureImage test
05-17 16:04:08.336 E/SurfaceFlinger(  285): onDraw: bindTextureImage test
05-17 16:04:08.353 E/SurfaceFlinger(  285): onDraw: bindTextureImage test
05-17 16:04:08.370 E/SurfaceFlinger(  285): onDraw: bindTextureImage test
05-17 16:04:08.387 E/SurfaceFlinger(  285): onDraw: bindTextureImage test
05-17 16:04:08.405 E/SurfaceFlinger(  285): onDraw: bindTextureImage test
05-17 16:04:09.115 E/WifiTrafficPoller(  851): TRAFFIC_STATS_POLL true Token 2406 num clients 18
05-17 16:04:09.115 E/WifiTrafficPoller(  851):  packet count Tx=1617827 Rx=5387422
05-17 16:04:09.138 E/memtrack(15716): Couldn't load memtrack module (No such file or directory)
05-17 16:04:09.138 E/android.os.Debug(15716): failed to load memtrack module: -2
05-17 16:04:09.139 E/WifiStateMachine(  851):  ConnectedState (when=-3ms what=131155 arg1=548!CMD_RSSI_POLL 548 0 "BOCO-office" 94:b4:0f:68:a4:b1 rssi=-53 f=5785 sc=80 link=150 tx=1.5, 0.0, 0.0  rx=74.9 bcn=0 [on:0 tx:0 rx:0 period:3001] from screen [on:0 period:546808211] gl rssi=-53 ag=0 hr ticks 0,0,28 ls-=0 [56,56,56,56,61] brc=0 lrc=0
05-17 16:04:09.140 E/WifiStateMachine(  851):  L2ConnectedState (when=-4ms what=131155 arg1=548!CMD_RSSI_POLL 548 0 "BOCO-office" 94:b4:0f:68:a4:b1 rssi=-53 f=5785 sc=80 link=150 tx=1.5, 0.0, 0.0  rx=74.9 bcn=0 [on:0 tx:0 rx:0 period:1] from screen [on:0 period:546808212] gl rssi=-53 ag=0 hr ticks 0,0,28 ls-=0 [56,56,56,56,61] brc=0 lrc=0
05-17 16:04:09.140 E/WifiStateMachine(  851):  get link layer stats 0
05-17 16:04:09.143 E/WifiStateMachine(  851): calculateWifiScore() we set wifi's score to 1000, so will always set wifi as a default network.
05-17 16:04:09.595 E/UndealCount.QZoneUnreadServletLogic(32009): creditlevel:2 message:
05-17 16:04:10.116 E/WifiTrafficPoller(  851): TRAFFIC_STATS_POLL true Token 2406 num clients 17
05-17 16:04:10.117 E/WifiTrafficPoller(  851):  packet count Tx=1617834 Rx=5387453
05-17 16:04:11.118 E/WifiTrafficPoller(  851): TRAFFIC_STATS_POLL true Token 2406 num clients 17
05-17 16:04:11.119 E/WifiTrafficPoller(  851):  packet count Tx=1617835 Rx=5387477
05-17 16:04:11.279 E/memtrack(15742): Couldn't load memtrack module (No such file or directory)
05-17 16:04:11.279 E/android.os.Debug(15742): failed to load memtrack module: -2
05-17 16:04:12.119 E/WifiTrafficPoller(  851): TRAFFIC_STATS_POLL true Token 2406 num clients 17
05-17 16:04:12.120 E/WifiTrafficPoller(  851):  packet count Tx=1617840 Rx=5387530
05-17 16:04:12.149 E/WifiStateMachine(  851):  ConnectedState (when=-4ms what=131155 arg1=548!CMD_RSSI_POLL 548 0 "BOCO-office" 94:b4:0f:68:a4:b1 rssi=-53 f=5785 sc=80 link=150 tx=8.2, 0.0, 0.0  rx=95.5 bcn=0 [on:0 tx:0 rx:0 period:3003] from screen [on:0 period:546811221] gl rssi=-53 ag=0 hr ticks 0,0,28 ls-=0 [56,56,60,60,65] brc=0 lrc=0
05-17 16:04:12.152 E/WifiStateMachine(  851):  L2ConnectedState (when=-7ms what=131155 arg1=548!CMD_RSSI_POLL 548 0 "BOCO-office" 94:b4:0f:68:a4:b1 rssi=-53 f=5785 sc=80 link=150 tx=8.2, 0.0, 0.0  rx=95.5 bcn=0 [on:0 tx:0 rx:0 period:3] from screen [on:0 period:546811224] gl rssi=-53 ag=0 hr ticks 0,0,28 ls-=0 [56,56,60,60,65] brc=0 lrc=0
05-17 16:04:12.152 E/WifiStateMachine(  851):  get link layer stats 0
05-17 16:04:12.157 E/WifiStateMachine(  851): calculateWifiScore() we set wifi's score to 1000, so will always set wifi as a default network.
05-17 16:04:13.121 E/WifiTrafficPoller(  851): TRAFFIC_STATS_POLL true Token 2406 num clients 17
05-17 16:04:13.122 E/WifiTrafficPoller(  851):  packet count Tx=1617840 Rx=5387572
05-17 16:04:13.122 E/WifiTrafficPoller(  851): notifying of data activity 1
05-17 16:04:13.241 E/memtrack(15761): Couldn't load memtrack module (No such file or directory)
05-17 16:04:13.242 E/android.os.Debug(15761): failed to load memtrack module: -2
05-17 16:04:14.123 E/WifiTrafficPoller(  851): TRAFFIC_STATS_POLL true Token 2406 num clients 17
05-17 16:04:14.125 E/WifiTrafficPoller(  851):  packet count Tx=1617840 Rx=5387614
05-17 16:04:14.626 E/memtrack(15779): Couldn't load memtrack module (No such file or directory)
05-17 16:04:14.626 E/android.os.Debug(15779): failed to load memtrack module: -2
05-17 16:04:15.125 E/WifiTrafficPoller(  851): TRAFFIC_STATS_POLL true Token 2406 num clients 17
05-17 16:04:15.126 E/WifiTrafficPoller(  851):  packet count Tx=1617840 Rx=5387661
05-17 16:04:15.161 E/WifiStateMachine(  851):  ConnectedState (when=-3ms what=131155 arg1=548!CMD_RSSI_POLL 548 0 "BOCO-office" 94:b4:0f:68:a4:b1 rssi=-53 f=5785 sc=80 link=150 tx=10.6, 0.0, 0.0  rx=102.2 bcn=0 [on:0 tx:0 rx:0 period:3000] from screen [on:0 period:546814233] gl rssi=-53 ag=0 hr ticks 0,0,28 ls-=0 [56,56,60,60,65] brc=0 lrc=0
05-17 16:04:15.163 E/WifiStateMachine(  851):  L2ConnectedState (when=-5ms what=131155 arg1=548!CMD_RSSI_POLL 548 0 "BOCO-office" 94:b4:0f:68:a4:b1 rssi=-53 f=5785 sc=80 link=150 tx=10.6, 0.0, 0.0  rx=102.2 bcn=0 [on:0 tx:0 rx:0 period:2] from screen [on:0 period:546814235] gl rssi=-53 ag=0 hr ticks 0,0,28 ls-=0 [56,56,60,60,65] brc=0 lrc=0
05-17 16:04:15.163 E/WifiStateMachine(  851):  get link layer stats 0
05-17 16:04:15.184 E/WifiStateMachine(  851): calculateWifiScore() we set wifi's score to 1000, so will always set wifi as a default network.
05-17 16:04:16.005 E/memtrack(15797): Couldn't load memtrack module (No such file or directory)
05-17 16:04:16.006 E/android.os.Debug(15797): failed to load memtrack module: -2
05-17 16:04:16.127 E/WifiTrafficPoller(  851): TRAFFIC_STATS_POLL true Token 2406 num clients 17
05-17 16:04:16.127 E/WifiTrafficPoller(  851):  packet count Tx=1617840 Rx=5387686
05-17 16:04:16.729 E/memtrack(15814): Couldn't load memtrack module (No such file or directory)
05-17 16:04:16.729 E/android.os.Debug(15814): failed to load memtrack module: -2
05-17 16:04:17.128 E/WifiTrafficPoller(  851): TRAFFIC_STATS_POLL true Token 2406 num clients 17
05-17 16:04:17.129 E/WifiTrafficPoller(  851):  packet count Tx=1617840 Rx=5387726
05-17 16:04:17.733 E/memtrack(15830): Couldn't load memtrack module (No such file or directory)
05-17 16:04:17.733 E/android.os.Debug(15830): failed to load memtrack module: -2
05-17 16:04:18.131 E/WifiTrafficPoller(  851): TRAFFIC_STATS_POLL true Token 2406 num clients 17
05-17 16:04:18.132 E/WifiTrafficPoller(  851):  packet count Tx=1617840 Rx=5387762
05-17 16:04:18.188 E/WifiStateMachine(  851):  ConnectedState (when=-4ms what=131155 arg1=548!CMD_RSSI_POLL 548 0 "BOCO-office" 94:b4:0f:68:a4:b1 rssi=-54 f=5785 sc=80 link=150 tx=5.3, 0.0, 0.0  rx=117.1 bcn=0 [on:0 tx:0 rx:0 period:3000] from screen [on:0 period:546817260] gl rssi=-54 ag=0 hr ticks 0,0,28 ls-=0 [56,56,60,60,65] brc=0 lrc=0
05-17 16:04:18.192 E/WifiStateMachine(  851):  L2ConnectedState (when=-7ms what=131155 arg1=548!CMD_RSSI_POLL 548 0 "BOCO-office" 94:b4:0f:68:a4:b1 rssi=-54 f=5785 sc=80 link=150 tx=5.3, 0.0, 0.0  rx=117.1 bcn=0 [on:0 tx:0 rx:0 period:4] from screen [on:0 period:546817264] gl rssi=-54 ag=0 hr ticks 0,0,28 ls-=0 [56,56,60,60,65] brc=0 lrc=0
05-17 16:04:18.193 E/WifiStateMachine(  851):  get link layer stats 0
05-17 16:04:18.216 E/WifiStateMachine(  851): calculateWifiScore() we set wifi's score to 1000, so will always set wifi as a default network.
05-17 16:04:18.762 E/memtrack(15847): Couldn't load memtrack module (No such file or directory)
05-17 16:04:18.762 E/android.os.Debug(15847): failed to load memtrack module: -2
05-17 16:04:19.134 E/WifiTrafficPoller(  851): TRAFFIC_STATS_POLL true Token 2406 num clients 17
05-17 16:04:19.135 E/WifiTrafficPoller(  851):  packet count Tx=1617840 Rx=5387799
05-17 16:04:19.729 E/memtrack(15864): Couldn't load memtrack module (No such file or directory)
05-17 16:04:19.729 E/android.os.Debug(15864): failed to load memtrack module: -2
05-17 16:04:20.136 E/WifiTrafficPoller(  851): TRAFFIC_STATS_POLL true Token 2406 num clients 17
05-17 16:04:20.137 E/WifiTrafficPoller(  851):  packet count Tx=1617846 Rx=5387832
05-17 16:04:20.137 E/WifiTrafficPoller(  851): notifying of data activity 3
05-17 16:04:20.991 E/memtrack(15884): Couldn't load memtrack module (No such file or directory)
05-17 16:04:20.991 E/android.os.Debug(15884): failed to load memtrack module: -2
05-17 16:04:21.138 E/WifiTrafficPoller(  851): TRAFFIC_STATS_POLL true Token 2406 num clients 17
05-17 16:04:21.138 E/WifiTrafficPoller(  851):  packet count Tx=1617846 Rx=5387855
05-17 16:04:21.138 E/WifiTrafficPoller(  851): notifying of data activity 1
05-17 16:04:21.219 E/WifiStateMachine(  851):  ConnectedState (when=-3ms what=131155 arg1=548!CMD_RSSI_POLL 548 0 "BOCO-office" 94:b4:0f:68:a4:b1 rssi=-53 f=5785 sc=80 link=150 tx=2.7, 0.0, 0.0  rx=108.1 bcn=0 [on:0 tx:0 rx:0 period:2998] from screen [on:0 period:546820291] gl rssi=-53 ag=0 hr ticks 0,0,28 ls-=0 [56,56,56,56,61] brc=0 lrc=0
05-17 16:04:21.221 E/WifiStateMachine(  851):  L2ConnectedState (when=-4ms what=131155 arg1=548!CMD_RSSI_POLL 548 0 "BOCO-office" 94:b4:0f:68:a4:b1 rssi=-53 f=5785 sc=80 link=150 tx=2.7, 0.0, 0.0  rx=108.1 bcn=0 [on:0 tx:0 rx:0 period:2] from screen [on:0 period:546820293] gl rssi=-53 ag=0 hr ticks 0,0,28 ls-=0 [56,56,56,56,61] brc=0 lrc=0
05-17 16:04:21.221 E/WifiStateMachine(  851):  get link layer stats 0
05-17 16:04:21.224 E/WifiStateMachine(  851): calculateWifiScore() we set wifi's score to 1000, so will always set wifi as a default network.
05-17 16:04:21.733 E/memtrack(15904): Couldn't load memtrack module (No such file or directory)
05-17 16:04:21.733 E/android.os.Debug(15904): failed to load memtrack module: -2
05-17 16:04:22.140 E/WifiTrafficPoller(  851): TRAFFIC_STATS_POLL true Token 2406 num clients 17
05-17 16:04:22.140 E/WifiTrafficPoller(  851):  packet count Tx=1617846 Rx=5387878
05-17 16:04:23.141 E/WifiTrafficPoller(  851): TRAFFIC_STATS_POLL true Token 2406 num clients 17
05-17 16:04:23.142 E/WifiTrafficPoller(  851):  packet count Tx=1617846 Rx=5387906
05-17 16:04:23.744 E/InputDispatcher(  851): channel '21fac660  (server)' ~ Channel is unrecoverably broken and will be disposed!
05-17 16:04:24.142 E/WifiTrafficPoller(  851): TRAFFIC_STATS_POLL true Token 2406 num clients 15
05-17 16:04:24.142 E/WifiTrafficPoller(  851):  packet count Tx=1617848 Rx=5387926
05-17 16:04:24.143 E/WifiTrafficPoller(  851): notifying of data activity 3
05-17 16:04:24.229 E/WifiStateMachine(  851):  ConnectedState (when=-4ms what=131155 arg1=548!CMD_RSSI_POLL 548 0 "BOCO-office" 94:b4:0f:68:a4:b1 rssi=-53 f=5785 sc=80 link=150 tx=4.3, 0.0, 0.0  rx=102.0 bcn=0 [on:0 tx:0 rx:0 period:3003] from screen [on:0 period:546823301] gl rssi=-53 ag=0 hr ticks 0,0,28 ls-=0 [56,56,56,56,61] brc=0 lrc=0
05-17 16:04:24.230 E/WifiStateMachine(  851):  L2ConnectedState (when=-5ms what=131155 arg1=548!CMD_RSSI_POLL 548 0 "BOCO-office" 94:b4:0f:68:a4:b1 rssi=-53 f=5785 sc=80 link=150 tx=4.3, 0.0, 0.0  rx=102.0 bcn=0 [on:0 tx:0 rx:0 period:1] from screen [on:0 period:546823302] gl rssi=-53 ag=0 hr ticks 0,0,28 ls-=0 [56,56,56,56,61] brc=0 lrc=0
05-17 16:04:24.230 E/WifiStateMachine(  851):  get link layer stats 0
05-17 16:04:24.234 E/WifiStateMachine(  851): calculateWifiScore() we set wifi's score to 1000, so will always set wifi as a default network.
05-17 16:04:25.144 E/WifiTrafficPoller(  851): TRAFFIC_STATS_POLL true Token 2406 num clients 15
05-17 16:04:25.146 E/WifiTrafficPoller(  851):  packet count Tx=1617848 Rx=5387947
05-17 16:04:25.146 E/WifiTrafficPoller(  851): notifying of data activity 1
05-17 16:04:26.148 E/WifiTrafficPoller(  851): TRAFFIC_STATS_POLL true Token 2406 num clients 15
05-17 16:04:26.148 E/WifiTrafficPoller(  851):  packet count Tx=1617848 Rx=5387968
05-17 16:04:26.849 E/memtrack(15924): Couldn't load memtrack module (No such file or directory)
