--------- beginning of system
05-17 17:12:22.139 E/NotificationService(  851): Suppressing notification from package com.qihoo.appstore by user request.
05-17 17:12:22.140 E/NotificationService(  851): Suppressing notification from package com.qihoo.appstore by user request.
--------- beginning of main
05-17 17:14:18.150 E/WifiTrafficPoller(  851): TRAFFIC_STATS_POLL true Token 2478 num clients 20
05-17 17:14:18.151 E/WifiTrafficPoller(  851):  packet count Tx=1708523 Rx=5602007
05-17 17:14:18.463 E/UndealCount.QZoneUnreadServletLogic( 2591): creditlevel:2 message:
05-17 17:14:19.152 E/WifiTrafficPoller(  851): TRAFFIC_STATS_POLL true Token 2478 num clients 20
05-17 17:14:19.154 E/WifiTrafficPoller(  851):  packet count Tx=1708526 Rx=5602024
05-17 17:14:19.154 E/WifiTrafficPoller(  851): notifying of data activity 3
05-17 17:14:20.161 E/WifiTrafficPoller(  851): TRAFFIC_STATS_POLL true Token 2478 num clients 20
05-17 17:14:20.161 E/WifiTrafficPoller(  851):  packet count Tx=1708527 Rx=5602042
05-17 17:14:20.189 E/WifiStateMachine(  851):  ConnectedState (when=-4ms what=131155 arg1=555!CMD_RSSI_POLL 555 0 "BOCO-office" 94:b4:0f:68:a4:b1 rssi=-49 f=5785 sc=80 link=121 tx=0.4, 0.0, 0.0  rx=37.2 bcn=0 [on:0 tx:0 rx:0 period:2996] from screen [on:0 period:551019261] gl rssi=-49 ag=0 hr ticks 297,76,43 ls-=0 [56,56,56,56,61] brc=0 lrc=0
05-17 17:14:20.190 E/WifiStateMachine(  851):  L2ConnectedState (when=-6ms what=131155 arg1=555!CMD_RSSI_POLL 555 0 "BOCO-office" 94:b4:0f:68:a4:b1 rssi=-49 f=5785 sc=80 link=121 tx=0.4, 0.0, 0.0  rx=37.2 bcn=0 [on:0 tx:0 rx:0 period:1] from screen [on:0 period:551019262] gl rssi=-49 ag=0 hr ticks 297,76,43 ls-=0 [56,56,56,56,61] brc=0 lrc=0
05-17 17:14:20.191 E/WifiStateMachine(  851):  get link layer stats 0
05-17 17:14:20.195 E/WifiStateMachine(  851): calculateWifiScore() we set wifi's score to 1000, so will always set wifi as a default network.
05-17 17:14:21.162 E/WifiTrafficPoller(  851): TRAFFIC_STATS_POLL true Token 2478 num clients 20
05-17 17:14:21.163 E/WifiTrafficPoller(  851):  packet count Tx=1708527 Rx=5602054
05-17 17:14:21.163 E/WifiTrafficPoller(  851): notifying of data activity 1
05-17 17:14:22.166 E/WifiTrafficPoller(  851): TRAFFIC_STATS_POLL true Token 2478 num clients 20
05-17 17:14:22.168 E/WifiTrafficPoller(  851):  packet count Tx=1708527 Rx=5602068
05-17 17:14:23.169 E/WifiTrafficPoller(  851): TRAFFIC_STATS_POLL true Token 2478 num clients 20
05-17 17:14:23.170 E/WifiTrafficPoller(  851):  packet count Tx=1708527 Rx=5602088
05-17 17:14:23.199 E/WifiStateMachine(  851):  ConnectedState (when=-3ms what=131155 arg1=555!CMD_RSSI_POLL 555 0 "BOCO-office" 94:b4:0f:68:a4:b1 rssi=-52 f=5785 sc=80 link=121 tx=2.2, 0.0, 0.0  rx=42.6 bcn=0 [on:0 tx:0 rx:0 period:3002] from screen [on:0 period:551022271] gl rssi=-52 ag=0 hr ticks 297,76,43 ls-=0 [56,56,56,56,61] brc=0 lrc=0
05-17 17:14:23.201 E/WifiStateMachine(  851):  L2ConnectedState (when=-5ms what=131155 arg1=555!CMD_RSSI_POLL 555 0 "BOCO-office" 94:b4:0f:68:a4:b1 rssi=-52 f=5785 sc=80 link=121 tx=2.2, 0.0, 0.0  rx=42.6 bcn=0 [on:0 tx:0 rx:0 period:2] from screen [on:0 period:551022273] gl rssi=-52 ag=0 hr ticks 297,76,43 ls-=0 [56,56,56,56,61] brc=0 lrc=0
05-17 17:14:23.201 E/WifiStateMachine(  851):  get link layer stats 0
05-17 17:14:23.223 E/WifiStateMachine(  851): calculateWifiScore() we set wifi's score to 1000, so will always set wifi as a default network.
05-17 17:14:24.170 E/WifiTrafficPoller(  851): TRAFFIC_STATS_POLL true Token 2478 num clients 20
05-17 17:14:24.171 E/WifiTrafficPoller(  851):  packet count Tx=1708527 Rx=5602097
05-17 17:14:25.173 E/WifiTrafficPoller(  851): TRAFFIC_STATS_POLL true Token 2478 num clients 20
05-17 17:14:25.174 E/WifiTrafficPoller(  851):  packet count Tx=1708527 Rx=5602101
05-17 17:14:26.175 E/WifiTrafficPoller(  851): TRAFFIC_STATS_POLL true Token 2478 num clients 20
05-17 17:14:26.176 E/WifiTrafficPoller(  851):  packet count Tx=1708527 Rx=5602108
05-17 17:14:26.232 E/WifiStateMachine(  851):  ConnectedState (when=-2ms what=131155 arg1=555!CMD_RSSI_POLL 555 0 "BOCO-office" 94:b4:0f:68:a4:b1 rssi=-51 f=5785 sc=80 link=121 tx=1.1, 0.0, 0.0  rx=43.8 bcn=0 [on:0 tx:0 rx:0 period:3001] from screen [on:0 period:551025304] gl rssi=-51 ag=0 hr ticks 297,76,43 ls-=0 [56,56,56,56,61] brc=0 lrc=0
05-17 17:14:26.234 E/WifiStateMachine(  851):  L2ConnectedState (when=-10ms what=131155 arg1=555!CMD_RSSI_POLL 555 0 "BOCO-office" 94:b4:0f:68:a4:b1 rssi=-51 f=5785 sc=80 link=121 tx=1.1, 0.0, 0.0  rx=43.8 bcn=0 [on:0 tx:0 rx:0 period:2] from screen [on:0 period:551025306] gl rssi=-51 ag=0 hr ticks 297,76,43 ls-=0 [56,56,56,56,61] brc=0 lrc=0
05-17 17:14:26.234 E/WifiStateMachine(  851):  get link layer stats 0
05-17 17:14:26.250 E/WifiStateMachine(  851): calculateWifiScore() we set wifi's score to 1000, so will always set wifi as a default network.
05-17 17:14:27.177 E/WifiTrafficPoller(  851): TRAFFIC_STATS_POLL true Token 2478 num clients 20
05-17 17:14:27.178 E/WifiTrafficPoller(  851):  packet count Tx=1708529 Rx=5602127
05-17 17:14:27.178 E/WifiTrafficPoller(  851): notifying of data activity 3
05-17 17:14:28.193 E/WifiTrafficPoller(  851): TRAFFIC_STATS_POLL true Token 2478 num clients 20
05-17 17:14:28.194 E/WifiTrafficPoller(  851):  packet count Tx=1708529 Rx=5602143
05-17 17:14:28.194 E/WifiTrafficPoller(  851): notifying of data activity 1
05-17 17:14:29.196 E/WifiTrafficPoller(  851): TRAFFIC_STATS_POLL true Token 2478 num clients 20
05-17 17:14:29.197 E/WifiTrafficPoller(  851):  packet count Tx=1708529 Rx=5602157
05-17 17:14:29.256 E/WifiStateMachine(  851):  ConnectedState (when=-4ms what=131155 arg1=555!CMD_RSSI_POLL 555 0 "BOCO-office" 94:b4:0f:68:a4:b1 rssi=-53 f=5785 sc=80 link=121 tx=0.6, 0.0, 0.0  rx=33.4 bcn=0 [on:0 tx:0 rx:0 period:3002] from screen [on:0 period:551028328] gl rssi=-53 ag=0 hr ticks 297,76,43 ls-=0 [56,56,56,56,61] brc=0 lrc=0
05-17 17:14:29.258 E/WifiStateMachine(  851):  L2ConnectedState (when=-6ms what=131155 arg1=555!CMD_RSSI_POLL 555 0 "BOCO-office" 94:b4:0f:68:a4:b1 rssi=-53 f=5785 sc=80 link=121 tx=0.6, 0.0, 0.0  rx=33.4 bcn=0 [on:0 tx:0 rx:0 period:2] from screen [on:0 period:551028330] gl rssi=-53 ag=0 hr ticks 297,76,43 ls-=0 [56,56,56,56,61] brc=0 lrc=0
05-17 17:14:29.258 E/WifiStateMachine(  851):  get link layer stats 0
05-17 17:14:29.264 E/WifiStateMachine(  851): calculateWifiScore() we set wifi's score to 1000, so will always set wifi as a default network.
05-17 17:14:30.198 E/WifiTrafficPoller(  851): TRAFFIC_STATS_POLL true Token 2478 num clients 20
05-17 17:14:30.199 E/WifiTrafficPoller(  851):  packet count Tx=1708529 Rx=5602174
05-17 17:14:30.903 E/SurfaceFlinger(  285): onDraw: bindTextureImage test
05-17 17:14:30.903 E/SurfaceFlinger(  285): onDraw: bindTextureImage test
05-17 17:14:30.904 E/SurfaceFlinger(  285): onDraw: bindTextureImage test
05-17 17:14:30.953 E/DrmMtkUtil/DrmUtil(  323): checkDcf: not dcf type, dcf version value [79]
05-17 17:14:30.953 E/Cta5File(  323): Cta5File::isCta5NormalFile false, bad magic:OggS
05-17 17:14:30.960 E/Cta5File(  323): Cta5File::isCta5MultimediaFile false, bad magic:¯N¹Ç­€QªM“ÿÿÿÿ%
05-17 17:14:30.960 E/DrmMtkUtil/DrmUtil(  323): checkDcf: not dcf type, dcf version value [79]
05-17 17:14:30.960 E/Cta5File(  323): Cta5File::isCta5NormalFile false, bad magic:OggS
05-17 17:14:30.960 E/Cta5File(  323): Cta5File::isCta5MultimediaFile false, bad magic:¯N¹Ç­€QªM“ÿÿÿÿ'
05-17 17:14:30.960 E/DrmMtkUtil/DrmUtil(  323): checkDcf: not dcf type, dcf version value [79]
05-17 17:14:31.003 E/DrmCtaPlugIn(  322): [ERROR]onOpenDecryptSession - The key is not set by user
05-17 17:14:31.003 E/DrmMtkUtil/DrmUtil(  322): parseDcf: not dcf type, dcf version value [79]
05-17 17:14:31.003 E/DrmMtkPlugIn(  322): onOpenDecryptSession() : failed to parse dcf file.
05-17 17:14:31.014 E/AsfParser(  323): unknown object: 5367674f-200-0-0000000000002600, 0 bytes
05-17 17:14:31.014 E/AsfParser(  323): error parsing header: -6
05-17 17:14:31.017 E/MediaPlayer( 1614): Should have subtitle controller already set
05-17 17:14:31.019 E/DrmMtkUtil/DrmUtil(  323): checkDcf: not dcf type, dcf version value [79]
05-17 17:14:31.019 E/Cta5File(  323): Cta5File::isCta5NormalFile false, bad magic:OggS
05-17 17:14:31.019 E/Cta5File(  323): Cta5File::isCta5MultimediaFile false, bad magic:¯N¹Ç­€QªM“ÿÿÿÿ%
05-17 17:14:31.019 E/DrmMtkUtil/DrmUtil(  323): checkDcf: not dcf type, dcf version value [79]
05-17 17:14:31.019 E/Cta5File(  323): Cta5File::isCta5NormalFile false, bad magic:OggS
05-17 17:14:31.019 E/Cta5File(  323): Cta5File::isCta5MultimediaFile false, bad magic:¯N¹Ç­€QªM“ÿÿÿÿ'
05-17 17:14:31.020 E/DrmMtkUtil/DrmUtil(  323): checkDcf: not dcf type, dcf version value [79]
05-17 17:14:31.022 E/DrmCtaPlugIn(  322): [ERROR]onOpenDecryptSession - The key is not set by user
05-17 17:14:31.022 E/DrmMtkUtil/DrmUtil(  322): parseDcf: not dcf type, dcf version value [79]
05-17 17:14:31.022 E/DrmMtkPlugIn(  322): onOpenDecryptSession() : failed to parse dcf file.
05-17 17:14:31.032 E/AsfParser(  323): unknown object: 5367674f-200-0-0000000000002600, 0 bytes
05-17 17:14:31.032 E/AsfParser(  323): error parsing header: -6
05-17 17:14:31.034 E/MediaPlayer( 1614): Should have subtitle controller already set
05-17 17:14:31.038 E/MediaPlayer( 1614): Should have subtitle controller already set
05-17 17:14:31.043 E/OMXNodeInstance(  323): getParameter(aaa:google.vorbis.decoder, ??(0x7f200406)) ERROR: UnsupportedIndex(0x8000101a)
05-17 17:14:31.065 E/AudioALSAPlaybackHandlerBase(  323): openPcmDriver(), pcm_start(0xe745ad00) fail due to cannot start channel: Broken pipe
05-17 17:14:31.108 E/TFA9890 (  323): [tfa9890_SpeakerOn: 869]valu=0x0003 
05-17 17:14:31.108 E/TFA9890 (  323): [tfa9890_SpeakerOn: 922]TFA9890 i2s input route valu = 0x8265
05-17 17:14:31.109 E/TFA9890 (  323): [tfa9890_SpeakerOn: 929]after-TFA9890 i2s input route valu = 0x8265
05-17 17:14:31.109 E/TFA9890 (  323): [tfa9890_SpeakerOn: 953]SampleRate = 44100,rout=1 valu=0x789b 
05-17 17:14:31.138 E/TFA9890 (  323): [Tfa98xx_SetMode: 797]SampleRate = 44100
05-17 17:14:31.141 E/AudioALSAPlaybackHandlerBase(  323): -getHardwareBufferInfo pcm_get_htimestamp fail, ret = -1, pcm_get_error = cannot start channel: Broken pipe
05-17 17:14:31.142 E/AudioALSAPlaybackHandlerBase(  323): -getHardwareBufferInfo pcm_get_htimestamp fail, ret = -1, pcm_get_error = cannot start channel: Broken pipe
05-17 17:14:31.199 E/WifiTrafficPoller(  851): TRAFFIC_STATS_POLL true Token 2478 num clients 20
05-17 17:14:31.200 E/WifiTrafficPoller(  851):  packet count Tx=1708535 Rx=5602190
05-17 17:14:31.200 E/WifiTrafficPoller(  851): notifying of data activity 3
05-17 17:14:31.335 E/AppStore.NetConnectClient(30673): a:b:150407-406=>doHttpClientConnect, get a IOException when connect to server
05-17 17:14:31.338 E/MtpServerJNI( 1268): void android_mtp_MtpServer_add_storage(JNIEnv*, jobject, jobject), line 174: descriptionStr = æ‰‹æœºå­˜å‚¨
05-17 17:14:31.338 E/MtpServer( 1268): void android::MtpServer::sendEvent(android::MtpEventCode, uint32_t): Without OpenSession to send event code = 0x4004, 
05-17 17:14:31.339 E/MtpServer( 1268): void android::MtpServer::sendEvent(android::MtpEventCode, uint32_t): Without OpenSession to send event code = 0x4006, 
05-17 17:14:31.341 E/MtpServer( 1268): MtpServer::run mFD: 58
05-17 17:14:31.412 E/MtpServer( 1268): MtpServer::run mFD: 58
05-17 17:14:31.413 E/MtpServer( 1268): MtpServer::run mFD: 58
05-17 17:14:31.414 E/MtpServer( 1268): MtpServer::run mFD: 58
05-17 17:14:31.414 E/MtpServer( 1268): MtpServer::run mFD: 58
05-17 17:14:31.419 E/MtpServer( 1268): MtpServer::run mFD: 58
05-17 17:14:31.450 E/AppStore.NetConnectClient(30673): a:b:150407-406=>doHttpClientConnect, get a IOException when connect to server
05-17 17:14:31.453 E/AppStore.NetConnectClient(30673): a:b:150407-416=>doHttpClientConnect, can't connect because IOException
05-17 17:14:31.840 E/AudioFlinger(  323): getNextBuffer, get null buffer
05-17 17:14:32.200 E/WifiTrafficPoller(  851): TRAFFIC_STATS_POLL true Token 2478 num clients 20
05-17 17:14:32.201 E/WifiTrafficPoller(  851):  packet count Tx=1708544 Rx=5602214
05-17 17:14:32.270 E/WifiStateMachine(  851):  ConnectedState (when=-4ms what=131155 arg1=555!CMD_RSSI_POLL 555 0 "BOCO-office" 94:b4:0f:68:a4:b1 rssi=-54 f=5785 sc=80 link=121 tx=1.3, 0.0, 0.0  rx=40.7 bcn=0 [on:0 tx:0 rx:0 period:3004] from screen [on:0 period:551031342] gl rssi=-54 ag=0 hr ticks 297,76,43 ls-=0 [56,56,56,56,61] brc=0 lrc=0
05-17 17:14:32.272 E/WifiStateMachine(  851):  L2ConnectedState (when=-7ms what=131155 arg1=555!CMD_RSSI_POLL 555 0 "BOCO-office" 94:b4:0f:68:a4:b1 rssi=-54 f=5785 sc=80 link=121 tx=1.3, 0.0, 0.0  rx=40.7 bcn=0 [on:0 tx:0 rx:0 period:2] from screen [on:0 period:551031344] gl rssi=-54 ag=0 hr ticks 297,76,43 ls-=0 [56,56,56,56,61] brc=0 lrc=0
05-17 17:14:32.272 E/WifiStateMachine(  851):  get link layer stats 0
05-17 17:14:32.276 E/WifiStateMachine(  851): calculateWifiScore() we set wifi's score to 1000, so will always set wifi as a default network.
05-17 17:14:33.202 E/WifiTrafficPoller(  851): TRAFFIC_STATS_POLL true Token 2478 num clients 20
05-17 17:14:33.203 E/WifiTrafficPoller(  851):  packet count Tx=1708544 Rx=5602225
05-17 17:14:33.203 E/WifiTrafficPoller(  851): notifying of data activity 1
05-17 17:14:34.218 E/WifiTrafficPoller(  851): TRAFFIC_STATS_POLL true Token 2478 num clients 20
05-17 17:14:34.219 E/WifiTrafficPoller(  851):  packet count Tx=1708544 Rx=5602231
05-17 17:14:35.220 E/WifiTrafficPoller(  851): TRAFFIC_STATS_POLL true Token 2478 num clients 20
05-17 17:14:35.221 E/WifiTrafficPoller(  851):  packet count Tx=1708544 Rx=5602242
05-17 17:14:35.279 E/WifiStateMachine(  851):  ConnectedState (when=-2ms what=131155 arg1=555!CMD_RSSI_POLL 555 0 "BOCO-office" 94:b4:0f:68:a4:b1 rssi=-53 f=5785 sc=80 link=121 tx=8.1, 0.0, 0.0  rx=48.4 bcn=0 [on:0 tx:0 rx:0 period:3001] from screen [on:0 period:551034351] gl rssi=-53 ag=0 hr ticks 297,76,43 ls-=0 [56,56,60,60,65] brc=0 lrc=0
05-17 17:14:35.281 E/WifiStateMachine(  851):  L2ConnectedState (when=-4ms what=131155 arg1=555!CMD_RSSI_POLL 555 0 "BOCO-office" 94:b4:0f:68:a4:b1 rssi=-53 f=5785 sc=80 link=121 tx=8.1, 0.0, 0.0  rx=48.4 bcn=0 [on:0 tx:0 rx:0 period:2] from screen [on:0 period:551034353] gl rssi=-53 ag=0 hr ticks 297,76,43 ls-=0 [56,56,60,60,65] brc=0 lrc=0
05-17 17:14:35.281 E/WifiStateMachine(  851):  get link layer stats 0
05-17 17:14:35.292 E/WifiStateMachine(  851): calculateWifiScore() we set wifi's score to 1000, so will always set wifi as a default network.
05-17 17:14:36.195 E/memtrack( 3634): Couldn't load memtrack module (No such file or directory)
05-17 17:14:36.195 E/android.os.Debug( 3634): failed to load memtrack module: -2
05-17 17:14:36.221 E/WifiTrafficPoller(  851): TRAFFIC_STATS_POLL true Token 2478 num clients 20
05-17 17:14:36.222 E/WifiTrafficPoller(  851):  packet count Tx=1708544 Rx=5602254
05-17 17:14:36.956 E/memtrack( 3651): Couldn't load memtrack module (No such file or directory)
05-17 17:14:36.956 E/android.os.Debug( 3651): failed to load memtrack module: -2
05-17 17:14:37.222 E/WifiTrafficPoller(  851): TRAFFIC_STATS_POLL true Token 2478 num clients 20
05-17 17:14:37.224 E/WifiTrafficPoller(  851):  packet count Tx=1708545 Rx=5602262
05-17 17:14:37.224 E/WifiTrafficPoller(  851): notifying of data activity 3
05-17 17:14:38.232 E/WifiTrafficPoller(  851): TRAFFIC_STATS_POLL true Token 2478 num clients 20
05-17 17:14:38.232 E/WifiTrafficPoller(  851):  packet count Tx=1708545 Rx=5602271
05-17 17:14:38.232 E/WifiTrafficPoller(  851): notifying of data activity 1
05-17 17:14:38.295 E/WifiStateMachine(  851):  ConnectedState (when=-3ms what=131155 arg1=555!CMD_RSSI_POLL 555 0 "BOCO-office" 94:b4:0f:68:a4:b1 rssi=-49 f=5785 sc=80 link=121 tx=4.1, 0.0, 0.0  rx=37.7 bcn=0 [on:0 tx:0 rx:0 period:2995] from screen [on:0 period:551037367] gl rssi=-49 ag=0 hr ticks 297,76,43 ls-=0 [56,56,56,56,61] brc=0 lrc=0
05-17 17:14:38.296 E/WifiStateMachine(  851):  L2ConnectedState (when=-4ms what=131155 arg1=555!CMD_RSSI_POLL 555 0 "BOCO-office" 94:b4:0f:68:a4:b1 rssi=-49 f=5785 sc=80 link=121 tx=4.1, 0.0, 0.0  rx=37.7 bcn=0 [on:0 tx:0 rx:0 period:1] from screen [on:0 period:551037368] gl rssi=-49 ag=0 hr ticks 297,76,43 ls-=0 [56,56,56,56,61] brc=0 lrc=0
05-17 17:14:38.296 E/WifiStateMachine(  851):  get link layer stats 0
05-17 17:14:38.310 E/WifiStateMachine(  851): calculateWifiScore() we set wifi's score to 1000, so will always set wifi as a default network.
05-17 17:14:38.406 E/memtrack( 3680): Couldn't load memtrack module (No such file or directory)
05-17 17:14:38.406 E/android.os.Debug( 3680): failed to load memtrack module: -2
05-17 17:14:38.842 E/memtrack( 3697): Couldn't load memtrack module (No such file or directory)
05-17 17:14:38.842 E/android.os.Debug( 3697): failed to load memtrack module: -2
05-17 17:14:39.240 E/WifiTrafficPoller(  851): TRAFFIC_STATS_POLL true Token 2478 num clients 20
05-17 17:14:39.241 E/WifiTrafficPoller(  851):  packet count Tx=1708545 Rx=5602279
05-17 17:14:39.551 E/memtrack( 3716): Couldn't load memtrack module (No such file or directory)
05-17 17:14:39.551 E/android.os.Debug( 3716): failed to load memtrack module: -2
05-17 17:14:39.892 E/MountService(  851): getVolumeState(/storage/emulated/0/external_sd): ERROR!
05-17 17:14:39.892 E/MountService(  851): getVolumeState(/mnt/sdcard-ext): ERROR!
05-17 17:14:39.893 E/MountService(  851): getVolumeState(/mnt/ext_sdcard): ERROR!
05-17 17:14:39.893 E/MountService(  851): getVolumeState(/mnt/sdcard2): ERROR!
05-17 17:14:39.893 E/MountService(  851): getVolumeState(/mnt/emmc): ERROR!
05-17 17:14:39.893 E/MountService(  851): getVolumeState(/mnt/extSdCard): ERROR!
05-17 17:14:39.894 E/MountService(  851): getVolumeState(/mnt/sdcard/SD_CARD): ERROR!
05-17 17:14:39.894 E/MountService(  851): getVolumeState(/mnt/sdcard/extra_sd): ERROR!
05-17 17:14:39.894 E/MountService(  851): getVolumeState(/mnt/extrasd_bind): ERROR!
05-17 17:14:39.895 E/MountService(  851): getVolumeState(/mnt/sdcard/ext_sd): ERROR!
05-17 17:14:39.895 E/MountService(  851): getVolumeState(/storage/extSdCard): ERROR!
05-17 17:14:39.895 E/MountService(  851): getVolumeState(/storage/sdcard1): ERROR!
05-17 17:14:39.896 E/MountService(  851): getVolumeState(/mnt/sdcard/external_SD): ERROR!
05-17 17:14:39.896 E/MountService(  851): getVolumeState(/mnt/sdcard/external_sd): ERROR!
05-17 17:14:39.925 E/MountService(  851): getVolumeState(/storage/emulated/0/external_sd): ERROR!
05-17 17:14:39.925 E/MountService(  851): getVolumeState(/mnt/sdcard-ext): ERROR!
05-17 17:14:39.925 E/MountService(  851): getVolumeState(/mnt/ext_sdcard): ERROR!
05-17 17:14:39.926 E/MountService(  851): getVolumeState(/mnt/sdcard2): ERROR!
05-17 17:14:39.926 E/MountService(  851): getVolumeState(/mnt/emmc): ERROR!
05-17 17:14:39.926 E/MountService(  851): getVolumeState(/mnt/extSdCard): ERROR!
05-17 17:14:39.926 E/MountService(  851): getVolumeState(/mnt/sdcard/SD_CARD): ERROR!
05-17 17:14:39.927 E/MountService(  851): getVolumeState(/mnt/sdcard/extra_sd): ERROR!
05-17 17:14:39.927 E/MountService(  851): getVolumeState(/mnt/extrasd_bind): ERROR!
05-17 17:14:39.927 E/MountService(  851): getVolumeState(/mnt/sdcard/ext_sd): ERROR!
05-17 17:14:39.928 E/MountService(  851): getVolumeState(/storage/extSdCard): ERROR!
05-17 17:14:39.928 E/MountService(  851): getVolumeState(/storage/sdcard1): ERROR!
05-17 17:14:39.928 E/MountService(  851): getVolumeState(/mnt/sdcard/external_SD): ERROR!
05-17 17:14:39.929 E/MountService(  851): getVolumeState(/mnt/sdcard/external_sd): ERROR!
05-17 17:14:40.242 E/WifiTrafficPoller(  851): TRAFFIC_STATS_POLL true Token 2478 num clients 20
05-17 17:14:40.243 E/WifiTrafficPoller(  851):  packet count Tx=1708545 Rx=5602291
05-17 17:14:41.244 E/WifiTrafficPoller(  851): TRAFFIC_STATS_POLL true Token 2478 num clients 20
05-17 17:14:41.244 E/WifiTrafficPoller(  851):  packet count Tx=1708545 Rx=5602300
05-17 17:14:41.314 E/WifiStateMachine(  851):  ConnectedState (when=-3ms what=131155 arg1=555!CMD_RSSI_POLL 555 0 "BOCO-office" 94:b4:0f:68:a4:b1 rssi=-49 f=5785 sc=80 link=121 tx=2.5, 0.0, 0.0  rx=34.3 bcn=0 [on:0 tx:0 rx:0 period:3001] from screen [on:0 period:551040386] gl rssi=-49 ag=0 hr ticks 297,76,43 ls-=0 [56,56,56,56,61] brc=0 lrc=0
05-17 17:14:41.314 E/WifiStateMachine(  851):  L2ConnectedState (when=-4ms what=131155 arg1=555!CMD_RSSI_POLL 555 0 "BOCO-office" 94:b4:0f:68:a4:b1 rssi=-49 f=5785 sc=80 link=121 tx=2.5, 0.0, 0.0  rx=34.3 bcn=0 [on:0 tx:0 rx:0 period:0] from screen [on:0 period:551040386] gl rssi=-49 ag=0 hr ticks 297,76,43 ls-=0 [56,56,56,56,61] brc=0 lrc=0
05-17 17:14:41.314 E/WifiStateMachine(  851):  get link layer stats 0
05-17 17:14:41.330 E/WifiStateMachine(  851): calculateWifiScore() we set wifi's score to 1000, so will always set wifi as a default network.
05-17 17:14:42.244 E/WifiTrafficPoller(  851): TRAFFIC_STATS_POLL true Token 2478 num clients 20
05-17 17:14:42.245 E/WifiTrafficPoller(  851):  packet count Tx=1708545 Rx=5602306
05-17 17:14:42.698 E/GpsXtraDownloader(  851): No XTRA servers were specified in the GPS configuration
05-17 17:14:43.246 E/WifiTrafficPoller(  851): TRAFFIC_STATS_POLL true Token 2478 num clients 20
05-17 17:14:43.247 E/WifiTrafficPoller(  851):  packet count Tx=1708545 Rx=5602309
05-17 17:14:44.248 E/WifiTrafficPoller(  851): TRAFFIC_STATS_POLL true Token 2478 num clients 20
05-17 17:14:44.248 E/WifiTrafficPoller(  851):  packet count Tx=1708545 Rx=5602318
05-17 17:14:44.335 E/WifiStateMachine(  851):  ConnectedState (when=-4ms what=131155 arg1=555!CMD_RSSI_POLL 555 0 "BOCO-office" 94:b4:0f:68:a4:b1 rssi=-49 f=5785 sc=80 link=121 tx=1.3, 0.0, 0.0  rx=30.7 bcn=0 [on:0 tx:0 rx:0 period:2994] from screen [on:0 period:551043406] gl rssi=-49 ag=0 hr ticks 297,76,43 ls-=0 [56,56,56,56,61] brc=0 lrc=0
05-17 17:14:44.337 E/WifiStateMachine(  851):  L2ConnectedState (when=-6ms what=131155 arg1=555!CMD_RSSI_POLL 555 0 "BOCO-office" 94:b4:0f:68:a4:b1 rssi=-49 f=5785 sc=80 link=121 tx=1.3, 0.0, 0.0  rx=30.7 bcn=0 [on:0 tx:0 rx:0 period:3] from screen [on:0 period:551043409] gl rssi=-49 ag=0 hr ticks 297,76,43 ls-=0 [56,56,56,56,61] brc=0 lrc=0
05-17 17:14:44.337 E/WifiStateMachine(  851):  get link layer stats 0
05-17 17:14:44.362 E/WifiStateMachine(  851): calculateWifiScore() we set wifi's score to 1000, so will always set wifi as a default network.
05-17 17:14:45.248 E/WifiTrafficPoller(  851): TRAFFIC_STATS_POLL true Token 2478 num clients 20
05-17 17:14:45.249 E/WifiTrafficPoller(  851):  packet count Tx=1708545 Rx=5602326
05-17 17:14:45.315 E/DaemonThread(32670): countProcess => 0
05-17 17:14:46.250 E/WifiTrafficPoller(  851): TRAFFIC_STATS_POLL true Token 2478 num clients 20
05-17 17:14:46.251 E/WifiTrafficPoller(  851):  packet count Tx=1708551 Rx=5602341
05-17 17:14:46.251 E/WifiTrafficPoller(  851): notifying of data activity 3
05-17 17:14:46.547 E/memtrack( 3753): Couldn't load memtrack module (No such file or directory)
05-17 17:14:46.547 E/android.os.Debug( 3753): failed to load memtrack module: -2
05-17 17:14:47.253 E/WifiTrafficPoller(  851): TRAFFIC_STATS_POLL true Token 2478 num clients 20
05-17 17:14:47.253 E/WifiTrafficPoller(  851):  packet count Tx=1708551 Rx=5602345
05-17 17:14:47.253 E/WifiTrafficPoller(  851): notifying of data activity 1
05-17 17:14:47.364 E/WifiStateMachine(  851):  ConnectedState (when=-1ms what=131155 arg1=555!CMD_RSSI_POLL 555 0 "BOCO-office" 94:b4:0f:68:a4:b1 rssi=-49 f=5785 sc=80 link=121 tx=0.6, 0.0, 0.0  rx=24.3 bcn=0 [on:0 tx:0 rx:0 period:2993] from screen [on:0 period:551046436] gl rssi=-49 ag=0 hr ticks 297,76,43 ls-=0 [56,56,56,56,61] brc=0 lrc=0
05-17 17:14:47.364 E/WifiStateMachine(  851):  L2ConnectedState (when=-2ms what=131155 arg1=555!CMD_RSSI_POLL 555 0 "BOCO-office" 94:b4:0f:68:a4:b1 rssi=-49 f=5785 sc=80 link=121 tx=0.6, 0.0, 0.0  rx=24.3 bcn=0 [on:0 tx:0 rx:0 period:0] from screen [on:0 period:551046436] gl rssi=-49 ag=0 hr ticks 297,76,43 ls-=0 [56,56,56,56,61] brc=0 lrc=0
05-17 17:14:47.364 E/WifiStateMachine(  851):  get link layer stats 0
05-17 17:14:47.368 E/memtrack( 3771): Couldn't load memtrack module (No such file or directory)
05-17 17:14:47.368 E/android.os.Debug( 3771): failed to load memtrack module: -2
05-17 17:14:47.380 E/WifiStateMachine(  851): calculateWifiScore() we set wifi's score to 1000, so will always set wifi as a default network.
05-17 17:14:48.255 E/WifiTrafficPoller(  851): TRAFFIC_STATS_POLL true Token 2478 num clients 20
05-17 17:14:48.256 E/WifiTrafficPoller(  851):  packet count Tx=1708551 Rx=5602351
05-17 17:14:48.880 E/memtrack( 3789): Couldn't load memtrack module (No such file or directory)
05-17 17:14:48.880 E/android.os.Debug( 3789): failed to load memtrack module: -2
05-17 17:14:49.258 E/WifiTrafficPoller(  851): TRAFFIC_STATS_POLL true Token 2478 num clients 20
05-17 17:14:49.258 E/WifiTrafficPoller(  851):  packet count Tx=1708551 Rx=5602360
05-17 17:14:50.259 E/WifiTrafficPoller(  851): TRAFFIC_STATS_POLL true Token 2478 num clients 20
05-17 17:14:50.259 E/WifiTrafficPoller(  851):  packet count Tx=1708551 Rx=5602371
05-17 17:14:50.357 E/memtrack( 3808): Couldn't load memtrack module (No such file or directory)
05-17 17:14:50.357 E/android.os.Debug( 3808): failed to load memtrack module: -2
05-17 17:14:50.383 E/WifiStateMachine(  851):  ConnectedState (when=-3ms what=131155 arg1=555!CMD_RSSI_POLL 555 0 "BOCO-office" 94:b4:0f:68:a4:b1 rssi=-49 f=5785 sc=80 link=121 tx=3.3, 0.0, 0.0  rx=26.2 bcn=0 [on:0 tx:0 rx:0 period:3001] from screen [on:0 period:551049455] gl rssi=-49 ag=0 hr ticks 297,76,43 ls-=0 [56,56,56,56,61] brc=0 lrc=0
05-17 17:14:50.384 E/WifiStateMachine(  851):  L2ConnectedState (when=-4ms what=131155 arg1=555!CMD_RSSI_POLL 555 0 "BOCO-office" 94:b4:0f:68:a4:b1 rssi=-49 f=5785 sc=80 link=121 tx=3.3, 0.0, 0.0  rx=26.2 bcn=0 [on:0 tx:0 rx:0 period:1] from screen [on:0 period:551049456] gl rssi=-49 ag=0 hr ticks 297,76,43 ls-=0 [56,56,56,56,61] brc=0 lrc=0
05-17 17:14:50.384 E/WifiStateMachine(  851):  get link layer stats 0
05-17 17:14:50.400 E/WifiStateMachine(  851): calculateWifiScore() we set wifi's score to 1000, so will always set wifi as a default network.
05-17 17:14:51.102 E/memtrack( 3825): Couldn't load memtrack module (No such file or directory)
05-17 17:14:51.102 E/android.os.Debug( 3825): failed to load memtrack module: -2
05-17 17:14:51.261 E/WifiTrafficPoller(  851): TRAFFIC_STATS_POLL true Token 2478 num clients 20
05-17 17:14:51.262 E/WifiTrafficPoller(  851):  packet count Tx=1708552 Rx=5602384
05-17 17:14:51.262 E/WifiTrafficPoller(  851): notifying of data activity 3
05-17 17:14:52.179 E/memtrack( 3843): Couldn't load memtrack module (No such file or directory)
05-17 17:14:52.179 E/android.os.Debug( 3843): failed to load memtrack module: -2
05-17 17:14:52.268 E/WifiTrafficPoller(  851): TRAFFIC_STATS_POLL true Token 2478 num clients 20
05-17 17:14:52.269 E/WifiTrafficPoller(  851):  packet count Tx=1708552 Rx=5602395
05-17 17:14:52.269 E/WifiTrafficPoller(  851): notifying of data activity 1
05-17 17:14:53.272 E/memtrack( 3862): Couldn't load memtrack module (No such file or directory)
05-17 17:14:53.272 E/android.os.Debug( 3862): failed to load memtrack module: -2
05-17 17:14:53.273 E/WifiTrafficPoller(  851): TRAFFIC_STATS_POLL true Token 2478 num clients 20
05-17 17:14:53.273 E/WifiTrafficPoller(  851):  packet count Tx=1708552 Rx=5602402
05-17 17:14:53.404 E/WifiStateMachine(  851):  ConnectedState (when=-3ms what=131155 arg1=555!CMD_RSSI_POLL 555 0 "BOCO-office" 94:b4:0f:68:a4:b1 rssi=-49 f=5785 sc=80 link=121 tx=1.7, 0.0, 0.0  rx=27.6 bcn=0 [on:0 tx:0 rx:0 period:3002] from screen [on:0 period:551052476] gl rssi=-49 ag=0 hr ticks 297,76,43 ls-=0 [56,56,56,56,61] brc=0 lrc=0
05-17 17:14:53.405 E/WifiStateMachine(  851):  L2ConnectedState (when=-4ms what=131155 arg1=555!CMD_RSSI_POLL 555 0 "BOCO-office" 94:b4:0f:68:a4:b1 rssi=-49 f=5785 sc=80 link=121 tx=1.7, 0.0, 0.0  rx=27.6 bcn=0 [on:0 tx:0 rx:0 period:1] from screen [on:0 period:551052477] gl rssi=-49 ag=0 hr ticks 297,76,43 ls-=0 [56,56,56,56,61] brc=0 lrc=0
05-17 17:14:53.405 E/WifiStateMachine(  851):  get link layer stats 0
05-17 17:14:53.420 E/WifiStateMachine(  851): calculateWifiScore() we set wifi's score to 1000, so will always set wifi as a default network.
05-17 17:14:54.265 E/memtrack( 3901): Couldn't load memtrack module (No such file or directory)
05-17 17:14:54.265 E/android.os.Debug( 3901): failed to load memtrack module: -2
05-17 17:14:54.275 E/WifiTrafficPoller(  851): TRAFFIC_STATS_POLL true Token 2478 num clients 20
05-17 17:14:54.275 E/WifiTrafficPoller(  851):  packet count Tx=1708554 Rx=5602416
05-17 17:14:54.275 E/WifiTrafficPoller(  851): notifying of data activity 3
05-17 17:14:55.276 E/WifiTrafficPoller(  851): TRAFFIC_STATS_POLL true Token 2478 num clients 20
05-17 17:14:55.278 E/WifiTrafficPoller(  851):  packet count Tx=1708554 Rx=5602425
05-17 17:14:55.278 E/WifiTrafficPoller(  851): notifying of data activity 1
05-17 17:14:55.964 E/memtrack( 3922): Couldn't load memtrack module (No such file or directory)
05-17 17:14:55.964 E/android.os.Debug( 3922): failed to load memtrack module: -2
05-17 17:14:56.280 E/WifiTrafficPoller(  851): TRAFFIC_STATS_POLL true Token 2478 num clients 20
05-17 17:14:56.280 E/WifiTrafficPoller(  851):  packet count Tx=1708554 Rx=5602435
05-17 17:14:56.423 E/WifiStateMachine(  851):  ConnectedState (when=-3ms what=131155 arg1=555!CMD_RSSI_POLL 555 0 "BOCO-office" 94:b4:0f:68:a4:b1 rssi=-48 f=5785 sc=80 link=121 tx=1.3, 0.0, 0.0  rx=28.3 bcn=0 [on:0 tx:0 rx:0 period:3000] from screen [on:0 period:551055495] gl rssi=-48 ag=0 hr ticks 297,76,43 ls-=0 [56,56,56,56,61] brc=0 lrc=0
05-17 17:14:56.424 E/WifiStateMachine(  851):  L2ConnectedState (when=-4ms what=131155 arg1=555!CMD_RSSI_POLL 555 0 "BOCO-office" 94:b4:0f:68:a4:b1 rssi=-48 f=5785 sc=80 link=121 tx=1.3, 0.0, 0.0  rx=28.3 bcn=0 [on:0 tx:0 rx:0 period:1] from screen [on:0 period:551055496] gl rssi=-48 ag=0 hr ticks 297,76,43 ls-=0 [56,56,56,56,61] brc=0 lrc=0
05-17 17:14:56.424 E/WifiStateMachine(  851):  get link layer stats 0
05-17 17:14:56.440 E/WifiStateMachine(  851): calculateWifiScore() we set wifi's score to 1000, so will always set wifi as a default network.
05-17 17:14:56.752 E/memtrack( 3940): Couldn't load memtrack module (No such file or directory)
05-17 17:14:56.752 E/android.os.Debug( 3940): failed to load memtrack module: -2
05-17 17:14:57.280 E/WifiTrafficPoller(  851): TRAFFIC_STATS_POLL true Token 2478 num clients 20
05-17 17:14:57.281 E/WifiTrafficPoller(  851):  packet count Tx=1708554 Rx=5602439
05-17 17:14:58.283 E/WifiTrafficPoller(  851): TRAFFIC_STATS_POLL true Token 2478 num clients 20
05-17 17:14:58.283 E/WifiTrafficPoller(  851):  packet count Tx=1708555 Rx=5602451
05-17 17:14:58.283 E/WifiTrafficPoller(  851): notifying of data activity 3
05-17 17:14:59.285 E/WifiTrafficPoller(  851): TRAFFIC_STATS_POLL true Token 2478 num clients 20
05-17 17:14:59.286 E/WifiTrafficPoller(  851):  packet count Tx=1708555 Rx=5602458
05-17 17:14:59.286 E/WifiTrafficPoller(  851): notifying of data activity 1
05-17 17:14:59.442 E/WifiStateMachine(  851):  ConnectedState (when=-1ms what=131155 arg1=555!CMD_RSSI_POLL 555 0 "BOCO-office" 94:b4:0f:68:a4:b1 rssi=-49 f=5785 sc=80 link=121 tx=1.7, 0.0, 0.0  rx=29.6 bcn=0 [on:0 tx:0 rx:0 period:2998] from screen [on:0 period:551058514] gl rssi=-49 ag=0 hr ticks 297,76,43 ls-=0 [56,56,56,56,61] brc=0 lrc=0
05-17 17:14:59.447 E/WifiStateMachine(  851):  L2ConnectedState (when=-6ms what=131155 arg1=555!CMD_RSSI_POLL 555 0 "BOCO-office" 94:b4:0f:68:a4:b1 rssi=-49 f=5785 sc=80 link=121 tx=1.7, 0.0, 0.0  rx=29.6 bcn=0 [on:0 tx:0 rx:0 period:5] from screen [on:0 period:551058519] gl rssi=-49 ag=0 hr ticks 297,76,43 ls-=0 [56,56,56,56,61] brc=0 lrc=0
05-17 17:14:59.448 E/WifiStateMachine(  851):  get link layer stats 0
05-17 17:14:59.473 E/WifiStateMachine(  851): calculateWifiScore() we set wifi's score to 1000, so will always set wifi as a default network.
05-17 17:15:00.301 E/WifiTrafficPoller(  851): TRAFFIC_STATS_POLL true Token 2478 num clients 20
05-17 17:15:00.301 E/WifiTrafficPoller(  851):  packet count Tx=1708555 Rx=5602462
05-17 17:15:01.303 E/WifiTrafficPoller(  851): TRAFFIC_STATS_POLL true Token 2478 num clients 20
05-17 17:15:01.304 E/WifiTrafficPoller(  851):  packet count Tx=1708555 Rx=5602466
05-17 17:15:02.103 E/memtrack( 3965): Couldn't load memtrack module (No such file or directory)
05-17 17:15:02.103 E/android.os.Debug( 3965): failed to load memtrack module: -2
05-17 17:15:02.305 E/WifiTrafficPoller(  851): TRAFFIC_STATS_POLL true Token 2478 num clients 20
05-17 17:15:02.306 E/WifiTrafficPoller(  851):  packet count Tx=1708556 Rx=5602477
05-17 17:15:02.306 E/WifiTrafficPoller(  851): notifying of data activity 3
05-17 17:15:02.476 E/WifiStateMachine(  851):  ConnectedState (when=-2ms what=131155 arg1=555!CMD_RSSI_POLL 555 0 "BOCO-office" 94:b4:0f:68:a4:b1 rssi=-49 f=5785 sc=80 link=121 tx=1.3, 0.0, 0.0  rx=26.8 bcn=0 [on:0 tx:0 rx:0 period:2987] from screen [on:0 period:551061548] gl rssi=-49 ag=0 hr ticks 297,76,43 ls-=0 [56,56,56,56,61] brc=0 lrc=0
05-17 17:15:02.477 E/WifiStateMachine(  851):  L2ConnectedState (when=-3ms what=131155 arg1=555!CMD_RSSI_POLL 555 0 "BOCO-office" 94:b4:0f:68:a4:b1 rssi=-49 f=5785 sc=80 link=121 tx=1.3, 0.0, 0.0  rx=26.8 bcn=0 [on:0 tx:0 rx:0 period:1] from screen [on:0 period:551061549] gl rssi=-49 ag=0 hr ticks 297,76,43 ls-=0 [56,56,56,56,61] brc=0 lrc=0
05-17 17:15:02.477 E/WifiStateMachine(  851):  get link layer stats 0
05-17 17:15:02.480 E/WifiStateMachine(  851): calculateWifiScore() we set wifi's score to 1000, so will always set wifi as a default network.
05-17 17:15:03.323 E/WifiTrafficPoller(  851): TRAFFIC_STATS_POLL true Token 2478 num clients 20
05-17 17:15:03.325 E/WifiTrafficPoller(  851):  packet count Tx=1708556 Rx=5602489
05-17 17:15:03.325 E/WifiTrafficPoller(  851): notifying of data activity 1
05-17 17:15:04.018 E/UndealCount.QZoneUnreadServletLogic( 2591): creditlevel:2 message:
05-17 17:15:04.333 E/WifiTrafficPoller(  851): TRAFFIC_STATS_POLL true Token 2478 num clients 20
05-17 17:15:04.333 E/WifiTrafficPoller(  851):  packet count Tx=1708559 Rx=5602508
05-17 17:15:04.333 E/WifiTrafficPoller(  851): notifying of data activity 3
05-17 17:15:05.335 E/WifiTrafficPoller(  851): TRAFFIC_STATS_POLL true Token 2478 num clients 20
05-17 17:15:05.336 E/WifiTrafficPoller(  851):  packet count Tx=1708559 Rx=5602512
05-17 17:15:05.336 E/WifiTrafficPoller(  851): notifying of data activity 1
05-17 17:15:05.421 E/memtrack( 3990): Couldn't load memtrack module (No such file or directory)
05-17 17:15:05.421 E/android.os.Debug( 3990): failed to load memtrack module: -2
05-17 17:15:05.482 E/WifiStateMachine(  851):  ConnectedState (when=-2ms what=131155 arg1=555!CMD_RSSI_POLL 555 0 "BOCO-office" 94:b4:0f:68:a4:b1 rssi=-51 f=5785 sc=80 link=121 tx=1.2, 0.0, 0.0  rx=23.4 bcn=0 [on:0 tx:0 rx:0 period:3000] from screen [on:0 period:551064554] gl rssi=-51 ag=0 hr ticks 297,76,43 ls-=0 [56,56,56,56,61] brc=0 lrc=0
05-17 17:15:05.485 E/WifiStateMachine(  851):  L2ConnectedState (when=-2ms what=131155 arg1=555!CMD_RSSI_POLL 555 0 "BOCO-office" 94:b4:0f:68:a4:b1 rssi=-51 f=5785 sc=80 link=121 tx=1.2, 0.0, 0.0  rx=23.4 bcn=0 [on:0 tx:0 rx:0 period:3] from screen [on:0 period:551064557] gl rssi=-51 ag=0 hr ticks 297,76,43 ls-=0 [56,56,56,56,61] brc=0 lrc=0
05-17 17:15:05.485 E/WifiStateMachine(  851):  get link layer stats 0
05-17 17:15:05.501 E/WifiStateMachine(  851): calculateWifiScore() we set wifi's score to 1000, so will always set wifi as a default network.
05-17 17:15:06.231 E/memtrack( 4007): Couldn't load memtrack module (No such file or directory)
05-17 17:15:06.231 E/android.os.Debug( 4007): failed to load memtrack module: -2
05-17 17:15:06.338 E/WifiTrafficPoller(  851): TRAFFIC_STATS_POLL true Token 2478 num clients 20
05-17 17:15:06.338 E/WifiTrafficPoller(  851):  packet count Tx=1708559 Rx=5602522
05-17 17:15:06.719 E/AppStore.AppstoreProvider(30673): AppstoreProvider:delete:160128-358=>delete failed PACKAGE_REPLACE
05-17 17:15:06.792 E/NotificationService(  851): Suppressing notification from package com.qihoo.appstore by user request.
05-17 17:15:07.287 E/NotificationService(  851): Suppressing notification from package com.qihoo.appstore by user request.
05-17 17:15:07.339 E/WifiTrafficPoller(  851): TRAFFIC_STATS_POLL true Token 2478 num clients 20
05-17 17:15:07.339 E/WifiTrafficPoller(  851):  packet count Tx=1708559 Rx=5602526
05-17 17:15:07.506 E/AppFeature( 4227): gyroscope_check2_delay_game_support--false
05-17 17:15:07.506 E/AppFeature( 4227): ktv_sound_support--true
05-17 17:15:07.506 E/AppFeature( 4227): flashlight_calibration_support--true
05-17 17:15:07.506 E/AppFeature( 4227): flashlight_support--false
05-17 17:15:07.506 E/AppFeature( 4227): fm_support--true
05-17 17:15:07.506 E/AppFeature( 4227): hardware_adc_version_support--true
05-17 17:15:07.506 E/AppFeature( 4227): camera_noi_red_support--false
05-17 17:15:07.506 E/AppFeature( 4227): new_camera_support--false
05-17 17:15:07.506 E/AppFeature( 4227): new_hand_write_test_support--true
05-17 17:15:07.506 E/AppFeature( 4227): smart_amprifier_support--true
05-17 17:15:07.506 E/AppFeature( 4227): udisk_cali_support--false
05-17 17:15:07.506 E/AppFeature( 4227): electronic_compass_support--true
05-17 17:15:07.506 E/AppFeature( 4227): gyroscope_support--false
05-17 17:15:07.506 E/AppFeature( 4227): camera_and_focus_key_test_support--false
05-17 17:15:07.506 E/AppFeature( 4227): gesture_cali_support--false
05-17 17:15:07.506 E/AppFeature( 4227): dual_speaker_support--false
05-17 17:15:07.506 E/AppFeature( 4227): smart_spearker_amplifier_cali_support--true
05-17 17:15:07.506 E/AppFeature( 4227): right_speaker_support--false
05-17 17:15:07.506 E/AppFeature( 4227): sub_echo_support--false
05-17 17:15:07.506 E/AppFeature( 4227): fingercoverage_support--true
05-17 17:15:07.506 E/AppFeature( 4227): speaker_resdetect_support--true
05-17 17:15:07.506 E/AppFeature( 4227): hifi_support--true
05-17 17:15:07.506 E/AppFeature( 4227): phone_type_support--false
05-17 17:15:07.506 E/AppFeature( 4227): sdcard_hot_plug_support--true
05-17 17:15:07.506 E/AppFeature( 4227): flash_light_cali_support--true
05-17 17:15:07.506 E/AppFeature( 4227): fingerprint_support--true
05-17 17:15:07.506 E/AppFeature( 4227): qcom_modem_version_support--false
05-17 17:15:07.506 E/AppFeature( 4227): charger_test_support--true
05-17 17:15:07.506 E/AppFeature( 4227): battery_info_support--true
05-17 17:15:07.506 E/AppFeature( 4227): 3g_test_support--false
05-17 17:15:07.506 E/AppFeature( 4227): dual_light_support--false
05-17 17:15:07.506 E/AppFeature( 4227): button_light_support--false
05-17 17:15:07.506 E/AppFeature( 4227): virtual_sim--true
05-17 17:15:07.506 E/AppFeature( 4227): camera_pdaf--true
05-17 17:15:07.506 E/AppFeature( 4227): gsensor_lis3dh_support--false
05-17 17:15:07.506 E/AppFeature( 4227): touch_panel_devices_support--true
05-17 17:15:07.506 E/AppFeature( 4227): em_proximity_gesture_support--false
05-17 17:15:07.506 E/AppFeature( 4227): double_flashlight_verify_support--false
05-17 17:15:07.506 E/AppFeature( 4227): lcd_color_cali_support--false
05-17 17:15:07.506 E/AppFeature( 4227): double_hifi_support--false
05-17 17:15:07.506 E/AppFeature( 4227): music_test_rom1_0_ex_support--false
05-17 17:15:07.506 E/AppFeature( 4227): version_info_support--false
05-17 17:15:07.506 E/AppFeature( 4227): net_banding_set_support--false
05-17 17:15:07.506 E/AppFeature( 4227): kernel_accelerometer_support--
05-17 17:15:07.506 E/AppFeature( 4227): lcm_chroma_adjust_support--false
05-17 17:15:07.506 E/AppFeature( 4227): left_speaker_support--false
05-17 17:15:07.710 E/memtrack( 4253): Couldn't load memtrack module (No such file or directory)
05-17 17:15:07.710 E/android.os.Debug( 4253): failed to load memtrack module: -2
05-17 17:15:07.921 E/MPlugin ( 4050): Unsupported class: com.mediatek.common.telephony.IOnlyOwnerSimSupport
05-17 17:15:07.956 E/SurfaceFlinger(  285): onDraw: bindTextureImage test
05-17 17:15:07.973 E/SurfaceFlinger(  285): onDraw: bindTextureImage test
05-17 17:15:07.990 E/SurfaceFlinger(  285): onDraw: bindTextureImage test
05-17 17:15:08.007 E/SurfaceFlinger(  285): onDraw: bindTextureImage test
05-17 17:15:08.024 E/SurfaceFlinger(  285): onDraw: bindTextureImage test
05-17 17:15:08.041 E/SurfaceFlinger(  285): onDraw: bindTextureImage test
05-17 17:15:08.058 E/SurfaceFlinger(  285): onDraw: bindTextureImage test
05-17 17:15:08.074 E/SurfaceFlinger(  285): onDraw: bindTextureImage test
05-17 17:15:08.215 E/PluginFramework( 4050): Didn't find class "com.qihoo360.mobilesafe.api.IPC" on path: DexPathList[[zip file "/data/data/com.qihoo.appstore/Plugin/com.qihoo360.mobilesafe.clean/apk/base-1.apk"],nativeLibraryDirectories=[/data/data/com.qihoo.appstore/Plugin/com.qihoo360.mobilesafe.clean/lib, /vendor/lib, /system/lib]]
05-17 17:15:08.215 E/PluginFramework( 4050): java.lang.ClassNotFoundException: Didn't find class "com.qihoo360.mobilesafe.api.IPC" on path: DexPathList[[zip file "/data/data/com.qihoo.appstore/Plugin/com.qihoo360.mobilesafe.clean/apk/base-1.apk"],nativeLibraryDirectories=[/data/data/com.qihoo.appstore/Plugin/com.qihoo360.mobilesafe.clean/lib, /vendor/lib, /system/lib]]
05-17 17:15:08.215 E/PluginFramework( 4050): 	at dalvik.system.BaseDexClassLoader.findClass(BaseDexClassLoader.java:56)
05-17 17:15:08.215 E/PluginFramework( 4050): 	at java.lang.ClassLoader.loadClass(ClassLoader.java:511)
05-17 17:15:08.215 E/PluginFramework( 4050): 	at com.morgoo.droidplugin.b.a.loadClass(AppStore:74)
05-17 17:15:08.215 E/PluginFramework( 4050): 	at java.lang.ClassLoader.loadClass(ClassLoader.java:469)
05-17 17:15:08.215 E/PluginFramework( 4050): 	at com.qihoo360.i.PluginFramework.a(Clean:71)
05-17 17:15:08.215 E/PluginFramework( 4050): 	at com.qihoo360.i.PluginFramework.init(Clean:49)
05-17 17:15:08.215 E/PluginFramework( 4050): 	at clean.jj.<init>(Clean:500)
05-17 17:15:08.215 E/PluginFramework( 4050): 	at com.qihoo360.mobilesafe.clean.rely.PluginService.onBind(Clean:63)
05-17 17:15:08.215 E/PluginFramework( 4050): 	at com.morgoo.droidplugin.stub.h.c(AppStore:207)
05-17 17:15:08.215 E/PluginFramework( 4050): 	at com.morgoo.droidplugin.stub.h.b(AppStore:275)
05-17 17:15:08.215 E/PluginFramework( 4050): 	at com.morgoo.droidplugin.stub.AbstractServiceStub.onBind(AppStore:145)
05-17 17:15:08.215 E/PluginFramework( 4050): 	at android.app.ActivityThread.handleBindService(ActivityThread.java:3073)
05-17 17:15:08.215 E/PluginFramework( 4050): 	at android.app.ActivityThread.access$2000(ActivityThread.java:188)
05-17 17:15:08.215 E/PluginFramework( 4050): 	at android.app.ActivityThread$H.handleMessage(ActivityThread.java:1609)
05-17 17:15:08.215 E/PluginFramework( 4050): 	at android.os.Handler.dispatchMessage(Handler.java:111)
05-17 17:15:08.215 E/PluginFramework( 4050): 	at android.os.Looper.loop(Looper.java:194)
05-17 17:15:08.215 E/PluginFramework( 4050): 	at android.app.ActivityThread.main(ActivityThread.java:5714)
05-17 17:15:08.215 E/PluginFramework( 4050): 	at java.lang.reflect.Method.invoke(Native Method)
05-17 17:15:08.215 E/PluginFramework( 4050): 	at java.lang.reflect.Method.invoke(Method.java:372)
05-17 17:15:08.215 E/PluginFramework( 4050): 	at com.android.internal.os.ZygoteInit$MethodAndArgsCaller.run(ZygoteInit.java:984)
05-17 17:15:08.215 E/PluginFramework( 4050): 	at com.android.internal.os.ZygoteInit.main(ZygoteInit.java:779)
05-17 17:15:08.215 E/PluginFramework( 4050): 	Suppressed: java.lang.ClassNotFoundException: Didn't find class "com.qihoo360.mobilesafe.api.IPC" on path: DexPathList[[directory "."],nativeLibraryDirectories=[/vendor/lib, /system/lib]]
05-17 17:15:08.215 E/PluginFramework( 4050): 		at dalvik.system.BaseDexClassLoader.findClass(BaseDexClassLoader.java:56)
05-17 17:15:08.215 E/PluginFramework( 4050): 		at java.lang.ClassLoader.loadClass(ClassLoader.java:511)
05-17 17:15:08.215 E/PluginFramework( 4050): 		at java.lang.ClassLoader.loadClass(ClassLoader.java:504)
05-17 17:15:08.215 E/PluginFramework( 4050): 		... 19 more
05-17 17:15:08.215 E/PluginFramework( 4050): 		Suppressed: java.lang.ClassNotFoundException: com.qihoo360.mobilesafe.api.IPC
05-17 17:15:08.215 E/PluginFramework( 4050): 			at java.lang.Class.classForName(Native Method)
05-17 17:15:08.215 E/PluginFramework( 4050): 			at java.lang.BootClassLoader.findClass(ClassLoader.java:781)
05-17 17:15:08.215 E/PluginFramework( 4050): 			at java.lang.BootClassLoader.loadClass(ClassLoader.java:841)
05-17 17:15:08.215 E/PluginFramework( 4050): 			at java.lang.ClassLoader.loadClass(ClassLoader.java:504)
05-17 17:15:08.215 E/PluginFramework( 4050): 			... 20 more
05-17 17:15:08.215 E/PluginFramework( 4050): 		Caused by: java.lang.NoClassDefFoundError: Class not found using the boot class loader; no stack available
05-17 17:15:08.339 E/WifiTrafficPoller(  851): TRAFFIC_STATS_POLL true Token 2478 num clients 20
05-17 17:15:08.339 E/WifiTrafficPoller(  851):  packet count Tx=1708559 Rx=5602532
05-17 17:15:08.504 E/WifiStateMachine(  851):  ConnectedState (when=-2ms what=131155 arg1=555!CMD_RSSI_POLL 555 0 "BOCO-office" 94:b4:0f:68:a4:b1 rssi=-50 f=5785 sc=80 link=121 tx=2.1, 0.0, 0.0  rx=28.2 bcn=0 [on:0 tx:0 rx:0 period:3000] from screen [on:0 period:551067575] gl rssi=-50 ag=0 hr ticks 297,76,43 ls-=0 [56,56,56,56,61] brc=0 lrc=0
05-17 17:15:08.504 E/WifiStateMachine(  851):  L2ConnectedState (when=-3ms what=131155 arg1=555!CMD_RSSI_POLL 555 0 "BOCO-office" 94:b4:0f:68:a4:b1 rssi=-50 f=5785 sc=80 link=121 tx=2.1, 0.0, 0.0  rx=28.2 bcn=0 [on:0 tx:0 rx:0 period:1] from screen [on:0 period:551067576] gl rssi=-50 ag=0 hr ticks 297,76,43 ls-=0 [56,56,56,56,61] brc=0 lrc=0
05-17 17:15:08.504 E/WifiStateMachine(  851):  get link layer stats 0
05-17 17:15:08.520 E/WifiStateMachine(  851): calculateWifiScore() we set wifi's score to 1000, so will always set wifi as a default network.
05-17 17:15:08.907 E/MPlugin ( 4376): Unsupported class: com.mediatek.common.telephony.IOnlyOwnerSimSupport
05-17 17:15:09.004 E/VivoGame.GameProvider( 4376): update table game_item failed
05-17 17:15:09.023 E/VivoGame.GameProvider( 4376): update table game_item failed
05-17 17:15:09.037 E/VivoGame.GameProvider( 4376): update table game_item failed
05-17 17:15:09.340 E/WifiTrafficPoller(  851): TRAFFIC_STATS_POLL true Token 2478 num clients 20
05-17 17:15:09.340 E/WifiTrafficPoller(  851):  packet count Tx=1708570 Rx=5602552
05-17 17:15:09.340 E/WifiTrafficPoller(  851): notifying of data activity 3
05-17 17:15:09.508 E/fpc_jni ( 1924): abortNative()
05-17 17:15:10.341 E/WifiTrafficPoller(  851): TRAFFIC_STATS_POLL true Token 2478 num clients 20
05-17 17:15:10.342 E/WifiTrafficPoller(  851):  packet count Tx=1708571 Rx=5602570
05-17 17:15:11.342 E/WifiTrafficPoller(  851): TRAFFIC_STATS_POLL true Token 2478 num clients 20
05-17 17:15:11.343 E/WifiTrafficPoller(  851):  packet count Tx=1708571 Rx=5602578
05-17 17:15:11.344 E/WifiTrafficPoller(  851): notifying of data activity 1
05-17 17:15:11.524 E/WifiStateMachine(  851):  ConnectedState (when=-4ms what=131155 arg1=555!CMD_RSSI_POLL 555 0 "BOCO-office" 94:b4:0f:68:a4:b1 rssi=-49 f=5785 sc=80 link=121 tx=1.0, 0.0, 0.0  rx=24.6 bcn=0 [on:0 tx:0 rx:0 period:3003] from screen [on:0 period:551070596] gl rssi=-49 ag=0 hr ticks 297,76,43 ls-=0 [56,56,56,56,61] brc=0 lrc=0
05-17 17:15:11.526 E/WifiStateMachine(  851):  L2ConnectedState (when=-5ms what=131155 arg1=555!CMD_RSSI_POLL 555 0 "BOCO-office" 94:b4:0f:68:a4:b1 rssi=-49 f=5785 sc=80 link=121 tx=1.0, 0.0, 0.0  rx=24.6 bcn=0 [on:0 tx:0 rx:0 period:1] from screen [on:0 period:551070597] gl rssi=-49 ag=0 hr ticks 297,76,43 ls-=0 [56,56,56,56,61] brc=0 lrc=0
05-17 17:15:11.526 E/WifiStateMachine(  851):  get link layer stats 0
05-17 17:15:11.540 E/WifiStateMachine(  851): calculateWifiScore() we set wifi's score to 1000, so will always set wifi as a default network.
05-17 17:15:11.798 E/SurfaceFlinger(  285): onDraw: bindTextureImage test
05-17 17:15:11.809 E/SurfaceFlinger(  285): onDraw: bindTextureImage test
05-17 17:15:11.826 E/SurfaceFlinger(  285): onDraw: bindTextureImage test
05-17 17:15:11.843 E/SurfaceFlinger(  285): onDraw: bindTextureImage test
05-17 17:15:11.860 E/SurfaceFlinger(  285): onDraw: bindTextureImage test
05-17 17:15:11.877 E/SurfaceFlinger(  285): onDraw: bindTextureImage test
05-17 17:15:11.894 E/SurfaceFlinger(  285): onDraw: bindTextureImage test
05-17 17:15:12.347 E/WifiTrafficPoller(  851): TRAFFIC_STATS_POLL true Token 2478 num clients 20
05-17 17:15:12.348 E/WifiTrafficPoller(  851):  packet count Tx=1708571 Rx=5602596
05-17 17:15:13.349 E/WifiTrafficPoller(  851): TRAFFIC_STATS_POLL true Token 2478 num clients 20
05-17 17:15:13.350 E/WifiTrafficPoller(  851):  packet count Tx=1708571 Rx=5602611
05-17 17:15:14.321 E/memtrack( 4504): Couldn't load memtrack module (No such file or directory)
05-17 17:15:14.321 E/android.os.Debug( 4504): failed to load memtrack module: -2
05-17 17:15:14.350 E/WifiTrafficPoller(  851): TRAFFIC_STATS_POLL true Token 2478 num clients 20
05-17 17:15:14.350 E/WifiTrafficPoller(  851):  packet count Tx=1708571 Rx=5602628
