05-17 17:23:30.014 E/WifiStateMachine(  851):  L2ConnectedState (when=-4ms what=131155 arg1=555!CMD_RSSI_POLL 555 0 "BOCO-office" 94:b4:0f:68:a4:b1 rssi=-50 f=5785 sc=80 link=121 tx=2.2, 0.0, 0.0  rx=37.2 bcn=0 [on:0 tx:0 rx:0 period:1] from screen [on:0 period:551569086] gl rssi=-50 ag=0 hr ticks 297,76,43 ls-=0 [56,56,56,56,61] brc=0 lrc=0
05-17 17:23:30.014 E/WifiStateMachine(  851):  get link layer stats 0
05-17 17:23:30.030 E/WifiStateMachine(  851): calculateWifiScore() we set wifi's score to 1000, so will always set wifi as a default network.
05-17 17:23:30.924 E/WifiTrafficPoller(  851): TRAFFIC_STATS_POLL true Token 2478 num clients 19
05-17 17:23:30.926 E/WifiTrafficPoller(  851):  packet count Tx=1708988 Rx=5609003
05-17 17:23:31.926 E/WifiTrafficPoller(  851): TRAFFIC_STATS_POLL true Token 2478 num clients 19
05-17 17:23:31.928 E/WifiTrafficPoller(  851):  packet count Tx=1708988 Rx=5609014
05-17 17:23:32.928 E/WifiTrafficPoller(  851): TRAFFIC_STATS_POLL true Token 2478 num clients 19
05-17 17:23:32.930 E/WifiTrafficPoller(  851):  packet count Tx=1708988 Rx=5609022
05-17 17:23:33.034 E/WifiStateMachine(  851):  ConnectedState (when=-3ms what=131155 arg1=555!CMD_RSSI_POLL 555 0 "BOCO-office" 94:b4:0f:68:a4:b1 rssi=-50 f=5785 sc=80 link=121 tx=3.6, 0.0, 0.0  rx=38.1 bcn=0 [on:0 tx:0 rx:0 period:3002] from screen [on:0 period:551572106] gl rssi=-50 ag=0 hr ticks 297,76,43 ls-=0 [56,56,56,56,61] brc=0 lrc=0
05-17 17:23:33.037 E/WifiStateMachine(  851):  L2ConnectedState (when=-6ms what=131155 arg1=555!CMD_RSSI_POLL 555 0 "BOCO-office" 94:b4:0f:68:a4:b1 rssi=-50 f=5785 sc=80 link=121 tx=3.6, 0.0, 0.0  rx=38.1 bcn=0 [on:0 tx:0 rx:0 period:3] from screen [on:0 period:551572109] gl rssi=-50 ag=0 hr ticks 297,76,43 ls-=0 [56,56,56,56,61] brc=0 lrc=0
05-17 17:23:33.037 E/WifiStateMachine(  851):  get link layer stats 0
05-17 17:23:33.062 E/WifiStateMachine(  851): calculateWifiScore() we set wifi's score to 1000, so will always set wifi as a default network.
05-17 17:23:33.299 E/SurfaceFlinger(  285): onDraw: bindTextureImage test
05-17 17:23:33.315 E/SurfaceFlinger(  285): onDraw: bindTextureImage test
05-17 17:23:33.349 E/SurfaceFlinger(  285): onDraw: bindTextureImage test
05-17 17:23:33.365 E/SurfaceFlinger(  285): onDraw: bindTextureImage test
05-17 17:23:33.383 E/SurfaceFlinger(  285): onDraw: bindTextureImage test
05-17 17:23:33.400 E/SurfaceFlinger(  285): onDraw: bindTextureImage test
05-17 17:23:33.450 E/SurfaceFlinger(  285): onDraw: bindTextureImage test
05-17 17:23:33.471 E/SurfaceFlinger(  285): onDraw: bindTextureImage test
05-17 17:23:33.485 E/SurfaceFlinger(  285): onDraw: bindTextureImage test
05-17 17:23:33.500 E/SurfaceFlinger(  285): onDraw: bindTextureImage test
05-17 17:23:33.518 E/SurfaceFlinger(  285): onDraw: bindTextureImage test
05-17 17:23:33.535 E/SurfaceFlinger(  285): onDraw: bindTextureImage test
05-17 17:23:33.551 E/SurfaceFlinger(  285): onDraw: bindTextureImage test
05-17 17:23:33.568 E/SurfaceFlinger(  285): onDraw: bindTextureImage test
05-17 17:23:33.584 E/SurfaceFlinger(  285): onDraw: bindTextureImage test
05-17 17:23:33.601 E/SurfaceFlinger(  285): onDraw: bindTextureImage test
05-17 17:23:33.618 E/SurfaceFlinger(  285): onDraw: bindTextureImage test
05-17 17:23:33.637 E/SurfaceFlinger(  285): onDraw: bindTextureImage test
05-17 17:23:33.930 E/WifiTrafficPoller(  851): TRAFFIC_STATS_POLL true Token 2478 num clients 19
05-17 17:23:33.931 E/WifiTrafficPoller(  851):  packet count Tx=1708988 Rx=5609031
05-17 17:23:34.206 E/SurfaceFlinger(  285): onDraw: bindTextureImage test
05-17 17:23:34.223 E/SurfaceFlinger(  285): onDraw: bindTextureImage test
05-17 17:23:34.240 E/SurfaceFlinger(  285): onDraw: bindTextureImage test
05-17 17:23:34.257 E/SurfaceFlinger(  285): onDraw: bindTextureImage test
05-17 17:23:34.274 E/SurfaceFlinger(  285): onDraw: bindTextureImage test
05-17 17:23:34.291 E/SurfaceFlinger(  285): onDraw: bindTextureImage test
05-17 17:23:34.308 E/SurfaceFlinger(  285): onDraw: bindTextureImage test
05-17 17:23:34.324 E/SurfaceFlinger(  285): onDraw: bindTextureImage test
05-17 17:23:34.341 E/SurfaceFlinger(  285): onDraw: bindTextureImage test
05-17 17:23:34.358 E/SurfaceFlinger(  285): onDraw: bindTextureImage test
05-17 17:23:34.375 E/SurfaceFlinger(  285): onDraw: bindTextureImage test
05-17 17:23:34.931 E/WifiTrafficPoller(  851): TRAFFIC_STATS_POLL true Token 2478 num clients 19
05-17 17:23:34.931 E/WifiTrafficPoller(  851):  packet count Tx=1708992 Rx=5609043
05-17 17:23:34.931 E/WifiTrafficPoller(  851): notifying of data activity 3
05-17 17:23:35.934 E/WifiTrafficPoller(  851): TRAFFIC_STATS_POLL true Token 2478 num clients 19
05-17 17:23:35.934 E/WifiTrafficPoller(  851):  packet count Tx=1708992 Rx=5609050
05-17 17:23:35.934 E/WifiTrafficPoller(  851): notifying of data activity 1
05-17 17:23:36.066 E/WifiStateMachine(  851):  ConnectedState (when=-4ms what=131155 arg1=555!CMD_RSSI_POLL 555 0 "BOCO-office" 94:b4:0f:68:a4:b1 rssi=-51 f=5785 sc=80 link=121 tx=1.8, 0.0, 0.0  rx=33.5 bcn=0 [on:0 tx:0 rx:0 period:3001] from screen [on:0 period:551575138] gl rssi=-51 ag=0 hr ticks 297,76,43 ls-=0 [56,56,56,56,61] brc=0 lrc=0
05-17 17:23:36.067 E/WifiStateMachine(  851):  L2ConnectedState (when=-5ms what=131155 arg1=555!CMD_RSSI_POLL 555 0 "BOCO-office" 94:b4:0f:68:a4:b1 rssi=-51 f=5785 sc=80 link=121 tx=1.8, 0.0, 0.0  rx=33.5 bcn=0 [on:0 tx:0 rx:0 period:1] from screen [on:0 period:551575139] gl rssi=-51 ag=0 hr ticks 297,76,43 ls-=0 [56,56,56,56,61] brc=0 lrc=0
05-17 17:23:36.067 E/WifiStateMachine(  851):  get link layer stats 0
05-17 17:23:36.071 E/WifiStateMachine(  851): calculateWifiScore() we set wifi's score to 1000, so will always set wifi as a default network.
05-17 17:23:36.715 E/NotificationService(  851): Suppressing notification from package com.qihoo.appstore by user request.
05-17 17:23:36.717 E/NotificationService(  851): Suppressing notification from package com.qihoo.appstore by user request.
05-17 17:23:36.729 E/Launcher.FragmentLoader( 1966): Widget ComponentInfo{net.qihoo.launcher.widget.clockweather/net.qihoo.clockweather.widget.WidgetProvider52} can not fit on this device (1170, 438)
05-17 17:23:36.730 E/Launcher.FragmentLoader( 1966): Widget ComponentInfo{net.qihoo.launcher.widget.clockweather/net.qihoo.clockweather.widget.WidgetProvider51} can not fit on this device (1170, 210)
05-17 17:23:36.935 E/WifiTrafficPoller(  851): TRAFFIC_STATS_POLL true Token 2478 num clients 19
05-17 17:23:36.935 E/WifiTrafficPoller(  851):  packet count Tx=1709013 Rx=5609087
05-17 17:23:36.935 E/WifiTrafficPoller(  851): notifying of data activity 3
05-17 17:23:37.121 E/BCBPackageTask( 1118): Get serviceInfos Error!!
05-17 17:23:37.937 E/WifiTrafficPoller(  851): TRAFFIC_STATS_POLL true Token 2478 num clients 19
05-17 17:23:37.938 E/WifiTrafficPoller(  851):  packet count Tx=1709013 Rx=5609095
05-17 17:23:37.938 E/WifiTrafficPoller(  851): notifying of data activity 1
05-17 17:23:38.491 E/memtrack( 9554): Couldn't load memtrack module (No such file or directory)
05-17 17:23:38.491 E/android.os.Debug( 9554): failed to load memtrack module: -2
05-17 17:23:38.650 E/SurfaceFlinger(  285): onDraw: bindTextureImage test
05-17 17:23:38.667 E/SurfaceFlinger(  285): onDraw: bindTextureImage test
05-17 17:23:38.684 E/SurfaceFlinger(  285): onDraw: bindTextureImage test
05-17 17:23:38.701 E/SurfaceFlinger(  285): onDraw: bindTextureImage test
05-17 17:23:38.718 E/SurfaceFlinger(  285): onDraw: bindTextureImage test
05-17 17:23:38.734 E/SurfaceFlinger(  285): onDraw: bindTextureImage test
05-17 17:23:38.751 E/SurfaceFlinger(  285): onDraw: bindTextureImage test
05-17 17:23:38.768 E/SurfaceFlinger(  285): onDraw: bindTextureImage test
05-17 17:23:38.940 E/WifiTrafficPoller(  851): TRAFFIC_STATS_POLL true Token 2478 num clients 19
05-17 17:23:38.940 E/WifiTrafficPoller(  851):  packet count Tx=1709024 Rx=5609114
05-17 17:23:38.940 E/WifiTrafficPoller(  851): notifying of data activity 3
05-17 17:23:39.074 E/WifiStateMachine(  851):  ConnectedState (when=-3ms what=131155 arg1=555!CMD_RSSI_POLL 555 0 "BOCO-office" 94:b4:0f:68:a4:b1 rssi=-51 f=5785 sc=80 link=121 tx=2.9, 0.0, 0.0  rx=31.8 bcn=0 [on:0 tx:0 rx:0 period:3001] from screen [on:0 period:551578146] gl rssi=-51 ag=0 hr ticks 297,76,43 ls-=0 [56,56,56,56,61] brc=0 lrc=0
05-17 17:23:39.076 E/WifiStateMachine(  851):  L2ConnectedState (when=-4ms what=131155 arg1=555!CMD_RSSI_POLL 555 0 "BOCO-office" 94:b4:0f:68:a4:b1 rssi=-51 f=5785 sc=80 link=121 tx=2.9, 0.0, 0.0  rx=31.8 bcn=0 [on:0 tx:0 rx:0 period:2] from screen [on:0 period:551578148] gl rssi=-51 ag=0 hr ticks 297,76,43 ls-=0 [56,56,56,56,61] brc=0 lrc=0
05-17 17:23:39.076 E/WifiStateMachine(  851):  get link layer stats 0
05-17 17:23:39.080 E/WifiStateMachine(  851): calculateWifiScore() we set wifi's score to 1000, so will always set wifi as a default network.
05-17 17:23:39.626 E/SurfaceFlinger(  285): onDraw: bindTextureImage test
05-17 17:23:39.643 E/SurfaceFlinger(  285): onDraw: bindTextureImage test
05-17 17:23:39.662 E/SurfaceFlinger(  285): onDraw: bindTextureImage test
05-17 17:23:39.677 E/SurfaceFlinger(  285): onDraw: bindTextureImage test
05-17 17:23:39.694 E/SurfaceFlinger(  285): onDraw: bindTextureImage test
05-17 17:23:39.710 E/SurfaceFlinger(  285): onDraw: bindTextureImage test
05-17 17:23:39.727 E/SurfaceFlinger(  285): onDraw: bindTextureImage test
05-17 17:23:39.746 E/SurfaceFlinger(  285): onDraw: bindTextureImage test
05-17 17:23:39.763 E/SurfaceFlinger(  285): onDraw: bindTextureImage test
05-17 17:23:39.780 E/SurfaceFlinger(  285): onDraw: bindTextureImage test
05-17 17:23:39.795 E/SurfaceFlinger(  285): onDraw: bindTextureImage test
05-17 17:23:39.811 E/SurfaceFlinger(  285): onDraw: bindTextureImage test
05-17 17:23:39.829 E/SurfaceFlinger(  285): onDraw: bindTextureImage test
05-17 17:23:39.845 E/SurfaceFlinger(  285): onDraw: bindTextureImage test
05-17 17:23:39.863 E/SurfaceFlinger(  285): onDraw: bindTextureImage test
05-17 17:23:39.879 E/SurfaceFlinger(  285): onDraw: bindTextureImage test
05-17 17:23:39.895 E/SurfaceFlinger(  285): onDraw: bindTextureImage test
05-17 17:23:39.913 E/SurfaceFlinger(  285): onDraw: bindTextureImage test
05-17 17:23:39.942 E/WifiTrafficPoller(  851): TRAFFIC_STATS_POLL true Token 2478 num clients 19
05-17 17:23:39.944 E/WifiTrafficPoller(  851):  packet count Tx=1709024 Rx=5609121
05-17 17:23:39.944 E/WifiTrafficPoller(  851): notifying of data activity 1
05-17 17:23:40.921 E/SurfaceFlinger(  285): onDraw: bindTextureImage test
05-17 17:23:40.938 E/SurfaceFlinger(  285): onDraw: bindTextureImage test
05-17 17:23:40.952 E/WifiTrafficPoller(  851): TRAFFIC_STATS_POLL true Token 2478 num clients 19
05-17 17:23:40.952 E/WifiTrafficPoller(  851):  packet count Tx=1709028 Rx=5609135
05-17 17:23:40.952 E/WifiTrafficPoller(  851): notifying of data activity 3
05-17 17:23:40.955 E/SurfaceFlinger(  285): onDraw: bindTextureImage test
05-17 17:23:40.972 E/SurfaceFlinger(  285): onDraw: bindTextureImage test
05-17 17:23:40.989 E/SurfaceFlinger(  285): onDraw: bindTextureImage test
05-17 17:23:41.005 E/SurfaceFlinger(  285): onDraw: bindTextureImage test
05-17 17:23:41.022 E/SurfaceFlinger(  285): onDraw: bindTextureImage test
05-17 17:23:41.039 E/SurfaceFlinger(  285): onDraw: bindTextureImage test
05-17 17:23:41.056 E/SurfaceFlinger(  285): onDraw: bindTextureImage test
05-17 17:23:41.072 E/SurfaceFlinger(  285): onDraw: bindTextureImage test
05-17 17:23:41.089 E/SurfaceFlinger(  285): onDraw: bindTextureImage test
05-17 17:23:41.954 E/WifiTrafficPoller(  851): TRAFFIC_STATS_POLL true Token 2478 num clients 19
05-17 17:23:41.955 E/WifiTrafficPoller(  851):  packet count Tx=1709028 Rx=5609142
05-17 17:23:41.955 E/WifiTrafficPoller(  851): notifying of data activity 1
05-17 17:23:42.082 E/WifiStateMachine(  851):  ConnectedState (when=-2ms what=131155 arg1=555!CMD_RSSI_POLL 555 0 "BOCO-office" 94:b4:0f:68:a4:b1 rssi=-51 f=5785 sc=80 link=121 tx=17.5, 0.0, 0.0  rx=46.9 bcn=0 [on:0 tx:0 rx:0 period:3000] from screen [on:0 period:551581154] gl rssi=-51 ag=0 hr ticks 297,76,43 ls-=0 [56,56,60,60,65] brc=0 lrc=0
05-17 17:23:42.083 E/WifiStateMachine(  851):  L2ConnectedState (when=-3ms what=131155 arg1=555!CMD_RSSI_POLL 555 0 "BOCO-office" 94:b4:0f:68:a4:b1 rssi=-51 f=5785 sc=80 link=121 tx=17.5, 0.0, 0.0  rx=46.9 bcn=0 [on:0 tx:0 rx:0 period:1] from screen [on:0 period:551581155] gl rssi=-51 ag=0 hr ticks 297,76,43 ls-=0 [56,56,60,60,65] brc=0 lrc=0
05-17 17:23:42.083 E/WifiStateMachine(  851):  get link layer stats 0
05-17 17:23:42.101 E/WifiStateMachine(  851): calculateWifiScore() we set wifi's score to 1000, so will always set wifi as a default network.
05-17 17:23:42.956 E/WifiTrafficPoller(  851): TRAFFIC_STATS_POLL true Token 2478 num clients 19
05-17 17:23:42.957 E/WifiTrafficPoller(  851):  packet count Tx=1709028 Rx=5609150
05-17 17:23:43.584 E/NotificationService(  851): Suppressing notification from package com.qihoo.appstore by user request.
05-17 17:23:43.586 E/NotificationService(  851): Suppressing notification from package com.qihoo.appstore by user request.
05-17 17:23:43.587 E/Launcher.FragmentLoader( 1966): Widget ComponentInfo{net.qihoo.launcher.widget.clockweather/net.qihoo.clockweather.widget.WidgetProvider52} can not fit on this device (1170, 438)
05-17 17:23:43.591 E/Launcher.FragmentLoader( 1966): Widget ComponentInfo{net.qihoo.launcher.widget.clockweather/net.qihoo.clockweather.widget.WidgetProvider51} can not fit on this device (1170, 210)
05-17 17:23:43.957 E/WifiTrafficPoller(  851): TRAFFIC_STATS_POLL true Token 2478 num clients 19
05-17 17:23:43.957 E/WifiTrafficPoller(  851):  packet count Tx=1709028 Rx=5609156
05-17 17:23:44.000 E/BCBPackageTask( 1118): Get serviceInfos Error!!
05-17 17:23:44.526 E/memtrack( 9616): Couldn't load memtrack module (No such file or directory)
05-17 17:23:44.526 E/android.os.Debug( 9616): failed to load memtrack module: -2
05-17 17:23:44.958 E/WifiTrafficPoller(  851): TRAFFIC_STATS_POLL true Token 2478 num clients 19
05-17 17:23:44.959 E/WifiTrafficPoller(  851):  packet count Tx=1709036 Rx=5609173
05-17 17:23:44.959 E/WifiTrafficPoller(  851): notifying of data activity 3
05-17 17:23:45.105 E/WifiStateMachine(  851):  ConnectedState (when=-4ms what=131155 arg1=555!CMD_RSSI_POLL 555 0 "BOCO-office" 94:b4:0f:68:a4:b1 rssi=-51 f=5785 sc=80 link=121 tx=10.7, 0.0, 0.0  rx=37.4 bcn=0 [on:0 tx:0 rx:0 period:3002] from screen [on:0 period:551584177] gl rssi=-51 ag=0 hr ticks 297,76,43 ls-=0 [56,56,60,60,65] brc=0 lrc=0
05-17 17:23:45.106 E/WifiStateMachine(  851):  L2ConnectedState (when=-4ms what=131155 arg1=555!CMD_RSSI_POLL 555 0 "BOCO-office" 94:b4:0f:68:a4:b1 rssi=-51 f=5785 sc=80 link=121 tx=10.7, 0.0, 0.0  rx=37.4 bcn=0 [on:0 tx:0 rx:0 period:1] from screen [on:0 period:551584178] gl rssi=-51 ag=0 hr ticks 297,76,43 ls-=0 [56,56,60,60,65] brc=0 lrc=0
05-17 17:23:45.106 E/WifiStateMachine(  851):  get link layer stats 0
05-17 17:23:45.108 E/WifiStateMachine(  851): calculateWifiScore() we set wifi's score to 1000, so will always set wifi as a default network.
05-17 17:23:45.258 E/memtrack( 9633): Couldn't load memtrack module (No such file or directory)
05-17 17:23:45.258 E/android.os.Debug( 9633): failed to load memtrack module: -2
05-17 17:23:45.960 E/WifiTrafficPoller(  851): TRAFFIC_STATS_POLL true Token 2478 num clients 19
05-17 17:23:45.960 E/WifiTrafficPoller(  851):  packet count Tx=1709036 Rx=5609182
05-17 17:23:45.960 E/WifiTrafficPoller(  851): notifying of data activity 1
05-17 17:23:46.961 E/WifiTrafficPoller(  851): TRAFFIC_STATS_POLL true Token 2478 num clients 19
05-17 17:23:46.963 E/WifiTrafficPoller(  851):  packet count Tx=1709036 Rx=5609194
05-17 17:23:47.963 E/WifiTrafficPoller(  851): TRAFFIC_STATS_POLL true Token 2478 num clients 19
05-17 17:23:47.964 E/WifiTrafficPoller(  851):  packet count Tx=1709037 Rx=5609203
05-17 17:23:47.964 E/WifiTrafficPoller(  851): notifying of data activity 3
05-17 17:23:48.112 E/WifiStateMachine(  851):  ConnectedState (when=-3ms what=131155 arg1=555!CMD_RSSI_POLL 555 0 "BOCO-office" 94:b4:0f:68:a4:b1 rssi=-51 f=5785 sc=80 link=121 tx=9.4, 0.0, 0.0  rx=34.2 bcn=0 [on:0 tx:0 rx:0 period:3002] from screen [on:0 period:551587184] gl rssi=-51 ag=0 hr ticks 297,76,43 ls-=0 [56,56,60,60,65] brc=0 lrc=0
05-17 17:23:48.114 E/WifiStateMachine(  851):  L2ConnectedState (when=-5ms what=131155 arg1=555!CMD_RSSI_POLL 555 0 "BOCO-office" 94:b4:0f:68:a4:b1 rssi=-51 f=5785 sc=80 link=121 tx=9.4, 0.0, 0.0  rx=34.2 bcn=0 [on:0 tx:0 rx:0 period:2] from screen [on:0 period:551587186] gl rssi=-51 ag=0 hr ticks 297,76,43 ls-=0 [56,56,60,60,65] brc=0 lrc=0
05-17 17:23:48.114 E/WifiStateMachine(  851):  get link layer stats 0
05-17 17:23:48.118 E/WifiStateMachine(  851): calculateWifiScore() we set wifi's score to 1000, so will always set wifi as a default network.
05-17 17:23:48.779 E/memtrack( 9679): Couldn't load memtrack module (No such file or directory)
05-17 17:23:48.780 E/android.os.Debug( 9679): failed to load memtrack module: -2
05-17 17:23:48.967 E/WifiTrafficPoller(  851): TRAFFIC_STATS_POLL true Token 2478 num clients 19
05-17 17:23:48.968 E/WifiTrafficPoller(  851):  packet count Tx=1709037 Rx=5609212
05-17 17:23:48.968 E/WifiTrafficPoller(  851): notifying of data activity 1
05-17 17:23:49.320 E/SurfaceFlinger(  285): onDraw: bindTextureImage test
05-17 17:23:49.337 E/SurfaceFlinger(  285): onDraw: bindTextureImage test
05-17 17:23:49.354 E/SurfaceFlinger(  285): onDraw: bindTextureImage test
05-17 17:23:49.371 E/SurfaceFlinger(  285): onDraw: bindTextureImage test
05-17 17:23:49.388 E/SurfaceFlinger(  285): onDraw: bindTextureImage test
05-17 17:23:49.404 E/SurfaceFlinger(  285): onDraw: bindTextureImage test
05-17 17:23:49.421 E/SurfaceFlinger(  285): onDraw: bindTextureImage test
05-17 17:23:49.438 E/SurfaceFlinger(  285): onDraw: bindTextureImage test
05-17 17:23:49.455 E/SurfaceFlinger(  285): onDraw: bindTextureImage test
05-17 17:23:49.471 E/SurfaceFlinger(  285): onDraw: bindTextureImage test
05-17 17:23:49.488 E/SurfaceFlinger(  285): onDraw: bindTextureImage test
05-17 17:23:49.505 E/SurfaceFlinger(  285): onDraw: bindTextureImage test
05-17 17:23:49.522 E/SurfaceFlinger(  285): onDraw: bindTextureImage test
05-17 17:23:49.539 E/SurfaceFlinger(  285): onDraw: bindTextureImage test
05-17 17:23:49.555 E/SurfaceFlinger(  285): onDraw: bindTextureImage test
05-17 17:23:49.572 E/SurfaceFlinger(  285): onDraw: bindTextureImage test
05-17 17:23:49.589 E/SurfaceFlinger(  285): onDraw: bindTextureImage test
05-17 17:23:49.693 E/[PropSet]( 9695): connect fail
05-17 17:23:49.693 E/[PropSet]( 9695): send_prop_msg return err -1
05-17 17:23:49.841 E/SurfaceFlinger(  285): onDraw: bindTextureImage test
05-17 17:23:49.859 E/SurfaceFlinger(  285): onDraw: bindTextureImage test
05-17 17:23:49.875 E/SurfaceFlinger(  285): onDraw: bindTextureImage test
05-17 17:23:49.892 E/SurfaceFlinger(  285): onDraw: bindTextureImage test
05-17 17:23:49.974 E/WifiTrafficPoller(  851): TRAFFIC_STATS_POLL true Token 2478 num clients 19
05-17 17:23:49.974 E/WifiTrafficPoller(  851):  packet count Tx=1709037 Rx=5609217
05-17 17:23:50.867 E/SurfaceFlinger(  285): onDraw: bindTextureImage test
05-17 17:23:50.884 E/SurfaceFlinger(  285): onDraw: bindTextureImage test
05-17 17:23:50.901 E/SurfaceFlinger(  285): onDraw: bindTextureImage test
05-17 17:23:50.918 E/SurfaceFlinger(  285): onDraw: bindTextureImage test
05-17 17:23:50.934 E/SurfaceFlinger(  285): onDraw: bindTextureImage test
05-17 17:23:50.951 E/SurfaceFlinger(  285): onDraw: bindTextureImage test
05-17 17:23:50.974 E/WifiTrafficPoller(  851): TRAFFIC_STATS_POLL true Token 2478 num clients 19
05-17 17:23:50.975 E/WifiTrafficPoller(  851):  packet count Tx=1709037 Rx=5609225
05-17 17:23:51.122 E/WifiStateMachine(  851):  ConnectedState (when=-3ms what=131155 arg1=555!CMD_RSSI_POLL 555 0 "BOCO-office" 94:b4:0f:68:a4:b1 rssi=-50 f=5785 sc=80 link=121 tx=5.2, 0.0, 0.0  rx=32.1 bcn=0 [on:0 tx:0 rx:0 period:2998] from screen [on:0 period:551590193] gl rssi=-50 ag=0 hr ticks 297,76,43 ls-=0 [56,56,60,60,65] brc=0 lrc=0
05-17 17:23:51.123 E/WifiStateMachine(  851):  L2ConnectedState (when=-5ms what=131155 arg1=555!CMD_RSSI_POLL 555 0 "BOCO-office" 94:b4:0f:68:a4:b1 rssi=-50 f=5785 sc=80 link=121 tx=5.2, 0.0, 0.0  rx=32.1 bcn=0 [on:0 tx:0 rx:0 period:2] from screen [on:0 period:551590195] gl rssi=-50 ag=0 hr ticks 297,76,43 ls-=0 [56,56,60,60,65] brc=0 lrc=0
05-17 17:23:51.124 E/WifiStateMachine(  851):  get link layer stats 0
05-17 17:23:51.142 E/WifiStateMachine(  851): calculateWifiScore() we set wifi's score to 1000, so will always set wifi as a default network.
05-17 17:23:51.976 E/WifiTrafficPoller(  851): TRAFFIC_STATS_POLL true Token 2478 num clients 19
05-17 17:23:51.977 E/WifiTrafficPoller(  851):  packet count Tx=1709039 Rx=5609237
05-17 17:23:51.977 E/WifiTrafficPoller(  851): notifying of data activity 3
05-17 17:23:52.810 E/memtrack( 9749): Couldn't load memtrack module (No such file or directory)
05-17 17:23:52.810 E/android.os.Debug( 9749): failed to load memtrack module: -2
05-17 17:23:52.980 E/WifiTrafficPoller(  851): TRAFFIC_STATS_POLL true Token 2478 num clients 19
05-17 17:23:52.980 E/WifiTrafficPoller(  851):  packet count Tx=1709039 Rx=5609242
05-17 17:23:52.981 E/WifiTrafficPoller(  851): notifying of data activity 1
05-17 17:23:53.981 E/WifiTrafficPoller(  851): TRAFFIC_STATS_POLL true Token 2478 num clients 19
05-17 17:23:53.981 E/WifiTrafficPoller(  851):  packet count Tx=1709039 Rx=5609250
05-17 17:23:54.013 E/SyncManager(  851): Bind attempt failed - target: ComponentInfo{com.ss.android.article.news/com.ss.android.account.AccountSyncService}
05-17 17:23:54.024 E/SyncManager(  851): Bind attempt failed - target: ComponentInfo{com.baidu.yuedu/com.baidu.yuedu.pushalive.SyncAdapterService}
05-17 17:23:54.146 E/WifiStateMachine(  851):  ConnectedState (when=-4ms what=131155 arg1=555!CMD_RSSI_POLL 555 0 "BOCO-office" 94:b4:0f:68:a4:b1 rssi=-50 f=5785 sc=80 link=121 tx=2.6, 0.0, 0.0  rx=26.6 bcn=0 [on:0 tx:0 rx:0 period:3001] from screen [on:0 period:551593218] gl rssi=-50 ag=0 hr ticks 297,76,43 ls-=0 [56,56,56,56,61] brc=0 lrc=0
05-17 17:23:54.148 E/WifiStateMachine(  851):  L2ConnectedState (when=-5ms what=131155 arg1=555!CMD_RSSI_POLL 555 0 "BOCO-office" 94:b4:0f:68:a4:b1 rssi=-50 f=5785 sc=80 link=121 tx=2.6, 0.0, 0.0  rx=26.6 bcn=0 [on:0 tx:0 rx:0 period:2] from screen [on:0 period:551593220] gl rssi=-50 ag=0 hr ticks 297,76,43 ls-=0 [56,56,56,56,61] brc=0 lrc=0
05-17 17:23:54.149 E/WifiStateMachine(  851):  get link layer stats 0
05-17 17:23:54.170 E/WifiStateMachine(  851): calculateWifiScore() we set wifi's score to 1000, so will always set wifi as a default network.
05-17 17:23:54.981 E/WifiTrafficPoller(  851): TRAFFIC_STATS_POLL true Token 2478 num clients 19
05-17 17:23:54.981 E/WifiTrafficPoller(  851):  packet count Tx=1709039 Rx=5609261
05-17 17:23:55.032 E/memtrack( 9774): Couldn't load memtrack module (No such file or directory)
05-17 17:23:55.033 E/android.os.Debug( 9774): failed to load memtrack module: -2
05-17 17:23:55.981 E/WifiTrafficPoller(  851): TRAFFIC_STATS_POLL true Token 2478 num clients 19
05-17 17:23:55.982 E/WifiTrafficPoller(  851):  packet count Tx=1709039 Rx=5609270
05-17 17:23:56.982 E/WifiTrafficPoller(  851): TRAFFIC_STATS_POLL true Token 2478 num clients 19
05-17 17:23:56.983 E/WifiTrafficPoller(  851):  packet count Tx=1709039 Rx=5609282
05-17 17:23:57.175 E/WifiStateMachine(  851):  ConnectedState (when=-4ms what=131155 arg1=555!CMD_RSSI_POLL 555 0 "BOCO-office" 94:b4:0f:68:a4:b1 rssi=-49 f=5785 sc=80 link=121 tx=2.3, 0.0, 0.0  rx=25.8 bcn=0 [on:0 tx:0 rx:0 period:3001] from screen [on:0 period:551596247] gl rssi=-49 ag=0 hr ticks 297,76,43 ls-=0 [56,56,56,56,61] brc=0 lrc=0
05-17 17:23:57.177 E/WifiStateMachine(  851):  L2ConnectedState (when=-6ms what=131155 arg1=555!CMD_RSSI_POLL 555 0 "BOCO-office" 94:b4:0f:68:a4:b1 rssi=-49 f=5785 sc=80 link=121 tx=2.3, 0.0, 0.0  rx=25.8 bcn=0 [on:0 tx:0 rx:0 period:2] from screen [on:0 period:551596249] gl rssi=-49 ag=0 hr ticks 297,76,43 ls-=0 [56,56,56,56,61] brc=0 lrc=0
05-17 17:23:57.177 E/WifiStateMachine(  851):  get link layer stats 0
05-17 17:23:57.202 E/WifiStateMachine(  851): calculateWifiScore() we set wifi's score to 1000, so will always set wifi as a default network.
05-17 17:23:57.983 E/WifiTrafficPoller(  851): TRAFFIC_STATS_POLL true Token 2478 num clients 19
05-17 17:23:57.984 E/WifiTrafficPoller(  851):  packet count Tx=1709039 Rx=5609289
05-17 17:23:58.984 E/WifiTrafficPoller(  851): TRAFFIC_STATS_POLL true Token 2478 num clients 19
05-17 17:23:58.985 E/WifiTrafficPoller(  851):  packet count Tx=1709042 Rx=5609301
05-17 17:23:58.985 E/WifiTrafficPoller(  851): notifying of data activity 3
05-17 17:23:59.986 E/WifiTrafficPoller(  851): TRAFFIC_STATS_POLL true Token 2478 num clients 19
05-17 17:23:59.987 E/WifiTrafficPoller(  851):  packet count Tx=1709048 Rx=5609312
05-17 17:24:00.203 E/WifiStateMachine(  851):  ConnectedState (when=-1ms what=131155 arg1=555!CMD_RSSI_POLL 555 0 "BOCO-office" 94:b4:0f:68:a4:b1 rssi=-49 f=5785 sc=80 link=121 tx=1.1, 0.0, 0.0  rx=30.4 bcn=0 [on:0 tx:0 rx:0 period:2999] from screen [on:0 period:551599275] gl rssi=-49 ag=0 hr ticks 297,76,43 ls-=0 [56,56,56,56,61] brc=0 lrc=0
05-17 17:24:00.204 E/WifiStateMachine(  851):  L2ConnectedState (when=-1ms what=131155 arg1=555!CMD_RSSI_POLL 555 0 "BOCO-office" 94:b4:0f:68:a4:b1 rssi=-49 f=5785 sc=80 link=121 tx=1.1, 0.0, 0.0  rx=30.4 bcn=0 [on:0 tx:0 rx:0 period:1] from screen [on:0 period:551599276] gl rssi=-49 ag=0 hr ticks 297,76,43 ls-=0 [56,56,56,56,61] brc=0 lrc=0
05-17 17:24:00.204 E/WifiStateMachine(  851):  get link layer stats 0
05-17 17:24:00.207 E/WifiStateMachine(  851): calculateWifiScore() we set wifi's score to 1000, so will always set wifi as a default network.
05-17 17:24:00.989 E/WifiTrafficPoller(  851): TRAFFIC_STATS_POLL true Token 2478 num clients 19
05-17 17:24:00.989 E/WifiTrafficPoller(  851):  packet count Tx=1709053 Rx=5609322
05-17 17:24:01.989 E/WifiTrafficPoller(  851): TRAFFIC_STATS_POLL true Token 2478 num clients 19
05-17 17:24:01.989 E/WifiTrafficPoller(  851):  packet count Tx=1709068 Rx=5609343
05-17 17:24:02.165 E/MPlugin ( 9695): Unsupported class: com.mediatek.common.telephony.IOnlyOwnerSimSupport
05-17 17:24:02.647 E/libEGL  ( 9695): call to OpenGL ES API with no current context (logged once per thread)
05-17 17:24:02.930 E/DemoPushService( 9695): Creating service
05-17 17:24:02.931 E/DemoPushService( 9695): Service started with intent=Intent { act=mqtt.START cmp=com.boco.apphall/.guangxi.mix.message.service.modify.PushService_Mq }
05-17 17:24:02.931 E/DemoPushService( 9695): Starting service...
05-17 17:24:02.931 E/DemoPushService( 9695): Connecting...
05-17 17:24:02.939 E/==========( 9695): 868964028542767
05-17 17:24:02.939 E/clientID==========( 9695): 868964028542767583930
05-17 17:24:02.989 E/WifiTrafficPoller(  851): TRAFFIC_STATS_POLL true Token 2478 num clients 19
05-17 17:24:02.990 E/WifiTrafficPoller(  851):  packet count Tx=1709173 Rx=5609442
05-17 17:24:03.210 E/WifiStateMachine(  851):  ConnectedState (when=-1ms what=131155 arg1=555!CMD_RSSI_POLL 555 0 "BOCO-office" 94:b4:0f:68:a4:b1 rssi=-51 f=5785 sc=80 link=121 tx=5.6, 0.0, 0.0  rx=29.2 bcn=0 [on:0 tx:0 rx:0 period:2999] from screen [on:0 period:551602281] gl rssi=-51 ag=0 hr ticks 297,76,43 ls-=0 [56,56,60,60,65] brc=0 lrc=0
05-17 17:24:03.210 E/WifiStateMachine(  851):  L2ConnectedState (when=-2ms what=131155 arg1=555!CMD_RSSI_POLL 555 0 "BOCO-office" 94:b4:0f:68:a4:b1 rssi=-51 f=5785 sc=80 link=121 tx=5.6, 0.0, 0.0  rx=29.2 bcn=0 [on:0 tx:0 rx:0 period:1] from screen [on:0 period:551602282] gl rssi=-51 ag=0 hr ticks 297,76,43 ls-=0 [56,56,60,60,65] brc=0 lrc=0
05-17 17:24:03.210 E/WifiStateMachine(  851):  get link layer stats 0
05-17 17:24:03.213 E/WifiStateMachine(  851): calculateWifiScore() we set wifi's score to 1000, so will always set wifi as a default network.
05-17 17:24:03.990 E/WifiTrafficPoller(  851): TRAFFIC_STATS_POLL true Token 2478 num clients 19
05-17 17:24:03.991 E/WifiTrafficPoller(  851):  packet count Tx=1709446 Rx=5609813
05-17 17:24:04.261 E/SurfaceFlinger(  285): onDraw: bindTextureImage test
05-17 17:24:04.278 E/SurfaceFlinger(  285): onDraw: bindTextureImage test
05-17 17:24:04.311 E/SurfaceFlinger(  285): onDraw: bindTextureImage test
05-17 17:24:04.327 E/SurfaceFlinger(  285): onDraw: bindTextureImage test
05-17 17:24:04.345 E/SurfaceFlinger(  285): onDraw: bindTextureImage test
05-17 17:24:04.362 E/SurfaceFlinger(  285): onDraw: bindTextureImage test
05-17 17:24:04.378 E/SurfaceFlinger(  285): onDraw: bindTextureImage test
05-17 17:24:04.395 E/SurfaceFlinger(  285): onDraw: bindTextureImage test
05-17 17:24:04.991 E/WifiTrafficPoller(  851): TRAFFIC_STATS_POLL true Token 2478 num clients 19
05-17 17:24:04.992 E/WifiTrafficPoller(  851):  packet count Tx=1709495 Rx=5609915
05-17 17:24:05.992 E/WifiTrafficPoller(  851): TRAFFIC_STATS_POLL true Token 2478 num clients 19
05-17 17:24:05.995 E/WifiTrafficPoller(  851):  packet count Tx=1709498 Rx=5609929
05-17 17:24:06.217 E/WifiStateMachine(  851):  ConnectedState (when=-3ms what=131155 arg1=555!CMD_RSSI_POLL 555 0 "BOCO-office" 94:b4:0f:68:a4:b1 rssi=-51 f=5785 sc=80 link=121 tx=91.8, 0.0, 0.0  rx=118.1 bcn=0 [on:0 tx:0 rx:0 period:3003] from screen [on:0 period:551605289] gl rssi=-51 ag=0 hr ticks 297,76,43 ls-=0 [56,56,60,60,65] brc=0 lrc=0
05-17 17:24:06.218 E/WifiStateMachine(  851):  L2ConnectedState (when=-4ms what=131155 arg1=555!CMD_RSSI_POLL 555 0 "BOCO-office" 94:b4:0f:68:a4:b1 rssi=-51 f=5785 sc=80 link=121 tx=91.8, 0.0, 0.0  rx=118.1 bcn=0 [on:0 tx:0 rx:0 period:1] from screen [on:0 period:551605290] gl rssi=-51 ag=0 hr ticks 297,76,43 ls-=0 [56,56,60,60,65] brc=0 lrc=0
05-17 17:24:06.218 E/WifiStateMachine(  851):  get link layer stats 0
05-17 17:24:06.220 E/WifiStateMachine(  851): calculateWifiScore() we set wifi's score to 1000, so will always set wifi as a default network.
05-17 17:24:06.995 E/WifiTrafficPoller(  851): TRAFFIC_STATS_POLL true Token 2478 num clients 19
05-17 17:24:06.996 E/WifiTrafficPoller(  851):  packet count Tx=1709498 Rx=5609940
05-17 17:24:06.996 E/WifiTrafficPoller(  851): notifying of data activity 1
05-17 17:24:07.997 E/WifiTrafficPoller(  851): TRAFFIC_STATS_POLL true Token 2478 num clients 19
05-17 17:24:07.998 E/WifiTrafficPoller(  851):  packet count Tx=1709499 Rx=5609957
05-17 17:24:07.998 E/WifiTrafficPoller(  851): notifying of data activity 3
05-17 17:24:08.999 E/WifiTrafficPoller(  851): TRAFFIC_STATS_POLL true Token 2478 num clients 19
05-17 17:24:09.000 E/WifiTrafficPoller(  851):  packet count Tx=1709503 Rx=5609985
05-17 17:24:09.223 E/WifiStateMachine(  851):  ConnectedState (when=-2ms what=131155 arg1=555!CMD_RSSI_POLL 555 0 "BOCO-office" 94:b4:0f:68:a4:b1 rssi=-51 f=5785 sc=80 link=121 tx=181.4, 0.0, 0.0  rx=264.5 bcn=0 [on:0 tx:0 rx:0 period:3001] from screen [on:0 period:551608295] gl rssi=-51 ag=0 hr ticks 297,76,43 ls-=0 [56,56,60,60,65] brc=0 lrc=0
05-17 17:24:09.224 E/WifiStateMachine(  851):  L2ConnectedState (when=-3ms what=131155 arg1=555!CMD_RSSI_POLL 555 0 "BOCO-office" 94:b4:0f:68:a4:b1 rssi=-51 f=5785 sc=80 link=121 tx=181.4, 0.0, 0.0  rx=264.5 bcn=0 [on:0 tx:0 rx:0 period:1] from screen [on:0 period:551608296] gl rssi=-51 ag=0 hr ticks 297,76,43 ls-=0 [56,56,60,60,65] brc=0 lrc=0
05-17 17:24:09.224 E/WifiStateMachine(  851):  get link layer stats 0
05-17 17:24:09.227 E/WifiStateMachine(  851): calculateWifiScore() we set wifi's score to 1000, so will always set wifi as a default network.
05-17 17:24:10.000 E/WifiTrafficPoller(  851): TRAFFIC_STATS_POLL true Token 2478 num clients 19
05-17 17:24:10.001 E/WifiTrafficPoller(  851):  packet count Tx=1709503 Rx=5609994
05-17 17:24:10.001 E/WifiTrafficPoller(  851): notifying of data activity 1
05-17 17:24:11.002 E/WifiTrafficPoller(  851): TRAFFIC_STATS_POLL true Token 2478 num clients 19
05-17 17:24:11.002 E/WifiTrafficPoller(  851):  packet count Tx=1709506 Rx=5610009
05-17 17:24:11.002 E/WifiTrafficPoller(  851): notifying of data activity 3
05-17 17:24:12.003 E/WifiTrafficPoller(  851): TRAFFIC_STATS_POLL true Token 2478 num clients 19
05-17 17:24:12.003 E/WifiTrafficPoller(  851):  packet count Tx=1709506 Rx=5610018
05-17 17:24:12.003 E/WifiTrafficPoller(  851): notifying of data activity 1
05-17 17:24:12.228 E/WifiStateMachine(  851):  ConnectedState (when=-1ms what=131155 arg1=555!CMD_RSSI_POLL 555 0 "BOCO-office" 94:b4:0f:68:a4:b1 rssi=-51 f=5785 sc=80 link=121 tx=93.2, 0.0, 0.0  rx=159.8 bcn=0 [on:0 tx:0 rx:0 period:3000] from screen [on:0 period:551611300] gl rssi=-51 ag=0 hr ticks 297,76,43 ls-=0 [56,56,60,60,65] brc=0 lrc=0
05-17 17:24:12.229 E/WifiStateMachine(  851):  L2ConnectedState (when=-2ms what=131155 arg1=555!CMD_RSSI_POLL 555 0 "BOCO-office" 94:b4:0f:68:a4:b1 rssi=-51 f=5785 sc=80 link=121 tx=93.2, 0.0, 0.0  rx=159.8 bcn=0 [on:0 tx:0 rx:0 period:1] from screen [on:0 period:551611301] gl rssi=-51 ag=0 hr ticks 297,76,43 ls-=0 [56,56,60,60,65] brc=0 lrc=0
05-17 17:24:12.229 E/WifiStateMachine(  851):  get link layer stats 0
05-17 17:24:12.250 E/WifiStateMachine(  851): calculateWifiScore() we set wifi's score to 1000, so will always set wifi as a default network.
05-17 17:24:13.004 E/WifiTrafficPoller(  851): TRAFFIC_STATS_POLL true Token 2478 num clients 19
05-17 17:24:13.005 E/WifiTrafficPoller(  851):  packet count Tx=1709506 Rx=5610035
05-17 17:24:14.005 E/WifiTrafficPoller(  851): TRAFFIC_STATS_POLL true Token 2478 num clients 19
05-17 17:24:14.006 E/WifiTrafficPoller(  851):  packet count Tx=1709508 Rx=5610057
05-17 17:24:14.006 E/WifiTrafficPoller(  851): notifying of data activity 3
05-17 17:24:15.007 E/WifiTrafficPoller(  851): TRAFFIC_STATS_POLL true Token 2478 num clients 19
05-17 17:24:15.009 E/WifiTrafficPoller(  851):  packet count Tx=1709508 Rx=5610078
05-17 17:24:15.009 E/WifiTrafficPoller(  851): notifying of data activity 1
05-17 17:24:15.254 E/WifiStateMachine(  851):  ConnectedState (when=-4ms what=131155 arg1=555!CMD_RSSI_POLL 555 0 "BOCO-office" 94:b4:0f:68:a4:b1 rssi=-50 f=5785 sc=80 link=121 tx=48.1, 0.0, 0.0  rx=97.4 bcn=0 [on:0 tx:0 rx:0 period:3002] from screen [on:0 period:551614326] gl rssi=-50 ag=0 hr ticks 297,76,43 ls-=0 [56,56,60,60,65] brc=0 lrc=0
05-17 17:24:15.255 E/WifiStateMachine(  851):  L2ConnectedState (when=-5ms what=131155 arg1=555!CMD_RSSI_POLL 555 0 "BOCO-office" 94:b4:0f:68:a4:b1 rssi=-50 f=5785 sc=80 link=121 tx=48.1, 0.0, 0.0  rx=97.4 bcn=0 [on:0 tx:0 rx:0 period:1] from screen [on:0 period:551614327] gl rssi=-50 ag=0 hr ticks 297,76,43 ls-=0 [56,56,60,60,65] brc=0 lrc=0
05-17 17:24:15.255 E/WifiStateMachine(  851):  get link layer stats 0
05-17 17:24:15.270 E/WifiStateMachine(  851): calculateWifiScore() we set wifi's score to 1000, so will always set wifi as a default network.
05-17 17:24:16.013 E/WifiTrafficPoller(  851): TRAFFIC_STATS_POLL true Token 2478 num clients 19
05-17 17:24:16.014 E/WifiTrafficPoller(  851):  packet count Tx=1709574 Rx=5610154
05-17 17:24:16.014 E/WifiTrafficPoller(  851): notifying of data activity 3
05-17 17:24:17.018 E/WifiTrafficPoller(  851): TRAFFIC_STATS_POLL true Token 2478 num clients 19
05-17 17:24:17.019 E/WifiTrafficPoller(  851):  packet count Tx=1709671 Rx=5610289
05-17 17:24:18.020 E/WifiTrafficPoller(  851): TRAFFIC_STATS_POLL true Token 2478 num clients 19
05-17 17:24:18.021 E/WifiTrafficPoller(  851):  packet count Tx=1709672 Rx=5610303
05-17 17:24:18.273 E/WifiStateMachine(  851):  ConnectedState (when=-1ms what=131155 arg1=555!CMD_RSSI_POLL 555 0 "BOCO-office" 94:b4:0f:68:a4:b1 rssi=-50 f=5785 sc=80 link=121 tx=25.0, 0.0, 0.0  rx=78.7 bcn=0 [on:0 tx:0 rx:0 period:2996] from screen [on:0 period:551617344] gl rssi=-50 ag=0 hr ticks 297,76,43 ls-=0 [56,56,60,60,65] brc=0 lrc=0
05-17 17:24:18.274 E/WifiStateMachine(  851):  L2ConnectedState (when=-3ms what=131155 arg1=555!CMD_RSSI_POLL 555 0 "BOCO-office" 94:b4:0f:68:a4:b1 rssi=-50 f=5785 sc=80 link=121 tx=25.0, 0.0, 0.0  rx=78.7 bcn=0 [on:0 tx:0 rx:0 period:2] from screen [on:0 period:551617346] gl rssi=-50 ag=0 hr ticks 297,76,43 ls-=0 [56,56,60,60,65] brc=0 lrc=0
05-17 17:24:18.274 E/WifiStateMachine(  851):  get link layer stats 0
05-17 17:24:18.292 E/WifiStateMachine(  851): calculateWifiScore() we set wifi's score to 1000, so will always set wifi as a default network.
05-17 17:24:19.021 E/WifiTrafficPoller(  851): TRAFFIC_STATS_POLL true Token 2478 num clients 19
05-17 17:24:19.022 E/WifiTrafficPoller(  851):  packet count Tx=1709672 Rx=5610318
05-17 17:24:19.022 E/WifiTrafficPoller(  851): notifying of data activity 1
05-17 17:24:20.024 E/WifiTrafficPoller(  851): TRAFFIC_STATS_POLL true Token 2478 num clients 19
05-17 17:24:20.025 E/WifiTrafficPoller(  851):  packet count Tx=1709672 Rx=5610329
05-17 17:24:21.025 E/WifiTrafficPoller(  851): TRAFFIC_STATS_POLL true Token 2478 num clients 19
05-17 17:24:21.026 E/WifiTrafficPoller(  851):  packet count Tx=1709673 Rx=5610344
05-17 17:24:21.026 E/WifiTrafficPoller(  851): notifying of data activity 3
05-17 17:24:21.211 E/memtrack( 9860): Couldn't load memtrack module (No such file or directory)
05-17 17:24:21.211 E/android.os.Debug( 9860): failed to load memtrack module: -2
05-17 17:24:21.296 E/WifiStateMachine(  851):  ConnectedState (when=-3ms what=131155 arg1=555!CMD_RSSI_POLL 555 0 "BOCO-office" 94:b4:0f:68:a4:b1 rssi=-49 f=5785 sc=80 link=121 tx=94.5, 0.0, 0.0  rx=151.8 bcn=0 [on:0 tx:0 rx:0 period:3001] from screen [on:0 period:551620368] gl rssi=-49 ag=0 hr ticks 297,76,43 ls-=0 [56,56,60,60,65] brc=0 lrc=0
05-17 17:24:21.296 E/WifiStateMachine(  851):  L2ConnectedState (when=-4ms what=131155 arg1=555!CMD_RSSI_POLL 555 0 "BOCO-office" 94:b4:0f:68:a4:b1 rssi=-49 f=5785 sc=80 link=121 tx=94.5, 0.0, 0.0  rx=151.8 bcn=0 [on:0 tx:0 rx:0 period:0] from screen [on:0 period:551620368] gl rssi=-49 ag=0 hr ticks 297,76,43 ls-=0 [56,56,60,60,65] brc=0 lrc=0
05-17 17:24:21.296 E/WifiStateMachine(  851):  get link layer stats 0
05-17 17:24:21.298 E/WifiStateMachine(  851): calculateWifiScore() we set wifi's score to 1000, so will always set wifi as a default network.
05-17 17:24:22.029 E/WifiTrafficPoller(  851): TRAFFIC_STATS_POLL true Token 2478 num clients 19
05-17 17:24:22.030 E/WifiTrafficPoller(  851):  packet count Tx=1709683 Rx=5610372
05-17 17:24:23.030 E/WifiTrafficPoller(  851): TRAFFIC_STATS_POLL true Token 2478 num clients 19
05-17 17:24:23.030 E/WifiTrafficPoller(  851):  packet count Tx=1709683 Rx=5610390
05-17 17:24:23.030 E/WifiTrafficPoller(  851): notifying of data activity 1
05-17 17:24:23.461 E/memtrack( 9910): Couldn't load memtrack module (No such file or directory)
05-17 17:24:23.461 E/android.os.Debug( 9910): failed to load memtrack module: -2
05-17 17:24:24.031 E/WifiTrafficPoller(  851): TRAFFIC_STATS_POLL true Token 2478 num clients 19
05-17 17:24:24.032 E/WifiTrafficPoller(  851):  packet count Tx=1709689 Rx=5610409
05-17 17:24:24.032 E/WifiTrafficPoller(  851): notifying of data activity 3
05-17 17:24:24.309 E/WifiStateMachine(  851):  ConnectedState (when=-9ms what=131155 arg1=555!CMD_RSSI_POLL 555 0 "BOCO-office" 94:b4:0f:68:a4:b1 rssi=-49 f=5785 sc=80 link=121 tx=47.8, 0.0, 0.0  rx=95.4 bcn=0 [on:0 tx:0 rx:0 period:2845] from screen [on:0 period:551623381] gl rssi=-49 ag=0 hr ticks 297,76,43 ls-=0 [56,56,60,60,65] brc=0 lrc=0
05-17 17:24:24.311 E/WifiStateMachine(  851):  L2ConnectedState (when=-11ms what=131155 arg1=555!CMD_RSSI_POLL 555 0 "BOCO-office" 94:b4:0f:68:a4:b1 rssi=-49 f=5785 sc=80 link=121 tx=47.8, 0.0, 0.0  rx=95.4 bcn=0 [on:0 tx:0 rx:0 period:2] from screen [on:0 period:551623383] gl rssi=-49 ag=0 hr ticks 297,76,43 ls-=0 [56,56,60,60,65] brc=0 lrc=0
05-17 17:24:24.311 E/WifiStateMachine(  851):  get link layer stats 0
05-17 17:24:24.316 E/WifiStateMachine(  851): calculateWifiScore() we set wifi's score to 1000, so will always set wifi as a default network.
05-17 17:24:25.039 E/WifiTrafficPoller(  851): TRAFFIC_STATS_POLL true Token 2478 num clients 19
05-17 17:24:25.041 E/WifiTrafficPoller(  851):  packet count Tx=1709689 Rx=5610424
05-17 17:24:25.041 E/WifiTrafficPoller(  851): notifying of data activity 1
05-17 17:24:25.532 E/memtrack( 9929): Couldn't load memtrack module (No such file or directory)
05-17 17:24:25.532 E/android.os.Debug( 9929): failed to load memtrack module: -2
05-17 17:24:26.046 E/WifiTrafficPoller(  851): TRAFFIC_STATS_POLL true Token 2478 num clients 19
05-17 17:24:26.047 E/WifiTrafficPoller(  851):  packet count Tx=1709689 Rx=5610434
05-17 17:24:27.047 E/WifiTrafficPoller(  851): TRAFFIC_STATS_POLL true Token 2478 num clients 19
05-17 17:24:27.048 E/WifiTrafficPoller(  851):  packet count Tx=1709689 Rx=5610446
05-17 17:24:27.089 E/memtrack( 9947): Couldn't load memtrack module (No such file or directory)
05-17 17:24:27.089 E/android.os.Debug( 9947): failed to load memtrack module: -2
05-17 17:24:27.321 E/WifiStateMachine(  851):  ConnectedState (when=-4ms what=131155 arg1=555!CMD_RSSI_POLL 555 0 "BOCO-office" 94:b4:0f:68:a4:b1 rssi=-50 f=5785 sc=80 link=121 tx=31.9, 0.0, 0.0  rx=82.7 bcn=0 [on:0 tx:0 rx:0 period:2999] from screen [on:0 period:551626392] gl rssi=-50 ag=0 hr ticks 297,76,43 ls-=0 [56,56,60,60,65] brc=0 lrc=0
05-17 17:24:27.322 E/WifiStateMachine(  851):  L2ConnectedState (when=-5ms what=131155 arg1=555!CMD_RSSI_POLL 555 0 "BOCO-office" 94:b4:0f:68:a4:b1 rssi=-50 f=5785 sc=80 link=121 tx=31.9, 0.0, 0.0  rx=82.7 bcn=0 [on:0 tx:0 rx:0 period:2] from screen [on:0 period:551626394] gl rssi=-50 ag=0 hr ticks 297,76,43 ls-=0 [56,56,60,60,65] brc=0 lrc=0
05-17 17:24:27.322 E/WifiStateMachine(  851):  get link layer stats 0
05-17 17:24:27.326 E/WifiStateMachine(  851): calculateWifiScore() we set wifi's score to 1000, so will always set wifi as a default network.
05-17 17:24:28.048 E/WifiTrafficPoller(  851): TRAFFIC_STATS_POLL true Token 2478 num clients 19
05-17 17:24:28.049 E/WifiTrafficPoller(  851):  packet count Tx=1709690 Rx=5610455
05-17 17:24:28.049 E/WifiTrafficPoller(  851): notifying of data activity 3
05-17 17:24:28.641 E/memtrack( 9965): Couldn't load memtrack module (No such file or directory)
05-17 17:24:28.641 E/android.os.Debug( 9965): failed to load memtrack module: -2
05-17 17:24:29.049 E/WifiTrafficPoller(  851): TRAFFIC_STATS_POLL true Token 2478 num clients 19
05-17 17:24:29.049 E/WifiTrafficPoller(  851):  packet count Tx=1709690 Rx=5610472
05-17 17:24:29.050 E/WifiTrafficPoller(  851): notifying of data activity 1
05-17 17:24:29.369 E/memtrack( 9982): Couldn't load memtrack module (No such file or directory)
05-17 17:24:29.369 E/android.os.Debug( 9982): failed to load memtrack module: -2
05-17 17:24:30.051 E/WifiTrafficPoller(  851): TRAFFIC_STATS_POLL true Token 2478 num clients 19
05-17 17:24:30.053 E/WifiTrafficPoller(  851):  packet count Tx=1709690 Rx=5610486
05-17 17:24:30.328 E/WifiStateMachine(  851):  ConnectedState (when=-2ms what=131155 arg1=555!CMD_RSSI_POLL 555 0 "BOCO-office" 94:b4:0f:68:a4:b1 rssi=-50 f=5785 sc=80 link=121 tx=16.4, 0.0, 0.0  rx=58.9 bcn=0 [on:0 tx:0 rx:0 period:2998] from screen [on:0 period:551629400] gl rssi=-50 ag=0 hr ticks 297,76,43 ls-=0 [56,56,60,60,65] brc=0 lrc=0
05-17 17:24:30.329 E/WifiStateMachine(  851):  L2ConnectedState (when=-3ms what=131155 arg1=555!CMD_RSSI_POLL 555 0 "BOCO-office" 94:b4:0f:68:a4:b1 rssi=-50 f=5785 sc=80 link=121 tx=16.4, 0.0, 0.0  rx=58.9 bcn=0 [on:0 tx:0 rx:0 period:1] from screen [on:0 period:551629401] gl rssi=-50 ag=0 hr ticks 297,76,43 ls-=0 [56,56,60,60,65] brc=0 lrc=0
05-17 17:24:30.329 E/WifiStateMachine(  851):  get link layer stats 0
05-17 17:24:30.340 E/WifiStateMachine(  851): calculateWifiScore() we set wifi's score to 1000, so will always set wifi as a default network.
05-17 17:24:30.445 E/memtrack( 9998): Couldn't load memtrack module (No such file or directory)
05-17 17:24:30.445 E/android.os.Debug( 9998): failed to load memtrack module: -2
05-17 17:24:31.053 E/WifiTrafficPoller(  851): TRAFFIC_STATS_POLL true Token 2478 num clients 19
05-17 17:24:31.055 E/WifiTrafficPoller(  851):  packet count Tx=1709690 Rx=5610509
05-17 17:24:31.577 E/memtrack(10014): Couldn't load memtrack module (No such file or directory)
05-17 17:24:31.577 E/android.os.Debug(10014): failed to load memtrack module: -2
05-17 17:24:32.055 E/WifiTrafficPoller(  851): TRAFFIC_STATS_POLL true Token 2478 num clients 19
05-17 17:24:32.056 E/WifiTrafficPoller(  851):  packet count Tx=1709690 Rx=5610521
05-17 17:24:32.646 E/memtrack(10030): Couldn't load memtrack module (No such file or directory)
05-17 17:24:32.646 E/android.os.Debug(10030): failed to load memtrack module: -2
05-17 17:24:33.057 E/WifiTrafficPoller(  851): TRAFFIC_STATS_POLL true Token 2478 num clients 19
05-17 17:24:33.058 E/WifiTrafficPoller(  851):  packet count Tx=1709692 Rx=5610531
05-17 17:24:33.058 E/WifiTrafficPoller(  851): notifying of data activity 3
05-17 17:24:33.345 E/WifiStateMachine(  851):  ConnectedState (when=-4ms what=131155 arg1=555!CMD_RSSI_POLL 555 0 "BOCO-office" 94:b4:0f:68:a4:b1 rssi=-49 f=5785 sc=80 link=121 tx=8.2, 0.0, 0.0  rx=48.9 bcn=0 [on:0 tx:0 rx:0 period:2998] from screen [on:0 period:551632417] gl rssi=-49 ag=0 hr ticks 297,76,43 ls-=0 [56,56,60,60,65] brc=0 lrc=0
05-17 17:24:33.347 E/WifiStateMachine(  851):  L2ConnectedState (when=-6ms what=131155 arg1=555!CMD_RSSI_POLL 555 0 "BOCO-office" 94:b4:0f:68:a4:b1 rssi=-49 f=5785 sc=80 link=121 tx=8.2, 0.0, 0.0  rx=48.9 bcn=0 [on:0 tx:0 rx:0 period:2] from screen [on:0 period:551632419] gl rssi=-49 ag=0 hr ticks 297,76,43 ls-=0 [56,56,60,60,65] brc=0 lrc=0
05-17 17:24:33.347 E/WifiStateMachine(  851):  get link layer stats 0
05-17 17:24:33.352 E/WifiStateMachine(  851): calculateWifiScore() we set wifi's score to 1000, so will always set wifi as a default network.
05-17 17:24:34.060 E/WifiTrafficPoller(  851): TRAFFIC_STATS_POLL true Token 2478 num clients 19
05-17 17:24:34.060 E/WifiTrafficPoller(  851):  packet count Tx=1709692 Rx=5610539
05-17 17:24:34.060 E/WifiTrafficPoller(  851): notifying of data activity 1
05-17 17:24:34.100 E/memtrack(10050): Couldn't load memtrack module (No such file or directory)
05-17 17:24:34.100 E/android.os.Debug(10050): failed to load memtrack module: -2
05-17 17:24:34.894 E/memtrack(10067): Couldn't load memtrack module (No such file or directory)
05-17 17:24:34.894 E/android.os.Debug(10067): failed to load memtrack module: -2
05-17 17:24:35.061 E/WifiTrafficPoller(  851): TRAFFIC_STATS_POLL true Token 2478 num clients 19
05-17 17:24:35.063 E/WifiTrafficPoller(  851):  packet count Tx=1709693 Rx=5610556
05-17 17:24:35.063 E/WifiTrafficPoller(  851): notifying of data activity 3
05-17 17:24:36.066 E/WifiTrafficPoller(  851): TRAFFIC_STATS_POLL true Token 2478 num clients 19
05-17 17:24:36.067 E/WifiTrafficPoller(  851):  packet count Tx=1709694 Rx=5610565
05-17 17:24:36.357 E/WifiStateMachine(  851):  ConnectedState (when=-4ms what=131155 arg1=555!CMD_RSSI_POLL 555 0 "BOCO-office" 94:b4:0f:68:a4:b1 rssi=-50 f=5785 sc=80 link=121 tx=5.1, 0.0, 0.0  rx=47.0 bcn=0 [on:0 tx:0 rx:0 period:3003] from screen [on:0 period:551635429] gl rssi=-50 ag=0 hr ticks 297,76,43 ls-=0 [56,56,60,60,65] brc=0 lrc=0
05-17 17:24:36.359 E/WifiStateMachine(  851):  L2ConnectedState (when=-6ms what=131155 arg1=555!CMD_RSSI_POLL 555 0 "BOCO-office" 94:b4:0f:68:a4:b1 rssi=-50 f=5785 sc=80 link=121 tx=5.1, 0.0, 0.0  rx=47.0 bcn=0 [on:0 tx:0 rx:0 period:2] from screen [on:0 period:551635431] gl rssi=-50 ag=0 hr ticks 297,76,43 ls-=0 [56,56,60,60,65] brc=0 lrc=0
05-17 17:24:36.360 E/WifiStateMachine(  851):  get link layer stats 0
05-17 17:24:36.382 E/WifiStateMachine(  851): calculateWifiScore() we set wifi's score to 1000, so will always set wifi as a default network.
05-17 17:24:37.067 E/WifiTrafficPoller(  851): TRAFFIC_STATS_POLL true Token 2478 num clients 19
05-17 17:24:37.069 E/WifiTrafficPoller(  851):  packet count Tx=1709694 Rx=5610576
05-17 17:24:37.069 E/WifiTrafficPoller(  851): notifying of data activity 1
05-17 17:24:38.073 E/WifiTrafficPoller(  851): TRAFFIC_STATS_POLL true Token 2478 num clients 19
05-17 17:24:38.075 E/WifiTrafficPoller(  851):  packet count Tx=1709696 Rx=5610585
05-17 17:24:38.075 E/WifiTrafficPoller(  851): notifying of data activity 3
05-17 17:24:39.078 E/WifiTrafficPoller(  851): TRAFFIC_STATS_POLL true Token 2478 num clients 19
05-17 17:24:39.079 E/WifiTrafficPoller(  851):  packet count Tx=1709696 Rx=5610599
05-17 17:24:39.079 E/WifiTrafficPoller(  851): notifying of data activity 1
05-17 17:24:39.387 E/WifiStateMachine(  851):  ConnectedState (when=-4ms what=131155 arg1=555!CMD_RSSI_POLL 555 0 "BOCO-office" 94:b4:0f:68:a4:b1 rssi=-51 f=5785 sc=80 link=121 tx=3.6, 0.0, 0.0  rx=41.0 bcn=0 [on:0 tx:0 rx:0 period:3001] from screen [on:0 period:551638459] gl rssi=-51 ag=0 hr ticks 297,76,43 ls-=0 [56,56,56,56,61] brc=0 lrc=0
05-17 17:24:39.389 E/WifiStateMachine(  851):  L2ConnectedState (when=-6ms what=131155 arg1=555!CMD_RSSI_POLL 555 0 "BOCO-office" 94:b4:0f:68:a4:b1 rssi=-51 f=5785 sc=80 link=121 tx=3.6, 0.0, 0.0  rx=41.0 bcn=0 [on:0 tx:0 rx:0 period:2] from screen [on:0 period:551638461] gl rssi=-51 ag=0 hr ticks 297,76,43 ls-=0 [56,56,56,56,61] brc=0 lrc=0
05-17 17:24:39.389 E/WifiStateMachine(  851):  get link layer stats 0
05-17 17:24:39.412 E/WifiStateMachine(  851): calculateWifiScore() we set wifi's score to 1000, so will always set wifi as a default network.
