05-18 18:10:47.251 E/GPSManager( 7404): Location changed : Lat: 40.00125 Lng: 105.56358166666665
05-18 18:10:48.261 E/GPSManager( 7404): Location changed : Lat: 40.00125 Lng: 105.56358166666665
05-18 18:10:49.261 E/GPSManager( 7404): Location changed : Lat: 40.00125 Lng: 105.56358166666665
05-18 18:10:50.261 E/GPSManager( 7404): Location changed : Lat: 40.00125 Lng: 105.56358166666665
05-18 18:10:51.261 E/GPSManager( 7404): Location changed : Lat: 40.00125 Lng: 105.56358166666665
05-18 18:10:52.261 E/GPSManager( 7404): Location changed : Lat: 40.00125 Lng: 105.56358166666665
05-18 18:10:53.261 E/GPSManager( 7404): Location changed : Lat: 40.00125 Lng: 105.56358166666665
05-18 18:10:54.271 E/GPSManager( 7404): Location changed : Lat: 40.00125 Lng: 105.56358166666665
05-18 18:10:55.261 E/GPSManager( 7404): Location changed : Lat: 40.00125 Lng: 105.56358166666665
05-18 18:10:56.261 E/GPSManager( 7404): Location changed : Lat: 40.00125 Lng: 105.56358166666665
05-18 18:10:57.271 E/GPSManager( 7404): Location changed : Lat: 40.00125 Lng: 105.56358166666665
05-18 18:10:58.281 E/GPSManager( 7404): Location changed : Lat: 40.00125 Lng: 105.56358166666665
05-18 18:10:59.281 E/GPSManager( 7404): Location changed : Lat: 40.00125 Lng: 105.56358166666665
05-18 18:11:00.281 E/GPSManager( 7404): Location changed : Lat: 40.00125 Lng: 105.56358166666665
05-18 18:11:01.291 E/GPSManager( 7404): Location changed : Lat: 40.00125 Lng: 105.56358166666665
05-18 18:11:02.291 E/GPSManager( 7404): Location changed : Lat: 40.00125 Lng: 105.56358166666665
05-18 18:11:03.291 E/GPSManager( 7404): Location changed : Lat: 40.00125 Lng: 105.56358166666665
05-18 18:11:04.301 E/GPSManager( 7404): Location changed : Lat: 40.00125 Lng: 105.56358166666665
05-18 18:11:05.301 E/GPSManager( 7404): Location changed : Lat: 40.00125 Lng: 105.56358166666665
05-18 18:11:06.311 E/GPSManager( 7404): Location changed : Lat: 40.00125 Lng: 105.56358166666665
05-18 18:11:07.311 E/GPSManager( 7404): Location changed : Lat: 40.00125 Lng: 105.56358166666665
05-18 18:11:08.311 E/GPSManager( 7404): Location changed : Lat: 40.00125 Lng: 105.56358166666665
05-18 18:11:09.311 E/GPSManager( 7404): Location changed : Lat: 40.00125 Lng: 105.56358166666665
05-18 18:11:10.321 E/GPSManager( 7404): Location changed : Lat: 40.00125 Lng: 105.56358166666665
05-18 18:11:11.311 E/GPSManager( 7404): Location changed : Lat: 40.00125 Lng: 105.56358166666665
05-18 18:11:12.321 E/GPSManager( 7404): Location changed : Lat: 40.00125 Lng: 105.56358166666665
05-18 18:11:13.321 E/GPSManager( 7404): Location changed : Lat: 40.00125 Lng: 105.56358166666665
05-18 18:11:14.321 E/GPSManager( 7404): Location changed : Lat: 40.00125 Lng: 105.56358166666665
05-18 18:11:15.331 E/GPSManager( 7404): Location changed : Lat: 40.00125 Lng: 105.56358166666665
05-18 18:11:16.331 E/GPSManager( 7404): Location changed : Lat: 40.00125 Lng: 105.56358166666665
05-18 18:11:17.331 E/GPSManager( 7404): Location changed : Lat: 40.00125 Lng: 105.56358166666665
05-18 18:11:18.331 E/GPSManager( 7404): Location changed : Lat: 40.00125 Lng: 105.56358166666665
05-18 18:11:19.331 E/GPSManager( 7404): Location changed : Lat: 40.00125 Lng: 105.56358166666665
05-18 18:11:20.341 E/GPSManager( 7404): Location changed : Lat: 40.00125 Lng: 105.56358166666665
05-18 18:11:21.341 E/GPSManager( 7404): Location changed : Lat: 40.00125 Lng: 105.56358166666665
05-18 18:11:22.331 E/GPSManager( 7404): Location changed : Lat: 40.00125 Lng: 105.56358166666665
05-18 18:11:23.341 E/GPSManager( 7404): Location changed : Lat: 40.00125 Lng: 105.56358166666665
05-18 18:11:24.341 E/GPSManager( 7404): Location changed : Lat: 40.00125 Lng: 105.56358166666665
05-18 18:11:25.351 E/GPSManager( 7404): Location changed : Lat: 40.00125 Lng: 105.56358166666665
05-18 18:11:26.361 E/GPSManager( 7404): Location changed : Lat: 40.00125 Lng: 105.56358166666665
05-18 18:11:27.361 E/GPSManager( 7404): Location changed : Lat: 40.00125 Lng: 105.56358166666665
05-18 18:11:28.361 E/GPSManager( 7404): Location changed : Lat: 40.00125 Lng: 105.56358166666665
05-18 18:11:29.371 E/GPSManager( 7404): Location changed : Lat: 40.00125 Lng: 105.56358166666665
05-18 18:11:30.371 E/GPSManager( 7404): Location changed : Lat: 40.00125 Lng: 105.56358166666665
05-18 18:11:31.371 E/GPSManager( 7404): Location changed : Lat: 40.00125 Lng: 105.56358166666665
05-18 18:11:32.371 E/GPSManager( 7404): Location changed : Lat: 40.00125 Lng: 105.56358166666665
05-18 18:11:33.381 E/GPSManager( 7404): Location changed : Lat: 40.00125 Lng: 105.56358166666665
05-18 18:11:34.411 E/GPSManager( 7404): Location changed : Lat: 40.00125 Lng: 105.56358166666665
05-18 18:11:35.411 E/GPSManager( 7404): Location changed : Lat: 40.00125 Lng: 105.56358166666665
05-18 18:11:36.411 E/GPSManager( 7404): Location changed : Lat: 40.00125 Lng: 105.56358166666665
05-18 18:11:37.421 E/GPSManager( 7404): Location changed : Lat: 40.00125 Lng: 105.56358166666665
05-18 18:11:38.431 E/GPSManager( 7404): Location changed : Lat: 40.00125 Lng: 105.56358166666665
05-18 18:11:39.541 E/GPSManager( 7404): Location changed : Lat: 40.00125 Lng: 105.56358166666665
05-18 18:11:40.481 E/GPSManager( 7404): Location changed : Lat: 40.00125 Lng: 105.56358166666665
05-18 18:11:41.491 E/GPSManager( 7404): Location changed : Lat: 40.00125 Lng: 105.56358166666665
05-18 18:11:42.491 E/GPSManager( 7404): Location changed : Lat: 40.00125 Lng: 105.56358166666665
05-18 18:11:43.531 E/GPSManager( 7404): Location changed : Lat: 40.00125 Lng: 105.56358166666665
05-18 18:11:44.511 E/GPSManager( 7404): Location changed : Lat: 40.00125 Lng: 105.56358166666665
05-18 18:11:45.511 E/GPSManager( 7404): Location changed : Lat: 40.00125 Lng: 105.56358166666665
05-18 18:11:46.631 E/GPSManager( 7404): Location changed : Lat: 40.00125 Lng: 105.56358166666665
05-18 18:11:47.681 E/GPSManager( 7404): Location changed : Lat: 40.00125 Lng: 105.56358166666665
05-18 18:11:48.851 E/GPSManager( 7404): Location changed : Lat: 40.00125 Lng: 105.56358166666665
05-18 18:11:49.861 E/GPSManager( 7404): Location changed : Lat: 40.00125 Lng: 105.56358166666665
05-18 18:11:50.901 E/GPSManager( 7404): Location changed : Lat: 40.00125 Lng: 105.56358166666665
05-18 18:11:51.901 E/GPSManager( 7404): Location changed : Lat: 40.00125 Lng: 105.56358166666665
05-18 18:11:52.921 E/GPSManager( 7404): Location changed : Lat: 40.00125 Lng: 105.56358166666665
05-18 18:11:53.981 E/GPSManager( 7404): Location changed : Lat: 40.00125 Lng: 105.56358166666665
05-18 18:11:55.261 E/GPSManager( 7404): Location changed : Lat: 40.00125 Lng: 105.56358166666665
05-18 18:11:56.311 E/GPSManager( 7404): Location changed : Lat: 40.00125 Lng: 105.56358166666665
05-18 18:11:57.521 E/GPSManager( 7404): Location changed : Lat: 40.00125 Lng: 105.56358166666665
05-18 18:11:58.461 E/GPSManager( 7404): Location changed : Lat: 40.00125 Lng: 105.56358166666665
05-18 18:11:59.491 E/GPSManager( 7404): Location changed : Lat: 40.00125 Lng: 105.56358166666665
05-18 18:12:00.541 E/GPSManager( 7404): Location changed : Lat: 40.00125 Lng: 105.56358166666665
05-18 18:12:01.731 E/GPSManager( 7404): Location changed : Lat: 40.00125 Lng: 105.56358166666665
05-18 18:12:03.111 E/GPSManager( 7404): Location changed : Lat: 40.00125 Lng: 105.56358166666665
05-18 18:12:04.411 E/GPSManager( 7404): Location changed : Lat: 40.00125 Lng: 105.56358166666665
05-18 18:12:05.461 E/GPSManager( 7404): Location changed : Lat: 40.00125 Lng: 105.56358166666665
05-18 18:12:06.471 E/GPSManager( 7404): Location changed : Lat: 40.00125 Lng: 105.56358166666665
05-18 18:12:07.971 E/GPSManager( 7404): Location changed : Lat: 40.00125 Lng: 105.56358166666665
05-18 18:12:08.821 E/GPSManager( 7404): Location changed : Lat: 40.00125 Lng: 105.56358166666665
05-18 18:12:09.841 E/GPSManager( 7404): Location changed : Lat: 40.00125 Lng: 105.56358166666665
05-18 18:12:11.291 E/GPSManager( 7404): Location changed : Lat: 40.00125 Lng: 105.56358166666665
05-18 18:12:12.361 E/GPSManager( 7404): Location changed : Lat: 40.00125 Lng: 105.56358166666665
05-18 18:12:13.491 E/GPSManager( 7404): Location changed : Lat: 40.00125 Lng: 105.56358166666665
05-18 18:12:14.491 E/GPSManager( 7404): Location changed : Lat: 40.00125 Lng: 105.56358166666665
05-18 18:12:15.541 E/GPSManager( 7404): Location changed : Lat: 40.00125 Lng: 105.56358166666665
05-18 18:12:16.671 E/GPSManager( 7404): Location changed : Lat: 40.00125 Lng: 105.56358166666665
05-18 18:12:17.661 E/GPSManager( 7404): Location changed : Lat: 40.00125 Lng: 105.56358166666665
05-18 18:12:18.661 E/GPSManager( 7404): Location changed : Lat: 40.00125 Lng: 105.56358166666665
05-18 18:12:19.671 E/GPSManager( 7404): Location changed : Lat: 40.00125 Lng: 105.56358166666665
05-18 18:12:20.671 E/GPSManager( 7404): Location changed : Lat: 40.00125 Lng: 105.56358166666665
05-18 18:12:21.711 E/GPSManager( 7404): Location changed : Lat: 40.00125 Lng: 105.56358166666665
05-18 18:12:22.721 E/GPSManager( 7404): Location changed : Lat: 40.00125 Lng: 105.56358166666665
05-18 18:12:23.721 E/GPSManager( 7404): Location changed : Lat: 40.00125 Lng: 105.56358166666665
05-18 18:12:24.731 E/GPSManager( 7404): Location changed : Lat: 40.00125 Lng: 105.56358166666665
05-18 18:12:25.731 E/GPSManager( 7404): Location changed : Lat: 40.00125 Lng: 105.56358166666665
05-18 18:12:26.741 E/GPSManager( 7404): Location changed : Lat: 40.00125 Lng: 105.56358166666665
05-18 18:12:27.741 E/GPSManager( 7404): Location changed : Lat: 40.00125 Lng: 105.56358166666665
05-18 18:12:28.741 E/GPSManager( 7404): Location changed : Lat: 40.00125 Lng: 105.56358166666665
05-18 18:12:29.741 E/GPSManager( 7404): Location changed : Lat: 40.00125 Lng: 105.56358166666665
05-18 18:12:30.751 E/GPSManager( 7404): Location changed : Lat: 40.00125 Lng: 105.56358166666665
05-18 18:12:31.751 E/GPSManager( 7404): Location changed : Lat: 40.00125 Lng: 105.56358166666665
05-18 18:12:32.751 E/GPSManager( 7404): Location changed : Lat: 40.00125 Lng: 105.56358166666665
05-18 18:12:33.781 E/GPSManager( 7404): Location changed : Lat: 40.00125 Lng: 105.56358166666665
05-18 18:12:34.811 E/GPSManager( 7404): Location changed : Lat: 40.00125 Lng: 105.56358166666665
05-18 18:12:35.811 E/GPSManager( 7404): Location changed : Lat: 40.00125 Lng: 105.56358166666665
05-18 18:12:36.811 E/GPSManager( 7404): Location changed : Lat: 40.00125 Lng: 105.56358166666665
05-18 18:12:37.811 E/GPSManager( 7404): Location changed : Lat: 40.00125 Lng: 105.56358166666665
05-18 18:12:38.811 E/GPSManager( 7404): Location changed : Lat: 40.00125 Lng: 105.56358166666665
05-18 18:12:39.811 E/GPSManager( 7404): Location changed : Lat: 40.00125 Lng: 105.56358166666665
05-18 18:12:40.821 E/GPSManager( 7404): Location changed : Lat: 40.00125 Lng: 105.56358166666665
05-18 18:12:41.821 E/GPSManager( 7404): Location changed : Lat: 40.00125 Lng: 105.56358166666665
05-18 18:12:42.831 E/GPSManager( 7404): Location changed : Lat: 40.00125 Lng: 105.56358166666665
05-18 18:12:43.831 E/GPSManager( 7404): Location changed : Lat: 40.00125 Lng: 105.56358166666665
05-18 18:12:44.831 E/GPSManager( 7404): Location changed : Lat: 40.00125 Lng: 105.56358166666665
05-18 18:12:45.831 E/GPSManager( 7404): Location changed : Lat: 40.00125 Lng: 105.56358166666665
05-18 18:12:46.841 E/GPSManager( 7404): Location changed : Lat: 40.00125 Lng: 105.56358166666665
05-18 18:12:47.831 E/GPSManager( 7404): Location changed : Lat: 40.00125 Lng: 105.56358166666665
05-18 18:12:48.851 E/GPSManager( 7404): Location changed : Lat: 40.00125 Lng: 105.56358166666665
05-18 18:12:49.851 E/GPSManager( 7404): Location changed : Lat: 40.00125 Lng: 105.56358166666665
05-18 18:12:50.851 E/GPSManager( 7404): Location changed : Lat: 40.00125 Lng: 105.56358166666665
05-18 18:12:51.851 E/GPSManager( 7404): Location changed : Lat: 40.00125 Lng: 105.56358166666665
05-18 18:12:52.861 E/GPSManager( 7404): Location changed : Lat: 40.00125 Lng: 105.56358166666665
05-18 18:12:53.861 E/GPSManager( 7404): Location changed : Lat: 40.00125 Lng: 105.56358166666665
05-18 18:12:54.861 E/GPSManager( 7404): Location changed : Lat: 40.00125 Lng: 105.56358166666665
05-18 18:12:55.861 E/GPSManager( 7404): Location changed : Lat: 40.00125 Lng: 105.56358166666665
05-18 18:12:56.871 E/GPSManager( 7404): Location changed : Lat: 40.00125 Lng: 105.56358166666665
05-18 18:12:57.871 E/GPSManager( 7404): Location changed : Lat: 40.00125 Lng: 105.56358166666665
05-18 18:12:58.871 E/GPSManager( 7404): Location changed : Lat: 40.00125 Lng: 105.56358166666665
05-18 18:12:59.881 E/GPSManager( 7404): Location changed : Lat: 40.00125 Lng: 105.56358166666665
05-18 18:13:00.881 E/GPSManager( 7404): Location changed : Lat: 40.00125 Lng: 105.56358166666665
05-18 18:13:01.881 E/GPSManager( 7404): Location changed : Lat: 40.00125 Lng: 105.56358166666665
05-18 18:13:02.881 E/GPSManager( 7404): Location changed : Lat: 40.00125 Lng: 105.56358166666665
05-18 18:13:03.891 E/GPSManager( 7404): Location changed : Lat: 40.00125 Lng: 105.56358166666665
05-18 18:13:04.891 E/GPSManager( 7404): Location changed : Lat: 40.00125 Lng: 105.56358166666665
05-18 18:13:05.891 E/GPSManager( 7404): Location changed : Lat: 40.00125 Lng: 105.56358166666665
05-18 18:13:06.891 E/GPSManager( 7404): Location changed : Lat: 40.00125 Lng: 105.56358166666665
05-18 18:13:07.891 E/GPSManager( 7404): Location changed : Lat: 40.00125 Lng: 105.56358166666665
05-18 18:13:08.901 E/GPSManager( 7404): Location changed : Lat: 40.00125 Lng: 105.56358166666665
05-18 18:13:09.901 E/GPSManager( 7404): Location changed : Lat: 40.00125 Lng: 105.56358166666665
05-18 18:13:10.901 E/GPSManager( 7404): Location changed : Lat: 40.00125 Lng: 105.56358166666665
05-18 18:13:11.901 E/GPSManager( 7404): Location changed : Lat: 40.00125 Lng: 105.56358166666665
05-18 18:13:12.901 E/GPSManager( 7404): Location changed : Lat: 40.00125 Lng: 105.56358166666665
05-18 18:13:13.911 E/GPSManager( 7404): Location changed : Lat: 40.00125 Lng: 105.56358166666665
05-18 18:13:14.911 E/GPSManager( 7404): Location changed : Lat: 40.00125 Lng: 105.56358166666665
05-18 18:13:15.901 E/GPSManager( 7404): Location changed : Lat: 40.00125 Lng: 105.56358166666665
05-18 18:13:16.911 E/GPSManager( 7404): Location changed : Lat: 40.00125 Lng: 105.56358166666665
05-18 18:13:17.921 E/GPSManager( 7404): Location changed : Lat: 40.00125 Lng: 105.56358166666665
05-18 18:13:18.921 E/GPSManager( 7404): Location changed : Lat: 40.00125 Lng: 105.56358166666665
05-18 18:13:19.931 E/GPSManager( 7404): Location changed : Lat: 40.00125 Lng: 105.56358166666665
05-18 18:13:20.931 E/GPSManager( 7404): Location changed : Lat: 40.00125 Lng: 105.56358166666665
05-18 18:13:21.971 E/GPSManager( 7404): Location changed : Lat: 40.00125 Lng: 105.56358166666665
05-18 18:13:22.961 E/GPSManager( 7404): Location changed : Lat: 40.00125 Lng: 105.56358166666665
05-18 18:13:23.811 E/NetworkScheduler.ATC(  731): Trying to release unacquired lock: com.google.android.gms/.clearcut.uploader.UploaderService
05-18 18:13:23.831 E/NetworkScheduler(  731): Called closeAndCleanupTask for already completed task [com.google.android.gms/.clearcut.uploader.UploaderService:upload_periodic,u0]' :TIMED_OUT
05-18 18:13:23.861 E/NetworkScheduler(  731): Task completed but with no record in list of active tasks: [com.google.android.gms/.clearcut.uploader.UploaderService:upload_periodic,u0]
05-18 18:13:23.961 E/GPSManager( 7404): Location changed : Lat: 40.00125 Lng: 105.56358166666665
05-18 18:13:24.961 E/GPSManager( 7404): Location changed : Lat: 40.00125 Lng: 105.56358166666665
05-18 18:13:25.961 E/GPSManager( 7404): Location changed : Lat: 40.00125 Lng: 105.56358166666665
05-18 18:13:26.961 E/GPSManager( 7404): Location changed : Lat: 40.00125 Lng: 105.56358166666665
05-18 18:13:27.961 E/GPSManager( 7404): Location changed : Lat: 40.00125 Lng: 105.56358166666665
05-18 18:13:28.971 E/GPSManager( 7404): Location changed : Lat: 40.00125 Lng: 105.56358166666665
05-18 18:13:29.971 E/GPSManager( 7404): Location changed : Lat: 40.00125 Lng: 105.56358166666665
05-18 18:13:30.981 E/GPSManager( 7404): Location changed : Lat: 40.00125 Lng: 105.56358166666665
05-18 18:13:31.981 E/GPSManager( 7404): Location changed : Lat: 40.00125 Lng: 105.56358166666665
05-18 18:13:33.001 E/GPSManager( 7404): Location changed : Lat: 40.00125 Lng: 105.56358166666665
05-18 18:13:33.981 E/GPSManager( 7404): Location changed : Lat: 40.00125 Lng: 105.56358166666665
05-18 18:13:34.991 E/GPSManager( 7404): Location changed : Lat: 40.00125 Lng: 105.56358166666665
05-18 18:13:35.991 E/GPSManager( 7404): Location changed : Lat: 40.00125 Lng: 105.56358166666665
05-18 18:13:36.981 E/GPSManager( 7404): Location changed : Lat: 40.00125 Lng: 105.56358166666665
05-18 18:13:37.981 E/GPSManager( 7404): Location changed : Lat: 40.00125 Lng: 105.56358166666665
05-18 18:13:38.991 E/GPSManager( 7404): Location changed : Lat: 40.00125 Lng: 105.56358166666665
05-18 18:13:39.991 E/GPSManager( 7404): Location changed : Lat: 40.00125 Lng: 105.56358166666665
05-18 18:13:40.991 E/GPSManager( 7404): Location changed : Lat: 40.00125 Lng: 105.56358166666665
05-18 18:13:42.001 E/GPSManager( 7404): Location changed : Lat: 40.00125 Lng: 105.56358166666665
05-18 18:13:43.001 E/GPSManager( 7404): Location changed : Lat: 40.00125 Lng: 105.56358166666665
05-18 18:13:44.001 E/GPSManager( 7404): Location changed : Lat: 40.00125 Lng: 105.56358166666665
05-18 18:13:45.011 E/GPSManager( 7404): Location changed : Lat: 40.00125 Lng: 105.56358166666665
05-18 18:13:46.001 E/GPSManager( 7404): Location changed : Lat: 40.00125 Lng: 105.56358166666665
05-18 18:13:47.011 E/GPSManager( 7404): Location changed : Lat: 40.00125 Lng: 105.56358166666665
05-18 18:13:48.011 E/GPSManager( 7404): Location changed : Lat: 40.00125 Lng: 105.56358166666665
05-18 18:13:49.011 E/GPSManager( 7404): Location changed : Lat: 40.00125 Lng: 105.56358166666665
05-18 18:13:50.021 E/GPSManager( 7404): Location changed : Lat: 40.00125 Lng: 105.56358166666665
05-18 18:13:51.021 E/GPSManager( 7404): Location changed : Lat: 40.00125 Lng: 105.56358166666665
05-18 18:13:52.021 E/GPSManager( 7404): Location changed : Lat: 40.00125 Lng: 105.56358166666665
05-18 18:13:53.021 E/GPSManager( 7404): Location changed : Lat: 40.00125 Lng: 105.56358166666665
05-18 18:13:54.021 E/GPSManager( 7404): Location changed : Lat: 40.00125 Lng: 105.56358166666665
05-18 18:13:55.031 E/GPSManager( 7404): Location changed : Lat: 40.00125 Lng: 105.56358166666665
05-18 18:13:56.031 E/GPSManager( 7404): Location changed : Lat: 40.00125 Lng: 105.56358166666665
05-18 18:13:57.031 E/GPSManager( 7404): Location changed : Lat: 40.00125 Lng: 105.56358166666665
05-18 18:13:58.031 E/GPSManager( 7404): Location changed : Lat: 40.00125 Lng: 105.56358166666665
05-18 18:13:59.031 E/GPSManager( 7404): Location changed : Lat: 40.00125 Lng: 105.56358166666665
05-18 18:14:00.111 E/GPSManager( 7404): Location changed : Lat: 40.00125 Lng: 105.56358166666665
05-18 18:14:01.031 E/GPSManager( 7404): Location changed : Lat: 40.00125 Lng: 105.56358166666665
05-18 18:14:02.031 E/GPSManager( 7404): Location changed : Lat: 40.00125 Lng: 105.56358166666665
05-18 18:14:03.041 E/GPSManager( 7404): Location changed : Lat: 40.00125 Lng: 105.56358166666665
05-18 18:14:04.041 E/GPSManager( 7404): Location changed : Lat: 40.00125 Lng: 105.56358166666665
05-18 18:14:05.041 E/GPSManager( 7404): Location changed : Lat: 40.00125 Lng: 105.56358166666665
05-18 18:14:06.041 E/GPSManager( 7404): Location changed : Lat: 40.00125 Lng: 105.56358166666665
05-18 18:14:07.041 E/GPSManager( 7404): Location changed : Lat: 40.00125 Lng: 105.56358166666665
05-18 18:14:08.041 E/GPSManager( 7404): Location changed : Lat: 40.00125 Lng: 105.56358166666665
05-18 18:14:09.051 E/GPSManager( 7404): Location changed : Lat: 40.00125 Lng: 105.56358166666665
05-18 18:14:10.051 E/GPSManager( 7404): Location changed : Lat: 40.00125 Lng: 105.56358166666665
05-18 18:14:11.051 E/GPSManager( 7404): Location changed : Lat: 40.00125 Lng: 105.56358166666665
05-18 18:14:12.061 E/GPSManager( 7404): Location changed : Lat: 40.00125 Lng: 105.56358166666665
05-18 18:14:13.061 E/GPSManager( 7404): Location changed : Lat: 40.00125 Lng: 105.56358166666665
05-18 18:14:14.061 E/GPSManager( 7404): Location changed : Lat: 40.00125 Lng: 105.56358166666665
05-18 18:14:15.061 E/GPSManager( 7404): Location changed : Lat: 40.00125 Lng: 105.56358166666665
05-18 18:14:16.061 E/GPSManager( 7404): Location changed : Lat: 40.00125 Lng: 105.56358166666665
05-18 18:14:17.071 E/GPSManager( 7404): Location changed : Lat: 40.00125 Lng: 105.56358166666665
05-18 18:14:18.071 E/GPSManager( 7404): Location changed : Lat: 40.00125 Lng: 105.56358166666665
05-18 18:14:19.071 E/GPSManager( 7404): Location changed : Lat: 40.00125 Lng: 105.56358166666665
05-18 18:14:20.071 E/GPSManager( 7404): Location changed : Lat: 40.00125 Lng: 105.56358166666665
05-18 18:14:21.081 E/GPSManager( 7404): Location changed : Lat: 40.00125 Lng: 105.56358166666665
05-18 18:14:22.081 E/GPSManager( 7404): Location changed : Lat: 40.00125 Lng: 105.56358166666665
05-18 18:14:23.091 E/GPSManager( 7404): Location changed : Lat: 40.00125 Lng: 105.56358166666665
05-18 18:14:24.091 E/GPSManager( 7404): Location changed : Lat: 40.00125 Lng: 105.56358166666665
05-18 18:14:25.101 E/GPSManager( 7404): Location changed : Lat: 40.00125 Lng: 105.56358166666665
05-18 18:14:26.101 E/GPSManager( 7404): Location changed : Lat: 40.00125 Lng: 105.56358166666665
05-18 18:14:27.101 E/GPSManager( 7404): Location changed : Lat: 40.00125 Lng: 105.56358166666665
05-18 18:14:28.101 E/GPSManager( 7404): Location changed : Lat: 40.00125 Lng: 105.56358166666665
05-18 18:14:29.101 E/GPSManager( 7404): Location changed : Lat: 40.00125 Lng: 105.56358166666665
05-18 18:14:30.101 E/GPSManager( 7404): Location changed : Lat: 40.00125 Lng: 105.56358166666665
05-18 18:14:31.111 E/GPSManager( 7404): Location changed : Lat: 40.00125 Lng: 105.56358166666665
05-18 18:14:32.111 E/GPSManager( 7404): Location changed : Lat: 40.00125 Lng: 105.56358166666665
05-18 18:14:33.111 E/GPSManager( 7404): Location changed : Lat: 40.00125 Lng: 105.56358166666665
05-18 18:14:34.111 E/GPSManager( 7404): Location changed : Lat: 40.00125 Lng: 105.56358166666665
05-18 18:14:35.111 E/GPSManager( 7404): Location changed : Lat: 40.00125 Lng: 105.56358166666665
05-18 18:14:36.111 E/GPSManager( 7404): Location changed : Lat: 40.00125 Lng: 105.56358166666665
05-18 18:14:37.111 E/GPSManager( 7404): Location changed : Lat: 40.00125 Lng: 105.56358166666665
05-18 18:14:38.121 E/GPSManager( 7404): Location changed : Lat: 40.00125 Lng: 105.56358166666665
05-18 18:14:39.121 E/GPSManager( 7404): Location changed : Lat: 40.00125 Lng: 105.56358166666665
05-18 18:14:40.121 E/GPSManager( 7404): Location changed : Lat: 40.00125 Lng: 105.56358166666665
05-18 18:14:41.121 E/GPSManager( 7404): Location changed : Lat: 40.00125 Lng: 105.56358166666665
05-18 18:14:42.131 E/GPSManager( 7404): Location changed : Lat: 40.00125 Lng: 105.56358166666665
05-18 18:14:43.121 E/GPSManager( 7404): Location changed : Lat: 40.00125 Lng: 105.56358166666665
05-18 18:14:44.131 E/GPSManager( 7404): Location changed : Lat: 40.00125 Lng: 105.56358166666665
05-18 18:14:45.131 E/GPSManager( 7404): Location changed : Lat: 40.00125 Lng: 105.56358166666665
05-18 18:14:46.131 E/GPSManager( 7404): Location changed : Lat: 40.00125 Lng: 105.56358166666665
05-18 18:14:47.141 E/GPSManager( 7404): Location changed : Lat: 40.00125 Lng: 105.56358166666665
05-18 18:14:48.141 E/GPSManager( 7404): Location changed : Lat: 40.00125 Lng: 105.56358166666665
05-18 18:14:49.141 E/GPSManager( 7404): Location changed : Lat: 40.00125 Lng: 105.56358166666665
05-18 18:14:50.141 E/GPSManager( 7404): Location changed : Lat: 40.00125 Lng: 105.56358166666665
05-18 18:14:51.151 E/GPSManager( 7404): Location changed : Lat: 40.00125 Lng: 105.56358166666665
05-18 18:14:52.141 E/GPSManager( 7404): Location changed : Lat: 40.00125 Lng: 105.56358166666665
05-18 18:14:53.151 E/GPSManager( 7404): Location changed : Lat: 40.00125 Lng: 105.56358166666665
05-18 18:14:54.151 E/GPSManager( 7404): Location changed : Lat: 40.00125 Lng: 105.56358166666665
05-18 18:14:55.151 E/GPSManager( 7404): Location changed : Lat: 40.00125 Lng: 105.56358166666665
05-18 18:14:56.151 E/GPSManager( 7404): Location changed : Lat: 40.00125 Lng: 105.56358166666665
05-18 18:14:57.151 E/GPSManager( 7404): Location changed : Lat: 40.00125 Lng: 105.56358166666665
05-18 18:14:58.161 E/GPSManager( 7404): Location changed : Lat: 40.00125 Lng: 105.56358166666665
05-18 18:14:59.161 E/GPSManager( 7404): Location changed : Lat: 40.00125 Lng: 105.56358166666665
05-18 18:15:00.161 E/GPSManager( 7404): Location changed : Lat: 40.00125 Lng: 105.56358166666665
05-18 18:15:01.161 E/GPSManager( 7404): Location changed : Lat: 40.00125 Lng: 105.56358166666665
05-18 18:15:02.171 E/GPSManager( 7404): Location changed : Lat: 40.00125 Lng: 105.56358166666665
05-18 18:15:03.171 E/GPSManager( 7404): Location changed : Lat: 40.00125 Lng: 105.56358166666665
05-18 18:15:04.161 E/GPSManager( 7404): Location changed : Lat: 40.00125 Lng: 105.56358166666665
05-18 18:15:05.171 E/GPSManager( 7404): Location changed : Lat: 40.00125 Lng: 105.56358166666665
05-18 18:15:06.181 E/GPSManager( 7404): Location changed : Lat: 40.00125 Lng: 105.56358166666665
05-18 18:15:07.181 E/GPSManager( 7404): Location changed : Lat: 40.00125 Lng: 105.56358166666665
05-18 18:15:08.181 E/GPSManager( 7404): Location changed : Lat: 40.00125 Lng: 105.56358166666665
05-18 18:15:09.191 E/GPSManager( 7404): Location changed : Lat: 40.00125 Lng: 105.56358166666665
05-18 18:15:10.191 E/GPSManager( 7404): Location changed : Lat: 40.00125 Lng: 105.56358166666665
05-18 18:15:11.201 E/GPSManager( 7404): Location changed : Lat: 40.00125 Lng: 105.56358166666665
05-18 18:15:12.221 E/GPSManager( 7404): Location changed : Lat: 40.00125 Lng: 105.56358166666665
05-18 18:15:13.231 E/GPSManager( 7404): Location changed : Lat: 40.00125 Lng: 105.56358166666665
05-18 18:15:14.251 E/GPSManager( 7404): Location changed : Lat: 40.00125 Lng: 105.56358166666665
05-18 18:15:15.231 E/GPSManager( 7404): Location changed : Lat: 40.00125 Lng: 105.56358166666665
05-18 18:15:15.461 E/PlayCommon(  853): [43] com.google.android.play.a.g.a(1054): Failed to connect to server: javax.net.ssl.SSLException: Connection closed by peer
05-18 18:15:16.241 E/GPSManager( 7404): Location changed : Lat: 40.00125 Lng: 105.56358166666665
05-18 18:15:17.241 E/GPSManager( 7404): Location changed : Lat: 40.00125 Lng: 105.56358166666665
05-18 18:15:18.261 E/GPSManager( 7404): Location changed : Lat: 40.00125 Lng: 105.56358166666665
05-18 18:15:19.261 E/GPSManager( 7404): Location changed : Lat: 40.00125 Lng: 105.56358166666665
05-18 18:15:20.261 E/GPSManager( 7404): Location changed : Lat: 40.00125 Lng: 105.56358166666665
05-18 18:15:21.251 E/GPSManager( 7404): Location changed : Lat: 40.00125 Lng: 105.56358166666665
05-18 18:15:22.261 E/GPSManager( 7404): Location changed : Lat: 40.00125 Lng: 105.56358166666665
05-18 18:15:23.261 E/GPSManager( 7404): Location changed : Lat: 40.00125 Lng: 105.56358166666665
05-18 18:15:24.271 E/GPSManager( 7404): Location changed : Lat: 40.00125 Lng: 105.56358166666665
05-18 18:15:25.271 E/GPSManager( 7404): Location changed : Lat: 40.00125 Lng: 105.56358166666665
05-18 18:15:26.271 E/GPSManager( 7404): Location changed : Lat: 40.00125 Lng: 105.56358166666665
05-18 18:15:27.281 E/GPSManager( 7404): Location changed : Lat: 40.00125 Lng: 105.56358166666665
05-18 18:15:28.281 E/GPSManager( 7404): Location changed : Lat: 40.00125 Lng: 105.56358166666665
05-18 18:15:29.281 E/GPSManager( 7404): Location changed : Lat: 40.00125 Lng: 105.56358166666665
05-18 18:15:30.281 E/GPSManager( 7404): Location changed : Lat: 40.00125 Lng: 105.56358166666665
05-18 18:15:31.291 E/GPSManager( 7404): Location changed : Lat: 40.00125 Lng: 105.56358166666665
05-18 18:15:32.291 E/GPSManager( 7404): Location changed : Lat: 40.00125 Lng: 105.56358166666665
05-18 18:15:33.291 E/GPSManager( 7404): Location changed : Lat: 40.00125 Lng: 105.56358166666665
05-18 18:15:34.291 E/GPSManager( 7404): Location changed : Lat: 40.00125 Lng: 105.56358166666665
05-18 18:15:35.311 E/GPSManager( 7404): Location changed : Lat: 40.00125 Lng: 105.56358166666665
05-18 18:15:36.301 E/GPSManager( 7404): Location changed : Lat: 40.00125 Lng: 105.56358166666665
05-18 18:15:37.311 E/GPSManager( 7404): Location changed : Lat: 40.00125 Lng: 105.56358166666665
05-18 18:15:38.821 E/GPSManager( 7404): Location changed : Lat: 40.00125 Lng: 105.56358166666665
05-18 18:15:39.421 E/GPSManager( 7404): Location changed : Lat: 40.00125 Lng: 105.56358166666665
05-18 18:15:40.431 E/GPSManager( 7404): Location changed : Lat: 40.00125 Lng: 105.56358166666665
05-18 18:15:41.441 E/GPSManager( 7404): Location changed : Lat: 40.00125 Lng: 105.56358166666665
05-18 18:15:42.451 E/GPSManager( 7404): Location changed : Lat: 40.00125 Lng: 105.56358166666665
05-18 18:15:43.451 E/GPSManager( 7404): Location changed : Lat: 40.00125 Lng: 105.56358166666665
05-18 18:15:44.461 E/GPSManager( 7404): Location changed : Lat: 40.00125 Lng: 105.56358166666665
05-18 18:15:45.461 E/GPSManager( 7404): Location changed : Lat: 40.00125 Lng: 105.56358166666665
05-18 18:15:46.481 E/GPSManager( 7404): Location changed : Lat: 40.00125 Lng: 105.56358166666665
05-18 18:15:47.481 E/GPSManager( 7404): Location changed : Lat: 40.00125 Lng: 105.56358166666665
05-18 18:15:48.491 E/GPSManager( 7404): Location changed : Lat: 40.00125 Lng: 105.56358166666665
05-18 18:15:49.481 E/GPSManager( 7404): Location changed : Lat: 40.00125 Lng: 105.56358166666665
05-18 18:15:50.491 E/GPSManager( 7404): Location changed : Lat: 40.00125 Lng: 105.56358166666665
05-18 18:15:51.491 E/GPSManager( 7404): Location changed : Lat: 40.00125 Lng: 105.56358166666665
05-18 18:15:52.491 E/GPSManager( 7404): Location changed : Lat: 40.00125 Lng: 105.56358166666665
05-18 18:15:53.511 E/GPSManager( 7404): Location changed : Lat: 40.00125 Lng: 105.56358166666665
05-18 18:15:54.511 E/GPSManager( 7404): Location changed : Lat: 40.00125 Lng: 105.56358166666665
05-18 18:15:55.771 E/GPSManager( 7404): Location changed : Lat: 40.00125 Lng: 105.56358166666665
05-18 18:15:56.801 E/GPSManager( 7404): Location changed : Lat: 40.00125 Lng: 105.56358166666665
05-18 18:15:57.801 E/GPSManager( 7404): Location changed : Lat: 40.00125 Lng: 105.56358166666665
05-18 18:15:58.811 E/GPSManager( 7404): Location changed : Lat: 40.00125 Lng: 105.56358166666665
05-18 18:15:59.801 E/GPSManager( 7404): Location changed : Lat: 40.00125 Lng: 105.56358166666665
05-18 18:16:00.811 E/GPSManager( 7404): Location changed : Lat: 40.00125 Lng: 105.56358166666665
05-18 18:16:01.821 E/GPSManager( 7404): Location changed : Lat: 40.00125 Lng: 105.56358166666665
05-18 18:16:02.901 E/GPSManager( 7404): Location changed : Lat: 40.00125 Lng: 105.56358166666665
05-18 18:16:03.821 E/GPSManager( 7404): Location changed : Lat: 40.00125 Lng: 105.56358166666665
05-18 18:16:04.581 E/memtrack( 7672): Couldn't load memtrack module (No such file or directory)
05-18 18:16:04.581 E/android.os.Debug( 7672): failed to load memtrack module: -2
05-18 18:16:04.651 E/cutils-trace( 7672): Error opening trace file: No such file or directory (2)
05-18 18:16:04.821 E/GPSManager( 7404): Location changed : Lat: 40.00125 Lng: 105.56358166666665
05-18 18:16:05.821 E/GPSManager( 7404): Location changed : Lat: 40.00125 Lng: 105.56358166666665
05-18 18:16:06.431 E/memtrack( 7688): Couldn't load memtrack module (No such file or directory)
05-18 18:16:06.431 E/android.os.Debug( 7688): failed to load memtrack module: -2
05-18 18:16:06.481 E/cutils-trace( 7688): Error opening trace file: No such file or directory (2)
05-18 18:16:06.831 E/GPSManager( 7404): Location changed : Lat: 40.00125 Lng: 105.56358166666665
05-18 18:16:07.831 E/GPSManager( 7404): Location changed : Lat: 40.00125 Lng: 105.56358166666665
05-18 18:16:08.841 E/GPSManager( 7404): Location changed : Lat: 40.00125 Lng: 105.56358166666665
05-18 18:16:09.851 E/GPSManager( 7404): Location changed : Lat: 40.00125 Lng: 105.56358166666665
05-18 18:16:10.831 E/GPSManager( 7404): Location changed : Lat: 40.00125 Lng: 105.56358166666665
05-18 18:16:10.921 E/memtrack( 7706): Couldn't load memtrack module (No such file or directory)
05-18 18:16:10.931 E/android.os.Debug( 7706): failed to load memtrack module: -2
05-18 18:16:11.841 E/GPSManager( 7404): Location changed : Lat: 40.00125 Lng: 105.56358166666665
05-18 18:16:12.391 E/cutils-trace( 7706): Error opening trace file: No such file or directory (2)
05-18 18:16:12.841 E/GPSManager( 7404): Location changed : Lat: 40.00125 Lng: 105.56358166666665
05-18 18:16:13.961 E/GPSManager( 7404): Location changed : Lat: 40.00125 Lng: 105.56358166666665
05-18 18:16:14.851 E/GPSManager( 7404): Location changed : Lat: 40.00125 Lng: 105.56358166666665
05-18 18:16:14.871 E/memtrack( 7724): Couldn't load memtrack module (No such file or directory)
05-18 18:16:14.871 E/android.os.Debug( 7724): failed to load memtrack module: -2
05-18 18:16:14.941 E/cutils-trace( 7724): Error opening trace file: No such file or directory (2)
05-18 18:16:15.851 E/GPSManager( 7404): Location changed : Lat: 40.00125 Lng: 105.56358166666665
05-18 18:16:16.141 E/memtrack( 7736): Couldn't load memtrack module (No such file or directory)
05-18 18:16:16.141 E/android.os.Debug( 7736): failed to load memtrack module: -2
05-18 18:16:16.181 E/cutils-trace( 7736): Error opening trace file: No such file or directory (2)
05-18 18:16:16.851 E/GPSManager( 7404): Location changed : Lat: 40.00125 Lng: 105.56358166666665
05-18 18:16:17.301 E/memtrack( 7747): Couldn't load memtrack module (No such file or directory)
05-18 18:16:17.301 E/android.os.Debug( 7747): failed to load memtrack module: -2
05-18 18:16:17.361 E/cutils-trace( 7747): Error opening trace file: No such file or directory (2)
05-18 18:16:17.851 E/GPSManager( 7404): Location changed : Lat: 40.00125 Lng: 105.56358166666665
05-18 18:16:18.491 E/memtrack( 7759): Couldn't load memtrack module (No such file or directory)
05-18 18:16:18.491 E/android.os.Debug( 7759): failed to load memtrack module: -2
05-18 18:16:18.551 E/cutils-trace( 7759): Error opening trace file: No such file or directory (2)
05-18 18:16:18.861 E/GPSManager( 7404): Location changed : Lat: 40.00125 Lng: 105.56358166666665
05-18 18:16:19.871 E/GPSManager( 7404): Location changed : Lat: 40.00125 Lng: 105.56358166666665
05-18 18:16:20.481 E/memtrack( 7780): Couldn't load memtrack module (No such file or directory)
05-18 18:16:20.481 E/android.os.Debug( 7780): failed to load memtrack module: -2
05-18 18:16:20.631 E/cutils-trace( 7780): Error opening trace file: No such file or directory (2)
05-18 18:16:20.861 E/GPSManager( 7404): Location changed : Lat: 40.00125 Lng: 105.56358166666665
05-18 18:16:21.781 E/memtrack( 7797): Couldn't load memtrack module (No such file or directory)
05-18 18:16:21.791 E/android.os.Debug( 7797): failed to load memtrack module: -2
05-18 18:16:21.861 E/GPSManager( 7404): Location changed : Lat: 40.00125 Lng: 105.56358166666665
05-18 18:16:21.881 E/cutils-trace( 7797): Error opening trace file: No such file or directory (2)
05-18 18:16:22.861 E/GPSManager( 7404): Location changed : Lat: 40.00125 Lng: 105.56358166666665
05-18 18:16:23.881 E/GPSManager( 7404): Location changed : Lat: 40.00125 Lng: 105.56358166666665
05-18 18:16:24.881 E/GPSManager( 7404): Location changed : Lat: 40.00125 Lng: 105.56358166666665
05-18 18:16:25.891 E/GPSManager( 7404): Location changed : Lat: 40.00125 Lng: 105.56358166666665
05-18 18:16:26.611 E/memtrack( 7816): Couldn't load memtrack module (No such file or directory)
05-18 18:16:26.611 E/android.os.Debug( 7816): failed to load memtrack module: -2
05-18 18:16:26.701 E/cutils-trace( 7816): Error opening trace file: No such file or directory (2)
05-18 18:16:26.891 E/GPSManager( 7404): Location changed : Lat: 40.00125 Lng: 105.56358166666665
05-18 18:16:27.891 E/GPSManager( 7404): Location changed : Lat: 40.00125 Lng: 105.56358166666665
05-18 18:16:28.511 E/memtrack( 7828): Couldn't load memtrack module (No such file or directory)
05-18 18:16:28.511 E/android.os.Debug( 7828): failed to load memtrack module: -2
05-18 18:16:28.561 E/cutils-trace( 7828): Error opening trace file: No such file or directory (2)
05-18 18:16:28.901 E/GPSManager( 7404): Location changed : Lat: 40.00125 Lng: 105.56358166666665
05-18 18:16:29.811 E/memtrack( 7839): Couldn't load memtrack module (No such file or directory)
05-18 18:16:29.811 E/android.os.Debug( 7839): failed to load memtrack module: -2
05-18 18:16:29.921 E/GPSManager( 7404): Location changed : Lat: 40.00125 Lng: 105.56358166666665
05-18 18:16:29.991 E/Cataloger( 1301): 
05-18 18:16:30.001 E/Cataloger( 1301): syncFile:/storage/emulated/0/Android/data/com.boco.apphall/cache/uil-images/57gbxefr6ynwpq4ho1je8qmfo0
05-18 18:16:30.011 E/Cataloger( 1301): need not sync path:/storage/emulated/0/Android/data/com.boco.apphall/cache/uil-images/57gbxefr6ynwpq4ho1je8qmfo0
05-18 18:16:30.021 E/Cataloger( 1301): syncFile:/storage/emulated/0/Android/data/com.boco.apphall/cache/uil-images/5252683xnrtcrm7o65y7uirsl0
05-18 18:16:30.031 E/Cataloger( 1301): need not sync path:/storage/emulated/0/Android/data/com.boco.apphall/cache/uil-images/5252683xnrtcrm7o65y7uirsl0
05-18 18:16:30.051 E/Cataloger( 1301): syncFile:/storage/emulated/0/Android/data/com.boco.apphall/cache/uil-images/2dw14j6zx8fuf59l70lizvt710
05-18 18:16:30.051 E/Cataloger( 1301): need not sync path:/storage/emulated/0/Android/data/com.boco.apphall/cache/uil-images/2dw14j6zx8fuf59l70lizvt710
05-18 18:16:30.061 E/Cataloger( 1301): syncFile:/storage/emulated/0/Android/data/com.boco.apphall/cache/uil-images/64u2kf0bfy71nodbxsvrwaoat0
05-18 18:16:30.071 E/Cataloger( 1301): need not sync path:/storage/emulated/0/Android/data/com.boco.apphall/cache/uil-images/64u2kf0bfy71nodbxsvrwaoat0
05-18 18:16:30.081 E/Cataloger( 1301): syncFile:/storage/emulated/0/Android/data/com.boco.apphall/cache/uil-images/3205omy4td9oxw05yijfjsa900
05-18 18:16:30.091 E/Cataloger( 1301): need not sync path:/storage/emulated/0/Android/data/com.boco.apphall/cache/uil-images/3205omy4td9oxw05yijfjsa900
05-18 18:16:30.111 E/Cataloger( 1301): 
05-18 18:16:30.111 E/Cataloger( 1301): syncFile:/storage/emulated/0/Android/data/com.boco.apphall/cache/uil-images/1yr55s6idym5vmr2kp828kc730
05-18 18:16:30.111 E/Cataloger( 1301): need not sync path:/storage/emulated/0/Android/data/com.boco.apphall/cache/uil-images/1yr55s6idym5vmr2kp828kc730
05-18 18:16:30.131 E/Cataloger( 1301): syncFile:/storage/emulated/0/Android/data/com.boco.apphall/cache/uil-images/5qxqvdbogs92lp9xsu05v4d050
05-18 18:16:30.131 E/Cataloger( 1301): need not sync path:/storage/emulated/0/Android/data/com.boco.apphall/cache/uil-images/5qxqvdbogs92lp9xsu05v4d050
05-18 18:16:30.141 E/Cataloger( 1301): syncFile:/storage/emulated/0/Android/data/com.boco.apphall/cache/uil-images/4kxgwmqh15kqpdwvd91ok1rs00
05-18 18:16:30.151 E/Cataloger( 1301): need not sync path:/storage/emulated/0/Android/data/com.boco.apphall/cache/uil-images/4kxgwmqh15kqpdwvd91ok1rs00
05-18 18:16:30.161 E/Cataloger( 1301): syncFile:/storage/emulated/0/Android/data/com.boco.apphall/cache/uil-images/5qk5ab5bpi8w4etc52xne53rs0
05-18 18:16:30.171 E/Cataloger( 1301): need not sync path:/storage/emulated/0/Android/data/com.boco.apphall/cache/uil-images/5qk5ab5bpi8w4etc52xne53rs0
05-18 18:16:30.181 E/Cataloger( 1301): syncFile:/storage/emulated/0/Android/data/com.boco.apphall/cache/uil-images/3zj5e7agc5dxrx9zld8s8tazk0
05-18 18:16:30.191 E/Cataloger( 1301): need not sync path:/storage/emulated/0/Android/data/com.boco.apphall/cache/uil-images/3zj5e7agc5dxrx9zld8s8tazk0
05-18 18:16:30.201 E/Cataloger( 1301): syncFile:/storage/emulated/0/Android/data/com.boco.apphall/cache/uil-images/692qxwcqm0v50o6d686e2v3o30
05-18 18:16:30.211 E/Cataloger( 1301): need not sync path:/storage/emulated/0/Android/data/com.boco.apphall/cache/uil-images/692qxwcqm0v50o6d686e2v3o30
05-18 18:16:30.221 E/Cataloger( 1301): syncFile:/storage/emulated/0/Android/data/com.boco.apphall/cache/uil-images/mk3hplefdtlqmx38m1iwlp2r0
05-18 18:16:30.221 E/Cataloger( 1301): need not sync path:/storage/emulated/0/Android/data/com.boco.apphall/cache/uil-images/mk3hplefdtlqmx38m1iwlp2r0
05-18 18:16:30.241 E/Cataloger( 1301): 
05-18 18:16:30.241 E/Cataloger( 1301): 
05-18 18:16:30.251 E/Cataloger( 1301): 
05-18 18:16:30.261 E/cutils-trace( 7839): Error opening trace file: No such file or directory (2)
05-18 18:16:30.901 E/GPSManager( 7404): Location changed : Lat: 40.00125 Lng: 105.56358166666665
05-18 18:16:31.741 E/memtrack( 7863): Couldn't load memtrack module (No such file or directory)
05-18 18:16:31.741 E/android.os.Debug( 7863): failed to load memtrack module: -2
05-18 18:16:31.811 E/cutils-trace( 7863): Error opening trace file: No such file or directory (2)
05-18 18:16:31.901 E/GPSManager( 7404): Location changed : Lat: 40.00125 Lng: 105.56358166666665
05-18 18:16:32.901 E/GPSManager( 7404): Location changed : Lat: 40.00125 Lng: 105.56358166666665
05-18 18:16:33.211 E/memtrack( 7875): Couldn't load memtrack module (No such file or directory)
05-18 18:16:33.211 E/android.os.Debug( 7875): failed to load memtrack module: -2
05-18 18:16:33.291 E/cutils-trace( 7875): Error opening trace file: No such file or directory (2)
05-18 18:16:33.901 E/GPSManager( 7404): Location changed : Lat: 40.00125 Lng: 105.56358166666665
05-18 18:16:34.831 E/memtrack( 7889): Couldn't load memtrack module (No such file or directory)
05-18 18:16:34.831 E/android.os.Debug( 7889): failed to load memtrack module: -2
05-18 18:16:34.891 E/cutils-trace( 7889): Error opening trace file: No such file or directory (2)
05-18 18:16:34.891 E/GPSManager( 7404): Location changed : Lat: 40.00125 Lng: 105.56358166666665
05-18 18:16:35.871 E/memtrack( 7900): Couldn't load memtrack module (No such file or directory)
05-18 18:16:35.871 E/android.os.Debug( 7900): failed to load memtrack module: -2
05-18 18:16:35.891 E/GPSManager( 7404): Location changed : Lat: 40.00125 Lng: 105.56358166666665
05-18 18:16:36.901 E/GPSManager( 7404): Location changed : Lat: 40.00125 Lng: 105.56358166666665
05-18 18:16:37.901 E/GPSManager( 7404): Location changed : Lat: 40.00125 Lng: 105.56358166666665
05-18 18:16:38.901 E/GPSManager( 7404): Location changed : Lat: 40.00125 Lng: 105.56358166666665
05-18 18:16:39.111 E/memtrack( 7931): Couldn't load memtrack module (No such file or directory)
05-18 18:16:39.111 E/android.os.Debug( 7931): failed to load memtrack module: -2
05-18 18:16:39.901 E/GPSManager( 7404): Location changed : Lat: 40.00125 Lng: 105.56358166666665
05-18 18:16:40.391 E/Cataloger( 1301): syncFile:/storage/emulated/0/Android/data/com.boco.apphall
05-18 18:16:40.391 E/Cataloger( 1301): :/storage/emulated/0/Android/data/com.boco.apphall
05-18 18:16:40.391 E/Cataloger( 1301): /storage/emulated/0/Android/data/com.boco.apphall
05-18 18:16:40.421 E/Cataloger( 1301): syncFile:/storage/emulated/0/Android/data/com.boco.apphall/cache
05-18 18:16:40.421 E/Cataloger( 1301): :/storage/emulated/0/Android/data/com.boco.apphall/cache
05-18 18:16:40.421 E/Cataloger( 1301): /storage/emulated/0/Android/data/com.boco.apphall/cache
05-18 18:16:40.431 E/Cataloger( 1301): syncFile:/storage/emulated/0/Android/data/com.boco.apphall/cache/.nomedia
05-18 18:16:40.431 E/Cataloger( 1301): need not sync path:/storage/emulated/0/Android/data/com.boco.apphall/cache/.nomedia
05-18 18:16:40.431 E/Cataloger( 1301): syncFile:/storage/emulated/0/Android/data/com.boco.apphall/cache/.nomedia
05-18 18:16:40.431 E/Cataloger( 1301): need not sync path:/storage/emulated/0/Android/data/com.boco.apphall/cache/.nomedia
05-18 18:16:40.431 E/Cataloger( 1301): syncFile:/storage/emulated/0/Android/data/com.boco.apphall/cache/uil-images
05-18 18:16:40.431 E/Cataloger( 1301): :/storage/emulated/0/Android/data/com.boco.apphall/cache/uil-images
05-18 18:16:40.431 E/Cataloger( 1301): /storage/emulated/0/Android/data/com.boco.apphall/cache/uil-images
05-18 18:16:40.461 E/Cataloger( 1301): syncFile:/storage/emulated/0/Android/data/com.boco.apphall/cache/uil-images/journal.tmp
05-18 18:16:40.461 E/Cataloger( 1301): need not sync path:/storage/emulated/0/Android/data/com.boco.apphall/cache/uil-images/journal.tmp
05-18 18:16:40.471 E/Cataloger( 1301): syncFile:/storage/emulated/0/Android/data/com.boco.apphall/cache/uil-images/journal.tmp
05-18 18:16:40.471 E/Cataloger( 1301): need not sync path:/storage/emulated/0/Android/data/com.boco.apphall/cache/uil-images/journal.tmp
05-18 18:16:40.491 E/Cataloger( 1301): 
05-18 18:16:40.491 E/Cataloger( 1301): syncFile:/storage/emulated/0/Android/data/com.boco.apphall/cache/uil-images/journal
05-18 18:16:40.491 E/Cataloger( 1301): need not sync path:/storage/emulated/0/Android/data/com.boco.apphall/cache/uil-images/journal
05-18 18:16:40.901 E/GPSManager( 7404): Location changed : Lat: 40.00125 Lng: 105.56358166666665
05-18 18:16:41.161 E/cutils-trace( 7931): Error opening trace file: No such file or directory (2)
05-18 18:16:41.911 E/GPSManager( 7404): Location changed : Lat: 40.00125 Lng: 105.56358166666665
05-18 18:16:42.911 E/GPSManager( 7404): Location changed : Lat: 40.00125 Lng: 105.56358166666665
05-18 18:16:43.511 E/SQLiteDatabase( 1301): Error inserting path=/storage/emulated/0/Android/data/com.boco.apphall/ lastmodified=1495102600000 pathtype=3 _id=127 isLogPath=0 name=com.boco.apphall
05-18 18:16:43.511 E/SQLiteDatabase( 1301): android.database.sqlite.SQLiteConstraintException: column path is not unique (code 19)
05-18 18:16:43.511 E/SQLiteDatabase( 1301): 	at android.database.sqlite.SQLiteConnection.nativeExecuteForLastInsertedRowId(Native Method)
05-18 18:16:43.511 E/SQLiteDatabase( 1301): 	at android.database.sqlite.SQLiteConnection.executeForLastInsertedRowId(SQLiteConnection.java:782)
05-18 18:16:43.511 E/SQLiteDatabase( 1301): 	at android.database.sqlite.SQLiteSession.executeForLastInsertedRowId(SQLiteSession.java:788)
05-18 18:16:43.511 E/SQLiteDatabase( 1301): 	at android.database.sqlite.SQLiteStatement.executeInsert(SQLiteStatement.java:86)
05-18 18:16:43.511 E/SQLiteDatabase( 1301): 	at android.database.sqlite.SQLiteDatabase.insertWithOnConflict(SQLiteDatabase.java:1469)
05-18 18:16:43.511 E/SQLiteDatabase( 1301): 	at android.database.sqlite.SQLiteDatabase.insert(SQLiteDatabase.java:1339)
05-18 18:16:43.511 E/SQLiteDatabase( 1301): 	at com.estrongs.android.scanner.d.e.a(Unknown Source)
05-18 18:16:43.511 E/SQLiteDatabase( 1301): 	at com.estrongs.android.scanner.d.a.a(Unknown Source)
05-18 18:16:43.511 E/SQLiteDatabase( 1301): 	at com.estrongs.android.scanner.d.a.a(Unknown Source)
05-18 18:16:43.511 E/SQLiteDatabase( 1301): 	at com.estrongs.android.scanner.d.r.run(Unknown Source)
05-18 18:16:43.511 E/SQLiteDatabase( 1301): 	at java.util.concurrent.ThreadPoolExecutor.runWorker(ThreadPoolExecutor.java:1112)
05-18 18:16:43.511 E/SQLiteDatabase( 1301): 	at java.util.concurrent.ThreadPoolExecutor$Worker.run(ThreadPoolExecutor.java:587)
05-18 18:16:43.511 E/SQLiteDatabase( 1301): 	at java.lang.Thread.run(Thread.java:841)
05-18 18:16:43.911 E/GPSManager( 7404): Location changed : Lat: 40.00125 Lng: 105.56358166666665
05-18 18:16:44.801 E/appium  ( 7912): Exception while handling action in: io.appium.uiautomator2.handler.Clear
05-18 18:16:44.801 E/appium  ( 7912): java.lang.NullPointerException
05-18 18:16:44.801 E/appium  ( 7912): 	at android.support.test.uiautomator.UiObject2.setText(UiObject2.java:601)
05-18 18:16:44.801 E/appium  ( 7912): 	at android.support.test.uiautomator.UiObject2.clear(UiObject2.java:338)
05-18 18:16:44.801 E/appium  ( 7912): 	at io.appium.uiautomator2.model.UiObject2Element.clear(UiObject2Element.java:138)
05-18 18:16:44.801 E/appium  ( 7912): 	at io.appium.uiautomator2.handler.Clear.safeHandle(Clear.java:51)
05-18 18:16:44.801 E/appium  ( 7912): 	at io.appium.uiautomator2.handler.request.SafeRequestHandler.handle(SafeRequestHandler.java:56)
05-18 18:16:44.801 E/appium  ( 7912): 	at io.appium.uiautomator2.handler.SendKeysToElement.safeHandle(SendKeysToElement.java:73)
05-18 18:16:44.801 E/appium  ( 7912): 	at io.appium.uiautomator2.handler.request.SafeRequestHandler.handle(SafeRequestHandler.java:56)
05-18 18:16:44.801 E/appium  ( 7912): 	at io.appium.uiautomator2.server.AppiumServlet.handleRequest(AppiumServlet.java:202)
05-18 18:16:44.801 E/appium  ( 7912): 	at io.appium.uiautomator2.server.AppiumServlet.handleHttpRequest(AppiumServlet.java:193)
05-18 18:16:44.801 E/appium  ( 7912): 	at io.appium.uiautomator2.http.ServerHandler.channelRead(ServerHandler.java:44)
05-18 18:16:44.801 E/appium  ( 7912): 	at io.netty.channel.AbstractChannelHandlerContext.invokeChannelRead(AbstractChannelHandlerContext.java:366)
05-18 18:16:44.801 E/appium  ( 7912): 	at io.netty.channel.AbstractChannelHandlerContext.invokeChannelRead(AbstractChannelHandlerContext.java:352)
05-18 18:16:44.801 E/appium  ( 7912): 	at io.netty.channel.AbstractChannelHandlerContext.fireChannelRead(AbstractChannelHandlerContext.java:345)
05-18 18:16:44.801 E/appium  ( 7912): 	at io.netty.handler.codec.MessageToMessageDecoder.channelRead(MessageToMessageDecoder.java:102)
05-18 18:16:44.801 E/appium  ( 7912): 	at io.netty.channel.AbstractChannelHandlerContext.invokeChannelRead(AbstractChannelHandlerContext.java:366)
