05-17 17:26:40.175 E/WifiStateMachine(  851):  L2ConnectedState (when=-5ms what=131155 arg1=555!CMD_RSSI_POLL 555 0 "BOCO-office" 94:b4:0f:68:a4:b1 rssi=-49 f=5785 sc=80 link=121 tx=0.5, 0.0, 0.0  rx=48.2 bcn=0 [on:0 tx:0 rx:0 period:1] from screen [on:0 period:551759247] gl rssi=-49 ag=0 hr ticks 297,76,43 ls-=0 [56,56,56,56,61] brc=0 lrc=0
05-17 17:26:40.175 E/WifiStateMachine(  851):  get link layer stats 0
05-17 17:26:40.190 E/WifiStateMachine(  851): calculateWifiScore() we set wifi's score to 1000, so will always set wifi as a default network.
05-17 17:26:40.224 E/SurfaceFlinger(  285): onDraw: bindTextureImage test
05-17 17:26:40.240 E/SurfaceFlinger(  285): onDraw: bindTextureImage test
05-17 17:26:40.258 E/SurfaceFlinger(  285): onDraw: bindTextureImage test
05-17 17:26:40.276 E/SurfaceFlinger(  285): onDraw: bindTextureImage test
05-17 17:26:40.292 E/SurfaceFlinger(  285): onDraw: bindTextureImage test
05-17 17:26:40.308 E/SurfaceFlinger(  285): onDraw: bindTextureImage test
05-17 17:26:40.324 E/SurfaceFlinger(  285): onDraw: bindTextureImage test
05-17 17:26:40.341 E/SurfaceFlinger(  285): onDraw: bindTextureImage test
05-17 17:26:40.358 E/SurfaceFlinger(  285): onDraw: bindTextureImage test
05-17 17:26:40.375 E/SurfaceFlinger(  285): onDraw: bindTextureImage test
05-17 17:26:40.392 E/SurfaceFlinger(  285): onDraw: bindTextureImage test
05-17 17:26:40.403 E/WifiTrafficPoller(  851): TRAFFIC_STATS_POLL true Token 2478 num clients 19
05-17 17:26:40.403 E/WifiTrafficPoller(  851):  packet count Tx=1710510 Rx=5612946
05-17 17:26:40.560 E/SurfaceFlinger(  285): onDraw: bindTextureImage test
05-17 17:26:40.578 E/SurfaceFlinger(  285): onDraw: bindTextureImage test
05-17 17:26:40.594 E/SurfaceFlinger(  285): onDraw: bindTextureImage test
05-17 17:26:40.611 E/SurfaceFlinger(  285): onDraw: bindTextureImage test
05-17 17:26:40.628 E/SurfaceFlinger(  285): onDraw: bindTextureImage test
05-17 17:26:40.645 E/SurfaceFlinger(  285): onDraw: bindTextureImage test
05-17 17:26:40.661 E/SurfaceFlinger(  285): onDraw: bindTextureImage test
05-17 17:26:40.678 E/SurfaceFlinger(  285): onDraw: bindTextureImage test
05-17 17:26:40.695 E/SurfaceFlinger(  285): onDraw: bindTextureImage test
05-17 17:26:40.711 E/SurfaceFlinger(  285): onDraw: bindTextureImage test
05-17 17:26:40.728 E/SurfaceFlinger(  285): onDraw: bindTextureImage test
05-17 17:26:40.745 E/SurfaceFlinger(  285): onDraw: bindTextureImage test
05-17 17:26:40.762 E/SurfaceFlinger(  285): onDraw: bindTextureImage test
05-17 17:26:40.779 E/SurfaceFlinger(  285): onDraw: bindTextureImage test
05-17 17:26:40.795 E/SurfaceFlinger(  285): onDraw: bindTextureImage test
05-17 17:26:40.813 E/SurfaceFlinger(  285): onDraw: bindTextureImage test
05-17 17:26:40.829 E/SurfaceFlinger(  285): onDraw: bindTextureImage test
05-17 17:26:40.897 E/[PropSet](11345): connect fail
05-17 17:26:40.897 E/[PropSet](11345): send_prop_msg return err -1
05-17 17:26:41.014 E/SurfaceFlinger(  285): onDraw: bindTextureImage test
05-17 17:26:41.033 E/SurfaceFlinger(  285): onDraw: bindTextureImage test
05-17 17:26:41.049 E/SurfaceFlinger(  285): onDraw: bindTextureImage test
05-17 17:26:41.065 E/SurfaceFlinger(  285): onDraw: bindTextureImage test
05-17 17:26:41.403 E/WifiTrafficPoller(  851): TRAFFIC_STATS_POLL true Token 2478 num clients 19
05-17 17:26:41.404 E/WifiTrafficPoller(  851):  packet count Tx=1710510 Rx=5612956
05-17 17:26:41.619 E/AudioFlinger(  323): getNextBuffer, get null buffer
05-17 17:26:42.175 E/SurfaceFlinger(  285): onDraw: bindTextureImage test
05-17 17:26:42.192 E/SurfaceFlinger(  285): onDraw: bindTextureImage test
05-17 17:26:42.209 E/SurfaceFlinger(  285): onDraw: bindTextureImage test
05-17 17:26:42.405 E/WifiTrafficPoller(  851): TRAFFIC_STATS_POLL true Token 2478 num clients 19
05-17 17:26:42.405 E/WifiTrafficPoller(  851):  packet count Tx=1710510 Rx=5612967
05-17 17:26:43.194 E/WifiStateMachine(  851):  ConnectedState (when=-3ms what=131155 arg1=555!CMD_RSSI_POLL 555 0 "BOCO-office" 94:b4:0f:68:a4:b1 rssi=-49 f=5785 sc=80 link=121 tx=0.2, 0.0, 0.0  rx=39.1 bcn=0 [on:0 tx:0 rx:0 period:3002] from screen [on:0 period:551762266] gl rssi=-49 ag=0 hr ticks 297,76,43 ls-=0 [56,56,56,56,61] brc=0 lrc=0
05-17 17:26:43.196 E/WifiStateMachine(  851):  L2ConnectedState (when=-5ms what=131155 arg1=555!CMD_RSSI_POLL 555 0 "BOCO-office" 94:b4:0f:68:a4:b1 rssi=-49 f=5785 sc=80 link=121 tx=0.2, 0.0, 0.0  rx=39.1 bcn=0 [on:0 tx:0 rx:0 period:2] from screen [on:0 period:551762268] gl rssi=-49 ag=0 hr ticks 297,76,43 ls-=0 [56,56,56,56,61] brc=0 lrc=0
05-17 17:26:43.196 E/WifiStateMachine(  851):  get link layer stats 0
05-17 17:26:43.222 E/WifiStateMachine(  851): calculateWifiScore() we set wifi's score to 1000, so will always set wifi as a default network.
05-17 17:26:43.406 E/WifiTrafficPoller(  851): TRAFFIC_STATS_POLL true Token 2478 num clients 19
05-17 17:26:43.408 E/WifiTrafficPoller(  851):  packet count Tx=1710510 Rx=5612978
05-17 17:26:44.097 E/memtrack(11397): Couldn't load memtrack module (No such file or directory)
05-17 17:26:44.097 E/android.os.Debug(11397): failed to load memtrack module: -2
05-17 17:26:44.409 E/WifiTrafficPoller(  851): TRAFFIC_STATS_POLL true Token 2478 num clients 19
05-17 17:26:44.412 E/WifiTrafficPoller(  851):  packet count Tx=1710510 Rx=5612989
05-17 17:26:44.734 E/SQLiteLog( 2161): (284) automatic index on sqlite_sq_7F930B4F80(raw_contact_id)
05-17 17:26:44.744 E/SQLiteLog( 2161): (284) automatic index on sqlite_sq_7F930B4B80(raw_contact_id)
05-17 17:26:44.750 E/DrmMtkUtil/DrmUtil(  323): checkDcf: not dcf type, dcf version value [79]
05-17 17:26:44.751 E/Cta5File(  323): Cta5File::isCta5NormalFile false, bad magic:OggS
05-17 17:26:44.752 E/Cta5File(  323): Cta5File::isCta5MultimediaFile false, bad magic:1R
05-17 17:26:44.752 E/DrmMtkUtil/DrmUtil(  323): checkDcf: not dcf type, dcf version value [79]
05-17 17:26:44.762 E/DrmCtaPlugIn(  322): [ERROR]onOpenDecryptSession - The key is not set by user
05-17 17:26:44.762 E/DrmMtkUtil/DrmUtil(  322): parseDcf: not dcf type, dcf version value [79]
05-17 17:26:44.762 E/DrmMtkPlugIn(  322): onOpenDecryptSession() : failed to parse dcf file.
05-17 17:26:44.776 E/AsfParser(  323): unknown object: 5367674f-200-0-0000000000009c7e, 22240 bytes
05-17 17:26:44.776 E/AsfParser(  323): error parsing header: -6
05-17 17:26:44.782 E/SQLiteLog( 2161): (284) automatic index on sqlite_sq_7F930B5580(raw_contact_id)
05-17 17:26:44.788 E/OMXNodeInstance(  323): getParameter(aac:google.vorbis.decoder, ??(0x7f200406)) ERROR: UnsupportedIndex(0x8000101a)
05-17 17:26:44.825 E/SQLiteLog( 2161): (284) automatic index on sqlite_sq_7F930B5100(raw_contact_id)
05-17 17:26:44.901 E/SurfaceFlinger(  285): onDraw: bindTextureImage test
05-17 17:26:44.918 E/SurfaceFlinger(  285): onDraw: bindTextureImage test
05-17 17:26:44.935 E/SurfaceFlinger(  285): onDraw: bindTextureImage test
05-17 17:26:44.952 E/SurfaceFlinger(  285): onDraw: bindTextureImage test
05-17 17:26:44.969 E/SurfaceFlinger(  285): onDraw: bindTextureImage test
05-17 17:26:44.987 E/SurfaceFlinger(  285): onDraw: bindTextureImage test
05-17 17:26:44.995 E/SQLiteLog( 2161): (284) automatic index on sqlite_sq_7F930B5880(raw_contact_id)
05-17 17:26:45.002 E/SurfaceFlinger(  285): onDraw: bindTextureImage test
05-17 17:26:45.002 E/SQLiteLog( 2161): (284) automatic index on sqlite_sq_7F930B5880(raw_contact_id)
05-17 17:26:45.019 E/SurfaceFlinger(  285): onDraw: bindTextureImage test
05-17 17:26:45.031 E/SQLiteLog( 2161): (284) automatic index on sqlite_sq_7F930B5C80(raw_contact_id)
05-17 17:26:45.036 E/SurfaceFlinger(  285): onDraw: bindTextureImage test
05-17 17:26:45.041 E/SQLiteLog( 2161): (284) automatic index on sqlite_sq_7F930B5C80(raw_contact_id)
05-17 17:26:45.053 E/SurfaceFlinger(  285): onDraw: bindTextureImage test
05-17 17:26:45.069 E/SurfaceFlinger(  285): onDraw: bindTextureImage test
05-17 17:26:45.127 E/SQLiteLog( 2161): (284) automatic index on sqlite_sq_7F92C38180(raw_contact_id)
05-17 17:26:45.134 E/SQLiteLog( 2161): (284) automatic index on sqlite_sq_7F92C09800(raw_contact_id)
05-17 17:26:45.156 E/SQLiteLog( 2161): (284) automatic index on sqlite_sq_7F930B5D80(raw_contact_id)
05-17 17:26:45.162 E/SQLiteLog( 2161): (284) automatic index on sqlite_sq_7F930B5800(raw_contact_id)
05-17 17:26:45.175 E/SQLiteLog( 2161): (284) automatic index on sqlite_sq_7F92C38580(raw_contact_id)
05-17 17:26:45.181 E/SQLiteLog( 2161): (284) automatic index on sqlite_sq_7F92C38300(raw_contact_id)
05-17 17:26:45.194 E/SQLiteLog( 2161): (284) automatic index on sqlite_sq_7F92C38800(raw_contact_id)
05-17 17:26:45.201 E/SQLiteLog( 2161): (284) automatic index on sqlite_sq_7F92C38700(raw_contact_id)
05-17 17:26:45.213 E/SQLiteLog( 2161): (284) automatic index on sqlite_sq_7F930B5C80(raw_contact_id)
05-17 17:26:45.230 E/SQLiteLog( 2161): (284) automatic index on sqlite_sq_7F930B5400(raw_contact_id)
05-17 17:26:45.242 E/SQLiteLog( 2161): (284) automatic index on sqlite_sq_7F930E6B00(raw_contact_id)
05-17 17:26:45.248 E/SQLiteLog( 2161): (284) automatic index on sqlite_sq_7F930B5800(raw_contact_id)
05-17 17:26:45.261 E/SQLiteLog( 2161): (284) automatic index on sqlite_sq_7F930E6F80(raw_contact_id)
05-17 17:26:45.281 E/SQLiteLog( 2161): (284) automatic index on sqlite_sq_7F92C38800(raw_contact_id)
05-17 17:26:45.288 E/SQLiteLog( 2161): (284) automatic index on sqlite_sq_7F92C09B80(raw_contact_id)
05-17 17:26:45.300 E/SQLiteLog( 2161): (284) automatic index on sqlite_sq_7F930B5800(raw_contact_id)
05-17 17:26:45.306 E/SQLiteLog( 2161): (284) automatic index on sqlite_sq_7F930B5700(raw_contact_id)
05-17 17:26:45.318 E/SQLiteLog( 2161): (284) automatic index on sqlite_sq_7F92C38F80(raw_contact_id)
05-17 17:26:45.325 E/SQLiteLog( 2161): (284) automatic index on sqlite_sq_7F92C38680(raw_contact_id)
05-17 17:26:45.336 E/SQLiteLog( 2161): (284) automatic index on sqlite_sq_7F92C39400(raw_contact_id)
05-17 17:26:45.343 E/SQLiteLog( 2161): (284) automatic index on sqlite_sq_7F92C39000(raw_contact_id)
05-17 17:26:45.356 E/SQLiteLog( 2161): (284) automatic index on sqlite_sq_7F930E7680(raw_contact_id)
05-17 17:26:45.362 E/SQLiteLog( 2161): (284) automatic index on sqlite_sq_7F930E6F80(raw_contact_id)
05-17 17:26:45.376 E/SQLiteLog( 2161): (284) automatic index on sqlite_sq_7F930E7D00(raw_contact_id)
05-17 17:26:45.383 E/SQLiteLog( 2161): (284) automatic index on sqlite_sq_7F930E7980(raw_contact_id)
05-17 17:26:45.396 E/SQLiteLog( 2161): (284) automatic index on sqlite_sq_7F931B5180(raw_contact_id)
05-17 17:26:45.403 E/SQLiteLog( 2161): (284) automatic index on sqlite_sq_7F930E7A00(raw_contact_id)
05-17 17:26:45.412 E/WifiTrafficPoller(  851): TRAFFIC_STATS_POLL true Token 2478 num clients 19
05-17 17:26:45.413 E/WifiTrafficPoller(  851):  packet count Tx=1710510 Rx=5612998
05-17 17:26:45.419 E/SQLiteLog( 2161): (284) automatic index on sqlite_sq_7F931B5300(raw_contact_id)
05-17 17:26:45.425 E/SQLiteLog( 2161): (284) automatic index on sqlite_sq_7F930E6F80(raw_contact_id)
05-17 17:26:45.440 E/SQLiteLog( 2161): (284) automatic index on sqlite_sq_7F92C39580(raw_contact_id)
05-17 17:26:45.447 E/SQLiteLog( 2161): (284) automatic index on sqlite_sq_7F92C39300(raw_contact_id)
05-17 17:26:45.500 E/SQLiteLog( 2161): (284) automatic index on sqlite_sq_7F931B5680(raw_contact_id)
05-17 17:26:45.507 E/SQLiteLog( 2161): (284) automatic index on sqlite_sq_7F931B5280(raw_contact_id)
05-17 17:26:45.527 E/SQLiteLog( 2161): (284) automatic index on sqlite_sq_7F92C39800(raw_contact_id)
05-17 17:26:45.533 E/SQLiteLog( 2161): (284) automatic index on sqlite_sq_7F92C39480(raw_contact_id)
05-17 17:26:45.548 E/SQLiteLog( 2161): (284) automatic index on sqlite_sq_7F92C39880(raw_contact_id)
05-17 17:26:45.554 E/SQLiteLog( 2161): (284) automatic index on sqlite_sq_7F92C38D80(raw_contact_id)
05-17 17:26:45.570 E/SQLiteLog( 2161): (284) automatic index on sqlite_sq_7F931B5980(raw_contact_id)
05-17 17:26:45.576 E/SQLiteLog( 2161): (284) automatic index on sqlite_sq_7F931B5700(raw_contact_id)
05-17 17:26:45.591 E/SQLiteLog( 2161): (284) automatic index on sqlite_sq_7F931B5C00(raw_contact_id)
05-17 17:26:45.598 E/SQLiteLog( 2161): (284) automatic index on sqlite_sq_7F930E7900(raw_contact_id)
05-17 17:26:45.612 E/SQLiteLog( 2161): (284) automatic index on sqlite_sq_7F931B5E00(raw_contact_id)
05-17 17:26:45.619 E/SQLiteLog( 2161): (284) automatic index on sqlite_sq_7F931B5280(raw_contact_id)
05-17 17:26:45.634 E/SQLiteLog( 2161): (284) automatic index on sqlite_sq_7F931B6000(raw_contact_id)
05-17 17:26:45.640 E/SQLiteLog( 2161): (284) automatic index on sqlite_sq_7F931B5D00(raw_contact_id)
05-17 17:26:45.655 E/SQLiteLog( 2161): (284) automatic index on sqlite_sq_7F92C39F00(raw_contact_id)
05-17 17:26:45.661 E/SQLiteLog( 2161): (284) automatic index on sqlite_sq_7F92C39680(raw_contact_id)
05-17 17:26:45.676 E/SQLiteLog( 2161): (284) automatic index on sqlite_sq_7F931B6100(raw_contact_id)
05-17 17:26:45.683 E/SQLiteLog( 2161): (284) automatic index on sqlite_sq_7F931B5280(raw_contact_id)
05-17 17:26:45.698 E/SQLiteLog( 2161): (284) automatic index on sqlite_sq_7F9EA9C300(raw_contact_id)
05-17 17:26:45.705 E/SQLiteLog( 2161): (284) automatic index on sqlite_sq_7F92C39900(raw_contact_id)
05-17 17:26:45.720 E/SQLiteLog( 2161): (284) automatic index on sqlite_sq_7F9EA9C380(raw_contact_id)
05-17 17:26:45.726 E/SQLiteLog( 2161): (284) automatic index on sqlite_sq_7F92C39900(raw_contact_id)
05-17 17:26:45.741 E/SQLiteLog( 2161): (284) automatic index on sqlite_sq_7F931B6400(raw_contact_id)
05-17 17:26:46.022 E/SQLiteLog( 2161): (284) automatic index on sqlite_sq_7F931B5E80(raw_contact_id)
05-17 17:26:46.038 E/SQLiteLog( 2161): (284) automatic index on sqlite_sq_7F9EA9C480(raw_contact_id)
05-17 17:26:46.045 E/SQLiteLog( 2161): (284) automatic index on sqlite_sq_7F92C39680(raw_contact_id)
05-17 17:26:46.052 E/Mms/CacheDelay(11416): -->preferences is not null, slotId = 0, retval = true
05-17 17:26:46.052 E/Mms/CacheDelay(11416): -->sim1 ready state : true
05-17 17:26:46.064 E/SQLiteLog( 2161): (284) automatic index on sqlite_sq_7F9EA9C900(raw_contact_id)
05-17 17:26:46.073 E/SQLiteLog( 2161): (284) automatic index on sqlite_sq_7F9EA9C280(raw_contact_id)
05-17 17:26:46.091 E/SQLiteLog( 2161): (284) automatic index on sqlite_sq_7F9EA9CC80(raw_contact_id)
05-17 17:26:46.103 E/SQLiteLog( 2161): (284) automatic index on sqlite_sq_7F9EA9C400(raw_contact_id)
05-17 17:26:46.118 E/SQLiteLog( 2161): (284) automatic index on sqlite_sq_7F931B6680(raw_contact_id)
05-17 17:26:46.121 E/SQLiteLog( 2161): (284) automatic index on sqlite_sq_7F930B5F80(STAT_DATA_ID)
05-17 17:26:46.127 E/SQLiteLog( 2161): (284) automatic index on sqlite_sq_7F931B5500(STAT_DATA_ID)
05-17 17:26:46.129 E/SQLiteLog( 2161): (284) automatic index on sqlite_sq_7F931B6480(raw_contact_id)
05-17 17:26:46.131 E/SQLiteLog( 2161): (284) automatic index on sqlite_sq_7F931B5600(STAT_DATA_ID)
05-17 17:26:46.133 E/SQLiteLog( 2161): (284) automatic index on sqlite_sq_7F931B5500(STAT_DATA_ID)
05-17 17:26:46.153 E/SQLiteLog( 2161): (284) automatic index on sqlite_sq_7F9EA9CE80(raw_contact_id)
05-17 17:26:46.160 E/SQLiteLog( 2161): (284) automatic index on sqlite_sq_7F92C39300(raw_contact_id)
05-17 17:26:46.172 E/SQLiteLog( 2161): (284) automatic index on sqlite_sq_7F9EA9D300(raw_contact_id)
05-17 17:26:46.179 E/SQLiteLog( 2161): (284) automatic index on sqlite_sq_7F9EA9D100(raw_contact_id)
05-17 17:26:46.190 E/SQLiteLog( 2161): (284) automatic index on sqlite_sq_7F9EA9D400(raw_contact_id)
05-17 17:26:46.197 E/SQLiteLog( 2161): (284) automatic index on sqlite_sq_7F9EA9CA00(raw_contact_id)
05-17 17:26:46.211 E/SQLiteLog( 2161): (284) automatic index on sqlite_sq_7F931B6780(raw_contact_id)
05-17 17:26:46.218 E/SQLiteLog( 2161): (284) automatic index on sqlite_sq_7F931B5E80(raw_contact_id)
05-17 17:26:46.224 E/WifiStateMachine(  851):  ConnectedState (when=-2ms what=131155 arg1=555!CMD_RSSI_POLL 555 0 "BOCO-office" 94:b4:0f:68:a4:b1 rssi=-51 f=5785 sc=80 link=121 tx=0.1, 0.0, 0.0  rx=39.5 bcn=0 [on:0 tx:0 rx:0 period:2999] from screen [on:0 period:551765296] gl rssi=-51 ag=0 hr ticks 297,76,43 ls-=0 [56,56,56,56,61] brc=0 lrc=0
05-17 17:26:46.225 E/WifiStateMachine(  851):  L2ConnectedState (when=-3ms what=131155 arg1=555!CMD_RSSI_POLL 555 0 "BOCO-office" 94:b4:0f:68:a4:b1 rssi=-51 f=5785 sc=80 link=121 tx=0.1, 0.0, 0.0  rx=39.5 bcn=0 [on:0 tx:0 rx:0 period:1] from screen [on:0 period:551765297] gl rssi=-51 ag=0 hr ticks 297,76,43 ls-=0 [56,56,56,56,61] brc=0 lrc=0
05-17 17:26:46.225 E/WifiStateMachine(  851):  get link layer stats 0
05-17 17:26:46.234 E/SQLiteLog( 2161): (284) automatic index on sqlite_sq_7F931B6C80(raw_contact_id)
05-17 17:26:46.240 E/WifiStateMachine(  851): calculateWifiScore() we set wifi's score to 1000, so will always set wifi as a default network.
05-17 17:26:46.241 E/SQLiteLog( 2161): (284) automatic index on sqlite_sq_7F931B6880(raw_contact_id)
05-17 17:26:46.257 E/SQLiteLog( 2161): (284) automatic index on sqlite_sq_7FA301A580(raw_contact_id)
05-17 17:26:46.263 E/SQLiteLog( 2161): (284) automatic index on sqlite_sq_7F931B6B80(raw_contact_id)
05-17 17:26:46.312 E/SQLiteLog( 2161): (284) automatic index on sqlite_sq_7F930B4F80(raw_contact_id)
05-17 17:26:46.319 E/SQLiteLog( 2161): (284) automatic index on sqlite_sq_7F930B4C80(raw_contact_id)
05-17 17:26:46.332 E/SQLiteLog( 2161): (284) automatic index on sqlite_sq_7F930B5000(raw_contact_id)
05-17 17:26:46.354 E/SQLiteLog( 2161): (284) automatic index on sqlite_sq_7F92C38300(raw_contact_id)
05-17 17:26:46.360 E/SQLiteLog( 2161): (284) automatic index on sqlite_sq_7F92C38180(raw_contact_id)
05-17 17:26:46.375 E/SQLiteLog( 2161): (284) automatic index on sqlite_sq_7F92C38700(raw_contact_id)
05-17 17:26:46.395 E/SQLiteLog( 2161): (284) automatic index on sqlite_sq_7F930B5400(raw_contact_id)
05-17 17:26:46.402 E/SQLiteLog( 2161): (284) automatic index on sqlite_sq_7F930B5000(raw_contact_id)
05-17 17:26:46.413 E/WifiTrafficPoller(  851): TRAFFIC_STATS_POLL true Token 2478 num clients 19
05-17 17:26:46.414 E/WifiTrafficPoller(  851):  packet count Tx=1710510 Rx=5613000
05-17 17:26:46.420 E/SQLiteLog( 2161): (284) automatic index on sqlite_sq_7F930B5700(raw_contact_id)
05-17 17:26:46.426 E/SQLiteLog( 2161): (284) automatic index on sqlite_sq_7F930B5700(raw_contact_id)
05-17 17:26:46.442 E/SQLiteLog( 2161): (284) automatic index on sqlite_sq_7F930B5D00(raw_contact_id)
05-17 17:26:46.449 E/SQLiteLog( 2161): (284) automatic index on sqlite_sq_7F930B5600(raw_contact_id)
05-17 17:26:46.466 E/SQLiteLog( 2161): (284) automatic index on sqlite_sq_7F930E6700(raw_contact_id)
05-17 17:26:46.473 E/SQLiteLog( 2161): (284) automatic index on sqlite_sq_7F930B5C80(raw_contact_id)
05-17 17:26:46.489 E/SQLiteLog( 2161): (284) automatic index on sqlite_sq_7F92C38900(raw_contact_id)
05-17 17:26:46.496 E/SQLiteLog( 2161): (284) automatic index on sqlite_sq_7F92C38400(raw_contact_id)
05-17 17:26:46.512 E/SQLiteLog( 2161): (284) automatic index on sqlite_sq_7F92C38B00(raw_contact_id)
05-17 17:26:46.519 E/SQLiteLog( 2161): (284) automatic index on sqlite_sq_7F92C38200(raw_contact_id)
05-17 17:26:46.534 E/SQLiteLog( 2161): (284) automatic index on sqlite_sq_7F92C39300(raw_contact_id)
05-17 17:26:46.542 E/SQLiteLog( 2161): (284) automatic index on sqlite_sq_7F92C38C80(raw_contact_id)
05-17 17:26:46.555 E/SQLiteLog( 2161): (284) automatic index on sqlite_sq_7F930E6F80(raw_contact_id)
05-17 17:26:46.565 E/SQLiteLog( 2161): (284) automatic index on sqlite_sq_7F930E6C00(raw_contact_id)
05-17 17:26:46.581 E/SQLiteLog( 2161): (284) automatic index on sqlite_sq_7F930E7180(raw_contact_id)
05-17 17:26:46.588 E/SQLiteLog( 2161): (284) automatic index on sqlite_sq_7F930B5C80(raw_contact_id)
05-17 17:26:46.607 E/SQLiteLog( 2161): (284) automatic index on sqlite_sq_7F930E7480(raw_contact_id)
05-17 17:26:46.629 E/SQLiteLog( 2161): (284) automatic index on sqlite_sq_7F930B5A80(raw_contact_id)
05-17 17:26:46.679 E/SQLiteLog( 2161): (284) automatic index on sqlite_sq_7F930E7C00(raw_contact_id)
05-17 17:26:46.686 E/SQLiteLog( 2161): (284) automatic index on sqlite_sq_7F930E7400(raw_contact_id)
05-17 17:26:46.706 E/SQLiteLog( 2161): (284) automatic index on sqlite_sq_7F92C39600(raw_contact_id)
05-17 17:26:46.713 E/SQLiteLog( 2161): (284) automatic index on sqlite_sq_7F92C39480(raw_contact_id)
05-17 17:26:46.726 E/SQLiteLog( 2161): (284) automatic index on sqlite_sq_7F92C39880(raw_contact_id)
05-17 17:26:46.733 E/SQLiteLog( 2161): (284) automatic index on sqlite_sq_7F92C38F80(raw_contact_id)
05-17 17:26:46.745 E/SQLiteLog( 2161): (284) automatic index on sqlite_sq_7F930E7F80(raw_contact_id)
05-17 17:26:46.753 E/SQLiteLog( 2161): (284) automatic index on sqlite_sq_7F930B5F00(raw_contact_id)
05-17 17:26:46.766 E/SQLiteLog( 2161): (284) automatic index on sqlite_sq_7F9EA9C180(raw_contact_id)
05-17 17:26:46.773 E/SQLiteLog( 2161): (284) automatic index on sqlite_sq_7F92C39C00(raw_contact_id)
05-17 17:26:46.800 E/SQLiteLog( 2161): (284) automatic index on sqlite_sq_7F931B5300(raw_contact_id)
05-17 17:26:46.802 E/memtrack(11467): Couldn't load memtrack module (No such file or directory)
05-17 17:26:46.802 E/android.os.Debug(11467): failed to load memtrack module: -2
05-17 17:26:46.813 E/SQLiteLog( 2161): (284) automatic index on sqlite_sq_7F930E7400(raw_contact_id)
05-17 17:26:46.855 E/SQLiteLog( 2161): (284) automatic index on sqlite_sq_7F931B5700(raw_contact_id)
05-17 17:26:46.905 E/SQLiteLog( 2161): (284) automatic index on sqlite_sq_7F9EA9C300(raw_contact_id)
05-17 17:26:46.918 E/SQLiteLog( 2161): (284) automatic index on sqlite_sq_7F92C39A80(raw_contact_id)
05-17 17:26:46.945 E/SQLiteLog( 2161): (284) automatic index on sqlite_sq_7F9EA9C580(raw_contact_id)
05-17 17:26:46.961 E/SQLiteLog( 2161): (284) automatic index on sqlite_sq_7F92C39B00(raw_contact_id)
05-17 17:26:46.991 E/SQLiteLog( 2161): (284) automatic index on sqlite_sq_7F931B5C80(raw_contact_id)
05-17 17:26:47.008 E/SQLiteLog( 2161): (284) automatic index on sqlite_sq_7F930E7A00(raw_contact_id)
05-17 17:26:47.035 E/SQLiteLog( 2161): (284) automatic index on sqlite_sq_7F931B5D80(raw_contact_id)
05-17 17:26:47.045 E/SQLiteLog( 2161): (284) automatic index on sqlite_sq_7F931B5A80(raw_contact_id)
05-17 17:26:47.070 E/SQLiteLog( 2161): (284) automatic index on sqlite_sq_7F9EA9CA00(raw_contact_id)
05-17 17:26:47.082 E/SQLiteLog( 2161): (284) automatic index on sqlite_sq_7F9EA9C500(raw_contact_id)
05-17 17:26:47.104 E/SQLiteLog( 2161): (284) automatic index on sqlite_sq_7F931B5C00(raw_contact_id)
05-17 17:26:47.115 E/SQLiteLog( 2161): (284) automatic index on sqlite_sq_7F930E7A00(raw_contact_id)
05-17 17:26:47.141 E/SQLiteLog( 2161): (284) automatic index on sqlite_sq_7F931B5F80(raw_contact_id)
05-17 17:26:47.151 E/SQLiteLog( 2161): (284) automatic index on sqlite_sq_7F931B5580(raw_contact_id)
05-17 17:26:47.173 E/SQLiteLog( 2161): (284) automatic index on sqlite_sq_7F931B6100(raw_contact_id)
05-17 17:26:47.185 E/SQLiteLog( 2161): (284) automatic index on sqlite_sq_7F931B5580(raw_contact_id)
05-17 17:26:47.209 E/SQLiteLog( 2161): (284) automatic index on sqlite_sq_7F9EA9CC80(raw_contact_id)
05-17 17:26:47.219 E/SQLiteLog( 2161): (284) automatic index on sqlite_sq_7F9EA9C680(raw_contact_id)
05-17 17:26:47.414 E/WifiTrafficPoller(  851): TRAFFIC_STATS_POLL true Token 2478 num clients 19
05-17 17:26:47.414 E/WifiTrafficPoller(  851):  packet count Tx=1710510 Rx=5613011
05-17 17:26:47.544 E/SQLiteLog( 2161): (284) automatic index on sqlite_sq_7F9EA9CF00(raw_contact_id)
05-17 17:26:47.553 E/SQLiteLog( 2161): (284) automatic index on sqlite_sq_7F9EA9C880(raw_contact_id)
05-17 17:26:47.573 E/SQLiteLog( 2161): (284) automatic index on sqlite_sq_7F9EA9D200(raw_contact_id)
05-17 17:26:47.582 E/SQLiteLog( 2161): (284) automatic index on sqlite_sq_7F9EA9C780(raw_contact_id)
05-17 17:26:47.603 E/SQLiteLog( 2161): (284) automatic index on sqlite_sq_7F931B6280(raw_contact_id)
05-17 17:26:47.612 E/SQLiteLog( 2161): (284) automatic index on sqlite_sq_7F931B5580(raw_contact_id)
05-17 17:26:47.633 E/SQLiteLog( 2161): (284) automatic index on sqlite_sq_7F931B6400(raw_contact_id)
05-17 17:26:47.641 E/SQLiteLog( 2161): (284) automatic index on sqlite_sq_7F931B5580(raw_contact_id)
05-17 17:26:47.660 E/SQLiteLog( 2161): (284) automatic index on sqlite_sq_7F931B6600(raw_contact_id)
05-17 17:26:47.669 E/SQLiteLog( 2161): (284) automatic index on sqlite_sq_7F931B5580(raw_contact_id)
05-17 17:26:47.689 E/SQLiteLog( 2161): (284) automatic index on sqlite_sq_7F9EA9D500(raw_contact_id)
05-17 17:26:47.698 E/SQLiteLog( 2161): (284) automatic index on sqlite_sq_7F9EA9CD00(raw_contact_id)
05-17 17:26:47.717 E/SQLiteLog( 2161): (284) automatic index on sqlite_sq_7F9EA9D780(raw_contact_id)
05-17 17:26:47.725 E/SQLiteLog( 2161): (284) automatic index on sqlite_sq_7F9EA9D280(raw_contact_id)
05-17 17:26:47.745 E/SQLiteLog( 2161): (284) automatic index on sqlite_sq_7F931B6880(raw_contact_id)
05-17 17:26:47.753 E/SQLiteLog( 2161): (284) automatic index on sqlite_sq_7F930B5E80(raw_contact_id)
05-17 17:26:47.771 E/SQLiteLog( 2161): (284) automatic index on sqlite_sq_7F9EA9D900(raw_contact_id)
05-17 17:26:47.780 E/SQLiteLog( 2161): (284) automatic index on sqlite_sq_7F9EA9CC00(raw_contact_id)
05-17 17:26:47.799 E/SQLiteLog( 2161): (284) automatic index on sqlite_sq_7F9EA9DA80(raw_contact_id)
05-17 17:26:47.845 E/SQLiteLog( 2161): (284) automatic index on sqlite_sq_7F9EA9D800(raw_contact_id)
05-17 17:26:47.870 E/SQLiteLog( 2161): (284) automatic index on sqlite_sq_7F930B5600(raw_contact_id)
05-17 17:26:47.878 E/SQLiteLog( 2161): (284) automatic index on sqlite_sq_7F930B4480(raw_contact_id)
05-17 17:26:47.898 E/SQLiteLog( 2161): (284) automatic index on sqlite_sq_7F930B5100(raw_contact_id)
05-17 17:26:47.907 E/SQLiteLog( 2161): (284) automatic index on sqlite_sq_7F930B4C80(raw_contact_id)
05-17 17:26:47.923 E/SQLiteLog( 2161): (284) automatic index on sqlite_sq_7F930B5080(raw_contact_id)
05-17 17:26:47.931 E/SQLiteLog( 2161): (284) automatic index on sqlite_sq_7F930B5080(raw_contact_id)
05-17 17:26:47.950 E/SQLiteLog( 2161): (284) automatic index on sqlite_sq_7F92C09B80(raw_contact_id)
05-17 17:26:47.959 E/SQLiteLog( 2161): (284) automatic index on sqlite_sq_7F92C09E80(raw_contact_id)
05-17 17:26:47.975 E/SQLiteLog( 2161): (284) automatic index on sqlite_sq_7F92C38100(raw_contact_id)
05-17 17:26:47.982 E/SQLiteLog( 2161): (284) automatic index on sqlite_sq_7F92C09D80(raw_contact_id)
05-17 17:26:47.995 E/SQLiteLog( 2161): (284) automatic index on sqlite_sq_7F930B5380(raw_contact_id)
05-17 17:26:48.001 E/SQLiteLog( 2161): (284) automatic index on sqlite_sq_7F930B5780(raw_contact_id)
05-17 17:26:48.015 E/SQLiteLog( 2161): (284) automatic index on sqlite_sq_7F92C09E00(raw_contact_id)
05-17 17:26:48.021 E/SQLiteLog( 2161): (284) automatic index on sqlite_sq_7F92C38600(raw_contact_id)
05-17 17:26:48.035 E/SQLiteLog( 2161): (284) automatic index on sqlite_sq_7F92C38C00(raw_contact_id)
05-17 17:26:48.041 E/SQLiteLog( 2161): (284) automatic index on sqlite_sq_7F92C38200(raw_contact_id)
05-17 17:26:48.055 E/SQLiteLog( 2161): (284) automatic index on sqlite_sq_7F930B5780(raw_contact_id)
05-17 17:26:48.061 E/SQLiteLog( 2161): (284) automatic index on sqlite_sq_7F930B5200(raw_contact_id)
05-17 17:26:48.074 E/SQLiteLog( 2161): (284) automatic index on sqlite_sq_7F930B5A00(raw_contact_id)
05-17 17:26:48.081 E/SQLiteLog( 2161): (284) automatic index on sqlite_sq_7F930B4E80(raw_contact_id)
05-17 17:26:48.094 E/SQLiteLog( 2161): (284) automatic index on sqlite_sq_7F930B5D00(raw_contact_id)
05-17 17:26:48.101 E/SQLiteLog( 2161): (284) automatic index on sqlite_sq_7F930B5B00(raw_contact_id)
05-17 17:26:48.115 E/SQLiteLog( 2161): (284) automatic index on sqlite_sq_7F92C39000(raw_contact_id)
05-17 17:26:48.121 E/SQLiteLog( 2161): (284) automatic index on sqlite_sq_7F92C38880(raw_contact_id)
05-17 17:26:48.134 E/SQLiteLog( 2161): (284) automatic index on sqlite_sq_7F92C39480(raw_contact_id)
05-17 17:26:48.141 E/SQLiteLog( 2161): (284) automatic index on sqlite_sq_7F92C38B00(raw_contact_id)
05-17 17:26:48.154 E/SQLiteLog( 2161): (284) automatic index on sqlite_sq_7F930B5C00(raw_contact_id)
05-17 17:26:48.161 E/SQLiteLog( 2161): (284) automatic index on sqlite_sq_7F930B5880(raw_contact_id)
05-17 17:26:48.175 E/SQLiteLog( 2161): (284) automatic index on sqlite_sq_7F92C39800(raw_contact_id)
05-17 17:26:48.185 E/SQLiteLog( 2161): (284) automatic index on sqlite_sq_7F92C38E00(raw_contact_id)
05-17 17:26:48.199 E/SQLiteLog( 2161): (284) automatic index on sqlite_sq_7F92C39A00(raw_contact_id)
05-17 17:26:48.207 E/SQLiteLog( 2161): (284) automatic index on sqlite_sq_7F92C09F80(raw_contact_id)
05-17 17:26:48.223 E/SQLiteLog( 2161): (284) automatic index on sqlite_sq_7F930B5E80(raw_contact_id)
05-17 17:26:48.229 E/SQLiteLog( 2161): (284) automatic index on sqlite_sq_7F930B5700(raw_contact_id)
05-17 17:26:48.244 E/SQLiteLog( 2161): (284) automatic index on sqlite_sq_7F930E6500(raw_contact_id)
05-17 17:26:48.251 E/SQLiteLog( 2161): (284) automatic index on sqlite_sq_7F930B4C00(raw_contact_id)
05-17 17:26:48.264 E/SQLiteLog( 2161): (284) automatic index on sqlite_sq_7F930E7300(raw_contact_id)
05-17 17:26:48.271 E/SQLiteLog( 2161): (284) automatic index on sqlite_sq_7F930B5F80(raw_contact_id)
05-17 17:26:48.284 E/SQLiteLog( 2161): (284) automatic index on sqlite_sq_7F92C39D00(raw_contact_id)
05-17 17:26:48.290 E/SQLiteLog( 2161): (284) automatic index on sqlite_sq_7F92C39680(raw_contact_id)
05-17 17:26:48.304 E/SQLiteLog( 2161): (284) automatic index on sqlite_sq_7F92C39F00(raw_contact_id)
05-17 17:26:48.310 E/SQLiteLog( 2161): (284) automatic index on sqlite_sq_7F92C39980(raw_contact_id)
05-17 17:26:48.324 E/SQLiteLog( 2161): (284) automatic index on sqlite_sq_7F930E7C00(raw_contact_id)
05-17 17:26:48.330 E/SQLiteLog( 2161): (284) automatic index on sqlite_sq_7F930E6700(raw_contact_id)
05-17 17:26:48.344 E/SQLiteLog( 2161): (284) automatic index on sqlite_sq_7F9EA9C380(raw_contact_id)
05-17 17:26:48.350 E/SQLiteLog( 2161): (284) automatic index on sqlite_sq_7F92C39E00(raw_contact_id)
05-17 17:26:48.364 E/SQLiteLog( 2161): (284) automatic index on sqlite_sq_7F9EA9C680(raw_contact_id)
05-17 17:26:48.370 E/SQLiteLog( 2161): (284) automatic index on sqlite_sq_7F9EA9C200(raw_contact_id)
05-17 17:26:48.383 E/SQLiteLog( 2161): (284) automatic index on sqlite_sq_7F931B5680(raw_contact_id)
05-17 17:26:48.390 E/SQLiteLog( 2161): (284) automatic index on sqlite_sq_7F930E7980(raw_contact_id)
05-17 17:26:48.404 E/SQLiteLog( 2161): (284) automatic index on sqlite_sq_7F931B5B00(raw_contact_id)
05-17 17:26:48.410 E/SQLiteLog( 2161): (284) automatic index on sqlite_sq_7F931B5300(raw_contact_id)
05-17 17:26:48.415 E/WifiTrafficPoller(  851): TRAFFIC_STATS_POLL true Token 2478 num clients 19
05-17 17:26:48.416 E/WifiTrafficPoller(  851):  packet count Tx=1710510 Rx=5613021
05-17 17:26:48.424 E/SQLiteLog( 2161): (284) automatic index on sqlite_sq_7F931B6100(raw_contact_id)
05-17 17:26:48.431 E/SQLiteLog( 2161): (284) automatic index on sqlite_sq_7F931B5580(raw_contact_id)
05-17 17:26:48.444 E/SQLiteLog( 2161): (284) automatic index on sqlite_sq_7F9EA9C800(raw_contact_id)
05-17 17:26:48.450 E/SQLiteLog( 2161): (284) automatic index on sqlite_sq_7F92C39B00(raw_contact_id)
05-17 17:26:48.463 E/SQLiteLog( 2161): (284) automatic index on sqlite_sq_7F9EA9CA00(raw_contact_id)
05-17 17:26:48.470 E/SQLiteLog( 2161): (284) automatic index on sqlite_sq_7F9EA9C500(raw_contact_id)
05-17 17:26:48.483 E/SQLiteLog( 2161): (284) automatic index on sqlite_sq_7F931B6300(raw_contact_id)
05-17 17:26:48.489 E/SQLiteLog( 2161): (284) automatic index on sqlite_sq_7F931B5F00(raw_contact_id)
05-17 17:26:48.775 E/SQLiteLog( 2161): (284) automatic index on sqlite_sq_7F931B6500(raw_contact_id)
05-17 17:26:48.781 E/SQLiteLog( 2161): (284) automatic index on sqlite_sq_7F931B5E00(raw_contact_id)
05-17 17:26:48.794 E/SQLiteLog( 2161): (284) automatic index on sqlite_sq_7F9EA9CB80(raw_contact_id)
05-17 17:26:48.800 E/SQLiteLog( 2161): (284) automatic index on sqlite_sq_7F9EA9C900(raw_contact_id)
05-17 17:26:48.813 E/SQLiteLog( 2161): (284) automatic index on sqlite_sq_7F931B6580(raw_contact_id)
05-17 17:26:48.819 E/SQLiteLog( 2161): (284) automatic index on sqlite_sq_7F931B5E00(raw_contact_id)
05-17 17:26:48.832 E/SQLiteLog( 2161): (284) automatic index on sqlite_sq_7F931B6900(raw_contact_id)
05-17 17:26:48.838 E/SQLiteLog( 2161): (284) automatic index on sqlite_sq_7F930E7500(raw_contact_id)
05-17 17:26:48.852 E/SQLiteLog( 2161): (284) automatic index on sqlite_sq_7F9EA9CC80(raw_contact_id)
05-17 17:26:48.872 E/SQLiteLog( 2161): (284) automatic index on sqlite_sq_7F931B6B00(raw_contact_id)
05-17 17:26:48.878 E/SQLiteLog( 2161): (284) automatic index on sqlite_sq_7F931B6380(raw_contact_id)
05-17 17:26:48.891 E/SQLiteLog( 2161): (284) automatic index on sqlite_sq_7F931B6F00(raw_contact_id)
05-17 17:26:48.898 E/SQLiteLog( 2161): (284) automatic index on sqlite_sq_7F931B6A80(raw_contact_id)
05-17 17:26:48.911 E/SQLiteLog( 2161): (284) automatic index on sqlite_sq_7FA301A680(raw_contact_id)
05-17 17:26:48.917 E/SQLiteLog( 2161): (284) automatic index on sqlite_sq_7F931B6800(raw_contact_id)
05-17 17:26:48.931 E/SQLiteLog( 2161): (284) automatic index on sqlite_sq_7F9EA9D200(raw_contact_id)
05-17 17:26:48.937 E/SQLiteLog( 2161): (284) automatic index on sqlite_sq_7F9EA9C300(raw_contact_id)
05-17 17:26:48.950 E/SQLiteLog( 2161): (284) automatic index on sqlite_sq_7FA3226A00(raw_contact_id)
05-17 17:26:48.957 E/SQLiteLog( 2161): (284) automatic index on sqlite_sq_7F931B6F80(raw_contact_id)
05-17 17:26:48.970 E/SQLiteLog( 2161): (284) automatic index on sqlite_sq_7FA3226A80(raw_contact_id)
05-17 17:26:48.976 E/SQLiteLog( 2161): (284) automatic index on sqlite_sq_7F931B6F80(raw_contact_id)
05-17 17:26:48.990 E/SQLiteLog( 2161): (284) automatic index on sqlite_sq_7F9EA9D800(raw_contact_id)
05-17 17:26:48.996 E/SQLiteLog( 2161): (284) automatic index on sqlite_sq_7F9EA9D180(raw_contact_id)
05-17 17:26:49.049 E/SQLiteLog( 2161): (284) automatic index on sqlite_sq_7F92C09800(raw_contact_id)
05-17 17:26:49.056 E/SQLiteLog( 2161): (284) automatic index on sqlite_sq_7F92C09E00(raw_contact_id)
05-17 17:26:49.070 E/SQLiteLog( 2161): (284) automatic index on sqlite_sq_7F930B4600(raw_contact_id)
05-17 17:26:49.076 E/SQLiteLog( 2161): (284) automatic index on sqlite_sq_7F930B4900(raw_contact_id)
05-17 17:26:49.121 E/SQLiteLog( 2161): (284) automatic index on sqlite_sq_7F930B4800(raw_contact_id)
05-17 17:26:49.127 E/SQLiteLog( 2161): (284) automatic index on sqlite_sq_7F930B4B80(raw_contact_id)
05-17 17:26:49.141 E/SQLiteLog( 2161): (284) automatic index on sqlite_sq_7F92C09E00(raw_contact_id)
05-17 17:26:49.147 E/SQLiteLog( 2161): (284) automatic index on sqlite_sq_7F92C38300(raw_contact_id)
05-17 17:26:49.161 E/SQLiteLog( 2161): (284) automatic index on sqlite_sq_7F92C38300(raw_contact_id)
05-17 17:26:49.167 E/SQLiteLog( 2161): (284) automatic index on sqlite_sq_7F92C38300(raw_contact_id)
05-17 17:26:49.180 E/SQLiteLog( 2161): (284) automatic index on sqlite_sq_7F92C38800(raw_contact_id)
05-17 17:26:49.186 E/SQLiteLog( 2161): (284) automatic index on sqlite_sq_7F92C38200(raw_contact_id)
05-17 17:26:49.200 E/SQLiteLog( 2161): (284) automatic index on sqlite_sq_7F92C38D80(raw_contact_id)
05-17 17:26:49.207 E/SQLiteLog( 2161): (284) automatic index on sqlite_sq_7F92C39000(raw_contact_id)
05-17 17:26:49.223 E/SQLiteLog( 2161): (284) automatic index on sqlite_sq_7F930B4D80(raw_contact_id)
05-17 17:26:49.229 E/SQLiteLog( 2161): (284) automatic index on sqlite_sq_7F930B5000(raw_contact_id)
05-17 17:26:49.244 E/SQLiteLog( 2161): (284) automatic index on sqlite_sq_7F930B5480(raw_contact_id)
05-17 17:26:49.244 E/WifiStateMachine(  851):  ConnectedState (when=-3ms what=131155 arg1=555!CMD_RSSI_POLL 555 0 "BOCO-office" 94:b4:0f:68:a4:b1 rssi=-50 f=5785 sc=80 link=121 tx=0.1, 0.0, 0.0  rx=30.8 bcn=0 [on:0 tx:0 rx:0 period:3001] from screen [on:0 period:551768316] gl rssi=-50 ag=0 hr ticks 297,76,43 ls-=0 [56,56,56,56,61] brc=0 lrc=0
05-17 17:26:49.245 E/WifiStateMachine(  851):  L2ConnectedState (when=-4ms what=131155 arg1=555!CMD_RSSI_POLL 555 0 "BOCO-office" 94:b4:0f:68:a4:b1 rssi=-50 f=5785 sc=80 link=121 tx=0.1, 0.0, 0.0  rx=30.8 bcn=0 [on:0 tx:0 rx:0 period:1] from screen [on:0 period:551768317] gl rssi=-50 ag=0 hr ticks 297,76,43 ls-=0 [56,56,56,56,61] brc=0 lrc=0
05-17 17:26:49.245 E/WifiStateMachine(  851):  get link layer stats 0
05-17 17:26:49.252 E/SQLiteLog( 2161): (284) automatic index on sqlite_sq_7F930B5280(raw_contact_id)
05-17 17:26:49.261 E/WifiStateMachine(  851): calculateWifiScore() we set wifi's score to 1000, so will always set wifi as a default network.
05-17 17:26:49.269 E/SQLiteLog( 2161): (284) automatic index on sqlite_sq_7F930B5380(raw_contact_id)
05-17 17:26:49.276 E/SQLiteLog( 2161): (284) automatic index on sqlite_sq_7F930B4E00(raw_contact_id)
05-17 17:26:49.290 E/SQLiteLog( 2161): (284) automatic index on sqlite_sq_7F92C38E00(raw_contact_id)
05-17 17:26:49.297 E/SQLiteLog( 2161): (284) automatic index on sqlite_sq_7F92C39280(raw_contact_id)
05-17 17:26:49.310 E/SQLiteLog( 2161): (284) automatic index on sqlite_sq_7F92C38F80(raw_contact_id)
05-17 17:26:49.317 E/SQLiteLog( 2161): (284) automatic index on sqlite_sq_7F92C38600(raw_contact_id)
05-17 17:26:49.330 E/SQLiteLog( 2161): (284) automatic index on sqlite_sq_7F92C39280(raw_contact_id)
05-17 17:26:49.336 E/SQLiteLog( 2161): (284) automatic index on sqlite_sq_7F92C38600(raw_contact_id)
05-17 17:26:49.350 E/SQLiteLog( 2161): (284) automatic index on sqlite_sq_7F92C39580(raw_contact_id)
05-17 17:26:49.356 E/SQLiteLog( 2161): (284) automatic index on sqlite_sq_7F92C09D00(raw_contact_id)
05-17 17:26:49.370 E/SQLiteLog( 2161): (284) automatic index on sqlite_sq_7F92C39880(raw_contact_id)
05-17 17:26:49.376 E/SQLiteLog( 2161): (284) automatic index on sqlite_sq_7F92C39480(raw_contact_id)
05-17 17:26:49.389 E/SQLiteLog( 2161): (284) automatic index on sqlite_sq_7F930B5000(raw_contact_id)
05-17 17:26:49.396 E/SQLiteLog( 2161): (284) automatic index on sqlite_sq_7F930B4D80(raw_contact_id)
05-17 17:26:49.410 E/SQLiteLog( 2161): (284) automatic index on sqlite_sq_7F930B5600(raw_contact_id)
05-17 17:26:49.416 E/WifiTrafficPoller(  851): TRAFFIC_STATS_POLL true Token 2478 num clients 19
05-17 17:26:49.416 E/SQLiteLog( 2161): (284) automatic index on sqlite_sq_7F930B4D80(raw_contact_id)
05-17 17:26:49.416 E/WifiTrafficPoller(  851):  packet count Tx=1710510 Rx=5613029
05-17 17:26:49.430 E/SQLiteLog( 2161): (284) automatic index on sqlite_sq_7F930B5880(raw_contact_id)
05-17 17:26:49.437 E/SQLiteLog( 2161): (284) automatic index on sqlite_sq_7F930B5280(raw_contact_id)
05-17 17:26:49.450 E/SQLiteLog( 2161): (284) automatic index on sqlite_sq_7F92C39B00(raw_contact_id)
05-17 17:26:49.457 E/SQLiteLog( 2161): (284) automatic index on sqlite_sq_7F92C39600(raw_contact_id)
05-17 17:26:49.470 E/SQLiteLog( 2161): (284) automatic index on sqlite_sq_7F92C39E00(raw_contact_id)
05-17 17:26:49.477 E/SQLiteLog( 2161): (284) automatic index on sqlite_sq_7F92C39780(raw_contact_id)
05-17 17:26:49.490 E/SQLiteLog( 2161): (284) automatic index on sqlite_sq_7F9EA9C600(raw_contact_id)
05-17 17:26:49.497 E/SQLiteLog( 2161): (284) automatic index on sqlite_sq_7F92C39D80(raw_contact_id)
05-17 17:26:49.511 E/SQLiteLog( 2161): (284) automatic index on sqlite_sq_7F9EA9C880(raw_contact_id)
05-17 17:26:49.517 E/SQLiteLog( 2161): (284) automatic index on sqlite_sq_7F9EA9C400(raw_contact_id)
05-17 17:26:49.531 E/SQLiteLog( 2161): (284) automatic index on sqlite_sq_7F9EA9CA80(raw_contact_id)
05-17 17:26:49.538 E/SQLiteLog( 2161): (284) automatic index on sqlite_sq_7F92C39700(raw_contact_id)
05-17 17:26:49.551 E/SQLiteLog( 2161): (284) automatic index on sqlite_sq_7F930B5B00(raw_contact_id)
05-17 17:26:49.558 E/SQLiteLog( 2161): (284) automatic index on sqlite_sq_7F930B5500(raw_contact_id)
05-17 17:26:49.571 E/SQLiteLog( 2161): (284) automatic index on sqlite_sq_7F930B5C80(raw_contact_id)
05-17 17:26:49.578 E/SQLiteLog( 2161): (284) automatic index on sqlite_sq_7F930B5480(raw_contact_id)
05-17 17:26:49.591 E/SQLiteLog( 2161): (284) automatic index on sqlite_sq_7F930B5E80(raw_contact_id)
05-17 17:26:49.598 E/SQLiteLog( 2161): (284) automatic index on sqlite_sq_7F930B5780(raw_contact_id)
05-17 17:26:49.611 E/SQLiteLog( 2161): (284) automatic index on sqlite_sq_7F9EA9CC80(raw_contact_id)
05-17 17:26:49.618 E/SQLiteLog( 2161): (284) automatic index on sqlite_sq_7F9EA9C180(raw_contact_id)
05-17 17:26:49.632 E/SQLiteLog( 2161): (284) automatic index on sqlite_sq_7F9EA9CE80(raw_contact_id)
05-17 17:26:49.638 E/SQLiteLog( 2161): (284) automatic index on sqlite_sq_7F9EA9C700(raw_contact_id)
05-17 17:26:49.939 E/SQLiteLog( 2161): (284) automatic index on sqlite_sq_7F930E6E00(raw_contact_id)
05-17 17:26:49.945 E/SQLiteLog( 2161): (284) automatic index on sqlite_sq_7F930B5D80(raw_contact_id)
05-17 17:26:49.965 E/SQLiteLog( 2161): (284) automatic index on sqlite_sq_7F9EA9D180(raw_contact_id)
05-17 17:26:49.975 E/SQLiteLog( 2161): (284) automatic index on sqlite_sq_7F9EA9C700(raw_contact_id)
05-17 17:26:50.007 E/SQLiteLog( 2161): (284) automatic index on sqlite_sq_7F9EA9D600(raw_contact_id)
05-17 17:26:50.014 E/SQLiteLog( 2161): (284) automatic index on sqlite_sq_7F9EA9D100(raw_contact_id)
05-17 17:26:50.029 E/SQLiteLog( 2161): (284) automatic index on sqlite_sq_7F930E6E80(raw_contact_id)
05-17 17:26:50.036 E/SQLiteLog( 2161): (284) automatic index on sqlite_sq_7F930E6E80(raw_contact_id)
05-17 17:26:50.053 E/SQLiteLog( 2161): (284) automatic index on sqlite_sq_7F9EA9D780(raw_contact_id)
05-17 17:26:50.059 E/SQLiteLog( 2161): (284) automatic index on sqlite_sq_7F9EA9D100(raw_contact_id)
05-17 17:26:50.075 E/SQLiteLog( 2161): (284) automatic index on sqlite_sq_7F930E7100(raw_contact_id)
05-17 17:26:50.082 E/SQLiteLog( 2161): (284) automatic index on sqlite_sq_7F930B5900(raw_contact_id)
05-17 17:26:50.096 E/SQLiteLog( 2161): (284) automatic index on sqlite_sq_7F930E7800(raw_contact_id)
05-17 17:26:50.104 E/SQLiteLog( 2161): (284) automatic index on sqlite_sq_7F930E7500(raw_contact_id)
05-17 17:26:50.117 E/SQLiteLog( 2161): (284) automatic index on sqlite_sq_7F9EA9D900(raw_contact_id)
05-17 17:26:50.125 E/SQLiteLog( 2161): (284) automatic index on sqlite_sq_7F9EA9D580(raw_contact_id)
05-17 17:26:50.138 E/SQLiteLog( 2161): (284) automatic index on sqlite_sq_7F930E7B00(raw_contact_id)
05-17 17:26:50.146 E/SQLiteLog( 2161): (284) automatic index on sqlite_sq_7F930E6C00(raw_contact_id)
05-17 17:26:50.160 E/SQLiteLog( 2161): (284) automatic index on sqlite_sq_7F9EA9DA00(raw_contact_id)
05-17 17:26:50.166 E/SQLiteLog( 2161): (284) automatic index on sqlite_sq_7F9EA9C200(raw_contact_id)
05-17 17:26:50.180 E/SQLiteLog( 2161): (284) automatic index on sqlite_sq_7F9EA9DC00(raw_contact_id)
05-17 17:26:50.187 E/SQLiteLog( 2161): (284) automatic index on sqlite_sq_7F9EA9D380(raw_contact_id)
05-17 17:26:50.201 E/SQLiteLog( 2161): (284) automatic index on sqlite_sq_7F931B5280(raw_contact_id)
05-17 17:26:50.208 E/SQLiteLog( 2161): (284) automatic index on sqlite_sq_7F930E7D00(raw_contact_id)
05-17 17:26:50.222 E/SQLiteLog( 2161): (284) automatic index on sqlite_sq_7F9EA9DD80(raw_contact_id)
05-17 17:26:50.229 E/SQLiteLog( 2161): (284) automatic index on sqlite_sq_7F9EA9D380(raw_contact_id)
05-17 17:26:50.274 E/SQLiteLog( 2161): (284) automatic index on sqlite_sq_7F931B5300(raw_contact_id)
05-17 17:26:50.281 E/SQLiteLog( 2161): (284) automatic index on sqlite_sq_7F930B5F00(raw_contact_id)
05-17 17:26:50.299 E/SQLiteLog( 2161): (284) automatic index on sqlite_sq_7F930B4B80(raw_contact_id)
05-17 17:26:50.306 E/SQLiteLog( 2161): (284) automatic index on sqlite_sq_7F930B4500(raw_contact_id)
05-17 17:26:50.321 E/SQLiteLog( 2161): (284) automatic index on sqlite_sq_7F92C09D00(raw_contact_id)
05-17 17:26:50.328 E/SQLiteLog( 2161): (284) automatic index on sqlite_sq_7F92C09100(raw_contact_id)
05-17 17:26:50.343 E/SQLiteLog( 2161): (284) automatic index on sqlite_sq_7F930B4E00(raw_contact_id)
05-17 17:26:50.349 E/SQLiteLog( 2161): (284) automatic index on sqlite_sq_7F930B5080(raw_contact_id)
05-17 17:26:50.365 E/SQLiteLog( 2161): (284) automatic index on sqlite_sq_7F92C09F00(raw_contact_id)
05-17 17:26:50.372 E/SQLiteLog( 2161): (284) automatic index on sqlite_sq_7F92C38180(raw_contact_id)
05-17 17:26:50.387 E/SQLiteLog( 2161): (284) automatic index on sqlite_sq_7F92C38480(raw_contact_id)
05-17 17:26:50.394 E/SQLiteLog( 2161): (284) automatic index on sqlite_sq_7F92C38880(raw_contact_id)
05-17 17:26:50.409 E/SQLiteLog( 2161): (284) automatic index on sqlite_sq_7F930B5380(raw_contact_id)
05-17 17:26:50.416 E/SQLiteLog( 2161): (284) automatic index on sqlite_sq_7F930B5680(raw_contact_id)
05-17 17:26:50.417 E/WifiTrafficPoller(  851): TRAFFIC_STATS_POLL true Token 2478 num clients 19
05-17 17:26:50.418 E/WifiTrafficPoller(  851):  packet count Tx=1710518 Rx=5613042
05-17 17:26:50.418 E/WifiTrafficPoller(  851): notifying of data activity 3
05-17 17:26:50.435 E/SQLiteLog( 2161): (284) automatic index on sqlite_sq_7F92C38880(raw_contact_id)
05-17 17:26:50.443 E/SQLiteLog( 2161): (284) automatic index on sqlite_sq_7F92C38E00(raw_contact_id)
05-17 17:26:50.458 E/SQLiteLog( 2161): (284) automatic index on sqlite_sq_7F930B5E00(raw_contact_id)
05-17 17:26:50.465 E/SQLiteLog( 2161): (284) automatic index on sqlite_sq_7F930B5400(raw_contact_id)
05-17 17:26:50.479 E/SQLiteLog( 2161): (284) automatic index on sqlite_sq_7F930E6E00(raw_contact_id)
05-17 17:26:50.485 E/SQLiteLog( 2161): (284) automatic index on sqlite_sq_7F930B5580(raw_contact_id)
05-17 17:26:50.499 E/SQLiteLog( 2161): (284) automatic index on sqlite_sq_7F92C38D00(raw_contact_id)
05-17 17:26:50.506 E/SQLiteLog( 2161): (284) automatic index on sqlite_sq_7F92C09F80(raw_contact_id)
05-17 17:26:50.520 E/SQLiteLog( 2161): (284) automatic index on sqlite_sq_7F930E7180(raw_contact_id)
05-17 17:26:50.528 E/SQLiteLog( 2161): (284) automatic index on sqlite_sq_7F930B5580(raw_contact_id)
05-17 17:26:50.542 E/SQLiteLog( 2161): (284) automatic index on sqlite_sq_7F92C39100(raw_contact_id)
05-17 17:26:50.549 E/SQLiteLog( 2161): (284) automatic index on sqlite_sq_7F92C38B80(raw_contact_id)
05-17 17:26:50.563 E/SQLiteLog( 2161): (284) automatic index on sqlite_sq_7F92C38D80(raw_contact_id)
05-17 17:26:50.570 E/SQLiteLog( 2161): (284) automatic index on sqlite_sq_7F92C38700(raw_contact_id)
05-17 17:26:50.583 E/SQLiteLog( 2161): (284) automatic index on sqlite_sq_7F930B5F80(raw_contact_id)
05-17 17:26:50.591 E/SQLiteLog( 2161): (284) automatic index on sqlite_sq_7F930B5380(raw_contact_id)
05-17 17:26:50.606 E/SQLiteLog( 2161): (284) automatic index on sqlite_sq_7F92C39300(raw_contact_id)
05-17 17:26:50.615 E/SQLiteLog( 2161): (284) automatic index on sqlite_sq_7F92C38780(raw_contact_id)
05-17 17:26:50.632 E/SQLiteLog( 2161): (284) automatic index on sqlite_sq_7F930E7400(raw_contact_id)
05-17 17:26:50.640 E/SQLiteLog( 2161): (284) automatic index on sqlite_sq_7F930B5280(raw_contact_id)
05-17 17:26:50.655 E/SQLiteLog( 2161): (284) automatic index on sqlite_sq_7F930E7900(raw_contact_id)
05-17 17:26:50.662 E/SQLiteLog( 2161): (284) automatic index on sqlite_sq_7F930B5400(raw_contact_id)
05-17 17:26:50.677 E/SQLiteLog( 2161): (284) automatic index on sqlite_sq_7F92C39400(raw_contact_id)
05-17 17:26:50.684 E/SQLiteLog( 2161): (284) automatic index on sqlite_sq_7F92C38480(raw_contact_id)
05-17 17:26:50.699 E/SQLiteLog( 2161): (284) automatic index on sqlite_sq_7F930E7E80(raw_contact_id)
05-17 17:26:50.706 E/SQLiteLog( 2161): (284) automatic index on sqlite_sq_7F930E7580(raw_contact_id)
05-17 17:26:50.721 E/SQLiteLog( 2161): (284) automatic index on sqlite_sq_7F92C39700(raw_contact_id)
05-17 17:26:50.729 E/SQLiteLog( 2161): (284) automatic index on sqlite_sq_7F92C39200(raw_contact_id)
05-17 17:26:50.745 E/SQLiteLog( 2161): (284) automatic index on sqlite_sq_7F92C39A80(raw_contact_id)
05-17 17:26:50.752 E/SQLiteLog( 2161): (284) automatic index on sqlite_sq_7F92C38480(raw_contact_id)
05-17 17:26:50.767 E/SQLiteLog( 2161): (284) automatic index on sqlite_sq_7F931B5400(raw_contact_id)
05-17 17:26:50.775 E/SQLiteLog( 2161): (284) automatic index on sqlite_sq_7F930E7D00(raw_contact_id)
05-17 17:26:50.788 E/SQLiteLog( 2161): (284) automatic index on sqlite_sq_7F9EA9C280(raw_contact_id)
05-17 17:26:50.796 E/SQLiteLog( 2161): (284) automatic index on sqlite_sq_7F92C39880(raw_contact_id)
05-17 17:26:50.811 E/SQLiteLog( 2161): (284) automatic index on sqlite_sq_7F931B5580(raw_contact_id)
05-17 17:26:50.818 E/SQLiteLog( 2161): (284) automatic index on sqlite_sq_7F930B5680(raw_contact_id)
05-17 17:26:50.832 E/SQLiteLog( 2161): (284) automatic index on sqlite_sq_7F931B5780(raw_contact_id)
05-17 17:26:50.840 E/SQLiteLog( 2161): (284) automatic index on sqlite_sq_7F931B5200(raw_contact_id)
05-17 17:26:50.857 E/SQLiteLog( 2161): (284) automatic index on sqlite_sq_7F9EA9C580(raw_contact_id)
05-17 17:26:50.865 E/SQLiteLog( 2161): (284) automatic index on sqlite_sq_7F92C39E80(raw_contact_id)
05-17 17:26:50.880 E/SQLiteLog( 2161): (284) automatic index on sqlite_sq_7F931B5A00(raw_contact_id)
05-17 17:26:50.887 E/SQLiteLog( 2161): (284) automatic index on sqlite_sq_7F931B5600(raw_contact_id)
05-17 17:26:50.901 E/SQLiteLog( 2161): (284) automatic index on sqlite_sq_7F9EA9C880(raw_contact_id)
05-17 17:26:50.908 E/SQLiteLog( 2161): (284) automatic index on sqlite_sq_7F9EA9C200(raw_contact_id)
