05-18 17:47:54.881 E/CheckinTask(  956): Checkin failed: https://android.clients.google.com/checkin (request #0): java.net.SocketTimeoutException: failed to connect to android.clients.google.com/74.125.204.113 (port 443) after 120000ms: isConnected failed: ETIMEDOUT (Connection timed out)
05-18 17:47:55.881 E/GPSManager( 6930): Location changed : Lat: 40.00125 Lng: 105.56358166666665
05-18 17:47:56.861 E/GPSManager( 6930): Location changed : Lat: 40.00125 Lng: 105.56358166666665
05-18 17:47:57.891 E/GPSManager( 6930): Location changed : Lat: 40.00125 Lng: 105.56358166666665
05-18 17:47:58.911 E/GPSManager( 6930): Location changed : Lat: 40.00125 Lng: 105.56358166666665
05-18 17:47:59.911 E/GPSManager( 6930): Location changed : Lat: 40.00125 Lng: 105.56358166666665
05-18 17:48:00.931 E/GPSManager( 6930): Location changed : Lat: 40.00125 Lng: 105.56358166666665
05-18 17:48:01.921 E/GPSManager( 6930): Location changed : Lat: 40.00125 Lng: 105.56358166666665
05-18 17:48:02.911 E/GPSManager( 6930): Location changed : Lat: 40.00125 Lng: 105.56358166666665
05-18 17:48:03.941 E/GPSManager( 6930): Location changed : Lat: 40.00125 Lng: 105.56358166666665
05-18 17:48:04.931 E/GPSManager( 6930): Location changed : Lat: 40.00125 Lng: 105.56358166666665
05-18 17:48:06.791 E/GPSManager( 6930): Location changed : Lat: 40.00125 Lng: 105.56358166666665
05-18 17:48:07.431 E/GPSManager( 6930): Location changed : Lat: 40.00125 Lng: 105.56358166666665
05-18 17:48:08.331 E/memtrack( 7076): Couldn't load memtrack module (No such file or directory)
05-18 17:48:08.341 E/android.os.Debug( 7076): failed to load memtrack module: -2
05-18 17:48:08.521 E/GPSManager( 6930): Location changed : Lat: 40.00125 Lng: 105.56358166666665
05-18 17:48:08.571 E/cutils-trace( 7076): Error opening trace file: No such file or directory (2)
05-18 17:48:09.431 E/GPSManager( 6930): Location changed : Lat: 40.00125 Lng: 105.56358166666665
05-18 17:48:10.431 E/GPSManager( 6930): Location changed : Lat: 40.00125 Lng: 105.56358166666665
05-18 17:48:11.391 E/memtrack( 7088): Couldn't load memtrack module (No such file or directory)
05-18 17:48:11.391 E/android.os.Debug( 7088): failed to load memtrack module: -2
05-18 17:48:11.431 E/GPSManager( 6930): Location changed : Lat: 40.00125 Lng: 105.56358166666665
05-18 17:48:11.561 E/cutils-trace( 7088): Error opening trace file: No such file or directory (2)
05-18 17:48:12.441 E/GPSManager( 6930): Location changed : Lat: 40.00125 Lng: 105.56358166666665
05-18 17:48:13.441 E/GPSManager( 6930): Location changed : Lat: 40.00125 Lng: 105.56358166666665
05-18 17:48:13.581 E/memtrack( 7100): Couldn't load memtrack module (No such file or directory)
05-18 17:48:13.581 E/android.os.Debug( 7100): failed to load memtrack module: -2
05-18 17:48:13.641 E/cutils-trace( 7100): Error opening trace file: No such file or directory (2)
05-18 17:48:14.441 E/GPSManager( 6930): Location changed : Lat: 40.00125 Lng: 105.56358166666665
05-18 17:48:14.981 E/memtrack( 7111): Couldn't load memtrack module (No such file or directory)
05-18 17:48:14.981 E/android.os.Debug( 7111): failed to load memtrack module: -2
05-18 17:48:15.031 E/cutils-trace( 7111): Error opening trace file: No such file or directory (2)
05-18 17:48:15.461 E/GPSManager( 6930): Location changed : Lat: 40.00125 Lng: 105.56358166666665
05-18 17:48:16.251 E/memtrack( 7122): Couldn't load memtrack module (No such file or directory)
05-18 17:48:16.251 E/android.os.Debug( 7122): failed to load memtrack module: -2
05-18 17:48:16.321 E/cutils-trace( 7122): Error opening trace file: No such file or directory (2)
05-18 17:48:16.451 E/GPSManager( 6930): Location changed : Lat: 40.00125 Lng: 105.56358166666665
05-18 17:48:17.451 E/GPSManager( 6930): Location changed : Lat: 40.00125 Lng: 105.56358166666665
05-18 17:48:17.911 E/memtrack( 7138): Couldn't load memtrack module (No such file or directory)
05-18 17:48:17.911 E/android.os.Debug( 7138): failed to load memtrack module: -2
05-18 17:48:17.971 E/cutils-trace( 7138): Error opening trace file: No such file or directory (2)
05-18 17:48:18.451 E/GPSManager( 6930): Location changed : Lat: 40.00125 Lng: 105.56358166666665
05-18 17:48:19.091 E/memtrack( 7150): Couldn't load memtrack module (No such file or directory)
05-18 17:48:19.091 E/android.os.Debug( 7150): failed to load memtrack module: -2
05-18 17:48:19.141 E/cutils-trace( 7150): Error opening trace file: No such file or directory (2)
05-18 17:48:19.451 E/GPSManager( 6930): Location changed : Lat: 40.00125 Lng: 105.56358166666665
05-18 17:48:20.451 E/GPSManager( 6930): Location changed : Lat: 40.00125 Lng: 105.56358166666665
05-18 17:48:20.511 E/memtrack( 7164): Couldn't load memtrack module (No such file or directory)
05-18 17:48:20.511 E/android.os.Debug( 7164): failed to load memtrack module: -2
05-18 17:48:20.561 E/cutils-trace( 7164): Error opening trace file: No such file or directory (2)
05-18 17:48:21.461 E/GPSManager( 6930): Location changed : Lat: 40.00125 Lng: 105.56358166666665
05-18 17:48:22.451 E/memtrack( 7182): Couldn't load memtrack module (No such file or directory)
05-18 17:48:22.451 E/android.os.Debug( 7182): failed to load memtrack module: -2
05-18 17:48:22.461 E/GPSManager( 6930): Location changed : Lat: 40.00125 Lng: 105.56358166666665
05-18 17:48:22.531 E/cutils-trace( 7182): Error opening trace file: No such file or directory (2)
05-18 17:48:23.461 E/GPSManager( 6930): Location changed : Lat: 40.00125 Lng: 105.56358166666665
05-18 17:48:23.631 E/memtrack( 7194): Couldn't load memtrack module (No such file or directory)
05-18 17:48:23.641 E/android.os.Debug( 7194): failed to load memtrack module: -2
05-18 17:48:23.691 E/cutils-trace( 7194): Error opening trace file: No such file or directory (2)
05-18 17:48:24.461 E/GPSManager( 6930): Location changed : Lat: 40.00125 Lng: 105.56358166666665
05-18 17:48:24.821 E/memtrack( 7205): Couldn't load memtrack module (No such file or directory)
05-18 17:48:24.821 E/android.os.Debug( 7205): failed to load memtrack module: -2
05-18 17:48:24.961 E/Cataloger( 1301): syncFile:/storage/emulated/0/Android/data/com.boco.apphall/cache/.nomedia
05-18 17:48:24.981 E/Cataloger( 1301): need not sync path:/storage/emulated/0/Android/data/com.boco.apphall/cache/.nomedia
05-18 17:48:25.001 E/Cataloger( 1301): 
05-18 17:48:25.001 E/Cataloger( 1301): 
05-18 17:48:25.011 E/Cataloger( 1301): 
05-18 17:48:25.021 E/Cataloger( 1301): 
05-18 17:48:25.031 E/Cataloger( 1301): 
05-18 17:48:25.041 E/Cataloger( 1301): syncFile:/storage/emulated/0/Android/data/com.boco.apphall/cache/uil-images/journal
05-18 17:48:25.041 E/Cataloger( 1301): need not sync path:/storage/emulated/0/Android/data/com.boco.apphall/cache/uil-images/journal
05-18 17:48:25.051 E/Cataloger( 1301): 
05-18 17:48:25.051 E/Cataloger( 1301): 
05-18 17:48:25.061 E/Cataloger( 1301): 
05-18 17:48:25.071 E/Cataloger( 1301): 
05-18 17:48:25.071 E/Cataloger( 1301): 
05-18 17:48:25.091 E/Cataloger( 1301): 
05-18 17:48:25.091 E/Cataloger( 1301): 
05-18 17:48:25.101 E/Cataloger( 1301): syncFile:/storage/emulated/0/Android/data/com.boco.apphall/cache/uil-images
05-18 17:48:25.101 E/Cataloger( 1301): syncFile:/storage/emulated/0/Android/data/com.boco.apphall/cache
05-18 17:48:25.121 E/Cataloger( 1301): syncFile:/storage/emulated/0/Android/data/com.boco.apphall
05-18 17:48:25.131 E/cutils-trace( 7205): Error opening trace file: No such file or directory (2)
05-18 17:48:25.471 E/GPSManager( 6930): Location changed : Lat: 40.00125 Lng: 105.56358166666665
05-18 17:48:26.461 E/GPSManager( 6930): Location changed : Lat: 40.00125 Lng: 105.56358166666665
05-18 17:48:27.471 E/GPSManager( 6930): Location changed : Lat: 40.00125 Lng: 105.56358166666665
05-18 17:48:28.481 E/GPSManager( 6930): Location changed : Lat: 40.00125 Lng: 105.56358166666665
05-18 17:48:29.281 E/memtrack( 7237): Couldn't load memtrack module (No such file or directory)
05-18 17:48:29.281 E/android.os.Debug( 7237): failed to load memtrack module: -2
05-18 17:48:29.471 E/GPSManager( 6930): Location changed : Lat: 40.00125 Lng: 105.56358166666665
05-18 17:48:30.471 E/GPSManager( 6930): Location changed : Lat: 40.00125 Lng: 105.56358166666665
05-18 17:48:31.481 E/GPSManager( 6930): Location changed : Lat: 40.00125 Lng: 105.56358166666665
05-18 17:48:32.071 E/cutils-trace( 7237): Error opening trace file: No such file or directory (2)
05-18 17:48:32.481 E/GPSManager( 6930): Location changed : Lat: 40.00125 Lng: 105.56358166666665
05-18 17:48:33.481 E/GPSManager( 6930): Location changed : Lat: 40.00125 Lng: 105.56358166666665
05-18 17:48:33.831 E/memtrack( 7254): Couldn't load memtrack module (No such file or directory)
05-18 17:48:33.851 E/android.os.Debug( 7254): failed to load memtrack module: -2
05-18 17:48:34.481 E/GPSManager( 6930): Location changed : Lat: 40.00125 Lng: 105.56358166666665
05-18 17:48:34.631 E/QueryController( 7237): Got null root node from accessibility - Retrying...
05-18 17:48:34.891 E/QueryController( 7237): Got null root node from accessibility - Retrying...
05-18 17:48:35.141 E/QueryController( 7237): Got null root node from accessibility - Retrying...
05-18 17:48:35.381 E/Cataloger( 1301): syncFile:/storage/emulated/0/Android/data/com.boco.apphall
05-18 17:48:35.381 E/Cataloger( 1301): :/storage/emulated/0/Android/data/com.boco.apphall
05-18 17:48:35.381 E/Cataloger( 1301): /storage/emulated/0/Android/data/com.boco.apphall
05-18 17:48:35.391 E/QueryController( 7237): Cannot proceed when root node is null. Aborted search
05-18 17:48:35.391 E/QueryController( 7237): Got null root node from accessibility - Retrying...
05-18 17:48:35.411 E/Cataloger( 1301): syncFile:/storage/emulated/0/Android/data/com.boco.apphall/cache
05-18 17:48:35.411 E/Cataloger( 1301): :/storage/emulated/0/Android/data/com.boco.apphall/cache
05-18 17:48:35.411 E/Cataloger( 1301): /storage/emulated/0/Android/data/com.boco.apphall/cache
05-18 17:48:35.421 E/Cataloger( 1301): syncFile:/storage/emulated/0/Android/data/com.boco.apphall/cache/.nomedia
05-18 17:48:35.421 E/Cataloger( 1301): need not sync path:/storage/emulated/0/Android/data/com.boco.apphall/cache/.nomedia
05-18 17:48:35.431 E/Cataloger( 1301): syncFile:/storage/emulated/0/Android/data/com.boco.apphall/cache/.nomedia
05-18 17:48:35.431 E/Cataloger( 1301): need not sync path:/storage/emulated/0/Android/data/com.boco.apphall/cache/.nomedia
05-18 17:48:35.441 E/Cataloger( 1301): syncFile:/storage/emulated/0/Android/data/com.boco.apphall/cache/uil-images
05-18 17:48:35.441 E/Cataloger( 1301): :/storage/emulated/0/Android/data/com.boco.apphall/cache/uil-images
05-18 17:48:35.441 E/Cataloger( 1301): /storage/emulated/0/Android/data/com.boco.apphall/cache/uil-images
05-18 17:48:35.461 E/Cataloger( 1301): syncFile:/storage/emulated/0/Android/data/com.boco.apphall/cache/uil-images/journal.tmp
05-18 17:48:35.461 E/Cataloger( 1301): need not sync path:/storage/emulated/0/Android/data/com.boco.apphall/cache/uil-images/journal.tmp
05-18 17:48:35.471 E/Cataloger( 1301): syncFile:/storage/emulated/0/Android/data/com.boco.apphall/cache/uil-images/journal.tmp
05-18 17:48:35.471 E/Cataloger( 1301): need not sync path:/storage/emulated/0/Android/data/com.boco.apphall/cache/uil-images/journal.tmp
05-18 17:48:35.491 E/GPSManager( 6930): Location changed : Lat: 40.00125 Lng: 105.56358166666665
05-18 17:48:35.491 E/Cataloger( 1301): syncFile:/storage/emulated/0/Android/data/com.boco.apphall/cache/uil-images/journal.tmp
05-18 17:48:35.491 E/Cataloger( 1301): need not sync path:/storage/emulated/0/Android/data/com.boco.apphall/cache/uil-images/journal.tmp
05-18 17:48:35.501 E/Cataloger( 1301): syncFile:/storage/emulated/0/Android/data/com.boco.apphall/cache/uil-images/journal
05-18 17:48:35.501 E/Cataloger( 1301): need not sync path:/storage/emulated/0/Android/data/com.boco.apphall/cache/uil-images/journal
05-18 17:48:35.641 E/QueryController( 7237): Got null root node from accessibility - Retrying...
05-18 17:48:36.161 E/cutils-trace( 7254): Error opening trace file: No such file or directory (2)
05-18 17:48:36.501 E/GPSManager( 6930): Location changed : Lat: 40.00125 Lng: 105.56358166666665
05-18 17:48:37.511 E/GPSManager( 6930): Location changed : Lat: 40.00125 Lng: 105.56358166666665
05-18 17:48:37.991 E/QueryController( 7237): Got null root node from accessibility - Retrying...
05-18 17:48:38.521 E/GPSManager( 6930): Location changed : Lat: 40.00125 Lng: 105.56358166666665
05-18 17:48:39.521 E/GPSManager( 6930): Location changed : Lat: 40.00125 Lng: 105.56358166666665
05-18 17:48:40.521 E/GPSManager( 6930): Location changed : Lat: 40.00125 Lng: 105.56358166666665
05-18 17:48:41.531 E/GPSManager( 6930): Location changed : Lat: 40.00125 Lng: 105.56358166666665
05-18 17:48:42.531 E/GPSManager( 6930): Location changed : Lat: 40.00125 Lng: 105.56358166666665
05-18 17:48:43.521 E/GPSManager( 6930): Location changed : Lat: 40.00125 Lng: 105.56358166666665
05-18 17:48:44.531 E/GPSManager( 6930): Location changed : Lat: 40.00125 Lng: 105.56358166666665
05-18 17:48:45.531 E/GPSManager( 6930): Location changed : Lat: 40.00125 Lng: 105.56358166666665
05-18 17:48:46.551 E/GPSManager( 6930): Location changed : Lat: 40.00125 Lng: 105.56358166666665
05-18 17:48:47.561 E/GPSManager( 6930): Location changed : Lat: 40.00125 Lng: 105.56358166666665
05-18 17:48:48.531 E/GPSManager( 6930): Location changed : Lat: 40.00125 Lng: 105.56358166666665
05-18 17:48:49.531 E/GPSManager( 6930): Location changed : Lat: 40.00125 Lng: 105.56358166666665
05-18 17:48:50.541 E/GPSManager( 6930): Location changed : Lat: 40.00125 Lng: 105.56358166666665
05-18 17:48:51.541 E/GPSManager( 6930): Location changed : Lat: 40.00125 Lng: 105.56358166666665
05-18 17:48:52.541 E/GPSManager( 6930): Location changed : Lat: 40.00125 Lng: 105.56358166666665
05-18 17:48:53.551 E/GPSManager( 6930): Location changed : Lat: 40.00125 Lng: 105.56358166666665
05-18 17:48:54.551 E/GPSManager( 6930): Location changed : Lat: 40.00125 Lng: 105.56358166666665
05-18 17:48:55.561 E/GPSManager( 6930): Location changed : Lat: 40.00125 Lng: 105.56358166666665
05-18 17:48:56.561 E/GPSManager( 6930): Location changed : Lat: 40.00125 Lng: 105.56358166666665
05-18 17:48:57.591 E/GPSManager( 6930): Location changed : Lat: 40.00125 Lng: 105.56358166666665
05-18 17:48:57.711 E/---RankingListAppFragment---( 7266): onResume
05-18 17:48:58.111 E/Cataloger( 1301): syncFile:/storage/emulated/0/Android/data/com.boco.apphall/cache/uil-images/3205omy4td9oxw05yijfjsa900.tmp
05-18 17:48:58.111 E/Cataloger( 1301): need not sync path:/storage/emulated/0/Android/data/com.boco.apphall/cache/uil-images/3205omy4td9oxw05yijfjsa900.tmp
05-18 17:48:58.131 E/Cataloger( 1301): syncFile:/storage/emulated/0/Android/data/com.boco.apphall/cache/uil-images/3205omy4td9oxw05yijfjsa900.tmp
05-18 17:48:58.131 E/Cataloger( 1301): need not sync path:/storage/emulated/0/Android/data/com.boco.apphall/cache/uil-images/3205omy4td9oxw05yijfjsa900.tmp
05-18 17:48:58.131 E/Cataloger( 1301): syncFile:/storage/emulated/0/Android/data/com.boco.apphall/cache/uil-images/mk3hplefdtlqmx38m1iwlp2r0.tmp
05-18 17:48:58.131 E/Cataloger( 1301): need not sync path:/storage/emulated/0/Android/data/com.boco.apphall/cache/uil-images/mk3hplefdtlqmx38m1iwlp2r0.tmp
05-18 17:48:58.151 E/Cataloger( 1301): syncFile:/storage/emulated/0/Android/data/com.boco.apphall/cache/uil-images/3zj5e7agc5dxrx9zld8s8tazk0.tmp
05-18 17:48:58.151 E/Cataloger( 1301): need not sync path:/storage/emulated/0/Android/data/com.boco.apphall/cache/uil-images/3zj5e7agc5dxrx9zld8s8tazk0.tmp
05-18 17:48:58.161 E/Cataloger( 1301): syncFile:/storage/emulated/0/Android/data/com.boco.apphall/cache/uil-images/3zj5e7agc5dxrx9zld8s8tazk0.tmp
05-18 17:48:58.161 E/Cataloger( 1301): need not sync path:/storage/emulated/0/Android/data/com.boco.apphall/cache/uil-images/3zj5e7agc5dxrx9zld8s8tazk0.tmp
05-18 17:48:58.171 E/Cataloger( 1301): 
05-18 17:48:58.171 E/Cataloger( 1301): syncFile:/storage/emulated/0/Android/data/com.boco.apphall/cache/uil-images/3205omy4td9oxw05yijfjsa900
05-18 17:48:58.171 E/Cataloger( 1301): need not sync path:/storage/emulated/0/Android/data/com.boco.apphall/cache/uil-images/3205omy4td9oxw05yijfjsa900
05-18 17:48:58.181 E/Cataloger( 1301): syncFile:/storage/emulated/0/Android/data/com.boco.apphall/cache/uil-images/mk3hplefdtlqmx38m1iwlp2r0.tmp
05-18 17:48:58.181 E/Cataloger( 1301): need not sync path:/storage/emulated/0/Android/data/com.boco.apphall/cache/uil-images/mk3hplefdtlqmx38m1iwlp2r0.tmp
05-18 17:48:58.191 E/Cataloger( 1301): 
05-18 17:48:58.191 E/Cataloger( 1301): syncFile:/storage/emulated/0/Android/data/com.boco.apphall/cache/uil-images/3zj5e7agc5dxrx9zld8s8tazk0
05-18 17:48:58.191 E/Cataloger( 1301): need not sync path:/storage/emulated/0/Android/data/com.boco.apphall/cache/uil-images/3zj5e7agc5dxrx9zld8s8tazk0
05-18 17:48:58.221 E/Cataloger( 1301): 
05-18 17:48:58.221 E/Cataloger( 1301): syncFile:/storage/emulated/0/Android/data/com.boco.apphall/cache/uil-images/mk3hplefdtlqmx38m1iwlp2r0
05-18 17:48:58.221 E/Cataloger( 1301): need not sync path:/storage/emulated/0/Android/data/com.boco.apphall/cache/uil-images/mk3hplefdtlqmx38m1iwlp2r0
05-18 17:48:58.321 E/Cataloger( 1301): syncFile:/storage/emulated/0/Android/data/com.boco.apphall/cache/uil-images/4kxgwmqh15kqpdwvd91ok1rs00.tmp
05-18 17:48:58.321 E/Cataloger( 1301): need not sync path:/storage/emulated/0/Android/data/com.boco.apphall/cache/uil-images/4kxgwmqh15kqpdwvd91ok1rs00.tmp
05-18 17:48:58.331 E/Cataloger( 1301): syncFile:/storage/emulated/0/Android/data/com.boco.apphall/cache/uil-images/4kxgwmqh15kqpdwvd91ok1rs00.tmp
05-18 17:48:58.331 E/Cataloger( 1301): need not sync path:/storage/emulated/0/Android/data/com.boco.apphall/cache/uil-images/4kxgwmqh15kqpdwvd91ok1rs00.tmp
05-18 17:48:58.341 E/Cataloger( 1301): 
05-18 17:48:58.351 E/Cataloger( 1301): syncFile:/storage/emulated/0/Android/data/com.boco.apphall/cache/uil-images/4kxgwmqh15kqpdwvd91ok1rs00
05-18 17:48:58.351 E/Cataloger( 1301): need not sync path:/storage/emulated/0/Android/data/com.boco.apphall/cache/uil-images/4kxgwmqh15kqpdwvd91ok1rs00
05-18 17:48:58.361 E/Cataloger( 1301): syncFile:/storage/emulated/0/Android/data/com.boco.apphall/cache/uil-images/2dw14j6zx8fuf59l70lizvt710.tmp
05-18 17:48:58.361 E/Cataloger( 1301): need not sync path:/storage/emulated/0/Android/data/com.boco.apphall/cache/uil-images/2dw14j6zx8fuf59l70lizvt710.tmp
05-18 17:48:58.371 E/Cataloger( 1301): syncFile:/storage/emulated/0/Android/data/com.boco.apphall/cache/uil-images/2dw14j6zx8fuf59l70lizvt710.tmp
05-18 17:48:58.371 E/Cataloger( 1301): need not sync path:/storage/emulated/0/Android/data/com.boco.apphall/cache/uil-images/2dw14j6zx8fuf59l70lizvt710.tmp
05-18 17:48:58.371 E/Cataloger( 1301): syncFile:/storage/emulated/0/Android/data/com.boco.apphall/cache/uil-images/5252683xnrtcrm7o65y7uirsl0.tmp
05-18 17:48:58.371 E/Cataloger( 1301): need not sync path:/storage/emulated/0/Android/data/com.boco.apphall/cache/uil-images/5252683xnrtcrm7o65y7uirsl0.tmp
05-18 17:48:58.391 E/Cataloger( 1301): syncFile:/storage/emulated/0/Android/data/com.boco.apphall/cache/uil-images/5252683xnrtcrm7o65y7uirsl0.tmp
05-18 17:48:58.391 E/Cataloger( 1301): need not sync path:/storage/emulated/0/Android/data/com.boco.apphall/cache/uil-images/5252683xnrtcrm7o65y7uirsl0.tmp
05-18 17:48:58.391 E/Cataloger( 1301): 
05-18 17:48:58.401 E/Cataloger( 1301): syncFile:/storage/emulated/0/Android/data/com.boco.apphall/cache/uil-images/2dw14j6zx8fuf59l70lizvt710
05-18 17:48:58.401 E/Cataloger( 1301): need not sync path:/storage/emulated/0/Android/data/com.boco.apphall/cache/uil-images/2dw14j6zx8fuf59l70lizvt710
05-18 17:48:58.421 E/Cataloger( 1301): 
05-18 17:48:58.431 E/Cataloger( 1301): syncFile:/storage/emulated/0/Android/data/com.boco.apphall/cache/uil-images/5252683xnrtcrm7o65y7uirsl0
05-18 17:48:58.431 E/Cataloger( 1301): need not sync path:/storage/emulated/0/Android/data/com.boco.apphall/cache/uil-images/5252683xnrtcrm7o65y7uirsl0
05-18 17:48:58.501 E/Cataloger( 1301): syncFile:/storage/emulated/0/Android/data/com.boco.apphall/cache/uil-images/5qxqvdbogs92lp9xsu05v4d050.tmp
05-18 17:48:58.501 E/Cataloger( 1301): need not sync path:/storage/emulated/0/Android/data/com.boco.apphall/cache/uil-images/5qxqvdbogs92lp9xsu05v4d050.tmp
05-18 17:48:58.511 E/Cataloger( 1301): syncFile:/storage/emulated/0/Android/data/com.boco.apphall/cache/uil-images/5qxqvdbogs92lp9xsu05v4d050.tmp
05-18 17:48:58.511 E/Cataloger( 1301): need not sync path:/storage/emulated/0/Android/data/com.boco.apphall/cache/uil-images/5qxqvdbogs92lp9xsu05v4d050.tmp
05-18 17:48:58.531 E/Cataloger( 1301): 
05-18 17:48:58.531 E/Cataloger( 1301): syncFile:/storage/emulated/0/Android/data/com.boco.apphall/cache/uil-images/5qxqvdbogs92lp9xsu05v4d050
05-18 17:48:58.531 E/Cataloger( 1301): need not sync path:/storage/emulated/0/Android/data/com.boco.apphall/cache/uil-images/5qxqvdbogs92lp9xsu05v4d050
05-18 17:48:58.571 E/Cataloger( 1301): syncFile:/storage/emulated/0/Android/data/com.boco.apphall/cache/uil-images/1yr55s6idym5vmr2kp828kc730.tmp
05-18 17:48:58.571 E/Cataloger( 1301): need not sync path:/storage/emulated/0/Android/data/com.boco.apphall/cache/uil-images/1yr55s6idym5vmr2kp828kc730.tmp
05-18 17:48:58.571 E/Cataloger( 1301): syncFile:/storage/emulated/0/Android/data/com.boco.apphall/cache/uil-images/64u2kf0bfy71nodbxsvrwaoat0.tmp
05-18 17:48:58.581 E/Cataloger( 1301): need not sync path:/storage/emulated/0/Android/data/com.boco.apphall/cache/uil-images/64u2kf0bfy71nodbxsvrwaoat0.tmp
05-18 17:48:58.581 E/Cataloger( 1301): syncFile:/storage/emulated/0/Android/data/com.boco.apphall/cache/uil-images/64u2kf0bfy71nodbxsvrwaoat0.tmp
05-18 17:48:58.581 E/Cataloger( 1301): need not sync path:/storage/emulated/0/Android/data/com.boco.apphall/cache/uil-images/64u2kf0bfy71nodbxsvrwaoat0.tmp
05-18 17:48:58.581 E/Cataloger( 1301): 
05-18 17:48:58.581 E/Cataloger( 1301): syncFile:/storage/emulated/0/Android/data/com.boco.apphall/cache/uil-images/64u2kf0bfy71nodbxsvrwaoat0
05-18 17:48:58.581 E/Cataloger( 1301): need not sync path:/storage/emulated/0/Android/data/com.boco.apphall/cache/uil-images/64u2kf0bfy71nodbxsvrwaoat0
05-18 17:48:58.591 E/Cataloger( 1301): syncFile:/storage/emulated/0/Android/data/com.boco.apphall/cache/uil-images/1yr55s6idym5vmr2kp828kc730.tmp
05-18 17:48:58.591 E/Cataloger( 1301): need not sync path:/storage/emulated/0/Android/data/com.boco.apphall/cache/uil-images/1yr55s6idym5vmr2kp828kc730.tmp
05-18 17:48:58.591 E/Cataloger( 1301): 
05-18 17:48:58.601 E/Cataloger( 1301): syncFile:/storage/emulated/0/Android/data/com.boco.apphall/cache/uil-images/1yr55s6idym5vmr2kp828kc730
05-18 17:48:58.601 E/Cataloger( 1301): need not sync path:/storage/emulated/0/Android/data/com.boco.apphall/cache/uil-images/1yr55s6idym5vmr2kp828kc730
05-18 17:48:58.631 E/Cataloger( 1301): syncFile:/storage/emulated/0/Android/data/com.boco.apphall/cache/uil-images/5qk5ab5bpi8w4etc52xne53rs0.tmp
05-18 17:48:58.631 E/Cataloger( 1301): need not sync path:/storage/emulated/0/Android/data/com.boco.apphall/cache/uil-images/5qk5ab5bpi8w4etc52xne53rs0.tmp
05-18 17:48:58.691 E/Cataloger( 1301): syncFile:/storage/emulated/0/Android/data/com.boco.apphall/cache/uil-images/5qk5ab5bpi8w4etc52xne53rs0.tmp
05-18 17:48:58.701 E/Cataloger( 1301): need not sync path:/storage/emulated/0/Android/data/com.boco.apphall/cache/uil-images/5qk5ab5bpi8w4etc52xne53rs0.tmp
05-18 17:48:58.701 E/Cataloger( 1301): 
05-18 17:48:58.701 E/Cataloger( 1301): syncFile:/storage/emulated/0/Android/data/com.boco.apphall/cache/uil-images/5qk5ab5bpi8w4etc52xne53rs0
05-18 17:48:58.701 E/Cataloger( 1301): need not sync path:/storage/emulated/0/Android/data/com.boco.apphall/cache/uil-images/5qk5ab5bpi8w4etc52xne53rs0
05-18 17:48:58.751 E/GPSManager( 6930): Location changed : Lat: 40.00125 Lng: 105.56358166666665
05-18 17:48:59.581 E/GPSManager( 6930): Location changed : Lat: 40.00125 Lng: 105.56358166666665
05-18 17:49:00.571 E/GPSManager( 6930): Location changed : Lat: 40.00125 Lng: 105.56358166666665
05-18 17:49:01.571 E/GPSManager( 6930): Location changed : Lat: 40.00125 Lng: 105.56358166666665
05-18 17:49:02.571 E/GPSManager( 6930): Location changed : Lat: 40.00125 Lng: 105.56358166666665
05-18 17:49:03.911 E/Cataloger( 1301): syncFile:/storage/emulated/0/Android/data/com.boco.apphall/cache/uil-images/57gbxefr6ynwpq4ho1je8qmfo0.tmp
05-18 17:49:03.911 E/Cataloger( 1301): need not sync path:/storage/emulated/0/Android/data/com.boco.apphall/cache/uil-images/57gbxefr6ynwpq4ho1je8qmfo0.tmp
05-18 17:49:03.941 E/Cataloger( 1301): syncFile:/storage/emulated/0/Android/data/com.boco.apphall/cache/uil-images/57gbxefr6ynwpq4ho1je8qmfo0.tmp
05-18 17:49:03.941 E/Cataloger( 1301): need not sync path:/storage/emulated/0/Android/data/com.boco.apphall/cache/uil-images/57gbxefr6ynwpq4ho1je8qmfo0.tmp
05-18 17:49:03.941 E/Cataloger( 1301): 
05-18 17:49:03.941 E/Cataloger( 1301): syncFile:/storage/emulated/0/Android/data/com.boco.apphall/cache/uil-images/57gbxefr6ynwpq4ho1je8qmfo0
05-18 17:49:03.941 E/Cataloger( 1301): need not sync path:/storage/emulated/0/Android/data/com.boco.apphall/cache/uil-images/57gbxefr6ynwpq4ho1je8qmfo0
05-18 17:49:04.271 E/Cataloger( 1301): syncFile:/storage/emulated/0/Android/data/com.boco.apphall/cache/uil-images/692qxwcqm0v50o6d686e2v3o30.tmp
05-18 17:49:04.271 E/Cataloger( 1301): need not sync path:/storage/emulated/0/Android/data/com.boco.apphall/cache/uil-images/692qxwcqm0v50o6d686e2v3o30.tmp
05-18 17:49:04.301 E/GPSManager( 6930): Location changed : Lat: 40.00125 Lng: 105.56358166666665
05-18 17:49:04.961 E/Cataloger( 1301): syncFile:/storage/emulated/0/Android/data/com.boco.apphall/cache/uil-images/692qxwcqm0v50o6d686e2v3o30.tmp
05-18 17:49:04.961 E/Cataloger( 1301): need not sync path:/storage/emulated/0/Android/data/com.boco.apphall/cache/uil-images/692qxwcqm0v50o6d686e2v3o30.tmp
05-18 17:49:04.971 E/Cataloger( 1301): 
05-18 17:49:04.971 E/Cataloger( 1301): syncFile:/storage/emulated/0/Android/data/com.boco.apphall/cache/uil-images/692qxwcqm0v50o6d686e2v3o30
05-18 17:49:04.971 E/Cataloger( 1301): need not sync path:/storage/emulated/0/Android/data/com.boco.apphall/cache/uil-images/692qxwcqm0v50o6d686e2v3o30
05-18 17:49:05.081 E/GPSManager( 6930): Location changed : Lat: 40.00125 Lng: 105.56358166666665
05-18 17:49:06.091 E/GPSManager( 6930): Location changed : Lat: 40.00125 Lng: 105.56358166666665
05-18 17:49:06.951 E/Cataloger( 1301): syncFile:/storage/emulated/0/appHall_guangxi_folder/download/1495100946670ZteAndrProjZq5.0.apk
05-18 17:49:06.951 E/Cataloger( 1301): syncFile:/storage/emulated/0/appHall_guangxi_folder/download/1495100946670ZteAndrProjZq5.0.apk
05-18 17:49:07.081 E/GPSManager( 6930): Location changed : Lat: 40.00125 Lng: 105.56358166666665
05-18 17:49:08.081 E/GPSManager( 6930): Location changed : Lat: 40.00125 Lng: 105.56358166666665
05-18 17:49:09.141 E/GPSManager( 6930): Location changed : Lat: 40.00125 Lng: 105.56358166666665
05-18 17:49:10.091 E/GPSManager( 6930): Location changed : Lat: 40.00125 Lng: 105.56358166666665
05-18 17:49:11.141 E/GPSManager( 6930): Location changed : Lat: 40.00125 Lng: 105.56358166666665
05-18 17:49:12.101 E/GPSManager( 6930): Location changed : Lat: 40.00125 Lng: 105.56358166666665
05-18 17:49:13.101 E/GPSManager( 6930): Location changed : Lat: 40.00125 Lng: 105.56358166666665
05-18 17:49:14.121 E/GPSManager( 6930): Location changed : Lat: 40.00125 Lng: 105.56358166666665
05-18 17:49:15.141 E/GPSManager( 6930): Location changed : Lat: 40.00125 Lng: 105.56358166666665
05-18 17:49:16.111 E/GPSManager( 6930): Location changed : Lat: 40.00125 Lng: 105.56358166666665
05-18 17:49:17.111 E/GPSManager( 6930): Location changed : Lat: 40.00125 Lng: 105.56358166666665
05-18 17:49:18.131 E/GPSManager( 6930): Location changed : Lat: 40.00125 Lng: 105.56358166666665
05-18 17:49:19.121 E/GPSManager( 6930): Location changed : Lat: 40.00125 Lng: 105.56358166666665
05-18 17:49:20.121 E/GPSManager( 6930): Location changed : Lat: 40.00125 Lng: 105.56358166666665
05-18 17:49:21.121 E/GPSManager( 6930): Location changed : Lat: 40.00125 Lng: 105.56358166666665
05-18 17:49:22.131 E/GPSManager( 6930): Location changed : Lat: 40.00125 Lng: 105.56358166666665
05-18 17:49:23.131 E/GPSManager( 6930): Location changed : Lat: 40.00125 Lng: 105.56358166666665
05-18 17:49:24.131 E/GPSManager( 6930): Location changed : Lat: 40.00125 Lng: 105.56358166666665
05-18 17:49:25.131 E/GPSManager( 6930): Location changed : Lat: 40.00125 Lng: 105.56358166666665
05-18 17:49:26.221 E/GPSManager( 6930): Location changed : Lat: 40.00125 Lng: 105.56358166666665
05-18 17:49:27.141 E/GPSManager( 6930): Location changed : Lat: 40.00125 Lng: 105.56358166666665
05-18 17:49:28.141 E/GPSManager( 6930): Location changed : Lat: 40.00125 Lng: 105.56358166666665
05-18 17:49:29.151 E/GPSManager( 6930): Location changed : Lat: 40.00125 Lng: 105.56358166666665
05-18 17:49:30.151 E/GPSManager( 6930): Location changed : Lat: 40.00125 Lng: 105.56358166666665
05-18 17:49:31.201 E/GPSManager( 6930): Location changed : Lat: 40.00125 Lng: 105.56358166666665
05-18 17:49:32.201 E/GPSManager( 6930): Location changed : Lat: 40.00125 Lng: 105.56358166666665
05-18 17:49:33.161 E/GPSManager( 6930): Location changed : Lat: 40.00125 Lng: 105.56358166666665
05-18 17:49:34.191 E/GPSManager( 6930): Location changed : Lat: 40.00125 Lng: 105.56358166666665
05-18 17:49:35.171 E/GPSManager( 6930): Location changed : Lat: 40.00125 Lng: 105.56358166666665
05-18 17:49:36.231 E/GPSManager( 6930): Location changed : Lat: 40.00125 Lng: 105.56358166666665
05-18 17:49:37.171 E/GPSManager( 6930): Location changed : Lat: 40.00125 Lng: 105.56358166666665
05-18 17:49:38.171 E/GPSManager( 6930): Location changed : Lat: 40.00125 Lng: 105.56358166666665
05-18 17:49:39.261 E/GPSManager( 6930): Location changed : Lat: 40.00125 Lng: 105.56358166666665
05-18 17:49:40.181 E/GPSManager( 6930): Location changed : Lat: 40.00125 Lng: 105.56358166666665
05-18 17:49:41.251 E/GPSManager( 6930): Location changed : Lat: 40.00125 Lng: 105.56358166666665
05-18 17:49:42.181 E/GPSManager( 6930): Location changed : Lat: 40.00125 Lng: 105.56358166666665
05-18 17:49:43.181 E/GPSManager( 6930): Location changed : Lat: 40.00125 Lng: 105.56358166666665
05-18 17:49:44.201 E/GPSManager( 6930): Location changed : Lat: 40.00125 Lng: 105.56358166666665
05-18 17:49:45.191 E/GPSManager( 6930): Location changed : Lat: 40.00125 Lng: 105.56358166666665
05-18 17:49:46.191 E/GPSManager( 6930): Location changed : Lat: 40.00125 Lng: 105.56358166666665
05-18 17:49:47.191 E/GPSManager( 6930): Location changed : Lat: 40.00125 Lng: 105.56358166666665
05-18 17:49:48.191 E/GPSManager( 6930): Location changed : Lat: 40.00125 Lng: 105.56358166666665
05-18 17:49:49.191 E/GPSManager( 6930): Location changed : Lat: 40.00125 Lng: 105.56358166666665
05-18 17:49:50.201 E/GPSManager( 6930): Location changed : Lat: 40.00125 Lng: 105.56358166666665
05-18 17:49:51.231 E/GPSManager( 6930): Location changed : Lat: 40.00125 Lng: 105.56358166666665
05-18 17:49:52.201 E/GPSManager( 6930): Location changed : Lat: 40.00125 Lng: 105.56358166666665
05-18 17:49:53.201 E/GPSManager( 6930): Location changed : Lat: 40.00125 Lng: 105.56358166666665
05-18 17:49:54.201 E/GPSManager( 6930): Location changed : Lat: 40.00125 Lng: 105.56358166666665
05-18 17:49:55.221 E/GPSManager( 6930): Location changed : Lat: 40.00125 Lng: 105.56358166666665
05-18 17:49:56.211 E/GPSManager( 6930): Location changed : Lat: 40.00125 Lng: 105.56358166666665
05-18 17:49:57.211 E/GPSManager( 6930): Location changed : Lat: 40.00125 Lng: 105.56358166666665
05-18 17:49:58.211 E/GPSManager( 6930): Location changed : Lat: 40.00125 Lng: 105.56358166666665
05-18 17:49:59.221 E/GPSManager( 6930): Location changed : Lat: 40.00125 Lng: 105.56358166666665
05-18 17:50:00.261 E/GPSManager( 6930): Location changed : Lat: 40.00125 Lng: 105.56358166666665
05-18 17:50:01.041 E/Cataloger( 1301): syncFile:/storage/emulated/0/appHall_guangxi_folder/download/1495100946670ZteAndrProjZq5.0.apk
05-18 17:50:01.231 E/GPSManager( 6930): Location changed : Lat: 40.00125 Lng: 105.56358166666665
05-18 17:50:02.051 E/QueryController( 7237): Got null root node from accessibility - Retrying...
05-18 17:50:02.221 E/GPSManager( 6930): Location changed : Lat: 40.00125 Lng: 105.56358166666665
05-18 17:50:02.441 E/AccessibilityNodeInfoCache( 7237): Node from: 174 not from:171 android.view.accessibility.AccessibilityNodeInfo@809b3; boundsInParent: Rect(0, 0 - 900, 944); boundsInScreen: Rect(0, 398 - 900, 1342); packageName: com.android.packageinstaller; className: android.support.v4.view.ViewPager; text: null; contentDescription: null; viewIdResName: com.android.packageinstaller:id/pager; checkable: false; checked: false; focusable: true; focused: false; selected: false; clickable: false; longClickable: false; enabled: true; password: false; scrollable: true; [ACTION_FOCUS, ACTION_SELECT, ACTION_CLEAR_SELECTION, ACTION_ACCESSIBILITY_FOCUS, ACTION_SCROLL_FORWARD]
05-18 17:50:02.441 E/AccessibilityNodeInfoCache( 7237): Node from: 174 not from:171 android.view.accessibility.AccessibilityNodeInfo@80d74; boundsInParent: Rect(0, 0 - 900, 1440); boundsInScreen: Rect(0, 0 - 900, 1440); packageName: com.android.packageinstaller; className: android.widget.FrameLayout; text: null; contentDescription: null; viewIdResName: null; checkable: false; checked: false; focusable: false; focused: false; selected: false; clickable: false; longClickable: false; enabled: true; password: false; scrollable: false; [ACTION_SELECT, ACTION_CLEAR_SELECTION, ACTION_ACCESSIBILITY_FOCUS]
05-18 17:50:02.441 E/AccessibilityNodeInfoCache( 7237): Node from: 174 not from:171 android.view.accessibility.AccessibilityNodeInfo@81135; boundsInParent: Rect(0, 0 - 836, 64); boundsInScreen: Rect(932, 1875 - 1768, 1939); packageName: com.android.packageinstaller; className: android.widget.TextView; text: ; contentDescription: null; viewIdResName: null; checkable: false; checked: false; focusable: false; focused: false; selected: false; clickable: false; longClickable: false; enabled: true; password: false; scrollable: false; [ACTION_SELECT, ACTION_CLEAR_SELECTION, ACTION_ACCESSIBILITY_FOCUS, ACTION_NEXT_AT_MOVEMENT_GRANULARITY, ACTION_PREVIOUS_AT_MOVEMENT_GRANULARITY, ACTION_SET_SELECTION]
05-18 17:50:02.441 E/AccessibilityNodeInfoCache( 7237): Node from: 174 not from:171 android.view.accessibility.AccessibilityNodeInfo@814f6; boundsInParent: Rect(524200, 0 - 524440, 65); boundsInScreen: Rect(112, 94 - 352, 159); packageName: com.android.packageinstaller; className: android.widget.TextView; text: ; contentDescription: null; viewIdResName: com.android.packageinstaller:id/app_name; checkable: false; checked: false; focusable: false; focused: false; selected: false; clickable: false; longClickable: false; enabled: true; password: false; scrollable: false; [ACTION_SELECT, ACTION_CLEAR_SELECTION, ACTION_ACCESSIBILITY_FOCUS, ACTION_NEXT_AT_MOVEMENT_GRANULARITY, ACTION_PREVIOUS_AT_MOVEMENT_GRANULARITY, ACTION_SET_SELECTION]
05-18 17:50:02.441 E/AccessibilityNodeInfoCache( 7237): Node from: 174 not from:171 android.view.accessibility.AccessibilityNodeInfo@818b7; boundsInParent: Rect(0, 0 - 900, 99); boundsInScreen: Rect(0, 203 - 900, 302); packageName: com.android.packageinstaller; className: android.widget.TextView; text: ; contentDescription: null; viewIdResName: com.android.packageinstaller:id/install_confirm_question; checkable: false; checked: false; focusable: false; focused: false; selected: false; clickable: false; longClickable: false; enabled: true; password: false; scrollable: false; [ACTION_SELECT, ACTION_CLEAR_SELECTION, ACTION_ACCESSIBILITY_FOCUS, ACTION_NEXT_AT_MOVEMENT_GRANULARITY, ACTION_PREVIOUS_AT_MOVEMENT_GRANULARITY, ACTION_SET_SELECTION]
05-18 17:50:02.441 E/AccessibilityNodeInfoCache( 7237): Node from: 174 not from:171 android.view.accessibility.AccessibilityNodeInfo@81c78; boundsInParent: Rect(0, 0 - 449, 96); boundsInScreen: Rect(0, 1344 - 449, 1440); packageName: com.android.packageinstaller; className: android.widget.Button; text: ; contentDescription: null; viewIdResName: com.android.packageinstaller:id/cancel_button; checkable: false; checked: false; focusable: true; focused: false; selected: false; clickable: true; longClickable: false; enabled: true; password: false; scrollable: false; [ACTION_FOCUS, ACTION_SELECT, ACTION_CLEAR_SELECTION, ACTION_CLICK, ACTION_ACCESSIBILITY_FOCUS, ACTION_NEXT_AT_MOVEMENT_GRANULARITY, ACTION_PREVIOUS_AT_MOVEMENT_GRANULARITY, ACTION_SET_SELECTION]
05-18 17:50:02.441 E/AccessibilityNodeInfoCache( 7237): Node from: 174 not from:171 android.view.accessibility.AccessibilityNodeInfo@82039; boundsInParent: Rect(0, 0 - 449, 96); boundsInScreen: Rect(451, 1344 - 900, 1440); packageName: com.android.packageinstaller; className: android.widget.Button; text: ; contentDescription: null; viewIdResName: com.android.packageinstaller:id/ok_button; checkable: false; checked: false; focusable: true; focused: false; selected: false; clickable: true; longClickable: false; enabled: true; password: false; scrollable: false; [ACTION_FOCUS, ACTION_SELECT, ACTION_CLEAR_SELECTION, ACTION_CLICK, ACTION_ACCESSIBILITY_FOCUS, ACTION_NEXT_AT_MOVEMENT_GRANULARITY, ACTION_PREVIOUS_AT_MOVEMENT_GRANULARITY, ACTION_SET_SELECTION]
05-18 17:50:02.471 E/AccessibilityNodeInfoCache( 7237): Node from: 174 not from:171 android.view.accessibility.AccessibilityNodeInfo@823fa; boundsInParent: Rect(0, 0 - 900, 944); boundsInScreen: Rect(0, 398 - 900, 1342); packageName: com.android.packageinstaller; className: android.widget.TextView; text: ; contentDescription: null; viewIdResName: null; checkable: false; checked: false; focusable: false; focused: false; selected: false; clickable: false; longClickable: false; enabled: true; password: false; scrollable: false; [ACTION_SELECT, ACTION_CLEAR_SELECTION, ACTION_ACCESSIBILITY_FOCUS, ACTION_NEXT_AT_MOVEMENT_GRANULARITY, ACTION_PREVIOUS_AT_MOVEMENT_GRANULARITY, ACTION_SET_SELECTION]
05-18 17:50:02.471 E/AccessibilityNodeInfoCache( 7237): Node from: 174 not from:171 android.view.accessibility.AccessibilityNodeInfo@827bb; boundsInParent: Rect(0, 0 - 72, 33); boundsInScreen: Rect(334, 333 - 406, 366); packageName: com.android.packageinstaller; className: android.widget.TextView; text: ; contentDescription: null; viewIdResName: android:id/title; checkable: false; checked: false; focusable: false; focused: false; selected: true; clickable: false; longClickable: false; enabled: true; password: false; scrollable: false; [ACTION_SELECT, ACTION_CLEAR_SELECTION, ACTION_ACCESSIBILITY_FOCUS, ACTION_NEXT_AT_MOVEMENT_GRANULARITY, ACTION_PREVIOUS_AT_MOVEMENT_GRANULARITY, ACTION_SET_SELECTION]
05-18 17:50:02.471 E/AccessibilityNodeInfoCache( 7237): Node from: 174 not from:171 android.view.accessibility.AccessibilityNodeInfo@82b7c; boundsInParent: Rect(0, 0 - 160, 96); boundsInScreen: Rect(290, 302 - 450, 398); packageName: com.android.packageinstaller; className: android.widget.LinearLayout; text: null; contentDescription: null; viewIdResName: null; checkable: false; checked: false; focusable: true; focused: false; selected: true; clickable: true; longClickable: false; enabled: true; password: false; scrollable: false; [ACTION_FOCUS, ACTION_SELECT, ACTION_CLEAR_SELECTION, ACTION_CLICK, ACTION_ACCESSIBILITY_FOCUS]
05-18 17:50:02.471 E/AccessibilityNodeInfoCache( 7237): Node from: 174 not from:171 android.view.accessibility.AccessibilityNodeInfo@881d3; boundsInParent: Rect(0, 0 - 224, 43); boundsInScreen: Rect(1030, 2099 - 1254, 2142); packageName: com.android.packageinstaller; className: android.widget.TextView; text: ; contentDescription: null; viewIdResName: android:id/perm_name; checkable: false; checked: false; focusable: false; focused: false; selected: false; clickable: false; longClickable: false; enabled: true; password: false; scrollable: false; [ACTION_SELECT, ACTION_CLEAR_SELECTION, ACTION_ACCESSIBILITY_FOCUS, ACTION_NEXT_AT_MOVEMENT_GRANULARITY, ACTION_PREVIOUS_AT_MOVEMENT_GRANULARITY, ACTION_SET_SELECTION]
05-18 17:50:02.471 E/AccessibilityNodeInfoCache( 7237): Node from: 174 not from:171 android.view.accessibility.AccessibilityNodeInfo@88594; boundsInParent: Rect(0, 0 - 331, 43); boundsInScreen: Rect(1030, 2163 - 1361, 2206); packageName: com.android.packageinstaller; className: android.widget.TextView; text:  WLAN ; contentDescription: null; viewIdResName: android:id/perm_name; checkable: false; checked: false; focusable: false; focused: false; selected: false; clickable: false; longClickable: false; enabled: true; password: false; scrollable: false; [ACTION_SELECT, ACTION_CLEAR_SELECTION, ACTION_ACCESSIBILITY_FOCUS, ACTION_NEXT_AT_MOVEMENT_GRANULARITY, ACTION_PREVIOUS_AT_MOVEMENT_GRANULARITY, ACTION_SET_SELECTION]
05-18 17:50:02.471 E/AccessibilityNodeInfoCache( 7237): Node from: 174 not from:171 android.view.accessibility.AccessibilityNodeInfo@89859; boundsInParent: Rect(0, 0 - 128, 43); boundsInScreen: Rect(1030, 2547 - 1158, 2590); packageName: com.android.packageinstaller; className: android.widget.TextView; text: ; contentDescription: null; viewIdResName: android:id/perm_name; checkable: false; checked: false; focusable: false; focused: false; selected: false; clickable: false; longClickable: false; enabled: true; password: false; scrollable: false; [ACTION_SELECT, ACTION_CLEAR_SELECTION, ACTION_ACCESSIBILITY_FOCUS, ACTION_NEXT_AT_MOVEMENT_GRANULARITY, ACTION_PREVIOUS_AT_MOVEMENT_GRANULARITY, ACTION_SET_SELECTION]
05-18 17:50:02.471 E/AccessibilityNodeInfoCache( 7237): Node from: 174 not from:171 android.view.accessibility.AccessibilityNodeInfo@89c1a; boundsInParent: Rect(0, 0 - 160, 43); boundsInScreen: Rect(1030, 2643 - 1190, 2686); packageName: com.android.packageinstaller; className: android.widget.TextView; text: ; contentDescription: null; viewIdResName: android:id/perm_name; checkable: false; checked: false; focusable: false; focused: false; selected: false; clickable: false; longClickable: false; enabled: true; password: false; scrollable: false; [ACTION_SELECT, ACTION_CLEAR_SELECTION, ACTION_ACCESSIBILITY_FOCUS, ACTION_NEXT_AT_MOVEMENT_GRANULARITY, ACTION_PREVIOUS_AT_MOVEMENT_GRANULARITY, ACTION_SET_SELECTION]
05-18 17:50:02.471 E/AccessibilityNodeInfoCache( 7237): Node from: 174 not from:171 android.view.accessibility.AccessibilityNodeInfo@8aedf; boundsInParent: Rect(0, 0 - 48, 33); boundsInScreen: Rect(508, 333 - 556, 366); packageName: com.android.packageinstaller; className: android.widget.TextView; text: ; contentDescription: null; viewIdResName: android:id/title; checkable: false; checked: false; focusable: false; focused: false; selected: false; clickable: false; longClickable: false; enabled: true; password: false; scrollable: false; [ACTION_SELECT, ACTION_CLEAR_SELECTION, ACTION_ACCESSIBILITY_FOCUS, ACTION_NEXT_AT_MOVEMENT_GRANULARITY, ACTION_PREVIOUS_AT_MOVEMENT_GRANULARITY, ACTION_SET_SELECTION]
05-18 17:50:02.471 E/AccessibilityNodeInfoCache( 7237): Node from: 174 not from:171 android.view.accessibility.AccessibilityNodeInfo@8b2a0; boundsInParent: Rect(0, 0 - 160, 96); boundsInScreen: Rect(452, 302 - 612, 398); packageName: com.android.packageinstaller; className: android.widget.LinearLayout; text: null; contentDescription: null; viewIdResName: null; checkable: false; checked: false; focusable: true; focused: false; selected: false; clickable: true; longClickable: false; enabled: true; password: false; scrollable: false; [ACTION_FOCUS, ACTION_SELECT, ACTION_CLEAR_SELECTION, ACTION_CLICK, ACTION_ACCESSIBILITY_FOCUS]
05-18 17:50:02.471 E/AccessibilityNodeInfoCache( 7237): Node from: 174 not from:171 android.view.accessibility.AccessibilityNodeInfo@8b661; boundsInParent: Rect(0, 0 - 900, 1440); boundsInScreen: Rect(0, 0 - 900, 1440); packageName: com.android.packageinstaller; className: android.widget.LinearLayout; text: null; contentDescription: null; viewIdResName: null; checkable: false; checked: false; focusable: false; focused: false; selected: false; clickable: false; longClickable: false; enabled: true; password: false; scrollable: false; [ACTION_SELECT, ACTION_CLEAR_SELECTION, ACTION_ACCESSIBILITY_FOCUS]
05-18 17:50:02.471 E/AccessibilityNodeInfoCache( 7237): Node from: 174 not from:171 android.view.accessibility.AccessibilityNodeInfo@8ba22; boundsInParent: Rect(0, 0 - 900, 1390); boundsInScreen: Rect(0, 50 - 900, 1440); packageName: com.android.packageinstaller; className: android.widget.FrameLayout; text: null; contentDescription: null; viewIdResName: android:id/content; checkable: false; checked: false; focusable: false; focused: false; selected: false; clickable: false; longClickable: false; enabled: true; password: false; scrollable: false; [ACTION_SELECT, ACTION_CLEAR_SELECTION, ACTION_ACCESSIBILITY_FOCUS]
05-18 17:50:02.471 E/AccessibilityNodeInfoCache( 7237): Node from: 174 not from:171 android.view.accessibility.AccessibilityNodeInfo@8bde3; boundsInParent: Rect(0, 0 - 900, 1390); boundsInScreen: Rect(0, 50 - 900, 1440); packageName: com.android.packageinstaller; className: android.widget.RelativeLayout; text: null; contentDescription: null; viewIdResName: null; checkable: false; checked: false; focusable: false; focused: false; selected: false; clickable: false; longClickable: false; enabled: true; password: false; scrollable: false; [ACTION_SELECT, ACTION_CLEAR_SELECTION, ACTION_ACCESSIBILITY_FOCUS]
05-18 17:50:02.471 E/AccessibilityNodeInfoCache( 7237): Node from: 174 not from:171 android.view.accessibility.AccessibilityNodeInfo@8c1a4; boundsInParent: Rect(0, 0 - 900, 153); boundsInScreen: Rect(0, 50 - 900, 203); packageName: com.android.packageinstaller; className: android.widget.RelativeLayout; text: null; contentDescription: null; viewIdResName: com.android.packageinstaller:id/app_snippet; checkable: false; checked: false; focusable: false; focused: false; selected: false; clickable: false; longClickable: false; enabled: true; password: false; scrollable: false; [ACTION_SELECT, ACTION_CLEAR_SELECTION, ACTION_ACCESSIBILITY_FOCUS]
05-18 17:50:02.471 E/AccessibilityNodeInfoCache( 7237): Node from: 174 not from:171 android.view.accessibility.AccessibilityNodeInfo@8c565; boundsInParent: Rect(0, 0 - 900, 1237); boundsInScreen: Rect(0, 203 - 900, 1440); packageName: com.android.packageinstaller; className: android.widget.LinearLayout; text: null; contentDescription: null; viewIdResName: com.android.packageinstaller:id/install_confirm_panel; checkable: false; checked: false; focusable: false; focused: false; selected: false; clickable: false; longClickable: false; enabled: true; password: false; scrollable: false; [ACTION_SELECT, ACTION_CLEAR_SELECTION, ACTION_ACCESSIBILITY_FOCUS]
05-18 17:50:02.471 E/AccessibilityNodeInfoCache( 7237): Node from: 174 not from:171 android.view.accessibility.AccessibilityNodeInfo@8c926; boundsInParent: Rect(0, 0 - 64, 64); boundsInScreen: Rect(48, 98 - 112, 162); packageName: com.android.packageinstaller; className: android.widget.ImageView; text: null; contentDescription: null; viewIdResName: com.android.packageinstaller:id/app_icon; checkable: false; checked: false; focusable: false; focused: false; selected: false; clickable: false; longClickable: false; enabled: true; password: false; scrollable: false; [ACTION_SELECT, ACTION_CLEAR_SELECTION, ACTION_ACCESSIBILITY_FOCUS]
05-18 17:50:02.471 E/AccessibilityNodeInfoCache( 7237): Node from: 174 not from:171 android.view.accessibility.AccessibilityNodeInfo@8cce7; boundsInParent: Rect(0, 0 - 836, 40); boundsInScreen: Rect(32, 163 - 868, 203); packageName: com.android.packageinstaller; className: android.widget.FrameLayout; text: null; contentDescription: null; viewIdResName: com.android.packageinstaller:id/top_divider; checkable: false; checked: false; focusable: false; focused: false; selected: false; clickable: false; longClickable: false; enabled: true; password: false; scrollable: false; [ACTION_SELECT, ACTION_CLEAR_SELECTION, ACTION_ACCESSIBILITY_FOCUS]
05-18 17:50:02.471 E/AccessibilityNodeInfoCache( 7237): Node from: 174 not from:171 android.view.accessibility.AccessibilityNodeInfo@8d0a8; boundsInParent: Rect(0, 0 - 900, 1040); boundsInScreen: Rect(0, 302 - 900, 1342); packageName: com.android.packageinstaller; className: android.widget.TabHost; text: null; contentDescription: null; viewIdResName: android:id/tabhost; checkable: false; checked: false; focusable: true; focused: true; selected: false; clickable: false; longClickable: false; enabled: true; password: false; scrollable: false; [ACTION_CLEAR_FOCUS, ACTION_SELECT, ACTION_CLEAR_SELECTION, ACTION_ACCESSIBILITY_FOCUS]
05-18 17:50:02.471 E/AccessibilityNodeInfoCache( 7237): Node from: 174 not from:171 android.view.accessibility.AccessibilityNodeInfo@8d469; boundsInParent: Rect(0, 0 - 900, 98); boundsInScreen: Rect(0, 1342 - 900, 1440); packageName: com.android.packageinstaller; className: android.widget.LinearLayout; text: null; contentDescription: null; viewIdResName: null; checkable: false; checked: false; focusable: false; focused: false; selected: false; clickable: false; longClickable: false; enabled: true; password: false; scrollable: false; [ACTION_SELECT, ACTION_CLEAR_SELECTION, ACTION_ACCESSIBILITY_FOCUS]
