--------- beginning of /dev/log/system
--------- beginning of /dev/log/main
05-23 13:35:59.990 E/ConsumerIrService(  481): Can't open consumer IR HW Module, error: -2
05-23 13:35:59.990 E/libsuspend(  481): Error opening /sys/power/autosleep: No such file or directory
05-23 13:35:59.990 E/libsuspend(  481): Error opening /sys/power/wakeup_count: Permission denied
05-23 13:35:59.990 E/libsuspend(  481): failed to initialize autosuspend
05-23 13:36:00.030 E/EventHub(  481): could not get driver version for /dev/input/mouse4, Not a typewriter
05-23 13:36:00.080 E/EventHub(  481): could not get driver version for /dev/input/mouse3, Not a typewriter
05-23 13:36:00.100 E/EventHub(  481): could not get driver version for /dev/input/mouse2, Not a typewriter
05-23 13:36:00.130 E/EventHub(  481): could not get driver version for /dev/input/mouse0, Not a typewriter
05-23 13:36:00.140 E/ConnectivityService(  481): Ignoring protectedNetwork 10
05-23 13:36:00.140 E/ConnectivityService(  481): Ignoring protectedNetwork 11
05-23 13:36:00.140 E/ConnectivityService(  481): Ignoring protectedNetwork 12
05-23 13:36:00.140 E/ConnectivityService(  481): Ignoring protectedNetwork 14
05-23 13:36:00.140 E/MobileDataStateTracker(  481): default: Ignoring feature request because could not acquire PhoneService
05-23 13:36:00.140 E/MobileDataStateTracker(  481): default: Could not enable APN type "default"
05-23 13:36:00.170 E/EventHub(  481): could not get driver version for /dev/input/mice, Not a typewriter
05-23 13:36:00.310 E/EventHub(  481): could not get driver version for /dev/input/mouse1, Not a typewriter
05-23 13:36:00.410 E/EGL_emulation(  481): egl: destroying current context refused
05-23 13:36:00.500 E/libsuspend(  481): Error opening /sys/power/autosleep: No such file or directory
05-23 13:36:00.500 E/libsuspend(  481): Error opening /sys/power/wakeup_count: Permission denied
05-23 13:36:00.500 E/libsuspend(  481): failed to initialize autosuspend
05-23 13:36:00.650 E/WVMExtractor(  165): Failed to open libwvm.so
05-23 13:36:00.660 E/cutils-trace(  165): Error opening trace file: No such file or directory (2)
05-23 13:36:00.830 E/WifiStateMachine(  481): Failed to reload STA firmware java.lang.IllegalArgumentException: command '2 softap fwreload eth1 STA' failed with '501 2 SoftAP command has failed'
05-23 13:36:00.900 E/Netd    (  158): Failed to open /proc/sys/net/ipv6/conf/eth1/use_tempaddr: No such file or directory
05-23 13:36:00.900 E/WifiStateMachine(  481): Unable to change interface settings: java.lang.IllegalStateException: command '6 interface ipv6privacyextensions eth1 enable' failed with '400 6 Failed to set ipv6 privacy extensions (No such file or directory)'
05-23 13:36:00.950 E/WifiHW  (  481): Unable to open connection to supplicant on "@android:wpa_eth1": No such file or directory
05-23 13:36:01.090 E/BandwidthController(  158): runIptablesCmd(): res=1 status=256 failed /system/bin/iptables -I bw_INPUT -m quota2 ! --quota 2097152 --name globalAlert
05-23 13:36:01.090 E/BandwidthController(  158): runIptablesCmd(): res=1 status=256 failed /system/bin/ip6tables -I bw_INPUT -m quota2 ! --quota 2097152 --name globalAlert
05-23 13:36:01.100 E/BandwidthController(  158): runIptablesCmd(): res=1 status=256 failed /system/bin/iptables -I bw_OUTPUT -m quota2 ! --quota 2097152 --name globalAlert
05-23 13:36:01.100 E/BandwidthController(  158): runIptablesCmd(): res=1 status=256 failed /system/bin/ip6tables -I bw_OUTPUT -m quota2 ! --quota 2097152 --name globalAlert
05-23 13:36:01.120 E/BluetoothInputDevice(  613): Could not bind to Bluetooth HID Service with Intent { act=android.bluetooth.IBluetoothInputDevice }
05-23 13:36:01.130 E/BluetoothPan(  613): Could not bind to Bluetooth Pan Service with Intent { act=android.bluetooth.IBluetoothPan }
05-23 13:36:01.130 E/BluetoothMap(  613): Could not bind to Bluetooth MAP Service with Intent { act=android.bluetooth.IBluetoothMap }
05-23 13:36:01.140 E/BluetoothPbap(  613): Could not bind to Bluetooth Pbap Service with Intent { act=android.bluetooth.IBluetoothPbap }
05-23 13:36:01.210 E/LocationManagerService(  481): no geocoder provider found
05-23 13:36:01.220 E/FlpHardwareProvider(  481): Error hw_get_module 'flp': -2
05-23 13:36:01.220 E/FlpHardwareProvider(  481): Error hw_get_module 'flp': -2
05-23 13:36:01.220 E/LocationManagerService(  481): No FusedProvider found.
05-23 13:36:01.220 E/LocationManagerService(  481): no geofence provider found
05-23 13:36:01.630 E/BluetoothHeadset(  676): Could not bind to Bluetooth Headset Service with Intent { act=android.bluetooth.IBluetoothHeadset }
05-23 13:36:01.630 E/BluetoothHeadset(  676): Could not bind to Bluetooth Headset Service with Intent { act=android.bluetooth.IBluetoothHeadset }
05-23 13:36:01.740 E/BluetoothHeadset(  676): Could not bind to Bluetooth Headset Service with Intent { act=android.bluetooth.IBluetoothHeadset }
05-23 13:36:01.740 E/BluetoothPhoneService(  676): Could not get a handle on Connection object for the call
05-23 13:36:01.830 E/SA.AnalyticsMessages(  688): Failed to get vtrack configure from SensorsAnalaytics.
05-23 13:36:01.930 E/dalvikvm(  657): Could not find class 'javax.net.ssl.SNIHostName', referenced from method com.google.android.gms.org.conscrypt.Platform.getSSLParameters
05-23 13:36:01.930 E/dalvikvm(  657): Could not find class 'javax.net.ssl.SNIServerName', referenced from method com.google.android.gms.org.conscrypt.Platform.setSSLParameters
05-23 13:36:01.930 E/dalvikvm(  657): Could not find class 'com.google.android.gms.org.conscrypt.OpenSSLExtendedSessionImpl', referenced from method com.google.android.gms.org.conscrypt.Platform.wrapSSLSession
05-23 13:36:01.980 E/dalvikvm(  657): Could not find class 'com.google.android.gms.org.conscrypt.OpenSSLExtendedSessionImpl', referenced from method com.google.android.gms.org.conscrypt.SSLParametersImpl.getSessionToReuse
05-23 13:36:02.350 E/WifiConfigStore(  481): Error parsing configurationjava.io.FileNotFoundException: /data/misc/wifi/ipconfig.txt: open failed: ENOENT (No such file or directory)
05-23 13:36:02.360 E/WifiStateMachine(  481): Failed to set country code CN
05-23 13:36:02.360 E/WifiStateMachine(  481): Failed to set frequency band 0
05-23 13:36:02.380 E/WifiStateMachine(  481): Unexpected BatchedScanResults :null
05-23 13:36:02.860 E/WifiStateMachine(  481): Failed to set country code CN
05-23 13:36:02.980 E/dalvikvm(  657): Could not find class 'android.app.ActivityManager$TaskDescription', referenced from method txi.a
05-23 13:36:03.090 E/memtrack(  742): Couldn't load memtrack module (No such file or directory)
05-23 13:36:03.090 E/android.os.Debug(  742): failed to load memtrack module: -2
05-23 13:36:03.220 E/cutils-trace(  742): Error opening trace file: No such file or directory (2)
05-23 13:36:03.430 E/memtrack(  764): Couldn't load memtrack module (No such file or directory)
05-23 13:36:03.430 E/android.os.Debug(  764): failed to load memtrack module: -2
05-23 13:36:03.450 E/memtrack(  777): Couldn't load memtrack module (No such file or directory)
05-23 13:36:03.450 E/android.os.Debug(  777): failed to load memtrack module: -2
05-23 13:36:03.510 E/cutils-trace(  777): Error opening trace file: No such file or directory (2)
05-23 13:36:03.510 E/cutils-trace(  764): Error opening trace file: No such file or directory (2)
05-23 13:36:03.540 E/dalvikvm(  657): Could not find class 'jgj', referenced from method jgi.a
05-23 13:36:03.620 E/ConnectivityService(  481): Unexpected mtu value: android.net.wifi.WifiStateTracker@4a8e1804
05-23 13:36:03.690 E/WifiStateMachine(  481): Failed to set country code CN
05-23 13:36:03.760 E/memtrack(  800): Couldn't load memtrack module (No such file or directory)
05-23 13:36:03.760 E/android.os.Debug(  800): failed to load memtrack module: -2
05-23 13:36:03.860 E/cutils-trace(  800): Error opening trace file: No such file or directory (2)
05-23 13:36:03.990 E/memtrack(  847): Couldn't load memtrack module (No such file or directory)
05-23 13:36:03.990 E/android.os.Debug(  847): failed to load memtrack module: -2
05-23 13:36:04.010 E/BandwidthController(  158): Updating quota globalAlert failed (No such file or directory)
05-23 13:36:04.060 E/cutils-trace(  847): Error opening trace file: No such file or directory (2)
05-23 13:36:04.060 E/dalvikvm(  657): Could not find class 'jqk', referenced from method jqi.a
05-23 13:36:04.120 E/dalvikvm(  657): Could not find class 'aiem', referenced from method aita.<init>
05-23 13:36:04.120 E/TelephonyProvider(  676): Failed setting numeric '460075' to the current operator
05-23 13:36:04.140 E/dalvikvm(  657): Could not find class 'aiqs', referenced from method aiqu.a
05-23 13:36:04.140 E/dalvikvm(  657): Could not find class 'android.app.AlarmManager$OnAlarmListener', referenced from method aiqu.a
05-23 13:36:04.390 E/dalvikvm(  980): Could not find class 'javax.net.ssl.SNIHostName', referenced from method com.google.android.gms.org.conscrypt.Platform.getSSLParameters
05-23 13:36:04.390 E/dalvikvm(  980): Could not find class 'javax.net.ssl.SNIServerName', referenced from method com.google.android.gms.org.conscrypt.Platform.setSSLParameters
05-23 13:36:04.390 E/dalvikvm(  980): Could not find class 'com.google.android.gms.org.conscrypt.OpenSSLExtendedSessionImpl', referenced from method com.google.android.gms.org.conscrypt.Platform.wrapSSLSession
05-23 13:36:04.450 E/dalvikvm(  980): Could not find class 'com.google.android.gms.org.conscrypt.OpenSSLExtendedSessionImpl', referenced from method com.google.android.gms.org.conscrypt.SSLParametersImpl.getSessionToReuse
05-23 13:36:04.490 E/dalvikvm(  657): Could not find class 'android.bluetooth.le.AdvertiseSettings$Builder', referenced from method aqrk.a
05-23 13:36:04.820 E/memtrack(  982): Couldn't load memtrack module (No such file or directory)
05-23 13:36:04.820 E/android.os.Debug(  982): failed to load memtrack module: -2
05-23 13:36:04.870 E/cutils-trace(  982): Error opening trace file: No such file or directory (2)
05-23 13:36:04.880 E/dalvikvm(  816): Could not find class 'com.google.android.finsky.hygiene.HygieneJobService', referenced from method com.google.android.finsky.dailyhygiene.DailyHygiene.a
05-23 13:36:04.880 E/dalvikvm(  816): Could not find class 'com.google.android.finsky.services.MaintenanceWindowJobService', referenced from method com.google.android.finsky.dailyhygiene.DailyHygiene.g
05-23 13:36:04.930 E/dalvikvm(  657): Could not find class 'android.app.usage.UsageStatsManager', referenced from method ugw.a
05-23 13:36:05.030 E/dalvikvm(  657): Could not find class 'android.app.usage.UsageStatsManager', referenced from method com.google.android.gms.wearable.service.WearableChimeraService.onCreate
05-23 13:36:05.040 E/dalvikvm(  657): Could not find class 'android.telecom.TelecomManager', referenced from method afwv.a
05-23 13:36:05.060 E/Finsky  (  816): [1] com.google.android.finsky.wear.bl.a(847): onConnectionFailed: ConnectionResult{statusCode=API_UNAVAILABLE, resolution=null, message=null}
05-23 13:36:05.110 E/dalvikvm(  719): Could not find class 'javax.net.ssl.SNIHostName', referenced from method com.google.android.gms.org.conscrypt.Platform.getSSLParameters
05-23 13:36:05.110 E/dalvikvm(  719): Could not find class 'javax.net.ssl.SNIServerName', referenced from method com.google.android.gms.org.conscrypt.Platform.setSSLParameters
05-23 13:36:05.120 E/dalvikvm(  719): Could not find class 'com.google.android.gms.org.conscrypt.OpenSSLExtendedSessionImpl', referenced from method com.google.android.gms.org.conscrypt.Platform.wrapSSLSession
05-23 13:36:05.140 E/dalvikvm(  719): Could not find class 'com.google.android.gms.org.conscrypt.OpenSSLExtendedSessionImpl', referenced from method com.google.android.gms.org.conscrypt.SSLParametersImpl.getSessionToReuse
05-23 13:36:05.420 E/GCoreUlr(  657): Bad errorId configuring silent feedback
05-23 13:36:05.460 E/GCoreUlr(  657): Bad errorId configuring silent feedback
05-23 13:36:07.857 E/RemotePrintSpooler(  481): Error removing obsolete print jobs .
05-23 13:36:07.857 E/RemotePrintSpooler(  481): java.util.concurrent.TimeoutException: Cannot get spooler!
05-23 13:36:07.857 E/RemotePrintSpooler(  481): 	at com.android.server.print.RemotePrintSpooler.bindLocked(RemotePrintSpooler.java:376)
05-23 13:36:07.857 E/RemotePrintSpooler(  481): 	at com.android.server.print.RemotePrintSpooler.getRemoteInstanceLazy(RemotePrintSpooler.java:352)
05-23 13:36:07.857 E/RemotePrintSpooler(  481): 	at com.android.server.print.RemotePrintSpooler.removeObsoletePrintJobs(RemotePrintSpooler.java:287)
05-23 13:36:07.857 E/RemotePrintSpooler(  481): 	at com.android.server.print.UserState.removeObsoletePrintJobs(UserState.java:163)
05-23 13:36:07.857 E/RemotePrintSpooler(  481): 	at com.android.server.print.PrintManagerService$1.run(PrintManagerService.java:94)
05-23 13:36:07.857 E/RemotePrintSpooler(  481): 	at android.os.Handler.handleCallback(Handler.java:733)
05-23 13:36:07.857 E/RemotePrintSpooler(  481): 	at android.os.Handler.dispatchMessage(Handler.java:95)
05-23 13:36:07.857 E/RemotePrintSpooler(  481): 	at android.os.Looper.loop(Looper.java:136)
05-23 13:36:07.857 E/RemotePrintSpooler(  481): 	at android.os.HandlerThread.run(HandlerThread.java:61)
05-23 13:36:08.947 E/dalvikvm(  980): Could not find class 'android.telephony.SubscriptionManager', referenced from method com.google.android.gms.checkin.CheckinChimeraService.c
05-23 13:36:09.037 E/dalvikvm(  980): Could not find class 'android.telephony.SubscriptionManager', referenced from method hgi.a
05-23 13:36:09.047 E/ActivityThread(  980): Failed to find provider info for com.google.android.wearable.settings
05-23 13:36:09.177 E/dalvikvm( 1272): Could not find class 'javax.net.ssl.SNIHostName', referenced from method com.google.android.gms.org.conscrypt.Platform.getSSLParameters
05-23 13:36:09.177 E/dalvikvm( 1272): Could not find class 'javax.net.ssl.SNIServerName', referenced from method com.google.android.gms.org.conscrypt.Platform.setSSLParameters
05-23 13:36:09.177 E/dalvikvm( 1272): Could not find class 'com.google.android.gms.org.conscrypt.OpenSSLExtendedSessionImpl', referenced from method com.google.android.gms.org.conscrypt.Platform.wrapSSLSession
05-23 13:36:09.187 E/dalvikvm( 1272): Could not find class 'com.google.android.gms.org.conscrypt.OpenSSLExtendedSessionImpl', referenced from method com.google.android.gms.org.conscrypt.SSLParametersImpl.getSessionToReuse
05-23 13:36:09.327 E/dalvikvm( 1272): Could not find class 'jgj', referenced from method jgi.a
05-23 13:36:09.327 E/Drm     (  165): Failed to open plugin directory /vendor/lib/mediadrm
05-23 13:36:10.077 E/Drm     (  165): Failed to open plugin directory /vendor/lib/mediadrm
05-23 13:36:16.997 E/FileScannerService( 1197): binding file scanner
05-23 13:36:17.097 E/BluetoothManagerService(  481): Fail to bind to: Intent { act=android.bluetooth.IBluetooth }
05-23 13:36:17.097 E/WifiStateMachine(  481): Failed to set country code CN
05-23 13:36:17.097 E/BluetoothHeadset(  481): Could not bind to Bluetooth Headset Service with Intent { act=android.bluetooth.IBluetoothHeadset }
05-23 13:36:17.097 E/BluetoothA2dp(  481): Could not bind to Bluetooth A2DP Service with Intent { act=android.bluetooth.IBluetoothA2dp }
05-23 13:36:18.247 E/UpdateRequestReceiver( 1461): ignoring update request
05-23 13:36:18.247 E/UpdateRequestReceiver( 1461): ignoring update request
05-23 13:36:18.257 E/UpdateRequestReceiver( 1461): ignoring update request
05-23 13:36:18.257 E/UpdateRequestReceiver( 1461): ignoring update request
05-23 13:36:18.257 E/UpdateRequestReceiver( 1461): ignoring update request
05-23 13:36:18.267 E/UpdateRequestReceiver( 1461): ignoring update request
05-23 13:36:18.447 E/dalvikvm(  980): Could not find class 'android.service.persistentdata.PersistentDataBlockManager', referenced from method dzw.a
05-23 13:36:18.507 E/dalvikvm(  980): Could not find class 'android.net.NetworkRequest$Builder', referenced from method com.google.android.gms.common.stats.GmsCoreStatsChimeraService.onCreate
05-23 13:36:18.517 E/dalvikvm(  657): Could not find class 'android.net.NetworkRequest$Builder', referenced from method com.google.android.gms.common.stats.GmsCoreStatsChimeraService.onCreate
05-23 13:36:18.727 E/dalvikvm(  719): Could not find class 'android.app.job.JobScheduler', referenced from method pqd.a
05-23 13:36:18.737 E/BaseAppContext(  980): Tried to stop global GMSCore RequestQueue. This is likely unintended, so ignoring.
05-23 13:36:18.787 E/dalvikvm(  719): Could not find class 'android.app.usage.UsageStatsManager', referenced from method ppl.a
05-23 13:36:18.917 E/Ads     (  980): Error while retrieving parental controls.
05-23 13:36:18.917 E/Ads     (  980): java.lang.NullPointerException
05-23 13:36:18.917 E/Ads     (  980): 	at android.os.Parcel.readException(Parcel.java:1471)
05-23 13:36:18.917 E/Ads     (  980): 	at android.os.Parcel.readException(Parcel.java:1419)
05-23 13:36:18.917 E/Ads     (  980): 	at bbb.a(:com.google.android.gms:139)
05-23 13:36:18.917 E/Ads     (  980): 	at com.google.android.gms.ads.play.c.onServiceConnected(:com.google.android.gms:175)
05-23 13:36:18.917 E/Ads     (  980): 	at android.app.LoadedApk$ServiceDispatcher.doConnected(LoadedApk.java:1110)
05-23 13:36:18.917 E/Ads     (  980): 	at android.app.LoadedApk$ServiceDispatcher$RunConnection.run(LoadedApk.java:1127)
05-23 13:36:18.917 E/Ads     (  980): 	at android.os.Handler.handleCallback(Handler.java:733)
05-23 13:36:18.917 E/Ads     (  980): 	at android.os.Handler.dispatchMessage(Handler.java:95)
05-23 13:36:18.917 E/Ads     (  980): 	at android.os.Looper.loop(Looper.java:136)
05-23 13:36:18.917 E/Ads     (  980): 	at android.app.ActivityThread.main(ActivityThread.java:5019)
05-23 13:36:18.917 E/Ads     (  980): 	at java.lang.reflect.Method.invokeNative(Native Method)
05-23 13:36:18.917 E/Ads     (  980): 	at java.lang.reflect.Method.invoke(Method.java:515)
05-23 13:36:18.917 E/Ads     (  980): 	at com.android.internal.os.ZygoteInit$MethodAndArgsCaller.run(ZygoteInit.java:779)
05-23 13:36:18.917 E/Ads     (  980): 	at com.android.internal.os.ZygoteInit.main(ZygoteInit.java:595)
05-23 13:36:18.917 E/Ads     (  980): 	at dalvik.system.NativeStart.main(Native Method)
05-23 13:36:18.987 E/dalvikvm(  980): Could not find class 'jgj', referenced from method jgi.a
05-23 13:36:19.507 E/MDM     (  980): [135] tdv.a: Couldn't connect to Google API client: hvk{statusCode=API_UNAVAILABLE, resolution=null, message=null}
05-23 13:36:19.527 E/dalvikvm(  980): Could not find class 'android.net.NetworkRequest$Builder', referenced from method addo.b
05-23 13:36:19.707 E/Icing   (  980): street name for address is empty or is not existed. 
05-23 13:36:19.717 E/Icing   (  980): Opening file  for read failed: No such file or directory
05-23 13:36:19.717 E/Icing   (  980): Unable to open file . 
05-23 13:36:19.717 E/Icing   (  980): WordsMap was not properly initialized
05-23 13:36:19.827 E/GCoreUlr(  657): Bad errorId configuring silent feedback
05-23 13:36:19.997 E/dalvikvm(  980): Could not find class 'android.app.usage.UsageStatsManager', referenced from method rff.a
05-23 13:36:34.067 E/dalvikvm( 1629): Could not find class 'javax.net.ssl.SNIHostName', referenced from method com.google.android.gms.org.conscrypt.Platform.getSSLParameters
05-23 13:36:34.067 E/dalvikvm( 1629): Could not find class 'javax.net.ssl.SNIServerName', referenced from method com.google.android.gms.org.conscrypt.Platform.setSSLParameters
05-23 13:36:34.077 E/dalvikvm( 1629): Could not find class 'com.google.android.gms.org.conscrypt.OpenSSLExtendedSessionImpl', referenced from method com.google.android.gms.org.conscrypt.Platform.wrapSSLSession
05-23 13:36:34.097 E/dalvikvm( 1629): Could not find class 'com.google.android.gms.org.conscrypt.OpenSSLExtendedSessionImpl', referenced from method com.google.android.gms.org.conscrypt.SSLParametersImpl.getSessionToReuse
05-23 13:36:34.447 E/memtrack( 1627): Couldn't load memtrack module (No such file or directory)
05-23 13:36:34.447 E/android.os.Debug( 1627): failed to load memtrack module: -2
05-23 13:36:34.477 E/cutils-trace( 1627): Error opening trace file: No such file or directory (2)
05-23 13:36:34.507 E/dalvikvm(  980): Could not find class 'com.google.android.gms.common.permission.PermissionUtils$1', referenced from method com.google.android.gms.chimera.GmsModuleInitializer.initializeModuleV0
05-23 13:36:35.617 E/Cataloger( 1197): syncFile:/storage/emulated/0/server.log.19
05-23 13:36:35.627 E/Cataloger( 1197): need not sync path:/storage/emulated/0/server.log.19
05-23 13:36:35.637 E/Cataloger( 1197): syncFile:/storage/emulated/0/server.log.18
05-23 13:36:35.637 E/Cataloger( 1197): need not sync path:/storage/emulated/0/server.log.18
05-23 13:36:35.637 E/Cataloger( 1197): syncFile:/storage/emulated/0/server.log.19
05-23 13:36:35.637 E/Cataloger( 1197): need not sync path:/storage/emulated/0/server.log.19
05-23 13:36:35.637 E/Cataloger( 1197): syncFile:/storage/emulated/0/server.log.17
05-23 13:36:35.647 E/Cataloger( 1197): need not sync path:/storage/emulated/0/server.log.17
05-23 13:36:35.647 E/Cataloger( 1197): syncFile:/storage/emulated/0/server.log.18
05-23 13:36:35.647 E/Cataloger( 1197): need not sync path:/storage/emulated/0/server.log.18
05-23 13:36:35.647 E/Cataloger( 1197): syncFile:/storage/emulated/0/server.log.16
05-23 13:36:35.657 E/Cataloger( 1197): need not sync path:/storage/emulated/0/server.log.16
05-23 13:36:35.657 E/Cataloger( 1197): syncFile:/storage/emulated/0/server.log.17
05-23 13:36:35.657 E/Cataloger( 1197): need not sync path:/storage/emulated/0/server.log.17
05-23 13:36:35.657 E/Cataloger( 1197): syncFile:/storage/emulated/0/server.log.15
05-23 13:36:35.657 E/Cataloger( 1197): need not sync path:/storage/emulated/0/server.log.15
05-23 13:36:35.657 E/Cataloger( 1197): syncFile:/storage/emulated/0/server.log.16
05-23 13:36:35.657 E/Cataloger( 1197): need not sync path:/storage/emulated/0/server.log.16
05-23 13:36:35.657 E/Cataloger( 1197): syncFile:/storage/emulated/0/server.log.14
05-23 13:36:35.667 E/Cataloger( 1197): need not sync path:/storage/emulated/0/server.log.14
05-23 13:36:35.667 E/Cataloger( 1197): syncFile:/storage/emulated/0/server.log.15
05-23 13:36:35.667 E/Cataloger( 1197): need not sync path:/storage/emulated/0/server.log.15
05-23 13:36:35.667 E/Cataloger( 1197): syncFile:/storage/emulated/0/server.log.13
05-23 13:36:35.677 E/Cataloger( 1197): need not sync path:/storage/emulated/0/server.log.13
05-23 13:36:35.677 E/Cataloger( 1197): syncFile:/storage/emulated/0/server.log.14
05-23 13:36:35.677 E/Cataloger( 1197): need not sync path:/storage/emulated/0/server.log.14
05-23 13:36:35.687 E/Cataloger( 1197): syncFile:/storage/emulated/0/server.log.12
05-23 13:36:35.687 E/Cataloger( 1197): need not sync path:/storage/emulated/0/server.log.12
05-23 13:36:35.687 E/Cataloger( 1197): syncFile:/storage/emulated/0/server.log.13
05-23 13:36:35.687 E/Cataloger( 1197): need not sync path:/storage/emulated/0/server.log.13
05-23 13:36:35.687 E/Cataloger( 1197): syncFile:/storage/emulated/0/server.log.11
05-23 13:36:35.707 E/Cataloger( 1197): need not sync path:/storage/emulated/0/server.log.11
05-23 13:36:35.707 E/Cataloger( 1197): syncFile:/storage/emulated/0/server.log.12
05-23 13:36:35.707 E/Cataloger( 1197): need not sync path:/storage/emulated/0/server.log.12
05-23 13:36:35.707 E/Cataloger( 1197): syncFile:/storage/emulated/0/server.log.10
05-23 13:36:35.717 E/Cataloger( 1197): need not sync path:/storage/emulated/0/server.log.10
05-23 13:36:35.717 E/Cataloger( 1197): syncFile:/storage/emulated/0/server.log.11
05-23 13:36:35.717 E/Cataloger( 1197): need not sync path:/storage/emulated/0/server.log.11
05-23 13:36:35.717 E/Cataloger( 1197): syncFile:/storage/emulated/0/server.log.9
05-23 13:36:35.727 E/Cataloger( 1197): need not sync path:/storage/emulated/0/server.log.9
05-23 13:36:35.727 E/Cataloger( 1197): syncFile:/storage/emulated/0/server.log.10
05-23 13:36:35.727 E/Cataloger( 1197): need not sync path:/storage/emulated/0/server.log.10
05-23 13:36:35.737 E/Cataloger( 1197): syncFile:/storage/emulated/0/server.log.8
05-23 13:36:35.737 E/Cataloger( 1197): need not sync path:/storage/emulated/0/server.log.8
05-23 13:36:35.737 E/Cataloger( 1197): syncFile:/storage/emulated/0/server.log.9
05-23 13:36:35.737 E/Cataloger( 1197): need not sync path:/storage/emulated/0/server.log.9
05-23 13:36:35.737 E/Cataloger( 1197): syncFile:/storage/emulated/0/server.log.7
05-23 13:36:35.747 E/Cataloger( 1197): need not sync path:/storage/emulated/0/server.log.7
05-23 13:36:35.747 E/Cataloger( 1197): syncFile:/storage/emulated/0/server.log.8
05-23 13:36:35.747 E/Cataloger( 1197): need not sync path:/storage/emulated/0/server.log.8
05-23 13:36:35.747 E/Cataloger( 1197): syncFile:/storage/emulated/0/server.log.6
05-23 13:36:35.747 E/Cataloger( 1197): need not sync path:/storage/emulated/0/server.log.6
05-23 13:36:35.747 E/Cataloger( 1197): syncFile:/storage/emulated/0/server.log.7
05-23 13:36:35.747 E/Cataloger( 1197): need not sync path:/storage/emulated/0/server.log.7
05-23 13:36:35.747 E/Cataloger( 1197): syncFile:/storage/emulated/0/server.log.5
05-23 13:36:35.757 E/Cataloger( 1197): need not sync path:/storage/emulated/0/server.log.5
05-23 13:36:35.757 E/Cataloger( 1197): syncFile:/storage/emulated/0/server.log.6
05-23 13:36:35.757 E/Cataloger( 1197): need not sync path:/storage/emulated/0/server.log.6
05-23 13:36:35.757 E/Cataloger( 1197): syncFile:/storage/emulated/0/server.log.4
05-23 13:36:35.757 E/Cataloger( 1197): need not sync path:/storage/emulated/0/server.log.4
05-23 13:36:35.757 E/Cataloger( 1197): syncFile:/storage/emulated/0/server.log.5
05-23 13:36:35.757 E/Cataloger( 1197): need not sync path:/storage/emulated/0/server.log.5
05-23 13:36:35.757 E/Cataloger( 1197): syncFile:/storage/emulated/0/server.log.3
05-23 13:36:35.767 E/Cataloger( 1197): need not sync path:/storage/emulated/0/server.log.3
05-23 13:36:35.767 E/Cataloger( 1197): syncFile:/storage/emulated/0/server.log.4
05-23 13:36:35.767 E/Cataloger( 1197): need not sync path:/storage/emulated/0/server.log.4
05-23 13:36:35.767 E/Cataloger( 1197): syncFile:/storage/emulated/0/server.log.2
05-23 13:36:35.777 E/Cataloger( 1197): need not sync path:/storage/emulated/0/server.log.2
05-23 13:36:35.777 E/Cataloger( 1197): syncFile:/storage/emulated/0/server.log.3
05-23 13:36:35.787 E/Cataloger( 1197): need not sync path:/storage/emulated/0/server.log.3
05-23 13:36:35.787 E/Cataloger( 1197): syncFile:/storage/emulated/0/server.log.1
05-23 13:36:35.787 E/Cataloger( 1197): need not sync path:/storage/emulated/0/server.log.1
05-23 13:36:35.787 E/Cataloger( 1197): syncFile:/storage/emulated/0/server.log.2
05-23 13:36:35.787 E/Cataloger( 1197): need not sync path:/storage/emulated/0/server.log.2
05-23 13:36:35.787 E/Cataloger( 1197): syncFile:/storage/emulated/0/server.log
05-23 13:36:35.797 E/Cataloger( 1197): need not sync path:/storage/emulated/0/server.log
05-23 13:36:35.797 E/Cataloger( 1197): syncFile:/storage/emulated/0/server.log.1
05-23 13:36:35.797 E/Cataloger( 1197): need not sync path:/storage/emulated/0/server.log.1
05-23 13:36:35.797 E/Cataloger( 1197): syncFile:/storage/emulated/0/server.log
05-23 13:36:35.797 E/Cataloger( 1197): need not sync path:/storage/emulated/0/server.log
05-23 13:36:35.837 E/Cataloger( 1197): syncFile:/storage/emulated/0/.UTSystemConfig/Global/Alvin2.xml
05-23 13:36:35.837 E/Cataloger( 1197): syncFile:/storage/emulated/0/.UTSystemConfig/Global/Alvin2.xml.bak
05-23 13:36:35.837 E/Cataloger( 1197): need not sync path:/storage/emulated/0/.UTSystemConfig/Global/Alvin2.xml.bak
05-23 13:36:35.837 E/Cataloger( 1197): syncFile:/storage/emulated/0/.UTSystemConfig/Global/Alvin2.xml
05-23 13:36:35.837 E/Cataloger( 1197): syncFile:/storage/emulated/0/.UTSystemConfig/Global/Alvin2.xml
05-23 13:36:35.837 E/Cataloger( 1197): syncFile:/storage/emulated/0/.UTSystemConfig/Global/Alvin2.xml.bak
05-23 13:36:35.847 E/Cataloger( 1197): need not sync path:/storage/emulated/0/.UTSystemConfig/Global/Alvin2.xml.bak
05-23 13:36:35.877 E/Cataloger( 1197): syncFile:/storage/emulated/0/.DataStorage/ContextData.xml
05-23 13:36:35.877 E/Cataloger( 1197): syncFile:/storage/emulated/0/.DataStorage/ContextData.xml.bak
05-23 13:36:35.877 E/Cataloger( 1197): need not sync path:/storage/emulated/0/.DataStorage/ContextData.xml.bak
05-23 13:36:35.887 E/Cataloger( 1197): syncFile:/storage/emulated/0/.DataStorage/ContextData.xml
05-23 13:36:35.887 E/Cataloger( 1197): syncFile:/storage/emulated/0/.DataStorage/ContextData.xml
05-23 13:36:35.887 E/Cataloger( 1197): syncFile:/storage/emulated/0/.DataStorage/ContextData.xml.bak
05-23 13:36:35.897 E/Cataloger( 1197): need not sync path:/storage/emulated/0/.DataStorage/ContextData.xml.bak
05-23 13:36:36.137 E/Cataloger( 1197): syncFile:/storage/emulated/0/BigNoxHD/cache/com_ztesoft_96x96.png
05-23 13:36:36.197 E/memtrack( 1725): Couldn't load memtrack module (No such file or directory)
05-23 13:36:36.197 E/android.os.Debug( 1725): failed to load memtrack module: -2
05-23 13:36:36.227 E/cutils-trace( 1725): Error opening trace file: No such file or directory (2)
05-23 13:36:36.297 E/Cataloger( 1197): syncFile:/storage/emulated/0/BigNoxHD/cache/com_bignox_app_store_hd_96x96.png
05-23 13:36:37.647 E/memtrack( 1780): Couldn't load memtrack module (No such file or directory)
05-23 13:36:37.647 E/android.os.Debug( 1780): failed to load memtrack module: -2
05-23 13:36:37.687 E/cutils-trace( 1780): Error opening trace file: No such file or directory (2)
05-23 13:36:38.467 E/memtrack( 1792): Couldn't load memtrack module (No such file or directory)
05-23 13:36:38.467 E/android.os.Debug( 1792): failed to load memtrack module: -2
05-23 13:36:38.487 E/cutils-trace( 1792): Error opening trace file: No such file or directory (2)
05-23 13:36:39.227 E/memtrack( 1804): Couldn't load memtrack module (No such file or directory)
05-23 13:36:39.227 E/android.os.Debug( 1804): failed to load memtrack module: -2
05-23 13:36:39.237 E/cutils-trace( 1804): Error opening trace file: No such file or directory (2)
05-23 13:36:39.977 E/memtrack( 1816): Couldn't load memtrack module (No such file or directory)
05-23 13:36:39.977 E/android.os.Debug( 1816): failed to load memtrack module: -2
05-23 13:36:39.997 E/cutils-trace( 1816): Error opening trace file: No such file or directory (2)
05-23 13:36:40.747 E/memtrack( 1828): Couldn't load memtrack module (No such file or directory)
05-23 13:36:40.747 E/android.os.Debug( 1828): failed to load memtrack module: -2
05-23 13:36:40.767 E/cutils-trace( 1828): Error opening trace file: No such file or directory (2)
05-23 13:36:41.437 E/MDM     (  980): [1] SitrepChimeraService.a: No Google accounts; deferring server state update.
05-23 13:36:41.797 E/GCoreUlr(  657): Bad errorId configuring silent feedback
05-23 13:36:42.157 E/memtrack( 1863): Couldn't load memtrack module (No such file or directory)
05-23 13:36:42.157 E/android.os.Debug( 1863): failed to load memtrack module: -2
05-23 13:36:42.197 E/cutils-trace( 1863): Error opening trace file: No such file or directory (2)
05-23 13:36:42.237 E/Icing   (  980): street name for address is empty or is not existed. 
05-23 13:36:42.237 E/Icing   (  980): Opening file  for read failed: No such file or directory
05-23 13:36:42.237 E/Icing   (  980): Unable to open file . 
05-23 13:36:42.237 E/Icing   (  980): WordsMap was not properly initialized
05-23 13:36:42.967 E/memtrack( 1893): Couldn't load memtrack module (No such file or directory)
05-23 13:36:42.967 E/android.os.Debug( 1893): failed to load memtrack module: -2
05-23 13:36:42.977 E/cutils-trace( 1893): Error opening trace file: No such file or directory (2)
05-23 13:36:46.867 E/memtrack( 1914): Couldn't load memtrack module (No such file or directory)
05-23 13:36:46.867 E/android.os.Debug( 1914): failed to load memtrack module: -2
05-23 13:36:46.897 E/cutils-trace( 1914): Error opening trace file: No such file or directory (2)
05-23 13:36:47.587 E/memtrack( 1926): Couldn't load memtrack module (No such file or directory)
05-23 13:36:47.587 E/android.os.Debug( 1926): failed to load memtrack module: -2
05-23 13:36:47.607 E/cutils-trace( 1926): Error opening trace file: No such file or directory (2)
05-23 13:36:48.307 E/memtrack( 1938): Couldn't load memtrack module (No such file or directory)
05-23 13:36:48.307 E/android.os.Debug( 1938): failed to load memtrack module: -2
05-23 13:36:48.347 E/Cataloger( 1197): syncFile:/storage/emulated/0/Android/data/com.boco.apphall/cache/.nomedia
05-23 13:36:48.357 E/Cataloger( 1197): need not sync path:/storage/emulated/0/Android/data/com.boco.apphall/cache/.nomedia
05-23 13:36:48.357 E/Cataloger( 1197): syncFile:/storage/emulated/0/Android/data/com.boco.apphall/cache/uil-images/57gbxefr6ynwpq4ho1je8qmfo0
05-23 13:36:48.357 E/cutils-trace( 1938): Error opening trace file: No such file or directory (2)
05-23 13:36:48.357 E/Cataloger( 1197): need not sync path:/storage/emulated/0/Android/data/com.boco.apphall/cache/uil-images/57gbxefr6ynwpq4ho1je8qmfo0
05-23 13:36:48.357 E/Cataloger( 1197): syncFile:/storage/emulated/0/Android/data/com.boco.apphall/cache/uil-images/5252683xnrtcrm7o65y7uirsl0
05-23 13:36:48.367 E/Cataloger( 1197): need not sync path:/storage/emulated/0/Android/data/com.boco.apphall/cache/uil-images/5252683xnrtcrm7o65y7uirsl0
05-23 13:36:48.367 E/Cataloger( 1197): syncFile:/storage/emulated/0/Android/data/com.boco.apphall/cache/uil-images/2dw14j6zx8fuf59l70lizvt710
05-23 13:36:48.367 E/Cataloger( 1197): need not sync path:/storage/emulated/0/Android/data/com.boco.apphall/cache/uil-images/2dw14j6zx8fuf59l70lizvt710
05-23 13:36:48.367 E/Cataloger( 1197): syncFile:/storage/emulated/0/Android/data/com.boco.apphall/cache/uil-images/64u2kf0bfy71nodbxsvrwaoat0
05-23 13:36:48.377 E/Cataloger( 1197): need not sync path:/storage/emulated/0/Android/data/com.boco.apphall/cache/uil-images/64u2kf0bfy71nodbxsvrwaoat0
05-23 13:36:48.377 E/Cataloger( 1197): syncFile:/storage/emulated/0/Android/data/com.boco.apphall/cache/uil-images/3205omy4td9oxw05yijfjsa900
05-23 13:36:48.377 E/Cataloger( 1197): need not sync path:/storage/emulated/0/Android/data/com.boco.apphall/cache/uil-images/3205omy4td9oxw05yijfjsa900
05-23 13:36:48.377 E/Cataloger( 1197): syncFile:/storage/emulated/0/Android/data/com.boco.apphall/cache/uil-images/journal
05-23 13:36:48.387 E/Cataloger( 1197): need not sync path:/storage/emulated/0/Android/data/com.boco.apphall/cache/uil-images/journal
05-23 13:36:48.387 E/Cataloger( 1197): syncFile:/storage/emulated/0/Android/data/com.boco.apphall/cache/uil-images/1yr55s6idym5vmr2kp828kc730
05-23 13:36:48.387 E/Cataloger( 1197): need not sync path:/storage/emulated/0/Android/data/com.boco.apphall/cache/uil-images/1yr55s6idym5vmr2kp828kc730
05-23 13:36:48.387 E/Cataloger( 1197): syncFile:/storage/emulated/0/Android/data/com.boco.apphall/cache/uil-images/5qxqvdbogs92lp9xsu05v4d050
05-23 13:36:48.387 E/Cataloger( 1197): need not sync path:/storage/emulated/0/Android/data/com.boco.apphall/cache/uil-images/5qxqvdbogs92lp9xsu05v4d050
05-23 13:36:48.397 E/Cataloger( 1197): syncFile:/storage/emulated/0/Android/data/com.boco.apphall/cache/uil-images/4kxgwmqh15kqpdwvd91ok1rs00
05-23 13:36:48.397 E/Cataloger( 1197): need not sync path:/storage/emulated/0/Android/data/com.boco.apphall/cache/uil-images/4kxgwmqh15kqpdwvd91ok1rs00
05-23 13:36:48.397 E/Cataloger( 1197): syncFile:/storage/emulated/0/Android/data/com.boco.apphall/cache/uil-images/5qk5ab5bpi8w4etc52xne53rs0
05-23 13:36:48.397 E/Cataloger( 1197): need not sync path:/storage/emulated/0/Android/data/com.boco.apphall/cache/uil-images/5qk5ab5bpi8w4etc52xne53rs0
05-23 13:36:48.407 E/Cataloger( 1197): syncFile:/storage/emulated/0/Android/data/com.boco.apphall/cache/uil-images/5wanmv7yu4hzfio3426l5dfqd0
05-23 13:36:48.407 E/Cataloger( 1197): need not sync path:/storage/emulated/0/Android/data/com.boco.apphall/cache/uil-images/5wanmv7yu4hzfio3426l5dfqd0
05-23 13:36:48.407 E/Cataloger( 1197): syncFile:/storage/emulated/0/Android/data/com.boco.apphall/cache/uil-images/3zj5e7agc5dxrx9zld8s8tazk0
05-23 13:36:48.417 E/Cataloger( 1197): need not sync path:/storage/emulated/0/Android/data/com.boco.apphall/cache/uil-images/3zj5e7agc5dxrx9zld8s8tazk0
05-23 13:36:48.417 E/Cataloger( 1197): syncFile:/storage/emulated/0/Android/data/com.boco.apphall/cache/uil-images/692qxwcqm0v50o6d686e2v3o30
05-23 13:36:48.427 E/Cataloger( 1197): need not sync path:/storage/emulated/0/Android/data/com.boco.apphall/cache/uil-images/692qxwcqm0v50o6d686e2v3o30
05-23 13:36:48.427 E/Cataloger( 1197): syncFile:/storage/emulated/0/Android/data/com.boco.apphall/cache/uil-images/mk3hplefdtlqmx38m1iwlp2r0
05-23 13:36:48.427 E/Cataloger( 1197): need not sync path:/storage/emulated/0/Android/data/com.boco.apphall/cache/uil-images/mk3hplefdtlqmx38m1iwlp2r0
05-23 13:36:48.427 E/Cataloger( 1197): syncFile:/storage/emulated/0/Android/data/com.boco.apphall/cache/uil-images
05-23 13:36:48.427 E/Cataloger( 1197): syncFile:/storage/emulated/0/Android/data/com.boco.apphall/cache
05-23 13:36:48.427 E/Cataloger( 1197): syncFile:/storage/emulated/0/Android/data/com.boco.apphall
05-23 13:36:49.337 E/memtrack( 1968): Couldn't load memtrack module (No such file or directory)
05-23 13:36:49.337 E/android.os.Debug( 1968): failed to load memtrack module: -2
05-23 13:36:49.357 E/cutils-trace( 1968): Error opening trace file: No such file or directory (2)
05-23 13:36:49.767 E/MS_RegisterService(  980): Exception getting GCM token
05-23 13:36:49.767 E/MS_RegisterService(  980): java.io.IOException: TIMEOUT
05-23 13:36:49.767 E/MS_RegisterService(  980): 	at rie.b(:com.google.android.gms:820)
05-23 13:36:49.767 E/MS_RegisterService(  980): 	at rie.a(:com.google.android.gms:787)
05-23 13:36:49.767 E/MS_RegisterService(  980): 	at ria.c(:com.google.android.gms:524)
05-23 13:36:49.767 E/MS_RegisterService(  980): 	at ria.b(:com.google.android.gms:487)
05-23 13:36:49.767 E/MS_RegisterService(  980): 	at agry.a(:com.google.android.gms:1439)
05-23 13:36:49.767 E/MS_RegisterService(  980): 	at com.google.android.libraries.matchstick.net.SilentRegisterIntentOperation.a(:com.google.android.gms:1021)
05-23 13:36:49.767 E/MS_RegisterService(  980): 	at com.google.android.libraries.matchstick.net.SilentRegisterIntentOperation.onHandleIntent(:com.google.android.gms:467)
05-23 13:36:49.767 E/MS_RegisterService(  980): 	at com.google.android.chimera.IntentOperation.onHandleIntent(:com.google.android.gms:118)
05-23 13:36:49.767 E/MS_RegisterService(  980): 	at bwq.run(:com.google.android.gms:1864)
05-23 13:36:49.767 E/MS_RegisterService(  980): 	at bwn.run(:com.google.android.gms:1143)
05-23 13:36:49.767 E/MS_RegisterService(  980): 	at java.util.concurrent.ThreadPoolExecutor.runWorker(ThreadPoolExecutor.java:1112)
05-23 13:36:49.767 E/MS_RegisterService(  980): 	at java.util.concurrent.ThreadPoolExecutor$Worker.run(ThreadPoolExecutor.java:587)
05-23 13:36:49.767 E/MS_RegisterService(  980): 	at java.lang.Thread.run(Thread.java:841)
05-23 13:36:50.077 E/memtrack( 1980): Couldn't load memtrack module (No such file or directory)
05-23 13:36:50.077 E/android.os.Debug( 1980): failed to load memtrack module: -2
05-23 13:36:50.107 E/cutils-trace( 1980): Error opening trace file: No such file or directory (2)
05-23 13:36:50.817 E/BandwidthController(  158): Updating quota globalAlert failed (No such file or directory)
05-23 13:36:51.167 E/memtrack( 1994): Couldn't load memtrack module (No such file or directory)
05-23 13:36:51.167 E/android.os.Debug( 1994): failed to load memtrack module: -2
05-23 13:36:51.177 E/cutils-trace( 1994): Error opening trace file: No such file or directory (2)
05-23 13:36:51.807 E/memtrack( 2015): Couldn't load memtrack module (No such file or directory)
05-23 13:36:51.807 E/android.os.Debug( 2015): failed to load memtrack module: -2
05-23 13:36:53.997 E/memtrack( 2046): Couldn't load memtrack module (No such file or directory)
05-23 13:36:53.997 E/android.os.Debug( 2046): failed to load memtrack module: -2
05-23 13:36:54.767 E/Cataloger( 1197): syncFile:/storage/emulated/0/Android/data/com.boco.apphall
05-23 13:36:54.767 E/Cataloger( 1197): 创建一个目录:/storage/emulated/0/Android/data/com.boco.apphall
05-23 13:36:54.767 E/Cataloger( 1197): 扫描新建目录：/storage/emulated/0/Android/data/com.boco.apphall
05-23 13:36:54.777 E/Cataloger( 1197): syncFile:/storage/emulated/0/Android/data/com.boco.apphall/cache
05-23 13:36:54.777 E/Cataloger( 1197): 创建一个目录:/storage/emulated/0/Android/data/com.boco.apphall/cache
05-23 13:36:54.777 E/Cataloger( 1197): 扫描新建目录：/storage/emulated/0/Android/data/com.boco.apphall/cache
05-23 13:36:54.777 E/Cataloger( 1197): syncFile:/storage/emulated/0/Android/data/com.boco.apphall/cache/.nomedia
05-23 13:36:54.777 E/Cataloger( 1197): need not sync path:/storage/emulated/0/Android/data/com.boco.apphall/cache/.nomedia
05-23 13:36:54.777 E/Cataloger( 1197): syncFile:/storage/emulated/0/Android/data/com.boco.apphall/cache/.nomedia
05-23 13:36:54.777 E/Cataloger( 1197): need not sync path:/storage/emulated/0/Android/data/com.boco.apphall/cache/.nomedia
05-23 13:36:54.787 E/Cataloger( 1197): syncFile:/storage/emulated/0/Android/data/com.boco.apphall/cache/uil-images
05-23 13:36:54.787 E/Cataloger( 1197): 创建一个目录:/storage/emulated/0/Android/data/com.boco.apphall/cache/uil-images
05-23 13:36:54.787 E/Cataloger( 1197): 扫描新建目录：/storage/emulated/0/Android/data/com.boco.apphall/cache/uil-images
05-23 13:36:54.787 E/Cataloger( 1197): syncFile:/storage/emulated/0/Android/data/com.boco.apphall/cache/uil-images/journal.tmp
05-23 13:36:54.787 E/Cataloger( 1197): need not sync path:/storage/emulated/0/Android/data/com.boco.apphall/cache/uil-images/journal.tmp
05-23 13:36:54.787 E/Cataloger( 1197): syncFile:/storage/emulated/0/Android/data/com.boco.apphall/cache/uil-images/journal.tmp
05-23 13:36:54.787 E/Cataloger( 1197): need not sync path:/storage/emulated/0/Android/data/com.boco.apphall/cache/uil-images/journal.tmp
05-23 13:36:54.787 E/Cataloger( 1197): syncFile:/storage/emulated/0/Android/data/com.boco.apphall/cache/uil-images/journal.tmp
05-23 13:36:54.787 E/Cataloger( 1197): need not sync path:/storage/emulated/0/Android/data/com.boco.apphall/cache/uil-images/journal.tmp
05-23 13:36:54.787 E/Cataloger( 1197): syncFile:/storage/emulated/0/Android/data/com.boco.apphall/cache/uil-images/journal
05-23 13:36:54.787 E/Cataloger( 1197): need not sync path:/storage/emulated/0/Android/data/com.boco.apphall/cache/uil-images/journal
05-23 13:36:55.187 E/cutils-trace( 2046): Error opening trace file: No such file or directory (2)
05-23 13:36:58.897 E/memtrack( 2134): Couldn't load memtrack module (No such file or directory)
05-23 13:36:58.897 E/android.os.Debug( 2134): failed to load memtrack module: -2
05-23 13:36:58.987 E/cutils-trace( 2134): Error opening trace file: No such file or directory (2)
05-23 13:37:00.437 E/memtrack( 2146): Couldn't load memtrack module (No such file or directory)
05-23 13:37:00.437 E/android.os.Debug( 2146): failed to load memtrack module: -2
05-23 13:37:01.367 E/cutils-trace( 2146): Error opening trace file: No such file or directory (2)
05-23 13:37:01.597 E/appium  ( 2027): Exception while handling action in: io.appium.uiautomator2.handler.Clear
05-23 13:37:01.597 E/appium  ( 2027): java.lang.NullPointerException
05-23 13:37:01.597 E/appium  ( 2027): 	at android.support.test.uiautomator.UiObject2.setText(UiObject2.java:601)
05-23 13:37:01.597 E/appium  ( 2027): 	at android.support.test.uiautomator.UiObject2.clear(UiObject2.java:338)
05-23 13:37:01.597 E/appium  ( 2027): 	at io.appium.uiautomator2.model.UiObject2Element.clear(UiObject2Element.java:138)
05-23 13:37:01.597 E/appium  ( 2027): 	at io.appium.uiautomator2.handler.Clear.safeHandle(Clear.java:51)
05-23 13:37:01.597 E/appium  ( 2027): 	at io.appium.uiautomator2.handler.request.SafeRequestHandler.handle(SafeRequestHandler.java:56)
05-23 13:37:01.597 E/appium  ( 2027): 	at io.appium.uiautomator2.handler.SendKeysToElement.safeHandle(SendKeysToElement.java:73)
05-23 13:37:01.597 E/appium  ( 2027): 	at io.appium.uiautomator2.handler.request.SafeRequestHandler.handle(SafeRequestHandler.java:56)
05-23 13:37:01.597 E/appium  ( 2027): 	at io.appium.uiautomator2.server.AppiumServlet.handleRequest(AppiumServlet.java:202)
05-23 13:37:01.597 E/appium  ( 2027): 	at io.appium.uiautomator2.server.AppiumServlet.handleHttpRequest(AppiumServlet.java:193)
05-23 13:37:01.597 E/appium  ( 2027): 	at io.appium.uiautomator2.http.ServerHandler.channelRead(ServerHandler.java:44)
05-23 13:37:01.597 E/appium  ( 2027): 	at io.netty.channel.AbstractChannelHandlerContext.invokeChannelRead(AbstractChannelHandlerContext.java:366)
05-23 13:37:01.597 E/appium  ( 2027): 	at io.netty.channel.AbstractChannelHandlerContext.invokeChannelRead(AbstractChannelHandlerContext.java:352)
05-23 13:37:01.597 E/appium  ( 2027): 	at io.netty.channel.AbstractChannelHandlerContext.fireChannelRead(AbstractChannelHandlerContext.java:345)
05-23 13:37:01.597 E/appium  ( 2027): 	at io.netty.handler.codec.MessageToMessageDecoder.channelRead(MessageToMessageDecoder.java:102)
05-23 13:37:01.597 E/appium  ( 2027): 	at io.netty.channel.AbstractChannelHandlerContext.invokeChannelRead(AbstractChannelHandlerContext.java:366)
05-23 13:37:01.597 E/appium  ( 2027): 	at io.netty.channel.AbstractChannelHandlerContext.invokeChannelRead(AbstractChannelHandlerContext.java:352)
05-23 13:37:01.597 E/appium  ( 2027): 	at io.netty.channel.AbstractChannelHandlerContext.fireChannelRead(AbstractChannelHandlerContext.java:345)
05-23 13:37:01.597 E/appium  ( 2027): 	at io.netty.channel.CombinedChannelDuplexHandler$DelegatingChannelHandlerContext.fireChannelRead(CombinedChannelDuplexHandler.java:435)
05-23 13:37:01.597 E/appium  ( 2027): 	at io.netty.handler.codec.ByteToMessageDecoder.fireChannelRead(ByteToMessageDecoder.java:293)
05-23 13:37:01.597 E/appium  ( 2027): 	at io.netty.handler.codec.ByteToMessageDecoder.channelRead(ByteToMessageDecoder.java:267)
05-23 13:37:01.597 E/appium  ( 2027): 	at io.netty.channel.CombinedChannelDuplexHandler.channelRead(CombinedChannelDuplexHandler.java:250)
05-23 13:37:01.597 E/appium  ( 2027): 	at io.netty.channel.AbstractChannelHandlerContext.invokeChannelRead(AbstractChannelHandlerContext.java:366)
05-23 13:37:01.597 E/appium  ( 2027): 	at io.netty.channel.AbstractChannelHandlerContext.invokeChannelRead(AbstractChannelHandlerContext.java:352)
05-23 13:37:01.597 E/appium  ( 2027): 	at io.netty.channel.AbstractChannelHandlerContext.fireChannelRead(AbstractChannelHandlerContext.java:345)
05-23 13:37:01.597 E/appium  ( 2027): 	at io.netty.channel.DefaultChannelPipeline$HeadContext.channelRead(DefaultChannelPipeline.java:1294)
05-23 13:37:01.597 E/appium  ( 2027): 	at io.netty.channel.AbstractChannelHandlerContext.invokeChannelRead(AbstractChannelHandlerContext.java:366)
05-23 13:37:01.597 E/appium  ( 2027): 	at io.netty.channel.AbstractChannelHandlerContext.invokeChannelRead(AbstractChannelHandlerContext.java:352)
05-23 13:37:01.597 E/appium  ( 2027): 	at io.netty.channel.DefaultChannelPipeline.fireChannelRead(DefaultChannelPipeline.java:911)
05-23 13:37:01.597 E/appium  ( 2027): 	at io.netty.channel.nio.AbstractNioByteChannel$NioByteUnsafe.read(AbstractNioByteChannel.java:131)
05-23 13:37:01.597 E/appium  ( 2027): 	at io.netty.channel.nio.NioEventLoop.processSelectedKey(NioEventLoop.java:611)
05-23 13:37:01.597 E/appium  ( 2027): 	at io.netty.channel.nio.NioEventLoop.processSelectedKeysPlain(NioEventLoop.java:514)
05-23 13:37:01.597 E/appium  ( 2027): 	at io.netty.channel.nio.NioEventLoop.processSelectedKeys(NioEventLoop.java:468)
05-23 13:37:01.597 E/appium  ( 2027): 	at io.netty.channel.nio.NioEventLoop.run(NioEventLoop.java:438)
05-23 13:37:01.597 E/appium  ( 2027): 	at io.netty.util.concurrent.SingleThreadEventExecutor$2.run(SingleThreadEventExecutor.java:140)
05-23 13:37:01.597 E/appium  ( 2027): 	at io.netty.util.concurrent.DefaultThreadFactory$DefaultRunnableDecorator.run(DefaultThreadFactory.java:144)
05-23 13:37:01.597 E/appium  ( 2027): 	at java.lang.Thread.run(Thread.java:841)
05-23 13:37:01.597 E/appium  ( 2027): Exception while handling action in: io.appium.uiautomator2.handler.SendKeysToElement
05-23 13:37:01.597 E/appium  ( 2027): java.lang.NullPointerException
05-23 13:37:01.597 E/appium  ( 2027): 	at android.support.test.uiautomator.UiObject2.setText(UiObject2.java:601)
05-23 13:37:01.597 E/appium  ( 2027): 	at io.appium.uiautomator2.model.UiObject2Element.setText(UiObject2Element.java:129)
05-23 13:37:01.597 E/appium  ( 2027): 	at io.appium.uiautomator2.handler.SendKeysToElement.safeHandle(SendKeysToElement.java:83)
05-23 13:37:01.597 E/appium  ( 2027): 	at io.appium.uiautomator2.handler.request.SafeRequestHandler.handle(SafeRequestHandler.java:56)
05-23 13:37:01.597 E/appium  ( 2027): 	at io.appium.uiautomator2.server.AppiumServlet.handleRequest(AppiumServlet.java:202)
05-23 13:37:01.597 E/appium  ( 2027): 	at io.appium.uiautomator2.server.AppiumServlet.handleHttpRequest(AppiumServlet.java:193)
05-23 13:37:01.597 E/appium  ( 2027): 	at io.appium.uiautomator2.http.ServerHandler.channelRead(ServerHandler.java:44)
05-23 13:37:01.597 E/appium  ( 2027): 	at io.netty.channel.AbstractChannelHandlerContext.invokeChannelRead(AbstractChannelHandlerContext.java:366)
05-23 13:37:01.597 E/appium  ( 2027): 	at io.netty.channel.AbstractChannelHandlerContext.invokeChannelRead(AbstractChannelHandlerContext.java:352)
