05-18 09:56:30.504 E/WifiTrafficPoller(  851): TRAFFIC_STATS_POLL true Token 2644 num clients 19
05-18 09:56:30.506 E/WifiTrafficPoller(  851):  packet count Tx=1749863 Rx=5773693
05-18 09:56:30.506 E/WifiTrafficPoller(  851): notifying of data activity 3
05-18 09:56:31.513 E/WifiTrafficPoller(  851): TRAFFIC_STATS_POLL true Token 2644 num clients 19
05-18 09:56:31.513 E/WifiTrafficPoller(  851):  packet count Tx=1749863 Rx=5773709
05-18 09:56:31.513 E/WifiTrafficPoller(  851): notifying of data activity 1
05-18 09:56:32.265 E/WifiStateMachine(  851):  ConnectedState (when=-3ms what=131155 arg1=591!CMD_RSSI_POLL 591 0 "BOCO-office" 94:b4:0f:68:a4:b1 rssi=-49 f=5785 sc=80 link=135 tx=1.1, 0.0, 0.0  rx=34.7 bcn=0 [on:0 tx:0 rx:0 period:3000] from screen [on:0 period:611151337] gl rssi=-49 ag=0 hr ticks 314,77,49 ls-=0 [56,56,56,56,61] brc=0 lrc=0
05-18 09:56:32.265 E/WifiStateMachine(  851):  L2ConnectedState (when=-4ms what=131155 arg1=591!CMD_RSSI_POLL 591 0 "BOCO-office" 94:b4:0f:68:a4:b1 rssi=-49 f=5785 sc=80 link=135 tx=1.1, 0.0, 0.0  rx=34.7 bcn=0 [on:0 tx:0 rx:0 period:0] from screen [on:0 period:611151337] gl rssi=-49 ag=0 hr ticks 314,77,49 ls-=0 [56,56,56,56,61] brc=0 lrc=0
05-18 09:56:32.265 E/WifiStateMachine(  851):  get link layer stats 0
05-18 09:56:32.279 E/WifiStateMachine(  851): calculateWifiScore() we set wifi's score to 1000, so will always set wifi as a default network.
05-18 09:56:32.489 E/memtrack(19776): Couldn't load memtrack module (No such file or directory)
05-18 09:56:32.489 E/android.os.Debug(19776): failed to load memtrack module: -2
05-18 09:56:32.513 E/WifiTrafficPoller(  851): TRAFFIC_STATS_POLL true Token 2644 num clients 19
05-18 09:56:32.514 E/WifiTrafficPoller(  851):  packet count Tx=1749863 Rx=5773727
05-18 09:56:33.194 E/memtrack(19793): Couldn't load memtrack module (No such file or directory)
05-18 09:56:33.194 E/android.os.Debug(19793): failed to load memtrack module: -2
05-18 09:56:33.513 E/WifiTrafficPoller(  851): TRAFFIC_STATS_POLL true Token 2644 num clients 19
05-18 09:56:33.514 E/WifiTrafficPoller(  851):  packet count Tx=1749863 Rx=5773746
05-18 09:56:34.151 E/memtrack(19809): Couldn't load memtrack module (No such file or directory)
05-18 09:56:34.151 E/android.os.Debug(19809): failed to load memtrack module: -2
05-18 09:56:34.515 E/WifiTrafficPoller(  851): TRAFFIC_STATS_POLL true Token 2644 num clients 19
05-18 09:56:34.516 E/WifiTrafficPoller(  851):  packet count Tx=1749863 Rx=5773758
05-18 09:56:34.983 E/memtrack(19851): Couldn't load memtrack module (No such file or directory)
05-18 09:56:34.984 E/android.os.Debug(19851): failed to load memtrack module: -2
05-18 09:56:35.284 E/WifiStateMachine(  851):  ConnectedState (when=-4ms what=131155 arg1=591!CMD_RSSI_POLL 591 0 "BOCO-office" 94:b4:0f:68:a4:b1 rssi=-50 f=5785 sc=80 link=135 tx=1.0, 0.0, 0.0  rx=41.9 bcn=0 [on:0 tx:0 rx:0 period:2997] from screen [on:0 period:611154356] gl rssi=-50 ag=0 hr ticks 314,77,49 ls-=0 [56,56,56,56,61] brc=0 lrc=0
05-18 09:56:35.292 E/WifiStateMachine(  851):  L2ConnectedState (when=-6ms what=131155 arg1=591!CMD_RSSI_POLL 591 0 "BOCO-office" 94:b4:0f:68:a4:b1 rssi=-50 f=5785 sc=80 link=135 tx=1.0, 0.0, 0.0  rx=41.9 bcn=0 [on:0 tx:0 rx:0 period:5] from screen [on:0 period:611154361] gl rssi=-50 ag=0 hr ticks 314,77,49 ls-=0 [56,56,56,56,61] brc=0 lrc=0
05-18 09:56:35.294 E/WifiStateMachine(  851):  get link layer stats 0
05-18 09:56:35.325 E/WifiStateMachine(  851): calculateWifiScore() we set wifi's score to 1000, so will always set wifi as a default network.
05-18 09:56:35.516 E/WifiTrafficPoller(  851): TRAFFIC_STATS_POLL true Token 2644 num clients 19
05-18 09:56:35.517 E/WifiTrafficPoller(  851):  packet count Tx=1749863 Rx=5773773
05-18 09:56:35.715 E/memtrack(19868): Couldn't load memtrack module (No such file or directory)
05-18 09:56:35.715 E/android.os.Debug(19868): failed to load memtrack module: -2
05-18 09:56:36.517 E/WifiTrafficPoller(  851): TRAFFIC_STATS_POLL true Token 2644 num clients 19
05-18 09:56:36.517 E/WifiTrafficPoller(  851):  packet count Tx=1749863 Rx=5773787
05-18 09:56:36.778 E/memtrack(19886): Couldn't load memtrack module (No such file or directory)
05-18 09:56:36.778 E/android.os.Debug(19886): failed to load memtrack module: -2
05-18 09:56:37.517 E/WifiTrafficPoller(  851): TRAFFIC_STATS_POLL true Token 2644 num clients 19
05-18 09:56:37.518 E/WifiTrafficPoller(  851):  packet count Tx=1749864 Rx=5773803
05-18 09:56:37.518 E/WifiTrafficPoller(  851): notifying of data activity 3
05-18 09:56:37.545 E/memtrack(19902): Couldn't load memtrack module (No such file or directory)
05-18 09:56:37.545 E/android.os.Debug(19902): failed to load memtrack module: -2
05-18 09:56:38.328 E/WifiStateMachine(  851):  ConnectedState (when=-3ms what=131155 arg1=591!CMD_RSSI_POLL 591 0 "BOCO-office" 94:b4:0f:68:a4:b1 rssi=-49 f=5785 sc=80 link=135 tx=0.5, 0.0, 0.0  rx=43.4 bcn=0 [on:0 tx:0 rx:0 period:2997] from screen [on:0 period:611157400] gl rssi=-49 ag=0 hr ticks 314,77,49 ls-=0 [56,56,56,56,61] brc=0 lrc=0
05-18 09:56:38.329 E/WifiStateMachine(  851):  L2ConnectedState (when=-4ms what=131155 arg1=591!CMD_RSSI_POLL 591 0 "BOCO-office" 94:b4:0f:68:a4:b1 rssi=-49 f=5785 sc=80 link=135 tx=0.5, 0.0, 0.0  rx=43.4 bcn=0 [on:0 tx:0 rx:0 period:1] from screen [on:0 period:611157401] gl rssi=-49 ag=0 hr ticks 314,77,49 ls-=0 [56,56,56,56,61] brc=0 lrc=0
05-18 09:56:38.329 E/WifiStateMachine(  851):  get link layer stats 0
05-18 09:56:38.337 E/WifiStateMachine(  851): calculateWifiScore() we set wifi's score to 1000, so will always set wifi as a default network.
05-18 09:56:38.523 E/WifiTrafficPoller(  851): TRAFFIC_STATS_POLL true Token 2644 num clients 19
05-18 09:56:38.524 E/WifiTrafficPoller(  851):  packet count Tx=1749864 Rx=5773815
05-18 09:56:38.524 E/WifiTrafficPoller(  851): notifying of data activity 1
05-18 09:56:39.528 E/WifiTrafficPoller(  851): TRAFFIC_STATS_POLL true Token 2644 num clients 19
05-18 09:56:39.529 E/WifiTrafficPoller(  851):  packet count Tx=1749865 Rx=5773822
05-18 09:56:39.529 E/WifiTrafficPoller(  851): notifying of data activity 3
05-18 09:56:40.537 E/WifiTrafficPoller(  851): TRAFFIC_STATS_POLL true Token 2644 num clients 19
05-18 09:56:40.538 E/WifiTrafficPoller(  851):  packet count Tx=1749866 Rx=5773832
05-18 09:56:41.020 E/memtrack(19951): Couldn't load memtrack module (No such file or directory)
05-18 09:56:41.020 E/android.os.Debug(19951): failed to load memtrack module: -2
05-18 09:56:41.342 E/WifiStateMachine(  851):  ConnectedState (when=-4ms what=131155 arg1=591!CMD_RSSI_POLL 591 0 "BOCO-office" 94:b4:0f:68:a4:b1 rssi=-50 f=5785 sc=80 link=135 tx=0.8, 0.0, 0.0  rx=44.2 bcn=0 [on:0 tx:0 rx:0 period:3000] from screen [on:0 period:611160414] gl rssi=-50 ag=0 hr ticks 314,77,49 ls-=0 [56,56,56,56,61] brc=0 lrc=0
05-18 09:56:41.345 E/WifiStateMachine(  851):  L2ConnectedState (when=-6ms what=131155 arg1=591!CMD_RSSI_POLL 591 0 "BOCO-office" 94:b4:0f:68:a4:b1 rssi=-50 f=5785 sc=80 link=135 tx=0.8, 0.0, 0.0  rx=44.2 bcn=0 [on:0 tx:0 rx:0 period:2] from screen [on:0 period:611160416] gl rssi=-50 ag=0 hr ticks 314,77,49 ls-=0 [56,56,56,56,61] brc=0 lrc=0
05-18 09:56:41.345 E/WifiStateMachine(  851):  get link layer stats 0
05-18 09:56:41.360 E/WifiStateMachine(  851): calculateWifiScore() we set wifi's score to 1000, so will always set wifi as a default network.
05-18 09:56:41.539 E/WifiTrafficPoller(  851): TRAFFIC_STATS_POLL true Token 2644 num clients 19
05-18 09:56:41.539 E/WifiTrafficPoller(  851):  packet count Tx=1749866 Rx=5773841
05-18 09:56:41.539 E/WifiTrafficPoller(  851): notifying of data activity 1
05-18 09:56:41.568 E/SurfaceFlinger(  285): onDraw: bindTextureImage test
05-18 09:56:41.584 E/SurfaceFlinger(  285): onDraw: bindTextureImage test
05-18 09:56:41.602 E/SurfaceFlinger(  285): onDraw: bindTextureImage test
05-18 09:56:41.622 E/SurfaceFlinger(  285): onDraw: bindTextureImage test
05-18 09:56:41.630 E/MPlugin (19967): Unsupported class: com.mediatek.common.telephony.IOnlyOwnerSimSupport
05-18 09:56:41.637 E/SurfaceFlinger(  285): onDraw: bindTextureImage test
05-18 09:56:41.649 E/WifiManager(19967): mWifiServiceMessenger == null
05-18 09:56:41.651 E/SurfaceFlinger(  285): onDraw: bindTextureImage test
05-18 09:56:41.669 E/SurfaceFlinger(  285): onDraw: bindTextureImage test
05-18 09:56:41.685 E/SurfaceFlinger(  285): onDraw: bindTextureImage test
05-18 09:56:41.701 E/SurfaceFlinger(  285): onDraw: bindTextureImage test
05-18 09:56:41.718 E/SurfaceFlinger(  285): onDraw: bindTextureImage test
05-18 09:56:41.735 E/SurfaceFlinger(  285): onDraw: bindTextureImage test
05-18 09:56:41.752 E/SurfaceFlinger(  285): onDraw: bindTextureImage test
05-18 09:56:41.769 E/SurfaceFlinger(  285): onDraw: bindTextureImage test
05-18 09:56:41.785 E/SurfaceFlinger(  285): onDraw: bindTextureImage test
05-18 09:56:41.802 E/SurfaceFlinger(  285): onDraw: bindTextureImage test
05-18 09:56:41.819 E/SurfaceFlinger(  285): onDraw: bindTextureImage test
05-18 09:56:41.836 E/SurfaceFlinger(  285): onDraw: bindTextureImage test
05-18 09:56:42.514 E/[PropSet](19967): connect fail
05-18 09:56:42.514 E/[PropSet](19967): send_prop_msg return err -1
05-18 09:56:42.541 E/WifiTrafficPoller(  851): TRAFFIC_STATS_POLL true Token 2644 num clients 19
05-18 09:56:42.542 E/WifiTrafficPoller(  851):  packet count Tx=1749872 Rx=5773856
05-18 09:56:42.542 E/WifiTrafficPoller(  851): notifying of data activity 3
05-18 09:56:42.626 E/SurfaceFlinger(  285): onDraw: bindTextureImage test
05-18 09:56:42.643 E/SurfaceFlinger(  285): onDraw: bindTextureImage test
05-18 09:56:42.662 E/SurfaceFlinger(  285): onDraw: bindTextureImage test
05-18 09:56:42.677 E/SurfaceFlinger(  285): onDraw: bindTextureImage test
05-18 09:56:43.544 E/WifiTrafficPoller(  851): TRAFFIC_STATS_POLL true Token 2644 num clients 19
05-18 09:56:43.545 E/WifiTrafficPoller(  851):  packet count Tx=1749872 Rx=5773867
05-18 09:56:43.545 E/WifiTrafficPoller(  851): notifying of data activity 1
05-18 09:56:43.872 E/SurfaceFlinger(  285): onDraw: bindTextureImage test
05-18 09:56:43.888 E/SurfaceFlinger(  285): onDraw: bindTextureImage test
05-18 09:56:43.905 E/SurfaceFlinger(  285): onDraw: bindTextureImage test
05-18 09:56:43.922 E/SurfaceFlinger(  285): onDraw: bindTextureImage test
05-18 09:56:43.939 E/SurfaceFlinger(  285): onDraw: bindTextureImage test
05-18 09:56:43.956 E/SurfaceFlinger(  285): onDraw: bindTextureImage test
05-18 09:56:43.973 E/SurfaceFlinger(  285): onDraw: bindTextureImage test
05-18 09:56:43.989 E/SurfaceFlinger(  285): onDraw: bindTextureImage test
05-18 09:56:44.006 E/SurfaceFlinger(  285): onDraw: bindTextureImage test
05-18 09:56:44.024 E/SurfaceFlinger(  285): onDraw: bindTextureImage test
05-18 09:56:44.024 E/SurfaceFlinger(  285): onDraw: bindTextureImage test
05-18 09:56:44.025 E/SurfaceFlinger(  285): onDraw: bindTextureImage test
05-18 09:56:44.040 E/SurfaceFlinger(  285): onDraw: bindTextureImage test
05-18 09:56:44.040 E/SurfaceFlinger(  285): onDraw: bindTextureImage test
05-18 09:56:44.041 E/SurfaceFlinger(  285): onDraw: bindTextureImage test
05-18 09:56:44.056 E/SurfaceFlinger(  285): onDraw: bindTextureImage test
05-18 09:56:44.056 E/SurfaceFlinger(  285): onDraw: bindTextureImage test
05-18 09:56:44.057 E/SurfaceFlinger(  285): onDraw: bindTextureImage test
05-18 09:56:44.073 E/SurfaceFlinger(  285): onDraw: bindTextureImage test
05-18 09:56:44.364 E/WifiStateMachine(  851):  ConnectedState (when=-4ms what=131155 arg1=591!CMD_RSSI_POLL 591 0 "BOCO-office" 94:b4:0f:68:a4:b1 rssi=-51 f=5785 sc=80 link=135 tx=1.4, 0.0, 0.0  rx=34.1 bcn=0 [on:0 tx:0 rx:0 period:2978] from screen [on:0 period:611163436] gl rssi=-51 ag=0 hr ticks 314,77,49 ls-=0 [56,56,56,56,61] brc=0 lrc=0
05-18 09:56:44.364 E/WifiStateMachine(  851):  L2ConnectedState (when=-5ms what=131155 arg1=591!CMD_RSSI_POLL 591 0 "BOCO-office" 94:b4:0f:68:a4:b1 rssi=-51 f=5785 sc=80 link=135 tx=1.4, 0.0, 0.0  rx=34.1 bcn=0 [on:0 tx:0 rx:0 period:0] from screen [on:0 period:611163436] gl rssi=-51 ag=0 hr ticks 314,77,49 ls-=0 [56,56,56,56,61] brc=0 lrc=0
05-18 09:56:44.364 E/WifiStateMachine(  851):  get link layer stats 0
05-18 09:56:44.367 E/WifiStateMachine(  851): calculateWifiScore() we set wifi's score to 1000, so will always set wifi as a default network.
05-18 09:56:44.547 E/WifiTrafficPoller(  851): TRAFFIC_STATS_POLL true Token 2644 num clients 19
05-18 09:56:44.549 E/WifiTrafficPoller(  851):  packet count Tx=1749873 Rx=5773876
05-18 09:56:44.549 E/WifiTrafficPoller(  851): notifying of data activity 3
05-18 09:56:45.550 E/WifiTrafficPoller(  851): TRAFFIC_STATS_POLL true Token 2644 num clients 19
05-18 09:56:45.551 E/WifiTrafficPoller(  851):  packet count Tx=1749873 Rx=5773884
05-18 09:56:45.551 E/WifiTrafficPoller(  851): notifying of data activity 1
05-18 09:56:45.694 E/memtrack(20033): Couldn't load memtrack module (No such file or directory)
05-18 09:56:45.694 E/android.os.Debug(20033): failed to load memtrack module: -2
05-18 09:56:46.552 E/WifiTrafficPoller(  851): TRAFFIC_STATS_POLL true Token 2644 num clients 19
05-18 09:56:46.552 E/WifiTrafficPoller(  851):  packet count Tx=1749873 Rx=5773893
05-18 09:56:47.369 E/WifiStateMachine(  851):  ConnectedState (when=-2ms what=131155 arg1=591!CMD_RSSI_POLL 591 0 "BOCO-office" 94:b4:0f:68:a4:b1 rssi=-50 f=5785 sc=80 link=135 tx=4.2, 0.0, 0.0  rx=36.1 bcn=0 [on:0 tx:0 rx:0 period:3001] from screen [on:0 period:611166441] gl rssi=-50 ag=0 hr ticks 314,77,49 ls-=0 [56,56,56,56,61] brc=0 lrc=0
05-18 09:56:47.371 E/WifiStateMachine(  851):  L2ConnectedState (when=-3ms what=131155 arg1=591!CMD_RSSI_POLL 591 0 "BOCO-office" 94:b4:0f:68:a4:b1 rssi=-50 f=5785 sc=80 link=135 tx=4.2, 0.0, 0.0  rx=36.1 bcn=0 [on:0 tx:0 rx:0 period:2] from screen [on:0 period:611166443] gl rssi=-50 ag=0 hr ticks 314,77,49 ls-=0 [56,56,56,56,61] brc=0 lrc=0
05-18 09:56:47.371 E/WifiStateMachine(  851):  get link layer stats 0
05-18 09:56:47.398 E/WifiStateMachine(  851): calculateWifiScore() we set wifi's score to 1000, so will always set wifi as a default network.
05-18 09:56:47.552 E/WifiTrafficPoller(  851): TRAFFIC_STATS_POLL true Token 2644 num clients 19
05-18 09:56:47.553 E/WifiTrafficPoller(  851):  packet count Tx=1749873 Rx=5773905
05-18 09:56:48.307 E/memtrack(20064): Couldn't load memtrack module (No such file or directory)
05-18 09:56:48.307 E/android.os.Debug(20064): failed to load memtrack module: -2
05-18 09:56:48.553 E/WifiTrafficPoller(  851): TRAFFIC_STATS_POLL true Token 2644 num clients 19
05-18 09:56:48.554 E/WifiTrafficPoller(  851):  packet count Tx=1749874 Rx=5773916
05-18 09:56:48.554 E/WifiTrafficPoller(  851): notifying of data activity 3
05-18 09:56:49.555 E/WifiTrafficPoller(  851): TRAFFIC_STATS_POLL true Token 2644 num clients 19
05-18 09:56:49.556 E/WifiTrafficPoller(  851):  packet count Tx=1749874 Rx=5773924
05-18 09:56:49.556 E/WifiTrafficPoller(  851): notifying of data activity 1
05-18 09:56:50.401 E/WifiStateMachine(  851):  ConnectedState (when=-3ms what=131155 arg1=591!CMD_RSSI_POLL 591 0 "BOCO-office" 94:b4:0f:68:a4:b1 rssi=-49 f=5785 sc=80 link=135 tx=2.1, 0.0, 0.0  rx=31.5 bcn=0 [on:0 tx:0 rx:0 period:3002] from screen [on:0 period:611169473] gl rssi=-49 ag=0 hr ticks 314,77,49 ls-=0 [56,56,56,56,61] brc=0 lrc=0
05-18 09:56:50.403 E/WifiStateMachine(  851):  L2ConnectedState (when=-4ms what=131155 arg1=591!CMD_RSSI_POLL 591 0 "BOCO-office" 94:b4:0f:68:a4:b1 rssi=-49 f=5785 sc=80 link=135 tx=2.1, 0.0, 0.0  rx=31.5 bcn=0 [on:0 tx:0 rx:0 period:1] from screen [on:0 period:611169474] gl rssi=-49 ag=0 hr ticks 314,77,49 ls-=0 [56,56,56,56,61] brc=0 lrc=0
05-18 09:56:50.403 E/WifiStateMachine(  851):  get link layer stats 0
05-18 09:56:50.420 E/WifiStateMachine(  851): calculateWifiScore() we set wifi's score to 1000, so will always set wifi as a default network.
05-18 09:56:50.556 E/WifiTrafficPoller(  851): TRAFFIC_STATS_POLL true Token 2644 num clients 19
05-18 09:56:50.557 E/WifiTrafficPoller(  851):  packet count Tx=1749874 Rx=5773936
05-18 09:56:51.557 E/WifiTrafficPoller(  851): TRAFFIC_STATS_POLL true Token 2644 num clients 19
05-18 09:56:51.558 E/WifiTrafficPoller(  851):  packet count Tx=1749874 Rx=5773948
05-18 09:56:52.558 E/WifiTrafficPoller(  851): TRAFFIC_STATS_POLL true Token 2644 num clients 19
05-18 09:56:52.559 E/WifiTrafficPoller(  851):  packet count Tx=1749881 Rx=5773964
05-18 09:56:52.559 E/WifiTrafficPoller(  851): notifying of data activity 3
05-18 09:56:53.412 E/MPlugin (19967): Unsupported class: com.mediatek.common.telephony.IOnlyOwnerSimSupport
05-18 09:56:53.424 E/WifiStateMachine(  851):  ConnectedState (when=-4ms what=131155 arg1=591!CMD_RSSI_POLL 591 0 "BOCO-office" 94:b4:0f:68:a4:b1 rssi=-50 f=5785 sc=80 link=135 tx=1.5, 0.0, 0.0  rx=31.8 bcn=0 [on:0 tx:0 rx:0 period:3001] from screen [on:0 period:611172495] gl rssi=-50 ag=0 hr ticks 314,77,49 ls-=0 [56,56,56,56,61] brc=0 lrc=0
05-18 09:56:53.425 E/WifiStateMachine(  851):  L2ConnectedState (when=-5ms what=131155 arg1=591!CMD_RSSI_POLL 591 0 "BOCO-office" 94:b4:0f:68:a4:b1 rssi=-50 f=5785 sc=80 link=135 tx=1.5, 0.0, 0.0  rx=31.8 bcn=0 [on:0 tx:0 rx:0 period:2] from screen [on:0 period:611172497] gl rssi=-50 ag=0 hr ticks 314,77,49 ls-=0 [56,56,56,56,61] brc=0 lrc=0
05-18 09:56:53.425 E/WifiStateMachine(  851):  get link layer stats 0
05-18 09:56:53.427 E/WifiStateMachine(  851): calculateWifiScore() we set wifi's score to 1000, so will always set wifi as a default network.
05-18 09:56:53.560 E/WifiTrafficPoller(  851): TRAFFIC_STATS_POLL true Token 2644 num clients 19
05-18 09:56:53.560 E/WifiTrafficPoller(  851):  packet count Tx=1749908 Rx=5774025
05-18 09:56:54.560 E/WifiTrafficPoller(  851): TRAFFIC_STATS_POLL true Token 2644 num clients 19
05-18 09:56:54.561 E/WifiTrafficPoller(  851):  packet count Tx=1749908 Rx=5774034
05-18 09:56:54.561 E/WifiTrafficPoller(  851): notifying of data activity 1
05-18 09:56:54.670 E/SurfaceFlinger(  285): onDraw: bindTextureImage test
05-18 09:56:54.687 E/SurfaceFlinger(  285): onDraw: bindTextureImage test
05-18 09:56:54.704 E/SurfaceFlinger(  285): onDraw: bindTextureImage test
05-18 09:56:54.721 E/SurfaceFlinger(  285): onDraw: bindTextureImage test
05-18 09:56:54.737 E/SurfaceFlinger(  285): onDraw: bindTextureImage test
05-18 09:56:54.754 E/SurfaceFlinger(  285): onDraw: bindTextureImage test
05-18 09:56:54.772 E/SurfaceFlinger(  285): onDraw: bindTextureImage test
05-18 09:56:55.564 E/WifiTrafficPoller(  851): TRAFFIC_STATS_POLL true Token 2644 num clients 19
05-18 09:56:55.566 E/WifiTrafficPoller(  851):  packet count Tx=1749908 Rx=5774051
05-18 09:56:56.433 E/WifiStateMachine(  851):  ConnectedState (when=-4ms what=131155 arg1=591!CMD_RSSI_POLL 591 0 "BOCO-office" 94:b4:0f:68:a4:b1 rssi=-51 f=5785 sc=80 link=135 tx=15.3, 0.0, 0.0  rx=46.9 bcn=0 [on:0 tx:0 rx:0 period:3003] from screen [on:0 period:611175504] gl rssi=-51 ag=0 hr ticks 314,77,49 ls-=0 [56,56,60,60,65] brc=0 lrc=0
05-18 09:56:56.440 E/WifiStateMachine(  851):  L2ConnectedState (when=-10ms what=131155 arg1=591!CMD_RSSI_POLL 591 0 "BOCO-office" 94:b4:0f:68:a4:b1 rssi=-51 f=5785 sc=80 link=135 tx=15.3, 0.0, 0.0  rx=46.9 bcn=0 [on:0 tx:0 rx:0 period:8] from screen [on:0 period:611175512] gl rssi=-51 ag=0 hr ticks 314,77,49 ls-=0 [56,56,60,60,65] brc=0 lrc=0
05-18 09:56:56.441 E/WifiStateMachine(  851):  get link layer stats 0
05-18 09:56:56.450 E/WifiStateMachine(  851): calculateWifiScore() we set wifi's score to 1000, so will always set wifi as a default network.
05-18 09:56:56.565 E/WifiTrafficPoller(  851): TRAFFIC_STATS_POLL true Token 2644 num clients 19
05-18 09:56:56.566 E/WifiTrafficPoller(  851):  packet count Tx=1749908 Rx=5774082
05-18 09:56:57.019 E/---RankingListAppFragment---(19967): onResume
05-18 09:56:57.402 E/libEGL  (19967): call to OpenGL ES API with no current context (logged once per thread)
05-18 09:56:57.565 E/WifiTrafficPoller(  851): TRAFFIC_STATS_POLL true Token 2644 num clients 19
05-18 09:56:57.566 E/WifiTrafficPoller(  851):  packet count Tx=1749952 Rx=5774140
05-18 09:56:57.566 E/WifiTrafficPoller(  851): notifying of data activity 3
05-18 09:56:58.567 E/WifiTrafficPoller(  851): TRAFFIC_STATS_POLL true Token 2644 num clients 19
05-18 09:56:58.569 E/WifiTrafficPoller(  851):  packet count Tx=1749993 Rx=5774206
05-18 09:56:59.453 E/WifiStateMachine(  851):  ConnectedState (when=-1ms what=131155 arg1=591!CMD_RSSI_POLL 591 0 "BOCO-office" 94:b4:0f:68:a4:b1 rssi=-50 f=5785 sc=80 link=135 tx=10.1, 0.0, 0.0  rx=56.4 bcn=0 [on:0 tx:0 rx:0 period:2989] from screen [on:0 period:611178524] gl rssi=-50 ag=0 hr ticks 314,77,49 ls-=0 [56,56,60,60,65] brc=0 lrc=0
05-18 09:56:59.454 E/WifiStateMachine(  851):  L2ConnectedState (when=-3ms what=131155 arg1=591!CMD_RSSI_POLL 591 0 "BOCO-office" 94:b4:0f:68:a4:b1 rssi=-50 f=5785 sc=80 link=135 tx=10.1, 0.0, 0.0  rx=56.4 bcn=0 [on:0 tx:0 rx:0 period:2] from screen [on:0 period:611178526] gl rssi=-50 ag=0 hr ticks 314,77,49 ls-=0 [56,56,60,60,65] brc=0 lrc=0
05-18 09:56:59.454 E/WifiStateMachine(  851):  get link layer stats 0
05-18 09:56:59.459 E/WifiStateMachine(  851): calculateWifiScore() we set wifi's score to 1000, so will always set wifi as a default network.
05-18 09:56:59.568 E/WifiTrafficPoller(  851): TRAFFIC_STATS_POLL true Token 2644 num clients 19
05-18 09:56:59.569 E/WifiTrafficPoller(  851):  packet count Tx=1749998 Rx=5774241
05-18 09:57:00.569 E/WifiTrafficPoller(  851): TRAFFIC_STATS_POLL true Token 2644 num clients 19
05-18 09:57:00.569 E/WifiTrafficPoller(  851):  packet count Tx=1750015 Rx=5774279
05-18 09:57:00.657 E/SurfaceFlinger(  285): onDraw: bindTextureImage test
05-18 09:57:00.673 E/SurfaceFlinger(  285): onDraw: bindTextureImage test
05-18 09:57:00.690 E/SurfaceFlinger(  285): onDraw: bindTextureImage test
05-18 09:57:01.570 E/WifiTrafficPoller(  851): TRAFFIC_STATS_POLL true Token 2644 num clients 19
05-18 09:57:01.571 E/WifiTrafficPoller(  851):  packet count Tx=1750066 Rx=5774372
05-18 09:57:01.867 E/SurfaceFlinger(  285): onDraw: bindTextureImage test
05-18 09:57:01.883 E/SurfaceFlinger(  285): onDraw: bindTextureImage test
05-18 09:57:01.900 E/SurfaceFlinger(  285): onDraw: bindTextureImage test
05-18 09:57:01.917 E/SurfaceFlinger(  285): onDraw: bindTextureImage test
05-18 09:57:01.934 E/SurfaceFlinger(  285): onDraw: bindTextureImage test
05-18 09:57:01.952 E/SurfaceFlinger(  285): onDraw: bindTextureImage test
05-18 09:57:01.969 E/SurfaceFlinger(  285): onDraw: bindTextureImage test
05-18 09:57:01.986 E/SurfaceFlinger(  285): onDraw: bindTextureImage test
05-18 09:57:02.002 E/SurfaceFlinger(  285): onDraw: bindTextureImage test
05-18 09:57:02.464 E/WifiStateMachine(  851):  ConnectedState (when=-4ms what=131155 arg1=591!CMD_RSSI_POLL 591 0 "BOCO-office" 94:b4:0f:68:a4:b1 rssi=-51 f=5785 sc=80 link=135 tx=50.1, 0.0, 0.0  rx=113.2 bcn=0 [on:0 tx:0 rx:0 period:3002] from screen [on:0 period:611181535] gl rssi=-51 ag=0 hr ticks 314,77,49 ls-=0 [56,56,60,60,65] brc=0 lrc=0
05-18 09:57:02.466 E/WifiStateMachine(  851):  L2ConnectedState (when=-6ms what=131155 arg1=591!CMD_RSSI_POLL 591 0 "BOCO-office" 94:b4:0f:68:a4:b1 rssi=-51 f=5785 sc=80 link=135 tx=50.1, 0.0, 0.0  rx=113.2 bcn=0 [on:0 tx:0 rx:0 period:3] from screen [on:0 period:611181538] gl rssi=-51 ag=0 hr ticks 314,77,49 ls-=0 [56,56,60,60,65] brc=0 lrc=0
05-18 09:57:02.466 E/WifiStateMachine(  851):  get link layer stats 0
05-18 09:57:02.481 E/WifiStateMachine(  851): calculateWifiScore() we set wifi's score to 1000, so will always set wifi as a default network.
05-18 09:57:02.571 E/WifiTrafficPoller(  851): TRAFFIC_STATS_POLL true Token 2644 num clients 19
05-18 09:57:02.572 E/WifiTrafficPoller(  851):  packet count Tx=1750066 Rx=5774385
05-18 09:57:02.572 E/WifiTrafficPoller(  851): notifying of data activity 1
05-18 09:57:03.230 E/SurfaceFlinger(  285): onDraw: bindTextureImage test
05-18 09:57:03.247 E/SurfaceFlinger(  285): onDraw: bindTextureImage test
05-18 09:57:03.264 E/SurfaceFlinger(  285): onDraw: bindTextureImage test
05-18 09:57:03.280 E/SurfaceFlinger(  285): onDraw: bindTextureImage test
05-18 09:57:03.297 E/SurfaceFlinger(  285): onDraw: bindTextureImage test
05-18 09:57:03.314 E/SurfaceFlinger(  285): onDraw: bindTextureImage test
05-18 09:57:03.331 E/SurfaceFlinger(  285): onDraw: bindTextureImage test
05-18 09:57:03.576 E/WifiTrafficPoller(  851): TRAFFIC_STATS_POLL true Token 2644 num clients 19
05-18 09:57:03.576 E/WifiTrafficPoller(  851):  packet count Tx=1750066 Rx=5774398
05-18 09:57:04.577 E/WifiTrafficPoller(  851): TRAFFIC_STATS_POLL true Token 2644 num clients 19
05-18 09:57:04.577 E/WifiTrafficPoller(  851):  packet count Tx=1750086 Rx=5774445
05-18 09:57:04.577 E/WifiTrafficPoller(  851): notifying of data activity 3
05-18 09:57:05.485 E/WifiStateMachine(  851):  ConnectedState (when=-3ms what=131155 arg1=591!CMD_RSSI_POLL 591 0 "BOCO-office" 94:b4:0f:68:a4:b1 rssi=-51 f=5785 sc=80 link=135 tx=59.0, 0.0, 0.0  rx=132.1 bcn=0 [on:0 tx:0 rx:0 period:3001] from screen [on:0 period:611184557] gl rssi=-51 ag=0 hr ticks 314,77,49 ls-=0 [56,56,60,60,65] brc=0 lrc=0
05-18 09:57:05.486 E/WifiStateMachine(  851):  L2ConnectedState (when=-4ms what=131155 arg1=591!CMD_RSSI_POLL 591 0 "BOCO-office" 94:b4:0f:68:a4:b1 rssi=-51 f=5785 sc=80 link=135 tx=59.0, 0.0, 0.0  rx=132.1 bcn=0 [on:0 tx:0 rx:0 period:1] from screen [on:0 period:611184558] gl rssi=-51 ag=0 hr ticks 314,77,49 ls-=0 [56,56,60,60,65] brc=0 lrc=0
05-18 09:57:05.486 E/WifiStateMachine(  851):  get link layer stats 0
05-18 09:57:05.499 E/WifiStateMachine(  851): calculateWifiScore() we set wifi's score to 1000, so will always set wifi as a default network.
05-18 09:57:05.581 E/WifiTrafficPoller(  851): TRAFFIC_STATS_POLL true Token 2644 num clients 19
05-18 09:57:05.581 E/WifiTrafficPoller(  851):  packet count Tx=1750086 Rx=5774463
05-18 09:57:05.581 E/WifiTrafficPoller(  851): notifying of data activity 1
05-18 09:57:05.674 E/MPlugin (19967): Unsupported class: com.mediatek.common.telephony.IOnlyOwnerSimSupport
05-18 09:57:06.582 E/WifiTrafficPoller(  851): TRAFFIC_STATS_POLL true Token 2644 num clients 19
05-18 09:57:06.583 E/WifiTrafficPoller(  851):  packet count Tx=1750193 Rx=5774671
05-18 09:57:06.583 E/WifiTrafficPoller(  851): notifying of data activity 3
05-18 09:57:07.586 E/WifiTrafficPoller(  851): TRAFFIC_STATS_POLL true Token 2644 num clients 19
05-18 09:57:07.587 E/WifiTrafficPoller(  851):  packet count Tx=1750350 Rx=5774995
05-18 09:57:08.504 E/WifiStateMachine(  851):  ConnectedState (when=-3ms what=131155 arg1=591!CMD_RSSI_POLL 591 0 "BOCO-office" 94:b4:0f:68:a4:b1 rssi=-51 f=5785 sc=80 link=135 tx=39.5, 0.0, 0.0  rx=105.6 bcn=0 [on:0 tx:0 rx:0 period:3002] from screen [on:0 period:611187575] gl rssi=-51 ag=0 hr ticks 314,77,49 ls-=0 [56,56,60,60,65] brc=0 lrc=0
05-18 09:57:08.506 E/WifiStateMachine(  851):  L2ConnectedState (when=-5ms what=131155 arg1=591!CMD_RSSI_POLL 591 0 "BOCO-office" 94:b4:0f:68:a4:b1 rssi=-51 f=5785 sc=80 link=135 tx=39.5, 0.0, 0.0  rx=105.6 bcn=0 [on:0 tx:0 rx:0 period:3] from screen [on:0 period:611187578] gl rssi=-51 ag=0 hr ticks 314,77,49 ls-=0 [56,56,60,60,65] brc=0 lrc=0
05-18 09:57:08.506 E/WifiStateMachine(  851):  get link layer stats 0
05-18 09:57:08.511 E/WifiStateMachine(  851): calculateWifiScore() we set wifi's score to 1000, so will always set wifi as a default network.
05-18 09:57:08.588 E/WifiTrafficPoller(  851): TRAFFIC_STATS_POLL true Token 2644 num clients 19
05-18 09:57:08.589 E/WifiTrafficPoller(  851):  packet count Tx=1750508 Rx=5775321
05-18 09:57:09.590 E/WifiTrafficPoller(  851): TRAFFIC_STATS_POLL true Token 2644 num clients 19
05-18 09:57:09.591 E/WifiTrafficPoller(  851):  packet count Tx=1750664 Rx=5775647
05-18 09:57:10.592 E/WifiTrafficPoller(  851): TRAFFIC_STATS_POLL true Token 2644 num clients 19
05-18 09:57:10.593 E/WifiTrafficPoller(  851):  packet count Tx=1750820 Rx=5775974
05-18 09:57:11.516 E/WifiStateMachine(  851):  ConnectedState (when=-4ms what=131155 arg1=591!CMD_RSSI_POLL 591 0 "BOCO-office" 94:b4:0f:68:a4:b1 rssi=-51 f=5785 sc=80 link=135 tx=223.8, 0.0, 0.0  rx=469.3 bcn=0 [on:0 tx:0 rx:0 period:3000] from screen [on:0 period:611190588] gl rssi=-51 ag=0 hr ticks 314,77,49 ls-=0 [56,56,60,60,65] brc=0 lrc=0
05-18 09:57:11.519 E/WifiStateMachine(  851):  L2ConnectedState (when=-5ms what=131155 arg1=591!CMD_RSSI_POLL 591 0 "BOCO-office" 94:b4:0f:68:a4:b1 rssi=-51 f=5785 sc=80 link=135 tx=223.8, 0.0, 0.0  rx=469.3 bcn=0 [on:0 tx:0 rx:0 period:3] from screen [on:0 period:611190591] gl rssi=-51 ag=0 hr ticks 314,77,49 ls-=0 [56,56,60,60,65] brc=0 lrc=0
05-18 09:57:11.519 E/WifiStateMachine(  851):  get link layer stats 0
05-18 09:57:11.524 E/WifiStateMachine(  851): calculateWifiScore() we set wifi's score to 1000, so will always set wifi as a default network.
05-18 09:57:11.594 E/WifiTrafficPoller(  851): TRAFFIC_STATS_POLL true Token 2644 num clients 19
05-18 09:57:11.594 E/WifiTrafficPoller(  851):  packet count Tx=1751019 Rx=5776301
05-18 09:57:12.595 E/WifiTrafficPoller(  851): TRAFFIC_STATS_POLL true Token 2644 num clients 19
05-18 09:57:12.596 E/WifiTrafficPoller(  851):  packet count Tx=1751176 Rx=5776626
05-18 09:57:13.498 E/appium  (19919): Element not found: 
05-18 09:57:13.498 E/appium  (19919): io.appium.uiautomator2.common.exceptions.ElementNotFoundException: Could not find an element using supplied strategy. 
05-18 09:57:13.498 E/appium  (19919): 	at io.appium.uiautomator2.handler.FindElement.getXPathUiObject(FindElement.java:80)
05-18 09:57:13.498 E/appium  (19919): 	at io.appium.uiautomator2.handler.FindElement.findElement(FindElement.java:153)
05-18 09:57:13.498 E/appium  (19919): 	at io.appium.uiautomator2.handler.FindElement.safeHandle(FindElement.java:102)
05-18 09:57:13.498 E/appium  (19919): 	at io.appium.uiautomator2.handler.request.SafeRequestHandler.handle(SafeRequestHandler.java:56)
05-18 09:57:13.498 E/appium  (19919): 	at io.appium.uiautomator2.server.AppiumServlet.handleRequest(AppiumServlet.java:202)
05-18 09:57:13.498 E/appium  (19919): 	at io.appium.uiautomator2.server.AppiumServlet.handleHttpRequest(AppiumServlet.java:193)
05-18 09:57:13.498 E/appium  (19919): 	at io.appium.uiautomator2.http.ServerHandler.channelRead(ServerHandler.java:44)
05-18 09:57:13.498 E/appium  (19919): 	at io.netty.channel.AbstractChannelHandlerContext.invokeChannelRead(AbstractChannelHandlerContext.java:366)
05-18 09:57:13.498 E/appium  (19919): 	at io.netty.channel.AbstractChannelHandlerContext.invokeChannelRead(AbstractChannelHandlerContext.java:352)
05-18 09:57:13.498 E/appium  (19919): 	at io.netty.channel.AbstractChannelHandlerContext.fireChannelRead(AbstractChannelHandlerContext.java:345)
05-18 09:57:13.498 E/appium  (19919): 	at io.netty.handler.codec.MessageToMessageDecoder.channelRead(MessageToMessageDecoder.java:102)
05-18 09:57:13.498 E/appium  (19919): 	at io.netty.channel.AbstractChannelHandlerContext.invokeChannelRead(AbstractChannelHandlerContext.java:366)
05-18 09:57:13.498 E/appium  (19919): 	at io.netty.channel.AbstractChannelHandlerContext.invokeChannelRead(AbstractChannelHandlerContext.java:352)
05-18 09:57:13.498 E/appium  (19919): 	at io.netty.channel.AbstractChannelHandlerContext.fireChannelRead(AbstractChannelHandlerContext.java:345)
05-18 09:57:13.498 E/appium  (19919): 	at io.netty.channel.CombinedChannelDuplexHandler$DelegatingChannelHandlerContext.fireChannelRead(CombinedChannelDuplexHandler.java:435)
05-18 09:57:13.498 E/appium  (19919): 	at io.netty.handler.codec.ByteToMessageDecoder.fireChannelRead(ByteToMessageDecoder.java:293)
05-18 09:57:13.498 E/appium  (19919): 	at io.netty.handler.codec.ByteToMessageDecoder.channelRead(ByteToMessageDecoder.java:267)
05-18 09:57:13.498 E/appium  (19919): 	at io.netty.channel.CombinedChannelDuplexHandler.channelRead(CombinedChannelDuplexHandler.java:250)
05-18 09:57:13.498 E/appium  (19919): 	at io.netty.channel.AbstractChannelHandlerContext.invokeChannelRead(AbstractChannelHandlerContext.java:366)
05-18 09:57:13.498 E/appium  (19919): 	at io.netty.channel.AbstractChannelHandlerContext.invokeChannelRead(AbstractChannelHandlerContext.java:352)
05-18 09:57:13.498 E/appium  (19919): 	at io.netty.channel.AbstractChannelHandlerContext.fireChannelRead(AbstractChannelHandlerContext.java:345)
05-18 09:57:13.498 E/appium  (19919): 	at io.netty.channel.DefaultChannelPipeline$HeadContext.channelRead(DefaultChannelPipeline.java:1294)
05-18 09:57:13.498 E/appium  (19919): 	at io.netty.channel.AbstractChannelHandlerContext.invokeChannelRead(AbstractChannelHandlerContext.java:366)
05-18 09:57:13.498 E/appium  (19919): 	at io.netty.channel.AbstractChannelHandlerContext.invokeChannelRead(AbstractChannelHandlerContext.java:352)
05-18 09:57:13.498 E/appium  (19919): 	at io.netty.channel.DefaultChannelPipeline.fireChannelRead(DefaultChannelPipeline.java:911)
05-18 09:57:13.498 E/appium  (19919): 	at io.netty.channel.nio.AbstractNioByteChannel$NioByteUnsafe.read(AbstractNioByteChannel.java:131)
05-18 09:57:13.498 E/appium  (19919): 	at io.netty.channel.nio.NioEventLoop.processSelectedKey(NioEventLoop.java:611)
05-18 09:57:13.498 E/appium  (19919): 	at io.netty.channel.nio.NioEventLoop.processSelectedKeysPlain(NioEventLoop.java:514)
05-18 09:57:13.498 E/appium  (19919): 	at io.netty.channel.nio.NioEventLoop.processSelectedKeys(NioEventLoop.java:468)
05-18 09:57:13.498 E/appium  (19919): 	at io.netty.channel.nio.NioEventLoop.run(NioEventLoop.java:438)
05-18 09:57:13.498 E/appium  (19919): 	at io.netty.util.concurrent.SingleThreadEventExecutor$2.run(SingleThreadEventExecutor.java:140)
05-18 09:57:13.498 E/appium  (19919): 	at io.netty.util.concurrent.DefaultThreadFactory$DefaultRunnableDecorator.run(DefaultThreadFactory.java:144)
05-18 09:57:13.498 E/appium  (19919): 	at java.lang.Thread.run(Thread.java:818)
05-18 09:57:13.596 E/WifiTrafficPoller(  851): TRAFFIC_STATS_POLL true Token 2644 num clients 19
05-18 09:57:13.597 E/WifiTrafficPoller(  851):  packet count Tx=1751333 Rx=5776951
05-18 09:57:14.528 E/WifiStateMachine(  851):  ConnectedState (when=-4ms what=131155 arg1=591!CMD_RSSI_POLL 591 0 "BOCO-office" 94:b4:0f:68:a4:b1 rssi=-51 f=5785 sc=80 link=135 tx=368.9, 0.0, 0.0  rx=726.1 bcn=0 [on:0 tx:0 rx:0 period:2999] from screen [on:0 period:611193599] gl rssi=-51 ag=0 hr ticks 314,77,49 ls-=0 [56,56,60,60,65] brc=0 lrc=0
05-18 09:57:14.528 E/WifiStateMachine(  851):  L2ConnectedState (when=-5ms what=131155 arg1=591!CMD_RSSI_POLL 591 0 "BOCO-office" 94:b4:0f:68:a4:b1 rssi=-51 f=5785 sc=80 link=135 tx=368.9, 0.0, 0.0  rx=726.1 bcn=0 [on:0 tx:0 rx:0 period:1] from screen [on:0 period:611193600] gl rssi=-51 ag=0 hr ticks 314,77,49 ls-=0 [56,56,60,60,65] brc=0 lrc=0
05-18 09:57:14.528 E/WifiStateMachine(  851):  get link layer stats 0
05-18 09:57:14.530 E/WifiStateMachine(  851): calculateWifiScore() we set wifi's score to 1000, so will always set wifi as a default network.
05-18 09:57:14.597 E/WifiTrafficPoller(  851): TRAFFIC_STATS_POLL true Token 2644 num clients 19
05-18 09:57:14.597 E/WifiTrafficPoller(  851):  packet count Tx=1751489 Rx=5777274
05-18 09:57:14.650 E/appium  (19919): Element not found: 
05-18 09:57:14.650 E/appium  (19919): io.appium.uiautomator2.common.exceptions.ElementNotFoundException: Could not find an element using supplied strategy. 
05-18 09:57:14.650 E/appium  (19919): 	at io.appium.uiautomator2.handler.FindElement.getXPathUiObject(FindElement.java:80)
05-18 09:57:14.650 E/appium  (19919): 	at io.appium.uiautomator2.handler.FindElement.findElement(FindElement.java:153)
05-18 09:57:14.650 E/appium  (19919): 	at io.appium.uiautomator2.handler.FindElement.safeHandle(FindElement.java:102)
05-18 09:57:14.650 E/appium  (19919): 	at io.appium.uiautomator2.handler.request.SafeRequestHandler.handle(SafeRequestHandler.java:56)
05-18 09:57:14.650 E/appium  (19919): 	at io.appium.uiautomator2.server.AppiumServlet.handleRequest(AppiumServlet.java:202)
05-18 09:57:14.650 E/appium  (19919): 	at io.appium.uiautomator2.server.AppiumServlet.handleHttpRequest(AppiumServlet.java:193)
05-18 09:57:14.650 E/appium  (19919): 	at io.appium.uiautomator2.http.ServerHandler.channelRead(ServerHandler.java:44)
05-18 09:57:14.650 E/appium  (19919): 	at io.netty.channel.AbstractChannelHandlerContext.invokeChannelRead(AbstractChannelHandlerContext.java:366)
05-18 09:57:14.650 E/appium  (19919): 	at io.netty.channel.AbstractChannelHandlerContext.invokeChannelRead(AbstractChannelHandlerContext.java:352)
05-18 09:57:14.650 E/appium  (19919): 	at io.netty.channel.AbstractChannelHandlerContext.fireChannelRead(AbstractChannelHandlerContext.java:345)
05-18 09:57:14.650 E/appium  (19919): 	at io.netty.handler.codec.MessageToMessageDecoder.channelRead(MessageToMessageDecoder.java:102)
05-18 09:57:14.650 E/appium  (19919): 	at io.netty.channel.AbstractChannelHandlerContext.invokeChannelRead(AbstractChannelHandlerContext.java:366)
05-18 09:57:14.650 E/appium  (19919): 	at io.netty.channel.AbstractChannelHandlerContext.invokeChannelRead(AbstractChannelHandlerContext.java:352)
05-18 09:57:14.650 E/appium  (19919): 	at io.netty.channel.AbstractChannelHandlerContext.fireChannelRead(AbstractChannelHandlerContext.java:345)
05-18 09:57:14.650 E/appium  (19919): 	at io.netty.channel.CombinedChannelDuplexHandler$DelegatingChannelHandlerContext.fireChannelRead(CombinedChannelDuplexHandler.java:435)
05-18 09:57:14.650 E/appium  (19919): 	at io.netty.handler.codec.ByteToMessageDecoder.fireChannelRead(ByteToMessageDecoder.java:293)
05-18 09:57:14.650 E/appium  (19919): 	at io.netty.handler.codec.ByteToMessageDecoder.channelRead(ByteToMessageDecoder.java:267)
05-18 09:57:14.650 E/appium  (19919): 	at io.netty.channel.CombinedChannelDuplexHandler.channelRead(CombinedChannelDuplexHandler.java:250)
05-18 09:57:14.650 E/appium  (19919): 	at io.netty.channel.AbstractChannelHandlerContext.invokeChannelRead(AbstractChannelHandlerContext.java:366)
05-18 09:57:14.650 E/appium  (19919): 	at io.netty.channel.AbstractChannelHandlerContext.invokeChannelRead(AbstractChannelHandlerContext.java:352)
05-18 09:57:14.650 E/appium  (19919): 	at io.netty.channel.AbstractChannelHandlerContext.fireChannelRead(AbstractChannelHandlerContext.java:345)
05-18 09:57:14.650 E/appium  (19919): 	at io.netty.channel.DefaultChannelPipeline$HeadContext.channelRead(DefaultChannelPipeline.java:1294)
05-18 09:57:14.650 E/appium  (19919): 	at io.netty.channel.AbstractChannelHandlerContext.invokeChannelRead(AbstractChannelHandlerContext.java:366)
05-18 09:57:14.650 E/appium  (19919): 	at io.netty.channel.AbstractChannelHandlerContext.invokeChannelRead(AbstractChannelHandlerContext.java:352)
05-18 09:57:14.650 E/appium  (19919): 	at io.netty.channel.DefaultChannelPipeline.fireChannelRead(DefaultChannelPipeline.java:911)
05-18 09:57:14.650 E/appium  (19919): 	at io.netty.channel.nio.AbstractNioByteChannel$NioByteUnsafe.read(AbstractNioByteChannel.java:131)
05-18 09:57:14.650 E/appium  (19919): 	at io.netty.channel.nio.NioEventLoop.processSelectedKey(NioEventLoop.java:611)
05-18 09:57:14.650 E/appium  (19919): 	at io.netty.channel.nio.NioEventLoop.processSelectedKeysPlain(NioEventLoop.java:514)
05-18 09:57:14.650 E/appium  (19919): 	at io.netty.channel.nio.NioEventLoop.processSelectedKeys(NioEventLoop.java:468)
05-18 09:57:14.650 E/appium  (19919): 	at io.netty.channel.nio.NioEventLoop.run(NioEventLoop.java:438)
05-18 09:57:14.650 E/appium  (19919): 	at io.netty.util.concurrent.SingleThreadEventExecutor$2.run(SingleThreadEventExecutor.java:140)
05-18 09:57:14.650 E/appium  (19919): 	at io.netty.util.concurrent.DefaultThreadFactory$DefaultRunnableDecorator.run(DefaultThreadFactory.java:144)
05-18 09:57:14.650 E/appium  (19919): 	at java.lang.Thread.run(Thread.java:818)
05-18 09:57:15.510 E/appium  (19919): Element not found: 
05-18 09:57:15.510 E/appium  (19919): io.appium.uiautomator2.common.exceptions.ElementNotFoundException: Could not find an element using supplied strategy. 
05-18 09:57:15.510 E/appium  (19919): 	at io.appium.uiautomator2.handler.FindElement.getXPathUiObject(FindElement.java:80)
05-18 09:57:15.510 E/appium  (19919): 	at io.appium.uiautomator2.handler.FindElement.findElement(FindElement.java:153)
05-18 09:57:15.510 E/appium  (19919): 	at io.appium.uiautomator2.handler.FindElement.safeHandle(FindElement.java:102)
05-18 09:57:15.510 E/appium  (19919): 	at io.appium.uiautomator2.handler.request.SafeRequestHandler.handle(SafeRequestHandler.java:56)
05-18 09:57:15.510 E/appium  (19919): 	at io.appium.uiautomator2.server.AppiumServlet.handleRequest(AppiumServlet.java:202)
05-18 09:57:15.510 E/appium  (19919): 	at io.appium.uiautomator2.server.AppiumServlet.handleHttpRequest(AppiumServlet.java:193)
05-18 09:57:15.510 E/appium  (19919): 	at io.appium.uiautomator2.http.ServerHandler.channelRead(ServerHandler.java:44)
05-18 09:57:15.510 E/appium  (19919): 	at io.netty.channel.AbstractChannelHandlerContext.invokeChannelRead(AbstractChannelHandlerContext.java:366)
05-18 09:57:15.510 E/appium  (19919): 	at io.netty.channel.AbstractChannelHandlerContext.invokeChannelRead(AbstractChannelHandlerContext.java:352)
05-18 09:57:15.510 E/appium  (19919): 	at io.netty.channel.AbstractChannelHandlerContext.fireChannelRead(AbstractChannelHandlerContext.java:345)
05-18 09:57:15.510 E/appium  (19919): 	at io.netty.handler.codec.MessageToMessageDecoder.channelRead(MessageToMessageDecoder.java:102)
05-18 09:57:15.510 E/appium  (19919): 	at io.netty.channel.AbstractChannelHandlerContext.invokeChannelRead(AbstractChannelHandlerContext.java:366)
05-18 09:57:15.510 E/appium  (19919): 	at io.netty.channel.AbstractChannelHandlerContext.invokeChannelRead(AbstractChannelHandlerContext.java:352)
05-18 09:57:15.510 E/appium  (19919): 	at io.netty.channel.AbstractChannelHandlerContext.fireChannelRead(AbstractChannelHandlerContext.java:345)
05-18 09:57:15.510 E/appium  (19919): 	at io.netty.channel.CombinedChannelDuplexHandler$DelegatingChannelHandlerContext.fireChannelRead(CombinedChannelDuplexHandler.java:435)
05-18 09:57:15.510 E/appium  (19919): 	at io.netty.handler.codec.ByteToMessageDecoder.fireChannelRead(ByteToMessageDecoder.java:293)
05-18 09:57:15.510 E/appium  (19919): 	at io.netty.handler.codec.ByteToMessageDecoder.channelRead(ByteToMessageDecoder.java:267)
05-18 09:57:15.510 E/appium  (19919): 	at io.netty.channel.CombinedChannelDuplexHandler.channelRead(CombinedChannelDuplexHandler.java:250)
05-18 09:57:15.510 E/appium  (19919): 	at io.netty.channel.AbstractChannelHandlerContext.invokeChannelRead(AbstractChannelHandlerContext.java:366)
05-18 09:57:15.510 E/appium  (19919): 	at io.netty.channel.AbstractChannelHandlerContext.invokeChannelRead(AbstractChannelHandlerContext.java:352)
05-18 09:57:15.510 E/appium  (19919): 	at io.netty.channel.AbstractChannelHandlerContext.fireChannelRead(AbstractChannelHandlerContext.java:345)
05-18 09:57:15.510 E/appium  (19919): 	at io.netty.channel.DefaultChannelPipeline$HeadContext.channelRead(DefaultChannelPipeline.java:1294)
05-18 09:57:15.510 E/appium  (19919): 	at io.netty.channel.AbstractChannelHandlerContext.invokeChannelRead(AbstractChannelHandlerContext.java:366)
05-18 09:57:15.510 E/appium  (19919): 	at io.netty.channel.AbstractChannelHandlerContext.invokeChannelRead(AbstractChannelHandlerContext.java:352)
05-18 09:57:15.510 E/appium  (19919): 	at io.netty.channel.DefaultChannelPipeline.fireChannelRead(DefaultChannelPipeline.java:911)
05-18 09:57:15.510 E/appium  (19919): 	at io.netty.channel.nio.AbstractNioByteChannel$NioByteUnsafe.read(AbstractNioByteChannel.java:131)
05-18 09:57:15.510 E/appium  (19919): 	at io.netty.channel.nio.NioEventLoop.processSelectedKey(NioEventLoop.java:611)
05-18 09:57:15.510 E/appium  (19919): 	at io.netty.channel.nio.NioEventLoop.processSelectedKeysPlain(NioEventLoop.java:514)
05-18 09:57:15.510 E/appium  (19919): 	at io.netty.channel.nio.NioEventLoop.processSelectedKeys(NioEventLoop.java:468)
05-18 09:57:15.510 E/appium  (19919): 	at io.netty.channel.nio.NioEventLoop.run(NioEventLoop.java:438)
05-18 09:57:15.510 E/appium  (19919): 	at io.netty.util.concurrent.SingleThreadEventExecutor$2.run(SingleThreadEventExecutor.java:140)
05-18 09:57:15.510 E/appium  (19919): 	at io.netty.util.concurrent.DefaultThreadFactory$DefaultRunnableDecorator.run(DefaultThreadFactory.java:144)
05-18 09:57:15.510 E/appium  (19919): 	at java.lang.Thread.run(Thread.java:818)
05-18 09:57:15.598 E/WifiTrafficPoller(  851): TRAFFIC_STATS_POLL true Token 2644 num clients 19
05-18 09:57:15.598 E/WifiTrafficPoller(  851):  packet count Tx=1751647 Rx=5777606
05-18 09:57:16.498 E/appium  (19919): Element not found: 
05-18 09:57:16.498 E/appium  (19919): io.appium.uiautomator2.common.exceptions.ElementNotFoundException: Could not find an element using supplied strategy. 
05-18 09:57:16.498 E/appium  (19919): 	at io.appium.uiautomator2.handler.FindElement.getXPathUiObject(FindElement.java:80)
05-18 09:57:16.498 E/appium  (19919): 	at io.appium.uiautomator2.handler.FindElement.findElement(FindElement.java:153)
05-18 09:57:16.498 E/appium  (19919): 	at io.appium.uiautomator2.handler.FindElement.safeHandle(FindElement.java:102)
05-18 09:57:16.498 E/appium  (19919): 	at io.appium.uiautomator2.handler.request.SafeRequestHandler.handle(SafeRequestHandler.java:56)
05-18 09:57:16.498 E/appium  (19919): 	at io.appium.uiautomator2.server.AppiumServlet.handleRequest(AppiumServlet.java:202)
05-18 09:57:16.498 E/appium  (19919): 	at io.appium.uiautomator2.server.AppiumServlet.handleHttpRequest(AppiumServlet.java:193)
05-18 09:57:16.498 E/appium  (19919): 	at io.appium.uiautomator2.http.ServerHandler.channelRead(ServerHandler.java:44)
05-18 09:57:16.498 E/appium  (19919): 	at io.netty.channel.AbstractChannelHandlerContext.invokeChannelRead(AbstractChannelHandlerContext.java:366)
05-18 09:57:16.498 E/appium  (19919): 	at io.netty.channel.AbstractChannelHandlerContext.invokeChannelRead(AbstractChannelHandlerContext.java:352)
05-18 09:57:16.498 E/appium  (19919): 	at io.netty.channel.AbstractChannelHandlerContext.fireChannelRead(AbstractChannelHandlerContext.java:345)
05-18 09:57:16.498 E/appium  (19919): 	at io.netty.handler.codec.MessageToMessageDecoder.channelRead(MessageToMessageDecoder.java:102)
05-18 09:57:16.498 E/appium  (19919): 	at io.netty.channel.AbstractChannelHandlerContext.invokeChannelRead(AbstractChannelHandlerContext.java:366)
05-18 09:57:16.498 E/appium  (19919): 	at io.netty.channel.AbstractChannelHandlerContext.invokeChannelRead(AbstractChannelHandlerContext.java:352)
05-18 09:57:16.498 E/appium  (19919): 	at io.netty.channel.AbstractChannelHandlerContext.fireChannelRead(AbstractChannelHandlerContext.java:345)
05-18 09:57:16.498 E/appium  (19919): 	at io.netty.channel.CombinedChannelDuplexHandler$DelegatingChannelHandlerContext.fireChannelRead(CombinedChannelDuplexHandler.java:435)
05-18 09:57:16.498 E/appium  (19919): 	at io.netty.handler.codec.ByteToMessageDecoder.fireChannelRead(ByteToMessageDecoder.java:293)
05-18 09:57:16.498 E/appium  (19919): 	at io.netty.handler.codec.ByteToMessageDecoder.channelRead(ByteToMessageDecoder.java:267)
05-18 09:57:16.498 E/appium  (19919): 	at io.netty.channel.CombinedChannelDuplexHandler.channelRead(CombinedChannelDuplexHandler.java:250)
05-18 09:57:16.498 E/appium  (19919): 	at io.netty.channel.AbstractChannelHandlerContext.invokeChannelRead(AbstractChannelHandlerContext.java:366)
05-18 09:57:16.498 E/appium  (19919): 	at io.netty.channel.AbstractChannelHandlerContext.invokeChannelRead(AbstractChannelHandlerContext.java:352)
05-18 09:57:16.498 E/appium  (19919): 	at io.netty.channel.AbstractChannelHandlerContext.fireChannelRead(AbstractChannelHandlerContext.java:345)
05-18 09:57:16.498 E/appium  (19919): 	at io.netty.channel.DefaultChannelPipeline$HeadContext.channelRead(DefaultChannelPipeline.java:1294)
05-18 09:57:16.498 E/appium  (19919): 	at io.netty.channel.AbstractChannelHandlerContext.invokeChannelRead(AbstractChannelHandlerContext.java:366)
05-18 09:57:16.498 E/appium  (19919): 	at io.netty.channel.AbstractChannelHandlerContext.invokeChannelRead(AbstractChannelHandlerContext.java:352)
05-18 09:57:16.498 E/appium  (19919): 	at io.netty.channel.DefaultChannelPipeline.fireChannelRead(DefaultChannelPipeline.java:911)
05-18 09:57:16.498 E/appium  (19919): 	at io.netty.channel.nio.AbstractNioByteChannel$NioByteUnsafe.read(AbstractNioByteChannel.java:131)
05-18 09:57:16.498 E/appium  (19919): 	at io.netty.channel.nio.NioEventLoop.processSelectedKey(NioEventLoop.java:611)
05-18 09:57:16.498 E/appium  (19919): 	at io.netty.channel.nio.NioEventLoop.processSelectedKeysPlain(NioEventLoop.java:514)
05-18 09:57:16.498 E/appium  (19919): 	at io.netty.channel.nio.NioEventLoop.processSelectedKeys(NioEventLoop.java:468)
05-18 09:57:16.498 E/appium  (19919): 	at io.netty.channel.nio.NioEventLoop.run(NioEventLoop.java:438)
05-18 09:57:16.498 E/appium  (19919): 	at io.netty.util.concurrent.SingleThreadEventExecutor$2.run(SingleThreadEventExecutor.java:140)
05-18 09:57:16.498 E/appium  (19919): 	at io.netty.util.concurrent.DefaultThreadFactory$DefaultRunnableDecorator.run(DefaultThreadFactory.java:144)
05-18 09:57:16.498 E/appium  (19919): 	at java.lang.Thread.run(Thread.java:818)
05-18 09:57:16.599 E/WifiTrafficPoller(  851): TRAFFIC_STATS_POLL true Token 2644 num clients 19
05-18 09:57:16.600 E/WifiTrafficPoller(  851):  packet count Tx=1751805 Rx=5777934
