--------- beginning of /dev/log/system
--------- beginning of /dev/log/main
05-19 17:33:34.237 E/AccessibilityNodeInfoCache(29073): Disconneced node: android.view.accessibility.AccessibilityNodeInfo@4841f; boundsInParent: Rect(0, 0 - 52, 36); boundsInScreen: Rect(152, 1672 - 204, 1708); packageName: com.boco.apphall; className: android.widget.TextView; text: 亿阳; contentDescription: null; viewIdResName: com.boco.apphall:id/developer_title_write; checkable: false; checked: false; focusable: false; focused: false; selected: false; clickable: false; longClickable: false; enabled: true; password: false; scrollable: false; [ACTION_SELECT, ACTION_CLEAR_SELECTION, ACTION_ACCESSIBILITY_FOCUS, ACTION_NEXT_AT_MOVEMENT_GRANULARITY, ACTION_PREVIOUS_AT_MOVEMENT_GRANULARITY, ACTION_SET_SELECTION]
05-19 17:33:34.237 E/AccessibilityNodeInfoCache(29073): Disconneced node: android.view.accessibility.AccessibilityNodeInfo@4c3f0; boundsInParent: Rect(0, 0 - 900, 1124); boundsInScreen: Rect(900, 391 - 1800, 1515); packageName: com.boco.apphall; className: android.widget.LinearLayout; text: null; contentDescription: null; viewIdResName: null; checkable: false; checked: false; focusable: false; focused: false; selected: false; clickable: false; longClickable: false; enabled: true; password: false; scrollable: false; [ACTION_SELECT, ACTION_CLEAR_SELECTION, ACTION_ACCESSIBILITY_FOCUS]
05-19 17:33:34.237 E/AccessibilityNodeInfoCache(29073): Disconneced node: android.view.accessibility.AccessibilityNodeInfo@4cf33; boundsInParent: Rect(0, 0 - 900, 359); boundsInScreen: Rect(900, 391 - 1800, 750); packageName: com.boco.apphall; className: android.widget.LinearLayout; text: null; contentDescription: null; viewIdResName: com.boco.apphall:id/comment_layout; checkable: false; checked: false; focusable: false; focused: false; selected: false; clickable: false; longClickable: false; enabled: true; password: false; scrollable: false; [ACTION_SELECT, ACTION_CLEAR_SELECTION, ACTION_ACCESSIBILITY_FOCUS]
05-19 17:33:34.237 E/AccessibilityNodeInfoCache(29073): Disconneced node: android.view.accessibility.AccessibilityNodeInfo@4da76; boundsInParent: Rect(0, 0 - 872, 1); boundsInScreen: Rect(14, 645 - 886, 646); packageName: com.boco.apphall; className: android.view.View; text: null; contentDescription: null; viewIdResName: null; checkable: false; checked: false; focusable: false; focused: false; selected: false; clickable: false; longClickable: false; enabled: true; password: false; scrollable: false; [ACTION_SELECT, ACTION_CLEAR_SELECTION, ACTION_ACCESSIBILITY_FOCUS]
05-19 17:33:34.237 E/AccessibilityNodeInfoCache(29073): Disconneced node: android.view.accessibility.AccessibilityNodeInfo@4de37; boundsInParent: Rect(0, 0 - 872, 2); boundsInScreen: Rect(14, 1227 - 886, 1229); packageName: com.boco.apphall; className: android.view.View; text: null; contentDescription: null; viewIdResName: null; checkable: false; checked: false; focusable: false; focused: false; selected: false; clickable: false; longClickable: false; enabled: true; password: false; scrollable: false; [ACTION_SELECT, ACTION_CLEAR_SELECTION, ACTION_ACCESSIBILITY_FOCUS]
05-19 17:33:34.237 E/AccessibilityNodeInfoCache(29073): Disconneced node: android.view.accessibility.AccessibilityNodeInfo@4e1f8; boundsInParent: Rect(0, 0 - 872, 229); boundsInScreen: Rect(14, 1239 - 886, 1468); packageName: com.boco.apphall; className: android.widget.RelativeLayout; text: null; contentDescription: null; viewIdResName: com.boco.apphall:id/app_detail_layout3; checkable: false; checked: false; focusable: false; focused: false; selected: false; clickable: false; longClickable: false; enabled: true; password: false; scrollable: false; [ACTION_SELECT, ACTION_CLEAR_SELECTION, ACTION_ACCESSIBILITY_FOCUS]
05-19 17:33:34.237 E/AccessibilityNodeInfoCache(29073): Disconneced node: android.view.accessibility.AccessibilityNodeInfo@4e5b9; boundsInParent: Rect(0, 0 - 872, 1); boundsInScreen: Rect(14, 1478 - 886, 1479); packageName: com.boco.apphall; className: android.view.View; text: null; contentDescription: null; viewIdResName: null; checkable: false; checked: false; focusable: false; focused: false; selected: false; clickable: false; longClickable: false; enabled: true; password: false; scrollable: false; [ACTION_SELECT, ACTION_CLEAR_SELECTION, ACTION_ACCESSIBILITY_FOCUS]
05-19 17:33:34.237 E/AccessibilityNodeInfoCache(29073): Disconneced node: android.view.accessibility.AccessibilityNodeInfo@4e97a; boundsInParent: Rect(0, 0 - 872, 229); boundsInScreen: Rect(14, 1489 - 886, 1718); packageName: com.boco.apphall; className: android.widget.RelativeLayout; text: null; contentDescription: null; viewIdResName: com.boco.apphall:id/app_detail_layout4; checkable: false; checked: false; focusable: false; focused: false; selected: false; clickable: false; longClickable: false; enabled: true; password: false; scrollable: false; [ACTION_SELECT, ACTION_CLEAR_SELECTION, ACTION_ACCESSIBILITY_FOCUS]
05-19 17:33:34.237 E/AccessibilityNodeInfoCache(29073): Disconneced node: android.view.accessibility.AccessibilityNodeInfo@4f4bd; boundsInParent: Rect(0, 0 - 238, 214); boundsInScreen: Rect(608, 411 - 846, 625); packageName: com.boco.apphall; className: android.widget.LinearLayout; text: null; contentDescription: null; viewIdResName: com.boco.apphall:id/app_detail_layout23; checkable: false; checked: false; focusable: false; focused: false; selected: false; clickable: false; longClickable: false; enabled: true; password: false; scrollable: false; [ACTION_SELECT, ACTION_CLEAR_SELECTION, ACTION_ACCESSIBILITY_FOCUS]
05-19 17:33:34.237 E/AccessibilityNodeInfoCache(29073): Disconneced node: android.view.accessibility.AccessibilityNodeInfo@6ebc3; boundsInParent: Rect(0, 0 - 280, 460); boundsInScreen: Rect(14, 767 - 294, 1227); packageName: com.boco.apphall; className: android.widget.RelativeLayout; text: null; contentDescription: null; viewIdResName: null; checkable: false; checked: false; focusable: false; focused: false; selected: false; clickable: true; longClickable: false; enabled: true; password: false; scrollable: false; [ACTION_SELECT, ACTION_CLEAR_SELECTION, ACTION_CLICK, ACTION_ACCESSIBILITY_FOCUS]
05-19 17:33:34.237 E/AccessibilityNodeInfoCache(29073): Disconneced node: android.view.accessibility.AccessibilityNodeInfo@6ef84; boundsInParent: Rect(0, 0 - 280, 460); boundsInScreen: Rect(294, 767 - 574, 1227); packageName: com.boco.apphall; className: android.widget.RelativeLayout; text: null; contentDescription: null; viewIdResName: null; checkable: false; checked: false; focusable: false; focused: false; selected: false; clickable: true; longClickable: false; enabled: true; password: false; scrollable: false; [ACTION_SELECT, ACTION_CLEAR_SELECTION, ACTION_CLICK, ACTION_ACCESSIBILITY_FOCUS]
05-19 17:33:34.237 E/AccessibilityNodeInfoCache(29073): Disconneced node: android.view.accessibility.AccessibilityNodeInfo@6f345; boundsInParent: Rect(0, 0 - 280, 460); boundsInScreen: Rect(574, 767 - 854, 1227); packageName: com.boco.apphall; className: android.widget.RelativeLayout; text: null; contentDescription: null; viewIdResName: null; checkable: false; checked: false; focusable: false; focused: false; selected: false; clickable: true; longClickable: false; enabled: true; password: false; scrollable: false; [ACTION_SELECT, ACTION_CLEAR_SELECTION, ACTION_CLICK, ACTION_ACCESSIBILITY_FOCUS]
05-19 17:33:34.237 E/AccessibilityNodeInfoCache(29073): Disconneced node: android.view.accessibility.AccessibilityNodeInfo@6f706; boundsInParent: Rect(0, 0 - 280, 460); boundsInScreen: Rect(854, 767 - 1134, 1227); packageName: com.boco.apphall; className: android.widget.RelativeLayout; text: null; contentDescription: null; viewIdResName: null; checkable: false; checked: false; focusable: false; focused: false; selected: false; clickable: true; longClickable: false; enabled: true; password: false; scrollable: false; [ACTION_SELECT, ACTION_CLEAR_SELECTION, ACTION_CLICK, ACTION_ACCESSIBILITY_FOCUS]
05-19 17:33:34.237 E/AccessibilityNodeInfoCache(29073): Disconneced node: android.view.accessibility.AccessibilityNodeInfo@6fac7; boundsInParent: Rect(0, 0 - 260, 440); boundsInScreen: Rect(24, 777 - 284, 1217); packageName: com.boco.apphall; className: android.view.View; text: null; contentDescription: null; viewIdResName: com.boco.apphall:id/id_index_gallery_item_image_bg; checkable: false; checked: false; focusable: false; focused: false; selected: false; clickable: false; longClickable: false; enabled: true; password: false; scrollable: false; [ACTION_SELECT, ACTION_CLEAR_SELECTION, ACTION_ACCESSIBILITY_FOCUS]
05-19 17:33:34.237 E/AccessibilityNodeInfoCache(29073): Disconneced node: android.view.accessibility.AccessibilityNodeInfo@6fe88; boundsInParent: Rect(0, 0 - 260, 440); boundsInScreen: Rect(24, 777 - 284, 1217); packageName: com.boco.apphall; className: android.widget.ImageView; text: null; contentDescription: null; viewIdResName: com.boco.apphall:id/id_index_gallery_item_image; checkable: false; checked: false; focusable: false; focused: false; selected: false; clickable: false; longClickable: false; enabled: true; password: false; scrollable: false; [ACTION_SELECT, ACTION_CLEAR_SELECTION, ACTION_ACCESSIBILITY_FOCUS]
05-19 17:33:34.237 E/AccessibilityNodeInfoCache(29073): Disconneced node: android.view.accessibility.AccessibilityNodeInfo@70249; boundsInParent: Rect(0, 0 - 260, 440); boundsInScreen: Rect(304, 777 - 564, 1217); packageName: com.boco.apphall; className: android.view.View; text: null; contentDescription: null; viewIdResName: com.boco.apphall:id/id_index_gallery_item_image_bg; checkable: false; checked: false; focusable: false; focused: false; selected: false; clickable: false; longClickable: false; enabled: true; password: false; scrollable: false; [ACTION_SELECT, ACTION_CLEAR_SELECTION, ACTION_ACCESSIBILITY_FOCUS]
05-19 17:33:34.237 E/AccessibilityNodeInfoCache(29073): Disconneced node: android.view.accessibility.AccessibilityNodeInfo@7060a; boundsInParent: Rect(0, 0 - 260, 440); boundsInScreen: Rect(304, 777 - 564, 1217); packageName: com.boco.apphall; className: android.widget.ImageView; text: null; contentDescription: null; viewIdResName: com.boco.apphall:id/id_index_gallery_item_image; checkable: false; checked: false; focusable: false; focused: false; selected: false; clickable: false; longClickable: false; enabled: true; password: false; scrollable: false; [ACTION_SELECT, ACTION_CLEAR_SELECTION, ACTION_ACCESSIBILITY_FOCUS]
05-19 17:33:34.237 E/AccessibilityNodeInfoCache(29073): Disconneced node: android.view.accessibility.AccessibilityNodeInfo@709cb; boundsInParent: Rect(0, 0 - 260, 440); boundsInScreen: Rect(584, 777 - 844, 1217); packageName: com.boco.apphall; className: android.view.View; text: null; contentDescription: null; viewIdResName: com.boco.apphall:id/id_index_gallery_item_image_bg; checkable: false; checked: false; focusable: false; focused: false; selected: false; clickable: false; longClickable: false; enabled: true; password: false; scrollable: false; [ACTION_SELECT, ACTION_CLEAR_SELECTION, ACTION_ACCESSIBILITY_FOCUS]
05-19 17:33:34.237 E/AccessibilityNodeInfoCache(29073): Disconneced node: android.view.accessibility.AccessibilityNodeInfo@70d8c; boundsInParent: Rect(0, 0 - 260, 440); boundsInScreen: Rect(584, 777 - 844, 1217); packageName: com.boco.apphall; className: android.widget.ImageView; text: null; contentDescription: null; viewIdResName: com.boco.apphall:id/id_index_gallery_item_image; checkable: false; checked: false; focusable: false; focused: false; selected: false; clickable: false; longClickable: false; enabled: true; password: false; scrollable: false; [ACTION_SELECT, ACTION_CLEAR_SELECTION, ACTION_ACCESSIBILITY_FOCUS]
05-19 17:33:34.237 E/AccessibilityNodeInfoCache(29073): Disconneced node: android.view.accessibility.AccessibilityNodeInfo@7114d; boundsInParent: Rect(0, 0 - 260, 440); boundsInScreen: Rect(864, 777 - 1124, 1217); packageName: com.boco.apphall; className: android.view.View; text: null; contentDescription: null; viewIdResName: com.boco.apphall:id/id_index_gallery_item_image_bg; checkable: false; checked: false; focusable: false; focused: false; selected: false; clickable: false; longClickable: false; enabled: true; password: false; scrollable: false; [ACTION_SELECT, ACTION_CLEAR_SELECTION, ACTION_ACCESSIBILITY_FOCUS]
05-19 17:33:34.237 E/AccessibilityNodeInfoCache(29073): Disconneced node: android.view.accessibility.AccessibilityNodeInfo@7150e; boundsInParent: Rect(0, 0 - 260, 440); boundsInScreen: Rect(864, 777 - 1124, 1217); packageName: com.boco.apphall; className: android.widget.ImageView; text: null; contentDescription: null; viewIdResName: com.boco.apphall:id/id_index_gallery_item_image; checkable: false; checked: false; focusable: false; focused: false; selected: false; clickable: false; longClickable: false; enabled: true; password: false; scrollable: false; [ACTION_SELECT, ACTION_CLEAR_SELECTION, ACTION_ACCESSIBILITY_FOCUS]
05-19 17:33:34.237 E/AccessibilityNodeInfoCache(29073): Disconneced node: android.view.accessibility.AccessibilityNodeInfo@718cf; boundsInParent: Rect(0, 0 - 900, 215); boundsInScreen: Rect(900, 452 - 1800, 667); packageName: com.boco.apphall; className: android.widget.RelativeLayout; text: null; contentDescription: null; viewIdResName: null; checkable: false; checked: false; focusable: false; focused: false; selected: false; clickable: false; longClickable: false; enabled: true; password: false; scrollable: false; [ACTION_SELECT, ACTION_CLEAR_SELECTION, ACTION_ACCESSIBILITY_FOCUS]
05-19 17:33:34.237 E/AccessibilityNodeInfoCache(29073): Disconneced node: android.view.accessibility.AccessibilityNodeInfo@71c90; boundsInParent: Rect(0, 0 - 820, 1); boundsInScreen: Rect(940, 687 - 1760, 688); packageName: com.boco.apphall; className: android.view.View; text: null; contentDescription: null; viewIdResName: null; checkable: false; checked: false; focusable: false; focused: false; selected: false; clickable: false; longClickable: false; enabled: true; password: false; scrollable: false; [ACTION_SELECT, ACTION_CLEAR_SELECTION, ACTION_ACCESSIBILITY_FOCUS]
05-19 17:33:34.237 E/AccessibilityNodeInfoCache(29073): Disconneced node: android.view.accessibility.AccessibilityNodeInfo@72051; boundsInParent: Rect(0, 0 - 900, 41); boundsInScreen: Rect(900, 698 - 1800, 739); packageName: com.boco.apphall; className: android.widget.RelativeLayout; text: null; contentDescription: null; viewIdResName: com.boco.apphall:id/app_detail_layout3; checkable: false; checked: false; focusable: false; focused: false; selected: false; clickable: false; longClickable: false; enabled: true; password: false; scrollable: false; [ACTION_SELECT, ACTION_CLEAR_SELECTION, ACTION_ACCESSIBILITY_FOCUS]
05-19 17:33:34.237 E/AccessibilityNodeInfoCache(29073): Disconneced node: android.view.accessibility.AccessibilityNodeInfo@72412; boundsInParent: Rect(0, 0 - 820, 1); boundsInScreen: Rect(940, 749 - 1760, 750); packageName: com.boco.apphall; className: android.view.View; text: null; contentDescription: null; viewIdResName: null; checkable: false; checked: false; focusable: false; focused: false; selected: false; clickable: false; longClickable: false; enabled: true; password: false; scrollable: false; [ACTION_SELECT, ACTION_CLEAR_SELECTION, ACTION_ACCESSIBILITY_FOCUS]
05-19 17:33:34.237 E/AccessibilityNodeInfoCache(29073): Disconneced node: android.view.accessibility.AccessibilityNodeInfo@727d3; boundsInParent: Rect(0, 0 - 200, 172); boundsInScreen: Rect(900, 452 - 1100, 624); packageName: com.boco.apphall; className: android.widget.RelativeLayout; text: null; contentDescription: null; viewIdResName: com.boco.apphall:id/comment_left_layout; checkable: false; checked: false; focusable: false; focused: false; selected: false; clickable: false; longClickable: false; enabled: true; password: false; scrollable: false; [ACTION_SELECT, ACTION_CLEAR_SELECTION, ACTION_ACCESSIBILITY_FOCUS]
05-19 17:33:34.237 E/AccessibilityNodeInfoCache(29073): Disconneced node: android.view.accessibility.AccessibilityNodeInfo@72b94; boundsInParent: Rect(0, 0 - 680, 215); boundsInScreen: Rect(1120, 452 - 1800, 667); packageName: com.boco.apphall; className: android.widget.RelativeLayout; text: null; contentDescription: null; viewIdResName: com.boco.apphall:id/comment_right_layout; checkable: false; checked: false; focusable: false; focused: false; selected: false; clickable: false; longClickable: false; enabled: true; password: false; scrollable: false; [ACTION_SELECT, ACTION_CLEAR_SELECTION, ACTION_ACCESSIBILITY_FOCUS]
05-19 17:33:34.237 E/AccessibilityNodeInfoCache(29073): Disconneced node: android.view.accessibility.AccessibilityNodeInfo@72f55; boundsInParent: Rect(0, 0 - 170, 30); boundsInScreen: Rect(930, 541 - 1100, 571); packageName: com.boco.apphall; className: android.widget.RatingBar; text: null; contentDescription: null; viewIdResName: com.boco.apphall:id/commentsRatingBar; checkable: false; checked: false; focusable: false; focused: false; selected: false; clickable: false; longClickable: false; enabled: true; password: false; scrollable: false; [ACTION_SELECT, ACTION_CLEAR_SELECTION, ACTION_ACCESSIBILITY_FOCUS, ACTION_SCROLL_FORWARD]
05-19 17:33:34.237 E/AccessibilityNodeInfoCache(29073): Disconneced node: android.view.accessibility.AccessibilityNodeInfo@73316; boundsInParent: Rect(0, 0 - 408, 43); boundsInScreen: Rect(1140, 452 - 1548, 495); packageName: com.boco.apphall; className: android.widget.RelativeLayout; text: null; contentDescription: null; viewIdResName: com.boco.apphall:id/fiveLayout; checkable: false; checked: false; focusable: false; focused: false; selected: false; clickable: false; longClickable: false; enabled: true; password: false; scrollable: false; [ACTION_SELECT, ACTION_CLEAR_SELECTION, ACTION_ACCESSIBILITY_FOCUS]
05-19 17:33:34.237 E/AccessibilityNodeInfoCache(29073): Disconneced node: android.view.accessibility.AccessibilityNodeInfo@736d7; boundsInParent: Rect(0, 0 - 640, 43); boundsInScreen: Rect(1140, 495 - 1780, 538); packageName: com.boco.apphall; className: android.widget.RelativeLayout; text: null; contentDescription: null; viewIdResName: com.boco.apphall:id/fourLayout; checkable: false; checked: false; focusable: false; focused: false; selected: false; clickable: false; longClickable: false; enabled: true; password: false; scrollable: false; [ACTION_SELECT, ACTION_CLEAR_SELECTION, ACTION_ACCESSIBILITY_FOCUS]
05-19 17:33:34.237 E/AccessibilityNodeInfoCache(29073): Disconneced node: android.view.accessibility.AccessibilityNodeInfo@73a98; boundsInParent: Rect(0, 0 - 640, 43); boundsInScreen: Rect(1140, 538 - 1780, 581); packageName: com.boco.apphall; className: android.widget.RelativeLayout; text: null; contentDescription: null; viewIdResName: com.boco.apphall:id/threeLayout; checkable: false; checked: false; focusable: false; focused: false; selected: false; clickable: false; longClickable: false; enabled: true; password: false; scrollable: false; [ACTION_SELECT, ACTION_CLEAR_SELECTION, ACTION_ACCESSIBILITY_FOCUS]
05-19 17:33:34.237 E/AccessibilityNodeInfoCache(29073): Disconneced node: android.view.accessibility.AccessibilityNodeInfo@73e59; boundsInParent: Rect(0, 0 - 640, 43); boundsInScreen: Rect(1140, 581 - 1780, 624); packageName: com.boco.apphall; className: android.widget.RelativeLayout; text: null; contentDescription: null; viewIdResName: com.boco.apphall:id/twoLayout; checkable: false; checked: false; focusable: false; focused: false; selected: false; clickable: false; longClickable: false; enabled: true; password: false; scrollable: false; [ACTION_SELECT, ACTION_CLEAR_SELECTION, ACTION_ACCESSIBILITY_FOCUS]
05-19 17:33:34.237 E/AccessibilityNodeInfoCache(29073): Disconneced node: android.view.accessibility.AccessibilityNodeInfo@7421a; boundsInParent: Rect(0, 0 - 640, 43); boundsInScreen: Rect(1140, 624 - 1780, 667); packageName: com.boco.apphall; className: android.widget.RelativeLayout; text: null; contentDescription: null; viewIdResName: com.boco.apphall:id/oneLayout; checkable: false; checked: false; focusable: false; focused: false; selected: false; clickable: false; longClickable: false; enabled: true; password: false; scrollable: false; [ACTION_SELECT, ACTION_CLEAR_SELECTION, ACTION_ACCESSIBILITY_FOCUS]
05-19 17:33:34.237 E/AccessibilityNodeInfoCache(29073): Disconneced node: android.view.accessibility.AccessibilityNodeInfo@745db; boundsInParent: Rect(0, 0 - 320, 20); boundsInScreen: Rect(1187, 463 - 1507, 483); packageName: com.boco.apphall; className: android.view.View; text: null; contentDescription: null; viewIdResName: com.boco.apphall:id/number_progress_bar_five; checkable: false; checked: false; focusable: false; focused: false; selected: false; clickable: false; longClickable: false; enabled: true; password: false; scrollable: false; [ACTION_SELECT, ACTION_CLEAR_SELECTION, ACTION_ACCESSIBILITY_FOCUS]
05-19 17:33:34.237 E/AccessibilityNodeInfoCache(29073): Disconneced node: android.view.accessibility.AccessibilityNodeInfo@7499c; boundsInParent: Rect(0, 0 - 320, 20); boundsInScreen: Rect(1187, 506 - 1507, 526); packageName: com.boco.apphall; className: android.view.View; text: null; contentDescription: null; viewIdResName: com.boco.apphall:id/number_progress_bar_four; checkable: false; checked: false; focusable: false; focused: false; selected: false; clickable: false; longClickable: false; enabled: true; password: false; scrollable: false; [ACTION_SELECT, ACTION_CLEAR_SELECTION, ACTION_ACCESSIBILITY_FOCUS]
05-19 17:33:34.237 E/AccessibilityNodeInfoCache(29073): Disconneced node: android.view.accessibility.AccessibilityNodeInfo@74d5d; boundsInParent: Rect(0, 0 - 320, 20); boundsInScreen: Rect(1187, 549 - 1507, 569); packageName: com.boco.apphall; className: android.view.View; text: null; contentDescription: null; viewIdResName: com.boco.apphall:id/number_progress_bar_three; checkable: false; checked: false; focusable: false; focused: false; selected: false; clickable: false; longClickable: false; enabled: true; password: false; scrollable: false; [ACTION_SELECT, ACTION_CLEAR_SELECTION, ACTION_ACCESSIBILITY_FOCUS]
05-19 17:33:34.237 E/AccessibilityNodeInfoCache(29073): Disconneced node: android.view.accessibility.AccessibilityNodeInfo@7511e; boundsInParent: Rect(0, 0 - 320, 20); boundsInScreen: Rect(1187, 592 - 1507, 612); packageName: com.boco.apphall; className: android.view.View; text: null; contentDescription: null; viewIdResName: com.boco.apphall:id/number_progress_bar_two; checkable: false; checked: false; focusable: false; focused: false; selected: false; clickable: false; longClickable: false; enabled: true; password: false; scrollable: false; [ACTION_SELECT, ACTION_CLEAR_SELECTION, ACTION_ACCESSIBILITY_FOCUS]
05-19 17:33:34.237 E/AccessibilityNodeInfoCache(29073): Disconneced node: android.view.accessibility.AccessibilityNodeInfo@754df; boundsInParent: Rect(0, 0 - 320, 20); boundsInScreen: Rect(1187, 635 - 1507, 655); packageName: com.boco.apphall; className: android.view.View; text: null; contentDescription: null; viewIdResName: com.boco.apphall:id/number_progress_bar_one; checkable: false; checked: false; focusable: false; focused: false; selected: false; clickable: false; longClickable: false; enabled: true; password: false; scrollable: false; [ACTION_SELECT, ACTION_CLEAR_SELECTION, ACTION_ACCESSIBILITY_FOCUS]
05-19 17:33:46.477 E/Cataloger( 1207): syncFile:/storage/emulated/0/appHall_guangxi_folder/download/1495186404560BOCO_GX_GLDD_V1.4_1705081830_9292_D.apk
05-19 17:33:47.527 E/AccessibilityNodeInfoCache(29073): Disconneced node: android.view.accessibility.AccessibilityNodeInfo@2cea25; boundsInParent: Rect(0, 0 - 836, 40); boundsInScreen: Rect(32, 163 - 868, 203); packageName: com.android.packageinstaller; className: android.widget.FrameLayout; text: null; contentDescription: null; viewIdResName: com.android.packageinstaller:id/top_divider; checkable: false; checked: false; focusable: false; focused: false; selected: false; clickable: false; longClickable: false; enabled: true; password: false; scrollable: false; [ACTION_SELECT, ACTION_CLEAR_SELECTION, ACTION_ACCESSIBILITY_FOCUS]
05-19 17:33:47.527 E/AccessibilityNodeInfoCache(29073): Disconneced node: android.view.accessibility.AccessibilityNodeInfo@2dcb61; boundsInParent: Rect(0, 0 - 836, 32); boundsInScreen: Rect(32, 171 - 868, 203); packageName: com.android.packageinstaller; className: android.widget.ProgressBar; text: null; contentDescription: null; viewIdResName: com.android.packageinstaller:id/progress_bar; checkable: false; checked: false; focusable: false; focused: false; selected: false; clickable: false; longClickable: false; enabled: true; password: false; scrollable: false; [ACTION_SELECT, ACTION_CLEAR_SELECTION, ACTION_ACCESSIBILITY_FOCUS]
05-19 17:33:47.527 E/AccessibilityNodeInfoCache(29073): Disconneced node: android.view.accessibility.AccessibilityNodeInfo@2cea25; boundsInParent: Rect(0, 0 - 836, 40); boundsInScreen: Rect(32, 163 - 868, 203); packageName: com.android.packageinstaller; className: android.widget.FrameLayout; text: null; contentDescription: null; viewIdResName: com.android.packageinstaller:id/top_divider; checkable: false; checked: false; focusable: false; focused: false; selected: false; clickable: false; longClickable: false; enabled: true; password: false; scrollable: false; [ACTION_SELECT, ACTION_CLEAR_SELECTION, ACTION_ACCESSIBILITY_FOCUS]
05-19 17:33:47.527 E/AccessibilityNodeInfoCache(29073): Disconneced node: android.view.accessibility.AccessibilityNodeInfo@2dcb61; boundsInParent: Rect(0, 0 - 836, 32); boundsInScreen: Rect(32, 171 - 868, 203); packageName: com.android.packageinstaller; className: android.widget.ProgressBar; text: null; contentDescription: null; viewIdResName: com.android.packageinstaller:id/progress_bar; checkable: false; checked: false; focusable: false; focused: false; selected: false; clickable: false; longClickable: false; enabled: true; password: false; scrollable: false; [ACTION_SELECT, ACTION_CLEAR_SELECTION, ACTION_ACCESSIBILITY_FOCUS]
05-19 17:33:47.527 E/AccessibilityNodeInfoCache(29073): Disconneced node: android.view.accessibility.AccessibilityNodeInfo@2cea25; boundsInParent: Rect(0, 0 - 836, 40); boundsInScreen: Rect(32, 163 - 868, 203); packageName: com.android.packageinstaller; className: android.widget.FrameLayout; text: null; contentDescription: null; viewIdResName: com.android.packageinstaller:id/top_divider; checkable: false; checked: false; focusable: false; focused: false; selected: false; clickable: false; longClickable: false; enabled: true; password: false; scrollable: false; [ACTION_SELECT, ACTION_CLEAR_SELECTION, ACTION_ACCESSIBILITY_FOCUS]
05-19 17:33:47.527 E/AccessibilityNodeInfoCache(29073): Disconneced node: android.view.accessibility.AccessibilityNodeInfo@2dcb61; boundsInParent: Rect(0, 0 - 836, 32); boundsInScreen: Rect(32, 171 - 868, 203); packageName: com.android.packageinstaller; className: android.widget.ProgressBar; text: null; contentDescription: null; viewIdResName: com.android.packageinstaller:id/progress_bar; checkable: false; checked: false; focusable: false; focused: false; selected: false; clickable: false; longClickable: false; enabled: true; password: false; scrollable: false; [ACTION_SELECT, ACTION_CLEAR_SELECTION, ACTION_ACCESSIBILITY_FOCUS]
05-19 17:33:47.537 E/AccessibilityNodeInfoCache(29073): Disconneced node: android.view.accessibility.AccessibilityNodeInfo@2cea25; boundsInParent: Rect(0, 0 - 836, 40); boundsInScreen: Rect(32, 163 - 868, 203); packageName: com.android.packageinstaller; className: android.widget.FrameLayout; text: null; contentDescription: null; viewIdResName: com.android.packageinstaller:id/top_divider; checkable: false; checked: false; focusable: false; focused: false; selected: false; clickable: false; longClickable: false; enabled: true; password: false; scrollable: false; [ACTION_SELECT, ACTION_CLEAR_SELECTION, ACTION_ACCESSIBILITY_FOCUS]
05-19 17:33:47.537 E/AccessibilityNodeInfoCache(29073): Disconneced node: android.view.accessibility.AccessibilityNodeInfo@2dcb61; boundsInParent: Rect(0, 0 - 836, 32); boundsInScreen: Rect(32, 171 - 868, 203); packageName: com.android.packageinstaller; className: android.widget.ProgressBar; text: null; contentDescription: null; viewIdResName: com.android.packageinstaller:id/progress_bar; checkable: false; checked: false; focusable: false; focused: false; selected: false; clickable: false; longClickable: false; enabled: true; password: false; scrollable: false; [ACTION_SELECT, ACTION_CLEAR_SELECTION, ACTION_ACCESSIBILITY_FOCUS]
05-19 17:33:49.377 E/InputDispatcher(  477): channel '4a967a08 com.boco.gx.breakpointsearch/com.boco.gx.breakpointsearch.activity.MainActivity (server)' ~ Channel is unrecoverably broken and will be disposed!
05-19 17:33:49.377 E/InputDispatcher(  477): channel '4a968564 com.boco.gx.breakpointsearch/com.boco.gx.breakpointsearch.activity.GetPointLatlngWriting (server)' ~ Channel is unrecoverably broken and will be disposed!
05-19 17:33:49.987 E/NetworkScheduler.SR(  703): Invalid parameter app
05-19 17:33:49.997 E/NetworkScheduler.SR(  703): Invalid package name : Perhaps you didn't include a PendingIntent in the extras?
05-19 17:33:50.007 E/Drive.UninstallOperation(23072): Package still installed com.boco.gx.breakpointsearch
05-19 17:33:52.157 E/Finsky  (11759): [1] com.google.android.finsky.wear.bl.a(847): onConnectionFailed: ConnectionResult{statusCode=API_UNAVAILABLE, resolution=null, message=null}
05-19 17:33:52.257 E/Cataloger( 1207): syncFile:/storage/emulated/0/appHall_guangxi_folder/download/1495186404560BOCO_GX_GLDD_V1.4_1705081830_9292_D.apk
05-19 17:33:52.297 E/Cataloger( 1207): syncFile:/storage/emulated/0/Android/data/com.estrongs.android.pop/recomm/setting.download.tmp.tmp
05-19 17:33:52.297 E/Cataloger( 1207): need not sync path:/storage/emulated/0/Android/data/com.estrongs.android.pop/recomm/setting.download.tmp.tmp
05-19 17:33:52.297 E/Cataloger( 1207): syncFile:/storage/emulated/0/Android/data/com.estrongs.android.pop/recomm/setting.download.tmp.tmp
05-19 17:33:52.297 E/Cataloger( 1207): need not sync path:/storage/emulated/0/Android/data/com.estrongs.android.pop/recomm/setting.download.tmp.tmp
05-19 17:33:53.327 E/NetworkScheduler.SR(  703): Invalid parameter app
05-19 17:33:53.327 E/NetworkScheduler.SR(  703): Invalid package name : Perhaps you didn't include a PendingIntent in the extras?
05-19 17:34:52.297 E/Cataloger( 1207): syncFile:/storage/emulated/0/Android/data/com.estrongs.android.pop/recomm/setting.download.tmp.tmp
05-19 17:34:52.297 E/Cataloger( 1207): need not sync path:/storage/emulated/0/Android/data/com.estrongs.android.pop/recomm/setting.download.tmp.tmp
05-19 17:34:52.297 E/Cataloger( 1207): syncFile:/storage/emulated/0/Android/data/com.estrongs.android.pop/recomm/setting.download.tmp.tmp
05-19 17:34:52.297 E/Cataloger( 1207): need not sync path:/storage/emulated/0/Android/data/com.estrongs.android.pop/recomm/setting.download.tmp.tmp
05-19 17:34:52.297 E/Cataloger( 1207): syncFile:/storage/emulated/0/Android/data/com.estrongs.android.pop/recomm/setting.download.tmp.tmp
05-19 17:34:52.297 E/Cataloger( 1207): need not sync path:/storage/emulated/0/Android/data/com.estrongs.android.pop/recomm/setting.download.tmp.tmp
05-19 17:34:52.297 E/Cataloger( 1207): syncFile:/storage/emulated/0/Android/data/com.estrongs.android.pop/recomm/setting.download.tmp.tmp
05-19 17:34:52.297 E/Cataloger( 1207): need not sync path:/storage/emulated/0/Android/data/com.estrongs.android.pop/recomm/setting.download.tmp.tmp
05-19 17:34:52.487 E/Cataloger( 1207): syncFile:/storage/emulated/0/Android/data/com.estrongs.android.pop/recomm/setting.download.tmp.tmp
05-19 17:34:52.487 E/Cataloger( 1207): need not sync path:/storage/emulated/0/Android/data/com.estrongs.android.pop/recomm/setting.download.tmp.tmp
05-19 17:34:52.487 E/Cataloger( 1207): 重复删除命令
05-19 17:34:52.487 E/Cataloger( 1207): syncFile:/storage/emulated/0/Android/data/com.estrongs.android.pop/recomm/setting.download.tmp
05-19 17:34:52.487 E/Cataloger( 1207): need not sync path:/storage/emulated/0/Android/data/com.estrongs.android.pop/recomm/setting.download.tmp
05-19 17:34:52.487 E/Cataloger( 1207): syncFile:/storage/emulated/0/Android/data/com.estrongs.android.pop/recomm/setting.download.tmp
05-19 17:34:52.497 E/Cataloger( 1207): need not sync path:/storage/emulated/0/Android/data/com.estrongs.android.pop/recomm/setting.download.tmp
05-19 17:35:09.686 E/memtrack(29243): Couldn't load memtrack module (No such file or directory)
05-19 17:35:09.686 E/android.os.Debug(29243): failed to load memtrack module: -2
05-19 17:35:09.716 E/cutils-trace(29243): Error opening trace file: No such file or directory (2)
05-19 17:35:10.756 E/memtrack(29255): Couldn't load memtrack module (No such file or directory)
05-19 17:35:10.756 E/android.os.Debug(29255): failed to load memtrack module: -2
05-19 17:35:10.786 E/cutils-trace(29255): Error opening trace file: No such file or directory (2)
05-19 17:35:10.906 E/Cataloger( 1207): syncFile:/storage/emulated/0/Android/data/com.boco.apphall/cache/uil-images/journal
05-19 17:35:10.906 E/Cataloger( 1207): need not sync path:/storage/emulated/0/Android/data/com.boco.apphall/cache/uil-images/journal
05-19 17:35:11.576 E/memtrack(29272): Couldn't load memtrack module (No such file or directory)
05-19 17:35:11.576 E/android.os.Debug(29272): failed to load memtrack module: -2
05-19 17:35:11.606 E/cutils-trace(29272): Error opening trace file: No such file or directory (2)
05-19 17:35:12.706 E/memtrack(29288): Couldn't load memtrack module (No such file or directory)
05-19 17:35:12.706 E/android.os.Debug(29288): failed to load memtrack module: -2
05-19 17:35:12.716 E/cutils-trace(29288): Error opening trace file: No such file or directory (2)
05-19 17:35:14.156 E/memtrack(29304): Couldn't load memtrack module (No such file or directory)
05-19 17:35:14.156 E/android.os.Debug(29304): failed to load memtrack module: -2
05-19 17:35:14.186 E/cutils-trace(29304): Error opening trace file: No such file or directory (2)
05-19 17:35:14.876 E/memtrack(29316): Couldn't load memtrack module (No such file or directory)
05-19 17:35:14.876 E/android.os.Debug(29316): failed to load memtrack module: -2
05-19 17:35:14.896 E/cutils-trace(29316): Error opening trace file: No such file or directory (2)
05-19 17:35:15.696 E/memtrack(29328): Couldn't load memtrack module (No such file or directory)
05-19 17:35:15.696 E/android.os.Debug(29328): failed to load memtrack module: -2
05-19 17:35:15.716 E/cutils-trace(29328): Error opening trace file: No such file or directory (2)
05-19 17:35:16.566 E/memtrack(29340): Couldn't load memtrack module (No such file or directory)
05-19 17:35:16.566 E/android.os.Debug(29340): failed to load memtrack module: -2
05-19 17:35:16.586 E/cutils-trace(29340): Error opening trace file: No such file or directory (2)
05-19 17:35:17.316 E/memtrack(29352): Couldn't load memtrack module (No such file or directory)
05-19 17:35:17.316 E/android.os.Debug(29352): failed to load memtrack module: -2
05-19 17:35:17.346 E/cutils-trace(29352): Error opening trace file: No such file or directory (2)
05-19 17:35:18.506 E/memtrack(29368): Couldn't load memtrack module (No such file or directory)
05-19 17:35:18.506 E/android.os.Debug(29368): failed to load memtrack module: -2
05-19 17:35:18.556 E/cutils-trace(29368): Error opening trace file: No such file or directory (2)
05-19 17:35:19.296 E/memtrack(29379): Couldn't load memtrack module (No such file or directory)
05-19 17:35:19.296 E/android.os.Debug(29379): failed to load memtrack module: -2
05-19 17:35:19.316 E/cutils-trace(29379): Error opening trace file: No such file or directory (2)
05-19 17:35:20.226 E/memtrack(29393): Couldn't load memtrack module (No such file or directory)
05-19 17:35:20.226 E/android.os.Debug(29393): failed to load memtrack module: -2
05-19 17:35:20.256 E/cutils-trace(29393): Error opening trace file: No such file or directory (2)
05-19 17:35:21.486 E/memtrack(29411): Couldn't load memtrack module (No such file or directory)
05-19 17:35:21.486 E/android.os.Debug(29411): failed to load memtrack module: -2
05-19 17:35:21.506 E/cutils-trace(29411): Error opening trace file: No such file or directory (2)
05-19 17:35:22.226 E/memtrack(29423): Couldn't load memtrack module (No such file or directory)
05-19 17:35:22.226 E/android.os.Debug(29423): failed to load memtrack module: -2
05-19 17:35:22.246 E/cutils-trace(29423): Error opening trace file: No such file or directory (2)
05-19 17:35:22.956 E/memtrack(29435): Couldn't load memtrack module (No such file or directory)
05-19 17:35:22.956 E/android.os.Debug(29435): failed to load memtrack module: -2
05-19 17:35:22.986 E/Cataloger( 1207): 重复删除命令
05-19 17:35:22.986 E/Cataloger( 1207): syncFile:/storage/emulated/0/Android/data/com.boco.apphall/cache/uil-images/6y2s1skl9q9rq1qvqzwoem6xk0
05-19 17:35:22.996 E/Cataloger( 1207): need not sync path:/storage/emulated/0/Android/data/com.boco.apphall/cache/uil-images/6y2s1skl9q9rq1qvqzwoem6xk0
05-19 17:35:22.996 E/Cataloger( 1207): 重复删除命令
05-19 17:35:22.996 E/Cataloger( 1207): 重复删除命令
05-19 17:35:23.006 E/Cataloger( 1207): 重复删除命令
05-19 17:35:23.006 E/Cataloger( 1207): 重复删除命令
05-19 17:35:23.006 E/Cataloger( 1207): 重复删除命令
05-19 17:35:23.006 E/Cataloger( 1207): 重复删除命令
05-19 17:35:23.006 E/Cataloger( 1207): syncFile:/storage/emulated/0/Android/data/com.boco.apphall/cache/uil-images/3r8tdz39r88343lyjjbzac0np0
05-19 17:35:23.006 E/Cataloger( 1207): need not sync path:/storage/emulated/0/Android/data/com.boco.apphall/cache/uil-images/3r8tdz39r88343lyjjbzac0np0
05-19 17:35:23.006 E/Cataloger( 1207): 重复删除命令
05-19 17:35:23.006 E/Cataloger( 1207): 重复删除命令
05-19 17:35:23.006 E/Cataloger( 1207): 重复删除命令
05-19 17:35:23.006 E/Cataloger( 1207): syncFile:/storage/emulated/0/Android/data/com.boco.apphall/cache/uil-images/4v3d4a3umnefhyx7zalpef08r0
05-19 17:35:23.016 E/Cataloger( 1207): need not sync path:/storage/emulated/0/Android/data/com.boco.apphall/cache/uil-images/4v3d4a3umnefhyx7zalpef08r0
05-19 17:35:23.016 E/Cataloger( 1207): syncFile:/storage/emulated/0/Android/data/com.boco.apphall/cache/uil-images/5qogu4mrdxf85pkbk8yy8tu40
05-19 17:35:23.016 E/Cataloger( 1207): need not sync path:/storage/emulated/0/Android/data/com.boco.apphall/cache/uil-images/5qogu4mrdxf85pkbk8yy8tu40
05-19 17:35:23.016 E/Cataloger( 1207): 重复删除命令
05-19 17:35:23.016 E/Cataloger( 1207): 重复删除命令
05-19 17:35:23.016 E/Cataloger( 1207): 重复删除命令
05-19 17:35:23.016 E/Cataloger( 1207): syncFile:/storage/emulated/0/Android/data/com.boco.apphall/cache/uil-images/47spu737qqo3qmchhldzpvdiy0
05-19 17:35:23.016 E/cutils-trace(29435): Error opening trace file: No such file or directory (2)
05-19 17:35:23.016 E/Cataloger( 1207): need not sync path:/storage/emulated/0/Android/data/com.boco.apphall/cache/uil-images/47spu737qqo3qmchhldzpvdiy0
05-19 17:35:23.026 E/Cataloger( 1207): 重复删除命令
05-19 17:35:23.026 E/Cataloger( 1207): 重复删除命令
05-19 17:35:23.026 E/Cataloger( 1207): 重复删除命令
05-19 17:35:26.326 E/memtrack(29465): Couldn't load memtrack module (No such file or directory)
05-19 17:35:26.326 E/android.os.Debug(29465): failed to load memtrack module: -2
05-19 17:35:27.046 E/shadowsocks( 1578): unable to resolve
05-19 17:35:27.046 E/shadowsocks( 1578): unable to resolve
05-19 17:35:27.226 E/memtrack(29482): Couldn't load memtrack module (No such file or directory)
05-19 17:35:27.226 E/android.os.Debug(29482): failed to load memtrack module: -2
05-19 17:35:27.566 E/QueryController(29465): Got null root node from accessibility - Retrying...
05-19 17:35:27.816 E/QueryController(29465): Got null root node from accessibility - Retrying...
05-19 17:35:27.846 E/Cataloger( 1207): syncFile:/storage/emulated/0/Android/data/com.boco.apphall
05-19 17:35:27.846 E/Cataloger( 1207): 创建一个目录:/storage/emulated/0/Android/data/com.boco.apphall
05-19 17:35:27.846 E/Cataloger( 1207): 扫描新建目录：/storage/emulated/0/Android/data/com.boco.apphall
05-19 17:35:27.856 E/Cataloger( 1207): syncFile:/storage/emulated/0/Android/data/com.boco.apphall/cache
05-19 17:35:27.856 E/Cataloger( 1207): 创建一个目录:/storage/emulated/0/Android/data/com.boco.apphall/cache
05-19 17:35:27.856 E/Cataloger( 1207): 扫描新建目录：/storage/emulated/0/Android/data/com.boco.apphall/cache
05-19 17:35:27.866 E/Cataloger( 1207): syncFile:/storage/emulated/0/Android/data/com.boco.apphall/cache/.nomedia
05-19 17:35:27.866 E/Cataloger( 1207): need not sync path:/storage/emulated/0/Android/data/com.boco.apphall/cache/.nomedia
05-19 17:35:27.866 E/Cataloger( 1207): syncFile:/storage/emulated/0/Android/data/com.boco.apphall/cache/.nomedia
05-19 17:35:27.866 E/Cataloger( 1207): need not sync path:/storage/emulated/0/Android/data/com.boco.apphall/cache/.nomedia
05-19 17:35:27.866 E/Cataloger( 1207): syncFile:/storage/emulated/0/Android/data/com.boco.apphall/cache/uil-images
05-19 17:35:27.866 E/Cataloger( 1207): 创建一个目录:/storage/emulated/0/Android/data/com.boco.apphall/cache/uil-images
05-19 17:35:27.866 E/Cataloger( 1207): 扫描新建目录：/storage/emulated/0/Android/data/com.boco.apphall/cache/uil-images
05-19 17:35:27.886 E/Cataloger( 1207): syncFile:/storage/emulated/0/Android/data/com.boco.apphall/cache/uil-images/journal.tmp
05-19 17:35:27.886 E/Cataloger( 1207): need not sync path:/storage/emulated/0/Android/data/com.boco.apphall/cache/uil-images/journal.tmp
05-19 17:35:27.886 E/Cataloger( 1207): syncFile:/storage/emulated/0/Android/data/com.boco.apphall/cache/uil-images/journal.tmp
05-19 17:35:27.886 E/Cataloger( 1207): need not sync path:/storage/emulated/0/Android/data/com.boco.apphall/cache/uil-images/journal.tmp
05-19 17:35:27.886 E/Cataloger( 1207): 重复删除命令
05-19 17:35:27.886 E/Cataloger( 1207): syncFile:/storage/emulated/0/Android/data/com.boco.apphall/cache/uil-images/journal
05-19 17:35:27.886 E/Cataloger( 1207): need not sync path:/storage/emulated/0/Android/data/com.boco.apphall/cache/uil-images/journal
05-19 17:35:28.066 E/QueryController(29465): Got null root node from accessibility - Retrying...
05-19 17:35:28.206 E/cutils-trace(29482): Error opening trace file: No such file or directory (2)
05-19 17:35:30.006 E/QueryController(29465): Got null root node from accessibility - Retrying...
05-19 17:35:30.896 E/SQLiteDatabase( 1207): Error inserting path=/storage/emulated/0/Android/data/com.boco.apphall/ lastmodified=1495186527000 pathtype=3 _id=458 isLogPath=0 name=com.boco.apphall
05-19 17:35:30.896 E/SQLiteDatabase( 1207): android.database.sqlite.SQLiteConstraintException: column path is not unique (code 19)
05-19 17:35:30.896 E/SQLiteDatabase( 1207): 	at android.database.sqlite.SQLiteConnection.nativeExecuteForLastInsertedRowId(Native Method)
05-19 17:35:30.896 E/SQLiteDatabase( 1207): 	at android.database.sqlite.SQLiteConnection.executeForLastInsertedRowId(SQLiteConnection.java:782)
05-19 17:35:30.896 E/SQLiteDatabase( 1207): 	at android.database.sqlite.SQLiteSession.executeForLastInsertedRowId(SQLiteSession.java:788)
05-19 17:35:30.896 E/SQLiteDatabase( 1207): 	at android.database.sqlite.SQLiteStatement.executeInsert(SQLiteStatement.java:86)
05-19 17:35:30.896 E/SQLiteDatabase( 1207): 	at android.database.sqlite.SQLiteDatabase.insertWithOnConflict(SQLiteDatabase.java:1469)
05-19 17:35:30.896 E/SQLiteDatabase( 1207): 	at android.database.sqlite.SQLiteDatabase.insert(SQLiteDatabase.java:1339)
05-19 17:35:30.896 E/SQLiteDatabase( 1207): 	at com.estrongs.android.scanner.d.e.a(Unknown Source)
05-19 17:35:30.896 E/SQLiteDatabase( 1207): 	at com.estrongs.android.scanner.d.a.a(Unknown Source)
05-19 17:35:30.896 E/SQLiteDatabase( 1207): 	at com.estrongs.android.scanner.d.a.a(Unknown Source)
05-19 17:35:30.896 E/SQLiteDatabase( 1207): 	at com.estrongs.android.scanner.d.r.run(Unknown Source)
05-19 17:35:30.896 E/SQLiteDatabase( 1207): 	at java.util.concurrent.ThreadPoolExecutor.runWorker(ThreadPoolExecutor.java:1112)
05-19 17:35:30.896 E/SQLiteDatabase( 1207): 	at java.util.concurrent.ThreadPoolExecutor$Worker.run(ThreadPoolExecutor.java:587)
05-19 17:35:30.896 E/SQLiteDatabase( 1207): 	at java.lang.Thread.run(Thread.java:841)
05-19 17:35:31.996 E/cutils-trace(29465): Error opening trace file: No such file or directory (2)
05-19 17:35:34.406 E/memtrack(29524): Couldn't load memtrack module (No such file or directory)
05-19 17:35:34.406 E/android.os.Debug(29524): failed to load memtrack module: -2
05-19 17:35:34.506 E/cutils-trace(29524): Error opening trace file: No such file or directory (2)
05-19 17:35:41.066 E/memtrack(29536): Couldn't load memtrack module (No such file or directory)
05-19 17:35:41.066 E/android.os.Debug(29536): failed to load memtrack module: -2
05-19 17:35:42.436 E/cutils-trace(29536): Error opening trace file: No such file or directory (2)
05-19 17:35:55.286 E/---RankingListAppFragment---(29494): onResume
05-19 17:35:55.536 E/Cataloger( 1207): syncFile:/storage/emulated/0/Android/data/com.boco.apphall/cache/uil-images/3205omy4td9oxw05yijfjsa900.tmp
05-19 17:35:55.536 E/Cataloger( 1207): need not sync path:/storage/emulated/0/Android/data/com.boco.apphall/cache/uil-images/3205omy4td9oxw05yijfjsa900.tmp
05-19 17:35:55.536 E/Cataloger( 1207): syncFile:/storage/emulated/0/Android/data/com.boco.apphall/cache/uil-images/3205omy4td9oxw05yijfjsa900.tmp
05-19 17:35:55.536 E/Cataloger( 1207): need not sync path:/storage/emulated/0/Android/data/com.boco.apphall/cache/uil-images/3205omy4td9oxw05yijfjsa900.tmp
05-19 17:35:55.536 E/Cataloger( 1207): 重复删除命令
05-19 17:35:55.536 E/Cataloger( 1207): syncFile:/storage/emulated/0/Android/data/com.boco.apphall/cache/uil-images/3205omy4td9oxw05yijfjsa900
05-19 17:35:55.536 E/Cataloger( 1207): need not sync path:/storage/emulated/0/Android/data/com.boco.apphall/cache/uil-images/3205omy4td9oxw05yijfjsa900
05-19 17:35:55.546 E/Cataloger( 1207): syncFile:/storage/emulated/0/Android/data/com.boco.apphall/cache/uil-images/5wanmv7yu4hzfio3426l5dfqd0.tmp
05-19 17:35:55.546 E/Cataloger( 1207): need not sync path:/storage/emulated/0/Android/data/com.boco.apphall/cache/uil-images/5wanmv7yu4hzfio3426l5dfqd0.tmp
05-19 17:35:55.606 E/Cataloger( 1207): syncFile:/storage/emulated/0/Android/data/com.boco.apphall/cache/uil-images/5qxqvdbogs92lp9xsu05v4d050.tmp
05-19 17:35:55.606 E/Cataloger( 1207): need not sync path:/storage/emulated/0/Android/data/com.boco.apphall/cache/uil-images/5qxqvdbogs92lp9xsu05v4d050.tmp
05-19 17:35:55.616 E/Cataloger( 1207): syncFile:/storage/emulated/0/Android/data/com.boco.apphall/cache/uil-images/1yr55s6idym5vmr2kp828kc730.tmp
05-19 17:35:55.616 E/Cataloger( 1207): need not sync path:/storage/emulated/0/Android/data/com.boco.apphall/cache/uil-images/1yr55s6idym5vmr2kp828kc730.tmp
05-19 17:35:55.636 E/Cataloger( 1207): syncFile:/storage/emulated/0/Android/data/com.boco.apphall/cache/uil-images/5qxqvdbogs92lp9xsu05v4d050.tmp
05-19 17:35:55.636 E/Cataloger( 1207): need not sync path:/storage/emulated/0/Android/data/com.boco.apphall/cache/uil-images/5qxqvdbogs92lp9xsu05v4d050.tmp
05-19 17:35:55.636 E/Cataloger( 1207): 重复删除命令
05-19 17:35:55.636 E/Cataloger( 1207): syncFile:/storage/emulated/0/Android/data/com.boco.apphall/cache/uil-images/5qxqvdbogs92lp9xsu05v4d050
05-19 17:35:55.636 E/Cataloger( 1207): need not sync path:/storage/emulated/0/Android/data/com.boco.apphall/cache/uil-images/5qxqvdbogs92lp9xsu05v4d050
05-19 17:35:55.646 E/Cataloger( 1207): syncFile:/storage/emulated/0/Android/data/com.boco.apphall/cache/uil-images/5wanmv7yu4hzfio3426l5dfqd0.tmp
05-19 17:35:55.646 E/Cataloger( 1207): need not sync path:/storage/emulated/0/Android/data/com.boco.apphall/cache/uil-images/5wanmv7yu4hzfio3426l5dfqd0.tmp
05-19 17:35:55.646 E/Cataloger( 1207): 重复删除命令
05-19 17:35:55.646 E/Cataloger( 1207): syncFile:/storage/emulated/0/Android/data/com.boco.apphall/cache/uil-images/5wanmv7yu4hzfio3426l5dfqd0
05-19 17:35:55.646 E/Cataloger( 1207): need not sync path:/storage/emulated/0/Android/data/com.boco.apphall/cache/uil-images/5wanmv7yu4hzfio3426l5dfqd0
05-19 17:35:55.696 E/Cataloger( 1207): syncFile:/storage/emulated/0/Android/data/com.boco.apphall/cache/uil-images/1yr55s6idym5vmr2kp828kc730.tmp
05-19 17:35:55.696 E/Cataloger( 1207): need not sync path:/storage/emulated/0/Android/data/com.boco.apphall/cache/uil-images/1yr55s6idym5vmr2kp828kc730.tmp
05-19 17:35:55.696 E/Cataloger( 1207): 重复删除命令
05-19 17:35:55.696 E/Cataloger( 1207): syncFile:/storage/emulated/0/Android/data/com.boco.apphall/cache/uil-images/1yr55s6idym5vmr2kp828kc730
05-19 17:35:55.696 E/Cataloger( 1207): need not sync path:/storage/emulated/0/Android/data/com.boco.apphall/cache/uil-images/1yr55s6idym5vmr2kp828kc730
05-19 17:35:55.706 E/Cataloger( 1207): syncFile:/storage/emulated/0/Android/data/com.boco.apphall/cache/uil-images/64u2kf0bfy71nodbxsvrwaoat0.tmp
05-19 17:35:55.706 E/Cataloger( 1207): need not sync path:/storage/emulated/0/Android/data/com.boco.apphall/cache/uil-images/64u2kf0bfy71nodbxsvrwaoat0.tmp
05-19 17:35:55.716 E/Cataloger( 1207): syncFile:/storage/emulated/0/Android/data/com.boco.apphall/cache/uil-images/64u2kf0bfy71nodbxsvrwaoat0.tmp
05-19 17:35:55.716 E/Cataloger( 1207): need not sync path:/storage/emulated/0/Android/data/com.boco.apphall/cache/uil-images/64u2kf0bfy71nodbxsvrwaoat0.tmp
05-19 17:35:55.716 E/Cataloger( 1207): 重复删除命令
05-19 17:35:55.716 E/Cataloger( 1207): syncFile:/storage/emulated/0/Android/data/com.boco.apphall/cache/uil-images/64u2kf0bfy71nodbxsvrwaoat0
05-19 17:35:55.716 E/Cataloger( 1207): need not sync path:/storage/emulated/0/Android/data/com.boco.apphall/cache/uil-images/64u2kf0bfy71nodbxsvrwaoat0
05-19 17:35:55.726 E/Cataloger( 1207): syncFile:/storage/emulated/0/Android/data/com.boco.apphall/cache/uil-images/5qk5ab5bpi8w4etc52xne53rs0.tmp
