05-18 17:01:06.811 E/GPSManager( 3366): Location changed : Lat: 40.00125 Lng: 105.56358166666665
05-18 17:01:07.811 E/GPSManager( 3366): Location changed : Lat: 40.00125 Lng: 105.56358166666665
05-18 17:01:08.821 E/GPSManager( 3366): Location changed : Lat: 40.00125 Lng: 105.56358166666665
05-18 17:01:09.821 E/GPSManager( 3366): Location changed : Lat: 40.00125 Lng: 105.56358166666665
05-18 17:01:10.831 E/GPSManager( 3366): Location changed : Lat: 40.00125 Lng: 105.56358166666665
05-18 17:01:11.831 E/GPSManager( 3366): Location changed : Lat: 40.00125 Lng: 105.56358166666665
05-18 17:01:12.831 E/GPSManager( 3366): Location changed : Lat: 40.00125 Lng: 105.56358166666665
05-18 17:01:13.841 E/GPSManager( 3366): Location changed : Lat: 40.00125 Lng: 105.56358166666665
05-18 17:01:14.841 E/GPSManager( 3366): Location changed : Lat: 40.00125 Lng: 105.56358166666665
05-18 17:01:15.881 E/GPSManager( 3366): Location changed : Lat: 40.00125 Lng: 105.56358166666665
05-18 17:01:16.861 E/GPSManager( 3366): Location changed : Lat: 40.00125 Lng: 105.56358166666665
05-18 17:01:17.861 E/GPSManager( 3366): Location changed : Lat: 40.00125 Lng: 105.56358166666665
05-18 17:01:18.881 E/GPSManager( 3366): Location changed : Lat: 40.00125 Lng: 105.56358166666665
05-18 17:01:19.871 E/GPSManager( 3366): Location changed : Lat: 40.00125 Lng: 105.56358166666665
05-18 17:01:20.871 E/GPSManager( 3366): Location changed : Lat: 40.00125 Lng: 105.56358166666665
05-18 17:01:21.871 E/GPSManager( 3366): Location changed : Lat: 40.00125 Lng: 105.56358166666665
05-18 17:01:22.881 E/GPSManager( 3366): Location changed : Lat: 40.00125 Lng: 105.56358166666665
05-18 17:01:23.871 E/GPSManager( 3366): Location changed : Lat: 40.00125 Lng: 105.56358166666665
05-18 17:01:24.881 E/GPSManager( 3366): Location changed : Lat: 40.00125 Lng: 105.56358166666665
05-18 17:01:25.881 E/GPSManager( 3366): Location changed : Lat: 40.00125 Lng: 105.56358166666665
05-18 17:01:26.881 E/GPSManager( 3366): Location changed : Lat: 40.00125 Lng: 105.56358166666665
05-18 17:01:27.981 E/GPSManager( 3366): Location changed : Lat: 40.00125 Lng: 105.56358166666665
05-18 17:01:28.891 E/GPSManager( 3366): Location changed : Lat: 40.00125 Lng: 105.56358166666665
05-18 17:01:29.901 E/GPSManager( 3366): Location changed : Lat: 40.00125 Lng: 105.56358166666665
05-18 17:01:30.911 E/GPSManager( 3366): Location changed : Lat: 40.00125 Lng: 105.56358166666665
05-18 17:01:31.921 E/GPSManager( 3366): Location changed : Lat: 40.00125 Lng: 105.56358166666665
05-18 17:01:32.921 E/GPSManager( 3366): Location changed : Lat: 40.00125 Lng: 105.56358166666665
05-18 17:01:33.921 E/GPSManager( 3366): Location changed : Lat: 40.00125 Lng: 105.56358166666665
05-18 17:01:34.951 E/GPSManager( 3366): Location changed : Lat: 40.00125 Lng: 105.56358166666665
05-18 17:01:35.931 E/GPSManager( 3366): Location changed : Lat: 40.00125 Lng: 105.56358166666665
05-18 17:01:36.261 E/memtrack( 3400): Couldn't load memtrack module (No such file or directory)
05-18 17:01:36.261 E/android.os.Debug( 3400): failed to load memtrack module: -2
05-18 17:01:36.931 E/GPSManager( 3366): Location changed : Lat: 40.00125 Lng: 105.56358166666665
05-18 17:01:37.741 E/cutils-trace( 3400): Error opening trace file: No such file or directory (2)
05-18 17:01:37.931 E/GPSManager( 3366): Location changed : Lat: 40.00125 Lng: 105.56358166666665
05-18 17:01:38.941 E/GPSManager( 3366): Location changed : Lat: 40.00125 Lng: 105.56358166666665
05-18 17:01:39.171 E/appium  ( 3164): Exception while handling action in: io.appium.uiautomator2.handler.Clear
05-18 17:01:39.171 E/appium  ( 3164): java.lang.NullPointerException
05-18 17:01:39.171 E/appium  ( 3164): 	at android.support.test.uiautomator.UiObject2.setText(UiObject2.java:601)
05-18 17:01:39.171 E/appium  ( 3164): 	at android.support.test.uiautomator.UiObject2.clear(UiObject2.java:338)
05-18 17:01:39.171 E/appium  ( 3164): 	at io.appium.uiautomator2.model.UiObject2Element.clear(UiObject2Element.java:138)
05-18 17:01:39.171 E/appium  ( 3164): 	at io.appium.uiautomator2.handler.Clear.safeHandle(Clear.java:51)
05-18 17:01:39.171 E/appium  ( 3164): 	at io.appium.uiautomator2.handler.request.SafeRequestHandler.handle(SafeRequestHandler.java:56)
05-18 17:01:39.171 E/appium  ( 3164): 	at io.appium.uiautomator2.handler.SendKeysToElement.safeHandle(SendKeysToElement.java:73)
05-18 17:01:39.171 E/appium  ( 3164): 	at io.appium.uiautomator2.handler.request.SafeRequestHandler.handle(SafeRequestHandler.java:56)
05-18 17:01:39.171 E/appium  ( 3164): 	at io.appium.uiautomator2.server.AppiumServlet.handleRequest(AppiumServlet.java:202)
05-18 17:01:39.171 E/appium  ( 3164): 	at io.appium.uiautomator2.server.AppiumServlet.handleHttpRequest(AppiumServlet.java:193)
05-18 17:01:39.171 E/appium  ( 3164): 	at io.appium.uiautomator2.http.ServerHandler.channelRead(ServerHandler.java:44)
05-18 17:01:39.171 E/appium  ( 3164): 	at io.netty.channel.AbstractChannelHandlerContext.invokeChannelRead(AbstractChannelHandlerContext.java:366)
05-18 17:01:39.171 E/appium  ( 3164): 	at io.netty.channel.AbstractChannelHandlerContext.invokeChannelRead(AbstractChannelHandlerContext.java:352)
05-18 17:01:39.171 E/appium  ( 3164): 	at io.netty.channel.AbstractChannelHandlerContext.fireChannelRead(AbstractChannelHandlerContext.java:345)
05-18 17:01:39.171 E/appium  ( 3164): 	at io.netty.handler.codec.MessageToMessageDecoder.channelRead(MessageToMessageDecoder.java:102)
05-18 17:01:39.171 E/appium  ( 3164): 	at io.netty.channel.AbstractChannelHandlerContext.invokeChannelRead(AbstractChannelHandlerContext.java:366)
05-18 17:01:39.171 E/appium  ( 3164): 	at io.netty.channel.AbstractChannelHandlerContext.invokeChannelRead(AbstractChannelHandlerContext.java:352)
05-18 17:01:39.171 E/appium  ( 3164): 	at io.netty.channel.AbstractChannelHandlerContext.fireChannelRead(AbstractChannelHandlerContext.java:345)
05-18 17:01:39.171 E/appium  ( 3164): 	at io.netty.channel.CombinedChannelDuplexHandler$DelegatingChannelHandlerContext.fireChannelRead(CombinedChannelDuplexHandler.java:435)
05-18 17:01:39.171 E/appium  ( 3164): 	at io.netty.handler.codec.ByteToMessageDecoder.fireChannelRead(ByteToMessageDecoder.java:293)
05-18 17:01:39.171 E/appium  ( 3164): 	at io.netty.handler.codec.ByteToMessageDecoder.channelRead(ByteToMessageDecoder.java:267)
05-18 17:01:39.171 E/appium  ( 3164): 	at io.netty.channel.CombinedChannelDuplexHandler.channelRead(CombinedChannelDuplexHandler.java:250)
05-18 17:01:39.171 E/appium  ( 3164): 	at io.netty.channel.AbstractChannelHandlerContext.invokeChannelRead(AbstractChannelHandlerContext.java:366)
05-18 17:01:39.171 E/appium  ( 3164): 	at io.netty.channel.AbstractChannelHandlerContext.invokeChannelRead(AbstractChannelHandlerContext.java:352)
05-18 17:01:39.171 E/appium  ( 3164): 	at io.netty.channel.AbstractChannelHandlerContext.fireChannelRead(AbstractChannelHandlerContext.java:345)
05-18 17:01:39.171 E/appium  ( 3164): 	at io.netty.channel.DefaultChannelPipeline$HeadContext.channelRead(DefaultChannelPipeline.java:1294)
05-18 17:01:39.171 E/appium  ( 3164): 	at io.netty.channel.AbstractChannelHandlerContext.invokeChannelRead(AbstractChannelHandlerContext.java:366)
05-18 17:01:39.171 E/appium  ( 3164): 	at io.netty.channel.AbstractChannelHandlerContext.invokeChannelRead(AbstractChannelHandlerContext.java:352)
05-18 17:01:39.171 E/appium  ( 3164): 	at io.netty.channel.DefaultChannelPipeline.fireChannelRead(DefaultChannelPipeline.java:911)
05-18 17:01:39.171 E/appium  ( 3164): 	at io.netty.channel.nio.AbstractNioByteChannel$NioByteUnsafe.read(AbstractNioByteChannel.java:131)
05-18 17:01:39.171 E/appium  ( 3164): 	at io.netty.channel.nio.NioEventLoop.processSelectedKey(NioEventLoop.java:611)
05-18 17:01:39.171 E/appium  ( 3164): 	at io.netty.channel.nio.NioEventLoop.processSelectedKeysPlain(NioEventLoop.java:514)
05-18 17:01:39.171 E/appium  ( 3164): 	at io.netty.channel.nio.NioEventLoop.processSelectedKeys(NioEventLoop.java:468)
05-18 17:01:39.171 E/appium  ( 3164): 	at io.netty.channel.nio.NioEventLoop.run(NioEventLoop.java:438)
05-18 17:01:39.171 E/appium  ( 3164): 	at io.netty.util.concurrent.SingleThreadEventExecutor$2.run(SingleThreadEventExecutor.java:140)
05-18 17:01:39.171 E/appium  ( 3164): 	at io.netty.util.concurrent.DefaultThreadFactory$DefaultRunnableDecorator.run(DefaultThreadFactory.java:144)
05-18 17:01:39.171 E/appium  ( 3164): 	at java.lang.Thread.run(Thread.java:841)
05-18 17:01:39.181 E/appium  ( 3164): Exception while handling action in: io.appium.uiautomator2.handler.SendKeysToElement
05-18 17:01:39.181 E/appium  ( 3164): java.lang.NullPointerException
05-18 17:01:39.181 E/appium  ( 3164): 	at android.support.test.uiautomator.UiObject2.setText(UiObject2.java:601)
05-18 17:01:39.181 E/appium  ( 3164): 	at io.appium.uiautomator2.model.UiObject2Element.setText(UiObject2Element.java:129)
05-18 17:01:39.181 E/appium  ( 3164): 	at io.appium.uiautomator2.handler.SendKeysToElement.safeHandle(SendKeysToElement.java:83)
05-18 17:01:39.181 E/appium  ( 3164): 	at io.appium.uiautomator2.handler.request.SafeRequestHandler.handle(SafeRequestHandler.java:56)
05-18 17:01:39.181 E/appium  ( 3164): 	at io.appium.uiautomator2.server.AppiumServlet.handleRequest(AppiumServlet.java:202)
05-18 17:01:39.181 E/appium  ( 3164): 	at io.appium.uiautomator2.server.AppiumServlet.handleHttpRequest(AppiumServlet.java:193)
05-18 17:01:39.181 E/appium  ( 3164): 	at io.appium.uiautomator2.http.ServerHandler.channelRead(ServerHandler.java:44)
05-18 17:01:39.181 E/appium  ( 3164): 	at io.netty.channel.AbstractChannelHandlerContext.invokeChannelRead(AbstractChannelHandlerContext.java:366)
05-18 17:01:39.181 E/appium  ( 3164): 	at io.netty.channel.AbstractChannelHandlerContext.invokeChannelRead(AbstractChannelHandlerContext.java:352)
05-18 17:01:39.181 E/appium  ( 3164): 	at io.netty.channel.AbstractChannelHandlerContext.fireChannelRead(AbstractChannelHandlerContext.java:345)
05-18 17:01:39.181 E/appium  ( 3164): 	at io.netty.handler.codec.MessageToMessageDecoder.channelRead(MessageToMessageDecoder.java:102)
05-18 17:01:39.181 E/appium  ( 3164): 	at io.netty.channel.AbstractChannelHandlerContext.invokeChannelRead(AbstractChannelHandlerContext.java:366)
05-18 17:01:39.181 E/appium  ( 3164): 	at io.netty.channel.AbstractChannelHandlerContext.invokeChannelRead(AbstractChannelHandlerContext.java:352)
05-18 17:01:39.181 E/appium  ( 3164): 	at io.netty.channel.AbstractChannelHandlerContext.fireChannelRead(AbstractChannelHandlerContext.java:345)
05-18 17:01:39.181 E/appium  ( 3164): 	at io.netty.channel.CombinedChannelDuplexHandler$DelegatingChannelHandlerContext.fireChannelRead(CombinedChannelDuplexHandler.java:435)
05-18 17:01:39.181 E/appium  ( 3164): 	at io.netty.handler.codec.ByteToMessageDecoder.fireChannelRead(ByteToMessageDecoder.java:293)
05-18 17:01:39.181 E/appium  ( 3164): 	at io.netty.handler.codec.ByteToMessageDecoder.channelRead(ByteToMessageDecoder.java:267)
05-18 17:01:39.181 E/appium  ( 3164): 	at io.netty.channel.CombinedChannelDuplexHandler.channelRead(CombinedChannelDuplexHandler.java:250)
05-18 17:01:39.181 E/appium  ( 3164): 	at io.netty.channel.AbstractChannelHandlerContext.invokeChannelRead(AbstractChannelHandlerContext.java:366)
05-18 17:01:39.181 E/appium  ( 3164): 	at io.netty.channel.AbstractChannelHandlerContext.invokeChannelRead(AbstractChannelHandlerContext.java:352)
05-18 17:01:39.181 E/appium  ( 3164): 	at io.netty.channel.AbstractChannelHandlerContext.fireChannelRead(AbstractChannelHandlerContext.java:345)
05-18 17:01:39.181 E/appium  ( 3164): 	at io.netty.channel.DefaultChannelPipeline$HeadContext.channelRead(DefaultChannelPipeline.java:1294)
05-18 17:01:39.181 E/appium  ( 3164): 	at io.netty.channel.AbstractChannelHandlerContext.invokeChannelRead(AbstractChannelHandlerContext.java:366)
05-18 17:01:39.181 E/appium  ( 3164): 	at io.netty.channel.AbstractChannelHandlerContext.invokeChannelRead(AbstractChannelHandlerContext.java:352)
05-18 17:01:39.181 E/appium  ( 3164): 	at io.netty.channel.DefaultChannelPipeline.fireChannelRead(DefaultChannelPipeline.java:911)
05-18 17:01:39.181 E/appium  ( 3164): 	at io.netty.channel.nio.AbstractNioByteChannel$NioByteUnsafe.read(AbstractNioByteChannel.java:131)
05-18 17:01:39.181 E/appium  ( 3164): 	at io.netty.channel.nio.NioEventLoop.processSelectedKey(NioEventLoop.java:611)
05-18 17:01:39.181 E/appium  ( 3164): 	at io.netty.channel.nio.NioEventLoop.processSelectedKeysPlain(NioEventLoop.java:514)
05-18 17:01:39.181 E/appium  ( 3164): 	at io.netty.channel.nio.NioEventLoop.processSelectedKeys(NioEventLoop.java:468)
05-18 17:01:39.181 E/appium  ( 3164): 	at io.netty.channel.nio.NioEventLoop.run(NioEventLoop.java:438)
05-18 17:01:39.181 E/appium  ( 3164): 	at io.netty.util.concurrent.SingleThreadEventExecutor$2.run(SingleThreadEventExecutor.java:140)
05-18 17:01:39.181 E/appium  ( 3164): 	at io.netty.util.concurrent.DefaultThreadFactory$DefaultRunnableDecorator.run(DefaultThreadFactory.java:144)
05-18 17:01:39.181 E/appium  ( 3164): 	at java.lang.Thread.run(Thread.java:841)
05-18 17:01:39.981 E/GPSManager( 3366): Location changed : Lat: 40.00125 Lng: 105.56358166666665
05-18 17:01:40.971 E/GPSManager( 3366): Location changed : Lat: 40.00125 Lng: 105.56358166666665
05-18 17:01:41.971 E/GPSManager( 3366): Location changed : Lat: 40.00125 Lng: 105.56358166666665
05-18 17:01:42.991 E/GPSManager( 3366): Location changed : Lat: 40.00125 Lng: 105.56358166666665
05-18 17:01:43.991 E/GPSManager( 3366): Location changed : Lat: 40.00125 Lng: 105.56358166666665
05-18 17:01:44.991 E/GPSManager( 3366): Location changed : Lat: 40.00125 Lng: 105.56358166666665
05-18 17:01:46.021 E/GPSManager( 3366): Location changed : Lat: 40.00125 Lng: 105.56358166666665
05-18 17:01:47.001 E/GPSManager( 3366): Location changed : Lat: 40.00125 Lng: 105.56358166666665
05-18 17:01:48.041 E/GPSManager( 3366): Location changed : Lat: 40.00125 Lng: 105.56358166666665
05-18 17:01:49.031 E/GPSManager( 3366): Location changed : Lat: 40.00125 Lng: 105.56358166666665
05-18 17:01:50.041 E/GPSManager( 3366): Location changed : Lat: 40.00125 Lng: 105.56358166666665
05-18 17:01:51.041 E/GPSManager( 3366): Location changed : Lat: 40.00125 Lng: 105.56358166666665
05-18 17:01:52.061 E/GPSManager( 3366): Location changed : Lat: 40.00125 Lng: 105.56358166666665
05-18 17:01:53.061 E/GPSManager( 3366): Location changed : Lat: 40.00125 Lng: 105.56358166666665
05-18 17:01:54.141 E/GPSManager( 3366): Location changed : Lat: 40.00125 Lng: 105.56358166666665
05-18 17:01:55.081 E/GPSManager( 3366): Location changed : Lat: 40.00125 Lng: 105.56358166666665
05-18 17:01:55.211 E/memtrack( 3413): Couldn't load memtrack module (No such file or directory)
05-18 17:01:55.211 E/android.os.Debug( 3413): failed to load memtrack module: -2
05-18 17:01:55.311 E/cutils-trace( 3413): Error opening trace file: No such file or directory (2)
05-18 17:01:56.081 E/GPSManager( 3366): Location changed : Lat: 40.00125 Lng: 105.56358166666665
05-18 17:01:57.091 E/GPSManager( 3366): Location changed : Lat: 40.00125 Lng: 105.56358166666665
05-18 17:01:58.101 E/GPSManager( 3366): Location changed : Lat: 40.00125 Lng: 105.56358166666665
05-18 17:01:59.101 E/GPSManager( 3366): Location changed : Lat: 40.00125 Lng: 105.56358166666665
05-18 17:02:00.091 E/GPSManager( 3366): Location changed : Lat: 40.00125 Lng: 105.56358166666665
05-18 17:02:01.111 E/GPSManager( 3366): Location changed : Lat: 40.00125 Lng: 105.56358166666665
05-18 17:02:02.111 E/GPSManager( 3366): Location changed : Lat: 40.00125 Lng: 105.56358166666665
05-18 17:02:03.131 E/GPSManager( 3366): Location changed : Lat: 40.00125 Lng: 105.56358166666665
05-18 17:02:04.141 E/GPSManager( 3366): Location changed : Lat: 40.00125 Lng: 105.56358166666665
05-18 17:02:05.141 E/GPSManager( 3366): Location changed : Lat: 40.00125 Lng: 105.56358166666665
05-18 17:02:05.801 E/memtrack( 3425): Couldn't load memtrack module (No such file or directory)
05-18 17:02:05.801 E/android.os.Debug( 3425): failed to load memtrack module: -2
05-18 17:02:06.141 E/GPSManager( 3366): Location changed : Lat: 40.00125 Lng: 105.56358166666665
05-18 17:02:07.141 E/GPSManager( 3366): Location changed : Lat: 40.00125 Lng: 105.56358166666665
05-18 17:02:07.181 E/cutils-trace( 3425): Error opening trace file: No such file or directory (2)
05-18 17:02:08.151 E/GPSManager( 3366): Location changed : Lat: 40.00125 Lng: 105.56358166666665
05-18 17:02:09.181 E/GPSManager( 3366): Location changed : Lat: 40.00125 Lng: 105.56358166666665
05-18 17:02:10.201 E/GPSManager( 3366): Location changed : Lat: 40.00125 Lng: 105.56358166666665
05-18 17:02:11.211 E/GPSManager( 3366): Location changed : Lat: 40.00125 Lng: 105.56358166666665
05-18 17:02:12.211 E/GPSManager( 3366): Location changed : Lat: 40.00125 Lng: 105.56358166666665
05-18 17:02:13.231 E/GPSManager( 3366): Location changed : Lat: 40.00125 Lng: 105.56358166666665
05-18 17:02:14.221 E/GPSManager( 3366): Location changed : Lat: 40.00125 Lng: 105.56358166666665
05-18 17:02:15.231 E/GPSManager( 3366): Location changed : Lat: 40.00125 Lng: 105.56358166666665
05-18 17:02:15.281 E/appium  ( 3164): Exception while handling action in: io.appium.uiautomator2.handler.Clear
05-18 17:02:15.281 E/appium  ( 3164): java.lang.NullPointerException
05-18 17:02:15.281 E/appium  ( 3164): 	at android.support.test.uiautomator.UiObject2.setText(UiObject2.java:601)
05-18 17:02:15.281 E/appium  ( 3164): 	at android.support.test.uiautomator.UiObject2.clear(UiObject2.java:338)
05-18 17:02:15.281 E/appium  ( 3164): 	at io.appium.uiautomator2.model.UiObject2Element.clear(UiObject2Element.java:138)
05-18 17:02:15.281 E/appium  ( 3164): 	at io.appium.uiautomator2.handler.Clear.safeHandle(Clear.java:51)
05-18 17:02:15.281 E/appium  ( 3164): 	at io.appium.uiautomator2.handler.request.SafeRequestHandler.handle(SafeRequestHandler.java:56)
05-18 17:02:15.281 E/appium  ( 3164): 	at io.appium.uiautomator2.handler.SendKeysToElement.safeHandle(SendKeysToElement.java:73)
05-18 17:02:15.281 E/appium  ( 3164): 	at io.appium.uiautomator2.handler.request.SafeRequestHandler.handle(SafeRequestHandler.java:56)
05-18 17:02:15.281 E/appium  ( 3164): 	at io.appium.uiautomator2.server.AppiumServlet.handleRequest(AppiumServlet.java:202)
05-18 17:02:15.281 E/appium  ( 3164): 	at io.appium.uiautomator2.server.AppiumServlet.handleHttpRequest(AppiumServlet.java:193)
05-18 17:02:15.281 E/appium  ( 3164): 	at io.appium.uiautomator2.http.ServerHandler.channelRead(ServerHandler.java:44)
05-18 17:02:15.281 E/appium  ( 3164): 	at io.netty.channel.AbstractChannelHandlerContext.invokeChannelRead(AbstractChannelHandlerContext.java:366)
05-18 17:02:15.281 E/appium  ( 3164): 	at io.netty.channel.AbstractChannelHandlerContext.invokeChannelRead(AbstractChannelHandlerContext.java:352)
05-18 17:02:15.281 E/appium  ( 3164): 	at io.netty.channel.AbstractChannelHandlerContext.fireChannelRead(AbstractChannelHandlerContext.java:345)
05-18 17:02:15.281 E/appium  ( 3164): 	at io.netty.handler.codec.MessageToMessageDecoder.channelRead(MessageToMessageDecoder.java:102)
05-18 17:02:15.281 E/appium  ( 3164): 	at io.netty.channel.AbstractChannelHandlerContext.invokeChannelRead(AbstractChannelHandlerContext.java:366)
05-18 17:02:15.281 E/appium  ( 3164): 	at io.netty.channel.AbstractChannelHandlerContext.invokeChannelRead(AbstractChannelHandlerContext.java:352)
05-18 17:02:15.281 E/appium  ( 3164): 	at io.netty.channel.AbstractChannelHandlerContext.fireChannelRead(AbstractChannelHandlerContext.java:345)
05-18 17:02:15.281 E/appium  ( 3164): 	at io.netty.channel.CombinedChannelDuplexHandler$DelegatingChannelHandlerContext.fireChannelRead(CombinedChannelDuplexHandler.java:435)
05-18 17:02:15.281 E/appium  ( 3164): 	at io.netty.handler.codec.ByteToMessageDecoder.fireChannelRead(ByteToMessageDecoder.java:293)
05-18 17:02:15.281 E/appium  ( 3164): 	at io.netty.handler.codec.ByteToMessageDecoder.channelRead(ByteToMessageDecoder.java:267)
05-18 17:02:15.281 E/appium  ( 3164): 	at io.netty.channel.CombinedChannelDuplexHandler.channelRead(CombinedChannelDuplexHandler.java:250)
05-18 17:02:15.281 E/appium  ( 3164): 	at io.netty.channel.AbstractChannelHandlerContext.invokeChannelRead(AbstractChannelHandlerContext.java:366)
05-18 17:02:15.281 E/appium  ( 3164): 	at io.netty.channel.AbstractChannelHandlerContext.invokeChannelRead(AbstractChannelHandlerContext.java:352)
05-18 17:02:15.281 E/appium  ( 3164): 	at io.netty.channel.AbstractChannelHandlerContext.fireChannelRead(AbstractChannelHandlerContext.java:345)
05-18 17:02:15.281 E/appium  ( 3164): 	at io.netty.channel.DefaultChannelPipeline$HeadContext.channelRead(DefaultChannelPipeline.java:1294)
05-18 17:02:15.281 E/appium  ( 3164): 	at io.netty.channel.AbstractChannelHandlerContext.invokeChannelRead(AbstractChannelHandlerContext.java:366)
05-18 17:02:15.281 E/appium  ( 3164): 	at io.netty.channel.AbstractChannelHandlerContext.invokeChannelRead(AbstractChannelHandlerContext.java:352)
05-18 17:02:15.281 E/appium  ( 3164): 	at io.netty.channel.DefaultChannelPipeline.fireChannelRead(DefaultChannelPipeline.java:911)
05-18 17:02:15.281 E/appium  ( 3164): 	at io.netty.channel.nio.AbstractNioByteChannel$NioByteUnsafe.read(AbstractNioByteChannel.java:131)
05-18 17:02:15.281 E/appium  ( 3164): 	at io.netty.channel.nio.NioEventLoop.processSelectedKey(NioEventLoop.java:611)
05-18 17:02:15.281 E/appium  ( 3164): 	at io.netty.channel.nio.NioEventLoop.processSelectedKeysPlain(NioEventLoop.java:514)
05-18 17:02:15.281 E/appium  ( 3164): 	at io.netty.channel.nio.NioEventLoop.processSelectedKeys(NioEventLoop.java:468)
05-18 17:02:15.281 E/appium  ( 3164): 	at io.netty.channel.nio.NioEventLoop.run(NioEventLoop.java:438)
05-18 17:02:15.281 E/appium  ( 3164): 	at io.netty.util.concurrent.SingleThreadEventExecutor$2.run(SingleThreadEventExecutor.java:140)
05-18 17:02:15.281 E/appium  ( 3164): 	at io.netty.util.concurrent.DefaultThreadFactory$DefaultRunnableDecorator.run(DefaultThreadFactory.java:144)
05-18 17:02:15.281 E/appium  ( 3164): 	at java.lang.Thread.run(Thread.java:841)
05-18 17:02:15.291 E/appium  ( 3164): Exception while handling action in: io.appium.uiautomator2.handler.SendKeysToElement
05-18 17:02:15.291 E/appium  ( 3164): java.lang.NullPointerException
05-18 17:02:15.291 E/appium  ( 3164): 	at android.support.test.uiautomator.UiObject2.setText(UiObject2.java:601)
05-18 17:02:15.291 E/appium  ( 3164): 	at io.appium.uiautomator2.model.UiObject2Element.setText(UiObject2Element.java:129)
05-18 17:02:15.291 E/appium  ( 3164): 	at io.appium.uiautomator2.handler.SendKeysToElement.safeHandle(SendKeysToElement.java:83)
05-18 17:02:15.291 E/appium  ( 3164): 	at io.appium.uiautomator2.handler.request.SafeRequestHandler.handle(SafeRequestHandler.java:56)
05-18 17:02:15.291 E/appium  ( 3164): 	at io.appium.uiautomator2.server.AppiumServlet.handleRequest(AppiumServlet.java:202)
05-18 17:02:15.291 E/appium  ( 3164): 	at io.appium.uiautomator2.server.AppiumServlet.handleHttpRequest(AppiumServlet.java:193)
05-18 17:02:15.291 E/appium  ( 3164): 	at io.appium.uiautomator2.http.ServerHandler.channelRead(ServerHandler.java:44)
05-18 17:02:15.291 E/appium  ( 3164): 	at io.netty.channel.AbstractChannelHandlerContext.invokeChannelRead(AbstractChannelHandlerContext.java:366)
05-18 17:02:15.291 E/appium  ( 3164): 	at io.netty.channel.AbstractChannelHandlerContext.invokeChannelRead(AbstractChannelHandlerContext.java:352)
05-18 17:02:15.291 E/appium  ( 3164): 	at io.netty.channel.AbstractChannelHandlerContext.fireChannelRead(AbstractChannelHandlerContext.java:345)
05-18 17:02:15.291 E/appium  ( 3164): 	at io.netty.handler.codec.MessageToMessageDecoder.channelRead(MessageToMessageDecoder.java:102)
05-18 17:02:15.291 E/appium  ( 3164): 	at io.netty.channel.AbstractChannelHandlerContext.invokeChannelRead(AbstractChannelHandlerContext.java:366)
05-18 17:02:15.291 E/appium  ( 3164): 	at io.netty.channel.AbstractChannelHandlerContext.invokeChannelRead(AbstractChannelHandlerContext.java:352)
05-18 17:02:15.291 E/appium  ( 3164): 	at io.netty.channel.AbstractChannelHandlerContext.fireChannelRead(AbstractChannelHandlerContext.java:345)
05-18 17:02:15.291 E/appium  ( 3164): 	at io.netty.channel.CombinedChannelDuplexHandler$DelegatingChannelHandlerContext.fireChannelRead(CombinedChannelDuplexHandler.java:435)
05-18 17:02:15.291 E/appium  ( 3164): 	at io.netty.handler.codec.ByteToMessageDecoder.fireChannelRead(ByteToMessageDecoder.java:293)
05-18 17:02:15.291 E/appium  ( 3164): 	at io.netty.handler.codec.ByteToMessageDecoder.channelRead(ByteToMessageDecoder.java:267)
05-18 17:02:15.291 E/appium  ( 3164): 	at io.netty.channel.CombinedChannelDuplexHandler.channelRead(CombinedChannelDuplexHandler.java:250)
05-18 17:02:15.291 E/appium  ( 3164): 	at io.netty.channel.AbstractChannelHandlerContext.invokeChannelRead(AbstractChannelHandlerContext.java:366)
05-18 17:02:15.291 E/appium  ( 3164): 	at io.netty.channel.AbstractChannelHandlerContext.invokeChannelRead(AbstractChannelHandlerContext.java:352)
05-18 17:02:15.291 E/appium  ( 3164): 	at io.netty.channel.AbstractChannelHandlerContext.fireChannelRead(AbstractChannelHandlerContext.java:345)
05-18 17:02:15.291 E/appium  ( 3164): 	at io.netty.channel.DefaultChannelPipeline$HeadContext.channelRead(DefaultChannelPipeline.java:1294)
05-18 17:02:15.291 E/appium  ( 3164): 	at io.netty.channel.AbstractChannelHandlerContext.invokeChannelRead(AbstractChannelHandlerContext.java:366)
05-18 17:02:15.291 E/appium  ( 3164): 	at io.netty.channel.AbstractChannelHandlerContext.invokeChannelRead(AbstractChannelHandlerContext.java:352)
05-18 17:02:15.291 E/appium  ( 3164): 	at io.netty.channel.DefaultChannelPipeline.fireChannelRead(DefaultChannelPipeline.java:911)
05-18 17:02:15.291 E/appium  ( 3164): 	at io.netty.channel.nio.AbstractNioByteChannel$NioByteUnsafe.read(AbstractNioByteChannel.java:131)
05-18 17:02:15.291 E/appium  ( 3164): 	at io.netty.channel.nio.NioEventLoop.processSelectedKey(NioEventLoop.java:611)
05-18 17:02:15.291 E/appium  ( 3164): 	at io.netty.channel.nio.NioEventLoop.processSelectedKeysPlain(NioEventLoop.java:514)
05-18 17:02:15.291 E/appium  ( 3164): 	at io.netty.channel.nio.NioEventLoop.processSelectedKeys(NioEventLoop.java:468)
05-18 17:02:15.291 E/appium  ( 3164): 	at io.netty.channel.nio.NioEventLoop.run(NioEventLoop.java:438)
05-18 17:02:15.291 E/appium  ( 3164): 	at io.netty.util.concurrent.SingleThreadEventExecutor$2.run(SingleThreadEventExecutor.java:140)
05-18 17:02:15.291 E/appium  ( 3164): 	at io.netty.util.concurrent.DefaultThreadFactory$DefaultRunnableDecorator.run(DefaultThreadFactory.java:144)
05-18 17:02:15.291 E/appium  ( 3164): 	at java.lang.Thread.run(Thread.java:841)
05-18 17:02:16.241 E/GPSManager( 3366): Location changed : Lat: 40.00125 Lng: 105.56358166666665
05-18 17:02:17.251 E/GPSManager( 3366): Location changed : Lat: 40.00125 Lng: 105.56358166666665
05-18 17:02:18.271 E/GPSManager( 3366): Location changed : Lat: 40.00125 Lng: 105.56358166666665
05-18 17:02:19.261 E/GPSManager( 3366): Location changed : Lat: 40.00125 Lng: 105.56358166666665
05-18 17:02:20.251 E/GPSManager( 3366): Location changed : Lat: 40.00125 Lng: 105.56358166666665
05-18 17:02:21.281 E/GPSManager( 3366): Location changed : Lat: 40.00125 Lng: 105.56358166666665
05-18 17:02:22.271 E/GPSManager( 3366): Location changed : Lat: 40.00125 Lng: 105.56358166666665
05-18 17:02:23.031 E/memtrack( 3437): Couldn't load memtrack module (No such file or directory)
05-18 17:02:23.041 E/android.os.Debug( 3437): failed to load memtrack module: -2
05-18 17:02:23.171 E/cutils-trace( 3437): Error opening trace file: No such file or directory (2)
05-18 17:02:23.281 E/GPSManager( 3366): Location changed : Lat: 40.00125 Lng: 105.56358166666665
05-18 17:02:24.271 E/GPSManager( 3366): Location changed : Lat: 40.00125 Lng: 105.56358166666665
05-18 17:02:25.281 E/GPSManager( 3366): Location changed : Lat: 40.00125 Lng: 105.56358166666665
05-18 17:02:26.281 E/GPSManager( 3366): Location changed : Lat: 40.00125 Lng: 105.56358166666665
05-18 17:02:27.281 E/GPSManager( 3366): Location changed : Lat: 40.00125 Lng: 105.56358166666665
05-18 17:02:28.291 E/GPSManager( 3366): Location changed : Lat: 40.00125 Lng: 105.56358166666665
05-18 17:02:29.321 E/GPSManager( 3366): Location changed : Lat: 40.00125 Lng: 105.56358166666665
05-18 17:02:30.001 E/shadowsocks( 2535): unable to resolve
05-18 17:02:30.321 E/GPSManager( 3366): Location changed : Lat: 40.00125 Lng: 105.56358166666665
05-18 17:02:31.321 E/GPSManager( 3366): Location changed : Lat: 40.00125 Lng: 105.56358166666665
05-18 17:02:32.321 E/GPSManager( 3366): Location changed : Lat: 40.00125 Lng: 105.56358166666665
05-18 17:02:33.321 E/GPSManager( 3366): Location changed : Lat: 40.00125 Lng: 105.56358166666665
05-18 17:02:34.331 E/GPSManager( 3366): Location changed : Lat: 40.00125 Lng: 105.56358166666665
05-18 17:02:35.341 E/GPSManager( 3366): Location changed : Lat: 40.00125 Lng: 105.56358166666665
05-18 17:02:36.341 E/GPSManager( 3366): Location changed : Lat: 40.00125 Lng: 105.56358166666665
05-18 17:02:36.871 E/NetworkScheduler(  731): Received callback from client for task that is already complete. ComponentInfo{com.google.android.gms/com.google.android.gms.clearcut.uploader.UploaderService} upload_periodic
05-18 17:02:37.341 E/GPSManager( 3366): Location changed : Lat: 40.00125 Lng: 105.56358166666665
05-18 17:02:38.341 E/GPSManager( 3366): Location changed : Lat: 40.00125 Lng: 105.56358166666665
