05-18 16:59:10.301 E/appium  ( 3164): 	at io.netty.channel.nio.NioEventLoop.processSelectedKeysPlain(NioEventLoop.java:514)
05-18 16:59:10.301 E/appium  ( 3164): 	at io.netty.channel.nio.NioEventLoop.processSelectedKeys(NioEventLoop.java:468)
05-18 16:59:10.301 E/appium  ( 3164): 	at io.netty.channel.nio.NioEventLoop.run(NioEventLoop.java:438)
05-18 16:59:10.301 E/appium  ( 3164): 	at io.netty.util.concurrent.SingleThreadEventExecutor$2.run(SingleThreadEventExecutor.java:140)
05-18 16:59:10.301 E/appium  ( 3164): 	at io.netty.util.concurrent.DefaultThreadFactory$DefaultRunnableDecorator.run(DefaultThreadFactory.java:144)
05-18 16:59:10.301 E/appium  ( 3164): 	at java.lang.Thread.run(Thread.java:841)
05-18 16:59:10.441 E/GPSManager( 2745): Location changed : Lat: 40.00125 Lng: 105.56358166666665
05-18 16:59:11.291 E/appium  ( 3164): Element not found: 
05-18 16:59:11.291 E/appium  ( 3164): io.appium.uiautomator2.common.exceptions.ElementNotFoundException: Could not find an element using supplied strategy. 
05-18 16:59:11.291 E/appium  ( 3164): 	at io.appium.uiautomator2.handler.FindElement.getXPathUiObject(FindElement.java:80)
05-18 16:59:11.291 E/appium  ( 3164): 	at io.appium.uiautomator2.handler.FindElement.findElement(FindElement.java:153)
05-18 16:59:11.291 E/appium  ( 3164): 	at io.appium.uiautomator2.handler.FindElement.safeHandle(FindElement.java:102)
05-18 16:59:11.291 E/appium  ( 3164): 	at io.appium.uiautomator2.handler.request.SafeRequestHandler.handle(SafeRequestHandler.java:56)
05-18 16:59:11.291 E/appium  ( 3164): 	at io.appium.uiautomator2.server.AppiumServlet.handleRequest(AppiumServlet.java:202)
05-18 16:59:11.291 E/appium  ( 3164): 	at io.appium.uiautomator2.server.AppiumServlet.handleHttpRequest(AppiumServlet.java:193)
05-18 16:59:11.291 E/appium  ( 3164): 	at io.appium.uiautomator2.http.ServerHandler.channelRead(ServerHandler.java:44)
05-18 16:59:11.291 E/appium  ( 3164): 	at io.netty.channel.AbstractChannelHandlerContext.invokeChannelRead(AbstractChannelHandlerContext.java:366)
05-18 16:59:11.291 E/appium  ( 3164): 	at io.netty.channel.AbstractChannelHandlerContext.invokeChannelRead(AbstractChannelHandlerContext.java:352)
05-18 16:59:11.291 E/appium  ( 3164): 	at io.netty.channel.AbstractChannelHandlerContext.fireChannelRead(AbstractChannelHandlerContext.java:345)
05-18 16:59:11.291 E/appium  ( 3164): 	at io.netty.handler.codec.MessageToMessageDecoder.channelRead(MessageToMessageDecoder.java:102)
05-18 16:59:11.291 E/appium  ( 3164): 	at io.netty.channel.AbstractChannelHandlerContext.invokeChannelRead(AbstractChannelHandlerContext.java:366)
05-18 16:59:11.291 E/appium  ( 3164): 	at io.netty.channel.AbstractChannelHandlerContext.invokeChannelRead(AbstractChannelHandlerContext.java:352)
05-18 16:59:11.291 E/appium  ( 3164): 	at io.netty.channel.AbstractChannelHandlerContext.fireChannelRead(AbstractChannelHandlerContext.java:345)
05-18 16:59:11.291 E/appium  ( 3164): 	at io.netty.channel.CombinedChannelDuplexHandler$DelegatingChannelHandlerContext.fireChannelRead(CombinedChannelDuplexHandler.java:435)
05-18 16:59:11.291 E/appium  ( 3164): 	at io.netty.handler.codec.ByteToMessageDecoder.fireChannelRead(ByteToMessageDecoder.java:293)
05-18 16:59:11.291 E/appium  ( 3164): 	at io.netty.handler.codec.ByteToMessageDecoder.channelRead(ByteToMessageDecoder.java:267)
05-18 16:59:11.291 E/appium  ( 3164): 	at io.netty.channel.CombinedChannelDuplexHandler.channelRead(CombinedChannelDuplexHandler.java:250)
05-18 16:59:11.291 E/appium  ( 3164): 	at io.netty.channel.AbstractChannelHandlerContext.invokeChannelRead(AbstractChannelHandlerContext.java:366)
05-18 16:59:11.291 E/appium  ( 3164): 	at io.netty.channel.AbstractChannelHandlerContext.invokeChannelRead(AbstractChannelHandlerContext.java:352)
05-18 16:59:11.291 E/appium  ( 3164): 	at io.netty.channel.AbstractChannelHandlerContext.fireChannelRead(AbstractChannelHandlerContext.java:345)
05-18 16:59:11.291 E/appium  ( 3164): 	at io.netty.channel.DefaultChannelPipeline$HeadContext.channelRead(DefaultChannelPipeline.java:1294)
05-18 16:59:11.291 E/appium  ( 3164): 	at io.netty.channel.AbstractChannelHandlerContext.invokeChannelRead(AbstractChannelHandlerContext.java:366)
05-18 16:59:11.291 E/appium  ( 3164): 	at io.netty.channel.AbstractChannelHandlerContext.invokeChannelRead(AbstractChannelHandlerContext.java:352)
05-18 16:59:11.291 E/appium  ( 3164): 	at io.netty.channel.DefaultChannelPipeline.fireChannelRead(DefaultChannelPipeline.java:911)
05-18 16:59:11.291 E/appium  ( 3164): 	at io.netty.channel.nio.AbstractNioByteChannel$NioByteUnsafe.read(AbstractNioByteChannel.java:131)
05-18 16:59:11.291 E/appium  ( 3164): 	at io.netty.channel.nio.NioEventLoop.processSelectedKey(NioEventLoop.java:611)
05-18 16:59:11.291 E/appium  ( 3164): 	at io.netty.channel.nio.NioEventLoop.processSelectedKeysPlain(NioEventLoop.java:514)
05-18 16:59:11.291 E/appium  ( 3164): 	at io.netty.channel.nio.NioEventLoop.processSelectedKeys(NioEventLoop.java:468)
05-18 16:59:11.291 E/appium  ( 3164): 	at io.netty.channel.nio.NioEventLoop.run(NioEventLoop.java:438)
05-18 16:59:11.291 E/appium  ( 3164): 	at io.netty.util.concurrent.SingleThreadEventExecutor$2.run(SingleThreadEventExecutor.java:140)
05-18 16:59:11.291 E/appium  ( 3164): 	at io.netty.util.concurrent.DefaultThreadFactory$DefaultRunnableDecorator.run(DefaultThreadFactory.java:144)
05-18 16:59:11.291 E/appium  ( 3164): 	at java.lang.Thread.run(Thread.java:841)
05-18 16:59:11.451 E/GPSManager( 2745): Location changed : Lat: 40.00125 Lng: 105.56358166666665
05-18 16:59:12.281 E/appium  ( 3164): Element not found: 
05-18 16:59:12.281 E/appium  ( 3164): io.appium.uiautomator2.common.exceptions.ElementNotFoundException: Could not find an element using supplied strategy. 
05-18 16:59:12.281 E/appium  ( 3164): 	at io.appium.uiautomator2.handler.FindElement.getXPathUiObject(FindElement.java:80)
05-18 16:59:12.281 E/appium  ( 3164): 	at io.appium.uiautomator2.handler.FindElement.findElement(FindElement.java:153)
05-18 16:59:12.281 E/appium  ( 3164): 	at io.appium.uiautomator2.handler.FindElement.safeHandle(FindElement.java:102)
05-18 16:59:12.281 E/appium  ( 3164): 	at io.appium.uiautomator2.handler.request.SafeRequestHandler.handle(SafeRequestHandler.java:56)
05-18 16:59:12.281 E/appium  ( 3164): 	at io.appium.uiautomator2.server.AppiumServlet.handleRequest(AppiumServlet.java:202)
05-18 16:59:12.281 E/appium  ( 3164): 	at io.appium.uiautomator2.server.AppiumServlet.handleHttpRequest(AppiumServlet.java:193)
05-18 16:59:12.281 E/appium  ( 3164): 	at io.appium.uiautomator2.http.ServerHandler.channelRead(ServerHandler.java:44)
05-18 16:59:12.281 E/appium  ( 3164): 	at io.netty.channel.AbstractChannelHandlerContext.invokeChannelRead(AbstractChannelHandlerContext.java:366)
05-18 16:59:12.281 E/appium  ( 3164): 	at io.netty.channel.AbstractChannelHandlerContext.invokeChannelRead(AbstractChannelHandlerContext.java:352)
05-18 16:59:12.281 E/appium  ( 3164): 	at io.netty.channel.AbstractChannelHandlerContext.fireChannelRead(AbstractChannelHandlerContext.java:345)
05-18 16:59:12.281 E/appium  ( 3164): 	at io.netty.handler.codec.MessageToMessageDecoder.channelRead(MessageToMessageDecoder.java:102)
05-18 16:59:12.281 E/appium  ( 3164): 	at io.netty.channel.AbstractChannelHandlerContext.invokeChannelRead(AbstractChannelHandlerContext.java:366)
05-18 16:59:12.281 E/appium  ( 3164): 	at io.netty.channel.AbstractChannelHandlerContext.invokeChannelRead(AbstractChannelHandlerContext.java:352)
05-18 16:59:12.281 E/appium  ( 3164): 	at io.netty.channel.AbstractChannelHandlerContext.fireChannelRead(AbstractChannelHandlerContext.java:345)
05-18 16:59:12.281 E/appium  ( 3164): 	at io.netty.channel.CombinedChannelDuplexHandler$DelegatingChannelHandlerContext.fireChannelRead(CombinedChannelDuplexHandler.java:435)
05-18 16:59:12.281 E/appium  ( 3164): 	at io.netty.handler.codec.ByteToMessageDecoder.fireChannelRead(ByteToMessageDecoder.java:293)
05-18 16:59:12.281 E/appium  ( 3164): 	at io.netty.handler.codec.ByteToMessageDecoder.channelRead(ByteToMessageDecoder.java:267)
05-18 16:59:12.281 E/appium  ( 3164): 	at io.netty.channel.CombinedChannelDuplexHandler.channelRead(CombinedChannelDuplexHandler.java:250)
05-18 16:59:12.281 E/appium  ( 3164): 	at io.netty.channel.AbstractChannelHandlerContext.invokeChannelRead(AbstractChannelHandlerContext.java:366)
05-18 16:59:12.281 E/appium  ( 3164): 	at io.netty.channel.AbstractChannelHandlerContext.invokeChannelRead(AbstractChannelHandlerContext.java:352)
05-18 16:59:12.281 E/appium  ( 3164): 	at io.netty.channel.AbstractChannelHandlerContext.fireChannelRead(AbstractChannelHandlerContext.java:345)
05-18 16:59:12.281 E/appium  ( 3164): 	at io.netty.channel.DefaultChannelPipeline$HeadContext.channelRead(DefaultChannelPipeline.java:1294)
05-18 16:59:12.281 E/appium  ( 3164): 	at io.netty.channel.AbstractChannelHandlerContext.invokeChannelRead(AbstractChannelHandlerContext.java:366)
05-18 16:59:12.281 E/appium  ( 3164): 	at io.netty.channel.AbstractChannelHandlerContext.invokeChannelRead(AbstractChannelHandlerContext.java:352)
05-18 16:59:12.281 E/appium  ( 3164): 	at io.netty.channel.DefaultChannelPipeline.fireChannelRead(DefaultChannelPipeline.java:911)
05-18 16:59:12.281 E/appium  ( 3164): 	at io.netty.channel.nio.AbstractNioByteChannel$NioByteUnsafe.read(AbstractNioByteChannel.java:131)
05-18 16:59:12.281 E/appium  ( 3164): 	at io.netty.channel.nio.NioEventLoop.processSelectedKey(NioEventLoop.java:611)
05-18 16:59:12.281 E/appium  ( 3164): 	at io.netty.channel.nio.NioEventLoop.processSelectedKeysPlain(NioEventLoop.java:514)
05-18 16:59:12.281 E/appium  ( 3164): 	at io.netty.channel.nio.NioEventLoop.processSelectedKeys(NioEventLoop.java:468)
05-18 16:59:12.281 E/appium  ( 3164): 	at io.netty.channel.nio.NioEventLoop.run(NioEventLoop.java:438)
05-18 16:59:12.281 E/appium  ( 3164): 	at io.netty.util.concurrent.SingleThreadEventExecutor$2.run(SingleThreadEventExecutor.java:140)
05-18 16:59:12.281 E/appium  ( 3164): 	at io.netty.util.concurrent.DefaultThreadFactory$DefaultRunnableDecorator.run(DefaultThreadFactory.java:144)
05-18 16:59:12.281 E/appium  ( 3164): 	at java.lang.Thread.run(Thread.java:841)
05-18 16:59:12.461 E/GPSManager( 2745): Location changed : Lat: 40.00125 Lng: 105.56358166666665
05-18 16:59:13.271 E/appium  ( 3164): Element not found: 
05-18 16:59:13.271 E/appium  ( 3164): io.appium.uiautomator2.common.exceptions.ElementNotFoundException: Could not find an element using supplied strategy. 
05-18 16:59:13.271 E/appium  ( 3164): 	at io.appium.uiautomator2.handler.FindElement.getXPathUiObject(FindElement.java:80)
05-18 16:59:13.271 E/appium  ( 3164): 	at io.appium.uiautomator2.handler.FindElement.findElement(FindElement.java:153)
05-18 16:59:13.271 E/appium  ( 3164): 	at io.appium.uiautomator2.handler.FindElement.safeHandle(FindElement.java:102)
05-18 16:59:13.271 E/appium  ( 3164): 	at io.appium.uiautomator2.handler.request.SafeRequestHandler.handle(SafeRequestHandler.java:56)
05-18 16:59:13.271 E/appium  ( 3164): 	at io.appium.uiautomator2.server.AppiumServlet.handleRequest(AppiumServlet.java:202)
05-18 16:59:13.271 E/appium  ( 3164): 	at io.appium.uiautomator2.server.AppiumServlet.handleHttpRequest(AppiumServlet.java:193)
05-18 16:59:13.271 E/appium  ( 3164): 	at io.appium.uiautomator2.http.ServerHandler.channelRead(ServerHandler.java:44)
05-18 16:59:13.271 E/appium  ( 3164): 	at io.netty.channel.AbstractChannelHandlerContext.invokeChannelRead(AbstractChannelHandlerContext.java:366)
05-18 16:59:13.271 E/appium  ( 3164): 	at io.netty.channel.AbstractChannelHandlerContext.invokeChannelRead(AbstractChannelHandlerContext.java:352)
05-18 16:59:13.271 E/appium  ( 3164): 	at io.netty.channel.AbstractChannelHandlerContext.fireChannelRead(AbstractChannelHandlerContext.java:345)
05-18 16:59:13.271 E/appium  ( 3164): 	at io.netty.handler.codec.MessageToMessageDecoder.channelRead(MessageToMessageDecoder.java:102)
05-18 16:59:13.271 E/appium  ( 3164): 	at io.netty.channel.AbstractChannelHandlerContext.invokeChannelRead(AbstractChannelHandlerContext.java:366)
05-18 16:59:13.271 E/appium  ( 3164): 	at io.netty.channel.AbstractChannelHandlerContext.invokeChannelRead(AbstractChannelHandlerContext.java:352)
05-18 16:59:13.271 E/appium  ( 3164): 	at io.netty.channel.AbstractChannelHandlerContext.fireChannelRead(AbstractChannelHandlerContext.java:345)
05-18 16:59:13.271 E/appium  ( 3164): 	at io.netty.channel.CombinedChannelDuplexHandler$DelegatingChannelHandlerContext.fireChannelRead(CombinedChannelDuplexHandler.java:435)
05-18 16:59:13.271 E/appium  ( 3164): 	at io.netty.handler.codec.ByteToMessageDecoder.fireChannelRead(ByteToMessageDecoder.java:293)
05-18 16:59:13.271 E/appium  ( 3164): 	at io.netty.handler.codec.ByteToMessageDecoder.channelRead(ByteToMessageDecoder.java:267)
05-18 16:59:13.271 E/appium  ( 3164): 	at io.netty.channel.CombinedChannelDuplexHandler.channelRead(CombinedChannelDuplexHandler.java:250)
05-18 16:59:13.271 E/appium  ( 3164): 	at io.netty.channel.AbstractChannelHandlerContext.invokeChannelRead(AbstractChannelHandlerContext.java:366)
05-18 16:59:13.271 E/appium  ( 3164): 	at io.netty.channel.AbstractChannelHandlerContext.invokeChannelRead(AbstractChannelHandlerContext.java:352)
05-18 16:59:13.271 E/appium  ( 3164): 	at io.netty.channel.AbstractChannelHandlerContext.fireChannelRead(AbstractChannelHandlerContext.java:345)
05-18 16:59:13.271 E/appium  ( 3164): 	at io.netty.channel.DefaultChannelPipeline$HeadContext.channelRead(DefaultChannelPipeline.java:1294)
05-18 16:59:13.271 E/appium  ( 3164): 	at io.netty.channel.AbstractChannelHandlerContext.invokeChannelRead(AbstractChannelHandlerContext.java:366)
05-18 16:59:13.271 E/appium  ( 3164): 	at io.netty.channel.AbstractChannelHandlerContext.invokeChannelRead(AbstractChannelHandlerContext.java:352)
05-18 16:59:13.271 E/appium  ( 3164): 	at io.netty.channel.DefaultChannelPipeline.fireChannelRead(DefaultChannelPipeline.java:911)
05-18 16:59:13.271 E/appium  ( 3164): 	at io.netty.channel.nio.AbstractNioByteChannel$NioByteUnsafe.read(AbstractNioByteChannel.java:131)
05-18 16:59:13.271 E/appium  ( 3164): 	at io.netty.channel.nio.NioEventLoop.processSelectedKey(NioEventLoop.java:611)
05-18 16:59:13.271 E/appium  ( 3164): 	at io.netty.channel.nio.NioEventLoop.processSelectedKeysPlain(NioEventLoop.java:514)
05-18 16:59:13.271 E/appium  ( 3164): 	at io.netty.channel.nio.NioEventLoop.processSelectedKeys(NioEventLoop.java:468)
05-18 16:59:13.271 E/appium  ( 3164): 	at io.netty.channel.nio.NioEventLoop.run(NioEventLoop.java:438)
05-18 16:59:13.271 E/appium  ( 3164): 	at io.netty.util.concurrent.SingleThreadEventExecutor$2.run(SingleThreadEventExecutor.java:140)
05-18 16:59:13.271 E/appium  ( 3164): 	at io.netty.util.concurrent.DefaultThreadFactory$DefaultRunnableDecorator.run(DefaultThreadFactory.java:144)
05-18 16:59:13.271 E/appium  ( 3164): 	at java.lang.Thread.run(Thread.java:841)
05-18 16:59:13.461 E/GPSManager( 2745): Location changed : Lat: 40.00125 Lng: 105.56358166666665
05-18 16:59:14.301 E/appium  ( 3164): Element not found: 
05-18 16:59:14.301 E/appium  ( 3164): io.appium.uiautomator2.common.exceptions.ElementNotFoundException: Could not find an element using supplied strategy. 
05-18 16:59:14.301 E/appium  ( 3164): 	at io.appium.uiautomator2.handler.FindElement.getXPathUiObject(FindElement.java:80)
05-18 16:59:14.301 E/appium  ( 3164): 	at io.appium.uiautomator2.handler.FindElement.findElement(FindElement.java:153)
05-18 16:59:14.301 E/appium  ( 3164): 	at io.appium.uiautomator2.handler.FindElement.safeHandle(FindElement.java:102)
05-18 16:59:14.301 E/appium  ( 3164): 	at io.appium.uiautomator2.handler.request.SafeRequestHandler.handle(SafeRequestHandler.java:56)
05-18 16:59:14.301 E/appium  ( 3164): 	at io.appium.uiautomator2.server.AppiumServlet.handleRequest(AppiumServlet.java:202)
05-18 16:59:14.301 E/appium  ( 3164): 	at io.appium.uiautomator2.server.AppiumServlet.handleHttpRequest(AppiumServlet.java:193)
05-18 16:59:14.301 E/appium  ( 3164): 	at io.appium.uiautomator2.http.ServerHandler.channelRead(ServerHandler.java:44)
05-18 16:59:14.301 E/appium  ( 3164): 	at io.netty.channel.AbstractChannelHandlerContext.invokeChannelRead(AbstractChannelHandlerContext.java:366)
05-18 16:59:14.301 E/appium  ( 3164): 	at io.netty.channel.AbstractChannelHandlerContext.invokeChannelRead(AbstractChannelHandlerContext.java:352)
05-18 16:59:14.301 E/appium  ( 3164): 	at io.netty.channel.AbstractChannelHandlerContext.fireChannelRead(AbstractChannelHandlerContext.java:345)
05-18 16:59:14.301 E/appium  ( 3164): 	at io.netty.handler.codec.MessageToMessageDecoder.channelRead(MessageToMessageDecoder.java:102)
05-18 16:59:14.301 E/appium  ( 3164): 	at io.netty.channel.AbstractChannelHandlerContext.invokeChannelRead(AbstractChannelHandlerContext.java:366)
05-18 16:59:14.301 E/appium  ( 3164): 	at io.netty.channel.AbstractChannelHandlerContext.invokeChannelRead(AbstractChannelHandlerContext.java:352)
05-18 16:59:14.301 E/appium  ( 3164): 	at io.netty.channel.AbstractChannelHandlerContext.fireChannelRead(AbstractChannelHandlerContext.java:345)
05-18 16:59:14.301 E/appium  ( 3164): 	at io.netty.channel.CombinedChannelDuplexHandler$DelegatingChannelHandlerContext.fireChannelRead(CombinedChannelDuplexHandler.java:435)
05-18 16:59:14.301 E/appium  ( 3164): 	at io.netty.handler.codec.ByteToMessageDecoder.fireChannelRead(ByteToMessageDecoder.java:293)
05-18 16:59:14.301 E/appium  ( 3164): 	at io.netty.handler.codec.ByteToMessageDecoder.channelRead(ByteToMessageDecoder.java:267)
05-18 16:59:14.301 E/appium  ( 3164): 	at io.netty.channel.CombinedChannelDuplexHandler.channelRead(CombinedChannelDuplexHandler.java:250)
05-18 16:59:14.301 E/appium  ( 3164): 	at io.netty.channel.AbstractChannelHandlerContext.invokeChannelRead(AbstractChannelHandlerContext.java:366)
05-18 16:59:14.301 E/appium  ( 3164): 	at io.netty.channel.AbstractChannelHandlerContext.invokeChannelRead(AbstractChannelHandlerContext.java:352)
05-18 16:59:14.301 E/appium  ( 3164): 	at io.netty.channel.AbstractChannelHandlerContext.fireChannelRead(AbstractChannelHandlerContext.java:345)
05-18 16:59:14.301 E/appium  ( 3164): 	at io.netty.channel.DefaultChannelPipeline$HeadContext.channelRead(DefaultChannelPipeline.java:1294)
05-18 16:59:14.301 E/appium  ( 3164): 	at io.netty.channel.AbstractChannelHandlerContext.invokeChannelRead(AbstractChannelHandlerContext.java:366)
05-18 16:59:14.301 E/appium  ( 3164): 	at io.netty.channel.AbstractChannelHandlerContext.invokeChannelRead(AbstractChannelHandlerContext.java:352)
05-18 16:59:14.301 E/appium  ( 3164): 	at io.netty.channel.DefaultChannelPipeline.fireChannelRead(DefaultChannelPipeline.java:911)
05-18 16:59:14.301 E/appium  ( 3164): 	at io.netty.channel.nio.AbstractNioByteChannel$NioByteUnsafe.read(AbstractNioByteChannel.java:131)
05-18 16:59:14.301 E/appium  ( 3164): 	at io.netty.channel.nio.NioEventLoop.processSelectedKey(NioEventLoop.java:611)
05-18 16:59:14.301 E/appium  ( 3164): 	at io.netty.channel.nio.NioEventLoop.processSelectedKeysPlain(NioEventLoop.java:514)
05-18 16:59:14.301 E/appium  ( 3164): 	at io.netty.channel.nio.NioEventLoop.processSelectedKeys(NioEventLoop.java:468)
05-18 16:59:14.301 E/appium  ( 3164): 	at io.netty.channel.nio.NioEventLoop.run(NioEventLoop.java:438)
05-18 16:59:14.301 E/appium  ( 3164): 	at io.netty.util.concurrent.SingleThreadEventExecutor$2.run(SingleThreadEventExecutor.java:140)
05-18 16:59:14.301 E/appium  ( 3164): 	at io.netty.util.concurrent.DefaultThreadFactory$DefaultRunnableDecorator.run(DefaultThreadFactory.java:144)
05-18 16:59:14.301 E/appium  ( 3164): 	at java.lang.Thread.run(Thread.java:841)
05-18 16:59:14.461 E/GPSManager( 2745): Location changed : Lat: 40.00125 Lng: 105.56358166666665
05-18 16:59:15.311 E/appium  ( 3164): Element not found: 
05-18 16:59:15.311 E/appium  ( 3164): io.appium.uiautomator2.common.exceptions.ElementNotFoundException: Could not find an element using supplied strategy. 
05-18 16:59:15.311 E/appium  ( 3164): 	at io.appium.uiautomator2.handler.FindElement.getXPathUiObject(FindElement.java:80)
05-18 16:59:15.311 E/appium  ( 3164): 	at io.appium.uiautomator2.handler.FindElement.findElement(FindElement.java:153)
05-18 16:59:15.311 E/appium  ( 3164): 	at io.appium.uiautomator2.handler.FindElement.safeHandle(FindElement.java:102)
05-18 16:59:15.311 E/appium  ( 3164): 	at io.appium.uiautomator2.handler.request.SafeRequestHandler.handle(SafeRequestHandler.java:56)
05-18 16:59:15.311 E/appium  ( 3164): 	at io.appium.uiautomator2.server.AppiumServlet.handleRequest(AppiumServlet.java:202)
05-18 16:59:15.311 E/appium  ( 3164): 	at io.appium.uiautomator2.server.AppiumServlet.handleHttpRequest(AppiumServlet.java:193)
05-18 16:59:15.311 E/appium  ( 3164): 	at io.appium.uiautomator2.http.ServerHandler.channelRead(ServerHandler.java:44)
05-18 16:59:15.311 E/appium  ( 3164): 	at io.netty.channel.AbstractChannelHandlerContext.invokeChannelRead(AbstractChannelHandlerContext.java:366)
05-18 16:59:15.311 E/appium  ( 3164): 	at io.netty.channel.AbstractChannelHandlerContext.invokeChannelRead(AbstractChannelHandlerContext.java:352)
05-18 16:59:15.311 E/appium  ( 3164): 	at io.netty.channel.AbstractChannelHandlerContext.fireChannelRead(AbstractChannelHandlerContext.java:345)
05-18 16:59:15.311 E/appium  ( 3164): 	at io.netty.handler.codec.MessageToMessageDecoder.channelRead(MessageToMessageDecoder.java:102)
05-18 16:59:15.311 E/appium  ( 3164): 	at io.netty.channel.AbstractChannelHandlerContext.invokeChannelRead(AbstractChannelHandlerContext.java:366)
05-18 16:59:15.311 E/appium  ( 3164): 	at io.netty.channel.AbstractChannelHandlerContext.invokeChannelRead(AbstractChannelHandlerContext.java:352)
05-18 16:59:15.311 E/appium  ( 3164): 	at io.netty.channel.AbstractChannelHandlerContext.fireChannelRead(AbstractChannelHandlerContext.java:345)
05-18 16:59:15.311 E/appium  ( 3164): 	at io.netty.channel.CombinedChannelDuplexHandler$DelegatingChannelHandlerContext.fireChannelRead(CombinedChannelDuplexHandler.java:435)
05-18 16:59:15.311 E/appium  ( 3164): 	at io.netty.handler.codec.ByteToMessageDecoder.fireChannelRead(ByteToMessageDecoder.java:293)
05-18 16:59:15.311 E/appium  ( 3164): 	at io.netty.handler.codec.ByteToMessageDecoder.channelRead(ByteToMessageDecoder.java:267)
05-18 16:59:15.311 E/appium  ( 3164): 	at io.netty.channel.CombinedChannelDuplexHandler.channelRead(CombinedChannelDuplexHandler.java:250)
05-18 16:59:15.311 E/appium  ( 3164): 	at io.netty.channel.AbstractChannelHandlerContext.invokeChannelRead(AbstractChannelHandlerContext.java:366)
05-18 16:59:15.311 E/appium  ( 3164): 	at io.netty.channel.AbstractChannelHandlerContext.invokeChannelRead(AbstractChannelHandlerContext.java:352)
05-18 16:59:15.311 E/appium  ( 3164): 	at io.netty.channel.AbstractChannelHandlerContext.fireChannelRead(AbstractChannelHandlerContext.java:345)
05-18 16:59:15.311 E/appium  ( 3164): 	at io.netty.channel.DefaultChannelPipeline$HeadContext.channelRead(DefaultChannelPipeline.java:1294)
05-18 16:59:15.311 E/appium  ( 3164): 	at io.netty.channel.AbstractChannelHandlerContext.invokeChannelRead(AbstractChannelHandlerContext.java:366)
05-18 16:59:15.311 E/appium  ( 3164): 	at io.netty.channel.AbstractChannelHandlerContext.invokeChannelRead(AbstractChannelHandlerContext.java:352)
05-18 16:59:15.311 E/appium  ( 3164): 	at io.netty.channel.DefaultChannelPipeline.fireChannelRead(DefaultChannelPipeline.java:911)
05-18 16:59:15.311 E/appium  ( 3164): 	at io.netty.channel.nio.AbstractNioByteChannel$NioByteUnsafe.read(AbstractNioByteChannel.java:131)
05-18 16:59:15.311 E/appium  ( 3164): 	at io.netty.channel.nio.NioEventLoop.processSelectedKey(NioEventLoop.java:611)
05-18 16:59:15.311 E/appium  ( 3164): 	at io.netty.channel.nio.NioEventLoop.processSelectedKeysPlain(NioEventLoop.java:514)
05-18 16:59:15.311 E/appium  ( 3164): 	at io.netty.channel.nio.NioEventLoop.processSelectedKeys(NioEventLoop.java:468)
05-18 16:59:15.311 E/appium  ( 3164): 	at io.netty.channel.nio.NioEventLoop.run(NioEventLoop.java:438)
05-18 16:59:15.311 E/appium  ( 3164): 	at io.netty.util.concurrent.SingleThreadEventExecutor$2.run(SingleThreadEventExecutor.java:140)
05-18 16:59:15.311 E/appium  ( 3164): 	at io.netty.util.concurrent.DefaultThreadFactory$DefaultRunnableDecorator.run(DefaultThreadFactory.java:144)
05-18 16:59:15.311 E/appium  ( 3164): 	at java.lang.Thread.run(Thread.java:841)
05-18 16:59:15.461 E/GPSManager( 2745): Location changed : Lat: 40.00125 Lng: 105.56358166666665
05-18 16:59:16.311 E/appium  ( 3164): Element not found: 
05-18 16:59:16.311 E/appium  ( 3164): io.appium.uiautomator2.common.exceptions.ElementNotFoundException: Could not find an element using supplied strategy. 
05-18 16:59:16.311 E/appium  ( 3164): 	at io.appium.uiautomator2.handler.FindElement.getXPathUiObject(FindElement.java:80)
05-18 16:59:16.311 E/appium  ( 3164): 	at io.appium.uiautomator2.handler.FindElement.findElement(FindElement.java:153)
05-18 16:59:16.311 E/appium  ( 3164): 	at io.appium.uiautomator2.handler.FindElement.safeHandle(FindElement.java:102)
05-18 16:59:16.311 E/appium  ( 3164): 	at io.appium.uiautomator2.handler.request.SafeRequestHandler.handle(SafeRequestHandler.java:56)
05-18 16:59:16.311 E/appium  ( 3164): 	at io.appium.uiautomator2.server.AppiumServlet.handleRequest(AppiumServlet.java:202)
05-18 16:59:16.311 E/appium  ( 3164): 	at io.appium.uiautomator2.server.AppiumServlet.handleHttpRequest(AppiumServlet.java:193)
05-18 16:59:16.311 E/appium  ( 3164): 	at io.appium.uiautomator2.http.ServerHandler.channelRead(ServerHandler.java:44)
05-18 16:59:16.311 E/appium  ( 3164): 	at io.netty.channel.AbstractChannelHandlerContext.invokeChannelRead(AbstractChannelHandlerContext.java:366)
05-18 16:59:16.311 E/appium  ( 3164): 	at io.netty.channel.AbstractChannelHandlerContext.invokeChannelRead(AbstractChannelHandlerContext.java:352)
05-18 16:59:16.311 E/appium  ( 3164): 	at io.netty.channel.AbstractChannelHandlerContext.fireChannelRead(AbstractChannelHandlerContext.java:345)
05-18 16:59:16.311 E/appium  ( 3164): 	at io.netty.handler.codec.MessageToMessageDecoder.channelRead(MessageToMessageDecoder.java:102)
05-18 16:59:16.311 E/appium  ( 3164): 	at io.netty.channel.AbstractChannelHandlerContext.invokeChannelRead(AbstractChannelHandlerContext.java:366)
05-18 16:59:16.311 E/appium  ( 3164): 	at io.netty.channel.AbstractChannelHandlerContext.invokeChannelRead(AbstractChannelHandlerContext.java:352)
05-18 16:59:16.311 E/appium  ( 3164): 	at io.netty.channel.AbstractChannelHandlerContext.fireChannelRead(AbstractChannelHandlerContext.java:345)
05-18 16:59:16.311 E/appium  ( 3164): 	at io.netty.channel.CombinedChannelDuplexHandler$DelegatingChannelHandlerContext.fireChannelRead(CombinedChannelDuplexHandler.java:435)
05-18 16:59:16.311 E/appium  ( 3164): 	at io.netty.handler.codec.ByteToMessageDecoder.fireChannelRead(ByteToMessageDecoder.java:293)
05-18 16:59:16.311 E/appium  ( 3164): 	at io.netty.handler.codec.ByteToMessageDecoder.channelRead(ByteToMessageDecoder.java:267)
05-18 16:59:16.311 E/appium  ( 3164): 	at io.netty.channel.CombinedChannelDuplexHandler.channelRead(CombinedChannelDuplexHandler.java:250)
05-18 16:59:16.311 E/appium  ( 3164): 	at io.netty.channel.AbstractChannelHandlerContext.invokeChannelRead(AbstractChannelHandlerContext.java:366)
05-18 16:59:16.311 E/appium  ( 3164): 	at io.netty.channel.AbstractChannelHandlerContext.invokeChannelRead(AbstractChannelHandlerContext.java:352)
05-18 16:59:16.311 E/appium  ( 3164): 	at io.netty.channel.AbstractChannelHandlerContext.fireChannelRead(AbstractChannelHandlerContext.java:345)
05-18 16:59:16.311 E/appium  ( 3164): 	at io.netty.channel.DefaultChannelPipeline$HeadContext.channelRead(DefaultChannelPipeline.java:1294)
05-18 16:59:16.311 E/appium  ( 3164): 	at io.netty.channel.AbstractChannelHandlerContext.invokeChannelRead(AbstractChannelHandlerContext.java:366)
05-18 16:59:16.311 E/appium  ( 3164): 	at io.netty.channel.AbstractChannelHandlerContext.invokeChannelRead(AbstractChannelHandlerContext.java:352)
05-18 16:59:16.311 E/appium  ( 3164): 	at io.netty.channel.DefaultChannelPipeline.fireChannelRead(DefaultChannelPipeline.java:911)
05-18 16:59:16.311 E/appium  ( 3164): 	at io.netty.channel.nio.AbstractNioByteChannel$NioByteUnsafe.read(AbstractNioByteChannel.java:131)
05-18 16:59:16.311 E/appium  ( 3164): 	at io.netty.channel.nio.NioEventLoop.processSelectedKey(NioEventLoop.java:611)
05-18 16:59:16.311 E/appium  ( 3164): 	at io.netty.channel.nio.NioEventLoop.processSelectedKeysPlain(NioEventLoop.java:514)
05-18 16:59:16.311 E/appium  ( 3164): 	at io.netty.channel.nio.NioEventLoop.processSelectedKeys(NioEventLoop.java:468)
05-18 16:59:16.311 E/appium  ( 3164): 	at io.netty.channel.nio.NioEventLoop.run(NioEventLoop.java:438)
05-18 16:59:16.311 E/appium  ( 3164): 	at io.netty.util.concurrent.SingleThreadEventExecutor$2.run(SingleThreadEventExecutor.java:140)
05-18 16:59:16.311 E/appium  ( 3164): 	at io.netty.util.concurrent.DefaultThreadFactory$DefaultRunnableDecorator.run(DefaultThreadFactory.java:144)
05-18 16:59:16.311 E/appium  ( 3164): 	at java.lang.Thread.run(Thread.java:841)
05-18 16:59:16.491 E/GPSManager( 2745): Location changed : Lat: 40.00125 Lng: 105.56358166666665
05-18 16:59:17.311 E/appium  ( 3164): Element not found: 
05-18 16:59:17.311 E/appium  ( 3164): io.appium.uiautomator2.common.exceptions.ElementNotFoundException: Could not find an element using supplied strategy. 
05-18 16:59:17.311 E/appium  ( 3164): 	at io.appium.uiautomator2.handler.FindElement.getXPathUiObject(FindElement.java:80)
05-18 16:59:17.311 E/appium  ( 3164): 	at io.appium.uiautomator2.handler.FindElement.findElement(FindElement.java:153)
05-18 16:59:17.311 E/appium  ( 3164): 	at io.appium.uiautomator2.handler.FindElement.safeHandle(FindElement.java:102)
05-18 16:59:17.311 E/appium  ( 3164): 	at io.appium.uiautomator2.handler.request.SafeRequestHandler.handle(SafeRequestHandler.java:56)
05-18 16:59:17.311 E/appium  ( 3164): 	at io.appium.uiautomator2.server.AppiumServlet.handleRequest(AppiumServlet.java:202)
05-18 16:59:17.311 E/appium  ( 3164): 	at io.appium.uiautomator2.server.AppiumServlet.handleHttpRequest(AppiumServlet.java:193)
05-18 16:59:17.311 E/appium  ( 3164): 	at io.appium.uiautomator2.http.ServerHandler.channelRead(ServerHandler.java:44)
05-18 16:59:17.311 E/appium  ( 3164): 	at io.netty.channel.AbstractChannelHandlerContext.invokeChannelRead(AbstractChannelHandlerContext.java:366)
05-18 16:59:17.311 E/appium  ( 3164): 	at io.netty.channel.AbstractChannelHandlerContext.invokeChannelRead(AbstractChannelHandlerContext.java:352)
05-18 16:59:17.311 E/appium  ( 3164): 	at io.netty.channel.AbstractChannelHandlerContext.fireChannelRead(AbstractChannelHandlerContext.java:345)
05-18 16:59:17.311 E/appium  ( 3164): 	at io.netty.handler.codec.MessageToMessageDecoder.channelRead(MessageToMessageDecoder.java:102)
05-18 16:59:17.311 E/appium  ( 3164): 	at io.netty.channel.AbstractChannelHandlerContext.invokeChannelRead(AbstractChannelHandlerContext.java:366)
05-18 16:59:17.311 E/appium  ( 3164): 	at io.netty.channel.AbstractChannelHandlerContext.invokeChannelRead(AbstractChannelHandlerContext.java:352)
05-18 16:59:17.311 E/appium  ( 3164): 	at io.netty.channel.AbstractChannelHandlerContext.fireChannelRead(AbstractChannelHandlerContext.java:345)
05-18 16:59:17.311 E/appium  ( 3164): 	at io.netty.channel.CombinedChannelDuplexHandler$DelegatingChannelHandlerContext.fireChannelRead(CombinedChannelDuplexHandler.java:435)
05-18 16:59:17.311 E/appium  ( 3164): 	at io.netty.handler.codec.ByteToMessageDecoder.fireChannelRead(ByteToMessageDecoder.java:293)
05-18 16:59:17.311 E/appium  ( 3164): 	at io.netty.handler.codec.ByteToMessageDecoder.channelRead(ByteToMessageDecoder.java:267)
05-18 16:59:17.311 E/appium  ( 3164): 	at io.netty.channel.CombinedChannelDuplexHandler.channelRead(CombinedChannelDuplexHandler.java:250)
05-18 16:59:17.311 E/appium  ( 3164): 	at io.netty.channel.AbstractChannelHandlerContext.invokeChannelRead(AbstractChannelHandlerContext.java:366)
05-18 16:59:17.311 E/appium  ( 3164): 	at io.netty.channel.AbstractChannelHandlerContext.invokeChannelRead(AbstractChannelHandlerContext.java:352)
05-18 16:59:17.311 E/appium  ( 3164): 	at io.netty.channel.AbstractChannelHandlerContext.fireChannelRead(AbstractChannelHandlerContext.java:345)
05-18 16:59:17.311 E/appium  ( 3164): 	at io.netty.channel.DefaultChannelPipeline$HeadContext.channelRead(DefaultChannelPipeline.java:1294)
05-18 16:59:17.311 E/appium  ( 3164): 	at io.netty.channel.AbstractChannelHandlerContext.invokeChannelRead(AbstractChannelHandlerContext.java:366)
05-18 16:59:17.311 E/appium  ( 3164): 	at io.netty.channel.AbstractChannelHandlerContext.invokeChannelRead(AbstractChannelHandlerContext.java:352)
05-18 16:59:17.311 E/appium  ( 3164): 	at io.netty.channel.DefaultChannelPipeline.fireChannelRead(DefaultChannelPipeline.java:911)
05-18 16:59:17.311 E/appium  ( 3164): 	at io.netty.channel.nio.AbstractNioByteChannel$NioByteUnsafe.read(AbstractNioByteChannel.java:131)
05-18 16:59:17.311 E/appium  ( 3164): 	at io.netty.channel.nio.NioEventLoop.processSelectedKey(NioEventLoop.java:611)
05-18 16:59:17.311 E/appium  ( 3164): 	at io.netty.channel.nio.NioEventLoop.processSelectedKeysPlain(NioEventLoop.java:514)
05-18 16:59:17.311 E/appium  ( 3164): 	at io.netty.channel.nio.NioEventLoop.processSelectedKeys(NioEventLoop.java:468)
05-18 16:59:17.311 E/appium  ( 3164): 	at io.netty.channel.nio.NioEventLoop.run(NioEventLoop.java:438)
05-18 16:59:17.311 E/appium  ( 3164): 	at io.netty.util.concurrent.SingleThreadEventExecutor$2.run(SingleThreadEventExecutor.java:140)
05-18 16:59:17.311 E/appium  ( 3164): 	at io.netty.util.concurrent.DefaultThreadFactory$DefaultRunnableDecorator.run(DefaultThreadFactory.java:144)
05-18 16:59:17.311 E/appium  ( 3164): 	at java.lang.Thread.run(Thread.java:841)
05-18 16:59:17.471 E/GPSManager( 2745): Location changed : Lat: 40.00125 Lng: 105.56358166666665
05-18 16:59:18.301 E/appium  ( 3164): Element not found: 
05-18 16:59:18.301 E/appium  ( 3164): io.appium.uiautomator2.common.exceptions.ElementNotFoundException: Could not find an element using supplied strategy. 
05-18 16:59:18.301 E/appium  ( 3164): 	at io.appium.uiautomator2.handler.FindElement.getXPathUiObject(FindElement.java:80)
05-18 16:59:18.301 E/appium  ( 3164): 	at io.appium.uiautomator2.handler.FindElement.findElement(FindElement.java:153)
05-18 16:59:18.301 E/appium  ( 3164): 	at io.appium.uiautomator2.handler.FindElement.safeHandle(FindElement.java:102)
05-18 16:59:18.301 E/appium  ( 3164): 	at io.appium.uiautomator2.handler.request.SafeRequestHandler.handle(SafeRequestHandler.java:56)
05-18 16:59:18.301 E/appium  ( 3164): 	at io.appium.uiautomator2.server.AppiumServlet.handleRequest(AppiumServlet.java:202)
05-18 16:59:18.301 E/appium  ( 3164): 	at io.appium.uiautomator2.server.AppiumServlet.handleHttpRequest(AppiumServlet.java:193)
05-18 16:59:18.301 E/appium  ( 3164): 	at io.appium.uiautomator2.http.ServerHandler.channelRead(ServerHandler.java:44)
05-18 16:59:18.301 E/appium  ( 3164): 	at io.netty.channel.AbstractChannelHandlerContext.invokeChannelRead(AbstractChannelHandlerContext.java:366)
05-18 16:59:18.301 E/appium  ( 3164): 	at io.netty.channel.AbstractChannelHandlerContext.invokeChannelRead(AbstractChannelHandlerContext.java:352)
05-18 16:59:18.301 E/appium  ( 3164): 	at io.netty.channel.AbstractChannelHandlerContext.fireChannelRead(AbstractChannelHandlerContext.java:345)
05-18 16:59:18.301 E/appium  ( 3164): 	at io.netty.handler.codec.MessageToMessageDecoder.channelRead(MessageToMessageDecoder.java:102)
05-18 16:59:18.301 E/appium  ( 3164): 	at io.netty.channel.AbstractChannelHandlerContext.invokeChannelRead(AbstractChannelHandlerContext.java:366)
05-18 16:59:18.301 E/appium  ( 3164): 	at io.netty.channel.AbstractChannelHandlerContext.invokeChannelRead(AbstractChannelHandlerContext.java:352)
05-18 16:59:18.301 E/appium  ( 3164): 	at io.netty.channel.AbstractChannelHandlerContext.fireChannelRead(AbstractChannelHandlerContext.java:345)
05-18 16:59:18.301 E/appium  ( 3164): 	at io.netty.channel.CombinedChannelDuplexHandler$DelegatingChannelHandlerContext.fireChannelRead(CombinedChannelDuplexHandler.java:435)
05-18 16:59:18.301 E/appium  ( 3164): 	at io.netty.handler.codec.ByteToMessageDecoder.fireChannelRead(ByteToMessageDecoder.java:293)
05-18 16:59:18.301 E/appium  ( 3164): 	at io.netty.handler.codec.ByteToMessageDecoder.channelRead(ByteToMessageDecoder.java:267)
05-18 16:59:18.301 E/appium  ( 3164): 	at io.netty.channel.CombinedChannelDuplexHandler.channelRead(CombinedChannelDuplexHandler.java:250)
05-18 16:59:18.301 E/appium  ( 3164): 	at io.netty.channel.AbstractChannelHandlerContext.invokeChannelRead(AbstractChannelHandlerContext.java:366)
05-18 16:59:18.301 E/appium  ( 3164): 	at io.netty.channel.AbstractChannelHandlerContext.invokeChannelRead(AbstractChannelHandlerContext.java:352)
05-18 16:59:18.301 E/appium  ( 3164): 	at io.netty.channel.AbstractChannelHandlerContext.fireChannelRead(AbstractChannelHandlerContext.java:345)
05-18 16:59:18.301 E/appium  ( 3164): 	at io.netty.channel.DefaultChannelPipeline$HeadContext.channelRead(DefaultChannelPipeline.java:1294)
05-18 16:59:18.301 E/appium  ( 3164): 	at io.netty.channel.AbstractChannelHandlerContext.invokeChannelRead(AbstractChannelHandlerContext.java:366)
05-18 16:59:18.301 E/appium  ( 3164): 	at io.netty.channel.AbstractChannelHandlerContext.invokeChannelRead(AbstractChannelHandlerContext.java:352)
05-18 16:59:18.301 E/appium  ( 3164): 	at io.netty.channel.DefaultChannelPipeline.fireChannelRead(DefaultChannelPipeline.java:911)
05-18 16:59:18.301 E/appium  ( 3164): 	at io.netty.channel.nio.AbstractNioByteChannel$NioByteUnsafe.read(AbstractNioByteChannel.java:131)
05-18 16:59:18.301 E/appium  ( 3164): 	at io.netty.channel.nio.NioEventLoop.processSelectedKey(NioEventLoop.java:611)
05-18 16:59:18.301 E/appium  ( 3164): 	at io.netty.channel.nio.NioEventLoop.processSelectedKeysPlain(NioEventLoop.java:514)
05-18 16:59:18.301 E/appium  ( 3164): 	at io.netty.channel.nio.NioEventLoop.processSelectedKeys(NioEventLoop.java:468)
05-18 16:59:18.301 E/appium  ( 3164): 	at io.netty.channel.nio.NioEventLoop.run(NioEventLoop.java:438)
05-18 16:59:18.301 E/appium  ( 3164): 	at io.netty.util.concurrent.SingleThreadEventExecutor$2.run(SingleThreadEventExecutor.java:140)
05-18 16:59:18.301 E/appium  ( 3164): 	at io.netty.util.concurrent.DefaultThreadFactory$DefaultRunnableDecorator.run(DefaultThreadFactory.java:144)
05-18 16:59:18.301 E/appium  ( 3164): 	at java.lang.Thread.run(Thread.java:841)
05-18 16:59:18.471 E/GPSManager( 2745): Location changed : Lat: 40.00125 Lng: 105.56358166666665
05-18 16:59:19.311 E/appium  ( 3164): Element not found: 
05-18 16:59:19.311 E/appium  ( 3164): io.appium.uiautomator2.common.exceptions.ElementNotFoundException: Could not find an element using supplied strategy. 
05-18 16:59:19.311 E/appium  ( 3164): 	at io.appium.uiautomator2.handler.FindElement.getXPathUiObject(FindElement.java:80)
05-18 16:59:19.311 E/appium  ( 3164): 	at io.appium.uiautomator2.handler.FindElement.findElement(FindElement.java:153)
05-18 16:59:19.311 E/appium  ( 3164): 	at io.appium.uiautomator2.handler.FindElement.safeHandle(FindElement.java:102)
05-18 16:59:19.311 E/appium  ( 3164): 	at io.appium.uiautomator2.handler.request.SafeRequestHandler.handle(SafeRequestHandler.java:56)
05-18 16:59:19.311 E/appium  ( 3164): 	at io.appium.uiautomator2.server.AppiumServlet.handleRequest(AppiumServlet.java:202)
05-18 16:59:19.311 E/appium  ( 3164): 	at io.appium.uiautomator2.server.AppiumServlet.handleHttpRequest(AppiumServlet.java:193)
05-18 16:59:19.311 E/appium  ( 3164): 	at io.appium.uiautomator2.http.ServerHandler.channelRead(ServerHandler.java:44)
05-18 16:59:19.311 E/appium  ( 3164): 	at io.netty.channel.AbstractChannelHandlerContext.invokeChannelRead(AbstractChannelHandlerContext.java:366)
05-18 16:59:19.311 E/appium  ( 3164): 	at io.netty.channel.AbstractChannelHandlerContext.invokeChannelRead(AbstractChannelHandlerContext.java:352)
05-18 16:59:19.311 E/appium  ( 3164): 	at io.netty.channel.AbstractChannelHandlerContext.fireChannelRead(AbstractChannelHandlerContext.java:345)
05-18 16:59:19.311 E/appium  ( 3164): 	at io.netty.handler.codec.MessageToMessageDecoder.channelRead(MessageToMessageDecoder.java:102)
05-18 16:59:19.311 E/appium  ( 3164): 	at io.netty.channel.AbstractChannelHandlerContext.invokeChannelRead(AbstractChannelHandlerContext.java:366)
05-18 16:59:19.311 E/appium  ( 3164): 	at io.netty.channel.AbstractChannelHandlerContext.invokeChannelRead(AbstractChannelHandlerContext.java:352)
05-18 16:59:19.311 E/appium  ( 3164): 	at io.netty.channel.AbstractChannelHandlerContext.fireChannelRead(AbstractChannelHandlerContext.java:345)
05-18 16:59:19.311 E/appium  ( 3164): 	at io.netty.channel.CombinedChannelDuplexHandler$DelegatingChannelHandlerContext.fireChannelRead(CombinedChannelDuplexHandler.java:435)
05-18 16:59:19.311 E/appium  ( 3164): 	at io.netty.handler.codec.ByteToMessageDecoder.fireChannelRead(ByteToMessageDecoder.java:293)
05-18 16:59:19.311 E/appium  ( 3164): 	at io.netty.handler.codec.ByteToMessageDecoder.channelRead(ByteToMessageDecoder.java:267)
05-18 16:59:19.311 E/appium  ( 3164): 	at io.netty.channel.CombinedChannelDuplexHandler.channelRead(CombinedChannelDuplexHandler.java:250)
05-18 16:59:19.311 E/appium  ( 3164): 	at io.netty.channel.AbstractChannelHandlerContext.invokeChannelRead(AbstractChannelHandlerContext.java:366)
05-18 16:59:19.311 E/appium  ( 3164): 	at io.netty.channel.AbstractChannelHandlerContext.invokeChannelRead(AbstractChannelHandlerContext.java:352)
05-18 16:59:19.311 E/appium  ( 3164): 	at io.netty.channel.AbstractChannelHandlerContext.fireChannelRead(AbstractChannelHandlerContext.java:345)
05-18 16:59:19.311 E/appium  ( 3164): 	at io.netty.channel.DefaultChannelPipeline$HeadContext.channelRead(DefaultChannelPipeline.java:1294)
05-18 16:59:19.311 E/appium  ( 3164): 	at io.netty.channel.AbstractChannelHandlerContext.invokeChannelRead(AbstractChannelHandlerContext.java:366)
05-18 16:59:19.311 E/appium  ( 3164): 	at io.netty.channel.AbstractChannelHandlerContext.invokeChannelRead(AbstractChannelHandlerContext.java:352)
05-18 16:59:19.311 E/appium  ( 3164): 	at io.netty.channel.DefaultChannelPipeline.fireChannelRead(DefaultChannelPipeline.java:911)
05-18 16:59:19.311 E/appium  ( 3164): 	at io.netty.channel.nio.AbstractNioByteChannel$NioByteUnsafe.read(AbstractNioByteChannel.java:131)
05-18 16:59:19.311 E/appium  ( 3164): 	at io.netty.channel.nio.NioEventLoop.processSelectedKey(NioEventLoop.java:611)
05-18 16:59:19.311 E/appium  ( 3164): 	at io.netty.channel.nio.NioEventLoop.processSelectedKeysPlain(NioEventLoop.java:514)
05-18 16:59:19.311 E/appium  ( 3164): 	at io.netty.channel.nio.NioEventLoop.processSelectedKeys(NioEventLoop.java:468)
05-18 16:59:19.311 E/appium  ( 3164): 	at io.netty.channel.nio.NioEventLoop.run(NioEventLoop.java:438)
05-18 16:59:19.311 E/appium  ( 3164): 	at io.netty.util.concurrent.SingleThreadEventExecutor$2.run(SingleThreadEventExecutor.java:140)
05-18 16:59:19.311 E/appium  ( 3164): 	at io.netty.util.concurrent.DefaultThreadFactory$DefaultRunnableDecorator.run(DefaultThreadFactory.java:144)
05-18 16:59:19.311 E/appium  ( 3164): 	at java.lang.Thread.run(Thread.java:841)
05-18 16:59:19.481 E/GPSManager( 2745): Location changed : Lat: 40.00125 Lng: 105.56358166666665
05-18 16:59:20.331 E/appium  ( 3164): Element not found: 
05-18 16:59:20.331 E/appium  ( 3164): io.appium.uiautomator2.common.exceptions.ElementNotFoundException: Could not find an element using supplied strategy. 
05-18 16:59:20.331 E/appium  ( 3164): 	at io.appium.uiautomator2.handler.FindElement.getXPathUiObject(FindElement.java:80)
05-18 16:59:20.331 E/appium  ( 3164): 	at io.appium.uiautomator2.handler.FindElement.findElement(FindElement.java:153)
05-18 16:59:20.331 E/appium  ( 3164): 	at io.appium.uiautomator2.handler.FindElement.safeHandle(FindElement.java:102)
05-18 16:59:20.331 E/appium  ( 3164): 	at io.appium.uiautomator2.handler.request.SafeRequestHandler.handle(SafeRequestHandler.java:56)
05-18 16:59:20.331 E/appium  ( 3164): 	at io.appium.uiautomator2.server.AppiumServlet.handleRequest(AppiumServlet.java:202)
05-18 16:59:20.331 E/appium  ( 3164): 	at io.appium.uiautomator2.server.AppiumServlet.handleHttpRequest(AppiumServlet.java:193)
05-18 16:59:20.331 E/appium  ( 3164): 	at io.appium.uiautomator2.http.ServerHandler.channelRead(ServerHandler.java:44)
05-18 16:59:20.331 E/appium  ( 3164): 	at io.netty.channel.AbstractChannelHandlerContext.invokeChannelRead(AbstractChannelHandlerContext.java:366)
05-18 16:59:20.331 E/appium  ( 3164): 	at io.netty.channel.AbstractChannelHandlerContext.invokeChannelRead(AbstractChannelHandlerContext.java:352)
05-18 16:59:20.331 E/appium  ( 3164): 	at io.netty.channel.AbstractChannelHandlerContext.fireChannelRead(AbstractChannelHandlerContext.java:345)
05-18 16:59:20.331 E/appium  ( 3164): 	at io.netty.handler.codec.MessageToMessageDecoder.channelRead(MessageToMessageDecoder.java:102)
05-18 16:59:20.331 E/appium  ( 3164): 	at io.netty.channel.AbstractChannelHandlerContext.invokeChannelRead(AbstractChannelHandlerContext.java:366)
05-18 16:59:20.331 E/appium  ( 3164): 	at io.netty.channel.AbstractChannelHandlerContext.invokeChannelRead(AbstractChannelHandlerContext.java:352)
05-18 16:59:20.331 E/appium  ( 3164): 	at io.netty.channel.AbstractChannelHandlerContext.fireChannelRead(AbstractChannelHandlerContext.java:345)
05-18 16:59:20.331 E/appium  ( 3164): 	at io.netty.channel.CombinedChannelDuplexHandler$DelegatingChannelHandlerContext.fireChannelRead(CombinedChannelDuplexHandler.java:435)
05-18 16:59:20.331 E/appium  ( 3164): 	at io.netty.handler.codec.ByteToMessageDecoder.fireChannelRead(ByteToMessageDecoder.java:293)
05-18 16:59:20.331 E/appium  ( 3164): 	at io.netty.handler.codec.ByteToMessageDecoder.channelRead(ByteToMessageDecoder.java:267)
05-18 16:59:20.331 E/appium  ( 3164): 	at io.netty.channel.CombinedChannelDuplexHandler.channelRead(CombinedChannelDuplexHandler.java:250)
05-18 16:59:20.331 E/appium  ( 3164): 	at io.netty.channel.AbstractChannelHandlerContext.invokeChannelRead(AbstractChannelHandlerContext.java:366)
05-18 16:59:20.331 E/appium  ( 3164): 	at io.netty.channel.AbstractChannelHandlerContext.invokeChannelRead(AbstractChannelHandlerContext.java:352)
05-18 16:59:20.331 E/appium  ( 3164): 	at io.netty.channel.AbstractChannelHandlerContext.fireChannelRead(AbstractChannelHandlerContext.java:345)
05-18 16:59:20.331 E/appium  ( 3164): 	at io.netty.channel.DefaultChannelPipeline$HeadContext.channelRead(DefaultChannelPipeline.java:1294)
05-18 16:59:20.331 E/appium  ( 3164): 	at io.netty.channel.AbstractChannelHandlerContext.invokeChannelRead(AbstractChannelHandlerContext.java:366)
05-18 16:59:20.331 E/appium  ( 3164): 	at io.netty.channel.AbstractChannelHandlerContext.invokeChannelRead(AbstractChannelHandlerContext.java:352)
05-18 16:59:20.331 E/appium  ( 3164): 	at io.netty.channel.DefaultChannelPipeline.fireChannelRead(DefaultChannelPipeline.java:911)
05-18 16:59:20.331 E/appium  ( 3164): 	at io.netty.channel.nio.AbstractNioByteChannel$NioByteUnsafe.read(AbstractNioByteChannel.java:131)
05-18 16:59:20.331 E/appium  ( 3164): 	at io.netty.channel.nio.NioEventLoop.processSelectedKey(NioEventLoop.java:611)
05-18 16:59:20.331 E/appium  ( 3164): 	at io.netty.channel.nio.NioEventLoop.processSelectedKeysPlain(NioEventLoop.java:514)
05-18 16:59:20.331 E/appium  ( 3164): 	at io.netty.channel.nio.NioEventLoop.processSelectedKeys(NioEventLoop.java:468)
05-18 16:59:20.331 E/appium  ( 3164): 	at io.netty.channel.nio.NioEventLoop.run(NioEventLoop.java:438)
05-18 16:59:20.331 E/appium  ( 3164): 	at io.netty.util.concurrent.SingleThreadEventExecutor$2.run(SingleThreadEventExecutor.java:140)
05-18 16:59:20.331 E/appium  ( 3164): 	at io.netty.util.concurrent.DefaultThreadFactory$DefaultRunnableDecorator.run(DefaultThreadFactory.java:144)
05-18 16:59:20.331 E/appium  ( 3164): 	at java.lang.Thread.run(Thread.java:841)
05-18 16:59:20.471 E/GPSManager( 2745): Location changed : Lat: 40.00125 Lng: 105.56358166666665
05-18 16:59:21.321 E/appium  ( 3164): Element not found: 
05-18 16:59:21.321 E/appium  ( 3164): io.appium.uiautomator2.common.exceptions.ElementNotFoundException: Could not find an element using supplied strategy. 
05-18 16:59:21.321 E/appium  ( 3164): 	at io.appium.uiautomator2.handler.FindElement.getXPathUiObject(FindElement.java:80)
05-18 16:59:21.321 E/appium  ( 3164): 	at io.appium.uiautomator2.handler.FindElement.findElement(FindElement.java:153)
05-18 16:59:21.321 E/appium  ( 3164): 	at io.appium.uiautomator2.handler.FindElement.safeHandle(FindElement.java:102)
05-18 16:59:21.321 E/appium  ( 3164): 	at io.appium.uiautomator2.handler.request.SafeRequestHandler.handle(SafeRequestHandler.java:56)
05-18 16:59:21.321 E/appium  ( 3164): 	at io.appium.uiautomator2.server.AppiumServlet.handleRequest(AppiumServlet.java:202)
05-18 16:59:21.321 E/appium  ( 3164): 	at io.appium.uiautomator2.server.AppiumServlet.handleHttpRequest(AppiumServlet.java:193)
05-18 16:59:21.321 E/appium  ( 3164): 	at io.appium.uiautomator2.http.ServerHandler.channelRead(ServerHandler.java:44)
05-18 16:59:21.321 E/appium  ( 3164): 	at io.netty.channel.AbstractChannelHandlerContext.invokeChannelRead(AbstractChannelHandlerContext.java:366)
05-18 16:59:21.321 E/appium  ( 3164): 	at io.netty.channel.AbstractChannelHandlerContext.invokeChannelRead(AbstractChannelHandlerContext.java:352)
