--------- beginning of /dev/log/system
05-19 14:29:20.470 E/ConnectivityService(  423): Ignoring protectedNetwork 10
05-19 14:29:20.470 E/ConnectivityService(  423): Ignoring protectedNetwork 11
05-19 14:29:20.470 E/ConnectivityService(  423): Ignoring protectedNetwork 12
05-19 14:29:20.470 E/ConnectivityService(  423): Ignoring protectedNetwork 14
05-19 14:29:20.470 E/MobileDataStateTracker(  423): default: Ignoring feature request because could not acquire PhoneService
05-19 14:29:20.470 E/MobileDataStateTracker(  423): default: Could not enable APN type "default"
05-19 14:29:21.640 E/LocationManagerService(  423): no geocoder provider found
05-19 14:29:21.640 E/LocationManagerService(  423): No FusedProvider found.
05-19 14:29:21.640 E/LocationManagerService(  423): no geofence provider found
05-19 14:29:23.240 E/ConnectivityService(  423): Unexpected mtu value: android.net.wifi.WifiStateTracker@4a8ef3fc
05-19 14:29:31.695 E/RemotePrintSpooler(  423): Error removing obsolete print jobs .
05-19 14:29:31.695 E/RemotePrintSpooler(  423): java.util.concurrent.TimeoutException: Cannot get spooler!
05-19 14:29:31.695 E/RemotePrintSpooler(  423): 	at com.android.server.print.RemotePrintSpooler.bindLocked(RemotePrintSpooler.java:376)
05-19 14:29:31.695 E/RemotePrintSpooler(  423): 	at com.android.server.print.RemotePrintSpooler.getRemoteInstanceLazy(RemotePrintSpooler.java:352)
05-19 14:29:31.695 E/RemotePrintSpooler(  423): 	at com.android.server.print.RemotePrintSpooler.removeObsoletePrintJobs(RemotePrintSpooler.java:287)
05-19 14:29:31.695 E/RemotePrintSpooler(  423): 	at com.android.server.print.UserState.removeObsoletePrintJobs(UserState.java:163)
05-19 14:29:31.695 E/RemotePrintSpooler(  423): 	at com.android.server.print.PrintManagerService$1.run(PrintManagerService.java:94)
05-19 14:29:31.695 E/RemotePrintSpooler(  423): 	at android.os.Handler.handleCallback(Handler.java:733)
05-19 14:29:31.695 E/RemotePrintSpooler(  423): 	at android.os.Handler.dispatchMessage(Handler.java:95)
05-19 14:29:31.695 E/RemotePrintSpooler(  423): 	at android.os.Looper.loop(Looper.java:136)
05-19 14:29:31.695 E/RemotePrintSpooler(  423): 	at android.os.HandlerThread.run(HandlerThread.java:61)
05-19 14:29:32.185 E/local_gps(  157): Can't send RMC command
05-19 14:29:34.485 E/ActivityThread(  978): Failed to find provider info for com.google.android.wearable.settings
--------- beginning of /dev/log/main
05-19 14:32:59.085 E/memtrack( 2551): Couldn't load memtrack module (No such file or directory)
05-19 14:32:59.085 E/android.os.Debug( 2551): failed to load memtrack module: -2
05-19 14:32:59.095 E/cutils-trace( 2551): Error opening trace file: No such file or directory (2)
05-19 14:32:59.915 E/memtrack( 2563): Couldn't load memtrack module (No such file or directory)
05-19 14:32:59.915 E/android.os.Debug( 2563): failed to load memtrack module: -2
05-19 14:32:59.935 E/InputDispatcher(  423): channel '4a9f2148 com.boco.sc.mobileom/com.boco.sc.mobileom.worksheet.search.activity.Comm_WSDetail (server)' ~ Channel is unrecoverably broken and will be disposed!
05-19 14:32:59.955 E/cutils-trace( 2563): Error opening trace file: No such file or directory (2)
05-19 14:32:59.975 E/VMSG    ( 2575): RegisterNatives OnUserCommand1
05-19 14:33:00.315 E/baidumapsdk( 2575): Authentication Error errorcode: 230 uid: -1 appid -1 msg: APP Scode码校验失败
05-19 14:33:00.615 E/memtrack( 2599): Couldn't load memtrack module (No such file or directory)
05-19 14:33:00.615 E/android.os.Debug( 2599): failed to load memtrack module: -2
05-19 14:33:00.635 E/cutils-trace( 2599): Error opening trace file: No such file or directory (2)
05-19 14:33:01.535 E/memtrack( 2615): Couldn't load memtrack module (No such file or directory)
05-19 14:33:01.545 E/android.os.Debug( 2615): failed to load memtrack module: -2
05-19 14:33:01.555 E/cutils-trace( 2615): Error opening trace file: No such file or directory (2)
05-19 14:33:02.755 E/memtrack( 2631): Couldn't load memtrack module (No such file or directory)
05-19 14:33:02.755 E/android.os.Debug( 2631): failed to load memtrack module: -2
05-19 14:33:02.765 E/cutils-trace( 2631): Error opening trace file: No such file or directory (2)
05-19 14:33:03.425 E/memtrack( 2645): Couldn't load memtrack module (No such file or directory)
05-19 14:33:03.425 E/android.os.Debug( 2645): failed to load memtrack module: -2
05-19 14:33:03.445 E/cutils-trace( 2645): Error opening trace file: No such file or directory (2)
05-19 14:33:03.935 E/GCM     (  713): Missing checkin config file
05-19 14:33:03.935 E/GCM     (  713): Missing checkin config file
05-19 14:33:04.335 E/memtrack( 2660): Couldn't load memtrack module (No such file or directory)
05-19 14:33:04.335 E/android.os.Debug( 2660): failed to load memtrack module: -2
05-19 14:33:04.355 E/cutils-trace( 2660): Error opening trace file: No such file or directory (2)
05-19 14:33:08.195 E/memtrack( 2672): Couldn't load memtrack module (No such file or directory)
05-19 14:33:08.195 E/android.os.Debug( 2672): failed to load memtrack module: -2
05-19 14:33:08.205 E/cutils-trace( 2672): Error opening trace file: No such file or directory (2)
05-19 14:33:08.875 E/memtrack( 2684): Couldn't load memtrack module (No such file or directory)
05-19 14:33:08.875 E/android.os.Debug( 2684): failed to load memtrack module: -2
05-19 14:33:08.895 E/cutils-trace( 2684): Error opening trace file: No such file or directory (2)
05-19 14:33:09.775 E/memtrack( 2700): Couldn't load memtrack module (No such file or directory)
05-19 14:33:09.775 E/android.os.Debug( 2700): failed to load memtrack module: -2
05-19 14:33:09.795 E/cutils-trace( 2700): Error opening trace file: No such file or directory (2)
05-19 14:33:10.435 E/memtrack( 2712): Couldn't load memtrack module (No such file or directory)
05-19 14:33:10.435 E/android.os.Debug( 2712): failed to load memtrack module: -2
05-19 14:33:10.465 E/cutils-trace( 2712): Error opening trace file: No such file or directory (2)
05-19 14:33:11.245 E/memtrack( 2726): Couldn't load memtrack module (No such file or directory)
05-19 14:33:11.245 E/android.os.Debug( 2726): failed to load memtrack module: -2
05-19 14:33:11.265 E/cutils-trace( 2726): Error opening trace file: No such file or directory (2)
05-19 14:33:12.395 E/memtrack( 2744): Couldn't load memtrack module (No such file or directory)
05-19 14:33:12.395 E/android.os.Debug( 2744): failed to load memtrack module: -2
05-19 14:33:12.415 E/cutils-trace( 2744): Error opening trace file: No such file or directory (2)
05-19 14:33:13.065 E/memtrack( 2756): Couldn't load memtrack module (No such file or directory)
05-19 14:33:13.065 E/android.os.Debug( 2756): failed to load memtrack module: -2
05-19 14:33:13.075 E/cutils-trace( 2756): Error opening trace file: No such file or directory (2)
05-19 14:33:13.695 E/memtrack( 2768): Couldn't load memtrack module (No such file or directory)
05-19 14:33:13.695 E/android.os.Debug( 2768): failed to load memtrack module: -2
05-19 14:33:13.715 E/cutils-trace( 2768): Error opening trace file: No such file or directory (2)
05-19 14:33:16.975 E/memtrack( 2797): Couldn't load memtrack module (No such file or directory)
05-19 14:33:16.975 E/android.os.Debug( 2797): failed to load memtrack module: -2
05-19 14:33:17.865 E/memtrack( 2814): Couldn't load memtrack module (No such file or directory)
05-19 14:33:17.865 E/android.os.Debug( 2814): failed to load memtrack module: -2
05-19 14:33:18.205 E/QueryController( 2797): Got null root node from accessibility - Retrying...
05-19 14:33:18.425 E/VMSG    ( 2826): RegisterNatives OnUserCommand1
05-19 14:33:18.455 E/QueryController( 2797): Got null root node from accessibility - Retrying...
05-19 14:33:18.775 E/cutils-trace( 2814): Error opening trace file: No such file or directory (2)
05-19 14:33:18.785 E/baidumapsdk( 2826): Authentication Error errorcode: 230 uid: -1 appid -1 msg: APP Scode码校验失败
05-19 14:33:20.745 E/cutils-trace( 2797): Error opening trace file: No such file or directory (2)
05-19 14:33:22.065 E/GCM     (  713): Missing checkin config file
05-19 14:33:22.965 E/memtrack( 2856): Couldn't load memtrack module (No such file or directory)
05-19 14:33:22.965 E/android.os.Debug( 2856): failed to load memtrack module: -2
05-19 14:33:23.765 E/cutils-trace( 2856): Error opening trace file: No such file or directory (2)
05-19 14:33:29.825 E/memtrack( 2870): Couldn't load memtrack module (No such file or directory)
05-19 14:33:29.825 E/android.os.Debug( 2870): failed to load memtrack module: -2
05-19 14:33:30.705 E/cutils-trace( 2870): Error opening trace file: No such file or directory (2)
05-19 14:33:50.135 E/AndroidRuntime( 2826): FATAL EXCEPTION: main
05-19 14:33:50.135 E/AndroidRuntime( 2826): Process: com.boco.sc.mobileom, PID: 2826
05-19 14:33:50.135 E/AndroidRuntime( 2826): java.lang.ClassCastException: android.text.SpannableString cannot be cast to java.lang.String
05-19 14:33:50.135 E/AndroidRuntime( 2826): 	at com.boco.sc.mobileom.base.BaseActivity.openTimeWheelView(BaseActivity.java:556)
05-19 14:33:50.135 E/AndroidRuntime( 2826): 	at com.boco.sc.mobileom.base.BaseActivity$13.onClick(BaseActivity.java:909)
05-19 14:33:50.135 E/AndroidRuntime( 2826): 	at android.view.View.performClick(View.java:4438)
05-19 14:33:50.135 E/AndroidRuntime( 2826): 	at android.view.View$PerformClick.run(View.java:18422)
05-19 14:33:50.135 E/AndroidRuntime( 2826): 	at android.os.Handler.handleCallback(Handler.java:733)
05-19 14:33:50.135 E/AndroidRuntime( 2826): 	at android.os.Handler.dispatchMessage(Handler.java:95)
05-19 14:33:50.135 E/AndroidRuntime( 2826): 	at android.os.Looper.loop(Looper.java:136)
05-19 14:33:50.135 E/AndroidRuntime( 2826): 	at android.app.ActivityThread.main(ActivityThread.java:5019)
05-19 14:33:50.135 E/AndroidRuntime( 2826): 	at java.lang.reflect.Method.invokeNative(Native Method)
05-19 14:33:50.135 E/AndroidRuntime( 2826): 	at java.lang.reflect.Method.invoke(Method.java:515)
05-19 14:33:50.135 E/AndroidRuntime( 2826): 	at com.android.internal.os.ZygoteInit$MethodAndArgsCaller.run(ZygoteInit.java:779)
05-19 14:33:50.135 E/AndroidRuntime( 2826): 	at com.android.internal.os.ZygoteInit.main(ZygoteInit.java:595)
05-19 14:33:50.135 E/AndroidRuntime( 2826): 	at dalvik.system.NativeStart.main(Native Method)
05-19 14:33:54.385 E/InputDispatcher(  423): channel '4a9fac48 com.boco.sc.mobileom/com.boco.sc.mobileom.worksheet.search.activity.Comm_WSDetail (server)' ~ Channel is unrecoverably broken and will be disposed!
05-19 14:33:54.385 E/InputDispatcher(  423): channel '4aa6055c com.boco.sc.mobileom/com.boco.sc.mobileom.worksheet.fault.activity.FWSOction_relay (server)' ~ Channel is unrecoverably broken and will be disposed!
05-19 14:33:54.385 E/InputDispatcher(  423): channel '4a8fe768 com.boco.sc.mobileom/com.boco.sc.mobileom.start.WorkSheetModuleList2 (server)' ~ Channel is unrecoverably broken and will be disposed!
05-19 14:33:54.425 E/VMSG    ( 2894): RegisterNatives OnUserCommand1
05-19 14:33:55.175 E/AccessibilityNodeInfoCache( 2797): Node from: 28 not from:31 android.view.accessibility.AccessibilityNodeInfo@727e5; boundsInParent: Rect(0, 0 - 900, 1440); boundsInScreen: Rect(0, 0 - 900, 1440); packageName: com.boco.sc.mobileom; className: android.widget.FrameLayout; text: null; contentDescription: null; viewIdResName: null; checkable: false; checked: false; focusable: false; focused: false; selected: false; clickable: false; longClickable: false; enabled: true; password: false; scrollable: false; [ACTION_SELECT, ACTION_CLEAR_SELECTION, ACTION_ACCESSIBILITY_FOCUS]
05-19 14:33:55.175 E/AccessibilityNodeInfoCache( 2797): Node from: 28 not from:31 android.view.accessibility.AccessibilityNodeInfo@72ba6; boundsInParent: Rect(0, 0 - 597, 64); boundsInScreen: Rect(253, 384 - 850, 448); packageName: com.boco.sc.mobileom; className: android.widget.EditText; text: 87831317; contentDescription: null; viewIdResName: com.boco.sc.mobileom:id/emos_cws_relay_czrlxfs_value; checkable: false; checked: false; focusable: true; focused: true; selected: false; clickable: true; longClickable: true; enabled: true; password: false; scrollable: false; [ACTION_CLEAR_FOCUS, ACTION_SELECT, ACTION_CLEAR_SELECTION, ACTION_CLICK, ACTION_LONG_CLICK, ACTION_ACCESSIBILITY_FOCUS, ACTION_NEXT_AT_MOVEMENT_GRANULARITY, ACTION_PREVIOUS_AT_MOVEMENT_GRANULARITY, ACTION_SET_SELECTION]
05-19 14:33:55.175 E/AccessibilityNodeInfoCache( 2797): Node from: 28 not from:31 android.view.accessibility.AccessibilityNodeInfo@73328; boundsInParent: Rect(0, 0 - 625, 64); boundsInScreen: Rect(225, 2362 - 850, 2426); packageName: com.boco.sc.mobileom; className: android.widget.EditText; text: null; contentDescription: null; viewIdResName: com.boco.sc.mobileom:id/emos_fws_yxywsc; checkable: false; checked: false; focusable: true; focused: false; selected: false; clickable: true; longClickable: true; enabled: true; password: false; scrollable: false; [ACTION_FOCUS, ACTION_SELECT, ACTION_CLEAR_SELECTION, ACTION_CLICK, ACTION_LONG_CLICK, ACTION_ACCESSIBILITY_FOCUS]
05-19 14:33:55.175 E/AccessibilityNodeInfoCache( 2797): Node from: 28 not from:31 android.view.accessibility.AccessibilityNodeInfo@736e9; boundsInParent: Rect(0, 0 - 50, 50); boundsInScreen: Rect(20, 65 - 70, 115); packageName: com.boco.sc.mobileom; className: android.widget.TextView; text: null; contentDescription: null; viewIdResName: com.boco.sc.mobileom:id/emos_sc_fd_back; checkable: false; checked: false; focusable: false; focused: false; selected: false; clickable: true; longClickable: false; enabled: true; password: false; scrollable: false; [ACTION_SELECT, ACTION_CLEAR_SELECTION, ACTION_CLICK, ACTION_ACCESSIBILITY_FOCUS]
05-19 14:33:55.175 E/AccessibilityNodeInfoCache( 2797): Node from: 28 not from:31 android.view.accessibility.AccessibilityNodeInfo@73aaa; boundsInParent: Rect(0, 0 - 128, 43); boundsInScreen: Rect(386, 68 - 514, 111); packageName: com.boco.sc.mobileom; className: android.widget.TextView; text: 工单操作; contentDescription: null; viewIdResName: com.boco.sc.mobileom:id/header_title; checkable: false; checked: false; focusable: false; focused: false; selected: false; clickable: false; longClickable: false; enabled: true; password: false; scrollable: false; [ACTION_SELECT, ACTION_CLEAR_SELECTION, ACTION_ACCESSIBILITY_FOCUS, ACTION_NEXT_AT_MOVEMENT_GRANULARITY, ACTION_PREVIOUS_AT_MOVEMENT_GRANULARITY, ACTION_SET_SELECTION]
05-19 14:33:55.175 E/AccessibilityNodeInfoCache( 2797): Node from: 28 not from:31 android.view.accessibility.AccessibilityNodeInfo@73e6b; boundsInParent: Rect(0, 0 - 50, 50); boundsInScreen: Rect(814, 65 - 864, 115); packageName: com.boco.sc.mobileom; className: android.widget.TextView; text: null; contentDescription: null; viewIdResName: com.boco.sc.mobileom:id/emos_sc_fd_submit; checkable: false; checked: false; focusable: false; focused: false; selected: false; clickable: true; longClickable: false; enabled: true; password: false; scrollable: false; [ACTION_SELECT, ACTION_CLEAR_SELECTION, ACTION_CLICK, ACTION_ACCESSIBILITY_FOCUS]
05-19 14:33:55.175 E/AccessibilityNodeInfoCache( 2797): Node from: 28 not from:31 android.view.accessibility.AccessibilityNodeInfo@7422c; boundsInParent: Rect(0, 0 - 119, 80); boundsInScreen: Rect(50, 130 - 169, 210); packageName: com.boco.sc.mobileom; className: android.widget.TextView; text: 工单操作:; contentDescription: null; viewIdResName: null; checkable: false; checked: false; focusable: false; focused: false; selected: false; clickable: false; longClickable: false; enabled: true; password: false; scrollable: false; [ACTION_SELECT, ACTION_CLEAR_SELECTION, ACTION_ACCESSIBILITY_FOCUS, ACTION_NEXT_AT_MOVEMENT_GRANULARITY, ACTION_PREVIOUS_AT_MOVEMENT_GRANULARITY, ACTION_SET_SELECTION]
05-19 14:33:55.175 E/AccessibilityNodeInfoCache( 2797): Node from: 28 not from:31 android.view.accessibility.AccessibilityNodeInfo@745ed; boundsInParent: Rect(0, 0 - 625, 56); boundsInScreen: Rect(169, 142 - 794, 198); packageName: com.boco.sc.mobileom; className: android.widget.TextView; text: 回复; contentDescription: null; viewIdResName: com.boco.sc.mobileom:id/wsoperate_type_gdcz; checkable: false; checked: false; focusable: false; focused: false; selected: false; clickable: false; longClickable: false; enabled: true; password: false; scrollable: false; [ACTION_SELECT, ACTION_CLEAR_SELECTION, ACTION_ACCESSIBILITY_FOCUS, ACTION_NEXT_AT_MOVEMENT_GRANULARITY, ACTION_PREVIOUS_AT_MOVEMENT_GRANULARITY, ACTION_SET_SELECTION]
05-19 14:33:55.175 E/AccessibilityNodeInfoCache( 2797): Node from: 28 not from:31 android.view.accessibility.AccessibilityNodeInfo@749ae; boundsInParent: Rect(0, 0 - 91, 80); boundsInScreen: Rect(50, 212 - 141, 292); packageName: com.boco.sc.mobileom; className: android.widget.TextView; text: 操作人:; contentDescription: null; viewIdResName: com.boco.sc.mobileom:id/emos_cws_relay_czr; checkable: false; checked: false; focusable: false; focused: false; selected: false; clickable: false; longClickable: false; enabled: true; password: false; scrollable: false; [ACTION_SELECT, ACTION_CLEAR_SELECTION, ACTION_ACCESSIBILITY_FOCUS, ACTION_NEXT_AT_MOVEMENT_GRANULARITY, ACTION_PREVIOUS_AT_MOVEMENT_GRANULARITY, ACTION_SET_SELECTION]
05-19 14:33:55.175 E/AccessibilityNodeInfoCache( 2797): Node from: 28 not from:31 android.view.accessibility.AccessibilityNodeInfo@74d6f; boundsInParent: Rect(0, 0 - 709, 80); boundsInScreen: Rect(141, 212 - 850, 292); packageName: com.boco.sc.mobileom; className: android.widget.TextView; text: ceshi1; contentDescription: null; viewIdResName: com.boco.sc.mobileom:id/emos_cws_relay_czr_value; checkable: false; checked: false; focusable: false; focused: false; selected: false; clickable: false; longClickable: false; enabled: true; password: false; scrollable: false; [ACTION_SELECT, ACTION_CLEAR_SELECTION, ACTION_ACCESSIBILITY_FOCUS, ACTION_NEXT_AT_MOVEMENT_GRANULARITY, ACTION_PREVIOUS_AT_MOVEMENT_GRANULARITY, ACTION_SET_SELECTION]
05-19 14:33:55.175 E/AccessibilityNodeInfoCache( 2797): Node from: 28 not from:31 android.view.accessibility.AccessibilityNodeInfo@75130; boundsInParent: Rect(0, 0 - 147, 80); boundsInScreen: Rect(50, 294 - 197, 374); packageName: com.boco.sc.mobileom; className: android.widget.TextView; text: 操作人部门:; contentDescription: null; viewIdResName: com.boco.sc.mobileom:id/emos_cws_relay_czrbm; checkable: false; checked: false; focusable: false; focused: false; selected: false; clickable: false; longClickable: false; enabled: true; password: false; scrollable: false; [ACTION_SELECT, ACTION_CLEAR_SELECTION, ACTION_ACCESSIBILITY_FOCUS, ACTION_NEXT_AT_MOVEMENT_GRANULARITY, ACTION_PREVIOUS_AT_MOVEMENT_GRANULARITY, ACTION_SET_SELECTION]
05-19 14:33:55.175 E/AccessibilityNodeInfoCache( 2797): Node from: 28 not from:31 android.view.accessibility.AccessibilityNodeInfo@754f1; boundsInParent: Rect(0, 0 - 653, 80); boundsInScreen: Rect(197, 294 - 850, 374); packageName: com.boco.sc.mobileom; className: android.widget.TextView; text: 1051; contentDescription: null; viewIdResName: com.boco.sc.mobileom:id/emos_cws_relay_czrbm_value; checkable: false; checked: false; focusable: false; focused: false; selected: false; clickable: false; longClickable: false; enabled: true; password: false; scrollable: false; [ACTION_SELECT, ACTION_CLEAR_SELECTION, ACTION_ACCESSIBILITY_FOCUS, ACTION_NEXT_AT_MOVEMENT_GRANULARITY, ACTION_PREVIOUS_AT_MOVEMENT_GRANULARITY, ACTION_SET_SELECTION]
05-19 14:33:55.175 E/AccessibilityNodeInfoCache( 2797): Node from: 28 not from:31 android.view.accessibility.AccessibilityNodeInfo@758b2; boundsInParent: Rect(0, 0 - 203, 80); boundsInScreen: Rect(50, 376 - 253, 456); packageName: com.boco.sc.mobileom; className: android.widget.TextView; text: 操作人联系方式:; contentDescription: null; viewIdResName: com.boco.sc.mobileom:id/emos_cws_relay_czrlxfs; checkable: false; checked: false; focusable: false; focused: false; selected: false; clickable: false; longClickable: false; enabled: true; password: false; scrollable: false; [ACTION_SELECT, ACTION_CLEAR_SELECTION, ACTION_ACCESSIBILITY_FOCUS, ACTION_NEXT_AT_MOVEMENT_GRANULARITY, ACTION_PREVIOUS_AT_MOVEMENT_GRANULARITY, ACTION_SET_SELECTION]
05-19 14:33:55.175 E/AccessibilityNodeInfoCache( 2797): Node from: 28 not from:31 android.view.accessibility.AccessibilityNodeInfo@75c73; boundsInParent: Rect(0, 0 - 119, 80); boundsInScreen: Rect(50, 458 - 169, 538); packageName: com.boco.sc.mobileom; className: android.widget.TextView; text: 操作时间:; contentDescription: null; viewIdResName: com.boco.sc.mobileom:id/emos_cws_relay_czsj; checkable: false; checked: false; focusable: false; focused: false; selected: false; clickable: false; longClickable: false; enabled: true; password: false; scrollable: false; [ACTION_SELECT, ACTION_CLEAR_SELECTION, ACTION_ACCESSIBILITY_FOCUS, ACTION_NEXT_AT_MOVEMENT_GRANULARITY, ACTION_PREVIOUS_AT_MOVEMENT_GRANULARITY, ACTION_SET_SELECTION]
05-19 14:33:55.175 E/AccessibilityNodeInfoCache( 2797): Node from: 28 not from:31 android.view.accessibility.AccessibilityNodeInfo@76034; boundsInParent: Rect(0, 0 - 625, 56); boundsInScreen: Rect(169, 470 - 794, 526); packageName: com.boco.sc.mobileom; className: android.widget.TextView; text: 2017-05-19 14:33:48; contentDescription: null; viewIdResName: com.boco.sc.mobileom:id/emos_cws_relay_czsj_value; checkable: false; checked: false; focusable: false; focused: false; selected: false; clickable: true; longClickable: false; enabled: true; password: false; scrollable: false; [ACTION_SELECT, ACTION_CLEAR_SELECTION, ACTION_CLICK, ACTION_ACCESSIBILITY_FOCUS, ACTION_NEXT_AT_MOVEMENT_GRANULARITY, ACTION_PREVIOUS_AT_MOVEMENT_GRANULARITY, ACTION_SET_SELECTION]
05-19 14:33:55.175 E/AccessibilityNodeInfoCache( 2797): Node from: 28 not from:31 android.view.accessibility.AccessibilityNodeInfo@763f5; boundsInParent: Rect(0, 0 - 159, 80); boundsInScreen: Rect(50, 540 - 209, 620); packageName: com.boco.sc.mobileom; className: android.widget.TextView; text: 故障处理人*:; contentDescription: null; viewIdResName: com.boco.sc.mobileom:id/emos_ws_accept_clr; checkable: false; checked: false; focusable: false; focused: false; selected: false; clickable: false; longClickable: false; enabled: true; password: false; scrollable: false; [ACTION_SELECT, ACTION_CLEAR_SELECTION, ACTION_ACCESSIBILITY_FOCUS, ACTION_NEXT_AT_MOVEMENT_GRANULARITY, ACTION_PREVIOUS_AT_MOVEMENT_GRANULARITY, ACTION_SET_SELECTION]
05-19 14:33:55.175 E/AccessibilityNodeInfoCache( 2797): Node from: 28 not from:31 android.view.accessibility.AccessibilityNodeInfo@767b6; boundsInParent: Rect(0, 0 - 641, 64); boundsInScreen: Rect(209, 548 - 850, 612); packageName: com.boco.sc.mobileom; className: android.widget.EditText; text: null; contentDescription: null; viewIdResName: com.boco.sc.mobileom:id/emos_ws_relay_clr_value; checkable: false; checked: false; focusable: true; focused: false; selected: false; clickable: true; longClickable: true; enabled: true; password: false; scrollable: false; [ACTION_FOCUS, ACTION_SELECT, ACTION_CLEAR_SELECTION, ACTION_CLICK, ACTION_LONG_CLICK, ACTION_ACCESSIBILITY_FOCUS]
05-19 14:33:55.175 E/AccessibilityNodeInfoCache( 2797): Node from: 28 not from:31 android.view.accessibility.AccessibilityNodeInfo@76b77; boundsInParent: Rect(0, 0 - 215, 80); boundsInScreen: Rect(50, 622 - 265, 702); packageName: com.boco.sc.mobileom; className: android.widget.TextView; text: 处理人联系电话*:; contentDescription: null; viewIdResName: com.boco.sc.mobileom:id/emos_ws_accept_clrlxfs; checkable: false; checked: false; focusable: false; focused: false; selected: false; clickable: false; longClickable: false; enabled: true; password: false; scrollable: false; [ACTION_SELECT, ACTION_CLEAR_SELECTION, ACTION_ACCESSIBILITY_FOCUS, ACTION_NEXT_AT_MOVEMENT_GRANULARITY, ACTION_PREVIOUS_AT_MOVEMENT_GRANULARITY, ACTION_SET_SELECTION]
05-19 14:33:55.175 E/AccessibilityNodeInfoCache( 2797): Node from: 28 not from:31 android.view.accessibility.AccessibilityNodeInfo@76f38; boundsInParent: Rect(0, 0 - 585, 64); boundsInScreen: Rect(265, 630 - 850, 694); packageName: com.boco.sc.mobileom; className: android.widget.EditText; text: null; contentDescription: null; viewIdResName: com.boco.sc.mobileom:id/emos_ws_relay_clrlxfs_value; checkable: false; checked: false; focusable: true; focused: false; selected: false; clickable: true; longClickable: true; enabled: true; password: false; scrollable: false; [ACTION_FOCUS, ACTION_SELECT, ACTION_CLEAR_SELECTION, ACTION_CLICK, ACTION_LONG_CLICK, ACTION_ACCESSIBILITY_FOCUS]
05-19 14:33:55.175 E/AccessibilityNodeInfoCache( 2797): Node from: 28 not from:31 android.view.accessibility.AccessibilityNodeInfo@776ba; boundsInParent: Rect(0, 0 - 243, 80); boundsInScreen: Rect(50, 786 - 293, 866); packageName: com.boco.sc.mobileom; className: android.widget.TextView; text: 故障原因一级细分*:; contentDescription: null; viewIdResName: null; checkable: false; checked: false; focusable: false; focused: false; selected: false; clickable: false; longClickable: false; enabled: true; password: false; scrollable: false; [ACTION_SELECT, ACTION_CLEAR_SELECTION, ACTION_ACCESSIBILITY_FOCUS, ACTION_NEXT_AT_MOVEMENT_GRANULARITY, ACTION_PREVIOUS_AT_MOVEMENT_GRANULARITY, ACTION_SET_SELECTION]
05-19 14:33:55.175 E/AccessibilityNodeInfoCache( 2797): Node from: 28 not from:31 android.view.accessibility.AccessibilityNodeInfo@77a7b; boundsInParent: Rect(0, 0 - 501, 56); boundsInScreen: Rect(293, 798 - 794, 854); packageName: com.boco.sc.mobileom; className: android.widget.TextView; text: ...请选择...; contentDescription: null; viewIdResName: com.boco.sc.mobileom:id/wsoperate_type_2; checkable: false; checked: false; focusable: false; focused: false; selected: false; clickable: false; longClickable: false; enabled: true; password: false; scrollable: false; [ACTION_SELECT, ACTION_CLEAR_SELECTION, ACTION_ACCESSIBILITY_FOCUS, ACTION_NEXT_AT_MOVEMENT_GRANULARITY, ACTION_PREVIOUS_AT_MOVEMENT_GRANULARITY, ACTION_SET_SELECTION]
05-19 14:33:55.175 E/AccessibilityNodeInfoCache( 2797): Node from: 28 not from:31 android.view.accessibility.AccessibilityNodeInfo@77e3c; boundsInParent: Rect(0, 0 - 243, 80); boundsInScreen: Rect(50, 868 - 293, 948); packageName: com.boco.sc.mobileom; className: android.widget.TextView; text: 故障原因二级细分*:; contentDescription: null; viewIdResName: null; checkable: false; checked: false; focusable: false; focused: false; selected: false; clickable: false; longClickable: false; enabled: true; password: false; scrollable: false; [ACTION_SELECT, ACTION_CLEAR_SELECTION, ACTION_ACCESSIBILITY_FOCUS, ACTION_NEXT_AT_MOVEMENT_GRANULARITY, ACTION_PREVIOUS_AT_MOVEMENT_GRANULARITY, ACTION_SET_SELECTION]
05-19 14:33:55.175 E/AccessibilityNodeInfoCache( 2797): Node from: 28 not from:31 android.view.accessibility.AccessibilityNodeInfo@781fd; boundsInParent: Rect(0, 0 - 501, 56); boundsInScreen: Rect(293, 880 - 794, 936); packageName: com.boco.sc.mobileom; className: android.widget.TextView; text: ...请选择...; contentDescription: null; viewIdResName: com.boco.sc.mobileom:id/wsoperate_type_3; checkable: false; checked: false; focusable: false; focused: false; selected: false; clickable: false; longClickable: false; enabled: true; password: false; scrollable: false; [ACTION_SELECT, ACTION_CLEAR_SELECTION, ACTION_ACCESSIBILITY_FOCUS, ACTION_NEXT_AT_MOVEMENT_GRANULARITY, ACTION_PREVIOUS_AT_MOVEMENT_GRANULARITY, ACTION_SET_SELECTION]
05-19 14:33:55.175 E/AccessibilityNodeInfoCache( 2797): Node from: 28 not from:31 android.view.accessibility.AccessibilityNodeInfo@785be; boundsInParent: Rect(0, 0 - 187, 80); boundsInScreen: Rect(50, 950 - 237, 1030); packageName: com.boco.sc.mobileom; className: android.widget.TextView; text: 工单归档状态*:; contentDescription: null; viewIdResName: null; checkable: false; checked: false; focusable: false; focused: false; selected: false; clickable: false; longClickable: false; enabled: true; password: false; scrollable: false; [ACTION_SELECT, ACTION_CLEAR_SELECTION, ACTION_ACCESSIBILITY_FOCUS, ACTION_NEXT_AT_MOVEMENT_GRANULARITY, ACTION_PREVIOUS_AT_MOVEMENT_GRANULARITY, ACTION_SET_SELECTION]
05-19 14:33:55.175 E/AccessibilityNodeInfoCache( 2797): Node from: 28 not from:31 android.view.accessibility.AccessibilityNodeInfo@7897f; boundsInParent: Rect(0, 0 - 557, 56); boundsInScreen: Rect(237, 962 - 794, 1018); packageName: com.boco.sc.mobileom; className: android.widget.TextView; text: ...请选择...; contentDescription: null; viewIdResName: com.boco.sc.mobileom:id/wsoperate_type_4; checkable: false; checked: false; focusable: false; focused: false; selected: false; clickable: false; longClickable: false; enabled: true; password: false; scrollable: false; [ACTION_SELECT, ACTION_CLEAR_SELECTION, ACTION_ACCESSIBILITY_FOCUS, ACTION_NEXT_AT_MOVEMENT_GRANULARITY, ACTION_PREVIOUS_AT_MOVEMENT_GRANULARITY, ACTION_SET_SELECTION]
05-19 14:33:55.175 E/AccessibilityNodeInfoCache( 2797): Node from: 28 not from:31 android.view.accessibility.AccessibilityNodeInfo@78d40; boundsInParent: Rect(0, 0 - 187, 80); boundsInScreen: Rect(50, 1032 - 237, 1112); packageName: com.boco.sc.mobileom; className: android.widget.TextView; text: 故障处理结果*:; contentDescription: null; viewIdResName: null; checkable: false; checked: false; focusable: false; focused: false; selected: false; clickable: false; longClickable: false; enabled: true; password: false; scrollable: false; [ACTION_SELECT, ACTION_CLEAR_SELECTION, ACTION_ACCESSIBILITY_FOCUS, ACTION_NEXT_AT_MOVEMENT_GRANULARITY, ACTION_PREVIOUS_AT_MOVEMENT_GRANULARITY, ACTION_SET_SELECTION]
05-19 14:33:55.175 E/AccessibilityNodeInfoCache( 2797): Node from: 28 not from:31 android.view.accessibility.AccessibilityNodeInfo@79101; boundsInParent: Rect(0, 0 - 557, 56); boundsInScreen: Rect(237, 1044 - 794, 1100); packageName: com.boco.sc.mobileom; className: android.widget.TextView; text: ...请选择...; contentDescription: null; viewIdResName: com.boco.sc.mobileom:id/wsoperate_type_5; checkable: false; checked: false; focusable: false; focused: false; selected: false; clickable: false; longClickable: false; enabled: true; password: false; scrollable: false; [ACTION_SELECT, ACTION_CLEAR_SELECTION, ACTION_ACCESSIBILITY_FOCUS, ACTION_NEXT_AT_MOVEMENT_GRANULARITY, ACTION_PREVIOUS_AT_MOVEMENT_GRANULARITY, ACTION_SET_SELECTION]
05-19 14:33:55.175 E/AccessibilityNodeInfoCache( 2797): Node from: 28 not from:31 android.view.accessibility.AccessibilityNodeInfo@794c2; boundsInParent: Rect(0, 0 - 131, 80); boundsInScreen: Rect(50, 1114 - 181, 1194); packageName: com.boco.sc.mobileom; className: android.widget.TextView; text: 是否有效*:; contentDescription: null; viewIdResName: null; checkable: false; checked: false; focusable: false; focused: false; selected: false; clickable: false; longClickable: false; enabled: true; password: false; scrollable: false; [ACTION_SELECT, ACTION_CLEAR_SELECTION, ACTION_ACCESSIBILITY_FOCUS, ACTION_NEXT_AT_MOVEMENT_GRANULARITY, ACTION_PREVIOUS_AT_MOVEMENT_GRANULARITY, ACTION_SET_SELECTION]
05-19 14:33:55.175 E/AccessibilityNodeInfoCache( 2797): Node from: 28 not from:31 android.view.accessibility.AccessibilityNodeInfo@79883; boundsInParent: Rect(0, 0 - 187, 80); boundsInScreen: Rect(50, 1196 - 237, 1276); packageName: com.boco.sc.mobileom; className: android.widget.TextView; text: 是否重大故障*:; contentDescription: null; viewIdResName: null; checkable: false; checked: false; focusable: false; focused: false; selected: false; clickable: false; longClickable: false; enabled: true; password: false; scrollable: false; [ACTION_SELECT, ACTION_CLEAR_SELECTION, ACTION_ACCESSIBILITY_FOCUS, ACTION_NEXT_AT_MOVEMENT_GRANULARITY, ACTION_PREVIOUS_AT_MOVEMENT_GRANULARITY, ACTION_SET_SELECTION]
05-19 14:33:55.175 E/AccessibilityNodeInfoCache( 2797): Node from: 28 not from:31 android.view.accessibility.AccessibilityNodeInfo@79c44; boundsInParent: Rect(0, 0 - 800, 128); boundsInScreen: Rect(50, 1318 - 850, 1446); packageName: com.boco.sc.mobileom; className: android.widget.EditText; text: null; contentDescription: null; viewIdResName: com.boco.sc.mobileom:id/emos_cws_relay_gzyy; checkable: false; checked: false; focusable: true; focused: false; selected: false; clickable: true; longClickable: true; enabled: true; password: false; scrollable: false; [ACTION_FOCUS, ACTION_SELECT, ACTION_CLEAR_SELECTION, ACTION_CLICK, ACTION_LONG_CLICK, ACTION_ACCESSIBILITY_FOCUS]
05-19 14:33:55.175 E/AccessibilityNodeInfoCache( 2797): Node from: 28 not from:31 android.view.accessibility.AccessibilityNodeInfo@7a005; boundsInParent: Rect(0, 0 - 131, 80); boundsInScreen: Rect(50, 1278 - 181, 1358); packageName: com.boco.sc.mobileom; className: android.widget.TextView; text: 故障原因*:; contentDescription: null; viewIdResName: null; checkable: false; checked: false; focusable: false; focused: false; selected: false; clickable: false; longClickable: false; enabled: true; password: false; scrollable: false; [ACTION_SELECT, ACTION_CLEAR_SELECTION, ACTION_ACCESSIBILITY_FOCUS, ACTION_NEXT_AT_MOVEMENT_GRANULARITY, ACTION_PREVIOUS_AT_MOVEMENT_GRANULARITY, ACTION_SET_SELECTION]
05-19 14:33:55.185 E/AccessibilityNodeInfoCache( 2797): Node from: 28 not from:31 android.view.accessibility.AccessibilityNodeInfo@7c1ce; boundsInParent: Rect(0, 0 - 175, 80); boundsInScreen: Rect(50, 2190 - 225, 2270); packageName: com.boco.sc.mobileom; className: android.widget.TextView; text: 故障清除时间:; contentDescription: null; viewIdResName: null; checkable: false; checked: false; focusable: false; focused: false; selected: false; clickable: false; longClickable: false; enabled: true; password: false; scrollable: false; [ACTION_SELECT, ACTION_CLEAR_SELECTION, ACTION_ACCESSIBILITY_FOCUS, ACTION_NEXT_AT_MOVEMENT_GRANULARITY, ACTION_PREVIOUS_AT_MOVEMENT_GRANULARITY, ACTION_SET_SELECTION]
05-19 14:33:55.185 E/AccessibilityNodeInfoCache( 2797): Node from: 28 not from:31 android.view.accessibility.AccessibilityNodeInfo@7c58f; boundsInParent: Rect(0, 0 - 569, 56); boundsInScreen: Rect(225, 2202 - 794, 2258); packageName: com.boco.sc.mobileom; className: android.widget.TextView; text: null; contentDescription: null; viewIdResName: com.boco.sc.mobileom:id/wsoperate_type_gzqcsj; checkable: false; checked: false; focusable: false; focused: false; selected: false; clickable: true; longClickable: false; enabled: true; password: false; scrollable: false; [ACTION_SELECT, ACTION_CLEAR_SELECTION, ACTION_CLICK, ACTION_ACCESSIBILITY_FOCUS]
05-19 14:33:55.185 E/AccessibilityNodeInfoCache( 2797): Node from: 28 not from:31 android.view.accessibility.AccessibilityNodeInfo@7c950; boundsInParent: Rect(0, 0 - 175, 80); boundsInScreen: Rect(50, 2272 - 225, 2352); packageName: com.boco.sc.mobileom; className: android.widget.TextView; text: 业务恢复时间:; contentDescription: null; viewIdResName: null; checkable: false; checked: false; focusable: false; focused: false; selected: false; clickable: false; longClickable: false; enabled: true; password: false; scrollable: false; [ACTION_SELECT, ACTION_CLEAR_SELECTION, ACTION_ACCESSIBILITY_FOCUS, ACTION_NEXT_AT_MOVEMENT_GRANULARITY, ACTION_PREVIOUS_AT_MOVEMENT_GRANULARITY, ACTION_SET_SELECTION]
05-19 14:33:55.185 E/AccessibilityNodeInfoCache( 2797): Node from: 28 not from:31 android.view.accessibility.AccessibilityNodeInfo@7cd11; boundsInParent: Rect(0, 0 - 569, 56); boundsInScreen: Rect(225, 2284 - 794, 2340); packageName: com.boco.sc.mobileom; className: android.widget.TextView; text: null; contentDescription: null; viewIdResName: com.boco.sc.mobileom:id/wsoperate_type_ywhfsj; checkable: false; checked: false; focusable: false; focused: false; selected: false; clickable: true; longClickable: false; enabled: true; password: false; scrollable: false; [ACTION_SELECT, ACTION_CLEAR_SELECTION, ACTION_CLICK, ACTION_ACCESSIBILITY_FOCUS]
05-19 14:33:55.185 E/AccessibilityNodeInfoCache( 2797): Node from: 28 not from:31 android.view.accessibility.AccessibilityNodeInfo@7d0d2; boundsInParent: Rect(0, 0 - 175, 80); boundsInScreen: Rect(50, 2354 - 225, 2434); packageName: com.boco.sc.mobileom; className: android.widget.TextView; text: 影响业务时长:; contentDescription: null; viewIdResName: null; checkable: false; checked: false; focusable: false; focused: false; selected: false; clickable: false; longClickable: false; enabled: true; password: false; scrollable: false; [ACTION_SELECT, ACTION_CLEAR_SELECTION, ACTION_ACCESSIBILITY_FOCUS, ACTION_NEXT_AT_MOVEMENT_GRANULARITY, ACTION_PREVIOUS_AT_MOVEMENT_GRANULARITY, ACTION_SET_SELECTION]
05-19 14:33:55.185 E/AccessibilityNodeInfoCache( 2797): Node from: 28 not from:31 android.view.accessibility.AccessibilityNodeInfo@7d493; boundsInParent: Rect(0, 0 - 203, 80); boundsInScreen: Rect(50, 2436 - 253, 2516); packageName: com.boco.sc.mobileom; className: android.widget.TextView; text: 达到故障点时间:; contentDescription: null; viewIdResName: null; checkable: false; checked: false; focusable: false; focused: false; selected: false; clickable: false; longClickable: false; enabled: true; password: false; scrollable: false; [ACTION_SELECT, ACTION_CLEAR_SELECTION, ACTION_ACCESSIBILITY_FOCUS, ACTION_NEXT_AT_MOVEMENT_GRANULARITY, ACTION_PREVIOUS_AT_MOVEMENT_GRANULARITY, ACTION_SET_SELECTION]
05-19 14:33:55.185 E/AccessibilityNodeInfoCache( 2797): Node from: 28 not from:31 android.view.accessibility.AccessibilityNodeInfo@7d854; boundsInParent: Rect(0, 0 - 597, 64); boundsInScreen: Rect(253, 2444 - 850, 2508); packageName: com.boco.sc.mobileom; className: android.widget.EditText; text: null; contentDescription: null; viewIdResName: com.boco.sc.mobileom:id/emos_fws_ddgzdsj; checkable: false; checked: false; focusable: true; focused: false; selected: false; clickable: true; longClickable: true; enabled: true; password: false; scrollable: false; [ACTION_FOCUS, ACTION_SELECT, ACTION_CLEAR_SELECTION, ACTION_CLICK, ACTION_LONG_CLICK, ACTION_ACCESSIBILITY_FOCUS]
05-19 14:33:55.185 E/AccessibilityNodeInfoCache( 2797): Node from: 28 not from:31 android.view.accessibility.AccessibilityNodeInfo@7dc15; boundsInParent: Rect(0, 0 - 63, 80); boundsInScreen: Rect(50, 2518 - 113, 2598); packageName: com.boco.sc.mobileom; className: android.widget.TextView; text: 备注:; contentDescription: null; viewIdResName: null; checkable: false; checked: false; focusable: false; focused: false; selected: false; clickable: false; longClickable: false; enabled: true; password: false; scrollable: false; [ACTION_SELECT, ACTION_CLEAR_SELECTION, ACTION_ACCESSIBILITY_FOCUS, ACTION_NEXT_AT_MOVEMENT_GRANULARITY, ACTION_PREVIOUS_AT_MOVEMENT_GRANULARITY, ACTION_SET_SELECTION]
05-19 14:33:55.185 E/AccessibilityNodeInfoCache( 2797): Node from: 28 not from:31 android.view.accessibility.AccessibilityNodeInfo@7dfd6; boundsInParent: Rect(0, 0 - 800, 128); boundsInScreen: Rect(50, 2598 - 850, 2726); packageName: com.boco.sc.mobileom; className: android.widget.EditText; text: null; contentDescription: null; viewIdResName: com.boco.sc.mobileom:id/emos_cws_relay_remark; checkable: false; checked: false; focusable: true; focused: false; selected: false; clickable: true; longClickable: true; enabled: true; password: false; scrollable: false; [ACTION_FOCUS, ACTION_SELECT, ACTION_CLEAR_SELECTION, ACTION_CLICK, ACTION_LONG_CLICK, ACTION_ACCESSIBILITY_FOCUS]
05-19 14:33:55.185 E/AccessibilityNodeInfoCache( 2797): Node from: 28 not from:31 android.view.accessibility.AccessibilityNodeInfo@7e397; boundsInParent: Rect(0, 0 - 119, 80); boundsInScreen: Rect(50, 2738 - 169, 2818); packageName: com.boco.sc.mobileom; className: android.widget.TextView; text: 派往对象:; contentDescription: null; viewIdResName: null; checkable: false; checked: false; focusable: false; focused: false; selected: false; clickable: false; longClickable: false; enabled: true; password: false; scrollable: false; [ACTION_SELECT, ACTION_CLEAR_SELECTION, ACTION_ACCESSIBILITY_FOCUS, ACTION_NEXT_AT_MOVEMENT_GRANULARITY, ACTION_PREVIOUS_AT_MOVEMENT_GRANULARITY, ACTION_SET_SELECTION]
05-19 14:33:55.185 E/AccessibilityNodeInfoCache( 2797): Node from: 28 not from:31 android.view.accessibility.AccessibilityNodeInfo@7e758; boundsInParent: Rect(0, 0 - 625, 56); boundsInScreen: Rect(169, 2750 - 794, 2806); packageName: com.boco.sc.mobileom; className: android.widget.TextView; text: null; contentDescription: null; viewIdResName: com.boco.sc.mobileom:id/wsoperate_type_transfer; checkable: false; checked: false; focusable: false; focused: false; selected: false; clickable: false; longClickable: false; enabled: true; password: false; scrollable: false; [ACTION_SELECT, ACTION_CLEAR_SELECTION, ACTION_ACCESSIBILITY_FOCUS]
05-19 14:33:55.185 E/AccessibilityNodeInfoCache( 2797): Node from: 28 not from:31 android.view.accessibility.AccessibilityNodeInfo@7eb19; boundsInParent: Rect(0, 0 - 900, 1440); boundsInScreen: Rect(0, 0 - 900, 1440); packageName: com.boco.sc.mobileom; className: android.widget.LinearLayout; text: null; contentDescription: null; viewIdResName: null; checkable: false; checked: false; focusable: false; focused: false; selected: false; clickable: false; longClickable: false; enabled: true; password: false; scrollable: false; [ACTION_SELECT, ACTION_CLEAR_SELECTION, ACTION_ACCESSIBILITY_FOCUS]
05-19 14:33:55.185 E/AccessibilityNodeInfoCache( 2797): Node from: 28 not from:31 android.view.accessibility.AccessibilityNodeInfo@7eeda; boundsInParent: Rect(0, 0 - 900, 1390); boundsInScreen: Rect(0, 50 - 900, 1440); packageName: com.boco.sc.mobileom; className: android.widget.FrameLayout; text: null; contentDescription: null; viewIdResName: android:id/content; checkable: false; checked: false; focusable: false; focused: false; selected: false; clickable: false; longClickable: false; enabled: true; password: false; scrollable: false; [ACTION_SELECT, ACTION_CLEAR_SELECTION, ACTION_ACCESSIBILITY_FOCUS]
05-19 14:33:55.185 E/AccessibilityNodeInfoCache( 2797): Node from: 28 not from:31 android.view.accessibility.AccessibilityNodeInfo@7f29b; boundsInParent: Rect(0, 0 - 900, 1390); boundsInScreen: Rect(0, 50 - 900, 1440); packageName: com.boco.sc.mobileom; className: android.widget.RelativeLayout; text: null; contentDescription: null; viewIdResName: com.boco.sc.mobileom:id/mobileom_ws_accrej_parent; checkable: false; checked: false; focusable: false; focused: false; selected: false; clickable: false; longClickable: false; enabled: true; password: false; scrollable: false; [ACTION_SELECT, ACTION_CLEAR_SELECTION, ACTION_ACCESSIBILITY_FOCUS]
05-19 14:33:55.185 E/AccessibilityNodeInfoCache( 2797): Node from: 28 not from:31 android.view.accessibility.AccessibilityNodeInfo@7f65c; boundsInParent: Rect(0, 0 - 900, 80); boundsInScreen: Rect(0, 50 - 900, 130); packageName: com.boco.sc.mobileom; className: android.widget.LinearLayout; text: null; contentDescription: null; viewIdResName: com.boco.sc.mobileom:id/emos_sc_ws_actionbar; checkable: false; checked: false; focusable: false; focused: false; selected: false; clickable: false; longClickable: false; enabled: true; password: false; scrollable: false; [ACTION_SELECT, ACTION_CLEAR_SELECTION, ACTION_ACCESSIBILITY_FOCUS]
05-19 14:33:55.185 E/AccessibilityNodeInfoCache( 2797): Node from: 28 not from:31 android.view.accessibility.AccessibilityNodeInfo@7fa1d; boundsInParent: Rect(0, 0 - 860, 1290); boundsInScreen: Rect(20, 130 - 880, 1420); packageName: com.boco.sc.mobileom; className: android.widget.ScrollView; text: null; contentDescription: null; viewIdResName: null; checkable: false; checked: false; focusable: true; focused: false; selected: false; clickable: false; longClickable: false; enabled: true; password: false; scrollable: true; [ACTION_FOCUS, ACTION_SELECT, ACTION_CLEAR_SELECTION, ACTION_ACCESSIBILITY_FOCUS, ACTION_SCROLL_FORWARD]
05-19 14:33:55.185 E/AccessibilityNodeInfoCache( 2797): Node from: 28 not from:31 android.view.accessibility.AccessibilityNodeInfo@7fdde; boundsInParent: Rect(0, 0 - 900, 80); boundsInScreen: Rect(0, 50 - 900, 130); packageName: com.boco.sc.mobileom; className: android.widget.RelativeLayout; text: null; contentDescription: null; viewIdResName: null; checkable: false; checked: false; focusable: false; focused: false; selected: false; clickable: false; longClickable: false; enabled: true; password: false; scrollable: false; [ACTION_SELECT, ACTION_CLEAR_SELECTION, ACTION_ACCESSIBILITY_FOCUS]
05-19 14:33:55.185 E/AccessibilityNodeInfoCache( 2797): Node from: 28 not from:31 android.view.accessibility.AccessibilityNodeInfo@8019f; boundsInParent: Rect(0, 0 - 860, 2688); boundsInScreen: Rect(20, 130 - 880, 2818); packageName: com.boco.sc.mobileom; className: android.widget.LinearLayout; text: null; contentDescription: null; viewIdResName: null; checkable: false; checked: false; focusable: false; focused: false; selected: false; clickable: false; longClickable: false; enabled: true; password: false; scrollable: false; [ACTION_SELECT, ACTION_CLEAR_SELECTION, ACTION_ACCESSIBILITY_FOCUS]
05-19 14:33:55.185 E/AccessibilityNodeInfoCache( 2797): Node from: 28 not from:31 android.view.accessibility.AccessibilityNodeInfo@80560; boundsInParent: Rect(0, 0 - 800, 80); boundsInScreen: Rect(50, 130 - 850, 210); packageName: com.boco.sc.mobileom; className: android.widget.LinearLayout; text: null; contentDescription: null; viewIdResName: null; checkable: false; checked: false; focusable: false; focused: false; selected: false; clickable: false; longClickable: false; enabled: true; password: false; scrollable: false; [ACTION_SELECT, ACTION_CLEAR_SELECTION, ACTION_ACCESSIBILITY_FOCUS]
05-19 14:33:55.185 E/AccessibilityNodeInfoCache( 2797): Node from: 28 not from:31 android.view.accessibility.AccessibilityNodeInfo@80921; boundsInParent: Rect(0, 0 - 860, 2); boundsInScreen: Rect(20, 210 - 880, 212); packageName: com.boco.sc.mobileom; className: android.view.View; text: null; contentDescription: null; viewIdResName: null; checkable: false; checked: false; focusable: false; focused: false; selected: false; clickable: false; longClickable: false; enabled: true; password: false; scrollable: false; [ACTION_SELECT, ACTION_CLEAR_SELECTION, ACTION_ACCESSIBILITY_FOCUS]
05-19 14:33:55.185 E/AccessibilityNodeInfoCache( 2797): Node from: 28 not from:31 android.view.accessibility.AccessibilityNodeInfo@80ce2; boundsInParent: Rect(0, 0 - 860, 80); boundsInScreen: Rect(20, 212 - 880, 292); packageName: com.boco.sc.mobileom; className: android.widget.RelativeLayout; text: null; contentDescription: null; viewIdResName: null; checkable: false; checked: false; focusable: false; focused: false; selected: false; clickable: false; longClickable: false; enabled: true; password: false; scrollable: false; [ACTION_SELECT, ACTION_CLEAR_SELECTION, ACTION_ACCESSIBILITY_FOCUS]
05-19 14:33:55.185 E/AccessibilityNodeInfoCache( 2797): Node from: 28 not from:31 android.view.accessibility.AccessibilityNodeInfo@810a3; boundsInParent: Rect(0, 0 - 860, 2); boundsInScreen: Rect(20, 292 - 880, 294); packageName: com.boco.sc.mobileom; className: android.view.View; text: null; contentDescription: null; viewIdResName: null; checkable: false; checked: false; focusable: false; focused: false; selected: false; clickable: false; longClickable: false; enabled: true; password: false; scrollable: false; [ACTION_SELECT, ACTION_CLEAR_SELECTION, ACTION_ACCESSIBILITY_FOCUS]
05-19 14:33:55.185 E/AccessibilityNodeInfoCache( 2797): Node from: 28 not from:31 android.view.accessibility.AccessibilityNodeInfo@81464; boundsInParent: Rect(0, 0 - 860, 80); boundsInScreen: Rect(20, 294 - 880, 374); packageName: com.boco.sc.mobileom; className: android.widget.RelativeLayout; text: null; contentDescription: null; viewIdResName: null; checkable: false; checked: false; focusable: false; focused: false; selected: false; clickable: false; longClickable: false; enabled: true; password: false; scrollable: false; [ACTION_SELECT, ACTION_CLEAR_SELECTION, ACTION_ACCESSIBILITY_FOCUS]
05-19 14:33:55.185 E/AccessibilityNodeInfoCache( 2797): Node from: 28 not from:31 android.view.accessibility.AccessibilityNodeInfo@81825; boundsInParent: Rect(0, 0 - 860, 2); boundsInScreen: Rect(20, 374 - 880, 376); packageName: com.boco.sc.mobileom; className: android.view.View; text: null; contentDescription: null; viewIdResName: null; checkable: false; checked: false; focusable: false; focused: false; selected: false; clickable: false; longClickable: false; enabled: true; password: false; scrollable: false; [ACTION_SELECT, ACTION_CLEAR_SELECTION, ACTION_ACCESSIBILITY_FOCUS]
05-19 14:33:55.185 E/AccessibilityNodeInfoCache( 2797): Node from: 28 not from:31 android.view.accessibility.AccessibilityNodeInfo@81be6; boundsInParent: Rect(0, 0 - 860, 80); boundsInScreen: Rect(20, 376 - 880, 456); packageName: com.boco.sc.mobileom; className: android.widget.RelativeLayout; text: null; contentDescription: null; viewIdResName: null; checkable: false; checked: false; focusable: false; focused: false; selected: false; clickable: false; longClickable: false; enabled: true; password: false; scrollable: false; [ACTION_SELECT, ACTION_CLEAR_SELECTION, ACTION_ACCESSIBILITY_FOCUS]
05-19 14:33:55.185 E/AccessibilityNodeInfoCache( 2797): Node from: 28 not from:31 android.view.accessibility.AccessibilityNodeInfo@81fa7; boundsInParent: Rect(0, 0 - 860, 2); boundsInScreen: Rect(20, 456 - 880, 458); packageName: com.boco.sc.mobileom; className: android.view.View; text: null; contentDescription: null; viewIdResName: null; checkable: false; checked: false; focusable: false; focused: false; selected: false; clickable: false; longClickable: false; enabled: true; password: false; scrollable: false; [ACTION_SELECT, ACTION_CLEAR_SELECTION, ACTION_ACCESSIBILITY_FOCUS]
