05-17 16:10:51.311 E/appium  (19210): 	at io.netty.channel.CombinedChannelDuplexHandler.channelRead(CombinedChannelDuplexHandler.java:250)
05-17 16:10:51.311 E/appium  (19210): 	at io.netty.channel.AbstractChannelHandlerContext.invokeChannelRead(AbstractChannelHandlerContext.java:366)
05-17 16:10:51.311 E/appium  (19210): 	at io.netty.channel.AbstractChannelHandlerContext.invokeChannelRead(AbstractChannelHandlerContext.java:352)
05-17 16:10:51.311 E/appium  (19210): 	at io.netty.channel.AbstractChannelHandlerContext.fireChannelRead(AbstractChannelHandlerContext.java:345)
05-17 16:10:51.311 E/appium  (19210): 	at io.netty.channel.DefaultChannelPipeline$HeadContext.channelRead(DefaultChannelPipeline.java:1294)
05-17 16:10:51.311 E/appium  (19210): 	at io.netty.channel.AbstractChannelHandlerContext.invokeChannelRead(AbstractChannelHandlerContext.java:366)
05-17 16:10:51.311 E/appium  (19210): 	at io.netty.channel.AbstractChannelHandlerContext.invokeChannelRead(AbstractChannelHandlerContext.java:352)
05-17 16:10:51.311 E/appium  (19210): 	at io.netty.channel.DefaultChannelPipeline.fireChannelRead(DefaultChannelPipeline.java:911)
05-17 16:10:51.311 E/appium  (19210): 	at io.netty.channel.nio.AbstractNioByteChannel$NioByteUnsafe.read(AbstractNioByteChannel.java:131)
05-17 16:10:51.311 E/appium  (19210): 	at io.netty.channel.nio.NioEventLoop.processSelectedKey(NioEventLoop.java:611)
05-17 16:10:51.311 E/appium  (19210): 	at io.netty.channel.nio.NioEventLoop.processSelectedKeysPlain(NioEventLoop.java:514)
05-17 16:10:51.311 E/appium  (19210): 	at io.netty.channel.nio.NioEventLoop.processSelectedKeys(NioEventLoop.java:468)
05-17 16:10:51.311 E/appium  (19210): 	at io.netty.channel.nio.NioEventLoop.run(NioEventLoop.java:438)
05-17 16:10:51.311 E/appium  (19210): 	at io.netty.util.concurrent.SingleThreadEventExecutor$2.run(SingleThreadEventExecutor.java:140)
05-17 16:10:51.311 E/appium  (19210): 	at io.netty.util.concurrent.DefaultThreadFactory$DefaultRunnableDecorator.run(DefaultThreadFactory.java:144)
05-17 16:10:51.311 E/appium  (19210): 	at java.lang.Thread.run(Thread.java:818)
05-17 16:10:51.435 E/WifiTrafficPoller(  851): TRAFFIC_STATS_POLL true Token 2406 num clients 18
05-17 16:10:51.436 E/WifiTrafficPoller(  851):  packet count Tx=1619035 Rx=5397554
05-17 16:10:51.510 E/NotificationService(  851): Suppressing notification from package com.qihoo.appstore by user request.
05-17 16:10:51.513 E/NotificationService(  851): Suppressing notification from package com.qihoo.appstore by user request.
05-17 16:10:51.918 E/appium  (19210): Element not found: 
05-17 16:10:51.918 E/appium  (19210): io.appium.uiautomator2.common.exceptions.ElementNotFoundException: Could not find an element using supplied strategy. 
05-17 16:10:51.918 E/appium  (19210): 	at io.appium.uiautomator2.handler.FindElement.getXPathUiObject(FindElement.java:80)
05-17 16:10:51.918 E/appium  (19210): 	at io.appium.uiautomator2.handler.FindElement.findElement(FindElement.java:153)
05-17 16:10:51.918 E/appium  (19210): 	at io.appium.uiautomator2.handler.FindElement.safeHandle(FindElement.java:102)
05-17 16:10:51.918 E/appium  (19210): 	at io.appium.uiautomator2.handler.request.SafeRequestHandler.handle(SafeRequestHandler.java:56)
05-17 16:10:51.918 E/appium  (19210): 	at io.appium.uiautomator2.server.AppiumServlet.handleRequest(AppiumServlet.java:202)
05-17 16:10:51.918 E/appium  (19210): 	at io.appium.uiautomator2.server.AppiumServlet.handleHttpRequest(AppiumServlet.java:193)
05-17 16:10:51.918 E/appium  (19210): 	at io.appium.uiautomator2.http.ServerHandler.channelRead(ServerHandler.java:44)
05-17 16:10:51.918 E/appium  (19210): 	at io.netty.channel.AbstractChannelHandlerContext.invokeChannelRead(AbstractChannelHandlerContext.java:366)
05-17 16:10:51.918 E/appium  (19210): 	at io.netty.channel.AbstractChannelHandlerContext.invokeChannelRead(AbstractChannelHandlerContext.java:352)
05-17 16:10:51.918 E/appium  (19210): 	at io.netty.channel.AbstractChannelHandlerContext.fireChannelRead(AbstractChannelHandlerContext.java:345)
05-17 16:10:51.918 E/appium  (19210): 	at io.netty.handler.codec.MessageToMessageDecoder.channelRead(MessageToMessageDecoder.java:102)
05-17 16:10:51.918 E/appium  (19210): 	at io.netty.channel.AbstractChannelHandlerContext.invokeChannelRead(AbstractChannelHandlerContext.java:366)
05-17 16:10:51.918 E/appium  (19210): 	at io.netty.channel.AbstractChannelHandlerContext.invokeChannelRead(AbstractChannelHandlerContext.java:352)
05-17 16:10:51.918 E/appium  (19210): 	at io.netty.channel.AbstractChannelHandlerContext.fireChannelRead(AbstractChannelHandlerContext.java:345)
05-17 16:10:51.918 E/appium  (19210): 	at io.netty.channel.CombinedChannelDuplexHandler$DelegatingChannelHandlerContext.fireChannelRead(CombinedChannelDuplexHandler.java:435)
05-17 16:10:51.918 E/appium  (19210): 	at io.netty.handler.codec.ByteToMessageDecoder.fireChannelRead(ByteToMessageDecoder.java:293)
05-17 16:10:51.918 E/appium  (19210): 	at io.netty.handler.codec.ByteToMessageDecoder.channelRead(ByteToMessageDecoder.java:267)
05-17 16:10:51.918 E/appium  (19210): 	at io.netty.channel.CombinedChannelDuplexHandler.channelRead(CombinedChannelDuplexHandler.java:250)
05-17 16:10:51.918 E/appium  (19210): 	at io.netty.channel.AbstractChannelHandlerContext.invokeChannelRead(AbstractChannelHandlerContext.java:366)
05-17 16:10:51.918 E/appium  (19210): 	at io.netty.channel.AbstractChannelHandlerContext.invokeChannelRead(AbstractChannelHandlerContext.java:352)
05-17 16:10:51.918 E/appium  (19210): 	at io.netty.channel.AbstractChannelHandlerContext.fireChannelRead(AbstractChannelHandlerContext.java:345)
05-17 16:10:51.918 E/appium  (19210): 	at io.netty.channel.DefaultChannelPipeline$HeadContext.channelRead(DefaultChannelPipeline.java:1294)
05-17 16:10:51.918 E/appium  (19210): 	at io.netty.channel.AbstractChannelHandlerContext.invokeChannelRead(AbstractChannelHandlerContext.java:366)
05-17 16:10:51.918 E/appium  (19210): 	at io.netty.channel.AbstractChannelHandlerContext.invokeChannelRead(AbstractChannelHandlerContext.java:352)
05-17 16:10:51.918 E/appium  (19210): 	at io.netty.channel.DefaultChannelPipeline.fireChannelRead(DefaultChannelPipeline.java:911)
05-17 16:10:51.918 E/appium  (19210): 	at io.netty.channel.nio.AbstractNioByteChannel$NioByteUnsafe.read(AbstractNioByteChannel.java:131)
05-17 16:10:51.918 E/appium  (19210): 	at io.netty.channel.nio.NioEventLoop.processSelectedKey(NioEventLoop.java:611)
05-17 16:10:51.918 E/appium  (19210): 	at io.netty.channel.nio.NioEventLoop.processSelectedKeysPlain(NioEventLoop.java:514)
05-17 16:10:51.918 E/appium  (19210): 	at io.netty.channel.nio.NioEventLoop.processSelectedKeys(NioEventLoop.java:468)
05-17 16:10:51.918 E/appium  (19210): 	at io.netty.channel.nio.NioEventLoop.run(NioEventLoop.java:438)
05-17 16:10:51.918 E/appium  (19210): 	at io.netty.util.concurrent.SingleThreadEventExecutor$2.run(SingleThreadEventExecutor.java:140)
05-17 16:10:51.918 E/appium  (19210): 	at io.netty.util.concurrent.DefaultThreadFactory$DefaultRunnableDecorator.run(DefaultThreadFactory.java:144)
05-17 16:10:51.918 E/appium  (19210): 	at java.lang.Thread.run(Thread.java:818)
05-17 16:10:52.436 E/WifiTrafficPoller(  851): TRAFFIC_STATS_POLL true Token 2406 num clients 18
05-17 16:10:52.437 E/WifiTrafficPoller(  851):  packet count Tx=1619035 Rx=5397575
05-17 16:10:52.486 E/appium  (19210): Element not found: 
05-17 16:10:52.486 E/appium  (19210): io.appium.uiautomator2.common.exceptions.ElementNotFoundException: Could not find an element using supplied strategy. 
05-17 16:10:52.486 E/appium  (19210): 	at io.appium.uiautomator2.handler.FindElement.getXPathUiObject(FindElement.java:80)
05-17 16:10:52.486 E/appium  (19210): 	at io.appium.uiautomator2.handler.FindElement.findElement(FindElement.java:153)
05-17 16:10:52.486 E/appium  (19210): 	at io.appium.uiautomator2.handler.FindElement.safeHandle(FindElement.java:102)
05-17 16:10:52.486 E/appium  (19210): 	at io.appium.uiautomator2.handler.request.SafeRequestHandler.handle(SafeRequestHandler.java:56)
05-17 16:10:52.486 E/appium  (19210): 	at io.appium.uiautomator2.server.AppiumServlet.handleRequest(AppiumServlet.java:202)
05-17 16:10:52.486 E/appium  (19210): 	at io.appium.uiautomator2.server.AppiumServlet.handleHttpRequest(AppiumServlet.java:193)
05-17 16:10:52.486 E/appium  (19210): 	at io.appium.uiautomator2.http.ServerHandler.channelRead(ServerHandler.java:44)
05-17 16:10:52.486 E/appium  (19210): 	at io.netty.channel.AbstractChannelHandlerContext.invokeChannelRead(AbstractChannelHandlerContext.java:366)
05-17 16:10:52.486 E/appium  (19210): 	at io.netty.channel.AbstractChannelHandlerContext.invokeChannelRead(AbstractChannelHandlerContext.java:352)
05-17 16:10:52.486 E/appium  (19210): 	at io.netty.channel.AbstractChannelHandlerContext.fireChannelRead(AbstractChannelHandlerContext.java:345)
05-17 16:10:52.486 E/appium  (19210): 	at io.netty.handler.codec.MessageToMessageDecoder.channelRead(MessageToMessageDecoder.java:102)
05-17 16:10:52.486 E/appium  (19210): 	at io.netty.channel.AbstractChannelHandlerContext.invokeChannelRead(AbstractChannelHandlerContext.java:366)
05-17 16:10:52.486 E/appium  (19210): 	at io.netty.channel.AbstractChannelHandlerContext.invokeChannelRead(AbstractChannelHandlerContext.java:352)
05-17 16:10:52.486 E/appium  (19210): 	at io.netty.channel.AbstractChannelHandlerContext.fireChannelRead(AbstractChannelHandlerContext.java:345)
05-17 16:10:52.486 E/appium  (19210): 	at io.netty.channel.CombinedChannelDuplexHandler$DelegatingChannelHandlerContext.fireChannelRead(CombinedChannelDuplexHandler.java:435)
05-17 16:10:52.486 E/appium  (19210): 	at io.netty.handler.codec.ByteToMessageDecoder.fireChannelRead(ByteToMessageDecoder.java:293)
05-17 16:10:52.486 E/appium  (19210): 	at io.netty.handler.codec.ByteToMessageDecoder.channelRead(ByteToMessageDecoder.java:267)
05-17 16:10:52.486 E/appium  (19210): 	at io.netty.channel.CombinedChannelDuplexHandler.channelRead(CombinedChannelDuplexHandler.java:250)
05-17 16:10:52.486 E/appium  (19210): 	at io.netty.channel.AbstractChannelHandlerContext.invokeChannelRead(AbstractChannelHandlerContext.java:366)
05-17 16:10:52.486 E/appium  (19210): 	at io.netty.channel.AbstractChannelHandlerContext.invokeChannelRead(AbstractChannelHandlerContext.java:352)
05-17 16:10:52.486 E/appium  (19210): 	at io.netty.channel.AbstractChannelHandlerContext.fireChannelRead(AbstractChannelHandlerContext.java:345)
05-17 16:10:52.486 E/appium  (19210): 	at io.netty.channel.DefaultChannelPipeline$HeadContext.channelRead(DefaultChannelPipeline.java:1294)
05-17 16:10:52.486 E/appium  (19210): 	at io.netty.channel.AbstractChannelHandlerContext.invokeChannelRead(AbstractChannelHandlerContext.java:366)
05-17 16:10:52.486 E/appium  (19210): 	at io.netty.channel.AbstractChannelHandlerContext.invokeChannelRead(AbstractChannelHandlerContext.java:352)
05-17 16:10:52.486 E/appium  (19210): 	at io.netty.channel.DefaultChannelPipeline.fireChannelRead(DefaultChannelPipeline.java:911)
05-17 16:10:52.486 E/appium  (19210): 	at io.netty.channel.nio.AbstractNioByteChannel$NioByteUnsafe.read(AbstractNioByteChannel.java:131)
05-17 16:10:52.486 E/appium  (19210): 	at io.netty.channel.nio.NioEventLoop.processSelectedKey(NioEventLoop.java:611)
05-17 16:10:52.486 E/appium  (19210): 	at io.netty.channel.nio.NioEventLoop.processSelectedKeysPlain(NioEventLoop.java:514)
05-17 16:10:52.486 E/appium  (19210): 	at io.netty.channel.nio.NioEventLoop.processSelectedKeys(NioEventLoop.java:468)
05-17 16:10:52.486 E/appium  (19210): 	at io.netty.channel.nio.NioEventLoop.run(NioEventLoop.java:438)
05-17 16:10:52.486 E/appium  (19210): 	at io.netty.util.concurrent.SingleThreadEventExecutor$2.run(SingleThreadEventExecutor.java:140)
05-17 16:10:52.486 E/appium  (19210): 	at io.netty.util.concurrent.DefaultThreadFactory$DefaultRunnableDecorator.run(DefaultThreadFactory.java:144)
05-17 16:10:52.486 E/appium  (19210): 	at java.lang.Thread.run(Thread.java:818)
05-17 16:10:53.093 E/appium  (19210): Element not found: 
05-17 16:10:53.093 E/appium  (19210): io.appium.uiautomator2.common.exceptions.ElementNotFoundException: Could not find an element using supplied strategy. 
05-17 16:10:53.093 E/appium  (19210): 	at io.appium.uiautomator2.handler.FindElement.getXPathUiObject(FindElement.java:80)
05-17 16:10:53.093 E/appium  (19210): 	at io.appium.uiautomator2.handler.FindElement.findElement(FindElement.java:153)
05-17 16:10:53.093 E/appium  (19210): 	at io.appium.uiautomator2.handler.FindElement.safeHandle(FindElement.java:102)
05-17 16:10:53.093 E/appium  (19210): 	at io.appium.uiautomator2.handler.request.SafeRequestHandler.handle(SafeRequestHandler.java:56)
05-17 16:10:53.093 E/appium  (19210): 	at io.appium.uiautomator2.server.AppiumServlet.handleRequest(AppiumServlet.java:202)
05-17 16:10:53.093 E/appium  (19210): 	at io.appium.uiautomator2.server.AppiumServlet.handleHttpRequest(AppiumServlet.java:193)
05-17 16:10:53.093 E/appium  (19210): 	at io.appium.uiautomator2.http.ServerHandler.channelRead(ServerHandler.java:44)
05-17 16:10:53.093 E/appium  (19210): 	at io.netty.channel.AbstractChannelHandlerContext.invokeChannelRead(AbstractChannelHandlerContext.java:366)
05-17 16:10:53.093 E/appium  (19210): 	at io.netty.channel.AbstractChannelHandlerContext.invokeChannelRead(AbstractChannelHandlerContext.java:352)
05-17 16:10:53.093 E/appium  (19210): 	at io.netty.channel.AbstractChannelHandlerContext.fireChannelRead(AbstractChannelHandlerContext.java:345)
05-17 16:10:53.093 E/appium  (19210): 	at io.netty.handler.codec.MessageToMessageDecoder.channelRead(MessageToMessageDecoder.java:102)
05-17 16:10:53.093 E/appium  (19210): 	at io.netty.channel.AbstractChannelHandlerContext.invokeChannelRead(AbstractChannelHandlerContext.java:366)
05-17 16:10:53.093 E/appium  (19210): 	at io.netty.channel.AbstractChannelHandlerContext.invokeChannelRead(AbstractChannelHandlerContext.java:352)
05-17 16:10:53.093 E/appium  (19210): 	at io.netty.channel.AbstractChannelHandlerContext.fireChannelRead(AbstractChannelHandlerContext.java:345)
05-17 16:10:53.093 E/appium  (19210): 	at io.netty.channel.CombinedChannelDuplexHandler$DelegatingChannelHandlerContext.fireChannelRead(CombinedChannelDuplexHandler.java:435)
05-17 16:10:53.093 E/appium  (19210): 	at io.netty.handler.codec.ByteToMessageDecoder.fireChannelRead(ByteToMessageDecoder.java:293)
05-17 16:10:53.093 E/appium  (19210): 	at io.netty.handler.codec.ByteToMessageDecoder.channelRead(ByteToMessageDecoder.java:267)
05-17 16:10:53.093 E/appium  (19210): 	at io.netty.channel.CombinedChannelDuplexHandler.channelRead(CombinedChannelDuplexHandler.java:250)
05-17 16:10:53.093 E/appium  (19210): 	at io.netty.channel.AbstractChannelHandlerContext.invokeChannelRead(AbstractChannelHandlerContext.java:366)
05-17 16:10:53.093 E/appium  (19210): 	at io.netty.channel.AbstractChannelHandlerContext.invokeChannelRead(AbstractChannelHandlerContext.java:352)
05-17 16:10:53.093 E/appium  (19210): 	at io.netty.channel.AbstractChannelHandlerContext.fireChannelRead(AbstractChannelHandlerContext.java:345)
05-17 16:10:53.093 E/appium  (19210): 	at io.netty.channel.DefaultChannelPipeline$HeadContext.channelRead(DefaultChannelPipeline.java:1294)
05-17 16:10:53.093 E/appium  (19210): 	at io.netty.channel.AbstractChannelHandlerContext.invokeChannelRead(AbstractChannelHandlerContext.java:366)
05-17 16:10:53.093 E/appium  (19210): 	at io.netty.channel.AbstractChannelHandlerContext.invokeChannelRead(AbstractChannelHandlerContext.java:352)
05-17 16:10:53.093 E/appium  (19210): 	at io.netty.channel.DefaultChannelPipeline.fireChannelRead(DefaultChannelPipeline.java:911)
05-17 16:10:53.093 E/appium  (19210): 	at io.netty.channel.nio.AbstractNioByteChannel$NioByteUnsafe.read(AbstractNioByteChannel.java:131)
05-17 16:10:53.093 E/appium  (19210): 	at io.netty.channel.nio.NioEventLoop.processSelectedKey(NioEventLoop.java:611)
05-17 16:10:53.093 E/appium  (19210): 	at io.netty.channel.nio.NioEventLoop.processSelectedKeysPlain(NioEventLoop.java:514)
05-17 16:10:53.093 E/appium  (19210): 	at io.netty.channel.nio.NioEventLoop.processSelectedKeys(NioEventLoop.java:468)
05-17 16:10:53.093 E/appium  (19210): 	at io.netty.channel.nio.NioEventLoop.run(NioEventLoop.java:438)
05-17 16:10:53.093 E/appium  (19210): 	at io.netty.util.concurrent.SingleThreadEventExecutor$2.run(SingleThreadEventExecutor.java:140)
05-17 16:10:53.093 E/appium  (19210): 	at io.netty.util.concurrent.DefaultThreadFactory$DefaultRunnableDecorator.run(DefaultThreadFactory.java:144)
05-17 16:10:53.093 E/appium  (19210): 	at java.lang.Thread.run(Thread.java:818)
05-17 16:10:53.437 E/WifiTrafficPoller(  851): TRAFFIC_STATS_POLL true Token 2406 num clients 18
05-17 16:10:53.438 E/WifiTrafficPoller(  851):  packet count Tx=1619035 Rx=5397596
05-17 16:10:53.735 E/appium  (19210): Element not found: 
05-17 16:10:53.735 E/appium  (19210): io.appium.uiautomator2.common.exceptions.ElementNotFoundException: Could not find an element using supplied strategy. 
05-17 16:10:53.735 E/appium  (19210): 	at io.appium.uiautomator2.handler.FindElement.getXPathUiObject(FindElement.java:80)
05-17 16:10:53.735 E/appium  (19210): 	at io.appium.uiautomator2.handler.FindElement.findElement(FindElement.java:153)
05-17 16:10:53.735 E/appium  (19210): 	at io.appium.uiautomator2.handler.FindElement.safeHandle(FindElement.java:102)
05-17 16:10:53.735 E/appium  (19210): 	at io.appium.uiautomator2.handler.request.SafeRequestHandler.handle(SafeRequestHandler.java:56)
05-17 16:10:53.735 E/appium  (19210): 	at io.appium.uiautomator2.server.AppiumServlet.handleRequest(AppiumServlet.java:202)
05-17 16:10:53.735 E/appium  (19210): 	at io.appium.uiautomator2.server.AppiumServlet.handleHttpRequest(AppiumServlet.java:193)
05-17 16:10:53.735 E/appium  (19210): 	at io.appium.uiautomator2.http.ServerHandler.channelRead(ServerHandler.java:44)
05-17 16:10:53.735 E/appium  (19210): 	at io.netty.channel.AbstractChannelHandlerContext.invokeChannelRead(AbstractChannelHandlerContext.java:366)
05-17 16:10:53.735 E/appium  (19210): 	at io.netty.channel.AbstractChannelHandlerContext.invokeChannelRead(AbstractChannelHandlerContext.java:352)
05-17 16:10:53.735 E/appium  (19210): 	at io.netty.channel.AbstractChannelHandlerContext.fireChannelRead(AbstractChannelHandlerContext.java:345)
05-17 16:10:53.735 E/appium  (19210): 	at io.netty.handler.codec.MessageToMessageDecoder.channelRead(MessageToMessageDecoder.java:102)
05-17 16:10:53.735 E/appium  (19210): 	at io.netty.channel.AbstractChannelHandlerContext.invokeChannelRead(AbstractChannelHandlerContext.java:366)
05-17 16:10:53.735 E/appium  (19210): 	at io.netty.channel.AbstractChannelHandlerContext.invokeChannelRead(AbstractChannelHandlerContext.java:352)
05-17 16:10:53.735 E/appium  (19210): 	at io.netty.channel.AbstractChannelHandlerContext.fireChannelRead(AbstractChannelHandlerContext.java:345)
05-17 16:10:53.735 E/appium  (19210): 	at io.netty.channel.CombinedChannelDuplexHandler$DelegatingChannelHandlerContext.fireChannelRead(CombinedChannelDuplexHandler.java:435)
05-17 16:10:53.735 E/appium  (19210): 	at io.netty.handler.codec.ByteToMessageDecoder.fireChannelRead(ByteToMessageDecoder.java:293)
05-17 16:10:53.735 E/appium  (19210): 	at io.netty.handler.codec.ByteToMessageDecoder.channelRead(ByteToMessageDecoder.java:267)
05-17 16:10:53.735 E/appium  (19210): 	at io.netty.channel.CombinedChannelDuplexHandler.channelRead(CombinedChannelDuplexHandler.java:250)
05-17 16:10:53.735 E/appium  (19210): 	at io.netty.channel.AbstractChannelHandlerContext.invokeChannelRead(AbstractChannelHandlerContext.java:366)
05-17 16:10:53.735 E/appium  (19210): 	at io.netty.channel.AbstractChannelHandlerContext.invokeChannelRead(AbstractChannelHandlerContext.java:352)
05-17 16:10:53.735 E/appium  (19210): 	at io.netty.channel.AbstractChannelHandlerContext.fireChannelRead(AbstractChannelHandlerContext.java:345)
05-17 16:10:53.735 E/appium  (19210): 	at io.netty.channel.DefaultChannelPipeline$HeadContext.channelRead(DefaultChannelPipeline.java:1294)
05-17 16:10:53.735 E/appium  (19210): 	at io.netty.channel.AbstractChannelHandlerContext.invokeChannelRead(AbstractChannelHandlerContext.java:366)
05-17 16:10:53.735 E/appium  (19210): 	at io.netty.channel.AbstractChannelHandlerContext.invokeChannelRead(AbstractChannelHandlerContext.java:352)
05-17 16:10:53.735 E/appium  (19210): 	at io.netty.channel.DefaultChannelPipeline.fireChannelRead(DefaultChannelPipeline.java:911)
05-17 16:10:53.735 E/appium  (19210): 	at io.netty.channel.nio.AbstractNioByteChannel$NioByteUnsafe.read(AbstractNioByteChannel.java:131)
05-17 16:10:53.735 E/appium  (19210): 	at io.netty.channel.nio.NioEventLoop.processSelectedKey(NioEventLoop.java:611)
05-17 16:10:53.735 E/appium  (19210): 	at io.netty.channel.nio.NioEventLoop.processSelectedKeysPlain(NioEventLoop.java:514)
05-17 16:10:53.735 E/appium  (19210): 	at io.netty.channel.nio.NioEventLoop.processSelectedKeys(NioEventLoop.java:468)
05-17 16:10:53.735 E/appium  (19210): 	at io.netty.channel.nio.NioEventLoop.run(NioEventLoop.java:438)
05-17 16:10:53.735 E/appium  (19210): 	at io.netty.util.concurrent.SingleThreadEventExecutor$2.run(SingleThreadEventExecutor.java:140)
05-17 16:10:53.735 E/appium  (19210): 	at io.netty.util.concurrent.DefaultThreadFactory$DefaultRunnableDecorator.run(DefaultThreadFactory.java:144)
05-17 16:10:53.735 E/appium  (19210): 	at java.lang.Thread.run(Thread.java:818)
05-17 16:10:54.190 E/WifiStateMachine(  851):  ConnectedState (when=-3ms what=131155 arg1=548!CMD_RSSI_POLL 548 0 "BOCO-office" 94:b4:0f:68:a4:b1 rssi=-52 f=5785 sc=80 link=150 tx=0.1, 0.0, 0.0  rx=78.7 bcn=0 [on:0 tx:0 rx:0 period:3002] from screen [on:0 period:547213262] gl rssi=-52 ag=0 hr ticks 0,0,28 ls-=0 [56,56,56,56,61] brc=0 lrc=0
05-17 16:10:54.192 E/WifiStateMachine(  851):  L2ConnectedState (when=-5ms what=131155 arg1=548!CMD_RSSI_POLL 548 0 "BOCO-office" 94:b4:0f:68:a4:b1 rssi=-52 f=5785 sc=80 link=150 tx=0.1, 0.0, 0.0  rx=78.7 bcn=0 [on:0 tx:0 rx:0 period:2] from screen [on:0 period:547213264] gl rssi=-52 ag=0 hr ticks 0,0,28 ls-=0 [56,56,56,56,61] brc=0 lrc=0
05-17 16:10:54.192 E/WifiStateMachine(  851):  get link layer stats 0
05-17 16:10:54.199 E/WifiStateMachine(  851): calculateWifiScore() we set wifi's score to 1000, so will always set wifi as a default network.
05-17 16:10:54.330 E/appium  (19210): Element not found: 
05-17 16:10:54.330 E/appium  (19210): io.appium.uiautomator2.common.exceptions.ElementNotFoundException: Could not find an element using supplied strategy. 
05-17 16:10:54.330 E/appium  (19210): 	at io.appium.uiautomator2.handler.FindElement.getXPathUiObject(FindElement.java:80)
05-17 16:10:54.330 E/appium  (19210): 	at io.appium.uiautomator2.handler.FindElement.findElement(FindElement.java:153)
05-17 16:10:54.330 E/appium  (19210): 	at io.appium.uiautomator2.handler.FindElement.safeHandle(FindElement.java:102)
05-17 16:10:54.330 E/appium  (19210): 	at io.appium.uiautomator2.handler.request.SafeRequestHandler.handle(SafeRequestHandler.java:56)
05-17 16:10:54.330 E/appium  (19210): 	at io.appium.uiautomator2.server.AppiumServlet.handleRequest(AppiumServlet.java:202)
05-17 16:10:54.330 E/appium  (19210): 	at io.appium.uiautomator2.server.AppiumServlet.handleHttpRequest(AppiumServlet.java:193)
05-17 16:10:54.330 E/appium  (19210): 	at io.appium.uiautomator2.http.ServerHandler.channelRead(ServerHandler.java:44)
05-17 16:10:54.330 E/appium  (19210): 	at io.netty.channel.AbstractChannelHandlerContext.invokeChannelRead(AbstractChannelHandlerContext.java:366)
05-17 16:10:54.330 E/appium  (19210): 	at io.netty.channel.AbstractChannelHandlerContext.invokeChannelRead(AbstractChannelHandlerContext.java:352)
05-17 16:10:54.330 E/appium  (19210): 	at io.netty.channel.AbstractChannelHandlerContext.fireChannelRead(AbstractChannelHandlerContext.java:345)
05-17 16:10:54.330 E/appium  (19210): 	at io.netty.handler.codec.MessageToMessageDecoder.channelRead(MessageToMessageDecoder.java:102)
05-17 16:10:54.330 E/appium  (19210): 	at io.netty.channel.AbstractChannelHandlerContext.invokeChannelRead(AbstractChannelHandlerContext.java:366)
05-17 16:10:54.330 E/appium  (19210): 	at io.netty.channel.AbstractChannelHandlerContext.invokeChannelRead(AbstractChannelHandlerContext.java:352)
05-17 16:10:54.330 E/appium  (19210): 	at io.netty.channel.AbstractChannelHandlerContext.fireChannelRead(AbstractChannelHandlerContext.java:345)
05-17 16:10:54.330 E/appium  (19210): 	at io.netty.channel.CombinedChannelDuplexHandler$DelegatingChannelHandlerContext.fireChannelRead(CombinedChannelDuplexHandler.java:435)
05-17 16:10:54.330 E/appium  (19210): 	at io.netty.handler.codec.ByteToMessageDecoder.fireChannelRead(ByteToMessageDecoder.java:293)
05-17 16:10:54.330 E/appium  (19210): 	at io.netty.handler.codec.ByteToMessageDecoder.channelRead(ByteToMessageDecoder.java:267)
05-17 16:10:54.330 E/appium  (19210): 	at io.netty.channel.CombinedChannelDuplexHandler.channelRead(CombinedChannelDuplexHandler.java:250)
05-17 16:10:54.330 E/appium  (19210): 	at io.netty.channel.AbstractChannelHandlerContext.invokeChannelRead(AbstractChannelHandlerContext.java:366)
05-17 16:10:54.330 E/appium  (19210): 	at io.netty.channel.AbstractChannelHandlerContext.invokeChannelRead(AbstractChannelHandlerContext.java:352)
05-17 16:10:54.330 E/appium  (19210): 	at io.netty.channel.AbstractChannelHandlerContext.fireChannelRead(AbstractChannelHandlerContext.java:345)
05-17 16:10:54.330 E/appium  (19210): 	at io.netty.channel.DefaultChannelPipeline$HeadContext.channelRead(DefaultChannelPipeline.java:1294)
05-17 16:10:54.330 E/appium  (19210): 	at io.netty.channel.AbstractChannelHandlerContext.invokeChannelRead(AbstractChannelHandlerContext.java:366)
05-17 16:10:54.330 E/appium  (19210): 	at io.netty.channel.AbstractChannelHandlerContext.invokeChannelRead(AbstractChannelHandlerContext.java:352)
05-17 16:10:54.330 E/appium  (19210): 	at io.netty.channel.DefaultChannelPipeline.fireChannelRead(DefaultChannelPipeline.java:911)
05-17 16:10:54.330 E/appium  (19210): 	at io.netty.channel.nio.AbstractNioByteChannel$NioByteUnsafe.read(AbstractNioByteChannel.java:131)
05-17 16:10:54.330 E/appium  (19210): 	at io.netty.channel.nio.NioEventLoop.processSelectedKey(NioEventLoop.java:611)
05-17 16:10:54.330 E/appium  (19210): 	at io.netty.channel.nio.NioEventLoop.processSelectedKeysPlain(NioEventLoop.java:514)
05-17 16:10:54.330 E/appium  (19210): 	at io.netty.channel.nio.NioEventLoop.processSelectedKeys(NioEventLoop.java:468)
05-17 16:10:54.330 E/appium  (19210): 	at io.netty.channel.nio.NioEventLoop.run(NioEventLoop.java:438)
05-17 16:10:54.330 E/appium  (19210): 	at io.netty.util.concurrent.SingleThreadEventExecutor$2.run(SingleThreadEventExecutor.java:140)
05-17 16:10:54.330 E/appium  (19210): 	at io.netty.util.concurrent.DefaultThreadFactory$DefaultRunnableDecorator.run(DefaultThreadFactory.java:144)
05-17 16:10:54.330 E/appium  (19210): 	at java.lang.Thread.run(Thread.java:818)
05-17 16:10:54.439 E/WifiTrafficPoller(  851): TRAFFIC_STATS_POLL true Token 2406 num clients 18
05-17 16:10:54.440 E/WifiTrafficPoller(  851):  packet count Tx=1619035 Rx=5397623
05-17 16:10:54.923 E/appium  (19210): Element not found: 
05-17 16:10:54.923 E/appium  (19210): io.appium.uiautomator2.common.exceptions.ElementNotFoundException: Could not find an element using supplied strategy. 
05-17 16:10:54.923 E/appium  (19210): 	at io.appium.uiautomator2.handler.FindElement.getXPathUiObject(FindElement.java:80)
05-17 16:10:54.923 E/appium  (19210): 	at io.appium.uiautomator2.handler.FindElement.findElement(FindElement.java:153)
05-17 16:10:54.923 E/appium  (19210): 	at io.appium.uiautomator2.handler.FindElement.safeHandle(FindElement.java:102)
05-17 16:10:54.923 E/appium  (19210): 	at io.appium.uiautomator2.handler.request.SafeRequestHandler.handle(SafeRequestHandler.java:56)
05-17 16:10:54.923 E/appium  (19210): 	at io.appium.uiautomator2.server.AppiumServlet.handleRequest(AppiumServlet.java:202)
05-17 16:10:54.923 E/appium  (19210): 	at io.appium.uiautomator2.server.AppiumServlet.handleHttpRequest(AppiumServlet.java:193)
05-17 16:10:54.923 E/appium  (19210): 	at io.appium.uiautomator2.http.ServerHandler.channelRead(ServerHandler.java:44)
05-17 16:10:54.923 E/appium  (19210): 	at io.netty.channel.AbstractChannelHandlerContext.invokeChannelRead(AbstractChannelHandlerContext.java:366)
05-17 16:10:54.923 E/appium  (19210): 	at io.netty.channel.AbstractChannelHandlerContext.invokeChannelRead(AbstractChannelHandlerContext.java:352)
05-17 16:10:54.923 E/appium  (19210): 	at io.netty.channel.AbstractChannelHandlerContext.fireChannelRead(AbstractChannelHandlerContext.java:345)
05-17 16:10:54.923 E/appium  (19210): 	at io.netty.handler.codec.MessageToMessageDecoder.channelRead(MessageToMessageDecoder.java:102)
05-17 16:10:54.923 E/appium  (19210): 	at io.netty.channel.AbstractChannelHandlerContext.invokeChannelRead(AbstractChannelHandlerContext.java:366)
05-17 16:10:54.923 E/appium  (19210): 	at io.netty.channel.AbstractChannelHandlerContext.invokeChannelRead(AbstractChannelHandlerContext.java:352)
05-17 16:10:54.923 E/appium  (19210): 	at io.netty.channel.AbstractChannelHandlerContext.fireChannelRead(AbstractChannelHandlerContext.java:345)
05-17 16:10:54.923 E/appium  (19210): 	at io.netty.channel.CombinedChannelDuplexHandler$DelegatingChannelHandlerContext.fireChannelRead(CombinedChannelDuplexHandler.java:435)
05-17 16:10:54.923 E/appium  (19210): 	at io.netty.handler.codec.ByteToMessageDecoder.fireChannelRead(ByteToMessageDecoder.java:293)
05-17 16:10:54.923 E/appium  (19210): 	at io.netty.handler.codec.ByteToMessageDecoder.channelRead(ByteToMessageDecoder.java:267)
05-17 16:10:54.923 E/appium  (19210): 	at io.netty.channel.CombinedChannelDuplexHandler.channelRead(CombinedChannelDuplexHandler.java:250)
05-17 16:10:54.923 E/appium  (19210): 	at io.netty.channel.AbstractChannelHandlerContext.invokeChannelRead(AbstractChannelHandlerContext.java:366)
05-17 16:10:54.923 E/appium  (19210): 	at io.netty.channel.AbstractChannelHandlerContext.invokeChannelRead(AbstractChannelHandlerContext.java:352)
05-17 16:10:54.923 E/appium  (19210): 	at io.netty.channel.AbstractChannelHandlerContext.fireChannelRead(AbstractChannelHandlerContext.java:345)
05-17 16:10:54.923 E/appium  (19210): 	at io.netty.channel.DefaultChannelPipeline$HeadContext.channelRead(DefaultChannelPipeline.java:1294)
05-17 16:10:54.923 E/appium  (19210): 	at io.netty.channel.AbstractChannelHandlerContext.invokeChannelRead(AbstractChannelHandlerContext.java:366)
05-17 16:10:54.923 E/appium  (19210): 	at io.netty.channel.AbstractChannelHandlerContext.invokeChannelRead(AbstractChannelHandlerContext.java:352)
05-17 16:10:54.923 E/appium  (19210): 	at io.netty.channel.DefaultChannelPipeline.fireChannelRead(DefaultChannelPipeline.java:911)
05-17 16:10:54.923 E/appium  (19210): 	at io.netty.channel.nio.AbstractNioByteChannel$NioByteUnsafe.read(AbstractNioByteChannel.java:131)
05-17 16:10:54.923 E/appium  (19210): 	at io.netty.channel.nio.NioEventLoop.processSelectedKey(NioEventLoop.java:611)
05-17 16:10:54.923 E/appium  (19210): 	at io.netty.channel.nio.NioEventLoop.processSelectedKeysPlain(NioEventLoop.java:514)
05-17 16:10:54.923 E/appium  (19210): 	at io.netty.channel.nio.NioEventLoop.processSelectedKeys(NioEventLoop.java:468)
05-17 16:10:54.923 E/appium  (19210): 	at io.netty.channel.nio.NioEventLoop.run(NioEventLoop.java:438)
05-17 16:10:54.923 E/appium  (19210): 	at io.netty.util.concurrent.SingleThreadEventExecutor$2.run(SingleThreadEventExecutor.java:140)
05-17 16:10:54.923 E/appium  (19210): 	at io.netty.util.concurrent.DefaultThreadFactory$DefaultRunnableDecorator.run(DefaultThreadFactory.java:144)
05-17 16:10:54.923 E/appium  (19210): 	at java.lang.Thread.run(Thread.java:818)
05-17 16:10:55.441 E/WifiTrafficPoller(  851): TRAFFIC_STATS_POLL true Token 2406 num clients 18
05-17 16:10:55.443 E/WifiTrafficPoller(  851):  packet count Tx=1619035 Rx=5397645
05-17 16:10:55.514 E/appium  (19210): Element not found: 
05-17 16:10:55.514 E/appium  (19210): io.appium.uiautomator2.common.exceptions.ElementNotFoundException: Could not find an element using supplied strategy. 
05-17 16:10:55.514 E/appium  (19210): 	at io.appium.uiautomator2.handler.FindElement.getXPathUiObject(FindElement.java:80)
05-17 16:10:55.514 E/appium  (19210): 	at io.appium.uiautomator2.handler.FindElement.findElement(FindElement.java:153)
05-17 16:10:55.514 E/appium  (19210): 	at io.appium.uiautomator2.handler.FindElement.safeHandle(FindElement.java:102)
05-17 16:10:55.514 E/appium  (19210): 	at io.appium.uiautomator2.handler.request.SafeRequestHandler.handle(SafeRequestHandler.java:56)
05-17 16:10:55.514 E/appium  (19210): 	at io.appium.uiautomator2.server.AppiumServlet.handleRequest(AppiumServlet.java:202)
05-17 16:10:55.514 E/appium  (19210): 	at io.appium.uiautomator2.server.AppiumServlet.handleHttpRequest(AppiumServlet.java:193)
05-17 16:10:55.514 E/appium  (19210): 	at io.appium.uiautomator2.http.ServerHandler.channelRead(ServerHandler.java:44)
05-17 16:10:55.514 E/appium  (19210): 	at io.netty.channel.AbstractChannelHandlerContext.invokeChannelRead(AbstractChannelHandlerContext.java:366)
05-17 16:10:55.514 E/appium  (19210): 	at io.netty.channel.AbstractChannelHandlerContext.invokeChannelRead(AbstractChannelHandlerContext.java:352)
05-17 16:10:55.514 E/appium  (19210): 	at io.netty.channel.AbstractChannelHandlerContext.fireChannelRead(AbstractChannelHandlerContext.java:345)
05-17 16:10:55.514 E/appium  (19210): 	at io.netty.handler.codec.MessageToMessageDecoder.channelRead(MessageToMessageDecoder.java:102)
05-17 16:10:55.514 E/appium  (19210): 	at io.netty.channel.AbstractChannelHandlerContext.invokeChannelRead(AbstractChannelHandlerContext.java:366)
05-17 16:10:55.514 E/appium  (19210): 	at io.netty.channel.AbstractChannelHandlerContext.invokeChannelRead(AbstractChannelHandlerContext.java:352)
05-17 16:10:55.514 E/appium  (19210): 	at io.netty.channel.AbstractChannelHandlerContext.fireChannelRead(AbstractChannelHandlerContext.java:345)
05-17 16:10:55.514 E/appium  (19210): 	at io.netty.channel.CombinedChannelDuplexHandler$DelegatingChannelHandlerContext.fireChannelRead(CombinedChannelDuplexHandler.java:435)
05-17 16:10:55.514 E/appium  (19210): 	at io.netty.handler.codec.ByteToMessageDecoder.fireChannelRead(ByteToMessageDecoder.java:293)
05-17 16:10:55.514 E/appium  (19210): 	at io.netty.handler.codec.ByteToMessageDecoder.channelRead(ByteToMessageDecoder.java:267)
05-17 16:10:55.514 E/appium  (19210): 	at io.netty.channel.CombinedChannelDuplexHandler.channelRead(CombinedChannelDuplexHandler.java:250)
05-17 16:10:55.514 E/appium  (19210): 	at io.netty.channel.AbstractChannelHandlerContext.invokeChannelRead(AbstractChannelHandlerContext.java:366)
05-17 16:10:55.514 E/appium  (19210): 	at io.netty.channel.AbstractChannelHandlerContext.invokeChannelRead(AbstractChannelHandlerContext.java:352)
05-17 16:10:55.514 E/appium  (19210): 	at io.netty.channel.AbstractChannelHandlerContext.fireChannelRead(AbstractChannelHandlerContext.java:345)
05-17 16:10:55.514 E/appium  (19210): 	at io.netty.channel.DefaultChannelPipeline$HeadContext.channelRead(DefaultChannelPipeline.java:1294)
05-17 16:10:55.514 E/appium  (19210): 	at io.netty.channel.AbstractChannelHandlerContext.invokeChannelRead(AbstractChannelHandlerContext.java:366)
05-17 16:10:55.514 E/appium  (19210): 	at io.netty.channel.AbstractChannelHandlerContext.invokeChannelRead(AbstractChannelHandlerContext.java:352)
05-17 16:10:55.514 E/appium  (19210): 	at io.netty.channel.DefaultChannelPipeline.fireChannelRead(DefaultChannelPipeline.java:911)
05-17 16:10:55.514 E/appium  (19210): 	at io.netty.channel.nio.AbstractNioByteChannel$NioByteUnsafe.read(AbstractNioByteChannel.java:131)
05-17 16:10:55.514 E/appium  (19210): 	at io.netty.channel.nio.NioEventLoop.processSelectedKey(NioEventLoop.java:611)
05-17 16:10:55.514 E/appium  (19210): 	at io.netty.channel.nio.NioEventLoop.processSelectedKeysPlain(NioEventLoop.java:514)
05-17 16:10:55.514 E/appium  (19210): 	at io.netty.channel.nio.NioEventLoop.processSelectedKeys(NioEventLoop.java:468)
05-17 16:10:55.514 E/appium  (19210): 	at io.netty.channel.nio.NioEventLoop.run(NioEventLoop.java:438)
05-17 16:10:55.514 E/appium  (19210): 	at io.netty.util.concurrent.SingleThreadEventExecutor$2.run(SingleThreadEventExecutor.java:140)
05-17 16:10:55.514 E/appium  (19210): 	at io.netty.util.concurrent.DefaultThreadFactory$DefaultRunnableDecorator.run(DefaultThreadFactory.java:144)
05-17 16:10:55.514 E/appium  (19210): 	at java.lang.Thread.run(Thread.java:818)
05-17 16:10:56.117 E/appium  (19210): Element not found: 
05-17 16:10:56.117 E/appium  (19210): io.appium.uiautomator2.common.exceptions.ElementNotFoundException: Could not find an element using supplied strategy. 
05-17 16:10:56.117 E/appium  (19210): 	at io.appium.uiautomator2.handler.FindElement.getXPathUiObject(FindElement.java:80)
05-17 16:10:56.117 E/appium  (19210): 	at io.appium.uiautomator2.handler.FindElement.findElement(FindElement.java:153)
05-17 16:10:56.117 E/appium  (19210): 	at io.appium.uiautomator2.handler.FindElement.safeHandle(FindElement.java:102)
05-17 16:10:56.117 E/appium  (19210): 	at io.appium.uiautomator2.handler.request.SafeRequestHandler.handle(SafeRequestHandler.java:56)
05-17 16:10:56.117 E/appium  (19210): 	at io.appium.uiautomator2.server.AppiumServlet.handleRequest(AppiumServlet.java:202)
05-17 16:10:56.117 E/appium  (19210): 	at io.appium.uiautomator2.server.AppiumServlet.handleHttpRequest(AppiumServlet.java:193)
05-17 16:10:56.117 E/appium  (19210): 	at io.appium.uiautomator2.http.ServerHandler.channelRead(ServerHandler.java:44)
05-17 16:10:56.117 E/appium  (19210): 	at io.netty.channel.AbstractChannelHandlerContext.invokeChannelRead(AbstractChannelHandlerContext.java:366)
05-17 16:10:56.117 E/appium  (19210): 	at io.netty.channel.AbstractChannelHandlerContext.invokeChannelRead(AbstractChannelHandlerContext.java:352)
05-17 16:10:56.117 E/appium  (19210): 	at io.netty.channel.AbstractChannelHandlerContext.fireChannelRead(AbstractChannelHandlerContext.java:345)
05-17 16:10:56.117 E/appium  (19210): 	at io.netty.handler.codec.MessageToMessageDecoder.channelRead(MessageToMessageDecoder.java:102)
05-17 16:10:56.117 E/appium  (19210): 	at io.netty.channel.AbstractChannelHandlerContext.invokeChannelRead(AbstractChannelHandlerContext.java:366)
05-17 16:10:56.117 E/appium  (19210): 	at io.netty.channel.AbstractChannelHandlerContext.invokeChannelRead(AbstractChannelHandlerContext.java:352)
05-17 16:10:56.117 E/appium  (19210): 	at io.netty.channel.AbstractChannelHandlerContext.fireChannelRead(AbstractChannelHandlerContext.java:345)
05-17 16:10:56.117 E/appium  (19210): 	at io.netty.channel.CombinedChannelDuplexHandler$DelegatingChannelHandlerContext.fireChannelRead(CombinedChannelDuplexHandler.java:435)
05-17 16:10:56.117 E/appium  (19210): 	at io.netty.handler.codec.ByteToMessageDecoder.fireChannelRead(ByteToMessageDecoder.java:293)
05-17 16:10:56.117 E/appium  (19210): 	at io.netty.handler.codec.ByteToMessageDecoder.channelRead(ByteToMessageDecoder.java:267)
05-17 16:10:56.117 E/appium  (19210): 	at io.netty.channel.CombinedChannelDuplexHandler.channelRead(CombinedChannelDuplexHandler.java:250)
05-17 16:10:56.117 E/appium  (19210): 	at io.netty.channel.AbstractChannelHandlerContext.invokeChannelRead(AbstractChannelHandlerContext.java:366)
05-17 16:10:56.117 E/appium  (19210): 	at io.netty.channel.AbstractChannelHandlerContext.invokeChannelRead(AbstractChannelHandlerContext.java:352)
05-17 16:10:56.117 E/appium  (19210): 	at io.netty.channel.AbstractChannelHandlerContext.fireChannelRead(AbstractChannelHandlerContext.java:345)
05-17 16:10:56.117 E/appium  (19210): 	at io.netty.channel.DefaultChannelPipeline$HeadContext.channelRead(DefaultChannelPipeline.java:1294)
05-17 16:10:56.117 E/appium  (19210): 	at io.netty.channel.AbstractChannelHandlerContext.invokeChannelRead(AbstractChannelHandlerContext.java:366)
05-17 16:10:56.117 E/appium  (19210): 	at io.netty.channel.AbstractChannelHandlerContext.invokeChannelRead(AbstractChannelHandlerContext.java:352)
05-17 16:10:56.117 E/appium  (19210): 	at io.netty.channel.DefaultChannelPipeline.fireChannelRead(DefaultChannelPipeline.java:911)
05-17 16:10:56.117 E/appium  (19210): 	at io.netty.channel.nio.AbstractNioByteChannel$NioByteUnsafe.read(AbstractNioByteChannel.java:131)
05-17 16:10:56.117 E/appium  (19210): 	at io.netty.channel.nio.NioEventLoop.processSelectedKey(NioEventLoop.java:611)
05-17 16:10:56.117 E/appium  (19210): 	at io.netty.channel.nio.NioEventLoop.processSelectedKeysPlain(NioEventLoop.java:514)
05-17 16:10:56.117 E/appium  (19210): 	at io.netty.channel.nio.NioEventLoop.processSelectedKeys(NioEventLoop.java:468)
05-17 16:10:56.117 E/appium  (19210): 	at io.netty.channel.nio.NioEventLoop.run(NioEventLoop.java:438)
05-17 16:10:56.117 E/appium  (19210): 	at io.netty.util.concurrent.SingleThreadEventExecutor$2.run(SingleThreadEventExecutor.java:140)
05-17 16:10:56.117 E/appium  (19210): 	at io.netty.util.concurrent.DefaultThreadFactory$DefaultRunnableDecorator.run(DefaultThreadFactory.java:144)
05-17 16:10:56.117 E/appium  (19210): 	at java.lang.Thread.run(Thread.java:818)
05-17 16:10:56.443 E/WifiTrafficPoller(  851): TRAFFIC_STATS_POLL true Token 2406 num clients 18
05-17 16:10:56.444 E/WifiTrafficPoller(  851):  packet count Tx=1619035 Rx=5397669
05-17 16:10:56.780 E/appium  (19210): Element not found: 
05-17 16:10:56.780 E/appium  (19210): io.appium.uiautomator2.common.exceptions.ElementNotFoundException: Could not find an element using supplied strategy. 
05-17 16:10:56.780 E/appium  (19210): 	at io.appium.uiautomator2.handler.FindElement.getXPathUiObject(FindElement.java:80)
05-17 16:10:56.780 E/appium  (19210): 	at io.appium.uiautomator2.handler.FindElement.findElement(FindElement.java:153)
05-17 16:10:56.780 E/appium  (19210): 	at io.appium.uiautomator2.handler.FindElement.safeHandle(FindElement.java:102)
05-17 16:10:56.780 E/appium  (19210): 	at io.appium.uiautomator2.handler.request.SafeRequestHandler.handle(SafeRequestHandler.java:56)
05-17 16:10:56.780 E/appium  (19210): 	at io.appium.uiautomator2.server.AppiumServlet.handleRequest(AppiumServlet.java:202)
05-17 16:10:56.780 E/appium  (19210): 	at io.appium.uiautomator2.server.AppiumServlet.handleHttpRequest(AppiumServlet.java:193)
05-17 16:10:56.780 E/appium  (19210): 	at io.appium.uiautomator2.http.ServerHandler.channelRead(ServerHandler.java:44)
05-17 16:10:56.780 E/appium  (19210): 	at io.netty.channel.AbstractChannelHandlerContext.invokeChannelRead(AbstractChannelHandlerContext.java:366)
05-17 16:10:56.780 E/appium  (19210): 	at io.netty.channel.AbstractChannelHandlerContext.invokeChannelRead(AbstractChannelHandlerContext.java:352)
05-17 16:10:56.780 E/appium  (19210): 	at io.netty.channel.AbstractChannelHandlerContext.fireChannelRead(AbstractChannelHandlerContext.java:345)
05-17 16:10:56.780 E/appium  (19210): 	at io.netty.handler.codec.MessageToMessageDecoder.channelRead(MessageToMessageDecoder.java:102)
05-17 16:10:56.780 E/appium  (19210): 	at io.netty.channel.AbstractChannelHandlerContext.invokeChannelRead(AbstractChannelHandlerContext.java:366)
05-17 16:10:56.780 E/appium  (19210): 	at io.netty.channel.AbstractChannelHandlerContext.invokeChannelRead(AbstractChannelHandlerContext.java:352)
05-17 16:10:56.780 E/appium  (19210): 	at io.netty.channel.AbstractChannelHandlerContext.fireChannelRead(AbstractChannelHandlerContext.java:345)
05-17 16:10:56.780 E/appium  (19210): 	at io.netty.channel.CombinedChannelDuplexHandler$DelegatingChannelHandlerContext.fireChannelRead(CombinedChannelDuplexHandler.java:435)
05-17 16:10:56.780 E/appium  (19210): 	at io.netty.handler.codec.ByteToMessageDecoder.fireChannelRead(ByteToMessageDecoder.java:293)
05-17 16:10:56.780 E/appium  (19210): 	at io.netty.handler.codec.ByteToMessageDecoder.channelRead(ByteToMessageDecoder.java:267)
05-17 16:10:56.780 E/appium  (19210): 	at io.netty.channel.CombinedChannelDuplexHandler.channelRead(CombinedChannelDuplexHandler.java:250)
05-17 16:10:56.780 E/appium  (19210): 	at io.netty.channel.AbstractChannelHandlerContext.invokeChannelRead(AbstractChannelHandlerContext.java:366)
05-17 16:10:56.780 E/appium  (19210): 	at io.netty.channel.AbstractChannelHandlerContext.invokeChannelRead(AbstractChannelHandlerContext.java:352)
05-17 16:10:56.780 E/appium  (19210): 	at io.netty.channel.AbstractChannelHandlerContext.fireChannelRead(AbstractChannelHandlerContext.java:345)
05-17 16:10:56.780 E/appium  (19210): 	at io.netty.channel.DefaultChannelPipeline$HeadContext.channelRead(DefaultChannelPipeline.java:1294)
05-17 16:10:56.780 E/appium  (19210): 	at io.netty.channel.AbstractChannelHandlerContext.invokeChannelRead(AbstractChannelHandlerContext.java:366)
05-17 16:10:56.780 E/appium  (19210): 	at io.netty.channel.AbstractChannelHandlerContext.invokeChannelRead(AbstractChannelHandlerContext.java:352)
05-17 16:10:56.780 E/appium  (19210): 	at io.netty.channel.DefaultChannelPipeline.fireChannelRead(DefaultChannelPipeline.java:911)
05-17 16:10:56.780 E/appium  (19210): 	at io.netty.channel.nio.AbstractNioByteChannel$NioByteUnsafe.read(AbstractNioByteChannel.java:131)
05-17 16:10:56.780 E/appium  (19210): 	at io.netty.channel.nio.NioEventLoop.processSelectedKey(NioEventLoop.java:611)
05-17 16:10:56.780 E/appium  (19210): 	at io.netty.channel.nio.NioEventLoop.processSelectedKeysPlain(NioEventLoop.java:514)
05-17 16:10:56.780 E/appium  (19210): 	at io.netty.channel.nio.NioEventLoop.processSelectedKeys(NioEventLoop.java:468)
05-17 16:10:56.780 E/appium  (19210): 	at io.netty.channel.nio.NioEventLoop.run(NioEventLoop.java:438)
05-17 16:10:56.780 E/appium  (19210): 	at io.netty.util.concurrent.SingleThreadEventExecutor$2.run(SingleThreadEventExecutor.java:140)
05-17 16:10:56.780 E/appium  (19210): 	at io.netty.util.concurrent.DefaultThreadFactory$DefaultRunnableDecorator.run(DefaultThreadFactory.java:144)
05-17 16:10:56.780 E/appium  (19210): 	at java.lang.Thread.run(Thread.java:818)
05-17 16:10:57.203 E/WifiStateMachine(  851):  ConnectedState (when=-2ms what=131155 arg1=548!CMD_RSSI_POLL 548 0 "BOCO-office" 94:b4:0f:68:a4:b1 rssi=-52 f=5785 sc=80 link=150 tx=0.0, 0.0, 0.0  rx=76.3 bcn=0 [on:0 tx:0 rx:0 period:3000] from screen [on:0 period:547216275] gl rssi=-52 ag=0 hr ticks 0,0,28 ls-=0 [56,56,56,56,61] brc=0 lrc=0
05-17 16:10:57.205 E/WifiStateMachine(  851):  L2ConnectedState (when=-4ms what=131155 arg1=548!CMD_RSSI_POLL 548 0 "BOCO-office" 94:b4:0f:68:a4:b1 rssi=-52 f=5785 sc=80 link=150 tx=0.0, 0.0, 0.0  rx=76.3 bcn=0 [on:0 tx:0 rx:0 period:2] from screen [on:0 period:547216277] gl rssi=-52 ag=0 hr ticks 0,0,28 ls-=0 [56,56,56,56,61] brc=0 lrc=0
05-17 16:10:57.205 E/WifiStateMachine(  851):  get link layer stats 0
05-17 16:10:57.226 E/WifiStateMachine(  851): calculateWifiScore() we set wifi's score to 1000, so will always set wifi as a default network.
05-17 16:10:57.368 E/appium  (19210): Element not found: 
05-17 16:10:57.368 E/appium  (19210): io.appium.uiautomator2.common.exceptions.ElementNotFoundException: Could not find an element using supplied strategy. 
05-17 16:10:57.368 E/appium  (19210): 	at io.appium.uiautomator2.handler.FindElement.getXPathUiObject(FindElement.java:80)
05-17 16:10:57.368 E/appium  (19210): 	at io.appium.uiautomator2.handler.FindElement.findElement(FindElement.java:153)
05-17 16:10:57.368 E/appium  (19210): 	at io.appium.uiautomator2.handler.FindElement.safeHandle(FindElement.java:102)
05-17 16:10:57.368 E/appium  (19210): 	at io.appium.uiautomator2.handler.request.SafeRequestHandler.handle(SafeRequestHandler.java:56)
05-17 16:10:57.368 E/appium  (19210): 	at io.appium.uiautomator2.server.AppiumServlet.handleRequest(AppiumServlet.java:202)
05-17 16:10:57.368 E/appium  (19210): 	at io.appium.uiautomator2.server.AppiumServlet.handleHttpRequest(AppiumServlet.java:193)
05-17 16:10:57.368 E/appium  (19210): 	at io.appium.uiautomator2.http.ServerHandler.channelRead(ServerHandler.java:44)
05-17 16:10:57.368 E/appium  (19210): 	at io.netty.channel.AbstractChannelHandlerContext.invokeChannelRead(AbstractChannelHandlerContext.java:366)
05-17 16:10:57.368 E/appium  (19210): 	at io.netty.channel.AbstractChannelHandlerContext.invokeChannelRead(AbstractChannelHandlerContext.java:352)
05-17 16:10:57.368 E/appium  (19210): 	at io.netty.channel.AbstractChannelHandlerContext.fireChannelRead(AbstractChannelHandlerContext.java:345)
05-17 16:10:57.368 E/appium  (19210): 	at io.netty.handler.codec.MessageToMessageDecoder.channelRead(MessageToMessageDecoder.java:102)
05-17 16:10:57.368 E/appium  (19210): 	at io.netty.channel.AbstractChannelHandlerContext.invokeChannelRead(AbstractChannelHandlerContext.java:366)
05-17 16:10:57.368 E/appium  (19210): 	at io.netty.channel.AbstractChannelHandlerContext.invokeChannelRead(AbstractChannelHandlerContext.java:352)
05-17 16:10:57.368 E/appium  (19210): 	at io.netty.channel.AbstractChannelHandlerContext.fireChannelRead(AbstractChannelHandlerContext.java:345)
05-17 16:10:57.368 E/appium  (19210): 	at io.netty.channel.CombinedChannelDuplexHandler$DelegatingChannelHandlerContext.fireChannelRead(CombinedChannelDuplexHandler.java:435)
05-17 16:10:57.368 E/appium  (19210): 	at io.netty.handler.codec.ByteToMessageDecoder.fireChannelRead(ByteToMessageDecoder.java:293)
05-17 16:10:57.368 E/appium  (19210): 	at io.netty.handler.codec.ByteToMessageDecoder.channelRead(ByteToMessageDecoder.java:267)
