--------- beginning of system
05-19 15:02:40.945 E/MtpServer( 1268): void android::MtpServer::sendEvent(android::MtpEventCode, uint32_t): Without OpenSession to send event code = 0x4004, 
05-19 15:02:40.946 E/MtpServer( 1268): void android::MtpServer::sendEvent(android::MtpEventCode, uint32_t): Without OpenSession to send event code = 0x4006, 
05-19 15:02:40.946 E/MtpServer( 1268): MtpServer::run mFD: 60
05-19 15:02:41.003 E/MtpServer( 1268): MtpServer::run mFD: 60
05-19 15:02:41.003 E/MtpServer( 1268): MtpServer::run mFD: 60
05-19 15:02:41.005 E/MtpServer( 1268): MtpServer::run mFD: 60
05-19 15:02:41.005 E/MtpServer( 1268): MtpServer::run mFD: 60
05-19 15:02:41.010 E/MtpServer( 1268): MtpServer::run mFD: 60
--------- beginning of main
05-19 15:02:42.246 E/NativeCrypto( 9361): Unknown error during handshake
05-19 15:02:42.344 E/NativeCrypto( 9361): Unknown error during handshake
05-19 15:02:42.373 E/WifiTrafficPoller(  851): TRAFFIC_STATS_POLL true Token 3077 num clients 17
05-19 15:02:42.374 E/WifiTrafficPoller(  851):  packet count Tx=2028380 Rx=6688894
05-19 15:02:42.378 E/WifiStateMachine(  851):  ConnectedState (when=-2ms what=131155 arg1=671!CMD_RSSI_POLL 671 0 "BOCO-office" 94:b4:0f:68:a4:b1 rssi=-49 f=5785 sc=80 link=135 tx=5.2, 0.0, 0.0  rx=75.9 bcn=0 [on:0 tx:0 rx:0 period:3001] from screen [on:0 period:715921450] gl rssi=-49 ag=0 hr ticks 28,286,43 ls-=0 [56,56,60,60,65] brc=0 lrc=0
05-19 15:02:42.380 E/WifiStateMachine(  851):  L2ConnectedState (when=-4ms what=131155 arg1=671!CMD_RSSI_POLL 671 0 "BOCO-office" 94:b4:0f:68:a4:b1 rssi=-49 f=5785 sc=80 link=135 tx=5.2, 0.0, 0.0  rx=75.9 bcn=0 [on:0 tx:0 rx:0 period:2] from screen [on:0 period:715921452] gl rssi=-49 ag=0 hr ticks 28,286,43 ls-=0 [56,56,60,60,65] brc=0 lrc=0
05-19 15:02:42.380 E/WifiStateMachine(  851):  get link layer stats 0
05-19 15:02:42.384 E/WifiStateMachine(  851): calculateWifiScore() we set wifi's score to 1000, so will always set wifi as a default network.
05-19 15:02:43.375 E/WifiTrafficPoller(  851): TRAFFIC_STATS_POLL true Token 3077 num clients 17
05-19 15:02:43.377 E/WifiTrafficPoller(  851):  packet count Tx=2028384 Rx=6688921
05-19 15:02:44.378 E/WifiTrafficPoller(  851): TRAFFIC_STATS_POLL true Token 3077 num clients 17
05-19 15:02:44.379 E/WifiTrafficPoller(  851):  packet count Tx=2028386 Rx=6688941
05-19 15:02:45.268 E/SurfaceFlinger(  285): onDraw: bindTextureImage test
05-19 15:02:45.286 E/SurfaceFlinger(  285): onDraw: bindTextureImage test
05-19 15:02:45.302 E/SurfaceFlinger(  285): onDraw: bindTextureImage test
05-19 15:02:45.318 E/SurfaceFlinger(  285): onDraw: bindTextureImage test
05-19 15:02:45.335 E/SurfaceFlinger(  285): onDraw: bindTextureImage test
05-19 15:02:45.351 E/SurfaceFlinger(  285): onDraw: bindTextureImage test
05-19 15:02:45.368 E/SurfaceFlinger(  285): onDraw: bindTextureImage test
05-19 15:02:45.379 E/WifiTrafficPoller(  851): TRAFFIC_STATS_POLL true Token 3077 num clients 17
05-19 15:02:45.380 E/WifiTrafficPoller(  851):  packet count Tx=2028386 Rx=6688955
05-19 15:02:45.380 E/WifiTrafficPoller(  851): notifying of data activity 1
05-19 15:02:45.387 E/WifiStateMachine(  851):  ConnectedState (when=-3ms what=131155 arg1=671!CMD_RSSI_POLL 671 0 "BOCO-office" 94:b4:0f:68:a4:b1 rssi=-48 f=5785 sc=80 link=135 tx=5.6, 0.0, 0.0  rx=77.5 bcn=0 [on:0 tx:0 rx:0 period:3001] from screen [on:0 period:715924459] gl rssi=-48 ag=0 hr ticks 28,286,43 ls-=0 [56,56,60,60,65] brc=0 lrc=0
05-19 15:02:45.388 E/WifiStateMachine(  851):  L2ConnectedState (when=-4ms what=131155 arg1=671!CMD_RSSI_POLL 671 0 "BOCO-office" 94:b4:0f:68:a4:b1 rssi=-48 f=5785 sc=80 link=135 tx=5.6, 0.0, 0.0  rx=77.5 bcn=0 [on:0 tx:0 rx:0 period:1] from screen [on:0 period:715924460] gl rssi=-48 ag=0 hr ticks 28,286,43 ls-=0 [56,56,60,60,65] brc=0 lrc=0
05-19 15:02:45.388 E/WifiStateMachine(  851):  get link layer stats 0
05-19 15:02:45.408 E/WifiStateMachine(  851): calculateWifiScore() we set wifi's score to 1000, so will always set wifi as a default network.
05-19 15:02:45.704 E/SurfaceFlinger(  285): onDraw: bindTextureImage test
05-19 15:02:45.721 E/SurfaceFlinger(  285): onDraw: bindTextureImage test
05-19 15:02:45.740 E/SurfaceFlinger(  285): onDraw: bindTextureImage test
05-19 15:02:45.755 E/SurfaceFlinger(  285): onDraw: bindTextureImage test
05-19 15:02:45.772 E/SurfaceFlinger(  285): onDraw: bindTextureImage test
05-19 15:02:45.788 E/SurfaceFlinger(  285): onDraw: bindTextureImage test
05-19 15:02:45.805 E/SurfaceFlinger(  285): onDraw: bindTextureImage test
05-19 15:02:45.822 E/SurfaceFlinger(  285): onDraw: bindTextureImage test
05-19 15:02:45.839 E/SurfaceFlinger(  285): onDraw: bindTextureImage test
05-19 15:02:46.380 E/WifiTrafficPoller(  851): TRAFFIC_STATS_POLL true Token 3077 num clients 17
05-19 15:02:46.381 E/WifiTrafficPoller(  851):  packet count Tx=2028386 Rx=6688978
05-19 15:02:47.382 E/WifiTrafficPoller(  851): TRAFFIC_STATS_POLL true Token 3077 num clients 17
05-19 15:02:47.384 E/WifiTrafficPoller(  851):  packet count Tx=2028387 Rx=6688999
05-19 15:02:47.384 E/WifiTrafficPoller(  851): notifying of data activity 3
05-19 15:02:48.392 E/WifiTrafficPoller(  851): TRAFFIC_STATS_POLL true Token 3077 num clients 17
05-19 15:02:48.393 E/WifiTrafficPoller(  851):  packet count Tx=2028387 Rx=6689012
05-19 15:02:48.393 E/WifiTrafficPoller(  851): notifying of data activity 1
05-19 15:02:48.422 E/WifiStateMachine(  851):  ConnectedState (when=-3ms what=131155 arg1=671!CMD_RSSI_POLL 671 0 "BOCO-office" 94:b4:0f:68:a4:b1 rssi=-46 f=5785 sc=80 link=135 tx=5.8, 0.0, 0.0  rx=69.2 bcn=0 [on:0 tx:0 rx:0 period:3013] from screen [on:0 period:715927494] gl rssi=-46 ag=0 hr ticks 28,286,43 ls-=0 [56,56,60,60,65] brc=0 lrc=0
05-19 15:02:48.424 E/WifiStateMachine(  851):  L2ConnectedState (when=-15ms what=131155 arg1=671!CMD_RSSI_POLL 671 0 "BOCO-office" 94:b4:0f:68:a4:b1 rssi=-46 f=5785 sc=80 link=135 tx=5.8, 0.0, 0.0  rx=69.2 bcn=0 [on:0 tx:0 rx:0 period:2] from screen [on:0 period:715927496] gl rssi=-46 ag=0 hr ticks 28,286,43 ls-=0 [56,56,60,60,65] brc=0 lrc=0
05-19 15:02:48.424 E/WifiStateMachine(  851):  get link layer stats 0
05-19 15:02:48.450 E/WifiStateMachine(  851): calculateWifiScore() we set wifi's score to 1000, so will always set wifi as a default network.
05-19 15:02:49.404 E/WifiTrafficPoller(  851): TRAFFIC_STATS_POLL true Token 3077 num clients 17
05-19 15:02:49.406 E/WifiTrafficPoller(  851):  packet count Tx=2028388 Rx=6689034
05-19 15:02:49.406 E/WifiTrafficPoller(  851): notifying of data activity 3
05-19 15:02:50.411 E/WifiTrafficPoller(  851): TRAFFIC_STATS_POLL true Token 3077 num clients 17
05-19 15:02:50.412 E/WifiTrafficPoller(  851):  packet count Tx=2028388 Rx=6689054
05-19 15:02:50.412 E/WifiTrafficPoller(  851): notifying of data activity 1
05-19 15:02:51.414 E/WifiTrafficPoller(  851): TRAFFIC_STATS_POLL true Token 3077 num clients 17
05-19 15:02:51.415 E/WifiTrafficPoller(  851):  packet count Tx=2028388 Rx=6689082
05-19 15:02:51.454 E/WifiStateMachine(  851):  ConnectedState (when=-3ms what=131155 arg1=671!CMD_RSSI_POLL 671 0 "BOCO-office" 94:b4:0f:68:a4:b1 rssi=-53 f=5785 sc=80 link=135 tx=3.4, 0.0, 0.0  rx=63.6 bcn=0 [on:0 tx:0 rx:0 period:2996] from screen [on:0 period:715930526] gl rssi=-53 ag=0 hr ticks 28,286,43 ls-=0 [56,56,56,56,61] brc=0 lrc=0
05-19 15:02:51.454 E/WifiStateMachine(  851):  L2ConnectedState (when=-4ms what=131155 arg1=671!CMD_RSSI_POLL 671 0 "BOCO-office" 94:b4:0f:68:a4:b1 rssi=-53 f=5785 sc=80 link=135 tx=3.4, 0.0, 0.0  rx=63.6 bcn=0 [on:0 tx:0 rx:0 period:0] from screen [on:0 period:715930526] gl rssi=-53 ag=0 hr ticks 28,286,43 ls-=0 [56,56,56,56,61] brc=0 lrc=0
05-19 15:02:51.454 E/WifiStateMachine(  851):  get link layer stats 0
05-19 15:02:51.468 E/WifiStateMachine(  851): calculateWifiScore() we set wifi's score to 1000, so will always set wifi as a default network.
05-19 15:02:52.415 E/WifiTrafficPoller(  851): TRAFFIC_STATS_POLL true Token 3077 num clients 17
05-19 15:02:52.416 E/WifiTrafficPoller(  851):  packet count Tx=2028388 Rx=6689102
05-19 15:02:53.417 E/WifiTrafficPoller(  851): TRAFFIC_STATS_POLL true Token 3077 num clients 17
05-19 15:02:53.418 E/WifiTrafficPoller(  851):  packet count Tx=2028388 Rx=6689119
05-19 15:02:54.370 E/SurfaceFlinger(  285): onDraw: bindTextureImage test
05-19 15:02:54.386 E/SurfaceFlinger(  285): onDraw: bindTextureImage test
05-19 15:02:54.404 E/SurfaceFlinger(  285): onDraw: bindTextureImage test
05-19 15:02:54.419 E/WifiTrafficPoller(  851): TRAFFIC_STATS_POLL true Token 3077 num clients 17
05-19 15:02:54.419 E/WifiTrafficPoller(  851):  packet count Tx=2028388 Rx=6689133
05-19 15:02:54.421 E/SurfaceFlinger(  285): onDraw: bindTextureImage test
05-19 15:02:54.437 E/SurfaceFlinger(  285): onDraw: bindTextureImage test
05-19 15:02:54.453 E/SurfaceFlinger(  285): onDraw: bindTextureImage test
05-19 15:02:54.470 E/SurfaceFlinger(  285): onDraw: bindTextureImage test
05-19 15:02:54.472 E/WifiStateMachine(  851):  ConnectedState (when=-3ms what=131155 arg1=671!CMD_RSSI_POLL 671 0 "BOCO-office" 94:b4:0f:68:a4:b1 rssi=-52 f=5785 sc=80 link=135 tx=2.2, 0.0, 0.0  rx=66.3 bcn=0 [on:0 tx:0 rx:0 period:3002] from screen [on:0 period:715933544] gl rssi=-52 ag=0 hr ticks 28,286,43 ls-=0 [56,56,56,56,61] brc=0 lrc=0
05-19 15:02:54.473 E/WifiStateMachine(  851):  L2ConnectedState (when=-5ms what=131155 arg1=671!CMD_RSSI_POLL 671 0 "BOCO-office" 94:b4:0f:68:a4:b1 rssi=-52 f=5785 sc=80 link=135 tx=2.2, 0.0, 0.0  rx=66.3 bcn=0 [on:0 tx:0 rx:0 period:1] from screen [on:0 period:715933545] gl rssi=-52 ag=0 hr ticks 28,286,43 ls-=0 [56,56,56,56,61] brc=0 lrc=0
05-19 15:02:54.473 E/WifiStateMachine(  851):  get link layer stats 0
05-19 15:02:54.489 E/WifiStateMachine(  851): calculateWifiScore() we set wifi's score to 1000, so will always set wifi as a default network.
05-19 15:02:55.420 E/WifiTrafficPoller(  851): TRAFFIC_STATS_POLL true Token 3077 num clients 17
05-19 15:02:55.421 E/WifiTrafficPoller(  851):  packet count Tx=2028389 Rx=6689149
05-19 15:02:55.421 E/WifiTrafficPoller(  851): notifying of data activity 3
05-19 15:02:56.424 E/WifiTrafficPoller(  851): TRAFFIC_STATS_POLL true Token 3077 num clients 17
05-19 15:02:56.425 E/WifiTrafficPoller(  851):  packet count Tx=2028389 Rx=6689164
05-19 15:02:56.425 E/WifiTrafficPoller(  851): notifying of data activity 1
05-19 15:02:57.428 E/WifiTrafficPoller(  851): TRAFFIC_STATS_POLL true Token 3077 num clients 17
05-19 15:02:57.429 E/WifiTrafficPoller(  851):  packet count Tx=2028395 Rx=6689185
05-19 15:02:57.429 E/WifiTrafficPoller(  851): notifying of data activity 3
05-19 15:02:57.491 E/WifiStateMachine(  851):  ConnectedState (when=-1ms what=131155 arg1=671!CMD_RSSI_POLL 671 0 "BOCO-office" 94:b4:0f:68:a4:b1 rssi=-52 f=5785 sc=80 link=135 tx=1.1, 0.0, 0.0  rx=58.7 bcn=0 [on:0 tx:0 rx:0 period:3001] from screen [on:0 period:715936563] gl rssi=-52 ag=0 hr ticks 28,286,43 ls-=0 [56,56,56,56,61] brc=0 lrc=0
05-19 15:02:57.493 E/WifiStateMachine(  851):  L2ConnectedState (when=-3ms what=131155 arg1=671!CMD_RSSI_POLL 671 0 "BOCO-office" 94:b4:0f:68:a4:b1 rssi=-52 f=5785 sc=80 link=135 tx=1.1, 0.0, 0.0  rx=58.7 bcn=0 [on:0 tx:0 rx:0 period:2] from screen [on:0 period:715936565] gl rssi=-52 ag=0 hr ticks 28,286,43 ls-=0 [56,56,56,56,61] brc=0 lrc=0
05-19 15:02:57.493 E/WifiStateMachine(  851):  get link layer stats 0
05-19 15:02:57.498 E/WifiStateMachine(  851): calculateWifiScore() we set wifi's score to 1000, so will always set wifi as a default network.
05-19 15:02:58.433 E/WifiTrafficPoller(  851): TRAFFIC_STATS_POLL true Token 3077 num clients 17
05-19 15:02:58.435 E/WifiTrafficPoller(  851):  packet count Tx=2028395 Rx=6689200
05-19 15:02:58.435 E/WifiTrafficPoller(  851): notifying of data activity 1
05-19 15:02:58.951 E/NativeCrypto( 9361): ssl=0xeec3ee00 cert_verify_callback x509_store_ctx=0xddbff300 arg=0x0
05-19 15:02:58.951 E/NativeCrypto( 9361): ssl=0xeec3ee00 cert_verify_callback calling verifyCertificateChain authMethod=ECDHE_RSA
05-19 15:02:59.438 E/WifiTrafficPoller(  851): TRAFFIC_STATS_POLL true Token 3077 num clients 17
05-19 15:02:59.439 E/WifiTrafficPoller(  851):  packet count Tx=2028405 Rx=6689228
05-19 15:02:59.439 E/WifiTrafficPoller(  851): notifying of data activity 3
05-19 15:03:00.450 E/WifiTrafficPoller(  851): TRAFFIC_STATS_POLL true Token 3077 num clients 17
05-19 15:03:00.451 E/WifiTrafficPoller(  851):  packet count Tx=2028405 Rx=6689242
05-19 15:03:00.451 E/WifiTrafficPoller(  851): notifying of data activity 1
05-19 15:03:00.502 E/WifiStateMachine(  851):  ConnectedState (when=-3ms what=131155 arg1=671!CMD_RSSI_POLL 671 0 "BOCO-office" 94:b4:0f:68:a4:b1 rssi=-52 f=5785 sc=80 link=135 tx=4.1, 0.0, 0.0  rx=56.3 bcn=0 [on:0 tx:0 rx:0 period:3002] from screen [on:0 period:715939574] gl rssi=-52 ag=0 hr ticks 28,286,43 ls-=0 [56,56,56,56,61] brc=0 lrc=0
05-19 15:03:00.504 E/WifiStateMachine(  851):  L2ConnectedState (when=-5ms what=131155 arg1=671!CMD_RSSI_POLL 671 0 "BOCO-office" 94:b4:0f:68:a4:b1 rssi=-52 f=5785 sc=80 link=135 tx=4.1, 0.0, 0.0  rx=56.3 bcn=0 [on:0 tx:0 rx:0 period:2] from screen [on:0 period:715939576] gl rssi=-52 ag=0 hr ticks 28,286,43 ls-=0 [56,56,56,56,61] brc=0 lrc=0
05-19 15:03:00.504 E/WifiStateMachine(  851):  get link layer stats 0
05-19 15:03:00.509 E/WifiStateMachine(  851): calculateWifiScore() we set wifi's score to 1000, so will always set wifi as a default network.
05-19 15:03:01.463 E/WifiTrafficPoller(  851): TRAFFIC_STATS_POLL true Token 3077 num clients 17
05-19 15:03:01.464 E/WifiTrafficPoller(  851):  packet count Tx=2028407 Rx=6689266
05-19 15:03:01.464 E/WifiTrafficPoller(  851): notifying of data activity 3
05-19 15:03:02.466 E/WifiTrafficPoller(  851): TRAFFIC_STATS_POLL true Token 3077 num clients 17
05-19 15:03:02.467 E/WifiTrafficPoller(  851):  packet count Tx=2028407 Rx=6689282
05-19 15:03:02.467 E/WifiTrafficPoller(  851): notifying of data activity 1
05-19 15:03:03.478 E/WifiTrafficPoller(  851): TRAFFIC_STATS_POLL true Token 3077 num clients 17
05-19 15:03:03.479 E/WifiTrafficPoller(  851):  packet count Tx=2028407 Rx=6689297
05-19 15:03:03.514 E/WifiStateMachine(  851):  ConnectedState (when=-4ms what=131155 arg1=671!CMD_RSSI_POLL 671 0 "BOCO-office" 94:b4:0f:68:a4:b1 rssi=-52 f=5785 sc=80 link=135 tx=7.0, 0.0, 0.0  rx=56.7 bcn=0 [on:0 tx:0 rx:0 period:2997] from screen [on:0 period:715942586] gl rssi=-52 ag=0 hr ticks 28,286,43 ls-=0 [56,56,60,60,65] brc=0 lrc=0
05-19 15:03:03.515 E/WifiStateMachine(  851):  L2ConnectedState (when=-4ms what=131155 arg1=671!CMD_RSSI_POLL 671 0 "BOCO-office" 94:b4:0f:68:a4:b1 rssi=-52 f=5785 sc=80 link=135 tx=7.0, 0.0, 0.0  rx=56.7 bcn=0 [on:0 tx:0 rx:0 period:0] from screen [on:0 period:715942586] gl rssi=-52 ag=0 hr ticks 28,286,43 ls-=0 [56,56,60,60,65] brc=0 lrc=0
05-19 15:03:03.515 E/WifiStateMachine(  851):  get link layer stats 0
05-19 15:03:03.528 E/WifiStateMachine(  851): calculateWifiScore() we set wifi's score to 1000, so will always set wifi as a default network.
05-19 15:03:04.480 E/WifiTrafficPoller(  851): TRAFFIC_STATS_POLL true Token 3077 num clients 17
05-19 15:03:04.482 E/WifiTrafficPoller(  851):  packet count Tx=2028407 Rx=6689311
05-19 15:03:05.483 E/WifiTrafficPoller(  851): TRAFFIC_STATS_POLL true Token 3077 num clients 17
05-19 15:03:05.484 E/WifiTrafficPoller(  851):  packet count Tx=2028407 Rx=6689321
05-19 15:03:06.485 E/WifiTrafficPoller(  851): TRAFFIC_STATS_POLL true Token 3077 num clients 17
05-19 15:03:06.486 E/WifiTrafficPoller(  851):  packet count Tx=2028407 Rx=6689334
05-19 15:03:06.533 E/WifiStateMachine(  851):  ConnectedState (when=-4ms what=131155 arg1=671!CMD_RSSI_POLL 671 0 "BOCO-office" 94:b4:0f:68:a4:b1 rssi=-51 f=5785 sc=80 link=135 tx=4.5, 0.0, 0.0  rx=54.8 bcn=0 [on:0 tx:0 rx:0 period:3004] from screen [on:0 period:715945605] gl rssi=-51 ag=0 hr ticks 28,286,43 ls-=0 [56,56,56,56,61] brc=0 lrc=0
05-19 15:03:06.536 E/WifiStateMachine(  851):  L2ConnectedState (when=-7ms what=131155 arg1=671!CMD_RSSI_POLL 671 0 "BOCO-office" 94:b4:0f:68:a4:b1 rssi=-51 f=5785 sc=80 link=135 tx=4.5, 0.0, 0.0  rx=54.8 bcn=0 [on:0 tx:0 rx:0 period:3] from screen [on:0 period:715945608] gl rssi=-51 ag=0 hr ticks 28,286,43 ls-=0 [56,56,56,56,61] brc=0 lrc=0
05-19 15:03:06.536 E/WifiStateMachine(  851):  get link layer stats 0
05-19 15:03:06.563 E/WifiStateMachine(  851): calculateWifiScore() we set wifi's score to 1000, so will always set wifi as a default network.
05-19 15:03:07.486 E/WifiTrafficPoller(  851): TRAFFIC_STATS_POLL true Token 3077 num clients 17
05-19 15:03:07.487 E/WifiTrafficPoller(  851):  packet count Tx=2028407 Rx=6689353
05-19 15:03:08.489 E/WifiTrafficPoller(  851): TRAFFIC_STATS_POLL true Token 3077 num clients 17
05-19 15:03:08.490 E/WifiTrafficPoller(  851):  packet count Tx=2028407 Rx=6689362
05-19 15:03:09.491 E/WifiTrafficPoller(  851): TRAFFIC_STATS_POLL true Token 3077 num clients 17
05-19 15:03:09.492 E/WifiTrafficPoller(  851):  packet count Tx=2028407 Rx=6689376
05-19 15:03:09.568 E/WifiStateMachine(  851):  ConnectedState (when=-4ms what=131155 arg1=671!CMD_RSSI_POLL 671 0 "BOCO-office" 94:b4:0f:68:a4:b1 rssi=-52 f=5785 sc=80 link=135 tx=2.3, 0.0, 0.0  rx=46.4 bcn=0 [on:0 tx:0 rx:0 period:2995] from screen [on:0 period:715948640] gl rssi=-52 ag=0 hr ticks 28,286,43 ls-=0 [56,56,56,56,61] brc=0 lrc=0
05-19 15:03:09.571 E/WifiStateMachine(  851):  L2ConnectedState (when=-7ms what=131155 arg1=671!CMD_RSSI_POLL 671 0 "BOCO-office" 94:b4:0f:68:a4:b1 rssi=-52 f=5785 sc=80 link=135 tx=2.3, 0.0, 0.0  rx=46.4 bcn=0 [on:0 tx:0 rx:0 period:3] from screen [on:0 period:715948643] gl rssi=-52 ag=0 hr ticks 28,286,43 ls-=0 [56,56,56,56,61] brc=0 lrc=0
05-19 15:03:09.583 E/WifiStateMachine(  851):  get link layer stats 0
05-19 15:03:09.601 E/WifiStateMachine(  851): calculateWifiScore() we set wifi's score to 1000, so will always set wifi as a default network.
05-19 15:03:10.494 E/WifiTrafficPoller(  851): TRAFFIC_STATS_POLL true Token 3077 num clients 17
05-19 15:03:10.495 E/WifiTrafficPoller(  851):  packet count Tx=2028407 Rx=6689386
05-19 15:03:11.495 E/WifiTrafficPoller(  851): TRAFFIC_STATS_POLL true Token 3077 num clients 17
05-19 15:03:11.495 E/WifiTrafficPoller(  851):  packet count Tx=2028408 Rx=6689412
05-19 15:03:11.495 E/WifiTrafficPoller(  851): notifying of data activity 3
05-19 15:03:12.497 E/WifiTrafficPoller(  851): TRAFFIC_STATS_POLL true Token 3077 num clients 17
05-19 15:03:12.498 E/WifiTrafficPoller(  851):  packet count Tx=2028408 Rx=6689435
05-19 15:03:12.498 E/WifiTrafficPoller(  851): notifying of data activity 1
05-19 15:03:12.607 E/WifiStateMachine(  851):  ConnectedState (when=-4ms what=131155 arg1=671!CMD_RSSI_POLL 671 0 "BOCO-office" 94:b4:0f:68:a4:b1 rssi=-51 f=5785 sc=80 link=135 tx=1.1, 0.0, 0.0  rx=43.7 bcn=0 [on:0 tx:0 rx:0 period:3000] from screen [on:0 period:715951679] gl rssi=-51 ag=0 hr ticks 28,286,43 ls-=0 [56,56,56,56,61] brc=0 lrc=0
05-19 15:03:12.609 E/WifiStateMachine(  851):  L2ConnectedState (when=-6ms what=131155 arg1=671!CMD_RSSI_POLL 671 0 "BOCO-office" 94:b4:0f:68:a4:b1 rssi=-51 f=5785 sc=80 link=135 tx=1.1, 0.0, 0.0  rx=43.7 bcn=0 [on:0 tx:0 rx:0 period:2] from screen [on:0 period:715951681] gl rssi=-51 ag=0 hr ticks 28,286,43 ls-=0 [56,56,56,56,61] brc=0 lrc=0
05-19 15:03:12.609 E/WifiStateMachine(  851):  get link layer stats 0
05-19 15:03:12.630 E/WifiStateMachine(  851): calculateWifiScore() we set wifi's score to 1000, so will always set wifi as a default network.
05-19 15:03:13.512 E/WifiTrafficPoller(  851): TRAFFIC_STATS_POLL true Token 3077 num clients 17
05-19 15:03:13.513 E/WifiTrafficPoller(  851):  packet count Tx=2028408 Rx=6689459
05-19 15:03:14.513 E/WifiTrafficPoller(  851): TRAFFIC_STATS_POLL true Token 3077 num clients 17
05-19 15:03:14.514 E/WifiTrafficPoller(  851):  packet count Tx=2028408 Rx=6689475
05-19 15:03:15.515 E/WifiTrafficPoller(  851): TRAFFIC_STATS_POLL true Token 3077 num clients 17
05-19 15:03:15.517 E/WifiTrafficPoller(  851):  packet count Tx=2028408 Rx=6689492
05-19 15:03:15.636 E/WifiStateMachine(  851):  ConnectedState (when=-4ms what=131155 arg1=671!CMD_RSSI_POLL 671 0 "BOCO-office" 94:b4:0f:68:a4:b1 rssi=-52 f=5785 sc=80 link=135 tx=1.1, 0.0, 0.0  rx=51.4 bcn=0 [on:0 tx:0 rx:0 period:2998] from screen [on:0 period:715954708] gl rssi=-52 ag=0 hr ticks 28,286,43 ls-=0 [56,56,56,56,61] brc=0 lrc=0
05-19 15:03:15.638 E/WifiStateMachine(  851):  L2ConnectedState (when=-7ms what=131155 arg1=671!CMD_RSSI_POLL 671 0 "BOCO-office" 94:b4:0f:68:a4:b1 rssi=-52 f=5785 sc=80 link=135 tx=1.1, 0.0, 0.0  rx=51.4 bcn=0 [on:0 tx:0 rx:0 period:2] from screen [on:0 period:715954710] gl rssi=-52 ag=0 hr ticks 28,286,43 ls-=0 [56,56,56,56,61] brc=0 lrc=0
05-19 15:03:15.639 E/WifiStateMachine(  851):  get link layer stats 0
05-19 15:03:15.645 E/WifiStateMachine(  851): calculateWifiScore() we set wifi's score to 1000, so will always set wifi as a default network.
05-19 15:03:16.518 E/WifiTrafficPoller(  851): TRAFFIC_STATS_POLL true Token 3077 num clients 17
05-19 15:03:16.518 E/WifiTrafficPoller(  851):  packet count Tx=2028408 Rx=6689513
05-19 15:03:17.519 E/WifiTrafficPoller(  851): TRAFFIC_STATS_POLL true Token 3077 num clients 17
05-19 15:03:17.520 E/WifiTrafficPoller(  851):  packet count Tx=2028408 Rx=6689532
05-19 15:03:18.521 E/WifiTrafficPoller(  851): TRAFFIC_STATS_POLL true Token 3077 num clients 17
05-19 15:03:18.522 E/WifiTrafficPoller(  851):  packet count Tx=2028408 Rx=6689551
05-19 15:03:18.648 E/WifiStateMachine(  851):  ConnectedState (when=-1ms what=131155 arg1=671!CMD_RSSI_POLL 671 0 "BOCO-office" 94:b4:0f:68:a4:b1 rssi=-52 f=5785 sc=80 link=135 tx=0.5, 0.0, 0.0  rx=58.2 bcn=0 [on:0 tx:0 rx:0 period:2996] from screen [on:0 period:715957720] gl rssi=-52 ag=0 hr ticks 28,286,43 ls-=0 [56,56,56,56,61] brc=0 lrc=0
05-19 15:03:18.649 E/WifiStateMachine(  851):  L2ConnectedState (when=-3ms what=131155 arg1=671!CMD_RSSI_POLL 671 0 "BOCO-office" 94:b4:0f:68:a4:b1 rssi=-52 f=5785 sc=80 link=135 tx=0.5, 0.0, 0.0  rx=58.2 bcn=0 [on:0 tx:0 rx:0 period:1] from screen [on:0 period:715957721] gl rssi=-52 ag=0 hr ticks 28,286,43 ls-=0 [56,56,56,56,61] brc=0 lrc=0
05-19 15:03:18.650 E/WifiStateMachine(  851):  get link layer stats 0
05-19 15:03:18.669 E/WifiStateMachine(  851): calculateWifiScore() we set wifi's score to 1000, so will always set wifi as a default network.
05-19 15:03:19.523 E/WifiTrafficPoller(  851): TRAFFIC_STATS_POLL true Token 3077 num clients 17
05-19 15:03:19.524 E/WifiTrafficPoller(  851):  packet count Tx=2028408 Rx=6689569
05-19 15:03:20.524 E/WifiTrafficPoller(  851): TRAFFIC_STATS_POLL true Token 3077 num clients 17
05-19 15:03:20.525 E/WifiTrafficPoller(  851):  packet count Tx=2028408 Rx=6689583
05-19 15:03:21.526 E/WifiTrafficPoller(  851): TRAFFIC_STATS_POLL true Token 3077 num clients 17
05-19 15:03:21.527 E/WifiTrafficPoller(  851):  packet count Tx=2028408 Rx=6689609
05-19 15:03:21.673 E/WifiStateMachine(  851):  ConnectedState (when=-4ms what=131155 arg1=671!CMD_RSSI_POLL 671 0 "BOCO-office" 94:b4:0f:68:a4:b1 rssi=-52 f=5785 sc=80 link=135 tx=0.3, 0.0, 0.0  rx=56.6 bcn=0 [on:0 tx:0 rx:0 period:2996] from screen [on:0 period:715960745] gl rssi=-52 ag=0 hr ticks 28,286,43 ls-=0 [56,56,56,56,61] brc=0 lrc=0
05-19 15:03:21.675 E/WifiStateMachine(  851):  L2ConnectedState (when=-5ms what=131155 arg1=671!CMD_RSSI_POLL 671 0 "BOCO-office" 94:b4:0f:68:a4:b1 rssi=-52 f=5785 sc=80 link=135 tx=0.3, 0.0, 0.0  rx=56.6 bcn=0 [on:0 tx:0 rx:0 period:2] from screen [on:0 period:715960747] gl rssi=-52 ag=0 hr ticks 28,286,43 ls-=0 [56,56,56,56,61] brc=0 lrc=0
05-19 15:03:21.675 E/WifiStateMachine(  851):  get link layer stats 0
05-19 15:03:21.700 E/WifiStateMachine(  851): calculateWifiScore() we set wifi's score to 1000, so will always set wifi as a default network.
05-19 15:03:22.528 E/WifiTrafficPoller(  851): TRAFFIC_STATS_POLL true Token 3077 num clients 17
05-19 15:03:22.528 E/WifiTrafficPoller(  851):  packet count Tx=2028408 Rx=6689627
05-19 15:03:22.673 E/SurfaceFlinger(  285): onDraw: bindTextureImage test
05-19 15:03:22.690 E/SurfaceFlinger(  285): onDraw: bindTextureImage test
05-19 15:03:22.708 E/SurfaceFlinger(  285): onDraw: bindTextureImage test
05-19 15:03:22.725 E/SurfaceFlinger(  285): onDraw: bindTextureImage test
05-19 15:03:22.741 E/SurfaceFlinger(  285): onDraw: bindTextureImage test
05-19 15:03:22.758 E/SurfaceFlinger(  285): onDraw: bindTextureImage test
05-19 15:03:22.775 E/SurfaceFlinger(  285): onDraw: bindTextureImage test
05-19 15:03:22.792 E/SurfaceFlinger(  285): onDraw: bindTextureImage test
05-19 15:03:22.809 E/SurfaceFlinger(  285): onDraw: bindTextureImage test
05-19 15:03:23.529 E/WifiTrafficPoller(  851): TRAFFIC_STATS_POLL true Token 3077 num clients 17
05-19 15:03:23.530 E/WifiTrafficPoller(  851):  packet count Tx=2028408 Rx=6689642
05-19 15:03:24.531 E/WifiTrafficPoller(  851): TRAFFIC_STATS_POLL true Token 3077 num clients 17
05-19 15:03:24.532 E/WifiTrafficPoller(  851):  packet count Tx=2028408 Rx=6689652
05-19 15:03:24.705 E/WifiStateMachine(  851):  ConnectedState (when=-4ms what=131155 arg1=671!CMD_RSSI_POLL 671 0 "BOCO-office" 94:b4:0f:68:a4:b1 rssi=-52 f=5785 sc=80 link=135 tx=0.1, 0.0, 0.0  rx=55.3 bcn=0 [on:0 tx:0 rx:0 period:2999] from screen [on:0 period:715963777] gl rssi=-52 ag=0 hr ticks 28,286,43 ls-=0 [56,56,56,56,61] brc=0 lrc=0
05-19 15:03:24.706 E/WifiStateMachine(  851):  L2ConnectedState (when=-6ms what=131155 arg1=671!CMD_RSSI_POLL 671 0 "BOCO-office" 94:b4:0f:68:a4:b1 rssi=-52 f=5785 sc=80 link=135 tx=0.1, 0.0, 0.0  rx=55.3 bcn=0 [on:0 tx:0 rx:0 period:1] from screen [on:0 period:715963778] gl rssi=-52 ag=0 hr ticks 28,286,43 ls-=0 [56,56,56,56,61] brc=0 lrc=0
05-19 15:03:24.706 E/WifiStateMachine(  851):  get link layer stats 0
05-19 15:03:24.732 E/WifiStateMachine(  851): calculateWifiScore() we set wifi's score to 1000, so will always set wifi as a default network.
05-19 15:03:25.533 E/WifiTrafficPoller(  851): TRAFFIC_STATS_POLL true Token 3077 num clients 17
05-19 15:03:25.534 E/WifiTrafficPoller(  851):  packet count Tx=2028408 Rx=6689668
05-19 15:03:26.534 E/WifiTrafficPoller(  851): TRAFFIC_STATS_POLL true Token 3077 num clients 17
05-19 15:03:26.535 E/WifiTrafficPoller(  851):  packet count Tx=2028408 Rx=6689694
05-19 15:03:27.048 E/SurfaceFlinger(  285): onDraw: bindTextureImage test
05-19 15:03:27.065 E/SurfaceFlinger(  285): onDraw: bindTextureImage test
05-19 15:03:27.081 E/SurfaceFlinger(  285): onDraw: bindTextureImage test
05-19 15:03:27.098 E/SurfaceFlinger(  285): onDraw: bindTextureImage test
05-19 15:03:27.115 E/SurfaceFlinger(  285): onDraw: bindTextureImage test
05-19 15:03:27.131 E/SurfaceFlinger(  285): onDraw: bindTextureImage test
05-19 15:03:27.148 E/SurfaceFlinger(  285): onDraw: bindTextureImage test
05-19 15:03:27.535 E/WifiTrafficPoller(  851): TRAFFIC_STATS_POLL true Token 3077 num clients 17
05-19 15:03:27.536 E/WifiTrafficPoller(  851):  packet count Tx=2028408 Rx=6689717
05-19 15:03:27.737 E/WifiStateMachine(  851):  ConnectedState (when=-4ms what=131155 arg1=671!CMD_RSSI_POLL 671 0 "BOCO-office" 94:b4:0f:68:a4:b1 rssi=-52 f=5785 sc=80 link=135 tx=0.1, 0.0, 0.0  rx=49.6 bcn=0 [on:0 tx:0 rx:0 period:2999] from screen [on:0 period:715966809] gl rssi=-52 ag=0 hr ticks 28,286,43 ls-=0 [56,56,56,56,61] brc=0 lrc=0
05-19 15:03:27.739 E/WifiStateMachine(  851):  L2ConnectedState (when=-6ms what=131155 arg1=671!CMD_RSSI_POLL 671 0 "BOCO-office" 94:b4:0f:68:a4:b1 rssi=-52 f=5785 sc=80 link=135 tx=0.1, 0.0, 0.0  rx=49.6 bcn=0 [on:0 tx:0 rx:0 period:2] from screen [on:0 period:715966811] gl rssi=-52 ag=0 hr ticks 28,286,43 ls-=0 [56,56,56,56,61] brc=0 lrc=0
05-19 15:03:27.739 E/WifiStateMachine(  851):  get link layer stats 0
05-19 15:03:27.758 E/WifiStateMachine(  851): calculateWifiScore() we set wifi's score to 1000, so will always set wifi as a default network.
05-19 15:03:28.537 E/WifiTrafficPoller(  851): TRAFFIC_STATS_POLL true Token 3077 num clients 17
05-19 15:03:28.538 E/WifiTrafficPoller(  851):  packet count Tx=2028408 Rx=6689732
05-19 15:03:29.538 E/WifiTrafficPoller(  851): TRAFFIC_STATS_POLL true Token 3077 num clients 17
05-19 15:03:29.539 E/WifiTrafficPoller(  851):  packet count Tx=2028408 Rx=6689750
05-19 15:03:30.541 E/WifiTrafficPoller(  851): TRAFFIC_STATS_POLL true Token 3077 num clients 17
05-19 15:03:30.542 E/WifiTrafficPoller(  851):  packet count Tx=2028408 Rx=6689779
05-19 15:03:30.763 E/WifiStateMachine(  851):  ConnectedState (when=-4ms what=131155 arg1=671!CMD_RSSI_POLL 671 0 "BOCO-office" 94:b4:0f:68:a4:b1 rssi=-52 f=5785 sc=80 link=135 tx=0.0, 0.0, 0.0  rx=57.8 bcn=0 [on:0 tx:0 rx:0 period:3002] from screen [on:0 period:715969835] gl rssi=-52 ag=0 hr ticks 28,286,43 ls-=0 [56,56,56,56,61] brc=0 lrc=0
05-19 15:03:30.765 E/WifiStateMachine(  851):  L2ConnectedState (when=-6ms what=131155 arg1=671!CMD_RSSI_POLL 671 0 "BOCO-office" 94:b4:0f:68:a4:b1 rssi=-52 f=5785 sc=80 link=135 tx=0.0, 0.0, 0.0  rx=57.8 bcn=0 [on:0 tx:0 rx:0 period:1] from screen [on:0 period:715969836] gl rssi=-52 ag=0 hr ticks 28,286,43 ls-=0 [56,56,56,56,61] brc=0 lrc=0
05-19 15:03:30.765 E/WifiStateMachine(  851):  get link layer stats 0
05-19 15:03:30.790 E/WifiStateMachine(  851): calculateWifiScore() we set wifi's score to 1000, so will always set wifi as a default network.
05-19 15:03:31.542 E/WifiTrafficPoller(  851): TRAFFIC_STATS_POLL true Token 3077 num clients 17
05-19 15:03:31.543 E/WifiTrafficPoller(  851):  packet count Tx=2028408 Rx=6689809
05-19 15:03:32.544 E/WifiTrafficPoller(  851): TRAFFIC_STATS_POLL true Token 3077 num clients 17
05-19 15:03:32.545 E/WifiTrafficPoller(  851):  packet count Tx=2028408 Rx=6689828
05-19 15:03:33.546 E/WifiTrafficPoller(  851): TRAFFIC_STATS_POLL true Token 3077 num clients 17
05-19 15:03:33.547 E/WifiTrafficPoller(  851):  packet count Tx=2028408 Rx=6689850
05-19 15:03:33.795 E/WifiStateMachine(  851):  ConnectedState (when=-4ms what=131155 arg1=671!CMD_RSSI_POLL 671 0 "BOCO-office" 94:b4:0f:68:a4:b1 rssi=-51 f=5785 sc=80 link=135 tx=0.0, 0.0, 0.0  rx=61.9 bcn=0 [on:0 tx:0 rx:0 period:2998] from screen [on:0 period:715972867] gl rssi=-51 ag=0 hr ticks 28,286,43 ls-=0 [56,56,56,56,61] brc=0 lrc=0
05-19 15:03:33.798 E/WifiStateMachine(  851):  L2ConnectedState (when=-7ms what=131155 arg1=671!CMD_RSSI_POLL 671 0 "BOCO-office" 94:b4:0f:68:a4:b1 rssi=-51 f=5785 sc=80 link=135 tx=0.0, 0.0, 0.0  rx=61.9 bcn=0 [on:0 tx:0 rx:0 period:3] from screen [on:0 period:715972870] gl rssi=-51 ag=0 hr ticks 28,286,43 ls-=0 [56,56,56,56,61] brc=0 lrc=0
05-19 15:03:33.798 E/WifiStateMachine(  851):  get link layer stats 0
05-19 15:03:33.820 E/WifiStateMachine(  851): calculateWifiScore() we set wifi's score to 1000, so will always set wifi as a default network.
05-19 15:03:34.549 E/WifiTrafficPoller(  851): TRAFFIC_STATS_POLL true Token 3077 num clients 17
05-19 15:03:34.550 E/WifiTrafficPoller(  851):  packet count Tx=2028408 Rx=6689869
05-19 15:03:35.550 E/WifiTrafficPoller(  851): TRAFFIC_STATS_POLL true Token 3077 num clients 17
05-19 15:03:35.551 E/WifiTrafficPoller(  851):  packet count Tx=2028408 Rx=6689887
05-19 15:03:36.552 E/WifiTrafficPoller(  851): TRAFFIC_STATS_POLL true Token 3077 num clients 17
05-19 15:03:36.553 E/WifiTrafficPoller(  851):  packet count Tx=2028408 Rx=6689916
05-19 15:03:36.826 E/WifiStateMachine(  851):  ConnectedState (when=-4ms what=131155 arg1=671!CMD_RSSI_POLL 671 0 "BOCO-office" 94:b4:0f:68:a4:b1 rssi=-51 f=5785 sc=80 link=135 tx=0.0, 0.0, 0.0  rx=66.0 bcn=0 [on:0 tx:0 rx:0 period:2998] from screen [on:0 period:715975898] gl rssi=-51 ag=0 hr ticks 28,286,43 ls-=0 [56,56,56,56,61] brc=0 lrc=0
05-19 15:03:36.828 E/WifiStateMachine(  851):  L2ConnectedState (when=-6ms what=131155 arg1=671!CMD_RSSI_POLL 671 0 "BOCO-office" 94:b4:0f:68:a4:b1 rssi=-51 f=5785 sc=80 link=135 tx=0.0, 0.0, 0.0  rx=66.0 bcn=0 [on:0 tx:0 rx:0 period:2] from screen [on:0 period:715975900] gl rssi=-51 ag=0 hr ticks 28,286,43 ls-=0 [56,56,56,56,61] brc=0 lrc=0
05-19 15:03:36.828 E/WifiStateMachine(  851):  get link layer stats 0
05-19 15:03:36.834 E/WifiStateMachine(  851): calculateWifiScore() we set wifi's score to 1000, so will always set wifi as a default network.
05-19 15:03:37.553 E/WifiTrafficPoller(  851): TRAFFIC_STATS_POLL true Token 3077 num clients 17
05-19 15:03:37.554 E/WifiTrafficPoller(  851):  packet count Tx=2028408 Rx=6689947
05-19 15:03:38.555 E/WifiTrafficPoller(  851): TRAFFIC_STATS_POLL true Token 3077 num clients 17
05-19 15:03:38.556 E/WifiTrafficPoller(  851):  packet count Tx=2028412 Rx=6689960
05-19 15:03:38.556 E/WifiTrafficPoller(  851): notifying of data activity 3
05-19 15:03:39.097 E/SQLiteLog( 9361): (1802) os_unix.c:27974: (9) fstat(/data/data/com.baidu.searchbox/databases/pushstat_5.6.1.db) - 
05-19 15:03:39.097 E/SQLiteLog( 9361): (1802) statement aborts at 2: [CREATE TABLE IF NOT EXISTS android_metadata (locale TEXT)] disk I/O error
05-19 15:03:39.097 E/SQLiteLog( 9361): (28) cannot fstat db file /data/data/com.baidu.searchbox/databases/pushstat_5.6.1.db
05-19 15:03:39.097 E/SQLiteLog( 9361): (4106) os_unix.c:26218: (9) close(/data/data/com.baidu.searchbox/databases/pushstat_5.6.1.db) - 
05-19 15:03:39.098 E/SQLiteDatabase( 9361): Failed to open database '/data/data/com.baidu.searchbox/databases/pushstat_5.6.1.db'.
05-19 15:03:39.098 E/SQLiteDatabase( 9361): android.database.sqlite.SQLiteException: Failed to change locale for db '/data/data/com.baidu.searchbox/databases/pushstat_5.6.1.db' to 'zh_CN'.
05-19 15:03:39.098 E/SQLiteDatabase( 9361): 	at android.database.sqlite.SQLiteConnection.setLocaleFromConfiguration(SQLiteConnection.java:402)
05-19 15:03:39.098 E/SQLiteDatabase( 9361): 	at android.database.sqlite.SQLiteConnection.open(SQLiteConnection.java:223)
05-19 15:03:39.098 E/SQLiteDatabase( 9361): 	at android.database.sqlite.SQLiteConnection.open(SQLiteConnection.java:198)
05-19 15:03:39.098 E/SQLiteDatabase( 9361): 	at android.database.sqlite.SQLiteConnectionPool.openConnectionLocked(SQLiteConnectionPool.java:463)
05-19 15:03:39.098 E/SQLiteDatabase( 9361): 	at android.database.sqlite.SQLiteConnectionPool.open(SQLiteConnectionPool.java:185)
05-19 15:03:39.098 E/SQLiteDatabase( 9361): 	at android.database.sqlite.SQLiteConnectionPool.open(SQLiteConnectionPool.java:177)
05-19 15:03:39.098 E/SQLiteDatabase( 9361): 	at android.database.sqlite.SQLiteDatabase.openInner(SQLiteDatabase.java:836)
05-19 15:03:39.098 E/SQLiteDatabase( 9361): 	at android.database.sqlite.SQLiteDatabase.open(SQLiteDatabase.java:821)
05-19 15:03:39.098 E/SQLiteDatabase( 9361): 	at android.database.sqlite.SQLiteDatabase.openDatabase(SQLiteDatabase.java:714)
05-19 15:03:39.098 E/SQLiteDatabase( 9361): 	at android.app.ContextImpl.openOrCreateDatabase(ContextImpl.java:1309)
05-19 15:03:39.098 E/SQLiteDatabase( 9361): 	at android.content.ContextWrapper.openOrCreateDatabase(ContextWrapper.java:268)
05-19 15:03:39.098 E/SQLiteDatabase( 9361): 	at android.database.sqlite.SQLiteOpenHelper.getDatabaseLocked(SQLiteOpenHelper.java:223)
05-19 15:03:39.098 E/SQLiteDatabase( 9361): 	at android.database.sqlite.SQLiteOpenHelper.getWritableDatabase(SQLiteOpenHelper.java:163)
05-19 15:03:39.098 E/SQLiteDatabase( 9361): 	at com.baidu.android.pushservice.i.o.e(Unknown Source)
05-19 15:03:39.098 E/SQLiteDatabase( 9361): 	at com.baidu.android.pushservice.i.o.b(Unknown Source)
05-19 15:03:39.098 E/SQLiteDatabase( 9361): 	at com.baidu.android.pushservice.g.p.b(Unknown Source)
05-19 15:03:39.098 E/SQLiteDatabase( 9361): 	at com.baidu.android.pushservice.e$5.a(Unknown Source)
05-19 15:03:39.098 E/SQLiteDatabase( 9361): 	at com.baidu.android.pushservice.h.c.run(Unknown Source)
05-19 15:03:39.098 E/SQLiteDatabase( 9361): 	at java.util.concurrent.Executors$RunnableAdapter.call(Executors.java:422)
05-19 15:03:39.098 E/SQLiteDatabase( 9361): 	at java.util.concurrent.FutureTask.run(FutureTask.java:237)
05-19 15:03:39.098 E/SQLiteDatabase( 9361): 	at java.util.concurrent.ThreadPoolExecutor.runWorker(ThreadPoolExecutor.java:1112)
05-19 15:03:39.098 E/SQLiteDatabase( 9361): 	at java.util.concurrent.ThreadPoolExecutor$Worker.run(ThreadPoolExecutor.java:587)
05-19 15:03:39.098 E/SQLiteDatabase( 9361): 	at java.lang.Thread.run(Thread.java:818)
05-19 15:03:39.098 E/SQLiteDatabase( 9361): Caused by: android.database.sqlite.SQLiteDiskIOException: disk I/O error (code 1802)
05-19 15:03:39.098 E/SQLiteDatabase( 9361): 	at android.database.sqlite.SQLiteConnection.nativeExecute(Native Method)
05-19 15:03:39.098 E/SQLiteDatabase( 9361): 	at android.database.sqlite.SQLiteConnection.execute(SQLiteConnection.java:564)
05-19 15:03:39.098 E/SQLiteDatabase( 9361): 	at android.database.sqlite.SQLiteConnection.setLocaleFromConfiguration(SQLiteConnection.java:376)
05-19 15:03:39.098 E/SQLiteDatabase( 9361): 	... 22 more
05-19 15:03:39.569 E/WifiTrafficPoller(  851): TRAFFIC_STATS_POLL true Token 3077 num clients 17
05-19 15:03:39.570 E/WifiTrafficPoller(  851):  packet count Tx=2028414 Rx=6689981
05-19 15:03:39.838 E/WifiStateMachine(  851):  ConnectedState (when=-3ms what=131155 arg1=671!CMD_RSSI_POLL 671 0 "BOCO-office" 94:b4:0f:68:a4:b1 rssi=-51 f=5785 sc=80 link=135 tx=0.0, 0.0, 0.0  rx=67.5 bcn=0 [on:0 tx:0 rx:0 period:2998] from screen [on:0 period:715978910] gl rssi=-51 ag=0 hr ticks 28,286,43 ls-=0 [56,56,56,56,61] brc=0 lrc=0
05-19 15:03:39.839 E/WifiStateMachine(  851):  L2ConnectedState (when=-5ms what=131155 arg1=671!CMD_RSSI_POLL 671 0 "BOCO-office" 94:b4:0f:68:a4:b1 rssi=-51 f=5785 sc=80 link=135 tx=0.0, 0.0, 0.0  rx=67.5 bcn=0 [on:0 tx:0 rx:0 period:1] from screen [on:0 period:715978911] gl rssi=-51 ag=0 hr ticks 28,286,43 ls-=0 [56,56,56,56,61] brc=0 lrc=0
05-19 15:03:39.840 E/WifiStateMachine(  851):  get link layer stats 0
05-19 15:03:39.844 E/WifiStateMachine(  851): calculateWifiScore() we set wifi's score to 1000, so will always set wifi as a default network.
05-19 15:03:40.571 E/WifiTrafficPoller(  851): TRAFFIC_STATS_POLL true Token 3077 num clients 17
05-19 15:03:40.572 E/WifiTrafficPoller(  851):  packet count Tx=2028415 Rx=6690000
05-19 15:03:41.572 E/WifiTrafficPoller(  851): TRAFFIC_STATS_POLL true Token 3077 num clients 17
05-19 15:03:41.573 E/WifiTrafficPoller(  851):  packet count Tx=2028416 Rx=6690015
05-19 15:03:42.574 E/WifiTrafficPoller(  851): TRAFFIC_STATS_POLL true Token 3077 num clients 17
05-19 15:03:42.575 E/WifiTrafficPoller(  851):  packet count Tx=2028416 Rx=6690025
05-19 15:03:42.575 E/WifiTrafficPoller(  851): notifying of data activity 1
05-19 15:03:42.847 E/WifiStateMachine(  851):  ConnectedState (when=-2ms what=131155 arg1=671!CMD_RSSI_POLL 671 0 "BOCO-office" 94:b4:0f:68:a4:b1 rssi=-53 f=5785 sc=80 link=135 tx=3.5, 0.0, 0.0  rx=64.7 bcn=0 [on:0 tx:0 rx:0 period:2997] from screen [on:0 period:715981919] gl rssi=-53 ag=0 hr ticks 28,286,43 ls-=0 [56,56,56,56,61] brc=0 lrc=0
05-19 15:03:42.849 E/WifiStateMachine(  851):  L2ConnectedState (when=-4ms what=131155 arg1=671!CMD_RSSI_POLL 671 0 "BOCO-office" 94:b4:0f:68:a4:b1 rssi=-53 f=5785 sc=80 link=135 tx=3.5, 0.0, 0.0  rx=64.7 bcn=0 [on:0 tx:0 rx:0 period:2] from screen [on:0 period:715981921] gl rssi=-53 ag=0 hr ticks 28,286,43 ls-=0 [56,56,56,56,61] brc=0 lrc=0
05-19 15:03:42.849 E/WifiStateMachine(  851):  get link layer stats 0
05-19 15:03:42.871 E/WifiStateMachine(  851): calculateWifiScore() we set wifi's score to 1000, so will always set wifi as a default network.
05-19 15:03:43.586 E/WifiTrafficPoller(  851): TRAFFIC_STATS_POLL true Token 3077 num clients 17
05-19 15:03:43.587 E/WifiTrafficPoller(  851):  packet count Tx=2028417 Rx=6690043
05-19 15:03:43.587 E/WifiTrafficPoller(  851): notifying of data activity 3
05-19 15:03:44.597 E/WifiTrafficPoller(  851): TRAFFIC_STATS_POLL true Token 3077 num clients 17
05-19 15:03:44.598 E/WifiTrafficPoller(  851):  packet count Tx=2028417 Rx=6690054
05-19 15:03:44.598 E/WifiTrafficPoller(  851): notifying of data activity 1
05-19 15:03:45.611 E/WifiTrafficPoller(  851): TRAFFIC_STATS_POLL true Token 3077 num clients 17
05-19 15:03:45.612 E/WifiTrafficPoller(  851):  packet count Tx=2028418 Rx=6690072
05-19 15:03:45.612 E/WifiTrafficPoller(  851): notifying of data activity 3
05-19 15:03:45.876 E/WifiStateMachine(  851):  ConnectedState (when=-3ms what=131155 arg1=671!CMD_RSSI_POLL 671 0 "BOCO-office" 94:b4:0f:68:a4:b1 rssi=-51 f=5785 sc=80 link=135 tx=2.3, 0.0, 0.0  rx=52.9 bcn=0 [on:0 tx:0 rx:0 period:2999] from screen [on:0 period:715984948] gl rssi=-51 ag=0 hr ticks 28,286,43 ls-=0 [56,56,56,56,61] brc=0 lrc=0
05-19 15:03:45.877 E/WifiStateMachine(  851):  L2ConnectedState (when=-5ms what=131155 arg1=671!CMD_RSSI_POLL 671 0 "BOCO-office" 94:b4:0f:68:a4:b1 rssi=-51 f=5785 sc=80 link=135 tx=2.3, 0.0, 0.0  rx=52.9 bcn=0 [on:0 tx:0 rx:0 period:1] from screen [on:0 period:715984949] gl rssi=-51 ag=0 hr ticks 28,286,43 ls-=0 [56,56,56,56,61] brc=0 lrc=0
05-19 15:03:45.877 E/WifiStateMachine(  851):  get link layer stats 0
05-19 15:03:45.898 E/WifiStateMachine(  851): calculateWifiScore() we set wifi's score to 1000, so will always set wifi as a default network.
05-19 15:03:46.621 E/WifiTrafficPoller(  851): TRAFFIC_STATS_POLL true Token 3077 num clients 17
05-19 15:03:46.623 E/WifiTrafficPoller(  851):  packet count Tx=2028418 Rx=6690085
05-19 15:03:46.623 E/WifiTrafficPoller(  851): notifying of data activity 1
05-19 15:03:47.626 E/WifiTrafficPoller(  851): TRAFFIC_STATS_POLL true Token 3077 num clients 17
05-19 15:03:47.627 E/WifiTrafficPoller(  851):  packet count Tx=2028418 Rx=6690098
05-19 15:03:48.628 E/WifiTrafficPoller(  851): TRAFFIC_STATS_POLL true Token 3077 num clients 17
05-19 15:03:48.629 E/WifiTrafficPoller(  851):  packet count Tx=2028418 Rx=6690107
05-19 15:03:48.903 E/WifiStateMachine(  851):  ConnectedState (when=-4ms what=131155 arg1=671!CMD_RSSI_POLL 671 0 "BOCO-office" 94:b4:0f:68:a4:b1 rssi=-52 f=5785 sc=80 link=135 tx=2.1, 0.0, 0.0  rx=51.4 bcn=0 [on:0 tx:0 rx:0 period:3004] from screen [on:0 period:715987975] gl rssi=-52 ag=0 hr ticks 28,286,43 ls-=0 [56,56,56,56,61] brc=0 lrc=0
05-19 15:03:48.905 E/WifiStateMachine(  851):  L2ConnectedState (when=-6ms what=131155 arg1=671!CMD_RSSI_POLL 671 0 "BOCO-office" 94:b4:0f:68:a4:b1 rssi=-52 f=5785 sc=80 link=135 tx=2.1, 0.0, 0.0  rx=51.4 bcn=0 [on:0 tx:0 rx:0 period:2] from screen [on:0 period:715987977] gl rssi=-52 ag=0 hr ticks 28,286,43 ls-=0 [56,56,56,56,61] brc=0 lrc=0
05-19 15:03:48.905 E/WifiStateMachine(  851):  get link layer stats 0
05-19 15:03:48.920 E/WifiStateMachine(  851): calculateWifiScore() we set wifi's score to 1000, so will always set wifi as a default network.
05-19 15:03:49.631 E/WifiTrafficPoller(  851): TRAFFIC_STATS_POLL true Token 3077 num clients 17
05-19 15:03:49.632 E/WifiTrafficPoller(  851):  packet count Tx=2028418 Rx=6690120
05-19 15:03:50.632 E/WifiTrafficPoller(  851): TRAFFIC_STATS_POLL true Token 3077 num clients 17
05-19 15:03:50.633 E/WifiTrafficPoller(  851):  packet count Tx=2028418 Rx=6690131
05-19 15:03:51.634 E/WifiTrafficPoller(  851): TRAFFIC_STATS_POLL true Token 3077 num clients 17
05-19 15:03:51.636 E/WifiTrafficPoller(  851):  packet count Tx=2028418 Rx=6690148
05-19 15:03:51.922 E/WifiStateMachine(  851):  ConnectedState (when=-1ms what=131155 arg1=671!CMD_RSSI_POLL 671 0 "BOCO-office" 94:b4:0f:68:a4:b1 rssi=-51 f=5785 sc=80 link=135 tx=1.1, 0.0, 0.0  rx=40.7 bcn=0 [on:0 tx:0 rx:0 period:2995] from screen [on:0 period:715990994] gl rssi=-51 ag=0 hr ticks 28,286,43 ls-=0 [56,56,56,56,61] brc=0 lrc=0
05-19 15:03:51.924 E/WifiStateMachine(  851):  L2ConnectedState (when=-3ms what=131155 arg1=671!CMD_RSSI_POLL 671 0 "BOCO-office" 94:b4:0f:68:a4:b1 rssi=-51 f=5785 sc=80 link=135 tx=1.1, 0.0, 0.0  rx=40.7 bcn=0 [on:0 tx:0 rx:0 period:2] from screen [on:0 period:715990996] gl rssi=-51 ag=0 hr ticks 28,286,43 ls-=0 [56,56,56,56,61] brc=0 lrc=0
05-19 15:03:51.924 E/WifiStateMachine(  851):  get link layer stats 0
05-19 15:03:51.950 E/WifiStateMachine(  851): calculateWifiScore() we set wifi's score to 1000, so will always set wifi as a default network.
05-19 15:03:52.637 E/WifiTrafficPoller(  851): TRAFFIC_STATS_POLL true Token 3077 num clients 17
05-19 15:03:52.638 E/WifiTrafficPoller(  851):  packet count Tx=2028419 Rx=6690167
05-19 15:03:52.638 E/WifiTrafficPoller(  851): notifying of data activity 3
05-19 15:03:53.650 E/WifiTrafficPoller(  851): TRAFFIC_STATS_POLL true Token 3077 num clients 17
05-19 15:03:53.651 E/WifiTrafficPoller(  851):  packet count Tx=2028419 Rx=6690177
05-19 15:03:53.651 E/WifiTrafficPoller(  851): notifying of data activity 1
05-19 15:03:54.056 E/SyncManager(  851): Bind attempt failed - target: ComponentInfo{com.ss.android.article.news/com.ss.android.account.AccountSyncService}
05-19 15:03:54.661 E/WifiTrafficPoller(  851): TRAFFIC_STATS_POLL true Token 3077 num clients 17
05-19 15:03:54.662 E/WifiTrafficPoller(  851):  packet count Tx=2028419 Rx=6690187
05-19 15:03:54.955 E/WifiStateMachine(  851):  ConnectedState (when=-4ms what=131155 arg1=671!CMD_RSSI_POLL 671 0 "BOCO-office" 94:b4:0f:68:a4:b1 rssi=-51 f=5785 sc=80 link=135 tx=0.5, 0.0, 0.0  rx=42.9 bcn=0 [on:0 tx:0 rx:0 period:2999] from screen [on:0 period:715994027] gl rssi=-51 ag=0 hr ticks 28,286,43 ls-=0 [56,56,56,56,61] brc=0 lrc=0
05-19 15:03:54.957 E/WifiStateMachine(  851):  L2ConnectedState (when=-7ms what=131155 arg1=671!CMD_RSSI_POLL 671 0 "BOCO-office" 94:b4:0f:68:a4:b1 rssi=-51 f=5785 sc=80 link=135 tx=0.5, 0.0, 0.0  rx=42.9 bcn=0 [on:0 tx:0 rx:0 period:2] from screen [on:0 period:715994029] gl rssi=-51 ag=0 hr ticks 28,286,43 ls-=0 [56,56,56,56,61] brc=0 lrc=0
05-19 15:03:54.957 E/WifiStateMachine(  851):  get link layer stats 0
05-19 15:03:54.963 E/WifiStateMachine(  851): calculateWifiScore() we set wifi's score to 1000, so will always set wifi as a default network.
05-19 15:03:55.662 E/WifiTrafficPoller(  851): TRAFFIC_STATS_POLL true Token 3077 num clients 17
05-19 15:03:55.663 E/WifiTrafficPoller(  851):  packet count Tx=2028419 Rx=6690210
05-19 15:03:56.663 E/WifiTrafficPoller(  851): TRAFFIC_STATS_POLL true Token 3077 num clients 17
05-19 15:03:56.664 E/WifiTrafficPoller(  851):  packet count Tx=2028419 Rx=6690230
05-19 15:03:57.666 E/WifiTrafficPoller(  851): TRAFFIC_STATS_POLL true Token 3077 num clients 17
05-19 15:03:57.667 E/WifiTrafficPoller(  851):  packet count Tx=2028419 Rx=6690250
05-19 15:03:57.967 E/WifiStateMachine(  851):  ConnectedState (when=-3ms what=131155 arg1=671!CMD_RSSI_POLL 671 0 "BOCO-office" 94:b4:0f:68:a4:b1 rssi=-51 f=5785 sc=80 link=135 tx=0.8, 0.0, 0.0  rx=41.4 bcn=0 [on:0 tx:0 rx:0 period:2998] from screen [on:0 period:715997039] gl rssi=-51 ag=0 hr ticks 28,286,43 ls-=0 [56,56,56,56,61] brc=0 lrc=0
05-19 15:03:57.969 E/WifiStateMachine(  851):  L2ConnectedState (when=-5ms what=131155 arg1=671!CMD_RSSI_POLL 671 0 "BOCO-office" 94:b4:0f:68:a4:b1 rssi=-51 f=5785 sc=80 link=135 tx=0.8, 0.0, 0.0  rx=41.4 bcn=0 [on:0 tx:0 rx:0 period:1] from screen [on:0 period:715997040] gl rssi=-51 ag=0 hr ticks 28,286,43 ls-=0 [56,56,56,56,61] brc=0 lrc=0
05-19 15:03:57.969 E/WifiStateMachine(  851):  get link layer stats 0
05-19 15:03:57.990 E/WifiStateMachine(  851): calculateWifiScore() we set wifi's score to 1000, so will always set wifi as a default network.
05-19 15:03:58.667 E/WifiTrafficPoller(  851): TRAFFIC_STATS_POLL true Token 3077 num clients 17
05-19 15:03:58.668 E/WifiTrafficPoller(  851):  packet count Tx=2028419 Rx=6690266
05-19 15:03:59.669 E/WifiTrafficPoller(  851): TRAFFIC_STATS_POLL true Token 3077 num clients 17
05-19 15:03:59.670 E/WifiTrafficPoller(  851):  packet count Tx=2028419 Rx=6690291
05-19 15:04:00.670 E/WifiTrafficPoller(  851): TRAFFIC_STATS_POLL true Token 3077 num clients 17
05-19 15:04:00.671 E/WifiTrafficPoller(  851):  packet count Tx=2028419 Rx=6690322
05-19 15:04:00.993 E/WifiStateMachine(  851):  ConnectedState (when=-3ms what=131155 arg1=671!CMD_RSSI_POLL 671 0 "BOCO-office" 94:b4:0f:68:a4:b1 rssi=-51 f=5785 sc=80 link=135 tx=0.4, 0.0, 0.0  rx=52.2 bcn=0 [on:0 tx:0 rx:0 period:2998] from screen [on:0 period:716000065] gl rssi=-51 ag=0 hr ticks 28,286,43 ls-=0 [56,56,56,56,61] brc=0 lrc=0
05-19 15:04:00.994 E/WifiStateMachine(  851):  L2ConnectedState (when=-4ms what=131155 arg1=671!CMD_RSSI_POLL 671 0 "BOCO-office" 94:b4:0f:68:a4:b1 rssi=-51 f=5785 sc=80 link=135 tx=0.4, 0.0, 0.0  rx=52.2 bcn=0 [on:0 tx:0 rx:0 period:1] from screen [on:0 period:716000066] gl rssi=-51 ag=0 hr ticks 28,286,43 ls-=0 [56,56,56,56,61] brc=0 lrc=0
05-19 15:04:00.994 E/WifiStateMachine(  851):  get link layer stats 0
05-19 15:04:01.000 E/WifiStateMachine(  851): calculateWifiScore() we set wifi's score to 1000, so will always set wifi as a default network.
05-19 15:04:01.671 E/WifiTrafficPoller(  851): TRAFFIC_STATS_POLL true Token 3077 num clients 17
05-19 15:04:01.672 E/WifiTrafficPoller(  851):  packet count Tx=2028419 Rx=6690346
05-19 15:04:02.672 E/WifiTrafficPoller(  851): TRAFFIC_STATS_POLL true Token 3077 num clients 17
05-19 15:04:02.673 E/WifiTrafficPoller(  851):  packet count Tx=2028419 Rx=6690366
05-19 15:04:03.675 E/WifiTrafficPoller(  851): TRAFFIC_STATS_POLL true Token 3077 num clients 17
05-19 15:04:03.676 E/WifiTrafficPoller(  851):  packet count Tx=2028419 Rx=6690387
05-19 15:04:04.005 E/WifiStateMachine(  851):  ConnectedState (when=-3ms what=131155 arg1=671!CMD_RSSI_POLL 671 0 "BOCO-office" 94:b4:0f:68:a4:b1 rssi=-51 f=5785 sc=80 link=135 tx=0.2, 0.0, 0.0  rx=64.1 bcn=0 [on:0 tx:0 rx:0 period:2999] from screen [on:0 period:716003077] gl rssi=-51 ag=0 hr ticks 28,286,43 ls-=0 [56,56,56,56,61] brc=0 lrc=0
