--------- beginning of system
--------- beginning of main
05-19 15:09:27.613 E/QueryController(15093): Got null root node from accessibility - Retrying...
05-19 15:09:27.617 E/SurfaceFlinger(  285): onDraw: bindTextureImage test
05-19 15:09:27.634 E/SurfaceFlinger(  285): onDraw: bindTextureImage test
05-19 15:09:27.639 E/Launcher.FragmentLoader( 1966): Widget ComponentInfo{net.qihoo.launcher.widget.clockweather/net.qihoo.clockweather.widget.WidgetProvider52} can not fit on this device (1170, 438)
05-19 15:09:27.641 E/Launcher.FragmentLoader( 1966): Widget ComponentInfo{net.qihoo.launcher.widget.clockweather/net.qihoo.clockweather.widget.WidgetProvider51} can not fit on this device (1170, 210)
05-19 15:09:27.651 E/SurfaceFlinger(  285): onDraw: bindTextureImage test
05-19 15:09:27.668 E/SurfaceFlinger(  285): onDraw: bindTextureImage test
05-19 15:09:27.685 E/SurfaceFlinger(  285): onDraw: bindTextureImage test
05-19 15:09:27.701 E/SurfaceFlinger(  285): onDraw: bindTextureImage test
05-19 15:09:27.718 E/SurfaceFlinger(  285): onDraw: bindTextureImage test
05-19 15:09:27.735 E/SurfaceFlinger(  285): onDraw: bindTextureImage test
05-19 15:09:27.752 E/SurfaceFlinger(  285): onDraw: bindTextureImage test
05-19 15:09:27.769 E/SurfaceFlinger(  285): onDraw: bindTextureImage test
05-19 15:09:27.786 E/SurfaceFlinger(  285): onDraw: bindTextureImage test
05-19 15:09:27.946 E/NativeCrypto( 9026): ssl=0xcb94b400 cert_verify_callback x509_store_ctx=0xd9429500 arg=0x0
05-19 15:09:27.946 E/NativeCrypto( 9026): ssl=0xcb94b400 cert_verify_callback calling verifyCertificateChain authMethod=ECDHE_RSA
05-19 15:09:28.039 E/WifiTrafficPoller(  851): TRAFFIC_STATS_POLL true Token 3077 num clients 17
05-19 15:09:28.039 E/WifiTrafficPoller(  851):  packet count Tx=2028897 Rx=6697828
05-19 15:09:28.049 E/CellLocation( 9026): create GsmCellLocation
05-19 15:09:28.469 E/memtrack(15430): Couldn't load memtrack module (No such file or directory)
05-19 15:09:28.469 E/android.os.Debug(15430): failed to load memtrack module: -2
05-19 15:09:29.039 E/WifiTrafficPoller(  851): TRAFFIC_STATS_POLL true Token 3077 num clients 17
05-19 15:09:29.040 E/WifiTrafficPoller(  851):  packet count Tx=2028899 Rx=6697845
05-19 15:09:29.935 E/WifiStateMachine(  851):  ConnectedState (when=-4ms what=131155 arg1=671!CMD_RSSI_POLL 671 0 "BOCO-office" 94:b4:0f:68:a4:b1 rssi=-50 f=5785 sc=80 link=135 tx=3.3, 0.0, 0.0  rx=74.7 bcn=0 [on:0 tx:0 rx:0 period:3004] from screen [on:0 period:716329007] gl rssi=-50 ag=0 hr ticks 28,286,43 ls-=0 [56,56,56,56,61] brc=0 lrc=0
05-19 15:09:29.937 E/WifiStateMachine(  851):  L2ConnectedState (when=-6ms what=131155 arg1=671!CMD_RSSI_POLL 671 0 "BOCO-office" 94:b4:0f:68:a4:b1 rssi=-50 f=5785 sc=80 link=135 tx=3.3, 0.0, 0.0  rx=74.7 bcn=0 [on:0 tx:0 rx:0 period:2] from screen [on:0 period:716329009] gl rssi=-50 ag=0 hr ticks 28,286,43 ls-=0 [56,56,56,56,61] brc=0 lrc=0
05-19 15:09:29.937 E/WifiStateMachine(  851):  get link layer stats 0
05-19 15:09:29.941 E/WifiStateMachine(  851): calculateWifiScore() we set wifi's score to 1000, so will always set wifi as a default network.
05-19 15:09:30.041 E/WifiTrafficPoller(  851): TRAFFIC_STATS_POLL true Token 3077 num clients 17
05-19 15:09:30.042 E/WifiTrafficPoller(  851):  packet count Tx=2028899 Rx=6697866
05-19 15:09:30.042 E/WifiTrafficPoller(  851): notifying of data activity 1
05-19 15:09:31.044 E/WifiTrafficPoller(  851): TRAFFIC_STATS_POLL true Token 3077 num clients 17
05-19 15:09:31.046 E/WifiTrafficPoller(  851):  packet count Tx=2028899 Rx=6697883
05-19 15:09:32.046 E/WifiTrafficPoller(  851): TRAFFIC_STATS_POLL true Token 3077 num clients 17
05-19 15:09:32.047 E/WifiTrafficPoller(  851):  packet count Tx=2028899 Rx=6697903
05-19 15:09:32.946 E/WifiStateMachine(  851):  ConnectedState (when=-4ms what=131155 arg1=671!CMD_RSSI_POLL 671 0 "BOCO-office" 94:b4:0f:68:a4:b1 rssi=-49 f=5785 sc=80 link=135 tx=11.1, 0.0, 0.0  rx=76.4 bcn=0 [on:0 tx:0 rx:0 period:3002] from screen [on:0 period:716332018] gl rssi=-49 ag=0 hr ticks 28,286,43 ls-=0 [56,56,60,60,65] brc=0 lrc=0
05-19 15:09:32.947 E/WifiStateMachine(  851):  L2ConnectedState (when=-6ms what=131155 arg1=671!CMD_RSSI_POLL 671 0 "BOCO-office" 94:b4:0f:68:a4:b1 rssi=-49 f=5785 sc=80 link=135 tx=11.1, 0.0, 0.0  rx=76.4 bcn=0 [on:0 tx:0 rx:0 period:1] from screen [on:0 period:716332019] gl rssi=-49 ag=0 hr ticks 28,286,43 ls-=0 [56,56,60,60,65] brc=0 lrc=0
05-19 15:09:32.948 E/WifiStateMachine(  851):  get link layer stats 0
05-19 15:09:32.969 E/WifiStateMachine(  851): calculateWifiScore() we set wifi's score to 1000, so will always set wifi as a default network.
05-19 15:09:33.047 E/WifiTrafficPoller(  851): TRAFFIC_STATS_POLL true Token 3077 num clients 17
05-19 15:09:33.047 E/WifiTrafficPoller(  851):  packet count Tx=2028899 Rx=6697928
05-19 15:09:34.047 E/WifiTrafficPoller(  851): TRAFFIC_STATS_POLL true Token 3077 num clients 17
05-19 15:09:34.048 E/WifiTrafficPoller(  851):  packet count Tx=2028899 Rx=6697957
05-19 15:09:35.048 E/WifiTrafficPoller(  851): TRAFFIC_STATS_POLL true Token 3077 num clients 17
05-19 15:09:35.049 E/WifiTrafficPoller(  851):  packet count Tx=2028899 Rx=6697978
05-19 15:09:35.974 E/WifiStateMachine(  851):  ConnectedState (when=-3ms what=131155 arg1=671!CMD_RSSI_POLL 671 0 "BOCO-office" 94:b4:0f:68:a4:b1 rssi=-49 f=5785 sc=80 link=135 tx=5.6, 0.0, 0.0  rx=69.7 bcn=0 [on:0 tx:0 rx:0 period:3002] from screen [on:0 period:716335046] gl rssi=-49 ag=0 hr ticks 28,286,43 ls-=0 [56,56,60,60,65] brc=0 lrc=0
05-19 15:09:35.975 E/WifiStateMachine(  851):  L2ConnectedState (when=-4ms what=131155 arg1=671!CMD_RSSI_POLL 671 0 "BOCO-office" 94:b4:0f:68:a4:b1 rssi=-49 f=5785 sc=80 link=135 tx=5.6, 0.0, 0.0  rx=69.7 bcn=0 [on:0 tx:0 rx:0 period:1] from screen [on:0 period:716335047] gl rssi=-49 ag=0 hr ticks 28,286,43 ls-=0 [56,56,60,60,65] brc=0 lrc=0
05-19 15:09:35.975 E/WifiStateMachine(  851):  get link layer stats 0
05-19 15:09:35.998 E/WifiStateMachine(  851): calculateWifiScore() we set wifi's score to 1000, so will always set wifi as a default network.
05-19 15:09:36.049 E/WifiTrafficPoller(  851): TRAFFIC_STATS_POLL true Token 3077 num clients 17
05-19 15:09:36.051 E/WifiTrafficPoller(  851):  packet count Tx=2028899 Rx=6698006
05-19 15:09:37.051 E/WifiTrafficPoller(  851): TRAFFIC_STATS_POLL true Token 3077 num clients 17
05-19 15:09:37.052 E/WifiTrafficPoller(  851):  packet count Tx=2028899 Rx=6698035
05-19 15:09:38.052 E/WifiTrafficPoller(  851): TRAFFIC_STATS_POLL true Token 3077 num clients 17
05-19 15:09:38.053 E/WifiTrafficPoller(  851):  packet count Tx=2028903 Rx=6698061
05-19 15:09:38.053 E/WifiTrafficPoller(  851): notifying of data activity 3
05-19 15:09:39.002 E/WifiStateMachine(  851):  ConnectedState (when=-3ms what=131155 arg1=671!CMD_RSSI_POLL 671 0 "BOCO-office" 94:b4:0f:68:a4:b1 rssi=-48 f=5785 sc=80 link=135 tx=2.8, 0.0, 0.0  rx=74.3 bcn=0 [on:0 tx:0 rx:0 period:3002] from screen [on:0 period:716338074] gl rssi=-48 ag=0 hr ticks 28,286,43 ls-=0 [56,56,56,56,61] brc=0 lrc=0
05-19 15:09:39.004 E/WifiStateMachine(  851):  L2ConnectedState (when=-5ms what=131155 arg1=671!CMD_RSSI_POLL 671 0 "BOCO-office" 94:b4:0f:68:a4:b1 rssi=-48 f=5785 sc=80 link=135 tx=2.8, 0.0, 0.0  rx=74.3 bcn=0 [on:0 tx:0 rx:0 period:1] from screen [on:0 period:716338075] gl rssi=-48 ag=0 hr ticks 28,286,43 ls-=0 [56,56,56,56,61] brc=0 lrc=0
05-19 15:09:39.004 E/WifiStateMachine(  851):  get link layer stats 0
05-19 15:09:39.020 E/WifiStateMachine(  851): calculateWifiScore() we set wifi's score to 1000, so will always set wifi as a default network.
05-19 15:09:39.057 E/WifiTrafficPoller(  851): TRAFFIC_STATS_POLL true Token 3077 num clients 17
05-19 15:09:39.058 E/WifiTrafficPoller(  851):  packet count Tx=2028904 Rx=6698079
05-19 15:09:40.059 E/WifiTrafficPoller(  851): TRAFFIC_STATS_POLL true Token 3077 num clients 17
05-19 15:09:40.061 E/WifiTrafficPoller(  851):  packet count Tx=2028905 Rx=6698110
05-19 15:09:41.061 E/WifiTrafficPoller(  851): TRAFFIC_STATS_POLL true Token 3077 num clients 17
05-19 15:09:41.063 E/WifiTrafficPoller(  851):  packet count Tx=2028905 Rx=6698130
05-19 15:09:41.063 E/WifiTrafficPoller(  851): notifying of data activity 1
05-19 15:09:42.026 E/WifiStateMachine(  851):  ConnectedState (when=-4ms what=131155 arg1=671!CMD_RSSI_POLL 671 0 "BOCO-office" 94:b4:0f:68:a4:b1 rssi=-50 f=5785 sc=80 link=135 tx=3.9, 0.0, 0.0  rx=72.2 bcn=0 [on:0 tx:0 rx:0 period:3003] from screen [on:0 period:716341097] gl rssi=-50 ag=0 hr ticks 28,286,43 ls-=0 [56,56,56,56,61] brc=0 lrc=0
05-19 15:09:42.028 E/WifiStateMachine(  851):  L2ConnectedState (when=-7ms what=131155 arg1=671!CMD_RSSI_POLL 671 0 "BOCO-office" 94:b4:0f:68:a4:b1 rssi=-50 f=5785 sc=80 link=135 tx=3.9, 0.0, 0.0  rx=72.2 bcn=0 [on:0 tx:0 rx:0 period:2] from screen [on:0 period:716341099] gl rssi=-50 ag=0 hr ticks 28,286,43 ls-=0 [56,56,56,56,61] brc=0 lrc=0
05-19 15:09:42.028 E/WifiStateMachine(  851):  get link layer stats 0
05-19 15:09:42.050 E/WifiStateMachine(  851): calculateWifiScore() we set wifi's score to 1000, so will always set wifi as a default network.
05-19 15:09:42.068 E/WifiTrafficPoller(  851): TRAFFIC_STATS_POLL true Token 3077 num clients 17
05-19 15:09:42.070 E/WifiTrafficPoller(  851):  packet count Tx=2028906 Rx=6698164
05-19 15:09:42.070 E/WifiTrafficPoller(  851): notifying of data activity 3
05-19 15:09:43.076 E/WifiTrafficPoller(  851): TRAFFIC_STATS_POLL true Token 3077 num clients 17
05-19 15:09:43.078 E/WifiTrafficPoller(  851):  packet count Tx=2028906 Rx=6698186
05-19 15:09:43.078 E/WifiTrafficPoller(  851): notifying of data activity 1
05-19 15:09:44.084 E/WifiTrafficPoller(  851): TRAFFIC_STATS_POLL true Token 3077 num clients 17
05-19 15:09:44.085 E/WifiTrafficPoller(  851):  packet count Tx=2028906 Rx=6698207
05-19 15:09:45.055 E/WifiStateMachine(  851):  ConnectedState (when=-4ms what=131155 arg1=671!CMD_RSSI_POLL 671 0 "BOCO-office" 94:b4:0f:68:a4:b1 rssi=-49 f=5785 sc=80 link=135 tx=2.9, 0.0, 0.0  rx=80.1 bcn=0 [on:0 tx:0 rx:0 period:3003] from screen [on:0 period:716344127] gl rssi=-49 ag=0 hr ticks 28,286,43 ls-=0 [56,56,56,56,61] brc=0 lrc=0
05-19 15:09:45.057 E/WifiStateMachine(  851):  L2ConnectedState (when=-6ms what=131155 arg1=671!CMD_RSSI_POLL 671 0 "BOCO-office" 94:b4:0f:68:a4:b1 rssi=-49 f=5785 sc=80 link=135 tx=2.9, 0.0, 0.0  rx=80.1 bcn=0 [on:0 tx:0 rx:0 period:2] from screen [on:0 period:716344129] gl rssi=-49 ag=0 hr ticks 28,286,43 ls-=0 [56,56,56,56,61] brc=0 lrc=0
05-19 15:09:45.057 E/WifiStateMachine(  851):  get link layer stats 0
05-19 15:09:45.070 E/WifiStateMachine(  851): calculateWifiScore() we set wifi's score to 1000, so will always set wifi as a default network.
05-19 15:09:45.085 E/WifiTrafficPoller(  851): TRAFFIC_STATS_POLL true Token 3077 num clients 17
05-19 15:09:45.086 E/WifiTrafficPoller(  851):  packet count Tx=2028906 Rx=6698230
05-19 15:09:46.086 E/WifiTrafficPoller(  851): TRAFFIC_STATS_POLL true Token 3077 num clients 17
05-19 15:09:46.087 E/WifiTrafficPoller(  851):  packet count Tx=2028907 Rx=6698278
05-19 15:09:46.087 E/WifiTrafficPoller(  851): notifying of data activity 3
05-19 15:09:47.089 E/WifiTrafficPoller(  851): TRAFFIC_STATS_POLL true Token 3077 num clients 17
05-19 15:09:47.091 E/WifiTrafficPoller(  851):  packet count Tx=2028907 Rx=6698297
05-19 15:09:47.091 E/WifiTrafficPoller(  851): notifying of data activity 1
05-19 15:09:48.076 E/WifiStateMachine(  851):  ConnectedState (when=-4ms what=131155 arg1=671!CMD_RSSI_POLL 671 0 "BOCO-office" 94:b4:0f:68:a4:b1 rssi=-49 f=5785 sc=80 link=135 tx=1.5, 0.0, 0.0  rx=72.5 bcn=0 [on:0 tx:0 rx:0 period:3002] from screen [on:0 period:716347147] gl rssi=-49 ag=0 hr ticks 28,286,43 ls-=0 [56,56,56,56,61] brc=0 lrc=0
05-19 15:09:48.078 E/WifiStateMachine(  851):  L2ConnectedState (when=-6ms what=131155 arg1=671!CMD_RSSI_POLL 671 0 "BOCO-office" 94:b4:0f:68:a4:b1 rssi=-49 f=5785 sc=80 link=135 tx=1.5, 0.0, 0.0  rx=72.5 bcn=0 [on:0 tx:0 rx:0 period:3] from screen [on:0 period:716347150] gl rssi=-49 ag=0 hr ticks 28,286,43 ls-=0 [56,56,56,56,61] brc=0 lrc=0
05-19 15:09:48.078 E/WifiStateMachine(  851):  get link layer stats 0
05-19 15:09:48.095 E/WifiTrafficPoller(  851): TRAFFIC_STATS_POLL true Token 3077 num clients 17
05-19 15:09:48.096 E/WifiTrafficPoller(  851):  packet count Tx=2028907 Rx=6698324
05-19 15:09:48.101 E/WifiStateMachine(  851): calculateWifiScore() we set wifi's score to 1000, so will always set wifi as a default network.
05-19 15:09:49.097 E/WifiTrafficPoller(  851): TRAFFIC_STATS_POLL true Token 3077 num clients 17
05-19 15:09:49.098 E/WifiTrafficPoller(  851):  packet count Tx=2028907 Rx=6698349
05-19 15:09:50.098 E/WifiTrafficPoller(  851): TRAFFIC_STATS_POLL true Token 3077 num clients 17
05-19 15:09:50.099 E/WifiTrafficPoller(  851):  packet count Tx=2028907 Rx=6698372
05-19 15:09:51.099 E/WifiTrafficPoller(  851): TRAFFIC_STATS_POLL true Token 3077 num clients 17
05-19 15:09:51.100 E/WifiTrafficPoller(  851):  packet count Tx=2028907 Rx=6698390
05-19 15:09:51.106 E/WifiStateMachine(  851):  ConnectedState (when=-3ms what=131155 arg1=671!CMD_RSSI_POLL 671 0 "BOCO-office" 94:b4:0f:68:a4:b1 rssi=-49 f=5785 sc=80 link=135 tx=1.2, 0.0, 0.0  rx=83.8 bcn=0 [on:0 tx:0 rx:0 period:3003] from screen [on:0 period:716350178] gl rssi=-49 ag=0 hr ticks 28,286,43 ls-=0 [56,56,56,56,61] brc=0 lrc=0
05-19 15:09:51.107 E/WifiStateMachine(  851):  L2ConnectedState (when=-6ms what=131155 arg1=671!CMD_RSSI_POLL 671 0 "BOCO-office" 94:b4:0f:68:a4:b1 rssi=-49 f=5785 sc=80 link=135 tx=1.2, 0.0, 0.0  rx=83.8 bcn=0 [on:0 tx:0 rx:0 period:1] from screen [on:0 period:716350179] gl rssi=-49 ag=0 hr ticks 28,286,43 ls-=0 [56,56,56,56,61] brc=0 lrc=0
05-19 15:09:51.107 E/WifiStateMachine(  851):  get link layer stats 0
05-19 15:09:51.113 E/WifiStateMachine(  851): calculateWifiScore() we set wifi's score to 1000, so will always set wifi as a default network.
05-19 15:09:52.101 E/WifiTrafficPoller(  851): TRAFFIC_STATS_POLL true Token 3077 num clients 17
05-19 15:09:52.102 E/WifiTrafficPoller(  851):  packet count Tx=2028907 Rx=6698416
05-19 15:09:53.102 E/WifiTrafficPoller(  851): TRAFFIC_STATS_POLL true Token 3077 num clients 17
05-19 15:09:53.104 E/WifiTrafficPoller(  851):  packet count Tx=2028907 Rx=6698433
05-19 15:09:54.104 E/WifiTrafficPoller(  851): TRAFFIC_STATS_POLL true Token 3077 num clients 17
05-19 15:09:54.105 E/WifiTrafficPoller(  851):  packet count Tx=2028909 Rx=6698459
05-19 15:09:54.105 E/WifiTrafficPoller(  851): notifying of data activity 3
05-19 15:09:54.118 E/WifiStateMachine(  851):  ConnectedState (when=-4ms what=131155 arg1=671!CMD_RSSI_POLL 671 0 "BOCO-office" 94:b4:0f:68:a4:b1 rssi=-52 f=5785 sc=80 link=135 tx=0.6, 0.0, 0.0  rx=75.9 bcn=0 [on:0 tx:0 rx:0 period:3003] from screen [on:0 period:716353190] gl rssi=-52 ag=0 hr ticks 28,286,43 ls-=0 [56,56,56,56,61] brc=0 lrc=0
05-19 15:09:54.121 E/WifiStateMachine(  851):  L2ConnectedState (when=-6ms what=131155 arg1=671!CMD_RSSI_POLL 671 0 "BOCO-office" 94:b4:0f:68:a4:b1 rssi=-52 f=5785 sc=80 link=135 tx=0.6, 0.0, 0.0  rx=75.9 bcn=0 [on:0 tx:0 rx:0 period:2] from screen [on:0 period:716353192] gl rssi=-52 ag=0 hr ticks 28,286,43 ls-=0 [56,56,56,56,61] brc=0 lrc=0
05-19 15:09:54.121 E/WifiStateMachine(  851):  get link layer stats 0
05-19 15:09:54.126 E/WifiStateMachine(  851): calculateWifiScore() we set wifi's score to 1000, so will always set wifi as a default network.
05-19 15:09:55.122 E/WifiTrafficPoller(  851): TRAFFIC_STATS_POLL true Token 3077 num clients 17
05-19 15:09:55.123 E/WifiTrafficPoller(  851):  packet count Tx=2028916 Rx=6698478
05-19 15:09:56.123 E/WifiTrafficPoller(  851): TRAFFIC_STATS_POLL true Token 3077 num clients 17
05-19 15:09:56.124 E/WifiTrafficPoller(  851):  packet count Tx=2028920 Rx=6698504
05-19 15:09:57.124 E/WifiTrafficPoller(  851): TRAFFIC_STATS_POLL true Token 3077 num clients 17
05-19 15:09:57.126 E/WifiTrafficPoller(  851):  packet count Tx=2028921 Rx=6698527
05-19 15:09:57.130 E/WifiStateMachine(  851):  ConnectedState (when=-3ms what=131155 arg1=671!CMD_RSSI_POLL 671 0 "BOCO-office" 94:b4:0f:68:a4:b1 rssi=-53 f=5785 sc=80 link=135 tx=1.3, 0.0, 0.0  rx=71.4 bcn=0 [on:0 tx:0 rx:0 period:3002] from screen [on:0 period:716356202] gl rssi=-53 ag=0 hr ticks 28,286,43 ls-=0 [56,56,56,56,61] brc=0 lrc=0
05-19 15:09:57.132 E/WifiStateMachine(  851):  L2ConnectedState (when=-5ms what=131155 arg1=671!CMD_RSSI_POLL 671 0 "BOCO-office" 94:b4:0f:68:a4:b1 rssi=-53 f=5785 sc=80 link=135 tx=1.3, 0.0, 0.0  rx=71.4 bcn=0 [on:0 tx:0 rx:0 period:2] from screen [on:0 period:716356204] gl rssi=-53 ag=0 hr ticks 28,286,43 ls-=0 [56,56,56,56,61] brc=0 lrc=0
05-19 15:09:57.132 E/WifiStateMachine(  851):  get link layer stats 0
05-19 15:09:57.136 E/WifiStateMachine(  851): calculateWifiScore() we set wifi's score to 1000, so will always set wifi as a default network.
05-19 15:09:58.126 E/WifiTrafficPoller(  851): TRAFFIC_STATS_POLL true Token 3077 num clients 17
05-19 15:09:58.127 E/WifiTrafficPoller(  851):  packet count Tx=2028921 Rx=6698545
05-19 15:09:58.127 E/WifiTrafficPoller(  851): notifying of data activity 1
05-19 15:09:59.129 E/WifiTrafficPoller(  851): TRAFFIC_STATS_POLL true Token 3077 num clients 17
05-19 15:09:59.130 E/WifiTrafficPoller(  851):  packet count Tx=2028922 Rx=6698567
05-19 15:09:59.130 E/WifiTrafficPoller(  851): notifying of data activity 3
05-19 15:10:00.133 E/WifiTrafficPoller(  851): TRAFFIC_STATS_POLL true Token 3077 num clients 17
05-19 15:10:00.134 E/WifiTrafficPoller(  851):  packet count Tx=2028922 Rx=6698593
05-19 15:10:00.134 E/WifiTrafficPoller(  851): notifying of data activity 1
05-19 15:10:00.139 E/WifiStateMachine(  851):  ConnectedState (when=-3ms what=131155 arg1=671!CMD_RSSI_POLL 671 0 "BOCO-office" 94:b4:0f:68:a4:b1 rssi=-52 f=5785 sc=80 link=135 tx=6.7, 0.0, 0.0  rx=70.7 bcn=0 [on:0 tx:0 rx:0 period:3001] from screen [on:0 period:716359211] gl rssi=-52 ag=0 hr ticks 28,286,43 ls-=0 [56,56,60,60,65] brc=0 lrc=0
05-19 15:10:00.141 E/WifiStateMachine(  851):  L2ConnectedState (when=-4ms what=131155 arg1=671!CMD_RSSI_POLL 671 0 "BOCO-office" 94:b4:0f:68:a4:b1 rssi=-52 f=5785 sc=80 link=135 tx=6.7, 0.0, 0.0  rx=70.7 bcn=0 [on:0 tx:0 rx:0 period:2] from screen [on:0 period:716359213] gl rssi=-52 ag=0 hr ticks 28,286,43 ls-=0 [56,56,60,60,65] brc=0 lrc=0
05-19 15:10:00.141 E/WifiStateMachine(  851):  get link layer stats 0
05-19 15:10:00.160 E/WifiStateMachine(  851): calculateWifiScore() we set wifi's score to 1000, so will always set wifi as a default network.
05-19 15:10:01.133 E/WifiTrafficPoller(  851): TRAFFIC_STATS_POLL true Token 3077 num clients 17
05-19 15:10:01.135 E/WifiTrafficPoller(  851):  packet count Tx=2028923 Rx=6698620
05-19 15:10:01.135 E/WifiTrafficPoller(  851): notifying of data activity 3
05-19 15:10:02.138 E/WifiTrafficPoller(  851): TRAFFIC_STATS_POLL true Token 3077 num clients 17
05-19 15:10:02.139 E/WifiTrafficPoller(  851):  packet count Tx=2028923 Rx=6698641
05-19 15:10:02.139 E/WifiTrafficPoller(  851): notifying of data activity 1
05-19 15:10:03.144 E/WifiTrafficPoller(  851): TRAFFIC_STATS_POLL true Token 3077 num clients 17
05-19 15:10:03.145 E/WifiTrafficPoller(  851):  packet count Tx=2028923 Rx=6698666
05-19 15:10:03.165 E/WifiStateMachine(  851):  ConnectedState (when=-4ms what=131155 arg1=671!CMD_RSSI_POLL 671 0 "BOCO-office" 94:b4:0f:68:a4:b1 rssi=-52 f=5785 sc=80 link=135 tx=3.8, 0.0, 0.0  rx=67.4 bcn=0 [on:0 tx:0 rx:0 period:3003] from screen [on:0 period:716362237] gl rssi=-52 ag=0 hr ticks 28,286,43 ls-=0 [56,56,56,56,61] brc=0 lrc=0
05-19 15:10:03.167 E/WifiStateMachine(  851):  L2ConnectedState (when=-6ms what=131155 arg1=671!CMD_RSSI_POLL 671 0 "BOCO-office" 94:b4:0f:68:a4:b1 rssi=-52 f=5785 sc=80 link=135 tx=3.8, 0.0, 0.0  rx=67.4 bcn=0 [on:0 tx:0 rx:0 period:2] from screen [on:0 period:716362239] gl rssi=-52 ag=0 hr ticks 28,286,43 ls-=0 [56,56,56,56,61] brc=0 lrc=0
05-19 15:10:03.167 E/WifiStateMachine(  851):  get link layer stats 0
05-19 15:10:03.190 E/WifiStateMachine(  851): calculateWifiScore() we set wifi's score to 1000, so will always set wifi as a default network.
05-19 15:10:04.145 E/WifiTrafficPoller(  851): TRAFFIC_STATS_POLL true Token 3077 num clients 17
05-19 15:10:04.146 E/WifiTrafficPoller(  851):  packet count Tx=2028923 Rx=6698702
05-19 15:10:05.146 E/WifiTrafficPoller(  851): TRAFFIC_STATS_POLL true Token 3077 num clients 17
05-19 15:10:05.148 E/WifiTrafficPoller(  851):  packet count Tx=2028923 Rx=6698724
05-19 15:10:06.151 E/WifiTrafficPoller(  851): TRAFFIC_STATS_POLL true Token 3077 num clients 17
05-19 15:10:06.152 E/WifiTrafficPoller(  851):  packet count Tx=2028923 Rx=6698772
05-19 15:10:06.194 E/WifiStateMachine(  851):  ConnectedState (when=-4ms what=131155 arg1=671!CMD_RSSI_POLL 671 0 "BOCO-office" 94:b4:0f:68:a4:b1 rssi=-51 f=5785 sc=80 link=135 tx=2.4, 0.0, 0.0  rx=70.2 bcn=0 [on:0 tx:0 rx:0 period:3001] from screen [on:0 period:716365266] gl rssi=-51 ag=0 hr ticks 28,286,43 ls-=0 [56,56,56,56,61] brc=0 lrc=0
05-19 15:10:06.196 E/WifiStateMachine(  851):  L2ConnectedState (when=-4ms what=131155 arg1=671!CMD_RSSI_POLL 671 0 "BOCO-office" 94:b4:0f:68:a4:b1 rssi=-51 f=5785 sc=80 link=135 tx=2.4, 0.0, 0.0  rx=70.2 bcn=0 [on:0 tx:0 rx:0 period:2] from screen [on:0 period:716365268] gl rssi=-51 ag=0 hr ticks 28,286,43 ls-=0 [56,56,56,56,61] brc=0 lrc=0
05-19 15:10:06.196 E/WifiStateMachine(  851):  get link layer stats 0
05-19 15:10:06.218 E/WifiStateMachine(  851): calculateWifiScore() we set wifi's score to 1000, so will always set wifi as a default network.
05-19 15:10:07.152 E/WifiTrafficPoller(  851): TRAFFIC_STATS_POLL true Token 3077 num clients 17
05-19 15:10:07.153 E/WifiTrafficPoller(  851):  packet count Tx=2028923 Rx=6698794
05-19 15:10:08.153 E/WifiTrafficPoller(  851): TRAFFIC_STATS_POLL true Token 3077 num clients 17
05-19 15:10:08.154 E/WifiTrafficPoller(  851):  packet count Tx=2028923 Rx=6698816
05-19 15:10:09.154 E/WifiTrafficPoller(  851): TRAFFIC_STATS_POLL true Token 3077 num clients 17
05-19 15:10:09.155 E/WifiTrafficPoller(  851):  packet count Tx=2028923 Rx=6698847
05-19 15:10:09.223 E/WifiStateMachine(  851):  ConnectedState (when=-4ms what=131155 arg1=671!CMD_RSSI_POLL 671 0 "BOCO-office" 94:b4:0f:68:a4:b1 rssi=-49 f=5785 sc=80 link=135 tx=1.2, 0.0, 0.0  rx=88.1 bcn=0 [on:0 tx:0 rx:0 period:3002] from screen [on:0 period:716368294] gl rssi=-49 ag=0 hr ticks 28,286,43 ls-=0 [56,56,56,56,61] brc=0 lrc=0
05-19 15:10:09.224 E/WifiStateMachine(  851):  L2ConnectedState (when=-5ms what=131155 arg1=671!CMD_RSSI_POLL 671 0 "BOCO-office" 94:b4:0f:68:a4:b1 rssi=-49 f=5785 sc=80 link=135 tx=1.2, 0.0, 0.0  rx=88.1 bcn=0 [on:0 tx:0 rx:0 period:2] from screen [on:0 period:716368296] gl rssi=-49 ag=0 hr ticks 28,286,43 ls-=0 [56,56,56,56,61] brc=0 lrc=0
05-19 15:10:09.224 E/WifiStateMachine(  851):  get link layer stats 0
05-19 15:10:09.230 E/WifiStateMachine(  851): calculateWifiScore() we set wifi's score to 1000, so will always set wifi as a default network.
05-19 15:10:10.155 E/WifiTrafficPoller(  851): TRAFFIC_STATS_POLL true Token 3077 num clients 17
05-19 15:10:10.155 E/WifiTrafficPoller(  851):  packet count Tx=2028923 Rx=6698874
05-19 15:10:11.156 E/WifiTrafficPoller(  851): TRAFFIC_STATS_POLL true Token 3077 num clients 17
05-19 15:10:11.157 E/WifiTrafficPoller(  851):  packet count Tx=2028923 Rx=6698898
05-19 15:10:12.157 E/WifiTrafficPoller(  851): TRAFFIC_STATS_POLL true Token 3077 num clients 17
05-19 15:10:12.157 E/WifiTrafficPoller(  851):  packet count Tx=2028923 Rx=6698931
05-19 15:10:12.235 E/WifiStateMachine(  851):  ConnectedState (when=-4ms what=131155 arg1=671!CMD_RSSI_POLL 671 0 "BOCO-office" 94:b4:0f:68:a4:b1 rssi=-49 f=5785 sc=80 link=135 tx=0.6, 0.0, 0.0  rx=81.5 bcn=0 [on:0 tx:0 rx:0 period:3002] from screen [on:0 period:716371307] gl rssi=-49 ag=0 hr ticks 28,286,43 ls-=0 [56,56,56,56,61] brc=0 lrc=0
05-19 15:10:12.236 E/WifiStateMachine(  851):  L2ConnectedState (when=-6ms what=131155 arg1=671!CMD_RSSI_POLL 671 0 "BOCO-office" 94:b4:0f:68:a4:b1 rssi=-49 f=5785 sc=80 link=135 tx=0.6, 0.0, 0.0  rx=81.5 bcn=0 [on:0 tx:0 rx:0 period:1] from screen [on:0 period:716371308] gl rssi=-49 ag=0 hr ticks 28,286,43 ls-=0 [56,56,56,56,61] brc=0 lrc=0
05-19 15:10:12.236 E/WifiStateMachine(  851):  get link layer stats 0
05-19 15:10:12.260 E/WifiStateMachine(  851): calculateWifiScore() we set wifi's score to 1000, so will always set wifi as a default network.
05-19 15:10:13.158 E/WifiTrafficPoller(  851): TRAFFIC_STATS_POLL true Token 3077 num clients 17
05-19 15:10:13.159 E/WifiTrafficPoller(  851):  packet count Tx=2028923 Rx=6698951
05-19 15:10:14.159 E/WifiTrafficPoller(  851): TRAFFIC_STATS_POLL true Token 3077 num clients 17
05-19 15:10:14.160 E/WifiTrafficPoller(  851):  packet count Tx=2028923 Rx=6698973
05-19 15:10:15.160 E/WifiTrafficPoller(  851): TRAFFIC_STATS_POLL true Token 3077 num clients 17
05-19 15:10:15.160 E/WifiTrafficPoller(  851):  packet count Tx=2028923 Rx=6698990
05-19 15:10:15.264 E/WifiStateMachine(  851):  ConnectedState (when=-4ms what=131155 arg1=671!CMD_RSSI_POLL 671 0 "BOCO-office" 94:b4:0f:68:a4:b1 rssi=-50 f=5785 sc=80 link=135 tx=0.3, 0.0, 0.0  rx=84.3 bcn=0 [on:0 tx:0 rx:0 period:3002] from screen [on:0 period:716374336] gl rssi=-50 ag=0 hr ticks 28,286,43 ls-=0 [56,56,56,56,61] brc=0 lrc=0
05-19 15:10:15.266 E/WifiStateMachine(  851):  L2ConnectedState (when=-5ms what=131155 arg1=671!CMD_RSSI_POLL 671 0 "BOCO-office" 94:b4:0f:68:a4:b1 rssi=-50 f=5785 sc=80 link=135 tx=0.3, 0.0, 0.0  rx=84.3 bcn=0 [on:0 tx:0 rx:0 period:2] from screen [on:0 period:716374338] gl rssi=-50 ag=0 hr ticks 28,286,43 ls-=0 [56,56,56,56,61] brc=0 lrc=0
05-19 15:10:15.266 E/WifiStateMachine(  851):  get link layer stats 0
05-19 15:10:15.290 E/WifiStateMachine(  851): calculateWifiScore() we set wifi's score to 1000, so will always set wifi as a default network.
05-19 15:10:16.160 E/WifiTrafficPoller(  851): TRAFFIC_STATS_POLL true Token 3077 num clients 17
05-19 15:10:16.161 E/WifiTrafficPoller(  851):  packet count Tx=2028923 Rx=6699004
05-19 15:10:17.162 E/WifiTrafficPoller(  851): TRAFFIC_STATS_POLL true Token 3077 num clients 17
05-19 15:10:17.163 E/WifiTrafficPoller(  851):  packet count Tx=2028923 Rx=6699016
05-19 15:10:18.163 E/WifiTrafficPoller(  851): TRAFFIC_STATS_POLL true Token 3077 num clients 17
05-19 15:10:18.163 E/WifiTrafficPoller(  851):  packet count Tx=2028923 Rx=6699041
05-19 15:10:18.293 E/WifiStateMachine(  851):  ConnectedState (when=-3ms what=131155 arg1=671!CMD_RSSI_POLL 671 0 "BOCO-office" 94:b4:0f:68:a4:b1 rssi=-51 f=5785 sc=80 link=135 tx=0.2, 0.0, 0.0  rx=70.1 bcn=0 [on:0 tx:0 rx:0 period:3001] from screen [on:0 period:716377365] gl rssi=-51 ag=0 hr ticks 28,286,43 ls-=0 [56,56,56,56,61] brc=0 lrc=0
05-19 15:10:18.294 E/WifiStateMachine(  851):  L2ConnectedState (when=-4ms what=131155 arg1=671!CMD_RSSI_POLL 671 0 "BOCO-office" 94:b4:0f:68:a4:b1 rssi=-51 f=5785 sc=80 link=135 tx=0.2, 0.0, 0.0  rx=70.1 bcn=0 [on:0 tx:0 rx:0 period:1] from screen [on:0 period:716377366] gl rssi=-51 ag=0 hr ticks 28,286,43 ls-=0 [56,56,56,56,61] brc=0 lrc=0
05-19 15:10:18.294 E/WifiStateMachine(  851):  get link layer stats 0
05-19 15:10:18.310 E/WifiStateMachine(  851): calculateWifiScore() we set wifi's score to 1000, so will always set wifi as a default network.
05-19 15:10:19.163 E/WifiTrafficPoller(  851): TRAFFIC_STATS_POLL true Token 3077 num clients 17
05-19 15:10:19.164 E/WifiTrafficPoller(  851):  packet count Tx=2028923 Rx=6699054
05-19 15:10:20.164 E/WifiTrafficPoller(  851): TRAFFIC_STATS_POLL true Token 3077 num clients 17
05-19 15:10:20.165 E/WifiTrafficPoller(  851):  packet count Tx=2028923 Rx=6699079
05-19 15:10:21.166 E/WifiTrafficPoller(  851): TRAFFIC_STATS_POLL true Token 3077 num clients 17
05-19 15:10:21.166 E/WifiTrafficPoller(  851):  packet count Tx=2028923 Rx=6699109
05-19 15:10:21.266 E/memtrack(15466): Couldn't load memtrack module (No such file or directory)
05-19 15:10:21.266 E/android.os.Debug(15466): failed to load memtrack module: -2
05-19 15:10:21.313 E/WifiStateMachine(  851):  ConnectedState (when=-3ms what=131155 arg1=671!CMD_RSSI_POLL 671 0 "BOCO-office" 94:b4:0f:68:a4:b1 rssi=-51 f=5785 sc=80 link=135 tx=0.1, 0.0, 0.0  rx=61.1 bcn=0 [on:0 tx:0 rx:0 period:3000] from screen [on:0 period:716380385] gl rssi=-51 ag=0 hr ticks 28,286,43 ls-=0 [56,56,56,56,61] brc=0 lrc=0
05-19 15:10:21.314 E/WifiStateMachine(  851):  L2ConnectedState (when=-4ms what=131155 arg1=671!CMD_RSSI_POLL 671 0 "BOCO-office" 94:b4:0f:68:a4:b1 rssi=-51 f=5785 sc=80 link=135 tx=0.1, 0.0, 0.0  rx=61.1 bcn=0 [on:0 tx:0 rx:0 period:1] from screen [on:0 period:716380386] gl rssi=-51 ag=0 hr ticks 28,286,43 ls-=0 [56,56,56,56,61] brc=0 lrc=0
05-19 15:10:21.314 E/WifiStateMachine(  851):  get link layer stats 0
05-19 15:10:21.318 E/WifiStateMachine(  851): calculateWifiScore() we set wifi's score to 1000, so will always set wifi as a default network.
05-19 15:10:21.918 E/memtrack(15484): Couldn't load memtrack module (No such file or directory)
05-19 15:10:21.918 E/android.os.Debug(15484): failed to load memtrack module: -2
05-19 15:10:22.166 E/WifiTrafficPoller(  851): TRAFFIC_STATS_POLL true Token 3077 num clients 17
05-19 15:10:22.170 E/WifiTrafficPoller(  851):  packet count Tx=2028923 Rx=6699130
05-19 15:10:22.851 E/memtrack(15500): Couldn't load memtrack module (No such file or directory)
05-19 15:10:22.851 E/android.os.Debug(15500): failed to load memtrack module: -2
05-19 15:10:23.171 E/WifiTrafficPoller(  851): TRAFFIC_STATS_POLL true Token 3077 num clients 17
05-19 15:10:23.172 E/WifiTrafficPoller(  851):  packet count Tx=2028923 Rx=6699142
05-19 15:10:23.790 E/memtrack(15516): Couldn't load memtrack module (No such file or directory)
05-19 15:10:23.790 E/android.os.Debug(15516): failed to load memtrack module: -2
05-19 15:10:24.172 E/WifiTrafficPoller(  851): TRAFFIC_STATS_POLL true Token 3077 num clients 17
05-19 15:10:24.172 E/WifiTrafficPoller(  851):  packet count Tx=2028923 Rx=6699167
05-19 15:10:24.321 E/WifiStateMachine(  851):  ConnectedState (when=-2ms what=131155 arg1=671!CMD_RSSI_POLL 671 0 "BOCO-office" 94:b4:0f:68:a4:b1 rssi=-51 f=5785 sc=80 link=135 tx=0.0, 0.0, 0.0  rx=65.5 bcn=0 [on:0 tx:0 rx:0 period:3002] from screen [on:0 period:716383393] gl rssi=-51 ag=0 hr ticks 28,286,43 ls-=0 [56,56,56,56,61] brc=0 lrc=0
05-19 15:10:24.321 E/WifiStateMachine(  851):  L2ConnectedState (when=-3ms what=131155 arg1=671!CMD_RSSI_POLL 671 0 "BOCO-office" 94:b4:0f:68:a4:b1 rssi=-51 f=5785 sc=80 link=135 tx=0.0, 0.0, 0.0  rx=65.5 bcn=0 [on:0 tx:0 rx:0 period:0] from screen [on:0 period:716383393] gl rssi=-51 ag=0 hr ticks 28,286,43 ls-=0 [56,56,56,56,61] brc=0 lrc=0
05-19 15:10:24.321 E/WifiStateMachine(  851):  get link layer stats 0
05-19 15:10:24.325 E/WifiStateMachine(  851): calculateWifiScore() we set wifi's score to 1000, so will always set wifi as a default network.
05-19 15:10:24.646 E/memtrack(15532): Couldn't load memtrack module (No such file or directory)
05-19 15:10:24.646 E/android.os.Debug(15532): failed to load memtrack module: -2
05-19 15:10:25.172 E/WifiTrafficPoller(  851): TRAFFIC_STATS_POLL true Token 3077 num clients 17
05-19 15:10:25.173 E/WifiTrafficPoller(  851):  packet count Tx=2028925 Rx=6699188
05-19 15:10:25.173 E/WifiTrafficPoller(  851): notifying of data activity 3
05-19 15:10:25.664 E/memtrack(15551): Couldn't load memtrack module (No such file or directory)
05-19 15:10:25.664 E/android.os.Debug(15551): failed to load memtrack module: -2
05-19 15:10:26.176 E/WifiTrafficPoller(  851): TRAFFIC_STATS_POLL true Token 3077 num clients 17
05-19 15:10:26.176 E/WifiTrafficPoller(  851):  packet count Tx=2028929 Rx=6699222
05-19 15:10:26.361 E/memtrack(15568): Couldn't load memtrack module (No such file or directory)
05-19 15:10:26.361 E/android.os.Debug(15568): failed to load memtrack module: -2
05-19 15:10:27.176 E/WifiTrafficPoller(  851): TRAFFIC_STATS_POLL true Token 3077 num clients 17
05-19 15:10:27.176 E/WifiTrafficPoller(  851):  packet count Tx=2028930 Rx=6699237
05-19 15:10:27.330 E/WifiStateMachine(  851):  ConnectedState (when=-4ms what=131155 arg1=671!CMD_RSSI_POLL 671 0 "BOCO-office" 94:b4:0f:68:a4:b1 rssi=-52 f=5785 sc=80 link=135 tx=0.0, 0.0, 0.0  rx=60.8 bcn=0 [on:0 tx:0 rx:0 period:3000] from screen [on:0 period:716386402] gl rssi=-52 ag=0 hr ticks 28,286,43 ls-=0 [56,56,56,56,61] brc=0 lrc=0
05-19 15:10:27.331 E/WifiStateMachine(  851):  L2ConnectedState (when=-4ms what=131155 arg1=671!CMD_RSSI_POLL 671 0 "BOCO-office" 94:b4:0f:68:a4:b1 rssi=-52 f=5785 sc=80 link=135 tx=0.0, 0.0, 0.0  rx=60.8 bcn=0 [on:0 tx:0 rx:0 period:0] from screen [on:0 period:716386402] gl rssi=-52 ag=0 hr ticks 28,286,43 ls-=0 [56,56,56,56,61] brc=0 lrc=0
05-19 15:10:27.331 E/WifiStateMachine(  851):  get link layer stats 0
05-19 15:10:27.348 E/WifiStateMachine(  851): calculateWifiScore() we set wifi's score to 1000, so will always set wifi as a default network.
05-19 15:10:27.390 E/memtrack(15586): Couldn't load memtrack module (No such file or directory)
05-19 15:10:27.390 E/android.os.Debug(15586): failed to load memtrack module: -2
05-19 15:10:28.177 E/WifiTrafficPoller(  851): TRAFFIC_STATS_POLL true Token 3077 num clients 17
05-19 15:10:28.178 E/WifiTrafficPoller(  851):  packet count Tx=2028931 Rx=6699255
05-19 15:10:28.996 E/memtrack(15605): Couldn't load memtrack module (No such file or directory)
05-19 15:10:28.996 E/android.os.Debug(15605): failed to load memtrack module: -2
05-19 15:10:29.178 E/WifiTrafficPoller(  851): TRAFFIC_STATS_POLL true Token 3077 num clients 17
05-19 15:10:29.180 E/WifiTrafficPoller(  851):  packet count Tx=2028931 Rx=6699269
05-19 15:10:29.180 E/WifiTrafficPoller(  851): notifying of data activity 1
05-19 15:10:29.621 E/memtrack(15623): Couldn't load memtrack module (No such file or directory)
05-19 15:10:29.621 E/android.os.Debug(15623): failed to load memtrack module: -2
05-19 15:10:30.183 E/WifiTrafficPoller(  851): TRAFFIC_STATS_POLL true Token 3077 num clients 17
05-19 15:10:30.183 E/WifiTrafficPoller(  851):  packet count Tx=2028931 Rx=6699290
05-19 15:10:30.351 E/WifiStateMachine(  851):  ConnectedState (when=-3ms what=131155 arg1=671!CMD_RSSI_POLL 671 0 "BOCO-office" 94:b4:0f:68:a4:b1 rssi=-52 f=5785 sc=80 link=135 tx=3.5, 0.0, 0.0  rx=66.9 bcn=0 [on:0 tx:0 rx:0 period:3000] from screen [on:0 period:716389423] gl rssi=-52 ag=0 hr ticks 28,286,43 ls-=0 [56,56,56,56,61] brc=0 lrc=0
05-19 15:10:30.352 E/WifiStateMachine(  851):  L2ConnectedState (when=-4ms what=131155 arg1=671!CMD_RSSI_POLL 671 0 "BOCO-office" 94:b4:0f:68:a4:b1 rssi=-52 f=5785 sc=80 link=135 tx=3.5, 0.0, 0.0  rx=66.9 bcn=0 [on:0 tx:0 rx:0 period:1] from screen [on:0 period:716389424] gl rssi=-52 ag=0 hr ticks 28,286,43 ls-=0 [56,56,56,56,61] brc=0 lrc=0
05-19 15:10:30.352 E/WifiStateMachine(  851):  get link layer stats 0
05-19 15:10:30.368 E/WifiStateMachine(  851): calculateWifiScore() we set wifi's score to 1000, so will always set wifi as a default network.
05-19 15:10:30.436 E/memtrack(15639): Couldn't load memtrack module (No such file or directory)
05-19 15:10:30.436 E/android.os.Debug(15639): failed to load memtrack module: -2
05-19 15:10:30.666 E/MPlugin (15679): Unsupported class: com.mediatek.common.telephony.IOnlyOwnerSimSupport
05-19 15:10:31.184 E/WifiTrafficPoller(  851): TRAFFIC_STATS_POLL true Token 3077 num clients 17
05-19 15:10:31.185 E/WifiTrafficPoller(  851):  packet count Tx=2028931 Rx=6699307
05-19 15:10:32.185 E/WifiTrafficPoller(  851): TRAFFIC_STATS_POLL true Token 3077 num clients 17
05-19 15:10:32.187 E/WifiTrafficPoller(  851):  packet count Tx=2028932 Rx=6699332
05-19 15:10:32.187 E/WifiTrafficPoller(  851): notifying of data activity 3
05-19 15:10:33.193 E/WifiTrafficPoller(  851): TRAFFIC_STATS_POLL true Token 3077 num clients 17
05-19 15:10:33.193 E/WifiTrafficPoller(  851):  packet count Tx=2028934 Rx=6699354
05-19 15:10:33.372 E/WifiStateMachine(  851):  ConnectedState (when=-3ms what=131155 arg1=671!CMD_RSSI_POLL 671 0 "BOCO-office" 94:b4:0f:68:a4:b1 rssi=-53 f=5785 sc=80 link=135 tx=2.3, 0.0, 0.0  rx=58.4 bcn=0 [on:0 tx:0 rx:0 period:3000] from screen [on:0 period:716392444] gl rssi=-53 ag=0 hr ticks 28,286,43 ls-=0 [56,56,56,56,61] brc=0 lrc=0
05-19 15:10:33.372 E/WifiStateMachine(  851):  L2ConnectedState (when=-4ms what=131155 arg1=671!CMD_RSSI_POLL 671 0 "BOCO-office" 94:b4:0f:68:a4:b1 rssi=-53 f=5785 sc=80 link=135 tx=2.3, 0.0, 0.0  rx=58.4 bcn=0 [on:0 tx:0 rx:0 period:0] from screen [on:0 period:716392444] gl rssi=-53 ag=0 hr ticks 28,286,43 ls-=0 [56,56,56,56,61] brc=0 lrc=0
05-19 15:10:33.372 E/WifiStateMachine(  851):  get link layer stats 0
05-19 15:10:33.377 E/WifiStateMachine(  851): calculateWifiScore() we set wifi's score to 1000, so will always set wifi as a default network.
05-19 15:10:33.683 E/memtrack(15728): Couldn't load memtrack module (No such file or directory)
05-19 15:10:33.683 E/android.os.Debug(15728): failed to load memtrack module: -2
05-19 15:10:34.194 E/WifiTrafficPoller(  851): TRAFFIC_STATS_POLL true Token 3077 num clients 17
05-19 15:10:34.195 E/WifiTrafficPoller(  851):  packet count Tx=2028934 Rx=6699373
05-19 15:10:34.195 E/WifiTrafficPoller(  851): notifying of data activity 1
05-19 15:10:34.731 E/memtrack(15748): Couldn't load memtrack module (No such file or directory)
05-19 15:10:34.731 E/android.os.Debug(15748): failed to load memtrack module: -2
05-19 15:10:35.197 E/WifiTrafficPoller(  851): TRAFFIC_STATS_POLL true Token 3077 num clients 17
05-19 15:10:35.197 E/WifiTrafficPoller(  851):  packet count Tx=2028934 Rx=6699391
05-19 15:10:35.209 E/SurfaceFlinger(  285): onDraw: bindTextureImage test
05-19 15:10:35.223 E/VMSG    (15764): RegisterNatives OnUserCommand1
05-19 15:10:35.224 E/SurfaceFlinger(  285): onDraw: bindTextureImage test
05-19 15:10:35.241 E/SurfaceFlinger(  285): onDraw: bindTextureImage test
05-19 15:10:35.258 E/SurfaceFlinger(  285): onDraw: bindTextureImage test
05-19 15:10:35.276 E/SurfaceFlinger(  285): onDraw: bindTextureImage test
05-19 15:10:35.292 E/SurfaceFlinger(  285): onDraw: bindTextureImage test
05-19 15:10:35.308 E/SurfaceFlinger(  285): onDraw: bindTextureImage test
05-19 15:10:35.326 E/SurfaceFlinger(  285): onDraw: bindTextureImage test
05-19 15:10:35.335 E/WifiTrafficPoller(  851): ADD_CLIENT: 18
05-19 15:10:35.342 E/SurfaceFlinger(  285): onDraw: bindTextureImage test
05-19 15:10:35.359 E/SurfaceFlinger(  285): onDraw: bindTextureImage test
05-19 15:10:35.376 E/SurfaceFlinger(  285): onDraw: bindTextureImage test
05-19 15:10:35.393 E/SurfaceFlinger(  285): onDraw: bindTextureImage test
05-19 15:10:35.409 E/SurfaceFlinger(  285): onDraw: bindTextureImage test
05-19 15:10:35.426 E/SurfaceFlinger(  285): onDraw: bindTextureImage test
05-19 15:10:35.443 E/SurfaceFlinger(  285): onDraw: bindTextureImage test
05-19 15:10:35.450 E/NativeCrypto(15764): ssl=0x7faa202e00 cert_verify_callback x509_store_ctx=0x7f9e5f6e88 arg=0x0
05-19 15:10:35.451 E/NativeCrypto(15764): ssl=0x7faa202e00 cert_verify_callback calling verifyCertificateChain authMethod=ECDHE_RSA
05-19 15:10:35.460 E/SurfaceFlinger(  285): onDraw: bindTextureImage test
05-19 15:10:35.477 E/SurfaceFlinger(  285): onDraw: bindTextureImage test
05-19 15:10:35.598 E/[PropSet](15764): connect fail
05-19 15:10:35.598 E/[PropSet](15764): send_prop_msg return err -1
05-19 15:10:35.648 E/QueryController(15728): Got null root node from accessibility - Retrying...
05-19 15:10:35.686 E/baidumapsdk(15764): Authentication Error errorcode: 230 uid: -1 appid -1 msg: APP Scode码校验失败
05-19 15:10:35.729 E/SurfaceFlinger(  285): onDraw: bindTextureImage test
05-19 15:10:35.746 E/SurfaceFlinger(  285): onDraw: bindTextureImage test
05-19 15:10:35.762 E/SurfaceFlinger(  285): onDraw: bindTextureImage test
05-19 15:10:35.779 E/SurfaceFlinger(  285): onDraw: bindTextureImage test
05-19 15:10:36.198 E/WifiTrafficPoller(  851): TRAFFIC_STATS_POLL true Token 3077 num clients 18
05-19 15:10:36.199 E/WifiTrafficPoller(  851):  packet count Tx=2028950 Rx=6699437
05-19 15:10:36.199 E/WifiTrafficPoller(  851): notifying of data activity 3
05-19 15:10:36.382 E/WifiStateMachine(  851):  ConnectedState (when=-4ms what=131155 arg1=671!CMD_RSSI_POLL 671 0 "BOCO-office" 94:b4:0f:68:a4:b1 rssi=-53 f=5785 sc=80 link=135 tx=2.6, 0.0, 0.0  rx=64.2 bcn=0 [on:0 tx:0 rx:0 period:3003] from screen [on:0 period:716395454] gl rssi=-53 ag=0 hr ticks 28,286,43 ls-=0 [56,56,56,56,61] brc=0 lrc=0
05-19 15:10:36.384 E/WifiStateMachine(  851):  L2ConnectedState (when=-6ms what=131155 arg1=671!CMD_RSSI_POLL 671 0 "BOCO-office" 94:b4:0f:68:a4:b1 rssi=-53 f=5785 sc=80 link=135 tx=2.6, 0.0, 0.0  rx=64.2 bcn=0 [on:0 tx:0 rx:0 period:2] from screen [on:0 period:716395456] gl rssi=-53 ag=0 hr ticks 28,286,43 ls-=0 [56,56,56,56,61] brc=0 lrc=0
05-19 15:10:36.385 E/WifiStateMachine(  851):  get link layer stats 0
05-19 15:10:36.410 E/WifiStateMachine(  851): calculateWifiScore() we set wifi's score to 1000, so will always set wifi as a default network.
05-19 15:10:36.615 E/CellLocation( 9026): create GsmCellLocation
05-19 15:10:36.826 E/CellLocation( 9026): create GsmCellLocation
05-19 15:10:37.200 E/NativeCrypto( 9026): ssl=0xd0979200 cert_verify_callback x509_store_ctx=0xd9429500 arg=0x0
05-19 15:10:37.200 E/NativeCrypto( 9026): ssl=0xd0979200 cert_verify_callback calling verifyCertificateChain authMethod=ECDHE_RSA
05-19 15:10:37.201 E/WifiTrafficPoller(  851): TRAFFIC_STATS_POLL true Token 3077 num clients 18
05-19 15:10:37.202 E/WifiTrafficPoller(  851):  packet count Tx=2028977 Rx=6699484
05-19 15:10:38.202 E/WifiTrafficPoller(  851): TRAFFIC_STATS_POLL true Token 3077 num clients 18
05-19 15:10:38.202 E/WifiTrafficPoller(  851):  packet count Tx=2028981 Rx=6699506
05-19 15:10:39.203 E/WifiTrafficPoller(  851): TRAFFIC_STATS_POLL true Token 3077 num clients 18
05-19 15:10:39.204 E/WifiTrafficPoller(  851):  packet count Tx=2028981 Rx=6699522
05-19 15:10:39.204 E/WifiTrafficPoller(  851): notifying of data activity 1
05-19 15:10:39.412 E/WifiStateMachine(  851):  ConnectedState (when=-1ms what=131155 arg1=671!CMD_RSSI_POLL 671 0 "BOCO-office" 94:b4:0f:68:a4:b1 rssi=-54 f=5785 sc=80 link=135 tx=9.3, 0.0, 0.0  rx=72.1 bcn=0 [on:0 tx:0 rx:0 period:2999] from screen [on:0 period:716398484] gl rssi=-54 ag=0 hr ticks 28,286,43 ls-=0 [56,56,60,60,65] brc=0 lrc=0
05-19 15:10:39.413 E/WifiStateMachine(  851):  L2ConnectedState (when=-2ms what=131155 arg1=671!CMD_RSSI_POLL 671 0 "BOCO-office" 94:b4:0f:68:a4:b1 rssi=-54 f=5785 sc=80 link=135 tx=9.3, 0.0, 0.0  rx=72.1 bcn=0 [on:0 tx:0 rx:0 period:1] from screen [on:0 period:716398485] gl rssi=-54 ag=0 hr ticks 28,286,43 ls-=0 [56,56,60,60,65] brc=0 lrc=0
05-19 15:10:39.413 E/WifiStateMachine(  851):  get link layer stats 0
05-19 15:10:39.428 E/WifiStateMachine(  851): calculateWifiScore() we set wifi's score to 1000, so will always set wifi as a default network.
05-19 15:10:40.013 E/memtrack(15822): Couldn't load memtrack module (No such file or directory)
05-19 15:10:40.013 E/android.os.Debug(15822): failed to load memtrack module: -2
05-19 15:10:40.204 E/WifiTrafficPoller(  851): TRAFFIC_STATS_POLL true Token 3077 num clients 18
05-19 15:10:40.204 E/WifiTrafficPoller(  851):  packet count Tx=2028981 Rx=6699553
05-19 15:10:41.205 E/WifiTrafficPoller(  851): TRAFFIC_STATS_POLL true Token 3077 num clients 18
05-19 15:10:41.205 E/WifiTrafficPoller(  851):  packet count Tx=2028981 Rx=6699574
05-19 15:10:42.205 E/WifiTrafficPoller(  851): TRAFFIC_STATS_POLL true Token 3077 num clients 18
05-19 15:10:42.206 E/WifiTrafficPoller(  851):  packet count Tx=2028981 Rx=6699605
05-19 15:10:42.433 E/WifiStateMachine(  851):  ConnectedState (when=-4ms what=131155 arg1=671!CMD_RSSI_POLL 671 0 "BOCO-office" 94:b4:0f:68:a4:b1 rssi=-53 f=5785 sc=80 link=135 tx=20.2, 0.0, 0.0  rx=80.1 bcn=0 [on:0 tx:0 rx:0 period:3004] from screen [on:0 period:716401505] gl rssi=-53 ag=0 hr ticks 28,286,43 ls-=0 [56,56,60,60,65] brc=0 lrc=0
05-19 15:10:42.435 E/WifiStateMachine(  851):  L2ConnectedState (when=-6ms what=131155 arg1=671!CMD_RSSI_POLL 671 0 "BOCO-office" 94:b4:0f:68:a4:b1 rssi=-53 f=5785 sc=80 link=135 tx=20.2, 0.0, 0.0  rx=80.1 bcn=0 [on:0 tx:0 rx:0 period:1] from screen [on:0 period:716401506] gl rssi=-53 ag=0 hr ticks 28,286,43 ls-=0 [56,56,60,60,65] brc=0 lrc=0
05-19 15:10:42.435 E/WifiStateMachine(  851):  get link layer stats 0
05-19 15:10:42.438 E/WifiStateMachine(  851): calculateWifiScore() we set wifi's score to 1000, so will always set wifi as a default network.
05-19 15:10:43.206 E/WifiTrafficPoller(  851): TRAFFIC_STATS_POLL true Token 3077 num clients 18
05-19 15:10:43.207 E/WifiTrafficPoller(  851):  packet count Tx=2028983 Rx=6699627
05-19 15:10:43.207 E/WifiTrafficPoller(  851): notifying of data activity 3
05-19 15:10:44.208 E/WifiTrafficPoller(  851): TRAFFIC_STATS_POLL true Token 3077 num clients 18
05-19 15:10:44.209 E/WifiTrafficPoller(  851):  packet count Tx=2028983 Rx=6699653
05-19 15:10:44.209 E/WifiTrafficPoller(  851): notifying of data activity 1
05-19 15:10:45.210 E/WifiTrafficPoller(  851): TRAFFIC_STATS_POLL true Token 3077 num clients 18
05-19 15:10:45.211 E/WifiTrafficPoller(  851):  packet count Tx=2028983 Rx=6699674
05-19 15:10:45.442 E/WifiStateMachine(  851):  ConnectedState (when=-3ms what=131155 arg1=671!CMD_RSSI_POLL 671 0 "BOCO-office" 94:b4:0f:68:a4:b1 rssi=-53 f=5785 sc=80 link=135 tx=10.6, 0.0, 0.0  rx=80.5 bcn=0 [on:0 tx:0 rx:0 period:3001] from screen [on:0 period:716404514] gl rssi=-53 ag=0 hr ticks 28,286,43 ls-=0 [56,56,60,60,65] brc=0 lrc=0
05-19 15:10:45.443 E/WifiStateMachine(  851):  L2ConnectedState (when=-4ms what=131155 arg1=671!CMD_RSSI_POLL 671 0 "BOCO-office" 94:b4:0f:68:a4:b1 rssi=-53 f=5785 sc=80 link=135 tx=10.6, 0.0, 0.0  rx=80.5 bcn=0 [on:0 tx:0 rx:0 period:1] from screen [on:0 period:716404515] gl rssi=-53 ag=0 hr ticks 28,286,43 ls-=0 [56,56,60,60,65] brc=0 lrc=0
05-19 15:10:45.443 E/WifiStateMachine(  851):  get link layer stats 0
05-19 15:10:45.458 E/WifiStateMachine(  851): calculateWifiScore() we set wifi's score to 1000, so will always set wifi as a default network.
05-19 15:10:46.211 E/WifiTrafficPoller(  851): TRAFFIC_STATS_POLL true Token 3077 num clients 18
05-19 15:10:46.211 E/WifiTrafficPoller(  851):  packet count Tx=2028983 Rx=6699709
05-19 15:10:47.212 E/WifiTrafficPoller(  851): TRAFFIC_STATS_POLL true Token 3077 num clients 18
05-19 15:10:47.213 E/WifiTrafficPoller(  851):  packet count Tx=2028983 Rx=6699733
05-19 15:10:47.834 E/memtrack(15852): Couldn't load memtrack module (No such file or directory)
05-19 15:10:47.834 E/android.os.Debug(15852): failed to load memtrack module: -2
05-19 15:10:48.213 E/WifiTrafficPoller(  851): TRAFFIC_STATS_POLL true Token 3077 num clients 18
05-19 15:10:48.214 E/WifiTrafficPoller(  851):  packet count Tx=2028983 Rx=6699749
05-19 15:10:48.461 E/WifiStateMachine(  851):  ConnectedState (when=-3ms what=131155 arg1=671!CMD_RSSI_POLL 671 0 "BOCO-office" 94:b4:0f:68:a4:b1 rssi=-53 f=5785 sc=80 link=135 tx=5.8, 0.0, 0.0  rx=74.8 bcn=0 [on:0 tx:0 rx:0 period:3002] from screen [on:0 period:716407533] gl rssi=-53 ag=0 hr ticks 28,286,43 ls-=0 [56,56,60,60,65] brc=0 lrc=0
05-19 15:10:48.463 E/WifiStateMachine(  851):  L2ConnectedState (when=-4ms what=131155 arg1=671!CMD_RSSI_POLL 671 0 "BOCO-office" 94:b4:0f:68:a4:b1 rssi=-53 f=5785 sc=80 link=135 tx=5.8, 0.0, 0.0  rx=74.8 bcn=0 [on:0 tx:0 rx:0 period:2] from screen [on:0 period:716407535] gl rssi=-53 ag=0 hr ticks 28,286,43 ls-=0 [56,56,60,60,65] brc=0 lrc=0
05-19 15:10:48.463 E/WifiStateMachine(  851):  get link layer stats 0
05-19 15:10:48.479 E/WifiStateMachine(  851): calculateWifiScore() we set wifi's score to 1000, so will always set wifi as a default network.
05-19 15:10:49.214 E/WifiTrafficPoller(  851): TRAFFIC_STATS_POLL true Token 3077 num clients 18
05-19 15:10:49.215 E/WifiTrafficPoller(  851):  packet count Tx=2028983 Rx=6699765
05-19 15:10:50.215 E/WifiTrafficPoller(  851): TRAFFIC_STATS_POLL true Token 3077 num clients 18
05-19 15:10:50.216 E/WifiTrafficPoller(  851):  packet count Tx=2028983 Rx=6699783
05-19 15:10:51.216 E/WifiTrafficPoller(  851): TRAFFIC_STATS_POLL true Token 3077 num clients 18
05-19 15:10:51.216 E/WifiTrafficPoller(  851):  packet count Tx=2028985 Rx=6699800
05-19 15:10:51.216 E/WifiTrafficPoller(  851): notifying of data activity 3
05-19 15:10:51.330 E/SurfaceFlinger(  285): onDraw: bindTextureImage test
05-19 15:10:51.347 E/SurfaceFlinger(  285): onDraw: bindTextureImage test
05-19 15:10:51.364 E/SurfaceFlinger(  285): onDraw: bindTextureImage test
05-19 15:10:51.380 E/SurfaceFlinger(  285): onDraw: bindTextureImage test
05-19 15:10:51.398 E/SurfaceFlinger(  285): onDraw: bindTextureImage test
05-19 15:10:51.415 E/SurfaceFlinger(  285): onDraw: bindTextureImage test
05-19 15:10:51.431 E/SurfaceFlinger(  285): onDraw: bindTextureImage test
05-19 15:10:51.447 E/SurfaceFlinger(  285): onDraw: bindTextureImage test
05-19 15:10:51.464 E/SurfaceFlinger(  285): onDraw: bindTextureImage test
05-19 15:10:51.482 E/SurfaceFlinger(  285): onDraw: bindTextureImage test
05-19 15:10:51.484 E/WifiStateMachine(  851):  ConnectedState (when=-4ms what=131155 arg1=671!CMD_RSSI_POLL 671 0 "BOCO-office" 94:b4:0f:68:a4:b1 rssi=-53 f=5785 sc=80 link=135 tx=2.9, 0.0, 0.0  rx=74.4 bcn=0 [on:0 tx:0 rx:0 period:3003] from screen [on:0 period:716410555] gl rssi=-53 ag=0 hr ticks 28,286,43 ls-=0 [56,56,56,56,61] brc=0 lrc=0
