05-18 16:59:31.341 E/appium  ( 3164): 	at io.netty.channel.DefaultChannelPipeline.fireChannelRead(DefaultChannelPipeline.java:911)
05-18 16:59:31.341 E/appium  ( 3164): 	at io.netty.channel.nio.AbstractNioByteChannel$NioByteUnsafe.read(AbstractNioByteChannel.java:131)
05-18 16:59:31.341 E/appium  ( 3164): 	at io.netty.channel.nio.NioEventLoop.processSelectedKey(NioEventLoop.java:611)
05-18 16:59:31.341 E/appium  ( 3164): 	at io.netty.channel.nio.NioEventLoop.processSelectedKeysPlain(NioEventLoop.java:514)
05-18 16:59:31.341 E/appium  ( 3164): 	at io.netty.channel.nio.NioEventLoop.processSelectedKeys(NioEventLoop.java:468)
05-18 16:59:31.341 E/appium  ( 3164): 	at io.netty.channel.nio.NioEventLoop.run(NioEventLoop.java:438)
05-18 16:59:31.341 E/appium  ( 3164): 	at io.netty.util.concurrent.SingleThreadEventExecutor$2.run(SingleThreadEventExecutor.java:140)
05-18 16:59:31.341 E/appium  ( 3164): 	at io.netty.util.concurrent.DefaultThreadFactory$DefaultRunnableDecorator.run(DefaultThreadFactory.java:144)
05-18 16:59:31.341 E/appium  ( 3164): 	at java.lang.Thread.run(Thread.java:841)
05-18 16:59:31.521 E/GPSManager( 2745): Location changed : Lat: 40.00125 Lng: 105.56358166666665
05-18 16:59:32.391 E/NetworkScheduler.ATC(  731): Trying to release unacquired lock: com.google.android.gms/.clearcut.uploader.UploaderService
05-18 16:59:32.421 E/appium  ( 3164): Element not found: 
05-18 16:59:32.421 E/appium  ( 3164): io.appium.uiautomator2.common.exceptions.ElementNotFoundException: Could not find an element using supplied strategy. 
05-18 16:59:32.421 E/appium  ( 3164): 	at io.appium.uiautomator2.handler.FindElement.getXPathUiObject(FindElement.java:80)
05-18 16:59:32.421 E/appium  ( 3164): 	at io.appium.uiautomator2.handler.FindElement.findElement(FindElement.java:153)
05-18 16:59:32.421 E/appium  ( 3164): 	at io.appium.uiautomator2.handler.FindElement.safeHandle(FindElement.java:102)
05-18 16:59:32.421 E/appium  ( 3164): 	at io.appium.uiautomator2.handler.request.SafeRequestHandler.handle(SafeRequestHandler.java:56)
05-18 16:59:32.421 E/appium  ( 3164): 	at io.appium.uiautomator2.server.AppiumServlet.handleRequest(AppiumServlet.java:202)
05-18 16:59:32.421 E/appium  ( 3164): 	at io.appium.uiautomator2.server.AppiumServlet.handleHttpRequest(AppiumServlet.java:193)
05-18 16:59:32.421 E/appium  ( 3164): 	at io.appium.uiautomator2.http.ServerHandler.channelRead(ServerHandler.java:44)
05-18 16:59:32.421 E/appium  ( 3164): 	at io.netty.channel.AbstractChannelHandlerContext.invokeChannelRead(AbstractChannelHandlerContext.java:366)
05-18 16:59:32.421 E/appium  ( 3164): 	at io.netty.channel.AbstractChannelHandlerContext.invokeChannelRead(AbstractChannelHandlerContext.java:352)
05-18 16:59:32.421 E/appium  ( 3164): 	at io.netty.channel.AbstractChannelHandlerContext.fireChannelRead(AbstractChannelHandlerContext.java:345)
05-18 16:59:32.421 E/appium  ( 3164): 	at io.netty.handler.codec.MessageToMessageDecoder.channelRead(MessageToMessageDecoder.java:102)
05-18 16:59:32.421 E/appium  ( 3164): 	at io.netty.channel.AbstractChannelHandlerContext.invokeChannelRead(AbstractChannelHandlerContext.java:366)
05-18 16:59:32.421 E/appium  ( 3164): 	at io.netty.channel.AbstractChannelHandlerContext.invokeChannelRead(AbstractChannelHandlerContext.java:352)
05-18 16:59:32.421 E/appium  ( 3164): 	at io.netty.channel.AbstractChannelHandlerContext.fireChannelRead(AbstractChannelHandlerContext.java:345)
05-18 16:59:32.421 E/appium  ( 3164): 	at io.netty.channel.CombinedChannelDuplexHandler$DelegatingChannelHandlerContext.fireChannelRead(CombinedChannelDuplexHandler.java:435)
05-18 16:59:32.421 E/appium  ( 3164): 	at io.netty.handler.codec.ByteToMessageDecoder.fireChannelRead(ByteToMessageDecoder.java:293)
05-18 16:59:32.421 E/appium  ( 3164): 	at io.netty.handler.codec.ByteToMessageDecoder.channelRead(ByteToMessageDecoder.java:267)
05-18 16:59:32.421 E/appium  ( 3164): 	at io.netty.channel.CombinedChannelDuplexHandler.channelRead(CombinedChannelDuplexHandler.java:250)
05-18 16:59:32.421 E/appium  ( 3164): 	at io.netty.channel.AbstractChannelHandlerContext.invokeChannelRead(AbstractChannelHandlerContext.java:366)
05-18 16:59:32.421 E/appium  ( 3164): 	at io.netty.channel.AbstractChannelHandlerContext.invokeChannelRead(AbstractChannelHandlerContext.java:352)
05-18 16:59:32.421 E/appium  ( 3164): 	at io.netty.channel.AbstractChannelHandlerContext.fireChannelRead(AbstractChannelHandlerContext.java:345)
05-18 16:59:32.421 E/appium  ( 3164): 	at io.netty.channel.DefaultChannelPipeline$HeadContext.channelRead(DefaultChannelPipeline.java:1294)
05-18 16:59:32.421 E/appium  ( 3164): 	at io.netty.channel.AbstractChannelHandlerContext.invokeChannelRead(AbstractChannelHandlerContext.java:366)
05-18 16:59:32.421 E/appium  ( 3164): 	at io.netty.channel.AbstractChannelHandlerContext.invokeChannelRead(AbstractChannelHandlerContext.java:352)
05-18 16:59:32.421 E/appium  ( 3164): 	at io.netty.channel.DefaultChannelPipeline.fireChannelRead(DefaultChannelPipeline.java:911)
05-18 16:59:32.421 E/appium  ( 3164): 	at io.netty.channel.nio.AbstractNioByteChannel$NioByteUnsafe.read(AbstractNioByteChannel.java:131)
05-18 16:59:32.421 E/appium  ( 3164): 	at io.netty.channel.nio.NioEventLoop.processSelectedKey(NioEventLoop.java:611)
05-18 16:59:32.421 E/appium  ( 3164): 	at io.netty.channel.nio.NioEventLoop.processSelectedKeysPlain(NioEventLoop.java:514)
05-18 16:59:32.421 E/appium  ( 3164): 	at io.netty.channel.nio.NioEventLoop.processSelectedKeys(NioEventLoop.java:468)
05-18 16:59:32.421 E/appium  ( 3164): 	at io.netty.channel.nio.NioEventLoop.run(NioEventLoop.java:438)
05-18 16:59:32.421 E/appium  ( 3164): 	at io.netty.util.concurrent.SingleThreadEventExecutor$2.run(SingleThreadEventExecutor.java:140)
05-18 16:59:32.421 E/appium  ( 3164): 	at io.netty.util.concurrent.DefaultThreadFactory$DefaultRunnableDecorator.run(DefaultThreadFactory.java:144)
05-18 16:59:32.421 E/appium  ( 3164): 	at java.lang.Thread.run(Thread.java:841)
05-18 16:59:32.501 E/GCM     (  731): Missing checkin config file
05-18 16:59:32.541 E/GPSManager( 2745): Location changed : Lat: 40.00125 Lng: 105.56358166666665
05-18 16:59:32.691 E/GCM     (  731): Missing checkin config file
05-18 16:59:32.701 E/GCM     (  731): Missing checkin config file
05-18 16:59:33.431 E/appium  ( 3164): Element not found: 
05-18 16:59:33.431 E/appium  ( 3164): io.appium.uiautomator2.common.exceptions.ElementNotFoundException: Could not find an element using supplied strategy. 
05-18 16:59:33.431 E/appium  ( 3164): 	at io.appium.uiautomator2.handler.FindElement.getXPathUiObject(FindElement.java:80)
05-18 16:59:33.431 E/appium  ( 3164): 	at io.appium.uiautomator2.handler.FindElement.findElement(FindElement.java:153)
05-18 16:59:33.431 E/appium  ( 3164): 	at io.appium.uiautomator2.handler.FindElement.safeHandle(FindElement.java:102)
05-18 16:59:33.431 E/appium  ( 3164): 	at io.appium.uiautomator2.handler.request.SafeRequestHandler.handle(SafeRequestHandler.java:56)
05-18 16:59:33.431 E/appium  ( 3164): 	at io.appium.uiautomator2.server.AppiumServlet.handleRequest(AppiumServlet.java:202)
05-18 16:59:33.431 E/appium  ( 3164): 	at io.appium.uiautomator2.server.AppiumServlet.handleHttpRequest(AppiumServlet.java:193)
05-18 16:59:33.431 E/appium  ( 3164): 	at io.appium.uiautomator2.http.ServerHandler.channelRead(ServerHandler.java:44)
05-18 16:59:33.431 E/appium  ( 3164): 	at io.netty.channel.AbstractChannelHandlerContext.invokeChannelRead(AbstractChannelHandlerContext.java:366)
05-18 16:59:33.431 E/appium  ( 3164): 	at io.netty.channel.AbstractChannelHandlerContext.invokeChannelRead(AbstractChannelHandlerContext.java:352)
05-18 16:59:33.431 E/appium  ( 3164): 	at io.netty.channel.AbstractChannelHandlerContext.fireChannelRead(AbstractChannelHandlerContext.java:345)
05-18 16:59:33.431 E/appium  ( 3164): 	at io.netty.handler.codec.MessageToMessageDecoder.channelRead(MessageToMessageDecoder.java:102)
05-18 16:59:33.431 E/appium  ( 3164): 	at io.netty.channel.AbstractChannelHandlerContext.invokeChannelRead(AbstractChannelHandlerContext.java:366)
05-18 16:59:33.431 E/appium  ( 3164): 	at io.netty.channel.AbstractChannelHandlerContext.invokeChannelRead(AbstractChannelHandlerContext.java:352)
05-18 16:59:33.431 E/appium  ( 3164): 	at io.netty.channel.AbstractChannelHandlerContext.fireChannelRead(AbstractChannelHandlerContext.java:345)
05-18 16:59:33.431 E/appium  ( 3164): 	at io.netty.channel.CombinedChannelDuplexHandler$DelegatingChannelHandlerContext.fireChannelRead(CombinedChannelDuplexHandler.java:435)
05-18 16:59:33.431 E/appium  ( 3164): 	at io.netty.handler.codec.ByteToMessageDecoder.fireChannelRead(ByteToMessageDecoder.java:293)
05-18 16:59:33.431 E/appium  ( 3164): 	at io.netty.handler.codec.ByteToMessageDecoder.channelRead(ByteToMessageDecoder.java:267)
05-18 16:59:33.431 E/appium  ( 3164): 	at io.netty.channel.CombinedChannelDuplexHandler.channelRead(CombinedChannelDuplexHandler.java:250)
05-18 16:59:33.431 E/appium  ( 3164): 	at io.netty.channel.AbstractChannelHandlerContext.invokeChannelRead(AbstractChannelHandlerContext.java:366)
05-18 16:59:33.431 E/appium  ( 3164): 	at io.netty.channel.AbstractChannelHandlerContext.invokeChannelRead(AbstractChannelHandlerContext.java:352)
05-18 16:59:33.431 E/appium  ( 3164): 	at io.netty.channel.AbstractChannelHandlerContext.fireChannelRead(AbstractChannelHandlerContext.java:345)
05-18 16:59:33.431 E/appium  ( 3164): 	at io.netty.channel.DefaultChannelPipeline$HeadContext.channelRead(DefaultChannelPipeline.java:1294)
05-18 16:59:33.431 E/appium  ( 3164): 	at io.netty.channel.AbstractChannelHandlerContext.invokeChannelRead(AbstractChannelHandlerContext.java:366)
05-18 16:59:33.431 E/appium  ( 3164): 	at io.netty.channel.AbstractChannelHandlerContext.invokeChannelRead(AbstractChannelHandlerContext.java:352)
05-18 16:59:33.431 E/appium  ( 3164): 	at io.netty.channel.DefaultChannelPipeline.fireChannelRead(DefaultChannelPipeline.java:911)
05-18 16:59:33.431 E/appium  ( 3164): 	at io.netty.channel.nio.AbstractNioByteChannel$NioByteUnsafe.read(AbstractNioByteChannel.java:131)
05-18 16:59:33.431 E/appium  ( 3164): 	at io.netty.channel.nio.NioEventLoop.processSelectedKey(NioEventLoop.java:611)
05-18 16:59:33.431 E/appium  ( 3164): 	at io.netty.channel.nio.NioEventLoop.processSelectedKeysPlain(NioEventLoop.java:514)
05-18 16:59:33.431 E/appium  ( 3164): 	at io.netty.channel.nio.NioEventLoop.processSelectedKeys(NioEventLoop.java:468)
05-18 16:59:33.431 E/appium  ( 3164): 	at io.netty.channel.nio.NioEventLoop.run(NioEventLoop.java:438)
05-18 16:59:33.431 E/appium  ( 3164): 	at io.netty.util.concurrent.SingleThreadEventExecutor$2.run(SingleThreadEventExecutor.java:140)
05-18 16:59:33.431 E/appium  ( 3164): 	at io.netty.util.concurrent.DefaultThreadFactory$DefaultRunnableDecorator.run(DefaultThreadFactory.java:144)
05-18 16:59:33.431 E/appium  ( 3164): 	at java.lang.Thread.run(Thread.java:841)
05-18 16:59:33.461 E/GCM     (  731): Missing checkin config file
05-18 16:59:33.471 E/GCM     (  731): Missing checkin config file
05-18 16:59:33.521 E/GPSManager( 2745): Location changed : Lat: 40.00125 Lng: 105.56358166666665
05-18 16:59:34.521 E/appium  ( 3164): Element not found: 
05-18 16:59:34.521 E/appium  ( 3164): io.appium.uiautomator2.common.exceptions.ElementNotFoundException: Could not find an element using supplied strategy. 
05-18 16:59:34.521 E/appium  ( 3164): 	at io.appium.uiautomator2.handler.FindElement.getXPathUiObject(FindElement.java:80)
05-18 16:59:34.521 E/appium  ( 3164): 	at io.appium.uiautomator2.handler.FindElement.findElement(FindElement.java:153)
05-18 16:59:34.521 E/appium  ( 3164): 	at io.appium.uiautomator2.handler.FindElement.safeHandle(FindElement.java:102)
05-18 16:59:34.521 E/appium  ( 3164): 	at io.appium.uiautomator2.handler.request.SafeRequestHandler.handle(SafeRequestHandler.java:56)
05-18 16:59:34.521 E/appium  ( 3164): 	at io.appium.uiautomator2.server.AppiumServlet.handleRequest(AppiumServlet.java:202)
05-18 16:59:34.521 E/appium  ( 3164): 	at io.appium.uiautomator2.server.AppiumServlet.handleHttpRequest(AppiumServlet.java:193)
05-18 16:59:34.521 E/appium  ( 3164): 	at io.appium.uiautomator2.http.ServerHandler.channelRead(ServerHandler.java:44)
05-18 16:59:34.521 E/appium  ( 3164): 	at io.netty.channel.AbstractChannelHandlerContext.invokeChannelRead(AbstractChannelHandlerContext.java:366)
05-18 16:59:34.521 E/appium  ( 3164): 	at io.netty.channel.AbstractChannelHandlerContext.invokeChannelRead(AbstractChannelHandlerContext.java:352)
05-18 16:59:34.521 E/appium  ( 3164): 	at io.netty.channel.AbstractChannelHandlerContext.fireChannelRead(AbstractChannelHandlerContext.java:345)
05-18 16:59:34.521 E/appium  ( 3164): 	at io.netty.handler.codec.MessageToMessageDecoder.channelRead(MessageToMessageDecoder.java:102)
05-18 16:59:34.521 E/appium  ( 3164): 	at io.netty.channel.AbstractChannelHandlerContext.invokeChannelRead(AbstractChannelHandlerContext.java:366)
05-18 16:59:34.521 E/appium  ( 3164): 	at io.netty.channel.AbstractChannelHandlerContext.invokeChannelRead(AbstractChannelHandlerContext.java:352)
05-18 16:59:34.521 E/appium  ( 3164): 	at io.netty.channel.AbstractChannelHandlerContext.fireChannelRead(AbstractChannelHandlerContext.java:345)
05-18 16:59:34.521 E/appium  ( 3164): 	at io.netty.channel.CombinedChannelDuplexHandler$DelegatingChannelHandlerContext.fireChannelRead(CombinedChannelDuplexHandler.java:435)
05-18 16:59:34.521 E/appium  ( 3164): 	at io.netty.handler.codec.ByteToMessageDecoder.fireChannelRead(ByteToMessageDecoder.java:293)
05-18 16:59:34.521 E/appium  ( 3164): 	at io.netty.handler.codec.ByteToMessageDecoder.channelRead(ByteToMessageDecoder.java:267)
05-18 16:59:34.521 E/appium  ( 3164): 	at io.netty.channel.CombinedChannelDuplexHandler.channelRead(CombinedChannelDuplexHandler.java:250)
05-18 16:59:34.521 E/appium  ( 3164): 	at io.netty.channel.AbstractChannelHandlerContext.invokeChannelRead(AbstractChannelHandlerContext.java:366)
05-18 16:59:34.521 E/appium  ( 3164): 	at io.netty.channel.AbstractChannelHandlerContext.invokeChannelRead(AbstractChannelHandlerContext.java:352)
05-18 16:59:34.521 E/appium  ( 3164): 	at io.netty.channel.AbstractChannelHandlerContext.fireChannelRead(AbstractChannelHandlerContext.java:345)
05-18 16:59:34.521 E/appium  ( 3164): 	at io.netty.channel.DefaultChannelPipeline$HeadContext.channelRead(DefaultChannelPipeline.java:1294)
05-18 16:59:34.521 E/appium  ( 3164): 	at io.netty.channel.AbstractChannelHandlerContext.invokeChannelRead(AbstractChannelHandlerContext.java:366)
05-18 16:59:34.521 E/appium  ( 3164): 	at io.netty.channel.AbstractChannelHandlerContext.invokeChannelRead(AbstractChannelHandlerContext.java:352)
05-18 16:59:34.521 E/appium  ( 3164): 	at io.netty.channel.DefaultChannelPipeline.fireChannelRead(DefaultChannelPipeline.java:911)
05-18 16:59:34.521 E/appium  ( 3164): 	at io.netty.channel.nio.AbstractNioByteChannel$NioByteUnsafe.read(AbstractNioByteChannel.java:131)
05-18 16:59:34.521 E/appium  ( 3164): 	at io.netty.channel.nio.NioEventLoop.processSelectedKey(NioEventLoop.java:611)
05-18 16:59:34.521 E/appium  ( 3164): 	at io.netty.channel.nio.NioEventLoop.processSelectedKeysPlain(NioEventLoop.java:514)
05-18 16:59:34.521 E/appium  ( 3164): 	at io.netty.channel.nio.NioEventLoop.processSelectedKeys(NioEventLoop.java:468)
05-18 16:59:34.521 E/appium  ( 3164): 	at io.netty.channel.nio.NioEventLoop.run(NioEventLoop.java:438)
05-18 16:59:34.521 E/appium  ( 3164): 	at io.netty.util.concurrent.SingleThreadEventExecutor$2.run(SingleThreadEventExecutor.java:140)
05-18 16:59:34.521 E/appium  ( 3164): 	at io.netty.util.concurrent.DefaultThreadFactory$DefaultRunnableDecorator.run(DefaultThreadFactory.java:144)
05-18 16:59:34.521 E/appium  ( 3164): 	at java.lang.Thread.run(Thread.java:841)
05-18 16:59:34.531 E/GPSManager( 2745): Location changed : Lat: 40.00125 Lng: 105.56358166666665
05-18 16:59:35.501 E/appium  ( 3164): Element not found: 
05-18 16:59:35.501 E/appium  ( 3164): io.appium.uiautomator2.common.exceptions.ElementNotFoundException: Could not find an element using supplied strategy. 
05-18 16:59:35.501 E/appium  ( 3164): 	at io.appium.uiautomator2.handler.FindElement.getXPathUiObject(FindElement.java:80)
05-18 16:59:35.501 E/appium  ( 3164): 	at io.appium.uiautomator2.handler.FindElement.findElement(FindElement.java:153)
05-18 16:59:35.501 E/appium  ( 3164): 	at io.appium.uiautomator2.handler.FindElement.safeHandle(FindElement.java:102)
05-18 16:59:35.501 E/appium  ( 3164): 	at io.appium.uiautomator2.handler.request.SafeRequestHandler.handle(SafeRequestHandler.java:56)
05-18 16:59:35.501 E/appium  ( 3164): 	at io.appium.uiautomator2.server.AppiumServlet.handleRequest(AppiumServlet.java:202)
05-18 16:59:35.501 E/appium  ( 3164): 	at io.appium.uiautomator2.server.AppiumServlet.handleHttpRequest(AppiumServlet.java:193)
05-18 16:59:35.501 E/appium  ( 3164): 	at io.appium.uiautomator2.http.ServerHandler.channelRead(ServerHandler.java:44)
05-18 16:59:35.501 E/appium  ( 3164): 	at io.netty.channel.AbstractChannelHandlerContext.invokeChannelRead(AbstractChannelHandlerContext.java:366)
05-18 16:59:35.501 E/appium  ( 3164): 	at io.netty.channel.AbstractChannelHandlerContext.invokeChannelRead(AbstractChannelHandlerContext.java:352)
05-18 16:59:35.501 E/appium  ( 3164): 	at io.netty.channel.AbstractChannelHandlerContext.fireChannelRead(AbstractChannelHandlerContext.java:345)
05-18 16:59:35.501 E/appium  ( 3164): 	at io.netty.handler.codec.MessageToMessageDecoder.channelRead(MessageToMessageDecoder.java:102)
05-18 16:59:35.501 E/appium  ( 3164): 	at io.netty.channel.AbstractChannelHandlerContext.invokeChannelRead(AbstractChannelHandlerContext.java:366)
05-18 16:59:35.501 E/appium  ( 3164): 	at io.netty.channel.AbstractChannelHandlerContext.invokeChannelRead(AbstractChannelHandlerContext.java:352)
05-18 16:59:35.501 E/appium  ( 3164): 	at io.netty.channel.AbstractChannelHandlerContext.fireChannelRead(AbstractChannelHandlerContext.java:345)
05-18 16:59:35.501 E/appium  ( 3164): 	at io.netty.channel.CombinedChannelDuplexHandler$DelegatingChannelHandlerContext.fireChannelRead(CombinedChannelDuplexHandler.java:435)
05-18 16:59:35.501 E/appium  ( 3164): 	at io.netty.handler.codec.ByteToMessageDecoder.fireChannelRead(ByteToMessageDecoder.java:293)
05-18 16:59:35.501 E/appium  ( 3164): 	at io.netty.handler.codec.ByteToMessageDecoder.channelRead(ByteToMessageDecoder.java:267)
05-18 16:59:35.501 E/appium  ( 3164): 	at io.netty.channel.CombinedChannelDuplexHandler.channelRead(CombinedChannelDuplexHandler.java:250)
05-18 16:59:35.501 E/appium  ( 3164): 	at io.netty.channel.AbstractChannelHandlerContext.invokeChannelRead(AbstractChannelHandlerContext.java:366)
05-18 16:59:35.501 E/appium  ( 3164): 	at io.netty.channel.AbstractChannelHandlerContext.invokeChannelRead(AbstractChannelHandlerContext.java:352)
05-18 16:59:35.501 E/appium  ( 3164): 	at io.netty.channel.AbstractChannelHandlerContext.fireChannelRead(AbstractChannelHandlerContext.java:345)
05-18 16:59:35.501 E/appium  ( 3164): 	at io.netty.channel.DefaultChannelPipeline$HeadContext.channelRead(DefaultChannelPipeline.java:1294)
05-18 16:59:35.501 E/appium  ( 3164): 	at io.netty.channel.AbstractChannelHandlerContext.invokeChannelRead(AbstractChannelHandlerContext.java:366)
05-18 16:59:35.501 E/appium  ( 3164): 	at io.netty.channel.AbstractChannelHandlerContext.invokeChannelRead(AbstractChannelHandlerContext.java:352)
05-18 16:59:35.501 E/appium  ( 3164): 	at io.netty.channel.DefaultChannelPipeline.fireChannelRead(DefaultChannelPipeline.java:911)
05-18 16:59:35.501 E/appium  ( 3164): 	at io.netty.channel.nio.AbstractNioByteChannel$NioByteUnsafe.read(AbstractNioByteChannel.java:131)
05-18 16:59:35.501 E/appium  ( 3164): 	at io.netty.channel.nio.NioEventLoop.processSelectedKey(NioEventLoop.java:611)
05-18 16:59:35.501 E/appium  ( 3164): 	at io.netty.channel.nio.NioEventLoop.processSelectedKeysPlain(NioEventLoop.java:514)
05-18 16:59:35.501 E/appium  ( 3164): 	at io.netty.channel.nio.NioEventLoop.processSelectedKeys(NioEventLoop.java:468)
05-18 16:59:35.501 E/appium  ( 3164): 	at io.netty.channel.nio.NioEventLoop.run(NioEventLoop.java:438)
05-18 16:59:35.501 E/appium  ( 3164): 	at io.netty.util.concurrent.SingleThreadEventExecutor$2.run(SingleThreadEventExecutor.java:140)
05-18 16:59:35.501 E/appium  ( 3164): 	at io.netty.util.concurrent.DefaultThreadFactory$DefaultRunnableDecorator.run(DefaultThreadFactory.java:144)
05-18 16:59:35.501 E/appium  ( 3164): 	at java.lang.Thread.run(Thread.java:841)
05-18 16:59:35.541 E/GPSManager( 2745): Location changed : Lat: 40.00125 Lng: 105.56358166666665
05-18 16:59:36.431 E/appium  ( 3164): Element not found: 
05-18 16:59:36.431 E/appium  ( 3164): io.appium.uiautomator2.common.exceptions.ElementNotFoundException: Could not find an element using supplied strategy. 
05-18 16:59:36.431 E/appium  ( 3164): 	at io.appium.uiautomator2.handler.FindElement.getXPathUiObject(FindElement.java:80)
05-18 16:59:36.431 E/appium  ( 3164): 	at io.appium.uiautomator2.handler.FindElement.findElement(FindElement.java:153)
05-18 16:59:36.431 E/appium  ( 3164): 	at io.appium.uiautomator2.handler.FindElement.safeHandle(FindElement.java:102)
05-18 16:59:36.431 E/appium  ( 3164): 	at io.appium.uiautomator2.handler.request.SafeRequestHandler.handle(SafeRequestHandler.java:56)
05-18 16:59:36.431 E/appium  ( 3164): 	at io.appium.uiautomator2.server.AppiumServlet.handleRequest(AppiumServlet.java:202)
05-18 16:59:36.431 E/appium  ( 3164): 	at io.appium.uiautomator2.server.AppiumServlet.handleHttpRequest(AppiumServlet.java:193)
05-18 16:59:36.431 E/appium  ( 3164): 	at io.appium.uiautomator2.http.ServerHandler.channelRead(ServerHandler.java:44)
05-18 16:59:36.431 E/appium  ( 3164): 	at io.netty.channel.AbstractChannelHandlerContext.invokeChannelRead(AbstractChannelHandlerContext.java:366)
05-18 16:59:36.431 E/appium  ( 3164): 	at io.netty.channel.AbstractChannelHandlerContext.invokeChannelRead(AbstractChannelHandlerContext.java:352)
05-18 16:59:36.431 E/appium  ( 3164): 	at io.netty.channel.AbstractChannelHandlerContext.fireChannelRead(AbstractChannelHandlerContext.java:345)
05-18 16:59:36.431 E/appium  ( 3164): 	at io.netty.handler.codec.MessageToMessageDecoder.channelRead(MessageToMessageDecoder.java:102)
05-18 16:59:36.431 E/appium  ( 3164): 	at io.netty.channel.AbstractChannelHandlerContext.invokeChannelRead(AbstractChannelHandlerContext.java:366)
05-18 16:59:36.431 E/appium  ( 3164): 	at io.netty.channel.AbstractChannelHandlerContext.invokeChannelRead(AbstractChannelHandlerContext.java:352)
05-18 16:59:36.431 E/appium  ( 3164): 	at io.netty.channel.AbstractChannelHandlerContext.fireChannelRead(AbstractChannelHandlerContext.java:345)
05-18 16:59:36.431 E/appium  ( 3164): 	at io.netty.channel.CombinedChannelDuplexHandler$DelegatingChannelHandlerContext.fireChannelRead(CombinedChannelDuplexHandler.java:435)
05-18 16:59:36.431 E/appium  ( 3164): 	at io.netty.handler.codec.ByteToMessageDecoder.fireChannelRead(ByteToMessageDecoder.java:293)
05-18 16:59:36.431 E/appium  ( 3164): 	at io.netty.handler.codec.ByteToMessageDecoder.channelRead(ByteToMessageDecoder.java:267)
05-18 16:59:36.431 E/appium  ( 3164): 	at io.netty.channel.CombinedChannelDuplexHandler.channelRead(CombinedChannelDuplexHandler.java:250)
05-18 16:59:36.431 E/appium  ( 3164): 	at io.netty.channel.AbstractChannelHandlerContext.invokeChannelRead(AbstractChannelHandlerContext.java:366)
05-18 16:59:36.431 E/appium  ( 3164): 	at io.netty.channel.AbstractChannelHandlerContext.invokeChannelRead(AbstractChannelHandlerContext.java:352)
05-18 16:59:36.431 E/appium  ( 3164): 	at io.netty.channel.AbstractChannelHandlerContext.fireChannelRead(AbstractChannelHandlerContext.java:345)
05-18 16:59:36.431 E/appium  ( 3164): 	at io.netty.channel.DefaultChannelPipeline$HeadContext.channelRead(DefaultChannelPipeline.java:1294)
05-18 16:59:36.431 E/appium  ( 3164): 	at io.netty.channel.AbstractChannelHandlerContext.invokeChannelRead(AbstractChannelHandlerContext.java:366)
05-18 16:59:36.431 E/appium  ( 3164): 	at io.netty.channel.AbstractChannelHandlerContext.invokeChannelRead(AbstractChannelHandlerContext.java:352)
05-18 16:59:36.431 E/appium  ( 3164): 	at io.netty.channel.DefaultChannelPipeline.fireChannelRead(DefaultChannelPipeline.java:911)
05-18 16:59:36.431 E/appium  ( 3164): 	at io.netty.channel.nio.AbstractNioByteChannel$NioByteUnsafe.read(AbstractNioByteChannel.java:131)
05-18 16:59:36.431 E/appium  ( 3164): 	at io.netty.channel.nio.NioEventLoop.processSelectedKey(NioEventLoop.java:611)
05-18 16:59:36.431 E/appium  ( 3164): 	at io.netty.channel.nio.NioEventLoop.processSelectedKeysPlain(NioEventLoop.java:514)
05-18 16:59:36.431 E/appium  ( 3164): 	at io.netty.channel.nio.NioEventLoop.processSelectedKeys(NioEventLoop.java:468)
05-18 16:59:36.431 E/appium  ( 3164): 	at io.netty.channel.nio.NioEventLoop.run(NioEventLoop.java:438)
05-18 16:59:36.431 E/appium  ( 3164): 	at io.netty.util.concurrent.SingleThreadEventExecutor$2.run(SingleThreadEventExecutor.java:140)
05-18 16:59:36.431 E/appium  ( 3164): 	at io.netty.util.concurrent.DefaultThreadFactory$DefaultRunnableDecorator.run(DefaultThreadFactory.java:144)
05-18 16:59:36.431 E/appium  ( 3164): 	at java.lang.Thread.run(Thread.java:841)
05-18 16:59:36.531 E/GPSManager( 2745): Location changed : Lat: 40.00125 Lng: 105.56358166666665
05-18 16:59:37.461 E/appium  ( 3164): Element not found: 
05-18 16:59:37.461 E/appium  ( 3164): io.appium.uiautomator2.common.exceptions.ElementNotFoundException: Could not find an element using supplied strategy. 
05-18 16:59:37.461 E/appium  ( 3164): 	at io.appium.uiautomator2.handler.FindElement.getXPathUiObject(FindElement.java:80)
05-18 16:59:37.461 E/appium  ( 3164): 	at io.appium.uiautomator2.handler.FindElement.findElement(FindElement.java:153)
05-18 16:59:37.461 E/appium  ( 3164): 	at io.appium.uiautomator2.handler.FindElement.safeHandle(FindElement.java:102)
05-18 16:59:37.461 E/appium  ( 3164): 	at io.appium.uiautomator2.handler.request.SafeRequestHandler.handle(SafeRequestHandler.java:56)
05-18 16:59:37.461 E/appium  ( 3164): 	at io.appium.uiautomator2.server.AppiumServlet.handleRequest(AppiumServlet.java:202)
05-18 16:59:37.461 E/appium  ( 3164): 	at io.appium.uiautomator2.server.AppiumServlet.handleHttpRequest(AppiumServlet.java:193)
05-18 16:59:37.461 E/appium  ( 3164): 	at io.appium.uiautomator2.http.ServerHandler.channelRead(ServerHandler.java:44)
05-18 16:59:37.461 E/appium  ( 3164): 	at io.netty.channel.AbstractChannelHandlerContext.invokeChannelRead(AbstractChannelHandlerContext.java:366)
05-18 16:59:37.461 E/appium  ( 3164): 	at io.netty.channel.AbstractChannelHandlerContext.invokeChannelRead(AbstractChannelHandlerContext.java:352)
05-18 16:59:37.461 E/appium  ( 3164): 	at io.netty.channel.AbstractChannelHandlerContext.fireChannelRead(AbstractChannelHandlerContext.java:345)
05-18 16:59:37.461 E/appium  ( 3164): 	at io.netty.handler.codec.MessageToMessageDecoder.channelRead(MessageToMessageDecoder.java:102)
05-18 16:59:37.461 E/appium  ( 3164): 	at io.netty.channel.AbstractChannelHandlerContext.invokeChannelRead(AbstractChannelHandlerContext.java:366)
05-18 16:59:37.461 E/appium  ( 3164): 	at io.netty.channel.AbstractChannelHandlerContext.invokeChannelRead(AbstractChannelHandlerContext.java:352)
05-18 16:59:37.461 E/appium  ( 3164): 	at io.netty.channel.AbstractChannelHandlerContext.fireChannelRead(AbstractChannelHandlerContext.java:345)
05-18 16:59:37.461 E/appium  ( 3164): 	at io.netty.channel.CombinedChannelDuplexHandler$DelegatingChannelHandlerContext.fireChannelRead(CombinedChannelDuplexHandler.java:435)
05-18 16:59:37.461 E/appium  ( 3164): 	at io.netty.handler.codec.ByteToMessageDecoder.fireChannelRead(ByteToMessageDecoder.java:293)
05-18 16:59:37.461 E/appium  ( 3164): 	at io.netty.handler.codec.ByteToMessageDecoder.channelRead(ByteToMessageDecoder.java:267)
05-18 16:59:37.461 E/appium  ( 3164): 	at io.netty.channel.CombinedChannelDuplexHandler.channelRead(CombinedChannelDuplexHandler.java:250)
05-18 16:59:37.461 E/appium  ( 3164): 	at io.netty.channel.AbstractChannelHandlerContext.invokeChannelRead(AbstractChannelHandlerContext.java:366)
05-18 16:59:37.461 E/appium  ( 3164): 	at io.netty.channel.AbstractChannelHandlerContext.invokeChannelRead(AbstractChannelHandlerContext.java:352)
05-18 16:59:37.461 E/appium  ( 3164): 	at io.netty.channel.AbstractChannelHandlerContext.fireChannelRead(AbstractChannelHandlerContext.java:345)
05-18 16:59:37.461 E/appium  ( 3164): 	at io.netty.channel.DefaultChannelPipeline$HeadContext.channelRead(DefaultChannelPipeline.java:1294)
05-18 16:59:37.461 E/appium  ( 3164): 	at io.netty.channel.AbstractChannelHandlerContext.invokeChannelRead(AbstractChannelHandlerContext.java:366)
05-18 16:59:37.461 E/appium  ( 3164): 	at io.netty.channel.AbstractChannelHandlerContext.invokeChannelRead(AbstractChannelHandlerContext.java:352)
05-18 16:59:37.461 E/appium  ( 3164): 	at io.netty.channel.DefaultChannelPipeline.fireChannelRead(DefaultChannelPipeline.java:911)
05-18 16:59:37.461 E/appium  ( 3164): 	at io.netty.channel.nio.AbstractNioByteChannel$NioByteUnsafe.read(AbstractNioByteChannel.java:131)
05-18 16:59:37.461 E/appium  ( 3164): 	at io.netty.channel.nio.NioEventLoop.processSelectedKey(NioEventLoop.java:611)
05-18 16:59:37.461 E/appium  ( 3164): 	at io.netty.channel.nio.NioEventLoop.processSelectedKeysPlain(NioEventLoop.java:514)
05-18 16:59:37.461 E/appium  ( 3164): 	at io.netty.channel.nio.NioEventLoop.processSelectedKeys(NioEventLoop.java:468)
05-18 16:59:37.461 E/appium  ( 3164): 	at io.netty.channel.nio.NioEventLoop.run(NioEventLoop.java:438)
05-18 16:59:37.461 E/appium  ( 3164): 	at io.netty.util.concurrent.SingleThreadEventExecutor$2.run(SingleThreadEventExecutor.java:140)
05-18 16:59:37.461 E/appium  ( 3164): 	at io.netty.util.concurrent.DefaultThreadFactory$DefaultRunnableDecorator.run(DefaultThreadFactory.java:144)
05-18 16:59:37.461 E/appium  ( 3164): 	at java.lang.Thread.run(Thread.java:841)
05-18 16:59:37.541 E/GPSManager( 2745): Location changed : Lat: 40.00125 Lng: 105.56358166666665
05-18 16:59:38.501 E/appium  ( 3164): Element not found: 
05-18 16:59:38.501 E/appium  ( 3164): io.appium.uiautomator2.common.exceptions.ElementNotFoundException: Could not find an element using supplied strategy. 
05-18 16:59:38.501 E/appium  ( 3164): 	at io.appium.uiautomator2.handler.FindElement.getXPathUiObject(FindElement.java:80)
05-18 16:59:38.501 E/appium  ( 3164): 	at io.appium.uiautomator2.handler.FindElement.findElement(FindElement.java:153)
05-18 16:59:38.501 E/appium  ( 3164): 	at io.appium.uiautomator2.handler.FindElement.safeHandle(FindElement.java:102)
05-18 16:59:38.501 E/appium  ( 3164): 	at io.appium.uiautomator2.handler.request.SafeRequestHandler.handle(SafeRequestHandler.java:56)
05-18 16:59:38.501 E/appium  ( 3164): 	at io.appium.uiautomator2.server.AppiumServlet.handleRequest(AppiumServlet.java:202)
05-18 16:59:38.501 E/appium  ( 3164): 	at io.appium.uiautomator2.server.AppiumServlet.handleHttpRequest(AppiumServlet.java:193)
05-18 16:59:38.501 E/appium  ( 3164): 	at io.appium.uiautomator2.http.ServerHandler.channelRead(ServerHandler.java:44)
05-18 16:59:38.501 E/appium  ( 3164): 	at io.netty.channel.AbstractChannelHandlerContext.invokeChannelRead(AbstractChannelHandlerContext.java:366)
05-18 16:59:38.501 E/appium  ( 3164): 	at io.netty.channel.AbstractChannelHandlerContext.invokeChannelRead(AbstractChannelHandlerContext.java:352)
05-18 16:59:38.501 E/appium  ( 3164): 	at io.netty.channel.AbstractChannelHandlerContext.fireChannelRead(AbstractChannelHandlerContext.java:345)
05-18 16:59:38.501 E/appium  ( 3164): 	at io.netty.handler.codec.MessageToMessageDecoder.channelRead(MessageToMessageDecoder.java:102)
05-18 16:59:38.501 E/appium  ( 3164): 	at io.netty.channel.AbstractChannelHandlerContext.invokeChannelRead(AbstractChannelHandlerContext.java:366)
05-18 16:59:38.501 E/appium  ( 3164): 	at io.netty.channel.AbstractChannelHandlerContext.invokeChannelRead(AbstractChannelHandlerContext.java:352)
05-18 16:59:38.501 E/appium  ( 3164): 	at io.netty.channel.AbstractChannelHandlerContext.fireChannelRead(AbstractChannelHandlerContext.java:345)
05-18 16:59:38.501 E/appium  ( 3164): 	at io.netty.channel.CombinedChannelDuplexHandler$DelegatingChannelHandlerContext.fireChannelRead(CombinedChannelDuplexHandler.java:435)
05-18 16:59:38.501 E/appium  ( 3164): 	at io.netty.handler.codec.ByteToMessageDecoder.fireChannelRead(ByteToMessageDecoder.java:293)
05-18 16:59:38.501 E/appium  ( 3164): 	at io.netty.handler.codec.ByteToMessageDecoder.channelRead(ByteToMessageDecoder.java:267)
05-18 16:59:38.501 E/appium  ( 3164): 	at io.netty.channel.CombinedChannelDuplexHandler.channelRead(CombinedChannelDuplexHandler.java:250)
05-18 16:59:38.501 E/appium  ( 3164): 	at io.netty.channel.AbstractChannelHandlerContext.invokeChannelRead(AbstractChannelHandlerContext.java:366)
05-18 16:59:38.501 E/appium  ( 3164): 	at io.netty.channel.AbstractChannelHandlerContext.invokeChannelRead(AbstractChannelHandlerContext.java:352)
05-18 16:59:38.501 E/appium  ( 3164): 	at io.netty.channel.AbstractChannelHandlerContext.fireChannelRead(AbstractChannelHandlerContext.java:345)
05-18 16:59:38.501 E/appium  ( 3164): 	at io.netty.channel.DefaultChannelPipeline$HeadContext.channelRead(DefaultChannelPipeline.java:1294)
05-18 16:59:38.501 E/appium  ( 3164): 	at io.netty.channel.AbstractChannelHandlerContext.invokeChannelRead(AbstractChannelHandlerContext.java:366)
05-18 16:59:38.501 E/appium  ( 3164): 	at io.netty.channel.AbstractChannelHandlerContext.invokeChannelRead(AbstractChannelHandlerContext.java:352)
05-18 16:59:38.501 E/appium  ( 3164): 	at io.netty.channel.DefaultChannelPipeline.fireChannelRead(DefaultChannelPipeline.java:911)
05-18 16:59:38.501 E/appium  ( 3164): 	at io.netty.channel.nio.AbstractNioByteChannel$NioByteUnsafe.read(AbstractNioByteChannel.java:131)
05-18 16:59:38.501 E/appium  ( 3164): 	at io.netty.channel.nio.NioEventLoop.processSelectedKey(NioEventLoop.java:611)
05-18 16:59:38.501 E/appium  ( 3164): 	at io.netty.channel.nio.NioEventLoop.processSelectedKeysPlain(NioEventLoop.java:514)
05-18 16:59:38.501 E/appium  ( 3164): 	at io.netty.channel.nio.NioEventLoop.processSelectedKeys(NioEventLoop.java:468)
05-18 16:59:38.501 E/appium  ( 3164): 	at io.netty.channel.nio.NioEventLoop.run(NioEventLoop.java:438)
05-18 16:59:38.501 E/appium  ( 3164): 	at io.netty.util.concurrent.SingleThreadEventExecutor$2.run(SingleThreadEventExecutor.java:140)
05-18 16:59:38.501 E/appium  ( 3164): 	at io.netty.util.concurrent.DefaultThreadFactory$DefaultRunnableDecorator.run(DefaultThreadFactory.java:144)
05-18 16:59:38.501 E/appium  ( 3164): 	at java.lang.Thread.run(Thread.java:841)
05-18 16:59:38.551 E/GPSManager( 2745): Location changed : Lat: 40.00125 Lng: 105.56358166666665
05-18 16:59:39.511 E/appium  ( 3164): Element not found: 
05-18 16:59:39.511 E/appium  ( 3164): io.appium.uiautomator2.common.exceptions.ElementNotFoundException: Could not find an element using supplied strategy. 
05-18 16:59:39.511 E/appium  ( 3164): 	at io.appium.uiautomator2.handler.FindElement.getXPathUiObject(FindElement.java:80)
05-18 16:59:39.511 E/appium  ( 3164): 	at io.appium.uiautomator2.handler.FindElement.findElement(FindElement.java:153)
05-18 16:59:39.511 E/appium  ( 3164): 	at io.appium.uiautomator2.handler.FindElement.safeHandle(FindElement.java:102)
05-18 16:59:39.511 E/appium  ( 3164): 	at io.appium.uiautomator2.handler.request.SafeRequestHandler.handle(SafeRequestHandler.java:56)
05-18 16:59:39.511 E/appium  ( 3164): 	at io.appium.uiautomator2.server.AppiumServlet.handleRequest(AppiumServlet.java:202)
05-18 16:59:39.511 E/appium  ( 3164): 	at io.appium.uiautomator2.server.AppiumServlet.handleHttpRequest(AppiumServlet.java:193)
05-18 16:59:39.511 E/appium  ( 3164): 	at io.appium.uiautomator2.http.ServerHandler.channelRead(ServerHandler.java:44)
05-18 16:59:39.511 E/appium  ( 3164): 	at io.netty.channel.AbstractChannelHandlerContext.invokeChannelRead(AbstractChannelHandlerContext.java:366)
05-18 16:59:39.511 E/appium  ( 3164): 	at io.netty.channel.AbstractChannelHandlerContext.invokeChannelRead(AbstractChannelHandlerContext.java:352)
05-18 16:59:39.511 E/appium  ( 3164): 	at io.netty.channel.AbstractChannelHandlerContext.fireChannelRead(AbstractChannelHandlerContext.java:345)
05-18 16:59:39.511 E/appium  ( 3164): 	at io.netty.handler.codec.MessageToMessageDecoder.channelRead(MessageToMessageDecoder.java:102)
05-18 16:59:39.511 E/appium  ( 3164): 	at io.netty.channel.AbstractChannelHandlerContext.invokeChannelRead(AbstractChannelHandlerContext.java:366)
05-18 16:59:39.511 E/appium  ( 3164): 	at io.netty.channel.AbstractChannelHandlerContext.invokeChannelRead(AbstractChannelHandlerContext.java:352)
05-18 16:59:39.511 E/appium  ( 3164): 	at io.netty.channel.AbstractChannelHandlerContext.fireChannelRead(AbstractChannelHandlerContext.java:345)
05-18 16:59:39.511 E/appium  ( 3164): 	at io.netty.channel.CombinedChannelDuplexHandler$DelegatingChannelHandlerContext.fireChannelRead(CombinedChannelDuplexHandler.java:435)
05-18 16:59:39.511 E/appium  ( 3164): 	at io.netty.handler.codec.ByteToMessageDecoder.fireChannelRead(ByteToMessageDecoder.java:293)
05-18 16:59:39.511 E/appium  ( 3164): 	at io.netty.handler.codec.ByteToMessageDecoder.channelRead(ByteToMessageDecoder.java:267)
05-18 16:59:39.511 E/appium  ( 3164): 	at io.netty.channel.CombinedChannelDuplexHandler.channelRead(CombinedChannelDuplexHandler.java:250)
05-18 16:59:39.511 E/appium  ( 3164): 	at io.netty.channel.AbstractChannelHandlerContext.invokeChannelRead(AbstractChannelHandlerContext.java:366)
05-18 16:59:39.511 E/appium  ( 3164): 	at io.netty.channel.AbstractChannelHandlerContext.invokeChannelRead(AbstractChannelHandlerContext.java:352)
05-18 16:59:39.511 E/appium  ( 3164): 	at io.netty.channel.AbstractChannelHandlerContext.fireChannelRead(AbstractChannelHandlerContext.java:345)
05-18 16:59:39.511 E/appium  ( 3164): 	at io.netty.channel.DefaultChannelPipeline$HeadContext.channelRead(DefaultChannelPipeline.java:1294)
05-18 16:59:39.511 E/appium  ( 3164): 	at io.netty.channel.AbstractChannelHandlerContext.invokeChannelRead(AbstractChannelHandlerContext.java:366)
05-18 16:59:39.511 E/appium  ( 3164): 	at io.netty.channel.AbstractChannelHandlerContext.invokeChannelRead(AbstractChannelHandlerContext.java:352)
05-18 16:59:39.511 E/appium  ( 3164): 	at io.netty.channel.DefaultChannelPipeline.fireChannelRead(DefaultChannelPipeline.java:911)
05-18 16:59:39.511 E/appium  ( 3164): 	at io.netty.channel.nio.AbstractNioByteChannel$NioByteUnsafe.read(AbstractNioByteChannel.java:131)
05-18 16:59:39.511 E/appium  ( 3164): 	at io.netty.channel.nio.NioEventLoop.processSelectedKey(NioEventLoop.java:611)
05-18 16:59:39.511 E/appium  ( 3164): 	at io.netty.channel.nio.NioEventLoop.processSelectedKeysPlain(NioEventLoop.java:514)
05-18 16:59:39.511 E/appium  ( 3164): 	at io.netty.channel.nio.NioEventLoop.processSelectedKeys(NioEventLoop.java:468)
05-18 16:59:39.511 E/appium  ( 3164): 	at io.netty.channel.nio.NioEventLoop.run(NioEventLoop.java:438)
05-18 16:59:39.511 E/appium  ( 3164): 	at io.netty.util.concurrent.SingleThreadEventExecutor$2.run(SingleThreadEventExecutor.java:140)
05-18 16:59:39.511 E/appium  ( 3164): 	at io.netty.util.concurrent.DefaultThreadFactory$DefaultRunnableDecorator.run(DefaultThreadFactory.java:144)
05-18 16:59:39.511 E/appium  ( 3164): 	at java.lang.Thread.run(Thread.java:841)
05-18 16:59:39.551 E/GPSManager( 2745): Location changed : Lat: 40.00125 Lng: 105.56358166666665
05-18 16:59:40.551 E/GPSManager( 2745): Location changed : Lat: 40.00125 Lng: 105.56358166666665
05-18 16:59:40.761 E/appium  ( 3164): Element not found: 
05-18 16:59:40.761 E/appium  ( 3164): io.appium.uiautomator2.common.exceptions.ElementNotFoundException: Could not find an element using supplied strategy. 
05-18 16:59:40.761 E/appium  ( 3164): 	at io.appium.uiautomator2.handler.FindElement.getXPathUiObject(FindElement.java:80)
05-18 16:59:40.761 E/appium  ( 3164): 	at io.appium.uiautomator2.handler.FindElement.findElement(FindElement.java:153)
05-18 16:59:40.761 E/appium  ( 3164): 	at io.appium.uiautomator2.handler.FindElement.safeHandle(FindElement.java:102)
05-18 16:59:40.761 E/appium  ( 3164): 	at io.appium.uiautomator2.handler.request.SafeRequestHandler.handle(SafeRequestHandler.java:56)
05-18 16:59:40.761 E/appium  ( 3164): 	at io.appium.uiautomator2.server.AppiumServlet.handleRequest(AppiumServlet.java:202)
05-18 16:59:40.761 E/appium  ( 3164): 	at io.appium.uiautomator2.server.AppiumServlet.handleHttpRequest(AppiumServlet.java:193)
05-18 16:59:40.761 E/appium  ( 3164): 	at io.appium.uiautomator2.http.ServerHandler.channelRead(ServerHandler.java:44)
05-18 16:59:40.761 E/appium  ( 3164): 	at io.netty.channel.AbstractChannelHandlerContext.invokeChannelRead(AbstractChannelHandlerContext.java:366)
05-18 16:59:40.761 E/appium  ( 3164): 	at io.netty.channel.AbstractChannelHandlerContext.invokeChannelRead(AbstractChannelHandlerContext.java:352)
05-18 16:59:40.761 E/appium  ( 3164): 	at io.netty.channel.AbstractChannelHandlerContext.fireChannelRead(AbstractChannelHandlerContext.java:345)
05-18 16:59:40.761 E/appium  ( 3164): 	at io.netty.handler.codec.MessageToMessageDecoder.channelRead(MessageToMessageDecoder.java:102)
05-18 16:59:40.761 E/appium  ( 3164): 	at io.netty.channel.AbstractChannelHandlerContext.invokeChannelRead(AbstractChannelHandlerContext.java:366)
05-18 16:59:40.761 E/appium  ( 3164): 	at io.netty.channel.AbstractChannelHandlerContext.invokeChannelRead(AbstractChannelHandlerContext.java:352)
05-18 16:59:40.761 E/appium  ( 3164): 	at io.netty.channel.AbstractChannelHandlerContext.fireChannelRead(AbstractChannelHandlerContext.java:345)
05-18 16:59:40.761 E/appium  ( 3164): 	at io.netty.channel.CombinedChannelDuplexHandler$DelegatingChannelHandlerContext.fireChannelRead(CombinedChannelDuplexHandler.java:435)
05-18 16:59:40.761 E/appium  ( 3164): 	at io.netty.handler.codec.ByteToMessageDecoder.fireChannelRead(ByteToMessageDecoder.java:293)
05-18 16:59:40.761 E/appium  ( 3164): 	at io.netty.handler.codec.ByteToMessageDecoder.channelRead(ByteToMessageDecoder.java:267)
05-18 16:59:40.761 E/appium  ( 3164): 	at io.netty.channel.CombinedChannelDuplexHandler.channelRead(CombinedChannelDuplexHandler.java:250)
05-18 16:59:40.761 E/appium  ( 3164): 	at io.netty.channel.AbstractChannelHandlerContext.invokeChannelRead(AbstractChannelHandlerContext.java:366)
05-18 16:59:40.761 E/appium  ( 3164): 	at io.netty.channel.AbstractChannelHandlerContext.invokeChannelRead(AbstractChannelHandlerContext.java:352)
05-18 16:59:40.761 E/appium  ( 3164): 	at io.netty.channel.AbstractChannelHandlerContext.fireChannelRead(AbstractChannelHandlerContext.java:345)
05-18 16:59:40.761 E/appium  ( 3164): 	at io.netty.channel.DefaultChannelPipeline$HeadContext.channelRead(DefaultChannelPipeline.java:1294)
05-18 16:59:40.761 E/appium  ( 3164): 	at io.netty.channel.AbstractChannelHandlerContext.invokeChannelRead(AbstractChannelHandlerContext.java:366)
05-18 16:59:40.761 E/appium  ( 3164): 	at io.netty.channel.AbstractChannelHandlerContext.invokeChannelRead(AbstractChannelHandlerContext.java:352)
05-18 16:59:40.761 E/appium  ( 3164): 	at io.netty.channel.DefaultChannelPipeline.fireChannelRead(DefaultChannelPipeline.java:911)
05-18 16:59:40.761 E/appium  ( 3164): 	at io.netty.channel.nio.AbstractNioByteChannel$NioByteUnsafe.read(AbstractNioByteChannel.java:131)
05-18 16:59:40.761 E/appium  ( 3164): 	at io.netty.channel.nio.NioEventLoop.processSelectedKey(NioEventLoop.java:611)
05-18 16:59:40.761 E/appium  ( 3164): 	at io.netty.channel.nio.NioEventLoop.processSelectedKeysPlain(NioEventLoop.java:514)
05-18 16:59:40.761 E/appium  ( 3164): 	at io.netty.channel.nio.NioEventLoop.processSelectedKeys(NioEventLoop.java:468)
05-18 16:59:40.761 E/appium  ( 3164): 	at io.netty.channel.nio.NioEventLoop.run(NioEventLoop.java:438)
05-18 16:59:40.761 E/appium  ( 3164): 	at io.netty.util.concurrent.SingleThreadEventExecutor$2.run(SingleThreadEventExecutor.java:140)
05-18 16:59:40.761 E/appium  ( 3164): 	at io.netty.util.concurrent.DefaultThreadFactory$DefaultRunnableDecorator.run(DefaultThreadFactory.java:144)
05-18 16:59:40.761 E/appium  ( 3164): 	at java.lang.Thread.run(Thread.java:841)
05-18 16:59:41.551 E/GPSManager( 2745): Location changed : Lat: 40.00125 Lng: 105.56358166666665
05-18 16:59:41.661 E/appium  ( 3164): Element not found: 
05-18 16:59:41.661 E/appium  ( 3164): io.appium.uiautomator2.common.exceptions.ElementNotFoundException: Could not find an element using supplied strategy. 
05-18 16:59:41.661 E/appium  ( 3164): 	at io.appium.uiautomator2.handler.FindElement.getXPathUiObject(FindElement.java:80)
05-18 16:59:41.661 E/appium  ( 3164): 	at io.appium.uiautomator2.handler.FindElement.findElement(FindElement.java:153)
05-18 16:59:41.661 E/appium  ( 3164): 	at io.appium.uiautomator2.handler.FindElement.safeHandle(FindElement.java:102)
05-18 16:59:41.661 E/appium  ( 3164): 	at io.appium.uiautomator2.handler.request.SafeRequestHandler.handle(SafeRequestHandler.java:56)
05-18 16:59:41.661 E/appium  ( 3164): 	at io.appium.uiautomator2.server.AppiumServlet.handleRequest(AppiumServlet.java:202)
05-18 16:59:41.661 E/appium  ( 3164): 	at io.appium.uiautomator2.server.AppiumServlet.handleHttpRequest(AppiumServlet.java:193)
05-18 16:59:41.661 E/appium  ( 3164): 	at io.appium.uiautomator2.http.ServerHandler.channelRead(ServerHandler.java:44)
05-18 16:59:41.661 E/appium  ( 3164): 	at io.netty.channel.AbstractChannelHandlerContext.invokeChannelRead(AbstractChannelHandlerContext.java:366)
05-18 16:59:41.661 E/appium  ( 3164): 	at io.netty.channel.AbstractChannelHandlerContext.invokeChannelRead(AbstractChannelHandlerContext.java:352)
05-18 16:59:41.661 E/appium  ( 3164): 	at io.netty.channel.AbstractChannelHandlerContext.fireChannelRead(AbstractChannelHandlerContext.java:345)
05-18 16:59:41.661 E/appium  ( 3164): 	at io.netty.handler.codec.MessageToMessageDecoder.channelRead(MessageToMessageDecoder.java:102)
05-18 16:59:41.661 E/appium  ( 3164): 	at io.netty.channel.AbstractChannelHandlerContext.invokeChannelRead(AbstractChannelHandlerContext.java:366)
05-18 16:59:41.661 E/appium  ( 3164): 	at io.netty.channel.AbstractChannelHandlerContext.invokeChannelRead(AbstractChannelHandlerContext.java:352)
05-18 16:59:41.661 E/appium  ( 3164): 	at io.netty.channel.AbstractChannelHandlerContext.fireChannelRead(AbstractChannelHandlerContext.java:345)
05-18 16:59:41.661 E/appium  ( 3164): 	at io.netty.channel.CombinedChannelDuplexHandler$DelegatingChannelHandlerContext.fireChannelRead(CombinedChannelDuplexHandler.java:435)
05-18 16:59:41.661 E/appium  ( 3164): 	at io.netty.handler.codec.ByteToMessageDecoder.fireChannelRead(ByteToMessageDecoder.java:293)
05-18 16:59:41.661 E/appium  ( 3164): 	at io.netty.handler.codec.ByteToMessageDecoder.channelRead(ByteToMessageDecoder.java:267)
05-18 16:59:41.661 E/appium  ( 3164): 	at io.netty.channel.CombinedChannelDuplexHandler.channelRead(CombinedChannelDuplexHandler.java:250)
05-18 16:59:41.661 E/appium  ( 3164): 	at io.netty.channel.AbstractChannelHandlerContext.invokeChannelRead(AbstractChannelHandlerContext.java:366)
05-18 16:59:41.661 E/appium  ( 3164): 	at io.netty.channel.AbstractChannelHandlerContext.invokeChannelRead(AbstractChannelHandlerContext.java:352)
05-18 16:59:41.661 E/appium  ( 3164): 	at io.netty.channel.AbstractChannelHandlerContext.fireChannelRead(AbstractChannelHandlerContext.java:345)
05-18 16:59:41.661 E/appium  ( 3164): 	at io.netty.channel.DefaultChannelPipeline$HeadContext.channelRead(DefaultChannelPipeline.java:1294)
05-18 16:59:41.661 E/appium  ( 3164): 	at io.netty.channel.AbstractChannelHandlerContext.invokeChannelRead(AbstractChannelHandlerContext.java:366)
05-18 16:59:41.661 E/appium  ( 3164): 	at io.netty.channel.AbstractChannelHandlerContext.invokeChannelRead(AbstractChannelHandlerContext.java:352)
05-18 16:59:41.661 E/appium  ( 3164): 	at io.netty.channel.DefaultChannelPipeline.fireChannelRead(DefaultChannelPipeline.java:911)
05-18 16:59:41.661 E/appium  ( 3164): 	at io.netty.channel.nio.AbstractNioByteChannel$NioByteUnsafe.read(AbstractNioByteChannel.java:131)
05-18 16:59:41.661 E/appium  ( 3164): 	at io.netty.channel.nio.NioEventLoop.processSelectedKey(NioEventLoop.java:611)
05-18 16:59:41.661 E/appium  ( 3164): 	at io.netty.channel.nio.NioEventLoop.processSelectedKeysPlain(NioEventLoop.java:514)
05-18 16:59:41.661 E/appium  ( 3164): 	at io.netty.channel.nio.NioEventLoop.processSelectedKeys(NioEventLoop.java:468)
05-18 16:59:41.661 E/appium  ( 3164): 	at io.netty.channel.nio.NioEventLoop.run(NioEventLoop.java:438)
05-18 16:59:41.661 E/appium  ( 3164): 	at io.netty.util.concurrent.SingleThreadEventExecutor$2.run(SingleThreadEventExecutor.java:140)
05-18 16:59:41.661 E/appium  ( 3164): 	at io.netty.util.concurrent.DefaultThreadFactory$DefaultRunnableDecorator.run(DefaultThreadFactory.java:144)
05-18 16:59:41.661 E/appium  ( 3164): 	at java.lang.Thread.run(Thread.java:841)
05-18 16:59:42.551 E/GPSManager( 2745): Location changed : Lat: 40.00125 Lng: 105.56358166666665
05-18 16:59:42.701 E/appium  ( 3164): Element not found: 
05-18 16:59:42.701 E/appium  ( 3164): io.appium.uiautomator2.common.exceptions.ElementNotFoundException: Could not find an element using supplied strategy. 
05-18 16:59:42.701 E/appium  ( 3164): 	at io.appium.uiautomator2.handler.FindElement.getXPathUiObject(FindElement.java:80)
05-18 16:59:42.701 E/appium  ( 3164): 	at io.appium.uiautomator2.handler.FindElement.findElement(FindElement.java:153)
