05-17 16:25:49.503 E/WifiStateMachine(  851):  ConnectedState (when=-4ms what=131155 arg1=548!CMD_RSSI_POLL 548 0 "BOCO-office" 94:b4:0f:68:a4:b1 rssi=-55 f=5785 sc=80 link=150 tx=5.4, 0.0, 0.0  rx=133.7 bcn=0 [on:0 tx:0 rx:0 period:3001] from screen [on:0 period:548108575] gl rssi=-55 ag=0 hr ticks 0,0,28 ls-=0 [56,56,60,60,65] brc=0 lrc=0
05-17 16:25:49.513 E/WifiStateMachine(  851):  L2ConnectedState (when=-14ms what=131155 arg1=548!CMD_RSSI_POLL 548 0 "BOCO-office" 94:b4:0f:68:a4:b1 rssi=-55 f=5785 sc=80 link=150 tx=5.4, 0.0, 0.0  rx=133.7 bcn=0 [on:0 tx:0 rx:0 period:10] from screen [on:0 period:548108585] gl rssi=-55 ag=0 hr ticks 0,0,28 ls-=0 [56,56,60,60,65] brc=0 lrc=0
05-17 16:25:49.516 E/WifiStateMachine(  851):  get link layer stats 0
05-17 16:25:49.529 E/WifiStateMachine(  851): calculateWifiScore() we set wifi's score to 1000, so will always set wifi as a default network.
05-17 16:25:49.715 E/WifiTrafficPoller(  851): TRAFFIC_STATS_POLL true Token 2406 num clients 18
05-17 16:25:49.716 E/WifiTrafficPoller(  851):  packet count Tx=1620093 Rx=5418778
05-17 16:25:50.717 E/WifiTrafficPoller(  851): TRAFFIC_STATS_POLL true Token 2406 num clients 18
05-17 16:25:50.718 E/WifiTrafficPoller(  851):  packet count Tx=1620093 Rx=5418806
05-17 16:25:50.718 E/WifiTrafficPoller(  851): notifying of data activity 1
05-17 16:25:51.719 E/WifiTrafficPoller(  851): TRAFFIC_STATS_POLL true Token 2406 num clients 18
05-17 16:25:51.720 E/WifiTrafficPoller(  851):  packet count Tx=1620104 Rx=5418834
05-17 16:25:51.720 E/WifiTrafficPoller(  851): notifying of data activity 3
05-17 16:25:52.536 E/WifiStateMachine(  851):  ConnectedState (when=-4ms what=131155 arg1=548!CMD_RSSI_POLL 548 0 "BOCO-office" 94:b4:0f:68:a4:b1 rssi=-55 f=5785 sc=80 link=150 tx=4.2, 0.0, 0.0  rx=103.3 bcn=0 [on:0 tx:0 rx:0 period:2999] from screen [on:0 period:548111608] gl rssi=-55 ag=0 hr ticks 0,0,28 ls-=0 [56,56,56,56,61] brc=0 lrc=0
05-17 16:25:52.538 E/WifiStateMachine(  851):  L2ConnectedState (when=-7ms what=131155 arg1=548!CMD_RSSI_POLL 548 0 "BOCO-office" 94:b4:0f:68:a4:b1 rssi=-55 f=5785 sc=80 link=150 tx=4.2, 0.0, 0.0  rx=103.3 bcn=0 [on:0 tx:0 rx:0 period:2] from screen [on:0 period:548111610] gl rssi=-55 ag=0 hr ticks 0,0,28 ls-=0 [56,56,56,56,61] brc=0 lrc=0
05-17 16:25:52.539 E/WifiStateMachine(  851):  get link layer stats 0
05-17 16:25:52.556 E/WifiStateMachine(  851): calculateWifiScore() we set wifi's score to 1000, so will always set wifi as a default network.
05-17 16:25:52.727 E/WifiTrafficPoller(  851): TRAFFIC_STATS_POLL true Token 2406 num clients 18
05-17 16:25:52.728 E/WifiTrafficPoller(  851):  packet count Tx=1620104 Rx=5418854
05-17 16:25:52.728 E/WifiTrafficPoller(  851): notifying of data activity 1
05-17 16:25:53.732 E/WifiTrafficPoller(  851): TRAFFIC_STATS_POLL true Token 2406 num clients 18
05-17 16:25:53.732 E/WifiTrafficPoller(  851):  packet count Tx=1620105 Rx=5418872
05-17 16:25:53.732 E/WifiTrafficPoller(  851): notifying of data activity 3
05-17 16:25:54.477 E/memtrack(27052): Couldn't load memtrack module (No such file or directory)
05-17 16:25:54.477 E/android.os.Debug(27052): failed to load memtrack module: -2
05-17 16:25:54.735 E/WifiTrafficPoller(  851): TRAFFIC_STATS_POLL true Token 2406 num clients 18
05-17 16:25:54.735 E/WifiTrafficPoller(  851):  packet count Tx=1620113 Rx=5418896
05-17 16:25:54.892 E/MPlugin (27068): Unsupported class: com.mediatek.common.telephony.IOnlyOwnerSimSupport
05-17 16:25:55.039 E/WifiTrafficPoller(  851): ADD_CLIENT: 19
05-17 16:25:55.386 E/MPlugin (27107): Unsupported class: com.mediatek.common.telephony.IOnlyOwnerSimSupport
05-17 16:25:55.557 E/WifiTrafficPoller(  851): ADD_CLIENT: 20
05-17 16:25:55.559 E/WifiStateMachine(  851):  ConnectedState (when=-3ms what=131155 arg1=548!CMD_RSSI_POLL 548 0 "BOCO-office" 94:b4:0f:68:a4:b1 rssi=-54 f=5785 sc=80 link=150 tx=7.6, 0.0, 0.0  rx=86.7 bcn=0 [on:0 tx:0 rx:0 period:2999] from screen [on:0 period:548114631] gl rssi=-54 ag=0 hr ticks 0,0,28 ls-=0 [56,56,60,60,65] brc=0 lrc=0
05-17 16:25:55.560 E/WifiStateMachine(  851):  L2ConnectedState (when=-4ms what=131155 arg1=548!CMD_RSSI_POLL 548 0 "BOCO-office" 94:b4:0f:68:a4:b1 rssi=-54 f=5785 sc=80 link=150 tx=7.6, 0.0, 0.0  rx=86.7 bcn=0 [on:0 tx:0 rx:0 period:1] from screen [on:0 period:548114632] gl rssi=-54 ag=0 hr ticks 0,0,28 ls-=0 [56,56,60,60,65] brc=0 lrc=0
05-17 16:25:55.560 E/WifiStateMachine(  851):  get link layer stats 0
05-17 16:25:55.564 E/WifiStateMachine(  851): calculateWifiScore() we set wifi's score to 1000, so will always set wifi as a default network.
05-17 16:25:55.700 E/MPlugin (27155): Unsupported class: com.mediatek.common.telephony.IOnlyOwnerSimSupport
05-17 16:25:55.736 E/WifiTrafficPoller(  851): TRAFFIC_STATS_POLL true Token 2406 num clients 20
05-17 16:25:55.736 E/WifiTrafficPoller(  851):  packet count Tx=1620136 Rx=5418929
05-17 16:25:55.984 E/memtrack(27208): Couldn't load memtrack module (No such file or directory)
05-17 16:25:55.984 E/android.os.Debug(27208): failed to load memtrack module: -2
05-17 16:25:56.737 E/WifiTrafficPoller(  851): TRAFFIC_STATS_POLL true Token 2406 num clients 20
05-17 16:25:56.737 E/WifiTrafficPoller(  851):  packet count Tx=1620138 Rx=5418961
05-17 16:25:57.580 E/AKAD    (27107): java.net.SocketTimeoutException: failed to connect to show-m.mediav.com/180.163.255.159 (port 443) after 2000ms
05-17 16:25:57.580 E/AKAD    (27107): java.net.SocketTimeoutException: failed to connect to show-m.mediav.com/180.163.255.159 (port 443) after 2000ms
05-17 16:25:57.580 E/AKAD    (27107): 	at libcore.io.IoBridge.connectErrno(IoBridge.java:189)
05-17 16:25:57.580 E/AKAD    (27107): 	at libcore.io.IoBridge.connect(IoBridge.java:127)
05-17 16:25:57.580 E/AKAD    (27107): 	at java.net.PlainSocketImpl.connect(PlainSocketImpl.java:188)
05-17 16:25:57.580 E/AKAD    (27107): 	at java.net.PlainSocketImpl.connect(PlainSocketImpl.java:461)
05-17 16:25:57.580 E/AKAD    (27107): 	at java.net.Socket.connect(Socket.java:918)
05-17 16:25:57.580 E/AKAD    (27107): 	at com.android.okhttp.internal.Platform.connectSocket(Platform.java:174)
05-17 16:25:57.580 E/AKAD    (27107): 	at com.android.okhttp.Connection.connect(Connection.java:152)
05-17 16:25:57.580 E/AKAD    (27107): 	at com.android.okhttp.internal.http.HttpEngine.connect(HttpEngine.java:282)
05-17 16:25:57.580 E/AKAD    (27107): 	at com.android.okhttp.internal.http.HttpEngine.sendRequest(HttpEngine.java:216)
05-17 16:25:57.580 E/AKAD    (27107): 	at com.android.okhttp.internal.http.HttpURLConnectionImpl.execute(HttpURLConnectionImpl.java:391)
05-17 16:25:57.580 E/AKAD    (27107): 	at com.android.okhttp.internal.http.HttpURLConnectionImpl.connect(HttpURLConnectionImpl.java:106)
05-17 16:25:57.580 E/AKAD    (27107): 	at com.android.okhttp.internal.http.HttpURLConnectionImpl.getOutputStream(HttpURLConnectionImpl.java:217)
05-17 16:25:57.580 E/AKAD    (27107): 	at com.android.okhttp.internal.http.DelegatingHttpsURLConnection.getOutputStream(DelegatingHttpsURLConnection.java:218)
05-17 16:25:57.580 E/AKAD    (27107): 	at com.android.okhttp.internal.http.HttpsURLConnectionImpl.getOutputStream(HttpsURLConnectionImpl.java:25)
05-17 16:25:57.580 E/AKAD    (27107): 	at com.ak.android.base.e.d.a(news:43)
05-17 16:25:57.580 E/AKAD    (27107): 	at com.ak.android.base.e.b.run(news:179)
05-17 16:25:57.580 E/AKAD    (27107): 	at java.util.concurrent.ThreadPoolExecutor.runWorker(ThreadPoolExecutor.java:1112)
05-17 16:25:57.580 E/AKAD    (27107): 	at java.util.concurrent.ThreadPoolExecutor$Worker.run(ThreadPoolExecutor.java:587)
05-17 16:25:57.580 E/AKAD    (27107): 	at java.lang.Thread.run(Thread.java:818)
05-17 16:25:57.680 E/NotificationService(  851): Suppressing notification from package com.qihoo.appstore by user request.
05-17 16:25:57.690 E/NotificationService(  851): Suppressing notification from package com.qihoo.appstore by user request.
05-17 16:25:57.702 E/AKAD    (27107): no ad
05-17 16:25:57.738 E/WifiTrafficPoller(  851): TRAFFIC_STATS_POLL true Token 2406 num clients 20
05-17 16:25:57.739 E/WifiTrafficPoller(  851):  packet count Tx=1620142 Rx=5418995
05-17 16:25:58.343 E/CoreDaemonUtils(27068): getLibDir/data/app/com.qihoo.appstore-2/lib/arm
05-17 16:25:58.448 E/NotificationService(  851): Suppressing notification from package com.qihoo.appstore by user request.
05-17 16:25:58.453 E/NotificationService(  851): Suppressing notification from package com.qihoo.appstore by user request.
05-17 16:25:58.506 E/DaemonThread(27068): countProcess => 0
05-17 16:25:58.566 E/WifiStateMachine(  851):  ConnectedState (when=-2ms what=131155 arg1=548!CMD_RSSI_POLL 548 0 "BOCO-office" 94:b4:0f:68:a4:b1 rssi=-53 f=5785 sc=80 link=150 tx=18.8, 0.0, 0.0  rx=81.8 bcn=0 [on:0 tx:0 rx:0 period:2999] from screen [on:0 period:548117638] gl rssi=-53 ag=0 hr ticks 0,0,28 ls-=0 [56,56,60,60,65] brc=0 lrc=0
05-17 16:25:58.567 E/WifiStateMachine(  851):  L2ConnectedState (when=-3ms what=131155 arg1=548!CMD_RSSI_POLL 548 0 "BOCO-office" 94:b4:0f:68:a4:b1 rssi=-53 f=5785 sc=80 link=150 tx=18.8, 0.0, 0.0  rx=81.8 bcn=0 [on:0 tx:0 rx:0 period:1] from screen [on:0 period:548117639] gl rssi=-53 ag=0 hr ticks 0,0,28 ls-=0 [56,56,60,60,65] brc=0 lrc=0
05-17 16:25:58.567 E/WifiStateMachine(  851):  get link layer stats 0
05-17 16:25:58.569 E/WifiStateMachine(  851): calculateWifiScore() we set wifi's score to 1000, so will always set wifi as a default network.
05-17 16:25:58.597 E/NativeCrypto(27107): ssl=0xe0d38a00 cert_verify_callback x509_store_ctx=0xddbfc1f0 arg=0x0
05-17 16:25:58.597 E/NativeCrypto(27107): ssl=0xe0d38a00 cert_verify_callback calling verifyCertificateChain authMethod=ECDHE_RSA
05-17 16:25:58.698 E/memtrack(27279): Couldn't load memtrack module (No such file or directory)
05-17 16:25:58.698 E/android.os.Debug(27279): failed to load memtrack module: -2
05-17 16:25:58.739 E/WifiTrafficPoller(  851): TRAFFIC_STATS_POLL true Token 2406 num clients 20
05-17 16:25:58.740 E/WifiTrafficPoller(  851):  packet count Tx=1620157 Rx=5419023
05-17 16:25:58.849 E/CoreDaemon(27304): getProcessName com.qihoo.appstore_CoreDaemon
05-17 16:25:58.852 E/CoreDaemon(27305): getProcessName com.qihoo.appstore_CoreDaemon
05-17 16:25:58.946 E/NotificationService(  851): Suppressing notification from package com.qihoo.appstore by user request.
05-17 16:25:58.949 E/NotificationService(  851): Suppressing notification from package com.qihoo.appstore by user request.
05-17 16:25:59.740 E/WifiTrafficPoller(  851): TRAFFIC_STATS_POLL true Token 2406 num clients 20
05-17 16:25:59.740 E/WifiTrafficPoller(  851):  packet count Tx=1620159 Rx=5419043
05-17 16:26:00.250 E/memtrack(27312): Couldn't load memtrack module (No such file or directory)
05-17 16:26:00.250 E/android.os.Debug(27312): failed to load memtrack module: -2
05-17 16:26:00.740 E/WifiTrafficPoller(  851): TRAFFIC_STATS_POLL true Token 2406 num clients 20
05-17 16:26:00.741 E/WifiTrafficPoller(  851):  packet count Tx=1620161 Rx=5419061
05-17 16:26:00.972 E/fpc_jni ( 1924): abortNative()
05-17 16:26:01.572 E/WifiStateMachine(  851):  ConnectedState (when=-2ms what=131155 arg1=548!CMD_RSSI_POLL 548 0 "BOCO-office" 94:b4:0f:68:a4:b1 rssi=-53 f=5785 sc=80 link=150 tx=15.4, 0.0, 0.0  rx=84.4 bcn=0 [on:0 tx:0 rx:0 period:3001] from screen [on:0 period:548120644] gl rssi=-53 ag=0 hr ticks 0,0,28 ls-=0 [56,56,60,60,65] brc=0 lrc=0
05-17 16:26:01.573 E/WifiStateMachine(  851):  L2ConnectedState (when=-3ms what=131155 arg1=548!CMD_RSSI_POLL 548 0 "BOCO-office" 94:b4:0f:68:a4:b1 rssi=-53 f=5785 sc=80 link=150 tx=15.4, 0.0, 0.0  rx=84.4 bcn=0 [on:0 tx:0 rx:0 period:1] from screen [on:0 period:548120645] gl rssi=-53 ag=0 hr ticks 0,0,28 ls-=0 [56,56,60,60,65] brc=0 lrc=0
05-17 16:26:01.573 E/WifiStateMachine(  851):  get link layer stats 0
05-17 16:26:01.575 E/WifiStateMachine(  851): calculateWifiScore() we set wifi's score to 1000, so will always set wifi as a default network.
05-17 16:26:01.741 E/WifiTrafficPoller(  851): TRAFFIC_STATS_POLL true Token 2406 num clients 20
05-17 16:26:01.741 E/WifiTrafficPoller(  851):  packet count Tx=1620161 Rx=5419074
05-17 16:26:01.741 E/WifiTrafficPoller(  851): notifying of data activity 1
05-17 16:26:02.743 E/WifiTrafficPoller(  851): TRAFFIC_STATS_POLL true Token 2406 num clients 20
05-17 16:26:02.744 E/WifiTrafficPoller(  851):  packet count Tx=1620162 Rx=5419102
05-17 16:26:02.744 E/WifiTrafficPoller(  851): notifying of data activity 3
05-17 16:26:03.546 E/memtrack(27331): Couldn't load memtrack module (No such file or directory)
05-17 16:26:03.546 E/android.os.Debug(27331): failed to load memtrack module: -2
05-17 16:26:03.748 E/WifiTrafficPoller(  851): TRAFFIC_STATS_POLL true Token 2406 num clients 20
05-17 16:26:03.749 E/WifiTrafficPoller(  851):  packet count Tx=1620162 Rx=5419128
05-17 16:26:03.749 E/WifiTrafficPoller(  851): notifying of data activity 1
05-17 16:26:04.579 E/WifiStateMachine(  851):  ConnectedState (when=-3ms what=131155 arg1=548!CMD_RSSI_POLL 548 0 "BOCO-office" 94:b4:0f:68:a4:b1 rssi=-53 f=5785 sc=80 link=150 tx=15.2, 0.0, 0.0  rx=73.2 bcn=0 [on:0 tx:0 rx:0 period:3002] from screen [on:0 period:548123651] gl rssi=-53 ag=0 hr ticks 0,0,28 ls-=0 [56,56,60,60,65] brc=0 lrc=0
05-17 16:26:04.580 E/WifiStateMachine(  851):  L2ConnectedState (when=-4ms what=131155 arg1=548!CMD_RSSI_POLL 548 0 "BOCO-office" 94:b4:0f:68:a4:b1 rssi=-53 f=5785 sc=80 link=150 tx=15.2, 0.0, 0.0  rx=73.2 bcn=0 [on:0 tx:0 rx:0 period:1] from screen [on:0 period:548123652] gl rssi=-53 ag=0 hr ticks 0,0,28 ls-=0 [56,56,60,60,65] brc=0 lrc=0
05-17 16:26:04.580 E/WifiStateMachine(  851):  get link layer stats 0
05-17 16:26:04.594 E/WifiStateMachine(  851): calculateWifiScore() we set wifi's score to 1000, so will always set wifi as a default network.
05-17 16:26:04.749 E/WifiTrafficPoller(  851): TRAFFIC_STATS_POLL true Token 2406 num clients 20
05-17 16:26:04.750 E/WifiTrafficPoller(  851):  packet count Tx=1620164 Rx=5419143
05-17 16:26:04.750 E/WifiTrafficPoller(  851): notifying of data activity 3
05-17 16:26:05.750 E/WifiTrafficPoller(  851): TRAFFIC_STATS_POLL true Token 2406 num clients 20
05-17 16:26:05.752 E/WifiTrafficPoller(  851):  packet count Tx=1620164 Rx=5419156
05-17 16:26:05.752 E/WifiTrafficPoller(  851): notifying of data activity 1
05-17 16:26:06.759 E/WifiTrafficPoller(  851): TRAFFIC_STATS_POLL true Token 2406 num clients 20
05-17 16:26:06.759 E/WifiTrafficPoller(  851):  packet count Tx=1620164 Rx=5419175
05-17 16:26:07.154 E/memtrack(27365): Couldn't load memtrack module (No such file or directory)
05-17 16:26:07.155 E/android.os.Debug(27365): failed to load memtrack module: -2
05-17 16:26:07.599 E/WifiStateMachine(  851):  ConnectedState (when=-4ms what=131155 arg1=548!CMD_RSSI_POLL 548 0 "BOCO-office" 94:b4:0f:68:a4:b1 rssi=-52 f=5785 sc=80 link=150 tx=8.1, 0.0, 0.0  rx=70.6 bcn=0 [on:0 tx:0 rx:0 period:3003] from screen [on:0 period:548126671] gl rssi=-52 ag=0 hr ticks 0,0,28 ls-=0 [56,56,60,60,65] brc=0 lrc=0
05-17 16:26:07.600 E/WifiStateMachine(  851):  L2ConnectedState (when=-5ms what=131155 arg1=548!CMD_RSSI_POLL 548 0 "BOCO-office" 94:b4:0f:68:a4:b1 rssi=-52 f=5785 sc=80 link=150 tx=8.1, 0.0, 0.0  rx=70.6 bcn=0 [on:0 tx:0 rx:0 period:1] from screen [on:0 period:548126672] gl rssi=-52 ag=0 hr ticks 0,0,28 ls-=0 [56,56,60,60,65] brc=0 lrc=0
05-17 16:26:07.600 E/WifiStateMachine(  851):  get link layer stats 0
05-17 16:26:07.615 E/WifiStateMachine(  851): calculateWifiScore() we set wifi's score to 1000, so will always set wifi as a default network.
05-17 16:26:07.759 E/WifiTrafficPoller(  851): TRAFFIC_STATS_POLL true Token 2406 num clients 20
05-17 16:26:07.760 E/WifiTrafficPoller(  851):  packet count Tx=1620164 Rx=5419228
05-17 16:26:08.761 E/WifiTrafficPoller(  851): TRAFFIC_STATS_POLL true Token 2406 num clients 20
05-17 16:26:08.763 E/WifiTrafficPoller(  851):  packet count Tx=1620164 Rx=5419257
05-17 16:26:09.763 E/WifiTrafficPoller(  851): TRAFFIC_STATS_POLL true Token 2406 num clients 20
05-17 16:26:09.765 E/WifiTrafficPoller(  851):  packet count Tx=1620164 Rx=5419273
05-17 16:26:10.588 E/SurfaceFlinger(  285): onDraw: bindTextureImage test
05-17 16:26:10.606 E/SurfaceFlinger(  285): onDraw: bindTextureImage test
05-17 16:26:10.616 E/WifiStateMachine(  851):  ConnectedState (when=-1ms what=131155 arg1=548!CMD_RSSI_POLL 548 0 "BOCO-office" 94:b4:0f:68:a4:b1 rssi=-52 f=5785 sc=80 link=150 tx=5.1, 0.0, 0.0  rx=74.8 bcn=0 [on:0 tx:0 rx:0 period:3000] from screen [on:0 period:548129688] gl rssi=-52 ag=0 hr ticks 0,0,28 ls-=0 [56,56,60,60,65] brc=0 lrc=0
05-17 16:26:10.617 E/WifiStateMachine(  851):  L2ConnectedState (when=-2ms what=131155 arg1=548!CMD_RSSI_POLL 548 0 "BOCO-office" 94:b4:0f:68:a4:b1 rssi=-52 f=5785 sc=80 link=150 tx=5.1, 0.0, 0.0  rx=74.8 bcn=0 [on:0 tx:0 rx:0 period:1] from screen [on:0 period:548129689] gl rssi=-52 ag=0 hr ticks 0,0,28 ls-=0 [56,56,60,60,65] brc=0 lrc=0
05-17 16:26:10.617 E/WifiStateMachine(  851):  get link layer stats 0
05-17 16:26:10.619 E/WifiStateMachine(  851): calculateWifiScore() we set wifi's score to 1000, so will always set wifi as a default network.
05-17 16:26:10.624 E/SurfaceFlinger(  285): onDraw: bindTextureImage test
05-17 16:26:10.639 E/SurfaceFlinger(  285): onDraw: bindTextureImage test
05-17 16:26:10.656 E/SurfaceFlinger(  285): onDraw: bindTextureImage test
05-17 16:26:10.672 E/SurfaceFlinger(  285): onDraw: bindTextureImage test
05-17 16:26:10.689 E/SurfaceFlinger(  285): onDraw: bindTextureImage test
05-17 16:26:10.706 E/SurfaceFlinger(  285): onDraw: bindTextureImage test
05-17 16:26:10.770 E/WifiTrafficPoller(  851): TRAFFIC_STATS_POLL true Token 2406 num clients 20
05-17 16:26:10.770 E/WifiTrafficPoller(  851):  packet count Tx=1620166 Rx=5419293
05-17 16:26:10.770 E/WifiTrafficPoller(  851): notifying of data activity 3
05-17 16:26:11.095 E/SurfaceFlinger(  285): onDraw: bindTextureImage test
05-17 16:26:11.112 E/SurfaceFlinger(  285): onDraw: bindTextureImage test
05-17 16:26:11.127 E/SurfaceFlinger(  285): onDraw: bindTextureImage test
05-17 16:26:11.160 E/SurfaceFlinger(  285): onDraw: bindTextureImage test
05-17 16:26:11.177 E/SurfaceFlinger(  285): onDraw: bindTextureImage test
05-17 16:26:11.194 E/SurfaceFlinger(  285): onDraw: bindTextureImage test
05-17 16:26:11.227 E/SurfaceFlinger(  285): onDraw: bindTextureImage test
05-17 16:26:11.244 E/SurfaceFlinger(  285): onDraw: bindTextureImage test
05-17 16:26:11.261 E/SurfaceFlinger(  285): onDraw: bindTextureImage test
05-17 16:26:11.278 E/SurfaceFlinger(  285): onDraw: bindTextureImage test
05-17 16:26:11.294 E/SurfaceFlinger(  285): onDraw: bindTextureImage test
05-17 16:26:11.311 E/SurfaceFlinger(  285): onDraw: bindTextureImage test
05-17 16:26:11.329 E/SurfaceFlinger(  285): onDraw: bindTextureImage test
05-17 16:26:11.771 E/WifiTrafficPoller(  851): TRAFFIC_STATS_POLL true Token 2406 num clients 20
05-17 16:26:11.773 E/WifiTrafficPoller(  851):  packet count Tx=1620168 Rx=5419318
05-17 16:26:12.773 E/WifiTrafficPoller(  851): TRAFFIC_STATS_POLL true Token 2406 num clients 20
05-17 16:26:12.773 E/WifiTrafficPoller(  851):  packet count Tx=1620169 Rx=5419340
05-17 16:26:12.859 E/SurfaceFlinger(  285): onDraw: bindTextureImage test
05-17 16:26:12.876 E/SurfaceFlinger(  285): onDraw: bindTextureImage test
05-17 16:26:12.893 E/SurfaceFlinger(  285): onDraw: bindTextureImage test
05-17 16:26:12.910 E/SurfaceFlinger(  285): onDraw: bindTextureImage test
05-17 16:26:12.928 E/SurfaceFlinger(  285): onDraw: bindTextureImage test
05-17 16:26:12.945 E/SurfaceFlinger(  285): onDraw: bindTextureImage test
05-17 16:26:12.962 E/SurfaceFlinger(  285): onDraw: bindTextureImage test
05-17 16:26:13.622 E/WifiStateMachine(  851):  ConnectedState (when=-3ms what=131155 arg1=548!CMD_RSSI_POLL 548 0 "BOCO-office" 94:b4:0f:68:a4:b1 rssi=-51 f=5785 sc=80 link=150 tx=3.0, 0.0, 0.0  rx=71.9 bcn=0 [on:0 tx:0 rx:0 period:3001] from screen [on:0 period:548132694] gl rssi=-51 ag=0 hr ticks 0,0,28 ls-=0 [56,56,56,56,61] brc=0 lrc=0
05-17 16:26:13.623 E/WifiStateMachine(  851):  L2ConnectedState (when=-4ms what=131155 arg1=548!CMD_RSSI_POLL 548 0 "BOCO-office" 94:b4:0f:68:a4:b1 rssi=-51 f=5785 sc=80 link=150 tx=3.0, 0.0, 0.0  rx=71.9 bcn=0 [on:0 tx:0 rx:0 period:1] from screen [on:0 period:548132695] gl rssi=-51 ag=0 hr ticks 0,0,28 ls-=0 [56,56,56,56,61] brc=0 lrc=0
05-17 16:26:13.623 E/WifiStateMachine(  851):  get link layer stats 0
05-17 16:26:13.649 E/WifiStateMachine(  851): calculateWifiScore() we set wifi's score to 1000, so will always set wifi as a default network.
05-17 16:26:13.774 E/WifiTrafficPoller(  851): TRAFFIC_STATS_POLL true Token 2406 num clients 20
05-17 16:26:13.775 E/WifiTrafficPoller(  851):  packet count Tx=1620169 Rx=5419369
05-17 16:26:13.775 E/WifiTrafficPoller(  851): notifying of data activity 1
05-17 16:26:14.794 E/WifiTrafficPoller(  851): TRAFFIC_STATS_POLL true Token 2406 num clients 20
05-17 16:26:14.795 E/WifiTrafficPoller(  851):  packet count Tx=1620169 Rx=5419393
05-17 16:26:15.165 E/SurfaceFlinger(  285): onDraw: bindTextureImage test
05-17 16:26:15.181 E/SurfaceFlinger(  285): onDraw: bindTextureImage test
05-17 16:26:15.198 E/SurfaceFlinger(  285): onDraw: bindTextureImage test
05-17 16:26:15.216 E/SurfaceFlinger(  285): onDraw: bindTextureImage test
05-17 16:26:15.233 E/SurfaceFlinger(  285): onDraw: bindTextureImage test
05-17 16:26:15.249 E/SurfaceFlinger(  285): onDraw: bindTextureImage test
05-17 16:26:15.266 E/SurfaceFlinger(  285): onDraw: bindTextureImage test
05-17 16:26:15.283 E/SurfaceFlinger(  285): onDraw: bindTextureImage test
05-17 16:26:15.585 E/SurfaceFlinger(  285): onDraw: bindTextureImage test
05-17 16:26:15.602 E/SurfaceFlinger(  285): onDraw: bindTextureImage test
05-17 16:26:15.619 E/SurfaceFlinger(  285): onDraw: bindTextureImage test
05-17 16:26:15.637 E/SurfaceFlinger(  285): onDraw: bindTextureImage test
05-17 16:26:15.653 E/SurfaceFlinger(  285): onDraw: bindTextureImage test
05-17 16:26:15.669 E/SurfaceFlinger(  285): onDraw: bindTextureImage test
05-17 16:26:15.770 E/SurfaceFlinger(  285): onDraw: bindTextureImage test
05-17 16:26:15.787 E/SurfaceFlinger(  285): onDraw: bindTextureImage test
05-17 16:26:15.796 E/WifiTrafficPoller(  851): TRAFFIC_STATS_POLL true Token 2406 num clients 20
05-17 16:26:15.796 E/WifiTrafficPoller(  851):  packet count Tx=1620172 Rx=5419411
05-17 16:26:15.796 E/WifiTrafficPoller(  851): notifying of data activity 3
05-17 16:26:15.804 E/SurfaceFlinger(  285): onDraw: bindTextureImage test
05-17 16:26:15.822 E/SurfaceFlinger(  285): onDraw: bindTextureImage test
05-17 16:26:15.837 E/SurfaceFlinger(  285): onDraw: bindTextureImage test
05-17 16:26:15.854 E/SurfaceFlinger(  285): onDraw: bindTextureImage test
05-17 16:26:15.871 E/SurfaceFlinger(  285): onDraw: bindTextureImage test
05-17 16:26:16.653 E/WifiStateMachine(  851):  ConnectedState (when=-2ms what=131155 arg1=548!CMD_RSSI_POLL 548 0 "BOCO-office" 94:b4:0f:68:a4:b1 rssi=-51 f=5785 sc=80 link=150 tx=3.5, 0.0, 0.0  rx=72.5 bcn=0 [on:0 tx:0 rx:0 period:2990] from screen [on:0 period:548135725] gl rssi=-51 ag=0 hr ticks 0,0,28 ls-=0 [56,56,56,56,61] brc=0 lrc=0
05-17 16:26:16.656 E/WifiStateMachine(  851):  L2ConnectedState (when=-4ms what=131155 arg1=548!CMD_RSSI_POLL 548 0 "BOCO-office" 94:b4:0f:68:a4:b1 rssi=-51 f=5785 sc=80 link=150 tx=3.5, 0.0, 0.0  rx=72.5 bcn=0 [on:0 tx:0 rx:0 period:3] from screen [on:0 period:548135728] gl rssi=-51 ag=0 hr ticks 0,0,28 ls-=0 [56,56,56,56,61] brc=0 lrc=0
05-17 16:26:16.656 E/WifiStateMachine(  851):  get link layer stats 0
05-17 16:26:16.676 E/WifiStateMachine(  851): calculateWifiScore() we set wifi's score to 1000, so will always set wifi as a default network.
05-17 16:26:16.797 E/WifiTrafficPoller(  851): TRAFFIC_STATS_POLL true Token 2406 num clients 20
05-17 16:26:16.797 E/WifiTrafficPoller(  851):  packet count Tx=1620172 Rx=5419432
05-17 16:26:16.797 E/WifiTrafficPoller(  851): notifying of data activity 1
05-17 16:26:17.419 E/SurfaceFlinger(  285): onDraw: bindTextureImage test
05-17 16:26:17.436 E/SurfaceFlinger(  285): onDraw: bindTextureImage test
05-17 16:26:17.452 E/SurfaceFlinger(  285): onDraw: bindTextureImage test
05-17 16:26:17.469 E/SurfaceFlinger(  285): onDraw: bindTextureImage test
05-17 16:26:17.487 E/SurfaceFlinger(  285): onDraw: bindTextureImage test
05-17 16:26:17.504 E/SurfaceFlinger(  285): onDraw: bindTextureImage test
05-17 16:26:17.522 E/SurfaceFlinger(  285): onDraw: bindTextureImage test
05-17 16:26:17.798 E/WifiTrafficPoller(  851): TRAFFIC_STATS_POLL true Token 2406 num clients 20
05-17 16:26:17.799 E/WifiTrafficPoller(  851):  packet count Tx=1620174 Rx=5419456
05-17 16:26:17.799 E/WifiTrafficPoller(  851): notifying of data activity 3
05-17 16:26:18.812 E/WifiTrafficPoller(  851): TRAFFIC_STATS_POLL true Token 2406 num clients 20
05-17 16:26:18.813 E/WifiTrafficPoller(  851):  packet count Tx=1620176 Rx=5419472
05-17 16:26:19.679 E/WifiStateMachine(  851):  ConnectedState (when=-2ms what=131155 arg1=548!CMD_RSSI_POLL 548 0 "BOCO-office" 94:b4:0f:68:a4:b1 rssi=-51 f=5785 sc=80 link=150 tx=3.3, 0.0, 0.0  rx=69.7 bcn=0 [on:0 tx:0 rx:0 period:3001] from screen [on:0 period:548138751] gl rssi=-51 ag=0 hr ticks 0,0,28 ls-=0 [56,56,56,56,61] brc=0 lrc=0
05-17 16:26:19.683 E/WifiStateMachine(  851):  L2ConnectedState (when=-7ms what=131155 arg1=548!CMD_RSSI_POLL 548 0 "BOCO-office" 94:b4:0f:68:a4:b1 rssi=-51 f=5785 sc=80 link=150 tx=3.3, 0.0, 0.0  rx=69.7 bcn=0 [on:0 tx:0 rx:0 period:4] from screen [on:0 period:548138755] gl rssi=-51 ag=0 hr ticks 0,0,28 ls-=0 [56,56,56,56,61] brc=0 lrc=0
05-17 16:26:19.686 E/WifiStateMachine(  851):  get link layer stats 0
05-17 16:26:19.695 E/WifiStateMachine(  851): calculateWifiScore() we set wifi's score to 1000, so will always set wifi as a default network.
05-17 16:26:19.813 E/WifiTrafficPoller(  851): TRAFFIC_STATS_POLL true Token 2406 num clients 20
05-17 16:26:19.814 E/WifiTrafficPoller(  851):  packet count Tx=1620176 Rx=5419504
05-17 16:26:19.814 E/WifiTrafficPoller(  851): notifying of data activity 1
05-17 16:26:20.415 E/SurfaceFlinger(  285): onDraw: bindTextureImage test
05-17 16:26:20.431 E/SurfaceFlinger(  285): onDraw: bindTextureImage test
05-17 16:26:20.447 E/SurfaceFlinger(  285): onDraw: bindTextureImage test
05-17 16:26:20.463 E/SurfaceFlinger(  285): onDraw: bindTextureImage test
05-17 16:26:20.480 E/SurfaceFlinger(  285): onDraw: bindTextureImage test
05-17 16:26:20.498 E/SurfaceFlinger(  285): onDraw: bindTextureImage test
05-17 16:26:20.514 E/SurfaceFlinger(  285): onDraw: bindTextureImage test
05-17 16:26:20.531 E/SurfaceFlinger(  285): onDraw: bindTextureImage test
05-17 16:26:20.751 E/SurfaceFlinger(  285): onDraw: bindTextureImage test
05-17 16:26:20.768 E/SurfaceFlinger(  285): onDraw: bindTextureImage test
05-17 16:26:20.785 E/SurfaceFlinger(  285): onDraw: bindTextureImage test
05-17 16:26:20.818 E/SurfaceFlinger(  285): onDraw: bindTextureImage test
05-17 16:26:20.832 E/WifiTrafficPoller(  851): TRAFFIC_STATS_POLL true Token 2406 num clients 20
05-17 16:26:20.833 E/WifiTrafficPoller(  851):  packet count Tx=1620181 Rx=5419523
05-17 16:26:20.834 E/WifiTrafficPoller(  851): notifying of data activity 3
05-17 16:26:20.835 E/SurfaceFlinger(  285): onDraw: bindTextureImage test
05-17 16:26:20.852 E/SurfaceFlinger(  285): onDraw: bindTextureImage test
05-17 16:26:20.936 E/SurfaceFlinger(  285): onDraw: bindTextureImage test
05-17 16:26:20.953 E/SurfaceFlinger(  285): onDraw: bindTextureImage test
05-17 16:26:20.970 E/SurfaceFlinger(  285): onDraw: bindTextureImage test
05-17 16:26:20.988 E/SurfaceFlinger(  285): onDraw: bindTextureImage test
05-17 16:26:21.003 E/SurfaceFlinger(  285): onDraw: bindTextureImage test
05-17 16:26:21.020 E/SurfaceFlinger(  285): onDraw: bindTextureImage test
05-17 16:26:21.037 E/SurfaceFlinger(  285): onDraw: bindTextureImage test
05-17 16:26:21.837 E/WifiTrafficPoller(  851): TRAFFIC_STATS_POLL true Token 2406 num clients 20
05-17 16:26:21.839 E/WifiTrafficPoller(  851):  packet count Tx=1620181 Rx=5419541
05-17 16:26:21.839 E/WifiTrafficPoller(  851): notifying of data activity 1
05-17 16:26:22.617 E/SurfaceFlinger(  285): onDraw: bindTextureImage test
05-17 16:26:22.634 E/SurfaceFlinger(  285): onDraw: bindTextureImage test
05-17 16:26:22.651 E/SurfaceFlinger(  285): onDraw: bindTextureImage test
05-17 16:26:22.669 E/SurfaceFlinger(  285): onDraw: bindTextureImage test
05-17 16:26:22.687 E/SurfaceFlinger(  285): onDraw: bindTextureImage test
05-17 16:26:22.703 E/SurfaceFlinger(  285): onDraw: bindTextureImage test
05-17 16:26:22.707 E/WifiStateMachine(  851):  ConnectedState (when=-4ms what=131155 arg1=548!CMD_RSSI_POLL 548 0 "BOCO-office" 94:b4:0f:68:a4:b1 rssi=-52 f=5785 sc=80 link=150 tx=3.6, 0.0, 0.0  rx=71.9 bcn=0 [on:0 tx:0 rx:0 period:2990] from screen [on:0 period:548141775] gl rssi=-52 ag=0 hr ticks 0,0,28 ls-=0 [56,56,56,56,61] brc=0 lrc=0
05-17 16:26:22.711 E/WifiStateMachine(  851):  L2ConnectedState (when=-13ms what=131155 arg1=548!CMD_RSSI_POLL 548 0 "BOCO-office" 94:b4:0f:68:a4:b1 rssi=-52 f=5785 sc=80 link=150 tx=3.6, 0.0, 0.0  rx=71.9 bcn=0 [on:0 tx:0 rx:0 period:8] from screen [on:0 period:548141783] gl rssi=-52 ag=0 hr ticks 0,0,28 ls-=0 [56,56,56,56,61] brc=0 lrc=0
05-17 16:26:22.712 E/WifiStateMachine(  851):  get link layer stats 0
05-17 16:26:22.719 E/SurfaceFlinger(  285): onDraw: bindTextureImage test
05-17 16:26:22.739 E/WifiStateMachine(  851): calculateWifiScore() we set wifi's score to 1000, so will always set wifi as a default network.
05-17 16:26:22.841 E/WifiTrafficPoller(  851): TRAFFIC_STATS_POLL true Token 2406 num clients 20
05-17 16:26:22.841 E/WifiTrafficPoller(  851):  packet count Tx=1620181 Rx=5419561
05-17 16:26:23.841 E/WifiTrafficPoller(  851): TRAFFIC_STATS_POLL true Token 2406 num clients 20
05-17 16:26:23.842 E/WifiTrafficPoller(  851):  packet count Tx=1620182 Rx=5419584
05-17 16:26:23.842 E/WifiTrafficPoller(  851): notifying of data activity 3
05-17 16:26:24.849 E/WifiTrafficPoller(  851): TRAFFIC_STATS_POLL true Token 2406 num clients 20
05-17 16:26:24.851 E/WifiTrafficPoller(  851):  packet count Tx=1620184 Rx=5419616
05-17 16:26:25.631 E/CellLocation(27107): create GsmCellLocation
05-17 16:26:25.642 E/CellLocation(27107): create GsmCellLocation
05-17 16:26:25.743 E/WifiStateMachine(  851):  ConnectedState (when=-3ms what=131155 arg1=548!CMD_RSSI_POLL 548 0 "BOCO-office" 94:b4:0f:68:a4:b1 rssi=-51 f=5785 sc=80 link=150 tx=4.3, 0.0, 0.0  rx=63.9 bcn=0 [on:0 tx:0 rx:0 period:2999] from screen [on:0 period:548144815] gl rssi=-51 ag=0 hr ticks 0,0,28 ls-=0 [56,56,56,56,61] brc=0 lrc=0
05-17 16:26:25.744 E/WifiStateMachine(  851):  L2ConnectedState (when=-4ms what=131155 arg1=548!CMD_RSSI_POLL 548 0 "BOCO-office" 94:b4:0f:68:a4:b1 rssi=-51 f=5785 sc=80 link=150 tx=4.3, 0.0, 0.0  rx=63.9 bcn=0 [on:0 tx:0 rx:0 period:1] from screen [on:0 period:548144816] gl rssi=-51 ag=0 hr ticks 0,0,28 ls-=0 [56,56,56,56,61] brc=0 lrc=0
05-17 16:26:25.744 E/WifiStateMachine(  851):  get link layer stats 0
05-17 16:26:25.746 E/WifiStateMachine(  851): calculateWifiScore() we set wifi's score to 1000, so will always set wifi as a default network.
05-17 16:26:25.851 E/WifiTrafficPoller(  851): TRAFFIC_STATS_POLL true Token 2406 num clients 20
05-17 16:26:25.852 E/WifiTrafficPoller(  851):  packet count Tx=1620224 Rx=5419646
05-17 16:26:26.851 E/WifiTrafficPoller(  851): TRAFFIC_STATS_POLL true Token 2406 num clients 20
05-17 16:26:26.852 E/WifiTrafficPoller(  851):  packet count Tx=1620285 Rx=5419681
05-17 16:26:27.563 E/memtrack(27484): Couldn't load memtrack module (No such file or directory)
05-17 16:26:27.563 E/android.os.Debug(27484): failed to load memtrack module: -2
05-17 16:26:27.853 E/WifiTrafficPoller(  851): TRAFFIC_STATS_POLL true Token 2406 num clients 20
05-17 16:26:27.853 E/WifiTrafficPoller(  851):  packet count Tx=1620306 Rx=5419710
05-17 16:26:28.750 E/WifiStateMachine(  851):  ConnectedState (when=-3ms what=131155 arg1=548!CMD_RSSI_POLL 548 0 "BOCO-office" 94:b4:0f:68:a4:b1 rssi=-53 f=5785 sc=80 link=150 tx=7.7, 0.0, 0.0  rx=74.0 bcn=0 [on:0 tx:0 rx:0 period:3002] from screen [on:0 period:548147822] gl rssi=-53 ag=0 hr ticks 0,0,28 ls-=0 [56,56,60,60,65] brc=0 lrc=0
05-17 16:26:28.750 E/WifiStateMachine(  851):  L2ConnectedState (when=-3ms what=131155 arg1=548!CMD_RSSI_POLL 548 0 "BOCO-office" 94:b4:0f:68:a4:b1 rssi=-53 f=5785 sc=80 link=150 tx=7.7, 0.0, 0.0  rx=74.0 bcn=0 [on:0 tx:0 rx:0 period:0] from screen [on:0 period:548147822] gl rssi=-53 ag=0 hr ticks 0,0,28 ls-=0 [56,56,60,60,65] brc=0 lrc=0
05-17 16:26:28.750 E/WifiStateMachine(  851):  get link layer stats 0
05-17 16:26:28.753 E/WifiStateMachine(  851): calculateWifiScore() we set wifi's score to 1000, so will always set wifi as a default network.
05-17 16:26:28.854 E/WifiTrafficPoller(  851): TRAFFIC_STATS_POLL true Token 2406 num clients 20
05-17 16:26:28.855 E/WifiTrafficPoller(  851):  packet count Tx=1620342 Rx=5419732
05-17 16:26:29.855 E/WifiTrafficPoller(  851): TRAFFIC_STATS_POLL true Token 2406 num clients 20
05-17 16:26:29.857 E/WifiTrafficPoller(  851):  packet count Tx=1620363 Rx=5419752
05-17 16:26:30.857 E/WifiTrafficPoller(  851): TRAFFIC_STATS_POLL true Token 2406 num clients 20
05-17 16:26:30.857 E/WifiTrafficPoller(  851):  packet count Tx=1620363 Rx=5419768
05-17 16:26:30.857 E/WifiTrafficPoller(  851): notifying of data activity 1
05-17 16:26:31.489 E/memtrack(27501): Couldn't load memtrack module (No such file or directory)
05-17 16:26:31.489 E/android.os.Debug(27501): failed to load memtrack module: -2
05-17 16:26:31.757 E/WifiStateMachine(  851):  ConnectedState (when=-3ms what=131155 arg1=548!CMD_RSSI_POLL 548 0 "BOCO-office" 94:b4:0f:68:a4:b1 rssi=-51 f=5785 sc=80 link=150 tx=61.3, 0.0, 0.0  rx=81.0 bcn=0 [on:0 tx:0 rx:0 period:3002] from screen [on:0 period:548150829] gl rssi=-51 ag=0 hr ticks 0,0,28 ls-=0 [56,56,60,60,65] brc=0 lrc=0
05-17 16:26:31.758 E/WifiStateMachine(  851):  L2ConnectedState (when=-4ms what=131155 arg1=548!CMD_RSSI_POLL 548 0 "BOCO-office" 94:b4:0f:68:a4:b1 rssi=-51 f=5785 sc=80 link=150 tx=61.3, 0.0, 0.0  rx=81.0 bcn=0 [on:0 tx:0 rx:0 period:1] from screen [on:0 period:548150830] gl rssi=-51 ag=0 hr ticks 0,0,28 ls-=0 [56,56,60,60,65] brc=0 lrc=0
05-17 16:26:31.758 E/WifiStateMachine(  851):  get link layer stats 0
05-17 16:26:31.774 E/WifiStateMachine(  851): calculateWifiScore() we set wifi's score to 1000, so will always set wifi as a default network.
05-17 16:26:31.859 E/WifiTrafficPoller(  851): TRAFFIC_STATS_POLL true Token 2406 num clients 20
05-17 16:26:31.860 E/WifiTrafficPoller(  851):  packet count Tx=1620363 Rx=5419782
05-17 16:26:32.860 E/WifiTrafficPoller(  851): TRAFFIC_STATS_POLL true Token 2406 num clients 20
05-17 16:26:32.861 E/WifiTrafficPoller(  851):  packet count Tx=1620396 Rx=5419800
05-17 16:26:32.862 E/WifiTrafficPoller(  851): notifying of data activity 3
05-17 16:26:33.865 E/WifiTrafficPoller(  851): TRAFFIC_STATS_POLL true Token 2406 num clients 20
05-17 16:26:33.867 E/WifiTrafficPoller(  851):  packet count Tx=1620420 Rx=5419816
05-17 16:26:34.779 E/WifiStateMachine(  851):  ConnectedState (when=-4ms what=131155 arg1=548!CMD_RSSI_POLL 548 0 "BOCO-office" 94:b4:0f:68:a4:b1 rssi=-51 f=5785 sc=80 link=150 tx=58.7, 0.0, 0.0  rx=65.5 bcn=0 [on:0 tx:0 rx:0 period:3002] from screen [on:0 period:548153851] gl rssi=-51 ag=0 hr ticks 0,0,28 ls-=0 [56,56,60,60,65] brc=0 lrc=0
05-17 16:26:34.781 E/WifiStateMachine(  851):  L2ConnectedState (when=-6ms what=131155 arg1=548!CMD_RSSI_POLL 548 0 "BOCO-office" 94:b4:0f:68:a4:b1 rssi=-51 f=5785 sc=80 link=150 tx=58.7, 0.0, 0.0  rx=65.5 bcn=0 [on:0 tx:0 rx:0 period:2] from screen [on:0 period:548153853] gl rssi=-51 ag=0 hr ticks 0,0,28 ls-=0 [56,56,60,60,65] brc=0 lrc=0
05-17 16:26:34.784 E/WifiStateMachine(  851):  get link layer stats 0
05-17 16:26:34.804 E/WifiStateMachine(  851): calculateWifiScore() we set wifi's score to 1000, so will always set wifi as a default network.
05-17 16:26:34.866 E/WifiTrafficPoller(  851): TRAFFIC_STATS_POLL true Token 2406 num clients 20
05-17 16:26:34.867 E/WifiTrafficPoller(  851):  packet count Tx=1620420 Rx=5419830
05-17 16:26:34.867 E/WifiTrafficPoller(  851): notifying of data activity 1
05-17 16:26:35.868 E/WifiTrafficPoller(  851): TRAFFIC_STATS_POLL true Token 2406 num clients 20
05-17 16:26:35.869 E/WifiTrafficPoller(  851):  packet count Tx=1620420 Rx=5419844
05-17 16:26:36.483 E/memtrack(27519): Couldn't load memtrack module (No such file or directory)
05-17 16:26:36.483 E/android.os.Debug(27519): failed to load memtrack module: -2
05-17 16:26:36.870 E/WifiTrafficPoller(  851): TRAFFIC_STATS_POLL true Token 2406 num clients 19
05-17 16:26:36.872 E/WifiTrafficPoller(  851):  packet count Tx=1620422 Rx=5419868
05-17 16:26:36.872 E/WifiTrafficPoller(  851): notifying of data activity 3
05-17 16:26:36.944 E/VMSG    (27537): RegisterNatives OnUserCommand1
05-17 16:26:37.125 E/NativeCrypto(27537): ssl=0x7fa302f980 cert_verify_callback x509_store_ctx=0x7f9e5f6e88 arg=0x0
05-17 16:26:37.127 E/NativeCrypto(27537): ssl=0x7fa302f980 cert_verify_callback calling verifyCertificateChain authMethod=ECDHE_RSA
05-17 16:26:37.284 E/baidumapsdk(27537): Authentication Error errorcode: 230 uid: -1 appid -1 msg: APP Scode码校验失败
05-17 16:26:37.810 E/WifiStateMachine(  851):  ConnectedState (when=-4ms what=131155 arg1=548!CMD_RSSI_POLL 548 0 "BOCO-office" 94:b4:0f:68:a4:b1 rssi=-52 f=5785 sc=80 link=150 tx=57.8, 0.0, 0.0  rx=57.7 bcn=0 [on:0 tx:0 rx:0 period:3003] from screen [on:0 period:548156882] gl rssi=-52 ag=0 hr ticks 0,0,28 ls-=0 [56,56,60,60,65] brc=0 lrc=0
05-17 16:26:37.812 E/WifiStateMachine(  851):  L2ConnectedState (when=-6ms what=131155 arg1=548!CMD_RSSI_POLL 548 0 "BOCO-office" 94:b4:0f:68:a4:b1 rssi=-52 f=5785 sc=80 link=150 tx=57.8, 0.0, 0.0  rx=57.7 bcn=0 [on:0 tx:0 rx:0 period:2] from screen [on:0 period:548156884] gl rssi=-52 ag=0 hr ticks 0,0,28 ls-=0 [56,56,60,60,65] brc=0 lrc=0
05-17 16:26:37.812 E/WifiStateMachine(  851):  get link layer stats 0
05-17 16:26:37.816 E/WifiStateMachine(  851): calculateWifiScore() we set wifi's score to 1000, so will always set wifi as a default network.
05-17 16:26:37.874 E/WifiTrafficPoller(  851): TRAFFIC_STATS_POLL true Token 2406 num clients 19
05-17 16:26:37.875 E/WifiTrafficPoller(  851):  packet count Tx=1620441 Rx=5419911
05-17 16:26:38.875 E/WifiTrafficPoller(  851): TRAFFIC_STATS_POLL true Token 2406 num clients 19
05-17 16:26:38.877 E/WifiTrafficPoller(  851):  packet count Tx=1620443 Rx=5419936
05-17 16:26:39.876 E/WifiTrafficPoller(  851): TRAFFIC_STATS_POLL true Token 2406 num clients 19
05-17 16:26:39.878 E/WifiTrafficPoller(  851):  packet count Tx=1620443 Rx=5419973
05-17 16:26:39.878 E/WifiTrafficPoller(  851): notifying of data activity 1
05-17 16:26:40.764 E/QHStatAgent(27068): Got exception while trying to submit event data: p=sdk&content=H4sIAAAAAAAAAGVTy27VMBD9lSuvQxg7fmaHyhbEggUSoMpxfHuj3jxIfEMf6gcAfwDsgQV7xONvaFnyC8ykpS1iEWke55zYZ8anLM6xS6x8espS00ZWcumkM8oIaY3J2GE8ZiU72Ww3LGM+BARkbIoHrETC8YAEzMa5CZGdnWX/ijipVCH4X5HQj3H/Crw/JT+m/UXhP10fUtN3yOAORZ9nbBN9HUdqtT2W52buV0/0o+1uWt1H+ozsAgAMgNAZaz39TJZal86VEkoVy0ogbppJM1c5B8wS3lrSNTFsqHFzcWcJ0E9Y9V099k1N7EAgsHDEnVj6JIdiGDYthlZbpyUIq6Qw2mC55VjWdSWjljI4G42RXMqi4lFUaxd5bUESTiDOSB8rAR68rLjyDkAVwegaClGAjqQ3dYtNWzyYIF/TtOQVmbLrDrv+ZYeokG5P0YkCjzog4ueXz+fvfvz68O389UeCEWvvIUZkdaHh4tWbi/dfz19/woCqOMc7HFC/XV+ZjtVqvIm3flkN0tqQBI4AyI1hGUDf5i+aTd/nfhimhLPHziHBJNfeqLUM0TsOToEJPtQ2irXwcR1oNP6AgBjtFgJwpZTTNGo6q8khF5Rt59tZPErLVp6wEmc6DIs3tDZsr++6GNIq9atndznnOS9yLm3ORfH7+1sLK9raetXvEi0xS3Fsm86nuDyLKU7T5TqCFdqKUCnneFWsQ5Si0iIUVV256CtFRowReY+vH4Hl+Amw6pbqZReyZc/nJh3TqR/4prt3nQsOGjf/7A8lcWI+nwMAAA==
05-17 16:26:40.764 E/QHStatAgent(27068): org.apache.http.conn.ConnectTimeoutException: Connect to /111.13.148.123:80 timed out
05-17 16:26:40.764 E/QHStatAgent(27068): 	at org.apache.http.conn.scheme.PlainSocketFactory.connectSocket(PlainSocketFactory.java:126)
05-17 16:26:40.764 E/QHStatAgent(27068): 	at org.apache.http.impl.conn.DefaultClientConnectionOperator.openConnection(DefaultClientConnectionOperator.java:168)
05-17 16:26:40.764 E/QHStatAgent(27068): 	at org.apache.http.impl.conn.AbstractPoolEntry.open(AbstractPoolEntry.java:169)
05-17 16:26:40.764 E/QHStatAgent(27068): 	at org.apache.http.impl.conn.AbstractPooledConnAdapter.open(AbstractPooledConnAdapter.java:124)
05-17 16:26:40.764 E/QHStatAgent(27068): 	at org.apache.http.impl.client.DefaultRequestDirector.execute(DefaultRequestDirector.java:365)
05-17 16:26:40.764 E/QHStatAgent(27068): 	at org.apache.http.impl.client.AbstractHttpClient.execute(AbstractHttpClient.java:608)
05-17 16:26:40.764 E/QHStatAgent(27068): 	at org.apache.http.impl.client.AbstractHttpClient.execute(AbstractHttpClient.java:522)
05-17 16:26:40.764 E/QHStatAgent(27068): 	at org.apache.http.impl.client.AbstractHttpClient.execute(AbstractHttpClient.java:500)
05-17 16:26:40.764 E/QHStatAgent(27068): 	at com.qihoo.sdk.report.network.b.a(AppStore:53)
05-17 16:26:40.764 E/QHStatAgent(27068): 	at com.qihoo.sdk.report.network.c.b(AppStore:263)
05-17 16:26:40.764 E/QHStatAgent(27068): 	at com.qihoo.sdk.report.network.c.b(AppStore:207)
05-17 16:26:40.764 E/QHStatAgent(27068): 	at com.qihoo.sdk.report.network.c.c(AppStore:236)
05-17 16:26:40.764 E/QHStatAgent(27068): 	at com.qihoo.sdk.report.e.a$3.run(AppStore:180)
05-17 16:26:40.764 E/QHStatAgent(27068): 	at java.util.concurrent.Executors$RunnableAdapter.call(Executors.java:422)
05-17 16:26:40.764 E/QHStatAgent(27068): 	at java.util.concurrent.FutureTask.run(FutureTask.java:237)
05-17 16:26:40.764 E/QHStatAgent(27068): 	at java.util.concurrent.ThreadPoolExecutor.runWorker(ThreadPoolExecutor.java:1112)
05-17 16:26:40.764 E/QHStatAgent(27068): 	at java.util.concurrent.ThreadPoolExecutor$Worker.run(ThreadPoolExecutor.java:587)
05-17 16:26:40.764 E/QHStatAgent(27068): 	at java.lang.Thread.run(Thread.java:818)
05-17 16:26:40.822 E/WifiStateMachine(  851):  ConnectedState (when=-4ms what=131155 arg1=548!CMD_RSSI_POLL 548 0 "BOCO-office" 94:b4:0f:68:a4:b1 rssi=-54 f=5785 sc=80 link=150 tx=39.4, 0.0, 0.0  rx=69.4 bcn=0 [on:0 tx:0 rx:0 period:3003] from screen [on:0 period:548159894] gl rssi=-54 ag=0 hr ticks 0,0,28 ls-=0 [56,56,60,60,65] brc=0 lrc=0
05-17 16:26:40.823 E/WifiStateMachine(  851):  L2ConnectedState (when=-6ms what=131155 arg1=548!CMD_RSSI_POLL 548 0 "BOCO-office" 94:b4:0f:68:a4:b1 rssi=-54 f=5785 sc=80 link=150 tx=39.4, 0.0, 0.0  rx=69.4 bcn=0 [on:0 tx:0 rx:0 period:1] from screen [on:0 period:548159895] gl rssi=-54 ag=0 hr ticks 0,0,28 ls-=0 [56,56,60,60,65] brc=0 lrc=0
05-17 16:26:40.823 E/WifiStateMachine(  851):  get link layer stats 0
05-17 16:26:40.825 E/WifiStateMachine(  851): calculateWifiScore() we set wifi's score to 1000, so will always set wifi as a default network.
05-17 16:26:40.881 E/WifiTrafficPoller(  851): TRAFFIC_STATS_POLL true Token 2406 num clients 19
05-17 16:26:40.882 E/WifiTrafficPoller(  851):  packet count Tx=1620448 Rx=5419997
05-17 16:26:40.882 E/WifiTrafficPoller(  851): notifying of data activity 3
05-17 16:26:41.884 E/WifiTrafficPoller(  851): TRAFFIC_STATS_POLL true Token 2406 num clients 19
05-17 16:26:41.884 E/WifiTrafficPoller(  851):  packet count Tx=1620448 Rx=5420017
05-17 16:26:41.884 E/WifiTrafficPoller(  851): notifying of data activity 1
05-17 16:26:42.885 E/WifiTrafficPoller(  851): TRAFFIC_STATS_POLL true Token 2406 num clients 19
05-17 16:26:42.886 E/WifiTrafficPoller(  851):  packet count Tx=1620448 Rx=5420053
05-17 16:26:43.829 E/WifiStateMachine(  851):  ConnectedState (when=-3ms what=131155 arg1=548!CMD_RSSI_POLL 548 0 "BOCO-office" 94:b4:0f:68:a4:b1 rssi=-53 f=5785 sc=80 link=150 tx=23.2, 0.0, 0.0  rx=77.2 bcn=0 [on:0 tx:0 rx:0 period:3002] from screen [on:0 period:548162901] gl rssi=-53 ag=0 hr ticks 0,0,28 ls-=0 [56,56,60,60,65] brc=0 lrc=0
05-17 16:26:43.835 E/WifiStateMachine(  851):  L2ConnectedState (when=-8ms what=131155 arg1=548!CMD_RSSI_POLL 548 0 "BOCO-office" 94:b4:0f:68:a4:b1 rssi=-53 f=5785 sc=80 link=150 tx=23.2, 0.0, 0.0  rx=77.2 bcn=0 [on:0 tx:0 rx:0 period:4] from screen [on:0 period:548162905] gl rssi=-53 ag=0 hr ticks 0,0,28 ls-=0 [56,56,60,60,65] brc=0 lrc=0
05-17 16:26:43.837 E/WifiStateMachine(  851):  get link layer stats 0
05-17 16:26:43.859 E/WifiStateMachine(  851): calculateWifiScore() we set wifi's score to 1000, so will always set wifi as a default network.
05-17 16:26:43.887 E/WifiTrafficPoller(  851): TRAFFIC_STATS_POLL true Token 2406 num clients 19
05-17 16:26:43.888 E/WifiTrafficPoller(  851):  packet count Tx=1620448 Rx=5420074
05-17 16:26:44.888 E/WifiTrafficPoller(  851): TRAFFIC_STATS_POLL true Token 2406 num clients 19
05-17 16:26:44.889 E/WifiTrafficPoller(  851):  packet count Tx=1620450 Rx=5420095
05-17 16:26:44.889 E/WifiTrafficPoller(  851): notifying of data activity 3
05-17 16:26:45.909 E/WifiTrafficPoller(  851): TRAFFIC_STATS_POLL true Token 2406 num clients 19
05-17 16:26:45.909 E/WifiTrafficPoller(  851):  packet count Tx=1620451 Rx=5420118
05-17 16:26:46.863 E/WifiStateMachine(  851):  ConnectedState (when=-2ms what=131155 arg1=548!CMD_RSSI_POLL 548 0 "BOCO-office" 94:b4:0f:68:a4:b1 rssi=-55 f=5785 sc=80 link=150 tx=11.6, 0.0, 0.0  rx=77.1 bcn=0 [on:0 tx:0 rx:0 period:2988] from screen [on:0 period:548165935] gl rssi=-55 ag=0 hr ticks 0,0,28 ls-=0 [56,56,60,60,65] brc=0 lrc=0
05-17 16:26:46.864 E/WifiStateMachine(  851):  L2ConnectedState (when=-3ms what=131155 arg1=548!CMD_RSSI_POLL 548 0 "BOCO-office" 94:b4:0f:68:a4:b1 rssi=-55 f=5785 sc=80 link=150 tx=11.6, 0.0, 0.0  rx=77.1 bcn=0 [on:0 tx:0 rx:0 period:1] from screen [on:0 period:548165936] gl rssi=-55 ag=0 hr ticks 0,0,28 ls-=0 [56,56,60,60,65] brc=0 lrc=0
05-17 16:26:46.864 E/WifiStateMachine(  851):  get link layer stats 0
05-17 16:26:46.866 E/WifiStateMachine(  851): calculateWifiScore() we set wifi's score to 1000, so will always set wifi as a default network.
05-17 16:26:46.910 E/WifiTrafficPoller(  851): TRAFFIC_STATS_POLL true Token 2406 num clients 19
05-17 16:26:46.910 E/WifiTrafficPoller(  851):  packet count Tx=1620508 Rx=5420148
05-17 16:26:47.909 E/WifiTrafficPoller(  851): TRAFFIC_STATS_POLL true Token 2406 num clients 19
05-17 16:26:47.911 E/WifiTrafficPoller(  851):  packet count Tx=1620564 Rx=5420170
05-17 16:26:48.911 E/WifiTrafficPoller(  851): TRAFFIC_STATS_POLL true Token 2406 num clients 19
05-17 16:26:48.913 E/WifiTrafficPoller(  851):  packet count Tx=1620565 Rx=5420201
05-17 16:26:49.870 E/WifiStateMachine(  851):  ConnectedState (when=-3ms what=131155 arg1=548!CMD_RSSI_POLL 548 0 "BOCO-office" 94:b4:0f:68:a4:b1 rssi=-55 f=5785 sc=80 link=150 tx=35.8, 0.0, 0.0  rx=76.0 bcn=0 [on:0 tx:0 rx:0 period:3001] from screen [on:0 period:548168942] gl rssi=-55 ag=0 hr ticks 0,0,28 ls-=0 [56,56,60,60,65] brc=0 lrc=0
05-17 16:26:49.877 E/WifiStateMachine(  851):  L2ConnectedState (when=-10ms what=131155 arg1=548!CMD_RSSI_POLL 548 0 "BOCO-office" 94:b4:0f:68:a4:b1 rssi=-55 f=5785 sc=80 link=150 tx=35.8, 0.0, 0.0  rx=76.0 bcn=0 [on:0 tx:0 rx:0 period:7] from screen [on:0 period:548168949] gl rssi=-55 ag=0 hr ticks 0,0,28 ls-=0 [56,56,60,60,65] brc=0 lrc=0
05-17 16:26:49.879 E/WifiStateMachine(  851):  get link layer stats 0
05-17 16:26:49.913 E/WifiTrafficPoller(  851): TRAFFIC_STATS_POLL true Token 2406 num clients 19
05-17 16:26:49.915 E/WifiTrafficPoller(  851):  packet count Tx=1620621 Rx=5420229
05-17 16:26:49.928 E/WifiStateMachine(  851): calculateWifiScore() we set wifi's score to 1000, so will always set wifi as a default network.
05-17 16:26:50.915 E/WifiTrafficPoller(  851): TRAFFIC_STATS_POLL true Token 2406 num clients 19
05-17 16:26:50.916 E/WifiTrafficPoller(  851):  packet count Tx=1620621 Rx=5420247
05-17 16:26:50.916 E/WifiTrafficPoller(  851): notifying of data activity 1
05-17 16:26:51.935 E/WifiTrafficPoller(  851): TRAFFIC_STATS_POLL true Token 2406 num clients 19
05-17 16:26:51.936 E/WifiTrafficPoller(  851):  packet count Tx=1620621 Rx=5420265
05-17 16:26:52.933 E/WifiStateMachine(  851):  ConnectedState (when=-3ms what=131155 arg1=548!CMD_RSSI_POLL 548 0 "BOCO-office" 94:b4:0f:68:a4:b1 rssi=-54 f=5785 sc=80 link=150 tx=74.4, 0.0, 0.0  rx=77.5 bcn=0 [on:0 tx:0 rx:0 period:2990] from screen [on:0 period:548172005] gl rssi=-54 ag=0 hr ticks 0,0,28 ls-=0 [56,56,60,60,65] brc=0 lrc=0
05-17 16:26:52.937 E/WifiTrafficPoller(  851): TRAFFIC_STATS_POLL true Token 2406 num clients 19
05-17 16:26:52.938 E/WifiTrafficPoller(  851):  packet count Tx=1620625 Rx=5420277
05-17 16:26:52.938 E/WifiTrafficPoller(  851): notifying of data activity 3
05-17 16:26:52.956 E/WifiStateMachine(  851):  L2ConnectedState (when=-27ms what=131155 arg1=548!CMD_RSSI_POLL 548 0 "BOCO-office" 94:b4:0f:68:a4:b1 rssi=-54 f=5785 sc=80 link=150 tx=74.4, 0.0, 0.0  rx=77.5 bcn=0 [on:0 tx:0 rx:0 period:23] from screen [on:0 period:548172028] gl rssi=-54 ag=0 hr ticks 0,0,28 ls-=0 [56,56,60,60,65] brc=0 lrc=0
05-17 16:26:52.957 E/WifiStateMachine(  851):  get link layer stats 0
05-17 16:26:52.961 E/WifiStateMachine(  851): calculateWifiScore() we set wifi's score to 1000, so will always set wifi as a default network.
05-17 16:26:53.954 E/WifiTrafficPoller(  851): TRAFFIC_STATS_POLL true Token 2406 num clients 19
05-17 16:26:53.955 E/WifiTrafficPoller(  851):  packet count Tx=1620681 Rx=5420288
05-17 16:26:54.956 E/WifiTrafficPoller(  851): TRAFFIC_STATS_POLL true Token 2406 num clients 19
05-17 16:26:54.957 E/WifiTrafficPoller(  851):  packet count Tx=1620681 Rx=5420305
05-17 16:26:54.957 E/WifiTrafficPoller(  851): notifying of data activity 1
