--------- beginning of /dev/log/system
05-19 15:27:31.329 E/ConnectivityService(  477): Ignoring protectedNetwork 10
05-19 15:27:31.329 E/ConnectivityService(  477): Ignoring protectedNetwork 11
05-19 15:27:31.329 E/ConnectivityService(  477): Ignoring protectedNetwork 12
05-19 15:27:31.329 E/ConnectivityService(  477): Ignoring protectedNetwork 14
05-19 15:27:31.329 E/MobileDataStateTracker(  477): default: Ignoring feature request because could not acquire PhoneService
05-19 15:27:31.329 E/MobileDataStateTracker(  477): default: Could not enable APN type "default"
05-19 15:27:32.099 E/LocationManagerService(  477): no geocoder provider found
05-19 15:27:32.099 E/LocationManagerService(  477): No FusedProvider found.
05-19 15:27:32.099 E/LocationManagerService(  477): no geofence provider found
05-19 15:27:34.339 E/ConnectivityService(  477): Unexpected mtu value: android.net.wifi.WifiStateTracker@4a8d9b24
05-19 15:27:42.262 E/RemotePrintSpooler(  477): Error removing obsolete print jobs .
05-19 15:27:42.262 E/RemotePrintSpooler(  477): java.util.concurrent.TimeoutException: Cannot get spooler!
05-19 15:27:42.262 E/RemotePrintSpooler(  477): 	at com.android.server.print.RemotePrintSpooler.bindLocked(RemotePrintSpooler.java:376)
05-19 15:27:42.262 E/RemotePrintSpooler(  477): 	at com.android.server.print.RemotePrintSpooler.getRemoteInstanceLazy(RemotePrintSpooler.java:352)
05-19 15:27:42.262 E/RemotePrintSpooler(  477): 	at com.android.server.print.RemotePrintSpooler.removeObsoletePrintJobs(RemotePrintSpooler.java:287)
05-19 15:27:42.262 E/RemotePrintSpooler(  477): 	at com.android.server.print.UserState.removeObsoletePrintJobs(UserState.java:163)
05-19 15:27:42.262 E/RemotePrintSpooler(  477): 	at com.android.server.print.PrintManagerService$1.run(PrintManagerService.java:94)
05-19 15:27:42.262 E/RemotePrintSpooler(  477): 	at android.os.Handler.handleCallback(Handler.java:733)
05-19 15:27:42.262 E/RemotePrintSpooler(  477): 	at android.os.Handler.dispatchMessage(Handler.java:95)
05-19 15:27:42.262 E/RemotePrintSpooler(  477): 	at android.os.Looper.loop(Looper.java:136)
05-19 15:27:42.262 E/RemotePrintSpooler(  477): 	at android.os.HandlerThread.run(HandlerThread.java:61)
05-19 15:27:45.072 E/ActivityThread(  990): Failed to find provider info for com.google.android.wearable.settings
--------- beginning of /dev/log/main
05-19 15:28:00.362 E/Cataloger( 1207): need not sync path:/storage/emulated/0/server.log.3
05-19 15:28:00.362 E/Cataloger( 1207): syncFile:/storage/emulated/0/server.log.1
05-19 15:28:00.372 E/Cataloger( 1207): need not sync path:/storage/emulated/0/server.log.1
05-19 15:28:00.372 E/Cataloger( 1207): syncFile:/storage/emulated/0/server.log.2
05-19 15:28:00.372 E/Cataloger( 1207): need not sync path:/storage/emulated/0/server.log.2
05-19 15:28:00.372 E/Cataloger( 1207): syncFile:/storage/emulated/0/server.log
05-19 15:28:00.372 E/Cataloger( 1207): need not sync path:/storage/emulated/0/server.log
05-19 15:28:00.372 E/Cataloger( 1207): syncFile:/storage/emulated/0/server.log.1
05-19 15:28:00.372 E/Cataloger( 1207): need not sync path:/storage/emulated/0/server.log.1
05-19 15:28:00.372 E/Cataloger( 1207): syncFile:/storage/emulated/0/server.log
05-19 15:28:00.372 E/Cataloger( 1207): need not sync path:/storage/emulated/0/server.log
05-19 15:28:00.422 E/Cataloger( 1207): syncFile:/storage/emulated/0/.UTSystemConfig/Global/Alvin2.xml
05-19 15:28:00.422 E/Cataloger( 1207): syncFile:/storage/emulated/0/.UTSystemConfig/Global/Alvin2.xml.bak
05-19 15:28:00.422 E/Cataloger( 1207): need not sync path:/storage/emulated/0/.UTSystemConfig/Global/Alvin2.xml.bak
05-19 15:28:00.422 E/Cataloger( 1207): syncFile:/storage/emulated/0/.UTSystemConfig/Global/Alvin2.xml
05-19 15:28:00.422 E/Cataloger( 1207): syncFile:/storage/emulated/0/.UTSystemConfig/Global/Alvin2.xml
05-19 15:28:00.422 E/Cataloger( 1207): syncFile:/storage/emulated/0/.UTSystemConfig/Global/Alvin2.xml.bak
05-19 15:28:00.452 E/MDM     (  990): [1] SitrepChimeraService.a: No Google accounts; deferring server state update.
05-19 15:28:00.452 E/Cataloger( 1207): need not sync path:/storage/emulated/0/.UTSystemConfig/Global/Alvin2.xml.bak
05-19 15:28:00.452 E/Cataloger( 1207): syncFile:/storage/emulated/0/.DataStorage/ContextData.xml
05-19 15:28:00.452 E/Cataloger( 1207): syncFile:/storage/emulated/0/.DataStorage/ContextData.xml.bak
05-19 15:28:00.452 E/Cataloger( 1207): need not sync path:/storage/emulated/0/.DataStorage/ContextData.xml.bak
05-19 15:28:00.452 E/Cataloger( 1207): syncFile:/storage/emulated/0/.DataStorage/ContextData.xml
05-19 15:28:00.452 E/Cataloger( 1207): syncFile:/storage/emulated/0/.DataStorage/ContextData.xml
05-19 15:28:00.452 E/Cataloger( 1207): syncFile:/storage/emulated/0/.DataStorage/ContextData.xml.bak
05-19 15:28:00.462 E/Cataloger( 1207): need not sync path:/storage/emulated/0/.DataStorage/ContextData.xml.bak
05-19 15:28:00.662 E/GCoreUlr(  657): Bad errorId configuring silent feedback
05-19 15:28:00.692 E/Cataloger( 1207): syncFile:/storage/emulated/0/BigNoxHD/cache/com_bignox_app_store_hd_96x96.png
05-19 15:28:02.402 E/memtrack( 1729): Couldn't load memtrack module (No such file or directory)
05-19 15:28:02.402 E/android.os.Debug( 1729): failed to load memtrack module: -2
05-19 15:28:02.422 E/cutils-trace( 1729): Error opening trace file: No such file or directory (2)
05-19 15:28:03.112 E/memtrack( 1741): Couldn't load memtrack module (No such file or directory)
05-19 15:28:03.112 E/android.os.Debug( 1741): failed to load memtrack module: -2
05-19 15:28:03.132 E/cutils-trace( 1741): Error opening trace file: No such file or directory (2)
05-19 15:28:09.002 E/memtrack( 1759): Couldn't load memtrack module (No such file or directory)
05-19 15:28:09.002 E/android.os.Debug( 1759): failed to load memtrack module: -2
05-19 15:28:09.012 E/cutils-trace( 1759): Error opening trace file: No such file or directory (2)
05-19 15:28:10.102 E/memtrack( 1771): Couldn't load memtrack module (No such file or directory)
05-19 15:28:10.102 E/android.os.Debug( 1771): failed to load memtrack module: -2
05-19 15:28:10.112 E/cutils-trace( 1771): Error opening trace file: No such file or directory (2)
05-19 15:28:10.822 E/memtrack( 1784): Couldn't load memtrack module (No such file or directory)
05-19 15:28:10.822 E/android.os.Debug( 1784): failed to load memtrack module: -2
05-19 15:28:10.832 E/cutils-trace( 1784): Error opening trace file: No such file or directory (2)
05-19 15:28:11.802 E/memtrack( 1800): Couldn't load memtrack module (No such file or directory)
05-19 15:28:11.802 E/android.os.Debug( 1800): failed to load memtrack module: -2
05-19 15:28:11.822 E/cutils-trace( 1800): Error opening trace file: No such file or directory (2)
05-19 15:28:12.482 E/memtrack( 1812): Couldn't load memtrack module (No such file or directory)
05-19 15:28:12.482 E/android.os.Debug( 1812): failed to load memtrack module: -2
05-19 15:28:12.502 E/cutils-trace( 1812): Error opening trace file: No such file or directory (2)
05-19 15:28:13.262 E/memtrack( 1827): Couldn't load memtrack module (No such file or directory)
05-19 15:28:13.262 E/android.os.Debug( 1827): failed to load memtrack module: -2
05-19 15:28:13.282 E/cutils-trace( 1827): Error opening trace file: No such file or directory (2)
05-19 15:28:14.472 E/memtrack( 1849): Couldn't load memtrack module (No such file or directory)
05-19 15:28:14.472 E/android.os.Debug( 1849): failed to load memtrack module: -2
05-19 15:28:14.492 E/cutils-trace( 1849): Error opening trace file: No such file or directory (2)
05-19 15:28:15.112 E/memtrack( 1922): Couldn't load memtrack module (No such file or directory)
05-19 15:28:15.112 E/android.os.Debug( 1922): failed to load memtrack module: -2
05-19 15:28:15.122 E/cutils-trace( 1922): Error opening trace file: No such file or directory (2)
05-19 15:28:15.402 E/BandwidthController(  158): Updating quota globalAlert failed (No such file or directory)
05-19 15:28:15.812 E/memtrack( 1959): Couldn't load memtrack module (No such file or directory)
05-19 15:28:15.812 E/android.os.Debug( 1959): failed to load memtrack module: -2
05-19 15:28:15.842 E/cutils-trace( 1959): Error opening trace file: No such file or directory (2)
05-19 15:28:18.972 E/memtrack( 1990): Couldn't load memtrack module (No such file or directory)
05-19 15:28:18.972 E/android.os.Debug( 1990): failed to load memtrack module: -2
05-19 15:28:19.782 E/memtrack( 2007): Couldn't load memtrack module (No such file or directory)
05-19 15:28:19.782 E/android.os.Debug( 2007): failed to load memtrack module: -2
05-19 15:28:20.212 E/QueryController( 1990): Got null root node from accessibility - Retrying...
05-19 15:28:20.442 E/VMSG    ( 2019): RegisterNatives OnUserCommand1
05-19 15:28:20.462 E/QueryController( 1990): Got null root node from accessibility - Retrying...
05-19 15:28:20.722 E/QueryController( 1990): Got null root node from accessibility - Retrying...
05-19 15:28:20.822 E/baidumapsdk( 2019): Authentication Error errorcode: 230 uid: -1 appid -1 msg: APP Scode码校验失败
05-19 15:28:20.832 E/cutils-trace( 2007): Error opening trace file: No such file or directory (2)
05-19 15:28:21.172 E/GCM     (  703): Missing checkin config file
05-19 15:28:21.172 E/GCM     (  703): Missing checkin config file
05-19 15:28:23.832 E/cutils-trace( 1990): Error opening trace file: No such file or directory (2)
05-19 15:28:39.452 E/GCM     (  703): Missing checkin config file
05-19 15:28:39.452 E/GCM     (  703): Missing checkin config file
05-19 15:28:40.022 E/GCM     (  703): Missing checkin config file
05-19 15:28:40.022 E/GCM     (  703): Missing checkin config file
05-19 15:28:45.542 E/GCM     (  703): Missing checkin config file
05-19 15:29:16.201 E/NetworkScheduler.ATC(  703): Provided calling package not found: com.google.android.apps.photos
05-19 15:29:16.391 E/GCM     (  703): Missing checkin config file
05-19 15:29:16.391 E/GCM     (  703): Missing checkin config file
05-19 15:29:16.951 E/GCM     (  703): Missing checkin config file
05-19 15:29:16.951 E/GCM     (  703): Missing checkin config file
05-19 15:29:57.261 E/PlayCommon(  877): [43] com.google.android.play.a.g.a(1054): Failed to connect to server: java.net.SocketTimeoutException: failed to connect to play.googleapis.com/216.58.200.234 (port 443) after 10000ms
05-19 15:30:29.500 E/GCM     (  703): Missing checkin config file
05-19 15:30:29.500 E/GCM     (  703): Missing checkin config file
05-19 15:30:30.070 E/GCM     (  703): Missing checkin config file
05-19 15:30:30.080 E/GCM     (  703): Missing checkin config file
05-19 15:31:21.650 E/memtrack( 2400): Couldn't load memtrack module (No such file or directory)
05-19 15:31:21.650 E/android.os.Debug( 2400): failed to load memtrack module: -2
05-19 15:31:21.670 E/cutils-trace( 2400): Error opening trace file: No such file or directory (2)
05-19 15:31:22.370 E/memtrack( 2412): Couldn't load memtrack module (No such file or directory)
05-19 15:31:22.370 E/android.os.Debug( 2412): failed to load memtrack module: -2
05-19 15:31:22.390 E/JavaBinder(  477): !!! FAILED BINDER TRANSACTION !!!
05-19 15:31:22.400 E/InputDispatcher(  477): channel '4a97402c com.boco.sc.mobileom/com.boco.sc.mobileom.start.StartLogin (server)' ~ Channel is unrecoverably broken and will be disposed!
05-19 15:31:22.400 E/cutils-trace( 2412): Error opening trace file: No such file or directory (2)
05-19 15:31:22.450 E/QueryController( 1990): Got null root node from accessibility - Retrying...
05-19 15:31:23.190 E/memtrack( 2429): Couldn't load memtrack module (No such file or directory)
05-19 15:31:23.190 E/android.os.Debug( 2429): failed to load memtrack module: -2
05-19 15:31:23.220 E/cutils-trace( 2429): Error opening trace file: No such file or directory (2)
05-19 15:31:24.060 E/memtrack( 2445): Couldn't load memtrack module (No such file or directory)
05-19 15:31:24.060 E/android.os.Debug( 2445): failed to load memtrack module: -2
05-19 15:31:24.080 E/cutils-trace( 2445): Error opening trace file: No such file or directory (2)
05-19 15:32:54.939 E/GCM     (  703): Missing checkin config file
05-19 15:32:54.939 E/GCM     (  703): Missing checkin config file
05-19 15:32:55.539 E/GCM     (  703): Missing checkin config file
05-19 15:32:55.549 E/GCM     (  703): Missing checkin config file
05-19 15:33:35.418 E/memtrack( 2481): Couldn't load memtrack module (No such file or directory)
05-19 15:33:35.418 E/android.os.Debug( 2481): failed to load memtrack module: -2
05-19 15:33:35.438 E/cutils-trace( 2481): Error opening trace file: No such file or directory (2)
05-19 15:33:36.058 E/memtrack( 2493): Couldn't load memtrack module (No such file or directory)
05-19 15:33:36.058 E/android.os.Debug( 2493): failed to load memtrack module: -2
05-19 15:33:36.078 E/cutils-trace( 2493): Error opening trace file: No such file or directory (2)
05-19 15:33:36.838 E/memtrack( 2505): Couldn't load memtrack module (No such file or directory)
05-19 15:33:36.838 E/android.os.Debug( 2505): failed to load memtrack module: -2
05-19 15:33:36.848 E/cutils-trace( 2505): Error opening trace file: No such file or directory (2)
05-19 15:33:37.628 E/memtrack( 2517): Couldn't load memtrack module (No such file or directory)
05-19 15:33:37.628 E/android.os.Debug( 2517): failed to load memtrack module: -2
05-19 15:33:37.648 E/cutils-trace( 2517): Error opening trace file: No such file or directory (2)
05-19 15:33:38.308 E/memtrack( 2529): Couldn't load memtrack module (No such file or directory)
05-19 15:33:38.308 E/android.os.Debug( 2529): failed to load memtrack module: -2
05-19 15:33:38.328 E/cutils-trace( 2529): Error opening trace file: No such file or directory (2)
05-19 15:33:39.378 E/memtrack( 2545): Couldn't load memtrack module (No such file or directory)
05-19 15:33:39.378 E/android.os.Debug( 2545): failed to load memtrack module: -2
05-19 15:33:39.398 E/cutils-trace( 2545): Error opening trace file: No such file or directory (2)
05-19 15:33:40.028 E/memtrack( 2557): Couldn't load memtrack module (No such file or directory)
05-19 15:33:40.028 E/android.os.Debug( 2557): failed to load memtrack module: -2
05-19 15:33:40.038 E/cutils-trace( 2557): Error opening trace file: No such file or directory (2)
05-19 15:33:40.828 E/memtrack( 2571): Couldn't load memtrack module (No such file or directory)
05-19 15:33:40.828 E/android.os.Debug( 2571): failed to load memtrack module: -2
05-19 15:33:40.848 E/cutils-trace( 2571): Error opening trace file: No such file or directory (2)
05-19 15:33:41.988 E/memtrack( 2589): Couldn't load memtrack module (No such file or directory)
05-19 15:33:41.988 E/android.os.Debug( 2589): failed to load memtrack module: -2
05-19 15:33:42.008 E/cutils-trace( 2589): Error opening trace file: No such file or directory (2)
05-19 15:33:42.668 E/memtrack( 2601): Couldn't load memtrack module (No such file or directory)
05-19 15:33:42.668 E/android.os.Debug( 2601): failed to load memtrack module: -2
05-19 15:33:42.678 E/cutils-trace( 2601): Error opening trace file: No such file or directory (2)
05-19 15:33:43.338 E/memtrack( 2613): Couldn't load memtrack module (No such file or directory)
05-19 15:33:43.338 E/android.os.Debug( 2613): failed to load memtrack module: -2
05-19 15:33:43.358 E/cutils-trace( 2613): Error opening trace file: No such file or directory (2)
05-19 15:33:46.838 E/memtrack( 2644): Couldn't load memtrack module (No such file or directory)
05-19 15:33:46.838 E/android.os.Debug( 2644): failed to load memtrack module: -2
05-19 15:33:47.718 E/memtrack( 2661): Couldn't load memtrack module (No such file or directory)
05-19 15:33:47.718 E/android.os.Debug( 2661): failed to load memtrack module: -2
05-19 15:33:48.068 E/QueryController( 2644): Got null root node from accessibility - Retrying...
05-19 15:33:48.318 E/QueryController( 2644): Got null root node from accessibility - Retrying...
05-19 15:33:48.328 E/VMSG    ( 2673): RegisterNatives OnUserCommand1
05-19 15:33:48.608 E/QueryController( 2644): Got null root node from accessibility - Retrying...
05-19 15:33:48.778 E/baidumapsdk( 2673): Authentication Error errorcode: 230 uid: -1 appid -1 msg: APP Scode码校验失败
05-19 15:33:48.788 E/cutils-trace( 2661): Error opening trace file: No such file or directory (2)
05-19 15:33:50.708 E/cutils-trace( 2644): Error opening trace file: No such file or directory (2)
05-19 15:33:57.198 E/memtrack( 2702): Couldn't load memtrack module (No such file or directory)
05-19 15:33:57.198 E/android.os.Debug( 2702): failed to load memtrack module: -2
05-19 15:33:57.218 E/cutils-trace( 2702): Error opening trace file: No such file or directory (2)
05-19 15:33:57.908 E/memtrack( 2713): Couldn't load memtrack module (No such file or directory)
05-19 15:33:57.908 E/android.os.Debug( 2713): failed to load memtrack module: -2
05-19 15:33:57.938 E/InputDispatcher(  477): channel '4a948abc com.boco.sc.mobileom/com.boco.sc.mobileom.start.StartLogin (server)' ~ Channel is unrecoverably broken and will be disposed!
05-19 15:33:57.938 E/cutils-trace( 2713): Error opening trace file: No such file or directory (2)
05-19 15:33:57.988 E/QueryController( 2644): Got null root node from accessibility - Retrying...
05-19 15:33:58.748 E/memtrack( 2732): Couldn't load memtrack module (No such file or directory)
05-19 15:33:58.748 E/android.os.Debug( 2732): failed to load memtrack module: -2
05-19 15:33:58.758 E/cutils-trace( 2732): Error opening trace file: No such file or directory (2)
05-19 15:33:59.698 E/memtrack( 2748): Couldn't load memtrack module (No such file or directory)
05-19 15:33:59.698 E/android.os.Debug( 2748): failed to load memtrack module: -2
05-19 15:33:59.718 E/cutils-trace( 2748): Error opening trace file: No such file or directory (2)
