05-18 15:47:19.524 E/GPSManager( 1824): Location changed : Lat: 40.00125 Lng: 105.56358166666665
05-18 15:47:20.524 E/GPSManager( 1824): Location changed : Lat: 40.00125 Lng: 105.56358166666665
05-18 15:47:21.524 E/GPSManager( 1824): Location changed : Lat: 40.00125 Lng: 105.56358166666665
05-18 15:47:22.524 E/GPSManager( 1824): Location changed : Lat: 40.00125 Lng: 105.56358166666665
05-18 15:47:22.634 E/memtrack( 2787): Couldn't load memtrack module (No such file or directory)
05-18 15:47:22.634 E/android.os.Debug( 2787): failed to load memtrack module: -2
05-18 15:47:22.684 E/cutils-trace( 2787): Error opening trace file: No such file or directory (2)
05-18 15:47:23.524 E/GPSManager( 1824): Location changed : Lat: 40.00125 Lng: 105.56358166666665
05-18 15:47:24.374 E/memtrack( 2803): Couldn't load memtrack module (No such file or directory)
05-18 15:47:24.374 E/android.os.Debug( 2803): failed to load memtrack module: -2
05-18 15:47:24.414 E/cutils-trace( 2803): Error opening trace file: No such file or directory (2)
05-18 15:47:24.524 E/GPSManager( 1824): Location changed : Lat: 40.00125 Lng: 105.56358166666665
05-18 15:47:25.524 E/GPSManager( 1824): Location changed : Lat: 40.00125 Lng: 105.56358166666665
05-18 15:47:26.524 E/GPSManager( 1824): Location changed : Lat: 40.00125 Lng: 105.56358166666665
05-18 15:47:27.524 E/GPSManager( 1824): Location changed : Lat: 40.00125 Lng: 105.56358166666665
05-18 15:47:27.854 E/memtrack( 2818): Couldn't load memtrack module (No such file or directory)
05-18 15:47:27.854 E/android.os.Debug( 2818): failed to load memtrack module: -2
05-18 15:47:28.024 E/cutils-trace( 2818): Error opening trace file: No such file or directory (2)
05-18 15:47:28.524 E/GPSManager( 1824): Location changed : Lat: 40.00125 Lng: 105.56358166666665
05-18 15:47:29.524 E/GPSManager( 1824): Location changed : Lat: 40.00125 Lng: 105.56358166666665
05-18 15:47:30.534 E/GPSManager( 1824): Location changed : Lat: 40.00125 Lng: 105.56358166666665
05-18 15:47:31.104 E/memtrack( 2830): Couldn't load memtrack module (No such file or directory)
05-18 15:47:31.104 E/android.os.Debug( 2830): failed to load memtrack module: -2
05-18 15:47:31.214 E/cutils-trace( 2830): Error opening trace file: No such file or directory (2)
05-18 15:47:31.534 E/GPSManager( 1824): Location changed : Lat: 40.00125 Lng: 105.56358166666665
05-18 15:47:32.544 E/GPSManager( 1824): Location changed : Lat: 40.00125 Lng: 105.56358166666665
05-18 15:47:33.534 E/GPSManager( 1824): Location changed : Lat: 40.00125 Lng: 105.56358166666665
05-18 15:47:34.544 E/GPSManager( 1824): Location changed : Lat: 40.00125 Lng: 105.56358166666665
05-18 15:47:35.534 E/GPSManager( 1824): Location changed : Lat: 40.00125 Lng: 105.56358166666665
05-18 15:47:35.704 E/memtrack( 2843): Couldn't load memtrack module (No such file or directory)
05-18 15:47:35.704 E/android.os.Debug( 2843): failed to load memtrack module: -2
05-18 15:47:35.754 E/cutils-trace( 2843): Error opening trace file: No such file or directory (2)
05-18 15:47:36.544 E/GPSManager( 1824): Location changed : Lat: 40.00125 Lng: 105.56358166666665
05-18 15:47:37.164 E/memtrack( 2854): Couldn't load memtrack module (No such file or directory)
05-18 15:47:37.164 E/android.os.Debug( 2854): failed to load memtrack module: -2
05-18 15:47:37.204 E/cutils-trace( 2854): Error opening trace file: No such file or directory (2)
05-18 15:47:37.554 E/GPSManager( 1824): Location changed : Lat: 40.00125 Lng: 105.56358166666665
05-18 15:47:38.444 E/memtrack( 2866): Couldn't load memtrack module (No such file or directory)
05-18 15:47:38.444 E/android.os.Debug( 2866): failed to load memtrack module: -2
05-18 15:47:38.494 E/cutils-trace( 2866): Error opening trace file: No such file or directory (2)
05-18 15:47:38.554 E/GPSManager( 1824): Location changed : Lat: 40.00125 Lng: 105.56358166666665
05-18 15:47:39.554 E/GPSManager( 1824): Location changed : Lat: 40.00125 Lng: 105.56358166666665
05-18 15:47:40.254 E/memtrack( 2882): Couldn't load memtrack module (No such file or directory)
05-18 15:47:40.254 E/android.os.Debug( 2882): failed to load memtrack module: -2
05-18 15:47:40.294 E/cutils-trace( 2882): Error opening trace file: No such file or directory (2)
05-18 15:47:40.554 E/GPSManager( 1824): Location changed : Lat: 40.00125 Lng: 105.56358166666665
05-18 15:47:41.444 E/memtrack( 2894): Couldn't load memtrack module (No such file or directory)
05-18 15:47:41.444 E/android.os.Debug( 2894): failed to load memtrack module: -2
05-18 15:47:41.494 E/cutils-trace( 2894): Error opening trace file: No such file or directory (2)
05-18 15:47:41.574 E/GPSManager( 1824): Location changed : Lat: 40.00125 Lng: 105.56358166666665
05-18 15:47:42.574 E/GPSManager( 1824): Location changed : Lat: 40.00125 Lng: 105.56358166666665
05-18 15:47:43.564 E/GPSManager( 1824): Location changed : Lat: 40.00125 Lng: 105.56358166666665
05-18 15:47:44.564 E/GPSManager( 1824): Location changed : Lat: 40.00125 Lng: 105.56358166666665
05-18 15:47:45.564 E/GPSManager( 1824): Location changed : Lat: 40.00125 Lng: 105.56358166666665
05-18 15:47:45.834 E/memtrack( 2913): Couldn't load memtrack module (No such file or directory)
05-18 15:47:45.834 E/android.os.Debug( 2913): failed to load memtrack module: -2
05-18 15:47:45.904 E/cutils-trace( 2913): Error opening trace file: No such file or directory (2)
05-18 15:47:46.584 E/GPSManager( 1824): Location changed : Lat: 40.00125 Lng: 105.56358166666665
05-18 15:47:47.034 E/memtrack( 2925): Couldn't load memtrack module (No such file or directory)
05-18 15:47:47.034 E/android.os.Debug( 2925): failed to load memtrack module: -2
05-18 15:47:47.104 E/cutils-trace( 2925): Error opening trace file: No such file or directory (2)
05-18 15:47:47.144 E/Cataloger( 1289): syncFile:/storage/emulated/0/Android/data/com.boco.apphall/cache/uil-images/journal
05-18 15:47:47.174 E/Cataloger( 1289): need not sync path:/storage/emulated/0/Android/data/com.boco.apphall/cache/uil-images/journal
05-18 15:47:47.574 E/GPSManager( 1824): Location changed : Lat: 40.00125 Lng: 105.56358166666665
05-18 15:47:48.264 E/memtrack( 2938): Couldn't load memtrack module (No such file or directory)
05-18 15:47:48.264 E/android.os.Debug( 2938): failed to load memtrack module: -2
05-18 15:47:48.604 E/GPSManager( 1824): Location changed : Lat: 40.00125 Lng: 105.56358166666665
05-18 15:47:48.604 E/Cataloger( 1289): syncFile:/storage/emulated/0/Android/data/com.boco.apphall/cache/.nomedia
05-18 15:47:48.614 E/Cataloger( 1289): need not sync path:/storage/emulated/0/Android/data/com.boco.apphall/cache/.nomedia
05-18 15:47:48.644 E/Cataloger( 1289): syncFile:/storage/emulated/0/Android/data/com.boco.apphall/cache/uil-images/57gbxefr6ynwpq4ho1je8qmfo0
05-18 15:47:48.644 E/Cataloger( 1289): need not sync path:/storage/emulated/0/Android/data/com.boco.apphall/cache/uil-images/57gbxefr6ynwpq4ho1je8qmfo0
05-18 15:47:48.644 E/Cataloger( 1289): syncFile:/storage/emulated/0/Android/data/com.boco.apphall/cache/uil-images/5252683xnrtcrm7o65y7uirsl0
05-18 15:47:48.644 E/Cataloger( 1289): need not sync path:/storage/emulated/0/Android/data/com.boco.apphall/cache/uil-images/5252683xnrtcrm7o65y7uirsl0
05-18 15:47:48.654 E/Cataloger( 1289): syncFile:/storage/emulated/0/Android/data/com.boco.apphall/cache/uil-images/2dw14j6zx8fuf59l70lizvt710
05-18 15:47:48.654 E/Cataloger( 1289): need not sync path:/storage/emulated/0/Android/data/com.boco.apphall/cache/uil-images/2dw14j6zx8fuf59l70lizvt710
05-18 15:47:48.654 E/Cataloger( 1289): syncFile:/storage/emulated/0/Android/data/com.boco.apphall/cache/uil-images/64u2kf0bfy71nodbxsvrwaoat0
05-18 15:47:48.684 E/Cataloger( 1289): need not sync path:/storage/emulated/0/Android/data/com.boco.apphall/cache/uil-images/64u2kf0bfy71nodbxsvrwaoat0
05-18 15:47:48.684 E/Cataloger( 1289): syncFile:/storage/emulated/0/Android/data/com.boco.apphall/cache/uil-images/3205omy4td9oxw05yijfjsa900
05-18 15:47:48.684 E/Cataloger( 1289): need not sync path:/storage/emulated/0/Android/data/com.boco.apphall/cache/uil-images/3205omy4td9oxw05yijfjsa900
05-18 15:47:48.694 E/Cataloger( 1289): syncFile:/storage/emulated/0/Android/data/com.boco.apphall/cache/uil-images/journal
05-18 15:47:48.714 E/Cataloger( 1289): need not sync path:/storage/emulated/0/Android/data/com.boco.apphall/cache/uil-images/journal
05-18 15:47:48.714 E/Cataloger( 1289): syncFile:/storage/emulated/0/Android/data/com.boco.apphall/cache/uil-images/1yr55s6idym5vmr2kp828kc730
05-18 15:47:48.724 E/Cataloger( 1289): need not sync path:/storage/emulated/0/Android/data/com.boco.apphall/cache/uil-images/1yr55s6idym5vmr2kp828kc730
05-18 15:47:48.724 E/Cataloger( 1289): syncFile:/storage/emulated/0/Android/data/com.boco.apphall/cache/uil-images/3kaqmrfu4i277qc43m4v5kfa40
05-18 15:47:48.724 E/Cataloger( 1289): need not sync path:/storage/emulated/0/Android/data/com.boco.apphall/cache/uil-images/3kaqmrfu4i277qc43m4v5kfa40
05-18 15:47:48.744 E/Cataloger( 1289): syncFile:/storage/emulated/0/Android/data/com.boco.apphall/cache/uil-images/5qxqvdbogs92lp9xsu05v4d050
05-18 15:47:48.744 E/Cataloger( 1289): need not sync path:/storage/emulated/0/Android/data/com.boco.apphall/cache/uil-images/5qxqvdbogs92lp9xsu05v4d050
05-18 15:47:48.744 E/Cataloger( 1289): syncFile:/storage/emulated/0/Android/data/com.boco.apphall/cache/uil-images/4kxgwmqh15kqpdwvd91ok1rs00
05-18 15:47:48.744 E/Cataloger( 1289): need not sync path:/storage/emulated/0/Android/data/com.boco.apphall/cache/uil-images/4kxgwmqh15kqpdwvd91ok1rs00
05-18 15:47:48.744 E/Cataloger( 1289): syncFile:/storage/emulated/0/Android/data/com.boco.apphall/cache/uil-images/5qk5ab5bpi8w4etc52xne53rs0
05-18 15:47:48.754 E/Cataloger( 1289): need not sync path:/storage/emulated/0/Android/data/com.boco.apphall/cache/uil-images/5qk5ab5bpi8w4etc52xne53rs0
05-18 15:47:48.774 E/Cataloger( 1289): syncFile:/storage/emulated/0/Android/data/com.boco.apphall/cache/uil-images/4s32aiihisual2xzg06k7yy6s0
05-18 15:47:48.774 E/Cataloger( 1289): need not sync path:/storage/emulated/0/Android/data/com.boco.apphall/cache/uil-images/4s32aiihisual2xzg06k7yy6s0
05-18 15:47:48.774 E/Cataloger( 1289): syncFile:/storage/emulated/0/Android/data/com.boco.apphall/cache/uil-images/3zj5e7agc5dxrx9zld8s8tazk0
05-18 15:47:48.794 E/Cataloger( 1289): need not sync path:/storage/emulated/0/Android/data/com.boco.apphall/cache/uil-images/3zj5e7agc5dxrx9zld8s8tazk0
05-18 15:47:48.794 E/Cataloger( 1289): syncFile:/storage/emulated/0/Android/data/com.boco.apphall/cache/uil-images/692qxwcqm0v50o6d686e2v3o30
05-18 15:47:48.814 E/Cataloger( 1289): need not sync path:/storage/emulated/0/Android/data/com.boco.apphall/cache/uil-images/692qxwcqm0v50o6d686e2v3o30
05-18 15:47:48.814 E/Cataloger( 1289): syncFile:/storage/emulated/0/Android/data/com.boco.apphall/cache/uil-images/mk3hplefdtlqmx38m1iwlp2r0
05-18 15:47:48.814 E/Cataloger( 1289): need not sync path:/storage/emulated/0/Android/data/com.boco.apphall/cache/uil-images/mk3hplefdtlqmx38m1iwlp2r0
05-18 15:47:48.834 E/Cataloger( 1289): syncFile:/storage/emulated/0/Android/data/com.boco.apphall/cache/uil-images
05-18 15:47:48.854 E/Cataloger( 1289): syncFile:/storage/emulated/0/Android/data/com.boco.apphall/cache
05-18 15:47:48.874 E/Cataloger( 1289): syncFile:/storage/emulated/0/Android/data/com.boco.apphall
05-18 15:47:48.904 E/cutils-trace( 2938): Error opening trace file: No such file or directory (2)
05-18 15:47:49.564 E/GPSManager( 1824): Location changed : Lat: 40.00125 Lng: 105.56358166666665
05-18 15:47:50.174 E/memtrack( 3002): Couldn't load memtrack module (No such file or directory)
05-18 15:47:50.174 E/android.os.Debug( 3002): failed to load memtrack module: -2
05-18 15:47:50.224 E/cutils-trace( 3002): Error opening trace file: No such file or directory (2)
05-18 15:47:50.574 E/GPSManager( 1824): Location changed : Lat: 40.00125 Lng: 105.56358166666665
05-18 15:47:51.364 E/memtrack( 3014): Couldn't load memtrack module (No such file or directory)
05-18 15:47:51.364 E/android.os.Debug( 3014): failed to load memtrack module: -2
05-18 15:47:51.434 E/cutils-trace( 3014): Error opening trace file: No such file or directory (2)
05-18 15:47:51.564 E/GPSManager( 1824): Location changed : Lat: 40.00125 Lng: 105.56358166666665
05-18 15:47:52.574 E/GPSManager( 1824): Location changed : Lat: 40.00125 Lng: 105.56358166666665
05-18 15:47:52.894 E/memtrack( 3028): Couldn't load memtrack module (No such file or directory)
05-18 15:47:52.894 E/android.os.Debug( 3028): failed to load memtrack module: -2
05-18 15:47:52.944 E/cutils-trace( 3028): Error opening trace file: No such file or directory (2)
05-18 15:47:53.574 E/GPSManager( 1824): Location changed : Lat: 40.00125 Lng: 105.56358166666665
05-18 15:47:53.914 E/memtrack( 3039): Couldn't load memtrack module (No such file or directory)
05-18 15:47:53.914 E/android.os.Debug( 3039): failed to load memtrack module: -2
05-18 15:47:54.584 E/GPSManager( 1824): Location changed : Lat: 40.00125 Lng: 105.56358166666665
05-18 15:47:55.584 E/GPSManager( 1824): Location changed : Lat: 40.00125 Lng: 105.56358166666665
05-18 15:47:56.584 E/GPSManager( 1824): Location changed : Lat: 40.00125 Lng: 105.56358166666665
05-18 15:47:57.414 E/memtrack( 3070): Couldn't load memtrack module (No such file or directory)
05-18 15:47:57.414 E/android.os.Debug( 3070): failed to load memtrack module: -2
05-18 15:47:57.594 E/GPSManager( 1824): Location changed : Lat: 40.00125 Lng: 105.56358166666665
05-18 15:47:58.704 E/GPSManager( 1824): Location changed : Lat: 40.00125 Lng: 105.56358166666665
05-18 15:47:58.874 E/Cataloger( 1289): syncFile:/storage/emulated/0/Android/data/com.boco.apphall
05-18 15:47:58.874 E/Cataloger( 1289): :/storage/emulated/0/Android/data/com.boco.apphall
05-18 15:47:58.874 E/Cataloger( 1289): /storage/emulated/0/Android/data/com.boco.apphall
05-18 15:47:58.884 E/Cataloger( 1289): syncFile:/storage/emulated/0/Android/data/com.boco.apphall/cache
05-18 15:47:58.884 E/Cataloger( 1289): :/storage/emulated/0/Android/data/com.boco.apphall/cache
05-18 15:47:58.884 E/Cataloger( 1289): /storage/emulated/0/Android/data/com.boco.apphall/cache
05-18 15:47:58.884 E/Cataloger( 1289): syncFile:/storage/emulated/0/Android/data/com.boco.apphall/cache/.nomedia
05-18 15:47:58.884 E/Cataloger( 1289): need not sync path:/storage/emulated/0/Android/data/com.boco.apphall/cache/.nomedia
05-18 15:47:58.894 E/Cataloger( 1289): syncFile:/storage/emulated/0/Android/data/com.boco.apphall/cache/.nomedia
05-18 15:47:58.894 E/Cataloger( 1289): need not sync path:/storage/emulated/0/Android/data/com.boco.apphall/cache/.nomedia
05-18 15:47:58.894 E/Cataloger( 1289): syncFile:/storage/emulated/0/Android/data/com.boco.apphall/cache/uil-images
05-18 15:47:58.894 E/Cataloger( 1289): :/storage/emulated/0/Android/data/com.boco.apphall/cache/uil-images
05-18 15:47:58.894 E/Cataloger( 1289): /storage/emulated/0/Android/data/com.boco.apphall/cache/uil-images
05-18 15:47:58.914 E/Cataloger( 1289): syncFile:/storage/emulated/0/Android/data/com.boco.apphall/cache/uil-images/journal.tmp
05-18 15:47:58.914 E/Cataloger( 1289): need not sync path:/storage/emulated/0/Android/data/com.boco.apphall/cache/uil-images/journal.tmp
05-18 15:47:58.924 E/Cataloger( 1289): syncFile:/storage/emulated/0/Android/data/com.boco.apphall/cache/uil-images/journal.tmp
05-18 15:47:58.924 E/Cataloger( 1289): need not sync path:/storage/emulated/0/Android/data/com.boco.apphall/cache/uil-images/journal.tmp
05-18 15:47:58.934 E/Cataloger( 1289): syncFile:/storage/emulated/0/Android/data/com.boco.apphall/cache/uil-images/journal.tmp
05-18 15:47:58.934 E/Cataloger( 1289): need not sync path:/storage/emulated/0/Android/data/com.boco.apphall/cache/uil-images/journal.tmp
05-18 15:47:58.944 E/Cataloger( 1289): syncFile:/storage/emulated/0/Android/data/com.boco.apphall/cache/uil-images/journal
05-18 15:47:58.944 E/Cataloger( 1289): need not sync path:/storage/emulated/0/Android/data/com.boco.apphall/cache/uil-images/journal
05-18 15:47:59.554 E/cutils-trace( 3070): Error opening trace file: No such file or directory (2)
05-18 15:47:59.594 E/GPSManager( 1824): Location changed : Lat: 40.00125 Lng: 105.56358166666665
05-18 15:48:00.624 E/GPSManager( 1824): Location changed : Lat: 40.00125 Lng: 105.56358166666665
05-18 15:48:01.594 E/GPSManager( 1824): Location changed : Lat: 40.00125 Lng: 105.56358166666665
05-18 15:48:02.594 E/GPSManager( 1824): Location changed : Lat: 40.00125 Lng: 105.56358166666665
05-18 15:48:03.434 E/memtrack( 3109): Couldn't load memtrack module (No such file or directory)
05-18 15:48:03.434 E/android.os.Debug( 3109): failed to load memtrack module: -2
05-18 15:48:03.594 E/cutils-trace( 3109): Error opening trace file: No such file or directory (2)
05-18 15:48:03.594 E/GPSManager( 1824): Location changed : Lat: 40.00125 Lng: 105.56358166666665
05-18 15:48:04.604 E/GPSManager( 1824): Location changed : Lat: 40.00125 Lng: 105.56358166666665
05-18 15:48:05.574 E/memtrack( 3122): Couldn't load memtrack module (No such file or directory)
05-18 15:48:05.574 E/android.os.Debug( 3122): failed to load memtrack module: -2
05-18 15:48:05.594 E/GPSManager( 1824): Location changed : Lat: 40.00125 Lng: 105.56358166666665
05-18 15:48:06.614 E/GPSManager( 1824): Location changed : Lat: 40.00125 Lng: 105.56358166666665
05-18 15:48:07.014 E/cutils-trace( 3122): Error opening trace file: No such file or directory (2)
05-18 15:48:07.274 E/appium  ( 3051): Exception while handling action in: io.appium.uiautomator2.handler.Clear
05-18 15:48:07.274 E/appium  ( 3051): java.lang.NullPointerException
05-18 15:48:07.274 E/appium  ( 3051): 	at android.support.test.uiautomator.UiObject2.setText(UiObject2.java:601)
05-18 15:48:07.274 E/appium  ( 3051): 	at android.support.test.uiautomator.UiObject2.clear(UiObject2.java:338)
05-18 15:48:07.274 E/appium  ( 3051): 	at io.appium.uiautomator2.model.UiObject2Element.clear(UiObject2Element.java:138)
05-18 15:48:07.274 E/appium  ( 3051): 	at io.appium.uiautomator2.handler.Clear.safeHandle(Clear.java:51)
05-18 15:48:07.274 E/appium  ( 3051): 	at io.appium.uiautomator2.handler.request.SafeRequestHandler.handle(SafeRequestHandler.java:56)
05-18 15:48:07.274 E/appium  ( 3051): 	at io.appium.uiautomator2.handler.SendKeysToElement.safeHandle(SendKeysToElement.java:73)
05-18 15:48:07.274 E/appium  ( 3051): 	at io.appium.uiautomator2.handler.request.SafeRequestHandler.handle(SafeRequestHandler.java:56)
05-18 15:48:07.274 E/appium  ( 3051): 	at io.appium.uiautomator2.server.AppiumServlet.handleRequest(AppiumServlet.java:202)
05-18 15:48:07.274 E/appium  ( 3051): 	at io.appium.uiautomator2.server.AppiumServlet.handleHttpRequest(AppiumServlet.java:193)
05-18 15:48:07.274 E/appium  ( 3051): 	at io.appium.uiautomator2.http.ServerHandler.channelRead(ServerHandler.java:44)
05-18 15:48:07.274 E/appium  ( 3051): 	at io.netty.channel.AbstractChannelHandlerContext.invokeChannelRead(AbstractChannelHandlerContext.java:366)
05-18 15:48:07.274 E/appium  ( 3051): 	at io.netty.channel.AbstractChannelHandlerContext.invokeChannelRead(AbstractChannelHandlerContext.java:352)
05-18 15:48:07.274 E/appium  ( 3051): 	at io.netty.channel.AbstractChannelHandlerContext.fireChannelRead(AbstractChannelHandlerContext.java:345)
05-18 15:48:07.274 E/appium  ( 3051): 	at io.netty.handler.codec.MessageToMessageDecoder.channelRead(MessageToMessageDecoder.java:102)
05-18 15:48:07.274 E/appium  ( 3051): 	at io.netty.channel.AbstractChannelHandlerContext.invokeChannelRead(AbstractChannelHandlerContext.java:366)
05-18 15:48:07.274 E/appium  ( 3051): 	at io.netty.channel.AbstractChannelHandlerContext.invokeChannelRead(AbstractChannelHandlerContext.java:352)
05-18 15:48:07.274 E/appium  ( 3051): 	at io.netty.channel.AbstractChannelHandlerContext.fireChannelRead(AbstractChannelHandlerContext.java:345)
05-18 15:48:07.274 E/appium  ( 3051): 	at io.netty.channel.CombinedChannelDuplexHandler$DelegatingChannelHandlerContext.fireChannelRead(CombinedChannelDuplexHandler.java:435)
05-18 15:48:07.274 E/appium  ( 3051): 	at io.netty.handler.codec.ByteToMessageDecoder.fireChannelRead(ByteToMessageDecoder.java:293)
05-18 15:48:07.274 E/appium  ( 3051): 	at io.netty.handler.codec.ByteToMessageDecoder.channelRead(ByteToMessageDecoder.java:267)
05-18 15:48:07.274 E/appium  ( 3051): 	at io.netty.channel.CombinedChannelDuplexHandler.channelRead(CombinedChannelDuplexHandler.java:250)
05-18 15:48:07.274 E/appium  ( 3051): 	at io.netty.channel.AbstractChannelHandlerContext.invokeChannelRead(AbstractChannelHandlerContext.java:366)
05-18 15:48:07.274 E/appium  ( 3051): 	at io.netty.channel.AbstractChannelHandlerContext.invokeChannelRead(AbstractChannelHandlerContext.java:352)
05-18 15:48:07.274 E/appium  ( 3051): 	at io.netty.channel.AbstractChannelHandlerContext.fireChannelRead(AbstractChannelHandlerContext.java:345)
05-18 15:48:07.274 E/appium  ( 3051): 	at io.netty.channel.DefaultChannelPipeline$HeadContext.channelRead(DefaultChannelPipeline.java:1294)
05-18 15:48:07.274 E/appium  ( 3051): 	at io.netty.channel.AbstractChannelHandlerContext.invokeChannelRead(AbstractChannelHandlerContext.java:366)
05-18 15:48:07.274 E/appium  ( 3051): 	at io.netty.channel.AbstractChannelHandlerContext.invokeChannelRead(AbstractChannelHandlerContext.java:352)
05-18 15:48:07.274 E/appium  ( 3051): 	at io.netty.channel.DefaultChannelPipeline.fireChannelRead(DefaultChannelPipeline.java:911)
05-18 15:48:07.274 E/appium  ( 3051): 	at io.netty.channel.nio.AbstractNioByteChannel$NioByteUnsafe.read(AbstractNioByteChannel.java:131)
05-18 15:48:07.274 E/appium  ( 3051): 	at io.netty.channel.nio.NioEventLoop.processSelectedKey(NioEventLoop.java:611)
05-18 15:48:07.274 E/appium  ( 3051): 	at io.netty.channel.nio.NioEventLoop.processSelectedKeysPlain(NioEventLoop.java:514)
05-18 15:48:07.274 E/appium  ( 3051): 	at io.netty.channel.nio.NioEventLoop.processSelectedKeys(NioEventLoop.java:468)
05-18 15:48:07.274 E/appium  ( 3051): 	at io.netty.channel.nio.NioEventLoop.run(NioEventLoop.java:438)
05-18 15:48:07.274 E/appium  ( 3051): 	at io.netty.util.concurrent.SingleThreadEventExecutor$2.run(SingleThreadEventExecutor.java:140)
05-18 15:48:07.274 E/appium  ( 3051): 	at io.netty.util.concurrent.DefaultThreadFactory$DefaultRunnableDecorator.run(DefaultThreadFactory.java:144)
05-18 15:48:07.274 E/appium  ( 3051): 	at java.lang.Thread.run(Thread.java:841)
05-18 15:48:07.274 E/appium  ( 3051): Exception while handling action in: io.appium.uiautomator2.handler.SendKeysToElement
05-18 15:48:07.274 E/appium  ( 3051): java.lang.NullPointerException
05-18 15:48:07.274 E/appium  ( 3051): 	at android.support.test.uiautomator.UiObject2.setText(UiObject2.java:601)
05-18 15:48:07.274 E/appium  ( 3051): 	at io.appium.uiautomator2.model.UiObject2Element.setText(UiObject2Element.java:129)
05-18 15:48:07.274 E/appium  ( 3051): 	at io.appium.uiautomator2.handler.SendKeysToElement.safeHandle(SendKeysToElement.java:83)
05-18 15:48:07.274 E/appium  ( 3051): 	at io.appium.uiautomator2.handler.request.SafeRequestHandler.handle(SafeRequestHandler.java:56)
05-18 15:48:07.274 E/appium  ( 3051): 	at io.appium.uiautomator2.server.AppiumServlet.handleRequest(AppiumServlet.java:202)
05-18 15:48:07.274 E/appium  ( 3051): 	at io.appium.uiautomator2.server.AppiumServlet.handleHttpRequest(AppiumServlet.java:193)
05-18 15:48:07.274 E/appium  ( 3051): 	at io.appium.uiautomator2.http.ServerHandler.channelRead(ServerHandler.java:44)
05-18 15:48:07.274 E/appium  ( 3051): 	at io.netty.channel.AbstractChannelHandlerContext.invokeChannelRead(AbstractChannelHandlerContext.java:366)
05-18 15:48:07.274 E/appium  ( 3051): 	at io.netty.channel.AbstractChannelHandlerContext.invokeChannelRead(AbstractChannelHandlerContext.java:352)
05-18 15:48:07.274 E/appium  ( 3051): 	at io.netty.channel.AbstractChannelHandlerContext.fireChannelRead(AbstractChannelHandlerContext.java:345)
05-18 15:48:07.274 E/appium  ( 3051): 	at io.netty.handler.codec.MessageToMessageDecoder.channelRead(MessageToMessageDecoder.java:102)
05-18 15:48:07.274 E/appium  ( 3051): 	at io.netty.channel.AbstractChannelHandlerContext.invokeChannelRead(AbstractChannelHandlerContext.java:366)
05-18 15:48:07.274 E/appium  ( 3051): 	at io.netty.channel.AbstractChannelHandlerContext.invokeChannelRead(AbstractChannelHandlerContext.java:352)
05-18 15:48:07.274 E/appium  ( 3051): 	at io.netty.channel.AbstractChannelHandlerContext.fireChannelRead(AbstractChannelHandlerContext.java:345)
05-18 15:48:07.274 E/appium  ( 3051): 	at io.netty.channel.CombinedChannelDuplexHandler$DelegatingChannelHandlerContext.fireChannelRead(CombinedChannelDuplexHandler.java:435)
05-18 15:48:07.274 E/appium  ( 3051): 	at io.netty.handler.codec.ByteToMessageDecoder.fireChannelRead(ByteToMessageDecoder.java:293)
05-18 15:48:07.274 E/appium  ( 3051): 	at io.netty.handler.codec.ByteToMessageDecoder.channelRead(ByteToMessageDecoder.java:267)
05-18 15:48:07.274 E/appium  ( 3051): 	at io.netty.channel.CombinedChannelDuplexHandler.channelRead(CombinedChannelDuplexHandler.java:250)
05-18 15:48:07.274 E/appium  ( 3051): 	at io.netty.channel.AbstractChannelHandlerContext.invokeChannelRead(AbstractChannelHandlerContext.java:366)
05-18 15:48:07.274 E/appium  ( 3051): 	at io.netty.channel.AbstractChannelHandlerContext.invokeChannelRead(AbstractChannelHandlerContext.java:352)
05-18 15:48:07.274 E/appium  ( 3051): 	at io.netty.channel.AbstractChannelHandlerContext.fireChannelRead(AbstractChannelHandlerContext.java:345)
05-18 15:48:07.274 E/appium  ( 3051): 	at io.netty.channel.DefaultChannelPipeline$HeadContext.channelRead(DefaultChannelPipeline.java:1294)
05-18 15:48:07.274 E/appium  ( 3051): 	at io.netty.channel.AbstractChannelHandlerContext.invokeChannelRead(AbstractChannelHandlerContext.java:366)
05-18 15:48:07.274 E/appium  ( 3051): 	at io.netty.channel.AbstractChannelHandlerContext.invokeChannelRead(AbstractChannelHandlerContext.java:352)
05-18 15:48:07.274 E/appium  ( 3051): 	at io.netty.channel.DefaultChannelPipeline.fireChannelRead(DefaultChannelPipeline.java:911)
05-18 15:48:07.274 E/appium  ( 3051): 	at io.netty.channel.nio.AbstractNioByteChannel$NioByteUnsafe.read(AbstractNioByteChannel.java:131)
05-18 15:48:07.274 E/appium  ( 3051): 	at io.netty.channel.nio.NioEventLoop.processSelectedKey(NioEventLoop.java:611)
05-18 15:48:07.274 E/appium  ( 3051): 	at io.netty.channel.nio.NioEventLoop.processSelectedKeysPlain(NioEventLoop.java:514)
05-18 15:48:07.274 E/appium  ( 3051): 	at io.netty.channel.nio.NioEventLoop.processSelectedKeys(NioEventLoop.java:468)
05-18 15:48:07.274 E/appium  ( 3051): 	at io.netty.channel.nio.NioEventLoop.run(NioEventLoop.java:438)
05-18 15:48:07.274 E/appium  ( 3051): 	at io.netty.util.concurrent.SingleThreadEventExecutor$2.run(SingleThreadEventExecutor.java:140)
05-18 15:48:07.274 E/appium  ( 3051): 	at io.netty.util.concurrent.DefaultThreadFactory$DefaultRunnableDecorator.run(DefaultThreadFactory.java:144)
05-18 15:48:07.274 E/appium  ( 3051): 	at java.lang.Thread.run(Thread.java:841)
05-18 15:48:07.764 E/GPSManager( 1824): Location changed : Lat: 40.00125 Lng: 105.56358166666665
05-18 15:48:08.504 E/memtrack( 3134): Couldn't load memtrack module (No such file or directory)
05-18 15:48:08.504 E/android.os.Debug( 3134): failed to load memtrack module: -2
05-18 15:48:08.604 E/GPSManager( 1824): Location changed : Lat: 40.00125 Lng: 105.56358166666665
05-18 15:48:08.804 E/cutils-trace( 3134): Error opening trace file: No such file or directory (2)
05-18 15:48:09.604 E/GPSManager( 1824): Location changed : Lat: 40.00125 Lng: 105.56358166666665
05-18 15:48:10.174 E/FastMixer(  167): did not receive expected priority boost
05-18 15:48:10.624 E/GPSManager( 1824): Location changed : Lat: 40.00125 Lng: 105.56358166666665
05-18 15:48:11.624 E/GPSManager( 1824): Location changed : Lat: 40.00125 Lng: 105.56358166666665
05-18 15:48:12.614 E/GPSManager( 1824): Location changed : Lat: 40.00125 Lng: 105.56358166666665
05-18 15:48:13.624 E/GPSManager( 1824): Location changed : Lat: 40.00125 Lng: 105.56358166666665
05-18 15:48:14.624 E/GPSManager( 1824): Location changed : Lat: 40.00125 Lng: 105.56358166666665
05-18 15:48:15.624 E/GPSManager( 1824): Location changed : Lat: 40.00125 Lng: 105.56358166666665
05-18 15:48:15.904 E/---RankingListAppFragment---( 3082): onResume
05-18 15:48:16.354 E/Cataloger( 1289): syncFile:/storage/emulated/0/Android/data/com.boco.apphall/cache/uil-images/3205omy4td9oxw05yijfjsa900.tmp
05-18 15:48:16.354 E/Cataloger( 1289): need not sync path:/storage/emulated/0/Android/data/com.boco.apphall/cache/uil-images/3205omy4td9oxw05yijfjsa900.tmp
05-18 15:48:16.374 E/Cataloger( 1289): syncFile:/storage/emulated/0/Android/data/com.boco.apphall/cache/uil-images/5qxqvdbogs92lp9xsu05v4d050.tmp
05-18 15:48:16.374 E/Cataloger( 1289): need not sync path:/storage/emulated/0/Android/data/com.boco.apphall/cache/uil-images/5qxqvdbogs92lp9xsu05v4d050.tmp
05-18 15:48:16.374 E/Cataloger( 1289): syncFile:/storage/emulated/0/Android/data/com.boco.apphall/cache/uil-images/5qxqvdbogs92lp9xsu05v4d050.tmp
05-18 15:48:16.374 E/Cataloger( 1289): need not sync path:/storage/emulated/0/Android/data/com.boco.apphall/cache/uil-images/5qxqvdbogs92lp9xsu05v4d050.tmp
05-18 15:48:16.374 E/Cataloger( 1289): syncFile:/storage/emulated/0/Android/data/com.boco.apphall/cache/uil-images/5qxqvdbogs92lp9xsu05v4d050.tmp
05-18 15:48:16.374 E/Cataloger( 1289): need not sync path:/storage/emulated/0/Android/data/com.boco.apphall/cache/uil-images/5qxqvdbogs92lp9xsu05v4d050.tmp
05-18 15:48:16.414 E/Cataloger( 1289): syncFile:/storage/emulated/0/Android/data/com.boco.apphall/cache/uil-images/5qxqvdbogs92lp9xsu05v4d050
05-18 15:48:16.414 E/Cataloger( 1289): need not sync path:/storage/emulated/0/Android/data/com.boco.apphall/cache/uil-images/5qxqvdbogs92lp9xsu05v4d050
05-18 15:48:16.414 E/Cataloger( 1289): syncFile:/storage/emulated/0/Android/data/com.boco.apphall/cache/uil-images/3205omy4td9oxw05yijfjsa900.tmp
05-18 15:48:16.414 E/Cataloger( 1289): need not sync path:/storage/emulated/0/Android/data/com.boco.apphall/cache/uil-images/3205omy4td9oxw05yijfjsa900.tmp
05-18 15:48:16.414 E/Cataloger( 1289): syncFile:/storage/emulated/0/Android/data/com.boco.apphall/cache/uil-images/3205omy4td9oxw05yijfjsa900.tmp
05-18 15:48:16.454 E/Cataloger( 1289): need not sync path:/storage/emulated/0/Android/data/com.boco.apphall/cache/uil-images/3205omy4td9oxw05yijfjsa900.tmp
05-18 15:48:16.474 E/Cataloger( 1289): syncFile:/storage/emulated/0/Android/data/com.boco.apphall/cache/uil-images/3205omy4td9oxw05yijfjsa900
05-18 15:48:16.474 E/Cataloger( 1289): need not sync path:/storage/emulated/0/Android/data/com.boco.apphall/cache/uil-images/3205omy4td9oxw05yijfjsa900
05-18 15:48:16.474 E/Cataloger( 1289): syncFile:/storage/emulated/0/Android/data/com.boco.apphall/cache/uil-images/1yr55s6idym5vmr2kp828kc730.tmp
05-18 15:48:16.474 E/Cataloger( 1289): need not sync path:/storage/emulated/0/Android/data/com.boco.apphall/cache/uil-images/1yr55s6idym5vmr2kp828kc730.tmp
05-18 15:48:16.484 E/Cataloger( 1289): syncFile:/storage/emulated/0/Android/data/com.boco.apphall/cache/uil-images/1yr55s6idym5vmr2kp828kc730.tmp
05-18 15:48:16.484 E/Cataloger( 1289): need not sync path:/storage/emulated/0/Android/data/com.boco.apphall/cache/uil-images/1yr55s6idym5vmr2kp828kc730.tmp
05-18 15:48:16.484 E/Cataloger( 1289): syncFile:/storage/emulated/0/Android/data/com.boco.apphall/cache/uil-images/1yr55s6idym5vmr2kp828kc730.tmp
05-18 15:48:16.504 E/Cataloger( 1289): need not sync path:/storage/emulated/0/Android/data/com.boco.apphall/cache/uil-images/1yr55s6idym5vmr2kp828kc730.tmp
05-18 15:48:16.544 E/Cataloger( 1289): syncFile:/storage/emulated/0/Android/data/com.boco.apphall/cache/uil-images/1yr55s6idym5vmr2kp828kc730
05-18 15:48:16.544 E/Cataloger( 1289): need not sync path:/storage/emulated/0/Android/data/com.boco.apphall/cache/uil-images/1yr55s6idym5vmr2kp828kc730
05-18 15:48:16.544 E/Cataloger( 1289): syncFile:/storage/emulated/0/Android/data/com.boco.apphall/cache/uil-images/5qk5ab5bpi8w4etc52xne53rs0.tmp
05-18 15:48:16.544 E/Cataloger( 1289): syncFile:/storage/emulated/0/Android/data/com.boco.apphall/cache/uil-images/64u2kf0bfy71nodbxsvrwaoat0.tmp
05-18 15:48:16.544 E/Cataloger( 1289): need not sync path:/storage/emulated/0/Android/data/com.boco.apphall/cache/uil-images/64u2kf0bfy71nodbxsvrwaoat0.tmp
05-18 15:48:16.544 E/Cataloger( 1289): syncFile:/storage/emulated/0/Android/data/com.boco.apphall/cache/uil-images/64u2kf0bfy71nodbxsvrwaoat0.tmp
05-18 15:48:16.544 E/Cataloger( 1289): need not sync path:/storage/emulated/0/Android/data/com.boco.apphall/cache/uil-images/64u2kf0bfy71nodbxsvrwaoat0.tmp
05-18 15:48:16.544 E/Cataloger( 1289): need not sync path:/storage/emulated/0/Android/data/com.boco.apphall/cache/uil-images/5qk5ab5bpi8w4etc52xne53rs0.tmp
05-18 15:48:16.564 E/Cataloger( 1289): syncFile:/storage/emulated/0/Android/data/com.boco.apphall/cache/uil-images/64u2kf0bfy71nodbxsvrwaoat0.tmp
05-18 15:48:16.584 E/Cataloger( 1289): need not sync path:/storage/emulated/0/Android/data/com.boco.apphall/cache/uil-images/64u2kf0bfy71nodbxsvrwaoat0.tmp
05-18 15:48:16.614 E/Cataloger( 1289): syncFile:/storage/emulated/0/Android/data/com.boco.apphall/cache/uil-images/64u2kf0bfy71nodbxsvrwaoat0
05-18 15:48:16.614 E/Cataloger( 1289): need not sync path:/storage/emulated/0/Android/data/com.boco.apphall/cache/uil-images/64u2kf0bfy71nodbxsvrwaoat0
05-18 15:48:16.624 E/Cataloger( 1289): syncFile:/storage/emulated/0/Android/data/com.boco.apphall/cache/uil-images/3zj5e7agc5dxrx9zld8s8tazk0.tmp
05-18 15:48:16.624 E/Cataloger( 1289): need not sync path:/storage/emulated/0/Android/data/com.boco.apphall/cache/uil-images/3zj5e7agc5dxrx9zld8s8tazk0.tmp
05-18 15:48:16.624 E/GPSManager( 1824): Location changed : Lat: 40.00125 Lng: 105.56358166666665
05-18 15:48:16.644 E/Cataloger( 1289): syncFile:/storage/emulated/0/Android/data/com.boco.apphall/cache/uil-images/3zj5e7agc5dxrx9zld8s8tazk0.tmp
05-18 15:48:16.644 E/Cataloger( 1289): need not sync path:/storage/emulated/0/Android/data/com.boco.apphall/cache/uil-images/3zj5e7agc5dxrx9zld8s8tazk0.tmp
05-18 15:48:16.644 E/Cataloger( 1289): syncFile:/storage/emulated/0/Android/data/com.boco.apphall/cache/uil-images/3zj5e7agc5dxrx9zld8s8tazk0.tmp
05-18 15:48:16.664 E/Cataloger( 1289): need not sync path:/storage/emulated/0/Android/data/com.boco.apphall/cache/uil-images/3zj5e7agc5dxrx9zld8s8tazk0.tmp
05-18 15:48:16.664 E/Cataloger( 1289): syncFile:/storage/emulated/0/Android/data/com.boco.apphall/cache/uil-images/3zj5e7agc5dxrx9zld8s8tazk0
05-18 15:48:16.664 E/Cataloger( 1289): need not sync path:/storage/emulated/0/Android/data/com.boco.apphall/cache/uil-images/3zj5e7agc5dxrx9zld8s8tazk0
05-18 15:48:16.664 E/Cataloger( 1289): syncFile:/storage/emulated/0/Android/data/com.boco.apphall/cache/uil-images/mk3hplefdtlqmx38m1iwlp2r0.tmp
05-18 15:48:16.664 E/Cataloger( 1289): need not sync path:/storage/emulated/0/Android/data/com.boco.apphall/cache/uil-images/mk3hplefdtlqmx38m1iwlp2r0.tmp
05-18 15:48:16.664 E/Cataloger( 1289): syncFile:/storage/emulated/0/Android/data/com.boco.apphall/cache/uil-images/5qk5ab5bpi8w4etc52xne53rs0.tmp
05-18 15:48:16.704 E/Cataloger( 1289): need not sync path:/storage/emulated/0/Android/data/com.boco.apphall/cache/uil-images/5qk5ab5bpi8w4etc52xne53rs0.tmp
05-18 15:48:16.704 E/Cataloger( 1289): syncFile:/storage/emulated/0/Android/data/com.boco.apphall/cache/uil-images/5qk5ab5bpi8w4etc52xne53rs0.tmp
05-18 15:48:16.764 E/Cataloger( 1289): need not sync path:/storage/emulated/0/Android/data/com.boco.apphall/cache/uil-images/5qk5ab5bpi8w4etc52xne53rs0.tmp
05-18 15:48:16.764 E/Cataloger( 1289): syncFile:/storage/emulated/0/Android/data/com.boco.apphall/cache/uil-images/5qk5ab5bpi8w4etc52xne53rs0
05-18 15:48:16.774 E/Cataloger( 1289): need not sync path:/storage/emulated/0/Android/data/com.boco.apphall/cache/uil-images/5qk5ab5bpi8w4etc52xne53rs0
05-18 15:48:16.774 E/Cataloger( 1289): syncFile:/storage/emulated/0/Android/data/com.boco.apphall/cache/uil-images/4kxgwmqh15kqpdwvd91ok1rs00.tmp
05-18 15:48:16.774 E/Cataloger( 1289): need not sync path:/storage/emulated/0/Android/data/com.boco.apphall/cache/uil-images/4kxgwmqh15kqpdwvd91ok1rs00.tmp
05-18 15:48:16.774 E/Cataloger( 1289): syncFile:/storage/emulated/0/Android/data/com.boco.apphall/cache/uil-images/mk3hplefdtlqmx38m1iwlp2r0.tmp
05-18 15:48:16.784 E/Cataloger( 1289): need not sync path:/storage/emulated/0/Android/data/com.boco.apphall/cache/uil-images/mk3hplefdtlqmx38m1iwlp2r0.tmp
05-18 15:48:16.784 E/Cataloger( 1289): syncFile:/storage/emulated/0/Android/data/com.boco.apphall/cache/uil-images/mk3hplefdtlqmx38m1iwlp2r0.tmp
05-18 15:48:16.844 E/Cataloger( 1289): need not sync path:/storage/emulated/0/Android/data/com.boco.apphall/cache/uil-images/mk3hplefdtlqmx38m1iwlp2r0.tmp
05-18 15:48:16.864 E/Cataloger( 1289): syncFile:/storage/emulated/0/Android/data/com.boco.apphall/cache/uil-images/mk3hplefdtlqmx38m1iwlp2r0
05-18 15:48:16.864 E/Cataloger( 1289): need not sync path:/storage/emulated/0/Android/data/com.boco.apphall/cache/uil-images/mk3hplefdtlqmx38m1iwlp2r0
05-18 15:48:16.864 E/Cataloger( 1289): syncFile:/storage/emulated/0/Android/data/com.boco.apphall/cache/uil-images/4kxgwmqh15kqpdwvd91ok1rs00.tmp
05-18 15:48:16.864 E/Cataloger( 1289): need not sync path:/storage/emulated/0/Android/data/com.boco.apphall/cache/uil-images/4kxgwmqh15kqpdwvd91ok1rs00.tmp
05-18 15:48:16.864 E/Cataloger( 1289): syncFile:/storage/emulated/0/Android/data/com.boco.apphall/cache/uil-images/4kxgwmqh15kqpdwvd91ok1rs00.tmp
05-18 15:48:16.894 E/Cataloger( 1289): need not sync path:/storage/emulated/0/Android/data/com.boco.apphall/cache/uil-images/4kxgwmqh15kqpdwvd91ok1rs00.tmp
05-18 15:48:16.894 E/Cataloger( 1289): syncFile:/storage/emulated/0/Android/data/com.boco.apphall/cache/uil-images/4kxgwmqh15kqpdwvd91ok1rs00
05-18 15:48:16.894 E/Cataloger( 1289): need not sync path:/storage/emulated/0/Android/data/com.boco.apphall/cache/uil-images/4kxgwmqh15kqpdwvd91ok1rs00
05-18 15:48:16.894 E/Cataloger( 1289): syncFile:/storage/emulated/0/Android/data/com.boco.apphall/cache/uil-images/2dw14j6zx8fuf59l70lizvt710.tmp
05-18 15:48:16.894 E/Cataloger( 1289): need not sync path:/storage/emulated/0/Android/data/com.boco.apphall/cache/uil-images/2dw14j6zx8fuf59l70lizvt710.tmp
05-18 15:48:16.914 E/Cataloger( 1289): syncFile:/storage/emulated/0/Android/data/com.boco.apphall/cache/uil-images/2dw14j6zx8fuf59l70lizvt710.tmp
05-18 15:48:16.914 E/Cataloger( 1289): need not sync path:/storage/emulated/0/Android/data/com.boco.apphall/cache/uil-images/2dw14j6zx8fuf59l70lizvt710.tmp
05-18 15:48:16.914 E/Cataloger( 1289): syncFile:/storage/emulated/0/Android/data/com.boco.apphall/cache/uil-images/2dw14j6zx8fuf59l70lizvt710.tmp
05-18 15:48:16.934 E/Cataloger( 1289): need not sync path:/storage/emulated/0/Android/data/com.boco.apphall/cache/uil-images/2dw14j6zx8fuf59l70lizvt710.tmp
05-18 15:48:16.934 E/Cataloger( 1289): syncFile:/storage/emulated/0/Android/data/com.boco.apphall/cache/uil-images/2dw14j6zx8fuf59l70lizvt710
05-18 15:48:16.934 E/Cataloger( 1289): need not sync path:/storage/emulated/0/Android/data/com.boco.apphall/cache/uil-images/2dw14j6zx8fuf59l70lizvt710
05-18 15:48:16.934 E/Cataloger( 1289): syncFile:/storage/emulated/0/Android/data/com.boco.apphall/cache/uil-images/5252683xnrtcrm7o65y7uirsl0.tmp
05-18 15:48:16.934 E/Cataloger( 1289): need not sync path:/storage/emulated/0/Android/data/com.boco.apphall/cache/uil-images/5252683xnrtcrm7o65y7uirsl0.tmp
05-18 15:48:16.934 E/Cataloger( 1289): syncFile:/storage/emulated/0/Android/data/com.boco.apphall/cache/uil-images/5252683xnrtcrm7o65y7uirsl0.tmp
05-18 15:48:16.934 E/Cataloger( 1289): need not sync path:/storage/emulated/0/Android/data/com.boco.apphall/cache/uil-images/5252683xnrtcrm7o65y7uirsl0.tmp
05-18 15:48:16.934 E/Cataloger( 1289): syncFile:/storage/emulated/0/Android/data/com.boco.apphall/cache/uil-images/5252683xnrtcrm7o65y7uirsl0.tmp
05-18 15:48:16.954 E/Cataloger( 1289): need not sync path:/storage/emulated/0/Android/data/com.boco.apphall/cache/uil-images/5252683xnrtcrm7o65y7uirsl0.tmp
05-18 15:48:16.954 E/Cataloger( 1289): syncFile:/storage/emulated/0/Android/data/com.boco.apphall/cache/uil-images/5252683xnrtcrm7o65y7uirsl0
05-18 15:48:16.954 E/Cataloger( 1289): need not sync path:/storage/emulated/0/Android/data/com.boco.apphall/cache/uil-images/5252683xnrtcrm7o65y7uirsl0
05-18 15:48:17.644 E/GPSManager( 1824): Location changed : Lat: 40.00125 Lng: 105.56358166666665
05-18 15:48:18.684 E/GPSManager( 1824): Location changed : Lat: 40.00125 Lng: 105.56358166666665
05-18 15:48:18.714 E/FastMixer(  167): did not receive expected priority boost
05-18 15:48:19.644 E/GPSManager( 1824): Location changed : Lat: 40.00125 Lng: 105.56358166666665
05-18 15:48:20.654 E/GPSManager( 1824): Location changed : Lat: 40.00125 Lng: 105.56358166666665
05-18 15:48:21.654 E/GPSManager( 1824): Location changed : Lat: 40.00125 Lng: 105.56358166666665
05-18 15:48:22.664 E/GPSManager( 1824): Location changed : Lat: 40.00125 Lng: 105.56358166666665
05-18 15:48:23.654 E/GPSManager( 1824): Location changed : Lat: 40.00125 Lng: 105.56358166666665
05-18 15:48:24.174 E/FastMixer(  167): did not receive expected priority boost
05-18 15:48:24.894 E/Cataloger( 1289): syncFile:/storage/emulated/0/Android/data/com.boco.apphall/cache/uil-images/57gbxefr6ynwpq4ho1je8qmfo0.tmp
05-18 15:48:24.894 E/Cataloger( 1289): need not sync path:/storage/emulated/0/Android/data/com.boco.apphall/cache/uil-images/57gbxefr6ynwpq4ho1je8qmfo0.tmp
05-18 15:48:24.904 E/Cataloger( 1289): syncFile:/storage/emulated/0/Android/data/com.boco.apphall/cache/uil-images/57gbxefr6ynwpq4ho1je8qmfo0.tmp
05-18 15:48:24.904 E/Cataloger( 1289): need not sync path:/storage/emulated/0/Android/data/com.boco.apphall/cache/uil-images/57gbxefr6ynwpq4ho1je8qmfo0.tmp
05-18 15:48:24.914 E/Cataloger( 1289): syncFile:/storage/emulated/0/Android/data/com.boco.apphall/cache/uil-images/57gbxefr6ynwpq4ho1je8qmfo0.tmp
05-18 15:48:24.914 E/Cataloger( 1289): need not sync path:/storage/emulated/0/Android/data/com.boco.apphall/cache/uil-images/57gbxefr6ynwpq4ho1je8qmfo0.tmp
05-18 15:48:24.934 E/Cataloger( 1289): syncFile:/storage/emulated/0/Android/data/com.boco.apphall/cache/uil-images/57gbxefr6ynwpq4ho1je8qmfo0
05-18 15:48:24.934 E/Cataloger( 1289): need not sync path:/storage/emulated/0/Android/data/com.boco.apphall/cache/uil-images/57gbxefr6ynwpq4ho1je8qmfo0
05-18 15:48:25.094 E/Cataloger( 1289): syncFile:/storage/emulated/0/Android/data/com.boco.apphall/cache/uil-images/692qxwcqm0v50o6d686e2v3o30.tmp
05-18 15:48:25.094 E/Cataloger( 1289): need not sync path:/storage/emulated/0/Android/data/com.boco.apphall/cache/uil-images/692qxwcqm0v50o6d686e2v3o30.tmp
05-18 15:48:25.574 E/GPSManager( 1824): Location changed : Lat: 40.00125 Lng: 105.56358166666665
05-18 15:48:25.894 E/Cataloger( 1289): syncFile:/storage/emulated/0/Android/data/com.boco.apphall/cache/uil-images/692qxwcqm0v50o6d686e2v3o30.tmp
05-18 15:48:25.894 E/Cataloger( 1289): need not sync path:/storage/emulated/0/Android/data/com.boco.apphall/cache/uil-images/692qxwcqm0v50o6d686e2v3o30.tmp
05-18 15:48:25.904 E/Cataloger( 1289): syncFile:/storage/emulated/0/Android/data/com.boco.apphall/cache/uil-images/692qxwcqm0v50o6d686e2v3o30.tmp
05-18 15:48:25.904 E/Cataloger( 1289): need not sync path:/storage/emulated/0/Android/data/com.boco.apphall/cache/uil-images/692qxwcqm0v50o6d686e2v3o30.tmp
05-18 15:48:25.944 E/Cataloger( 1289): syncFile:/storage/emulated/0/Android/data/com.boco.apphall/cache/uil-images/692qxwcqm0v50o6d686e2v3o30
05-18 15:48:25.944 E/Cataloger( 1289): need not sync path:/storage/emulated/0/Android/data/com.boco.apphall/cache/uil-images/692qxwcqm0v50o6d686e2v3o30
05-18 15:48:26.194 E/GPSManager( 1824): Location changed : Lat: 40.00125 Lng: 105.56358166666665
05-18 15:48:27.164 E/GPSManager( 1824): Location changed : Lat: 40.00125 Lng: 105.56358166666665
05-18 15:48:27.804 E/Cataloger( 1289): syncFile:/storage/emulated/0/appHall_guangxi_folder/download/1495093707458ZteAndrProjZq5.0.apk
05-18 15:48:27.804 E/Cataloger( 1289): syncFile:/storage/emulated/0/appHall_guangxi_folder/download/1495093707458ZteAndrProjZq5.0.apk
05-18 15:48:28.194 E/GPSManager( 1824): Location changed : Lat: 40.00125 Lng: 105.56358166666665
05-18 15:48:29.194 E/GPSManager( 1824): Location changed : Lat: 40.00125 Lng: 105.56358166666665
05-18 15:48:29.534 E/appium  ( 3051): Element not found: 
05-18 15:48:29.534 E/appium  ( 3051): io.appium.uiautomator2.common.exceptions.ElementNotFoundException: Could not find an element using supplied strategy. 
05-18 15:48:29.534 E/appium  ( 3051): 	at io.appium.uiautomator2.handler.FindElement.getXPathUiObject(FindElement.java:80)
05-18 15:48:29.534 E/appium  ( 3051): 	at io.appium.uiautomator2.handler.FindElement.findElement(FindElement.java:153)
05-18 15:48:29.534 E/appium  ( 3051): 	at io.appium.uiautomator2.handler.FindElement.safeHandle(FindElement.java:102)
05-18 15:48:29.534 E/appium  ( 3051): 	at io.appium.uiautomator2.handler.request.SafeRequestHandler.handle(SafeRequestHandler.java:56)
05-18 15:48:29.534 E/appium  ( 3051): 	at io.appium.uiautomator2.server.AppiumServlet.handleRequest(AppiumServlet.java:202)
05-18 15:48:29.534 E/appium  ( 3051): 	at io.appium.uiautomator2.server.AppiumServlet.handleHttpRequest(AppiumServlet.java:193)
05-18 15:48:29.534 E/appium  ( 3051): 	at io.appium.uiautomator2.http.ServerHandler.channelRead(ServerHandler.java:44)
05-18 15:48:29.534 E/appium  ( 3051): 	at io.netty.channel.AbstractChannelHandlerContext.invokeChannelRead(AbstractChannelHandlerContext.java:366)
05-18 15:48:29.534 E/appium  ( 3051): 	at io.netty.channel.AbstractChannelHandlerContext.invokeChannelRead(AbstractChannelHandlerContext.java:352)
05-18 15:48:29.534 E/appium  ( 3051): 	at io.netty.channel.AbstractChannelHandlerContext.fireChannelRead(AbstractChannelHandlerContext.java:345)
05-18 15:48:29.534 E/appium  ( 3051): 	at io.netty.handler.codec.MessageToMessageDecoder.channelRead(MessageToMessageDecoder.java:102)
05-18 15:48:29.534 E/appium  ( 3051): 	at io.netty.channel.AbstractChannelHandlerContext.invokeChannelRead(AbstractChannelHandlerContext.java:366)
05-18 15:48:29.534 E/appium  ( 3051): 	at io.netty.channel.AbstractChannelHandlerContext.invokeChannelRead(AbstractChannelHandlerContext.java:352)
05-18 15:48:29.534 E/appium  ( 3051): 	at io.netty.channel.AbstractChannelHandlerContext.fireChannelRead(AbstractChannelHandlerContext.java:345)
05-18 15:48:29.534 E/appium  ( 3051): 	at io.netty.channel.CombinedChannelDuplexHandler$DelegatingChannelHandlerContext.fireChannelRead(CombinedChannelDuplexHandler.java:435)
05-18 15:48:29.534 E/appium  ( 3051): 	at io.netty.handler.codec.ByteToMessageDecoder.fireChannelRead(ByteToMessageDecoder.java:293)
05-18 15:48:29.534 E/appium  ( 3051): 	at io.netty.handler.codec.ByteToMessageDecoder.channelRead(ByteToMessageDecoder.java:267)
05-18 15:48:29.534 E/appium  ( 3051): 	at io.netty.channel.CombinedChannelDuplexHandler.channelRead(CombinedChannelDuplexHandler.java:250)
05-18 15:48:29.534 E/appium  ( 3051): 	at io.netty.channel.AbstractChannelHandlerContext.invokeChannelRead(AbstractChannelHandlerContext.java:366)
05-18 15:48:29.534 E/appium  ( 3051): 	at io.netty.channel.AbstractChannelHandlerContext.invokeChannelRead(AbstractChannelHandlerContext.java:352)
05-18 15:48:29.534 E/appium  ( 3051): 	at io.netty.channel.AbstractChannelHandlerContext.fireChannelRead(AbstractChannelHandlerContext.java:345)
05-18 15:48:29.534 E/appium  ( 3051): 	at io.netty.channel.DefaultChannelPipeline$HeadContext.channelRead(DefaultChannelPipeline.java:1294)
05-18 15:48:29.534 E/appium  ( 3051): 	at io.netty.channel.AbstractChannelHandlerContext.invokeChannelRead(AbstractChannelHandlerContext.java:366)
05-18 15:48:29.534 E/appium  ( 3051): 	at io.netty.channel.AbstractChannelHandlerContext.invokeChannelRead(AbstractChannelHandlerContext.java:352)
05-18 15:48:29.534 E/appium  ( 3051): 	at io.netty.channel.DefaultChannelPipeline.fireChannelRead(DefaultChannelPipeline.java:911)
05-18 15:48:29.534 E/appium  ( 3051): 	at io.netty.channel.nio.AbstractNioByteChannel$NioByteUnsafe.read(AbstractNioByteChannel.java:131)
05-18 15:48:29.534 E/appium  ( 3051): 	at io.netty.channel.nio.NioEventLoop.processSelectedKey(NioEventLoop.java:611)
05-18 15:48:29.534 E/appium  ( 3051): 	at io.netty.channel.nio.NioEventLoop.processSelectedKeysPlain(NioEventLoop.java:514)
05-18 15:48:29.534 E/appium  ( 3051): 	at io.netty.channel.nio.NioEventLoop.processSelectedKeys(NioEventLoop.java:468)
05-18 15:48:29.534 E/appium  ( 3051): 	at io.netty.channel.nio.NioEventLoop.run(NioEventLoop.java:438)
05-18 15:48:29.534 E/appium  ( 3051): 	at io.netty.util.concurrent.SingleThreadEventExecutor$2.run(SingleThreadEventExecutor.java:140)
05-18 15:48:29.534 E/appium  ( 3051): 	at io.netty.util.concurrent.DefaultThreadFactory$DefaultRunnableDecorator.run(DefaultThreadFactory.java:144)
05-18 15:48:29.534 E/appium  ( 3051): 	at java.lang.Thread.run(Thread.java:841)
05-18 15:48:30.164 E/GPSManager( 1824): Location changed : Lat: 40.00125 Lng: 105.56358166666665
05-18 15:48:30.284 E/appium  ( 3051): Element not found: 
05-18 15:48:30.284 E/appium  ( 3051): io.appium.uiautomator2.common.exceptions.ElementNotFoundException: Could not find an element using supplied strategy. 
05-18 15:48:30.284 E/appium  ( 3051): 	at io.appium.uiautomator2.handler.FindElement.getXPathUiObject(FindElement.java:80)
05-18 15:48:30.284 E/appium  ( 3051): 	at io.appium.uiautomator2.handler.FindElement.findElement(FindElement.java:153)
