--------- beginning of /dev/log/system
05-22 08:34:54.009 E/ConnectivityService(  478): Ignoring protectedNetwork 10
05-22 08:34:54.009 E/ConnectivityService(  478): Ignoring protectedNetwork 11
05-22 08:34:54.009 E/ConnectivityService(  478): Ignoring protectedNetwork 12
05-22 08:34:54.009 E/ConnectivityService(  478): Ignoring protectedNetwork 14
05-22 08:34:54.019 E/MobileDataStateTracker(  478): default: Ignoring feature request because could not acquire PhoneService
05-22 08:34:54.019 E/MobileDataStateTracker(  478): default: Could not enable APN type "default"
05-22 08:34:54.769 E/LocationManagerService(  478): no geocoder provider found
05-22 08:34:54.769 E/LocationManagerService(  478): No FusedProvider found.
05-22 08:34:54.769 E/LocationManagerService(  478): no geofence provider found
--------- beginning of /dev/log/main
05-22 08:34:55.489 E/dalvikvm(  661): Could not find class 'com.google.android.gms.org.conscrypt.OpenSSLExtendedSessionImpl', referenced from method com.google.android.gms.org.conscrypt.Platform.wrapSSLSession
05-22 08:34:55.519 E/dalvikvm(  661): Could not find class 'com.google.android.gms.org.conscrypt.OpenSSLExtendedSessionImpl', referenced from method com.google.android.gms.org.conscrypt.SSLParametersImpl.getSessionToReuse
05-22 08:34:55.949 E/WifiConfigStore(  478): Error parsing configurationjava.io.FileNotFoundException: /data/misc/wifi/ipconfig.txt: open failed: ENOENT (No such file or directory)
05-22 08:34:55.979 E/WifiStateMachine(  478): Failed to set country code CN
05-22 08:34:55.989 E/WifiStateMachine(  478): Failed to set frequency band 0
05-22 08:34:56.019 E/WifiStateMachine(  478): Unexpected BatchedScanResults :null
05-22 08:34:56.049 E/dalvikvm(  661): Could not find class 'android.app.ActivityManager$TaskDescription', referenced from method txi.a
05-22 08:34:56.209 E/memtrack(  756): Couldn't load memtrack module (No such file or directory)
05-22 08:34:56.209 E/android.os.Debug(  756): failed to load memtrack module: -2
05-22 08:34:56.279 E/cutils-trace(  756): Error opening trace file: No such file or directory (2)
05-22 08:34:56.479 E/memtrack(  744): Couldn't load memtrack module (No such file or directory)
05-22 08:34:56.479 E/android.os.Debug(  744): failed to load memtrack module: -2
05-22 08:34:56.539 E/cutils-trace(  744): Error opening trace file: No such file or directory (2)
05-22 08:34:56.669 E/dalvikvm(  661): Could not find class 'jgj', referenced from method jgi.a
05-22 08:34:56.929 E/memtrack(  775): Couldn't load memtrack module (No such file or directory)
05-22 08:34:56.929 E/android.os.Debug(  775): failed to load memtrack module: -2
05-22 08:34:56.949 E/cutils-trace(  775): Error opening trace file: No such file or directory (2)
05-22 08:34:57.079 E/ConnectivityService(  478): Unexpected mtu value: android.net.wifi.WifiStateTracker@4a8f32f8
05-22 08:34:57.109 E/dalvikvm(  661): Could not find class 'jqk', referenced from method jqi.a
05-22 08:34:57.179 E/dalvikvm(  661): Could not find class 'aiem', referenced from method aita.<init>
05-22 08:34:57.179 E/dalvikvm(  923): Could not find class 'javax.net.ssl.SNIHostName', referenced from method com.google.android.gms.org.conscrypt.Platform.getSSLParameters
05-22 08:34:57.179 E/dalvikvm(  923): Could not find class 'javax.net.ssl.SNIServerName', referenced from method com.google.android.gms.org.conscrypt.Platform.setSSLParameters
05-22 08:34:57.179 E/dalvikvm(  923): Could not find class 'com.google.android.gms.org.conscrypt.OpenSSLExtendedSessionImpl', referenced from method com.google.android.gms.org.conscrypt.Platform.wrapSSLSession
05-22 08:34:57.219 E/dalvikvm(  923): Could not find class 'com.google.android.gms.org.conscrypt.OpenSSLExtendedSessionImpl', referenced from method com.google.android.gms.org.conscrypt.SSLParametersImpl.getSessionToReuse
05-22 08:34:57.259 E/dalvikvm(  661): Could not find class 'aiqs', referenced from method aiqu.a
05-22 08:34:57.259 E/dalvikvm(  661): Could not find class 'android.app.AlarmManager$OnAlarmListener', referenced from method aiqu.a
05-22 08:34:57.379 E/memtrack(  818): Couldn't load memtrack module (No such file or directory)
05-22 08:34:57.379 E/android.os.Debug(  818): failed to load memtrack module: -2
05-22 08:34:57.399 E/memtrack(  827): Couldn't load memtrack module (No such file or directory)
05-22 08:34:57.399 E/android.os.Debug(  827): failed to load memtrack module: -2
05-22 08:34:57.449 E/cutils-trace(  818): Error opening trace file: No such file or directory (2)
05-22 08:34:57.459 E/BandwidthController(  160): Updating quota globalAlert failed (No such file or directory)
05-22 08:34:57.459 E/cutils-trace(  827): Error opening trace file: No such file or directory (2)
05-22 08:34:57.529 E/dalvikvm(  661): Could not find class 'android.bluetooth.le.AdvertiseSettings$Builder', referenced from method aqrk.a
05-22 08:34:57.709 E/dalvikvm(  661): Could not find class 'android.app.usage.UsageStatsManager', referenced from method ugw.a
05-22 08:34:57.999 E/GCoreUlr(  661): Bad errorId configuring silent feedback
05-22 08:34:58.099 E/dalvikvm(  793): Could not find class 'com.google.android.finsky.hygiene.HygieneJobService', referenced from method com.google.android.finsky.dailyhygiene.DailyHygiene.a
05-22 08:34:58.099 E/dalvikvm(  793): Could not find class 'com.google.android.finsky.services.MaintenanceWindowJobService', referenced from method com.google.android.finsky.dailyhygiene.DailyHygiene.g
05-22 08:34:58.209 E/memtrack( 1008): Couldn't load memtrack module (No such file or directory)
05-22 08:34:58.209 E/android.os.Debug( 1008): failed to load memtrack module: -2
05-22 08:34:58.289 E/dalvikvm(  661): Could not find class 'android.app.usage.UsageStatsManager', referenced from method com.google.android.gms.wearable.service.WearableChimeraService.onCreate
05-22 08:34:58.309 E/dalvikvm(  661): Could not find class 'android.telecom.TelecomManager', referenced from method afwv.a
05-22 08:34:58.329 E/cutils-trace( 1008): Error opening trace file: No such file or directory (2)
05-22 08:34:58.339 E/Finsky  (  793): [1] com.google.android.finsky.wear.bl.a(847): onConnectionFailed: ConnectionResult{statusCode=API_UNAVAILABLE, resolution=null, message=null}
05-22 08:34:58.359 E/GCoreUlr(  661): Bad errorId configuring silent feedback
05-22 08:34:58.409 E/GCoreUlr(  661): Bad errorId configuring silent feedback
05-22 08:34:58.449 E/dalvikvm(  716): Could not find class 'javax.net.ssl.SNIHostName', referenced from method com.google.android.gms.org.conscrypt.Platform.getSSLParameters
05-22 08:34:58.449 E/dalvikvm(  716): Could not find class 'javax.net.ssl.SNIServerName', referenced from method com.google.android.gms.org.conscrypt.Platform.setSSLParameters
05-22 08:34:58.449 E/dalvikvm(  716): Could not find class 'com.google.android.gms.org.conscrypt.OpenSSLExtendedSessionImpl', referenced from method com.google.android.gms.org.conscrypt.Platform.wrapSSLSession
05-22 08:34:58.469 E/dalvikvm(  716): Could not find class 'com.google.android.gms.org.conscrypt.OpenSSLExtendedSessionImpl', referenced from method com.google.android.gms.org.conscrypt.SSLParametersImpl.getSessionToReuse
05-22 08:34:59.189 E/Finsky  (  793): [1] com.google.android.finsky.wear.bl.a(847): onConnectionFailed: ConnectionResult{statusCode=API_UNAVAILABLE, resolution=null, message=null}
05-22 08:34:59.919 E/WifiStateMachine(  478): Failed to set country code CN
05-22 08:35:00.739 E/WifiStateMachine(  478): Failed to set country code CN
05-22 08:35:01.199 E/TelephonyProvider(  673): Failed setting numeric '460075' to the current operator
05-22 08:35:02.919 E/RemotePrintSpooler(  478): Error removing obsolete print jobs .
05-22 08:35:02.919 E/RemotePrintSpooler(  478): java.util.concurrent.TimeoutException: Cannot get spooler!
05-22 08:35:02.919 E/RemotePrintSpooler(  478): 	at com.android.server.print.RemotePrintSpooler.bindLocked(RemotePrintSpooler.java:376)
05-22 08:35:02.919 E/RemotePrintSpooler(  478): 	at com.android.server.print.RemotePrintSpooler.getRemoteInstanceLazy(RemotePrintSpooler.java:352)
05-22 08:35:02.919 E/RemotePrintSpooler(  478): 	at com.android.server.print.RemotePrintSpooler.removeObsoletePrintJobs(RemotePrintSpooler.java:287)
05-22 08:35:02.919 E/RemotePrintSpooler(  478): 	at com.android.server.print.UserState.removeObsoletePrintJobs(UserState.java:163)
05-22 08:35:02.919 E/RemotePrintSpooler(  478): 	at com.android.server.print.PrintManagerService$1.run(PrintManagerService.java:94)
05-22 08:35:02.919 E/RemotePrintSpooler(  478): 	at android.os.Handler.handleCallback(Handler.java:733)
05-22 08:35:02.919 E/RemotePrintSpooler(  478): 	at android.os.Handler.dispatchMessage(Handler.java:95)
05-22 08:35:02.919 E/RemotePrintSpooler(  478): 	at android.os.Looper.loop(Looper.java:136)
05-22 08:35:02.919 E/RemotePrintSpooler(  478): 	at android.os.HandlerThread.run(HandlerThread.java:61)
05-22 08:35:04.129 E/dalvikvm(  923): Could not find class 'android.telephony.SubscriptionManager', referenced from method com.google.android.gms.checkin.CheckinChimeraService.c
05-22 08:35:04.239 E/dalvikvm(  923): Could not find class 'android.telephony.SubscriptionManager', referenced from method hgi.a
05-22 08:35:04.249 E/ActivityThread(  923): Failed to find provider info for com.google.android.wearable.settings
05-22 08:35:04.389 E/dalvikvm( 1286): Could not find class 'javax.net.ssl.SNIHostName', referenced from method com.google.android.gms.org.conscrypt.Platform.getSSLParameters
05-22 08:35:04.389 E/dalvikvm( 1286): Could not find class 'javax.net.ssl.SNIServerName', referenced from method com.google.android.gms.org.conscrypt.Platform.setSSLParameters
05-22 08:35:04.389 E/dalvikvm( 1286): Could not find class 'com.google.android.gms.org.conscrypt.OpenSSLExtendedSessionImpl', referenced from method com.google.android.gms.org.conscrypt.Platform.wrapSSLSession
05-22 08:35:04.409 E/dalvikvm( 1286): Could not find class 'com.google.android.gms.org.conscrypt.OpenSSLExtendedSessionImpl', referenced from method com.google.android.gms.org.conscrypt.SSLParametersImpl.getSessionToReuse
05-22 08:35:04.549 E/dalvikvm( 1286): Could not find class 'jgj', referenced from method jgi.a
05-22 08:35:04.559 E/Drm     (  167): Failed to open plugin directory /vendor/lib/mediadrm
05-22 08:35:11.699 E/FileScannerService( 1202): binding file scanner
05-22 08:35:11.809 E/BluetoothManagerService(  478): Fail to bind to: Intent { act=android.bluetooth.IBluetooth }
05-22 08:35:11.809 E/BluetoothHeadset(  478): Could not bind to Bluetooth Headset Service with Intent { act=android.bluetooth.IBluetoothHeadset }
05-22 08:35:11.809 E/BluetoothA2dp(  478): Could not bind to Bluetooth A2DP Service with Intent { act=android.bluetooth.IBluetoothA2dp }
05-22 08:35:11.979 E/WifiStateMachine(  478): Failed to set country code CN
05-22 08:35:12.979 E/UpdateRequestReceiver( 1470): ignoring update request
05-22 08:35:12.989 E/UpdateRequestReceiver( 1470): ignoring update request
05-22 08:35:12.989 E/UpdateRequestReceiver( 1470): ignoring update request
05-22 08:35:12.989 E/UpdateRequestReceiver( 1470): ignoring update request
05-22 08:35:12.999 E/UpdateRequestReceiver( 1470): ignoring update request
05-22 08:35:12.999 E/UpdateRequestReceiver( 1470): ignoring update request
05-22 08:35:13.169 E/dalvikvm(  923): Could not find class 'android.service.persistentdata.PersistentDataBlockManager', referenced from method dzw.a
05-22 08:35:13.219 E/dalvikvm(  923): Could not find class 'android.net.NetworkRequest$Builder', referenced from method com.google.android.gms.common.stats.GmsCoreStatsChimeraService.onCreate
05-22 08:35:13.229 E/dalvikvm(  661): Could not find class 'android.net.NetworkRequest$Builder', referenced from method com.google.android.gms.common.stats.GmsCoreStatsChimeraService.onCreate
05-22 08:35:13.379 E/dalvikvm(  716): Could not find class 'android.app.job.JobScheduler', referenced from method pqd.a
05-22 08:35:13.389 E/dalvikvm(  716): Could not find class 'android.app.usage.UsageStatsManager', referenced from method ppl.a
05-22 08:35:13.399 E/BaseAppContext(  923): Tried to stop global GMSCore RequestQueue. This is likely unintended, so ignoring.
05-22 08:35:13.769 E/Ads     (  923): Error while retrieving parental controls.
05-22 08:35:13.769 E/Ads     (  923): java.lang.NullPointerException
05-22 08:35:13.769 E/Ads     (  923): 	at android.os.Parcel.readException(Parcel.java:1471)
05-22 08:35:13.769 E/Ads     (  923): 	at android.os.Parcel.readException(Parcel.java:1419)
05-22 08:35:13.769 E/Ads     (  923): 	at bbb.a(:com.google.android.gms:139)
05-22 08:35:13.769 E/Ads     (  923): 	at com.google.android.gms.ads.play.c.onServiceConnected(:com.google.android.gms:175)
05-22 08:35:13.769 E/Ads     (  923): 	at android.app.LoadedApk$ServiceDispatcher.doConnected(LoadedApk.java:1110)
05-22 08:35:13.769 E/Ads     (  923): 	at android.app.LoadedApk$ServiceDispatcher$RunConnection.run(LoadedApk.java:1127)
05-22 08:35:13.769 E/Ads     (  923): 	at android.os.Handler.handleCallback(Handler.java:733)
05-22 08:35:13.769 E/Ads     (  923): 	at android.os.Handler.dispatchMessage(Handler.java:95)
05-22 08:35:13.769 E/Ads     (  923): 	at android.os.Looper.loop(Looper.java:136)
05-22 08:35:13.769 E/Ads     (  923): 	at android.app.ActivityThread.main(ActivityThread.java:5019)
05-22 08:35:13.769 E/Ads     (  923): 	at java.lang.reflect.Method.invokeNative(Native Method)
05-22 08:35:13.769 E/Ads     (  923): 	at java.lang.reflect.Method.invoke(Method.java:515)
05-22 08:35:13.769 E/Ads     (  923): 	at com.android.internal.os.ZygoteInit$MethodAndArgsCaller.run(ZygoteInit.java:779)
05-22 08:35:13.769 E/Ads     (  923): 	at com.android.internal.os.ZygoteInit.main(ZygoteInit.java:595)
05-22 08:35:13.769 E/Ads     (  923): 	at dalvik.system.NativeStart.main(Native Method)
05-22 08:35:13.799 E/dalvikvm(  923): Could not find class 'jgj', referenced from method jgi.a
05-22 08:35:13.969 E/Icing   (  923): street name for address is empty or is not existed. 
05-22 08:35:13.999 E/Icing   (  923): Opening file  for read failed: No such file or directory
05-22 08:35:13.999 E/Icing   (  923): Unable to open file . 
05-22 08:35:13.999 E/Icing   (  923): WordsMap was not properly initialized
05-22 08:35:14.019 E/Icing   (  923): Array storage bad crc 1701113113 vs 3044381947
05-22 08:35:14.019 E/Icing   (  923): Array storage bad crc 650879360 vs 0
05-22 08:35:14.049 E/dalvikvm(  923): Could not find class 'android.net.NetworkRequest$Builder', referenced from method addo.b
05-22 08:35:14.079 E/Icing   (  923): Array storage bad crc 1503609351 vs 2999361956
05-22 08:35:14.079 E/Icing   (  923): Trie mmap suffix failed
05-22 08:35:14.129 E/MDM     (  923): [127] tdv.a: Couldn't connect to Google API client: hvk{statusCode=API_UNAVAILABLE, resolution=null, message=null}
05-22 08:35:14.249 E/Icing   (  923): Array storage bad crc 1610868288 vs 0
05-22 08:35:14.249 E/Icing   (  923): Trie mmap node failed
05-22 08:35:14.379 E/GCoreUlr(  661): Bad errorId configuring silent feedback
05-22 08:35:14.599 E/dalvikvm(  923): Could not find class 'android.app.usage.UsageStatsManager', referenced from method rff.a
05-22 08:35:28.309 E/dalvikvm( 1636): Could not find class 'javax.net.ssl.SNIHostName', referenced from method com.google.android.gms.org.conscrypt.Platform.getSSLParameters
05-22 08:35:28.309 E/dalvikvm( 1636): Could not find class 'javax.net.ssl.SNIServerName', referenced from method com.google.android.gms.org.conscrypt.Platform.setSSLParameters
05-22 08:35:28.319 E/dalvikvm( 1636): Could not find class 'com.google.android.gms.org.conscrypt.OpenSSLExtendedSessionImpl', referenced from method com.google.android.gms.org.conscrypt.Platform.wrapSSLSession
05-22 08:35:28.329 E/dalvikvm( 1636): Could not find class 'com.google.android.gms.org.conscrypt.OpenSSLExtendedSessionImpl', referenced from method com.google.android.gms.org.conscrypt.SSLParametersImpl.getSessionToReuse
05-22 08:35:28.429 E/dalvikvm(  923): Could not find class 'com.google.android.gms.common.permission.PermissionUtils$1', referenced from method com.google.android.gms.chimera.GmsModuleInitializer.initializeModuleV0
05-22 08:35:28.829 E/Cataloger( 1202): syncFile:/storage/emulated/0/server.log.19
05-22 08:35:28.839 E/Cataloger( 1202): need not sync path:/storage/emulated/0/server.log.19
05-22 08:35:28.839 E/Cataloger( 1202): syncFile:/storage/emulated/0/server.log.18
05-22 08:35:28.839 E/Cataloger( 1202): need not sync path:/storage/emulated/0/server.log.18
05-22 08:35:28.839 E/Cataloger( 1202): syncFile:/storage/emulated/0/server.log.19
05-22 08:35:28.839 E/Cataloger( 1202): need not sync path:/storage/emulated/0/server.log.19
05-22 08:35:28.839 E/Cataloger( 1202): syncFile:/storage/emulated/0/server.log.17
05-22 08:35:28.839 E/Cataloger( 1202): need not sync path:/storage/emulated/0/server.log.17
05-22 08:35:28.839 E/Cataloger( 1202): syncFile:/storage/emulated/0/server.log.18
05-22 08:35:28.839 E/Cataloger( 1202): need not sync path:/storage/emulated/0/server.log.18
05-22 08:35:28.839 E/Cataloger( 1202): syncFile:/storage/emulated/0/server.log.16
05-22 08:35:28.849 E/Cataloger( 1202): need not sync path:/storage/emulated/0/server.log.16
05-22 08:35:28.849 E/Cataloger( 1202): syncFile:/storage/emulated/0/server.log.17
05-22 08:35:28.849 E/Cataloger( 1202): need not sync path:/storage/emulated/0/server.log.17
05-22 08:35:28.849 E/Cataloger( 1202): syncFile:/storage/emulated/0/server.log.15
05-22 08:35:28.849 E/Cataloger( 1202): need not sync path:/storage/emulated/0/server.log.15
05-22 08:35:28.849 E/Cataloger( 1202): syncFile:/storage/emulated/0/server.log.16
05-22 08:35:28.849 E/Cataloger( 1202): need not sync path:/storage/emulated/0/server.log.16
05-22 08:35:28.849 E/Cataloger( 1202): syncFile:/storage/emulated/0/server.log.14
05-22 08:35:28.849 E/Cataloger( 1202): need not sync path:/storage/emulated/0/server.log.14
05-22 08:35:28.849 E/Cataloger( 1202): syncFile:/storage/emulated/0/server.log.15
05-22 08:35:28.849 E/Cataloger( 1202): need not sync path:/storage/emulated/0/server.log.15
05-22 08:35:28.849 E/Cataloger( 1202): syncFile:/storage/emulated/0/server.log.13
05-22 08:35:28.849 E/Cataloger( 1202): need not sync path:/storage/emulated/0/server.log.13
05-22 08:35:28.849 E/Cataloger( 1202): syncFile:/storage/emulated/0/server.log.14
05-22 08:35:28.849 E/Cataloger( 1202): need not sync path:/storage/emulated/0/server.log.14
05-22 08:35:28.849 E/Cataloger( 1202): syncFile:/storage/emulated/0/server.log.12
05-22 08:35:28.849 E/Cataloger( 1202): need not sync path:/storage/emulated/0/server.log.12
05-22 08:35:28.849 E/Cataloger( 1202): syncFile:/storage/emulated/0/server.log.13
05-22 08:35:28.849 E/Cataloger( 1202): need not sync path:/storage/emulated/0/server.log.13
05-22 08:35:28.849 E/Cataloger( 1202): syncFile:/storage/emulated/0/server.log.11
05-22 08:35:28.859 E/Cataloger( 1202): need not sync path:/storage/emulated/0/server.log.11
05-22 08:35:28.859 E/Cataloger( 1202): syncFile:/storage/emulated/0/server.log.12
05-22 08:35:28.859 E/Cataloger( 1202): need not sync path:/storage/emulated/0/server.log.12
05-22 08:35:28.859 E/Cataloger( 1202): syncFile:/storage/emulated/0/server.log.10
05-22 08:35:28.859 E/Cataloger( 1202): need not sync path:/storage/emulated/0/server.log.10
05-22 08:35:28.859 E/Cataloger( 1202): syncFile:/storage/emulated/0/server.log.11
05-22 08:35:28.859 E/Cataloger( 1202): need not sync path:/storage/emulated/0/server.log.11
05-22 08:35:28.859 E/Cataloger( 1202): syncFile:/storage/emulated/0/server.log.9
05-22 08:35:28.859 E/Cataloger( 1202): need not sync path:/storage/emulated/0/server.log.9
05-22 08:35:28.859 E/Cataloger( 1202): syncFile:/storage/emulated/0/server.log.10
05-22 08:35:28.859 E/Cataloger( 1202): need not sync path:/storage/emulated/0/server.log.10
05-22 08:35:28.859 E/Cataloger( 1202): syncFile:/storage/emulated/0/server.log.8
05-22 08:35:28.869 E/Cataloger( 1202): need not sync path:/storage/emulated/0/server.log.8
05-22 08:35:28.869 E/Cataloger( 1202): syncFile:/storage/emulated/0/server.log.9
05-22 08:35:28.869 E/Cataloger( 1202): need not sync path:/storage/emulated/0/server.log.9
05-22 08:35:28.869 E/Cataloger( 1202): syncFile:/storage/emulated/0/server.log.7
05-22 08:35:28.869 E/Cataloger( 1202): need not sync path:/storage/emulated/0/server.log.7
05-22 08:35:28.869 E/Cataloger( 1202): syncFile:/storage/emulated/0/server.log.8
05-22 08:35:28.869 E/Cataloger( 1202): need not sync path:/storage/emulated/0/server.log.8
05-22 08:35:28.869 E/Cataloger( 1202): syncFile:/storage/emulated/0/server.log.6
05-22 08:35:28.869 E/Cataloger( 1202): need not sync path:/storage/emulated/0/server.log.6
05-22 08:35:28.869 E/Cataloger( 1202): syncFile:/storage/emulated/0/server.log.7
05-22 08:35:28.869 E/Cataloger( 1202): need not sync path:/storage/emulated/0/server.log.7
05-22 08:35:28.869 E/Cataloger( 1202): syncFile:/storage/emulated/0/server.log.5
05-22 08:35:28.869 E/Cataloger( 1202): need not sync path:/storage/emulated/0/server.log.5
05-22 08:35:28.869 E/Cataloger( 1202): syncFile:/storage/emulated/0/server.log.6
05-22 08:35:28.869 E/Cataloger( 1202): need not sync path:/storage/emulated/0/server.log.6
05-22 08:35:28.869 E/Cataloger( 1202): syncFile:/storage/emulated/0/server.log.4
05-22 08:35:28.869 E/Cataloger( 1202): need not sync path:/storage/emulated/0/server.log.4
05-22 08:35:28.869 E/Cataloger( 1202): syncFile:/storage/emulated/0/server.log.5
05-22 08:35:28.869 E/Cataloger( 1202): need not sync path:/storage/emulated/0/server.log.5
05-22 08:35:28.869 E/Cataloger( 1202): syncFile:/storage/emulated/0/server.log.3
05-22 08:35:28.879 E/Cataloger( 1202): need not sync path:/storage/emulated/0/server.log.3
05-22 08:35:28.879 E/Cataloger( 1202): syncFile:/storage/emulated/0/server.log.4
05-22 08:35:28.879 E/Cataloger( 1202): need not sync path:/storage/emulated/0/server.log.4
05-22 08:35:28.879 E/Cataloger( 1202): syncFile:/storage/emulated/0/server.log.2
05-22 08:35:28.879 E/Cataloger( 1202): need not sync path:/storage/emulated/0/server.log.2
05-22 08:35:28.879 E/Cataloger( 1202): syncFile:/storage/emulated/0/server.log.3
05-22 08:35:28.879 E/Cataloger( 1202): need not sync path:/storage/emulated/0/server.log.3
05-22 08:35:28.879 E/Cataloger( 1202): syncFile:/storage/emulated/0/server.log.1
05-22 08:35:28.879 E/Cataloger( 1202): need not sync path:/storage/emulated/0/server.log.1
05-22 08:35:28.879 E/Cataloger( 1202): syncFile:/storage/emulated/0/server.log.2
05-22 08:35:28.879 E/Cataloger( 1202): need not sync path:/storage/emulated/0/server.log.2
05-22 08:35:28.879 E/Cataloger( 1202): syncFile:/storage/emulated/0/server.log
05-22 08:35:28.879 E/Cataloger( 1202): need not sync path:/storage/emulated/0/server.log
05-22 08:35:28.879 E/Cataloger( 1202): syncFile:/storage/emulated/0/server.log.1
05-22 08:35:28.879 E/Cataloger( 1202): need not sync path:/storage/emulated/0/server.log.1
05-22 08:35:28.879 E/Cataloger( 1202): syncFile:/storage/emulated/0/server.log
05-22 08:35:28.889 E/Cataloger( 1202): need not sync path:/storage/emulated/0/server.log
05-22 08:35:28.939 E/Cataloger( 1202): syncFile:/storage/emulated/0/.UTSystemConfig/Global/Alvin2.xml
05-22 08:35:28.939 E/Cataloger( 1202): syncFile:/storage/emulated/0/.UTSystemConfig/Global/Alvin2.xml.bak
05-22 08:35:28.939 E/Cataloger( 1202): need not sync path:/storage/emulated/0/.UTSystemConfig/Global/Alvin2.xml.bak
05-22 08:35:28.939 E/Cataloger( 1202): syncFile:/storage/emulated/0/.UTSystemConfig/Global/Alvin2.xml
05-22 08:35:28.939 E/Cataloger( 1202): syncFile:/storage/emulated/0/.UTSystemConfig/Global/Alvin2.xml
05-22 08:35:28.939 E/Cataloger( 1202): syncFile:/storage/emulated/0/.UTSystemConfig/Global/Alvin2.xml.bak
05-22 08:35:28.949 E/Cataloger( 1202): need not sync path:/storage/emulated/0/.UTSystemConfig/Global/Alvin2.xml.bak
05-22 08:35:28.969 E/Cataloger( 1202): syncFile:/storage/emulated/0/.DataStorage/ContextData.xml
05-22 08:35:28.989 E/Cataloger( 1202): syncFile:/storage/emulated/0/.DataStorage/ContextData.xml.bak
05-22 08:35:28.989 E/Cataloger( 1202): need not sync path:/storage/emulated/0/.DataStorage/ContextData.xml.bak
05-22 08:35:28.989 E/Cataloger( 1202): syncFile:/storage/emulated/0/.DataStorage/ContextData.xml
05-22 08:35:28.989 E/Cataloger( 1202): syncFile:/storage/emulated/0/.DataStorage/ContextData.xml
05-22 08:35:28.989 E/Cataloger( 1202): syncFile:/storage/emulated/0/.DataStorage/ContextData.xml.bak
05-22 08:35:28.989 E/Cataloger( 1202): need not sync path:/storage/emulated/0/.DataStorage/ContextData.xml.bak
05-22 08:35:29.209 E/Cataloger( 1202): syncFile:/storage/emulated/0/BigNoxHD/cache/com_ztesoft_96x96.png
05-22 08:35:29.409 E/Cataloger( 1202): syncFile:/storage/emulated/0/BigNoxHD/cache/com_boco_gx_breakpointsearch_96x96.png
05-22 08:35:29.619 E/Cataloger( 1202): syncFile:/storage/emulated/0/BigNoxHD/cache/com_bignox_app_store_hd_96x96.png
05-22 08:35:35.399 E/Drm     (  167): Failed to open plugin directory /vendor/lib/mediadrm
05-22 08:35:43.629 E/PhenotypeGcmIntentOperation(  661): Failed to subscribe to GCM for com.google.android.gms.lockbox with IOException-TIMEOUT
05-22 08:35:44.329 E/MS_RegisterService(  923): Exception getting GCM token
05-22 08:35:44.329 E/MS_RegisterService(  923): java.io.IOException: TIMEOUT
05-22 08:35:44.329 E/MS_RegisterService(  923): 	at rie.b(:com.google.android.gms:820)
05-22 08:35:44.329 E/MS_RegisterService(  923): 	at rie.a(:com.google.android.gms:784)
05-22 08:35:44.329 E/MS_RegisterService(  923): 	at ria.c(:com.google.android.gms:524)
05-22 08:35:44.329 E/MS_RegisterService(  923): 	at ria.b(:com.google.android.gms:487)
05-22 08:35:44.329 E/MS_RegisterService(  923): 	at agry.a(:com.google.android.gms:1439)
05-22 08:35:44.329 E/MS_RegisterService(  923): 	at com.google.android.libraries.matchstick.net.SilentRegisterIntentOperation.a(:com.google.android.gms:1021)
05-22 08:35:44.329 E/MS_RegisterService(  923): 	at com.google.android.libraries.matchstick.net.SilentRegisterIntentOperation.onHandleIntent(:com.google.android.gms:467)
05-22 08:35:44.329 E/MS_RegisterService(  923): 	at com.google.android.chimera.IntentOperation.onHandleIntent(:com.google.android.gms:118)
05-22 08:35:44.329 E/MS_RegisterService(  923): 	at bwq.run(:com.google.android.gms:1864)
05-22 08:35:44.329 E/MS_RegisterService(  923): 	at bwn.run(:com.google.android.gms:1143)
05-22 08:35:44.329 E/MS_RegisterService(  923): 	at java.util.concurrent.ThreadPoolExecutor.runWorker(ThreadPoolExecutor.java:1112)
05-22 08:35:44.329 E/MS_RegisterService(  923): 	at java.util.concurrent.ThreadPoolExecutor$Worker.run(ThreadPoolExecutor.java:587)
05-22 08:35:44.329 E/MS_RegisterService(  923): 	at java.lang.Thread.run(Thread.java:841)
05-22 08:35:47.789 E/GCoreUlr(  661): Bad errorId configuring silent feedback
05-22 08:35:48.299 E/BandwidthController(  160): Updating quota globalAlert failed (No such file or directory)
05-22 08:36:13.659 E/PhenotypeGcmIntentOperation(  661): Failed to subscribe to GCM for com.google.android.location with IOException-TIMEOUT
05-22 08:36:13.939 E/memtrack( 2012): Couldn't load memtrack module (No such file or directory)
05-22 08:36:13.939 E/android.os.Debug( 2012): failed to load memtrack module: -2
05-22 08:36:13.959 E/cutils-trace( 2012): Error opening trace file: No such file or directory (2)
05-22 08:36:15.399 E/memtrack( 2030): Couldn't load memtrack module (No such file or directory)
05-22 08:36:15.399 E/android.os.Debug( 2030): failed to load memtrack module: -2
05-22 08:36:15.409 E/cutils-trace( 2030): Error opening trace file: No such file or directory (2)
05-22 08:36:16.339 E/memtrack( 2057): Couldn't load memtrack module (No such file or directory)
05-22 08:36:16.339 E/android.os.Debug( 2057): failed to load memtrack module: -2
05-22 08:36:16.359 E/cutils-trace( 2057): Error opening trace file: No such file or directory (2)
05-22 08:36:17.039 E/memtrack( 2111): Couldn't load memtrack module (No such file or directory)
05-22 08:36:17.039 E/android.os.Debug( 2111): failed to load memtrack module: -2
05-22 08:36:17.059 E/cutils-trace( 2111): Error opening trace file: No such file or directory (2)
05-22 08:36:17.958 E/memtrack( 2146): Couldn't load memtrack module (No such file or directory)
05-22 08:36:17.958 E/android.os.Debug( 2146): failed to load memtrack module: -2
05-22 08:36:17.968 E/cutils-trace( 2146): Error opening trace file: No such file or directory (2)
05-22 08:36:19.438 E/memtrack( 2158): Couldn't load memtrack module (No such file or directory)
05-22 08:36:19.438 E/android.os.Debug( 2158): failed to load memtrack module: -2
05-22 08:36:19.458 E/cutils-trace( 2158): Error opening trace file: No such file or directory (2)
05-22 08:36:20.128 E/memtrack( 2170): Couldn't load memtrack module (No such file or directory)
05-22 08:36:20.128 E/android.os.Debug( 2170): failed to load memtrack module: -2
05-22 08:36:20.148 E/cutils-trace( 2170): Error opening trace file: No such file or directory (2)
05-22 08:36:21.028 E/memtrack( 2186): Couldn't load memtrack module (No such file or directory)
05-22 08:36:21.028 E/android.os.Debug( 2186): failed to load memtrack module: -2
05-22 08:36:21.048 E/cutils-trace( 2186): Error opening trace file: No such file or directory (2)
05-22 08:36:21.668 E/memtrack( 2198): Couldn't load memtrack module (No such file or directory)
05-22 08:36:21.668 E/android.os.Debug( 2198): failed to load memtrack module: -2
05-22 08:36:21.688 E/cutils-trace( 2198): Error opening trace file: No such file or directory (2)
05-22 08:36:24.998 E/memtrack( 2217): Couldn't load memtrack module (No such file or directory)
05-22 08:36:24.998 E/android.os.Debug( 2217): failed to load memtrack module: -2
05-22 08:36:25.018 E/cutils-trace( 2217): Error opening trace file: No such file or directory (2)
05-22 08:36:25.648 E/memtrack( 2229): Couldn't load memtrack module (No such file or directory)
05-22 08:36:25.648 E/android.os.Debug( 2229): failed to load memtrack module: -2
05-22 08:36:25.658 E/cutils-trace( 2229): Error opening trace file: No such file or directory (2)
05-22 08:36:26.288 E/memtrack( 2241): Couldn't load memtrack module (No such file or directory)
05-22 08:36:26.288 E/android.os.Debug( 2241): failed to load memtrack module: -2
05-22 08:36:26.338 E/Cataloger( 1202): syncFile:/storage/emulated/0/Android/data/com.boco.apphall/cache/.nomedia
05-22 08:36:26.358 E/Cataloger( 1202): need not sync path:/storage/emulated/0/Android/data/com.boco.apphall/cache/.nomedia
05-22 08:36:26.358 E/Cataloger( 1202): syncFile:/storage/emulated/0/Android/data/com.boco.apphall/cache/uil-images/57gbxefr6ynwpq4ho1je8qmfo0
05-22 08:36:26.358 E/Cataloger( 1202): need not sync path:/storage/emulated/0/Android/data/com.boco.apphall/cache/uil-images/57gbxefr6ynwpq4ho1je8qmfo0
05-22 08:36:26.358 E/Cataloger( 1202): syncFile:/storage/emulated/0/Android/data/com.boco.apphall/cache/uil-images/5252683xnrtcrm7o65y7uirsl0
05-22 08:36:26.358 E/Cataloger( 1202): need not sync path:/storage/emulated/0/Android/data/com.boco.apphall/cache/uil-images/5252683xnrtcrm7o65y7uirsl0
05-22 08:36:26.358 E/Cataloger( 1202): syncFile:/storage/emulated/0/Android/data/com.boco.apphall/cache/uil-images/2dw14j6zx8fuf59l70lizvt710
05-22 08:36:26.368 E/Cataloger( 1202): need not sync path:/storage/emulated/0/Android/data/com.boco.apphall/cache/uil-images/2dw14j6zx8fuf59l70lizvt710
05-22 08:36:26.368 E/Cataloger( 1202): syncFile:/storage/emulated/0/Android/data/com.boco.apphall/cache/uil-images/64u2kf0bfy71nodbxsvrwaoat0
05-22 08:36:26.368 E/Cataloger( 1202): need not sync path:/storage/emulated/0/Android/data/com.boco.apphall/cache/uil-images/64u2kf0bfy71nodbxsvrwaoat0
05-22 08:36:26.368 E/Cataloger( 1202): syncFile:/storage/emulated/0/Android/data/com.boco.apphall/cache/uil-images/3205omy4td9oxw05yijfjsa900
05-22 08:36:26.368 E/cutils-trace( 2241): Error opening trace file: No such file or directory (2)
05-22 08:36:26.368 E/Cataloger( 1202): need not sync path:/storage/emulated/0/Android/data/com.boco.apphall/cache/uil-images/3205omy4td9oxw05yijfjsa900
05-22 08:36:26.368 E/Cataloger( 1202): syncFile:/storage/emulated/0/Android/data/com.boco.apphall/cache/uil-images/journal
05-22 08:36:26.368 E/Cataloger( 1202): need not sync path:/storage/emulated/0/Android/data/com.boco.apphall/cache/uil-images/journal
05-22 08:36:26.368 E/Cataloger( 1202): syncFile:/storage/emulated/0/Android/data/com.boco.apphall/cache/uil-images/1yr55s6idym5vmr2kp828kc730
05-22 08:36:26.378 E/Cataloger( 1202): need not sync path:/storage/emulated/0/Android/data/com.boco.apphall/cache/uil-images/1yr55s6idym5vmr2kp828kc730
05-22 08:36:26.378 E/Cataloger( 1202): syncFile:/storage/emulated/0/Android/data/com.boco.apphall/cache/uil-images/5qxqvdbogs92lp9xsu05v4d050
05-22 08:36:26.388 E/Cataloger( 1202): need not sync path:/storage/emulated/0/Android/data/com.boco.apphall/cache/uil-images/5qxqvdbogs92lp9xsu05v4d050
05-22 08:36:26.388 E/Cataloger( 1202): syncFile:/storage/emulated/0/Android/data/com.boco.apphall/cache/uil-images/4kxgwmqh15kqpdwvd91ok1rs00
05-22 08:36:26.398 E/Cataloger( 1202): need not sync path:/storage/emulated/0/Android/data/com.boco.apphall/cache/uil-images/4kxgwmqh15kqpdwvd91ok1rs00
05-22 08:36:26.398 E/Cataloger( 1202): syncFile:/storage/emulated/0/Android/data/com.boco.apphall/cache/uil-images/5qk5ab5bpi8w4etc52xne53rs0
05-22 08:36:26.398 E/Cataloger( 1202): need not sync path:/storage/emulated/0/Android/data/com.boco.apphall/cache/uil-images/5qk5ab5bpi8w4etc52xne53rs0
05-22 08:36:26.398 E/Cataloger( 1202): syncFile:/storage/emulated/0/Android/data/com.boco.apphall/cache/uil-images/5wanmv7yu4hzfio3426l5dfqd0
05-22 08:36:26.398 E/Cataloger( 1202): need not sync path:/storage/emulated/0/Android/data/com.boco.apphall/cache/uil-images/5wanmv7yu4hzfio3426l5dfqd0
05-22 08:36:26.398 E/Cataloger( 1202): syncFile:/storage/emulated/0/Android/data/com.boco.apphall/cache/uil-images/3zj5e7agc5dxrx9zld8s8tazk0
05-22 08:36:26.398 E/Cataloger( 1202): need not sync path:/storage/emulated/0/Android/data/com.boco.apphall/cache/uil-images/3zj5e7agc5dxrx9zld8s8tazk0
05-22 08:36:26.398 E/Cataloger( 1202): syncFile:/storage/emulated/0/Android/data/com.boco.apphall/cache/uil-images/692qxwcqm0v50o6d686e2v3o30
05-22 08:36:26.408 E/Cataloger( 1202): need not sync path:/storage/emulated/0/Android/data/com.boco.apphall/cache/uil-images/692qxwcqm0v50o6d686e2v3o30
05-22 08:36:26.408 E/Cataloger( 1202): syncFile:/storage/emulated/0/Android/data/com.boco.apphall/cache/uil-images/mk3hplefdtlqmx38m1iwlp2r0
05-22 08:36:26.408 E/Cataloger( 1202): need not sync path:/storage/emulated/0/Android/data/com.boco.apphall/cache/uil-images/mk3hplefdtlqmx38m1iwlp2r0
05-22 08:36:26.408 E/Cataloger( 1202): syncFile:/storage/emulated/0/Android/data/com.boco.apphall/cache/uil-images
05-22 08:36:26.408 E/Cataloger( 1202): syncFile:/storage/emulated/0/Android/data/com.boco.apphall/cache
05-22 08:36:26.408 E/Cataloger( 1202): syncFile:/storage/emulated/0/Android/data/com.boco.apphall
05-22 08:36:27.098 E/memtrack( 2303): Couldn't load memtrack module (No such file or directory)
05-22 08:36:27.098 E/android.os.Debug( 2303): failed to load memtrack module: -2
05-22 08:36:27.118 E/cutils-trace( 2303): Error opening trace file: No such file or directory (2)
05-22 08:36:27.758 E/memtrack( 2315): Couldn't load memtrack module (No such file or directory)
05-22 08:36:27.758 E/android.os.Debug( 2315): failed to load memtrack module: -2
05-22 08:36:27.768 E/cutils-trace( 2315): Error opening trace file: No such file or directory (2)
05-22 08:36:28.578 E/memtrack( 2329): Couldn't load memtrack module (No such file or directory)
05-22 08:36:28.588 E/android.os.Debug( 2329): failed to load memtrack module: -2
05-22 08:36:28.598 E/cutils-trace( 2329): Error opening trace file: No such file or directory (2)
05-22 08:36:29.138 E/memtrack( 2341): Couldn't load memtrack module (No such file or directory)
05-22 08:36:29.138 E/android.os.Debug( 2341): failed to load memtrack module: -2
05-22 08:36:33.058 E/memtrack( 2372): Couldn't load memtrack module (No such file or directory)
05-22 08:36:33.058 E/android.os.Debug( 2372): failed to load memtrack module: -2
05-22 08:36:33.788 E/Cataloger( 1202): syncFile:/storage/emulated/0/Android/data/com.boco.apphall
05-22 08:36:33.788 E/Cataloger( 1202): 创建一个目录:/storage/emulated/0/Android/data/com.boco.apphall
05-22 08:36:33.788 E/Cataloger( 1202): 扫描新建目录：/storage/emulated/0/Android/data/com.boco.apphall
05-22 08:36:33.798 E/Cataloger( 1202): syncFile:/storage/emulated/0/Android/data/com.boco.apphall/cache
05-22 08:36:33.798 E/Cataloger( 1202): 创建一个目录:/storage/emulated/0/Android/data/com.boco.apphall/cache
05-22 08:36:33.798 E/Cataloger( 1202): 扫描新建目录：/storage/emulated/0/Android/data/com.boco.apphall/cache
05-22 08:36:33.798 E/Cataloger( 1202): syncFile:/storage/emulated/0/Android/data/com.boco.apphall/cache/uil-images/journal.tmp
05-22 08:36:33.798 E/Cataloger( 1202): need not sync path:/storage/emulated/0/Android/data/com.boco.apphall/cache/uil-images/journal.tmp
05-22 08:36:33.798 E/Cataloger( 1202): syncFile:/storage/emulated/0/Android/data/com.boco.apphall/cache/uil-images/journal.tmp
05-22 08:36:33.808 E/Cataloger( 1202): need not sync path:/storage/emulated/0/Android/data/com.boco.apphall/cache/uil-images/journal.tmp
05-22 08:36:33.808 E/Cataloger( 1202): syncFile:/storage/emulated/0/Android/data/com.boco.apphall/cache/uil-images/journal.tmp
05-22 08:36:33.808 E/Cataloger( 1202): need not sync path:/storage/emulated/0/Android/data/com.boco.apphall/cache/uil-images/journal.tmp
05-22 08:36:33.818 E/Cataloger( 1202): syncFile:/storage/emulated/0/Android/data/com.boco.apphall/cache/uil-images/journal
05-22 08:36:33.818 E/Cataloger( 1202): need not sync path:/storage/emulated/0/Android/data/com.boco.apphall/cache/uil-images/journal
05-22 08:36:34.158 E/cutils-trace( 2372): Error opening trace file: No such file or directory (2)
05-22 08:36:37.018 E/memtrack( 2419): Couldn't load memtrack module (No such file or directory)
05-22 08:36:37.018 E/android.os.Debug( 2419): failed to load memtrack module: -2
05-22 08:36:37.078 E/cutils-trace( 2419): Error opening trace file: No such file or directory (2)
05-22 08:36:38.478 E/memtrack( 2464): Couldn't load memtrack module (No such file or directory)
05-22 08:36:38.478 E/android.os.Debug( 2464): failed to load memtrack module: -2
05-22 08:36:39.198 E/cutils-trace( 2464): Error opening trace file: No such file or directory (2)
05-22 08:36:39.448 E/appium  ( 2353): Exception while handling action in: io.appium.uiautomator2.handler.Clear
05-22 08:36:39.448 E/appium  ( 2353): java.lang.NullPointerException
05-22 08:36:39.448 E/appium  ( 2353): 	at android.support.test.uiautomator.UiObject2.setText(UiObject2.java:601)
05-22 08:36:39.448 E/appium  ( 2353): 	at android.support.test.uiautomator.UiObject2.clear(UiObject2.java:338)
05-22 08:36:39.448 E/appium  ( 2353): 	at io.appium.uiautomator2.model.UiObject2Element.clear(UiObject2Element.java:138)
05-22 08:36:39.448 E/appium  ( 2353): 	at io.appium.uiautomator2.handler.Clear.safeHandle(Clear.java:51)
05-22 08:36:39.448 E/appium  ( 2353): 	at io.appium.uiautomator2.handler.request.SafeRequestHandler.handle(SafeRequestHandler.java:56)
05-22 08:36:39.448 E/appium  ( 2353): 	at io.appium.uiautomator2.handler.SendKeysToElement.safeHandle(SendKeysToElement.java:73)
05-22 08:36:39.448 E/appium  ( 2353): 	at io.appium.uiautomator2.handler.request.SafeRequestHandler.handle(SafeRequestHandler.java:56)
05-22 08:36:39.448 E/appium  ( 2353): 	at io.appium.uiautomator2.server.AppiumServlet.handleRequest(AppiumServlet.java:202)
05-22 08:36:39.448 E/appium  ( 2353): 	at io.appium.uiautomator2.server.AppiumServlet.handleHttpRequest(AppiumServlet.java:193)
05-22 08:36:39.448 E/appium  ( 2353): 	at io.appium.uiautomator2.http.ServerHandler.channelRead(ServerHandler.java:44)
05-22 08:36:39.448 E/appium  ( 2353): 	at io.netty.channel.AbstractChannelHandlerContext.invokeChannelRead(AbstractChannelHandlerContext.java:366)
05-22 08:36:39.448 E/appium  ( 2353): 	at io.netty.channel.AbstractChannelHandlerContext.invokeChannelRead(AbstractChannelHandlerContext.java:352)
05-22 08:36:39.448 E/appium  ( 2353): 	at io.netty.channel.AbstractChannelHandlerContext.fireChannelRead(AbstractChannelHandlerContext.java:345)
05-22 08:36:39.448 E/appium  ( 2353): 	at io.netty.handler.codec.MessageToMessageDecoder.channelRead(MessageToMessageDecoder.java:102)
05-22 08:36:39.448 E/appium  ( 2353): 	at io.netty.channel.AbstractChannelHandlerContext.invokeChannelRead(AbstractChannelHandlerContext.java:366)
05-22 08:36:39.448 E/appium  ( 2353): 	at io.netty.channel.AbstractChannelHandlerContext.invokeChannelRead(AbstractChannelHandlerContext.java:352)
05-22 08:36:39.448 E/appium  ( 2353): 	at io.netty.channel.AbstractChannelHandlerContext.fireChannelRead(AbstractChannelHandlerContext.java:345)
05-22 08:36:39.448 E/appium  ( 2353): 	at io.netty.channel.CombinedChannelDuplexHandler$DelegatingChannelHandlerContext.fireChannelRead(CombinedChannelDuplexHandler.java:435)
05-22 08:36:39.448 E/appium  ( 2353): 	at io.netty.handler.codec.ByteToMessageDecoder.fireChannelRead(ByteToMessageDecoder.java:293)
05-22 08:36:39.448 E/appium  ( 2353): 	at io.netty.handler.codec.ByteToMessageDecoder.channelRead(ByteToMessageDecoder.java:267)
05-22 08:36:39.448 E/appium  ( 2353): 	at io.netty.channel.CombinedChannelDuplexHandler.channelRead(CombinedChannelDuplexHandler.java:250)
05-22 08:36:39.448 E/appium  ( 2353): 	at io.netty.channel.AbstractChannelHandlerContext.invokeChannelRead(AbstractChannelHandlerContext.java:366)
05-22 08:36:39.448 E/appium  ( 2353): 	at io.netty.channel.AbstractChannelHandlerContext.invokeChannelRead(AbstractChannelHandlerContext.java:352)
05-22 08:36:39.448 E/appium  ( 2353): 	at io.netty.channel.AbstractChannelHandlerContext.fireChannelRead(AbstractChannelHandlerContext.java:345)
05-22 08:36:39.448 E/appium  ( 2353): 	at io.netty.channel.DefaultChannelPipeline$HeadContext.channelRead(DefaultChannelPipeline.java:1294)
05-22 08:36:39.448 E/appium  ( 2353): 	at io.netty.channel.AbstractChannelHandlerContext.invokeChannelRead(AbstractChannelHandlerContext.java:366)
05-22 08:36:39.448 E/appium  ( 2353): 	at io.netty.channel.AbstractChannelHandlerContext.invokeChannelRead(AbstractChannelHandlerContext.java:352)
05-22 08:36:39.448 E/appium  ( 2353): 	at io.netty.channel.DefaultChannelPipeline.fireChannelRead(DefaultChannelPipeline.java:911)
05-22 08:36:39.448 E/appium  ( 2353): 	at io.netty.channel.nio.AbstractNioByteChannel$NioByteUnsafe.read(AbstractNioByteChannel.java:131)
05-22 08:36:39.448 E/appium  ( 2353): 	at io.netty.channel.nio.NioEventLoop.processSelectedKey(NioEventLoop.java:611)
05-22 08:36:39.448 E/appium  ( 2353): 	at io.netty.channel.nio.NioEventLoop.processSelectedKeysPlain(NioEventLoop.java:514)
05-22 08:36:39.448 E/appium  ( 2353): 	at io.netty.channel.nio.NioEventLoop.processSelectedKeys(NioEventLoop.java:468)
05-22 08:36:39.448 E/appium  ( 2353): 	at io.netty.channel.nio.NioEventLoop.run(NioEventLoop.java:438)
05-22 08:36:39.448 E/appium  ( 2353): 	at io.netty.util.concurrent.SingleThreadEventExecutor$2.run(SingleThreadEventExecutor.java:140)
05-22 08:36:39.448 E/appium  ( 2353): 	at io.netty.util.concurrent.DefaultThreadFactory$DefaultRunnableDecorator.run(DefaultThreadFactory.java:144)
05-22 08:36:39.448 E/appium  ( 2353): 	at java.lang.Thread.run(Thread.java:841)
05-22 08:36:39.458 E/appium  ( 2353): Exception while handling action in: io.appium.uiautomator2.handler.SendKeysToElement
05-22 08:36:39.458 E/appium  ( 2353): java.lang.NullPointerException
05-22 08:36:39.458 E/appium  ( 2353): 	at android.support.test.uiautomator.UiObject2.setText(UiObject2.java:601)
05-22 08:36:39.458 E/appium  ( 2353): 	at io.appium.uiautomator2.model.UiObject2Element.setText(UiObject2Element.java:129)
05-22 08:36:39.458 E/appium  ( 2353): 	at io.appium.uiautomator2.handler.SendKeysToElement.safeHandle(SendKeysToElement.java:83)
05-22 08:36:39.458 E/appium  ( 2353): 	at io.appium.uiautomator2.handler.request.SafeRequestHandler.handle(SafeRequestHandler.java:56)
05-22 08:36:39.458 E/appium  ( 2353): 	at io.appium.uiautomator2.server.AppiumServlet.handleRequest(AppiumServlet.java:202)
05-22 08:36:39.458 E/appium  ( 2353): 	at io.appium.uiautomator2.server.AppiumServlet.handleHttpRequest(AppiumServlet.java:193)
05-22 08:36:39.458 E/appium  ( 2353): 	at io.appium.uiautomator2.http.ServerHandler.channelRead(ServerHandler.java:44)
05-22 08:36:39.458 E/appium  ( 2353): 	at io.netty.channel.AbstractChannelHandlerContext.invokeChannelRead(AbstractChannelHandlerContext.java:366)
05-22 08:36:39.458 E/appium  ( 2353): 	at io.netty.channel.AbstractChannelHandlerContext.invokeChannelRead(AbstractChannelHandlerContext.java:352)
05-22 08:36:39.458 E/appium  ( 2353): 	at io.netty.channel.AbstractChannelHandlerContext.fireChannelRead(AbstractChannelHandlerContext.java:345)
05-22 08:36:39.458 E/appium  ( 2353): 	at io.netty.handler.codec.MessageToMessageDecoder.channelRead(MessageToMessageDecoder.java:102)
05-22 08:36:39.458 E/appium  ( 2353): 	at io.netty.channel.AbstractChannelHandlerContext.invokeChannelRead(AbstractChannelHandlerContext.java:366)
05-22 08:36:39.458 E/appium  ( 2353): 	at io.netty.channel.AbstractChannelHandlerContext.invokeChannelRead(AbstractChannelHandlerContext.java:352)
05-22 08:36:39.458 E/appium  ( 2353): 	at io.netty.channel.AbstractChannelHandlerContext.fireChannelRead(AbstractChannelHandlerContext.java:345)
05-22 08:36:39.458 E/appium  ( 2353): 	at io.netty.channel.CombinedChannelDuplexHandler$DelegatingChannelHandlerContext.fireChannelRead(CombinedChannelDuplexHandler.java:435)
05-22 08:36:39.458 E/appium  ( 2353): 	at io.netty.handler.codec.ByteToMessageDecoder.fireChannelRead(ByteToMessageDecoder.java:293)
05-22 08:36:39.458 E/appium  ( 2353): 	at io.netty.handler.codec.ByteToMessageDecoder.channelRead(ByteToMessageDecoder.java:267)
05-22 08:36:39.458 E/appium  ( 2353): 	at io.netty.channel.CombinedChannelDuplexHandler.channelRead(CombinedChannelDuplexHandler.java:250)
05-22 08:36:39.458 E/appium  ( 2353): 	at io.netty.channel.AbstractChannelHandlerContext.invokeChannelRead(AbstractChannelHandlerContext.java:366)
05-22 08:36:39.458 E/appium  ( 2353): 	at io.netty.channel.AbstractChannelHandlerContext.invokeChannelRead(AbstractChannelHandlerContext.java:352)
05-22 08:36:39.458 E/appium  ( 2353): 	at io.netty.channel.AbstractChannelHandlerContext.fireChannelRead(AbstractChannelHandlerContext.java:345)
05-22 08:36:39.458 E/appium  ( 2353): 	at io.netty.channel.DefaultChannelPipeline$HeadContext.channelRead(DefaultChannelPipeline.java:1294)
05-22 08:36:39.458 E/appium  ( 2353): 	at io.netty.channel.AbstractChannelHandlerContext.invokeChannelRead(AbstractChannelHandlerContext.java:366)
05-22 08:36:39.458 E/appium  ( 2353): 	at io.netty.channel.AbstractChannelHandlerContext.invokeChannelRead(AbstractChannelHandlerContext.java:352)
05-22 08:36:39.458 E/appium  ( 2353): 	at io.netty.channel.DefaultChannelPipeline.fireChannelRead(DefaultChannelPipeline.java:911)
05-22 08:36:39.458 E/appium  ( 2353): 	at io.netty.channel.nio.AbstractNioByteChannel$NioByteUnsafe.read(AbstractNioByteChannel.java:131)
05-22 08:36:39.458 E/appium  ( 2353): 	at io.netty.channel.nio.NioEventLoop.processSelectedKey(NioEventLoop.java:611)
05-22 08:36:39.458 E/appium  ( 2353): 	at io.netty.channel.nio.NioEventLoop.processSelectedKeysPlain(NioEventLoop.java:514)
05-22 08:36:39.458 E/appium  ( 2353): 	at io.netty.channel.nio.NioEventLoop.processSelectedKeys(NioEventLoop.java:468)
05-22 08:36:39.458 E/appium  ( 2353): 	at io.netty.channel.nio.NioEventLoop.run(NioEventLoop.java:438)
05-22 08:36:39.458 E/appium  ( 2353): 	at io.netty.util.concurrent.SingleThreadEventExecutor$2.run(SingleThreadEventExecutor.java:140)
05-22 08:36:39.458 E/appium  ( 2353): 	at io.netty.util.concurrent.DefaultThreadFactory$DefaultRunnableDecorator.run(DefaultThreadFactory.java:144)
05-22 08:36:39.458 E/appium  ( 2353): 	at java.lang.Thread.run(Thread.java:841)
05-22 08:36:39.918 E/memtrack( 2520): Couldn't load memtrack module (No such file or directory)
05-22 08:36:39.928 E/android.os.Debug( 2520): failed to load memtrack module: -2
05-22 08:36:40.018 E/cutils-trace( 2520): Error opening trace file: No such file or directory (2)
05-22 08:36:43.668 E/PhenotypeGcmIntentOperation(  661): Failed to subscribe to GCM for com.google.android.gms.people with IOException-TIMEOUT
05-22 08:36:48.208 E/---RankingListAppFragment---( 2385): onResume
05-22 08:36:48.498 E/Cataloger( 1202): syncFile:/storage/emulated/0/Android/data/com.boco.apphall/cache/uil-images/5wanmv7yu4hzfio3426l5dfqd0.tmp
05-22 08:36:48.498 E/Cataloger( 1202): need not sync path:/storage/emulated/0/Android/data/com.boco.apphall/cache/uil-images/5wanmv7yu4hzfio3426l5dfqd0.tmp
05-22 08:36:48.508 E/Cataloger( 1202): syncFile:/storage/emulated/0/Android/data/com.boco.apphall/cache/uil-images/3205omy4td9oxw05yijfjsa900.tmp
05-22 08:36:48.508 E/Cataloger( 1202): need not sync path:/storage/emulated/0/Android/data/com.boco.apphall/cache/uil-images/3205omy4td9oxw05yijfjsa900.tmp
05-22 08:36:48.528 E/Cataloger( 1202): syncFile:/storage/emulated/0/Android/data/com.boco.apphall/cache/uil-images/3205omy4td9oxw05yijfjsa900.tmp
05-22 08:36:48.528 E/Cataloger( 1202): need not sync path:/storage/emulated/0/Android/data/com.boco.apphall/cache/uil-images/3205omy4td9oxw05yijfjsa900.tmp
