05-18 16:19:37.545 E/GPSManager( 4132): Location changed : Lat: 40.00125 Lng: 105.56358166666665
05-18 16:19:38.555 E/GPSManager( 4132): Location changed : Lat: 40.00125 Lng: 105.56358166666665
05-18 16:19:39.545 E/GPSManager( 4132): Location changed : Lat: 40.00125 Lng: 105.56358166666665
05-18 16:19:40.575 E/GPSManager( 4132): Location changed : Lat: 40.00125 Lng: 105.56358166666665
05-18 16:19:41.585 E/GPSManager( 4132): Location changed : Lat: 40.00125 Lng: 105.56358166666665
05-18 16:19:42.585 E/GPSManager( 4132): Location changed : Lat: 40.00125 Lng: 105.56358166666665
05-18 16:19:43.585 E/GPSManager( 4132): Location changed : Lat: 40.00125 Lng: 105.56358166666665
05-18 16:19:44.605 E/GPSManager( 4132): Location changed : Lat: 40.00125 Lng: 105.56358166666665
05-18 16:19:45.615 E/GPSManager( 4132): Location changed : Lat: 40.00125 Lng: 105.56358166666665
05-18 16:19:46.605 E/GPSManager( 4132): Location changed : Lat: 40.00125 Lng: 105.56358166666665
05-18 16:19:47.635 E/GPSManager( 4132): Location changed : Lat: 40.00125 Lng: 105.56358166666665
05-18 16:19:48.645 E/GPSManager( 4132): Location changed : Lat: 40.00125 Lng: 105.56358166666665
05-18 16:19:49.655 E/GPSManager( 4132): Location changed : Lat: 40.00125 Lng: 105.56358166666665
05-18 16:19:50.645 E/GPSManager( 4132): Location changed : Lat: 40.00125 Lng: 105.56358166666665
05-18 16:19:51.675 E/GPSManager( 4132): Location changed : Lat: 40.00125 Lng: 105.56358166666665
05-18 16:19:52.685 E/GPSManager( 4132): Location changed : Lat: 40.00125 Lng: 105.56358166666665
05-18 16:19:53.675 E/GPSManager( 4132): Location changed : Lat: 40.00125 Lng: 105.56358166666665
05-18 16:19:54.695 E/GPSManager( 4132): Location changed : Lat: 40.00125 Lng: 105.56358166666665
05-18 16:19:55.695 E/GPSManager( 4132): Location changed : Lat: 40.00125 Lng: 105.56358166666665
05-18 16:19:56.715 E/GPSManager( 4132): Location changed : Lat: 40.00125 Lng: 105.56358166666665
05-18 16:19:57.735 E/GPSManager( 4132): Location changed : Lat: 40.00125 Lng: 105.56358166666665
05-18 16:19:58.745 E/GPSManager( 4132): Location changed : Lat: 40.00125 Lng: 105.56358166666665
05-18 16:19:59.765 E/GPSManager( 4132): Location changed : Lat: 40.00125 Lng: 105.56358166666665
05-18 16:20:00.755 E/GPSManager( 4132): Location changed : Lat: 40.00125 Lng: 105.56358166666665
05-18 16:20:01.755 E/GPSManager( 4132): Location changed : Lat: 40.00125 Lng: 105.56358166666665
05-18 16:20:02.755 E/GPSManager( 4132): Location changed : Lat: 40.00125 Lng: 105.56358166666665
05-18 16:20:02.775 E/memtrack( 4251): Couldn't load memtrack module (No such file or directory)
05-18 16:20:02.775 E/android.os.Debug( 4251): failed to load memtrack module: -2
05-18 16:20:02.855 E/JavaBinder( 4251): Unknown binder error code. 0xfffffff7
05-18 16:20:02.855 E/ServiceManager( 4251): error in getService
05-18 16:20:02.855 E/ServiceManager( 4251): android.os.RemoteException: Unknown binder error code. 0xfffffff7
05-18 16:20:02.855 E/ServiceManager( 4251): 	at android.os.BinderProxy.transact(Native Method)
05-18 16:20:02.855 E/ServiceManager( 4251): 	at android.os.ServiceManagerProxy.getService(ServiceManagerNative.java:123)
05-18 16:20:02.855 E/ServiceManager( 4251): 	at android.os.ServiceManager.getService(ServiceManager.java:55)
05-18 16:20:02.855 E/ServiceManager( 4251): 	at android.app.ActivityManagerNative$1.create(ActivityManagerNative.java:2042)
05-18 16:20:02.855 E/ServiceManager( 4251): 	at android.app.ActivityManagerNative$1.create(ActivityManagerNative.java:2040)
05-18 16:20:02.855 E/ServiceManager( 4251): 	at android.util.Singleton.get(Singleton.java:34)
05-18 16:20:02.855 E/ServiceManager( 4251): 	at android.app.ActivityManagerNative.getDefault(ActivityManagerNative.java:76)
05-18 16:20:02.855 E/ServiceManager( 4251): 	at com.android.internal.os.RuntimeInit$UncaughtHandler.uncaughtException(RuntimeInit.java:86)
05-18 16:20:02.855 E/ServiceManager( 4251): 	at java.lang.ThreadGroup.uncaughtException(ThreadGroup.java:693)
05-18 16:20:02.855 E/ServiceManager( 4251): 	at java.lang.ThreadGroup.uncaughtException(ThreadGroup.java:690)
05-18 16:20:02.855 E/ServiceManager( 4251): 	at dalvik.system.NativeStart.main(Native Method)
05-18 16:20:02.855 E/AndroidRuntime( 4251): *** FATAL EXCEPTION IN SYSTEM PROCESS: main
05-18 16:20:02.855 E/AndroidRuntime( 4251): java.lang.IllegalStateException: UiAutomationService android.accessibilityservice.IAccessibilityServiceClient$Stub$Proxy@4a8ebba0already registered!
05-18 16:20:02.855 E/AndroidRuntime( 4251): 	at android.os.Parcel.readException(Parcel.java:1473)
05-18 16:20:02.855 E/AndroidRuntime( 4251): 	at android.os.Parcel.readException(Parcel.java:1419)
05-18 16:20:02.855 E/AndroidRuntime( 4251): 	at android.view.accessibility.IAccessibilityManager$Stub$Proxy.registerUiTestAutomationService(IAccessibilityManager.java:342)
05-18 16:20:02.855 E/AndroidRuntime( 4251): 	at android.app.UiAutomationConnection.registerUiTestAutomationServiceLocked(UiAutomationConnection.java:175)
05-18 16:20:02.855 E/AndroidRuntime( 4251): 	at android.app.UiAutomationConnection.connect(UiAutomationConnection.java:72)
05-18 16:20:02.855 E/AndroidRuntime( 4251): 	at android.app.UiAutomation.connect(UiAutomation.java:188)
05-18 16:20:02.855 E/AndroidRuntime( 4251): 	at com.android.uiautomator.core.UiAutomationShellWrapper.connect(UiAutomationShellWrapper.java:32)
05-18 16:20:02.855 E/AndroidRuntime( 4251): 	at com.android.commands.uiautomator.DumpCommand.run(DumpCommand.java:74)
05-18 16:20:02.855 E/AndroidRuntime( 4251): 	at com.android.commands.uiautomator.Launcher.main(Launcher.java:83)
05-18 16:20:02.855 E/AndroidRuntime( 4251): 	at com.android.internal.os.RuntimeInit.nativeFinishInit(Native Method)
05-18 16:20:02.855 E/AndroidRuntime( 4251): 	at com.android.internal.os.RuntimeInit.main(RuntimeInit.java:258)
05-18 16:20:02.855 E/AndroidRuntime( 4251): 	at dalvik.system.NativeStart.main(Native Method)
05-18 16:20:02.855 E/AndroidRuntime( 4251): Error reporting crash
05-18 16:20:02.855 E/AndroidRuntime( 4251): java.lang.NullPointerException
05-18 16:20:02.855 E/AndroidRuntime( 4251): 	at com.android.internal.os.RuntimeInit$UncaughtHandler.uncaughtException(RuntimeInit.java:86)
05-18 16:20:02.855 E/AndroidRuntime( 4251): 	at java.lang.ThreadGroup.uncaughtException(ThreadGroup.java:693)
05-18 16:20:02.855 E/AndroidRuntime( 4251): 	at java.lang.ThreadGroup.uncaughtException(ThreadGroup.java:690)
05-18 16:20:02.855 E/AndroidRuntime( 4251): 	at dalvik.system.NativeStart.main(Native Method)
05-18 16:20:03.755 E/GPSManager( 4132): Location changed : Lat: 40.00125 Lng: 105.56358166666665
05-18 16:20:04.755 E/GPSManager( 4132): Location changed : Lat: 40.00125 Lng: 105.56358166666665
05-18 16:20:05.765 E/GPSManager( 4132): Location changed : Lat: 40.00125 Lng: 105.56358166666665
05-18 16:20:06.775 E/GPSManager( 4132): Location changed : Lat: 40.00125 Lng: 105.56358166666665
05-18 16:20:07.795 E/GPSManager( 4132): Location changed : Lat: 40.00125 Lng: 105.56358166666665
05-18 16:20:08.805 E/GPSManager( 4132): Location changed : Lat: 40.00125 Lng: 105.56358166666665
05-18 16:20:09.815 E/GPSManager( 4132): Location changed : Lat: 40.00125 Lng: 105.56358166666665
05-18 16:20:10.825 E/GPSManager( 4132): Location changed : Lat: 40.00125 Lng: 105.56358166666665
05-18 16:20:11.815 E/GPSManager( 4132): Location changed : Lat: 40.00125 Lng: 105.56358166666665
05-18 16:20:12.845 E/GPSManager( 4132): Location changed : Lat: 40.00125 Lng: 105.56358166666665
05-18 16:20:13.855 E/GPSManager( 4132): Location changed : Lat: 40.00125 Lng: 105.56358166666665
05-18 16:20:14.845 E/GPSManager( 4132): Location changed : Lat: 40.00125 Lng: 105.56358166666665
05-18 16:20:15.875 E/GPSManager( 4132): Location changed : Lat: 40.00125 Lng: 105.56358166666665
05-18 16:20:16.885 E/GPSManager( 4132): Location changed : Lat: 40.00125 Lng: 105.56358166666665
05-18 16:20:17.895 E/GPSManager( 4132): Location changed : Lat: 40.00125 Lng: 105.56358166666665
05-18 16:20:18.905 E/GPSManager( 4132): Location changed : Lat: 40.00125 Lng: 105.56358166666665
05-18 16:20:19.895 E/GPSManager( 4132): Location changed : Lat: 40.00125 Lng: 105.56358166666665
05-18 16:20:20.915 E/GPSManager( 4132): Location changed : Lat: 40.00125 Lng: 105.56358166666665
05-18 16:20:21.925 E/GPSManager( 4132): Location changed : Lat: 40.00125 Lng: 105.56358166666665
05-18 16:20:22.945 E/GPSManager( 4132): Location changed : Lat: 40.00125 Lng: 105.56358166666665
05-18 16:20:23.935 E/GPSManager( 4132): Location changed : Lat: 40.00125 Lng: 105.56358166666665
05-18 16:20:24.935 E/GPSManager( 4132): Location changed : Lat: 40.00125 Lng: 105.56358166666665
05-18 16:20:25.945 E/GPSManager( 4132): Location changed : Lat: 40.00125 Lng: 105.56358166666665
05-18 16:20:26.935 E/GPSManager( 4132): Location changed : Lat: 40.00125 Lng: 105.56358166666665
05-18 16:20:27.945 E/GPSManager( 4132): Location changed : Lat: 40.00125 Lng: 105.56358166666665
05-18 16:20:28.965 E/GPSManager( 4132): Location changed : Lat: 40.00125 Lng: 105.56358166666665
05-18 16:20:29.955 E/GPSManager( 4132): Location changed : Lat: 40.00125 Lng: 105.56358166666665
05-18 16:20:30.945 E/GPSManager( 4132): Location changed : Lat: 40.00125 Lng: 105.56358166666665
05-18 16:20:31.955 E/GPSManager( 4132): Location changed : Lat: 40.00125 Lng: 105.56358166666665
05-18 16:20:32.955 E/GPSManager( 4132): Location changed : Lat: 40.00125 Lng: 105.56358166666665
05-18 16:20:33.955 E/GPSManager( 4132): Location changed : Lat: 40.00125 Lng: 105.56358166666665
05-18 16:20:34.955 E/GPSManager( 4132): Location changed : Lat: 40.00125 Lng: 105.56358166666665
05-18 16:20:35.965 E/GPSManager( 4132): Location changed : Lat: 40.00125 Lng: 105.56358166666665
05-18 16:20:36.955 E/GPSManager( 4132): Location changed : Lat: 40.00125 Lng: 105.56358166666665
05-18 16:20:37.975 E/GPSManager( 4132): Location changed : Lat: 40.00125 Lng: 105.56358166666665
05-18 16:20:38.965 E/GPSManager( 4132): Location changed : Lat: 40.00125 Lng: 105.56358166666665
05-18 16:20:39.975 E/GPSManager( 4132): Location changed : Lat: 40.00125 Lng: 105.56358166666665
05-18 16:20:40.975 E/GPSManager( 4132): Location changed : Lat: 40.00125 Lng: 105.56358166666665
05-18 16:20:41.975 E/GPSManager( 4132): Location changed : Lat: 40.00125 Lng: 105.56358166666665
05-18 16:20:42.975 E/GPSManager( 4132): Location changed : Lat: 40.00125 Lng: 105.56358166666665
05-18 16:20:43.985 E/GPSManager( 4132): Location changed : Lat: 40.00125 Lng: 105.56358166666665
05-18 16:20:44.985 E/GPSManager( 4132): Location changed : Lat: 40.00125 Lng: 105.56358166666665
05-18 16:20:45.985 E/GPSManager( 4132): Location changed : Lat: 40.00125 Lng: 105.56358166666665
05-18 16:20:46.985 E/GPSManager( 4132): Location changed : Lat: 40.00125 Lng: 105.56358166666665
05-18 16:20:47.995 E/GPSManager( 4132): Location changed : Lat: 40.00125 Lng: 105.56358166666665
05-18 16:20:48.995 E/GPSManager( 4132): Location changed : Lat: 40.00125 Lng: 105.56358166666665
05-18 16:20:49.995 E/GPSManager( 4132): Location changed : Lat: 40.00125 Lng: 105.56358166666665
05-18 16:20:50.995 E/GPSManager( 4132): Location changed : Lat: 40.00125 Lng: 105.56358166666665
05-18 16:20:51.995 E/GPSManager( 4132): Location changed : Lat: 40.00125 Lng: 105.56358166666665
05-18 16:20:52.995 E/GPSManager( 4132): Location changed : Lat: 40.00125 Lng: 105.56358166666665
05-18 16:20:53.995 E/GPSManager( 4132): Location changed : Lat: 40.00125 Lng: 105.56358166666665
05-18 16:20:55.015 E/GPSManager( 4132): Location changed : Lat: 40.00125 Lng: 105.56358166666665
05-18 16:20:56.035 E/GPSManager( 4132): Location changed : Lat: 40.00125 Lng: 105.56358166666665
05-18 16:20:57.035 E/GPSManager( 4132): Location changed : Lat: 40.00125 Lng: 105.56358166666665
05-18 16:20:58.045 E/GPSManager( 4132): Location changed : Lat: 40.00125 Lng: 105.56358166666665
05-18 16:20:59.035 E/GPSManager( 4132): Location changed : Lat: 40.00125 Lng: 105.56358166666665
05-18 16:21:00.075 E/GPSManager( 4132): Location changed : Lat: 40.00125 Lng: 105.56358166666665
05-18 16:21:01.075 E/GPSManager( 4132): Location changed : Lat: 40.00125 Lng: 105.56358166666665
05-18 16:21:02.075 E/GPSManager( 4132): Location changed : Lat: 40.00125 Lng: 105.56358166666665
05-18 16:21:03.065 E/GPSManager( 4132): Location changed : Lat: 40.00125 Lng: 105.56358166666665
05-18 16:21:04.075 E/GPSManager( 4132): Location changed : Lat: 40.00125 Lng: 105.56358166666665
05-18 16:21:05.045 E/memtrack( 4268): Couldn't load memtrack module (No such file or directory)
05-18 16:21:05.045 E/android.os.Debug( 4268): failed to load memtrack module: -2
05-18 16:21:05.065 E/GPSManager( 4132): Location changed : Lat: 40.00125 Lng: 105.56358166666665
05-18 16:21:05.105 E/JavaBinder( 4268): Unknown binder error code. 0xfffffff7
05-18 16:21:05.105 E/ServiceManager( 4268): error in getService
05-18 16:21:05.105 E/ServiceManager( 4268): android.os.RemoteException: Unknown binder error code. 0xfffffff7
05-18 16:21:05.105 E/ServiceManager( 4268): 	at android.os.BinderProxy.transact(Native Method)
05-18 16:21:05.105 E/ServiceManager( 4268): 	at android.os.ServiceManagerProxy.getService(ServiceManagerNative.java:123)
05-18 16:21:05.105 E/ServiceManager( 4268): 	at android.os.ServiceManager.getService(ServiceManager.java:55)
05-18 16:21:05.105 E/ServiceManager( 4268): 	at android.app.ActivityManagerNative$1.create(ActivityManagerNative.java:2042)
05-18 16:21:05.105 E/ServiceManager( 4268): 	at android.app.ActivityManagerNative$1.create(ActivityManagerNative.java:2040)
05-18 16:21:05.105 E/ServiceManager( 4268): 	at android.util.Singleton.get(Singleton.java:34)
05-18 16:21:05.105 E/ServiceManager( 4268): 	at android.app.ActivityManagerNative.getDefault(ActivityManagerNative.java:76)
05-18 16:21:05.105 E/ServiceManager( 4268): 	at com.android.internal.os.RuntimeInit$UncaughtHandler.uncaughtException(RuntimeInit.java:86)
05-18 16:21:05.105 E/ServiceManager( 4268): 	at java.lang.ThreadGroup.uncaughtException(ThreadGroup.java:693)
05-18 16:21:05.105 E/ServiceManager( 4268): 	at java.lang.ThreadGroup.uncaughtException(ThreadGroup.java:690)
05-18 16:21:05.105 E/ServiceManager( 4268): 	at dalvik.system.NativeStart.main(Native Method)
05-18 16:21:05.105 E/AndroidRuntime( 4268): *** FATAL EXCEPTION IN SYSTEM PROCESS: main
05-18 16:21:05.105 E/AndroidRuntime( 4268): java.lang.IllegalStateException: UiAutomationService android.accessibilityservice.IAccessibilityServiceClient$Stub$Proxy@4a9a23d4already registered!
05-18 16:21:05.105 E/AndroidRuntime( 4268): 	at android.os.Parcel.readException(Parcel.java:1473)
05-18 16:21:05.105 E/AndroidRuntime( 4268): 	at android.os.Parcel.readException(Parcel.java:1419)
05-18 16:21:05.105 E/AndroidRuntime( 4268): 	at android.view.accessibility.IAccessibilityManager$Stub$Proxy.registerUiTestAutomationService(IAccessibilityManager.java:342)
05-18 16:21:05.105 E/AndroidRuntime( 4268): 	at android.app.UiAutomationConnection.registerUiTestAutomationServiceLocked(UiAutomationConnection.java:175)
05-18 16:21:05.105 E/AndroidRuntime( 4268): 	at android.app.UiAutomationConnection.connect(UiAutomationConnection.java:72)
05-18 16:21:05.105 E/AndroidRuntime( 4268): 	at android.app.UiAutomation.connect(UiAutomation.java:188)
05-18 16:21:05.105 E/AndroidRuntime( 4268): 	at com.android.uiautomator.core.UiAutomationShellWrapper.connect(UiAutomationShellWrapper.java:32)
05-18 16:21:05.105 E/AndroidRuntime( 4268): 	at com.android.commands.uiautomator.DumpCommand.run(DumpCommand.java:74)
05-18 16:21:05.105 E/AndroidRuntime( 4268): 	at com.android.commands.uiautomator.Launcher.main(Launcher.java:83)
05-18 16:21:05.105 E/AndroidRuntime( 4268): 	at com.android.internal.os.RuntimeInit.nativeFinishInit(Native Method)
05-18 16:21:05.105 E/AndroidRuntime( 4268): 	at com.android.internal.os.RuntimeInit.main(RuntimeInit.java:258)
05-18 16:21:05.105 E/AndroidRuntime( 4268): 	at dalvik.system.NativeStart.main(Native Method)
05-18 16:21:05.125 E/AndroidRuntime( 4268): Error reporting crash
05-18 16:21:05.125 E/AndroidRuntime( 4268): java.lang.NullPointerException
05-18 16:21:05.125 E/AndroidRuntime( 4268): 	at com.android.internal.os.RuntimeInit$UncaughtHandler.uncaughtException(RuntimeInit.java:86)
05-18 16:21:05.125 E/AndroidRuntime( 4268): 	at java.lang.ThreadGroup.uncaughtException(ThreadGroup.java:693)
05-18 16:21:05.125 E/AndroidRuntime( 4268): 	at java.lang.ThreadGroup.uncaughtException(ThreadGroup.java:690)
05-18 16:21:05.125 E/AndroidRuntime( 4268): 	at dalvik.system.NativeStart.main(Native Method)
05-18 16:21:06.135 E/GPSManager( 4132): Location changed : Lat: 40.00125 Lng: 105.56358166666665
05-18 16:21:07.095 E/GPSManager( 4132): Location changed : Lat: 40.00125 Lng: 105.56358166666665
05-18 16:21:08.145 E/GPSManager( 4132): Location changed : Lat: 40.00125 Lng: 105.56358166666665
05-18 16:21:09.115 E/GPSManager( 4132): Location changed : Lat: 40.00125 Lng: 105.56358166666665
05-18 16:21:10.115 E/GPSManager( 4132): Location changed : Lat: 40.00125 Lng: 105.56358166666665
05-18 16:21:11.125 E/GPSManager( 4132): Location changed : Lat: 40.00125 Lng: 105.56358166666665
05-18 16:21:12.145 E/GPSManager( 4132): Location changed : Lat: 40.00125 Lng: 105.56358166666665
05-18 16:21:13.145 E/GPSManager( 4132): Location changed : Lat: 40.00125 Lng: 105.56358166666665
05-18 16:21:14.155 E/GPSManager( 4132): Location changed : Lat: 40.00125 Lng: 105.56358166666665
05-18 16:21:15.165 E/GPSManager( 4132): Location changed : Lat: 40.00125 Lng: 105.56358166666665
05-18 16:21:16.165 E/GPSManager( 4132): Location changed : Lat: 40.00125 Lng: 105.56358166666665
05-18 16:21:17.185 E/GPSManager( 4132): Location changed : Lat: 40.00125 Lng: 105.56358166666665
05-18 16:21:18.195 E/GPSManager( 4132): Location changed : Lat: 40.00125 Lng: 105.56358166666665
05-18 16:21:19.215 E/GPSManager( 4132): Location changed : Lat: 40.00125 Lng: 105.56358166666665
05-18 16:21:20.225 E/GPSManager( 4132): Location changed : Lat: 40.00125 Lng: 105.56358166666665
05-18 16:21:21.225 E/GPSManager( 4132): Location changed : Lat: 40.00125 Lng: 105.56358166666665
05-18 16:21:22.245 E/GPSManager( 4132): Location changed : Lat: 40.00125 Lng: 105.56358166666665
05-18 16:21:23.255 E/GPSManager( 4132): Location changed : Lat: 40.00125 Lng: 105.56358166666665
05-18 16:21:24.255 E/GPSManager( 4132): Location changed : Lat: 40.00125 Lng: 105.56358166666665
05-18 16:21:25.255 E/GPSManager( 4132): Location changed : Lat: 40.00125 Lng: 105.56358166666665
05-18 16:21:26.265 E/GPSManager( 4132): Location changed : Lat: 40.00125 Lng: 105.56358166666665
05-18 16:21:27.285 E/GPSManager( 4132): Location changed : Lat: 40.00125 Lng: 105.56358166666665
05-18 16:21:28.265 E/GPSManager( 4132): Location changed : Lat: 40.00125 Lng: 105.56358166666665
05-18 16:21:29.305 E/GPSManager( 4132): Location changed : Lat: 40.00125 Lng: 105.56358166666665
05-18 16:21:30.275 E/GPSManager( 4132): Location changed : Lat: 40.00125 Lng: 105.56358166666665
05-18 16:21:31.315 E/GPSManager( 4132): Location changed : Lat: 40.00125 Lng: 105.56358166666665
05-18 16:21:32.315 E/GPSManager( 4132): Location changed : Lat: 40.00125 Lng: 105.56358166666665
05-18 16:21:33.305 E/GPSManager( 4132): Location changed : Lat: 40.00125 Lng: 105.56358166666665
05-18 16:21:34.345 E/GPSManager( 4132): Location changed : Lat: 40.00125 Lng: 105.56358166666665
05-18 16:21:35.345 E/GPSManager( 4132): Location changed : Lat: 40.00125 Lng: 105.56358166666665
05-18 16:21:36.365 E/GPSManager( 4132): Location changed : Lat: 40.00125 Lng: 105.56358166666665
05-18 16:21:37.375 E/GPSManager( 4132): Location changed : Lat: 40.00125 Lng: 105.56358166666665
05-18 16:21:38.365 E/GPSManager( 4132): Location changed : Lat: 40.00125 Lng: 105.56358166666665
05-18 16:21:39.395 E/GPSManager( 4132): Location changed : Lat: 40.00125 Lng: 105.56358166666665
05-18 16:21:40.415 E/GPSManager( 4132): Location changed : Lat: 40.00125 Lng: 105.56358166666665
05-18 16:21:41.405 E/GPSManager( 4132): Location changed : Lat: 40.00125 Lng: 105.56358166666665
05-18 16:21:42.405 E/GPSManager( 4132): Location changed : Lat: 40.00125 Lng: 105.56358166666665
05-18 16:21:43.395 E/GPSManager( 4132): Location changed : Lat: 40.00125 Lng: 105.56358166666665
05-18 16:21:44.395 E/GPSManager( 4132): Location changed : Lat: 40.00125 Lng: 105.56358166666665
05-18 16:21:45.085 E/memtrack( 4288): Couldn't load memtrack module (No such file or directory)
05-18 16:21:45.085 E/android.os.Debug( 4288): failed to load memtrack module: -2
05-18 16:21:45.145 E/JavaBinder( 4288): Unknown binder error code. 0xfffffff7
05-18 16:21:45.145 E/ServiceManager( 4288): error in getService
05-18 16:21:45.145 E/ServiceManager( 4288): android.os.RemoteException: Unknown binder error code. 0xfffffff7
05-18 16:21:45.145 E/ServiceManager( 4288): 	at android.os.BinderProxy.transact(Native Method)
05-18 16:21:45.145 E/ServiceManager( 4288): 	at android.os.ServiceManagerProxy.getService(ServiceManagerNative.java:123)
05-18 16:21:45.145 E/ServiceManager( 4288): 	at android.os.ServiceManager.getService(ServiceManager.java:55)
05-18 16:21:45.145 E/ServiceManager( 4288): 	at android.app.ActivityManagerNative$1.create(ActivityManagerNative.java:2042)
05-18 16:21:45.145 E/ServiceManager( 4288): 	at android.app.ActivityManagerNative$1.create(ActivityManagerNative.java:2040)
05-18 16:21:45.145 E/ServiceManager( 4288): 	at android.util.Singleton.get(Singleton.java:34)
05-18 16:21:45.145 E/ServiceManager( 4288): 	at android.app.ActivityManagerNative.getDefault(ActivityManagerNative.java:76)
05-18 16:21:45.145 E/ServiceManager( 4288): 	at com.android.internal.os.RuntimeInit$UncaughtHandler.uncaughtException(RuntimeInit.java:86)
05-18 16:21:45.145 E/ServiceManager( 4288): 	at java.lang.ThreadGroup.uncaughtException(ThreadGroup.java:693)
05-18 16:21:45.145 E/ServiceManager( 4288): 	at java.lang.ThreadGroup.uncaughtException(ThreadGroup.java:690)
05-18 16:21:45.145 E/ServiceManager( 4288): 	at dalvik.system.NativeStart.main(Native Method)
05-18 16:21:45.145 E/AndroidRuntime( 4288): *** FATAL EXCEPTION IN SYSTEM PROCESS: main
05-18 16:21:45.145 E/AndroidRuntime( 4288): java.lang.IllegalStateException: UiAutomationService android.accessibilityservice.IAccessibilityServiceClient$Stub$Proxy@4aabdeb0already registered!
05-18 16:21:45.145 E/AndroidRuntime( 4288): 	at android.os.Parcel.readException(Parcel.java:1473)
05-18 16:21:45.145 E/AndroidRuntime( 4288): 	at android.os.Parcel.readException(Parcel.java:1419)
05-18 16:21:45.145 E/AndroidRuntime( 4288): 	at android.view.accessibility.IAccessibilityManager$Stub$Proxy.registerUiTestAutomationService(IAccessibilityManager.java:342)
05-18 16:21:45.145 E/AndroidRuntime( 4288): 	at android.app.UiAutomationConnection.registerUiTestAutomationServiceLocked(UiAutomationConnection.java:175)
05-18 16:21:45.145 E/AndroidRuntime( 4288): 	at android.app.UiAutomationConnection.connect(UiAutomationConnection.java:72)
05-18 16:21:45.145 E/AndroidRuntime( 4288): 	at android.app.UiAutomation.connect(UiAutomation.java:188)
05-18 16:21:45.145 E/AndroidRuntime( 4288): 	at com.android.uiautomator.core.UiAutomationShellWrapper.connect(UiAutomationShellWrapper.java:32)
05-18 16:21:45.145 E/AndroidRuntime( 4288): 	at com.android.commands.uiautomator.DumpCommand.run(DumpCommand.java:74)
05-18 16:21:45.145 E/AndroidRuntime( 4288): 	at com.android.commands.uiautomator.Launcher.main(Launcher.java:83)
05-18 16:21:45.145 E/AndroidRuntime( 4288): 	at com.android.internal.os.RuntimeInit.nativeFinishInit(Native Method)
05-18 16:21:45.145 E/AndroidRuntime( 4288): 	at com.android.internal.os.RuntimeInit.main(RuntimeInit.java:258)
05-18 16:21:45.145 E/AndroidRuntime( 4288): 	at dalvik.system.NativeStart.main(Native Method)
05-18 16:21:45.145 E/AndroidRuntime( 4288): Error reporting crash
05-18 16:21:45.145 E/AndroidRuntime( 4288): java.lang.NullPointerException
05-18 16:21:45.145 E/AndroidRuntime( 4288): 	at com.android.internal.os.RuntimeInit$UncaughtHandler.uncaughtException(RuntimeInit.java:86)
05-18 16:21:45.145 E/AndroidRuntime( 4288): 	at java.lang.ThreadGroup.uncaughtException(ThreadGroup.java:693)
05-18 16:21:45.145 E/AndroidRuntime( 4288): 	at java.lang.ThreadGroup.uncaughtException(ThreadGroup.java:690)
05-18 16:21:45.145 E/AndroidRuntime( 4288): 	at dalvik.system.NativeStart.main(Native Method)
05-18 16:21:45.415 E/GPSManager( 4132): Location changed : Lat: 40.00125 Lng: 105.56358166666665
05-18 16:21:46.415 E/GPSManager( 4132): Location changed : Lat: 40.00125 Lng: 105.56358166666665
05-18 16:21:47.425 E/GPSManager( 4132): Location changed : Lat: 40.00125 Lng: 105.56358166666665
05-18 16:21:48.445 E/GPSManager( 4132): Location changed : Lat: 40.00125 Lng: 105.56358166666665
05-18 16:21:49.435 E/GPSManager( 4132): Location changed : Lat: 40.00125 Lng: 105.56358166666665
05-18 16:21:50.445 E/GPSManager( 4132): Location changed : Lat: 40.00125 Lng: 105.56358166666665
05-18 16:21:51.495 E/GPSManager( 4132): Location changed : Lat: 40.00125 Lng: 105.56358166666665
05-18 16:21:52.505 E/GPSManager( 4132): Location changed : Lat: 40.00125 Lng: 105.56358166666665
05-18 16:21:53.475 E/GPSManager( 4132): Location changed : Lat: 40.00125 Lng: 105.56358166666665
05-18 16:21:54.475 E/GPSManager( 4132): Location changed : Lat: 40.00125 Lng: 105.56358166666665
05-18 16:21:55.515 E/GPSManager( 4132): Location changed : Lat: 40.00125 Lng: 105.56358166666665
05-18 16:21:56.495 E/GPSManager( 4132): Location changed : Lat: 40.00125 Lng: 105.56358166666665
05-18 16:21:57.505 E/GPSManager( 4132): Location changed : Lat: 40.00125 Lng: 105.56358166666665
05-18 16:21:58.495 E/GPSManager( 4132): Location changed : Lat: 40.00125 Lng: 105.56358166666665
05-18 16:21:59.225 E/FastMixer(  167): did not receive expected priority boost
05-18 16:21:59.615 E/GPSManager( 4132): Location changed : Lat: 40.00125 Lng: 105.56358166666665
05-18 16:22:00.495 E/GPSManager( 4132): Location changed : Lat: 40.00125 Lng: 105.56358166666665
05-18 16:22:01.705 E/GPSManager( 4132): Location changed : Lat: 40.00125 Lng: 105.56358166666665
05-18 16:22:02.525 E/GPSManager( 4132): Location changed : Lat: 40.00125 Lng: 105.56358166666665
05-18 16:22:03.515 E/GPSManager( 4132): Location changed : Lat: 40.00125 Lng: 105.56358166666665
05-18 16:22:04.515 E/GPSManager( 4132): Location changed : Lat: 40.00125 Lng: 105.56358166666665
05-18 16:22:05.525 E/GPSManager( 4132): Location changed : Lat: 40.00125 Lng: 105.56358166666665
05-18 16:22:06.545 E/GPSManager( 4132): Location changed : Lat: 40.00125 Lng: 105.56358166666665
05-18 16:22:07.545 E/GPSManager( 4132): Location changed : Lat: 40.00125 Lng: 105.56358166666665
05-18 16:22:08.545 E/GPSManager( 4132): Location changed : Lat: 40.00125 Lng: 105.56358166666665
05-18 16:22:09.555 E/GPSManager( 4132): Location changed : Lat: 40.00125 Lng: 105.56358166666665
05-18 16:22:10.575 E/GPSManager( 4132): Location changed : Lat: 40.00125 Lng: 105.56358166666665
05-18 16:22:11.605 E/GPSManager( 4132): Location changed : Lat: 40.00125 Lng: 105.56358166666665
05-18 16:22:12.605 E/GPSManager( 4132): Location changed : Lat: 40.00125 Lng: 105.56358166666665
05-18 16:22:13.595 E/GPSManager( 4132): Location changed : Lat: 40.00125 Lng: 105.56358166666665
05-18 16:22:14.605 E/GPSManager( 4132): Location changed : Lat: 40.00125 Lng: 105.56358166666665
05-18 16:22:15.605 E/GPSManager( 4132): Location changed : Lat: 40.00125 Lng: 105.56358166666665
05-18 16:22:16.625 E/GPSManager( 4132): Location changed : Lat: 40.00125 Lng: 105.56358166666665
05-18 16:22:17.605 E/GPSManager( 4132): Location changed : Lat: 40.00125 Lng: 105.56358166666665
05-18 16:22:18.635 E/GPSManager( 4132): Location changed : Lat: 40.00125 Lng: 105.56358166666665
05-18 16:22:19.625 E/GPSManager( 4132): Location changed : Lat: 40.00125 Lng: 105.56358166666665
05-18 16:22:20.645 E/GPSManager( 4132): Location changed : Lat: 40.00125 Lng: 105.56358166666665
05-18 16:22:21.635 E/GPSManager( 4132): Location changed : Lat: 40.00125 Lng: 105.56358166666665
05-18 16:22:22.295 E/FastMixer(  167): did not receive expected priority boost
05-18 16:22:22.645 E/GPSManager( 4132): Location changed : Lat: 40.00125 Lng: 105.56358166666665
05-18 16:22:23.645 E/GPSManager( 4132): Location changed : Lat: 40.00125 Lng: 105.56358166666665
05-18 16:22:24.675 E/GPSManager( 4132): Location changed : Lat: 40.00125 Lng: 105.56358166666665
05-18 16:22:25.655 E/GPSManager( 4132): Location changed : Lat: 40.00125 Lng: 105.56358166666665
05-18 16:22:26.695 E/GPSManager( 4132): Location changed : Lat: 40.00125 Lng: 105.56358166666665
05-18 16:22:27.665 E/GPSManager( 4132): Location changed : Lat: 40.00125 Lng: 105.56358166666665
05-18 16:22:28.665 E/GPSManager( 4132): Location changed : Lat: 40.00125 Lng: 105.56358166666665
05-18 16:22:29.665 E/GPSManager( 4132): Location changed : Lat: 40.00125 Lng: 105.56358166666665
05-18 16:22:30.675 E/GPSManager( 4132): Location changed : Lat: 40.00125 Lng: 105.56358166666665
05-18 16:22:31.675 E/GPSManager( 4132): Location changed : Lat: 40.00125 Lng: 105.56358166666665
05-18 16:22:32.705 E/GPSManager( 4132): Location changed : Lat: 40.00125 Lng: 105.56358166666665
05-18 16:22:33.715 E/GPSManager( 4132): Location changed : Lat: 40.00125 Lng: 105.56358166666665
05-18 16:22:34.725 E/GPSManager( 4132): Location changed : Lat: 40.00125 Lng: 105.56358166666665
05-18 16:22:35.715 E/GPSManager( 4132): Location changed : Lat: 40.00125 Lng: 105.56358166666665
05-18 16:22:36.725 E/GPSManager( 4132): Location changed : Lat: 40.00125 Lng: 105.56358166666665
05-18 16:22:37.725 E/GPSManager( 4132): Location changed : Lat: 40.00125 Lng: 105.56358166666665
05-18 16:22:38.725 E/GPSManager( 4132): Location changed : Lat: 40.00125 Lng: 105.56358166666665
05-18 16:22:39.725 E/GPSManager( 4132): Location changed : Lat: 40.00125 Lng: 105.56358166666665
05-18 16:22:40.745 E/GPSManager( 4132): Location changed : Lat: 40.00125 Lng: 105.56358166666665
05-18 16:22:41.735 E/GPSManager( 4132): Location changed : Lat: 40.00125 Lng: 105.56358166666665
05-18 16:22:42.745 E/GPSManager( 4132): Location changed : Lat: 40.00125 Lng: 105.56358166666665
05-18 16:22:43.745 E/GPSManager( 4132): Location changed : Lat: 40.00125 Lng: 105.56358166666665
05-18 16:22:44.745 E/GPSManager( 4132): Location changed : Lat: 40.00125 Lng: 105.56358166666665
05-18 16:22:45.745 E/GPSManager( 4132): Location changed : Lat: 40.00125 Lng: 105.56358166666665
05-18 16:22:46.755 E/GPSManager( 4132): Location changed : Lat: 40.00125 Lng: 105.56358166666665
05-18 16:22:47.755 E/GPSManager( 4132): Location changed : Lat: 40.00125 Lng: 105.56358166666665
05-18 16:22:48.475 E/FastMixer(  167): did not receive expected priority boost
05-18 16:22:48.805 E/GPSManager( 4132): Location changed : Lat: 40.00125 Lng: 105.56358166666665
05-18 16:22:49.805 E/GPSManager( 4132): Location changed : Lat: 40.00125 Lng: 105.56358166666665
05-18 16:22:50.805 E/GPSManager( 4132): Location changed : Lat: 40.00125 Lng: 105.56358166666665
05-18 16:22:51.815 E/GPSManager( 4132): Location changed : Lat: 40.00125 Lng: 105.56358166666665
05-18 16:22:52.845 E/GPSManager( 4132): Location changed : Lat: 40.00125 Lng: 105.56358166666665
05-18 16:22:53.835 E/GPSManager( 4132): Location changed : Lat: 40.00125 Lng: 105.56358166666665
05-18 16:22:54.835 E/GPSManager( 4132): Location changed : Lat: 40.00125 Lng: 105.56358166666665
05-18 16:22:55.835 E/GPSManager( 4132): Location changed : Lat: 40.00125 Lng: 105.56358166666665
05-18 16:22:56.845 E/GPSManager( 4132): Location changed : Lat: 40.00125 Lng: 105.56358166666665
05-18 16:22:57.865 E/GPSManager( 4132): Location changed : Lat: 40.00125 Lng: 105.56358166666665
05-18 16:22:58.875 E/GPSManager( 4132): Location changed : Lat: 40.00125 Lng: 105.56358166666665
05-18 16:22:59.865 E/GPSManager( 4132): Location changed : Lat: 40.00125 Lng: 105.56358166666665
05-18 16:23:00.865 E/GPSManager( 4132): Location changed : Lat: 40.00125 Lng: 105.56358166666665
05-18 16:23:01.865 E/GPSManager( 4132): Location changed : Lat: 40.00125 Lng: 105.56358166666665
05-18 16:23:02.885 E/GPSManager( 4132): Location changed : Lat: 40.00125 Lng: 105.56358166666665
05-18 16:23:03.875 E/GPSManager( 4132): Location changed : Lat: 40.00125 Lng: 105.56358166666665
05-18 16:23:04.885 E/GPSManager( 4132): Location changed : Lat: 40.00125 Lng: 105.56358166666665
05-18 16:23:05.895 E/GPSManager( 4132): Location changed : Lat: 40.00125 Lng: 105.56358166666665
05-18 16:23:06.895 E/GPSManager( 4132): Location changed : Lat: 40.00125 Lng: 105.56358166666665
05-18 16:23:07.895 E/GPSManager( 4132): Location changed : Lat: 40.00125 Lng: 105.56358166666665
05-18 16:23:08.895 E/GPSManager( 4132): Location changed : Lat: 40.00125 Lng: 105.56358166666665
05-18 16:23:09.895 E/GPSManager( 4132): Location changed : Lat: 40.00125 Lng: 105.56358166666665
05-18 16:23:10.665 E/PlayCommon(  839): [43] com.google.android.play.a.g.a(1054): Failed to connect to server: java.net.SocketTimeoutException: failed to connect to play.googleapis.com/172.217.24.10 (port 443) after 10000ms
05-18 16:23:10.905 E/GPSManager( 4132): Location changed : Lat: 40.00125 Lng: 105.56358166666665
05-18 16:23:11.935 E/GPSManager( 4132): Location changed : Lat: 40.00125 Lng: 105.56358166666665
05-18 16:23:12.915 E/GPSManager( 4132): Location changed : Lat: 40.00125 Lng: 105.56358166666665
05-18 16:23:13.915 E/GPSManager( 4132): Location changed : Lat: 40.00125 Lng: 105.56358166666665
05-18 16:23:14.915 E/GPSManager( 4132): Location changed : Lat: 40.00125 Lng: 105.56358166666665
05-18 16:23:15.935 E/GPSManager( 4132): Location changed : Lat: 40.00125 Lng: 105.56358166666665
05-18 16:23:16.955 E/GPSManager( 4132): Location changed : Lat: 40.00125 Lng: 105.56358166666665
05-18 16:23:17.945 E/GPSManager( 4132): Location changed : Lat: 40.00125 Lng: 105.56358166666665
05-18 16:23:18.965 E/GPSManager( 4132): Location changed : Lat: 40.00125 Lng: 105.56358166666665
05-18 16:23:19.955 E/GPSManager( 4132): Location changed : Lat: 40.00125 Lng: 105.56358166666665
05-18 16:23:20.955 E/GPSManager( 4132): Location changed : Lat: 40.00125 Lng: 105.56358166666665
05-18 16:23:21.985 E/GPSManager( 4132): Location changed : Lat: 40.00125 Lng: 105.56358166666665
05-18 16:23:22.975 E/GPSManager( 4132): Location changed : Lat: 40.00125 Lng: 105.56358166666665
05-18 16:23:23.975 E/GPSManager( 4132): Location changed : Lat: 40.00125 Lng: 105.56358166666665
05-18 16:23:24.985 E/GPSManager( 4132): Location changed : Lat: 40.00125 Lng: 105.56358166666665
05-18 16:23:25.985 E/GPSManager( 4132): Location changed : Lat: 40.00125 Lng: 105.56358166666665
05-18 16:23:26.995 E/GPSManager( 4132): Location changed : Lat: 40.00125 Lng: 105.56358166666665
05-18 16:23:28.025 E/GPSManager( 4132): Location changed : Lat: 40.00125 Lng: 105.56358166666665
05-18 16:23:29.045 E/GPSManager( 4132): Location changed : Lat: 40.00125 Lng: 105.56358166666665
05-18 16:23:30.055 E/GPSManager( 4132): Location changed : Lat: 40.00125 Lng: 105.56358166666665
05-18 16:23:31.045 E/GPSManager( 4132): Location changed : Lat: 40.00125 Lng: 105.56358166666665
05-18 16:23:32.055 E/GPSManager( 4132): Location changed : Lat: 40.00125 Lng: 105.56358166666665
05-18 16:23:33.075 E/GPSManager( 4132): Location changed : Lat: 40.00125 Lng: 105.56358166666665
05-18 16:23:34.065 E/GPSManager( 4132): Location changed : Lat: 40.00125 Lng: 105.56358166666665
05-18 16:23:35.075 E/GPSManager( 4132): Location changed : Lat: 40.00125 Lng: 105.56358166666665
05-18 16:23:36.075 E/GPSManager( 4132): Location changed : Lat: 40.00125 Lng: 105.56358166666665
05-18 16:23:37.075 E/GPSManager( 4132): Location changed : Lat: 40.00125 Lng: 105.56358166666665
05-18 16:23:38.075 E/GPSManager( 4132): Location changed : Lat: 40.00125 Lng: 105.56358166666665
05-18 16:23:39.095 E/GPSManager( 4132): Location changed : Lat: 40.00125 Lng: 105.56358166666665
05-18 16:23:40.135 E/GPSManager( 4132): Location changed : Lat: 40.00125 Lng: 105.56358166666665
05-18 16:23:41.125 E/GPSManager( 4132): Location changed : Lat: 40.00125 Lng: 105.56358166666665
05-18 16:23:42.125 E/GPSManager( 4132): Location changed : Lat: 40.00125 Lng: 105.56358166666665
05-18 16:23:43.125 E/GPSManager( 4132): Location changed : Lat: 40.00125 Lng: 105.56358166666665
05-18 16:23:44.135 E/GPSManager( 4132): Location changed : Lat: 40.00125 Lng: 105.56358166666665
05-18 16:23:45.135 E/GPSManager( 4132): Location changed : Lat: 40.00125 Lng: 105.56358166666665
05-18 16:23:46.145 E/GPSManager( 4132): Location changed : Lat: 40.00125 Lng: 105.56358166666665
05-18 16:23:47.155 E/GPSManager( 4132): Location changed : Lat: 40.00125 Lng: 105.56358166666665
05-18 16:23:48.145 E/GPSManager( 4132): Location changed : Lat: 40.00125 Lng: 105.56358166666665
05-18 16:23:49.145 E/GPSManager( 4132): Location changed : Lat: 40.00125 Lng: 105.56358166666665
05-18 16:23:50.175 E/GPSManager( 4132): Location changed : Lat: 40.00125 Lng: 105.56358166666665
05-18 16:23:51.165 E/GPSManager( 4132): Location changed : Lat: 40.00125 Lng: 105.56358166666665
05-18 16:23:52.165 E/GPSManager( 4132): Location changed : Lat: 40.00125 Lng: 105.56358166666665
05-18 16:23:53.175 E/GPSManager( 4132): Location changed : Lat: 40.00125 Lng: 105.56358166666665
05-18 16:23:54.175 E/GPSManager( 4132): Location changed : Lat: 40.00125 Lng: 105.56358166666665
05-18 16:23:55.205 E/GPSManager( 4132): Location changed : Lat: 40.00125 Lng: 105.56358166666665
05-18 16:23:56.215 E/GPSManager( 4132): Location changed : Lat: 40.00125 Lng: 105.56358166666665
05-18 16:23:57.235 E/GPSManager( 4132): Location changed : Lat: 40.00125 Lng: 105.56358166666665
05-18 16:23:58.245 E/GPSManager( 4132): Location changed : Lat: 40.00125 Lng: 105.56358166666665
05-18 16:23:59.235 E/GPSManager( 4132): Location changed : Lat: 40.00125 Lng: 105.56358166666665
05-18 16:24:00.235 E/GPSManager( 4132): Location changed : Lat: 40.00125 Lng: 105.56358166666665
05-18 16:24:01.265 E/GPSManager( 4132): Location changed : Lat: 40.00125 Lng: 105.56358166666665
05-18 16:24:02.275 E/GPSManager( 4132): Location changed : Lat: 40.00125 Lng: 105.56358166666665
05-18 16:24:03.275 E/GPSManager( 4132): Location changed : Lat: 40.00125 Lng: 105.56358166666665
05-18 16:24:04.295 E/GPSManager( 4132): Location changed : Lat: 40.00125 Lng: 105.56358166666665
05-18 16:24:05.285 E/GPSManager( 4132): Location changed : Lat: 40.00125 Lng: 105.56358166666665
05-18 16:24:06.285 E/GPSManager( 4132): Location changed : Lat: 40.00125 Lng: 105.56358166666665
05-18 16:24:07.295 E/GPSManager( 4132): Location changed : Lat: 40.00125 Lng: 105.56358166666665
05-18 16:24:08.325 E/GPSManager( 4132): Location changed : Lat: 40.00125 Lng: 105.56358166666665
05-18 16:24:09.305 E/GPSManager( 4132): Location changed : Lat: 40.00125 Lng: 105.56358166666665
05-18 16:24:10.305 E/GPSManager( 4132): Location changed : Lat: 40.00125 Lng: 105.56358166666665
05-18 16:24:11.315 E/GPSManager( 4132): Location changed : Lat: 40.00125 Lng: 105.56358166666665
05-18 16:24:12.315 E/GPSManager( 4132): Location changed : Lat: 40.00125 Lng: 105.56358166666665
05-18 16:24:13.335 E/GPSManager( 4132): Location changed : Lat: 40.00125 Lng: 105.56358166666665
05-18 16:24:14.325 E/GPSManager( 4132): Location changed : Lat: 40.00125 Lng: 105.56358166666665
05-18 16:24:15.335 E/GPSManager( 4132): Location changed : Lat: 40.00125 Lng: 105.56358166666665
05-18 16:24:16.335 E/GPSManager( 4132): Location changed : Lat: 40.00125 Lng: 105.56358166666665
05-18 16:24:17.365 E/GPSManager( 4132): Location changed : Lat: 40.00125 Lng: 105.56358166666665
05-18 16:24:18.345 E/GPSManager( 4132): Location changed : Lat: 40.00125 Lng: 105.56358166666665
05-18 16:24:19.355 E/GPSManager( 4132): Location changed : Lat: 40.00125 Lng: 105.56358166666665
05-18 16:24:20.355 E/GPSManager( 4132): Location changed : Lat: 40.00125 Lng: 105.56358166666665
05-18 16:24:21.355 E/GPSManager( 4132): Location changed : Lat: 40.00125 Lng: 105.56358166666665
05-18 16:24:22.405 E/GPSManager( 4132): Location changed : Lat: 40.00125 Lng: 105.56358166666665
05-18 16:24:23.385 E/GPSManager( 4132): Location changed : Lat: 40.00125 Lng: 105.56358166666665
05-18 16:24:24.385 E/GPSManager( 4132): Location changed : Lat: 40.00125 Lng: 105.56358166666665
05-18 16:24:25.455 E/GPSManager( 4132): Location changed : Lat: 40.00125 Lng: 105.56358166666665
05-18 16:24:26.435 E/GPSManager( 4132): Location changed : Lat: 40.00125 Lng: 105.56358166666665
05-18 16:24:27.445 E/GPSManager( 4132): Location changed : Lat: 40.00125 Lng: 105.56358166666665
05-18 16:24:28.455 E/GPSManager( 4132): Location changed : Lat: 40.00125 Lng: 105.56358166666665
05-18 16:24:29.475 E/GPSManager( 4132): Location changed : Lat: 40.00125 Lng: 105.56358166666665
05-18 16:24:30.485 E/GPSManager( 4132): Location changed : Lat: 40.00125 Lng: 105.56358166666665
05-18 16:24:31.465 E/GPSManager( 4132): Location changed : Lat: 40.00125 Lng: 105.56358166666665
05-18 16:24:32.485 E/GPSManager( 4132): Location changed : Lat: 40.00125 Lng: 105.56358166666665
05-18 16:24:33.475 E/GPSManager( 4132): Location changed : Lat: 40.00125 Lng: 105.56358166666665
05-18 16:24:34.505 E/GPSManager( 4132): Location changed : Lat: 40.00125 Lng: 105.56358166666665
05-18 16:24:35.515 E/GPSManager( 4132): Location changed : Lat: 40.00125 Lng: 105.56358166666665
05-18 16:24:36.505 E/GPSManager( 4132): Location changed : Lat: 40.00125 Lng: 105.56358166666665
05-18 16:24:37.505 E/GPSManager( 4132): Location changed : Lat: 40.00125 Lng: 105.56358166666665
05-18 16:24:38.535 E/GPSManager( 4132): Location changed : Lat: 40.00125 Lng: 105.56358166666665
05-18 16:24:39.545 E/GPSManager( 4132): Location changed : Lat: 40.00125 Lng: 105.56358166666665
05-18 16:24:40.555 E/GPSManager( 4132): Location changed : Lat: 40.00125 Lng: 105.56358166666665
05-18 16:24:41.545 E/GPSManager( 4132): Location changed : Lat: 40.00125 Lng: 105.56358166666665
05-18 16:24:42.555 E/GPSManager( 4132): Location changed : Lat: 40.00125 Lng: 105.56358166666665
05-18 16:24:43.555 E/GPSManager( 4132): Location changed : Lat: 40.00125 Lng: 105.56358166666665
05-18 16:24:44.565 E/GPSManager( 4132): Location changed : Lat: 40.00125 Lng: 105.56358166666665
05-18 16:24:45.585 E/GPSManager( 4132): Location changed : Lat: 40.00125 Lng: 105.56358166666665
05-18 16:24:46.605 E/GPSManager( 4132): Location changed : Lat: 40.00125 Lng: 105.56358166666665
05-18 16:24:47.645 E/GPSManager( 4132): Location changed : Lat: 40.00125 Lng: 105.56358166666665
05-18 16:24:48.645 E/GPSManager( 4132): Location changed : Lat: 40.00125 Lng: 105.56358166666665
05-18 16:24:49.645 E/GPSManager( 4132): Location changed : Lat: 40.00125 Lng: 105.56358166666665
05-18 16:24:50.655 E/GPSManager( 4132): Location changed : Lat: 40.00125 Lng: 105.56358166666665
05-18 16:24:51.675 E/GPSManager( 4132): Location changed : Lat: 40.00125 Lng: 105.56358166666665
05-18 16:24:52.665 E/GPSManager( 4132): Location changed : Lat: 40.00125 Lng: 105.56358166666665
05-18 16:24:53.675 E/GPSManager( 4132): Location changed : Lat: 40.00125 Lng: 105.56358166666665
05-18 16:24:54.675 E/GPSManager( 4132): Location changed : Lat: 40.00125 Lng: 105.56358166666665
05-18 16:24:55.695 E/GPSManager( 4132): Location changed : Lat: 40.00125 Lng: 105.56358166666665
05-18 16:24:56.705 E/GPSManager( 4132): Location changed : Lat: 40.00125 Lng: 105.56358166666665
05-18 16:24:57.725 E/GPSManager( 4132): Location changed : Lat: 40.00125 Lng: 105.56358166666665
05-18 16:24:58.695 E/GPSManager( 4132): Location changed : Lat: 40.00125 Lng: 105.56358166666665
05-18 16:24:59.725 E/GPSManager( 4132): Location changed : Lat: 40.00125 Lng: 105.56358166666665
05-18 16:25:00.715 E/GPSManager( 4132): Location changed : Lat: 40.00125 Lng: 105.56358166666665
05-18 16:25:01.715 E/GPSManager( 4132): Location changed : Lat: 40.00125 Lng: 105.56358166666665
05-18 16:25:02.755 E/GPSManager( 4132): Location changed : Lat: 40.00125 Lng: 105.56358166666665
05-18 16:25:03.775 E/GPSManager( 4132): Location changed : Lat: 40.00125 Lng: 105.56358166666665
05-18 16:25:04.785 E/GPSManager( 4132): Location changed : Lat: 40.00125 Lng: 105.56358166666665
05-18 16:25:05.785 E/GPSManager( 4132): Location changed : Lat: 40.00125 Lng: 105.56358166666665
05-18 16:25:06.785 E/GPSManager( 4132): Location changed : Lat: 40.00125 Lng: 105.56358166666665
05-18 16:25:07.565 E/cutils-trace( 3705): Error opening trace file: No such file or directory (2)
05-18 16:25:07.795 E/GPSManager( 4132): Location changed : Lat: 40.00125 Lng: 105.56358166666665
05-18 16:25:08.745 E/memtrack( 4324): Couldn't load memtrack module (No such file or directory)
05-18 16:25:08.745 E/android.os.Debug( 4324): failed to load memtrack module: -2
05-18 16:25:08.795 E/cutils-trace( 4324): Error opening trace file: No such file or directory (2)
05-18 16:25:08.805 E/GPSManager( 4132): Location changed : Lat: 40.00125 Lng: 105.56358166666665
05-18 16:25:08.835 E/InputDispatcher(  333): channel '4a9ad424 com.boco.apphall/com.boco.apphall.login.WelcomActivity (server)' ~ Channel is unrecoverably broken and will be disposed!
05-18 16:25:08.845 E/Cataloger( 1238): syncFile:/storage/emulated/0/Android/data/com.boco.apphall/cache/uil-images/journal
05-18 16:25:08.845 E/Cataloger( 1238): need not sync path:/storage/emulated/0/Android/data/com.boco.apphall/cache/uil-images/journal
05-18 16:25:09.795 E/GPSManager( 4132): Location changed : Lat: 40.00125 Lng: 105.56358166666665
05-18 16:25:10.795 E/GPSManager( 4132): Location changed : Lat: 40.00125 Lng: 105.56358166666665
05-18 16:25:11.015 E/memtrack( 4341): Couldn't load memtrack module (No such file or directory)
05-18 16:25:11.015 E/android.os.Debug( 4341): failed to load memtrack module: -2
05-18 16:25:11.065 E/cutils-trace( 4341): Error opening trace file: No such file or directory (2)
05-18 16:25:11.805 E/GPSManager( 4132): Location changed : Lat: 40.00125 Lng: 105.56358166666665
05-18 16:25:12.635 E/memtrack( 4357): Couldn't load memtrack module (No such file or directory)
05-18 16:25:12.635 E/android.os.Debug( 4357): failed to load memtrack module: -2
05-18 16:25:12.675 E/cutils-trace( 4357): Error opening trace file: No such file or directory (2)
05-18 16:25:12.825 E/GPSManager( 4132): Location changed : Lat: 40.00125 Lng: 105.56358166666665
05-18 16:25:13.875 E/GPSManager( 4132): Location changed : Lat: 40.00125 Lng: 105.56358166666665
05-18 16:25:14.815 E/GPSManager( 4132): Location changed : Lat: 40.00125 Lng: 105.56358166666665
05-18 16:25:15.815 E/GPSManager( 4132): Location changed : Lat: 40.00125 Lng: 105.56358166666665
05-18 16:25:15.945 E/memtrack( 4372): Couldn't load memtrack module (No such file or directory)
05-18 16:25:15.945 E/android.os.Debug( 4372): failed to load memtrack module: -2
05-18 16:25:16.105 E/cutils-trace( 4372): Error opening trace file: No such file or directory (2)
05-18 16:25:16.815 E/GPSManager( 4132): Location changed : Lat: 40.00125 Lng: 105.56358166666665
05-18 16:25:17.815 E/GPSManager( 4132): Location changed : Lat: 40.00125 Lng: 105.56358166666665
05-18 16:25:18.815 E/GPSManager( 4132): Location changed : Lat: 40.00125 Lng: 105.56358166666665
05-18 16:25:18.845 E/memtrack( 4384): Couldn't load memtrack module (No such file or directory)
05-18 16:25:18.875 E/android.os.Debug( 4384): failed to load memtrack module: -2
05-18 16:25:19.025 E/cutils-trace( 4384): Error opening trace file: No such file or directory (2)
05-18 16:25:19.835 E/GPSManager( 4132): Location changed : Lat: 40.00125 Lng: 105.56358166666665
05-18 16:25:20.445 E/memtrack( 4396): Couldn't load memtrack module (No such file or directory)
05-18 16:25:20.445 E/android.os.Debug( 4396): failed to load memtrack module: -2
05-18 16:25:20.495 E/cutils-trace( 4396): Error opening trace file: No such file or directory (2)
05-18 16:25:20.825 E/GPSManager( 4132): Location changed : Lat: 40.00125 Lng: 105.56358166666665
05-18 16:25:21.755 E/memtrack( 4407): Couldn't load memtrack module (No such file or directory)
05-18 16:25:21.755 E/android.os.Debug( 4407): failed to load memtrack module: -2
05-18 16:25:21.805 E/cutils-trace( 4407): Error opening trace file: No such file or directory (2)
05-18 16:25:21.825 E/GPSManager( 4132): Location changed : Lat: 40.00125 Lng: 105.56358166666665
05-18 16:25:22.825 E/GPSManager( 4132): Location changed : Lat: 40.00125 Lng: 105.56358166666665
05-18 16:25:22.965 E/memtrack( 4419): Couldn't load memtrack module (No such file or directory)
05-18 16:25:22.965 E/android.os.Debug( 4419): failed to load memtrack module: -2
05-18 16:25:23.025 E/cutils-trace( 4419): Error opening trace file: No such file or directory (2)
05-18 16:25:23.825 E/GPSManager( 4132): Location changed : Lat: 40.00125 Lng: 105.56358166666665
05-18 16:25:24.615 E/memtrack( 4435): Couldn't load memtrack module (No such file or directory)
05-18 16:25:24.615 E/android.os.Debug( 4435): failed to load memtrack module: -2
05-18 16:25:24.675 E/cutils-trace( 4435): Error opening trace file: No such file or directory (2)
05-18 16:25:24.835 E/GPSManager( 4132): Location changed : Lat: 40.00125 Lng: 105.56358166666665
05-18 16:25:25.835 E/GPSManager( 4132): Location changed : Lat: 40.00125 Lng: 105.56358166666665
05-18 16:25:26.035 E/memtrack( 4447): Couldn't load memtrack module (No such file or directory)
05-18 16:25:26.035 E/android.os.Debug( 4447): failed to load memtrack module: -2
05-18 16:25:26.075 E/cutils-trace( 4447): Error opening trace file: No such file or directory (2)
05-18 16:25:26.835 E/GPSManager( 4132): Location changed : Lat: 40.00125 Lng: 105.56358166666665
