05-18 09:59:32.209 E/appium  (21114): 	at io.netty.channel.nio.NioEventLoop.processSelectedKeysPlain(NioEventLoop.java:514)
05-18 09:59:32.209 E/appium  (21114): 	at io.netty.channel.nio.NioEventLoop.processSelectedKeys(NioEventLoop.java:468)
05-18 09:59:32.209 E/appium  (21114): 	at io.netty.channel.nio.NioEventLoop.run(NioEventLoop.java:438)
05-18 09:59:32.209 E/appium  (21114): 	at io.netty.util.concurrent.SingleThreadEventExecutor$2.run(SingleThreadEventExecutor.java:140)
05-18 09:59:32.209 E/appium  (21114): 	at io.netty.util.concurrent.DefaultThreadFactory$DefaultRunnableDecorator.run(DefaultThreadFactory.java:144)
05-18 09:59:32.209 E/appium  (21114): 	at java.lang.Thread.run(Thread.java:818)
05-18 09:59:33.006 E/WifiTrafficPoller(  851): TRAFFIC_STATS_POLL true Token 2644 num clients 19
05-18 09:59:33.007 E/WifiTrafficPoller(  851):  packet count Tx=1755504 Rx=5786454
05-18 09:59:33.243 E/appium  (21114): Element not found: 
05-18 09:59:33.243 E/appium  (21114): io.appium.uiautomator2.common.exceptions.ElementNotFoundException: Could not find an element using supplied strategy. 
05-18 09:59:33.243 E/appium  (21114): 	at io.appium.uiautomator2.handler.FindElement.getXPathUiObject(FindElement.java:80)
05-18 09:59:33.243 E/appium  (21114): 	at io.appium.uiautomator2.handler.FindElement.findElement(FindElement.java:153)
05-18 09:59:33.243 E/appium  (21114): 	at io.appium.uiautomator2.handler.FindElement.safeHandle(FindElement.java:102)
05-18 09:59:33.243 E/appium  (21114): 	at io.appium.uiautomator2.handler.request.SafeRequestHandler.handle(SafeRequestHandler.java:56)
05-18 09:59:33.243 E/appium  (21114): 	at io.appium.uiautomator2.server.AppiumServlet.handleRequest(AppiumServlet.java:202)
05-18 09:59:33.243 E/appium  (21114): 	at io.appium.uiautomator2.server.AppiumServlet.handleHttpRequest(AppiumServlet.java:193)
05-18 09:59:33.243 E/appium  (21114): 	at io.appium.uiautomator2.http.ServerHandler.channelRead(ServerHandler.java:44)
05-18 09:59:33.243 E/appium  (21114): 	at io.netty.channel.AbstractChannelHandlerContext.invokeChannelRead(AbstractChannelHandlerContext.java:366)
05-18 09:59:33.243 E/appium  (21114): 	at io.netty.channel.AbstractChannelHandlerContext.invokeChannelRead(AbstractChannelHandlerContext.java:352)
05-18 09:59:33.243 E/appium  (21114): 	at io.netty.channel.AbstractChannelHandlerContext.fireChannelRead(AbstractChannelHandlerContext.java:345)
05-18 09:59:33.243 E/appium  (21114): 	at io.netty.handler.codec.MessageToMessageDecoder.channelRead(MessageToMessageDecoder.java:102)
05-18 09:59:33.243 E/appium  (21114): 	at io.netty.channel.AbstractChannelHandlerContext.invokeChannelRead(AbstractChannelHandlerContext.java:366)
05-18 09:59:33.243 E/appium  (21114): 	at io.netty.channel.AbstractChannelHandlerContext.invokeChannelRead(AbstractChannelHandlerContext.java:352)
05-18 09:59:33.243 E/appium  (21114): 	at io.netty.channel.AbstractChannelHandlerContext.fireChannelRead(AbstractChannelHandlerContext.java:345)
05-18 09:59:33.243 E/appium  (21114): 	at io.netty.channel.CombinedChannelDuplexHandler$DelegatingChannelHandlerContext.fireChannelRead(CombinedChannelDuplexHandler.java:435)
05-18 09:59:33.243 E/appium  (21114): 	at io.netty.handler.codec.ByteToMessageDecoder.fireChannelRead(ByteToMessageDecoder.java:293)
05-18 09:59:33.243 E/appium  (21114): 	at io.netty.handler.codec.ByteToMessageDecoder.channelRead(ByteToMessageDecoder.java:267)
05-18 09:59:33.243 E/appium  (21114): 	at io.netty.channel.CombinedChannelDuplexHandler.channelRead(CombinedChannelDuplexHandler.java:250)
05-18 09:59:33.243 E/appium  (21114): 	at io.netty.channel.AbstractChannelHandlerContext.invokeChannelRead(AbstractChannelHandlerContext.java:366)
05-18 09:59:33.243 E/appium  (21114): 	at io.netty.channel.AbstractChannelHandlerContext.invokeChannelRead(AbstractChannelHandlerContext.java:352)
05-18 09:59:33.243 E/appium  (21114): 	at io.netty.channel.AbstractChannelHandlerContext.fireChannelRead(AbstractChannelHandlerContext.java:345)
05-18 09:59:33.243 E/appium  (21114): 	at io.netty.channel.DefaultChannelPipeline$HeadContext.channelRead(DefaultChannelPipeline.java:1294)
05-18 09:59:33.243 E/appium  (21114): 	at io.netty.channel.AbstractChannelHandlerContext.invokeChannelRead(AbstractChannelHandlerContext.java:366)
05-18 09:59:33.243 E/appium  (21114): 	at io.netty.channel.AbstractChannelHandlerContext.invokeChannelRead(AbstractChannelHandlerContext.java:352)
05-18 09:59:33.243 E/appium  (21114): 	at io.netty.channel.DefaultChannelPipeline.fireChannelRead(DefaultChannelPipeline.java:911)
05-18 09:59:33.243 E/appium  (21114): 	at io.netty.channel.nio.AbstractNioByteChannel$NioByteUnsafe.read(AbstractNioByteChannel.java:131)
05-18 09:59:33.243 E/appium  (21114): 	at io.netty.channel.nio.NioEventLoop.processSelectedKey(NioEventLoop.java:611)
05-18 09:59:33.243 E/appium  (21114): 	at io.netty.channel.nio.NioEventLoop.processSelectedKeysPlain(NioEventLoop.java:514)
05-18 09:59:33.243 E/appium  (21114): 	at io.netty.channel.nio.NioEventLoop.processSelectedKeys(NioEventLoop.java:468)
05-18 09:59:33.243 E/appium  (21114): 	at io.netty.channel.nio.NioEventLoop.run(NioEventLoop.java:438)
05-18 09:59:33.243 E/appium  (21114): 	at io.netty.util.concurrent.SingleThreadEventExecutor$2.run(SingleThreadEventExecutor.java:140)
05-18 09:59:33.243 E/appium  (21114): 	at io.netty.util.concurrent.DefaultThreadFactory$DefaultRunnableDecorator.run(DefaultThreadFactory.java:144)
05-18 09:59:33.243 E/appium  (21114): 	at java.lang.Thread.run(Thread.java:818)
05-18 09:59:33.352 E/WifiStateMachine(  851):  ConnectedState (when=-4ms what=131155 arg1=591!CMD_RSSI_POLL 591 0 "BOCO-office" 94:b4:0f:68:a4:b1 rssi=-51 f=5785 sc=80 link=135 tx=403.3, 0.0, 0.0  rx=815.5 bcn=0 [on:0 tx:0 rx:0 period:3002] from screen [on:0 period:611332424] gl rssi=-51 ag=0 hr ticks 314,77,49 ls-=0 [56,56,60,60,65] brc=0 lrc=0
05-18 09:59:33.354 E/WifiStateMachine(  851):  L2ConnectedState (when=-5ms what=131155 arg1=591!CMD_RSSI_POLL 591 0 "BOCO-office" 94:b4:0f:68:a4:b1 rssi=-51 f=5785 sc=80 link=135 tx=403.3, 0.0, 0.0  rx=815.5 bcn=0 [on:0 tx:0 rx:0 period:2] from screen [on:0 period:611332426] gl rssi=-51 ag=0 hr ticks 314,77,49 ls-=0 [56,56,60,60,65] brc=0 lrc=0
05-18 09:59:33.354 E/WifiStateMachine(  851):  get link layer stats 0
05-18 09:59:33.357 E/WifiStateMachine(  851): calculateWifiScore() we set wifi's score to 1000, so will always set wifi as a default network.
05-18 09:59:34.007 E/WifiTrafficPoller(  851): TRAFFIC_STATS_POLL true Token 2644 num clients 19
05-18 09:59:34.008 E/WifiTrafficPoller(  851):  packet count Tx=1755666 Rx=5786800
05-18 09:59:34.204 E/appium  (21114): Element not found: 
05-18 09:59:34.204 E/appium  (21114): io.appium.uiautomator2.common.exceptions.ElementNotFoundException: Could not find an element using supplied strategy. 
05-18 09:59:34.204 E/appium  (21114): 	at io.appium.uiautomator2.handler.FindElement.getXPathUiObject(FindElement.java:80)
05-18 09:59:34.204 E/appium  (21114): 	at io.appium.uiautomator2.handler.FindElement.findElement(FindElement.java:153)
05-18 09:59:34.204 E/appium  (21114): 	at io.appium.uiautomator2.handler.FindElement.safeHandle(FindElement.java:102)
05-18 09:59:34.204 E/appium  (21114): 	at io.appium.uiautomator2.handler.request.SafeRequestHandler.handle(SafeRequestHandler.java:56)
05-18 09:59:34.204 E/appium  (21114): 	at io.appium.uiautomator2.server.AppiumServlet.handleRequest(AppiumServlet.java:202)
05-18 09:59:34.204 E/appium  (21114): 	at io.appium.uiautomator2.server.AppiumServlet.handleHttpRequest(AppiumServlet.java:193)
05-18 09:59:34.204 E/appium  (21114): 	at io.appium.uiautomator2.http.ServerHandler.channelRead(ServerHandler.java:44)
05-18 09:59:34.204 E/appium  (21114): 	at io.netty.channel.AbstractChannelHandlerContext.invokeChannelRead(AbstractChannelHandlerContext.java:366)
05-18 09:59:34.204 E/appium  (21114): 	at io.netty.channel.AbstractChannelHandlerContext.invokeChannelRead(AbstractChannelHandlerContext.java:352)
05-18 09:59:34.204 E/appium  (21114): 	at io.netty.channel.AbstractChannelHandlerContext.fireChannelRead(AbstractChannelHandlerContext.java:345)
05-18 09:59:34.204 E/appium  (21114): 	at io.netty.handler.codec.MessageToMessageDecoder.channelRead(MessageToMessageDecoder.java:102)
05-18 09:59:34.204 E/appium  (21114): 	at io.netty.channel.AbstractChannelHandlerContext.invokeChannelRead(AbstractChannelHandlerContext.java:366)
05-18 09:59:34.204 E/appium  (21114): 	at io.netty.channel.AbstractChannelHandlerContext.invokeChannelRead(AbstractChannelHandlerContext.java:352)
05-18 09:59:34.204 E/appium  (21114): 	at io.netty.channel.AbstractChannelHandlerContext.fireChannelRead(AbstractChannelHandlerContext.java:345)
05-18 09:59:34.204 E/appium  (21114): 	at io.netty.channel.CombinedChannelDuplexHandler$DelegatingChannelHandlerContext.fireChannelRead(CombinedChannelDuplexHandler.java:435)
05-18 09:59:34.204 E/appium  (21114): 	at io.netty.handler.codec.ByteToMessageDecoder.fireChannelRead(ByteToMessageDecoder.java:293)
05-18 09:59:34.204 E/appium  (21114): 	at io.netty.handler.codec.ByteToMessageDecoder.channelRead(ByteToMessageDecoder.java:267)
05-18 09:59:34.204 E/appium  (21114): 	at io.netty.channel.CombinedChannelDuplexHandler.channelRead(CombinedChannelDuplexHandler.java:250)
05-18 09:59:34.204 E/appium  (21114): 	at io.netty.channel.AbstractChannelHandlerContext.invokeChannelRead(AbstractChannelHandlerContext.java:366)
05-18 09:59:34.204 E/appium  (21114): 	at io.netty.channel.AbstractChannelHandlerContext.invokeChannelRead(AbstractChannelHandlerContext.java:352)
05-18 09:59:34.204 E/appium  (21114): 	at io.netty.channel.AbstractChannelHandlerContext.fireChannelRead(AbstractChannelHandlerContext.java:345)
05-18 09:59:34.204 E/appium  (21114): 	at io.netty.channel.DefaultChannelPipeline$HeadContext.channelRead(DefaultChannelPipeline.java:1294)
05-18 09:59:34.204 E/appium  (21114): 	at io.netty.channel.AbstractChannelHandlerContext.invokeChannelRead(AbstractChannelHandlerContext.java:366)
05-18 09:59:34.204 E/appium  (21114): 	at io.netty.channel.AbstractChannelHandlerContext.invokeChannelRead(AbstractChannelHandlerContext.java:352)
05-18 09:59:34.204 E/appium  (21114): 	at io.netty.channel.DefaultChannelPipeline.fireChannelRead(DefaultChannelPipeline.java:911)
05-18 09:59:34.204 E/appium  (21114): 	at io.netty.channel.nio.AbstractNioByteChannel$NioByteUnsafe.read(AbstractNioByteChannel.java:131)
05-18 09:59:34.204 E/appium  (21114): 	at io.netty.channel.nio.NioEventLoop.processSelectedKey(NioEventLoop.java:611)
05-18 09:59:34.204 E/appium  (21114): 	at io.netty.channel.nio.NioEventLoop.processSelectedKeysPlain(NioEventLoop.java:514)
05-18 09:59:34.204 E/appium  (21114): 	at io.netty.channel.nio.NioEventLoop.processSelectedKeys(NioEventLoop.java:468)
05-18 09:59:34.204 E/appium  (21114): 	at io.netty.channel.nio.NioEventLoop.run(NioEventLoop.java:438)
05-18 09:59:34.204 E/appium  (21114): 	at io.netty.util.concurrent.SingleThreadEventExecutor$2.run(SingleThreadEventExecutor.java:140)
05-18 09:59:34.204 E/appium  (21114): 	at io.netty.util.concurrent.DefaultThreadFactory$DefaultRunnableDecorator.run(DefaultThreadFactory.java:144)
05-18 09:59:34.204 E/appium  (21114): 	at java.lang.Thread.run(Thread.java:818)
05-18 09:59:35.009 E/WifiTrafficPoller(  851): TRAFFIC_STATS_POLL true Token 2644 num clients 19
05-18 09:59:35.010 E/WifiTrafficPoller(  851):  packet count Tx=1755823 Rx=5787141
05-18 09:59:36.010 E/WifiTrafficPoller(  851): TRAFFIC_STATS_POLL true Token 2644 num clients 19
05-18 09:59:36.011 E/WifiTrafficPoller(  851):  packet count Tx=1755980 Rx=5787481
05-18 09:59:36.222 E/appium  (21114): Element not found: 
05-18 09:59:36.222 E/appium  (21114): io.appium.uiautomator2.common.exceptions.ElementNotFoundException: Could not find an element using supplied strategy. 
05-18 09:59:36.222 E/appium  (21114): 	at io.appium.uiautomator2.handler.FindElement.getXPathUiObject(FindElement.java:80)
05-18 09:59:36.222 E/appium  (21114): 	at io.appium.uiautomator2.handler.FindElement.findElement(FindElement.java:153)
05-18 09:59:36.222 E/appium  (21114): 	at io.appium.uiautomator2.handler.FindElement.safeHandle(FindElement.java:102)
05-18 09:59:36.222 E/appium  (21114): 	at io.appium.uiautomator2.handler.request.SafeRequestHandler.handle(SafeRequestHandler.java:56)
05-18 09:59:36.222 E/appium  (21114): 	at io.appium.uiautomator2.server.AppiumServlet.handleRequest(AppiumServlet.java:202)
05-18 09:59:36.222 E/appium  (21114): 	at io.appium.uiautomator2.server.AppiumServlet.handleHttpRequest(AppiumServlet.java:193)
05-18 09:59:36.222 E/appium  (21114): 	at io.appium.uiautomator2.http.ServerHandler.channelRead(ServerHandler.java:44)
05-18 09:59:36.222 E/appium  (21114): 	at io.netty.channel.AbstractChannelHandlerContext.invokeChannelRead(AbstractChannelHandlerContext.java:366)
05-18 09:59:36.222 E/appium  (21114): 	at io.netty.channel.AbstractChannelHandlerContext.invokeChannelRead(AbstractChannelHandlerContext.java:352)
05-18 09:59:36.222 E/appium  (21114): 	at io.netty.channel.AbstractChannelHandlerContext.fireChannelRead(AbstractChannelHandlerContext.java:345)
05-18 09:59:36.222 E/appium  (21114): 	at io.netty.handler.codec.MessageToMessageDecoder.channelRead(MessageToMessageDecoder.java:102)
05-18 09:59:36.222 E/appium  (21114): 	at io.netty.channel.AbstractChannelHandlerContext.invokeChannelRead(AbstractChannelHandlerContext.java:366)
05-18 09:59:36.222 E/appium  (21114): 	at io.netty.channel.AbstractChannelHandlerContext.invokeChannelRead(AbstractChannelHandlerContext.java:352)
05-18 09:59:36.222 E/appium  (21114): 	at io.netty.channel.AbstractChannelHandlerContext.fireChannelRead(AbstractChannelHandlerContext.java:345)
05-18 09:59:36.222 E/appium  (21114): 	at io.netty.channel.CombinedChannelDuplexHandler$DelegatingChannelHandlerContext.fireChannelRead(CombinedChannelDuplexHandler.java:435)
05-18 09:59:36.222 E/appium  (21114): 	at io.netty.handler.codec.ByteToMessageDecoder.fireChannelRead(ByteToMessageDecoder.java:293)
05-18 09:59:36.222 E/appium  (21114): 	at io.netty.handler.codec.ByteToMessageDecoder.channelRead(ByteToMessageDecoder.java:267)
05-18 09:59:36.222 E/appium  (21114): 	at io.netty.channel.CombinedChannelDuplexHandler.channelRead(CombinedChannelDuplexHandler.java:250)
05-18 09:59:36.222 E/appium  (21114): 	at io.netty.channel.AbstractChannelHandlerContext.invokeChannelRead(AbstractChannelHandlerContext.java:366)
05-18 09:59:36.222 E/appium  (21114): 	at io.netty.channel.AbstractChannelHandlerContext.invokeChannelRead(AbstractChannelHandlerContext.java:352)
05-18 09:59:36.222 E/appium  (21114): 	at io.netty.channel.AbstractChannelHandlerContext.fireChannelRead(AbstractChannelHandlerContext.java:345)
05-18 09:59:36.222 E/appium  (21114): 	at io.netty.channel.DefaultChannelPipeline$HeadContext.channelRead(DefaultChannelPipeline.java:1294)
05-18 09:59:36.222 E/appium  (21114): 	at io.netty.channel.AbstractChannelHandlerContext.invokeChannelRead(AbstractChannelHandlerContext.java:366)
05-18 09:59:36.222 E/appium  (21114): 	at io.netty.channel.AbstractChannelHandlerContext.invokeChannelRead(AbstractChannelHandlerContext.java:352)
05-18 09:59:36.222 E/appium  (21114): 	at io.netty.channel.DefaultChannelPipeline.fireChannelRead(DefaultChannelPipeline.java:911)
05-18 09:59:36.222 E/appium  (21114): 	at io.netty.channel.nio.AbstractNioByteChannel$NioByteUnsafe.read(AbstractNioByteChannel.java:131)
05-18 09:59:36.222 E/appium  (21114): 	at io.netty.channel.nio.NioEventLoop.processSelectedKey(NioEventLoop.java:611)
05-18 09:59:36.222 E/appium  (21114): 	at io.netty.channel.nio.NioEventLoop.processSelectedKeysPlain(NioEventLoop.java:514)
05-18 09:59:36.222 E/appium  (21114): 	at io.netty.channel.nio.NioEventLoop.processSelectedKeys(NioEventLoop.java:468)
05-18 09:59:36.222 E/appium  (21114): 	at io.netty.channel.nio.NioEventLoop.run(NioEventLoop.java:438)
05-18 09:59:36.222 E/appium  (21114): 	at io.netty.util.concurrent.SingleThreadEventExecutor$2.run(SingleThreadEventExecutor.java:140)
05-18 09:59:36.222 E/appium  (21114): 	at io.netty.util.concurrent.DefaultThreadFactory$DefaultRunnableDecorator.run(DefaultThreadFactory.java:144)
05-18 09:59:36.222 E/appium  (21114): 	at java.lang.Thread.run(Thread.java:818)
05-18 09:59:36.362 E/WifiStateMachine(  851):  ConnectedState (when=-4ms what=131155 arg1=591!CMD_RSSI_POLL 591 0 "BOCO-office" 94:b4:0f:68:a4:b1 rssi=-51 f=5785 sc=80 link=135 tx=439.2, 0.0, 0.0  rx=905.2 bcn=0 [on:0 tx:0 rx:0 period:3002] from screen [on:0 period:611335434] gl rssi=-51 ag=0 hr ticks 314,77,49 ls-=0 [56,56,60,60,65] brc=0 lrc=0
05-18 09:59:36.363 E/WifiStateMachine(  851):  L2ConnectedState (when=-5ms what=131155 arg1=591!CMD_RSSI_POLL 591 0 "BOCO-office" 94:b4:0f:68:a4:b1 rssi=-51 f=5785 sc=80 link=135 tx=439.2, 0.0, 0.0  rx=905.2 bcn=0 [on:0 tx:0 rx:0 period:1] from screen [on:0 period:611335435] gl rssi=-51 ag=0 hr ticks 314,77,49 ls-=0 [56,56,60,60,65] brc=0 lrc=0
05-18 09:59:36.363 E/WifiStateMachine(  851):  get link layer stats 0
05-18 09:59:36.365 E/WifiStateMachine(  851): calculateWifiScore() we set wifi's score to 1000, so will always set wifi as a default network.
05-18 09:59:37.010 E/WifiTrafficPoller(  851): TRAFFIC_STATS_POLL true Token 2644 num clients 19
05-18 09:59:37.011 E/WifiTrafficPoller(  851):  packet count Tx=1756139 Rx=5787829
05-18 09:59:37.241 E/appium  (21114): Element not found: 
05-18 09:59:37.241 E/appium  (21114): io.appium.uiautomator2.common.exceptions.ElementNotFoundException: Could not find an element using supplied strategy. 
05-18 09:59:37.241 E/appium  (21114): 	at io.appium.uiautomator2.handler.FindElement.getXPathUiObject(FindElement.java:80)
05-18 09:59:37.241 E/appium  (21114): 	at io.appium.uiautomator2.handler.FindElement.findElement(FindElement.java:153)
05-18 09:59:37.241 E/appium  (21114): 	at io.appium.uiautomator2.handler.FindElement.safeHandle(FindElement.java:102)
05-18 09:59:37.241 E/appium  (21114): 	at io.appium.uiautomator2.handler.request.SafeRequestHandler.handle(SafeRequestHandler.java:56)
05-18 09:59:37.241 E/appium  (21114): 	at io.appium.uiautomator2.server.AppiumServlet.handleRequest(AppiumServlet.java:202)
05-18 09:59:37.241 E/appium  (21114): 	at io.appium.uiautomator2.server.AppiumServlet.handleHttpRequest(AppiumServlet.java:193)
05-18 09:59:37.241 E/appium  (21114): 	at io.appium.uiautomator2.http.ServerHandler.channelRead(ServerHandler.java:44)
05-18 09:59:37.241 E/appium  (21114): 	at io.netty.channel.AbstractChannelHandlerContext.invokeChannelRead(AbstractChannelHandlerContext.java:366)
05-18 09:59:37.241 E/appium  (21114): 	at io.netty.channel.AbstractChannelHandlerContext.invokeChannelRead(AbstractChannelHandlerContext.java:352)
05-18 09:59:37.241 E/appium  (21114): 	at io.netty.channel.AbstractChannelHandlerContext.fireChannelRead(AbstractChannelHandlerContext.java:345)
05-18 09:59:37.241 E/appium  (21114): 	at io.netty.handler.codec.MessageToMessageDecoder.channelRead(MessageToMessageDecoder.java:102)
05-18 09:59:37.241 E/appium  (21114): 	at io.netty.channel.AbstractChannelHandlerContext.invokeChannelRead(AbstractChannelHandlerContext.java:366)
05-18 09:59:37.241 E/appium  (21114): 	at io.netty.channel.AbstractChannelHandlerContext.invokeChannelRead(AbstractChannelHandlerContext.java:352)
05-18 09:59:37.241 E/appium  (21114): 	at io.netty.channel.AbstractChannelHandlerContext.fireChannelRead(AbstractChannelHandlerContext.java:345)
05-18 09:59:37.241 E/appium  (21114): 	at io.netty.channel.CombinedChannelDuplexHandler$DelegatingChannelHandlerContext.fireChannelRead(CombinedChannelDuplexHandler.java:435)
05-18 09:59:37.241 E/appium  (21114): 	at io.netty.handler.codec.ByteToMessageDecoder.fireChannelRead(ByteToMessageDecoder.java:293)
05-18 09:59:37.241 E/appium  (21114): 	at io.netty.handler.codec.ByteToMessageDecoder.channelRead(ByteToMessageDecoder.java:267)
05-18 09:59:37.241 E/appium  (21114): 	at io.netty.channel.CombinedChannelDuplexHandler.channelRead(CombinedChannelDuplexHandler.java:250)
05-18 09:59:37.241 E/appium  (21114): 	at io.netty.channel.AbstractChannelHandlerContext.invokeChannelRead(AbstractChannelHandlerContext.java:366)
05-18 09:59:37.241 E/appium  (21114): 	at io.netty.channel.AbstractChannelHandlerContext.invokeChannelRead(AbstractChannelHandlerContext.java:352)
05-18 09:59:37.241 E/appium  (21114): 	at io.netty.channel.AbstractChannelHandlerContext.fireChannelRead(AbstractChannelHandlerContext.java:345)
05-18 09:59:37.241 E/appium  (21114): 	at io.netty.channel.DefaultChannelPipeline$HeadContext.channelRead(DefaultChannelPipeline.java:1294)
05-18 09:59:37.241 E/appium  (21114): 	at io.netty.channel.AbstractChannelHandlerContext.invokeChannelRead(AbstractChannelHandlerContext.java:366)
05-18 09:59:37.241 E/appium  (21114): 	at io.netty.channel.AbstractChannelHandlerContext.invokeChannelRead(AbstractChannelHandlerContext.java:352)
05-18 09:59:37.241 E/appium  (21114): 	at io.netty.channel.DefaultChannelPipeline.fireChannelRead(DefaultChannelPipeline.java:911)
05-18 09:59:37.241 E/appium  (21114): 	at io.netty.channel.nio.AbstractNioByteChannel$NioByteUnsafe.read(AbstractNioByteChannel.java:131)
05-18 09:59:37.241 E/appium  (21114): 	at io.netty.channel.nio.NioEventLoop.processSelectedKey(NioEventLoop.java:611)
05-18 09:59:37.241 E/appium  (21114): 	at io.netty.channel.nio.NioEventLoop.processSelectedKeysPlain(NioEventLoop.java:514)
05-18 09:59:37.241 E/appium  (21114): 	at io.netty.channel.nio.NioEventLoop.processSelectedKeys(NioEventLoop.java:468)
05-18 09:59:37.241 E/appium  (21114): 	at io.netty.channel.nio.NioEventLoop.run(NioEventLoop.java:438)
05-18 09:59:37.241 E/appium  (21114): 	at io.netty.util.concurrent.SingleThreadEventExecutor$2.run(SingleThreadEventExecutor.java:140)
05-18 09:59:37.241 E/appium  (21114): 	at io.netty.util.concurrent.DefaultThreadFactory$DefaultRunnableDecorator.run(DefaultThreadFactory.java:144)
05-18 09:59:37.241 E/appium  (21114): 	at java.lang.Thread.run(Thread.java:818)
05-18 09:59:38.012 E/WifiTrafficPoller(  851): TRAFFIC_STATS_POLL true Token 2644 num clients 19
05-18 09:59:38.012 E/WifiTrafficPoller(  851):  packet count Tx=1756294 Rx=5788192
05-18 09:59:38.224 E/appium  (21114): Element not found: 
05-18 09:59:38.224 E/appium  (21114): io.appium.uiautomator2.common.exceptions.ElementNotFoundException: Could not find an element using supplied strategy. 
05-18 09:59:38.224 E/appium  (21114): 	at io.appium.uiautomator2.handler.FindElement.getXPathUiObject(FindElement.java:80)
05-18 09:59:38.224 E/appium  (21114): 	at io.appium.uiautomator2.handler.FindElement.findElement(FindElement.java:153)
05-18 09:59:38.224 E/appium  (21114): 	at io.appium.uiautomator2.handler.FindElement.safeHandle(FindElement.java:102)
05-18 09:59:38.224 E/appium  (21114): 	at io.appium.uiautomator2.handler.request.SafeRequestHandler.handle(SafeRequestHandler.java:56)
05-18 09:59:38.224 E/appium  (21114): 	at io.appium.uiautomator2.server.AppiumServlet.handleRequest(AppiumServlet.java:202)
05-18 09:59:38.224 E/appium  (21114): 	at io.appium.uiautomator2.server.AppiumServlet.handleHttpRequest(AppiumServlet.java:193)
05-18 09:59:38.224 E/appium  (21114): 	at io.appium.uiautomator2.http.ServerHandler.channelRead(ServerHandler.java:44)
05-18 09:59:38.224 E/appium  (21114): 	at io.netty.channel.AbstractChannelHandlerContext.invokeChannelRead(AbstractChannelHandlerContext.java:366)
05-18 09:59:38.224 E/appium  (21114): 	at io.netty.channel.AbstractChannelHandlerContext.invokeChannelRead(AbstractChannelHandlerContext.java:352)
05-18 09:59:38.224 E/appium  (21114): 	at io.netty.channel.AbstractChannelHandlerContext.fireChannelRead(AbstractChannelHandlerContext.java:345)
05-18 09:59:38.224 E/appium  (21114): 	at io.netty.handler.codec.MessageToMessageDecoder.channelRead(MessageToMessageDecoder.java:102)
05-18 09:59:38.224 E/appium  (21114): 	at io.netty.channel.AbstractChannelHandlerContext.invokeChannelRead(AbstractChannelHandlerContext.java:366)
05-18 09:59:38.224 E/appium  (21114): 	at io.netty.channel.AbstractChannelHandlerContext.invokeChannelRead(AbstractChannelHandlerContext.java:352)
05-18 09:59:38.224 E/appium  (21114): 	at io.netty.channel.AbstractChannelHandlerContext.fireChannelRead(AbstractChannelHandlerContext.java:345)
05-18 09:59:38.224 E/appium  (21114): 	at io.netty.channel.CombinedChannelDuplexHandler$DelegatingChannelHandlerContext.fireChannelRead(CombinedChannelDuplexHandler.java:435)
05-18 09:59:38.224 E/appium  (21114): 	at io.netty.handler.codec.ByteToMessageDecoder.fireChannelRead(ByteToMessageDecoder.java:293)
05-18 09:59:38.224 E/appium  (21114): 	at io.netty.handler.codec.ByteToMessageDecoder.channelRead(ByteToMessageDecoder.java:267)
05-18 09:59:38.224 E/appium  (21114): 	at io.netty.channel.CombinedChannelDuplexHandler.channelRead(CombinedChannelDuplexHandler.java:250)
05-18 09:59:38.224 E/appium  (21114): 	at io.netty.channel.AbstractChannelHandlerContext.invokeChannelRead(AbstractChannelHandlerContext.java:366)
05-18 09:59:38.224 E/appium  (21114): 	at io.netty.channel.AbstractChannelHandlerContext.invokeChannelRead(AbstractChannelHandlerContext.java:352)
05-18 09:59:38.224 E/appium  (21114): 	at io.netty.channel.AbstractChannelHandlerContext.fireChannelRead(AbstractChannelHandlerContext.java:345)
05-18 09:59:38.224 E/appium  (21114): 	at io.netty.channel.DefaultChannelPipeline$HeadContext.channelRead(DefaultChannelPipeline.java:1294)
05-18 09:59:38.224 E/appium  (21114): 	at io.netty.channel.AbstractChannelHandlerContext.invokeChannelRead(AbstractChannelHandlerContext.java:366)
05-18 09:59:38.224 E/appium  (21114): 	at io.netty.channel.AbstractChannelHandlerContext.invokeChannelRead(AbstractChannelHandlerContext.java:352)
05-18 09:59:38.224 E/appium  (21114): 	at io.netty.channel.DefaultChannelPipeline.fireChannelRead(DefaultChannelPipeline.java:911)
05-18 09:59:38.224 E/appium  (21114): 	at io.netty.channel.nio.AbstractNioByteChannel$NioByteUnsafe.read(AbstractNioByteChannel.java:131)
05-18 09:59:38.224 E/appium  (21114): 	at io.netty.channel.nio.NioEventLoop.processSelectedKey(NioEventLoop.java:611)
05-18 09:59:38.224 E/appium  (21114): 	at io.netty.channel.nio.NioEventLoop.processSelectedKeysPlain(NioEventLoop.java:514)
05-18 09:59:38.224 E/appium  (21114): 	at io.netty.channel.nio.NioEventLoop.processSelectedKeys(NioEventLoop.java:468)
05-18 09:59:38.224 E/appium  (21114): 	at io.netty.channel.nio.NioEventLoop.run(NioEventLoop.java:438)
05-18 09:59:38.224 E/appium  (21114): 	at io.netty.util.concurrent.SingleThreadEventExecutor$2.run(SingleThreadEventExecutor.java:140)
05-18 09:59:38.224 E/appium  (21114): 	at io.netty.util.concurrent.DefaultThreadFactory$DefaultRunnableDecorator.run(DefaultThreadFactory.java:144)
05-18 09:59:38.224 E/appium  (21114): 	at java.lang.Thread.run(Thread.java:818)
05-18 09:59:39.013 E/WifiTrafficPoller(  851): TRAFFIC_STATS_POLL true Token 2644 num clients 19
05-18 09:59:39.013 E/WifiTrafficPoller(  851):  packet count Tx=1756460 Rx=5788520
05-18 09:59:39.219 E/appium  (21114): Element not found: 
05-18 09:59:39.219 E/appium  (21114): io.appium.uiautomator2.common.exceptions.ElementNotFoundException: Could not find an element using supplied strategy. 
05-18 09:59:39.219 E/appium  (21114): 	at io.appium.uiautomator2.handler.FindElement.getXPathUiObject(FindElement.java:80)
05-18 09:59:39.219 E/appium  (21114): 	at io.appium.uiautomator2.handler.FindElement.findElement(FindElement.java:153)
05-18 09:59:39.219 E/appium  (21114): 	at io.appium.uiautomator2.handler.FindElement.safeHandle(FindElement.java:102)
05-18 09:59:39.219 E/appium  (21114): 	at io.appium.uiautomator2.handler.request.SafeRequestHandler.handle(SafeRequestHandler.java:56)
05-18 09:59:39.219 E/appium  (21114): 	at io.appium.uiautomator2.server.AppiumServlet.handleRequest(AppiumServlet.java:202)
05-18 09:59:39.219 E/appium  (21114): 	at io.appium.uiautomator2.server.AppiumServlet.handleHttpRequest(AppiumServlet.java:193)
05-18 09:59:39.219 E/appium  (21114): 	at io.appium.uiautomator2.http.ServerHandler.channelRead(ServerHandler.java:44)
05-18 09:59:39.219 E/appium  (21114): 	at io.netty.channel.AbstractChannelHandlerContext.invokeChannelRead(AbstractChannelHandlerContext.java:366)
05-18 09:59:39.219 E/appium  (21114): 	at io.netty.channel.AbstractChannelHandlerContext.invokeChannelRead(AbstractChannelHandlerContext.java:352)
05-18 09:59:39.219 E/appium  (21114): 	at io.netty.channel.AbstractChannelHandlerContext.fireChannelRead(AbstractChannelHandlerContext.java:345)
05-18 09:59:39.219 E/appium  (21114): 	at io.netty.handler.codec.MessageToMessageDecoder.channelRead(MessageToMessageDecoder.java:102)
05-18 09:59:39.219 E/appium  (21114): 	at io.netty.channel.AbstractChannelHandlerContext.invokeChannelRead(AbstractChannelHandlerContext.java:366)
05-18 09:59:39.219 E/appium  (21114): 	at io.netty.channel.AbstractChannelHandlerContext.invokeChannelRead(AbstractChannelHandlerContext.java:352)
05-18 09:59:39.219 E/appium  (21114): 	at io.netty.channel.AbstractChannelHandlerContext.fireChannelRead(AbstractChannelHandlerContext.java:345)
05-18 09:59:39.219 E/appium  (21114): 	at io.netty.channel.CombinedChannelDuplexHandler$DelegatingChannelHandlerContext.fireChannelRead(CombinedChannelDuplexHandler.java:435)
05-18 09:59:39.219 E/appium  (21114): 	at io.netty.handler.codec.ByteToMessageDecoder.fireChannelRead(ByteToMessageDecoder.java:293)
05-18 09:59:39.219 E/appium  (21114): 	at io.netty.handler.codec.ByteToMessageDecoder.channelRead(ByteToMessageDecoder.java:267)
05-18 09:59:39.219 E/appium  (21114): 	at io.netty.channel.CombinedChannelDuplexHandler.channelRead(CombinedChannelDuplexHandler.java:250)
05-18 09:59:39.219 E/appium  (21114): 	at io.netty.channel.AbstractChannelHandlerContext.invokeChannelRead(AbstractChannelHandlerContext.java:366)
05-18 09:59:39.219 E/appium  (21114): 	at io.netty.channel.AbstractChannelHandlerContext.invokeChannelRead(AbstractChannelHandlerContext.java:352)
05-18 09:59:39.219 E/appium  (21114): 	at io.netty.channel.AbstractChannelHandlerContext.fireChannelRead(AbstractChannelHandlerContext.java:345)
05-18 09:59:39.219 E/appium  (21114): 	at io.netty.channel.DefaultChannelPipeline$HeadContext.channelRead(DefaultChannelPipeline.java:1294)
05-18 09:59:39.219 E/appium  (21114): 	at io.netty.channel.AbstractChannelHandlerContext.invokeChannelRead(AbstractChannelHandlerContext.java:366)
05-18 09:59:39.219 E/appium  (21114): 	at io.netty.channel.AbstractChannelHandlerContext.invokeChannelRead(AbstractChannelHandlerContext.java:352)
05-18 09:59:39.219 E/appium  (21114): 	at io.netty.channel.DefaultChannelPipeline.fireChannelRead(DefaultChannelPipeline.java:911)
05-18 09:59:39.219 E/appium  (21114): 	at io.netty.channel.nio.AbstractNioByteChannel$NioByteUnsafe.read(AbstractNioByteChannel.java:131)
05-18 09:59:39.219 E/appium  (21114): 	at io.netty.channel.nio.NioEventLoop.processSelectedKey(NioEventLoop.java:611)
05-18 09:59:39.219 E/appium  (21114): 	at io.netty.channel.nio.NioEventLoop.processSelectedKeysPlain(NioEventLoop.java:514)
05-18 09:59:39.219 E/appium  (21114): 	at io.netty.channel.nio.NioEventLoop.processSelectedKeys(NioEventLoop.java:468)
05-18 09:59:39.219 E/appium  (21114): 	at io.netty.channel.nio.NioEventLoop.run(NioEventLoop.java:438)
05-18 09:59:39.219 E/appium  (21114): 	at io.netty.util.concurrent.SingleThreadEventExecutor$2.run(SingleThreadEventExecutor.java:140)
05-18 09:59:39.219 E/appium  (21114): 	at io.netty.util.concurrent.DefaultThreadFactory$DefaultRunnableDecorator.run(DefaultThreadFactory.java:144)
05-18 09:59:39.219 E/appium  (21114): 	at java.lang.Thread.run(Thread.java:818)
05-18 09:59:39.368 E/WifiStateMachine(  851):  ConnectedState (when=-3ms what=131155 arg1=591!CMD_RSSI_POLL 591 0 "BOCO-office" 94:b4:0f:68:a4:b1 rssi=-51 f=5785 sc=80 link=135 tx=456.1, 0.0, 0.0  rx=961.6 bcn=0 [on:0 tx:0 rx:0 period:3002] from screen [on:0 period:611338440] gl rssi=-51 ag=0 hr ticks 314,77,49 ls-=0 [56,56,60,60,65] brc=0 lrc=0
05-18 09:59:39.369 E/WifiStateMachine(  851):  L2ConnectedState (when=-4ms what=131155 arg1=591!CMD_RSSI_POLL 591 0 "BOCO-office" 94:b4:0f:68:a4:b1 rssi=-51 f=5785 sc=80 link=135 tx=456.1, 0.0, 0.0  rx=961.6 bcn=0 [on:0 tx:0 rx:0 period:1] from screen [on:0 period:611338441] gl rssi=-51 ag=0 hr ticks 314,77,49 ls-=0 [56,56,60,60,65] brc=0 lrc=0
05-18 09:59:39.369 E/WifiStateMachine(  851):  get link layer stats 0
05-18 09:59:39.371 E/WifiStateMachine(  851): calculateWifiScore() we set wifi's score to 1000, so will always set wifi as a default network.
05-18 09:59:40.014 E/WifiTrafficPoller(  851): TRAFFIC_STATS_POLL true Token 2644 num clients 19
05-18 09:59:40.015 E/WifiTrafficPoller(  851):  packet count Tx=1756618 Rx=5788851
05-18 09:59:40.234 E/appium  (21114): Element not found: 
05-18 09:59:40.234 E/appium  (21114): io.appium.uiautomator2.common.exceptions.ElementNotFoundException: Could not find an element using supplied strategy. 
05-18 09:59:40.234 E/appium  (21114): 	at io.appium.uiautomator2.handler.FindElement.getXPathUiObject(FindElement.java:80)
05-18 09:59:40.234 E/appium  (21114): 	at io.appium.uiautomator2.handler.FindElement.findElement(FindElement.java:153)
05-18 09:59:40.234 E/appium  (21114): 	at io.appium.uiautomator2.handler.FindElement.safeHandle(FindElement.java:102)
05-18 09:59:40.234 E/appium  (21114): 	at io.appium.uiautomator2.handler.request.SafeRequestHandler.handle(SafeRequestHandler.java:56)
05-18 09:59:40.234 E/appium  (21114): 	at io.appium.uiautomator2.server.AppiumServlet.handleRequest(AppiumServlet.java:202)
05-18 09:59:40.234 E/appium  (21114): 	at io.appium.uiautomator2.server.AppiumServlet.handleHttpRequest(AppiumServlet.java:193)
05-18 09:59:40.234 E/appium  (21114): 	at io.appium.uiautomator2.http.ServerHandler.channelRead(ServerHandler.java:44)
05-18 09:59:40.234 E/appium  (21114): 	at io.netty.channel.AbstractChannelHandlerContext.invokeChannelRead(AbstractChannelHandlerContext.java:366)
05-18 09:59:40.234 E/appium  (21114): 	at io.netty.channel.AbstractChannelHandlerContext.invokeChannelRead(AbstractChannelHandlerContext.java:352)
05-18 09:59:40.234 E/appium  (21114): 	at io.netty.channel.AbstractChannelHandlerContext.fireChannelRead(AbstractChannelHandlerContext.java:345)
05-18 09:59:40.234 E/appium  (21114): 	at io.netty.handler.codec.MessageToMessageDecoder.channelRead(MessageToMessageDecoder.java:102)
05-18 09:59:40.234 E/appium  (21114): 	at io.netty.channel.AbstractChannelHandlerContext.invokeChannelRead(AbstractChannelHandlerContext.java:366)
05-18 09:59:40.234 E/appium  (21114): 	at io.netty.channel.AbstractChannelHandlerContext.invokeChannelRead(AbstractChannelHandlerContext.java:352)
05-18 09:59:40.234 E/appium  (21114): 	at io.netty.channel.AbstractChannelHandlerContext.fireChannelRead(AbstractChannelHandlerContext.java:345)
05-18 09:59:40.234 E/appium  (21114): 	at io.netty.channel.CombinedChannelDuplexHandler$DelegatingChannelHandlerContext.fireChannelRead(CombinedChannelDuplexHandler.java:435)
05-18 09:59:40.234 E/appium  (21114): 	at io.netty.handler.codec.ByteToMessageDecoder.fireChannelRead(ByteToMessageDecoder.java:293)
05-18 09:59:40.234 E/appium  (21114): 	at io.netty.handler.codec.ByteToMessageDecoder.channelRead(ByteToMessageDecoder.java:267)
05-18 09:59:40.234 E/appium  (21114): 	at io.netty.channel.CombinedChannelDuplexHandler.channelRead(CombinedChannelDuplexHandler.java:250)
05-18 09:59:40.234 E/appium  (21114): 	at io.netty.channel.AbstractChannelHandlerContext.invokeChannelRead(AbstractChannelHandlerContext.java:366)
05-18 09:59:40.234 E/appium  (21114): 	at io.netty.channel.AbstractChannelHandlerContext.invokeChannelRead(AbstractChannelHandlerContext.java:352)
05-18 09:59:40.234 E/appium  (21114): 	at io.netty.channel.AbstractChannelHandlerContext.fireChannelRead(AbstractChannelHandlerContext.java:345)
05-18 09:59:40.234 E/appium  (21114): 	at io.netty.channel.DefaultChannelPipeline$HeadContext.channelRead(DefaultChannelPipeline.java:1294)
05-18 09:59:40.234 E/appium  (21114): 	at io.netty.channel.AbstractChannelHandlerContext.invokeChannelRead(AbstractChannelHandlerContext.java:366)
05-18 09:59:40.234 E/appium  (21114): 	at io.netty.channel.AbstractChannelHandlerContext.invokeChannelRead(AbstractChannelHandlerContext.java:352)
05-18 09:59:40.234 E/appium  (21114): 	at io.netty.channel.DefaultChannelPipeline.fireChannelRead(DefaultChannelPipeline.java:911)
05-18 09:59:40.234 E/appium  (21114): 	at io.netty.channel.nio.AbstractNioByteChannel$NioByteUnsafe.read(AbstractNioByteChannel.java:131)
05-18 09:59:40.234 E/appium  (21114): 	at io.netty.channel.nio.NioEventLoop.processSelectedKey(NioEventLoop.java:611)
05-18 09:59:40.234 E/appium  (21114): 	at io.netty.channel.nio.NioEventLoop.processSelectedKeysPlain(NioEventLoop.java:514)
05-18 09:59:40.234 E/appium  (21114): 	at io.netty.channel.nio.NioEventLoop.processSelectedKeys(NioEventLoop.java:468)
05-18 09:59:40.234 E/appium  (21114): 	at io.netty.channel.nio.NioEventLoop.run(NioEventLoop.java:438)
05-18 09:59:40.234 E/appium  (21114): 	at io.netty.util.concurrent.SingleThreadEventExecutor$2.run(SingleThreadEventExecutor.java:140)
05-18 09:59:40.234 E/appium  (21114): 	at io.netty.util.concurrent.DefaultThreadFactory$DefaultRunnableDecorator.run(DefaultThreadFactory.java:144)
05-18 09:59:40.234 E/appium  (21114): 	at java.lang.Thread.run(Thread.java:818)
05-18 09:59:41.016 E/WifiTrafficPoller(  851): TRAFFIC_STATS_POLL true Token 2644 num clients 19
05-18 09:59:41.017 E/WifiTrafficPoller(  851):  packet count Tx=1756774 Rx=5789189
05-18 09:59:41.233 E/appium  (21114): Element not found: 
05-18 09:59:41.233 E/appium  (21114): io.appium.uiautomator2.common.exceptions.ElementNotFoundException: Could not find an element using supplied strategy. 
05-18 09:59:41.233 E/appium  (21114): 	at io.appium.uiautomator2.handler.FindElement.getXPathUiObject(FindElement.java:80)
05-18 09:59:41.233 E/appium  (21114): 	at io.appium.uiautomator2.handler.FindElement.findElement(FindElement.java:153)
05-18 09:59:41.233 E/appium  (21114): 	at io.appium.uiautomator2.handler.FindElement.safeHandle(FindElement.java:102)
05-18 09:59:41.233 E/appium  (21114): 	at io.appium.uiautomator2.handler.request.SafeRequestHandler.handle(SafeRequestHandler.java:56)
05-18 09:59:41.233 E/appium  (21114): 	at io.appium.uiautomator2.server.AppiumServlet.handleRequest(AppiumServlet.java:202)
05-18 09:59:41.233 E/appium  (21114): 	at io.appium.uiautomator2.server.AppiumServlet.handleHttpRequest(AppiumServlet.java:193)
05-18 09:59:41.233 E/appium  (21114): 	at io.appium.uiautomator2.http.ServerHandler.channelRead(ServerHandler.java:44)
05-18 09:59:41.233 E/appium  (21114): 	at io.netty.channel.AbstractChannelHandlerContext.invokeChannelRead(AbstractChannelHandlerContext.java:366)
05-18 09:59:41.233 E/appium  (21114): 	at io.netty.channel.AbstractChannelHandlerContext.invokeChannelRead(AbstractChannelHandlerContext.java:352)
05-18 09:59:41.233 E/appium  (21114): 	at io.netty.channel.AbstractChannelHandlerContext.fireChannelRead(AbstractChannelHandlerContext.java:345)
05-18 09:59:41.233 E/appium  (21114): 	at io.netty.handler.codec.MessageToMessageDecoder.channelRead(MessageToMessageDecoder.java:102)
05-18 09:59:41.233 E/appium  (21114): 	at io.netty.channel.AbstractChannelHandlerContext.invokeChannelRead(AbstractChannelHandlerContext.java:366)
05-18 09:59:41.233 E/appium  (21114): 	at io.netty.channel.AbstractChannelHandlerContext.invokeChannelRead(AbstractChannelHandlerContext.java:352)
05-18 09:59:41.233 E/appium  (21114): 	at io.netty.channel.AbstractChannelHandlerContext.fireChannelRead(AbstractChannelHandlerContext.java:345)
05-18 09:59:41.233 E/appium  (21114): 	at io.netty.channel.CombinedChannelDuplexHandler$DelegatingChannelHandlerContext.fireChannelRead(CombinedChannelDuplexHandler.java:435)
05-18 09:59:41.233 E/appium  (21114): 	at io.netty.handler.codec.ByteToMessageDecoder.fireChannelRead(ByteToMessageDecoder.java:293)
05-18 09:59:41.233 E/appium  (21114): 	at io.netty.handler.codec.ByteToMessageDecoder.channelRead(ByteToMessageDecoder.java:267)
05-18 09:59:41.233 E/appium  (21114): 	at io.netty.channel.CombinedChannelDuplexHandler.channelRead(CombinedChannelDuplexHandler.java:250)
05-18 09:59:41.233 E/appium  (21114): 	at io.netty.channel.AbstractChannelHandlerContext.invokeChannelRead(AbstractChannelHandlerContext.java:366)
05-18 09:59:41.233 E/appium  (21114): 	at io.netty.channel.AbstractChannelHandlerContext.invokeChannelRead(AbstractChannelHandlerContext.java:352)
05-18 09:59:41.233 E/appium  (21114): 	at io.netty.channel.AbstractChannelHandlerContext.fireChannelRead(AbstractChannelHandlerContext.java:345)
05-18 09:59:41.233 E/appium  (21114): 	at io.netty.channel.DefaultChannelPipeline$HeadContext.channelRead(DefaultChannelPipeline.java:1294)
05-18 09:59:41.233 E/appium  (21114): 	at io.netty.channel.AbstractChannelHandlerContext.invokeChannelRead(AbstractChannelHandlerContext.java:366)
05-18 09:59:41.233 E/appium  (21114): 	at io.netty.channel.AbstractChannelHandlerContext.invokeChannelRead(AbstractChannelHandlerContext.java:352)
05-18 09:59:41.233 E/appium  (21114): 	at io.netty.channel.DefaultChannelPipeline.fireChannelRead(DefaultChannelPipeline.java:911)
05-18 09:59:41.233 E/appium  (21114): 	at io.netty.channel.nio.AbstractNioByteChannel$NioByteUnsafe.read(AbstractNioByteChannel.java:131)
05-18 09:59:41.233 E/appium  (21114): 	at io.netty.channel.nio.NioEventLoop.processSelectedKey(NioEventLoop.java:611)
05-18 09:59:41.233 E/appium  (21114): 	at io.netty.channel.nio.NioEventLoop.processSelectedKeysPlain(NioEventLoop.java:514)
05-18 09:59:41.233 E/appium  (21114): 	at io.netty.channel.nio.NioEventLoop.processSelectedKeys(NioEventLoop.java:468)
05-18 09:59:41.233 E/appium  (21114): 	at io.netty.channel.nio.NioEventLoop.run(NioEventLoop.java:438)
05-18 09:59:41.233 E/appium  (21114): 	at io.netty.util.concurrent.SingleThreadEventExecutor$2.run(SingleThreadEventExecutor.java:140)
05-18 09:59:41.233 E/appium  (21114): 	at io.netty.util.concurrent.DefaultThreadFactory$DefaultRunnableDecorator.run(DefaultThreadFactory.java:144)
05-18 09:59:41.233 E/appium  (21114): 	at java.lang.Thread.run(Thread.java:818)
05-18 09:59:42.017 E/WifiTrafficPoller(  851): TRAFFIC_STATS_POLL true Token 2644 num clients 19
05-18 09:59:42.018 E/WifiTrafficPoller(  851):  packet count Tx=1756986 Rx=5789552
05-18 09:59:42.270 E/appium  (21114): Element not found: 
05-18 09:59:42.270 E/appium  (21114): io.appium.uiautomator2.common.exceptions.ElementNotFoundException: Could not find an element using supplied strategy. 
05-18 09:59:42.270 E/appium  (21114): 	at io.appium.uiautomator2.handler.FindElement.getXPathUiObject(FindElement.java:80)
05-18 09:59:42.270 E/appium  (21114): 	at io.appium.uiautomator2.handler.FindElement.findElement(FindElement.java:153)
05-18 09:59:42.270 E/appium  (21114): 	at io.appium.uiautomator2.handler.FindElement.safeHandle(FindElement.java:102)
05-18 09:59:42.270 E/appium  (21114): 	at io.appium.uiautomator2.handler.request.SafeRequestHandler.handle(SafeRequestHandler.java:56)
05-18 09:59:42.270 E/appium  (21114): 	at io.appium.uiautomator2.server.AppiumServlet.handleRequest(AppiumServlet.java:202)
05-18 09:59:42.270 E/appium  (21114): 	at io.appium.uiautomator2.server.AppiumServlet.handleHttpRequest(AppiumServlet.java:193)
05-18 09:59:42.270 E/appium  (21114): 	at io.appium.uiautomator2.http.ServerHandler.channelRead(ServerHandler.java:44)
05-18 09:59:42.270 E/appium  (21114): 	at io.netty.channel.AbstractChannelHandlerContext.invokeChannelRead(AbstractChannelHandlerContext.java:366)
05-18 09:59:42.270 E/appium  (21114): 	at io.netty.channel.AbstractChannelHandlerContext.invokeChannelRead(AbstractChannelHandlerContext.java:352)
05-18 09:59:42.270 E/appium  (21114): 	at io.netty.channel.AbstractChannelHandlerContext.fireChannelRead(AbstractChannelHandlerContext.java:345)
05-18 09:59:42.270 E/appium  (21114): 	at io.netty.handler.codec.MessageToMessageDecoder.channelRead(MessageToMessageDecoder.java:102)
05-18 09:59:42.270 E/appium  (21114): 	at io.netty.channel.AbstractChannelHandlerContext.invokeChannelRead(AbstractChannelHandlerContext.java:366)
05-18 09:59:42.270 E/appium  (21114): 	at io.netty.channel.AbstractChannelHandlerContext.invokeChannelRead(AbstractChannelHandlerContext.java:352)
05-18 09:59:42.270 E/appium  (21114): 	at io.netty.channel.AbstractChannelHandlerContext.fireChannelRead(AbstractChannelHandlerContext.java:345)
05-18 09:59:42.270 E/appium  (21114): 	at io.netty.channel.CombinedChannelDuplexHandler$DelegatingChannelHandlerContext.fireChannelRead(CombinedChannelDuplexHandler.java:435)
05-18 09:59:42.270 E/appium  (21114): 	at io.netty.handler.codec.ByteToMessageDecoder.fireChannelRead(ByteToMessageDecoder.java:293)
05-18 09:59:42.270 E/appium  (21114): 	at io.netty.handler.codec.ByteToMessageDecoder.channelRead(ByteToMessageDecoder.java:267)
05-18 09:59:42.270 E/appium  (21114): 	at io.netty.channel.CombinedChannelDuplexHandler.channelRead(CombinedChannelDuplexHandler.java:250)
05-18 09:59:42.270 E/appium  (21114): 	at io.netty.channel.AbstractChannelHandlerContext.invokeChannelRead(AbstractChannelHandlerContext.java:366)
05-18 09:59:42.270 E/appium  (21114): 	at io.netty.channel.AbstractChannelHandlerContext.invokeChannelRead(AbstractChannelHandlerContext.java:352)
05-18 09:59:42.270 E/appium  (21114): 	at io.netty.channel.AbstractChannelHandlerContext.fireChannelRead(AbstractChannelHandlerContext.java:345)
05-18 09:59:42.270 E/appium  (21114): 	at io.netty.channel.DefaultChannelPipeline$HeadContext.channelRead(DefaultChannelPipeline.java:1294)
05-18 09:59:42.270 E/appium  (21114): 	at io.netty.channel.AbstractChannelHandlerContext.invokeChannelRead(AbstractChannelHandlerContext.java:366)
05-18 09:59:42.270 E/appium  (21114): 	at io.netty.channel.AbstractChannelHandlerContext.invokeChannelRead(AbstractChannelHandlerContext.java:352)
05-18 09:59:42.270 E/appium  (21114): 	at io.netty.channel.DefaultChannelPipeline.fireChannelRead(DefaultChannelPipeline.java:911)
05-18 09:59:42.270 E/appium  (21114): 	at io.netty.channel.nio.AbstractNioByteChannel$NioByteUnsafe.read(AbstractNioByteChannel.java:131)
05-18 09:59:42.270 E/appium  (21114): 	at io.netty.channel.nio.NioEventLoop.processSelectedKey(NioEventLoop.java:611)
05-18 09:59:42.270 E/appium  (21114): 	at io.netty.channel.nio.NioEventLoop.processSelectedKeysPlain(NioEventLoop.java:514)
05-18 09:59:42.270 E/appium  (21114): 	at io.netty.channel.nio.NioEventLoop.processSelectedKeys(NioEventLoop.java:468)
05-18 09:59:42.270 E/appium  (21114): 	at io.netty.channel.nio.NioEventLoop.run(NioEventLoop.java:438)
05-18 09:59:42.270 E/appium  (21114): 	at io.netty.util.concurrent.SingleThreadEventExecutor$2.run(SingleThreadEventExecutor.java:140)
05-18 09:59:42.270 E/appium  (21114): 	at io.netty.util.concurrent.DefaultThreadFactory$DefaultRunnableDecorator.run(DefaultThreadFactory.java:144)
05-18 09:59:42.270 E/appium  (21114): 	at java.lang.Thread.run(Thread.java:818)
05-18 09:59:42.375 E/WifiStateMachine(  851):  ConnectedState (when=-4ms what=131155 arg1=591!CMD_RSSI_POLL 591 0 "BOCO-office" 94:b4:0f:68:a4:b1 rssi=-51 f=5785 sc=80 link=135 tx=467.5, 0.0, 0.0  rx=1003.3 bcn=0 [on:0 tx:0 rx:0 period:3003] from screen [on:0 period:611341447] gl rssi=-51 ag=0 hr ticks 314,77,49 ls-=0 [56,56,60,60,65] brc=0 lrc=0
05-18 09:59:42.377 E/WifiStateMachine(  851):  L2ConnectedState (when=-6ms what=131155 arg1=591!CMD_RSSI_POLL 591 0 "BOCO-office" 94:b4:0f:68:a4:b1 rssi=-51 f=5785 sc=80 link=135 tx=467.5, 0.0, 0.0  rx=1003.3 bcn=0 [on:0 tx:0 rx:0 period:2] from screen [on:0 period:611341449] gl rssi=-51 ag=0 hr ticks 314,77,49 ls-=0 [56,56,60,60,65] brc=0 lrc=0
05-18 09:59:42.377 E/WifiStateMachine(  851):  get link layer stats 0
05-18 09:59:42.379 E/WifiStateMachine(  851): calculateWifiScore() we set wifi's score to 1000, so will always set wifi as a default network.
05-18 09:59:43.019 E/WifiTrafficPoller(  851): TRAFFIC_STATS_POLL true Token 2644 num clients 19
05-18 09:59:43.019 E/WifiTrafficPoller(  851):  packet count Tx=1757146 Rx=5789878
05-18 09:59:43.239 E/appium  (21114): Element not found: 
05-18 09:59:43.239 E/appium  (21114): io.appium.uiautomator2.common.exceptions.ElementNotFoundException: Could not find an element using supplied strategy. 
05-18 09:59:43.239 E/appium  (21114): 	at io.appium.uiautomator2.handler.FindElement.getXPathUiObject(FindElement.java:80)
05-18 09:59:43.239 E/appium  (21114): 	at io.appium.uiautomator2.handler.FindElement.findElement(FindElement.java:153)
05-18 09:59:43.239 E/appium  (21114): 	at io.appium.uiautomator2.handler.FindElement.safeHandle(FindElement.java:102)
05-18 09:59:43.239 E/appium  (21114): 	at io.appium.uiautomator2.handler.request.SafeRequestHandler.handle(SafeRequestHandler.java:56)
05-18 09:59:43.239 E/appium  (21114): 	at io.appium.uiautomator2.server.AppiumServlet.handleRequest(AppiumServlet.java:202)
05-18 09:59:43.239 E/appium  (21114): 	at io.appium.uiautomator2.server.AppiumServlet.handleHttpRequest(AppiumServlet.java:193)
05-18 09:59:43.239 E/appium  (21114): 	at io.appium.uiautomator2.http.ServerHandler.channelRead(ServerHandler.java:44)
05-18 09:59:43.239 E/appium  (21114): 	at io.netty.channel.AbstractChannelHandlerContext.invokeChannelRead(AbstractChannelHandlerContext.java:366)
05-18 09:59:43.239 E/appium  (21114): 	at io.netty.channel.AbstractChannelHandlerContext.invokeChannelRead(AbstractChannelHandlerContext.java:352)
05-18 09:59:43.239 E/appium  (21114): 	at io.netty.channel.AbstractChannelHandlerContext.fireChannelRead(AbstractChannelHandlerContext.java:345)
