05-19 14:14:52.414 E/AccessibilityNodeInfoCache( 6275): Disconneced node: android.view.accessibility.AccessibilityNodeInfo@36aec; boundsInParent: Rect(0, 0 - 352, 36); boundsInScreen: Rect(40, 1059 - 392, 1095); packageName: com.boco.sc.mobileom; className: android.widget.TextView; text: 完成时限:2017-05-16 14:43:27; contentDescription: null; viewIdResName: com.boco.sc.mobileom:id/mobileom_ws_list_item_limit_time; checkable: false; checked: false; focusable: false; focused: false; selected: false; clickable: false; longClickable: false; enabled: true; password: false; scrollable: false; [ACTION_SELECT, ACTION_CLEAR_SELECTION, ACTION_ACCESSIBILITY_FOCUS, ACTION_NEXT_AT_MOVEMENT_GRANULARITY, ACTION_PREVIOUS_AT_MOVEMENT_GRANULARITY, ACTION_SET_SELECTION]
05-19 14:14:52.414 E/AccessibilityNodeInfoCache( 6275): Disconneced node: android.view.accessibility.AccessibilityNodeInfo@36ead; boundsInParent: Rect(0, 0 - 90, 40); boundsInScreen: Rect(800, 1023 - 890, 1063); packageName: com.boco.sc.mobileom; className: android.widget.RelativeLayout; text: null; contentDescription: null; viewIdResName: null; checkable: false; checked: false; focusable: false; focused: false; selected: false; clickable: false; longClickable: false; enabled: true; password: false; scrollable: false; [ACTION_SELECT, ACTION_CLEAR_SELECTION, ACTION_ACCESSIBILITY_FOCUS]
05-19 14:14:52.414 E/AccessibilityNodeInfoCache( 6275): Disconneced node: android.view.accessibility.AccessibilityNodeInfo@3726e; boundsInParent: Rect(0, 0 - 162, 36); boundsInScreen: Rect(40, 1095 - 202, 1131); packageName: com.boco.sc.mobileom; className: android.widget.TextView; text: 告警清除时间:; contentDescription: null; viewIdResName: com.boco.sc.mobileom:id/mobileom_ws_list_gd_alarmcleartime; checkable: false; checked: false; focusable: false; focused: false; selected: false; clickable: false; longClickable: false; enabled: true; password: false; scrollable: false; [ACTION_SELECT, ACTION_CLEAR_SELECTION, ACTION_ACCESSIBILITY_FOCUS, ACTION_NEXT_AT_MOVEMENT_GRANULARITY, ACTION_PREVIOUS_AT_MOVEMENT_GRANULARITY, ACTION_SET_SELECTION]
05-19 14:14:52.414 E/AccessibilityNodeInfoCache( 6275): Disconneced node: android.view.accessibility.AccessibilityNodeInfo@3762f; boundsInParent: Rect(0, 0 - 0, 36); boundsInScreen: Rect(40, 1131 - 40, 1167); packageName: com.boco.sc.mobileom; className: android.widget.TextView; text: null; contentDescription: null; viewIdResName: com.boco.sc.mobileom:id/mobileom_ws_list_gd_curr_node; checkable: false; checked: false; focusable: false; focused: false; selected: false; clickable: false; longClickable: false; enabled: true; password: false; scrollable: false; [ACTION_SELECT, ACTION_CLEAR_SELECTION, ACTION_ACCESSIBILITY_FOCUS]
05-19 14:14:52.414 E/AccessibilityNodeInfoCache( 6275): Disconneced node: android.view.accessibility.AccessibilityNodeInfo@379f0; boundsInParent: Rect(0, 0 - 40, 40); boundsInScreen: Rect(800, 1023 - 840, 1063); packageName: com.boco.sc.mobileom; className: android.widget.ImageView; text: null; contentDescription: null; viewIdResName: com.boco.sc.mobileom:id/mobileom_ws_list_item_state; checkable: false; checked: false; focusable: false; focused: false; selected: false; clickable: false; longClickable: false; enabled: true; password: false; scrollable: false; [ACTION_SELECT, ACTION_CLEAR_SELECTION, ACTION_ACCESSIBILITY_FOCUS]
05-19 14:14:52.414 E/AccessibilityNodeInfoCache( 6275): Disconneced node: android.view.accessibility.AccessibilityNodeInfo@37db1; boundsInParent: Rect(0, 0 - 40, 40); boundsInScreen: Rect(804, 1023 - 844, 1063); packageName: com.boco.sc.mobileom; className: android.widget.ImageView; text: null; contentDescription: null; viewIdResName: com.boco.sc.mobileom:id/mobileom_ws_list_item_hjcsstate; checkable: false; checked: false; focusable: false; focused: false; selected: false; clickable: false; longClickable: false; enabled: true; password: false; scrollable: false; [ACTION_SELECT, ACTION_CLEAR_SELECTION, ACTION_ACCESSIBILITY_FOCUS]
05-19 14:14:52.414 E/AccessibilityNodeInfoCache( 6275): Disconneced node: android.view.accessibility.AccessibilityNodeInfo@32b1b; boundsInParent: Rect(0, 0 - 900, 244); boundsInScreen: Rect(0, 927 - 900, 1171); packageName: com.boco.sc.mobileom; className: android.widget.RelativeLayout; text: null; contentDescription: null; viewIdResName: null; checkable: false; checked: false; focusable: false; focused: false; selected: false; clickable: true; longClickable: true; enabled: true; password: false; scrollable: false; [ACTION_SELECT, ACTION_CLEAR_SELECTION, ACTION_CLICK, ACTION_LONG_CLICK, ACTION_ACCESSIBILITY_FOCUS]
05-19 14:14:52.414 E/AccessibilityNodeInfoCache( 6275): Disconneced node: android.view.accessibility.AccessibilityNodeInfo@350a5; boundsInParent: Rect(0, 0 - 448, 41); boundsInScreen: Rect(40, 927 - 488, 968); packageName: com.boco.sc.mobileom; className: android.widget.RelativeLayout; text: null; contentDescription: null; viewIdResName: com.boco.sc.mobileom:id/mobileom_ws_list_item_sffd1; checkable: false; checked: false; focusable: false; focused: false; selected: false; clickable: false; longClickable: false; enabled: true; password: false; scrollable: false; [ACTION_SELECT, ACTION_CLEAR_SELECTION, ACTION_ACCESSIBILITY_FOCUS]
05-19 14:14:52.414 E/AccessibilityNodeInfoCache( 6275): Disconneced node: android.view.accessibility.AccessibilityNodeInfo@35466; boundsInParent: Rect(0, 0 - 850, 199); boundsInScreen: Rect(40, 968 - 890, 1167); packageName: com.boco.sc.mobileom; className: android.widget.RelativeLayout; text: null; contentDescription: null; viewIdResName: null; checkable: false; checked: false; focusable: false; focused: false; selected: false; clickable: false; longClickable: false; enabled: true; password: false; scrollable: false; [ACTION_SELECT, ACTION_CLEAR_SELECTION, ACTION_ACCESSIBILITY_FOCUS]
05-19 14:14:52.414 E/AccessibilityNodeInfoCache( 6275): Disconneced node: android.view.accessibility.AccessibilityNodeInfo@35827; boundsInParent: Rect(0, 0 - 64, 64); boundsInScreen: Rect(826, 1017 - 890, 1081); packageName: com.boco.sc.mobileom; className: android.widget.ImageView; text: null; contentDescription: 跳转详细; viewIdResName: com.boco.sc.mobileom:id/mobileom_ws_list_item_goto; checkable: false; checked: false; focusable: false; focused: false; selected: false; clickable: false; longClickable: false; enabled: true; password: false; scrollable: false; [ACTION_SELECT, ACTION_CLEAR_SELECTION, ACTION_ACCESSIBILITY_FOCUS, ACTION_NEXT_AT_MOVEMENT_GRANULARITY, ACTION_PREVIOUS_AT_MOVEMENT_GRANULARITY, ACTION_SET_SELECTION]
05-19 14:14:52.414 E/AccessibilityNodeInfoCache( 6275): Disconneced node: android.view.accessibility.AccessibilityNodeInfo@35be8; boundsInParent: Rect(0, 0 - 40, 40); boundsInScreen: Rect(40, 927 - 80, 967); packageName: com.boco.sc.mobileom; className: android.widget.ImageView; text: null; contentDescription: null; viewIdResName: com.boco.sc.mobileom:id/mobileom_ws_list_item_sffd; checkable: false; checked: false; focusable: false; focused: false; selected: false; clickable: false; longClickable: false; enabled: true; password: false; scrollable: false; [ACTION_SELECT, ACTION_CLEAR_SELECTION, ACTION_ACCESSIBILITY_FOCUS]
05-19 14:14:52.414 E/AccessibilityNodeInfoCache( 6275): Disconneced node: android.view.accessibility.AccessibilityNodeInfo@35fa9; boundsInParent: Rect(0, 0 - 408, 41); boundsInScreen: Rect(80, 927 - 488, 968); packageName: com.boco.sc.mobileom; className: android.widget.TextView; text: SC-051-170515-00005T2处理; contentDescription: null; viewIdResName: com.boco.sc.mobileom:id/mobileom_ws_list_item_sheet_id; checkable: false; checked: false; focusable: false; focused: false; selected: false; clickable: false; longClickable: false; enabled: true; password: false; scrollable: false; [ACTION_SELECT, ACTION_CLEAR_SELECTION, ACTION_ACCESSIBILITY_FOCUS, ACTION_NEXT_AT_MOVEMENT_GRANULARITY, ACTION_PREVIOUS_AT_MOVEMENT_GRANULARITY, ACTION_SET_SELECTION]
05-19 14:14:52.414 E/AccessibilityNodeInfoCache( 6275): Disconneced node: android.view.accessibility.AccessibilityNodeInfo@3636a; boundsInParent: Rect(0, 0 - 830, 55); boundsInScreen: Rect(40, 968 - 870, 1023); packageName: com.boco.sc.mobileom; className: android.widget.TextView; text: [传输]四川省成都市(州)：72-93-胜利-验收(3-EG2-1)上报LOS告警；对端故障网元76-69-龙泉牛王坡上报脱管告警(链)(动环停电问题)(两网跨专业); contentDescription: null; viewIdResName: com.boco.sc.mobileom:id/mobileom_ws_list_item_title; checkable: false; checked: false; focusable: false; focused: false; selected: false; clickable: false; longClickable: false; enabled: true; password: false; scrollable: false; [ACTION_SELECT, ACTION_CLEAR_SELECTION, ACTION_ACCESSIBILITY_FOCUS, ACTION_NEXT_AT_MOVEMENT_GRANULARITY, ACTION_PREVIOUS_AT_MOVEMENT_GRANULARITY, ACTION_SET_SELECTION]
05-19 14:14:52.414 E/AccessibilityNodeInfoCache( 6275): Disconneced node: android.view.accessibility.AccessibilityNodeInfo@3672b; boundsInParent: Rect(0, 0 - 352, 36); boundsInScreen: Rect(40, 1023 - 392, 1059); packageName: com.boco.sc.mobileom; className: android.widget.TextView; text: 派单时间:2017-05-15 14:43:27; contentDescription: null; viewIdResName: com.boco.sc.mobileom:id/mobileom_ws_list_item_send_time; checkable: false; checked: false; focusable: false; focused: false; selected: false; clickable: false; longClickable: false; enabled: true; password: false; scrollable: false; [ACTION_SELECT, ACTION_CLEAR_SELECTION, ACTION_ACCESSIBILITY_FOCUS, ACTION_NEXT_AT_MOVEMENT_GRANULARITY, ACTION_PREVIOUS_AT_MOVEMENT_GRANULARITY, ACTION_SET_SELECTION]
05-19 14:14:52.414 E/AccessibilityNodeInfoCache( 6275): Disconneced node: android.view.accessibility.AccessibilityNodeInfo@36aec; boundsInParent: Rect(0, 0 - 352, 36); boundsInScreen: Rect(40, 1059 - 392, 1095); packageName: com.boco.sc.mobileom; className: android.widget.TextView; text: 完成时限:2017-05-16 14:43:27; contentDescription: null; viewIdResName: com.boco.sc.mobileom:id/mobileom_ws_list_item_limit_time; checkable: false; checked: false; focusable: false; focused: false; selected: false; clickable: false; longClickable: false; enabled: true; password: false; scrollable: false; [ACTION_SELECT, ACTION_CLEAR_SELECTION, ACTION_ACCESSIBILITY_FOCUS, ACTION_NEXT_AT_MOVEMENT_GRANULARITY, ACTION_PREVIOUS_AT_MOVEMENT_GRANULARITY, ACTION_SET_SELECTION]
05-19 14:14:52.414 E/AccessibilityNodeInfoCache( 6275): Disconneced node: android.view.accessibility.AccessibilityNodeInfo@36ead; boundsInParent: Rect(0, 0 - 90, 40); boundsInScreen: Rect(800, 1023 - 890, 1063); packageName: com.boco.sc.mobileom; className: android.widget.RelativeLayout; text: null; contentDescription: null; viewIdResName: null; checkable: false; checked: false; focusable: false; focused: false; selected: false; clickable: false; longClickable: false; enabled: true; password: false; scrollable: false; [ACTION_SELECT, ACTION_CLEAR_SELECTION, ACTION_ACCESSIBILITY_FOCUS]
05-19 14:14:52.414 E/AccessibilityNodeInfoCache( 6275): Disconneced node: android.view.accessibility.AccessibilityNodeInfo@3726e; boundsInParent: Rect(0, 0 - 162, 36); boundsInScreen: Rect(40, 1095 - 202, 1131); packageName: com.boco.sc.mobileom; className: android.widget.TextView; text: 告警清除时间:; contentDescription: null; viewIdResName: com.boco.sc.mobileom:id/mobileom_ws_list_gd_alarmcleartime; checkable: false; checked: false; focusable: false; focused: false; selected: false; clickable: false; longClickable: false; enabled: true; password: false; scrollable: false; [ACTION_SELECT, ACTION_CLEAR_SELECTION, ACTION_ACCESSIBILITY_FOCUS, ACTION_NEXT_AT_MOVEMENT_GRANULARITY, ACTION_PREVIOUS_AT_MOVEMENT_GRANULARITY, ACTION_SET_SELECTION]
05-19 14:14:52.414 E/AccessibilityNodeInfoCache( 6275): Disconneced node: android.view.accessibility.AccessibilityNodeInfo@3762f; boundsInParent: Rect(0, 0 - 0, 36); boundsInScreen: Rect(40, 1131 - 40, 1167); packageName: com.boco.sc.mobileom; className: android.widget.TextView; text: null; contentDescription: null; viewIdResName: com.boco.sc.mobileom:id/mobileom_ws_list_gd_curr_node; checkable: false; checked: false; focusable: false; focused: false; selected: false; clickable: false; longClickable: false; enabled: true; password: false; scrollable: false; [ACTION_SELECT, ACTION_CLEAR_SELECTION, ACTION_ACCESSIBILITY_FOCUS]
05-19 14:14:52.414 E/AccessibilityNodeInfoCache( 6275): Disconneced node: android.view.accessibility.AccessibilityNodeInfo@379f0; boundsInParent: Rect(0, 0 - 40, 40); boundsInScreen: Rect(800, 1023 - 840, 1063); packageName: com.boco.sc.mobileom; className: android.widget.ImageView; text: null; contentDescription: null; viewIdResName: com.boco.sc.mobileom:id/mobileom_ws_list_item_state; checkable: false; checked: false; focusable: false; focused: false; selected: false; clickable: false; longClickable: false; enabled: true; password: false; scrollable: false; [ACTION_SELECT, ACTION_CLEAR_SELECTION, ACTION_ACCESSIBILITY_FOCUS]
05-19 14:14:52.414 E/AccessibilityNodeInfoCache( 6275): Disconneced node: android.view.accessibility.AccessibilityNodeInfo@37db1; boundsInParent: Rect(0, 0 - 40, 40); boundsInScreen: Rect(804, 1023 - 844, 1063); packageName: com.boco.sc.mobileom; className: android.widget.ImageView; text: null; contentDescription: null; viewIdResName: com.boco.sc.mobileom:id/mobileom_ws_list_item_hjcsstate; checkable: false; checked: false; focusable: false; focused: false; selected: false; clickable: false; longClickable: false; enabled: true; password: false; scrollable: false; [ACTION_SELECT, ACTION_CLEAR_SELECTION, ACTION_ACCESSIBILITY_FOCUS]
05-19 14:14:59.304 E/AndroidRuntime( 6304): FATAL EXCEPTION: main
05-19 14:14:59.304 E/AndroidRuntime( 6304): Process: com.boco.sc.mobileom, PID: 6304
05-19 14:14:59.304 E/AndroidRuntime( 6304): java.lang.ClassCastException: android.text.SpannableString cannot be cast to java.lang.String
05-19 14:14:59.304 E/AndroidRuntime( 6304): 	at com.boco.sc.mobileom.base.BaseActivity.openTimeWheelView(BaseActivity.java:556)
05-19 14:14:59.304 E/AndroidRuntime( 6304): 	at com.boco.sc.mobileom.base.BaseActivity$13.onClick(BaseActivity.java:909)
05-19 14:14:59.304 E/AndroidRuntime( 6304): 	at android.view.View.performClick(View.java:4438)
05-19 14:14:59.304 E/AndroidRuntime( 6304): 	at android.view.View$PerformClick.run(View.java:18422)
05-19 14:14:59.304 E/AndroidRuntime( 6304): 	at android.os.Handler.handleCallback(Handler.java:733)
05-19 14:14:59.304 E/AndroidRuntime( 6304): 	at android.os.Handler.dispatchMessage(Handler.java:95)
05-19 14:14:59.304 E/AndroidRuntime( 6304): 	at android.os.Looper.loop(Looper.java:136)
05-19 14:14:59.304 E/AndroidRuntime( 6304): 	at android.app.ActivityThread.main(ActivityThread.java:5019)
05-19 14:14:59.304 E/AndroidRuntime( 6304): 	at java.lang.reflect.Method.invokeNative(Native Method)
05-19 14:14:59.304 E/AndroidRuntime( 6304): 	at java.lang.reflect.Method.invoke(Method.java:515)
05-19 14:14:59.304 E/AndroidRuntime( 6304): 	at com.android.internal.os.ZygoteInit$MethodAndArgsCaller.run(ZygoteInit.java:779)
05-19 14:14:59.304 E/AndroidRuntime( 6304): 	at com.android.internal.os.ZygoteInit.main(ZygoteInit.java:595)
05-19 14:14:59.304 E/AndroidRuntime( 6304): 	at dalvik.system.NativeStart.main(Native Method)
05-19 14:15:52.284 E/GCM     (  727): Missing checkin config file
05-19 14:15:52.344 E/Herrevad(  881): [331] RemoteReportsRefreshChimeraService.a: want to send authenticated request, but no Google account on device
05-19 14:15:57.204 E/InputDispatcher(  479): channel '4aa91368 com.boco.sc.mobileom/com.boco.sc.mobileom.worksheet.search.activity.Comm_WSDetail (server)' ~ Channel is unrecoverably broken and will be disposed!
05-19 14:15:57.264 E/VMSG    ( 6377): RegisterNatives OnUserCommand1
05-19 14:15:57.694 E/baidumapsdk( 6377): Authentication Error errorcode: 230 uid: -1 appid -1 msg: APP Scode码校验失败
05-19 14:16:00.894 E/cutils-trace( 6401): Error opening trace file: No such file or directory (2)
05-19 14:16:05.074 E/memtrack( 6407): Couldn't load memtrack module (No such file or directory)
05-19 14:16:05.074 E/android.os.Debug( 6407): failed to load memtrack module: -2
05-19 14:16:05.094 E/cutils-trace( 6407): Error opening trace file: No such file or directory (2)
05-19 14:16:06.004 E/memtrack( 6419): Couldn't load memtrack module (No such file or directory)
05-19 14:16:06.004 E/android.os.Debug( 6419): failed to load memtrack module: -2
05-19 14:16:06.054 E/cutils-trace( 6419): Error opening trace file: No such file or directory (2)
05-19 14:16:06.074 E/VMSG    ( 6431): RegisterNatives OnUserCommand1
05-19 14:16:06.344 E/baidumapsdk( 6431): Authentication Error errorcode: 230 uid: -1 appid -1 msg: APP Scode码校验失败
05-19 14:16:06.844 E/memtrack( 6455): Couldn't load memtrack module (No such file or directory)
05-19 14:16:06.844 E/android.os.Debug( 6455): failed to load memtrack module: -2
05-19 14:16:06.864 E/cutils-trace( 6455): Error opening trace file: No such file or directory (2)
05-19 14:16:08.034 E/memtrack( 6471): Couldn't load memtrack module (No such file or directory)
05-19 14:16:08.034 E/android.os.Debug( 6471): failed to load memtrack module: -2
05-19 14:16:08.054 E/cutils-trace( 6471): Error opening trace file: No such file or directory (2)
05-19 14:16:09.504 E/memtrack( 6487): Couldn't load memtrack module (No such file or directory)
05-19 14:16:09.504 E/android.os.Debug( 6487): failed to load memtrack module: -2
05-19 14:16:09.524 E/cutils-trace( 6487): Error opening trace file: No such file or directory (2)
05-19 14:16:10.174 E/memtrack( 6499): Couldn't load memtrack module (No such file or directory)
05-19 14:16:10.174 E/android.os.Debug( 6499): failed to load memtrack module: -2
05-19 14:16:10.194 E/cutils-trace( 6499): Error opening trace file: No such file or directory (2)
05-19 14:16:10.994 E/memtrack( 6511): Couldn't load memtrack module (No such file or directory)
05-19 14:16:10.994 E/android.os.Debug( 6511): failed to load memtrack module: -2
05-19 14:16:11.004 E/cutils-trace( 6511): Error opening trace file: No such file or directory (2)
05-19 14:16:11.924 E/memtrack( 6523): Couldn't load memtrack module (No such file or directory)
05-19 14:16:11.924 E/android.os.Debug( 6523): failed to load memtrack module: -2
05-19 14:16:11.934 E/cutils-trace( 6523): Error opening trace file: No such file or directory (2)
05-19 14:16:12.644 E/memtrack( 6535): Couldn't load memtrack module (No such file or directory)
05-19 14:16:12.654 E/android.os.Debug( 6535): failed to load memtrack module: -2
05-19 14:16:12.674 E/cutils-trace( 6535): Error opening trace file: No such file or directory (2)
05-19 14:16:13.704 E/memtrack( 6551): Couldn't load memtrack module (No such file or directory)
05-19 14:16:13.704 E/android.os.Debug( 6551): failed to load memtrack module: -2
05-19 14:16:13.724 E/cutils-trace( 6551): Error opening trace file: No such file or directory (2)
05-19 14:16:14.374 E/memtrack( 6563): Couldn't load memtrack module (No such file or directory)
05-19 14:16:14.374 E/android.os.Debug( 6563): failed to load memtrack module: -2
05-19 14:16:14.394 E/cutils-trace( 6563): Error opening trace file: No such file or directory (2)
05-19 14:16:15.194 E/memtrack( 6577): Couldn't load memtrack module (No such file or directory)
05-19 14:16:15.194 E/android.os.Debug( 6577): failed to load memtrack module: -2
05-19 14:16:15.214 E/cutils-trace( 6577): Error opening trace file: No such file or directory (2)
05-19 14:16:16.414 E/memtrack( 6595): Couldn't load memtrack module (No such file or directory)
05-19 14:16:16.414 E/android.os.Debug( 6595): failed to load memtrack module: -2
05-19 14:16:16.434 E/cutils-trace( 6595): Error opening trace file: No such file or directory (2)
05-19 14:16:17.084 E/memtrack( 6607): Couldn't load memtrack module (No such file or directory)
05-19 14:16:17.084 E/android.os.Debug( 6607): failed to load memtrack module: -2
05-19 14:16:17.114 E/cutils-trace( 6607): Error opening trace file: No such file or directory (2)
05-19 14:16:17.764 E/memtrack( 6619): Couldn't load memtrack module (No such file or directory)
05-19 14:16:17.764 E/android.os.Debug( 6619): failed to load memtrack module: -2
05-19 14:16:17.794 E/cutils-trace( 6619): Error opening trace file: No such file or directory (2)
05-19 14:16:21.254 E/memtrack( 6649): Couldn't load memtrack module (No such file or directory)
05-19 14:16:21.254 E/android.os.Debug( 6649): failed to load memtrack module: -2
05-19 14:16:22.124 E/memtrack( 6666): Couldn't load memtrack module (No such file or directory)
05-19 14:16:22.124 E/android.os.Debug( 6666): failed to load memtrack module: -2
05-19 14:16:22.464 E/QueryController( 6649): Got null root node from accessibility - Retrying...
05-19 14:16:22.694 E/VMSG    ( 6680): RegisterNatives OnUserCommand1
05-19 14:16:22.714 E/QueryController( 6649): Got null root node from accessibility - Retrying...
05-19 14:16:23.044 E/baidumapsdk( 6680): Authentication Error errorcode: 230 uid: -1 appid -1 msg: APP Scode码校验失败
05-19 14:16:23.044 E/cutils-trace( 6666): Error opening trace file: No such file or directory (2)
05-19 14:16:25.214 E/cutils-trace( 6649): Error opening trace file: No such file or directory (2)
05-19 14:16:27.254 E/memtrack( 6708): Couldn't load memtrack module (No such file or directory)
05-19 14:16:27.254 E/android.os.Debug( 6708): failed to load memtrack module: -2
05-19 14:16:28.144 E/cutils-trace( 6708): Error opening trace file: No such file or directory (2)
05-19 14:16:34.064 E/memtrack( 6722): Couldn't load memtrack module (No such file or directory)
05-19 14:16:34.064 E/android.os.Debug( 6722): failed to load memtrack module: -2
05-19 14:16:35.034 E/cutils-trace( 6722): Error opening trace file: No such file or directory (2)
05-19 14:17:28.914 E/CheckinTask(  881): Checkin failed: https://android.clients.google.com/checkin (request #0): java.net.SocketTimeoutException: failed to connect to android.clients.google.com/64.233.189.113 (port 443) after 120000ms: isConnected failed: ETIMEDOUT (Connection timed out)
05-19 14:18:19.854 E/cutils-trace( 6757): Error opening trace file: No such file or directory (2)
05-19 14:19:51.304 E/ActivityThread(  881): Failed to find provider info for com.google.android.wearable.settings
05-19 14:19:51.464 E/Drm     (  171): Failed to open plugin directory /vendor/lib/mediadrm
05-19 14:19:51.494 E/GCM     (  727): Missing checkin config file
05-19 14:19:51.504 E/GCM     (  727): Missing checkin config file
05-19 14:19:52.084 E/GCM     (  727): Missing checkin config file
05-19 14:19:52.084 E/GCM     (  727): Missing checkin config file
05-19 14:19:54.984 E/cutils-trace( 6785): Error opening trace file: No such file or directory (2)
05-19 14:19:58.594 E/cutils-trace( 6794): Error opening trace file: No such file or directory (2)
05-19 14:20:01.304 E/memtrack( 6800): Couldn't load memtrack module (No such file or directory)
05-19 14:20:01.304 E/android.os.Debug( 6800): failed to load memtrack module: -2
05-19 14:20:01.374 E/cutils-trace( 6800): Error opening trace file: No such file or directory (2)
05-19 14:20:02.314 E/memtrack( 6823): Couldn't load memtrack module (No such file or directory)
05-19 14:20:02.314 E/android.os.Debug( 6823): failed to load memtrack module: -2
05-19 14:20:02.404 E/cutils-trace( 6823): Error opening trace file: No such file or directory (2)
05-19 14:20:02.914 E/QueryController( 6649): Got null root node from accessibility - Retrying...
05-19 14:20:03.254 E/QueryController( 6649): Got null root node from accessibility - Retrying...
05-19 14:20:05.474 E/memtrack( 6853): Couldn't load memtrack module (No such file or directory)
05-19 14:20:05.484 E/android.os.Debug( 6853): failed to load memtrack module: -2
05-19 14:20:05.514 E/cutils-trace( 6853): Error opening trace file: No such file or directory (2)
05-19 14:20:05.514 E/AccessibilityNodeInfoCache( 6649): Duplicate input focus: android.view.accessibility.AccessibilityNodeInfo@7c33; boundsInParent: Rect(0, 0 - 900, 1294); boundsInScreen: Rect(0, 146 - 900, 1440); packageName: com.android.settings; className: android.widget.ListView; text: null; contentDescription: null; viewIdResName: android:id/list; checkable: false; checked: false; focusable: true; focused: true; selected: false; clickable: true; longClickable: false; enabled: true; password: false; scrollable: false; [ACTION_CLEAR_FOCUS, ACTION_SELECT, ACTION_CLEAR_SELECTION, ACTION_CLICK, ACTION_ACCESSIBILITY_FOCUS]
05-19 14:20:08.194 E/memtrack( 6867): Couldn't load memtrack module (No such file or directory)
05-19 14:20:08.194 E/android.os.Debug( 6867): failed to load memtrack module: -2
05-19 14:20:08.224 E/cutils-trace( 6867): Error opening trace file: No such file or directory (2)
05-19 14:20:10.914 E/memtrack( 6879): Couldn't load memtrack module (No such file or directory)
05-19 14:20:10.914 E/android.os.Debug( 6879): failed to load memtrack module: -2
05-19 14:20:10.944 E/cutils-trace( 6879): Error opening trace file: No such file or directory (2)
05-19 14:20:13.774 E/memtrack( 6893): Couldn't load memtrack module (No such file or directory)
05-19 14:20:13.774 E/android.os.Debug( 6893): failed to load memtrack module: -2
05-19 14:20:13.804 E/cutils-trace( 6893): Error opening trace file: No such file or directory (2)
05-19 14:20:13.854 E/dalvikvm( 6905): Could not find class 'javax.net.ssl.SNIHostName', referenced from method com.google.android.gms.org.conscrypt.Platform.getSSLParameters
05-19 14:20:13.854 E/dalvikvm( 6905): Could not find class 'javax.net.ssl.SNIServerName', referenced from method com.google.android.gms.org.conscrypt.Platform.setSSLParameters
05-19 14:20:13.864 E/dalvikvm( 6905): Could not find class 'com.google.android.gms.org.conscrypt.OpenSSLExtendedSessionImpl', referenced from method com.google.android.gms.org.conscrypt.Platform.wrapSSLSession
05-19 14:20:13.874 E/dalvikvm( 6905): Could not find class 'com.google.android.gms.org.conscrypt.OpenSSLExtendedSessionImpl', referenced from method com.google.android.gms.org.conscrypt.SSLParametersImpl.getSessionToReuse
05-19 14:20:13.924 E/local_gps(  163): Can't send RMC command
05-19 14:20:13.964 E/BluetoothInputDevice( 6835): Could not bind to Bluetooth HID Service with Intent { act=android.bluetooth.IBluetoothInputDevice }
05-19 14:20:13.964 E/BluetoothPan( 6835): Could not bind to Bluetooth Pan Service with Intent { act=android.bluetooth.IBluetoothPan }
05-19 14:20:13.964 E/BluetoothMap( 6835): Could not bind to Bluetooth MAP Service with Intent { act=android.bluetooth.IBluetoothMap }
05-19 14:20:13.964 E/BluetoothPbap( 6835): Could not bind to Bluetooth Pbap Service with Intent { act=android.bluetooth.IBluetoothPbap }
05-19 14:20:14.084 E/GCoreUlr(  693): Bad errorId configuring silent feedback
