--------- beginning of /dev/log/system
05-18 16:52:09.691 E/NetdConnector(  341): Communications error: java.io.IOException: Connection refused
05-18 16:52:09.721 E/NetdConnector(  341): Error in NativeDaemonConnector: java.io.IOException: Connection refused
05-18 16:52:14.801 E/ConnectivityService(  341): Ignoring protectedNetwork 10
05-18 16:52:14.801 E/ConnectivityService(  341): Ignoring protectedNetwork 11
05-18 16:52:14.801 E/ConnectivityService(  341): Ignoring protectedNetwork 12
05-18 16:52:14.801 E/ConnectivityService(  341): Ignoring protectedNetwork 14
05-18 16:52:14.801 E/MobileDataStateTracker(  341): default: Ignoring feature request because could not acquire PhoneService
05-18 16:52:14.801 E/MobileDataStateTracker(  341): default: Could not enable APN type "default"
05-18 16:52:16.821 E/NetdConnector(  341): NDC Command {1 bandwidth enable} took too long (1786ms)
05-18 16:52:16.831 E/NetdConnector(  341): NDC Command {2 softap fwreload eth1 STA} took too long (1523ms)
05-18 16:52:17.771 E/LocationManagerService(  341): no geocoder provider found
05-18 16:52:17.771 E/LocationManagerService(  341): No FusedProvider found.
05-18 16:52:17.771 E/LocationManagerService(  341): no geofence provider found
05-18 16:52:22.051 E/ConnectivityService(  341): Unexpected mtu value: android.net.wifi.WifiStateTracker@4a8cad00
05-18 16:52:28.991 E/RemotePrintSpooler(  341): Error removing obsolete print jobs .
05-18 16:52:28.991 E/RemotePrintSpooler(  341): java.util.concurrent.TimeoutException: Cannot get spooler!
05-18 16:52:28.991 E/RemotePrintSpooler(  341): 	at com.android.server.print.RemotePrintSpooler.bindLocked(RemotePrintSpooler.java:376)
05-18 16:52:28.991 E/RemotePrintSpooler(  341): 	at com.android.server.print.RemotePrintSpooler.getRemoteInstanceLazy(RemotePrintSpooler.java:352)
05-18 16:52:28.991 E/RemotePrintSpooler(  341): 	at com.android.server.print.RemotePrintSpooler.removeObsoletePrintJobs(RemotePrintSpooler.java:287)
05-18 16:52:28.991 E/RemotePrintSpooler(  341): 	at com.android.server.print.UserState.removeObsoletePrintJobs(UserState.java:163)
05-18 16:52:28.991 E/RemotePrintSpooler(  341): 	at com.android.server.print.PrintManagerService$1.run(PrintManagerService.java:94)
05-18 16:52:28.991 E/RemotePrintSpooler(  341): 	at android.os.Handler.handleCallback(Handler.java:733)
05-18 16:52:28.991 E/RemotePrintSpooler(  341): 	at android.os.Handler.dispatchMessage(Handler.java:95)
05-18 16:52:28.991 E/RemotePrintSpooler(  341): 	at android.os.Looper.loop(Looper.java:136)
05-18 16:52:28.991 E/RemotePrintSpooler(  341): 	at android.os.HandlerThread.run(HandlerThread.java:61)
05-18 16:52:29.361 E/local_gps(  159): Can't send RMC command
05-18 16:52:48.831 E/ActivityThread(  956): Failed to find provider info for com.google.android.wearable.settings
--------- beginning of /dev/log/main
05-18 16:55:48.481 E/GPSManager( 2745): Location changed : Lat: 40.00125 Lng: 105.56358166666665
05-18 16:55:49.011 E/cutils-trace( 2837): Error opening trace file: No such file or directory (2)
05-18 16:55:49.261 E/appium  ( 2079): Exception while handling action in: io.appium.uiautomator2.handler.Clear
05-18 16:55:49.261 E/appium  ( 2079): java.lang.NullPointerException
05-18 16:55:49.261 E/appium  ( 2079): 	at android.support.test.uiautomator.UiObject2.setText(UiObject2.java:601)
05-18 16:55:49.261 E/appium  ( 2079): 	at android.support.test.uiautomator.UiObject2.clear(UiObject2.java:338)
05-18 16:55:49.261 E/appium  ( 2079): 	at io.appium.uiautomator2.model.UiObject2Element.clear(UiObject2Element.java:138)
05-18 16:55:49.261 E/appium  ( 2079): 	at io.appium.uiautomator2.handler.Clear.safeHandle(Clear.java:51)
05-18 16:55:49.261 E/appium  ( 2079): 	at io.appium.uiautomator2.handler.request.SafeRequestHandler.handle(SafeRequestHandler.java:56)
05-18 16:55:49.261 E/appium  ( 2079): 	at io.appium.uiautomator2.handler.SendKeysToElement.safeHandle(SendKeysToElement.java:73)
05-18 16:55:49.261 E/appium  ( 2079): 	at io.appium.uiautomator2.handler.request.SafeRequestHandler.handle(SafeRequestHandler.java:56)
05-18 16:55:49.261 E/appium  ( 2079): 	at io.appium.uiautomator2.server.AppiumServlet.handleRequest(AppiumServlet.java:202)
05-18 16:55:49.261 E/appium  ( 2079): 	at io.appium.uiautomator2.server.AppiumServlet.handleHttpRequest(AppiumServlet.java:193)
05-18 16:55:49.261 E/appium  ( 2079): 	at io.appium.uiautomator2.http.ServerHandler.channelRead(ServerHandler.java:44)
05-18 16:55:49.261 E/appium  ( 2079): 	at io.netty.channel.AbstractChannelHandlerContext.invokeChannelRead(AbstractChannelHandlerContext.java:366)
05-18 16:55:49.261 E/appium  ( 2079): 	at io.netty.channel.AbstractChannelHandlerContext.invokeChannelRead(AbstractChannelHandlerContext.java:352)
05-18 16:55:49.261 E/appium  ( 2079): 	at io.netty.channel.AbstractChannelHandlerContext.fireChannelRead(AbstractChannelHandlerContext.java:345)
05-18 16:55:49.261 E/appium  ( 2079): 	at io.netty.handler.codec.MessageToMessageDecoder.channelRead(MessageToMessageDecoder.java:102)
05-18 16:55:49.261 E/appium  ( 2079): 	at io.netty.channel.AbstractChannelHandlerContext.invokeChannelRead(AbstractChannelHandlerContext.java:366)
05-18 16:55:49.261 E/appium  ( 2079): 	at io.netty.channel.AbstractChannelHandlerContext.invokeChannelRead(AbstractChannelHandlerContext.java:352)
05-18 16:55:49.261 E/appium  ( 2079): 	at io.netty.channel.AbstractChannelHandlerContext.fireChannelRead(AbstractChannelHandlerContext.java:345)
05-18 16:55:49.261 E/appium  ( 2079): 	at io.netty.channel.CombinedChannelDuplexHandler$DelegatingChannelHandlerContext.fireChannelRead(CombinedChannelDuplexHandler.java:435)
05-18 16:55:49.261 E/appium  ( 2079): 	at io.netty.handler.codec.ByteToMessageDecoder.fireChannelRead(ByteToMessageDecoder.java:293)
05-18 16:55:49.261 E/appium  ( 2079): 	at io.netty.handler.codec.ByteToMessageDecoder.channelRead(ByteToMessageDecoder.java:267)
05-18 16:55:49.261 E/appium  ( 2079): 	at io.netty.channel.CombinedChannelDuplexHandler.channelRead(CombinedChannelDuplexHandler.java:250)
05-18 16:55:49.261 E/appium  ( 2079): 	at io.netty.channel.AbstractChannelHandlerContext.invokeChannelRead(AbstractChannelHandlerContext.java:366)
05-18 16:55:49.261 E/appium  ( 2079): 	at io.netty.channel.AbstractChannelHandlerContext.invokeChannelRead(AbstractChannelHandlerContext.java:352)
05-18 16:55:49.261 E/appium  ( 2079): 	at io.netty.channel.AbstractChannelHandlerContext.fireChannelRead(AbstractChannelHandlerContext.java:345)
05-18 16:55:49.261 E/appium  ( 2079): 	at io.netty.channel.DefaultChannelPipeline$HeadContext.channelRead(DefaultChannelPipeline.java:1294)
05-18 16:55:49.261 E/appium  ( 2079): 	at io.netty.channel.AbstractChannelHandlerContext.invokeChannelRead(AbstractChannelHandlerContext.java:366)
05-18 16:55:49.261 E/appium  ( 2079): 	at io.netty.channel.AbstractChannelHandlerContext.invokeChannelRead(AbstractChannelHandlerContext.java:352)
05-18 16:55:49.261 E/appium  ( 2079): 	at io.netty.channel.DefaultChannelPipeline.fireChannelRead(DefaultChannelPipeline.java:911)
05-18 16:55:49.261 E/appium  ( 2079): 	at io.netty.channel.nio.AbstractNioByteChannel$NioByteUnsafe.read(AbstractNioByteChannel.java:131)
05-18 16:55:49.261 E/appium  ( 2079): 	at io.netty.channel.nio.NioEventLoop.processSelectedKey(NioEventLoop.java:611)
05-18 16:55:49.261 E/appium  ( 2079): 	at io.netty.channel.nio.NioEventLoop.processSelectedKeysPlain(NioEventLoop.java:514)
05-18 16:55:49.261 E/appium  ( 2079): 	at io.netty.channel.nio.NioEventLoop.processSelectedKeys(NioEventLoop.java:468)
05-18 16:55:49.261 E/appium  ( 2079): 	at io.netty.channel.nio.NioEventLoop.run(NioEventLoop.java:438)
05-18 16:55:49.261 E/appium  ( 2079): 	at io.netty.util.concurrent.SingleThreadEventExecutor$2.run(SingleThreadEventExecutor.java:140)
05-18 16:55:49.261 E/appium  ( 2079): 	at io.netty.util.concurrent.DefaultThreadFactory$DefaultRunnableDecorator.run(DefaultThreadFactory.java:144)
05-18 16:55:49.261 E/appium  ( 2079): 	at java.lang.Thread.run(Thread.java:841)
05-18 16:55:49.271 E/appium  ( 2079): Exception while handling action in: io.appium.uiautomator2.handler.SendKeysToElement
05-18 16:55:49.271 E/appium  ( 2079): java.lang.NullPointerException
05-18 16:55:49.271 E/appium  ( 2079): 	at android.support.test.uiautomator.UiObject2.setText(UiObject2.java:601)
05-18 16:55:49.271 E/appium  ( 2079): 	at io.appium.uiautomator2.model.UiObject2Element.setText(UiObject2Element.java:129)
05-18 16:55:49.271 E/appium  ( 2079): 	at io.appium.uiautomator2.handler.SendKeysToElement.safeHandle(SendKeysToElement.java:83)
05-18 16:55:49.271 E/appium  ( 2079): 	at io.appium.uiautomator2.handler.request.SafeRequestHandler.handle(SafeRequestHandler.java:56)
05-18 16:55:49.271 E/appium  ( 2079): 	at io.appium.uiautomator2.server.AppiumServlet.handleRequest(AppiumServlet.java:202)
05-18 16:55:49.271 E/appium  ( 2079): 	at io.appium.uiautomator2.server.AppiumServlet.handleHttpRequest(AppiumServlet.java:193)
05-18 16:55:49.271 E/appium  ( 2079): 	at io.appium.uiautomator2.http.ServerHandler.channelRead(ServerHandler.java:44)
05-18 16:55:49.271 E/appium  ( 2079): 	at io.netty.channel.AbstractChannelHandlerContext.invokeChannelRead(AbstractChannelHandlerContext.java:366)
05-18 16:55:49.271 E/appium  ( 2079): 	at io.netty.channel.AbstractChannelHandlerContext.invokeChannelRead(AbstractChannelHandlerContext.java:352)
05-18 16:55:49.271 E/appium  ( 2079): 	at io.netty.channel.AbstractChannelHandlerContext.fireChannelRead(AbstractChannelHandlerContext.java:345)
05-18 16:55:49.271 E/appium  ( 2079): 	at io.netty.handler.codec.MessageToMessageDecoder.channelRead(MessageToMessageDecoder.java:102)
05-18 16:55:49.271 E/appium  ( 2079): 	at io.netty.channel.AbstractChannelHandlerContext.invokeChannelRead(AbstractChannelHandlerContext.java:366)
05-18 16:55:49.271 E/appium  ( 2079): 	at io.netty.channel.AbstractChannelHandlerContext.invokeChannelRead(AbstractChannelHandlerContext.java:352)
05-18 16:55:49.271 E/appium  ( 2079): 	at io.netty.channel.AbstractChannelHandlerContext.fireChannelRead(AbstractChannelHandlerContext.java:345)
05-18 16:55:49.271 E/appium  ( 2079): 	at io.netty.channel.CombinedChannelDuplexHandler$DelegatingChannelHandlerContext.fireChannelRead(CombinedChannelDuplexHandler.java:435)
05-18 16:55:49.271 E/appium  ( 2079): 	at io.netty.handler.codec.ByteToMessageDecoder.fireChannelRead(ByteToMessageDecoder.java:293)
05-18 16:55:49.271 E/appium  ( 2079): 	at io.netty.handler.codec.ByteToMessageDecoder.channelRead(ByteToMessageDecoder.java:267)
05-18 16:55:49.271 E/appium  ( 2079): 	at io.netty.channel.CombinedChannelDuplexHandler.channelRead(CombinedChannelDuplexHandler.java:250)
05-18 16:55:49.271 E/appium  ( 2079): 	at io.netty.channel.AbstractChannelHandlerContext.invokeChannelRead(AbstractChannelHandlerContext.java:366)
05-18 16:55:49.271 E/appium  ( 2079): 	at io.netty.channel.AbstractChannelHandlerContext.invokeChannelRead(AbstractChannelHandlerContext.java:352)
05-18 16:55:49.271 E/appium  ( 2079): 	at io.netty.channel.AbstractChannelHandlerContext.fireChannelRead(AbstractChannelHandlerContext.java:345)
05-18 16:55:49.271 E/appium  ( 2079): 	at io.netty.channel.DefaultChannelPipeline$HeadContext.channelRead(DefaultChannelPipeline.java:1294)
05-18 16:55:49.271 E/appium  ( 2079): 	at io.netty.channel.AbstractChannelHandlerContext.invokeChannelRead(AbstractChannelHandlerContext.java:366)
05-18 16:55:49.271 E/appium  ( 2079): 	at io.netty.channel.AbstractChannelHandlerContext.invokeChannelRead(AbstractChannelHandlerContext.java:352)
05-18 16:55:49.271 E/appium  ( 2079): 	at io.netty.channel.DefaultChannelPipeline.fireChannelRead(DefaultChannelPipeline.java:911)
05-18 16:55:49.271 E/appium  ( 2079): 	at io.netty.channel.nio.AbstractNioByteChannel$NioByteUnsafe.read(AbstractNioByteChannel.java:131)
05-18 16:55:49.271 E/appium  ( 2079): 	at io.netty.channel.nio.NioEventLoop.processSelectedKey(NioEventLoop.java:611)
05-18 16:55:49.271 E/appium  ( 2079): 	at io.netty.channel.nio.NioEventLoop.processSelectedKeysPlain(NioEventLoop.java:514)
05-18 16:55:49.271 E/appium  ( 2079): 	at io.netty.channel.nio.NioEventLoop.processSelectedKeys(NioEventLoop.java:468)
05-18 16:55:49.271 E/appium  ( 2079): 	at io.netty.channel.nio.NioEventLoop.run(NioEventLoop.java:438)
05-18 16:55:49.271 E/appium  ( 2079): 	at io.netty.util.concurrent.SingleThreadEventExecutor$2.run(SingleThreadEventExecutor.java:140)
05-18 16:55:49.271 E/appium  ( 2079): 	at io.netty.util.concurrent.DefaultThreadFactory$DefaultRunnableDecorator.run(DefaultThreadFactory.java:144)
05-18 16:55:49.271 E/appium  ( 2079): 	at java.lang.Thread.run(Thread.java:841)
05-18 16:55:49.481 E/GPSManager( 2745): Location changed : Lat: 40.00125 Lng: 105.56358166666665
05-18 16:55:50.371 E/memtrack( 2849): Couldn't load memtrack module (No such file or directory)
05-18 16:55:50.371 E/android.os.Debug( 2849): failed to load memtrack module: -2
05-18 16:55:50.421 E/JavaBinder( 2849): Unknown binder error code. 0xfffffff7
05-18 16:55:50.421 E/ServiceManager( 2849): error in getService
05-18 16:55:50.421 E/ServiceManager( 2849): android.os.RemoteException: Unknown binder error code. 0xfffffff7
05-18 16:55:50.421 E/ServiceManager( 2849): 	at android.os.BinderProxy.transact(Native Method)
05-18 16:55:50.421 E/ServiceManager( 2849): 	at android.os.ServiceManagerProxy.getService(ServiceManagerNative.java:123)
05-18 16:55:50.421 E/ServiceManager( 2849): 	at android.os.ServiceManager.getService(ServiceManager.java:55)
05-18 16:55:50.421 E/ServiceManager( 2849): 	at android.app.ActivityManagerNative$1.create(ActivityManagerNative.java:2042)
05-18 16:55:50.421 E/ServiceManager( 2849): 	at android.app.ActivityManagerNative$1.create(ActivityManagerNative.java:2040)
05-18 16:55:50.421 E/ServiceManager( 2849): 	at android.util.Singleton.get(Singleton.java:34)
05-18 16:55:50.421 E/ServiceManager( 2849): 	at android.app.ActivityManagerNative.getDefault(ActivityManagerNative.java:76)
05-18 16:55:50.421 E/ServiceManager( 2849): 	at com.android.internal.os.RuntimeInit$UncaughtHandler.uncaughtException(RuntimeInit.java:86)
05-18 16:55:50.421 E/ServiceManager( 2849): 	at java.lang.ThreadGroup.uncaughtException(ThreadGroup.java:693)
05-18 16:55:50.421 E/ServiceManager( 2849): 	at java.lang.ThreadGroup.uncaughtException(ThreadGroup.java:690)
05-18 16:55:50.421 E/ServiceManager( 2849): 	at dalvik.system.NativeStart.main(Native Method)
05-18 16:55:50.421 E/AndroidRuntime( 2849): *** FATAL EXCEPTION IN SYSTEM PROCESS: main
05-18 16:55:50.421 E/AndroidRuntime( 2849): java.lang.NullPointerException
05-18 16:55:50.421 E/AndroidRuntime( 2849): 	at com.android.commands.input.Input.sendText(Input.java:173)
05-18 16:55:50.421 E/AndroidRuntime( 2849): 	at com.android.commands.input.Input.run(Input.java:82)
05-18 16:55:50.421 E/AndroidRuntime( 2849): 	at com.android.commands.input.Input.main(Input.java:59)
05-18 16:55:50.421 E/AndroidRuntime( 2849): 	at com.android.internal.os.RuntimeInit.nativeFinishInit(Native Method)
05-18 16:55:50.421 E/AndroidRuntime( 2849): 	at com.android.internal.os.RuntimeInit.main(RuntimeInit.java:258)
05-18 16:55:50.421 E/AndroidRuntime( 2849): 	at dalvik.system.NativeStart.main(Native Method)
05-18 16:55:50.421 E/AndroidRuntime( 2849): Error reporting crash
05-18 16:55:50.421 E/AndroidRuntime( 2849): java.lang.NullPointerException
05-18 16:55:50.421 E/AndroidRuntime( 2849): 	at com.android.internal.os.RuntimeInit$UncaughtHandler.uncaughtException(RuntimeInit.java:86)
05-18 16:55:50.421 E/AndroidRuntime( 2849): 	at java.lang.ThreadGroup.uncaughtException(ThreadGroup.java:693)
05-18 16:55:50.421 E/AndroidRuntime( 2849): 	at java.lang.ThreadGroup.uncaughtException(ThreadGroup.java:690)
05-18 16:55:50.421 E/AndroidRuntime( 2849): 	at dalvik.system.NativeStart.main(Native Method)
05-18 16:55:50.481 E/GPSManager( 2745): Location changed : Lat: 40.00125 Lng: 105.56358166666665
05-18 16:55:51.421 E/memtrack( 2861): Couldn't load memtrack module (No such file or directory)
05-18 16:55:51.421 E/android.os.Debug( 2861): failed to load memtrack module: -2
05-18 16:55:51.481 E/GPSManager( 2745): Location changed : Lat: 40.00125 Lng: 105.56358166666665
05-18 16:55:52.481 E/GPSManager( 2745): Location changed : Lat: 40.00125 Lng: 105.56358166666665
05-18 16:55:52.861 E/cutils-trace( 2861): Error opening trace file: No such file or directory (2)
05-18 16:55:53.131 E/appium  ( 2079): Exception while handling action in: io.appium.uiautomator2.handler.Clear
05-18 16:55:53.131 E/appium  ( 2079): java.lang.NullPointerException
05-18 16:55:53.131 E/appium  ( 2079): 	at android.support.test.uiautomator.UiObject2.setText(UiObject2.java:601)
05-18 16:55:53.131 E/appium  ( 2079): 	at android.support.test.uiautomator.UiObject2.clear(UiObject2.java:338)
05-18 16:55:53.131 E/appium  ( 2079): 	at io.appium.uiautomator2.model.UiObject2Element.clear(UiObject2Element.java:138)
05-18 16:55:53.131 E/appium  ( 2079): 	at io.appium.uiautomator2.handler.Clear.safeHandle(Clear.java:51)
05-18 16:55:53.131 E/appium  ( 2079): 	at io.appium.uiautomator2.handler.request.SafeRequestHandler.handle(SafeRequestHandler.java:56)
05-18 16:55:53.131 E/appium  ( 2079): 	at io.appium.uiautomator2.handler.SendKeysToElement.safeHandle(SendKeysToElement.java:73)
05-18 16:55:53.131 E/appium  ( 2079): 	at io.appium.uiautomator2.handler.request.SafeRequestHandler.handle(SafeRequestHandler.java:56)
05-18 16:55:53.131 E/appium  ( 2079): 	at io.appium.uiautomator2.server.AppiumServlet.handleRequest(AppiumServlet.java:202)
05-18 16:55:53.131 E/appium  ( 2079): 	at io.appium.uiautomator2.server.AppiumServlet.handleHttpRequest(AppiumServlet.java:193)
05-18 16:55:53.131 E/appium  ( 2079): 	at io.appium.uiautomator2.http.ServerHandler.channelRead(ServerHandler.java:44)
05-18 16:55:53.131 E/appium  ( 2079): 	at io.netty.channel.AbstractChannelHandlerContext.invokeChannelRead(AbstractChannelHandlerContext.java:366)
05-18 16:55:53.131 E/appium  ( 2079): 	at io.netty.channel.AbstractChannelHandlerContext.invokeChannelRead(AbstractChannelHandlerContext.java:352)
05-18 16:55:53.131 E/appium  ( 2079): 	at io.netty.channel.AbstractChannelHandlerContext.fireChannelRead(AbstractChannelHandlerContext.java:345)
05-18 16:55:53.131 E/appium  ( 2079): 	at io.netty.handler.codec.MessageToMessageDecoder.channelRead(MessageToMessageDecoder.java:102)
05-18 16:55:53.131 E/appium  ( 2079): 	at io.netty.channel.AbstractChannelHandlerContext.invokeChannelRead(AbstractChannelHandlerContext.java:366)
05-18 16:55:53.131 E/appium  ( 2079): 	at io.netty.channel.AbstractChannelHandlerContext.invokeChannelRead(AbstractChannelHandlerContext.java:352)
05-18 16:55:53.131 E/appium  ( 2079): 	at io.netty.channel.AbstractChannelHandlerContext.fireChannelRead(AbstractChannelHandlerContext.java:345)
05-18 16:55:53.131 E/appium  ( 2079): 	at io.netty.channel.CombinedChannelDuplexHandler$DelegatingChannelHandlerContext.fireChannelRead(CombinedChannelDuplexHandler.java:435)
05-18 16:55:53.131 E/appium  ( 2079): 	at io.netty.handler.codec.ByteToMessageDecoder.fireChannelRead(ByteToMessageDecoder.java:293)
05-18 16:55:53.131 E/appium  ( 2079): 	at io.netty.handler.codec.ByteToMessageDecoder.channelRead(ByteToMessageDecoder.java:267)
05-18 16:55:53.131 E/appium  ( 2079): 	at io.netty.channel.CombinedChannelDuplexHandler.channelRead(CombinedChannelDuplexHandler.java:250)
05-18 16:55:53.131 E/appium  ( 2079): 	at io.netty.channel.AbstractChannelHandlerContext.invokeChannelRead(AbstractChannelHandlerContext.java:366)
05-18 16:55:53.131 E/appium  ( 2079): 	at io.netty.channel.AbstractChannelHandlerContext.invokeChannelRead(AbstractChannelHandlerContext.java:352)
05-18 16:55:53.131 E/appium  ( 2079): 	at io.netty.channel.AbstractChannelHandlerContext.fireChannelRead(AbstractChannelHandlerContext.java:345)
05-18 16:55:53.131 E/appium  ( 2079): 	at io.netty.channel.DefaultChannelPipeline$HeadContext.channelRead(DefaultChannelPipeline.java:1294)
05-18 16:55:53.131 E/appium  ( 2079): 	at io.netty.channel.AbstractChannelHandlerContext.invokeChannelRead(AbstractChannelHandlerContext.java:366)
05-18 16:55:53.131 E/appium  ( 2079): 	at io.netty.channel.AbstractChannelHandlerContext.invokeChannelRead(AbstractChannelHandlerContext.java:352)
05-18 16:55:53.131 E/appium  ( 2079): 	at io.netty.channel.DefaultChannelPipeline.fireChannelRead(DefaultChannelPipeline.java:911)
05-18 16:55:53.131 E/appium  ( 2079): 	at io.netty.channel.nio.AbstractNioByteChannel$NioByteUnsafe.read(AbstractNioByteChannel.java:131)
05-18 16:55:53.131 E/appium  ( 2079): 	at io.netty.channel.nio.NioEventLoop.processSelectedKey(NioEventLoop.java:611)
05-18 16:55:53.131 E/appium  ( 2079): 	at io.netty.channel.nio.NioEventLoop.processSelectedKeysPlain(NioEventLoop.java:514)
05-18 16:55:53.131 E/appium  ( 2079): 	at io.netty.channel.nio.NioEventLoop.processSelectedKeys(NioEventLoop.java:468)
05-18 16:55:53.131 E/appium  ( 2079): 	at io.netty.channel.nio.NioEventLoop.run(NioEventLoop.java:438)
05-18 16:55:53.131 E/appium  ( 2079): 	at io.netty.util.concurrent.SingleThreadEventExecutor$2.run(SingleThreadEventExecutor.java:140)
05-18 16:55:53.131 E/appium  ( 2079): 	at io.netty.util.concurrent.DefaultThreadFactory$DefaultRunnableDecorator.run(DefaultThreadFactory.java:144)
05-18 16:55:53.131 E/appium  ( 2079): 	at java.lang.Thread.run(Thread.java:841)
05-18 16:55:53.131 E/appium  ( 2079): Exception while handling action in: io.appium.uiautomator2.handler.SendKeysToElement
05-18 16:55:53.131 E/appium  ( 2079): java.lang.NullPointerException
05-18 16:55:53.131 E/appium  ( 2079): 	at android.support.test.uiautomator.UiObject2.setText(UiObject2.java:601)
05-18 16:55:53.131 E/appium  ( 2079): 	at io.appium.uiautomator2.model.UiObject2Element.setText(UiObject2Element.java:129)
05-18 16:55:53.131 E/appium  ( 2079): 	at io.appium.uiautomator2.handler.SendKeysToElement.safeHandle(SendKeysToElement.java:83)
05-18 16:55:53.131 E/appium  ( 2079): 	at io.appium.uiautomator2.handler.request.SafeRequestHandler.handle(SafeRequestHandler.java:56)
05-18 16:55:53.131 E/appium  ( 2079): 	at io.appium.uiautomator2.server.AppiumServlet.handleRequest(AppiumServlet.java:202)
05-18 16:55:53.131 E/appium  ( 2079): 	at io.appium.uiautomator2.server.AppiumServlet.handleHttpRequest(AppiumServlet.java:193)
05-18 16:55:53.131 E/appium  ( 2079): 	at io.appium.uiautomator2.http.ServerHandler.channelRead(ServerHandler.java:44)
05-18 16:55:53.131 E/appium  ( 2079): 	at io.netty.channel.AbstractChannelHandlerContext.invokeChannelRead(AbstractChannelHandlerContext.java:366)
05-18 16:55:53.131 E/appium  ( 2079): 	at io.netty.channel.AbstractChannelHandlerContext.invokeChannelRead(AbstractChannelHandlerContext.java:352)
05-18 16:55:53.131 E/appium  ( 2079): 	at io.netty.channel.AbstractChannelHandlerContext.fireChannelRead(AbstractChannelHandlerContext.java:345)
05-18 16:55:53.131 E/appium  ( 2079): 	at io.netty.handler.codec.MessageToMessageDecoder.channelRead(MessageToMessageDecoder.java:102)
05-18 16:55:53.131 E/appium  ( 2079): 	at io.netty.channel.AbstractChannelHandlerContext.invokeChannelRead(AbstractChannelHandlerContext.java:366)
05-18 16:55:53.131 E/appium  ( 2079): 	at io.netty.channel.AbstractChannelHandlerContext.invokeChannelRead(AbstractChannelHandlerContext.java:352)
05-18 16:55:53.131 E/appium  ( 2079): 	at io.netty.channel.AbstractChannelHandlerContext.fireChannelRead(AbstractChannelHandlerContext.java:345)
05-18 16:55:53.131 E/appium  ( 2079): 	at io.netty.channel.CombinedChannelDuplexHandler$DelegatingChannelHandlerContext.fireChannelRead(CombinedChannelDuplexHandler.java:435)
05-18 16:55:53.131 E/appium  ( 2079): 	at io.netty.handler.codec.ByteToMessageDecoder.fireChannelRead(ByteToMessageDecoder.java:293)
05-18 16:55:53.131 E/appium  ( 2079): 	at io.netty.handler.codec.ByteToMessageDecoder.channelRead(ByteToMessageDecoder.java:267)
05-18 16:55:53.131 E/appium  ( 2079): 	at io.netty.channel.CombinedChannelDuplexHandler.channelRead(CombinedChannelDuplexHandler.java:250)
05-18 16:55:53.131 E/appium  ( 2079): 	at io.netty.channel.AbstractChannelHandlerContext.invokeChannelRead(AbstractChannelHandlerContext.java:366)
05-18 16:55:53.131 E/appium  ( 2079): 	at io.netty.channel.AbstractChannelHandlerContext.invokeChannelRead(AbstractChannelHandlerContext.java:352)
05-18 16:55:53.131 E/appium  ( 2079): 	at io.netty.channel.AbstractChannelHandlerContext.fireChannelRead(AbstractChannelHandlerContext.java:345)
05-18 16:55:53.131 E/appium  ( 2079): 	at io.netty.channel.DefaultChannelPipeline$HeadContext.channelRead(DefaultChannelPipeline.java:1294)
05-18 16:55:53.131 E/appium  ( 2079): 	at io.netty.channel.AbstractChannelHandlerContext.invokeChannelRead(AbstractChannelHandlerContext.java:366)
05-18 16:55:53.131 E/appium  ( 2079): 	at io.netty.channel.AbstractChannelHandlerContext.invokeChannelRead(AbstractChannelHandlerContext.java:352)
05-18 16:55:53.131 E/appium  ( 2079): 	at io.netty.channel.DefaultChannelPipeline.fireChannelRead(DefaultChannelPipeline.java:911)
05-18 16:55:53.131 E/appium  ( 2079): 	at io.netty.channel.nio.AbstractNioByteChannel$NioByteUnsafe.read(AbstractNioByteChannel.java:131)
05-18 16:55:53.131 E/appium  ( 2079): 	at io.netty.channel.nio.NioEventLoop.processSelectedKey(NioEventLoop.java:611)
05-18 16:55:53.131 E/appium  ( 2079): 	at io.netty.channel.nio.NioEventLoop.processSelectedKeysPlain(NioEventLoop.java:514)
05-18 16:55:53.131 E/appium  ( 2079): 	at io.netty.channel.nio.NioEventLoop.processSelectedKeys(NioEventLoop.java:468)
05-18 16:55:53.131 E/appium  ( 2079): 	at io.netty.channel.nio.NioEventLoop.run(NioEventLoop.java:438)
05-18 16:55:53.131 E/appium  ( 2079): 	at io.netty.util.concurrent.SingleThreadEventExecutor$2.run(SingleThreadEventExecutor.java:140)
05-18 16:55:53.131 E/appium  ( 2079): 	at io.netty.util.concurrent.DefaultThreadFactory$DefaultRunnableDecorator.run(DefaultThreadFactory.java:144)
05-18 16:55:53.131 E/appium  ( 2079): 	at java.lang.Thread.run(Thread.java:841)
05-18 16:55:53.491 E/GPSManager( 2745): Location changed : Lat: 40.00125 Lng: 105.56358166666665
05-18 16:55:54.191 E/memtrack( 2873): Couldn't load memtrack module (No such file or directory)
05-18 16:55:54.191 E/android.os.Debug( 2873): failed to load memtrack module: -2
05-18 16:55:54.231 E/JavaBinder( 2873): Unknown binder error code. 0xfffffff7
05-18 16:55:54.231 E/ServiceManager( 2873): error in getService
05-18 16:55:54.231 E/ServiceManager( 2873): android.os.RemoteException: Unknown binder error code. 0xfffffff7
05-18 16:55:54.231 E/ServiceManager( 2873): 	at android.os.BinderProxy.transact(Native Method)
05-18 16:55:54.231 E/ServiceManager( 2873): 	at android.os.ServiceManagerProxy.getService(ServiceManagerNative.java:123)
05-18 16:55:54.231 E/ServiceManager( 2873): 	at android.os.ServiceManager.getService(ServiceManager.java:55)
05-18 16:55:54.231 E/ServiceManager( 2873): 	at android.app.ActivityManagerNative$1.create(ActivityManagerNative.java:2042)
05-18 16:55:54.231 E/ServiceManager( 2873): 	at android.app.ActivityManagerNative$1.create(ActivityManagerNative.java:2040)
05-18 16:55:54.231 E/ServiceManager( 2873): 	at android.util.Singleton.get(Singleton.java:34)
05-18 16:55:54.231 E/ServiceManager( 2873): 	at android.app.ActivityManagerNative.getDefault(ActivityManagerNative.java:76)
05-18 16:55:54.231 E/ServiceManager( 2873): 	at com.android.internal.os.RuntimeInit$UncaughtHandler.uncaughtException(RuntimeInit.java:86)
05-18 16:55:54.231 E/ServiceManager( 2873): 	at java.lang.ThreadGroup.uncaughtException(ThreadGroup.java:693)
05-18 16:55:54.231 E/ServiceManager( 2873): 	at java.lang.ThreadGroup.uncaughtException(ThreadGroup.java:690)
05-18 16:55:54.231 E/ServiceManager( 2873): 	at dalvik.system.NativeStart.main(Native Method)
05-18 16:55:54.231 E/AndroidRuntime( 2873): *** FATAL EXCEPTION IN SYSTEM PROCESS: main
05-18 16:55:54.231 E/AndroidRuntime( 2873): java.lang.NullPointerException
05-18 16:55:54.231 E/AndroidRuntime( 2873): 	at com.android.commands.input.Input.sendText(Input.java:173)
05-18 16:55:54.231 E/AndroidRuntime( 2873): 	at com.android.commands.input.Input.run(Input.java:82)
05-18 16:55:54.231 E/AndroidRuntime( 2873): 	at com.android.commands.input.Input.main(Input.java:59)
05-18 16:55:54.231 E/AndroidRuntime( 2873): 	at com.android.internal.os.RuntimeInit.nativeFinishInit(Native Method)
05-18 16:55:54.231 E/AndroidRuntime( 2873): 	at com.android.internal.os.RuntimeInit.main(RuntimeInit.java:258)
05-18 16:55:54.231 E/AndroidRuntime( 2873): 	at dalvik.system.NativeStart.main(Native Method)
05-18 16:55:54.241 E/AndroidRuntime( 2873): Error reporting crash
05-18 16:55:54.241 E/AndroidRuntime( 2873): java.lang.NullPointerException
05-18 16:55:54.241 E/AndroidRuntime( 2873): 	at com.android.internal.os.RuntimeInit$UncaughtHandler.uncaughtException(RuntimeInit.java:86)
05-18 16:55:54.241 E/AndroidRuntime( 2873): 	at java.lang.ThreadGroup.uncaughtException(ThreadGroup.java:693)
05-18 16:55:54.241 E/AndroidRuntime( 2873): 	at java.lang.ThreadGroup.uncaughtException(ThreadGroup.java:690)
05-18 16:55:54.241 E/AndroidRuntime( 2873): 	at dalvik.system.NativeStart.main(Native Method)
05-18 16:55:54.491 E/GPSManager( 2745): Location changed : Lat: 40.00125 Lng: 105.56358166666665
05-18 16:55:55.551 E/GPSManager( 2745): Location changed : Lat: 40.00125 Lng: 105.56358166666665
05-18 16:55:56.511 E/GPSManager( 2745): Location changed : Lat: 40.00125 Lng: 105.56358166666665
05-18 16:55:57.511 E/GPSManager( 2745): Location changed : Lat: 40.00125 Lng: 105.56358166666665
05-18 16:55:58.521 E/GPSManager( 2745): Location changed : Lat: 40.00125 Lng: 105.56358166666665
05-18 16:55:59.521 E/GPSManager( 2745): Location changed : Lat: 40.00125 Lng: 105.56358166666665
05-18 16:56:00.521 E/GPSManager( 2745): Location changed : Lat: 40.00125 Lng: 105.56358166666665
05-18 16:56:01.531 E/GPSManager( 2745): Location changed : Lat: 40.00125 Lng: 105.56358166666665
05-18 16:56:02.541 E/GPSManager( 2745): Location changed : Lat: 40.00125 Lng: 105.56358166666665
05-18 16:56:03.531 E/GPSManager( 2745): Location changed : Lat: 40.00125 Lng: 105.56358166666665
05-18 16:56:04.591 E/GPSManager( 2745): Location changed : Lat: 40.00125 Lng: 105.56358166666665
05-18 16:56:05.221 E/GCM     (  731): Missing checkin config file
05-18 16:56:05.231 E/GCM     (  731): Missing checkin config file
05-18 16:56:05.541 E/GPSManager( 2745): Location changed : Lat: 40.00125 Lng: 105.56358166666665
05-18 16:56:05.971 E/GCM     (  731): Missing checkin config file
05-18 16:56:05.981 E/GCM     (  731): Missing checkin config file
05-18 16:56:06.641 E/GPSManager( 2745): Location changed : Lat: 40.00125 Lng: 105.56358166666665
05-18 16:56:07.571 E/GPSManager( 2745): Location changed : Lat: 40.00125 Lng: 105.56358166666665
05-18 16:56:08.561 E/GPSManager( 2745): Location changed : Lat: 40.00125 Lng: 105.56358166666665
05-18 16:56:09.571 E/GPSManager( 2745): Location changed : Lat: 40.00125 Lng: 105.56358166666665
05-18 16:56:10.591 E/GPSManager( 2745): Location changed : Lat: 40.00125 Lng: 105.56358166666665
05-18 16:56:11.591 E/GPSManager( 2745): Location changed : Lat: 40.00125 Lng: 105.56358166666665
05-18 16:56:12.581 E/GPSManager( 2745): Location changed : Lat: 40.00125 Lng: 105.56358166666665
05-18 16:56:13.691 E/GPSManager( 2745): Location changed : Lat: 40.00125 Lng: 105.56358166666665
05-18 16:56:14.581 E/GPSManager( 2745): Location changed : Lat: 40.00125 Lng: 105.56358166666665
05-18 16:56:15.581 E/GPSManager( 2745): Location changed : Lat: 40.00125 Lng: 105.56358166666665
05-18 16:56:16.581 E/GPSManager( 2745): Location changed : Lat: 40.00125 Lng: 105.56358166666665
05-18 16:56:17.591 E/GPSManager( 2745): Location changed : Lat: 40.00125 Lng: 105.56358166666665
05-18 16:56:18.601 E/GPSManager( 2745): Location changed : Lat: 40.00125 Lng: 105.56358166666665
05-18 16:56:19.611 E/GPSManager( 2745): Location changed : Lat: 40.00125 Lng: 105.56358166666665
05-18 16:56:20.601 E/GPSManager( 2745): Location changed : Lat: 40.00125 Lng: 105.56358166666665
05-18 16:56:21.621 E/GPSManager( 2745): Location changed : Lat: 40.00125 Lng: 105.56358166666665
05-18 16:56:22.611 E/GPSManager( 2745): Location changed : Lat: 40.00125 Lng: 105.56358166666665
05-18 16:56:23.631 E/GPSManager( 2745): Location changed : Lat: 40.00125 Lng: 105.56358166666665
05-18 16:56:24.621 E/GPSManager( 2745): Location changed : Lat: 40.00125 Lng: 105.56358166666665
05-18 16:56:25.661 E/GPSManager( 2745): Location changed : Lat: 40.00125 Lng: 105.56358166666665
05-18 16:56:26.621 E/GPSManager( 2745): Location changed : Lat: 40.00125 Lng: 105.56358166666665
05-18 16:56:27.081 E/memtrack( 2910): Couldn't load memtrack module (No such file or directory)
05-18 16:56:27.081 E/android.os.Debug( 2910): failed to load memtrack module: -2
05-18 16:56:27.141 E/cutils-trace( 2910): Error opening trace file: No such file or directory (2)
05-18 16:56:27.191 E/InputDispatcher(  341): channel '4aa23914 com.boco.apphall/com.boco.apphall.home.MainActivity (server)' ~ Channel is unrecoverably broken and will be disposed!
05-18 16:56:27.191 E/Cataloger( 1301): syncFile:/storage/emulated/0/Android/data/com.boco.apphall/cache/uil-images/journal
05-18 16:56:27.191 E/Cataloger( 1301): need not sync path:/storage/emulated/0/Android/data/com.boco.apphall/cache/uil-images/journal
05-18 16:56:27.651 E/GPSManager( 2745): Location changed : Lat: 40.00125 Lng: 105.56358166666665
05-18 16:56:28.631 E/GPSManager( 2745): Location changed : Lat: 40.00125 Lng: 105.56358166666665
05-18 16:56:29.631 E/GPSManager( 2745): Location changed : Lat: 40.00125 Lng: 105.56358166666665
05-18 16:56:30.651 E/GPSManager( 2745): Location changed : Lat: 40.00125 Lng: 105.56358166666665
05-18 16:56:31.671 E/GPSManager( 2745): Location changed : Lat: 40.00125 Lng: 105.56358166666665
05-18 16:56:32.681 E/GPSManager( 2745): Location changed : Lat: 40.00125 Lng: 105.56358166666665
05-18 16:56:33.671 E/GPSManager( 2745): Location changed : Lat: 40.00125 Lng: 105.56358166666665
05-18 16:56:34.671 E/GPSManager( 2745): Location changed : Lat: 40.00125 Lng: 105.56358166666665
05-18 16:56:35.681 E/GPSManager( 2745): Location changed : Lat: 40.00125 Lng: 105.56358166666665
05-18 16:56:36.691 E/GPSManager( 2745): Location changed : Lat: 40.00125 Lng: 105.56358166666665
05-18 16:56:37.691 E/GPSManager( 2745): Location changed : Lat: 40.00125 Lng: 105.56358166666665
05-18 16:56:38.711 E/GPSManager( 2745): Location changed : Lat: 40.00125 Lng: 105.56358166666665
05-18 16:56:39.701 E/GPSManager( 2745): Location changed : Lat: 40.00125 Lng: 105.56358166666665
05-18 16:56:40.701 E/GPSManager( 2745): Location changed : Lat: 40.00125 Lng: 105.56358166666665
05-18 16:56:41.711 E/GPSManager( 2745): Location changed : Lat: 40.00125 Lng: 105.56358166666665
05-18 16:56:42.701 E/GPSManager( 2745): Location changed : Lat: 40.00125 Lng: 105.56358166666665
05-18 16:56:43.111 E/cutils-trace( 2029): Error opening trace file: No such file or directory (2)
05-18 16:56:43.311 E/memtrack( 2925): Couldn't load memtrack module (No such file or directory)
05-18 16:56:43.311 E/android.os.Debug( 2925): failed to load memtrack module: -2
05-18 16:56:43.401 E/cutils-trace( 2925): Error opening trace file: No such file or directory (2)
05-18 16:56:43.711 E/GPSManager( 2745): Location changed : Lat: 40.00125 Lng: 105.56358166666665
05-18 16:56:44.711 E/GPSManager( 2745): Location changed : Lat: 40.00125 Lng: 105.56358166666665
05-18 16:56:45.541 E/memtrack( 2940): Couldn't load memtrack module (No such file or directory)
05-18 16:56:45.541 E/android.os.Debug( 2940): failed to load memtrack module: -2
05-18 16:56:45.591 E/cutils-trace( 2940): Error opening trace file: No such file or directory (2)
05-18 16:56:45.711 E/GPSManager( 2745): Location changed : Lat: 40.00125 Lng: 105.56358166666665
05-18 16:56:46.711 E/GPSManager( 2745): Location changed : Lat: 40.00125 Lng: 105.56358166666665
05-18 16:56:47.281 E/memtrack( 2956): Couldn't load memtrack module (No such file or directory)
05-18 16:56:47.281 E/android.os.Debug( 2956): failed to load memtrack module: -2
05-18 16:56:47.351 E/cutils-trace( 2956): Error opening trace file: No such file or directory (2)
05-18 16:56:47.711 E/GPSManager( 2745): Location changed : Lat: 40.00125 Lng: 105.56358166666665
05-18 16:56:48.721 E/GPSManager( 2745): Location changed : Lat: 40.00125 Lng: 105.56358166666665
05-18 16:56:49.721 E/GPSManager( 2745): Location changed : Lat: 40.00125 Lng: 105.56358166666665
05-18 16:56:50.631 E/memtrack( 2971): Couldn't load memtrack module (No such file or directory)
05-18 16:56:50.641 E/android.os.Debug( 2971): failed to load memtrack module: -2
05-18 16:56:50.721 E/GPSManager( 2745): Location changed : Lat: 40.00125 Lng: 105.56358166666665
05-18 16:56:50.811 E/cutils-trace( 2971): Error opening trace file: No such file or directory (2)
05-18 16:56:51.721 E/GPSManager( 2745): Location changed : Lat: 40.00125 Lng: 105.56358166666665
05-18 16:56:52.631 E/memtrack( 2983): Couldn't load memtrack module (No such file or directory)
05-18 16:56:52.631 E/android.os.Debug( 2983): failed to load memtrack module: -2
05-18 16:56:52.671 E/cutils-trace( 2983): Error opening trace file: No such file or directory (2)
05-18 16:56:52.721 E/GPSManager( 2745): Location changed : Lat: 40.00125 Lng: 105.56358166666665
05-18 16:56:53.731 E/GPSManager( 2745): Location changed : Lat: 40.00125 Lng: 105.56358166666665
05-18 16:56:54.741 E/GPSManager( 2745): Location changed : Lat: 40.00125 Lng: 105.56358166666665
05-18 16:56:55.771 E/GPSManager( 2745): Location changed : Lat: 40.00125 Lng: 105.56358166666665
05-18 16:56:56.781 E/GPSManager( 2745): Location changed : Lat: 40.00125 Lng: 105.56358166666665
05-18 16:56:57.781 E/GPSManager( 2745): Location changed : Lat: 40.00125 Lng: 105.56358166666665
05-18 16:56:58.791 E/GPSManager( 2745): Location changed : Lat: 40.00125 Lng: 105.56358166666665
05-18 16:56:59.581 E/GCM     (  731): Missing checkin config file
05-18 16:56:59.801 E/GPSManager( 2745): Location changed : Lat: 40.00125 Lng: 105.56358166666665
05-18 16:57:00.791 E/GPSManager( 2745): Location changed : Lat: 40.00125 Lng: 105.56358166666665
05-18 16:57:01.791 E/GPSManager( 2745): Location changed : Lat: 40.00125 Lng: 105.56358166666665
05-18 16:57:01.881 E/memtrack( 2998): Couldn't load memtrack module (No such file or directory)
05-18 16:57:01.881 E/android.os.Debug( 2998): failed to load memtrack module: -2
05-18 16:57:01.921 E/cutils-trace( 2998): Error opening trace file: No such file or directory (2)
05-18 16:57:02.801 E/GPSManager( 2745): Location changed : Lat: 40.00125 Lng: 105.56358166666665
05-18 16:57:03.031 E/memtrack( 3009): Couldn't load memtrack module (No such file or directory)
05-18 16:57:03.031 E/android.os.Debug( 3009): failed to load memtrack module: -2
05-18 16:57:03.081 E/cutils-trace( 3009): Error opening trace file: No such file or directory (2)
05-18 16:57:03.811 E/GPSManager( 2745): Location changed : Lat: 40.00125 Lng: 105.56358166666665
05-18 16:57:04.211 E/memtrack( 3021): Couldn't load memtrack module (No such file or directory)
05-18 16:57:04.221 E/android.os.Debug( 3021): failed to load memtrack module: -2
05-18 16:57:04.271 E/cutils-trace( 3021): Error opening trace file: No such file or directory (2)
05-18 16:57:04.811 E/GPSManager( 2745): Location changed : Lat: 40.00125 Lng: 105.56358166666665
05-18 16:57:05.771 E/memtrack( 3037): Couldn't load memtrack module (No such file or directory)
05-18 16:57:05.771 E/android.os.Debug( 3037): failed to load memtrack module: -2
05-18 16:57:05.801 E/GPSManager( 2745): Location changed : Lat: 40.00125 Lng: 105.56358166666665
05-18 16:57:05.841 E/cutils-trace( 3037): Error opening trace file: No such file or directory (2)
05-18 16:57:06.801 E/GPSManager( 2745): Location changed : Lat: 40.00125 Lng: 105.56358166666665
05-18 16:57:06.961 E/memtrack( 3049): Couldn't load memtrack module (No such file or directory)
05-18 16:57:06.961 E/android.os.Debug( 3049): failed to load memtrack module: -2
05-18 16:57:07.001 E/cutils-trace( 3049): Error opening trace file: No such file or directory (2)
05-18 16:57:07.811 E/GPSManager( 2745): Location changed : Lat: 40.00125 Lng: 105.56358166666665
05-18 16:57:08.811 E/GPSManager( 2745): Location changed : Lat: 40.00125 Lng: 105.56358166666665
05-18 16:57:09.811 E/GPSManager( 2745): Location changed : Lat: 40.00125 Lng: 105.56358166666665
05-18 16:57:10.641 E/memtrack( 3068): Couldn't load memtrack module (No such file or directory)
05-18 16:57:10.641 E/android.os.Debug( 3068): failed to load memtrack module: -2
05-18 16:57:10.691 E/cutils-trace( 3068): Error opening trace file: No such file or directory (2)
05-18 16:57:10.831 E/GPSManager( 2745): Location changed : Lat: 40.00125 Lng: 105.56358166666665
05-18 16:57:11.791 E/memtrack( 3080): Couldn't load memtrack module (No such file or directory)
05-18 16:57:11.791 E/android.os.Debug( 3080): failed to load memtrack module: -2
05-18 16:57:11.811 E/GPSManager( 2745): Location changed : Lat: 40.00125 Lng: 105.56358166666665
05-18 16:57:11.841 E/cutils-trace( 3080): Error opening trace file: No such file or directory (2)
05-18 16:57:12.821 E/GPSManager( 2745): Location changed : Lat: 40.00125 Lng: 105.56358166666665
05-18 16:57:12.941 E/memtrack( 3092): Couldn't load memtrack module (No such file or directory)
05-18 16:57:12.941 E/android.os.Debug( 3092): failed to load memtrack module: -2
05-18 16:57:13.071 E/Cataloger( 1301): 重复删除命令
05-18 16:57:13.081 E/Cataloger( 1301): 重复删除命令
05-18 16:57:13.081 E/Cataloger( 1301): 重复删除命令
05-18 16:57:13.081 E/Cataloger( 1301): 重复删除命令
05-18 16:57:13.081 E/Cataloger( 1301): 重复删除命令
05-18 16:57:13.091 E/Cataloger( 1301): 重复删除命令
05-18 16:57:13.091 E/Cataloger( 1301): 重复删除命令
05-18 16:57:13.101 E/Cataloger( 1301): 重复删除命令
05-18 16:57:13.101 E/Cataloger( 1301): 重复删除命令
05-18 16:57:13.101 E/Cataloger( 1301): 重复删除命令
05-18 16:57:13.111 E/Cataloger( 1301): 重复删除命令
05-18 16:57:13.111 E/Cataloger( 1301): 重复删除命令
05-18 16:57:13.111 E/Cataloger( 1301): 重复删除命令
05-18 16:57:13.121 E/Cataloger( 1301): 重复删除命令
05-18 16:57:13.121 E/Cataloger( 1301): 重复删除命令
05-18 16:57:13.131 E/Cataloger( 1301): 重复删除命令
05-18 16:57:13.131 E/Cataloger( 1301): 重复删除命令
05-18 16:57:13.141 E/cutils-trace( 3092): Error opening trace file: No such file or directory (2)
05-18 16:57:13.821 E/GPSManager( 2745): Location changed : Lat: 40.00125 Lng: 105.56358166666665
05-18 16:57:14.361 E/memtrack( 3115): Couldn't load memtrack module (No such file or directory)
05-18 16:57:14.361 E/android.os.Debug( 3115): failed to load memtrack module: -2
05-18 16:57:14.421 E/cutils-trace( 3115): Error opening trace file: No such file or directory (2)
05-18 16:57:14.831 E/GPSManager( 2745): Location changed : Lat: 40.00125 Lng: 105.56358166666665
05-18 16:57:15.541 E/memtrack( 3127): Couldn't load memtrack module (No such file or directory)
05-18 16:57:15.541 E/android.os.Debug( 3127): failed to load memtrack module: -2
05-18 16:57:15.591 E/cutils-trace( 3127): Error opening trace file: No such file or directory (2)
05-18 16:57:15.841 E/GPSManager( 2745): Location changed : Lat: 40.00125 Lng: 105.56358166666665
05-18 16:57:16.831 E/GPSManager( 2745): Location changed : Lat: 40.00125 Lng: 105.56358166666665
05-18 16:57:17.051 E/memtrack( 3141): Couldn't load memtrack module (No such file or directory)
05-18 16:57:17.051 E/android.os.Debug( 3141): failed to load memtrack module: -2
05-18 16:57:17.101 E/cutils-trace( 3141): Error opening trace file: No such file or directory (2)
05-18 16:57:17.841 E/GPSManager( 2745): Location changed : Lat: 40.00125 Lng: 105.56358166666665
05-18 16:57:18.031 E/memtrack( 3152): Couldn't load memtrack module (No such file or directory)
05-18 16:57:18.031 E/android.os.Debug( 3152): failed to load memtrack module: -2
05-18 16:57:18.831 E/GPSManager( 2745): Location changed : Lat: 40.00125 Lng: 105.56358166666665
05-18 16:57:19.831 E/GPSManager( 2745): Location changed : Lat: 40.00125 Lng: 105.56358166666665
05-18 16:57:20.851 E/GPSManager( 2745): Location changed : Lat: 40.00125 Lng: 105.56358166666665
05-18 16:57:21.301 E/memtrack( 3183): Couldn't load memtrack module (No such file or directory)
05-18 16:57:21.301 E/android.os.Debug( 3183): failed to load memtrack module: -2
05-18 16:57:21.851 E/GPSManager( 2745): Location changed : Lat: 40.00125 Lng: 105.56358166666665
05-18 16:57:22.811 E/Cataloger( 1301): syncFile:/storage/emulated/0/Android/data/com.boco.apphall
05-18 16:57:22.811 E/Cataloger( 1301): 创建一个目录:/storage/emulated/0/Android/data/com.boco.apphall
05-18 16:57:22.811 E/Cataloger( 1301): 扫描新建目录：/storage/emulated/0/Android/data/com.boco.apphall
05-18 16:57:22.821 E/Cataloger( 1301): syncFile:/storage/emulated/0/Android/data/com.boco.apphall/cache
05-18 16:57:22.821 E/Cataloger( 1301): 创建一个目录:/storage/emulated/0/Android/data/com.boco.apphall/cache
05-18 16:57:22.821 E/Cataloger( 1301): 扫描新建目录：/storage/emulated/0/Android/data/com.boco.apphall/cache
05-18 16:57:22.831 E/Cataloger( 1301): syncFile:/storage/emulated/0/Android/data/com.boco.apphall/cache/.nomedia
05-18 16:57:22.831 E/Cataloger( 1301): need not sync path:/storage/emulated/0/Android/data/com.boco.apphall/cache/.nomedia
05-18 16:57:22.831 E/GPSManager( 2745): Location changed : Lat: 40.00125 Lng: 105.56358166666665
05-18 16:57:22.841 E/Cataloger( 1301): syncFile:/storage/emulated/0/Android/data/com.boco.apphall/cache/.nomedia
05-18 16:57:22.841 E/Cataloger( 1301): need not sync path:/storage/emulated/0/Android/data/com.boco.apphall/cache/.nomedia
05-18 16:57:22.851 E/Cataloger( 1301): syncFile:/storage/emulated/0/Android/data/com.boco.apphall/cache/uil-images
05-18 16:57:22.851 E/Cataloger( 1301): 创建一个目录:/storage/emulated/0/Android/data/com.boco.apphall/cache/uil-images
05-18 16:57:22.851 E/Cataloger( 1301): 扫描新建目录：/storage/emulated/0/Android/data/com.boco.apphall/cache/uil-images
05-18 16:57:22.871 E/Cataloger( 1301): syncFile:/storage/emulated/0/Android/data/com.boco.apphall/cache/uil-images/journal.tmp
05-18 16:57:22.871 E/Cataloger( 1301): need not sync path:/storage/emulated/0/Android/data/com.boco.apphall/cache/uil-images/journal.tmp
05-18 16:57:22.871 E/Cataloger( 1301): syncFile:/storage/emulated/0/Android/data/com.boco.apphall/cache/uil-images/journal.tmp
05-18 16:57:22.871 E/Cataloger( 1301): need not sync path:/storage/emulated/0/Android/data/com.boco.apphall/cache/uil-images/journal.tmp
05-18 16:57:22.881 E/Cataloger( 1301): 重复删除命令
05-18 16:57:22.881 E/Cataloger( 1301): syncFile:/storage/emulated/0/Android/data/com.boco.apphall/cache/uil-images/journal
05-18 16:57:22.881 E/Cataloger( 1301): need not sync path:/storage/emulated/0/Android/data/com.boco.apphall/cache/uil-images/journal
05-18 16:57:23.451 E/cutils-trace( 3183): Error opening trace file: No such file or directory (2)
05-18 16:57:23.841 E/GPSManager( 2745): Location changed : Lat: 40.00125 Lng: 105.56358166666665
05-18 16:57:24.891 E/GPSManager( 2745): Location changed : Lat: 40.00125 Lng: 105.56358166666665
05-18 16:57:25.901 E/GPSManager( 2745): Location changed : Lat: 40.00125 Lng: 105.56358166666665
05-18 16:57:25.921 E/SQLiteDatabase( 1301): Error inserting path=/storage/emulated/0/Android/data/com.boco.apphall/ lastmodified=1495097842000 pathtype=3 _id=83 isLogPath=0 name=com.boco.apphall
05-18 16:57:25.921 E/SQLiteDatabase( 1301): android.database.sqlite.SQLiteConstraintException: column path is not unique (code 19)
05-18 16:57:25.921 E/SQLiteDatabase( 1301): 	at android.database.sqlite.SQLiteConnection.nativeExecuteForLastInsertedRowId(Native Method)
05-18 16:57:25.921 E/SQLiteDatabase( 1301): 	at android.database.sqlite.SQLiteConnection.executeForLastInsertedRowId(SQLiteConnection.java:782)
05-18 16:57:25.921 E/SQLiteDatabase( 1301): 	at android.database.sqlite.SQLiteSession.executeForLastInsertedRowId(SQLiteSession.java:788)
05-18 16:57:25.921 E/SQLiteDatabase( 1301): 	at android.database.sqlite.SQLiteStatement.executeInsert(SQLiteStatement.java:86)
05-18 16:57:25.921 E/SQLiteDatabase( 1301): 	at android.database.sqlite.SQLiteDatabase.insertWithOnConflict(SQLiteDatabase.java:1469)
05-18 16:57:25.921 E/SQLiteDatabase( 1301): 	at android.database.sqlite.SQLiteDatabase.insert(SQLiteDatabase.java:1339)
05-18 16:57:25.921 E/SQLiteDatabase( 1301): 	at com.estrongs.android.scanner.d.e.a(Unknown Source)
05-18 16:57:25.921 E/SQLiteDatabase( 1301): 	at com.estrongs.android.scanner.d.a.a(Unknown Source)
05-18 16:57:25.921 E/SQLiteDatabase( 1301): 	at com.estrongs.android.scanner.d.a.a(Unknown Source)
05-18 16:57:25.921 E/SQLiteDatabase( 1301): 	at com.estrongs.android.scanner.d.r.run(Unknown Source)
05-18 16:57:25.921 E/SQLiteDatabase( 1301): 	at java.util.concurrent.ThreadPoolExecutor.runWorker(ThreadPoolExecutor.java:1112)
05-18 16:57:25.921 E/SQLiteDatabase( 1301): 	at java.util.concurrent.ThreadPoolExecutor$Worker.run(ThreadPoolExecutor.java:587)
05-18 16:57:25.921 E/SQLiteDatabase( 1301): 	at java.lang.Thread.run(Thread.java:841)
05-18 16:57:26.921 E/GPSManager( 2745): Location changed : Lat: 40.00125 Lng: 105.56358166666665
05-18 16:57:27.931 E/GPSManager( 2745): Location changed : Lat: 40.00125 Lng: 105.56358166666665
05-18 16:57:28.921 E/GPSManager( 2745): Location changed : Lat: 40.00125 Lng: 105.56358166666665
05-18 16:57:29.921 E/GPSManager( 2745): Location changed : Lat: 40.00125 Lng: 105.56358166666665
05-18 16:57:30.921 E/GPSManager( 2745): Location changed : Lat: 40.00125 Lng: 105.56358166666665
05-18 16:57:31.931 E/GPSManager( 2745): Location changed : Lat: 40.00125 Lng: 105.56358166666665
