--------- beginning of /dev/log/system
05-18 14:13:32.292 E/NetdConnector(  371): Communications error: java.io.IOException: Connection refused
05-18 14:13:32.302 E/NetdConnector(  371): Error in NativeDaemonConnector: java.io.IOException: Connection refused
--------- beginning of /dev/log/main
05-18 14:13:32.382 E/EventHub(  371): could not get driver version for /dev/input/mouse0, Not a typewriter
05-18 14:13:32.442 E/EventHub(  371): could not get driver version for /dev/input/mice, Not a typewriter
05-18 14:13:32.562 E/EventHub(  371): could not get driver version for /dev/input/mouse1, Not a typewriter
05-18 14:13:37.352 E/ConnectivityService(  371): Ignoring protectedNetwork 10
05-18 14:13:37.352 E/ConnectivityService(  371): Ignoring protectedNetwork 11
05-18 14:13:37.352 E/ConnectivityService(  371): Ignoring protectedNetwork 12
05-18 14:13:37.352 E/ConnectivityService(  371): Ignoring protectedNetwork 14
05-18 14:13:37.362 E/MobileDataStateTracker(  371): default: Ignoring feature request because could not acquire PhoneService
05-18 14:13:37.362 E/MobileDataStateTracker(  371): default: Could not enable APN type "default"
05-18 14:13:37.582 E/libsuspend(  371): Error opening /sys/power/autosleep: No such file or directory
05-18 14:13:37.582 E/libsuspend(  371): Error opening /sys/power/wakeup_count: Permission denied
05-18 14:13:37.582 E/libsuspend(  371): failed to initialize autosuspend
05-18 14:13:37.712 E/EGL_emulation(  371): egl: destroying current context refused
05-18 14:13:38.122 E/WVMExtractor(  166): Failed to open libwvm.so
05-18 14:13:38.182 E/cutils-trace(  166): Error opening trace file: No such file or directory (2)
05-18 14:13:38.822 E/NetdConnector(  371): NDC Command {1 bandwidth enable} took too long (1236ms)
05-18 14:13:38.832 E/WifiStateMachine(  371): Failed to reload STA firmware java.lang.IllegalArgumentException: command '2 softap fwreload eth1 STA' failed with '501 2 SoftAP command has failed'
05-18 14:13:38.832 E/NetdConnector(  371): NDC Command {2 softap fwreload eth1 STA} took too long (977ms)
05-18 14:13:39.012 E/BandwidthController(  159): runIptablesCmd(): res=1 status=256 failed /system/bin/iptables -I bw_INPUT -m quota2 ! --quota 2097152 --name globalAlert
05-18 14:13:39.022 E/BandwidthController(  159): runIptablesCmd(): res=1 status=256 failed /system/bin/ip6tables -I bw_INPUT -m quota2 ! --quota 2097152 --name globalAlert
05-18 14:13:39.022 E/BandwidthController(  159): runIptablesCmd(): res=1 status=256 failed /system/bin/iptables -I bw_OUTPUT -m quota2 ! --quota 2097152 --name globalAlert
05-18 14:13:39.042 E/BandwidthController(  159): runIptablesCmd(): res=1 status=256 failed /system/bin/ip6tables -I bw_OUTPUT -m quota2 ! --quota 2097152 --name globalAlert
05-18 14:13:39.042 E/Netd    (  159): Failed to open /proc/sys/net/ipv6/conf/eth1/use_tempaddr: No such file or directory
05-18 14:13:39.042 E/WifiStateMachine(  371): Unable to change interface settings: java.lang.IllegalStateException: command '8 interface ipv6privacyextensions eth1 enable' failed with '400 8 Failed to set ipv6 privacy extensions (No such file or directory)'
05-18 14:13:39.232 E/WifiConfigStore(  371): Error parsing configurationjava.io.FileNotFoundException: /data/misc/wifi/ipconfig.txt: open failed: ENOENT (No such file or directory)
05-18 14:13:39.262 E/WifiStateMachine(  371): Failed to set country code CN
05-18 14:13:39.262 E/WifiStateMachine(  371): Failed to set frequency band 0
05-18 14:13:39.302 E/BluetoothInputDevice(  630): Could not bind to Bluetooth HID Service with Intent { act=android.bluetooth.IBluetoothInputDevice }
05-18 14:13:39.312 E/BluetoothPan(  630): Could not bind to Bluetooth Pan Service with Intent { act=android.bluetooth.IBluetoothPan }
05-18 14:13:39.312 E/BluetoothMap(  630): Could not bind to Bluetooth MAP Service with Intent { act=android.bluetooth.IBluetoothMap }
05-18 14:13:39.322 E/BluetoothPbap(  630): Could not bind to Bluetooth Pbap Service with Intent { act=android.bluetooth.IBluetoothPbap }
05-18 14:13:39.442 E/FlpHardwareProvider(  371): Error hw_get_module 'flp': -2
05-18 14:13:39.442 E/FlpHardwareProvider(  371): Error hw_get_module 'flp': -2
05-18 14:13:39.442 E/LocationManagerService(  371): no geocoder provider found
05-18 14:13:39.442 E/LocationManagerService(  371): No FusedProvider found.
05-18 14:13:39.442 E/LocationManagerService(  371): no geofence provider found
05-18 14:13:39.482 E/cutils-trace(  653): Error opening /proc/self/cmdline: Operation not permitted (1)
05-18 14:13:39.602 E/cutils-trace(  653): Error opening /proc/self/cmdline: Operation not permitted (1)
05-18 14:13:39.602 E/GpsLocationProvider(  371): no AGPS interface in set_agps_server
05-18 14:13:40.342 E/BluetoothHeadset(  678): Could not bind to Bluetooth Headset Service with Intent { act=android.bluetooth.IBluetoothHeadset }
05-18 14:13:40.412 E/WifiStateMachine(  371): Unexpected BatchedScanResults :null
05-18 14:13:40.432 E/BluetoothHeadset(  678): Could not bind to Bluetooth Headset Service with Intent { act=android.bluetooth.IBluetoothHeadset }
05-18 14:13:40.552 E/BluetoothHeadset(  678): Could not bind to Bluetooth Headset Service with Intent { act=android.bluetooth.IBluetoothHeadset }
05-18 14:13:40.552 E/BluetoothPhoneService(  678): Could not get a handle on Connection object for the call
05-18 14:13:41.092 E/SA.AnalyticsMessages(  690): Failed to get vtrack configure from SensorsAnalaytics.
05-18 14:13:41.412 E/su      (  791): unable to read int: 0
05-18 14:13:41.722 E/WifiStateMachine(  371): Failed to set country code CN
05-18 14:13:41.872 E/dalvikvm(  664): Could not find class 'javax.net.ssl.SNIHostName', referenced from method com.google.android.gms.org.conscrypt.Platform.getSSLParameters
05-18 14:13:41.872 E/dalvikvm(  664): Could not find class 'javax.net.ssl.SNIServerName', referenced from method com.google.android.gms.org.conscrypt.Platform.setSSLParameters
05-18 14:13:41.932 E/dalvikvm(  664): Could not find class 'com.google.android.gms.org.conscrypt.OpenSSLExtendedSessionImpl', referenced from method com.google.android.gms.org.conscrypt.Platform.wrapSSLSession
05-18 14:13:42.212 E/dalvikvm(  664): Could not find class 'com.google.android.gms.org.conscrypt.OpenSSLExtendedSessionImpl', referenced from method com.google.android.gms.org.conscrypt.SSLParametersImpl.getSessionToReuse
05-18 14:13:42.382 E/WifiStateMachine(  371): Failed to set country code CN
05-18 14:13:43.202 E/TelephonyProvider(  678): Failed setting numeric '460075' to the current operator
05-18 14:13:43.262 E/ConnectivityService(  371): Unexpected mtu value: android.net.wifi.WifiStateTracker@4a8cd764
05-18 14:13:43.702 E/BandwidthController(  159): Updating quota globalAlert failed (No such file or directory)
05-18 14:13:44.242 E/dalvikvm(  664): Could not find class 'android.app.ActivityManager$TaskDescription', referenced from method txi.a
05-18 14:13:49.399 E/memtrack(  782): Couldn't load memtrack module (No such file or directory)
05-18 14:13:49.399 E/android.os.Debug(  782): failed to load memtrack module: -2
05-18 14:13:49.399 E/memtrack(  756): Couldn't load memtrack module (No such file or directory)
05-18 14:13:49.399 E/android.os.Debug(  756): failed to load memtrack module: -2
05-18 14:13:49.549 E/memtrack(  799): Couldn't load memtrack module (No such file or directory)
05-18 14:13:49.549 E/android.os.Debug(  799): failed to load memtrack module: -2
05-18 14:13:49.628 E/dalvikvm(  664): Could not find class 'jgj', referenced from method jgi.a
05-18 14:13:49.718 E/cutils-trace(  756): Error opening trace file: No such file or directory (2)
05-18 14:13:49.818 E/cutils-trace(  782): Error opening trace file: No such file or directory (2)
05-18 14:13:49.938 E/cutils-trace(  799): Error opening trace file: No such file or directory (2)
05-18 14:13:49.958 E/memtrack(  813): Couldn't load memtrack module (No such file or directory)
05-18 14:13:49.958 E/android.os.Debug(  813): failed to load memtrack module: -2
05-18 14:13:50.138 E/dalvikvm(  913): Could not find class 'javax.net.ssl.SNIHostName', referenced from method com.google.android.gms.org.conscrypt.Platform.getSSLParameters
05-18 14:13:50.138 E/dalvikvm(  913): Could not find class 'javax.net.ssl.SNIServerName', referenced from method com.google.android.gms.org.conscrypt.Platform.setSSLParameters
05-18 14:13:50.138 E/dalvikvm(  913): Could not find class 'com.google.android.gms.org.conscrypt.OpenSSLExtendedSessionImpl', referenced from method com.google.android.gms.org.conscrypt.Platform.wrapSSLSession
05-18 14:13:50.248 E/dalvikvm(  913): Could not find class 'com.google.android.gms.org.conscrypt.OpenSSLExtendedSessionImpl', referenced from method com.google.android.gms.org.conscrypt.SSLParametersImpl.getSessionToReuse
05-18 14:13:50.278 E/cutils-trace(  813): Error opening trace file: No such file or directory (2)
05-18 14:13:51.048 E/RemotePrintSpooler(  371): Error removing obsolete print jobs .
05-18 14:13:51.048 E/RemotePrintSpooler(  371): java.util.concurrent.TimeoutException: Cannot get spooler!
05-18 14:13:51.048 E/RemotePrintSpooler(  371): 	at com.android.server.print.RemotePrintSpooler.bindLocked(RemotePrintSpooler.java:376)
05-18 14:13:51.048 E/RemotePrintSpooler(  371): 	at com.android.server.print.RemotePrintSpooler.getRemoteInstanceLazy(RemotePrintSpooler.java:352)
05-18 14:13:51.048 E/RemotePrintSpooler(  371): 	at com.android.server.print.RemotePrintSpooler.removeObsoletePrintJobs(RemotePrintSpooler.java:287)
05-18 14:13:51.048 E/RemotePrintSpooler(  371): 	at com.android.server.print.UserState.removeObsoletePrintJobs(UserState.java:163)
05-18 14:13:51.048 E/RemotePrintSpooler(  371): 	at com.android.server.print.PrintManagerService$1.run(PrintManagerService.java:94)
05-18 14:13:51.048 E/RemotePrintSpooler(  371): 	at android.os.Handler.handleCallback(Handler.java:733)
05-18 14:13:51.048 E/RemotePrintSpooler(  371): 	at android.os.Handler.dispatchMessage(Handler.java:95)
05-18 14:13:51.048 E/RemotePrintSpooler(  371): 	at android.os.Looper.loop(Looper.java:136)
05-18 14:13:51.048 E/RemotePrintSpooler(  371): 	at android.os.HandlerThread.run(HandlerThread.java:61)
05-18 14:13:51.318 E/memtrack(  866): Couldn't load memtrack module (No such file or directory)
05-18 14:13:51.318 E/android.os.Debug(  866): failed to load memtrack module: -2
05-18 14:13:51.508 E/cutils-trace(  866): Error opening trace file: No such file or directory (2)
05-18 14:13:51.978 E/dalvikvm(  664): Could not find class 'jqk', referenced from method jqi.a
05-18 14:13:52.088 E/dalvikvm(  664): Could not find class 'aiem', referenced from method aita.<init>
05-18 14:13:52.138 E/GpsLocationProvider(  371): no AGPS interface in set_agps_server
05-18 14:13:52.188 E/dalvikvm(  664): Could not find class 'aiqs', referenced from method aiqu.a
05-18 14:13:52.188 E/dalvikvm(  664): Could not find class 'android.app.AlarmManager$OnAlarmListener', referenced from method aiqu.a
05-18 14:13:52.429 E/local_gps(  158): Can't send RMC command
05-18 14:13:52.918 E/dalvikvm(  852): Could not find class 'com.google.android.finsky.hygiene.HygieneJobService', referenced from method com.google.android.finsky.dailyhygiene.DailyHygiene.a
05-18 14:13:52.958 E/dalvikvm(  852): Could not find class 'com.google.android.finsky.services.MaintenanceWindowJobService', referenced from method com.google.android.finsky.dailyhygiene.DailyHygiene.g
05-18 14:13:53.468 E/memtrack( 1001): Couldn't load memtrack module (No such file or directory)
05-18 14:13:53.468 E/android.os.Debug( 1001): failed to load memtrack module: -2
05-18 14:13:53.818 E/dalvikvm(  664): Could not find class 'android.bluetooth.le.AdvertiseSettings$Builder', referenced from method aqrk.a
05-18 14:13:54.028 E/cutils-trace( 1001): Error opening trace file: No such file or directory (2)
05-18 14:13:55.288 E/dalvikvm(  664): Could not find class 'android.app.usage.UsageStatsManager', referenced from method com.google.android.gms.wearable.service.WearableChimeraService.onCreate
05-18 14:13:55.318 E/dalvikvm(  664): Could not find class 'android.telecom.TelecomManager', referenced from method afwv.a
05-18 14:13:55.498 E/dalvikvm(  664): Could not find class 'android.app.usage.UsageStatsManager', referenced from method ugw.a
05-18 14:13:55.528 E/Finsky  (  852): [1] com.google.android.finsky.wear.bl.a(847): onConnectionFailed: ConnectionResult{statusCode=API_UNAVAILABLE, resolution=null, message=null}
05-18 14:13:55.678 E/BaseAppContext(  913): Tried to stop global GMSCore RequestQueue. This is likely unintended, so ignoring.
05-18 14:13:55.988 E/GCoreUlr(  664): Bad errorId configuring silent feedback
05-18 14:13:56.068 E/GCoreUlr(  664): Bad errorId configuring silent feedback
05-18 14:14:02.458 E/dalvikvm(  723): Could not find class 'javax.net.ssl.SNIHostName', referenced from method com.google.android.gms.org.conscrypt.Platform.getSSLParameters
05-18 14:14:02.458 E/dalvikvm(  723): Could not find class 'javax.net.ssl.SNIServerName', referenced from method com.google.android.gms.org.conscrypt.Platform.setSSLParameters
05-18 14:14:02.458 E/dalvikvm(  723): Could not find class 'com.google.android.gms.org.conscrypt.OpenSSLExtendedSessionImpl', referenced from method com.google.android.gms.org.conscrypt.Platform.wrapSSLSession
05-18 14:14:02.478 E/dalvikvm(  723): Could not find class 'com.google.android.gms.org.conscrypt.OpenSSLExtendedSessionImpl', referenced from method com.google.android.gms.org.conscrypt.SSLParametersImpl.getSessionToReuse
05-18 14:14:09.478 E/FileScannerService( 1296): binding file scanner
05-18 14:14:09.578 E/dalvikvm(  723): Could not find class 'android.app.job.JobScheduler', referenced from method pqd.a
05-18 14:14:09.648 E/MDM     (  913): [1] SitrepChimeraService.a: No Google accounts; deferring server state update.
05-18 14:14:09.678 E/dalvikvm(  913): Could not find class 'android.telephony.SubscriptionManager', referenced from method com.google.android.gms.checkin.CheckinChimeraService.c
05-18 14:14:09.688 E/dalvikvm(  723): Could not find class 'android.app.usage.UsageStatsManager', referenced from method ppl.a
05-18 14:14:09.988 E/Cataloger( 1296): syncFile:/storage/emulated/0/server.log.2
05-18 14:14:10.008 E/Cataloger( 1296): need not sync path:/storage/emulated/0/server.log.2
05-18 14:14:10.008 E/Cataloger( 1296): syncFile:/storage/emulated/0/server.log.3
05-18 14:14:10.008 E/Cataloger( 1296): need not sync path:/storage/emulated/0/server.log.3
05-18 14:14:10.008 E/Cataloger( 1296): syncFile:/storage/emulated/0/server.log.1
05-18 14:14:10.008 E/Cataloger( 1296): need not sync path:/storage/emulated/0/server.log.1
05-18 14:14:10.008 E/Cataloger( 1296): syncFile:/storage/emulated/0/server.log.2
05-18 14:14:10.008 E/Cataloger( 1296): need not sync path:/storage/emulated/0/server.log.2
05-18 14:14:10.008 E/Cataloger( 1296): syncFile:/storage/emulated/0/server.log
05-18 14:14:10.008 E/Cataloger( 1296): need not sync path:/storage/emulated/0/server.log
05-18 14:14:10.008 E/Cataloger( 1296): syncFile:/storage/emulated/0/server.log.1
05-18 14:14:10.008 E/Cataloger( 1296): need not sync path:/storage/emulated/0/server.log.1
05-18 14:14:10.008 E/Cataloger( 1296): syncFile:/storage/emulated/0/server.log
05-18 14:14:10.018 E/Cataloger( 1296): need not sync path:/storage/emulated/0/server.log
05-18 14:14:10.058 E/GCM     (  723): Missing checkin config file
05-18 14:14:10.058 E/GCM     (  723): Missing checkin config file
05-18 14:14:10.178 E/Cataloger( 1296): syncFile:/storage/emulated/0/.UTSystemConfig/Global/Alvin2.xml
05-18 14:14:10.198 E/Cataloger( 1296): syncFile:/storage/emulated/0/.UTSystemConfig/Global/Alvin2.xml.bak
05-18 14:14:10.208 E/Cataloger( 1296): need not sync path:/storage/emulated/0/.UTSystemConfig/Global/Alvin2.xml.bak
05-18 14:14:10.208 E/Cataloger( 1296): syncFile:/storage/emulated/0/.UTSystemConfig/Global/Alvin2.xml
05-18 14:14:10.208 E/Cataloger( 1296): syncFile:/storage/emulated/0/.UTSystemConfig/Global/Alvin2.xml
05-18 14:14:10.208 E/Cataloger( 1296): syncFile:/storage/emulated/0/.UTSystemConfig/Global/Alvin2.xml.bak
05-18 14:14:10.208 E/Cataloger( 1296): need not sync path:/storage/emulated/0/.UTSystemConfig/Global/Alvin2.xml.bak
05-18 14:14:10.268 E/Cataloger( 1296): syncFile:/storage/emulated/0/.DataStorage/ContextData.xml
05-18 14:14:10.288 E/Cataloger( 1296): syncFile:/storage/emulated/0/.DataStorage/ContextData.xml.bak
05-18 14:14:10.288 E/Cataloger( 1296): need not sync path:/storage/emulated/0/.DataStorage/ContextData.xml.bak
05-18 14:14:10.288 E/Cataloger( 1296): syncFile:/storage/emulated/0/.DataStorage/ContextData.xml
05-18 14:14:10.288 E/Cataloger( 1296): syncFile:/storage/emulated/0/.DataStorage/ContextData.xml
05-18 14:14:10.288 E/Cataloger( 1296): syncFile:/storage/emulated/0/.DataStorage/ContextData.xml.bak
05-18 14:14:10.308 E/Cataloger( 1296): need not sync path:/storage/emulated/0/.DataStorage/ContextData.xml.bak
05-18 14:14:10.428 E/dalvikvm(  913): Could not find class 'android.telephony.SubscriptionManager', referenced from method hgi.a
05-18 14:14:10.438 E/ActivityThread(  913): Failed to find provider info for com.google.android.wearable.settings
05-18 14:14:10.688 E/dalvikvm( 1466): Could not find class 'javax.net.ssl.SNIHostName', referenced from method com.google.android.gms.org.conscrypt.Platform.getSSLParameters
05-18 14:14:10.688 E/dalvikvm( 1466): Could not find class 'javax.net.ssl.SNIServerName', referenced from method com.google.android.gms.org.conscrypt.Platform.setSSLParameters
05-18 14:14:10.688 E/dalvikvm( 1466): Could not find class 'com.google.android.gms.org.conscrypt.OpenSSLExtendedSessionImpl', referenced from method com.google.android.gms.org.conscrypt.Platform.wrapSSLSession
05-18 14:14:10.708 E/dalvikvm( 1466): Could not find class 'com.google.android.gms.org.conscrypt.OpenSSLExtendedSessionImpl', referenced from method com.google.android.gms.org.conscrypt.SSLParametersImpl.getSessionToReuse
05-18 14:14:10.808 E/Cataloger( 1296): syncFile:/storage/emulated/0/BigNoxHD/cache/com_bignox_app_store_hd_96x96.png
05-18 14:14:10.878 E/dalvikvm( 1466): Could not find class 'jgj', referenced from method jgi.a
05-18 14:14:11.108 E/GCM     (  723): Missing checkin config file
05-18 14:14:11.108 E/GCM     (  723): Missing checkin config file
05-18 14:14:24.548 E/BluetoothManagerService(  371): Fail to bind to: Intent { act=android.bluetooth.IBluetooth }
05-18 14:14:24.548 E/WifiStateMachine(  371): Failed to set country code CN
05-18 14:14:24.548 E/BluetoothHeadset(  371): Could not bind to Bluetooth Headset Service with Intent { act=android.bluetooth.IBluetoothHeadset }
05-18 14:14:24.548 E/BluetoothA2dp(  371): Could not bind to Bluetooth A2DP Service with Intent { act=android.bluetooth.IBluetoothA2dp }
05-18 14:14:24.838 E/UpdateRequestReceiver( 1563): ignoring update request
05-18 14:14:24.848 E/UpdateRequestReceiver( 1563): ignoring update request
05-18 14:14:24.868 E/UpdateRequestReceiver( 1563): ignoring update request
05-18 14:14:24.868 E/UpdateRequestReceiver( 1563): ignoring update request
05-18 14:14:24.888 E/UpdateRequestReceiver( 1563): ignoring update request
05-18 14:14:24.888 E/UpdateRequestReceiver( 1563): ignoring update request
05-18 14:14:25.308 E/dalvikvm(  913): Could not find class 'com.google.android.gms.common.permission.PermissionUtils$1', referenced from method com.google.android.gms.chimera.GmsModuleInitializer.initializeModuleV0
05-18 14:14:25.338 E/dalvikvm(  913): Could not find class 'android.net.NetworkRequest$Builder', referenced from method com.google.android.gms.common.stats.GmsCoreStatsChimeraService.onCreate
05-18 14:14:25.348 E/dalvikvm(  664): Could not find class 'android.net.NetworkRequest$Builder', referenced from method com.google.android.gms.common.stats.GmsCoreStatsChimeraService.onCreate
05-18 14:14:25.508 E/dalvikvm(  913): Could not find class 'android.service.persistentdata.PersistentDataBlockManager', referenced from method dzw.a
05-18 14:14:26.138 E/Ads     (  913): Error while retrieving parental controls.
05-18 14:14:26.138 E/Ads     (  913): java.lang.NullPointerException
05-18 14:14:26.138 E/Ads     (  913): 	at android.os.Parcel.readException(Parcel.java:1471)
05-18 14:14:26.138 E/Ads     (  913): 	at android.os.Parcel.readException(Parcel.java:1419)
05-18 14:14:26.138 E/Ads     (  913): 	at bbb.a(:com.google.android.gms:139)
05-18 14:14:26.138 E/Ads     (  913): 	at com.google.android.gms.ads.play.c.onServiceConnected(:com.google.android.gms:175)
05-18 14:14:26.138 E/Ads     (  913): 	at android.app.LoadedApk$ServiceDispatcher.doConnected(LoadedApk.java:1110)
05-18 14:14:26.138 E/Ads     (  913): 	at android.app.LoadedApk$ServiceDispatcher$RunConnection.run(LoadedApk.java:1127)
05-18 14:14:26.138 E/Ads     (  913): 	at android.os.Handler.handleCallback(Handler.java:733)
05-18 14:14:26.138 E/Ads     (  913): 	at android.os.Handler.dispatchMessage(Handler.java:95)
05-18 14:14:26.138 E/Ads     (  913): 	at android.os.Looper.loop(Looper.java:136)
05-18 14:14:26.138 E/Ads     (  913): 	at android.app.ActivityThread.main(ActivityThread.java:5019)
05-18 14:14:26.138 E/Ads     (  913): 	at java.lang.reflect.Method.invokeNative(Native Method)
05-18 14:14:26.138 E/Ads     (  913): 	at java.lang.reflect.Method.invoke(Method.java:515)
05-18 14:14:26.138 E/Ads     (  913): 	at com.android.internal.os.ZygoteInit$MethodAndArgsCaller.run(ZygoteInit.java:779)
05-18 14:14:26.138 E/Ads     (  913): 	at com.android.internal.os.ZygoteInit.main(ZygoteInit.java:595)
05-18 14:14:26.138 E/Ads     (  913): 	at dalvik.system.NativeStart.main(Native Method)
05-18 14:14:26.238 E/dalvikvm(  913): Could not find class 'jgj', referenced from method jgi.a
05-18 14:14:26.628 E/dalvikvm(  913): Could not find class 'android.net.NetworkRequest$Builder', referenced from method addo.b
05-18 14:14:26.638 E/MDM     (  913): [123] tdv.a: Couldn't connect to Google API client: hvk{statusCode=API_UNAVAILABLE, resolution=null, message=null}
05-18 14:14:27.058 E/GCM     (  723): Missing checkin config file
05-18 14:14:27.068 E/MS_RegisterService(  913): Exception getting GCM token
05-18 14:14:27.068 E/MS_RegisterService(  913): java.io.IOException: AUTHENTICATION_FAILED
05-18 14:14:27.068 E/MS_RegisterService(  913): 	at rie.b(:com.google.android.gms:816)
05-18 14:14:27.068 E/MS_RegisterService(  913): 	at rie.a(:com.google.android.gms:787)
05-18 14:14:27.068 E/MS_RegisterService(  913): 	at ria.c(:com.google.android.gms:524)
05-18 14:14:27.068 E/MS_RegisterService(  913): 	at ria.b(:com.google.android.gms:487)
05-18 14:14:27.068 E/MS_RegisterService(  913): 	at agry.a(:com.google.android.gms:1439)
05-18 14:14:27.068 E/MS_RegisterService(  913): 	at com.google.android.libraries.matchstick.net.SilentRegisterIntentOperation.a(:com.google.android.gms:1021)
05-18 14:14:27.068 E/MS_RegisterService(  913): 	at com.google.android.libraries.matchstick.net.SilentRegisterIntentOperation.onHandleIntent(:com.google.android.gms:467)
05-18 14:14:27.068 E/MS_RegisterService(  913): 	at com.google.android.chimera.IntentOperation.onHandleIntent(:com.google.android.gms:118)
05-18 14:14:27.068 E/MS_RegisterService(  913): 	at bwq.run(:com.google.android.gms:1864)
05-18 14:14:27.068 E/MS_RegisterService(  913): 	at bwn.run(:com.google.android.gms:1143)
05-18 14:14:27.068 E/MS_RegisterService(  913): 	at java.util.concurrent.ThreadPoolExecutor.runWorker(ThreadPoolExecutor.java:1112)
05-18 14:14:27.068 E/MS_RegisterService(  913): 	at java.util.concurrent.ThreadPoolExecutor$Worker.run(ThreadPoolExecutor.java:587)
05-18 14:14:27.068 E/MS_RegisterService(  913): 	at java.lang.Thread.run(Thread.java:841)
05-18 14:14:27.158 E/Icing   (  913): street name for address is empty or is not existed. 
05-18 14:14:27.168 E/Icing   (  913): Opening file  for read failed: No such file or directory
05-18 14:14:27.168 E/Icing   (  913): Unable to open file . 
05-18 14:14:27.168 E/Icing   (  913): WordsMap was not properly initialized
05-18 14:14:27.298 E/GCoreUlr(  664): Bad errorId configuring silent feedback
05-18 14:14:27.548 E/dalvikvm(  913): Could not find class 'android.app.usage.UsageStatsManager', referenced from method rff.a
05-18 14:14:40.468 E/dalvikvm( 1716): Could not find class 'javax.net.ssl.SNIHostName', referenced from method com.google.android.gms.org.conscrypt.Platform.getSSLParameters
05-18 14:14:40.468 E/dalvikvm( 1716): Could not find class 'javax.net.ssl.SNIServerName', referenced from method com.google.android.gms.org.conscrypt.Platform.setSSLParameters
05-18 14:14:40.468 E/dalvikvm( 1716): Could not find class 'com.google.android.gms.org.conscrypt.OpenSSLExtendedSessionImpl', referenced from method com.google.android.gms.org.conscrypt.Platform.wrapSSLSession
05-18 14:14:40.488 E/dalvikvm( 1716): Could not find class 'com.google.android.gms.org.conscrypt.OpenSSLExtendedSessionImpl', referenced from method com.google.android.gms.org.conscrypt.SSLParametersImpl.getSessionToReuse
05-18 14:14:42.188 E/GCoreUlr(  664): Bad errorId configuring silent feedback
05-18 14:14:42.848 E/GCM     (  723): Missing checkin config file
05-18 14:14:42.848 E/GCM     (  723): Missing checkin config file
05-18 14:14:43.518 E/GCM     (  723): Missing checkin config file
05-18 14:14:43.538 E/GCM     (  723): Missing checkin config file
05-18 14:14:53.008 E/BandwidthController(  159): Updating quota globalAlert failed (No such file or directory)
05-18 14:14:54.948 E/FastMixer(  166): did not receive expected priority boost
05-18 14:14:57.068 E/GCM     (  723): Missing checkin config file
05-18 14:14:57.068 E/GCM     (  723): Missing checkin config file
05-18 14:14:57.918 E/GCM     (  723): Missing checkin config file
05-18 14:14:57.928 E/GCM     (  723): Missing checkin config file
05-18 14:15:01.058 E/FastMixer(  166): did not receive expected priority boost
05-18 14:15:12.238 E/FastMixer(  166): did not receive expected priority boost
05-18 14:15:23.398 E/GCM     (  723): Missing checkin config file
05-18 14:15:39.928 E/memtrack( 2085): Couldn't load memtrack module (No such file or directory)
05-18 14:15:39.928 E/android.os.Debug( 2085): failed to load memtrack module: -2
05-18 14:15:39.958 E/cutils-trace( 2085): Error opening trace file: No such file or directory (2)
05-18 14:15:41.448 E/memtrack( 2101): Couldn't load memtrack module (No such file or directory)
05-18 14:15:41.448 E/android.os.Debug( 2101): failed to load memtrack module: -2
05-18 14:15:41.478 E/cutils-trace( 2101): Error opening trace file: No such file or directory (2)
05-18 14:15:44.248 E/GCM     (  723): Missing checkin config file
05-18 14:15:44.258 E/GCM     (  723): Missing checkin config file
05-18 14:15:44.328 E/memtrack( 2116): Couldn't load memtrack module (No such file or directory)
05-18 14:15:44.328 E/android.os.Debug( 2116): failed to load memtrack module: -2
05-18 14:15:44.488 E/cutils-trace( 2116): Error opening trace file: No such file or directory (2)
05-18 14:15:44.998 E/GCM     (  723): Missing checkin config file
05-18 14:15:45.018 E/GCM     (  723): Missing checkin config file
05-18 14:15:46.578 E/memtrack( 2141): Couldn't load memtrack module (No such file or directory)
05-18 14:15:46.578 E/android.os.Debug( 2141): failed to load memtrack module: -2
05-18 14:15:47.578 E/cutils-trace( 2141): Error opening trace file: No such file or directory (2)
05-18 14:15:48.268 E/Finsky  (  852): [1] com.google.android.finsky.wear.bl.a(847): onConnectionFailed: ConnectionResult{statusCode=API_UNAVAILABLE, resolution=null, message=null}
05-18 14:15:48.848 E/Cataloger( 1296): syncFile:/storage/emulated/0/Android/data/com.estrongs.android.pop/recomm
05-18 14:15:48.868 E/Cataloger( 1296): 创建一个目录:/storage/emulated/0/Android/data/com.estrongs.android.pop/recomm
05-18 14:15:48.868 E/Cataloger( 1296): 扫描新建目录：/storage/emulated/0/Android/data/com.estrongs.android.pop/recomm
05-18 14:15:48.908 E/Cataloger( 1296): syncFile:/storage/emulated/0/Android/data/com.estrongs.android.pop/recomm/setting.download.tmp.tmp
05-18 14:15:48.908 E/Cataloger( 1296): need not sync path:/storage/emulated/0/Android/data/com.estrongs.android.pop/recomm/setting.download.tmp.tmp
05-18 14:15:48.908 E/Cataloger( 1296): syncFile:/storage/emulated/0/Android/data/com.estrongs.android.pop/recomm/setting.download.tmp.tmp
05-18 14:15:48.928 E/Cataloger( 1296): need not sync path:/storage/emulated/0/Android/data/com.estrongs.android.pop/recomm/setting.download.tmp.tmp
05-18 14:15:48.928 E/Cataloger( 1296): syncFile:/storage/emulated/0/backups
05-18 14:15:48.928 E/Cataloger( 1296): 创建一个目录:/storage/emulated/0/backups
05-18 14:15:48.928 E/Cataloger( 1296): 扫描新建目录：/storage/emulated/0/backups
05-18 14:15:49.208 E/Cataloger( 1296): syncFile:/storage/emulated/0/backups/system
05-18 14:15:49.208 E/Cataloger( 1296): 创建一个目录:/storage/emulated/0/backups/system
05-18 14:15:49.208 E/Cataloger( 1296): 扫描新建目录：/storage/emulated/0/backups/system
05-18 14:15:49.208 E/Cataloger( 1296): syncFile:/storage/emulated/0/Android/data/com.estrongs.android.pop/recomm/setting.download.tmp.tmp
05-18 14:15:49.218 E/Cataloger( 1296): need not sync path:/storage/emulated/0/Android/data/com.estrongs.android.pop/recomm/setting.download.tmp.tmp
05-18 14:15:49.218 E/Cataloger( 1296): syncFile:/storage/emulated/0/Android/data/com.estrongs.android.pop/recomm/setting.download.tmp.tmp
05-18 14:15:49.288 E/Cataloger( 1296): need not sync path:/storage/emulated/0/Android/data/com.estrongs.android.pop/recomm/setting.download.tmp.tmp
05-18 14:15:49.298 E/Cataloger( 1296): syncFile:/storage/emulated/0/Android/data/com.estrongs.android.pop/recomm/setting.download.tmp.tmp
05-18 14:15:49.298 E/Cataloger( 1296): need not sync path:/storage/emulated/0/Android/data/com.estrongs.android.pop/recomm/setting.download.tmp.tmp
05-18 14:15:49.298 E/Cataloger( 1296): syncFile:/storage/emulated/0/Android/data/com.estrongs.android.pop/recomm/setting.download.tmp.tmp
05-18 14:15:49.298 E/Cataloger( 1296): need not sync path:/storage/emulated/0/Android/data/com.estrongs.android.pop/recomm/setting.download.tmp.tmp
05-18 14:15:49.298 E/Cataloger( 1296): syncFile:/storage/emulated/0/backups/.SystemConfig
05-18 14:15:49.308 E/Cataloger( 1296): 创建一个目录:/storage/emulated/0/backups/.SystemConfig
05-18 14:15:49.308 E/Cataloger( 1296): 扫描新建目录：/storage/emulated/0/backups/.SystemConfig
05-18 14:15:49.308 E/Cataloger( 1296): syncFile:/storage/emulated/0/backups/.SystemConfig/.cuid2
05-18 14:15:49.308 E/Cataloger( 1296): need not sync path:/storage/emulated/0/backups/.SystemConfig/.cuid2
05-18 14:15:49.318 E/Cataloger( 1296): syncFile:/storage/emulated/0/backups/.SystemConfig/.cuid2
05-18 14:15:49.318 E/Cataloger( 1296): need not sync path:/storage/emulated/0/backups/.SystemConfig/.cuid2
05-18 14:15:49.318 E/Cataloger( 1296): syncFile:/storage/emulated/0/backups/.SystemConfig/.cuid
05-18 14:15:49.318 E/Cataloger( 1296): need not sync path:/storage/emulated/0/backups/.SystemConfig/.cuid
05-18 14:15:49.318 E/Cataloger( 1296): syncFile:/storage/emulated/0/backups/.SystemConfig/.cuid
05-18 14:15:49.328 E/Cataloger( 1296): need not sync path:/storage/emulated/0/backups/.SystemConfig/.cuid
05-18 14:15:49.328 E/Cataloger( 1296): syncFile:/storage/emulated/0/Android/data/com.estrongs.android.pop/recomm/setting.download.tmp.tmp
05-18 14:15:49.328 E/Cataloger( 1296): need not sync path:/storage/emulated/0/Android/data/com.estrongs.android.pop/recomm/setting.download.tmp.tmp
05-18 14:15:49.328 E/Cataloger( 1296): 重复删除命令
05-18 14:15:49.338 E/Cataloger( 1296): syncFile:/storage/emulated/0/Android/data/com.estrongs.android.pop/recomm/setting.download.tmp
05-18 14:15:49.348 E/Cataloger( 1296): need not sync path:/storage/emulated/0/Android/data/com.estrongs.android.pop/recomm/setting.download.tmp
05-18 14:15:49.348 E/Cataloger( 1296): syncFile:/storage/emulated/0/Android/data/com.estrongs.android.pop/recomm/setting.download.tmp
05-18 14:15:49.348 E/Cataloger( 1296): need not sync path:/storage/emulated/0/Android/data/com.estrongs.android.pop/recomm/setting.download.tmp
05-18 14:15:49.388 E/Cataloger( 1296): syncFile:/storage/emulated/0/Android/data/com.estrongs.android.pop/recomm/setting.download
05-18 14:15:49.388 E/Cataloger( 1296): need not sync path:/storage/emulated/0/Android/data/com.estrongs.android.pop/recomm/setting.download
05-18 14:15:49.388 E/Cataloger( 1296): syncFile:/storage/emulated/0/Android/data/com.estrongs.android.pop/recomm/setting.download
05-18 14:15:49.408 E/Cataloger( 1296): need not sync path:/storage/emulated/0/Android/data/com.estrongs.android.pop/recomm/setting.download
05-18 14:15:49.418 E/Cataloger( 1296): syncFile:/storage/emulated/0/backups/system/.timestamp
05-18 14:15:49.418 E/Cataloger( 1296): need not sync path:/storage/emulated/0/backups/system/.timestamp
05-18 14:15:49.418 E/Cataloger( 1296): syncFile:/storage/emulated/0/backups/system/.timestamp
05-18 14:15:49.418 E/Cataloger( 1296): need not sync path:/storage/emulated/0/backups/system/.timestamp
05-18 14:15:49.418 E/Cataloger( 1296): syncFile:/storage/emulated/0/backups/system/.timestamp
05-18 14:15:49.418 E/Cataloger( 1296): need not sync path:/storage/emulated/0/backups/system/.timestamp
05-18 14:15:49.488 E/Cataloger( 1296): syncFile:/storage/emulated/0/backups/system/.timestamp
05-18 14:15:49.488 E/Cataloger( 1296): need not sync path:/storage/emulated/0/backups/system/.timestamp
05-18 14:15:49.538 E/Cataloger( 1296): syncFile:/storage/emulated/0/backups/system/.timestamp
05-18 14:15:49.538 E/Cataloger( 1296): need not sync path:/storage/emulated/0/backups/system/.timestamp
05-18 14:15:49.668 E/Cataloger( 1296): syncFile:/storage/emulated/0/backups/system/.timestamp
05-18 14:15:49.668 E/Cataloger( 1296): need not sync path:/storage/emulated/0/backups/system/.timestamp
05-18 14:15:49.678 E/Cataloger( 1296): syncFile:/storage/emulated/0/backups/system/.timestamp
05-18 14:15:49.678 E/Cataloger( 1296): need not sync path:/storage/emulated/0/backups/system/.timestamp
05-18 14:15:49.938 E/memtrack( 2187): Couldn't load memtrack module (No such file or directory)
05-18 14:15:49.948 E/android.os.Debug( 2187): failed to load memtrack module: -2
05-18 14:15:50.008 E/cutils-trace( 2187): Error opening trace file: No such file or directory (2)
05-18 14:15:50.048 E/Cataloger( 1296): syncFile:/storage/emulated/0/backups/system/__send_log_data_1495088150050
05-18 14:15:50.048 E/Cataloger( 1296): need not sync path:/storage/emulated/0/backups/system/__send_log_data_1495088150050
05-18 14:15:50.048 E/Cataloger( 1296): syncFile:/storage/emulated/0/backups/system/__send_log_data_1495088150050
05-18 14:15:50.048 E/Cataloger( 1296): need not sync path:/storage/emulated/0/backups/system/__send_log_data_1495088150050
05-18 14:15:51.258 E/memtrack( 2322): Couldn't load memtrack module (No such file or directory)
05-18 14:15:51.258 E/android.os.Debug( 2322): failed to load memtrack module: -2
05-18 14:15:51.308 E/cutils-trace( 2322): Error opening trace file: No such file or directory (2)
05-18 14:15:51.868 E/Cataloger( 1296): syncFile:/storage/emulated/0/backups/system/.timestamp
05-18 14:15:51.868 E/Cataloger( 1296): need not sync path:/storage/emulated/0/backups/system/.timestamp
05-18 14:15:52.408 E/memtrack( 2337): Couldn't load memtrack module (No such file or directory)
05-18 14:15:52.408 E/android.os.Debug( 2337): failed to load memtrack module: -2
05-18 14:15:52.458 E/IMETunnel(  653): read data error
05-18 14:15:52.478 E/cutils-trace( 2337): Error opening trace file: No such file or directory (2)
05-18 14:15:53.468 E/memtrack( 2361): Couldn't load memtrack module (No such file or directory)
05-18 14:15:53.468 E/android.os.Debug( 2361): failed to load memtrack module: -2
05-18 14:15:53.508 E/cutils-trace( 2361): Error opening trace file: No such file or directory (2)
05-18 14:15:54.658 E/memtrack( 2376): Couldn't load memtrack module (No such file or directory)
05-18 14:15:54.658 E/android.os.Debug( 2376): failed to load memtrack module: -2
05-18 14:15:55.218 E/Cataloger( 1296): syncFile:/storage/emulated/0/backups/system/__send_log_data_1495088150050
05-18 14:15:55.228 E/Cataloger( 1296): need not sync path:/storage/emulated/0/backups/system/__send_log_data_1495088150050
05-18 14:15:55.408 E/cutils-trace( 2376): Error opening trace file: No such file or directory (2)
05-18 14:15:56.518 E/Finsky  (  852): [1] com.google.android.finsky.wear.bl.a(847): onConnectionFailed: ConnectionResult{statusCode=API_UNAVAILABLE, resolution=null, message=null}
05-18 14:15:57.118 E/NetworkScheduler.ATC(  723): Provided calling package not found: com.google.android.apps.photos
05-18 14:15:57.168 E/PlayCommon(  852): [43] com.google.android.play.a.g.a(1054): Failed to connect to server: java.net.SocketTimeoutException: failed to connect to play.googleapis.com/172.217.27.138 (port 443) after 10000ms
05-18 14:15:57.898 E/memtrack( 2416): Couldn't load memtrack module (No such file or directory)
05-18 14:15:57.898 E/android.os.Debug( 2416): failed to load memtrack module: -2
05-18 14:15:57.938 E/cutils-trace( 2416): Error opening trace file: No such file or directory (2)
05-18 14:15:59.078 E/memtrack( 2443): Couldn't load memtrack module (No such file or directory)
05-18 14:15:59.078 E/android.os.Debug( 2443): failed to load memtrack module: -2
05-18 14:15:59.698 E/cutils-trace( 2443): Error opening trace file: No such file or directory (2)
05-18 14:16:00.958 E/memtrack( 2462): Couldn't load memtrack module (No such file or directory)
05-18 14:16:00.958 E/android.os.Debug( 2462): failed to load memtrack module: -2
05-18 14:16:00.988 E/cutils-trace( 2462): Error opening trace file: No such file or directory (2)
05-18 14:16:03.378 E/Finsky  (  852): [1] com.google.android.finsky.wear.bl.a(847): onConnectionFailed: ConnectionResult{statusCode=API_UNAVAILABLE, resolution=null, message=null}
05-18 14:16:05.018 E/memtrack( 2500): Couldn't load memtrack module (No such file or directory)
05-18 14:16:05.018 E/android.os.Debug( 2500): failed to load memtrack module: -2
05-18 14:16:05.058 E/cutils-trace( 2500): Error opening trace file: No such file or directory (2)
05-18 14:16:08.188 E/memtrack( 2517): Couldn't load memtrack module (No such file or directory)
05-18 14:16:08.188 E/android.os.Debug( 2517): failed to load memtrack module: -2
05-18 14:16:08.218 E/cutils-trace( 2517): Error opening trace file: No such file or directory (2)
05-18 14:16:09.028 E/memtrack( 2530): Couldn't load memtrack module (No such file or directory)
05-18 14:16:09.028 E/android.os.Debug( 2530): failed to load memtrack module: -2
05-18 14:16:09.088 E/cutils-trace( 2530): Error opening trace file: No such file or directory (2)
05-18 14:16:10.038 E/memtrack( 2541): Couldn't load memtrack module (No such file or directory)
05-18 14:16:10.038 E/android.os.Debug( 2541): failed to load memtrack module: -2
05-18 14:16:11.218 E/cutils-trace( 2541): Error opening trace file: No such file or directory (2)
05-18 14:16:12.358 E/Finsky  (  852): [1] com.google.android.finsky.wear.bl.a(847): onConnectionFailed: ConnectionResult{statusCode=API_UNAVAILABLE, resolution=null, message=null}
05-18 14:16:12.878 E/memtrack( 2573): Couldn't load memtrack module (No such file or directory)
05-18 14:16:12.878 E/android.os.Debug( 2573): failed to load memtrack module: -2
05-18 14:16:12.908 E/cutils-trace( 2573): Error opening trace file: No such file or directory (2)
05-18 14:16:13.828 E/memtrack( 2591): Couldn't load memtrack module (No such file or directory)
05-18 14:16:13.828 E/android.os.Debug( 2591): failed to load memtrack module: -2
05-18 14:16:13.868 E/cutils-trace( 2591): Error opening trace file: No such file or directory (2)
05-18 14:16:15.798 E/memtrack( 2607): Couldn't load memtrack module (No such file or directory)
05-18 14:16:15.798 E/android.os.Debug( 2607): failed to load memtrack module: -2
05-18 14:16:16.828 E/cutils-trace( 2607): Error opening trace file: No such file or directory (2)
05-18 14:16:17.268 E/Finsky  (  852): [1] com.google.android.finsky.wear.bl.a(847): onConnectionFailed: ConnectionResult{statusCode=API_UNAVAILABLE, resolution=null, message=null}
05-18 14:16:18.948 E/memtrack( 2644): Couldn't load memtrack module (No such file or directory)
05-18 14:16:18.948 E/android.os.Debug( 2644): failed to load memtrack module: -2
05-18 14:16:19.958 E/cutils-trace( 2644): Error opening trace file: No such file or directory (2)
05-18 14:16:20.498 E/Finsky  (  852): [1] com.google.android.finsky.wear.bl.a(847): onConnectionFailed: ConnectionResult{statusCode=API_UNAVAILABLE, resolution=null, message=null}
05-18 14:16:21.278 E/memtrack( 2669): Couldn't load memtrack module (No such file or directory)
05-18 14:16:21.278 E/android.os.Debug( 2669): failed to load memtrack module: -2
05-18 14:16:21.318 E/cutils-trace( 2669): Error opening trace file: No such file or directory (2)
05-18 14:16:22.048 E/memtrack( 2684): Couldn't load memtrack module (No such file or directory)
05-18 14:16:22.048 E/android.os.Debug( 2684): failed to load memtrack module: -2
05-18 14:16:25.558 E/memtrack( 2715): Couldn't load memtrack module (No such file or directory)
05-18 14:16:25.558 E/android.os.Debug( 2715): failed to load memtrack module: -2
05-18 14:16:26.988 E/Cataloger( 1296): syncFile:/storage/emulated/0/Android/data/com.boco.apphall
05-18 14:16:26.998 E/Cataloger( 1296): 创建一个目录:/storage/emulated/0/Android/data/com.boco.apphall
05-18 14:16:26.998 E/Cataloger( 1296): 扫描新建目录：/storage/emulated/0/Android/data/com.boco.apphall
05-18 14:16:27.028 E/Cataloger( 1296): syncFile:/storage/emulated/0/Android/data/com.boco.apphall/cache
05-18 14:16:27.028 E/Cataloger( 1296): 创建一个目录:/storage/emulated/0/Android/data/com.boco.apphall/cache
05-18 14:16:27.028 E/Cataloger( 1296): 扫描新建目录：/storage/emulated/0/Android/data/com.boco.apphall/cache
05-18 14:16:27.038 E/Cataloger( 1296): syncFile:/storage/emulated/0/Android/data/com.boco.apphall/cache/.nomedia
05-18 14:16:27.038 E/Cataloger( 1296): need not sync path:/storage/emulated/0/Android/data/com.boco.apphall/cache/.nomedia
05-18 14:16:27.038 E/Cataloger( 1296): syncFile:/storage/emulated/0/Android/data/com.boco.apphall/cache/.nomedia
05-18 14:16:27.038 E/Cataloger( 1296): need not sync path:/storage/emulated/0/Android/data/com.boco.apphall/cache/.nomedia
05-18 14:16:27.038 E/Cataloger( 1296): syncFile:/storage/emulated/0/Android/data/com.boco.apphall/cache/uil-images
05-18 14:16:27.048 E/Cataloger( 1296): 创建一个目录:/storage/emulated/0/Android/data/com.boco.apphall/cache/uil-images
05-18 14:16:27.048 E/Cataloger( 1296): 扫描新建目录：/storage/emulated/0/Android/data/com.boco.apphall/cache/uil-images
05-18 14:16:27.058 E/Cataloger( 1296): syncFile:/storage/emulated/0/Android/data/com.boco.apphall/cache/uil-images/journal.tmp
05-18 14:16:27.058 E/Cataloger( 1296): need not sync path:/storage/emulated/0/Android/data/com.boco.apphall/cache/uil-images/journal.tmp
05-18 14:16:27.058 E/Cataloger( 1296): syncFile:/storage/emulated/0/Android/data/com.boco.apphall/cache/uil-images/journal.tmp
05-18 14:16:27.058 E/Cataloger( 1296): need not sync path:/storage/emulated/0/Android/data/com.boco.apphall/cache/uil-images/journal.tmp
05-18 14:16:27.068 E/Cataloger( 1296): syncFile:/storage/emulated/0/Android/data/com.boco.apphall/cache/uil-images/journal.tmp
05-18 14:16:27.078 E/Cataloger( 1296): need not sync path:/storage/emulated/0/Android/data/com.boco.apphall/cache/uil-images/journal.tmp
05-18 14:16:27.078 E/Cataloger( 1296): syncFile:/storage/emulated/0/Android/data/com.boco.apphall/cache/uil-images/journal
05-18 14:16:27.078 E/Cataloger( 1296): need not sync path:/storage/emulated/0/Android/data/com.boco.apphall/cache/uil-images/journal
05-18 14:16:27.448 E/cutils-trace( 2715): Error opening trace file: No such file or directory (2)
05-18 14:16:31.178 E/memtrack( 2755): Couldn't load memtrack module (No such file or directory)
05-18 14:16:31.178 E/android.os.Debug( 2755): failed to load memtrack module: -2
05-18 14:16:31.338 E/cutils-trace( 2755): Error opening trace file: No such file or directory (2)
05-18 14:16:33.058 E/memtrack( 2769): Couldn't load memtrack module (No such file or directory)
05-18 14:16:33.058 E/android.os.Debug( 2769): failed to load memtrack module: -2
05-18 14:16:34.588 E/cutils-trace( 2769): Error opening trace file: No such file or directory (2)
05-18 14:16:34.868 E/appium  ( 2696): Exception while handling action in: io.appium.uiautomator2.handler.Clear
05-18 14:16:34.868 E/appium  ( 2696): java.lang.NullPointerException
05-18 14:16:34.868 E/appium  ( 2696): 	at android.support.test.uiautomator.UiObject2.setText(UiObject2.java:601)
05-18 14:16:34.868 E/appium  ( 2696): 	at android.support.test.uiautomator.UiObject2.clear(UiObject2.java:338)
05-18 14:16:34.868 E/appium  ( 2696): 	at io.appium.uiautomator2.model.UiObject2Element.clear(UiObject2Element.java:138)
05-18 14:16:34.868 E/appium  ( 2696): 	at io.appium.uiautomator2.handler.Clear.safeHandle(Clear.java:51)
05-18 14:16:34.868 E/appium  ( 2696): 	at io.appium.uiautomator2.handler.request.SafeRequestHandler.handle(SafeRequestHandler.java:56)
05-18 14:16:34.868 E/appium  ( 2696): 	at io.appium.uiautomator2.handler.SendKeysToElement.safeHandle(SendKeysToElement.java:73)
05-18 14:16:34.868 E/appium  ( 2696): 	at io.appium.uiautomator2.handler.request.SafeRequestHandler.handle(SafeRequestHandler.java:56)
05-18 14:16:34.868 E/appium  ( 2696): 	at io.appium.uiautomator2.server.AppiumServlet.handleRequest(AppiumServlet.java:202)
05-18 14:16:34.868 E/appium  ( 2696): 	at io.appium.uiautomator2.server.AppiumServlet.handleHttpRequest(AppiumServlet.java:193)
05-18 14:16:34.868 E/appium  ( 2696): 	at io.appium.uiautomator2.http.ServerHandler.channelRead(ServerHandler.java:44)
05-18 14:16:34.868 E/appium  ( 2696): 	at io.netty.channel.AbstractChannelHandlerContext.invokeChannelRead(AbstractChannelHandlerContext.java:366)
05-18 14:16:34.868 E/appium  ( 2696): 	at io.netty.channel.AbstractChannelHandlerContext.invokeChannelRead(AbstractChannelHandlerContext.java:352)
05-18 14:16:34.868 E/appium  ( 2696): 	at io.netty.channel.AbstractChannelHandlerContext.fireChannelRead(AbstractChannelHandlerContext.java:345)
05-18 14:16:34.868 E/appium  ( 2696): 	at io.netty.handler.codec.MessageToMessageDecoder.channelRead(MessageToMessageDecoder.java:102)
05-18 14:16:34.868 E/appium  ( 2696): 	at io.netty.channel.AbstractChannelHandlerContext.invokeChannelRead(AbstractChannelHandlerContext.java:366)
05-18 14:16:34.868 E/appium  ( 2696): 	at io.netty.channel.AbstractChannelHandlerContext.invokeChannelRead(AbstractChannelHandlerContext.java:352)
05-18 14:16:34.868 E/appium  ( 2696): 	at io.netty.channel.AbstractChannelHandlerContext.fireChannelRead(AbstractChannelHandlerContext.java:345)
05-18 14:16:34.868 E/appium  ( 2696): 	at io.netty.channel.CombinedChannelDuplexHandler$DelegatingChannelHandlerContext.fireChannelRead(CombinedChannelDuplexHandler.java:435)
05-18 14:16:34.868 E/appium  ( 2696): 	at io.netty.handler.codec.ByteToMessageDecoder.fireChannelRead(ByteToMessageDecoder.java:293)
05-18 14:16:34.868 E/appium  ( 2696): 	at io.netty.handler.codec.ByteToMessageDecoder.channelRead(ByteToMessageDecoder.java:267)
05-18 14:16:34.868 E/appium  ( 2696): 	at io.netty.channel.CombinedChannelDuplexHandler.channelRead(CombinedChannelDuplexHandler.java:250)
05-18 14:16:34.868 E/appium  ( 2696): 	at io.netty.channel.AbstractChannelHandlerContext.invokeChannelRead(AbstractChannelHandlerContext.java:366)
05-18 14:16:34.868 E/appium  ( 2696): 	at io.netty.channel.AbstractChannelHandlerContext.invokeChannelRead(AbstractChannelHandlerContext.java:352)
05-18 14:16:34.868 E/appium  ( 2696): 	at io.netty.channel.AbstractChannelHandlerContext.fireChannelRead(AbstractChannelHandlerContext.java:345)
05-18 14:16:34.868 E/appium  ( 2696): 	at io.netty.channel.DefaultChannelPipeline$HeadContext.channelRead(DefaultChannelPipeline.java:1294)
05-18 14:16:34.868 E/appium  ( 2696): 	at io.netty.channel.AbstractChannelHandlerContext.invokeChannelRead(AbstractChannelHandlerContext.java:366)
05-18 14:16:34.868 E/appium  ( 2696): 	at io.netty.channel.AbstractChannelHandlerContext.invokeChannelRead(AbstractChannelHandlerContext.java:352)
05-18 14:16:34.868 E/appium  ( 2696): 	at io.netty.channel.DefaultChannelPipeline.fireChannelRead(DefaultChannelPipeline.java:911)
05-18 14:16:34.868 E/appium  ( 2696): 	at io.netty.channel.nio.AbstractNioByteChannel$NioByteUnsafe.read(AbstractNioByteChannel.java:131)
05-18 14:16:34.868 E/appium  ( 2696): 	at io.netty.channel.nio.NioEventLoop.processSelectedKey(NioEventLoop.java:611)
05-18 14:16:34.868 E/appium  ( 2696): 	at io.netty.channel.nio.NioEventLoop.processSelectedKeysPlain(NioEventLoop.java:514)
05-18 14:16:34.868 E/appium  ( 2696): 	at io.netty.channel.nio.NioEventLoop.processSelectedKeys(NioEventLoop.java:468)
05-18 14:16:34.868 E/appium  ( 2696): 	at io.netty.channel.nio.NioEventLoop.run(NioEventLoop.java:438)
05-18 14:16:34.868 E/appium  ( 2696): 	at io.netty.util.concurrent.SingleThreadEventExecutor$2.run(SingleThreadEventExecutor.java:140)
05-18 14:16:34.868 E/appium  ( 2696): 	at io.netty.util.concurrent.DefaultThreadFactory$DefaultRunnableDecorator.run(DefaultThreadFactory.java:144)
05-18 14:16:34.868 E/appium  ( 2696): 	at java.lang.Thread.run(Thread.java:841)
05-18 14:16:34.888 E/appium  ( 2696): Exception while handling action in: io.appium.uiautomator2.handler.SendKeysToElement
05-18 14:16:34.888 E/appium  ( 2696): java.lang.NullPointerException
05-18 14:16:34.888 E/appium  ( 2696): 	at android.support.test.uiautomator.UiObject2.setText(UiObject2.java:601)
