05-18 17:35:13.431 E/Cataloger( 1301): need not sync path:/storage/emulated/0/Android/data/com.boco.apphall/cache/uil-images/journal.tmp
05-18 17:35:13.441 E/Cataloger( 1301): 重复删除命令
05-18 17:35:13.441 E/Cataloger( 1301): syncFile:/storage/emulated/0/Android/data/com.boco.apphall/cache/uil-images/journal
05-18 17:35:13.441 E/Cataloger( 1301): need not sync path:/storage/emulated/0/Android/data/com.boco.apphall/cache/uil-images/journal
05-18 17:35:13.591 E/QueryController( 6749): Got null root node from accessibility - Retrying...
05-18 17:35:14.001 E/GPSManager( 3366): Location changed : Lat: 40.00125 Lng: 105.56358166666665
05-18 17:35:14.081 E/cutils-trace( 6766): Error opening trace file: No such file or directory (2)
05-18 17:35:14.541 E/ActivityThread(  956): Failed to find provider info for com.google.android.wearable.settings
05-18 17:35:14.651 E/GCM     (  731): Missing checkin config file
05-18 17:35:14.651 E/GCM     (  731): Missing checkin config file
05-18 17:35:15.011 E/GPSManager( 3366): Location changed : Lat: 40.00125 Lng: 105.56358166666665
05-18 17:35:15.141 E/Drm     (  167): Failed to open plugin directory /vendor/lib/mediadrm
05-18 17:35:15.251 E/GCM     (  731): Missing checkin config file
05-18 17:35:15.271 E/GCM     (  731): Missing checkin config file
05-18 17:35:16.041 E/GPSManager( 3366): Location changed : Lat: 40.00125 Lng: 105.56358166666665
05-18 17:35:16.161 E/QueryController( 6749): Got null root node from accessibility - Retrying...
05-18 17:35:16.451 E/SQLiteDatabase( 1301): Error inserting path=/storage/emulated/0/Android/data/com.boco.apphall/ lastmodified=1495100113000 pathtype=3 _id=120 isLogPath=0 name=com.boco.apphall
05-18 17:35:16.451 E/SQLiteDatabase( 1301): android.database.sqlite.SQLiteConstraintException: column path is not unique (code 19)
05-18 17:35:16.451 E/SQLiteDatabase( 1301): 	at android.database.sqlite.SQLiteConnection.nativeExecuteForLastInsertedRowId(Native Method)
05-18 17:35:16.451 E/SQLiteDatabase( 1301): 	at android.database.sqlite.SQLiteConnection.executeForLastInsertedRowId(SQLiteConnection.java:782)
05-18 17:35:16.451 E/SQLiteDatabase( 1301): 	at android.database.sqlite.SQLiteSession.executeForLastInsertedRowId(SQLiteSession.java:788)
05-18 17:35:16.451 E/SQLiteDatabase( 1301): 	at android.database.sqlite.SQLiteStatement.executeInsert(SQLiteStatement.java:86)
05-18 17:35:16.451 E/SQLiteDatabase( 1301): 	at android.database.sqlite.SQLiteDatabase.insertWithOnConflict(SQLiteDatabase.java:1469)
05-18 17:35:16.451 E/SQLiteDatabase( 1301): 	at android.database.sqlite.SQLiteDatabase.insert(SQLiteDatabase.java:1339)
05-18 17:35:16.451 E/SQLiteDatabase( 1301): 	at com.estrongs.android.scanner.d.e.a(Unknown Source)
05-18 17:35:16.451 E/SQLiteDatabase( 1301): 	at com.estrongs.android.scanner.d.a.a(Unknown Source)
05-18 17:35:16.451 E/SQLiteDatabase( 1301): 	at com.estrongs.android.scanner.d.a.a(Unknown Source)
05-18 17:35:16.451 E/SQLiteDatabase( 1301): 	at com.estrongs.android.scanner.d.r.run(Unknown Source)
05-18 17:35:16.451 E/SQLiteDatabase( 1301): 	at java.util.concurrent.ThreadPoolExecutor.runWorker(ThreadPoolExecutor.java:1112)
05-18 17:35:16.451 E/SQLiteDatabase( 1301): 	at java.util.concurrent.ThreadPoolExecutor$Worker.run(ThreadPoolExecutor.java:587)
05-18 17:35:16.451 E/SQLiteDatabase( 1301): 	at java.lang.Thread.run(Thread.java:841)
05-18 17:35:16.951 E/GPSManager( 3366): Location changed : Lat: 40.00125 Lng: 105.56358166666665
05-18 17:35:17.971 E/GPSManager( 3366): Location changed : Lat: 40.00125 Lng: 105.56358166666665
05-18 17:35:18.961 E/GPSManager( 3366): Location changed : Lat: 40.00125 Lng: 105.56358166666665
05-18 17:35:19.971 E/GPSManager( 3366): Location changed : Lat: 40.00125 Lng: 105.56358166666665
05-18 17:35:20.961 E/GPSManager( 3366): Location changed : Lat: 40.00125 Lng: 105.56358166666665
05-18 17:35:21.961 E/GPSManager( 3366): Location changed : Lat: 40.00125 Lng: 105.56358166666665
05-18 17:35:22.971 E/GPSManager( 3366): Location changed : Lat: 40.00125 Lng: 105.56358166666665
05-18 17:35:23.981 E/GPSManager( 3366): Location changed : Lat: 40.00125 Lng: 105.56358166666665
05-18 17:35:24.971 E/GPSManager( 3366): Location changed : Lat: 40.00125 Lng: 105.56358166666665
05-18 17:35:25.981 E/GPSManager( 3366): Location changed : Lat: 40.00125 Lng: 105.56358166666665
05-18 17:35:26.981 E/GPSManager( 3366): Location changed : Lat: 40.00125 Lng: 105.56358166666665
05-18 17:35:27.991 E/GPSManager( 3366): Location changed : Lat: 40.00125 Lng: 105.56358166666665
05-18 17:35:28.991 E/GPSManager( 3366): Location changed : Lat: 40.00125 Lng: 105.56358166666665
05-18 17:35:29.991 E/GPSManager( 3366): Location changed : Lat: 40.00125 Lng: 105.56358166666665
05-18 17:35:30.991 E/GPSManager( 3366): Location changed : Lat: 40.00125 Lng: 105.56358166666665
05-18 17:35:31.991 E/GPSManager( 3366): Location changed : Lat: 40.00125 Lng: 105.56358166666665
05-18 17:35:33.001 E/GPSManager( 3366): Location changed : Lat: 40.00125 Lng: 105.56358166666665
05-18 17:35:34.001 E/GPSManager( 3366): Location changed : Lat: 40.00125 Lng: 105.56358166666665
05-18 17:35:35.021 E/GPSManager( 3366): Location changed : Lat: 40.00125 Lng: 105.56358166666665
05-18 17:35:35.701 E/---RankingListAppFragment---( 6778): onResume
05-18 17:35:36.011 E/GPSManager( 3366): Location changed : Lat: 40.00125 Lng: 105.56358166666665
05-18 17:35:36.071 E/Cataloger( 1301): syncFile:/storage/emulated/0/Android/data/com.boco.apphall/cache/uil-images/3205omy4td9oxw05yijfjsa900.tmp
05-18 17:35:36.071 E/Cataloger( 1301): need not sync path:/storage/emulated/0/Android/data/com.boco.apphall/cache/uil-images/3205omy4td9oxw05yijfjsa900.tmp
05-18 17:35:36.091 E/Cataloger( 1301): syncFile:/storage/emulated/0/Android/data/com.boco.apphall/cache/uil-images/mk3hplefdtlqmx38m1iwlp2r0.tmp
05-18 17:35:36.091 E/Cataloger( 1301): need not sync path:/storage/emulated/0/Android/data/com.boco.apphall/cache/uil-images/mk3hplefdtlqmx38m1iwlp2r0.tmp
05-18 17:35:36.101 E/Cataloger( 1301): syncFile:/storage/emulated/0/Android/data/com.boco.apphall/cache/uil-images/3205omy4td9oxw05yijfjsa900.tmp
05-18 17:35:36.101 E/Cataloger( 1301): need not sync path:/storage/emulated/0/Android/data/com.boco.apphall/cache/uil-images/3205omy4td9oxw05yijfjsa900.tmp
05-18 17:35:36.131 E/Cataloger( 1301): syncFile:/storage/emulated/0/Android/data/com.boco.apphall/cache/uil-images/3205omy4td9oxw05yijfjsa900.tmp
05-18 17:35:36.131 E/Cataloger( 1301): need not sync path:/storage/emulated/0/Android/data/com.boco.apphall/cache/uil-images/3205omy4td9oxw05yijfjsa900.tmp
05-18 17:35:36.141 E/Cataloger( 1301): syncFile:/storage/emulated/0/Android/data/com.boco.apphall/cache/uil-images/3205omy4td9oxw05yijfjsa900
05-18 17:35:36.141 E/Cataloger( 1301): need not sync path:/storage/emulated/0/Android/data/com.boco.apphall/cache/uil-images/3205omy4td9oxw05yijfjsa900
05-18 17:35:36.141 E/Cataloger( 1301): syncFile:/storage/emulated/0/Android/data/com.boco.apphall/cache/uil-images/mk3hplefdtlqmx38m1iwlp2r0.tmp
05-18 17:35:36.141 E/Cataloger( 1301): need not sync path:/storage/emulated/0/Android/data/com.boco.apphall/cache/uil-images/mk3hplefdtlqmx38m1iwlp2r0.tmp
05-18 17:35:36.171 E/Cataloger( 1301): syncFile:/storage/emulated/0/Android/data/com.boco.apphall/cache/uil-images/3zj5e7agc5dxrx9zld8s8tazk0.tmp
05-18 17:35:36.171 E/Cataloger( 1301): need not sync path:/storage/emulated/0/Android/data/com.boco.apphall/cache/uil-images/3zj5e7agc5dxrx9zld8s8tazk0.tmp
05-18 17:35:36.171 E/Cataloger( 1301): syncFile:/storage/emulated/0/Android/data/com.boco.apphall/cache/uil-images/3zj5e7agc5dxrx9zld8s8tazk0.tmp
05-18 17:35:36.181 E/Cataloger( 1301): need not sync path:/storage/emulated/0/Android/data/com.boco.apphall/cache/uil-images/3zj5e7agc5dxrx9zld8s8tazk0.tmp
05-18 17:35:36.181 E/Cataloger( 1301): syncFile:/storage/emulated/0/Android/data/com.boco.apphall/cache/uil-images/3zj5e7agc5dxrx9zld8s8tazk0.tmp
05-18 17:35:36.181 E/Cataloger( 1301): need not sync path:/storage/emulated/0/Android/data/com.boco.apphall/cache/uil-images/3zj5e7agc5dxrx9zld8s8tazk0.tmp
05-18 17:35:36.181 E/Cataloger( 1301): syncFile:/storage/emulated/0/Android/data/com.boco.apphall/cache/uil-images/3zj5e7agc5dxrx9zld8s8tazk0
05-18 17:35:36.181 E/Cataloger( 1301): need not sync path:/storage/emulated/0/Android/data/com.boco.apphall/cache/uil-images/3zj5e7agc5dxrx9zld8s8tazk0
05-18 17:35:36.181 E/Cataloger( 1301): syncFile:/storage/emulated/0/Android/data/com.boco.apphall/cache/uil-images/mk3hplefdtlqmx38m1iwlp2r0.tmp
05-18 17:35:36.191 E/Cataloger( 1301): need not sync path:/storage/emulated/0/Android/data/com.boco.apphall/cache/uil-images/mk3hplefdtlqmx38m1iwlp2r0.tmp
05-18 17:35:36.201 E/Cataloger( 1301): syncFile:/storage/emulated/0/Android/data/com.boco.apphall/cache/uil-images/mk3hplefdtlqmx38m1iwlp2r0
05-18 17:35:36.201 E/Cataloger( 1301): need not sync path:/storage/emulated/0/Android/data/com.boco.apphall/cache/uil-images/mk3hplefdtlqmx38m1iwlp2r0
05-18 17:35:36.291 E/Cataloger( 1301): syncFile:/storage/emulated/0/Android/data/com.boco.apphall/cache/uil-images/4kxgwmqh15kqpdwvd91ok1rs00.tmp
05-18 17:35:36.291 E/Cataloger( 1301): need not sync path:/storage/emulated/0/Android/data/com.boco.apphall/cache/uil-images/4kxgwmqh15kqpdwvd91ok1rs00.tmp
05-18 17:35:36.311 E/Cataloger( 1301): syncFile:/storage/emulated/0/Android/data/com.boco.apphall/cache/uil-images/2dw14j6zx8fuf59l70lizvt710.tmp
05-18 17:35:36.311 E/Cataloger( 1301): need not sync path:/storage/emulated/0/Android/data/com.boco.apphall/cache/uil-images/2dw14j6zx8fuf59l70lizvt710.tmp
05-18 17:35:36.321 E/Cataloger( 1301): syncFile:/storage/emulated/0/Android/data/com.boco.apphall/cache/uil-images/4kxgwmqh15kqpdwvd91ok1rs00.tmp
05-18 17:35:36.321 E/Cataloger( 1301): need not sync path:/storage/emulated/0/Android/data/com.boco.apphall/cache/uil-images/4kxgwmqh15kqpdwvd91ok1rs00.tmp
05-18 17:35:36.321 E/Cataloger( 1301): syncFile:/storage/emulated/0/Android/data/com.boco.apphall/cache/uil-images/5252683xnrtcrm7o65y7uirsl0.tmp
05-18 17:35:36.321 E/Cataloger( 1301): need not sync path:/storage/emulated/0/Android/data/com.boco.apphall/cache/uil-images/5252683xnrtcrm7o65y7uirsl0.tmp
05-18 17:35:36.321 E/Cataloger( 1301): syncFile:/storage/emulated/0/Android/data/com.boco.apphall/cache/uil-images/2dw14j6zx8fuf59l70lizvt710.tmp
05-18 17:35:36.321 E/Cataloger( 1301): need not sync path:/storage/emulated/0/Android/data/com.boco.apphall/cache/uil-images/2dw14j6zx8fuf59l70lizvt710.tmp
05-18 17:35:36.341 E/Cataloger( 1301): syncFile:/storage/emulated/0/Android/data/com.boco.apphall/cache/uil-images/4kxgwmqh15kqpdwvd91ok1rs00.tmp
05-18 17:35:36.351 E/Cataloger( 1301): need not sync path:/storage/emulated/0/Android/data/com.boco.apphall/cache/uil-images/4kxgwmqh15kqpdwvd91ok1rs00.tmp
05-18 17:35:36.361 E/Cataloger( 1301): syncFile:/storage/emulated/0/Android/data/com.boco.apphall/cache/uil-images/4kxgwmqh15kqpdwvd91ok1rs00
05-18 17:35:36.361 E/Cataloger( 1301): need not sync path:/storage/emulated/0/Android/data/com.boco.apphall/cache/uil-images/4kxgwmqh15kqpdwvd91ok1rs00
05-18 17:35:36.361 E/Cataloger( 1301): syncFile:/storage/emulated/0/Android/data/com.boco.apphall/cache/uil-images/5252683xnrtcrm7o65y7uirsl0.tmp
05-18 17:35:36.361 E/Cataloger( 1301): need not sync path:/storage/emulated/0/Android/data/com.boco.apphall/cache/uil-images/5252683xnrtcrm7o65y7uirsl0.tmp
05-18 17:35:36.371 E/Cataloger( 1301): syncFile:/storage/emulated/0/Android/data/com.boco.apphall/cache/uil-images/5252683xnrtcrm7o65y7uirsl0.tmp
05-18 17:35:36.391 E/Cataloger( 1301): need not sync path:/storage/emulated/0/Android/data/com.boco.apphall/cache/uil-images/5252683xnrtcrm7o65y7uirsl0.tmp
05-18 17:35:36.391 E/Cataloger( 1301): syncFile:/storage/emulated/0/Android/data/com.boco.apphall/cache/uil-images/5252683xnrtcrm7o65y7uirsl0
05-18 17:35:36.391 E/Cataloger( 1301): need not sync path:/storage/emulated/0/Android/data/com.boco.apphall/cache/uil-images/5252683xnrtcrm7o65y7uirsl0
05-18 17:35:36.391 E/Cataloger( 1301): syncFile:/storage/emulated/0/Android/data/com.boco.apphall/cache/uil-images/2dw14j6zx8fuf59l70lizvt710.tmp
05-18 17:35:36.391 E/Cataloger( 1301): need not sync path:/storage/emulated/0/Android/data/com.boco.apphall/cache/uil-images/2dw14j6zx8fuf59l70lizvt710.tmp
05-18 17:35:36.391 E/Cataloger( 1301): syncFile:/storage/emulated/0/Android/data/com.boco.apphall/cache/uil-images/2dw14j6zx8fuf59l70lizvt710
05-18 17:35:36.391 E/Cataloger( 1301): need not sync path:/storage/emulated/0/Android/data/com.boco.apphall/cache/uil-images/2dw14j6zx8fuf59l70lizvt710
05-18 17:35:36.601 E/Cataloger( 1301): syncFile:/storage/emulated/0/Android/data/com.boco.apphall/cache/uil-images/5qxqvdbogs92lp9xsu05v4d050.tmp
05-18 17:35:36.601 E/Cataloger( 1301): need not sync path:/storage/emulated/0/Android/data/com.boco.apphall/cache/uil-images/5qxqvdbogs92lp9xsu05v4d050.tmp
05-18 17:35:36.611 E/Cataloger( 1301): syncFile:/storage/emulated/0/Android/data/com.boco.apphall/cache/uil-images/5qxqvdbogs92lp9xsu05v4d050.tmp
05-18 17:35:36.611 E/Cataloger( 1301): need not sync path:/storage/emulated/0/Android/data/com.boco.apphall/cache/uil-images/5qxqvdbogs92lp9xsu05v4d050.tmp
05-18 17:35:36.621 E/Cataloger( 1301): syncFile:/storage/emulated/0/Android/data/com.boco.apphall/cache/uil-images/1yr55s6idym5vmr2kp828kc730.tmp
05-18 17:35:36.621 E/Cataloger( 1301): need not sync path:/storage/emulated/0/Android/data/com.boco.apphall/cache/uil-images/1yr55s6idym5vmr2kp828kc730.tmp
05-18 17:35:36.621 E/Cataloger( 1301): syncFile:/storage/emulated/0/Android/data/com.boco.apphall/cache/uil-images/64u2kf0bfy71nodbxsvrwaoat0.tmp
05-18 17:35:36.621 E/Cataloger( 1301): need not sync path:/storage/emulated/0/Android/data/com.boco.apphall/cache/uil-images/64u2kf0bfy71nodbxsvrwaoat0.tmp
05-18 17:35:36.631 E/Cataloger( 1301): syncFile:/storage/emulated/0/Android/data/com.boco.apphall/cache/uil-images/5qxqvdbogs92lp9xsu05v4d050.tmp
05-18 17:35:36.631 E/Cataloger( 1301): need not sync path:/storage/emulated/0/Android/data/com.boco.apphall/cache/uil-images/5qxqvdbogs92lp9xsu05v4d050.tmp
05-18 17:35:36.641 E/Cataloger( 1301): syncFile:/storage/emulated/0/Android/data/com.boco.apphall/cache/uil-images/5qxqvdbogs92lp9xsu05v4d050
05-18 17:35:36.641 E/Cataloger( 1301): need not sync path:/storage/emulated/0/Android/data/com.boco.apphall/cache/uil-images/5qxqvdbogs92lp9xsu05v4d050
05-18 17:35:36.651 E/Cataloger( 1301): syncFile:/storage/emulated/0/Android/data/com.boco.apphall/cache/uil-images/64u2kf0bfy71nodbxsvrwaoat0.tmp
05-18 17:35:36.651 E/Cataloger( 1301): need not sync path:/storage/emulated/0/Android/data/com.boco.apphall/cache/uil-images/64u2kf0bfy71nodbxsvrwaoat0.tmp
05-18 17:35:36.661 E/Cataloger( 1301): syncFile:/storage/emulated/0/Android/data/com.boco.apphall/cache/uil-images/64u2kf0bfy71nodbxsvrwaoat0.tmp
05-18 17:35:36.661 E/Cataloger( 1301): need not sync path:/storage/emulated/0/Android/data/com.boco.apphall/cache/uil-images/64u2kf0bfy71nodbxsvrwaoat0.tmp
05-18 17:35:36.681 E/Cataloger( 1301): syncFile:/storage/emulated/0/Android/data/com.boco.apphall/cache/uil-images/64u2kf0bfy71nodbxsvrwaoat0
05-18 17:35:36.681 E/Cataloger( 1301): need not sync path:/storage/emulated/0/Android/data/com.boco.apphall/cache/uil-images/64u2kf0bfy71nodbxsvrwaoat0
05-18 17:35:36.681 E/Cataloger( 1301): syncFile:/storage/emulated/0/Android/data/com.boco.apphall/cache/uil-images/1yr55s6idym5vmr2kp828kc730.tmp
05-18 17:35:36.681 E/Cataloger( 1301): need not sync path:/storage/emulated/0/Android/data/com.boco.apphall/cache/uil-images/1yr55s6idym5vmr2kp828kc730.tmp
05-18 17:35:36.721 E/Cataloger( 1301): syncFile:/storage/emulated/0/Android/data/com.boco.apphall/cache/uil-images/1yr55s6idym5vmr2kp828kc730.tmp
05-18 17:35:36.721 E/Cataloger( 1301): need not sync path:/storage/emulated/0/Android/data/com.boco.apphall/cache/uil-images/1yr55s6idym5vmr2kp828kc730.tmp
05-18 17:35:36.721 E/Cataloger( 1301): syncFile:/storage/emulated/0/Android/data/com.boco.apphall/cache/uil-images/1yr55s6idym5vmr2kp828kc730
05-18 17:35:36.721 E/Cataloger( 1301): need not sync path:/storage/emulated/0/Android/data/com.boco.apphall/cache/uil-images/1yr55s6idym5vmr2kp828kc730
05-18 17:35:36.801 E/Cataloger( 1301): syncFile:/storage/emulated/0/Android/data/com.boco.apphall/cache/uil-images/5qk5ab5bpi8w4etc52xne53rs0.tmp
05-18 17:35:36.801 E/Cataloger( 1301): need not sync path:/storage/emulated/0/Android/data/com.boco.apphall/cache/uil-images/5qk5ab5bpi8w4etc52xne53rs0.tmp
05-18 17:35:36.871 E/Cataloger( 1301): syncFile:/storage/emulated/0/Android/data/com.boco.apphall/cache/uil-images/5qk5ab5bpi8w4etc52xne53rs0.tmp
05-18 17:35:36.871 E/Cataloger( 1301): need not sync path:/storage/emulated/0/Android/data/com.boco.apphall/cache/uil-images/5qk5ab5bpi8w4etc52xne53rs0.tmp
05-18 17:35:36.871 E/Cataloger( 1301): syncFile:/storage/emulated/0/Android/data/com.boco.apphall/cache/uil-images/5qk5ab5bpi8w4etc52xne53rs0.tmp
05-18 17:35:36.881 E/Cataloger( 1301): need not sync path:/storage/emulated/0/Android/data/com.boco.apphall/cache/uil-images/5qk5ab5bpi8w4etc52xne53rs0.tmp
05-18 17:35:36.881 E/Cataloger( 1301): syncFile:/storage/emulated/0/Android/data/com.boco.apphall/cache/uil-images/5qk5ab5bpi8w4etc52xne53rs0
05-18 17:35:36.891 E/Cataloger( 1301): need not sync path:/storage/emulated/0/Android/data/com.boco.apphall/cache/uil-images/5qk5ab5bpi8w4etc52xne53rs0
05-18 17:35:37.021 E/GPSManager( 3366): Location changed : Lat: 40.00125 Lng: 105.56358166666665
05-18 17:35:38.051 E/GPSManager( 3366): Location changed : Lat: 40.00125 Lng: 105.56358166666665
05-18 17:35:39.051 E/GPSManager( 3366): Location changed : Lat: 40.00125 Lng: 105.56358166666665
05-18 17:35:40.031 E/GPSManager( 3366): Location changed : Lat: 40.00125 Lng: 105.56358166666665
05-18 17:35:41.051 E/GPSManager( 3366): Location changed : Lat: 40.00125 Lng: 105.56358166666665
05-18 17:35:42.071 E/GPSManager( 3366): Location changed : Lat: 40.00125 Lng: 105.56358166666665
05-18 17:35:42.271 E/Cataloger( 1301): syncFile:/storage/emulated/0/Android/data/com.boco.apphall/cache/uil-images/57gbxefr6ynwpq4ho1je8qmfo0.tmp
05-18 17:35:42.271 E/Cataloger( 1301): need not sync path:/storage/emulated/0/Android/data/com.boco.apphall/cache/uil-images/57gbxefr6ynwpq4ho1je8qmfo0.tmp
05-18 17:35:42.291 E/Cataloger( 1301): syncFile:/storage/emulated/0/Android/data/com.boco.apphall/cache/uil-images/57gbxefr6ynwpq4ho1je8qmfo0.tmp
05-18 17:35:42.291 E/Cataloger( 1301): need not sync path:/storage/emulated/0/Android/data/com.boco.apphall/cache/uil-images/57gbxefr6ynwpq4ho1je8qmfo0.tmp
05-18 17:35:42.291 E/Cataloger( 1301): syncFile:/storage/emulated/0/Android/data/com.boco.apphall/cache/uil-images/57gbxefr6ynwpq4ho1je8qmfo0.tmp
05-18 17:35:42.301 E/Cataloger( 1301): need not sync path:/storage/emulated/0/Android/data/com.boco.apphall/cache/uil-images/57gbxefr6ynwpq4ho1je8qmfo0.tmp
05-18 17:35:42.301 E/Cataloger( 1301): syncFile:/storage/emulated/0/Android/data/com.boco.apphall/cache/uil-images/57gbxefr6ynwpq4ho1je8qmfo0
05-18 17:35:42.301 E/Cataloger( 1301): need not sync path:/storage/emulated/0/Android/data/com.boco.apphall/cache/uil-images/57gbxefr6ynwpq4ho1je8qmfo0
05-18 17:35:42.551 E/Cataloger( 1301): syncFile:/storage/emulated/0/Android/data/com.boco.apphall/cache/uil-images/692qxwcqm0v50o6d686e2v3o30.tmp
05-18 17:35:42.551 E/Cataloger( 1301): need not sync path:/storage/emulated/0/Android/data/com.boco.apphall/cache/uil-images/692qxwcqm0v50o6d686e2v3o30.tmp
05-18 17:35:43.051 E/GPSManager( 3366): Location changed : Lat: 40.00125 Lng: 105.56358166666665
05-18 17:35:43.251 E/Cataloger( 1301): syncFile:/storage/emulated/0/Android/data/com.boco.apphall/cache/uil-images/692qxwcqm0v50o6d686e2v3o30.tmp
05-18 17:35:43.251 E/Cataloger( 1301): need not sync path:/storage/emulated/0/Android/data/com.boco.apphall/cache/uil-images/692qxwcqm0v50o6d686e2v3o30.tmp
05-18 17:35:43.261 E/Cataloger( 1301): syncFile:/storage/emulated/0/Android/data/com.boco.apphall/cache/uil-images/692qxwcqm0v50o6d686e2v3o30.tmp
05-18 17:35:43.261 E/Cataloger( 1301): need not sync path:/storage/emulated/0/Android/data/com.boco.apphall/cache/uil-images/692qxwcqm0v50o6d686e2v3o30.tmp
05-18 17:35:43.271 E/Cataloger( 1301): syncFile:/storage/emulated/0/Android/data/com.boco.apphall/cache/uil-images/692qxwcqm0v50o6d686e2v3o30
05-18 17:35:43.271 E/Cataloger( 1301): need not sync path:/storage/emulated/0/Android/data/com.boco.apphall/cache/uil-images/692qxwcqm0v50o6d686e2v3o30
05-18 17:35:44.061 E/GPSManager( 3366): Location changed : Lat: 40.00125 Lng: 105.56358166666665
05-18 17:35:44.871 E/Cataloger( 1301): syncFile:/storage/emulated/0/appHall_guangxi_folder/download/1495100144586ZteAndrProjZq5.0.apk
05-18 17:35:44.871 E/Cataloger( 1301): syncFile:/storage/emulated/0/appHall_guangxi_folder/download/1495100144586ZteAndrProjZq5.0.apk
05-18 17:35:45.091 E/GPSManager( 3366): Location changed : Lat: 40.00125 Lng: 105.56358166666665
05-18 17:35:46.081 E/GPSManager( 3366): Location changed : Lat: 40.00125 Lng: 105.56358166666665
05-18 17:35:47.081 E/GPSManager( 3366): Location changed : Lat: 40.00125 Lng: 105.56358166666665
05-18 17:35:48.131 E/GPSManager( 3366): Location changed : Lat: 40.00125 Lng: 105.56358166666665
05-18 17:35:49.081 E/GPSManager( 3366): Location changed : Lat: 40.00125 Lng: 105.56358166666665
05-18 17:35:50.081 E/GPSManager( 3366): Location changed : Lat: 40.00125 Lng: 105.56358166666665
05-18 17:35:51.091 E/GPSManager( 3366): Location changed : Lat: 40.00125 Lng: 105.56358166666665
05-18 17:35:52.081 E/GPSManager( 3366): Location changed : Lat: 40.00125 Lng: 105.56358166666665
05-18 17:35:52.891 E/AccessibilityNodeInfoCache( 6749): Disconneced node: android.view.accessibility.AccessibilityNodeInfo@69221; boundsInParent: Rect(0, 0 - 872, 460); boundsInScreen: Rect(14, 767 - 886, 1227); packageName: com.boco.apphall; className: android.support.v7.widget.RecyclerView; text: null; contentDescription: null; viewIdResName: com.boco.apphall:id/id_recyclerview_horizontal; checkable: false; checked: false; focusable: true; focused: false; selected: false; clickable: false; longClickable: false; enabled: true; password: false; scrollable: false; [ACTION_FOCUS, ACTION_SELECT, ACTION_CLEAR_SELECTION, ACTION_ACCESSIBILITY_FOCUS]
05-18 17:35:52.891 E/AccessibilityNodeInfoCache( 6749): Disconneced node: android.view.accessibility.AccessibilityNodeInfo@695e2; boundsInParent: Rect(0, 0 - 171, 171); boundsInScreen: Rect(87, 411 - 258, 582); packageName: com.boco.apphall; className: android.widget.TextView; text: 491.6万; contentDescription: null; viewIdResName: com.boco.apphall:id/app_detail_use_times_img; checkable: false; checked: false; focusable: false; focused: false; selected: false; clickable: false; longClickable: false; enabled: true; password: false; scrollable: false; [ACTION_SELECT, ACTION_CLEAR_SELECTION, ACTION_ACCESSIBILITY_FOCUS, ACTION_NEXT_AT_MOVEMENT_GRANULARITY, ACTION_PREVIOUS_AT_MOVEMENT_GRANULARITY, ACTION_SET_SELECTION]
05-18 17:35:52.901 E/AccessibilityNodeInfoCache( 6749): Disconneced node: android.view.accessibility.AccessibilityNodeInfo@699a3; boundsInParent: Rect(0, 0 - 96, 33); boundsInScreen: Rect(124, 592 - 220, 625); packageName: com.boco.apphall; className: android.widget.TextView; text: 使用次数; contentDescription: null; viewIdResName: null; checkable: false; checked: false; focusable: false; focused: false; selected: false; clickable: false; longClickable: false; enabled: true; password: false; scrollable: false; [ACTION_SELECT, ACTION_CLEAR_SELECTION, ACTION_ACCESSIBILITY_FOCUS, ACTION_NEXT_AT_MOVEMENT_GRANULARITY, ACTION_PREVIOUS_AT_MOVEMENT_GRANULARITY, ACTION_SET_SELECTION]
05-18 17:35:52.901 E/AccessibilityNodeInfoCache( 6749): Disconneced node: android.view.accessibility.AccessibilityNodeInfo@69d64; boundsInParent: Rect(0, 0 - 171, 171); boundsInScreen: Rect(364, 411 - 535, 582); packageName: com.boco.apphall; className: android.widget.TextView; text: 4.7万; contentDescription: null; viewIdResName: com.boco.apphall:id/app_detail_down_times_img; checkable: false; checked: false; focusable: false; focused: false; selected: false; clickable: false; longClickable: false; enabled: true; password: false; scrollable: false; [ACTION_SELECT, ACTION_CLEAR_SELECTION, ACTION_ACCESSIBILITY_FOCUS, ACTION_NEXT_AT_MOVEMENT_GRANULARITY, ACTION_PREVIOUS_AT_MOVEMENT_GRANULARITY, ACTION_SET_SELECTION]
05-18 17:35:52.901 E/AccessibilityNodeInfoCache( 6749): Disconneced node: android.view.accessibility.AccessibilityNodeInfo@6a125; boundsInParent: Rect(0, 0 - 96, 33); boundsInScreen: Rect(401, 592 - 497, 625); packageName: com.boco.apphall; className: android.widget.TextView; text: 下载次数; contentDescription: null; viewIdResName: null; checkable: false; checked: false; focusable: false; focused: false; selected: false; clickable: false; longClickable: false; enabled: true; password: false; scrollable: false; [ACTION_SELECT, ACTION_CLEAR_SELECTION, ACTION_ACCESSIBILITY_FOCUS, ACTION_NEXT_AT_MOVEMENT_GRANULARITY, ACTION_PREVIOUS_AT_MOVEMENT_GRANULARITY, ACTION_SET_SELECTION]
05-18 17:35:52.901 E/AccessibilityNodeInfoCache( 6749): Disconneced node: android.view.accessibility.AccessibilityNodeInfo@6a4e6; boundsInParent: Rect(0, 0 - 171, 171); boundsInScreen: Rect(641, 411 - 812, 582); packageName: com.boco.apphall; className: android.widget.TextView; text: null; contentDescription: null; viewIdResName: com.boco.apphall:id/app_detail_app_type_img; checkable: false; checked: false; focusable: false; focused: false; selected: false; clickable: false; longClickable: false; enabled: true; password: false; scrollable: false; [ACTION_SELECT, ACTION_CLEAR_SELECTION, ACTION_ACCESSIBILITY_FOCUS]
05-18 17:35:52.901 E/AccessibilityNodeInfoCache( 6749): Disconneced node: android.view.accessibility.AccessibilityNodeInfo@6a8a7; boundsInParent: Rect(0, 0 - 144, 33); boundsInScreen: Rect(655, 592 - 799, 625); packageName: com.boco.apphall; className: android.widget.TextView; text: 电子运维系统; contentDescription: null; viewIdResName: com.boco.apphall:id/app_detail_category; checkable: false; checked: false; focusable: false; focused: false; selected: false; clickable: false; longClickable: false; enabled: true; password: false; scrollable: false; [ACTION_SELECT, ACTION_CLEAR_SELECTION, ACTION_ACCESSIBILITY_FOCUS, ACTION_NEXT_AT_MOVEMENT_GRANULARITY, ACTION_PREVIOUS_AT_MOVEMENT_GRANULARITY, ACTION_SET_SELECTION]
05-18 17:35:52.901 E/AccessibilityNodeInfoCache( 6749): Disconneced node: android.view.accessibility.AccessibilityNodeInfo@6ac68; boundsInParent: Rect(0, 0 - 812, 41); boundsInScreen: Rect(54, 656 - 866, 697); packageName: com.boco.apphall; className: android.widget.TextView; text: 应用描述; contentDescription: null; viewIdResName: com.boco.apphall:id/app_detail_til; checkable: false; checked: false; focusable: false; focused: false; selected: false; clickable: false; longClickable: false; enabled: true; password: false; scrollable: false; [ACTION_SELECT, ACTION_CLEAR_SELECTION, ACTION_ACCESSIBILITY_FOCUS, ACTION_NEXT_AT_MOVEMENT_GRANULARITY, ACTION_PREVIOUS_AT_MOVEMENT_GRANULARITY, ACTION_SET_SELECTION]
05-18 17:35:52.901 E/AccessibilityNodeInfoCache( 6749): Disconneced node: android.view.accessibility.AccessibilityNodeInfo@6b029; boundsInParent: Rect(0, 0 - 792, 60); boundsInScreen: Rect(54, 707 - 846, 767); packageName: com.boco.apphall; className: android.widget.TextView; text: 有线业务支撑系统手机客户端; contentDescription: null; viewIdResName: com.boco.apphall:id/app_detail_desc; checkable: false; checked: false; focusable: false; focused: false; selected: false; clickable: false; longClickable: false; enabled: true; password: false; scrollable: false; [ACTION_SELECT, ACTION_CLEAR_SELECTION, ACTION_ACCESSIBILITY_FOCUS, ACTION_NEXT_AT_MOVEMENT_GRANULARITY, ACTION_PREVIOUS_AT_MOVEMENT_GRANULARITY, ACTION_SET_SELECTION]
05-18 17:35:52.901 E/AccessibilityNodeInfoCache( 6749): Disconneced node: android.view.accessibility.AccessibilityNodeInfo@6b3ea; boundsInParent: Rect(0, 0 - 120, 41); boundsInScreen: Rect(54, 1249 - 174, 1290); packageName: com.boco.apphall; className: android.widget.TextView; text: 更新说明; contentDescription: null; viewIdResName: com.boco.apphall:id/app_update_desc; checkable: false; checked: false; focusable: false; focused: false; selected: false; clickable: false; longClickable: false; enabled: true; password: false; scrollable: false; [ACTION_SELECT, ACTION_CLEAR_SELECTION, ACTION_ACCESSIBILITY_FOCUS, ACTION_NEXT_AT_MOVEMENT_GRANULARITY, ACTION_PREVIOUS_AT_MOVEMENT_GRANULARITY, ACTION_SET_SELECTION]
05-18 17:35:52.901 E/AccessibilityNodeInfoCache( 6749): Disconneced node: android.view.accessibility.AccessibilityNodeInfo@6b7ab; boundsInParent: Rect(0, 0 - 792, 762); boundsInScreen: Rect(54, 1300 - 846, 2062); packageName: com.boco.apphall; className: android.widget.TextView; text: 版本更新
05-18 17:35:52.901 E/AccessibilityNodeInfoCache( 6749): 版本更新
05-18 17:35:52.901 E/AccessibilityNodeInfoCache( 6749): 版本更新
05-18 17:35:52.901 E/AccessibilityNodeInfoCache( 6749): 版本更新
05-18 17:35:52.901 E/AccessibilityNodeInfoCache( 6749): 版本更新
05-18 17:35:52.901 E/AccessibilityNodeInfoCache( 6749): 版本更新，易运营更名为家宽装维
05-18 17:35:52.901 E/AccessibilityNodeInfoCache( 6749): 版本更新
05-18 17:35:52.901 E/AccessibilityNodeInfoCache( 6749): 版本更新
05-18 17:35:52.901 E/AccessibilityNodeInfoCache( 6749): 版本更新
05-18 17:35:52.901 E/AccessibilityNodeInfoCache( 6749): 版本更新
05-18 17:35:52.901 E/AccessibilityNodeInfoCache( 6749): 版本更新
05-18 17:35:52.901 E/AccessibilityNodeInfoCache( 6749): 版本更新
05-18 17:35:52.901 E/AccessibilityNodeInfoCache( 6749): 新大厅上线
05-18 17:35:52.901 E/AccessibilityNodeInfoCache( 6749): 初始更; contentDescription: null; viewIdResName: com.boco.apphall:id/app_detail_update_desc; checkable: false; checked: false; focusable: false; focused: false; selected: false; clickable: false; longClickable: false; enabled: true; password: false; scrollable: false; [ACTION_SELECT, ACTION_CLEAR_SELECTION, ACTION_ACCESSIBILITY_FOCUS, ACTION_NEXT_AT_MOVEMENT_GRANULARITY, ACTION_PREVIOUS_AT_MOVEMENT_GRANULARITY, ACTION_SET_SELECTION]
05-18 17:35:52.901 E/AccessibilityNodeInfoCache( 6749): Disconneced node: android.view.accessibility.AccessibilityNodeInfo@75194; boundsInParent: Rect(0, 0 - 872, 254); boundsInScreen: Rect(14, 391 - 886, 645); packageName: com.boco.apphall; className: android.widget.LinearLayout; text: null; contentDescription: null; viewIdResName: com.boco.apphall:id/app_detail_layout2; checkable: false; checked: false; focusable: false; focused: false; selected: false; clickable: false; longClickable: false; enabled: true; password: false; scrollable: false; [ACTION_SELECT, ACTION_CLEAR_SELECTION, ACTION_ACCESSIBILITY_FOCUS]
05-18 17:35:52.901 E/AccessibilityNodeInfoCache( 6749): Disconneced node: android.view.accessibility.AccessibilityNodeInfo@75555; boundsInParent: Rect(0, 0 - 872, 1); boundsInScreen: Rect(14, 645 - 886, 646); packageName: com.boco.apphall; className: android.view.View; text: null; contentDescription: null; viewIdResName: null; checkable: false; checked: false; focusable: false; focused: false; selected: false; clickable: false; longClickable: false; enabled: true; password: false; scrollable: false; [ACTION_SELECT, ACTION_CLEAR_SELECTION, ACTION_ACCESSIBILITY_FOCUS]
05-18 17:35:52.901 E/AccessibilityNodeInfoCache( 6749): Disconneced node: android.view.accessibility.AccessibilityNodeInfo@75916; boundsInParent: Rect(0, 0 - 872, 2); boundsInScreen: Rect(14, 1227 - 886, 1229); packageName: com.boco.apphall; className: android.view.View; text: null; contentDescription: null; viewIdResName: null; checkable: false; checked: false; focusable: false; focused: false; selected: false; clickable: false; longClickable: false; enabled: true; password: false; scrollable: false; [ACTION_SELECT, ACTION_CLEAR_SELECTION, ACTION_ACCESSIBILITY_FOCUS]
05-18 17:35:52.901 E/AccessibilityNodeInfoCache( 6749): Disconneced node: android.view.accessibility.AccessibilityNodeInfo@75cd7; boundsInParent: Rect(0, 0 - 872, 823); boundsInScreen: Rect(14, 1239 - 886, 2062); packageName: com.boco.apphall; className: android.widget.RelativeLayout; text: null; contentDescription: null; viewIdResName: com.boco.apphall:id/app_detail_layout3; checkable: false; checked: false; focusable: false; focused: false; selected: false; clickable: false; longClickable: false; enabled: true; password: false; scrollable: false; [ACTION_SELECT, ACTION_CLEAR_SELECTION, ACTION_ACCESSIBILITY_FOCUS]
05-18 17:35:52.901 E/AccessibilityNodeInfoCache( 6749): Disconneced node: android.view.accessibility.AccessibilityNodeInfo@76098; boundsInParent: Rect(0, 0 - 872, 1); boundsInScreen: Rect(14, 2072 - 886, 2073); packageName: com.boco.apphall; className: android.view.View; text: null; contentDescription: null; viewIdResName: null; checkable: false; checked: false; focusable: false; focused: false; selected: false; clickable: false; longClickable: false; enabled: true; password: false; scrollable: false; [ACTION_SELECT, ACTION_CLEAR_SELECTION, ACTION_ACCESSIBILITY_FOCUS]
05-18 17:35:52.901 E/AccessibilityNodeInfoCache( 6749): Disconneced node: android.view.accessibility.AccessibilityNodeInfo@7681a; boundsInParent: Rect(0, 0 - 237, 214); boundsInScreen: Rect(54, 411 - 291, 625); packageName: com.boco.apphall; className: android.widget.LinearLayout; text: null; contentDescription: null; viewIdResName: com.boco.apphall:id/app_detail_layout21; checkable: false; checked: false; focusable: false; focused: false; selected: false; clickable: false; longClickable: false; enabled: true; password: false; scrollable: false; [ACTION_SELECT, ACTION_CLEAR_SELECTION, ACTION_ACCESSIBILITY_FOCUS]
05-18 17:35:52.901 E/AccessibilityNodeInfoCache( 6749): Disconneced node: android.view.accessibility.AccessibilityNodeInfo@76bdb; boundsInParent: Rect(0, 0 - 237, 214); boundsInScreen: Rect(331, 411 - 568, 625); packageName: com.boco.apphall; className: android.widget.LinearLayout; text: null; contentDescription: null; viewIdResName: com.boco.apphall:id/app_detail_layout22; checkable: false; checked: false; focusable: false; focused: false; selected: false; clickable: false; longClickable: false; enabled: true; password: false; scrollable: false; [ACTION_SELECT, ACTION_CLEAR_SELECTION, ACTION_ACCESSIBILITY_FOCUS]
05-18 17:35:52.901 E/AccessibilityNodeInfoCache( 6749): Disconneced node: android.view.accessibility.AccessibilityNodeInfo@76f9c; boundsInParent: Rect(0, 0 - 238, 214); boundsInScreen: Rect(608, 411 - 846, 625); packageName: com.boco.apphall; className: android.widget.LinearLayout; text: null; contentDescription: null; viewIdResName: com.boco.apphall:id/app_detail_layout23; checkable: false; checked: false; focusable: false; focused: false; selected: false; clickable: false; longClickable: false; enabled: true; password: false; scrollable: false; [ACTION_SELECT, ACTION_CLEAR_SELECTION, ACTION_ACCESSIBILITY_FOCUS]
05-18 17:35:52.971 E/AccessibilityNodeInfoCache( 6749): Disconneced node: android.view.accessibility.AccessibilityNodeInfo@7eb7d; boundsInParent: Rect(0, 0 - 280, 460); boundsInScreen: Rect(14, 767 - 294, 1227); packageName: com.boco.apphall; className: android.widget.RelativeLayout; text: null; contentDescription: null; viewIdResName: null; checkable: false; checked: false; focusable: false; focused: false; selected: false; clickable: true; longClickable: false; enabled: true; password: false; scrollable: false; [ACTION_SELECT, ACTION_CLEAR_SELECTION, ACTION_CLICK, ACTION_ACCESSIBILITY_FOCUS]
05-18 17:35:52.971 E/AccessibilityNodeInfoCache( 6749): Disconneced node: android.view.accessibility.AccessibilityNodeInfo@7ef3e; boundsInParent: Rect(0, 0 - 260, 440); boundsInScreen: Rect(24, 777 - 284, 1217); packageName: com.boco.apphall; className: android.view.View; text: null; contentDescription: null; viewIdResName: com.boco.apphall:id/id_index_gallery_item_image_bg; checkable: false; checked: false; focusable: false; focused: false; selected: false; clickable: false; longClickable: false; enabled: true; password: false; scrollable: false; [ACTION_SELECT, ACTION_CLEAR_SELECTION, ACTION_ACCESSIBILITY_FOCUS]
05-18 17:35:52.971 E/AccessibilityNodeInfoCache( 6749): Disconneced node: android.view.accessibility.AccessibilityNodeInfo@7f2ff; boundsInParent: Rect(0, 0 - 260, 440); boundsInScreen: Rect(24, 777 - 284, 1217); packageName: com.boco.apphall; className: android.widget.ImageView; text: null; contentDescription: null; viewIdResName: com.boco.apphall:id/id_index_gallery_item_image; checkable: false; checked: false; focusable: false; focused: false; selected: false; clickable: false; longClickable: false; enabled: true; password: false; scrollable: false; [ACTION_SELECT, ACTION_CLEAR_SELECTION, ACTION_ACCESSIBILITY_FOCUS]
05-18 17:35:53.121 E/GPSManager( 3366): Location changed : Lat: 40.00125 Lng: 105.56358166666665
05-18 17:35:54.091 E/GPSManager( 3366): Location changed : Lat: 40.00125 Lng: 105.56358166666665
05-18 17:35:55.131 E/GPSManager( 3366): Location changed : Lat: 40.00125 Lng: 105.56358166666665
05-18 17:35:56.101 E/GPSManager( 3366): Location changed : Lat: 40.00125 Lng: 105.56358166666665
05-18 17:35:57.101 E/GPSManager( 3366): Location changed : Lat: 40.00125 Lng: 105.56358166666665
05-18 17:35:58.121 E/GPSManager( 3366): Location changed : Lat: 40.00125 Lng: 105.56358166666665
05-18 17:35:59.111 E/GPSManager( 3366): Location changed : Lat: 40.00125 Lng: 105.56358166666665
05-18 17:36:00.271 E/GPSManager( 3366): Location changed : Lat: 40.00125 Lng: 105.56358166666665
05-18 17:36:01.111 E/GPSManager( 3366): Location changed : Lat: 40.00125 Lng: 105.56358166666665
05-18 17:36:02.121 E/GPSManager( 3366): Location changed : Lat: 40.00125 Lng: 105.56358166666665
05-18 17:36:03.121 E/GPSManager( 3366): Location changed : Lat: 40.00125 Lng: 105.56358166666665
05-18 17:36:04.131 E/GPSManager( 3366): Location changed : Lat: 40.00125 Lng: 105.56358166666665
05-18 17:36:05.121 E/GPSManager( 3366): Location changed : Lat: 40.00125 Lng: 105.56358166666665
05-18 17:36:06.121 E/GPSManager( 3366): Location changed : Lat: 40.00125 Lng: 105.56358166666665
05-18 17:36:07.131 E/GPSManager( 3366): Location changed : Lat: 40.00125 Lng: 105.56358166666665
05-18 17:36:08.131 E/GPSManager( 3366): Location changed : Lat: 40.00125 Lng: 105.56358166666665
05-18 17:36:09.131 E/GPSManager( 3366): Location changed : Lat: 40.00125 Lng: 105.56358166666665
05-18 17:36:10.131 E/GPSManager( 3366): Location changed : Lat: 40.00125 Lng: 105.56358166666665
05-18 17:36:11.191 E/GPSManager( 3366): Location changed : Lat: 40.00125 Lng: 105.56358166666665
05-18 17:36:12.131 E/GPSManager( 3366): Location changed : Lat: 40.00125 Lng: 105.56358166666665
05-18 17:36:13.131 E/GPSManager( 3366): Location changed : Lat: 40.00125 Lng: 105.56358166666665
05-18 17:36:14.131 E/GPSManager( 3366): Location changed : Lat: 40.00125 Lng: 105.56358166666665
05-18 17:36:15.141 E/GPSManager( 3366): Location changed : Lat: 40.00125 Lng: 105.56358166666665
05-18 17:36:16.231 E/GPSManager( 3366): Location changed : Lat: 40.00125 Lng: 105.56358166666665
05-18 17:36:17.141 E/GPSManager( 3366): Location changed : Lat: 40.00125 Lng: 105.56358166666665
05-18 17:36:18.161 E/GPSManager( 3366): Location changed : Lat: 40.00125 Lng: 105.56358166666665
05-18 17:36:19.151 E/GPSManager( 3366): Location changed : Lat: 40.00125 Lng: 105.56358166666665
05-18 17:36:20.151 E/GPSManager( 3366): Location changed : Lat: 40.00125 Lng: 105.56358166666665
05-18 17:36:21.151 E/GPSManager( 3366): Location changed : Lat: 40.00125 Lng: 105.56358166666665
05-18 17:36:22.221 E/GPSManager( 3366): Location changed : Lat: 40.00125 Lng: 105.56358166666665
05-18 17:36:23.281 E/GPSManager( 3366): Location changed : Lat: 40.00125 Lng: 105.56358166666665
05-18 17:36:24.271 E/GPSManager( 3366): Location changed : Lat: 40.00125 Lng: 105.56358166666665
05-18 17:36:24.301 E/AccessibilityNodeInfoCache( 6749): Disconneced node: android.view.accessibility.AccessibilityNodeInfo@6434c; boundsInParent: Rect(0, 0 - 840, 41); boundsInScreen: Rect(940, 401 - 1780, 442); packageName: com.boco.apphall; className: android.widget.TextView; text: 应用评论; contentDescription: null; viewIdResName: com.boco.apphall:id/app_detail_til; checkable: false; checked: false; focusable: false; focused: false; selected: false; clickable: false; longClickable: false; enabled: true; password: false; scrollable: false; [ACTION_SELECT, ACTION_CLEAR_SELECTION, ACTION_ACCESSIBILITY_FOCUS, ACTION_NEXT_AT_MOVEMENT_GRANULARITY, ACTION_PREVIOUS_AT_MOVEMENT_GRANULARITY, ACTION_SET_SELECTION]
05-18 17:36:24.301 E/AccessibilityNodeInfoCache( 6749): Disconneced node: android.view.accessibility.AccessibilityNodeInfo@6470d; boundsInParent: Rect(0, 0 - 69, 59); boundsInScreen: Rect(965, 462 - 1034, 521); packageName: com.boco.apphall; className: android.widget.TextView; text: 0分; contentDescription: null; viewIdResName: com.boco.apphall:id/app_totalgrade_title; checkable: false; checked: false; focusable: false; focused: false; selected: false; clickable: false; longClickable: false; enabled: true; password: false; scrollable: false; [ACTION_SELECT, ACTION_CLEAR_SELECTION, ACTION_ACCESSIBILITY_FOCUS, ACTION_NEXT_AT_MOVEMENT_GRANULARITY, ACTION_PREVIOUS_AT_MOVEMENT_GRANULARITY, ACTION_SET_SELECTION]
05-18 17:36:24.301 E/AccessibilityNodeInfoCache( 6749): Disconneced node: android.view.accessibility.AccessibilityNodeInfo@64ace; boundsInParent: Rect(0, 0 - 85, 33); boundsInScreen: Rect(940, 591 - 1025, 624); packageName: com.boco.apphall; className: android.widget.TextView; text: 0人评论; contentDescription: null; viewIdResName: com.boco.apphall:id/app_totalPerson_title; checkable: false; checked: false; focusable: false; focused: false; selected: false; clickable: false; longClickable: false; enabled: true; password: false; scrollable: false; [ACTION_SELECT, ACTION_CLEAR_SELECTION, ACTION_ACCESSIBILITY_FOCUS, ACTION_NEXT_AT_MOVEMENT_GRANULARITY, ACTION_PREVIOUS_AT_MOVEMENT_GRANULARITY, ACTION_SET_SELECTION]
05-18 17:36:24.301 E/AccessibilityNodeInfoCache( 6749): Disconneced node: android.view.accessibility.AccessibilityNodeInfo@64e8f; boundsInParent: Rect(0, 0 - 37, 33); boundsInScreen: Rect(1140, 457 - 1177, 490); packageName: com.boco.apphall; className: android.widget.TextView; text: 5星; contentDescription: null; viewIdResName: com.boco.apphall:id/fiveStar; checkable: false; checked: false; focusable: false; focused: false; selected: false; clickable: false; longClickable: false; enabled: true; password: false; scrollable: false; [ACTION_SELECT, ACTION_CLEAR_SELECTION, ACTION_ACCESSIBILITY_FOCUS, ACTION_NEXT_AT_MOVEMENT_GRANULARITY, ACTION_PREVIOUS_AT_MOVEMENT_GRANULARITY, ACTION_SET_SELECTION]
05-18 17:36:24.301 E/AccessibilityNodeInfoCache( 6749): Disconneced node: android.view.accessibility.AccessibilityNodeInfo@65250; boundsInParent: Rect(0, 0 - 31, 33); boundsInScreen: Rect(1517, 457 - 1548, 490); packageName: com.boco.apphall; className: android.widget.TextView; text: 0%; contentDescription: null; viewIdResName: com.boco.apphall:id/fiveStarPct; checkable: false; checked: false; focusable: false; focused: false; selected: false; clickable: false; longClickable: false; enabled: true; password: false; scrollable: false; [ACTION_SELECT, ACTION_CLEAR_SELECTION, ACTION_ACCESSIBILITY_FOCUS, ACTION_NEXT_AT_MOVEMENT_GRANULARITY, ACTION_PREVIOUS_AT_MOVEMENT_GRANULARITY, ACTION_SET_SELECTION]
05-18 17:36:24.301 E/AccessibilityNodeInfoCache( 6749): Disconneced node: android.view.accessibility.AccessibilityNodeInfo@65611; boundsInParent: Rect(0, 0 - 37, 33); boundsInScreen: Rect(1140, 500 - 1177, 533); packageName: com.boco.apphall; className: android.widget.TextView; text: 4星; contentDescription: null; viewIdResName: com.boco.apphall:id/fourStar; checkable: false; checked: false; focusable: false; focused: false; selected: false; clickable: false; longClickable: false; enabled: true; password: false; scrollable: false; [ACTION_SELECT, ACTION_CLEAR_SELECTION, ACTION_ACCESSIBILITY_FOCUS, ACTION_NEXT_AT_MOVEMENT_GRANULARITY, ACTION_PREVIOUS_AT_MOVEMENT_GRANULARITY, ACTION_SET_SELECTION]
05-18 17:36:24.301 E/AccessibilityNodeInfoCache( 6749): Disconneced node: android.view.accessibility.AccessibilityNodeInfo@659d2; boundsInParent: Rect(0, 0 - 263, 33); boundsInScreen: Rect(1517, 500 - 1780, 533); packageName: com.boco.apphall; className: android.widget.TextView; text: 0%; contentDescription: null; viewIdResName: com.boco.apphall:id/fourStarPct; checkable: false; checked: false; focusable: false; focused: false; selected: false; clickable: false; longClickable: false; enabled: true; password: false; scrollable: false; [ACTION_SELECT, ACTION_CLEAR_SELECTION, ACTION_ACCESSIBILITY_FOCUS, ACTION_NEXT_AT_MOVEMENT_GRANULARITY, ACTION_PREVIOUS_AT_MOVEMENT_GRANULARITY, ACTION_SET_SELECTION]
05-18 17:36:24.301 E/AccessibilityNodeInfoCache( 6749): Disconneced node: android.view.accessibility.AccessibilityNodeInfo@65d93; boundsInParent: Rect(0, 0 - 37, 33); boundsInScreen: Rect(1140, 543 - 1177, 576); packageName: com.boco.apphall; className: android.widget.TextView; text: 3星; contentDescription: null; viewIdResName: com.boco.apphall:id/threeStar; checkable: false; checked: false; focusable: false; focused: false; selected: false; clickable: false; longClickable: false; enabled: true; password: false; scrollable: false; [ACTION_SELECT, ACTION_CLEAR_SELECTION, ACTION_ACCESSIBILITY_FOCUS, ACTION_NEXT_AT_MOVEMENT_GRANULARITY, ACTION_PREVIOUS_AT_MOVEMENT_GRANULARITY, ACTION_SET_SELECTION]
05-18 17:36:24.301 E/AccessibilityNodeInfoCache( 6749): Disconneced node: android.view.accessibility.AccessibilityNodeInfo@66154; boundsInParent: Rect(0, 0 - 263, 33); boundsInScreen: Rect(1517, 543 - 1780, 576); packageName: com.boco.apphall; className: android.widget.TextView; text: 0%; contentDescription: null; viewIdResName: com.boco.apphall:id/threeStarPct; checkable: false; checked: false; focusable: false; focused: false; selected: false; clickable: false; longClickable: false; enabled: true; password: false; scrollable: false; [ACTION_SELECT, ACTION_CLEAR_SELECTION, ACTION_ACCESSIBILITY_FOCUS, ACTION_NEXT_AT_MOVEMENT_GRANULARITY, ACTION_PREVIOUS_AT_MOVEMENT_GRANULARITY, ACTION_SET_SELECTION]
05-18 17:36:24.301 E/AccessibilityNodeInfoCache( 6749): Disconneced node: android.view.accessibility.AccessibilityNodeInfo@66515; boundsInParent: Rect(0, 0 - 37, 33); boundsInScreen: Rect(1140, 586 - 1177, 619); packageName: com.boco.apphall; className: android.widget.TextView; text: 2星; contentDescription: null; viewIdResName: com.boco.apphall:id/twoStar; checkable: false; checked: false; focusable: false; focused: false; selected: false; clickable: false; longClickable: false; enabled: true; password: false; scrollable: false; [ACTION_SELECT, ACTION_CLEAR_SELECTION, ACTION_ACCESSIBILITY_FOCUS, ACTION_NEXT_AT_MOVEMENT_GRANULARITY, ACTION_PREVIOUS_AT_MOVEMENT_GRANULARITY, ACTION_SET_SELECTION]
05-18 17:36:24.301 E/AccessibilityNodeInfoCache( 6749): Disconneced node: android.view.accessibility.AccessibilityNodeInfo@668d6; boundsInParent: Rect(0, 0 - 263, 33); boundsInScreen: Rect(1517, 586 - 1780, 619); packageName: com.boco.apphall; className: android.widget.TextView; text: 0%; contentDescription: null; viewIdResName: com.boco.apphall:id/twoStarPct; checkable: false; checked: false; focusable: false; focused: false; selected: false; clickable: false; longClickable: false; enabled: true; password: false; scrollable: false; [ACTION_SELECT, ACTION_CLEAR_SELECTION, ACTION_ACCESSIBILITY_FOCUS, ACTION_NEXT_AT_MOVEMENT_GRANULARITY, ACTION_PREVIOUS_AT_MOVEMENT_GRANULARITY, ACTION_SET_SELECTION]
05-18 17:36:24.301 E/AccessibilityNodeInfoCache( 6749): Disconneced node: android.view.accessibility.AccessibilityNodeInfo@66c97; boundsInParent: Rect(0, 0 - 37, 33); boundsInScreen: Rect(1140, 629 - 1177, 662); packageName: com.boco.apphall; className: android.widget.TextView; text: 1星; contentDescription: null; viewIdResName: com.boco.apphall:id/oneStar; checkable: false; checked: false; focusable: false; focused: false; selected: false; clickable: false; longClickable: false; enabled: true; password: false; scrollable: false; [ACTION_SELECT, ACTION_CLEAR_SELECTION, ACTION_ACCESSIBILITY_FOCUS, ACTION_NEXT_AT_MOVEMENT_GRANULARITY, ACTION_PREVIOUS_AT_MOVEMENT_GRANULARITY, ACTION_SET_SELECTION]
05-18 17:36:24.301 E/AccessibilityNodeInfoCache( 6749): Disconneced node: android.view.accessibility.AccessibilityNodeInfo@67058; boundsInParent: Rect(0, 0 - 263, 33); boundsInScreen: Rect(1517, 629 - 1780, 662); packageName: com.boco.apphall; className: android.widget.TextView; text: 0%; contentDescription: null; viewIdResName: com.boco.apphall:id/oneStarPct; checkable: false; checked: false; focusable: false; focused: false; selected: false; clickable: false; longClickable: false; enabled: true; password: false; scrollable: false; [ACTION_SELECT, ACTION_CLEAR_SELECTION, ACTION_ACCESSIBILITY_FOCUS, ACTION_NEXT_AT_MOVEMENT_GRANULARITY, ACTION_PREVIOUS_AT_MOVEMENT_GRANULARITY, ACTION_SET_SELECTION]
05-18 17:36:24.301 E/AccessibilityNodeInfoCache( 6749): Disconneced node: android.view.accessibility.AccessibilityNodeInfo@67419; boundsInParent: Rect(0, 0 - 120, 41); boundsInScreen: Rect(940, 698 - 1060, 739); packageName: com.boco.apphall; className: android.widget.TextView; text: 全部评论; contentDescription: null; viewIdResName: com.boco.apphall:id/app_update_desc; checkable: false; checked: false; focusable: false; focused: false; selected: false; clickable: false; longClickable: false; enabled: true; password: false; scrollable: false; [ACTION_SELECT, ACTION_CLEAR_SELECTION, ACTION_ACCESSIBILITY_FOCUS, ACTION_NEXT_AT_MOVEMENT_GRANULARITY, ACTION_PREVIOUS_AT_MOVEMENT_GRANULARITY, ACTION_SET_SELECTION]
