--------- beginning of /dev/log/system
05-18 15:10:37.022 E/NetdConnector(  328): Communications error: java.io.IOException: Connection refused
05-18 15:10:37.032 E/NetdConnector(  328): Error in NativeDaemonConnector: java.io.IOException: Connection refused
05-18 15:10:42.092 E/ConnectivityService(  328): Ignoring protectedNetwork 10
05-18 15:10:42.092 E/ConnectivityService(  328): Ignoring protectedNetwork 11
05-18 15:10:42.092 E/ConnectivityService(  328): Ignoring protectedNetwork 12
05-18 15:10:42.092 E/ConnectivityService(  328): Ignoring protectedNetwork 14
05-18 15:10:42.102 E/MobileDataStateTracker(  328): default: Ignoring feature request because could not acquire PhoneService
05-18 15:10:42.102 E/MobileDataStateTracker(  328): default: Could not enable APN type "default"
05-18 15:10:44.392 E/NetdConnector(  328): NDC Command {1 bandwidth enable} took too long (1885ms)
05-18 15:10:44.402 E/NetdConnector(  328): NDC Command {2 softap fwreload eth1 STA} took too long (1782ms)
05-18 15:10:45.402 E/LocationManagerService(  328): no geocoder provider found
05-18 15:10:45.412 E/LocationManagerService(  328): No FusedProvider found.
05-18 15:10:45.412 E/LocationManagerService(  328): no geofence provider found
05-18 15:10:49.472 E/ConnectivityService(  328): Unexpected mtu value: android.net.wifi.WifiStateTracker@4a915bf8
05-18 15:10:57.024 E/RemotePrintSpooler(  328): Error removing obsolete print jobs .
05-18 15:10:57.024 E/RemotePrintSpooler(  328): java.util.concurrent.TimeoutException: Cannot get spooler!
05-18 15:10:57.024 E/RemotePrintSpooler(  328): 	at com.android.server.print.RemotePrintSpooler.bindLocked(RemotePrintSpooler.java:376)
05-18 15:10:57.024 E/RemotePrintSpooler(  328): 	at com.android.server.print.RemotePrintSpooler.getRemoteInstanceLazy(RemotePrintSpooler.java:352)
05-18 15:10:57.024 E/RemotePrintSpooler(  328): 	at com.android.server.print.RemotePrintSpooler.removeObsoletePrintJobs(RemotePrintSpooler.java:287)
05-18 15:10:57.024 E/RemotePrintSpooler(  328): 	at com.android.server.print.UserState.removeObsoletePrintJobs(UserState.java:163)
05-18 15:10:57.024 E/RemotePrintSpooler(  328): 	at com.android.server.print.PrintManagerService$1.run(PrintManagerService.java:94)
05-18 15:10:57.024 E/RemotePrintSpooler(  328): 	at android.os.Handler.handleCallback(Handler.java:733)
05-18 15:10:57.024 E/RemotePrintSpooler(  328): 	at android.os.Handler.dispatchMessage(Handler.java:95)
05-18 15:10:57.024 E/RemotePrintSpooler(  328): 	at android.os.Looper.loop(Looper.java:136)
05-18 15:10:57.024 E/RemotePrintSpooler(  328): 	at android.os.HandlerThread.run(HandlerThread.java:61)
05-18 15:10:57.434 E/local_gps(  159): Can't send RMC command
05-18 15:11:18.064 E/ActivityThread(  946): Failed to find provider info for com.google.android.wearable.settings
05-18 15:30:21.424 E/ActivityThread(  946): Failed to find provider info for com.google.android.wearable.settings
--------- beginning of /dev/log/main
05-18 15:31:34.634 E/GPSManager( 1824): Location changed : Lat: 40.00125 Lng: 105.56358166666665
05-18 15:31:35.644 E/GPSManager( 1824): Location changed : Lat: 40.00125 Lng: 105.56358166666665
05-18 15:31:36.644 E/GPSManager( 1824): Location changed : Lat: 40.00125 Lng: 105.56358166666665
05-18 15:31:37.644 E/GPSManager( 1824): Location changed : Lat: 40.00125 Lng: 105.56358166666665
05-18 15:31:38.644 E/GPSManager( 1824): Location changed : Lat: 40.00125 Lng: 105.56358166666665
05-18 15:31:39.644 E/GPSManager( 1824): Location changed : Lat: 40.00125 Lng: 105.56358166666665
05-18 15:31:40.654 E/GPSManager( 1824): Location changed : Lat: 40.00125 Lng: 105.56358166666665
05-18 15:31:41.674 E/GPSManager( 1824): Location changed : Lat: 40.00125 Lng: 105.56358166666665
05-18 15:31:42.654 E/GPSManager( 1824): Location changed : Lat: 40.00125 Lng: 105.56358166666665
05-18 15:31:43.664 E/GPSManager( 1824): Location changed : Lat: 40.00125 Lng: 105.56358166666665
05-18 15:31:44.664 E/GPSManager( 1824): Location changed : Lat: 40.00125 Lng: 105.56358166666665
05-18 15:31:45.664 E/GPSManager( 1824): Location changed : Lat: 40.00125 Lng: 105.56358166666665
05-18 15:31:46.674 E/GPSManager( 1824): Location changed : Lat: 40.00125 Lng: 105.56358166666665
05-18 15:31:47.664 E/GPSManager( 1824): Location changed : Lat: 40.00125 Lng: 105.56358166666665
05-18 15:31:48.674 E/GPSManager( 1824): Location changed : Lat: 40.00125 Lng: 105.56358166666665
05-18 15:31:49.674 E/GPSManager( 1824): Location changed : Lat: 40.00125 Lng: 105.56358166666665
05-18 15:31:50.674 E/GPSManager( 1824): Location changed : Lat: 40.00125 Lng: 105.56358166666665
05-18 15:31:51.694 E/GPSManager( 1824): Location changed : Lat: 40.00125 Lng: 105.56358166666665
05-18 15:31:52.694 E/GPSManager( 1824): Location changed : Lat: 40.00125 Lng: 105.56358166666665
05-18 15:31:53.714 E/GPSManager( 1824): Location changed : Lat: 40.00125 Lng: 105.56358166666665
05-18 15:31:54.704 E/GPSManager( 1824): Location changed : Lat: 40.00125 Lng: 105.56358166666665
05-18 15:31:55.514 E/memtrack( 2475): Couldn't load memtrack module (No such file or directory)
05-18 15:31:55.514 E/android.os.Debug( 2475): failed to load memtrack module: -2
05-18 15:31:55.704 E/GPSManager( 1824): Location changed : Lat: 40.00125 Lng: 105.56358166666665
05-18 15:31:56.664 E/cutils-trace( 2475): Error opening trace file: No such file or directory (2)
05-18 15:31:56.694 E/GPSManager( 1824): Location changed : Lat: 40.00125 Lng: 105.56358166666665
05-18 15:31:57.004 E/cutils-trace( 2490): Error opening trace file: No such file or directory (2)
05-18 15:31:57.704 E/GPSManager( 1824): Location changed : Lat: 40.00125 Lng: 105.56358166666665
05-18 15:31:58.704 E/GPSManager( 1824): Location changed : Lat: 40.00125 Lng: 105.56358166666665
05-18 15:31:59.704 E/GPSManager( 1824): Location changed : Lat: 40.00125 Lng: 105.56358166666665
05-18 15:32:00.744 E/GPSManager( 1824): Location changed : Lat: 40.00125 Lng: 105.56358166666665
05-18 15:32:01.724 E/GPSManager( 1824): Location changed : Lat: 40.00125 Lng: 105.56358166666665
05-18 15:32:02.744 E/GPSManager( 1824): Location changed : Lat: 40.00125 Lng: 105.56358166666665
05-18 15:32:03.774 E/GPSManager( 1824): Location changed : Lat: 40.00125 Lng: 105.56358166666665
05-18 15:32:04.784 E/GPSManager( 1824): Location changed : Lat: 40.00125 Lng: 105.56358166666665
05-18 15:32:05.794 E/GPSManager( 1824): Location changed : Lat: 40.00125 Lng: 105.56358166666665
05-18 15:32:06.784 E/GPSManager( 1824): Location changed : Lat: 40.00125 Lng: 105.56358166666665
05-18 15:32:07.784 E/GPSManager( 1824): Location changed : Lat: 40.00125 Lng: 105.56358166666665
05-18 15:32:08.784 E/GPSManager( 1824): Location changed : Lat: 40.00125 Lng: 105.56358166666665
05-18 15:32:09.794 E/GPSManager( 1824): Location changed : Lat: 40.00125 Lng: 105.56358166666665
05-18 15:32:10.794 E/GPSManager( 1824): Location changed : Lat: 40.00125 Lng: 105.56358166666665
05-18 15:32:11.804 E/GPSManager( 1824): Location changed : Lat: 40.00125 Lng: 105.56358166666665
05-18 15:32:12.804 E/GPSManager( 1824): Location changed : Lat: 40.00125 Lng: 105.56358166666665
05-18 15:32:13.804 E/GPSManager( 1824): Location changed : Lat: 40.00125 Lng: 105.56358166666665
05-18 15:32:14.814 E/GPSManager( 1824): Location changed : Lat: 40.00125 Lng: 105.56358166666665
05-18 15:32:15.824 E/GPSManager( 1824): Location changed : Lat: 40.00125 Lng: 105.56358166666665
05-18 15:32:16.824 E/GPSManager( 1824): Location changed : Lat: 40.00125 Lng: 105.56358166666665
05-18 15:32:17.824 E/GPSManager( 1824): Location changed : Lat: 40.00125 Lng: 105.56358166666665
05-18 15:32:18.854 E/GPSManager( 1824): Location changed : Lat: 40.00125 Lng: 105.56358166666665
05-18 15:32:19.834 E/GPSManager( 1824): Location changed : Lat: 40.00125 Lng: 105.56358166666665
05-18 15:32:20.844 E/GPSManager( 1824): Location changed : Lat: 40.00125 Lng: 105.56358166666665
05-18 15:32:21.874 E/GPSManager( 1824): Location changed : Lat: 40.00125 Lng: 105.56358166666665
05-18 15:32:22.864 E/GPSManager( 1824): Location changed : Lat: 40.00125 Lng: 105.56358166666665
05-18 15:32:23.894 E/GPSManager( 1824): Location changed : Lat: 40.00125 Lng: 105.56358166666665
05-18 15:32:24.904 E/GPSManager( 1824): Location changed : Lat: 40.00125 Lng: 105.56358166666665
05-18 15:32:25.884 E/GPSManager( 1824): Location changed : Lat: 40.00125 Lng: 105.56358166666665
05-18 15:32:26.894 E/GPSManager( 1824): Location changed : Lat: 40.00125 Lng: 105.56358166666665
05-18 15:32:27.894 E/GPSManager( 1824): Location changed : Lat: 40.00125 Lng: 105.56358166666665
05-18 15:32:28.894 E/GPSManager( 1824): Location changed : Lat: 40.00125 Lng: 105.56358166666665
05-18 15:32:29.904 E/GPSManager( 1824): Location changed : Lat: 40.00125 Lng: 105.56358166666665
05-18 15:32:30.904 E/GPSManager( 1824): Location changed : Lat: 40.00125 Lng: 105.56358166666665
05-18 15:32:31.914 E/GPSManager( 1824): Location changed : Lat: 40.00125 Lng: 105.56358166666665
05-18 15:32:32.934 E/GPSManager( 1824): Location changed : Lat: 40.00125 Lng: 105.56358166666665
05-18 15:32:33.924 E/GPSManager( 1824): Location changed : Lat: 40.00125 Lng: 105.56358166666665
05-18 15:32:34.934 E/GPSManager( 1824): Location changed : Lat: 40.00125 Lng: 105.56358166666665
05-18 15:32:35.934 E/GPSManager( 1824): Location changed : Lat: 40.00125 Lng: 105.56358166666665
05-18 15:32:36.934 E/GPSManager( 1824): Location changed : Lat: 40.00125 Lng: 105.56358166666665
05-18 15:32:37.944 E/GPSManager( 1824): Location changed : Lat: 40.00125 Lng: 105.56358166666665
05-18 15:32:38.944 E/GPSManager( 1824): Location changed : Lat: 40.00125 Lng: 105.56358166666665
05-18 15:32:39.944 E/GPSManager( 1824): Location changed : Lat: 40.00125 Lng: 105.56358166666665
05-18 15:32:40.954 E/GPSManager( 1824): Location changed : Lat: 40.00125 Lng: 105.56358166666665
05-18 15:32:41.964 E/GPSManager( 1824): Location changed : Lat: 40.00125 Lng: 105.56358166666665
05-18 15:32:42.964 E/GPSManager( 1824): Location changed : Lat: 40.00125 Lng: 105.56358166666665
05-18 15:32:43.974 E/GPSManager( 1824): Location changed : Lat: 40.00125 Lng: 105.56358166666665
05-18 15:32:44.974 E/GPSManager( 1824): Location changed : Lat: 40.00125 Lng: 105.56358166666665
05-18 15:32:45.984 E/GPSManager( 1824): Location changed : Lat: 40.00125 Lng: 105.56358166666665
05-18 15:32:47.004 E/GPSManager( 1824): Location changed : Lat: 40.00125 Lng: 105.56358166666665
05-18 15:32:48.004 E/GPSManager( 1824): Location changed : Lat: 40.00125 Lng: 105.56358166666665
05-18 15:32:49.044 E/GPSManager( 1824): Location changed : Lat: 40.00125 Lng: 105.56358166666665
05-18 15:32:50.014 E/GPSManager( 1824): Location changed : Lat: 40.00125 Lng: 105.56358166666665
05-18 15:32:51.014 E/GPSManager( 1824): Location changed : Lat: 40.00125 Lng: 105.56358166666665
05-18 15:32:52.024 E/GPSManager( 1824): Location changed : Lat: 40.00125 Lng: 105.56358166666665
05-18 15:32:53.044 E/GPSManager( 1824): Location changed : Lat: 40.00125 Lng: 105.56358166666665
05-18 15:32:54.044 E/GPSManager( 1824): Location changed : Lat: 40.00125 Lng: 105.56358166666665
05-18 15:32:55.034 E/GPSManager( 1824): Location changed : Lat: 40.00125 Lng: 105.56358166666665
05-18 15:32:56.044 E/GPSManager( 1824): Location changed : Lat: 40.00125 Lng: 105.56358166666665
05-18 15:32:57.054 E/GPSManager( 1824): Location changed : Lat: 40.00125 Lng: 105.56358166666665
05-18 15:32:58.064 E/GPSManager( 1824): Location changed : Lat: 40.00125 Lng: 105.56358166666665
05-18 15:32:59.064 E/GPSManager( 1824): Location changed : Lat: 40.00125 Lng: 105.56358166666665
05-18 15:33:00.094 E/GPSManager( 1824): Location changed : Lat: 40.00125 Lng: 105.56358166666665
05-18 15:33:01.064 E/GPSManager( 1824): Location changed : Lat: 40.00125 Lng: 105.56358166666665
05-18 15:33:02.074 E/GPSManager( 1824): Location changed : Lat: 40.00125 Lng: 105.56358166666665
05-18 15:33:03.094 E/GPSManager( 1824): Location changed : Lat: 40.00125 Lng: 105.56358166666665
05-18 15:33:04.084 E/GPSManager( 1824): Location changed : Lat: 40.00125 Lng: 105.56358166666665
05-18 15:33:05.084 E/GPSManager( 1824): Location changed : Lat: 40.00125 Lng: 105.56358166666665
05-18 15:33:06.104 E/GPSManager( 1824): Location changed : Lat: 40.00125 Lng: 105.56358166666665
05-18 15:33:07.084 E/GPSManager( 1824): Location changed : Lat: 40.00125 Lng: 105.56358166666665
05-18 15:33:08.094 E/GPSManager( 1824): Location changed : Lat: 40.00125 Lng: 105.56358166666665
05-18 15:33:09.124 E/GPSManager( 1824): Location changed : Lat: 40.00125 Lng: 105.56358166666665
05-18 15:33:10.114 E/GPSManager( 1824): Location changed : Lat: 40.00125 Lng: 105.56358166666665
05-18 15:33:11.124 E/GPSManager( 1824): Location changed : Lat: 40.00125 Lng: 105.56358166666665
05-18 15:33:12.124 E/GPSManager( 1824): Location changed : Lat: 40.00125 Lng: 105.56358166666665
05-18 15:33:13.134 E/GPSManager( 1824): Location changed : Lat: 40.00125 Lng: 105.56358166666665
05-18 15:33:14.124 E/GPSManager( 1824): Location changed : Lat: 40.00125 Lng: 105.56358166666665
05-18 15:33:15.154 E/GPSManager( 1824): Location changed : Lat: 40.00125 Lng: 105.56358166666665
05-18 15:33:16.154 E/GPSManager( 1824): Location changed : Lat: 40.00125 Lng: 105.56358166666665
05-18 15:33:17.164 E/GPSManager( 1824): Location changed : Lat: 40.00125 Lng: 105.56358166666665
05-18 15:33:18.174 E/GPSManager( 1824): Location changed : Lat: 40.00125 Lng: 105.56358166666665
05-18 15:33:19.174 E/GPSManager( 1824): Location changed : Lat: 40.00125 Lng: 105.56358166666665
05-18 15:33:20.194 E/GPSManager( 1824): Location changed : Lat: 40.00125 Lng: 105.56358166666665
05-18 15:33:21.174 E/GPSManager( 1824): Location changed : Lat: 40.00125 Lng: 105.56358166666665
05-18 15:33:22.174 E/GPSManager( 1824): Location changed : Lat: 40.00125 Lng: 105.56358166666665
05-18 15:33:23.184 E/GPSManager( 1824): Location changed : Lat: 40.00125 Lng: 105.56358166666665
05-18 15:33:24.184 E/GPSManager( 1824): Location changed : Lat: 40.00125 Lng: 105.56358166666665
05-18 15:33:25.194 E/GPSManager( 1824): Location changed : Lat: 40.00125 Lng: 105.56358166666665
05-18 15:33:26.214 E/GPSManager( 1824): Location changed : Lat: 40.00125 Lng: 105.56358166666665
05-18 15:33:27.204 E/GPSManager( 1824): Location changed : Lat: 40.00125 Lng: 105.56358166666665
05-18 15:33:28.224 E/GPSManager( 1824): Location changed : Lat: 40.00125 Lng: 105.56358166666665
05-18 15:33:29.214 E/GPSManager( 1824): Location changed : Lat: 40.00125 Lng: 105.56358166666665
05-18 15:33:30.234 E/GPSManager( 1824): Location changed : Lat: 40.00125 Lng: 105.56358166666665
05-18 15:33:31.234 E/GPSManager( 1824): Location changed : Lat: 40.00125 Lng: 105.56358166666665
05-18 15:33:32.244 E/GPSManager( 1824): Location changed : Lat: 40.00125 Lng: 105.56358166666665
05-18 15:33:33.254 E/GPSManager( 1824): Location changed : Lat: 40.00125 Lng: 105.56358166666665
05-18 15:33:34.274 E/GPSManager( 1824): Location changed : Lat: 40.00125 Lng: 105.56358166666665
05-18 15:33:35.274 E/GPSManager( 1824): Location changed : Lat: 40.00125 Lng: 105.56358166666665
05-18 15:33:36.264 E/GPSManager( 1824): Location changed : Lat: 40.00125 Lng: 105.56358166666665
05-18 15:33:37.294 E/GPSManager( 1824): Location changed : Lat: 40.00125 Lng: 105.56358166666665
05-18 15:33:38.274 E/GPSManager( 1824): Location changed : Lat: 40.00125 Lng: 105.56358166666665
05-18 15:33:39.334 E/GPSManager( 1824): Location changed : Lat: 40.00125 Lng: 105.56358166666665
05-18 15:33:40.314 E/GPSManager( 1824): Location changed : Lat: 40.00125 Lng: 105.56358166666665
05-18 15:33:41.314 E/GPSManager( 1824): Location changed : Lat: 40.00125 Lng: 105.56358166666665
05-18 15:33:42.304 E/GPSManager( 1824): Location changed : Lat: 40.00125 Lng: 105.56358166666665
05-18 15:33:43.314 E/GPSManager( 1824): Location changed : Lat: 40.00125 Lng: 105.56358166666665
05-18 15:33:44.324 E/GPSManager( 1824): Location changed : Lat: 40.00125 Lng: 105.56358166666665
05-18 15:33:45.334 E/GPSManager( 1824): Location changed : Lat: 40.00125 Lng: 105.56358166666665
05-18 15:33:46.324 E/GPSManager( 1824): Location changed : Lat: 40.00125 Lng: 105.56358166666665
05-18 15:33:47.324 E/GPSManager( 1824): Location changed : Lat: 40.00125 Lng: 105.56358166666665
05-18 15:33:48.334 E/GPSManager( 1824): Location changed : Lat: 40.00125 Lng: 105.56358166666665
05-18 15:33:49.364 E/GPSManager( 1824): Location changed : Lat: 40.00125 Lng: 105.56358166666665
05-18 15:33:50.344 E/GPSManager( 1824): Location changed : Lat: 40.00125 Lng: 105.56358166666665
05-18 15:33:51.364 E/GPSManager( 1824): Location changed : Lat: 40.00125 Lng: 105.56358166666665
05-18 15:33:52.364 E/GPSManager( 1824): Location changed : Lat: 40.00125 Lng: 105.56358166666665
05-18 15:33:53.364 E/GPSManager( 1824): Location changed : Lat: 40.00125 Lng: 105.56358166666665
05-18 15:33:54.364 E/GPSManager( 1824): Location changed : Lat: 40.00125 Lng: 105.56358166666665
05-18 15:33:55.374 E/GPSManager( 1824): Location changed : Lat: 40.00125 Lng: 105.56358166666665
05-18 15:33:56.384 E/GPSManager( 1824): Location changed : Lat: 40.00125 Lng: 105.56358166666665
05-18 15:33:57.384 E/GPSManager( 1824): Location changed : Lat: 40.00125 Lng: 105.56358166666665
05-18 15:33:58.394 E/GPSManager( 1824): Location changed : Lat: 40.00125 Lng: 105.56358166666665
05-18 15:33:59.394 E/GPSManager( 1824): Location changed : Lat: 40.00125 Lng: 105.56358166666665
05-18 15:34:00.414 E/GPSManager( 1824): Location changed : Lat: 40.00125 Lng: 105.56358166666665
05-18 15:34:01.404 E/GPSManager( 1824): Location changed : Lat: 40.00125 Lng: 105.56358166666665
05-18 15:34:02.454 E/GPSManager( 1824): Location changed : Lat: 40.00125 Lng: 105.56358166666665
05-18 15:34:03.424 E/GPSManager( 1824): Location changed : Lat: 40.00125 Lng: 105.56358166666665
05-18 15:34:04.444 E/GPSManager( 1824): Location changed : Lat: 40.00125 Lng: 105.56358166666665
05-18 15:34:05.444 E/GPSManager( 1824): Location changed : Lat: 40.00125 Lng: 105.56358166666665
05-18 15:34:06.454 E/GPSManager( 1824): Location changed : Lat: 40.00125 Lng: 105.56358166666665
05-18 15:34:07.444 E/GPSManager( 1824): Location changed : Lat: 40.00125 Lng: 105.56358166666665
05-18 15:34:08.454 E/GPSManager( 1824): Location changed : Lat: 40.00125 Lng: 105.56358166666665
05-18 15:34:09.454 E/GPSManager( 1824): Location changed : Lat: 40.00125 Lng: 105.56358166666665
05-18 15:34:10.454 E/GPSManager( 1824): Location changed : Lat: 40.00125 Lng: 105.56358166666665
05-18 15:34:11.484 E/GPSManager( 1824): Location changed : Lat: 40.00125 Lng: 105.56358166666665
05-18 15:34:12.494 E/GPSManager( 1824): Location changed : Lat: 40.00125 Lng: 105.56358166666665
05-18 15:34:13.474 E/GPSManager( 1824): Location changed : Lat: 40.00125 Lng: 105.56358166666665
05-18 15:34:14.504 E/GPSManager( 1824): Location changed : Lat: 40.00125 Lng: 105.56358166666665
05-18 15:34:15.494 E/GPSManager( 1824): Location changed : Lat: 40.00125 Lng: 105.56358166666665
05-18 15:34:16.494 E/GPSManager( 1824): Location changed : Lat: 40.00125 Lng: 105.56358166666665
05-18 15:34:17.494 E/GPSManager( 1824): Location changed : Lat: 40.00125 Lng: 105.56358166666665
05-18 15:34:18.524 E/GPSManager( 1824): Location changed : Lat: 40.00125 Lng: 105.56358166666665
05-18 15:34:19.514 E/GPSManager( 1824): Location changed : Lat: 40.00125 Lng: 105.56358166666665
05-18 15:34:20.534 E/GPSManager( 1824): Location changed : Lat: 40.00125 Lng: 105.56358166666665
05-18 15:34:21.524 E/GPSManager( 1824): Location changed : Lat: 40.00125 Lng: 105.56358166666665
05-18 15:34:22.544 E/GPSManager( 1824): Location changed : Lat: 40.00125 Lng: 105.56358166666665
05-18 15:34:23.524 E/GPSManager( 1824): Location changed : Lat: 40.00125 Lng: 105.56358166666665
05-18 15:34:24.564 E/GPSManager( 1824): Location changed : Lat: 40.00125 Lng: 105.56358166666665
05-18 15:34:25.564 E/GPSManager( 1824): Location changed : Lat: 40.00125 Lng: 105.56358166666665
05-18 15:34:26.554 E/GPSManager( 1824): Location changed : Lat: 40.00125 Lng: 105.56358166666665
05-18 15:34:27.554 E/GPSManager( 1824): Location changed : Lat: 40.00125 Lng: 105.56358166666665
05-18 15:34:28.564 E/GPSManager( 1824): Location changed : Lat: 40.00125 Lng: 105.56358166666665
05-18 15:34:29.574 E/GPSManager( 1824): Location changed : Lat: 40.00125 Lng: 105.56358166666665
05-18 15:34:30.574 E/GPSManager( 1824): Location changed : Lat: 40.00125 Lng: 105.56358166666665
05-18 15:34:31.594 E/GPSManager( 1824): Location changed : Lat: 40.00125 Lng: 105.56358166666665
05-18 15:34:32.584 E/GPSManager( 1824): Location changed : Lat: 40.00125 Lng: 105.56358166666665
05-18 15:34:33.584 E/GPSManager( 1824): Location changed : Lat: 40.00125 Lng: 105.56358166666665
05-18 15:34:34.594 E/GPSManager( 1824): Location changed : Lat: 40.00125 Lng: 105.56358166666665
05-18 15:34:35.594 E/GPSManager( 1824): Location changed : Lat: 40.00125 Lng: 105.56358166666665
05-18 15:34:36.614 E/GPSManager( 1824): Location changed : Lat: 40.00125 Lng: 105.56358166666665
05-18 15:34:37.634 E/GPSManager( 1824): Location changed : Lat: 40.00125 Lng: 105.56358166666665
05-18 15:34:38.614 E/GPSManager( 1824): Location changed : Lat: 40.00125 Lng: 105.56358166666665
05-18 15:34:39.634 E/GPSManager( 1824): Location changed : Lat: 40.00125 Lng: 105.56358166666665
05-18 15:34:40.634 E/GPSManager( 1824): Location changed : Lat: 40.00125 Lng: 105.56358166666665
05-18 15:34:41.624 E/GPSManager( 1824): Location changed : Lat: 40.00125 Lng: 105.56358166666665
05-18 15:34:42.634 E/GPSManager( 1824): Location changed : Lat: 40.00125 Lng: 105.56358166666665
05-18 15:34:43.634 E/GPSManager( 1824): Location changed : Lat: 40.00125 Lng: 105.56358166666665
05-18 15:34:44.644 E/GPSManager( 1824): Location changed : Lat: 40.00125 Lng: 105.56358166666665
05-18 15:34:45.674 E/GPSManager( 1824): Location changed : Lat: 40.00125 Lng: 105.56358166666665
05-18 15:34:46.654 E/GPSManager( 1824): Location changed : Lat: 40.00125 Lng: 105.56358166666665
05-18 15:34:47.654 E/GPSManager( 1824): Location changed : Lat: 40.00125 Lng: 105.56358166666665
05-18 15:34:48.694 E/GPSManager( 1824): Location changed : Lat: 40.00125 Lng: 105.56358166666665
05-18 15:34:49.704 E/GPSManager( 1824): Location changed : Lat: 40.00125 Lng: 105.56358166666665
05-18 15:34:50.694 E/GPSManager( 1824): Location changed : Lat: 40.00125 Lng: 105.56358166666665
05-18 15:34:51.714 E/GPSManager( 1824): Location changed : Lat: 40.00125 Lng: 105.56358166666665
05-18 15:34:52.734 E/GPSManager( 1824): Location changed : Lat: 40.00125 Lng: 105.56358166666665
05-18 15:34:53.774 E/GPSManager( 1824): Location changed : Lat: 40.00125 Lng: 105.56358166666665
05-18 15:34:54.784 E/GPSManager( 1824): Location changed : Lat: 40.00125 Lng: 105.56358166666665
05-18 15:34:55.794 E/GPSManager( 1824): Location changed : Lat: 40.00125 Lng: 105.56358166666665
05-18 15:34:56.754 E/GPSManager( 1824): Location changed : Lat: 40.00125 Lng: 105.56358166666665
05-18 15:34:57.774 E/GPSManager( 1824): Location changed : Lat: 40.00125 Lng: 105.56358166666665
05-18 15:34:58.764 E/GPSManager( 1824): Location changed : Lat: 40.00125 Lng: 105.56358166666665
05-18 15:34:59.804 E/GPSManager( 1824): Location changed : Lat: 40.00125 Lng: 105.56358166666665
05-18 15:35:00.794 E/GPSManager( 1824): Location changed : Lat: 40.00125 Lng: 105.56358166666665
05-18 15:35:01.804 E/GPSManager( 1824): Location changed : Lat: 40.00125 Lng: 105.56358166666665
05-18 15:35:02.804 E/GPSManager( 1824): Location changed : Lat: 40.00125 Lng: 105.56358166666665
05-18 15:35:03.804 E/GPSManager( 1824): Location changed : Lat: 40.00125 Lng: 105.56358166666665
05-18 15:35:04.834 E/GPSManager( 1824): Location changed : Lat: 40.00125 Lng: 105.56358166666665
05-18 15:35:05.854 E/GPSManager( 1824): Location changed : Lat: 40.00125 Lng: 105.56358166666665
05-18 15:35:06.824 E/GPSManager( 1824): Location changed : Lat: 40.00125 Lng: 105.56358166666665
05-18 15:35:07.834 E/GPSManager( 1824): Location changed : Lat: 40.00125 Lng: 105.56358166666665
05-18 15:35:08.834 E/GPSManager( 1824): Location changed : Lat: 40.00125 Lng: 105.56358166666665
05-18 15:35:09.834 E/GPSManager( 1824): Location changed : Lat: 40.00125 Lng: 105.56358166666665
05-18 15:35:10.864 E/GPSManager( 1824): Location changed : Lat: 40.00125 Lng: 105.56358166666665
05-18 15:35:11.854 E/GPSManager( 1824): Location changed : Lat: 40.00125 Lng: 105.56358166666665
05-18 15:35:12.864 E/GPSManager( 1824): Location changed : Lat: 40.00125 Lng: 105.56358166666665
05-18 15:35:13.874 E/GPSManager( 1824): Location changed : Lat: 40.00125 Lng: 105.56358166666665
05-18 15:35:14.874 E/GPSManager( 1824): Location changed : Lat: 40.00125 Lng: 105.56358166666665
05-18 15:35:15.874 E/GPSManager( 1824): Location changed : Lat: 40.00125 Lng: 105.56358166666665
05-18 15:35:16.914 E/GPSManager( 1824): Location changed : Lat: 40.00125 Lng: 105.56358166666665
05-18 15:35:17.884 E/GPSManager( 1824): Location changed : Lat: 40.00125 Lng: 105.56358166666665
05-18 15:35:18.894 E/GPSManager( 1824): Location changed : Lat: 40.00125 Lng: 105.56358166666665
05-18 15:35:19.894 E/GPSManager( 1824): Location changed : Lat: 40.00125 Lng: 105.56358166666665
05-18 15:35:20.894 E/GPSManager( 1824): Location changed : Lat: 40.00125 Lng: 105.56358166666665
05-18 15:35:21.894 E/GPSManager( 1824): Location changed : Lat: 40.00125 Lng: 105.56358166666665
05-18 15:35:22.904 E/GPSManager( 1824): Location changed : Lat: 40.00125 Lng: 105.56358166666665
05-18 15:35:23.924 E/GPSManager( 1824): Location changed : Lat: 40.00125 Lng: 105.56358166666665
05-18 15:35:24.494 E/FastMixer(  167): did not receive expected priority boost
05-18 15:35:24.904 E/GPSManager( 1824): Location changed : Lat: 40.00125 Lng: 105.56358166666665
05-18 15:35:25.914 E/GPSManager( 1824): Location changed : Lat: 40.00125 Lng: 105.56358166666665
05-18 15:35:26.904 E/GPSManager( 1824): Location changed : Lat: 40.00125 Lng: 105.56358166666665
05-18 15:35:27.914 E/GPSManager( 1824): Location changed : Lat: 40.00125 Lng: 105.56358166666665
05-18 15:35:28.924 E/GPSManager( 1824): Location changed : Lat: 40.00125 Lng: 105.56358166666665
05-18 15:35:29.794 E/FastMixer(  167): did not receive expected priority boost
05-18 15:35:29.924 E/GPSManager( 1824): Location changed : Lat: 40.00125 Lng: 105.56358166666665
05-18 15:35:30.924 E/GPSManager( 1824): Location changed : Lat: 40.00125 Lng: 105.56358166666665
05-18 15:35:31.934 E/GPSManager( 1824): Location changed : Lat: 40.00125 Lng: 105.56358166666665
05-18 15:35:32.924 E/GPSManager( 1824): Location changed : Lat: 40.00125 Lng: 105.56358166666665
05-18 15:35:33.954 E/GPSManager( 1824): Location changed : Lat: 40.00125 Lng: 105.56358166666665
05-18 15:35:34.944 E/GPSManager( 1824): Location changed : Lat: 40.00125 Lng: 105.56358166666665
05-18 15:35:35.954 E/GPSManager( 1824): Location changed : Lat: 40.00125 Lng: 105.56358166666665
05-18 15:35:36.954 E/GPSManager( 1824): Location changed : Lat: 40.00125 Lng: 105.56358166666665
05-18 15:35:37.954 E/GPSManager( 1824): Location changed : Lat: 40.00125 Lng: 105.56358166666665
05-18 15:35:38.954 E/GPSManager( 1824): Location changed : Lat: 40.00125 Lng: 105.56358166666665
05-18 15:35:39.954 E/GPSManager( 1824): Location changed : Lat: 40.00125 Lng: 105.56358166666665
05-18 15:35:40.964 E/GPSManager( 1824): Location changed : Lat: 40.00125 Lng: 105.56358166666665
05-18 15:35:41.964 E/GPSManager( 1824): Location changed : Lat: 40.00125 Lng: 105.56358166666665
05-18 15:35:42.974 E/GPSManager( 1824): Location changed : Lat: 40.00125 Lng: 105.56358166666665
05-18 15:35:43.974 E/GPSManager( 1824): Location changed : Lat: 40.00125 Lng: 105.56358166666665
05-18 15:35:44.974 E/GPSManager( 1824): Location changed : Lat: 40.00125 Lng: 105.56358166666665
05-18 15:35:45.974 E/GPSManager( 1824): Location changed : Lat: 40.00125 Lng: 105.56358166666665
05-18 15:35:47.024 E/GPSManager( 1824): Location changed : Lat: 40.00125 Lng: 105.56358166666665
05-18 15:35:48.004 E/GPSManager( 1824): Location changed : Lat: 40.00125 Lng: 105.56358166666665
05-18 15:35:49.014 E/GPSManager( 1824): Location changed : Lat: 40.00125 Lng: 105.56358166666665
05-18 15:35:49.844 E/PlayCommon(  835): [43] com.google.android.play.a.g.a(1054): Failed to connect to server: java.net.SocketTimeoutException: failed to connect to play.googleapis.com/216.58.200.234 (port 443) after 10000ms
05-18 15:35:50.034 E/GPSManager( 1824): Location changed : Lat: 40.00125 Lng: 105.56358166666665
05-18 15:35:51.024 E/GPSManager( 1824): Location changed : Lat: 40.00125 Lng: 105.56358166666665
05-18 15:35:52.044 E/GPSManager( 1824): Location changed : Lat: 40.00125 Lng: 105.56358166666665
05-18 15:35:53.034 E/GPSManager( 1824): Location changed : Lat: 40.00125 Lng: 105.56358166666665
05-18 15:35:54.054 E/GPSManager( 1824): Location changed : Lat: 40.00125 Lng: 105.56358166666665
05-18 15:35:55.064 E/GPSManager( 1824): Location changed : Lat: 40.00125 Lng: 105.56358166666665
05-18 15:35:56.054 E/GPSManager( 1824): Location changed : Lat: 40.00125 Lng: 105.56358166666665
05-18 15:35:57.054 E/GPSManager( 1824): Location changed : Lat: 40.00125 Lng: 105.56358166666665
05-18 15:35:58.084 E/GPSManager( 1824): Location changed : Lat: 40.00125 Lng: 105.56358166666665
05-18 15:35:59.064 E/GPSManager( 1824): Location changed : Lat: 40.00125 Lng: 105.56358166666665
05-18 15:36:00.084 E/GPSManager( 1824): Location changed : Lat: 40.00125 Lng: 105.56358166666665
05-18 15:36:01.094 E/GPSManager( 1824): Location changed : Lat: 40.00125 Lng: 105.56358166666665
05-18 15:36:02.094 E/GPSManager( 1824): Location changed : Lat: 40.00125 Lng: 105.56358166666665
05-18 15:36:03.094 E/GPSManager( 1824): Location changed : Lat: 40.00125 Lng: 105.56358166666665
05-18 15:36:04.104 E/GPSManager( 1824): Location changed : Lat: 40.00125 Lng: 105.56358166666665
05-18 15:36:05.124 E/GPSManager( 1824): Location changed : Lat: 40.00125 Lng: 105.56358166666665
05-18 15:36:05.134 E/GCM     (  721): Missing checkin config file
05-18 15:36:06.124 E/GPSManager( 1824): Location changed : Lat: 40.00125 Lng: 105.56358166666665
05-18 15:36:07.114 E/GPSManager( 1824): Location changed : Lat: 40.00125 Lng: 105.56358166666665
05-18 15:36:08.124 E/GPSManager( 1824): Location changed : Lat: 40.00125 Lng: 105.56358166666665
05-18 15:36:09.144 E/GPSManager( 1824): Location changed : Lat: 40.00125 Lng: 105.56358166666665
05-18 15:36:10.134 E/GPSManager( 1824): Location changed : Lat: 40.00125 Lng: 105.56358166666665
05-18 15:36:11.134 E/GPSManager( 1824): Location changed : Lat: 40.00125 Lng: 105.56358166666665
05-18 15:36:11.754 E/FastMixer(  167): did not receive expected priority boost
05-18 15:36:12.144 E/GPSManager( 1824): Location changed : Lat: 40.00125 Lng: 105.56358166666665
05-18 15:36:13.164 E/GPSManager( 1824): Location changed : Lat: 40.00125 Lng: 105.56358166666665
05-18 15:36:14.154 E/GPSManager( 1824): Location changed : Lat: 40.00125 Lng: 105.56358166666665
05-18 15:36:15.164 E/GPSManager( 1824): Location changed : Lat: 40.00125 Lng: 105.56358166666665
05-18 15:36:16.164 E/GPSManager( 1824): Location changed : Lat: 40.00125 Lng: 105.56358166666665
05-18 15:36:17.164 E/GPSManager( 1824): Location changed : Lat: 40.00125 Lng: 105.56358166666665
05-18 15:36:18.194 E/GPSManager( 1824): Location changed : Lat: 40.00125 Lng: 105.56358166666665
05-18 15:36:19.214 E/GPSManager( 1824): Location changed : Lat: 40.00125 Lng: 105.56358166666665
05-18 15:36:20.234 E/GPSManager( 1824): Location changed : Lat: 40.00125 Lng: 105.56358166666665
05-18 15:36:21.234 E/GPSManager( 1824): Location changed : Lat: 40.00125 Lng: 105.56358166666665
05-18 15:36:22.224 E/GPSManager( 1824): Location changed : Lat: 40.00125 Lng: 105.56358166666665
05-18 15:36:23.224 E/GPSManager( 1824): Location changed : Lat: 40.00125 Lng: 105.56358166666665
05-18 15:36:24.224 E/GPSManager( 1824): Location changed : Lat: 40.00125 Lng: 105.56358166666665
05-18 15:36:25.254 E/GPSManager( 1824): Location changed : Lat: 40.00125 Lng: 105.56358166666665
05-18 15:36:26.244 E/GPSManager( 1824): Location changed : Lat: 40.00125 Lng: 105.56358166666665
05-18 15:36:27.244 E/GPSManager( 1824): Location changed : Lat: 40.00125 Lng: 105.56358166666665
05-18 15:36:28.244 E/GPSManager( 1824): Location changed : Lat: 40.00125 Lng: 105.56358166666665
05-18 15:36:29.274 E/GPSManager( 1824): Location changed : Lat: 40.00125 Lng: 105.56358166666665
05-18 15:36:30.264 E/GPSManager( 1824): Location changed : Lat: 40.00125 Lng: 105.56358166666665
05-18 15:36:31.284 E/GPSManager( 1824): Location changed : Lat: 40.00125 Lng: 105.56358166666665
05-18 15:36:32.274 E/GPSManager( 1824): Location changed : Lat: 40.00125 Lng: 105.56358166666665
05-18 15:36:33.274 E/GPSManager( 1824): Location changed : Lat: 40.00125 Lng: 105.56358166666665
05-18 15:36:34.314 E/GPSManager( 1824): Location changed : Lat: 40.00125 Lng: 105.56358166666665
05-18 15:36:35.314 E/GPSManager( 1824): Location changed : Lat: 40.00125 Lng: 105.56358166666665
05-18 15:36:36.324 E/GPSManager( 1824): Location changed : Lat: 40.00125 Lng: 105.56358166666665
05-18 15:36:36.484 E/FastMixer(  167): did not receive expected priority boost
05-18 15:36:37.344 E/GPSManager( 1824): Location changed : Lat: 40.00125 Lng: 105.56358166666665
05-18 15:36:38.304 E/GPSManager( 1824): Location changed : Lat: 40.00125 Lng: 105.56358166666665
05-18 15:36:39.314 E/GPSManager( 1824): Location changed : Lat: 40.00125 Lng: 105.56358166666665
05-18 15:36:40.324 E/GPSManager( 1824): Location changed : Lat: 40.00125 Lng: 105.56358166666665
05-18 15:36:41.314 E/GPSManager( 1824): Location changed : Lat: 40.00125 Lng: 105.56358166666665
05-18 15:36:42.314 E/GPSManager( 1824): Location changed : Lat: 40.00125 Lng: 105.56358166666665
05-18 15:36:43.314 E/GPSManager( 1824): Location changed : Lat: 40.00125 Lng: 105.56358166666665
05-18 15:36:44.334 E/GPSManager( 1824): Location changed : Lat: 40.00125 Lng: 105.56358166666665
05-18 15:36:45.324 E/GPSManager( 1824): Location changed : Lat: 40.00125 Lng: 105.56358166666665
05-18 15:36:46.344 E/GPSManager( 1824): Location changed : Lat: 40.00125 Lng: 105.56358166666665
05-18 15:36:47.354 E/GPSManager( 1824): Location changed : Lat: 40.00125 Lng: 105.56358166666665
05-18 15:36:48.354 E/GPSManager( 1824): Location changed : Lat: 40.00125 Lng: 105.56358166666665
05-18 15:36:49.354 E/GPSManager( 1824): Location changed : Lat: 40.00125 Lng: 105.56358166666665
05-18 15:36:50.354 E/GPSManager( 1824): Location changed : Lat: 40.00125 Lng: 105.56358166666665
05-18 15:36:51.364 E/GPSManager( 1824): Location changed : Lat: 40.00125 Lng: 105.56358166666665
05-18 15:36:52.364 E/GPSManager( 1824): Location changed : Lat: 40.00125 Lng: 105.56358166666665
05-18 15:36:53.364 E/GPSManager( 1824): Location changed : Lat: 40.00125 Lng: 105.56358166666665
05-18 15:36:54.384 E/GPSManager( 1824): Location changed : Lat: 40.00125 Lng: 105.56358166666665
05-18 15:36:55.374 E/GPSManager( 1824): Location changed : Lat: 40.00125 Lng: 105.56358166666665
05-18 15:36:56.374 E/GPSManager( 1824): Location changed : Lat: 40.00125 Lng: 105.56358166666665
05-18 15:36:57.384 E/GPSManager( 1824): Location changed : Lat: 40.00125 Lng: 105.56358166666665
05-18 15:36:58.384 E/GPSManager( 1824): Location changed : Lat: 40.00125 Lng: 105.56358166666665
05-18 15:36:59.384 E/GPSManager( 1824): Location changed : Lat: 40.00125 Lng: 105.56358166666665
05-18 15:37:00.384 E/GPSManager( 1824): Location changed : Lat: 40.00125 Lng: 105.56358166666665
05-18 15:37:01.394 E/GPSManager( 1824): Location changed : Lat: 40.00125 Lng: 105.56358166666665
05-18 15:37:02.394 E/GPSManager( 1824): Location changed : Lat: 40.00125 Lng: 105.56358166666665
05-18 15:37:03.394 E/GPSManager( 1824): Location changed : Lat: 40.00125 Lng: 105.56358166666665
05-18 15:37:04.404 E/GPSManager( 1824): Location changed : Lat: 40.00125 Lng: 105.56358166666665
05-18 15:37:05.424 E/GPSManager( 1824): Location changed : Lat: 40.00125 Lng: 105.56358166666665
05-18 15:37:06.414 E/GPSManager( 1824): Location changed : Lat: 40.00125 Lng: 105.56358166666665
05-18 15:37:07.454 E/GPSManager( 1824): Location changed : Lat: 40.00125 Lng: 105.56358166666665
05-18 15:37:07.934 E/memtrack( 2519): Couldn't load memtrack module (No such file or directory)
05-18 15:37:07.934 E/android.os.Debug( 2519): failed to load memtrack module: -2
05-18 15:37:08.424 E/GPSManager( 1824): Location changed : Lat: 40.00125 Lng: 105.56358166666665
05-18 15:37:09.124 E/cutils-trace( 2519): Error opening trace file: No such file or directory (2)
05-18 15:37:09.424 E/GPSManager( 1824): Location changed : Lat: 40.00125 Lng: 105.56358166666665
05-18 15:37:09.444 E/cutils-trace( 2534): Error opening trace file: No such file or directory (2)
05-18 15:37:10.414 E/GPSManager( 1824): Location changed : Lat: 40.00125 Lng: 105.56358166666665
05-18 15:37:11.424 E/GPSManager( 1824): Location changed : Lat: 40.00125 Lng: 105.56358166666665
05-18 15:37:12.424 E/GPSManager( 1824): Location changed : Lat: 40.00125 Lng: 105.56358166666665
05-18 15:37:13.424 E/GPSManager( 1824): Location changed : Lat: 40.00125 Lng: 105.56358166666665
05-18 15:37:14.434 E/GPSManager( 1824): Location changed : Lat: 40.00125 Lng: 105.56358166666665
05-18 15:37:15.434 E/GPSManager( 1824): Location changed : Lat: 40.00125 Lng: 105.56358166666665
05-18 15:37:16.454 E/GPSManager( 1824): Location changed : Lat: 40.00125 Lng: 105.56358166666665
05-18 15:37:17.434 E/GPSManager( 1824): Location changed : Lat: 40.00125 Lng: 105.56358166666665
05-18 15:37:18.444 E/GPSManager( 1824): Location changed : Lat: 40.00125 Lng: 105.56358166666665
05-18 15:37:19.444 E/GPSManager( 1824): Location changed : Lat: 40.00125 Lng: 105.56358166666665
05-18 15:37:20.444 E/GPSManager( 1824): Location changed : Lat: 40.00125 Lng: 105.56358166666665
05-18 15:37:21.454 E/GPSManager( 1824): Location changed : Lat: 40.00125 Lng: 105.56358166666665
05-18 15:37:22.454 E/GPSManager( 1824): Location changed : Lat: 40.00125 Lng: 105.56358166666665
05-18 15:37:23.474 E/GPSManager( 1824): Location changed : Lat: 40.00125 Lng: 105.56358166666665
05-18 15:37:24.474 E/GPSManager( 1824): Location changed : Lat: 40.00125 Lng: 105.56358166666665
05-18 15:37:25.474 E/GPSManager( 1824): Location changed : Lat: 40.00125 Lng: 105.56358166666665
05-18 15:37:26.484 E/GPSManager( 1824): Location changed : Lat: 40.00125 Lng: 105.56358166666665
05-18 15:37:27.484 E/GPSManager( 1824): Location changed : Lat: 40.00125 Lng: 105.56358166666665
05-18 15:37:28.514 E/GPSManager( 1824): Location changed : Lat: 40.00125 Lng: 105.56358166666665
05-18 15:37:29.144 E/FastMixer(  167): did not receive expected priority boost
05-18 15:37:29.744 E/GPSManager( 1824): Location changed : Lat: 40.00125 Lng: 105.56358166666665
05-18 15:37:30.664 E/GPSManager( 1824): Location changed : Lat: 40.00125 Lng: 105.56358166666665
05-18 15:37:31.494 E/GPSManager( 1824): Location changed : Lat: 40.00125 Lng: 105.56358166666665
05-18 15:37:32.494 E/GPSManager( 1824): Location changed : Lat: 40.00125 Lng: 105.56358166666665
05-18 15:37:33.204 E/memtrack( 2541): Couldn't load memtrack module (No such file or directory)
05-18 15:37:33.204 E/android.os.Debug( 2541): failed to load memtrack module: -2
05-18 15:37:33.504 E/GPSManager( 1824): Location changed : Lat: 40.00125 Lng: 105.56358166666665
05-18 15:37:34.354 E/cutils-trace( 2541): Error opening trace file: No such file or directory (2)
05-18 15:37:34.504 E/GPSManager( 1824): Location changed : Lat: 40.00125 Lng: 105.56358166666665
05-18 15:37:34.654 E/cutils-trace( 2556): Error opening trace file: No such file or directory (2)
05-18 15:37:35.494 E/GPSManager( 1824): Location changed : Lat: 40.00125 Lng: 105.56358166666665
05-18 15:37:36.504 E/GPSManager( 1824): Location changed : Lat: 40.00125 Lng: 105.56358166666665
05-18 15:37:37.514 E/GPSManager( 1824): Location changed : Lat: 40.00125 Lng: 105.56358166666665
05-18 15:37:38.514 E/GPSManager( 1824): Location changed : Lat: 40.00125 Lng: 105.56358166666665
05-18 15:37:39.544 E/GPSManager( 1824): Location changed : Lat: 40.00125 Lng: 105.56358166666665
05-18 15:37:40.534 E/GPSManager( 1824): Location changed : Lat: 40.00125 Lng: 105.56358166666665
05-18 15:37:41.534 E/GPSManager( 1824): Location changed : Lat: 40.00125 Lng: 105.56358166666665
05-18 15:37:42.554 E/GPSManager( 1824): Location changed : Lat: 40.00125 Lng: 105.56358166666665
05-18 15:37:43.554 E/GPSManager( 1824): Location changed : Lat: 40.00125 Lng: 105.56358166666665
05-18 15:37:44.604 E/GPSManager( 1824): Location changed : Lat: 40.00125 Lng: 105.56358166666665
05-18 15:37:45.574 E/GPSManager( 1824): Location changed : Lat: 40.00125 Lng: 105.56358166666665
05-18 15:37:46.574 E/GPSManager( 1824): Location changed : Lat: 40.00125 Lng: 105.56358166666665
05-18 15:37:47.604 E/GPSManager( 1824): Location changed : Lat: 40.00125 Lng: 105.56358166666665
05-18 15:37:48.584 E/GPSManager( 1824): Location changed : Lat: 40.00125 Lng: 105.56358166666665
05-18 15:37:49.594 E/GPSManager( 1824): Location changed : Lat: 40.00125 Lng: 105.56358166666665
05-18 15:37:50.594 E/GPSManager( 1824): Location changed : Lat: 40.00125 Lng: 105.56358166666665
05-18 15:37:51.594 E/GPSManager( 1824): Location changed : Lat: 40.00125 Lng: 105.56358166666665
05-18 15:37:52.644 E/GPSManager( 1824): Location changed : Lat: 40.00125 Lng: 105.56358166666665
05-18 15:37:53.604 E/GPSManager( 1824): Location changed : Lat: 40.00125 Lng: 105.56358166666665
05-18 15:37:54.634 E/GPSManager( 1824): Location changed : Lat: 40.00125 Lng: 105.56358166666665
05-18 15:37:55.644 E/GPSManager( 1824): Location changed : Lat: 40.00125 Lng: 105.56358166666665
05-18 15:37:56.674 E/GPSManager( 1824): Location changed : Lat: 40.00125 Lng: 105.56358166666665
05-18 15:37:57.684 E/GPSManager( 1824): Location changed : Lat: 40.00125 Lng: 105.56358166666665
05-18 15:37:58.664 E/GPSManager( 1824): Location changed : Lat: 40.00125 Lng: 105.56358166666665
05-18 15:37:59.674 E/GPSManager( 1824): Location changed : Lat: 40.00125 Lng: 105.56358166666665
05-18 15:38:00.674 E/GPSManager( 1824): Location changed : Lat: 40.00125 Lng: 105.56358166666665
05-18 15:38:01.704 E/GPSManager( 1824): Location changed : Lat: 40.00125 Lng: 105.56358166666665
05-18 15:38:02.694 E/GPSManager( 1824): Location changed : Lat: 40.00125 Lng: 105.56358166666665
05-18 15:38:03.714 E/GPSManager( 1824): Location changed : Lat: 40.00125 Lng: 105.56358166666665
05-18 15:38:04.704 E/GPSManager( 1824): Location changed : Lat: 40.00125 Lng: 105.56358166666665
05-18 15:38:05.704 E/GPSManager( 1824): Location changed : Lat: 40.00125 Lng: 105.56358166666665
05-18 15:38:06.704 E/GPSManager( 1824): Location changed : Lat: 40.00125 Lng: 105.56358166666665
05-18 15:38:07.704 E/GPSManager( 1824): Location changed : Lat: 40.00125 Lng: 105.56358166666665
05-18 15:38:08.714 E/GPSManager( 1824): Location changed : Lat: 40.00125 Lng: 105.56358166666665
05-18 15:38:09.714 E/GPSManager( 1824): Location changed : Lat: 40.00125 Lng: 105.56358166666665
05-18 15:38:10.734 E/GPSManager( 1824): Location changed : Lat: 40.00125 Lng: 105.56358166666665
05-18 15:38:11.724 E/GPSManager( 1824): Location changed : Lat: 40.00125 Lng: 105.56358166666665
05-18 15:38:12.734 E/GPSManager( 1824): Location changed : Lat: 40.00125 Lng: 105.56358166666665
05-18 15:38:13.734 E/GPSManager( 1824): Location changed : Lat: 40.00125 Lng: 105.56358166666665
05-18 15:38:14.744 E/GPSManager( 1824): Location changed : Lat: 40.00125 Lng: 105.56358166666665
05-18 15:38:15.744 E/GPSManager( 1824): Location changed : Lat: 40.00125 Lng: 105.56358166666665
05-18 15:38:16.754 E/GPSManager( 1824): Location changed : Lat: 40.00125 Lng: 105.56358166666665
05-18 15:38:17.754 E/GPSManager( 1824): Location changed : Lat: 40.00125 Lng: 105.56358166666665
05-18 15:38:18.744 E/GPSManager( 1824): Location changed : Lat: 40.00125 Lng: 105.56358166666665
05-18 15:38:19.794 E/GPSManager( 1824): Location changed : Lat: 40.00125 Lng: 105.56358166666665
05-18 15:38:20.784 E/GPSManager( 1824): Location changed : Lat: 40.00125 Lng: 105.56358166666665
05-18 15:38:21.784 E/GPSManager( 1824): Location changed : Lat: 40.00125 Lng: 105.56358166666665
05-18 15:38:22.784 E/GPSManager( 1824): Location changed : Lat: 40.00125 Lng: 105.56358166666665
05-18 15:38:23.784 E/GPSManager( 1824): Location changed : Lat: 40.00125 Lng: 105.56358166666665
05-18 15:38:24.794 E/GPSManager( 1824): Location changed : Lat: 40.00125 Lng: 105.56358166666665
05-18 15:38:25.804 E/GPSManager( 1824): Location changed : Lat: 40.00125 Lng: 105.56358166666665
05-18 15:38:26.814 E/GPSManager( 1824): Location changed : Lat: 40.00125 Lng: 105.56358166666665
05-18 15:38:27.804 E/GPSManager( 1824): Location changed : Lat: 40.00125 Lng: 105.56358166666665
05-18 15:38:28.804 E/GPSManager( 1824): Location changed : Lat: 40.00125 Lng: 105.56358166666665
05-18 15:38:29.814 E/GPSManager( 1824): Location changed : Lat: 40.00125 Lng: 105.56358166666665
05-18 15:38:30.814 E/GPSManager( 1824): Location changed : Lat: 40.00125 Lng: 105.56358166666665
05-18 15:38:31.854 E/GPSManager( 1824): Location changed : Lat: 40.00125 Lng: 105.56358166666665
05-18 15:38:32.844 E/GPSManager( 1824): Location changed : Lat: 40.00125 Lng: 105.56358166666665
05-18 15:38:33.834 E/GPSManager( 1824): Location changed : Lat: 40.00125 Lng: 105.56358166666665
05-18 15:38:34.854 E/GPSManager( 1824): Location changed : Lat: 40.00125 Lng: 105.56358166666665
05-18 15:38:35.854 E/GPSManager( 1824): Location changed : Lat: 40.00125 Lng: 105.56358166666665
05-18 15:38:36.864 E/GPSManager( 1824): Location changed : Lat: 40.00125 Lng: 105.56358166666665
05-18 15:38:37.884 E/GPSManager( 1824): Location changed : Lat: 40.00125 Lng: 105.56358166666665
05-18 15:38:38.874 E/GPSManager( 1824): Location changed : Lat: 40.00125 Lng: 105.56358166666665
05-18 15:38:39.894 E/GPSManager( 1824): Location changed : Lat: 40.00125 Lng: 105.56358166666665
05-18 15:38:40.884 E/GPSManager( 1824): Location changed : Lat: 40.00125 Lng: 105.56358166666665
05-18 15:38:41.904 E/GPSManager( 1824): Location changed : Lat: 40.00125 Lng: 105.56358166666665
05-18 15:38:42.894 E/GPSManager( 1824): Location changed : Lat: 40.00125 Lng: 105.56358166666665
05-18 15:38:43.894 E/GPSManager( 1824): Location changed : Lat: 40.00125 Lng: 105.56358166666665
05-18 15:38:44.894 E/GPSManager( 1824): Location changed : Lat: 40.00125 Lng: 105.56358166666665
05-18 15:38:45.904 E/GPSManager( 1824): Location changed : Lat: 40.00125 Lng: 105.56358166666665
05-18 15:38:46.904 E/GPSManager( 1824): Location changed : Lat: 40.00125 Lng: 105.56358166666665
05-18 15:38:47.914 E/GPSManager( 1824): Location changed : Lat: 40.00125 Lng: 105.56358166666665
05-18 15:38:48.924 E/GPSManager( 1824): Location changed : Lat: 40.00125 Lng: 105.56358166666665
05-18 15:38:49.944 E/GPSManager( 1824): Location changed : Lat: 40.00125 Lng: 105.56358166666665
05-18 15:38:50.944 E/GPSManager( 1824): Location changed : Lat: 40.00125 Lng: 105.56358166666665
05-18 15:38:51.944 E/GPSManager( 1824): Location changed : Lat: 40.00125 Lng: 105.56358166666665
05-18 15:38:52.944 E/GPSManager( 1824): Location changed : Lat: 40.00125 Lng: 105.56358166666665
05-18 15:38:53.954 E/GPSManager( 1824): Location changed : Lat: 40.00125 Lng: 105.56358166666665
05-18 15:38:54.944 E/GPSManager( 1824): Location changed : Lat: 40.00125 Lng: 105.56358166666665
05-18 15:38:55.944 E/GPSManager( 1824): Location changed : Lat: 40.00125 Lng: 105.56358166666665
05-18 15:38:56.954 E/GPSManager( 1824): Location changed : Lat: 40.00125 Lng: 105.56358166666665
05-18 15:38:57.964 E/GPSManager( 1824): Location changed : Lat: 40.00125 Lng: 105.56358166666665
05-18 15:38:58.964 E/GPSManager( 1824): Location changed : Lat: 40.00125 Lng: 105.56358166666665
05-18 15:38:59.974 E/GPSManager( 1824): Location changed : Lat: 40.00125 Lng: 105.56358166666665
05-18 15:39:00.964 E/GPSManager( 1824): Location changed : Lat: 40.00125 Lng: 105.56358166666665
05-18 15:39:01.964 E/GPSManager( 1824): Location changed : Lat: 40.00125 Lng: 105.56358166666665
05-18 15:39:02.974 E/GPSManager( 1824): Location changed : Lat: 40.00125 Lng: 105.56358166666665
05-18 15:39:03.974 E/GPSManager( 1824): Location changed : Lat: 40.00125 Lng: 105.56358166666665
05-18 15:39:04.974 E/GPSManager( 1824): Location changed : Lat: 40.00125 Lng: 105.56358166666665
05-18 15:39:05.984 E/GPSManager( 1824): Location changed : Lat: 40.00125 Lng: 105.56358166666665
05-18 15:39:07.004 E/GPSManager( 1824): Location changed : Lat: 40.00125 Lng: 105.56358166666665
05-18 15:39:08.014 E/GPSManager( 1824): Location changed : Lat: 40.00125 Lng: 105.56358166666665
05-18 15:39:09.004 E/GPSManager( 1824): Location changed : Lat: 40.00125 Lng: 105.56358166666665
05-18 15:39:10.004 E/GPSManager( 1824): Location changed : Lat: 40.00125 Lng: 105.56358166666665
05-18 15:39:11.014 E/GPSManager( 1824): Location changed : Lat: 40.00125 Lng: 105.56358166666665
05-18 15:39:12.014 E/GPSManager( 1824): Location changed : Lat: 40.00125 Lng: 105.56358166666665
05-18 15:39:13.014 E/GPSManager( 1824): Location changed : Lat: 40.00125 Lng: 105.56358166666665
05-18 15:39:14.024 E/GPSManager( 1824): Location changed : Lat: 40.00125 Lng: 105.56358166666665
05-18 15:39:15.024 E/GPSManager( 1824): Location changed : Lat: 40.00125 Lng: 105.56358166666665
05-18 15:39:16.034 E/GPSManager( 1824): Location changed : Lat: 40.00125 Lng: 105.56358166666665
05-18 15:39:17.034 E/GPSManager( 1824): Location changed : Lat: 40.00125 Lng: 105.56358166666665
