--------- beginning of /dev/log/system
--------- beginning of /dev/log/main
05-19 13:36:25.654 E/ConsumerIrService(  479): Can't open consumer IR HW Module, error: -2
05-19 13:36:25.654 E/libsuspend(  479): Error opening /sys/power/autosleep: No such file or directory
05-19 13:36:25.654 E/libsuspend(  479): Error opening /sys/power/wakeup_count: Permission denied
05-19 13:36:25.654 E/libsuspend(  479): failed to initialize autosuspend
05-19 13:36:25.684 E/EventHub(  479): could not get driver version for /dev/input/mouse4, Not a typewriter
05-19 13:36:25.704 E/EventHub(  479): could not get driver version for /dev/input/mouse3, Not a typewriter
05-19 13:36:25.744 E/EventHub(  479): could not get driver version for /dev/input/mouse2, Not a typewriter
05-19 13:36:25.764 E/EventHub(  479): could not get driver version for /dev/input/mouse0, Not a typewriter
05-19 13:36:25.804 E/EventHub(  479): could not get driver version for /dev/input/mice, Not a typewriter
05-19 13:36:25.804 E/ConnectivityService(  479): Ignoring protectedNetwork 10
05-19 13:36:25.804 E/ConnectivityService(  479): Ignoring protectedNetwork 11
05-19 13:36:25.804 E/ConnectivityService(  479): Ignoring protectedNetwork 12
05-19 13:36:25.804 E/ConnectivityService(  479): Ignoring protectedNetwork 14
05-19 13:36:25.804 E/MobileDataStateTracker(  479): default: Ignoring feature request because could not acquire PhoneService
05-19 13:36:25.804 E/MobileDataStateTracker(  479): default: Could not enable APN type "default"
05-19 13:36:25.874 E/EventHub(  479): could not get driver version for /dev/input/mouse1, Not a typewriter
05-19 13:36:25.984 E/libsuspend(  479): Error opening /sys/power/autosleep: No such file or directory
05-19 13:36:25.984 E/libsuspend(  479): Error opening /sys/power/wakeup_count: Permission denied
05-19 13:36:25.984 E/libsuspend(  479): failed to initialize autosuspend
05-19 13:36:26.244 E/EGL_emulation(  479): egl: destroying current context refused
05-19 13:36:26.304 E/WVMExtractor(  171): Failed to open libwvm.so
05-19 13:36:26.334 E/cutils-trace(  171): Error opening trace file: No such file or directory (2)
05-19 13:36:26.354 E/WifiStateMachine(  479): Failed to reload STA firmware java.lang.IllegalArgumentException: command '2 softap fwreload eth1 STA' failed with '501 2 SoftAP command has failed'
05-19 13:36:26.394 E/Netd    (  164): Failed to open /proc/sys/net/ipv6/conf/eth1/use_tempaddr: No such file or directory
05-19 13:36:26.424 E/WifiStateMachine(  479): Unable to change interface settings: java.lang.IllegalStateException: command '6 interface ipv6privacyextensions eth1 enable' failed with '400 6 Failed to set ipv6 privacy extensions (No such file or directory)'
05-19 13:36:26.434 E/BandwidthController(  164): runIptablesCmd(): res=1 status=256 failed /system/bin/iptables -I bw_INPUT -m quota2 ! --quota 2097152 --name globalAlert
05-19 13:36:26.434 E/BandwidthController(  164): runIptablesCmd(): res=1 status=256 failed /system/bin/ip6tables -I bw_INPUT -m quota2 ! --quota 2097152 --name globalAlert
05-19 13:36:26.434 E/BandwidthController(  164): runIptablesCmd(): res=1 status=256 failed /system/bin/iptables -I bw_OUTPUT -m quota2 ! --quota 2097152 --name globalAlert
05-19 13:36:26.434 E/BandwidthController(  164): runIptablesCmd(): res=1 status=256 failed /system/bin/ip6tables -I bw_OUTPUT -m quota2 ! --quota 2097152 --name globalAlert
05-19 13:36:26.614 E/LocationManagerService(  479): no geocoder provider found
05-19 13:36:26.624 E/WifiConfigStore(  479): Error parsing configurationjava.io.FileNotFoundException: /data/misc/wifi/ipconfig.txt: open failed: ENOENT (No such file or directory)
05-19 13:36:26.624 E/WifiStateMachine(  479): Failed to set country code CN
05-19 13:36:26.624 E/WifiStateMachine(  479): Failed to set frequency band 0
05-19 13:36:26.674 E/FlpHardwareProvider(  479): Error hw_get_module 'flp': -2
05-19 13:36:26.674 E/FlpHardwareProvider(  479): Error hw_get_module 'flp': -2
05-19 13:36:26.674 E/LocationManagerService(  479): No FusedProvider found.
05-19 13:36:26.674 E/GpsLocationProvider(  479): no AGPS interface in set_agps_server
05-19 13:36:26.674 E/LocationManagerService(  479): no geofence provider found
05-19 13:36:26.814 E/BluetoothInputDevice(  644): Could not bind to Bluetooth HID Service with Intent { act=android.bluetooth.IBluetoothInputDevice }
05-19 13:36:26.814 E/BluetoothPan(  644): Could not bind to Bluetooth Pan Service with Intent { act=android.bluetooth.IBluetoothPan }
05-19 13:36:26.814 E/BluetoothMap(  644): Could not bind to Bluetooth MAP Service with Intent { act=android.bluetooth.IBluetoothMap }
05-19 13:36:26.824 E/BluetoothPbap(  644): Could not bind to Bluetooth Pbap Service with Intent { act=android.bluetooth.IBluetoothPbap }
05-19 13:36:27.024 E/BluetoothHeadset(  664): Could not bind to Bluetooth Headset Service with Intent { act=android.bluetooth.IBluetoothHeadset }
05-19 13:36:27.044 E/BluetoothHeadset(  664): Could not bind to Bluetooth Headset Service with Intent { act=android.bluetooth.IBluetoothHeadset }
05-19 13:36:27.114 E/BluetoothHeadset(  664): Could not bind to Bluetooth Headset Service with Intent { act=android.bluetooth.IBluetoothHeadset }
05-19 13:36:27.114 E/BluetoothPhoneService(  664): Could not get a handle on Connection object for the call
05-19 13:36:27.374 E/SA.AnalyticsMessages(  675): Failed to get vtrack configure from SensorsAnalaytics.
05-19 13:36:27.484 E/dalvikvm(  693): Could not find class 'javax.net.ssl.SNIHostName', referenced from method com.google.android.gms.org.conscrypt.Platform.getSSLParameters
05-19 13:36:27.484 E/dalvikvm(  693): Could not find class 'javax.net.ssl.SNIServerName', referenced from method com.google.android.gms.org.conscrypt.Platform.setSSLParameters
05-19 13:36:27.494 E/dalvikvm(  693): Could not find class 'com.google.android.gms.org.conscrypt.OpenSSLExtendedSessionImpl', referenced from method com.google.android.gms.org.conscrypt.Platform.wrapSSLSession
05-19 13:36:27.534 E/dalvikvm(  693): Could not find class 'com.google.android.gms.org.conscrypt.OpenSSLExtendedSessionImpl', referenced from method com.google.android.gms.org.conscrypt.SSLParametersImpl.getSessionToReuse
05-19 13:36:27.714 E/WifiStateMachine(  479): Unexpected BatchedScanResults :null
05-19 13:36:28.104 E/dalvikvm(  693): Could not find class 'android.app.ActivityManager$TaskDescription', referenced from method txi.a
05-19 13:36:28.104 E/WifiStateMachine(  479): Failed to set country code CN
05-19 13:36:28.754 E/ConnectivityService(  479): Unexpected mtu value: android.net.wifi.WifiStateTracker@4a868d80
05-19 13:36:28.914 E/memtrack(  779): Couldn't load memtrack module (No such file or directory)
05-19 13:36:28.914 E/android.os.Debug(  779): failed to load memtrack module: -2
05-19 13:36:28.934 E/memtrack(  748): Couldn't load memtrack module (No such file or directory)
05-19 13:36:28.934 E/android.os.Debug(  748): failed to load memtrack module: -2
05-19 13:36:28.934 E/WifiStateMachine(  479): Failed to set country code CN
05-19 13:36:28.934 E/memtrack(  761): Couldn't load memtrack module (No such file or directory)
05-19 13:36:28.934 E/android.os.Debug(  761): failed to load memtrack module: -2
05-19 13:36:29.194 E/cutils-trace(  761): Error opening trace file: No such file or directory (2)
05-19 13:36:29.194 E/cutils-trace(  748): Error opening trace file: No such file or directory (2)
05-19 13:36:29.194 E/cutils-trace(  779): Error opening trace file: No such file or directory (2)
05-19 13:36:29.294 E/dalvikvm(  881): Could not find class 'javax.net.ssl.SNIHostName', referenced from method com.google.android.gms.org.conscrypt.Platform.getSSLParameters
05-19 13:36:29.294 E/dalvikvm(  881): Could not find class 'javax.net.ssl.SNIServerName', referenced from method com.google.android.gms.org.conscrypt.Platform.setSSLParameters
05-19 13:36:29.294 E/dalvikvm(  881): Could not find class 'com.google.android.gms.org.conscrypt.OpenSSLExtendedSessionImpl', referenced from method com.google.android.gms.org.conscrypt.Platform.wrapSSLSession
05-19 13:36:29.324 E/dalvikvm(  881): Could not find class 'com.google.android.gms.org.conscrypt.OpenSSLExtendedSessionImpl', referenced from method com.google.android.gms.org.conscrypt.SSLParametersImpl.getSessionToReuse
05-19 13:36:29.424 E/dalvikvm(  693): Could not find class 'jqk', referenced from method jqi.a
05-19 13:36:29.454 E/TelephonyProvider(  664): Failed setting numeric '460075' to the current operator
05-19 13:36:29.464 E/dalvikvm(  693): Could not find class 'jgj', referenced from method jgi.a
05-19 13:36:29.614 E/memtrack(  856): Couldn't load memtrack module (No such file or directory)
05-19 13:36:29.614 E/android.os.Debug(  856): failed to load memtrack module: -2
05-19 13:36:29.644 E/dalvikvm(  693): Could not find class 'aiem', referenced from method aita.<init>
05-19 13:36:29.684 E/cutils-trace(  856): Error opening trace file: No such file or directory (2)
05-19 13:36:29.694 E/memtrack(  822): Couldn't load memtrack module (No such file or directory)
05-19 13:36:29.694 E/android.os.Debug(  822): failed to load memtrack module: -2
05-19 13:36:29.694 E/dalvikvm(  693): Could not find class 'aiqs', referenced from method aiqu.a
05-19 13:36:29.694 E/dalvikvm(  693): Could not find class 'android.app.AlarmManager$OnAlarmListener', referenced from method aiqu.a
05-19 13:36:29.734 E/cutils-trace(  822): Error opening trace file: No such file or directory (2)
05-19 13:36:29.844 E/dalvikvm(  693): Could not find class 'android.bluetooth.le.AdvertiseSettings$Builder', referenced from method aqrk.a
05-19 13:36:30.364 E/dalvikvm(  693): Could not find class 'android.app.usage.UsageStatsManager', referenced from method ugw.a
05-19 13:36:30.584 E/dalvikvm(  802): Could not find class 'com.google.android.finsky.hygiene.HygieneJobService', referenced from method com.google.android.finsky.dailyhygiene.DailyHygiene.a
05-19 13:36:30.584 E/dalvikvm(  802): Could not find class 'com.google.android.finsky.services.MaintenanceWindowJobService', referenced from method com.google.android.finsky.dailyhygiene.DailyHygiene.g
05-19 13:36:30.714 E/memtrack( 1027): Couldn't load memtrack module (No such file or directory)
05-19 13:36:30.714 E/android.os.Debug( 1027): failed to load memtrack module: -2
05-19 13:36:30.824 E/cutils-trace( 1027): Error opening trace file: No such file or directory (2)
05-19 13:36:30.884 E/dalvikvm(  693): Could not find class 'android.app.usage.UsageStatsManager', referenced from method com.google.android.gms.wearable.service.WearableChimeraService.onCreate
05-19 13:36:30.914 E/dalvikvm(  693): Could not find class 'android.telecom.TelecomManager', referenced from method afwv.a
05-19 13:36:30.944 E/GCoreUlr(  693): Bad errorId configuring silent feedback
05-19 13:36:30.954 E/Finsky  (  802): [1] com.google.android.finsky.wear.bl.a(847): onConnectionFailed: ConnectionResult{statusCode=API_UNAVAILABLE, resolution=null, message=null}
05-19 13:36:31.004 E/GCoreUlr(  693): Bad errorId configuring silent feedback
05-19 13:36:31.064 E/BaseAppContext(  881): Tried to stop global GMSCore RequestQueue. This is likely unintended, so ignoring.
05-19 13:36:36.724 E/RemotePrintSpooler(  479): Error removing obsolete print jobs .
05-19 13:36:36.724 E/RemotePrintSpooler(  479): java.util.concurrent.TimeoutException: Cannot get spooler!
05-19 13:36:36.724 E/RemotePrintSpooler(  479): 	at com.android.server.print.RemotePrintSpooler.bindLocked(RemotePrintSpooler.java:376)
05-19 13:36:36.724 E/RemotePrintSpooler(  479): 	at com.android.server.print.RemotePrintSpooler.getRemoteInstanceLazy(RemotePrintSpooler.java:352)
05-19 13:36:36.724 E/RemotePrintSpooler(  479): 	at com.android.server.print.RemotePrintSpooler.removeObsoletePrintJobs(RemotePrintSpooler.java:287)
05-19 13:36:36.724 E/RemotePrintSpooler(  479): 	at com.android.server.print.UserState.removeObsoletePrintJobs(UserState.java:163)
05-19 13:36:36.724 E/RemotePrintSpooler(  479): 	at com.android.server.print.PrintManagerService$1.run(PrintManagerService.java:94)
05-19 13:36:36.724 E/RemotePrintSpooler(  479): 	at android.os.Handler.handleCallback(Handler.java:733)
05-19 13:36:36.724 E/RemotePrintSpooler(  479): 	at android.os.Handler.dispatchMessage(Handler.java:95)
05-19 13:36:36.724 E/RemotePrintSpooler(  479): 	at android.os.Looper.loop(Looper.java:136)
05-19 13:36:36.724 E/RemotePrintSpooler(  479): 	at android.os.HandlerThread.run(HandlerThread.java:61)
05-19 13:36:36.754 E/GpsLocationProvider(  479): no AGPS interface in set_agps_server
05-19 13:36:36.764 E/dalvikvm(  727): Could not find class 'javax.net.ssl.SNIHostName', referenced from method com.google.android.gms.org.conscrypt.Platform.getSSLParameters
05-19 13:36:36.764 E/dalvikvm(  727): Could not find class 'javax.net.ssl.SNIServerName', referenced from method com.google.android.gms.org.conscrypt.Platform.setSSLParameters
05-19 13:36:36.764 E/dalvikvm(  727): Could not find class 'com.google.android.gms.org.conscrypt.OpenSSLExtendedSessionImpl', referenced from method com.google.android.gms.org.conscrypt.Platform.wrapSSLSession
05-19 13:36:36.784 E/dalvikvm(  727): Could not find class 'com.google.android.gms.org.conscrypt.OpenSSLExtendedSessionImpl', referenced from method com.google.android.gms.org.conscrypt.SSLParametersImpl.getSessionToReuse
05-19 13:36:37.234 E/local_gps(  163): Can't send RMC command
05-19 13:36:38.414 E/BluetoothManagerService(  479): Fail to bind to: Intent { act=android.bluetooth.IBluetooth }
05-19 13:36:38.414 E/WifiStateMachine(  479): Failed to set country code CN
05-19 13:36:38.424 E/BluetoothHeadset(  479): Could not bind to Bluetooth Headset Service with Intent { act=android.bluetooth.IBluetoothHeadset }
05-19 13:36:38.424 E/BluetoothA2dp(  479): Could not bind to Bluetooth A2DP Service with Intent { act=android.bluetooth.IBluetoothA2dp }
05-19 13:36:39.574 E/FileScannerService( 1213): binding file scanner
05-19 13:36:39.624 E/UpdateRequestReceiver( 1343): ignoring update request
05-19 13:36:39.624 E/UpdateRequestReceiver( 1343): ignoring update request
05-19 13:36:39.624 E/UpdateRequestReceiver( 1343): ignoring update request
05-19 13:36:39.624 E/UpdateRequestReceiver( 1343): ignoring update request
05-19 13:36:39.634 E/UpdateRequestReceiver( 1343): ignoring update request
05-19 13:36:39.634 E/UpdateRequestReceiver( 1343): ignoring update request
05-19 13:36:39.824 E/dalvikvm(  881): Could not find class 'android.telephony.SubscriptionManager', referenced from method com.google.android.gms.checkin.CheckinChimeraService.c
05-19 13:36:39.834 E/dalvikvm(  881): Could not find class 'android.service.persistentdata.PersistentDataBlockManager', referenced from method dzw.a
05-19 13:36:39.864 E/dalvikvm(  881): Could not find class 'android.net.NetworkRequest$Builder', referenced from method com.google.android.gms.common.stats.GmsCoreStatsChimeraService.onCreate
05-19 13:36:39.874 E/dalvikvm(  693): Could not find class 'android.net.NetworkRequest$Builder', referenced from method com.google.android.gms.common.stats.GmsCoreStatsChimeraService.onCreate
05-19 13:36:39.974 E/dalvikvm(  727): Could not find class 'android.app.job.JobScheduler', referenced from method pqd.a
05-19 13:36:39.994 E/dalvikvm(  727): Could not find class 'android.app.usage.UsageStatsManager', referenced from method ppl.a
05-19 13:36:40.284 E/Ads     (  881): Error while retrieving parental controls.
05-19 13:36:40.284 E/Ads     (  881): java.lang.NullPointerException
05-19 13:36:40.284 E/Ads     (  881): 	at android.os.Parcel.readException(Parcel.java:1471)
05-19 13:36:40.284 E/Ads     (  881): 	at android.os.Parcel.readException(Parcel.java:1419)
05-19 13:36:40.284 E/Ads     (  881): 	at bbb.a(:com.google.android.gms:139)
05-19 13:36:40.284 E/Ads     (  881): 	at com.google.android.gms.ads.play.c.onServiceConnected(:com.google.android.gms:175)
05-19 13:36:40.284 E/Ads     (  881): 	at android.app.LoadedApk$ServiceDispatcher.doConnected(LoadedApk.java:1110)
05-19 13:36:40.284 E/Ads     (  881): 	at android.app.LoadedApk$ServiceDispatcher$RunConnection.run(LoadedApk.java:1127)
05-19 13:36:40.284 E/Ads     (  881): 	at android.os.Handler.handleCallback(Handler.java:733)
05-19 13:36:40.284 E/Ads     (  881): 	at android.os.Handler.dispatchMessage(Handler.java:95)
05-19 13:36:40.284 E/Ads     (  881): 	at android.os.Looper.loop(Looper.java:136)
05-19 13:36:40.284 E/Ads     (  881): 	at android.app.ActivityThread.main(ActivityThread.java:5019)
05-19 13:36:40.284 E/Ads     (  881): 	at java.lang.reflect.Method.invokeNative(Native Method)
05-19 13:36:40.284 E/Ads     (  881): 	at java.lang.reflect.Method.invoke(Method.java:515)
05-19 13:36:40.284 E/Ads     (  881): 	at com.android.internal.os.ZygoteInit$MethodAndArgsCaller.run(ZygoteInit.java:779)
05-19 13:36:40.284 E/Ads     (  881): 	at com.android.internal.os.ZygoteInit.main(ZygoteInit.java:595)
05-19 13:36:40.284 E/Ads     (  881): 	at dalvik.system.NativeStart.main(Native Method)
05-19 13:36:40.324 E/dalvikvm(  881): Could not find class 'jgj', referenced from method jgi.a
05-19 13:36:40.414 E/dalvikvm(  881): Could not find class 'android.telephony.SubscriptionManager', referenced from method hgi.a
05-19 13:36:40.464 E/GCM     (  727): Missing checkin config file
05-19 13:36:40.464 E/GCM     (  727): Missing checkin config file
05-19 13:36:40.484 E/ActivityThread(  881): Failed to find provider info for com.google.android.wearable.settings
05-19 13:36:40.524 E/Icing   (  881): street name for address is empty or is not existed. 
05-19 13:36:40.524 E/Icing   (  881): Opening file  for read failed: No such file or directory
05-19 13:36:40.524 E/Icing   (  881): Unable to open file . 
05-19 13:36:40.524 E/Icing   (  881): WordsMap was not properly initialized
05-19 13:36:40.574 E/dalvikvm(  881): Could not find class 'android.net.NetworkRequest$Builder', referenced from method addo.b
05-19 13:36:40.624 E/MDM     (  881): [119] tdv.a: Couldn't connect to Google API client: hvk{statusCode=API_UNAVAILABLE, resolution=null, message=null}
05-19 13:36:40.784 E/dalvikvm( 1496): Could not find class 'javax.net.ssl.SNIHostName', referenced from method com.google.android.gms.org.conscrypt.Platform.getSSLParameters
05-19 13:36:40.784 E/dalvikvm( 1496): Could not find class 'javax.net.ssl.SNIServerName', referenced from method com.google.android.gms.org.conscrypt.Platform.setSSLParameters
05-19 13:36:40.784 E/dalvikvm( 1496): Could not find class 'com.google.android.gms.org.conscrypt.OpenSSLExtendedSessionImpl', referenced from method com.google.android.gms.org.conscrypt.Platform.wrapSSLSession
05-19 13:36:40.794 E/GCM     (  727): Missing checkin config file
05-19 13:36:40.804 E/MS_RegisterService(  881): Exception getting GCM token
05-19 13:36:40.804 E/MS_RegisterService(  881): java.io.IOException: AUTHENTICATION_FAILED
05-19 13:36:40.804 E/MS_RegisterService(  881): 	at rie.b(:com.google.android.gms:816)
05-19 13:36:40.804 E/MS_RegisterService(  881): 	at rie.a(:com.google.android.gms:787)
05-19 13:36:40.804 E/MS_RegisterService(  881): 	at ria.c(:com.google.android.gms:524)
05-19 13:36:40.804 E/MS_RegisterService(  881): 	at ria.b(:com.google.android.gms:487)
05-19 13:36:40.804 E/MS_RegisterService(  881): 	at agry.a(:com.google.android.gms:1439)
05-19 13:36:40.804 E/MS_RegisterService(  881): 	at com.google.android.libraries.matchstick.net.SilentRegisterIntentOperation.a(:com.google.android.gms:1021)
05-19 13:36:40.804 E/MS_RegisterService(  881): 	at com.google.android.libraries.matchstick.net.SilentRegisterIntentOperation.onHandleIntent(:com.google.android.gms:467)
05-19 13:36:40.804 E/MS_RegisterService(  881): 	at com.google.android.chimera.IntentOperation.onHandleIntent(:com.google.android.gms:118)
05-19 13:36:40.804 E/MS_RegisterService(  881): 	at bwq.run(:com.google.android.gms:1864)
05-19 13:36:40.804 E/MS_RegisterService(  881): 	at bwn.run(:com.google.android.gms:1143)
05-19 13:36:40.804 E/MS_RegisterService(  881): 	at java.util.concurrent.ThreadPoolExecutor.runWorker(ThreadPoolExecutor.java:1112)
05-19 13:36:40.804 E/MS_RegisterService(  881): 	at java.util.concurrent.ThreadPoolExecutor$Worker.run(ThreadPoolExecutor.java:587)
05-19 13:36:40.804 E/MS_RegisterService(  881): 	at java.lang.Thread.run(Thread.java:841)
05-19 13:36:40.804 E/GCoreUlr(  693): Bad errorId configuring silent feedback
05-19 13:36:40.814 E/dalvikvm( 1496): Could not find class 'com.google.android.gms.org.conscrypt.OpenSSLExtendedSessionImpl', referenced from method com.google.android.gms.org.conscrypt.SSLParametersImpl.getSessionToReuse
05-19 13:36:40.954 E/dalvikvm( 1496): Could not find class 'jgj', referenced from method jgi.a
05-19 13:36:41.004 E/dalvikvm(  881): Could not find class 'android.app.usage.UsageStatsManager', referenced from method rff.a
05-19 13:36:46.174 E/GCM     (  727): Missing checkin config file
05-19 13:36:46.174 E/GCM     (  727): Missing checkin config file
05-19 13:36:48.684 E/memtrack( 1586): Couldn't load memtrack module (No such file or directory)
05-19 13:36:48.684 E/android.os.Debug( 1586): failed to load memtrack module: -2
05-19 13:36:48.704 E/cutils-trace( 1586): Error opening trace file: No such file or directory (2)
05-19 13:36:49.634 E/memtrack( 1603): Couldn't load memtrack module (No such file or directory)
05-19 13:36:49.634 E/android.os.Debug( 1603): failed to load memtrack module: -2
05-19 13:36:49.644 E/cutils-trace( 1603): Error opening trace file: No such file or directory (2)
05-19 13:36:50.654 E/memtrack( 1619): Couldn't load memtrack module (No such file or directory)
05-19 13:36:50.654 E/android.os.Debug( 1619): failed to load memtrack module: -2
05-19 13:36:50.674 E/cutils-trace( 1619): Error opening trace file: No such file or directory (2)
05-19 13:36:51.314 E/memtrack( 1631): Couldn't load memtrack module (No such file or directory)
05-19 13:36:51.314 E/android.os.Debug( 1631): failed to load memtrack module: -2
05-19 13:36:51.334 E/cutils-trace( 1631): Error opening trace file: No such file or directory (2)
05-19 13:36:52.154 E/memtrack( 1643): Couldn't load memtrack module (No such file or directory)
05-19 13:36:52.154 E/android.os.Debug( 1643): failed to load memtrack module: -2
05-19 13:36:52.164 E/cutils-trace( 1643): Error opening trace file: No such file or directory (2)
05-19 13:36:52.994 E/memtrack( 1655): Couldn't load memtrack module (No such file or directory)
05-19 13:36:52.994 E/android.os.Debug( 1655): failed to load memtrack module: -2
05-19 13:36:53.004 E/cutils-trace( 1655): Error opening trace file: No such file or directory (2)
05-19 13:36:53.664 E/memtrack( 1667): Couldn't load memtrack module (No such file or directory)
05-19 13:36:53.664 E/android.os.Debug( 1667): failed to load memtrack module: -2
05-19 13:36:53.684 E/cutils-trace( 1667): Error opening trace file: No such file or directory (2)
05-19 13:36:54.624 E/memtrack( 1683): Couldn't load memtrack module (No such file or directory)
05-19 13:36:54.624 E/android.os.Debug( 1683): failed to load memtrack module: -2
05-19 13:36:54.644 E/cutils-trace( 1683): Error opening trace file: No such file or directory (2)
05-19 13:36:55.014 E/dalvikvm( 1695): Could not find class 'javax.net.ssl.SNIHostName', referenced from method com.google.android.gms.org.conscrypt.Platform.getSSLParameters
05-19 13:36:55.014 E/dalvikvm( 1695): Could not find class 'javax.net.ssl.SNIServerName', referenced from method com.google.android.gms.org.conscrypt.Platform.setSSLParameters
05-19 13:36:55.014 E/dalvikvm( 1695): Could not find class 'com.google.android.gms.org.conscrypt.OpenSSLExtendedSessionImpl', referenced from method com.google.android.gms.org.conscrypt.Platform.wrapSSLSession
05-19 13:36:55.044 E/dalvikvm( 1695): Could not find class 'com.google.android.gms.org.conscrypt.OpenSSLExtendedSessionImpl', referenced from method com.google.android.gms.org.conscrypt.SSLParametersImpl.getSessionToReuse
05-19 13:36:55.234 E/dalvikvm(  881): Could not find class 'com.google.android.gms.common.permission.PermissionUtils$1', referenced from method com.google.android.gms.chimera.GmsModuleInitializer.initializeModuleV0
05-19 13:36:55.364 E/memtrack( 1707): Couldn't load memtrack module (No such file or directory)
05-19 13:36:55.364 E/android.os.Debug( 1707): failed to load memtrack module: -2
05-19 13:36:55.384 E/cutils-trace( 1707): Error opening trace file: No such file or directory (2)
05-19 13:36:55.634 E/Cataloger( 1213): syncFile:/storage/emulated/0/server.log.19
05-19 13:36:55.644 E/Cataloger( 1213): need not sync path:/storage/emulated/0/server.log.19
05-19 13:36:55.644 E/Cataloger( 1213): syncFile:/storage/emulated/0/server.log.18
05-19 13:36:55.644 E/Cataloger( 1213): need not sync path:/storage/emulated/0/server.log.18
05-19 13:36:55.644 E/Cataloger( 1213): syncFile:/storage/emulated/0/server.log.19
05-19 13:36:55.644 E/Cataloger( 1213): need not sync path:/storage/emulated/0/server.log.19
05-19 13:36:55.644 E/Cataloger( 1213): syncFile:/storage/emulated/0/server.log.17
05-19 13:36:55.654 E/Cataloger( 1213): need not sync path:/storage/emulated/0/server.log.17
05-19 13:36:55.654 E/Cataloger( 1213): syncFile:/storage/emulated/0/server.log.18
05-19 13:36:55.654 E/Cataloger( 1213): need not sync path:/storage/emulated/0/server.log.18
05-19 13:36:55.654 E/Cataloger( 1213): syncFile:/storage/emulated/0/server.log.16
05-19 13:36:55.664 E/Cataloger( 1213): need not sync path:/storage/emulated/0/server.log.16
05-19 13:36:55.664 E/Cataloger( 1213): syncFile:/storage/emulated/0/server.log.17
05-19 13:36:55.664 E/Cataloger( 1213): need not sync path:/storage/emulated/0/server.log.17
05-19 13:36:55.664 E/Cataloger( 1213): syncFile:/storage/emulated/0/server.log.15
05-19 13:36:55.664 E/Cataloger( 1213): need not sync path:/storage/emulated/0/server.log.15
05-19 13:36:55.664 E/Cataloger( 1213): syncFile:/storage/emulated/0/server.log.16
05-19 13:36:55.664 E/Cataloger( 1213): need not sync path:/storage/emulated/0/server.log.16
05-19 13:36:55.664 E/Cataloger( 1213): syncFile:/storage/emulated/0/server.log.14
05-19 13:36:55.674 E/Cataloger( 1213): need not sync path:/storage/emulated/0/server.log.14
05-19 13:36:55.674 E/Cataloger( 1213): syncFile:/storage/emulated/0/server.log.15
05-19 13:36:55.674 E/Cataloger( 1213): need not sync path:/storage/emulated/0/server.log.15
05-19 13:36:55.674 E/Cataloger( 1213): syncFile:/storage/emulated/0/server.log.13
05-19 13:36:55.684 E/Cataloger( 1213): need not sync path:/storage/emulated/0/server.log.13
05-19 13:36:55.684 E/Cataloger( 1213): syncFile:/storage/emulated/0/server.log.14
05-19 13:36:55.684 E/Cataloger( 1213): need not sync path:/storage/emulated/0/server.log.14
05-19 13:36:55.684 E/Cataloger( 1213): syncFile:/storage/emulated/0/server.log.12
05-19 13:36:55.684 E/Cataloger( 1213): need not sync path:/storage/emulated/0/server.log.12
05-19 13:36:55.684 E/Cataloger( 1213): syncFile:/storage/emulated/0/server.log.13
05-19 13:36:55.694 E/Cataloger( 1213): need not sync path:/storage/emulated/0/server.log.13
05-19 13:36:55.694 E/Cataloger( 1213): syncFile:/storage/emulated/0/server.log.11
05-19 13:36:55.694 E/Cataloger( 1213): need not sync path:/storage/emulated/0/server.log.11
05-19 13:36:55.694 E/Cataloger( 1213): syncFile:/storage/emulated/0/server.log.12
05-19 13:36:55.694 E/Cataloger( 1213): need not sync path:/storage/emulated/0/server.log.12
05-19 13:36:55.694 E/Cataloger( 1213): syncFile:/storage/emulated/0/server.log.10
05-19 13:36:55.704 E/Cataloger( 1213): need not sync path:/storage/emulated/0/server.log.10
05-19 13:36:55.704 E/Cataloger( 1213): syncFile:/storage/emulated/0/server.log.11
05-19 13:36:55.704 E/Cataloger( 1213): need not sync path:/storage/emulated/0/server.log.11
05-19 13:36:55.704 E/Cataloger( 1213): syncFile:/storage/emulated/0/server.log.9
05-19 13:36:55.714 E/Cataloger( 1213): need not sync path:/storage/emulated/0/server.log.9
05-19 13:36:55.714 E/Cataloger( 1213): syncFile:/storage/emulated/0/server.log.10
05-19 13:36:55.714 E/Cataloger( 1213): need not sync path:/storage/emulated/0/server.log.10
05-19 13:36:55.724 E/Cataloger( 1213): syncFile:/storage/emulated/0/server.log.8
05-19 13:36:55.724 E/Cataloger( 1213): need not sync path:/storage/emulated/0/server.log.8
05-19 13:36:55.724 E/Cataloger( 1213): syncFile:/storage/emulated/0/server.log.9
05-19 13:36:55.724 E/Cataloger( 1213): need not sync path:/storage/emulated/0/server.log.9
05-19 13:36:55.734 E/Cataloger( 1213): syncFile:/storage/emulated/0/server.log.7
05-19 13:36:55.734 E/Cataloger( 1213): need not sync path:/storage/emulated/0/server.log.7
05-19 13:36:55.734 E/Cataloger( 1213): syncFile:/storage/emulated/0/server.log.8
05-19 13:36:55.734 E/Cataloger( 1213): need not sync path:/storage/emulated/0/server.log.8
05-19 13:36:55.734 E/Cataloger( 1213): syncFile:/storage/emulated/0/server.log.6
05-19 13:36:55.744 E/Cataloger( 1213): need not sync path:/storage/emulated/0/server.log.6
05-19 13:36:55.744 E/Cataloger( 1213): syncFile:/storage/emulated/0/server.log.7
05-19 13:36:55.744 E/Cataloger( 1213): need not sync path:/storage/emulated/0/server.log.7
05-19 13:36:55.744 E/Cataloger( 1213): syncFile:/storage/emulated/0/server.log.5
05-19 13:36:55.744 E/Cataloger( 1213): need not sync path:/storage/emulated/0/server.log.5
05-19 13:36:55.744 E/Cataloger( 1213): syncFile:/storage/emulated/0/server.log.6
05-19 13:36:55.744 E/Cataloger( 1213): need not sync path:/storage/emulated/0/server.log.6
05-19 13:36:55.744 E/Cataloger( 1213): syncFile:/storage/emulated/0/server.log.4
05-19 13:36:55.754 E/Cataloger( 1213): need not sync path:/storage/emulated/0/server.log.4
05-19 13:36:55.754 E/Cataloger( 1213): syncFile:/storage/emulated/0/server.log.5
05-19 13:36:55.754 E/Cataloger( 1213): need not sync path:/storage/emulated/0/server.log.5
05-19 13:36:55.754 E/Cataloger( 1213): syncFile:/storage/emulated/0/server.log.3
05-19 13:36:55.754 E/Cataloger( 1213): need not sync path:/storage/emulated/0/server.log.3
05-19 13:36:55.754 E/Cataloger( 1213): syncFile:/storage/emulated/0/server.log.4
05-19 13:36:55.754 E/Cataloger( 1213): need not sync path:/storage/emulated/0/server.log.4
05-19 13:36:55.754 E/Cataloger( 1213): syncFile:/storage/emulated/0/server.log.2
05-19 13:36:55.764 E/Cataloger( 1213): need not sync path:/storage/emulated/0/server.log.2
05-19 13:36:55.764 E/Cataloger( 1213): syncFile:/storage/emulated/0/server.log.3
05-19 13:36:55.764 E/Cataloger( 1213): need not sync path:/storage/emulated/0/server.log.3
05-19 13:36:55.764 E/Cataloger( 1213): syncFile:/storage/emulated/0/server.log.1
05-19 13:36:55.764 E/Cataloger( 1213): need not sync path:/storage/emulated/0/server.log.1
05-19 13:36:55.764 E/Cataloger( 1213): syncFile:/storage/emulated/0/server.log.2
05-19 13:36:55.764 E/Cataloger( 1213): need not sync path:/storage/emulated/0/server.log.2
05-19 13:36:55.764 E/Cataloger( 1213): syncFile:/storage/emulated/0/server.log
05-19 13:36:55.774 E/Cataloger( 1213): need not sync path:/storage/emulated/0/server.log
05-19 13:36:55.774 E/Cataloger( 1213): syncFile:/storage/emulated/0/server.log.1
05-19 13:36:55.774 E/Cataloger( 1213): need not sync path:/storage/emulated/0/server.log.1
05-19 13:36:55.774 E/Cataloger( 1213): syncFile:/storage/emulated/0/server.log
05-19 13:36:55.774 E/Cataloger( 1213): need not sync path:/storage/emulated/0/server.log
05-19 13:36:55.784 E/Cataloger( 1213): syncFile:/storage/emulated/0/.UTSystemConfig/Global/Alvin2.xml
05-19 13:36:55.794 E/Cataloger( 1213): syncFile:/storage/emulated/0/.UTSystemConfig/Global/Alvin2.xml.bak
05-19 13:36:55.794 E/Cataloger( 1213): need not sync path:/storage/emulated/0/.UTSystemConfig/Global/Alvin2.xml.bak
05-19 13:36:55.794 E/Cataloger( 1213): syncFile:/storage/emulated/0/.UTSystemConfig/Global/Alvin2.xml
05-19 13:36:55.794 E/Cataloger( 1213): syncFile:/storage/emulated/0/.UTSystemConfig/Global/Alvin2.xml
05-19 13:36:55.794 E/Cataloger( 1213): syncFile:/storage/emulated/0/.UTSystemConfig/Global/Alvin2.xml.bak
05-19 13:36:55.794 E/Cataloger( 1213): need not sync path:/storage/emulated/0/.UTSystemConfig/Global/Alvin2.xml.bak
05-19 13:36:55.824 E/Cataloger( 1213): syncFile:/storage/emulated/0/.DataStorage/ContextData.xml
05-19 13:36:55.824 E/Cataloger( 1213): syncFile:/storage/emulated/0/.DataStorage/ContextData.xml.bak
05-19 13:36:55.834 E/Cataloger( 1213): need not sync path:/storage/emulated/0/.DataStorage/ContextData.xml.bak
05-19 13:36:55.834 E/Cataloger( 1213): syncFile:/storage/emulated/0/.DataStorage/ContextData.xml
05-19 13:36:55.834 E/Cataloger( 1213): syncFile:/storage/emulated/0/.DataStorage/ContextData.xml
05-19 13:36:55.834 E/Cataloger( 1213): syncFile:/storage/emulated/0/.DataStorage/ContextData.xml.bak
05-19 13:36:55.844 E/Cataloger( 1213): need not sync path:/storage/emulated/0/.DataStorage/ContextData.xml.bak
05-19 13:36:56.014 E/Cataloger( 1213): syncFile:/storage/emulated/0/BigNoxHD/cache/com_boco_sc_mobileom_96x96.png
05-19 13:36:56.024 E/Cataloger( 1213): syncFile:/storage/emulated/0/BigNoxHD/cache/com_boco_sc_mobileom_96x96.png
05-19 13:36:56.144 E/MDM     (  881): [1] SitrepChimeraService.a: No Google accounts; deferring server state update.
05-19 13:36:56.214 E/Cataloger( 1213): syncFile:/storage/emulated/0/BigNoxHD/cache/com_boco_apphall_96x96.png
05-19 13:36:56.294 E/GCoreUlr(  693): Bad errorId configuring silent feedback
05-19 13:36:56.374 E/Cataloger( 1213): syncFile:/storage/emulated/0/BigNoxHD/cache/com_bignox_app_store_hd_96x96.png
05-19 13:36:59.554 E/memtrack( 1850): Couldn't load memtrack module (No such file or directory)
05-19 13:36:59.554 E/android.os.Debug( 1850): failed to load memtrack module: -2
05-19 13:36:59.574 E/cutils-trace( 1850): Error opening trace file: No such file or directory (2)
05-19 13:37:05.434 E/memtrack( 1877): Couldn't load memtrack module (No such file or directory)
05-19 13:37:05.434 E/android.os.Debug( 1877): failed to load memtrack module: -2
05-19 13:37:05.444 E/cutils-trace( 1877): Error opening trace file: No such file or directory (2)
05-19 13:37:06.014 E/memtrack( 1892): Couldn't load memtrack module (No such file or directory)
05-19 13:37:06.014 E/android.os.Debug( 1892): failed to load memtrack module: -2
05-19 13:37:06.094 E/SA.SensorsDataAPI( 1775): The static method sharedInstance(context, serverURL, configureURL, vtrackServerURL, debugMode) should be called before calling sharedInstance()
05-19 13:37:06.104 E/cutils-trace( 1892): Error opening trace file: No such file or directory (2)
05-19 13:37:06.764 E/memtrack( 1923): Couldn't load memtrack module (No such file or directory)
05-19 13:37:06.764 E/android.os.Debug( 1923): failed to load memtrack module: -2
05-19 13:37:08.484 E/cutils-trace( 1923): Error opening trace file: No such file or directory (2)
05-19 13:37:08.784 E/BandwidthController(  164): Updating quota globalAlert failed (No such file or directory)
05-19 13:37:09.424 E/memtrack( 2015): Couldn't load memtrack module (No such file or directory)
05-19 13:37:09.434 E/android.os.Debug( 2015): failed to load memtrack module: -2
05-19 13:37:09.454 E/cutils-trace( 2015): Error opening trace file: No such file or directory (2)
05-19 13:37:10.194 E/memtrack( 2027): Couldn't load memtrack module (No such file or directory)
05-19 13:37:10.194 E/android.os.Debug( 2027): failed to load memtrack module: -2
05-19 13:37:10.214 E/cutils-trace( 2027): Error opening trace file: No such file or directory (2)
05-19 13:37:11.124 E/memtrack( 2043): Couldn't load memtrack module (No such file or directory)
05-19 13:37:11.124 E/android.os.Debug( 2043): failed to load memtrack module: -2
05-19 13:37:11.144 E/cutils-trace( 2043): Error opening trace file: No such file or directory (2)
05-19 13:37:11.664 E/memtrack( 2057): Couldn't load memtrack module (No such file or directory)
05-19 13:37:11.664 E/android.os.Debug( 2057): failed to load memtrack module: -2
05-19 13:37:19.034 E/memtrack( 2089): Couldn't load memtrack module (No such file or directory)
05-19 13:37:19.034 E/android.os.Debug( 2089): failed to load memtrack module: -2
05-19 13:37:19.634 E/VMSG    ( 2101): RegisterNatives OnUserCommand1
05-19 13:37:19.944 E/cutils-trace( 2089): Error opening trace file: No such file or directory (2)
05-19 13:37:19.954 E/baidumapsdk( 2101): Authentication Error errorcode: 230 uid: -1 appid -1 msg: APP Scode码校验失败
05-19 13:37:20.324 E/cutils-trace( 2131): Error opening trace file: No such file or directory (2)
05-19 13:37:26.074 E/memtrack( 2140): Couldn't load memtrack module (No such file or directory)
05-19 13:37:26.084 E/android.os.Debug( 2140): failed to load memtrack module: -2
05-19 13:37:26.854 E/cutils-trace( 2140): Error opening trace file: No such file or directory (2)
05-19 13:37:27.084 E/appium  ( 2069): Exception while handling action in: io.appium.uiautomator2.handler.Clear
05-19 13:37:27.084 E/appium  ( 2069): java.lang.NullPointerException
05-19 13:37:27.084 E/appium  ( 2069): 	at android.support.test.uiautomator.UiObject2.setText(UiObject2.java:601)
05-19 13:37:27.084 E/appium  ( 2069): 	at android.support.test.uiautomator.UiObject2.clear(UiObject2.java:338)
05-19 13:37:27.084 E/appium  ( 2069): 	at io.appium.uiautomator2.model.UiObject2Element.clear(UiObject2Element.java:138)
05-19 13:37:27.084 E/appium  ( 2069): 	at io.appium.uiautomator2.handler.Clear.safeHandle(Clear.java:51)
05-19 13:37:27.084 E/appium  ( 2069): 	at io.appium.uiautomator2.handler.request.SafeRequestHandler.handle(SafeRequestHandler.java:56)
05-19 13:37:27.084 E/appium  ( 2069): 	at io.appium.uiautomator2.handler.SendKeysToElement.safeHandle(SendKeysToElement.java:73)
05-19 13:37:27.084 E/appium  ( 2069): 	at io.appium.uiautomator2.handler.request.SafeRequestHandler.handle(SafeRequestHandler.java:56)
05-19 13:37:27.084 E/appium  ( 2069): 	at io.appium.uiautomator2.server.AppiumServlet.handleRequest(AppiumServlet.java:202)
05-19 13:37:27.084 E/appium  ( 2069): 	at io.appium.uiautomator2.server.AppiumServlet.handleHttpRequest(AppiumServlet.java:193)
05-19 13:37:27.084 E/appium  ( 2069): 	at io.appium.uiautomator2.http.ServerHandler.channelRead(ServerHandler.java:44)
05-19 13:37:27.084 E/appium  ( 2069): 	at io.netty.channel.AbstractChannelHandlerContext.invokeChannelRead(AbstractChannelHandlerContext.java:366)
05-19 13:37:27.084 E/appium  ( 2069): 	at io.netty.channel.AbstractChannelHandlerContext.invokeChannelRead(AbstractChannelHandlerContext.java:352)
05-19 13:37:27.084 E/appium  ( 2069): 	at io.netty.channel.AbstractChannelHandlerContext.fireChannelRead(AbstractChannelHandlerContext.java:345)
05-19 13:37:27.084 E/appium  ( 2069): 	at io.netty.handler.codec.MessageToMessageDecoder.channelRead(MessageToMessageDecoder.java:102)
05-19 13:37:27.084 E/appium  ( 2069): 	at io.netty.channel.AbstractChannelHandlerContext.invokeChannelRead(AbstractChannelHandlerContext.java:366)
05-19 13:37:27.084 E/appium  ( 2069): 	at io.netty.channel.AbstractChannelHandlerContext.invokeChannelRead(AbstractChannelHandlerContext.java:352)
05-19 13:37:27.084 E/appium  ( 2069): 	at io.netty.channel.AbstractChannelHandlerContext.fireChannelRead(AbstractChannelHandlerContext.java:345)
05-19 13:37:27.084 E/appium  ( 2069): 	at io.netty.channel.CombinedChannelDuplexHandler$DelegatingChannelHandlerContext.fireChannelRead(CombinedChannelDuplexHandler.java:435)
05-19 13:37:27.084 E/appium  ( 2069): 	at io.netty.handler.codec.ByteToMessageDecoder.fireChannelRead(ByteToMessageDecoder.java:293)
05-19 13:37:27.084 E/appium  ( 2069): 	at io.netty.handler.codec.ByteToMessageDecoder.channelRead(ByteToMessageDecoder.java:267)
05-19 13:37:27.084 E/appium  ( 2069): 	at io.netty.channel.CombinedChannelDuplexHandler.channelRead(CombinedChannelDuplexHandler.java:250)
05-19 13:37:27.084 E/appium  ( 2069): 	at io.netty.channel.AbstractChannelHandlerContext.invokeChannelRead(AbstractChannelHandlerContext.java:366)
05-19 13:37:27.084 E/appium  ( 2069): 	at io.netty.channel.AbstractChannelHandlerContext.invokeChannelRead(AbstractChannelHandlerContext.java:352)
05-19 13:37:27.084 E/appium  ( 2069): 	at io.netty.channel.AbstractChannelHandlerContext.fireChannelRead(AbstractChannelHandlerContext.java:345)
05-19 13:37:27.084 E/appium  ( 2069): 	at io.netty.channel.DefaultChannelPipeline$HeadContext.channelRead(DefaultChannelPipeline.java:1294)
05-19 13:37:27.084 E/appium  ( 2069): 	at io.netty.channel.AbstractChannelHandlerContext.invokeChannelRead(AbstractChannelHandlerContext.java:366)
05-19 13:37:27.084 E/appium  ( 2069): 	at io.netty.channel.AbstractChannelHandlerContext.invokeChannelRead(AbstractChannelHandlerContext.java:352)
05-19 13:37:27.084 E/appium  ( 2069): 	at io.netty.channel.DefaultChannelPipeline.fireChannelRead(DefaultChannelPipeline.java:911)
05-19 13:37:27.084 E/appium  ( 2069): 	at io.netty.channel.nio.AbstractNioByteChannel$NioByteUnsafe.read(AbstractNioByteChannel.java:131)
05-19 13:37:27.084 E/appium  ( 2069): 	at io.netty.channel.nio.NioEventLoop.processSelectedKey(NioEventLoop.java:611)
05-19 13:37:27.084 E/appium  ( 2069): 	at io.netty.channel.nio.NioEventLoop.processSelectedKeysPlain(NioEventLoop.java:514)
05-19 13:37:27.084 E/appium  ( 2069): 	at io.netty.channel.nio.NioEventLoop.processSelectedKeys(NioEventLoop.java:468)
05-19 13:37:27.084 E/appium  ( 2069): 	at io.netty.channel.nio.NioEventLoop.run(NioEventLoop.java:438)
05-19 13:37:27.084 E/appium  ( 2069): 	at io.netty.util.concurrent.SingleThreadEventExecutor$2.run(SingleThreadEventExecutor.java:140)
05-19 13:37:27.084 E/appium  ( 2069): 	at io.netty.util.concurrent.DefaultThreadFactory$DefaultRunnableDecorator.run(DefaultThreadFactory.java:144)
05-19 13:37:27.084 E/appium  ( 2069): 	at java.lang.Thread.run(Thread.java:841)
05-19 13:37:27.084 E/appium  ( 2069): Exception while handling action in: io.appium.uiautomator2.handler.SendKeysToElement
05-19 13:37:27.084 E/appium  ( 2069): java.lang.NullPointerException
05-19 13:37:27.084 E/appium  ( 2069): 	at android.support.test.uiautomator.UiObject2.setText(UiObject2.java:601)
05-19 13:37:27.084 E/appium  ( 2069): 	at io.appium.uiautomator2.model.UiObject2Element.setText(UiObject2Element.java:129)
05-19 13:37:27.084 E/appium  ( 2069): 	at io.appium.uiautomator2.handler.SendKeysToElement.safeHandle(SendKeysToElement.java:83)
05-19 13:37:27.084 E/appium  ( 2069): 	at io.appium.uiautomator2.handler.request.SafeRequestHandler.handle(SafeRequestHandler.java:56)
05-19 13:37:27.084 E/appium  ( 2069): 	at io.appium.uiautomator2.server.AppiumServlet.handleRequest(AppiumServlet.java:202)
05-19 13:37:27.084 E/appium  ( 2069): 	at io.appium.uiautomator2.server.AppiumServlet.handleHttpRequest(AppiumServlet.java:193)
05-19 13:37:27.084 E/appium  ( 2069): 	at io.appium.uiautomator2.http.ServerHandler.channelRead(ServerHandler.java:44)
05-19 13:37:27.084 E/appium  ( 2069): 	at io.netty.channel.AbstractChannelHandlerContext.invokeChannelRead(AbstractChannelHandlerContext.java:366)
05-19 13:37:27.084 E/appium  ( 2069): 	at io.netty.channel.AbstractChannelHandlerContext.invokeChannelRead(AbstractChannelHandlerContext.java:352)
05-19 13:37:27.084 E/appium  ( 2069): 	at io.netty.channel.AbstractChannelHandlerContext.fireChannelRead(AbstractChannelHandlerContext.java:345)
05-19 13:37:27.084 E/appium  ( 2069): 	at io.netty.handler.codec.MessageToMessageDecoder.channelRead(MessageToMessageDecoder.java:102)
05-19 13:37:27.084 E/appium  ( 2069): 	at io.netty.channel.AbstractChannelHandlerContext.invokeChannelRead(AbstractChannelHandlerContext.java:366)
05-19 13:37:27.084 E/appium  ( 2069): 	at io.netty.channel.AbstractChannelHandlerContext.invokeChannelRead(AbstractChannelHandlerContext.java:352)
05-19 13:37:27.084 E/appium  ( 2069): 	at io.netty.channel.AbstractChannelHandlerContext.fireChannelRead(AbstractChannelHandlerContext.java:345)
05-19 13:37:27.084 E/appium  ( 2069): 	at io.netty.channel.CombinedChannelDuplexHandler$DelegatingChannelHandlerContext.fireChannelRead(CombinedChannelDuplexHandler.java:435)
05-19 13:37:27.084 E/appium  ( 2069): 	at io.netty.handler.codec.ByteToMessageDecoder.fireChannelRead(ByteToMessageDecoder.java:293)
05-19 13:37:27.084 E/appium  ( 2069): 	at io.netty.handler.codec.ByteToMessageDecoder.channelRead(ByteToMessageDecoder.java:267)
05-19 13:37:27.084 E/appium  ( 2069): 	at io.netty.channel.CombinedChannelDuplexHandler.channelRead(CombinedChannelDuplexHandler.java:250)
05-19 13:37:27.084 E/appium  ( 2069): 	at io.netty.channel.AbstractChannelHandlerContext.invokeChannelRead(AbstractChannelHandlerContext.java:366)
05-19 13:37:27.084 E/appium  ( 2069): 	at io.netty.channel.AbstractChannelHandlerContext.invokeChannelRead(AbstractChannelHandlerContext.java:352)
05-19 13:37:27.084 E/appium  ( 2069): 	at io.netty.channel.AbstractChannelHandlerContext.fireChannelRead(AbstractChannelHandlerContext.java:345)
05-19 13:37:27.084 E/appium  ( 2069): 	at io.netty.channel.DefaultChannelPipeline$HeadContext.channelRead(DefaultChannelPipeline.java:1294)
05-19 13:37:27.084 E/appium  ( 2069): 	at io.netty.channel.AbstractChannelHandlerContext.invokeChannelRead(AbstractChannelHandlerContext.java:366)
05-19 13:37:27.084 E/appium  ( 2069): 	at io.netty.channel.AbstractChannelHandlerContext.invokeChannelRead(AbstractChannelHandlerContext.java:352)
05-19 13:37:27.084 E/appium  ( 2069): 	at io.netty.channel.DefaultChannelPipeline.fireChannelRead(DefaultChannelPipeline.java:911)
05-19 13:37:27.084 E/appium  ( 2069): 	at io.netty.channel.nio.AbstractNioByteChannel$NioByteUnsafe.read(AbstractNioByteChannel.java:131)
05-19 13:37:27.084 E/appium  ( 2069): 	at io.netty.channel.nio.NioEventLoop.processSelectedKey(NioEventLoop.java:611)
05-19 13:37:27.084 E/appium  ( 2069): 	at io.netty.channel.nio.NioEventLoop.processSelectedKeysPlain(NioEventLoop.java:514)
05-19 13:37:27.084 E/appium  ( 2069): 	at io.netty.channel.nio.NioEventLoop.processSelectedKeys(NioEventLoop.java:468)
05-19 13:37:27.084 E/appium  ( 2069): 	at io.netty.channel.nio.NioEventLoop.run(NioEventLoop.java:438)
05-19 13:37:27.084 E/appium  ( 2069): 	at io.netty.util.concurrent.SingleThreadEventExecutor$2.run(SingleThreadEventExecutor.java:140)
05-19 13:37:27.084 E/appium  ( 2069): 	at io.netty.util.concurrent.DefaultThreadFactory$DefaultRunnableDecorator.run(DefaultThreadFactory.java:144)
05-19 13:37:27.084 E/appium  ( 2069): 	at java.lang.Thread.run(Thread.java:841)
05-19 13:37:28.064 E/memtrack( 2157): Couldn't load memtrack module (No such file or directory)
05-19 13:37:28.064 E/android.os.Debug( 2157): failed to load memtrack module: -2
05-19 13:37:28.104 E/cutils-trace( 2157): Error opening trace file: No such file or directory (2)
05-19 13:37:29.104 E/memtrack( 2170): Couldn't load memtrack module (No such file or directory)
05-19 13:37:29.104 E/android.os.Debug( 2170): failed to load memtrack module: -2
05-19 13:37:29.844 E/cutils-trace( 2170): Error opening trace file: No such file or directory (2)
05-19 13:37:30.084 E/appium  ( 2069): Exception while handling action in: io.appium.uiautomator2.handler.Clear
05-19 13:37:30.084 E/appium  ( 2069): java.lang.NullPointerException
05-19 13:37:30.084 E/appium  ( 2069): 	at android.support.test.uiautomator.UiObject2.setText(UiObject2.java:601)
05-19 13:37:30.084 E/appium  ( 2069): 	at android.support.test.uiautomator.UiObject2.clear(UiObject2.java:338)
05-19 13:37:30.084 E/appium  ( 2069): 	at io.appium.uiautomator2.model.UiObject2Element.clear(UiObject2Element.java:138)
05-19 13:37:30.084 E/appium  ( 2069): 	at io.appium.uiautomator2.handler.Clear.safeHandle(Clear.java:51)
05-19 13:37:30.084 E/appium  ( 2069): 	at io.appium.uiautomator2.handler.request.SafeRequestHandler.handle(SafeRequestHandler.java:56)
05-19 13:37:30.084 E/appium  ( 2069): 	at io.appium.uiautomator2.handler.SendKeysToElement.safeHandle(SendKeysToElement.java:73)
05-19 13:37:30.084 E/appium  ( 2069): 	at io.appium.uiautomator2.handler.request.SafeRequestHandler.handle(SafeRequestHandler.java:56)
05-19 13:37:30.084 E/appium  ( 2069): 	at io.appium.uiautomator2.server.AppiumServlet.handleRequest(AppiumServlet.java:202)
05-19 13:37:30.084 E/appium  ( 2069): 	at io.appium.uiautomator2.server.AppiumServlet.handleHttpRequest(AppiumServlet.java:193)
05-19 13:37:30.084 E/appium  ( 2069): 	at io.appium.uiautomator2.http.ServerHandler.channelRead(ServerHandler.java:44)
05-19 13:37:30.084 E/appium  ( 2069): 	at io.netty.channel.AbstractChannelHandlerContext.invokeChannelRead(AbstractChannelHandlerContext.java:366)
05-19 13:37:30.084 E/appium  ( 2069): 	at io.netty.channel.AbstractChannelHandlerContext.invokeChannelRead(AbstractChannelHandlerContext.java:352)
05-19 13:37:30.084 E/appium  ( 2069): 	at io.netty.channel.AbstractChannelHandlerContext.fireChannelRead(AbstractChannelHandlerContext.java:345)
05-19 13:37:30.084 E/appium  ( 2069): 	at io.netty.handler.codec.MessageToMessageDecoder.channelRead(MessageToMessageDecoder.java:102)
05-19 13:37:30.084 E/appium  ( 2069): 	at io.netty.channel.AbstractChannelHandlerContext.invokeChannelRead(AbstractChannelHandlerContext.java:366)
05-19 13:37:30.084 E/appium  ( 2069): 	at io.netty.channel.AbstractChannelHandlerContext.invokeChannelRead(AbstractChannelHandlerContext.java:352)
05-19 13:37:30.084 E/appium  ( 2069): 	at io.netty.channel.AbstractChannelHandlerContext.fireChannelRead(AbstractChannelHandlerContext.java:345)
05-19 13:37:30.084 E/appium  ( 2069): 	at io.netty.channel.CombinedChannelDuplexHandler$DelegatingChannelHandlerContext.fireChannelRead(CombinedChannelDuplexHandler.java:435)
05-19 13:37:30.084 E/appium  ( 2069): 	at io.netty.handler.codec.ByteToMessageDecoder.fireChannelRead(ByteToMessageDecoder.java:293)
