--------- beginning of system
--------- beginning of main
05-18 09:46:51.613 E/WifiTrafficPoller(  851): notifying of data activity 3
05-18 09:46:51.712 E/SurfaceFlinger(  285): onDraw: bindTextureImage test
05-18 09:46:51.729 E/SurfaceFlinger(  285): onDraw: bindTextureImage test
05-18 09:46:51.746 E/SurfaceFlinger(  285): onDraw: bindTextureImage test
05-18 09:46:51.762 E/SurfaceFlinger(  285): onDraw: bindTextureImage test
05-18 09:46:51.779 E/SurfaceFlinger(  285): onDraw: bindTextureImage test
05-18 09:46:51.796 E/SurfaceFlinger(  285): onDraw: bindTextureImage test
05-18 09:46:51.808 E/fpc_jni ( 1924): abortNative()
05-18 09:46:51.813 E/SurfaceFlinger(  285): onDraw: bindTextureImage test
05-18 09:46:51.830 E/SurfaceFlinger(  285): onDraw: bindTextureImage test
05-18 09:46:51.846 E/SurfaceFlinger(  285): onDraw: bindTextureImage test
05-18 09:46:51.864 E/WifiStateMachine(  851):  ConnectedState (when=-4ms what=131155 arg1=591!CMD_RSSI_POLL 591 0 "BOCO-office" 94:b4:0f:68:a4:b1 rssi=-51 f=5785 sc=80 link=135 tx=2.5, 0.0, 0.0  rx=50.6 bcn=0 [on:0 tx:0 rx:0 period:3002] from screen [on:0 period:610570936] gl rssi=-51 ag=0 hr ticks 314,77,49 ls-=0 [56,56,56,56,61] brc=0 lrc=0
05-18 09:46:51.865 E/WifiStateMachine(  851):  L2ConnectedState (when=-5ms what=131155 arg1=591!CMD_RSSI_POLL 591 0 "BOCO-office" 94:b4:0f:68:a4:b1 rssi=-51 f=5785 sc=80 link=135 tx=2.5, 0.0, 0.0  rx=50.6 bcn=0 [on:0 tx:0 rx:0 period:0] from screen [on:0 period:610570936] gl rssi=-51 ag=0 hr ticks 314,77,49 ls-=0 [56,56,56,56,61] brc=0 lrc=0
05-18 09:46:51.865 E/WifiStateMachine(  851):  get link layer stats 0
05-18 09:46:51.868 E/WifiStateMachine(  851): calculateWifiScore() we set wifi's score to 1000, so will always set wifi as a default network.
05-18 09:46:51.889 E/InputDispatcher(  851): channel '2eb82e79  (server)' ~ Channel is unrecoverably broken and will be disposed!
05-18 09:46:52.100 E/MPlugin (16641): Unsupported class: com.mediatek.common.telephony.IOnlyOwnerSimSupport
05-18 09:46:52.111 E/WifiTrafficPoller(  851): ADD_CLIENT: 17
05-18 09:46:52.140 E/PushFactory(16641): getPushInstance not found push instance.
05-18 09:46:52.401 E/SurfaceFlinger(  285): onDraw: bindTextureImage test
05-18 09:46:52.418 E/SurfaceFlinger(  285): onDraw: bindTextureImage test
05-18 09:46:52.435 E/SurfaceFlinger(  285): onDraw: bindTextureImage test
05-18 09:46:52.452 E/SurfaceFlinger(  285): onDraw: bindTextureImage test
05-18 09:46:52.469 E/SurfaceFlinger(  285): onDraw: bindTextureImage test
05-18 09:46:52.486 E/SurfaceFlinger(  285): onDraw: bindTextureImage test
05-18 09:46:52.503 E/SurfaceFlinger(  285): onDraw: bindTextureImage test
05-18 09:46:52.640 E/WifiTrafficPoller(  851): TRAFFIC_STATS_POLL true Token 2644 num clients 17
05-18 09:46:52.641 E/WifiTrafficPoller(  851):  packet count Tx=1749237 Rx=5765894
05-18 09:46:52.763 E/Launcher.FragmentLoader( 1966): Widget ComponentInfo{net.qihoo.launcher.widget.clockweather/net.qihoo.clockweather.widget.WidgetProvider52} can not fit on this device (1170, 438)
05-18 09:46:52.766 E/Launcher.FragmentLoader( 1966): Widget ComponentInfo{net.qihoo.launcher.widget.clockweather/net.qihoo.clockweather.widget.WidgetProvider51} can not fit on this device (1170, 210)
05-18 09:46:53.547 E/AppStore.AppstoreProvider(16690): AppstoreProvider:delete:160128-358=>delete failed PACKAGE_REPLACE
05-18 09:46:53.641 E/WifiTrafficPoller(  851): TRAFFIC_STATS_POLL true Token 2644 num clients 17
05-18 09:46:53.641 E/WifiTrafficPoller(  851):  packet count Tx=1749238 Rx=5765907
05-18 09:46:53.901 E/SurfaceFlinger(  285): onDraw: bindTextureImage test
05-18 09:46:53.902 E/SurfaceFlinger(  285): onDraw: bindTextureImage test
05-18 09:46:53.903 E/SurfaceFlinger(  285): onDraw: bindTextureImage test
05-18 09:46:54.620 E/MPlugin (16791): Unsupported class: com.mediatek.common.telephony.IOnlyOwnerSimSupport
05-18 09:46:54.642 E/WifiTrafficPoller(  851): TRAFFIC_STATS_POLL true Token 2644 num clients 17
05-18 09:46:54.642 E/WifiTrafficPoller(  851):  packet count Tx=1749239 Rx=5765920
05-18 09:46:54.716 E/VivoGame.GameProvider(16791): update table game_item failed
05-18 09:46:54.733 E/VivoGame.GameProvider(16791): update table game_item failed
05-18 09:46:54.749 E/VivoGame.GameProvider(16791): update table game_item failed
05-18 09:46:54.872 E/WifiStateMachine(  851):  ConnectedState (when=-3ms what=131155 arg1=591!CMD_RSSI_POLL 591 0 "BOCO-office" 94:b4:0f:68:a4:b1 rssi=-51 f=5785 sc=80 link=135 tx=1.8, 0.0, 0.0  rx=49.8 bcn=0 [on:0 tx:0 rx:0 period:2876] from screen [on:0 period:610573944] gl rssi=-51 ag=0 hr ticks 314,77,49 ls-=0 [56,56,56,56,61] brc=0 lrc=0
05-18 09:46:54.873 E/WifiStateMachine(  851):  L2ConnectedState (when=-4ms what=131155 arg1=591!CMD_RSSI_POLL 591 0 "BOCO-office" 94:b4:0f:68:a4:b1 rssi=-51 f=5785 sc=80 link=135 tx=1.8, 0.0, 0.0  rx=49.8 bcn=0 [on:0 tx:0 rx:0 period:1] from screen [on:0 period:610573945] gl rssi=-51 ag=0 hr ticks 314,77,49 ls-=0 [56,56,56,56,61] brc=0 lrc=0
05-18 09:46:54.873 E/WifiStateMachine(  851):  get link layer stats 0
05-18 09:46:54.875 E/WifiStateMachine(  851): calculateWifiScore() we set wifi's score to 1000, so will always set wifi as a default network.
05-18 09:46:55.643 E/WifiTrafficPoller(  851): TRAFFIC_STATS_POLL true Token 2644 num clients 17
05-18 09:46:55.644 E/WifiTrafficPoller(  851):  packet count Tx=1749253 Rx=5765947
05-18 09:46:56.645 E/WifiTrafficPoller(  851): TRAFFIC_STATS_POLL true Token 2644 num clients 17
05-18 09:46:56.646 E/WifiTrafficPoller(  851):  packet count Tx=1749253 Rx=5765958
05-18 09:46:56.646 E/WifiTrafficPoller(  851): notifying of data activity 1
05-18 09:46:57.649 E/WifiTrafficPoller(  851): TRAFFIC_STATS_POLL true Token 2644 num clients 17
05-18 09:46:57.649 E/WifiTrafficPoller(  851):  packet count Tx=1749253 Rx=5765970
05-18 09:46:57.878 E/WifiStateMachine(  851):  ConnectedState (when=-3ms what=131155 arg1=591!CMD_RSSI_POLL 591 0 "BOCO-office" 94:b4:0f:68:a4:b1 rssi=-50 f=5785 sc=80 link=135 tx=9.9, 0.0, 0.0  rx=48.9 bcn=0 [on:0 tx:0 rx:0 period:3002] from screen [on:0 period:610576950] gl rssi=-50 ag=0 hr ticks 314,77,49 ls-=0 [56,56,60,60,65] brc=0 lrc=0
05-18 09:46:57.879 E/WifiStateMachine(  851):  L2ConnectedState (when=-4ms what=131155 arg1=591!CMD_RSSI_POLL 591 0 "BOCO-office" 94:b4:0f:68:a4:b1 rssi=-50 f=5785 sc=80 link=135 tx=9.9, 0.0, 0.0  rx=48.9 bcn=0 [on:0 tx:0 rx:0 period:1] from screen [on:0 period:610576951] gl rssi=-50 ag=0 hr ticks 314,77,49 ls-=0 [56,56,60,60,65] brc=0 lrc=0
05-18 09:46:57.879 E/WifiStateMachine(  851):  get link layer stats 0
05-18 09:46:57.899 E/WifiStateMachine(  851): calculateWifiScore() we set wifi's score to 1000, so will always set wifi as a default network.
05-18 09:46:58.649 E/WifiTrafficPoller(  851): TRAFFIC_STATS_POLL true Token 2644 num clients 17
05-18 09:46:58.651 E/WifiTrafficPoller(  851):  packet count Tx=1749253 Rx=5765975
05-18 09:46:59.650 E/WifiTrafficPoller(  851): TRAFFIC_STATS_POLL true Token 2644 num clients 17
05-18 09:46:59.652 E/WifiTrafficPoller(  851):  packet count Tx=1749254 Rx=5765985
05-18 09:46:59.652 E/WifiTrafficPoller(  851): notifying of data activity 3
05-18 09:47:00.658 E/WifiTrafficPoller(  851): TRAFFIC_STATS_POLL true Token 2644 num clients 17
05-18 09:47:00.659 E/WifiTrafficPoller(  851):  packet count Tx=1749255 Rx=5765996
05-18 09:47:00.904 E/WifiStateMachine(  851):  ConnectedState (when=-3ms what=131155 arg1=591!CMD_RSSI_POLL 591 0 "BOCO-office" 94:b4:0f:68:a4:b1 rssi=-48 f=5785 sc=80 link=135 tx=5.4, 0.0, 0.0  rx=43.5 bcn=0 [on:0 tx:0 rx:0 period:3002] from screen [on:0 period:610579975] gl rssi=-48 ag=0 hr ticks 314,77,49 ls-=0 [56,56,60,60,65] brc=0 lrc=0
05-18 09:47:00.906 E/WifiStateMachine(  851):  L2ConnectedState (when=-6ms what=131155 arg1=591!CMD_RSSI_POLL 591 0 "BOCO-office" 94:b4:0f:68:a4:b1 rssi=-48 f=5785 sc=80 link=135 tx=5.4, 0.0, 0.0  rx=43.5 bcn=0 [on:0 tx:0 rx:0 period:3] from screen [on:0 period:610579978] gl rssi=-48 ag=0 hr ticks 314,77,49 ls-=0 [56,56,60,60,65] brc=0 lrc=0
05-18 09:47:00.907 E/WifiStateMachine(  851):  get link layer stats 0
05-18 09:47:00.930 E/WifiStateMachine(  851): calculateWifiScore() we set wifi's score to 1000, so will always set wifi as a default network.
05-18 09:47:01.660 E/WifiTrafficPoller(  851): TRAFFIC_STATS_POLL true Token 2644 num clients 17
05-18 09:47:01.663 E/WifiTrafficPoller(  851):  packet count Tx=1749257 Rx=5766012
05-18 09:47:02.663 E/WifiTrafficPoller(  851): TRAFFIC_STATS_POLL true Token 2644 num clients 17
05-18 09:47:02.665 E/WifiTrafficPoller(  851):  packet count Tx=1749257 Rx=5766025
05-18 09:47:02.665 E/WifiTrafficPoller(  851): notifying of data activity 1
05-18 09:47:03.667 E/WifiTrafficPoller(  851): TRAFFIC_STATS_POLL true Token 2644 num clients 17
05-18 09:47:03.669 E/WifiTrafficPoller(  851):  packet count Tx=1749257 Rx=5766035
05-18 09:47:03.934 E/WifiStateMachine(  851):  ConnectedState (when=-4ms what=131155 arg1=591!CMD_RSSI_POLL 591 0 "BOCO-office" 94:b4:0f:68:a4:b1 rssi=-48 f=5785 sc=80 link=135 tx=3.7, 0.0, 0.0  rx=34.7 bcn=0 [on:0 tx:0 rx:0 period:3001] from screen [on:0 period:610583006] gl rssi=-48 ag=0 hr ticks 314,77,49 ls-=0 [56,56,56,56,61] brc=0 lrc=0
05-18 09:47:03.936 E/WifiStateMachine(  851):  L2ConnectedState (when=-6ms what=131155 arg1=591!CMD_RSSI_POLL 591 0 "BOCO-office" 94:b4:0f:68:a4:b1 rssi=-48 f=5785 sc=80 link=135 tx=3.7, 0.0, 0.0  rx=34.7 bcn=0 [on:0 tx:0 rx:0 period:2] from screen [on:0 period:610583008] gl rssi=-48 ag=0 hr ticks 314,77,49 ls-=0 [56,56,56,56,61] brc=0 lrc=0
05-18 09:47:03.936 E/WifiStateMachine(  851):  get link layer stats 0
05-18 09:47:03.951 E/WifiStateMachine(  851): calculateWifiScore() we set wifi's score to 1000, so will always set wifi as a default network.
05-18 09:47:04.671 E/WifiTrafficPoller(  851): TRAFFIC_STATS_POLL true Token 2644 num clients 17
05-18 09:47:04.672 E/WifiTrafficPoller(  851):  packet count Tx=1749257 Rx=5766055
05-18 09:47:05.673 E/WifiTrafficPoller(  851): TRAFFIC_STATS_POLL true Token 2644 num clients 17
05-18 09:47:05.674 E/WifiTrafficPoller(  851):  packet count Tx=1749258 Rx=5766073
05-18 09:47:05.674 E/WifiTrafficPoller(  851): notifying of data activity 3
05-18 09:47:06.679 E/WifiTrafficPoller(  851): TRAFFIC_STATS_POLL true Token 2644 num clients 17
05-18 09:47:06.681 E/WifiTrafficPoller(  851):  packet count Tx=1749258 Rx=5766083
05-18 09:47:06.681 E/WifiTrafficPoller(  851): notifying of data activity 1
05-18 09:47:06.956 E/WifiStateMachine(  851):  ConnectedState (when=-3ms what=131155 arg1=591!CMD_RSSI_POLL 591 0 "BOCO-office" 94:b4:0f:68:a4:b1 rssi=-48 f=5785 sc=80 link=135 tx=2.9, 0.0, 0.0  rx=38.9 bcn=0 [on:0 tx:0 rx:0 period:3000] from screen [on:0 period:610586028] gl rssi=-48 ag=0 hr ticks 314,77,49 ls-=0 [56,56,56,56,61] brc=0 lrc=0
05-18 09:47:06.958 E/WifiStateMachine(  851):  L2ConnectedState (when=-5ms what=131155 arg1=591!CMD_RSSI_POLL 591 0 "BOCO-office" 94:b4:0f:68:a4:b1 rssi=-48 f=5785 sc=80 link=135 tx=2.9, 0.0, 0.0  rx=38.9 bcn=0 [on:0 tx:0 rx:0 period:2] from screen [on:0 period:610586030] gl rssi=-48 ag=0 hr ticks 314,77,49 ls-=0 [56,56,56,56,61] brc=0 lrc=0
05-18 09:47:06.958 E/WifiStateMachine(  851):  get link layer stats 0
05-18 09:47:06.981 E/WifiStateMachine(  851): calculateWifiScore() we set wifi's score to 1000, so will always set wifi as a default network.
05-18 09:47:07.684 E/WifiTrafficPoller(  851): TRAFFIC_STATS_POLL true Token 2644 num clients 17
05-18 09:47:07.686 E/WifiTrafficPoller(  851):  packet count Tx=1749258 Rx=5766100
05-18 09:47:08.686 E/WifiTrafficPoller(  851): TRAFFIC_STATS_POLL true Token 2644 num clients 17
05-18 09:47:08.687 E/WifiTrafficPoller(  851):  packet count Tx=1749259 Rx=5766116
05-18 09:47:08.687 E/WifiTrafficPoller(  851): notifying of data activity 3
05-18 09:47:09.693 E/WifiTrafficPoller(  851): TRAFFIC_STATS_POLL true Token 2644 num clients 17
05-18 09:47:09.693 E/WifiTrafficPoller(  851):  packet count Tx=1749259 Rx=5766130
05-18 09:47:09.693 E/WifiTrafficPoller(  851): notifying of data activity 1
05-18 09:47:09.882 E/memtrack(16981): Couldn't load memtrack module (No such file or directory)
05-18 09:47:09.882 E/android.os.Debug(16981): failed to load memtrack module: -2
05-18 09:47:09.986 E/WifiStateMachine(  851):  ConnectedState (when=-4ms what=131155 arg1=591!CMD_RSSI_POLL 591 0 "BOCO-office" 94:b4:0f:68:a4:b1 rssi=-48 f=5785 sc=80 link=135 tx=1.9, 0.0, 0.0  rx=43.9 bcn=0 [on:0 tx:0 rx:0 period:3001] from screen [on:0 period:610589058] gl rssi=-48 ag=0 hr ticks 314,77,49 ls-=0 [56,56,56,56,61] brc=0 lrc=0
05-18 09:47:09.987 E/WifiStateMachine(  851):  L2ConnectedState (when=-5ms what=131155 arg1=591!CMD_RSSI_POLL 591 0 "BOCO-office" 94:b4:0f:68:a4:b1 rssi=-48 f=5785 sc=80 link=135 tx=1.9, 0.0, 0.0  rx=43.9 bcn=0 [on:0 tx:0 rx:0 period:1] from screen [on:0 period:610589059] gl rssi=-48 ag=0 hr ticks 314,77,49 ls-=0 [56,56,56,56,61] brc=0 lrc=0
05-18 09:47:09.987 E/WifiStateMachine(  851):  get link layer stats 0
05-18 09:47:09.993 E/WifiStateMachine(  851): calculateWifiScore() we set wifi's score to 1000, so will always set wifi as a default network.
05-18 09:47:10.694 E/WifiTrafficPoller(  851): TRAFFIC_STATS_POLL true Token 2644 num clients 17
05-18 09:47:10.695 E/WifiTrafficPoller(  851):  packet count Tx=1749260 Rx=5766156
05-18 09:47:10.695 E/WifiTrafficPoller(  851): notifying of data activity 3
05-18 09:47:11.701 E/WifiTrafficPoller(  851): TRAFFIC_STATS_POLL true Token 2644 num clients 17
05-18 09:47:11.701 E/WifiTrafficPoller(  851):  packet count Tx=1749260 Rx=5766167
05-18 09:47:11.701 E/WifiTrafficPoller(  851): notifying of data activity 1
05-18 09:47:11.834 E/memtrack(16999): Couldn't load memtrack module (No such file or directory)
05-18 09:47:11.834 E/android.os.Debug(16999): failed to load memtrack module: -2
05-18 09:47:12.703 E/WifiTrafficPoller(  851): TRAFFIC_STATS_POLL true Token 2644 num clients 17
05-18 09:47:12.704 E/WifiTrafficPoller(  851):  packet count Tx=1749260 Rx=5766178
05-18 09:47:12.997 E/WifiStateMachine(  851):  ConnectedState (when=-4ms what=131155 arg1=591!CMD_RSSI_POLL 591 0 "BOCO-office" 94:b4:0f:68:a4:b1 rssi=-48 f=5785 sc=80 link=135 tx=2.0, 0.0, 0.0  rx=48.5 bcn=0 [on:0 tx:0 rx:0 period:2999] from screen [on:0 period:610592069] gl rssi=-48 ag=0 hr ticks 314,77,49 ls-=0 [56,56,56,56,61] brc=0 lrc=0
05-18 09:47:12.999 E/WifiStateMachine(  851):  L2ConnectedState (when=-6ms what=131155 arg1=591!CMD_RSSI_POLL 591 0 "BOCO-office" 94:b4:0f:68:a4:b1 rssi=-48 f=5785 sc=80 link=135 tx=2.0, 0.0, 0.0  rx=48.5 bcn=0 [on:0 tx:0 rx:0 period:2] from screen [on:0 period:610592071] gl rssi=-48 ag=0 hr ticks 314,77,49 ls-=0 [56,56,56,56,61] brc=0 lrc=0
05-18 09:47:13.000 E/WifiStateMachine(  851):  get link layer stats 0
05-18 09:47:13.002 E/WifiStateMachine(  851): calculateWifiScore() we set wifi's score to 1000, so will always set wifi as a default network.
05-18 09:47:13.225 E/memtrack(17017): Couldn't load memtrack module (No such file or directory)
05-18 09:47:13.225 E/android.os.Debug(17017): failed to load memtrack module: -2
05-18 09:47:13.705 E/WifiTrafficPoller(  851): TRAFFIC_STATS_POLL true Token 2644 num clients 17
05-18 09:47:13.706 E/WifiTrafficPoller(  851):  packet count Tx=1749261 Rx=5766195
05-18 09:47:13.706 E/WifiTrafficPoller(  851): notifying of data activity 3
05-18 09:47:14.708 E/WifiTrafficPoller(  851): TRAFFIC_STATS_POLL true Token 2644 num clients 17
05-18 09:47:14.709 E/WifiTrafficPoller(  851):  packet count Tx=1749261 Rx=5766208
05-18 09:47:14.709 E/WifiTrafficPoller(  851): notifying of data activity 1
05-18 09:47:14.712 E/memtrack(17036): Couldn't load memtrack module (No such file or directory)
05-18 09:47:14.712 E/android.os.Debug(17036): failed to load memtrack module: -2
05-18 09:47:15.464 E/memtrack(17053): Couldn't load memtrack module (No such file or directory)
05-18 09:47:15.464 E/android.os.Debug(17053): failed to load memtrack module: -2
05-18 09:47:15.710 E/WifiTrafficPoller(  851): TRAFFIC_STATS_POLL true Token 2644 num clients 17
05-18 09:47:15.711 E/WifiTrafficPoller(  851):  packet count Tx=1749269 Rx=5766232
05-18 09:47:15.712 E/WifiTrafficPoller(  851): notifying of data activity 3
05-18 09:47:16.007 E/WifiStateMachine(  851):  ConnectedState (when=-4ms what=131155 arg1=591!CMD_RSSI_POLL 591 0 "BOCO-office" 94:b4:0f:68:a4:b1 rssi=-48 f=5785 sc=80 link=135 tx=1.5, 0.0, 0.0  rx=44.7 bcn=0 [on:0 tx:0 rx:0 period:2999] from screen [on:0 period:610595079] gl rssi=-48 ag=0 hr ticks 314,77,49 ls-=0 [56,56,56,56,61] brc=0 lrc=0
05-18 09:47:16.008 E/WifiStateMachine(  851):  L2ConnectedState (when=-5ms what=131155 arg1=591!CMD_RSSI_POLL 591 0 "BOCO-office" 94:b4:0f:68:a4:b1 rssi=-48 f=5785 sc=80 link=135 tx=1.5, 0.0, 0.0  rx=44.7 bcn=0 [on:0 tx:0 rx:0 period:1] from screen [on:0 period:610595080] gl rssi=-48 ag=0 hr ticks 314,77,49 ls-=0 [56,56,56,56,61] brc=0 lrc=0
05-18 09:47:16.008 E/WifiStateMachine(  851):  get link layer stats 0
05-18 09:47:16.010 E/WifiStateMachine(  851): calculateWifiScore() we set wifi's score to 1000, so will always set wifi as a default network.
05-18 09:47:16.431 E/memtrack(17074): Couldn't load memtrack module (No such file or directory)
05-18 09:47:16.432 E/android.os.Debug(17074): failed to load memtrack module: -2
05-18 09:47:16.718 E/WifiTrafficPoller(  851): TRAFFIC_STATS_POLL true Token 2644 num clients 17
05-18 09:47:16.719 E/WifiTrafficPoller(  851):  packet count Tx=1749274 Rx=5766253
05-18 09:47:17.428 E/memtrack(17090): Couldn't load memtrack module (No such file or directory)
05-18 09:47:17.429 E/android.os.Debug(17090): failed to load memtrack module: -2
05-18 09:47:17.720 E/WifiTrafficPoller(  851): TRAFFIC_STATS_POLL true Token 2644 num clients 17
05-18 09:47:17.721 E/WifiTrafficPoller(  851):  packet count Tx=1749274 Rx=5766264
05-18 09:47:17.721 E/WifiTrafficPoller(  851): notifying of data activity 1
05-18 09:47:18.342 E/memtrack(17106): Couldn't load memtrack module (No such file or directory)
05-18 09:47:18.342 E/android.os.Debug(17106): failed to load memtrack module: -2
05-18 09:47:18.723 E/WifiTrafficPoller(  851): TRAFFIC_STATS_POLL true Token 2644 num clients 17
05-18 09:47:18.724 E/WifiTrafficPoller(  851):  packet count Tx=1749274 Rx=5766277
05-18 09:47:19.015 E/WifiStateMachine(  851):  ConnectedState (when=-3ms what=131155 arg1=591!CMD_RSSI_POLL 591 0 "BOCO-office" 94:b4:0f:68:a4:b1 rssi=-49 f=5785 sc=80 link=135 tx=4.7, 0.0, 0.0  rx=48.4 bcn=0 [on:0 tx:0 rx:0 period:3003] from screen [on:0 period:610598087] gl rssi=-49 ag=0 hr ticks 314,77,49 ls-=0 [56,56,56,56,61] brc=0 lrc=0
05-18 09:47:19.018 E/WifiStateMachine(  851):  L2ConnectedState (when=-6ms what=131155 arg1=591!CMD_RSSI_POLL 591 0 "BOCO-office" 94:b4:0f:68:a4:b1 rssi=-49 f=5785 sc=80 link=135 tx=4.7, 0.0, 0.0  rx=48.4 bcn=0 [on:0 tx:0 rx:0 period:3] from screen [on:0 period:610598090] gl rssi=-49 ag=0 hr ticks 314,77,49 ls-=0 [56,56,56,56,61] brc=0 lrc=0
05-18 09:47:19.018 E/WifiStateMachine(  851):  get link layer stats 0
05-18 09:47:19.023 E/WifiStateMachine(  851): calculateWifiScore() we set wifi's score to 1000, so will always set wifi as a default network.
05-18 09:47:19.495 E/memtrack(17125): Couldn't load memtrack module (No such file or directory)
05-18 09:47:19.495 E/android.os.Debug(17125): failed to load memtrack module: -2
05-18 09:47:19.724 E/WifiTrafficPoller(  851): TRAFFIC_STATS_POLL true Token 2644 num clients 17
05-18 09:47:19.725 E/WifiTrafficPoller(  851):  packet count Tx=1749275 Rx=5766289
05-18 09:47:19.726 E/WifiTrafficPoller(  851): notifying of data activity 3
05-18 09:47:20.227 E/memtrack(17142): Couldn't load memtrack module (No such file or directory)
05-18 09:47:20.227 E/android.os.Debug(17142): failed to load memtrack module: -2
05-18 09:47:20.733 E/WifiTrafficPoller(  851): TRAFFIC_STATS_POLL true Token 2644 num clients 17
05-18 09:47:20.734 E/WifiTrafficPoller(  851):  packet count Tx=1749275 Rx=5766299
05-18 09:47:20.734 E/WifiTrafficPoller(  851): notifying of data activity 1
05-18 09:47:21.737 E/WifiTrafficPoller(  851): TRAFFIC_STATS_POLL true Token 2644 num clients 17
05-18 09:47:21.738 E/WifiTrafficPoller(  851):  packet count Tx=1749275 Rx=5766310
05-18 09:47:22.027 E/WifiStateMachine(  851):  ConnectedState (when=-4ms what=131155 arg1=591!CMD_RSSI_POLL 591 0 "BOCO-office" 94:b4:0f:68:a4:b1 rssi=-48 f=5785 sc=80 link=135 tx=5.4, 0.0, 0.0  rx=47.2 bcn=0 [on:0 tx:0 rx:0 period:3001] from screen [on:0 period:610601099] gl rssi=-48 ag=0 hr ticks 314,77,49 ls-=0 [56,56,60,60,65] brc=0 lrc=0
05-18 09:47:22.030 E/WifiStateMachine(  851):  L2ConnectedState (when=-6ms what=131155 arg1=591!CMD_RSSI_POLL 591 0 "BOCO-office" 94:b4:0f:68:a4:b1 rssi=-48 f=5785 sc=80 link=135 tx=5.4, 0.0, 0.0  rx=47.2 bcn=0 [on:0 tx:0 rx:0 period:3] from screen [on:0 period:610601102] gl rssi=-48 ag=0 hr ticks 314,77,49 ls-=0 [56,56,60,60,65] brc=0 lrc=0
05-18 09:47:22.030 E/WifiStateMachine(  851):  get link layer stats 0
05-18 09:47:22.053 E/WifiStateMachine(  851): calculateWifiScore() we set wifi's score to 1000, so will always set wifi as a default network.
05-18 09:47:22.738 E/WifiTrafficPoller(  851): TRAFFIC_STATS_POLL true Token 2644 num clients 17
05-18 09:47:22.740 E/WifiTrafficPoller(  851):  packet count Tx=1749275 Rx=5766320
05-18 09:47:23.739 E/WifiTrafficPoller(  851): TRAFFIC_STATS_POLL true Token 2644 num clients 17
05-18 09:47:23.742 E/WifiTrafficPoller(  851):  packet count Tx=1749275 Rx=5766328
05-18 09:47:24.742 E/WifiTrafficPoller(  851): TRAFFIC_STATS_POLL true Token 2644 num clients 17
05-18 09:47:24.744 E/WifiTrafficPoller(  851):  packet count Tx=1749276 Rx=5766339
05-18 09:47:24.744 E/WifiTrafficPoller(  851): notifying of data activity 3
05-18 09:47:25.056 E/WifiStateMachine(  851):  ConnectedState (when=-3ms what=131155 arg1=591!CMD_RSSI_POLL 591 0 "BOCO-office" 94:b4:0f:68:a4:b1 rssi=-48 f=5785 sc=80 link=135 tx=2.7, 0.0, 0.0  rx=41.1 bcn=0 [on:0 tx:0 rx:0 period:2997] from screen [on:0 period:610604128] gl rssi=-48 ag=0 hr ticks 314,77,49 ls-=0 [56,56,56,56,61] brc=0 lrc=0
05-18 09:47:25.057 E/WifiStateMachine(  851):  L2ConnectedState (when=-4ms what=131155 arg1=591!CMD_RSSI_POLL 591 0 "BOCO-office" 94:b4:0f:68:a4:b1 rssi=-48 f=5785 sc=80 link=135 tx=2.7, 0.0, 0.0  rx=41.1 bcn=0 [on:0 tx:0 rx:0 period:1] from screen [on:0 period:610604129] gl rssi=-48 ag=0 hr ticks 314,77,49 ls-=0 [56,56,56,56,61] brc=0 lrc=0
05-18 09:47:25.057 E/WifiStateMachine(  851):  get link layer stats 0
05-18 09:47:25.059 E/WifiStateMachine(  851): calculateWifiScore() we set wifi's score to 1000, so will always set wifi as a default network.
05-18 09:47:25.748 E/WifiTrafficPoller(  851): TRAFFIC_STATS_POLL true Token 2644 num clients 17
05-18 09:47:25.749 E/WifiTrafficPoller(  851):  packet count Tx=1749277 Rx=5766353
05-18 09:47:25.879 E/memtrack(17162): Couldn't load memtrack module (No such file or directory)
05-18 09:47:25.879 E/android.os.Debug(17162): failed to load memtrack module: -2
05-18 09:47:26.749 E/WifiTrafficPoller(  851): TRAFFIC_STATS_POLL true Token 2644 num clients 17
05-18 09:47:26.749 E/WifiTrafficPoller(  851):  packet count Tx=1749277 Rx=5766369
05-18 09:47:26.749 E/WifiTrafficPoller(  851): notifying of data activity 1
05-18 09:47:27.041 E/memtrack(17182): Couldn't load memtrack module (No such file or directory)
05-18 09:47:27.041 E/android.os.Debug(17182): failed to load memtrack module: -2
05-18 09:47:27.756 E/WifiTrafficPoller(  851): TRAFFIC_STATS_POLL true Token 2644 num clients 17
05-18 09:47:27.756 E/WifiTrafficPoller(  851):  packet count Tx=1749277 Rx=5766387
05-18 09:47:27.834 E/memtrack(17199): Couldn't load memtrack module (No such file or directory)
05-18 09:47:27.834 E/android.os.Debug(17199): failed to load memtrack module: -2
05-18 09:47:28.064 E/WifiStateMachine(  851):  ConnectedState (when=-4ms what=131155 arg1=591!CMD_RSSI_POLL 591 0 "BOCO-office" 94:b4:0f:68:a4:b1 rssi=-49 f=5785 sc=80 link=135 tx=2.3, 0.0, 0.0  rx=36.0 bcn=0 [on:0 tx:0 rx:0 period:3003] from screen [on:0 period:610607136] gl rssi=-49 ag=0 hr ticks 314,77,49 ls-=0 [56,56,56,56,61] brc=0 lrc=0
05-18 09:47:28.065 E/WifiStateMachine(  851):  L2ConnectedState (when=-5ms what=131155 arg1=591!CMD_RSSI_POLL 591 0 "BOCO-office" 94:b4:0f:68:a4:b1 rssi=-49 f=5785 sc=80 link=135 tx=2.3, 0.0, 0.0  rx=36.0 bcn=0 [on:0 tx:0 rx:0 period:1] from screen [on:0 period:610607137] gl rssi=-49 ag=0 hr ticks 314,77,49 ls-=0 [56,56,56,56,61] brc=0 lrc=0
05-18 09:47:28.065 E/WifiStateMachine(  851):  get link layer stats 0
05-18 09:47:28.079 E/WifiStateMachine(  851): calculateWifiScore() we set wifi's score to 1000, so will always set wifi as a default network.
05-18 09:47:28.159 E/Pm      (17199): Failure details: Bundle[{android.content.pm.extra.STATUS=1, android.content.pm.extra.PACKAGE_NAME=com.boco.apphall, android.content.pm.extra.LEGACY_STATUS=-1, android.content.pm.extra.STATUS_MESSAGE=DELETE_FAILED_INTERNAL_ERROR}]
05-18 09:47:28.757 E/WifiTrafficPoller(  851): TRAFFIC_STATS_POLL true Token 2644 num clients 17
05-18 09:47:28.757 E/WifiTrafficPoller(  851):  packet count Tx=1749277 Rx=5766403
05-18 09:47:28.812 E/memtrack(17216): Couldn't load memtrack module (No such file or directory)
05-18 09:47:28.812 E/android.os.Debug(17216): failed to load memtrack module: -2
05-18 09:47:28.999 E/SurfaceFlinger(  285): onDraw: bindTextureImage test
05-18 09:47:29.015 E/SurfaceFlinger(  285): onDraw: bindTextureImage test
05-18 09:47:29.032 E/SurfaceFlinger(  285): onDraw: bindTextureImage test
05-18 09:47:29.049 E/SurfaceFlinger(  285): onDraw: bindTextureImage test
05-18 09:47:29.066 E/SurfaceFlinger(  285): onDraw: bindTextureImage test
05-18 09:47:29.084 E/SurfaceFlinger(  285): onDraw: bindTextureImage test
05-18 09:47:29.101 E/SurfaceFlinger(  285): onDraw: bindTextureImage test
05-18 09:47:29.118 E/SurfaceFlinger(  285): onDraw: bindTextureImage test
05-18 09:47:29.136 E/SurfaceFlinger(  285): onDraw: bindTextureImage test
05-18 09:47:29.758 E/WifiTrafficPoller(  851): TRAFFIC_STATS_POLL true Token 2644 num clients 17
05-18 09:47:29.759 E/WifiTrafficPoller(  851):  packet count Tx=1749277 Rx=5766418
05-18 09:47:30.759 E/WifiTrafficPoller(  851): TRAFFIC_STATS_POLL true Token 2644 num clients 17
05-18 09:47:30.760 E/WifiTrafficPoller(  851):  packet count Tx=1749281 Rx=5766437
05-18 09:47:30.760 E/WifiTrafficPoller(  851): notifying of data activity 3
05-18 09:47:30.832 E/SurfaceFlinger(  285): onDraw: bindTextureImage test
05-18 09:47:30.849 E/SurfaceFlinger(  285): onDraw: bindTextureImage test
05-18 09:47:30.866 E/SurfaceFlinger(  285): onDraw: bindTextureImage test
05-18 09:47:30.882 E/SurfaceFlinger(  285): onDraw: bindTextureImage test
05-18 09:47:30.899 E/SurfaceFlinger(  285): onDraw: bindTextureImage test
05-18 09:47:30.916 E/SurfaceFlinger(  285): onDraw: bindTextureImage test
05-18 09:47:30.932 E/SurfaceFlinger(  285): onDraw: bindTextureImage test
05-18 09:47:31.019 E/SurfaceFlinger(  285): onDraw: bindTextureImage test
05-18 09:47:31.036 E/SurfaceFlinger(  285): onDraw: bindTextureImage test
05-18 09:47:31.055 E/SurfaceFlinger(  285): onDraw: bindTextureImage test
05-18 09:47:31.069 E/SurfaceFlinger(  285): onDraw: bindTextureImage test
05-18 09:47:31.085 E/WifiStateMachine(  851):  ConnectedState (when=-4ms what=131155 arg1=591!CMD_RSSI_POLL 591 0 "BOCO-office" 94:b4:0f:68:a4:b1 rssi=-48 f=5785 sc=80 link=135 tx=1.2, 0.0, 0.0  rx=40.0 bcn=0 [on:0 tx:0 rx:0 period:3004] from screen [on:0 period:610610157] gl rssi=-48 ag=0 hr ticks 314,77,49 ls-=0 [56,56,56,56,61] brc=0 lrc=0
05-18 09:47:31.086 E/WifiStateMachine(  851):  L2ConnectedState (when=-6ms what=131155 arg1=591!CMD_RSSI_POLL 591 0 "BOCO-office" 94:b4:0f:68:a4:b1 rssi=-48 f=5785 sc=80 link=135 tx=1.2, 0.0, 0.0  rx=40.0 bcn=0 [on:0 tx:0 rx:0 period:1] from screen [on:0 period:610610158] gl rssi=-48 ag=0 hr ticks 314,77,49 ls-=0 [56,56,56,56,61] brc=0 lrc=0
05-18 09:47:31.086 E/WifiStateMachine(  851):  get link layer stats 0
05-18 09:47:31.087 E/SurfaceFlinger(  285): onDraw: bindTextureImage test
05-18 09:47:31.102 E/WifiStateMachine(  851): calculateWifiScore() we set wifi's score to 1000, so will always set wifi as a default network.
05-18 09:47:31.104 E/SurfaceFlinger(  285): onDraw: bindTextureImage test
05-18 09:47:31.120 E/SurfaceFlinger(  285): onDraw: bindTextureImage test
05-18 09:47:31.138 E/SurfaceFlinger(  285): onDraw: bindTextureImage test
05-18 09:47:31.154 E/SurfaceFlinger(  285): onDraw: bindTextureImage test
05-18 09:47:31.170 E/SurfaceFlinger(  285): onDraw: bindTextureImage test
05-18 09:47:31.186 E/SurfaceFlinger(  285): onDraw: bindTextureImage test
05-18 09:47:31.655 E/SurfaceFlinger(  285): onDraw: bindTextureImage test
05-18 09:47:31.672 E/SurfaceFlinger(  285): onDraw: bindTextureImage test
05-18 09:47:31.688 E/SurfaceFlinger(  285): onDraw: bindTextureImage test
05-18 09:47:31.705 E/SurfaceFlinger(  285): onDraw: bindTextureImage test
05-18 09:47:31.722 E/SurfaceFlinger(  285): onDraw: bindTextureImage test
05-18 09:47:31.739 E/SurfaceFlinger(  285): onDraw: bindTextureImage test
05-18 09:47:31.756 E/SurfaceFlinger(  285): onDraw: bindTextureImage test
05-18 09:47:31.763 E/WifiTrafficPoller(  851): TRAFFIC_STATS_POLL true Token 2644 num clients 17
05-18 09:47:31.764 E/WifiTrafficPoller(  851):  packet count Tx=1749281 Rx=5766452
05-18 09:47:31.764 E/WifiTrafficPoller(  851): notifying of data activity 1
05-18 09:47:31.774 E/SurfaceFlinger(  285): onDraw: bindTextureImage test
05-18 09:47:31.790 E/SurfaceFlinger(  285): onDraw: bindTextureImage test
05-18 09:47:31.807 E/SurfaceFlinger(  285): onDraw: bindTextureImage test
05-18 09:47:31.823 E/SurfaceFlinger(  285): onDraw: bindTextureImage test
05-18 09:47:32.453 E/Launcher.FragmentLoader( 1966): Widget ComponentInfo{net.qihoo.launcher.widget.clockweather/net.qihoo.clockweather.widget.WidgetProvider52} can not fit on this device (1170, 438)
05-18 09:47:32.453 E/Launcher.FragmentLoader( 1966): Widget ComponentInfo{net.qihoo.launcher.widget.clockweather/net.qihoo.clockweather.widget.WidgetProvider51} can not fit on this device (1170, 210)
05-18 09:47:32.764 E/WifiTrafficPoller(  851): TRAFFIC_STATS_POLL true Token 2644 num clients 17
05-18 09:47:32.765 E/WifiTrafficPoller(  851):  packet count Tx=1749294 Rx=5766481
05-18 09:47:32.765 E/WifiTrafficPoller(  851): notifying of data activity 3
05-18 09:47:33.434 E/memtrack(17322): Couldn't load memtrack module (No such file or directory)
05-18 09:47:33.434 E/android.os.Debug(17322): failed to load memtrack module: -2
05-18 09:47:33.766 E/WifiTrafficPoller(  851): TRAFFIC_STATS_POLL true Token 2644 num clients 17
05-18 09:47:33.766 E/WifiTrafficPoller(  851):  packet count Tx=1749295 Rx=5766503
05-18 09:47:34.069 E/memtrack(17339): Couldn't load memtrack module (No such file or directory)
05-18 09:47:34.069 E/android.os.Debug(17339): failed to load memtrack module: -2
05-18 09:47:34.107 E/WifiStateMachine(  851):  ConnectedState (when=-4ms what=131155 arg1=591!CMD_RSSI_POLL 591 0 "BOCO-office" 94:b4:0f:68:a4:b1 rssi=-50 f=5785 sc=80 link=135 tx=2.6, 0.0, 0.0  rx=44.5 bcn=0 [on:0 tx:0 rx:0 period:2995] from screen [on:0 period:610613179] gl rssi=-50 ag=0 hr ticks 314,77,49 ls-=0 [56,56,56,56,61] brc=0 lrc=0
05-18 09:47:34.108 E/WifiStateMachine(  851):  L2ConnectedState (when=-5ms what=131155 arg1=591!CMD_RSSI_POLL 591 0 "BOCO-office" 94:b4:0f:68:a4:b1 rssi=-50 f=5785 sc=80 link=135 tx=2.6, 0.0, 0.0  rx=44.5 bcn=0 [on:0 tx:0 rx:0 period:1] from screen [on:0 period:610613180] gl rssi=-50 ag=0 hr ticks 314,77,49 ls-=0 [56,56,56,56,61] brc=0 lrc=0
05-18 09:47:34.108 E/WifiStateMachine(  851):  get link layer stats 0
05-18 09:47:34.129 E/WifiStateMachine(  851): calculateWifiScore() we set wifi's score to 1000, so will always set wifi as a default network.
05-18 09:47:34.766 E/WifiTrafficPoller(  851): TRAFFIC_STATS_POLL true Token 2644 num clients 17
05-18 09:47:34.767 E/WifiTrafficPoller(  851):  packet count Tx=1749295 Rx=5766520
05-18 09:47:34.767 E/WifiTrafficPoller(  851): notifying of data activity 1
05-18 09:47:35.112 E/memtrack(17357): Couldn't load memtrack module (No such file or directory)
05-18 09:47:35.112 E/android.os.Debug(17357): failed to load memtrack module: -2
05-18 09:47:35.767 E/WifiTrafficPoller(  851): TRAFFIC_STATS_POLL true Token 2644 num clients 17
05-18 09:47:35.768 E/WifiTrafficPoller(  851):  packet count Tx=1749295 Rx=5766535
05-18 09:47:35.829 E/memtrack(17373): Couldn't load memtrack module (No such file or directory)
05-18 09:47:35.829 E/android.os.Debug(17373): failed to load memtrack module: -2
05-18 09:47:36.767 E/WifiTrafficPoller(  851): TRAFFIC_STATS_POLL true Token 2644 num clients 17
05-18 09:47:36.768 E/WifiTrafficPoller(  851):  packet count Tx=1749297 Rx=5766556
05-18 09:47:36.768 E/WifiTrafficPoller(  851): notifying of data activity 3
05-18 09:47:37.135 E/WifiStateMachine(  851):  ConnectedState (when=-4ms what=131155 arg1=591!CMD_RSSI_POLL 591 0 "BOCO-office" 94:b4:0f:68:a4:b1 rssi=-50 f=5785 sc=80 link=135 tx=8.3, 0.0, 0.0  rx=57.3 bcn=0 [on:0 tx:0 rx:0 period:3004] from screen [on:0 period:610616207] gl rssi=-50 ag=0 hr ticks 314,77,49 ls-=0 [56,56,60,60,65] brc=0 lrc=0
05-18 09:47:37.137 E/WifiStateMachine(  851):  L2ConnectedState (when=-6ms what=131155 arg1=591!CMD_RSSI_POLL 591 0 "BOCO-office" 94:b4:0f:68:a4:b1 rssi=-50 f=5785 sc=80 link=135 tx=8.3, 0.0, 0.0  rx=57.3 bcn=0 [on:0 tx:0 rx:0 period:2] from screen [on:0 period:610616209] gl rssi=-50 ag=0 hr ticks 314,77,49 ls-=0 [56,56,60,60,65] brc=0 lrc=0
05-18 09:47:37.137 E/WifiStateMachine(  851):  get link layer stats 0
05-18 09:47:37.142 E/WifiStateMachine(  851): calculateWifiScore() we set wifi's score to 1000, so will always set wifi as a default network.
05-18 09:47:37.769 E/WifiTrafficPoller(  851): TRAFFIC_STATS_POLL true Token 2644 num clients 17
05-18 09:47:37.770 E/WifiTrafficPoller(  851):  packet count Tx=1749301 Rx=5766582
05-18 09:47:38.771 E/WifiTrafficPoller(  851): TRAFFIC_STATS_POLL true Token 2644 num clients 17
05-18 09:47:38.772 E/WifiTrafficPoller(  851):  packet count Tx=1749301 Rx=5766595
05-18 09:47:38.772 E/WifiTrafficPoller(  851): notifying of data activity 1
05-18 09:47:39.375 E/memtrack(17424): Couldn't load memtrack module (No such file or directory)
05-18 09:47:39.375 E/android.os.Debug(17424): failed to load memtrack module: -2
05-18 09:47:39.775 E/WifiTrafficPoller(  851): TRAFFIC_STATS_POLL true Token 2644 num clients 17
05-18 09:47:39.775 E/WifiTrafficPoller(  851):  packet count Tx=1749301 Rx=5766609
05-18 09:47:39.896 E/SurfaceFlinger(  285): onDraw: bindTextureImage test
05-18 09:47:39.913 E/SurfaceFlinger(  285): onDraw: bindTextureImage test
05-18 09:47:39.930 E/SurfaceFlinger(  285): onDraw: bindTextureImage test
05-18 09:47:39.949 E/SurfaceFlinger(  285): onDraw: bindTextureImage test
05-18 09:47:39.955 E/MPlugin (17440): Unsupported class: com.mediatek.common.telephony.IOnlyOwnerSimSupport
05-18 09:47:39.964 E/SurfaceFlinger(  285): onDraw: bindTextureImage test
05-18 09:47:39.980 E/SurfaceFlinger(  285): onDraw: bindTextureImage test
05-18 09:47:39.989 E/WifiManager(17440): mWifiServiceMessenger == null
05-18 09:47:39.998 E/SurfaceFlinger(  285): onDraw: bindTextureImage test
05-18 09:47:40.014 E/SurfaceFlinger(  285): onDraw: bindTextureImage test
05-18 09:47:40.031 E/SurfaceFlinger(  285): onDraw: bindTextureImage test
05-18 09:47:40.048 E/SurfaceFlinger(  285): onDraw: bindTextureImage test
05-18 09:47:40.064 E/SurfaceFlinger(  285): onDraw: bindTextureImage test
05-18 09:47:40.081 E/SurfaceFlinger(  285): onDraw: bindTextureImage test
05-18 09:47:40.098 E/SurfaceFlinger(  285): onDraw: bindTextureImage test
05-18 09:47:40.115 E/SurfaceFlinger(  285): onDraw: bindTextureImage test
05-18 09:47:40.131 E/SurfaceFlinger(  285): onDraw: bindTextureImage test
05-18 09:47:40.147 E/WifiStateMachine(  851):  ConnectedState (when=-4ms what=131155 arg1=591!CMD_RSSI_POLL 591 0 "BOCO-office" 94:b4:0f:68:a4:b1 rssi=-49 f=5785 sc=80 link=135 tx=5.1, 0.0, 0.0  rx=55.1 bcn=0 [on:0 tx:0 rx:0 period:3002] from screen [on:0 period:610619219] gl rssi=-49 ag=0 hr ticks 314,77,49 ls-=0 [56,56,60,60,65] brc=0 lrc=0
05-18 09:47:40.148 E/SurfaceFlinger(  285): onDraw: bindTextureImage test
05-18 09:47:40.153 E/WifiStateMachine(  851):  L2ConnectedState (when=-5ms what=131155 arg1=591!CMD_RSSI_POLL 591 0 "BOCO-office" 94:b4:0f:68:a4:b1 rssi=-49 f=5785 sc=80 link=135 tx=5.1, 0.0, 0.0  rx=55.1 bcn=0 [on:0 tx:0 rx:0 period:6] from screen [on:0 period:610619225] gl rssi=-49 ag=0 hr ticks 314,77,49 ls-=0 [56,56,60,60,65] brc=0 lrc=0
05-18 09:47:40.154 E/WifiStateMachine(  851):  get link layer stats 0
05-18 09:47:40.165 E/SurfaceFlinger(  285): onDraw: bindTextureImage test
05-18 09:47:40.173 E/WifiStateMachine(  851): calculateWifiScore() we set wifi's score to 1000, so will always set wifi as a default network.
05-18 09:47:40.283 E/SurfaceFlinger(  285): onDraw: bindTextureImage test
05-18 09:47:40.299 E/SurfaceFlinger(  285): onDraw: bindTextureImage test
05-18 09:47:40.316 E/SurfaceFlinger(  285): onDraw: bindTextureImage test
05-18 09:47:40.333 E/SurfaceFlinger(  285): onDraw: bindTextureImage test
05-18 09:47:40.351 E/SurfaceFlinger(  285): onDraw: bindTextureImage test
05-18 09:47:40.370 E/SurfaceFlinger(  285): onDraw: bindTextureImage test
05-18 09:47:40.385 E/SurfaceFlinger(  285): onDraw: bindTextureImage test
05-18 09:47:40.776 E/WifiTrafficPoller(  851): TRAFFIC_STATS_POLL true Token 2644 num clients 17
05-18 09:47:40.777 E/WifiTrafficPoller(  851):  packet count Tx=1749301 Rx=5766638
05-18 09:47:41.777 E/WifiTrafficPoller(  851): TRAFFIC_STATS_POLL true Token 2644 num clients 17
05-18 09:47:41.778 E/WifiTrafficPoller(  851):  packet count Tx=1749301 Rx=5766656
05-18 09:47:42.779 E/WifiTrafficPoller(  851): TRAFFIC_STATS_POLL true Token 2644 num clients 17
05-18 09:47:42.779 E/WifiTrafficPoller(  851):  packet count Tx=1749301 Rx=5766670
05-18 09:47:43.174 E/WifiStateMachine(  851):  ConnectedState (when=-1ms what=131155 arg1=591!CMD_RSSI_POLL 591 0 "BOCO-office" 94:b4:0f:68:a4:b1 rssi=-48 f=5785 sc=80 link=135 tx=4.6, 0.0, 0.0  rx=56.1 bcn=0 [on:0 tx:0 rx:0 period:2999] from screen [on:0 period:610622246] gl rssi=-48 ag=0 hr ticks 314,77,49 ls-=0 [56,56,56,56,61] brc=0 lrc=0
05-18 09:47:43.180 E/WifiStateMachine(  851):  L2ConnectedState (when=-7ms what=131155 arg1=591!CMD_RSSI_POLL 591 0 "BOCO-office" 94:b4:0f:68:a4:b1 rssi=-48 f=5785 sc=80 link=135 tx=4.6, 0.0, 0.0  rx=56.1 bcn=0 [on:0 tx:0 rx:0 period:6] from screen [on:0 period:610622252] gl rssi=-48 ag=0 hr ticks 314,77,49 ls-=0 [56,56,56,56,61] brc=0 lrc=0
05-18 09:47:43.182 E/WifiStateMachine(  851):  get link layer stats 0
05-18 09:47:43.193 E/WifiStateMachine(  851): calculateWifiScore() we set wifi's score to 1000, so will always set wifi as a default network.
05-18 09:47:43.780 E/WifiTrafficPoller(  851): TRAFFIC_STATS_POLL true Token 2644 num clients 17
05-18 09:47:43.781 E/WifiTrafficPoller(  851):  packet count Tx=1749301 Rx=5766690
05-18 09:47:44.781 E/WifiTrafficPoller(  851): TRAFFIC_STATS_POLL true Token 2644 num clients 17
05-18 09:47:44.783 E/WifiTrafficPoller(  851):  packet count Tx=1749301 Rx=5766701
05-18 09:47:45.783 E/WifiTrafficPoller(  851): TRAFFIC_STATS_POLL true Token 2644 num clients 17
05-18 09:47:45.783 E/WifiTrafficPoller(  851):  packet count Tx=1749301 Rx=5766715
