--------- beginning of system
05-19 15:17:12.942 E/NotificationService(  851): Suppressing notification from package com.qihoo.appstore by user request.
05-19 15:17:12.945 E/NotificationService(  851): Suppressing notification from package com.qihoo.appstore by user request.
--------- beginning of main
05-19 15:18:48.745 E/WifiTrafficPoller(  851): TRAFFIC_STATS_POLL true Token 3077 num clients 16
05-19 15:18:48.746 E/WifiTrafficPoller(  851):  packet count Tx=2029166 Rx=6711423
05-19 15:18:49.746 E/WifiTrafficPoller(  851): TRAFFIC_STATS_POLL true Token 3077 num clients 16
05-19 15:18:49.746 E/WifiTrafficPoller(  851):  packet count Tx=2029166 Rx=6711472
05-19 15:18:50.747 E/WifiTrafficPoller(  851): TRAFFIC_STATS_POLL true Token 3077 num clients 16
05-19 15:18:50.747 E/WifiTrafficPoller(  851):  packet count Tx=2029166 Rx=6711516
05-19 15:18:51.461 E/WifiStateMachine(  851):  ConnectedState (when=-3ms what=131155 arg1=671!CMD_RSSI_POLL 671 0 "BOCO-office" 94:b4:0f:68:a4:b1 rssi=-50 f=5785 sc=80 link=135 tx=0.5, 0.0, 0.0  rx=87.7 bcn=0 [on:0 tx:0 rx:0 period:3002] from screen [on:0 period:716890533] gl rssi=-50 ag=0 hr ticks 28,286,43 ls-=0 [56,56,56,56,61] brc=0 lrc=0
05-19 15:18:51.462 E/WifiStateMachine(  851):  L2ConnectedState (when=-4ms what=131155 arg1=671!CMD_RSSI_POLL 671 0 "BOCO-office" 94:b4:0f:68:a4:b1 rssi=-50 f=5785 sc=80 link=135 tx=0.5, 0.0, 0.0  rx=87.7 bcn=0 [on:0 tx:0 rx:0 period:1] from screen [on:0 period:716890534] gl rssi=-50 ag=0 hr ticks 28,286,43 ls-=0 [56,56,56,56,61] brc=0 lrc=0
05-19 15:18:51.462 E/WifiStateMachine(  851):  get link layer stats 0
05-19 15:18:51.478 E/WifiStateMachine(  851): calculateWifiScore() we set wifi's score to 1000, so will always set wifi as a default network.
05-19 15:18:51.748 E/WifiTrafficPoller(  851): TRAFFIC_STATS_POLL true Token 3077 num clients 16
05-19 15:18:51.748 E/WifiTrafficPoller(  851):  packet count Tx=2029166 Rx=6711537
05-19 15:18:52.748 E/WifiTrafficPoller(  851): TRAFFIC_STATS_POLL true Token 3077 num clients 16
05-19 15:18:52.748 E/WifiTrafficPoller(  851):  packet count Tx=2029166 Rx=6711556
05-19 15:18:53.423 E/memtrack(17367): Couldn't load memtrack module (No such file or directory)
05-19 15:18:53.423 E/android.os.Debug(17367): failed to load memtrack module: -2
05-19 15:18:53.748 E/WifiTrafficPoller(  851): TRAFFIC_STATS_POLL true Token 3077 num clients 16
05-19 15:18:53.748 E/WifiTrafficPoller(  851):  packet count Tx=2029166 Rx=6711576
05-19 15:18:54.012 E/memtrack(17384): Couldn't load memtrack module (No such file or directory)
05-19 15:18:54.012 E/android.os.Debug(17384): failed to load memtrack module: -2
05-19 15:18:54.367 E/WindowState(  851): getStack: Window{2c53ab26 u0 Starting com.boco.sc.mobileom} couldn't find taskId=19068 Callers=com.android.server.wm.WindowState.getDisplayContent:855 com.android.server.wm.WindowState.getWindowList:1480 com.android.server.wm.WindowManagerService.removeWindowInnerLocked:3321 com.android.server.wm.WindowManagerService.removeWindowLocked:3187 
05-19 15:18:54.367 E/WindowState(  851): getStack: Window{2c53ab26 u0 Starting com.boco.sc.mobileom} couldn't find taskId=19068 Callers=com.android.server.wm.WindowState.getDisplayContent:855 com.android.server.wm.WindowManagerService.removeWindowInnerLocked:3326 com.android.server.wm.WindowManagerService.removeWindowLocked:3187 com.android.server.wm.WindowManagerService.removeWindow:3109 
05-19 15:18:54.425 E/VMSG    (17400): RegisterNatives OnUserCommand1
05-19 15:18:54.482 E/WifiStateMachine(  851):  ConnectedState (when=-3ms what=131155 arg1=671!CMD_RSSI_POLL 671 0 "BOCO-office" 94:b4:0f:68:a4:b1 rssi=-50 f=5785 sc=80 link=135 tx=0.3, 0.0, 0.0  rx=102.4 bcn=0 [on:0 tx:0 rx:0 period:3002] from screen [on:0 period:716893554] gl rssi=-50 ag=0 hr ticks 28,286,43 ls-=0 [56,56,56,56,61] brc=0 lrc=0
05-19 15:18:54.483 E/WifiStateMachine(  851):  L2ConnectedState (when=-5ms what=131155 arg1=671!CMD_RSSI_POLL 671 0 "BOCO-office" 94:b4:0f:68:a4:b1 rssi=-50 f=5785 sc=80 link=135 tx=0.3, 0.0, 0.0  rx=102.4 bcn=0 [on:0 tx:0 rx:0 period:1] from screen [on:0 period:716893555] gl rssi=-50 ag=0 hr ticks 28,286,43 ls-=0 [56,56,56,56,61] brc=0 lrc=0
05-19 15:18:54.483 E/WifiStateMachine(  851):  get link layer stats 0
05-19 15:18:54.486 E/WifiStateMachine(  851): calculateWifiScore() we set wifi's score to 1000, so will always set wifi as a default network.
05-19 15:18:54.600 E/NativeCrypto(17400): ssl=0x7fa3032980 cert_verify_callback x509_store_ctx=0x7f9e5f6e88 arg=0x0
05-19 15:18:54.601 E/NativeCrypto(17400): ssl=0x7fa3032980 cert_verify_callback calling verifyCertificateChain authMethod=ECDHE_RSA
05-19 15:18:54.735 E/baidumapsdk(17400): Authentication Error errorcode: 230 uid: -1 appid -1 msg: APP Scode码校验失败
05-19 15:18:54.748 E/WifiTrafficPoller(  851): TRAFFIC_STATS_POLL true Token 3077 num clients 15
05-19 15:18:54.749 E/WifiTrafficPoller(  851):  packet count Tx=2029185 Rx=6711637
05-19 15:18:54.749 E/WifiTrafficPoller(  851): notifying of data activity 3
05-19 15:18:55.081 E/memtrack(17428): Couldn't load memtrack module (No such file or directory)
05-19 15:18:55.081 E/android.os.Debug(17428): failed to load memtrack module: -2
05-19 15:18:55.240 E/WifiStateMachine(  851):  ConnectedState (when=0 what=131143 arg1=10066 arg2=4033) !CMD_START_SCAN 10066 4033 ic=0 proc(ms):1 dur:1826 cnt=1698 rssi=-50 f=5785 sc=80 link=135 tx=1.6, 0.0, 0.0  rx=87.2 fiv=20000 [on:0 tx:0 rx:0 period:752] from screen [on:0 period:716894312]
05-19 15:18:55.241 E/WifiStateMachine(  851):  L2ConnectedState (when=-1ms what=131143 arg1=10066 arg2=4033) !CMD_START_SCAN 10066 4033 ic=0 proc(ms):2 dur:1826 cnt=1698 rssi=-50 f=5785 sc=80 link=135 tx=1.6, 0.0, 0.0  rx=87.2 fiv=20000 [on:0 tx:0 rx:0 period:1] from screen [on:0 period:716894313]
05-19 15:18:55.241 E/WifiStateMachine(  851): WifiStateMachine CMD_START_SCAN source 10066 txSuccessRate=1.63 rxSuccessRate=87.19 targetRoamBSSID=any RSSI=-50
05-19 15:18:55.242 E/CellLocation( 1670): create GsmCellLocation
05-19 15:18:55.265 E/WifiStateMachine(  851):  ConnectedState (when=0 what=131143 arg1=10066 arg2=4034) !CMD_START_SCAN 10066 4034 ic=0 proc(ms):0 dur:1826 cnt=1698 rssi=-50 f=5785 sc=80 link=135 tx=1.6, 0.0, 0.0  rx=87.2 fiv=20000 [on:0 tx:0 rx:0 period:23] from screen [on:0 period:716894336]
05-19 15:18:55.265 E/WifiStateMachine(  851):  L2ConnectedState (when=-1ms what=131143 arg1=10066 arg2=4034) !CMD_START_SCAN 10066 4034 ic=0 proc(ms):1 dur:1826 cnt=1698 rssi=-50 f=5785 sc=80 link=135 tx=1.6, 0.0, 0.0  rx=87.2 fiv=20000 [on:0 tx:0 rx:0 period:1] from screen [on:0 period:716894337]
05-19 15:18:55.265 E/WifiStateMachine(  851): WifiStateMachine CMD_START_SCAN source 10066 txSuccessRate=1.63 rxSuccessRate=87.19 targetRoamBSSID=any RSSI=-50
05-19 15:18:55.750 E/WifiTrafficPoller(  851): TRAFFIC_STATS_POLL true Token 3077 num clients 15
05-19 15:18:55.751 E/WifiTrafficPoller(  851):  packet count Tx=2029188 Rx=6711670
05-19 15:18:56.049 E/memtrack(17455): Couldn't load memtrack module (No such file or directory)
05-19 15:18:56.049 E/android.os.Debug(17455): failed to load memtrack module: -2
05-19 15:18:56.253 E/SurfaceFlinger(  285): onDraw: bindTextureImage test
05-19 15:18:56.270 E/SurfaceFlinger(  285): onDraw: bindTextureImage test
05-19 15:18:56.287 E/SurfaceFlinger(  285): onDraw: bindTextureImage test
05-19 15:18:56.304 E/SurfaceFlinger(  285): onDraw: bindTextureImage test
05-19 15:18:56.321 E/SurfaceFlinger(  285): onDraw: bindTextureImage test
05-19 15:18:56.339 E/SurfaceFlinger(  285): onDraw: bindTextureImage test
05-19 15:18:56.355 E/SurfaceFlinger(  285): onDraw: bindTextureImage test
05-19 15:18:56.372 E/SurfaceFlinger(  285): onDraw: bindTextureImage test
05-19 15:18:56.751 E/WifiTrafficPoller(  851): TRAFFIC_STATS_POLL true Token 3077 num clients 15
05-19 15:18:56.752 E/WifiTrafficPoller(  851):  packet count Tx=2029189 Rx=6711688
05-19 15:18:57.489 E/WifiStateMachine(  851):  ConnectedState (when=-1ms what=131155 arg1=671!CMD_RSSI_POLL 671 0 "BOCO-office" 94:b4:0f:68:a4:b1 rssi=-50 f=5785 sc=80 link=135 tx=1.6, 0.0, 0.0  rx=87.2 bcn=0 [on:0 tx:0 rx:0 period:2222] from screen [on:0 period:716896560] gl rssi=-50 ag=0 hr ticks 28,286,43 ls-=0 [56,56,56,56,61] brc=0 lrc=0
05-19 15:18:57.493 E/WifiStateMachine(  851):  L2ConnectedState (when=-5ms what=131155 arg1=671!CMD_RSSI_POLL 671 0 "BOCO-office" 94:b4:0f:68:a4:b1 rssi=-50 f=5785 sc=80 link=135 tx=1.6, 0.0, 0.0  rx=87.2 bcn=0 [on:0 tx:0 rx:0 period:5] from screen [on:0 period:716896565] gl rssi=-50 ag=0 hr ticks 28,286,43 ls-=0 [56,56,56,56,61] brc=0 lrc=0
05-19 15:18:57.493 E/WifiStateMachine(  851):  get link layer stats 0
05-19 15:18:57.497 E/WifiStateMachine(  851): calculateWifiScore() we set wifi's score to 1000, so will always set wifi as a default network.
05-19 15:18:57.752 E/WifiTrafficPoller(  851): TRAFFIC_STATS_POLL true Token 3077 num clients 15
05-19 15:18:57.754 E/WifiTrafficPoller(  851):  packet count Tx=2029190 Rx=6711706
05-19 15:18:58.337 E/WifiStateMachine(  851):  ConnectedState (when=0 what=131143 arg1=10066 arg2=4035) !CMD_START_SCAN 10066 4035 ic=0 proc(ms):0 dur:1826 cnt=1698 rssi=-50 f=5785 sc=80 link=135 tx=10.8, 0.0, 0.0  rx=91.1 fiv=20000 [on:0 tx:0 rx:0 period:830] from screen [on:0 period:716897409]
05-19 15:18:58.337 E/WifiStateMachine(  851):  L2ConnectedState (when=-1ms what=131143 arg1=10066 arg2=4035) !CMD_START_SCAN 10066 4035 ic=0 proc(ms):1 dur:1826 cnt=1698 rssi=-50 f=5785 sc=80 link=135 tx=10.8, 0.0, 0.0  rx=91.1 fiv=20000 [on:0 tx:0 rx:0 period:0] from screen [on:0 period:716897409]
05-19 15:18:58.338 E/WifiStateMachine(  851): WifiStateMachine CMD_START_SCAN source 10066 txSuccessRate=10.81 rxSuccessRate=91.09 targetRoamBSSID=any RSSI=-50
05-19 15:18:58.754 E/WifiTrafficPoller(  851): TRAFFIC_STATS_POLL true Token 3077 num clients 15
05-19 15:18:58.756 E/WifiTrafficPoller(  851):  packet count Tx=2029190 Rx=6711717
05-19 15:18:58.756 E/WifiTrafficPoller(  851): notifying of data activity 1
05-19 15:18:59.047 E/QueryController(17195): Got null root node from accessibility - Retrying...
05-19 15:18:59.703 E/QueryController(17195): Got null root node from accessibility - Retrying...
05-19 15:18:59.755 E/SurfaceFlinger(  285): onDraw: bindTextureImage test
05-19 15:18:59.771 E/SurfaceFlinger(  285): onDraw: bindTextureImage test
05-19 15:18:59.788 E/SurfaceFlinger(  285): onDraw: bindTextureImage test
05-19 15:18:59.804 E/SurfaceFlinger(  285): onDraw: bindTextureImage test
05-19 15:18:59.820 E/SurfaceFlinger(  285): onDraw: bindTextureImage test
05-19 15:18:59.833 E/WifiTrafficPoller(  851): TRAFFIC_STATS_POLL true Token 3077 num clients 15
05-19 15:18:59.834 E/WifiTrafficPoller(  851):  packet count Tx=2029190 Rx=6711754
05-19 15:18:59.838 E/SurfaceFlinger(  285): onDraw: bindTextureImage test
05-19 15:18:59.856 E/SurfaceFlinger(  285): onDraw: bindTextureImage test
05-19 15:18:59.923 E/SurfaceFlinger(  285): onDraw: bindTextureImage test
05-19 15:18:59.942 E/SurfaceFlinger(  285): onDraw: bindTextureImage test
05-19 15:18:59.961 E/SurfaceFlinger(  285): onDraw: bindTextureImage test
05-19 15:18:59.973 E/SurfaceFlinger(  285): onDraw: bindTextureImage test
05-19 15:18:59.992 E/SurfaceFlinger(  285): onDraw: bindTextureImage test
05-19 15:19:00.009 E/SurfaceFlinger(  285): onDraw: bindTextureImage test
05-19 15:19:00.025 E/SurfaceFlinger(  285): onDraw: bindTextureImage test
05-19 15:19:00.040 E/SurfaceFlinger(  285): onDraw: bindTextureImage test
05-19 15:19:00.056 E/SurfaceFlinger(  285): onDraw: bindTextureImage test
05-19 15:19:00.074 E/SurfaceFlinger(  285): onDraw: bindTextureImage test
05-19 15:19:00.091 E/SurfaceFlinger(  285): onDraw: bindTextureImage test
05-19 15:19:00.498 E/WifiStateMachine(  851):  ConnectedState (when=-1ms what=131155 arg1=671!CMD_RSSI_POLL 671 0 "BOCO-office" 94:b4:0f:68:a4:b1 rssi=-50 f=5785 sc=80 link=135 tx=10.8, 0.0, 0.0  rx=91.1 bcn=0 [on:0 tx:0 rx:0 period:2160] from screen [on:0 period:716899570] gl rssi=-50 ag=0 hr ticks 28,286,43 ls-=0 [56,56,60,60,65] brc=0 lrc=0
05-19 15:19:00.499 E/WifiStateMachine(  851):  L2ConnectedState (when=-2ms what=131155 arg1=671!CMD_RSSI_POLL 671 0 "BOCO-office" 94:b4:0f:68:a4:b1 rssi=-50 f=5785 sc=80 link=135 tx=10.8, 0.0, 0.0  rx=91.1 bcn=0 [on:0 tx:0 rx:0 period:1] from screen [on:0 period:716899571] gl rssi=-50 ag=0 hr ticks 28,286,43 ls-=0 [56,56,60,60,65] brc=0 lrc=0
05-19 15:19:00.499 E/WifiStateMachine(  851):  get link layer stats 0
05-19 15:19:00.503 E/WifiStateMachine(  851): calculateWifiScore() we set wifi's score to 1000, so will always set wifi as a default network.
05-19 15:19:00.834 E/WifiTrafficPoller(  851): TRAFFIC_STATS_POLL true Token 3077 num clients 15
05-19 15:19:00.835 E/WifiTrafficPoller(  851):  packet count Tx=2029206 Rx=6711794
05-19 15:19:00.835 E/WifiTrafficPoller(  851): notifying of data activity 3
05-19 15:19:01.836 E/WifiTrafficPoller(  851): TRAFFIC_STATS_POLL true Token 3077 num clients 15
05-19 15:19:01.837 E/WifiTrafficPoller(  851):  packet count Tx=2029207 Rx=6711826
05-19 15:19:02.838 E/WifiTrafficPoller(  851): TRAFFIC_STATS_POLL true Token 3077 num clients 15
05-19 15:19:02.839 E/WifiTrafficPoller(  851):  packet count Tx=2029207 Rx=6711864
05-19 15:19:02.839 E/WifiTrafficPoller(  851): notifying of data activity 1
05-19 15:19:03.391 E/QueryController(17195): Got null root node from accessibility - Retrying...
05-19 15:19:03.438 E/SurfaceFlinger(  285): onDraw: bindTextureImage test
05-19 15:19:03.455 E/SurfaceFlinger(  285): onDraw: bindTextureImage test
05-19 15:19:03.472 E/SurfaceFlinger(  285): onDraw: bindTextureImage test
05-19 15:19:03.489 E/SurfaceFlinger(  285): onDraw: bindTextureImage test
05-19 15:19:03.506 E/SurfaceFlinger(  285): onDraw: bindTextureImage test
05-19 15:19:03.507 E/WifiStateMachine(  851):  ConnectedState (when=-2ms what=131155 arg1=671!CMD_RSSI_POLL 671 0 "BOCO-office" 94:b4:0f:68:a4:b1 rssi=-50 f=5785 sc=80 link=135 tx=8.9, 0.0, 0.0  rx=84.0 bcn=0 [on:0 tx:0 rx:0 period:3000] from screen [on:0 period:716902579] gl rssi=-50 ag=0 hr ticks 28,286,43 ls-=0 [56,56,60,60,65] brc=0 lrc=0
05-19 15:19:03.509 E/WifiStateMachine(  851):  L2ConnectedState (when=-4ms what=131155 arg1=671!CMD_RSSI_POLL 671 0 "BOCO-office" 94:b4:0f:68:a4:b1 rssi=-50 f=5785 sc=80 link=135 tx=8.9, 0.0, 0.0  rx=84.0 bcn=0 [on:0 tx:0 rx:0 period:2] from screen [on:0 period:716902581] gl rssi=-50 ag=0 hr ticks 28,286,43 ls-=0 [56,56,60,60,65] brc=0 lrc=0
05-19 15:19:03.509 E/WifiStateMachine(  851):  get link layer stats 0
05-19 15:19:03.523 E/SurfaceFlinger(  285): onDraw: bindTextureImage test
05-19 15:19:03.528 E/WifiStateMachine(  851): calculateWifiScore() we set wifi's score to 1000, so will always set wifi as a default network.
05-19 15:19:03.539 E/SurfaceFlinger(  285): onDraw: bindTextureImage test
05-19 15:19:03.556 E/SurfaceFlinger(  285): onDraw: bindTextureImage test
05-19 15:19:03.573 E/SurfaceFlinger(  285): onDraw: bindTextureImage test
05-19 15:19:03.590 E/SurfaceFlinger(  285): onDraw: bindTextureImage test
05-19 15:19:03.607 E/SurfaceFlinger(  285): onDraw: bindTextureImage test
05-19 15:19:03.840 E/WifiTrafficPoller(  851): TRAFFIC_STATS_POLL true Token 3077 num clients 15
05-19 15:19:03.840 E/WifiTrafficPoller(  851):  packet count Tx=2029207 Rx=6711894
05-19 15:19:04.428 E/memtrack(17508): Couldn't load memtrack module (No such file or directory)
05-19 15:19:04.428 E/android.os.Debug(17508): failed to load memtrack module: -2
05-19 15:19:04.841 E/WifiTrafficPoller(  851): TRAFFIC_STATS_POLL true Token 3077 num clients 15
05-19 15:19:04.842 E/WifiTrafficPoller(  851):  packet count Tx=2029207 Rx=6711919
05-19 15:19:05.512 E/memtrack(17524): Couldn't load memtrack module (No such file or directory)
05-19 15:19:05.513 E/android.os.Debug(17524): failed to load memtrack module: -2
05-19 15:19:05.842 E/WifiTrafficPoller(  851): TRAFFIC_STATS_POLL true Token 3077 num clients 15
05-19 15:19:05.842 E/WifiTrafficPoller(  851):  packet count Tx=2029207 Rx=6711948
05-19 15:19:06.466 E/memtrack(17540): Couldn't load memtrack module (No such file or directory)
05-19 15:19:06.466 E/android.os.Debug(17540): failed to load memtrack module: -2
05-19 15:19:06.530 E/WifiStateMachine(  851):  ConnectedState (when=-1ms what=131155 arg1=671!CMD_RSSI_POLL 671 0 "BOCO-office" 94:b4:0f:68:a4:b1 rssi=-49 f=5785 sc=80 link=135 tx=10.0, 0.0, 0.0  rx=97.0 bcn=0 [on:0 tx:0 rx:0 period:3000] from screen [on:0 period:716905602] gl rssi=-49 ag=0 hr ticks 28,286,43 ls-=0 [56,56,60,60,65] brc=0 lrc=0
05-19 15:19:06.531 E/WifiStateMachine(  851):  L2ConnectedState (when=-1ms what=131155 arg1=671!CMD_RSSI_POLL 671 0 "BOCO-office" 94:b4:0f:68:a4:b1 rssi=-49 f=5785 sc=80 link=135 tx=10.0, 0.0, 0.0  rx=97.0 bcn=0 [on:0 tx:0 rx:0 period:1] from screen [on:0 period:716905603] gl rssi=-49 ag=0 hr ticks 28,286,43 ls-=0 [56,56,60,60,65] brc=0 lrc=0
05-19 15:19:06.531 E/WifiStateMachine(  851):  get link layer stats 0
05-19 15:19:06.534 E/WifiStateMachine(  851): calculateWifiScore() we set wifi's score to 1000, so will always set wifi as a default network.
05-19 15:19:06.842 E/WifiTrafficPoller(  851): TRAFFIC_STATS_POLL true Token 3077 num clients 15
05-19 15:19:06.842 E/WifiTrafficPoller(  851):  packet count Tx=2029207 Rx=6711974
05-19 15:19:07.374 E/memtrack(17558): Couldn't load memtrack module (No such file or directory)
05-19 15:19:07.374 E/android.os.Debug(17558): failed to load memtrack module: -2
05-19 15:19:07.561 E/SurfaceFlinger(  285): onDraw: bindTextureImage test
05-19 15:19:07.578 E/SurfaceFlinger(  285): onDraw: bindTextureImage test
05-19 15:19:07.595 E/SurfaceFlinger(  285): onDraw: bindTextureImage test
05-19 15:19:07.613 E/SurfaceFlinger(  285): onDraw: bindTextureImage test
05-19 15:19:07.630 E/SurfaceFlinger(  285): onDraw: bindTextureImage test
05-19 15:19:07.648 E/SurfaceFlinger(  285): onDraw: bindTextureImage test
05-19 15:19:07.663 E/SurfaceFlinger(  285): onDraw: bindTextureImage test
05-19 15:19:07.680 E/SurfaceFlinger(  285): onDraw: bindTextureImage test
05-19 15:19:07.843 E/WifiTrafficPoller(  851): TRAFFIC_STATS_POLL true Token 3077 num clients 15
05-19 15:19:07.845 E/WifiTrafficPoller(  851):  packet count Tx=2029207 Rx=6711992
05-19 15:19:08.369 E/QueryController(17195): Got null root node from accessibility - Retrying...
05-19 15:19:08.419 E/SurfaceFlinger(  285): onDraw: bindTextureImage test
05-19 15:19:08.437 E/SurfaceFlinger(  285): onDraw: bindTextureImage test
05-19 15:19:08.453 E/SurfaceFlinger(  285): onDraw: bindTextureImage test
05-19 15:19:08.470 E/SurfaceFlinger(  285): onDraw: bindTextureImage test
05-19 15:19:08.487 E/SurfaceFlinger(  285): onDraw: bindTextureImage test
05-19 15:19:08.504 E/SurfaceFlinger(  285): onDraw: bindTextureImage test
05-19 15:19:08.523 E/SurfaceFlinger(  285): onDraw: bindTextureImage test
05-19 15:19:08.555 E/SurfaceFlinger(  285): onDraw: bindTextureImage test
05-19 15:19:08.572 E/SurfaceFlinger(  285): onDraw: bindTextureImage test
05-19 15:19:08.591 E/SurfaceFlinger(  285): onDraw: bindTextureImage test
05-19 15:19:08.609 E/SurfaceFlinger(  285): onDraw: bindTextureImage test
05-19 15:19:08.623 E/SurfaceFlinger(  285): onDraw: bindTextureImage test
05-19 15:19:08.640 E/SurfaceFlinger(  285): onDraw: bindTextureImage test
05-19 15:19:08.658 E/SurfaceFlinger(  285): onDraw: bindTextureImage test
05-19 15:19:08.673 E/SurfaceFlinger(  285): onDraw: bindTextureImage test
05-19 15:19:08.692 E/SurfaceFlinger(  285): onDraw: bindTextureImage test
05-19 15:19:08.708 E/SurfaceFlinger(  285): onDraw: bindTextureImage test
05-19 15:19:08.723 E/SurfaceFlinger(  285): onDraw: bindTextureImage test
05-19 15:19:08.740 E/SurfaceFlinger(  285): onDraw: bindTextureImage test
05-19 15:19:08.845 E/WifiTrafficPoller(  851): TRAFFIC_STATS_POLL true Token 3077 num clients 15
05-19 15:19:08.846 E/WifiTrafficPoller(  851):  packet count Tx=2029207 Rx=6712028
05-19 15:19:09.244 E/SurfaceFlinger(  285): onDraw: bindTextureImage test
05-19 15:19:09.261 E/SurfaceFlinger(  285): onDraw: bindTextureImage test
05-19 15:19:09.278 E/SurfaceFlinger(  285): onDraw: bindTextureImage test
05-19 15:19:09.295 E/SurfaceFlinger(  285): onDraw: bindTextureImage test
05-19 15:19:09.311 E/SurfaceFlinger(  285): onDraw: bindTextureImage test
05-19 15:19:09.328 E/SurfaceFlinger(  285): onDraw: bindTextureImage test
05-19 15:19:09.345 E/SurfaceFlinger(  285): onDraw: bindTextureImage test
05-19 15:19:09.362 E/SurfaceFlinger(  285): onDraw: bindTextureImage test
05-19 15:19:09.379 E/SurfaceFlinger(  285): onDraw: bindTextureImage test
05-19 15:19:09.396 E/SurfaceFlinger(  285): onDraw: bindTextureImage test
05-19 15:19:09.413 E/SurfaceFlinger(  285): onDraw: bindTextureImage test
05-19 15:19:09.536 E/WifiStateMachine(  851):  ConnectedState (when=-2ms what=131155 arg1=671!CMD_RSSI_POLL 671 0 "BOCO-office" 94:b4:0f:68:a4:b1 rssi=-49 f=5785 sc=80 link=135 tx=5.0, 0.0, 0.0  rx=89.5 bcn=0 [on:0 tx:0 rx:0 period:3000] from screen [on:0 period:716908608] gl rssi=-49 ag=0 hr ticks 28,286,43 ls-=0 [56,56,56,56,61] brc=0 lrc=0
05-19 15:19:09.537 E/WifiStateMachine(  851):  L2ConnectedState (when=-3ms what=131155 arg1=671!CMD_RSSI_POLL 671 0 "BOCO-office" 94:b4:0f:68:a4:b1 rssi=-49 f=5785 sc=80 link=135 tx=5.0, 0.0, 0.0  rx=89.5 bcn=0 [on:0 tx:0 rx:0 period:1] from screen [on:0 period:716908609] gl rssi=-49 ag=0 hr ticks 28,286,43 ls-=0 [56,56,56,56,61] brc=0 lrc=0
05-19 15:19:09.537 E/WifiStateMachine(  851):  get link layer stats 0
05-19 15:19:09.540 E/WifiStateMachine(  851): calculateWifiScore() we set wifi's score to 1000, so will always set wifi as a default network.
05-19 15:19:09.847 E/WifiTrafficPoller(  851): TRAFFIC_STATS_POLL true Token 3077 num clients 15
05-19 15:19:09.847 E/WifiTrafficPoller(  851):  packet count Tx=2029211 Rx=6712063
05-19 15:19:09.847 E/WifiTrafficPoller(  851): notifying of data activity 3
05-19 15:19:10.309 E/memtrack(17596): Couldn't load memtrack module (No such file or directory)
05-19 15:19:10.309 E/android.os.Debug(17596): failed to load memtrack module: -2
05-19 15:19:10.506 E/SurfaceFlinger(  285): onDraw: bindTextureImage test
05-19 15:19:10.523 E/SurfaceFlinger(  285): onDraw: bindTextureImage test
05-19 15:19:10.540 E/SurfaceFlinger(  285): onDraw: bindTextureImage test
05-19 15:19:10.557 E/SurfaceFlinger(  285): onDraw: bindTextureImage test
05-19 15:19:10.573 E/SurfaceFlinger(  285): onDraw: bindTextureImage test
05-19 15:19:10.590 E/SurfaceFlinger(  285): onDraw: bindTextureImage test
05-19 15:19:10.607 E/SurfaceFlinger(  285): onDraw: bindTextureImage test
05-19 15:19:10.624 E/SurfaceFlinger(  285): onDraw: bindTextureImage test
05-19 15:19:10.641 E/SurfaceFlinger(  285): onDraw: bindTextureImage test
05-19 15:19:10.848 E/WifiTrafficPoller(  851): TRAFFIC_STATS_POLL true Token 3077 num clients 15
05-19 15:19:10.849 E/WifiTrafficPoller(  851):  packet count Tx=2029211 Rx=6712081
05-19 15:19:10.849 E/WifiTrafficPoller(  851): notifying of data activity 1
05-19 15:19:11.853 E/WifiTrafficPoller(  851): TRAFFIC_STATS_POLL true Token 3077 num clients 15
05-19 15:19:11.854 E/WifiTrafficPoller(  851):  packet count Tx=2029211 Rx=6712101
05-19 15:19:12.545 E/WifiStateMachine(  851):  ConnectedState (when=-4ms what=131155 arg1=671!CMD_RSSI_POLL 671 0 "BOCO-office" 94:b4:0f:68:a4:b1 rssi=-48 f=5785 sc=80 link=135 tx=4.5, 0.0, 0.0  rx=88.8 bcn=0 [on:0 tx:0 rx:0 period:3002] from screen [on:0 period:716911616] gl rssi=-48 ag=0 hr ticks 28,286,43 ls-=0 [56,56,56,56,61] brc=0 lrc=0
05-19 15:19:12.546 E/WifiStateMachine(  851):  L2ConnectedState (when=-6ms what=131155 arg1=671!CMD_RSSI_POLL 671 0 "BOCO-office" 94:b4:0f:68:a4:b1 rssi=-48 f=5785 sc=80 link=135 tx=4.5, 0.0, 0.0  rx=88.8 bcn=0 [on:0 tx:0 rx:0 period:2] from screen [on:0 period:716911618] gl rssi=-48 ag=0 hr ticks 28,286,43 ls-=0 [56,56,56,56,61] brc=0 lrc=0
05-19 15:19:12.546 E/WifiStateMachine(  851):  get link layer stats 0
05-19 15:19:12.570 E/WifiStateMachine(  851): calculateWifiScore() we set wifi's score to 1000, so will always set wifi as a default network.
05-19 15:19:12.857 E/WifiTrafficPoller(  851): TRAFFIC_STATS_POLL true Token 3077 num clients 15
05-19 15:19:12.858 E/WifiTrafficPoller(  851):  packet count Tx=2029211 Rx=6712119
05-19 15:19:12.918 E/GpsXtraDownloader(  851): No XTRA servers were specified in the GPS configuration
05-19 15:19:12.932 E/QueryController(17195): Got null root node from accessibility - Retrying...
05-19 15:19:12.997 E/SurfaceFlinger(  285): onDraw: bindTextureImage test
05-19 15:19:13.013 E/SurfaceFlinger(  285): onDraw: bindTextureImage test
05-19 15:19:13.030 E/SurfaceFlinger(  285): onDraw: bindTextureImage test
05-19 15:19:13.047 E/SurfaceFlinger(  285): onDraw: bindTextureImage test
05-19 15:19:13.064 E/SurfaceFlinger(  285): onDraw: bindTextureImage test
05-19 15:19:13.081 E/SurfaceFlinger(  285): onDraw: bindTextureImage test
05-19 15:19:13.098 E/SurfaceFlinger(  285): onDraw: bindTextureImage test
05-19 15:19:13.133 E/SurfaceFlinger(  285): onDraw: bindTextureImage test
05-19 15:19:13.150 E/SurfaceFlinger(  285): onDraw: bindTextureImage test
05-19 15:19:13.166 E/SurfaceFlinger(  285): onDraw: bindTextureImage test
05-19 15:19:13.182 E/SurfaceFlinger(  285): onDraw: bindTextureImage test
05-19 15:19:13.199 E/SurfaceFlinger(  285): onDraw: bindTextureImage test
05-19 15:19:13.217 E/SurfaceFlinger(  285): onDraw: bindTextureImage test
05-19 15:19:13.234 E/SurfaceFlinger(  285): onDraw: bindTextureImage test
05-19 15:19:13.251 E/SurfaceFlinger(  285): onDraw: bindTextureImage test
05-19 15:19:13.266 E/SurfaceFlinger(  285): onDraw: bindTextureImage test
05-19 15:19:13.283 E/SurfaceFlinger(  285): onDraw: bindTextureImage test
05-19 15:19:13.301 E/SurfaceFlinger(  285): onDraw: bindTextureImage test
05-19 15:19:13.737 E/SurfaceFlinger(  285): onDraw: bindTextureImage test
05-19 15:19:13.753 E/SurfaceFlinger(  285): onDraw: bindTextureImage test
05-19 15:19:13.770 E/SurfaceFlinger(  285): onDraw: bindTextureImage test
05-19 15:19:13.787 E/SurfaceFlinger(  285): onDraw: bindTextureImage test
05-19 15:19:13.804 E/SurfaceFlinger(  285): onDraw: bindTextureImage test
05-19 15:19:13.821 E/SurfaceFlinger(  285): onDraw: bindTextureImage test
05-19 15:19:13.838 E/SurfaceFlinger(  285): onDraw: bindTextureImage test
05-19 15:19:13.855 E/SurfaceFlinger(  285): onDraw: bindTextureImage test
05-19 15:19:13.858 E/WifiTrafficPoller(  851): TRAFFIC_STATS_POLL true Token 3077 num clients 15
05-19 15:19:13.860 E/WifiTrafficPoller(  851):  packet count Tx=2029215 Rx=6712152
05-19 15:19:13.860 E/WifiTrafficPoller(  851): notifying of data activity 3
05-19 15:19:13.872 E/SurfaceFlinger(  285): onDraw: bindTextureImage test
05-19 15:19:13.889 E/SurfaceFlinger(  285): onDraw: bindTextureImage test
05-19 15:19:13.905 E/SurfaceFlinger(  285): onDraw: bindTextureImage test
05-19 15:19:14.849 E/memtrack(17638): Couldn't load memtrack module (No such file or directory)
05-19 15:19:14.849 E/android.os.Debug(17638): failed to load memtrack module: -2
05-19 15:19:14.861 E/WifiTrafficPoller(  851): TRAFFIC_STATS_POLL true Token 3077 num clients 15
05-19 15:19:14.861 E/WifiTrafficPoller(  851):  packet count Tx=2029215 Rx=6712182
05-19 15:19:14.861 E/WifiTrafficPoller(  851): notifying of data activity 1
05-19 15:19:15.573 E/WifiStateMachine(  851):  ConnectedState (when=-3ms what=131155 arg1=671!CMD_RSSI_POLL 671 0 "BOCO-office" 94:b4:0f:68:a4:b1 rssi=-49 f=5785 sc=80 link=135 tx=2.2, 0.0, 0.0  rx=72.9 bcn=0 [on:0 tx:0 rx:0 period:3000] from screen [on:0 period:716914645] gl rssi=-49 ag=0 hr ticks 28,286,43 ls-=0 [56,56,56,56,61] brc=0 lrc=0
05-19 15:19:15.574 E/WifiStateMachine(  851):  L2ConnectedState (when=-4ms what=131155 arg1=671!CMD_RSSI_POLL 671 0 "BOCO-office" 94:b4:0f:68:a4:b1 rssi=-49 f=5785 sc=80 link=135 tx=2.2, 0.0, 0.0  rx=72.9 bcn=0 [on:0 tx:0 rx:0 period:1] from screen [on:0 period:716914646] gl rssi=-49 ag=0 hr ticks 28,286,43 ls-=0 [56,56,56,56,61] brc=0 lrc=0
05-19 15:19:15.574 E/WifiStateMachine(  851):  get link layer stats 0
05-19 15:19:15.588 E/WifiStateMachine(  851): calculateWifiScore() we set wifi's score to 1000, so will always set wifi as a default network.
05-19 15:19:15.862 E/WifiTrafficPoller(  851): TRAFFIC_STATS_POLL true Token 3077 num clients 15
05-19 15:19:15.863 E/WifiTrafficPoller(  851):  packet count Tx=2029215 Rx=6712208
05-19 15:19:16.015 E/memtrack(17669): Couldn't load memtrack module (No such file or directory)
05-19 15:19:16.015 E/android.os.Debug(17669): failed to load memtrack module: -2
05-19 15:19:16.498 E/SurfaceFlinger(  285): onDraw: bindTextureImage test
05-19 15:19:16.514 E/SurfaceFlinger(  285): onDraw: bindTextureImage test
05-19 15:19:16.526 E/VMSG    (17685): RegisterNatives OnUserCommand1
05-19 15:19:16.531 E/SurfaceFlinger(  285): onDraw: bindTextureImage test
05-19 15:19:16.547 E/SurfaceFlinger(  285): onDraw: bindTextureImage test
05-19 15:19:16.564 E/SurfaceFlinger(  285): onDraw: bindTextureImage test
05-19 15:19:16.580 E/SurfaceFlinger(  285): onDraw: bindTextureImage test
05-19 15:19:16.597 E/SurfaceFlinger(  285): onDraw: bindTextureImage test
05-19 15:19:16.612 E/WifiTrafficPoller(  851): ADD_CLIENT: 16
05-19 15:19:16.614 E/SurfaceFlinger(  285): onDraw: bindTextureImage test
05-19 15:19:16.631 E/SurfaceFlinger(  285): onDraw: bindTextureImage test
05-19 15:19:16.648 E/SurfaceFlinger(  285): onDraw: bindTextureImage test
05-19 15:19:16.665 E/SurfaceFlinger(  285): onDraw: bindTextureImage test
05-19 15:19:16.681 E/SurfaceFlinger(  285): onDraw: bindTextureImage test
05-19 15:19:16.698 E/SurfaceFlinger(  285): onDraw: bindTextureImage test
05-19 15:19:16.716 E/SurfaceFlinger(  285): onDraw: bindTextureImage test
05-19 15:19:16.731 E/NativeCrypto(17685): ssl=0x7faa202e00 cert_verify_callback x509_store_ctx=0x7f9e5f6e88 arg=0x0
05-19 15:19:16.732 E/SurfaceFlinger(  285): onDraw: bindTextureImage test
05-19 15:19:16.732 E/NativeCrypto(17685): ssl=0x7faa202e00 cert_verify_callback calling verifyCertificateChain authMethod=ECDHE_RSA
05-19 15:19:16.749 E/SurfaceFlinger(  285): onDraw: bindTextureImage test
05-19 15:19:16.767 E/SurfaceFlinger(  285): onDraw: bindTextureImage test
05-19 15:19:16.863 E/WifiTrafficPoller(  851): TRAFFIC_STATS_POLL true Token 3077 num clients 16
05-19 15:19:16.864 E/WifiTrafficPoller(  851):  packet count Tx=2029228 Rx=6712233
05-19 15:19:16.864 E/WifiTrafficPoller(  851): notifying of data activity 3
05-19 15:19:16.891 E/[PropSet](17685): connect fail
05-19 15:19:16.891 E/[PropSet](17685): send_prop_msg return err -1
05-19 15:19:16.895 E/baidumapsdk(17685): Authentication Error errorcode: 230 uid: -1 appid -1 msg: APP Scode码校验失败
05-19 15:19:16.939 E/QueryController(17638): Got null root node from accessibility - Retrying...
05-19 15:19:17.035 E/SurfaceFlinger(  285): onDraw: bindTextureImage test
05-19 15:19:17.052 E/SurfaceFlinger(  285): onDraw: bindTextureImage test
05-19 15:19:17.068 E/SurfaceFlinger(  285): onDraw: bindTextureImage test
05-19 15:19:17.085 E/SurfaceFlinger(  285): onDraw: bindTextureImage test
05-19 15:19:17.865 E/WifiTrafficPoller(  851): TRAFFIC_STATS_POLL true Token 3077 num clients 16
05-19 15:19:17.865 E/WifiTrafficPoller(  851):  packet count Tx=2029229 Rx=6712251
05-19 15:19:18.592 E/WifiStateMachine(  851):  ConnectedState (when=-3ms what=131155 arg1=671!CMD_RSSI_POLL 671 0 "BOCO-office" 94:b4:0f:68:a4:b1 rssi=-50 f=5785 sc=80 link=135 tx=3.1, 0.0, 0.0  rx=81.4 bcn=0 [on:0 tx:0 rx:0 period:3003] from screen [on:0 period:716917664] gl rssi=-50 ag=0 hr ticks 28,286,43 ls-=0 [56,56,56,56,61] brc=0 lrc=0
05-19 15:19:18.595 E/WifiStateMachine(  851):  L2ConnectedState (when=-5ms what=131155 arg1=671!CMD_RSSI_POLL 671 0 "BOCO-office" 94:b4:0f:68:a4:b1 rssi=-50 f=5785 sc=80 link=135 tx=3.1, 0.0, 0.0  rx=81.4 bcn=0 [on:0 tx:0 rx:0 period:3] from screen [on:0 period:716917667] gl rssi=-50 ag=0 hr ticks 28,286,43 ls-=0 [56,56,56,56,61] brc=0 lrc=0
05-19 15:19:18.596 E/WifiStateMachine(  851):  get link layer stats 0
05-19 15:19:18.620 E/WifiStateMachine(  851): calculateWifiScore() we set wifi's score to 1000, so will always set wifi as a default network.
05-19 15:19:18.865 E/WifiTrafficPoller(  851): TRAFFIC_STATS_POLL true Token 3077 num clients 16
05-19 15:19:18.866 E/WifiTrafficPoller(  851):  packet count Tx=2029229 Rx=6712267
05-19 15:19:18.866 E/WifiTrafficPoller(  851): notifying of data activity 1
05-19 15:19:19.866 E/WifiTrafficPoller(  851): TRAFFIC_STATS_POLL true Token 3077 num clients 16
05-19 15:19:19.867 E/WifiTrafficPoller(  851):  packet count Tx=2029234 Rx=6712308
05-19 15:19:19.867 E/WifiTrafficPoller(  851): notifying of data activity 3
05-19 15:19:20.868 E/WifiTrafficPoller(  851): TRAFFIC_STATS_POLL true Token 3077 num clients 16
05-19 15:19:20.870 E/WifiTrafficPoller(  851):  packet count Tx=2029234 Rx=6712344
05-19 15:19:20.870 E/WifiTrafficPoller(  851): notifying of data activity 1
05-19 15:19:21.623 E/WifiStateMachine(  851):  ConnectedState (when=-2ms what=131155 arg1=671!CMD_RSSI_POLL 671 0 "BOCO-office" 94:b4:0f:68:a4:b1 rssi=-50 f=5785 sc=80 link=135 tx=8.6, 0.0, 0.0  rx=67.2 bcn=0 [on:0 tx:0 rx:0 period:3001] from screen [on:0 period:716920695] gl rssi=-50 ag=0 hr ticks 28,286,43 ls-=0 [56,56,60,60,65] brc=0 lrc=0
05-19 15:19:21.624 E/WifiStateMachine(  851):  L2ConnectedState (when=-3ms what=131155 arg1=671!CMD_RSSI_POLL 671 0 "BOCO-office" 94:b4:0f:68:a4:b1 rssi=-50 f=5785 sc=80 link=135 tx=8.6, 0.0, 0.0  rx=67.2 bcn=0 [on:0 tx:0 rx:0 period:1] from screen [on:0 period:716920696] gl rssi=-50 ag=0 hr ticks 28,286,43 ls-=0 [56,56,60,60,65] brc=0 lrc=0
05-19 15:19:21.624 E/WifiStateMachine(  851):  get link layer stats 0
05-19 15:19:21.639 E/WifiStateMachine(  851): calculateWifiScore() we set wifi's score to 1000, so will always set wifi as a default network.
05-19 15:19:21.872 E/WifiTrafficPoller(  851): TRAFFIC_STATS_POLL true Token 3077 num clients 16
05-19 15:19:21.873 E/WifiTrafficPoller(  851):  packet count Tx=2029234 Rx=6712363
05-19 15:19:22.873 E/WifiTrafficPoller(  851): TRAFFIC_STATS_POLL true Token 3077 num clients 16
05-19 15:19:22.873 E/WifiTrafficPoller(  851):  packet count Tx=2029234 Rx=6712382
05-19 15:19:23.874 E/WifiTrafficPoller(  851): TRAFFIC_STATS_POLL true Token 3077 num clients 16
05-19 15:19:23.875 E/WifiTrafficPoller(  851):  packet count Tx=2029234 Rx=6712397
05-19 15:19:24.640 E/WifiStateMachine(  851):  ConnectedState (when=0 what=131155 arg1=671!CMD_RSSI_POLL 671 0 "BOCO-office" 94:b4:0f:68:a4:b1 rssi=-50 f=5785 sc=80 link=135 tx=6.8, 0.0, 0.0  rx=84.6 bcn=0 [on:0 tx:0 rx:0 period:2998] from screen [on:0 period:716923711] gl rssi=-50 ag=0 hr ticks 28,286,43 ls-=0 [56,56,60,60,65] brc=0 lrc=0
05-19 15:19:24.640 E/WifiStateMachine(  851):  L2ConnectedState (when=-1ms what=131155 arg1=671!CMD_RSSI_POLL 671 0 "BOCO-office" 94:b4:0f:68:a4:b1 rssi=-50 f=5785 sc=80 link=135 tx=6.8, 0.0, 0.0  rx=84.6 bcn=0 [on:0 tx:0 rx:0 period:1] from screen [on:0 period:716923712] gl rssi=-50 ag=0 hr ticks 28,286,43 ls-=0 [56,56,60,60,65] brc=0 lrc=0
05-19 15:19:24.640 E/WifiStateMachine(  851):  get link layer stats 0
05-19 15:19:24.658 E/WifiStateMachine(  851): calculateWifiScore() we set wifi's score to 1000, so will always set wifi as a default network.
05-19 15:19:24.875 E/WifiTrafficPoller(  851): TRAFFIC_STATS_POLL true Token 3077 num clients 16
05-19 15:19:24.876 E/WifiTrafficPoller(  851):  packet count Tx=2029234 Rx=6712417
05-19 15:19:25.878 E/WifiTrafficPoller(  851): TRAFFIC_STATS_POLL true Token 3077 num clients 16
05-19 15:19:25.879 E/WifiTrafficPoller(  851):  packet count Tx=2029234 Rx=6712436
05-19 15:19:26.879 E/WifiTrafficPoller(  851): TRAFFIC_STATS_POLL true Token 3077 num clients 16
05-19 15:19:26.880 E/WifiTrafficPoller(  851):  packet count Tx=2029234 Rx=6712463
05-19 15:19:27.662 E/WifiStateMachine(  851):  ConnectedState (when=-3ms what=131155 arg1=671!CMD_RSSI_POLL 671 0 "BOCO-office" 94:b4:0f:68:a4:b1 rssi=-50 f=5785 sc=80 link=135 tx=3.4, 0.0, 0.0  rx=67.3 bcn=0 [on:0 tx:0 rx:0 period:3001] from screen [on:0 period:716926734] gl rssi=-50 ag=0 hr ticks 28,286,43 ls-=0 [56,56,56,56,61] brc=0 lrc=0
05-19 15:19:27.663 E/WifiStateMachine(  851):  L2ConnectedState (when=-4ms what=131155 arg1=671!CMD_RSSI_POLL 671 0 "BOCO-office" 94:b4:0f:68:a4:b1 rssi=-50 f=5785 sc=80 link=135 tx=3.4, 0.0, 0.0  rx=67.3 bcn=0 [on:0 tx:0 rx:0 period:0] from screen [on:0 period:716926734] gl rssi=-50 ag=0 hr ticks 28,286,43 ls-=0 [56,56,56,56,61] brc=0 lrc=0
05-19 15:19:27.663 E/WifiStateMachine(  851):  get link layer stats 0
05-19 15:19:27.678 E/WifiStateMachine(  851): calculateWifiScore() we set wifi's score to 1000, so will always set wifi as a default network.
05-19 15:19:27.880 E/WifiTrafficPoller(  851): TRAFFIC_STATS_POLL true Token 3077 num clients 16
05-19 15:19:27.880 E/WifiTrafficPoller(  851):  packet count Tx=2029234 Rx=6712494
05-19 15:19:28.882 E/WifiTrafficPoller(  851): TRAFFIC_STATS_POLL true Token 3077 num clients 16
05-19 15:19:28.883 E/WifiTrafficPoller(  851):  packet count Tx=2029234 Rx=6712515
05-19 15:19:29.883 E/WifiTrafficPoller(  851): TRAFFIC_STATS_POLL true Token 3077 num clients 16
05-19 15:19:29.884 E/WifiTrafficPoller(  851):  packet count Tx=2029234 Rx=6712538
05-19 15:19:30.680 E/WifiStateMachine(  851):  ConnectedState (when=-1ms what=131155 arg1=671!CMD_RSSI_POLL 671 0 "BOCO-office" 94:b4:0f:68:a4:b1 rssi=-50 f=5785 sc=80 link=135 tx=1.7, 0.0, 0.0  rx=68.2 bcn=0 [on:0 tx:0 rx:0 period:3001] from screen [on:0 period:716929752] gl rssi=-50 ag=0 hr ticks 28,286,43 ls-=0 [56,56,56,56,61] brc=0 lrc=0
05-19 15:19:30.682 E/WifiStateMachine(  851):  L2ConnectedState (when=-3ms what=131155 arg1=671!CMD_RSSI_POLL 671 0 "BOCO-office" 94:b4:0f:68:a4:b1 rssi=-50 f=5785 sc=80 link=135 tx=1.7, 0.0, 0.0  rx=68.2 bcn=0 [on:0 tx:0 rx:0 period:2] from screen [on:0 period:716929754] gl rssi=-50 ag=0 hr ticks 28,286,43 ls-=0 [56,56,56,56,61] brc=0 lrc=0
05-19 15:19:30.682 E/WifiStateMachine(  851):  get link layer stats 0
05-19 15:19:30.700 E/WifiStateMachine(  851): calculateWifiScore() we set wifi's score to 1000, so will always set wifi as a default network.
05-19 15:19:30.884 E/WifiTrafficPoller(  851): TRAFFIC_STATS_POLL true Token 3077 num clients 16
05-19 15:19:30.885 E/WifiTrafficPoller(  851):  packet count Tx=2029234 Rx=6712559
05-19 15:19:31.886 E/WifiTrafficPoller(  851): TRAFFIC_STATS_POLL true Token 3077 num clients 16
05-19 15:19:31.887 E/WifiTrafficPoller(  851):  packet count Tx=2029234 Rx=6712587
05-19 15:19:32.887 E/WifiTrafficPoller(  851): TRAFFIC_STATS_POLL true Token 3077 num clients 16
05-19 15:19:32.889 E/WifiTrafficPoller(  851):  packet count Tx=2029236 Rx=6712619
05-19 15:19:32.889 E/WifiTrafficPoller(  851): notifying of data activity 3
05-19 15:19:33.705 E/WifiStateMachine(  851):  ConnectedState (when=-4ms what=131155 arg1=671!CMD_RSSI_POLL 671 0 "BOCO-office" 94:b4:0f:68:a4:b1 rssi=-50 f=5785 sc=80 link=135 tx=0.8, 0.0, 0.0  rx=68.1 bcn=0 [on:0 tx:0 rx:0 period:3003] from screen [on:0 period:716932777] gl rssi=-50 ag=0 hr ticks 28,286,43 ls-=0 [56,56,56,56,61] brc=0 lrc=0
05-19 15:19:33.706 E/WifiStateMachine(  851):  L2ConnectedState (when=-6ms what=131155 arg1=671!CMD_RSSI_POLL 671 0 "BOCO-office" 94:b4:0f:68:a4:b1 rssi=-50 f=5785 sc=80 link=135 tx=0.8, 0.0, 0.0  rx=68.1 bcn=0 [on:0 tx:0 rx:0 period:1] from screen [on:0 period:716932778] gl rssi=-50 ag=0 hr ticks 28,286,43 ls-=0 [56,56,56,56,61] brc=0 lrc=0
05-19 15:19:33.707 E/WifiStateMachine(  851):  get link layer stats 0
05-19 15:19:33.728 E/WifiStateMachine(  851): calculateWifiScore() we set wifi's score to 1000, so will always set wifi as a default network.
05-19 15:19:33.891 E/WifiTrafficPoller(  851): TRAFFIC_STATS_POLL true Token 3077 num clients 16
05-19 15:19:33.892 E/WifiTrafficPoller(  851):  packet count Tx=2029236 Rx=6712627
05-19 15:19:33.892 E/WifiTrafficPoller(  851): notifying of data activity 1
05-19 15:19:34.334 E/SurfaceFlinger(  285): onDraw: bindTextureImage test
05-19 15:19:34.351 E/SurfaceFlinger(  285): onDraw: bindTextureImage test
05-19 15:19:34.368 E/SurfaceFlinger(  285): onDraw: bindTextureImage test
05-19 15:19:34.384 E/SurfaceFlinger(  285): onDraw: bindTextureImage test
05-19 15:19:34.401 E/SurfaceFlinger(  285): onDraw: bindTextureImage test
05-19 15:19:34.418 E/SurfaceFlinger(  285): onDraw: bindTextureImage test
05-19 15:19:34.434 E/SurfaceFlinger(  285): onDraw: bindTextureImage test
05-19 15:19:34.703 E/SurfaceFlinger(  285): onDraw: bindTextureImage test
05-19 15:19:34.720 E/SurfaceFlinger(  285): onDraw: bindTextureImage test
05-19 15:19:34.737 E/SurfaceFlinger(  285): onDraw: bindTextureImage test
05-19 15:19:34.754 E/SurfaceFlinger(  285): onDraw: bindTextureImage test
05-19 15:19:34.771 E/SurfaceFlinger(  285): onDraw: bindTextureImage test
05-19 15:19:34.788 E/SurfaceFlinger(  285): onDraw: bindTextureImage test
05-19 15:19:34.804 E/SurfaceFlinger(  285): onDraw: bindTextureImage test
05-19 15:19:34.893 E/WifiTrafficPoller(  851): TRAFFIC_STATS_POLL true Token 3077 num clients 16
05-19 15:19:34.894 E/WifiTrafficPoller(  851):  packet count Tx=2029243 Rx=6712649
05-19 15:19:34.894 E/WifiTrafficPoller(  851): notifying of data activity 3
05-19 15:19:35.057 E/SurfaceFlinger(  285): onDraw: bindTextureImage test
05-19 15:19:35.074 E/SurfaceFlinger(  285): onDraw: bindTextureImage test
05-19 15:19:35.091 E/SurfaceFlinger(  285): onDraw: bindTextureImage test
05-19 15:19:35.126 E/SurfaceFlinger(  285): onDraw: bindTextureImage test
05-19 15:19:35.293 E/SurfaceFlinger(  285): onDraw: bindTextureImage test
05-19 15:19:35.309 E/SurfaceFlinger(  285): onDraw: bindTextureImage test
05-19 15:19:35.326 E/SurfaceFlinger(  285): onDraw: bindTextureImage test
05-19 15:19:35.343 E/SurfaceFlinger(  285): onDraw: bindTextureImage test
05-19 15:19:35.359 E/SurfaceFlinger(  285): onDraw: bindTextureImage test
05-19 15:19:35.376 E/SurfaceFlinger(  285): onDraw: bindTextureImage test
05-19 15:19:35.394 E/SurfaceFlinger(  285): onDraw: bindTextureImage test
05-19 15:19:35.410 E/SurfaceFlinger(  285): onDraw: bindTextureImage test
05-19 15:19:35.895 E/WifiTrafficPoller(  851): TRAFFIC_STATS_POLL true Token 3077 num clients 16
05-19 15:19:35.896 E/WifiTrafficPoller(  851):  packet count Tx=2029245 Rx=6712679
05-19 15:19:36.732 E/WifiStateMachine(  851):  ConnectedState (when=-2ms what=131155 arg1=671!CMD_RSSI_POLL 671 0 "BOCO-office" 94:b4:0f:68:a4:b1 rssi=-50 f=5785 sc=80 link=135 tx=1.4, 0.0, 0.0  rx=73.0 bcn=0 [on:0 tx:0 rx:0 period:2999] from screen [on:0 period:716935803] gl rssi=-50 ag=0 hr ticks 28,286,43 ls-=0 [56,56,56,56,61] brc=0 lrc=0
05-19 15:19:36.732 E/WifiStateMachine(  851):  L2ConnectedState (when=-3ms what=131155 arg1=671!CMD_RSSI_POLL 671 0 "BOCO-office" 94:b4:0f:68:a4:b1 rssi=-50 f=5785 sc=80 link=135 tx=1.4, 0.0, 0.0  rx=73.0 bcn=0 [on:0 tx:0 rx:0 period:1] from screen [on:0 period:716935804] gl rssi=-50 ag=0 hr ticks 28,286,43 ls-=0 [56,56,56,56,61] brc=0 lrc=0
05-19 15:19:36.733 E/WifiStateMachine(  851):  get link layer stats 0
05-19 15:19:36.739 E/WifiStateMachine(  851): calculateWifiScore() we set wifi's score to 1000, so will always set wifi as a default network.
05-19 15:19:36.897 E/WifiTrafficPoller(  851): TRAFFIC_STATS_POLL true Token 3077 num clients 16
05-19 15:19:36.898 E/WifiTrafficPoller(  851):  packet count Tx=2029245 Rx=6712705
05-19 15:19:36.898 E/WifiTrafficPoller(  851): notifying of data activity 1
05-19 15:19:37.026 E/SurfaceFlinger(  285): onDraw: bindTextureImage test
05-19 15:19:37.042 E/SurfaceFlinger(  285): onDraw: bindTextureImage test
05-19 15:19:37.059 E/SurfaceFlinger(  285): onDraw: bindTextureImage test
05-19 15:19:37.076 E/SurfaceFlinger(  285): onDraw: bindTextureImage test
05-19 15:19:37.093 E/SurfaceFlinger(  285): onDraw: bindTextureImage test
05-19 15:19:37.110 E/SurfaceFlinger(  285): onDraw: bindTextureImage test
05-19 15:19:37.126 E/SurfaceFlinger(  285): onDraw: bindTextureImage test
05-19 15:19:37.143 E/SurfaceFlinger(  285): onDraw: bindTextureImage test
05-19 15:19:37.429 E/SurfaceFlinger(  285): onDraw: bindTextureImage test
05-19 15:19:37.447 E/SurfaceFlinger(  285): onDraw: bindTextureImage test
05-19 15:19:37.463 E/SurfaceFlinger(  285): onDraw: bindTextureImage test
05-19 15:19:37.479 E/SurfaceFlinger(  285): onDraw: bindTextureImage test
05-19 15:19:37.496 E/SurfaceFlinger(  285): onDraw: bindTextureImage test
05-19 15:19:37.513 E/SurfaceFlinger(  285): onDraw: bindTextureImage test
05-19 15:19:37.530 E/SurfaceFlinger(  285): onDraw: bindTextureImage test
05-19 15:19:37.899 E/WifiTrafficPoller(  851): TRAFFIC_STATS_POLL true Token 3077 num clients 16
05-19 15:19:37.901 E/WifiTrafficPoller(  851):  packet count Tx=2029248 Rx=6712739
05-19 15:19:37.901 E/WifiTrafficPoller(  851): notifying of data activity 3
05-19 15:19:38.908 E/WifiTrafficPoller(  851): TRAFFIC_STATS_POLL true Token 3077 num clients 16
05-19 15:19:38.908 E/WifiTrafficPoller(  851):  packet count Tx=2029248 Rx=6712754
05-19 15:19:38.908 E/WifiTrafficPoller(  851): notifying of data activity 1
05-19 15:19:39.743 E/WifiStateMachine(  851):  ConnectedState (when=-4ms what=131155 arg1=671!CMD_RSSI_POLL 671 0 "BOCO-office" 94:b4:0f:68:a4:b1 rssi=-51 f=5785 sc=80 link=135 tx=5.2, 0.0, 0.0  rx=75.0 bcn=0 [on:0 tx:0 rx:0 period:3001] from screen [on:0 period:716938815] gl rssi=-51 ag=0 hr ticks 28,286,43 ls-=0 [56,56,60,60,65] brc=0 lrc=0
05-19 15:19:39.744 E/WifiStateMachine(  851):  L2ConnectedState (when=-5ms what=131155 arg1=671!CMD_RSSI_POLL 671 0 "BOCO-office" 94:b4:0f:68:a4:b1 rssi=-51 f=5785 sc=80 link=135 tx=5.2, 0.0, 0.0  rx=75.0 bcn=0 [on:0 tx:0 rx:0 period:1] from screen [on:0 period:716938816] gl rssi=-51 ag=0 hr ticks 28,286,43 ls-=0 [56,56,60,60,65] brc=0 lrc=0
05-19 15:19:39.744 E/WifiStateMachine(  851):  get link layer stats 0
05-19 15:19:39.759 E/WifiStateMachine(  851): calculateWifiScore() we set wifi's score to 1000, so will always set wifi as a default network.
05-19 15:19:39.909 E/WifiTrafficPoller(  851): TRAFFIC_STATS_POLL true Token 3077 num clients 16
05-19 15:19:39.910 E/WifiTrafficPoller(  851):  packet count Tx=2029249 Rx=6712768
05-19 15:19:39.910 E/WifiTrafficPoller(  851): notifying of data activity 3
05-19 15:19:40.912 E/WifiTrafficPoller(  851): TRAFFIC_STATS_POLL true Token 3077 num clients 16
05-19 15:19:40.912 E/WifiTrafficPoller(  851):  packet count Tx=2029257 Rx=6712800
05-19 15:19:41.912 E/WifiTrafficPoller(  851): TRAFFIC_STATS_POLL true Token 3077 num clients 16
05-19 15:19:41.912 E/WifiTrafficPoller(  851):  packet count Tx=2029258 Rx=6712827
05-19 15:19:42.415 E/memtrack(17760): Couldn't load memtrack module (No such file or directory)
05-19 15:19:42.415 E/android.os.Debug(17760): failed to load memtrack module: -2
05-19 15:19:42.763 E/WifiStateMachine(  851):  ConnectedState (when=-3ms what=131155 arg1=671!CMD_RSSI_POLL 671 0 "BOCO-office" 94:b4:0f:68:a4:b1 rssi=-51 f=5785 sc=80 link=135 tx=4.6, 0.0, 0.0  rx=69.0 bcn=0 [on:0 tx:0 rx:0 period:3002] from screen [on:0 period:716941835] gl rssi=-51 ag=0 hr ticks 28,286,43 ls-=0 [56,56,56,56,61] brc=0 lrc=0
05-19 15:19:42.764 E/WifiStateMachine(  851):  L2ConnectedState (when=-4ms what=131155 arg1=671!CMD_RSSI_POLL 671 0 "BOCO-office" 94:b4:0f:68:a4:b1 rssi=-51 f=5785 sc=80 link=135 tx=4.6, 0.0, 0.0  rx=69.0 bcn=0 [on:0 tx:0 rx:0 period:1] from screen [on:0 period:716941836] gl rssi=-51 ag=0 hr ticks 28,286,43 ls-=0 [56,56,56,56,61] brc=0 lrc=0
05-19 15:19:42.764 E/WifiStateMachine(  851):  get link layer stats 0
05-19 15:19:42.778 E/WifiStateMachine(  851): calculateWifiScore() we set wifi's score to 1000, so will always set wifi as a default network.
05-19 15:19:42.913 E/WifiTrafficPoller(  851): TRAFFIC_STATS_POLL true Token 3077 num clients 16
05-19 15:19:42.914 E/WifiTrafficPoller(  851):  packet count Tx=2029266 Rx=6712859
05-19 15:19:43.384 E/memtrack(17777): Couldn't load memtrack module (No such file or directory)
05-19 15:19:43.384 E/android.os.Debug(17777): failed to load memtrack module: -2
05-19 15:19:43.639 E/SurfaceFlinger(  285): onDraw: bindTextureImage test
05-19 15:19:43.655 E/SurfaceFlinger(  285): onDraw: bindTextureImage test
05-19 15:19:43.672 E/SurfaceFlinger(  285): onDraw: bindTextureImage test
05-19 15:19:43.689 E/SurfaceFlinger(  285): onDraw: bindTextureImage test
05-19 15:19:43.708 E/SurfaceFlinger(  285): onDraw: bindTextureImage test
05-19 15:19:43.723 E/SurfaceFlinger(  285): onDraw: bindTextureImage test
05-19 15:19:43.739 E/SurfaceFlinger(  285): onDraw: bindTextureImage test
05-19 15:19:43.756 E/SurfaceFlinger(  285): onDraw: bindTextureImage test
05-19 15:19:43.773 E/SurfaceFlinger(  285): onDraw: bindTextureImage test
05-19 15:19:43.790 E/SurfaceFlinger(  285): onDraw: bindTextureImage test
05-19 15:19:43.806 E/SurfaceFlinger(  285): onDraw: bindTextureImage test
05-19 15:19:43.823 E/SurfaceFlinger(  285): onDraw: bindTextureImage test
05-19 15:19:43.840 E/SurfaceFlinger(  285): onDraw: bindTextureImage test
05-19 15:19:43.857 E/SurfaceFlinger(  285): onDraw: bindTextureImage test
05-19 15:19:43.874 E/SurfaceFlinger(  285): onDraw: bindTextureImage test
05-19 15:19:43.907 E/SurfaceFlinger(  285): onDraw: bindTextureImage test
05-19 15:19:43.915 E/WifiTrafficPoller(  851): TRAFFIC_STATS_POLL true Token 3077 num clients 16
05-19 15:19:43.915 E/WifiTrafficPoller(  851):  packet count Tx=2029266 Rx=6712879
05-19 15:19:43.915 E/WifiTrafficPoller(  851): notifying of data activity 1
05-19 15:19:43.924 E/SurfaceFlinger(  285): onDraw: bindTextureImage test
05-19 15:19:43.941 E/SurfaceFlinger(  285): onDraw: bindTextureImage test
