--------- beginning of /dev/log/system
--------- beginning of /dev/log/main
05-19 15:27:31.219 E/ConsumerIrService(  477): Can't open consumer IR HW Module, error: -2
05-19 15:27:31.219 E/libsuspend(  477): Error opening /sys/power/autosleep: No such file or directory
05-19 15:27:31.219 E/libsuspend(  477): Error opening /sys/power/wakeup_count: Permission denied
05-19 15:27:31.219 E/libsuspend(  477): failed to initialize autosuspend
05-19 15:27:31.259 E/EventHub(  477): could not get driver version for /dev/input/mouse4, Not a typewriter
05-19 15:27:31.269 E/EventHub(  477): could not get driver version for /dev/input/mouse3, Not a typewriter
05-19 15:27:31.299 E/EventHub(  477): could not get driver version for /dev/input/mouse2, Not a typewriter
05-19 15:27:31.309 E/EventHub(  477): could not get driver version for /dev/input/mouse0, Not a typewriter
05-19 15:27:31.329 E/ConnectivityService(  477): Ignoring protectedNetwork 10
05-19 15:27:31.329 E/ConnectivityService(  477): Ignoring protectedNetwork 11
05-19 15:27:31.329 E/ConnectivityService(  477): Ignoring protectedNetwork 12
05-19 15:27:31.329 E/ConnectivityService(  477): Ignoring protectedNetwork 14
05-19 15:27:31.329 E/MobileDataStateTracker(  477): default: Ignoring feature request because could not acquire PhoneService
05-19 15:27:31.329 E/MobileDataStateTracker(  477): default: Could not enable APN type "default"
05-19 15:27:31.349 E/EventHub(  477): could not get driver version for /dev/input/mice, Not a typewriter
05-19 15:27:31.439 E/EventHub(  477): could not get driver version for /dev/input/mouse1, Not a typewriter
05-19 15:27:31.469 E/EGL_emulation(  477): egl: destroying current context refused
05-19 15:27:31.509 E/libsuspend(  477): Error opening /sys/power/autosleep: No such file or directory
05-19 15:27:31.509 E/libsuspend(  477): Error opening /sys/power/wakeup_count: Permission denied
05-19 15:27:31.509 E/libsuspend(  477): failed to initialize autosuspend
05-19 15:27:31.579 E/WVMExtractor(  165): Failed to open libwvm.so
05-19 15:27:31.589 E/cutils-trace(  165): Error opening trace file: No such file or directory (2)
05-19 15:27:31.879 E/WifiStateMachine(  477): Failed to reload STA firmware java.lang.IllegalArgumentException: command '3 softap fwreload eth1 STA' failed with '501 3 SoftAP command has failed'
05-19 15:27:31.889 E/Netd    (  158): Failed to open /proc/sys/net/ipv6/conf/eth1/use_tempaddr: No such file or directory
05-19 15:27:31.889 E/WifiStateMachine(  477): Unable to change interface settings: java.lang.IllegalStateException: command '6 interface ipv6privacyextensions eth1 enable' failed with '400 6 Failed to set ipv6 privacy extensions (No such file or directory)'
05-19 15:27:31.899 E/BandwidthController(  158): runIptablesCmd(): res=1 status=256 failed /system/bin/iptables -I bw_INPUT -m quota2 ! --quota 2097152 --name globalAlert
05-19 15:27:31.899 E/BandwidthController(  158): runIptablesCmd(): res=1 status=256 failed /system/bin/ip6tables -I bw_INPUT -m quota2 ! --quota 2097152 --name globalAlert
05-19 15:27:31.899 E/BandwidthController(  158): runIptablesCmd(): res=1 status=256 failed /system/bin/iptables -I bw_OUTPUT -m quota2 ! --quota 2097152 --name globalAlert
05-19 15:27:31.899 E/BandwidthController(  158): runIptablesCmd(): res=1 status=256 failed /system/bin/ip6tables -I bw_OUTPUT -m quota2 ! --quota 2097152 --name globalAlert
05-19 15:27:32.019 E/WifiHW  (  477): Unable to open connection to supplicant on "@android:wpa_eth1": No such file or directory
05-19 15:27:32.099 E/FlpHardwareProvider(  477): Error hw_get_module 'flp': -2
05-19 15:27:32.099 E/FlpHardwareProvider(  477): Error hw_get_module 'flp': -2
05-19 15:27:32.099 E/BluetoothInputDevice(  627): Could not bind to Bluetooth HID Service with Intent { act=android.bluetooth.IBluetoothInputDevice }
05-19 15:27:32.099 E/BluetoothPan(  627): Could not bind to Bluetooth Pan Service with Intent { act=android.bluetooth.IBluetoothPan }
05-19 15:27:32.099 E/LocationManagerService(  477): no geocoder provider found
05-19 15:27:32.099 E/LocationManagerService(  477): No FusedProvider found.
05-19 15:27:32.099 E/LocationManagerService(  477): no geofence provider found
05-19 15:27:32.109 E/BluetoothMap(  627): Could not bind to Bluetooth MAP Service with Intent { act=android.bluetooth.IBluetoothMap }
05-19 15:27:32.109 E/BluetoothPbap(  627): Could not bind to Bluetooth Pbap Service with Intent { act=android.bluetooth.IBluetoothPbap }
05-19 15:27:32.439 E/BluetoothHeadset(  670): Could not bind to Bluetooth Headset Service with Intent { act=android.bluetooth.IBluetoothHeadset }
05-19 15:27:32.459 E/BluetoothHeadset(  670): Could not bind to Bluetooth Headset Service with Intent { act=android.bluetooth.IBluetoothHeadset }
05-19 15:27:32.549 E/BluetoothHeadset(  670): Could not bind to Bluetooth Headset Service with Intent { act=android.bluetooth.IBluetoothHeadset }
05-19 15:27:32.549 E/BluetoothPhoneService(  670): Could not get a handle on Connection object for the call
05-19 15:27:32.569 E/SA.AnalyticsMessages(  684): Failed to get vtrack configure from SensorsAnalaytics.
05-19 15:27:32.579 E/dalvikvm(  657): Could not find class 'javax.net.ssl.SNIHostName', referenced from method com.google.android.gms.org.conscrypt.Platform.getSSLParameters
05-19 15:27:32.589 E/dalvikvm(  657): Could not find class 'javax.net.ssl.SNIServerName', referenced from method com.google.android.gms.org.conscrypt.Platform.setSSLParameters
05-19 15:27:32.589 E/dalvikvm(  657): Could not find class 'com.google.android.gms.org.conscrypt.OpenSSLExtendedSessionImpl', referenced from method com.google.android.gms.org.conscrypt.Platform.wrapSSLSession
05-19 15:27:32.679 E/dalvikvm(  657): Could not find class 'com.google.android.gms.org.conscrypt.OpenSSLExtendedSessionImpl', referenced from method com.google.android.gms.org.conscrypt.SSLParametersImpl.getSessionToReuse
05-19 15:27:33.289 E/WifiConfigStore(  477): Error parsing configurationjava.io.FileNotFoundException: /data/misc/wifi/ipconfig.txt: open failed: ENOENT (No such file or directory)
05-19 15:27:33.299 E/WifiStateMachine(  477): Failed to set country code CN
05-19 15:27:33.299 E/WifiStateMachine(  477): Failed to set frequency band 0
05-19 15:27:33.309 E/WifiStateMachine(  477): Unexpected BatchedScanResults :null
05-19 15:27:33.829 E/dalvikvm(  657): Could not find class 'android.app.ActivityManager$TaskDescription', referenced from method txi.a
05-19 15:27:33.969 E/WifiStateMachine(  477): Failed to set country code CN
05-19 15:27:34.019 E/memtrack(  760): Couldn't load memtrack module (No such file or directory)
05-19 15:27:34.019 E/android.os.Debug(  760): failed to load memtrack module: -2
05-19 15:27:34.079 E/memtrack(  735): Couldn't load memtrack module (No such file or directory)
05-19 15:27:34.079 E/android.os.Debug(  735): failed to load memtrack module: -2
05-19 15:27:34.089 E/dalvikvm(  657): Could not find class 'jgj', referenced from method jgi.a
05-19 15:27:34.099 E/memtrack(  770): Couldn't load memtrack module (No such file or directory)
05-19 15:27:34.099 E/android.os.Debug(  770): failed to load memtrack module: -2
05-19 15:27:34.119 E/dalvikvm(  657): Could not find class 'aiem', referenced from method aita.<init>
05-19 15:27:34.149 E/cutils-trace(  770): Error opening trace file: No such file or directory (2)
05-19 15:27:34.149 E/cutils-trace(  760): Error opening trace file: No such file or directory (2)
05-19 15:27:34.159 E/cutils-trace(  735): Error opening trace file: No such file or directory (2)
05-19 15:27:34.159 E/dalvikvm(  657): Could not find class 'aiqs', referenced from method aiqu.a
05-19 15:27:34.159 E/dalvikvm(  657): Could not find class 'android.app.AlarmManager$OnAlarmListener', referenced from method aiqu.a
05-19 15:27:34.209 E/dalvikvm(  657): Could not find class 'jqk', referenced from method jqi.a
05-19 15:27:34.339 E/ConnectivityService(  477): Unexpected mtu value: android.net.wifi.WifiStateTracker@4a8d9b24
05-19 15:27:34.459 E/memtrack(  814): Couldn't load memtrack module (No such file or directory)
05-19 15:27:34.459 E/android.os.Debug(  814): failed to load memtrack module: -2
05-19 15:27:34.489 E/BandwidthController(  158): Updating quota globalAlert failed (No such file or directory)
05-19 15:27:34.549 E/cutils-trace(  814): Error opening trace file: No such file or directory (2)
05-19 15:27:34.779 E/WifiStateMachine(  477): Failed to set country code CN
05-19 15:27:34.869 E/memtrack(  902): Couldn't load memtrack module (No such file or directory)
05-19 15:27:34.869 E/android.os.Debug(  902): failed to load memtrack module: -2
05-19 15:27:34.979 E/dalvikvm(  657): Could not find class 'android.bluetooth.le.AdvertiseSettings$Builder', referenced from method aqrk.a
05-19 15:27:35.009 E/cutils-trace(  902): Error opening trace file: No such file or directory (2)
05-19 15:27:35.069 E/dalvikvm(  990): Could not find class 'javax.net.ssl.SNIHostName', referenced from method com.google.android.gms.org.conscrypt.Platform.getSSLParameters
05-19 15:27:35.069 E/dalvikvm(  990): Could not find class 'javax.net.ssl.SNIServerName', referenced from method com.google.android.gms.org.conscrypt.Platform.setSSLParameters
05-19 15:27:35.069 E/dalvikvm(  990): Could not find class 'com.google.android.gms.org.conscrypt.OpenSSLExtendedSessionImpl', referenced from method com.google.android.gms.org.conscrypt.Platform.wrapSSLSession
05-19 15:27:35.099 E/dalvikvm(  990): Could not find class 'com.google.android.gms.org.conscrypt.OpenSSLExtendedSessionImpl', referenced from method com.google.android.gms.org.conscrypt.SSLParametersImpl.getSessionToReuse
05-19 15:27:35.329 E/TelephonyProvider(  670): Failed setting numeric '460075' to the current operator
05-19 15:27:35.359 E/dalvikvm(  657): Could not find class 'android.app.usage.UsageStatsManager', referenced from method ugw.a
05-19 15:27:35.489 E/dalvikvm(  877): Could not find class 'com.google.android.finsky.hygiene.HygieneJobService', referenced from method com.google.android.finsky.dailyhygiene.DailyHygiene.a
05-19 15:27:35.499 E/dalvikvm(  877): Could not find class 'com.google.android.finsky.services.MaintenanceWindowJobService', referenced from method com.google.android.finsky.dailyhygiene.DailyHygiene.g
05-19 15:27:35.549 E/memtrack(  973): Couldn't load memtrack module (No such file or directory)
05-19 15:27:35.549 E/android.os.Debug(  973): failed to load memtrack module: -2
05-19 15:27:35.569 E/cutils-trace(  973): Error opening trace file: No such file or directory (2)
05-19 15:27:35.599 E/GCoreUlr(  657): Bad errorId configuring silent feedback
05-19 15:27:35.689 E/dalvikvm(  657): Could not find class 'android.app.usage.UsageStatsManager', referenced from method com.google.android.gms.wearable.service.WearableChimeraService.onCreate
05-19 15:27:35.689 E/dalvikvm(  657): Could not find class 'android.telecom.TelecomManager', referenced from method afwv.a
05-19 15:27:35.709 E/Finsky  (  877): [1] com.google.android.finsky.wear.bl.a(847): onConnectionFailed: ConnectionResult{statusCode=API_UNAVAILABLE, resolution=null, message=null}
05-19 15:27:35.709 E/GCoreUlr(  657): Bad errorId configuring silent feedback
05-19 15:27:35.769 E/BaseAppContext(  990): Tried to stop global GMSCore RequestQueue. This is likely unintended, so ignoring.
05-19 15:27:35.769 E/dalvikvm(  703): Could not find class 'javax.net.ssl.SNIHostName', referenced from method com.google.android.gms.org.conscrypt.Platform.getSSLParameters
05-19 15:27:35.769 E/dalvikvm(  703): Could not find class 'javax.net.ssl.SNIServerName', referenced from method com.google.android.gms.org.conscrypt.Platform.setSSLParameters
05-19 15:27:35.769 E/dalvikvm(  703): Could not find class 'com.google.android.gms.org.conscrypt.OpenSSLExtendedSessionImpl', referenced from method com.google.android.gms.org.conscrypt.Platform.wrapSSLSession
05-19 15:27:35.809 E/dalvikvm(  703): Could not find class 'com.google.android.gms.org.conscrypt.OpenSSLExtendedSessionImpl', referenced from method com.google.android.gms.org.conscrypt.SSLParametersImpl.getSessionToReuse
05-19 15:27:35.949 E/GCoreUlr(  657): Bad errorId configuring silent feedback
05-19 15:27:36.049 E/GCoreUlr(  657): Bad errorId configuring silent feedback
05-19 15:27:42.262 E/RemotePrintSpooler(  477): Error removing obsolete print jobs .
05-19 15:27:42.262 E/RemotePrintSpooler(  477): java.util.concurrent.TimeoutException: Cannot get spooler!
05-19 15:27:42.262 E/RemotePrintSpooler(  477): 	at com.android.server.print.RemotePrintSpooler.bindLocked(RemotePrintSpooler.java:376)
05-19 15:27:42.262 E/RemotePrintSpooler(  477): 	at com.android.server.print.RemotePrintSpooler.getRemoteInstanceLazy(RemotePrintSpooler.java:352)
05-19 15:27:42.262 E/RemotePrintSpooler(  477): 	at com.android.server.print.RemotePrintSpooler.removeObsoletePrintJobs(RemotePrintSpooler.java:287)
05-19 15:27:42.262 E/RemotePrintSpooler(  477): 	at com.android.server.print.UserState.removeObsoletePrintJobs(UserState.java:163)
05-19 15:27:42.262 E/RemotePrintSpooler(  477): 	at com.android.server.print.PrintManagerService$1.run(PrintManagerService.java:94)
05-19 15:27:42.262 E/RemotePrintSpooler(  477): 	at android.os.Handler.handleCallback(Handler.java:733)
05-19 15:27:42.262 E/RemotePrintSpooler(  477): 	at android.os.Handler.dispatchMessage(Handler.java:95)
05-19 15:27:42.262 E/RemotePrintSpooler(  477): 	at android.os.Looper.loop(Looper.java:136)
05-19 15:27:42.262 E/RemotePrintSpooler(  477): 	at android.os.HandlerThread.run(HandlerThread.java:61)
05-19 15:27:43.142 E/BluetoothManagerService(  477): Fail to bind to: Intent { act=android.bluetooth.IBluetooth }
05-19 15:27:43.142 E/WifiStateMachine(  477): Failed to set country code CN
05-19 15:27:43.152 E/BluetoothHeadset(  477): Could not bind to Bluetooth Headset Service with Intent { act=android.bluetooth.IBluetoothHeadset }
05-19 15:27:43.152 E/BluetoothA2dp(  477): Could not bind to Bluetooth A2DP Service with Intent { act=android.bluetooth.IBluetoothA2dp }
05-19 15:27:43.312 E/FileScannerService( 1207): binding file scanner
05-19 15:27:44.292 E/UpdateRequestReceiver( 1345): ignoring update request
05-19 15:27:44.292 E/UpdateRequestReceiver( 1345): ignoring update request
05-19 15:27:44.292 E/UpdateRequestReceiver( 1345): ignoring update request
05-19 15:27:44.292 E/UpdateRequestReceiver( 1345): ignoring update request
05-19 15:27:44.292 E/UpdateRequestReceiver( 1345): ignoring update request
05-19 15:27:44.302 E/UpdateRequestReceiver( 1345): ignoring update request
05-19 15:27:44.462 E/dalvikvm(  990): Could not find class 'android.service.persistentdata.PersistentDataBlockManager', referenced from method dzw.a
05-19 15:27:44.462 E/dalvikvm(  990): Could not find class 'android.telephony.SubscriptionManager', referenced from method com.google.android.gms.checkin.CheckinChimeraService.c
05-19 15:27:44.512 E/dalvikvm(  990): Could not find class 'android.net.NetworkRequest$Builder', referenced from method com.google.android.gms.common.stats.GmsCoreStatsChimeraService.onCreate
05-19 15:27:44.522 E/dalvikvm(  657): Could not find class 'android.net.NetworkRequest$Builder', referenced from method com.google.android.gms.common.stats.GmsCoreStatsChimeraService.onCreate
05-19 15:27:44.632 E/dalvikvm(  703): Could not find class 'android.app.job.JobScheduler', referenced from method pqd.a
05-19 15:27:44.672 E/dalvikvm(  703): Could not find class 'android.app.usage.UsageStatsManager', referenced from method ppl.a
05-19 15:27:44.982 E/dalvikvm(  990): Could not find class 'android.telephony.SubscriptionManager', referenced from method hgi.a
05-19 15:27:45.022 E/Ads     (  990): Error while retrieving parental controls.
05-19 15:27:45.022 E/Ads     (  990): java.lang.NullPointerException
05-19 15:27:45.022 E/Ads     (  990): 	at android.os.Parcel.readException(Parcel.java:1471)
05-19 15:27:45.022 E/Ads     (  990): 	at android.os.Parcel.readException(Parcel.java:1419)
05-19 15:27:45.022 E/Ads     (  990): 	at bbb.a(:com.google.android.gms:139)
05-19 15:27:45.022 E/Ads     (  990): 	at com.google.android.gms.ads.play.c.onServiceConnected(:com.google.android.gms:175)
05-19 15:27:45.022 E/Ads     (  990): 	at android.app.LoadedApk$ServiceDispatcher.doConnected(LoadedApk.java:1110)
05-19 15:27:45.022 E/Ads     (  990): 	at android.app.LoadedApk$ServiceDispatcher$RunConnection.run(LoadedApk.java:1127)
05-19 15:27:45.022 E/Ads     (  990): 	at android.os.Handler.handleCallback(Handler.java:733)
05-19 15:27:45.022 E/Ads     (  990): 	at android.os.Handler.dispatchMessage(Handler.java:95)
05-19 15:27:45.022 E/Ads     (  990): 	at android.os.Looper.loop(Looper.java:136)
05-19 15:27:45.022 E/Ads     (  990): 	at android.app.ActivityThread.main(ActivityThread.java:5019)
05-19 15:27:45.022 E/Ads     (  990): 	at java.lang.reflect.Method.invokeNative(Native Method)
05-19 15:27:45.022 E/Ads     (  990): 	at java.lang.reflect.Method.invoke(Method.java:515)
05-19 15:27:45.022 E/Ads     (  990): 	at com.android.internal.os.ZygoteInit$MethodAndArgsCaller.run(ZygoteInit.java:779)
05-19 15:27:45.022 E/Ads     (  990): 	at com.android.internal.os.ZygoteInit.main(ZygoteInit.java:595)
05-19 15:27:45.022 E/Ads     (  990): 	at dalvik.system.NativeStart.main(Native Method)
05-19 15:27:45.072 E/ActivityThread(  990): Failed to find provider info for com.google.android.wearable.settings
05-19 15:27:45.082 E/dalvikvm(  990): Could not find class 'jgj', referenced from method jgi.a
05-19 15:27:45.112 E/GCM     (  703): Missing checkin config file
05-19 15:27:45.112 E/GCM     (  703): Missing checkin config file
05-19 15:27:45.242 E/Icing   (  990): street name for address is empty or is not existed. 
05-19 15:27:45.242 E/dalvikvm(  990): Could not find class 'android.net.NetworkRequest$Builder', referenced from method addo.b
05-19 15:27:45.282 E/Icing   (  990): Opening file  for read failed: No such file or directory
05-19 15:27:45.282 E/Icing   (  990): Unable to open file . 
05-19 15:27:45.282 E/Icing   (  990): WordsMap was not properly initialized
05-19 15:27:45.282 E/MDM     (  990): [124] tdv.a: Couldn't connect to Google API client: hvk{statusCode=API_UNAVAILABLE, resolution=null, message=null}
05-19 15:27:45.432 E/GCoreUlr(  657): Bad errorId configuring silent feedback
05-19 15:27:45.472 E/GCM     (  703): Missing checkin config file
05-19 15:27:45.482 E/MS_RegisterService(  990): Exception getting GCM token
05-19 15:27:45.482 E/MS_RegisterService(  990): java.io.IOException: AUTHENTICATION_FAILED
05-19 15:27:45.482 E/MS_RegisterService(  990): 	at rie.b(:com.google.android.gms:816)
05-19 15:27:45.482 E/MS_RegisterService(  990): 	at rie.a(:com.google.android.gms:787)
05-19 15:27:45.482 E/MS_RegisterService(  990): 	at ria.c(:com.google.android.gms:524)
05-19 15:27:45.482 E/MS_RegisterService(  990): 	at ria.b(:com.google.android.gms:487)
05-19 15:27:45.482 E/MS_RegisterService(  990): 	at agry.a(:com.google.android.gms:1439)
05-19 15:27:45.482 E/MS_RegisterService(  990): 	at com.google.android.libraries.matchstick.net.SilentRegisterIntentOperation.a(:com.google.android.gms:1021)
05-19 15:27:45.482 E/MS_RegisterService(  990): 	at com.google.android.libraries.matchstick.net.SilentRegisterIntentOperation.onHandleIntent(:com.google.android.gms:467)
05-19 15:27:45.482 E/MS_RegisterService(  990): 	at com.google.android.chimera.IntentOperation.onHandleIntent(:com.google.android.gms:118)
05-19 15:27:45.482 E/MS_RegisterService(  990): 	at bwq.run(:com.google.android.gms:1864)
05-19 15:27:45.482 E/MS_RegisterService(  990): 	at bwn.run(:com.google.android.gms:1143)
05-19 15:27:45.482 E/MS_RegisterService(  990): 	at java.util.concurrent.ThreadPoolExecutor.runWorker(ThreadPoolExecutor.java:1112)
05-19 15:27:45.482 E/MS_RegisterService(  990): 	at java.util.concurrent.ThreadPoolExecutor$Worker.run(ThreadPoolExecutor.java:587)
05-19 15:27:45.482 E/MS_RegisterService(  990): 	at java.lang.Thread.run(Thread.java:841)
05-19 15:27:45.512 E/dalvikvm( 1498): Could not find class 'javax.net.ssl.SNIHostName', referenced from method com.google.android.gms.org.conscrypt.Platform.getSSLParameters
05-19 15:27:45.512 E/dalvikvm( 1498): Could not find class 'javax.net.ssl.SNIServerName', referenced from method com.google.android.gms.org.conscrypt.Platform.setSSLParameters
05-19 15:27:45.512 E/dalvikvm( 1498): Could not find class 'com.google.android.gms.org.conscrypt.OpenSSLExtendedSessionImpl', referenced from method com.google.android.gms.org.conscrypt.Platform.wrapSSLSession
05-19 15:27:45.532 E/dalvikvm( 1498): Could not find class 'com.google.android.gms.org.conscrypt.OpenSSLExtendedSessionImpl', referenced from method com.google.android.gms.org.conscrypt.SSLParametersImpl.getSessionToReuse
05-19 15:27:45.662 E/dalvikvm( 1498): Could not find class 'jgj', referenced from method jgi.a
05-19 15:27:45.712 E/dalvikvm(  990): Could not find class 'android.app.usage.UsageStatsManager', referenced from method rff.a
05-19 15:27:45.752 E/GCM     (  703): Missing checkin config file
05-19 15:27:45.752 E/GCM     (  703): Missing checkin config file
05-19 15:27:46.082 E/Drm     (  165): Failed to open plugin directory /vendor/lib/mediadrm
