05-18 10:19:47.402 E/appium  (28402): 	at io.appium.uiautomator2.server.AppiumServlet.handleHttpRequest(AppiumServlet.java:193)
05-18 10:19:47.402 E/appium  (28402): 	at io.appium.uiautomator2.http.ServerHandler.channelRead(ServerHandler.java:44)
05-18 10:19:47.402 E/appium  (28402): 	at io.netty.channel.AbstractChannelHandlerContext.invokeChannelRead(AbstractChannelHandlerContext.java:366)
05-18 10:19:47.402 E/appium  (28402): 	at io.netty.channel.AbstractChannelHandlerContext.invokeChannelRead(AbstractChannelHandlerContext.java:352)
05-18 10:19:47.402 E/appium  (28402): 	at io.netty.channel.AbstractChannelHandlerContext.fireChannelRead(AbstractChannelHandlerContext.java:345)
05-18 10:19:47.402 E/appium  (28402): 	at io.netty.handler.codec.MessageToMessageDecoder.channelRead(MessageToMessageDecoder.java:102)
05-18 10:19:47.402 E/appium  (28402): 	at io.netty.channel.AbstractChannelHandlerContext.invokeChannelRead(AbstractChannelHandlerContext.java:366)
05-18 10:19:47.402 E/appium  (28402): 	at io.netty.channel.AbstractChannelHandlerContext.invokeChannelRead(AbstractChannelHandlerContext.java:352)
05-18 10:19:47.402 E/appium  (28402): 	at io.netty.channel.AbstractChannelHandlerContext.fireChannelRead(AbstractChannelHandlerContext.java:345)
05-18 10:19:47.402 E/appium  (28402): 	at io.netty.channel.CombinedChannelDuplexHandler$DelegatingChannelHandlerContext.fireChannelRead(CombinedChannelDuplexHandler.java:435)
05-18 10:19:47.402 E/appium  (28402): 	at io.netty.handler.codec.ByteToMessageDecoder.fireChannelRead(ByteToMessageDecoder.java:293)
05-18 10:19:47.402 E/appium  (28402): 	at io.netty.handler.codec.ByteToMessageDecoder.channelRead(ByteToMessageDecoder.java:267)
05-18 10:19:47.402 E/appium  (28402): 	at io.netty.channel.CombinedChannelDuplexHandler.channelRead(CombinedChannelDuplexHandler.java:250)
05-18 10:19:47.402 E/appium  (28402): 	at io.netty.channel.AbstractChannelHandlerContext.invokeChannelRead(AbstractChannelHandlerContext.java:366)
05-18 10:19:47.402 E/appium  (28402): 	at io.netty.channel.AbstractChannelHandlerContext.invokeChannelRead(AbstractChannelHandlerContext.java:352)
05-18 10:19:47.402 E/appium  (28402): 	at io.netty.channel.AbstractChannelHandlerContext.fireChannelRead(AbstractChannelHandlerContext.java:345)
05-18 10:19:47.402 E/appium  (28402): 	at io.netty.channel.DefaultChannelPipeline$HeadContext.channelRead(DefaultChannelPipeline.java:1294)
05-18 10:19:47.402 E/appium  (28402): 	at io.netty.channel.AbstractChannelHandlerContext.invokeChannelRead(AbstractChannelHandlerContext.java:366)
05-18 10:19:47.402 E/appium  (28402): 	at io.netty.channel.AbstractChannelHandlerContext.invokeChannelRead(AbstractChannelHandlerContext.java:352)
05-18 10:19:47.402 E/appium  (28402): 	at io.netty.channel.DefaultChannelPipeline.fireChannelRead(DefaultChannelPipeline.java:911)
05-18 10:19:47.402 E/appium  (28402): 	at io.netty.channel.nio.AbstractNioByteChannel$NioByteUnsafe.read(AbstractNioByteChannel.java:131)
05-18 10:19:47.402 E/appium  (28402): 	at io.netty.channel.nio.NioEventLoop.processSelectedKey(NioEventLoop.java:611)
05-18 10:19:47.402 E/appium  (28402): 	at io.netty.channel.nio.NioEventLoop.processSelectedKeysPlain(NioEventLoop.java:514)
05-18 10:19:47.402 E/appium  (28402): 	at io.netty.channel.nio.NioEventLoop.processSelectedKeys(NioEventLoop.java:468)
05-18 10:19:47.402 E/appium  (28402): 	at io.netty.channel.nio.NioEventLoop.run(NioEventLoop.java:438)
05-18 10:19:47.402 E/appium  (28402): 	at io.netty.util.concurrent.SingleThreadEventExecutor$2.run(SingleThreadEventExecutor.java:140)
05-18 10:19:47.402 E/appium  (28402): 	at io.netty.util.concurrent.DefaultThreadFactory$DefaultRunnableDecorator.run(DefaultThreadFactory.java:144)
05-18 10:19:47.402 E/appium  (28402): 	at java.lang.Thread.run(Thread.java:818)
05-18 10:19:47.428 E/WifiTrafficPoller(  851): TRAFFIC_STATS_POLL true Token 2644 num clients 16
05-18 10:19:47.428 E/WifiTrafficPoller(  851):  packet count Tx=1828847 Rx=5920227
05-18 10:19:48.390 E/appium  (28402): Element not found: 
05-18 10:19:48.390 E/appium  (28402): io.appium.uiautomator2.common.exceptions.ElementNotFoundException: Could not find an element using supplied strategy. 
05-18 10:19:48.390 E/appium  (28402): 	at io.appium.uiautomator2.handler.FindElement.getXPathUiObject(FindElement.java:80)
05-18 10:19:48.390 E/appium  (28402): 	at io.appium.uiautomator2.handler.FindElement.findElement(FindElement.java:153)
05-18 10:19:48.390 E/appium  (28402): 	at io.appium.uiautomator2.handler.FindElement.safeHandle(FindElement.java:102)
05-18 10:19:48.390 E/appium  (28402): 	at io.appium.uiautomator2.handler.request.SafeRequestHandler.handle(SafeRequestHandler.java:56)
05-18 10:19:48.390 E/appium  (28402): 	at io.appium.uiautomator2.server.AppiumServlet.handleRequest(AppiumServlet.java:202)
05-18 10:19:48.390 E/appium  (28402): 	at io.appium.uiautomator2.server.AppiumServlet.handleHttpRequest(AppiumServlet.java:193)
05-18 10:19:48.390 E/appium  (28402): 	at io.appium.uiautomator2.http.ServerHandler.channelRead(ServerHandler.java:44)
05-18 10:19:48.390 E/appium  (28402): 	at io.netty.channel.AbstractChannelHandlerContext.invokeChannelRead(AbstractChannelHandlerContext.java:366)
05-18 10:19:48.390 E/appium  (28402): 	at io.netty.channel.AbstractChannelHandlerContext.invokeChannelRead(AbstractChannelHandlerContext.java:352)
05-18 10:19:48.390 E/appium  (28402): 	at io.netty.channel.AbstractChannelHandlerContext.fireChannelRead(AbstractChannelHandlerContext.java:345)
05-18 10:19:48.390 E/appium  (28402): 	at io.netty.handler.codec.MessageToMessageDecoder.channelRead(MessageToMessageDecoder.java:102)
05-18 10:19:48.390 E/appium  (28402): 	at io.netty.channel.AbstractChannelHandlerContext.invokeChannelRead(AbstractChannelHandlerContext.java:366)
05-18 10:19:48.390 E/appium  (28402): 	at io.netty.channel.AbstractChannelHandlerContext.invokeChannelRead(AbstractChannelHandlerContext.java:352)
05-18 10:19:48.390 E/appium  (28402): 	at io.netty.channel.AbstractChannelHandlerContext.fireChannelRead(AbstractChannelHandlerContext.java:345)
05-18 10:19:48.390 E/appium  (28402): 	at io.netty.channel.CombinedChannelDuplexHandler$DelegatingChannelHandlerContext.fireChannelRead(CombinedChannelDuplexHandler.java:435)
05-18 10:19:48.390 E/appium  (28402): 	at io.netty.handler.codec.ByteToMessageDecoder.fireChannelRead(ByteToMessageDecoder.java:293)
05-18 10:19:48.390 E/appium  (28402): 	at io.netty.handler.codec.ByteToMessageDecoder.channelRead(ByteToMessageDecoder.java:267)
05-18 10:19:48.390 E/appium  (28402): 	at io.netty.channel.CombinedChannelDuplexHandler.channelRead(CombinedChannelDuplexHandler.java:250)
05-18 10:19:48.390 E/appium  (28402): 	at io.netty.channel.AbstractChannelHandlerContext.invokeChannelRead(AbstractChannelHandlerContext.java:366)
05-18 10:19:48.390 E/appium  (28402): 	at io.netty.channel.AbstractChannelHandlerContext.invokeChannelRead(AbstractChannelHandlerContext.java:352)
05-18 10:19:48.390 E/appium  (28402): 	at io.netty.channel.AbstractChannelHandlerContext.fireChannelRead(AbstractChannelHandlerContext.java:345)
05-18 10:19:48.390 E/appium  (28402): 	at io.netty.channel.DefaultChannelPipeline$HeadContext.channelRead(DefaultChannelPipeline.java:1294)
05-18 10:19:48.390 E/appium  (28402): 	at io.netty.channel.AbstractChannelHandlerContext.invokeChannelRead(AbstractChannelHandlerContext.java:366)
05-18 10:19:48.390 E/appium  (28402): 	at io.netty.channel.AbstractChannelHandlerContext.invokeChannelRead(AbstractChannelHandlerContext.java:352)
05-18 10:19:48.390 E/appium  (28402): 	at io.netty.channel.DefaultChannelPipeline.fireChannelRead(DefaultChannelPipeline.java:911)
05-18 10:19:48.390 E/appium  (28402): 	at io.netty.channel.nio.AbstractNioByteChannel$NioByteUnsafe.read(AbstractNioByteChannel.java:131)
05-18 10:19:48.390 E/appium  (28402): 	at io.netty.channel.nio.NioEventLoop.processSelectedKey(NioEventLoop.java:611)
05-18 10:19:48.390 E/appium  (28402): 	at io.netty.channel.nio.NioEventLoop.processSelectedKeysPlain(NioEventLoop.java:514)
05-18 10:19:48.390 E/appium  (28402): 	at io.netty.channel.nio.NioEventLoop.processSelectedKeys(NioEventLoop.java:468)
05-18 10:19:48.390 E/appium  (28402): 	at io.netty.channel.nio.NioEventLoop.run(NioEventLoop.java:438)
05-18 10:19:48.390 E/appium  (28402): 	at io.netty.util.concurrent.SingleThreadEventExecutor$2.run(SingleThreadEventExecutor.java:140)
05-18 10:19:48.390 E/appium  (28402): 	at io.netty.util.concurrent.DefaultThreadFactory$DefaultRunnableDecorator.run(DefaultThreadFactory.java:144)
05-18 10:19:48.390 E/appium  (28402): 	at java.lang.Thread.run(Thread.java:818)
05-18 10:19:48.429 E/WifiTrafficPoller(  851): TRAFFIC_STATS_POLL true Token 2644 num clients 16
05-18 10:19:48.429 E/WifiTrafficPoller(  851):  packet count Tx=1829079 Rx=5920550
05-18 10:19:48.859 E/WifiStateMachine(  851):  ConnectedState (when=-6ms what=131155 arg1=591!CMD_RSSI_POLL 591 0 "BOCO-office" 94:b4:0f:68:a4:b1 rssi=-51 f=5785 sc=80 link=150 tx=759.8, 0.0, 0.0  rx=981.7 bcn=0 [on:0 tx:0 rx:0 period:3002] from screen [on:0 period:612547931] gl rssi=-51 ag=0 hr ticks 314,77,49 ls-=0 [56,56,60,60,65] brc=0 lrc=0
05-18 10:19:48.859 E/WifiStateMachine(  851):  L2ConnectedState (when=-7ms what=131155 arg1=591!CMD_RSSI_POLL 591 0 "BOCO-office" 94:b4:0f:68:a4:b1 rssi=-51 f=5785 sc=80 link=150 tx=759.8, 0.0, 0.0  rx=981.7 bcn=0 [on:0 tx:0 rx:0 period:0] from screen [on:0 period:612547931] gl rssi=-51 ag=0 hr ticks 314,77,49 ls-=0 [56,56,60,60,65] brc=0 lrc=0
05-18 10:19:48.859 E/WifiStateMachine(  851):  get link layer stats 0
05-18 10:19:48.864 E/WifiStateMachine(  851): calculateWifiScore() we set wifi's score to 1000, so will always set wifi as a default network.
05-18 10:19:49.402 E/appium  (28402): Element not found: 
05-18 10:19:49.402 E/appium  (28402): io.appium.uiautomator2.common.exceptions.ElementNotFoundException: Could not find an element using supplied strategy. 
05-18 10:19:49.402 E/appium  (28402): 	at io.appium.uiautomator2.handler.FindElement.getXPathUiObject(FindElement.java:80)
05-18 10:19:49.402 E/appium  (28402): 	at io.appium.uiautomator2.handler.FindElement.findElement(FindElement.java:153)
05-18 10:19:49.402 E/appium  (28402): 	at io.appium.uiautomator2.handler.FindElement.safeHandle(FindElement.java:102)
05-18 10:19:49.402 E/appium  (28402): 	at io.appium.uiautomator2.handler.request.SafeRequestHandler.handle(SafeRequestHandler.java:56)
05-18 10:19:49.402 E/appium  (28402): 	at io.appium.uiautomator2.server.AppiumServlet.handleRequest(AppiumServlet.java:202)
05-18 10:19:49.402 E/appium  (28402): 	at io.appium.uiautomator2.server.AppiumServlet.handleHttpRequest(AppiumServlet.java:193)
05-18 10:19:49.402 E/appium  (28402): 	at io.appium.uiautomator2.http.ServerHandler.channelRead(ServerHandler.java:44)
05-18 10:19:49.402 E/appium  (28402): 	at io.netty.channel.AbstractChannelHandlerContext.invokeChannelRead(AbstractChannelHandlerContext.java:366)
05-18 10:19:49.402 E/appium  (28402): 	at io.netty.channel.AbstractChannelHandlerContext.invokeChannelRead(AbstractChannelHandlerContext.java:352)
05-18 10:19:49.402 E/appium  (28402): 	at io.netty.channel.AbstractChannelHandlerContext.fireChannelRead(AbstractChannelHandlerContext.java:345)
05-18 10:19:49.402 E/appium  (28402): 	at io.netty.handler.codec.MessageToMessageDecoder.channelRead(MessageToMessageDecoder.java:102)
05-18 10:19:49.402 E/appium  (28402): 	at io.netty.channel.AbstractChannelHandlerContext.invokeChannelRead(AbstractChannelHandlerContext.java:366)
05-18 10:19:49.402 E/appium  (28402): 	at io.netty.channel.AbstractChannelHandlerContext.invokeChannelRead(AbstractChannelHandlerContext.java:352)
05-18 10:19:49.402 E/appium  (28402): 	at io.netty.channel.AbstractChannelHandlerContext.fireChannelRead(AbstractChannelHandlerContext.java:345)
05-18 10:19:49.402 E/appium  (28402): 	at io.netty.channel.CombinedChannelDuplexHandler$DelegatingChannelHandlerContext.fireChannelRead(CombinedChannelDuplexHandler.java:435)
05-18 10:19:49.402 E/appium  (28402): 	at io.netty.handler.codec.ByteToMessageDecoder.fireChannelRead(ByteToMessageDecoder.java:293)
05-18 10:19:49.402 E/appium  (28402): 	at io.netty.handler.codec.ByteToMessageDecoder.channelRead(ByteToMessageDecoder.java:267)
05-18 10:19:49.402 E/appium  (28402): 	at io.netty.channel.CombinedChannelDuplexHandler.channelRead(CombinedChannelDuplexHandler.java:250)
05-18 10:19:49.402 E/appium  (28402): 	at io.netty.channel.AbstractChannelHandlerContext.invokeChannelRead(AbstractChannelHandlerContext.java:366)
05-18 10:19:49.402 E/appium  (28402): 	at io.netty.channel.AbstractChannelHandlerContext.invokeChannelRead(AbstractChannelHandlerContext.java:352)
05-18 10:19:49.402 E/appium  (28402): 	at io.netty.channel.AbstractChannelHandlerContext.fireChannelRead(AbstractChannelHandlerContext.java:345)
05-18 10:19:49.402 E/appium  (28402): 	at io.netty.channel.DefaultChannelPipeline$HeadContext.channelRead(DefaultChannelPipeline.java:1294)
05-18 10:19:49.402 E/appium  (28402): 	at io.netty.channel.AbstractChannelHandlerContext.invokeChannelRead(AbstractChannelHandlerContext.java:366)
05-18 10:19:49.402 E/appium  (28402): 	at io.netty.channel.AbstractChannelHandlerContext.invokeChannelRead(AbstractChannelHandlerContext.java:352)
05-18 10:19:49.402 E/appium  (28402): 	at io.netty.channel.DefaultChannelPipeline.fireChannelRead(DefaultChannelPipeline.java:911)
05-18 10:19:49.402 E/appium  (28402): 	at io.netty.channel.nio.AbstractNioByteChannel$NioByteUnsafe.read(AbstractNioByteChannel.java:131)
05-18 10:19:49.402 E/appium  (28402): 	at io.netty.channel.nio.NioEventLoop.processSelectedKey(NioEventLoop.java:611)
05-18 10:19:49.402 E/appium  (28402): 	at io.netty.channel.nio.NioEventLoop.processSelectedKeysPlain(NioEventLoop.java:514)
05-18 10:19:49.402 E/appium  (28402): 	at io.netty.channel.nio.NioEventLoop.processSelectedKeys(NioEventLoop.java:468)
05-18 10:19:49.402 E/appium  (28402): 	at io.netty.channel.nio.NioEventLoop.run(NioEventLoop.java:438)
05-18 10:19:49.402 E/appium  (28402): 	at io.netty.util.concurrent.SingleThreadEventExecutor$2.run(SingleThreadEventExecutor.java:140)
05-18 10:19:49.402 E/appium  (28402): 	at io.netty.util.concurrent.DefaultThreadFactory$DefaultRunnableDecorator.run(DefaultThreadFactory.java:144)
05-18 10:19:49.402 E/appium  (28402): 	at java.lang.Thread.run(Thread.java:818)
05-18 10:19:49.430 E/WifiTrafficPoller(  851): TRAFFIC_STATS_POLL true Token 2644 num clients 16
05-18 10:19:49.430 E/WifiTrafficPoller(  851):  packet count Tx=1829295 Rx=5920881
05-18 10:19:50.412 E/appium  (28402): Element not found: 
05-18 10:19:50.412 E/appium  (28402): io.appium.uiautomator2.common.exceptions.ElementNotFoundException: Could not find an element using supplied strategy. 
05-18 10:19:50.412 E/appium  (28402): 	at io.appium.uiautomator2.handler.FindElement.getXPathUiObject(FindElement.java:80)
05-18 10:19:50.412 E/appium  (28402): 	at io.appium.uiautomator2.handler.FindElement.findElement(FindElement.java:153)
05-18 10:19:50.412 E/appium  (28402): 	at io.appium.uiautomator2.handler.FindElement.safeHandle(FindElement.java:102)
05-18 10:19:50.412 E/appium  (28402): 	at io.appium.uiautomator2.handler.request.SafeRequestHandler.handle(SafeRequestHandler.java:56)
05-18 10:19:50.412 E/appium  (28402): 	at io.appium.uiautomator2.server.AppiumServlet.handleRequest(AppiumServlet.java:202)
05-18 10:19:50.412 E/appium  (28402): 	at io.appium.uiautomator2.server.AppiumServlet.handleHttpRequest(AppiumServlet.java:193)
05-18 10:19:50.412 E/appium  (28402): 	at io.appium.uiautomator2.http.ServerHandler.channelRead(ServerHandler.java:44)
05-18 10:19:50.412 E/appium  (28402): 	at io.netty.channel.AbstractChannelHandlerContext.invokeChannelRead(AbstractChannelHandlerContext.java:366)
05-18 10:19:50.412 E/appium  (28402): 	at io.netty.channel.AbstractChannelHandlerContext.invokeChannelRead(AbstractChannelHandlerContext.java:352)
05-18 10:19:50.412 E/appium  (28402): 	at io.netty.channel.AbstractChannelHandlerContext.fireChannelRead(AbstractChannelHandlerContext.java:345)
05-18 10:19:50.412 E/appium  (28402): 	at io.netty.handler.codec.MessageToMessageDecoder.channelRead(MessageToMessageDecoder.java:102)
05-18 10:19:50.412 E/appium  (28402): 	at io.netty.channel.AbstractChannelHandlerContext.invokeChannelRead(AbstractChannelHandlerContext.java:366)
05-18 10:19:50.412 E/appium  (28402): 	at io.netty.channel.AbstractChannelHandlerContext.invokeChannelRead(AbstractChannelHandlerContext.java:352)
05-18 10:19:50.412 E/appium  (28402): 	at io.netty.channel.AbstractChannelHandlerContext.fireChannelRead(AbstractChannelHandlerContext.java:345)
05-18 10:19:50.412 E/appium  (28402): 	at io.netty.channel.CombinedChannelDuplexHandler$DelegatingChannelHandlerContext.fireChannelRead(CombinedChannelDuplexHandler.java:435)
05-18 10:19:50.412 E/appium  (28402): 	at io.netty.handler.codec.ByteToMessageDecoder.fireChannelRead(ByteToMessageDecoder.java:293)
05-18 10:19:50.412 E/appium  (28402): 	at io.netty.handler.codec.ByteToMessageDecoder.channelRead(ByteToMessageDecoder.java:267)
05-18 10:19:50.412 E/appium  (28402): 	at io.netty.channel.CombinedChannelDuplexHandler.channelRead(CombinedChannelDuplexHandler.java:250)
05-18 10:19:50.412 E/appium  (28402): 	at io.netty.channel.AbstractChannelHandlerContext.invokeChannelRead(AbstractChannelHandlerContext.java:366)
05-18 10:19:50.412 E/appium  (28402): 	at io.netty.channel.AbstractChannelHandlerContext.invokeChannelRead(AbstractChannelHandlerContext.java:352)
05-18 10:19:50.412 E/appium  (28402): 	at io.netty.channel.AbstractChannelHandlerContext.fireChannelRead(AbstractChannelHandlerContext.java:345)
05-18 10:19:50.412 E/appium  (28402): 	at io.netty.channel.DefaultChannelPipeline$HeadContext.channelRead(DefaultChannelPipeline.java:1294)
05-18 10:19:50.412 E/appium  (28402): 	at io.netty.channel.AbstractChannelHandlerContext.invokeChannelRead(AbstractChannelHandlerContext.java:366)
05-18 10:19:50.412 E/appium  (28402): 	at io.netty.channel.AbstractChannelHandlerContext.invokeChannelRead(AbstractChannelHandlerContext.java:352)
05-18 10:19:50.412 E/appium  (28402): 	at io.netty.channel.DefaultChannelPipeline.fireChannelRead(DefaultChannelPipeline.java:911)
05-18 10:19:50.412 E/appium  (28402): 	at io.netty.channel.nio.AbstractNioByteChannel$NioByteUnsafe.read(AbstractNioByteChannel.java:131)
05-18 10:19:50.412 E/appium  (28402): 	at io.netty.channel.nio.NioEventLoop.processSelectedKey(NioEventLoop.java:611)
05-18 10:19:50.412 E/appium  (28402): 	at io.netty.channel.nio.NioEventLoop.processSelectedKeysPlain(NioEventLoop.java:514)
05-18 10:19:50.412 E/appium  (28402): 	at io.netty.channel.nio.NioEventLoop.processSelectedKeys(NioEventLoop.java:468)
05-18 10:19:50.412 E/appium  (28402): 	at io.netty.channel.nio.NioEventLoop.run(NioEventLoop.java:438)
05-18 10:19:50.412 E/appium  (28402): 	at io.netty.util.concurrent.SingleThreadEventExecutor$2.run(SingleThreadEventExecutor.java:140)
05-18 10:19:50.412 E/appium  (28402): 	at io.netty.util.concurrent.DefaultThreadFactory$DefaultRunnableDecorator.run(DefaultThreadFactory.java:144)
05-18 10:19:50.412 E/appium  (28402): 	at java.lang.Thread.run(Thread.java:818)
05-18 10:19:50.431 E/WifiTrafficPoller(  851): TRAFFIC_STATS_POLL true Token 2644 num clients 16
05-18 10:19:50.431 E/WifiTrafficPoller(  851):  packet count Tx=1829532 Rx=5921207
05-18 10:19:51.399 E/appium  (28402): Element not found: 
05-18 10:19:51.399 E/appium  (28402): io.appium.uiautomator2.common.exceptions.ElementNotFoundException: Could not find an element using supplied strategy. 
05-18 10:19:51.399 E/appium  (28402): 	at io.appium.uiautomator2.handler.FindElement.getXPathUiObject(FindElement.java:80)
05-18 10:19:51.399 E/appium  (28402): 	at io.appium.uiautomator2.handler.FindElement.findElement(FindElement.java:153)
05-18 10:19:51.399 E/appium  (28402): 	at io.appium.uiautomator2.handler.FindElement.safeHandle(FindElement.java:102)
05-18 10:19:51.399 E/appium  (28402): 	at io.appium.uiautomator2.handler.request.SafeRequestHandler.handle(SafeRequestHandler.java:56)
05-18 10:19:51.399 E/appium  (28402): 	at io.appium.uiautomator2.server.AppiumServlet.handleRequest(AppiumServlet.java:202)
05-18 10:19:51.399 E/appium  (28402): 	at io.appium.uiautomator2.server.AppiumServlet.handleHttpRequest(AppiumServlet.java:193)
05-18 10:19:51.399 E/appium  (28402): 	at io.appium.uiautomator2.http.ServerHandler.channelRead(ServerHandler.java:44)
05-18 10:19:51.399 E/appium  (28402): 	at io.netty.channel.AbstractChannelHandlerContext.invokeChannelRead(AbstractChannelHandlerContext.java:366)
05-18 10:19:51.399 E/appium  (28402): 	at io.netty.channel.AbstractChannelHandlerContext.invokeChannelRead(AbstractChannelHandlerContext.java:352)
05-18 10:19:51.399 E/appium  (28402): 	at io.netty.channel.AbstractChannelHandlerContext.fireChannelRead(AbstractChannelHandlerContext.java:345)
05-18 10:19:51.399 E/appium  (28402): 	at io.netty.handler.codec.MessageToMessageDecoder.channelRead(MessageToMessageDecoder.java:102)
05-18 10:19:51.399 E/appium  (28402): 	at io.netty.channel.AbstractChannelHandlerContext.invokeChannelRead(AbstractChannelHandlerContext.java:366)
05-18 10:19:51.399 E/appium  (28402): 	at io.netty.channel.AbstractChannelHandlerContext.invokeChannelRead(AbstractChannelHandlerContext.java:352)
05-18 10:19:51.399 E/appium  (28402): 	at io.netty.channel.AbstractChannelHandlerContext.fireChannelRead(AbstractChannelHandlerContext.java:345)
05-18 10:19:51.399 E/appium  (28402): 	at io.netty.channel.CombinedChannelDuplexHandler$DelegatingChannelHandlerContext.fireChannelRead(CombinedChannelDuplexHandler.java:435)
05-18 10:19:51.399 E/appium  (28402): 	at io.netty.handler.codec.ByteToMessageDecoder.fireChannelRead(ByteToMessageDecoder.java:293)
05-18 10:19:51.399 E/appium  (28402): 	at io.netty.handler.codec.ByteToMessageDecoder.channelRead(ByteToMessageDecoder.java:267)
05-18 10:19:51.399 E/appium  (28402): 	at io.netty.channel.CombinedChannelDuplexHandler.channelRead(CombinedChannelDuplexHandler.java:250)
05-18 10:19:51.399 E/appium  (28402): 	at io.netty.channel.AbstractChannelHandlerContext.invokeChannelRead(AbstractChannelHandlerContext.java:366)
05-18 10:19:51.399 E/appium  (28402): 	at io.netty.channel.AbstractChannelHandlerContext.invokeChannelRead(AbstractChannelHandlerContext.java:352)
05-18 10:19:51.399 E/appium  (28402): 	at io.netty.channel.AbstractChannelHandlerContext.fireChannelRead(AbstractChannelHandlerContext.java:345)
05-18 10:19:51.399 E/appium  (28402): 	at io.netty.channel.DefaultChannelPipeline$HeadContext.channelRead(DefaultChannelPipeline.java:1294)
05-18 10:19:51.399 E/appium  (28402): 	at io.netty.channel.AbstractChannelHandlerContext.invokeChannelRead(AbstractChannelHandlerContext.java:366)
05-18 10:19:51.399 E/appium  (28402): 	at io.netty.channel.AbstractChannelHandlerContext.invokeChannelRead(AbstractChannelHandlerContext.java:352)
05-18 10:19:51.399 E/appium  (28402): 	at io.netty.channel.DefaultChannelPipeline.fireChannelRead(DefaultChannelPipeline.java:911)
05-18 10:19:51.399 E/appium  (28402): 	at io.netty.channel.nio.AbstractNioByteChannel$NioByteUnsafe.read(AbstractNioByteChannel.java:131)
05-18 10:19:51.399 E/appium  (28402): 	at io.netty.channel.nio.NioEventLoop.processSelectedKey(NioEventLoop.java:611)
05-18 10:19:51.399 E/appium  (28402): 	at io.netty.channel.nio.NioEventLoop.processSelectedKeysPlain(NioEventLoop.java:514)
05-18 10:19:51.399 E/appium  (28402): 	at io.netty.channel.nio.NioEventLoop.processSelectedKeys(NioEventLoop.java:468)
05-18 10:19:51.399 E/appium  (28402): 	at io.netty.channel.nio.NioEventLoop.run(NioEventLoop.java:438)
05-18 10:19:51.399 E/appium  (28402): 	at io.netty.util.concurrent.SingleThreadEventExecutor$2.run(SingleThreadEventExecutor.java:140)
05-18 10:19:51.399 E/appium  (28402): 	at io.netty.util.concurrent.DefaultThreadFactory$DefaultRunnableDecorator.run(DefaultThreadFactory.java:144)
05-18 10:19:51.399 E/appium  (28402): 	at java.lang.Thread.run(Thread.java:818)
05-18 10:19:51.432 E/WifiTrafficPoller(  851): TRAFFIC_STATS_POLL true Token 2644 num clients 16
05-18 10:19:51.433 E/WifiTrafficPoller(  851):  packet count Tx=1829774 Rx=5921537
05-18 10:19:51.868 E/WifiStateMachine(  851):  ConnectedState (when=-3ms what=131155 arg1=591!CMD_RSSI_POLL 591 0 "BOCO-office" 94:b4:0f:68:a4:b1 rssi=-51 f=5785 sc=80 link=150 tx=706.4, 0.0, 0.0  rx=984.4 bcn=0 [on:0 tx:0 rx:0 period:3000] from screen [on:0 period:612550940] gl rssi=-51 ag=0 hr ticks 314,77,49 ls-=0 [56,56,60,60,65] brc=0 lrc=0
05-18 10:19:51.869 E/WifiStateMachine(  851):  L2ConnectedState (when=-4ms what=131155 arg1=591!CMD_RSSI_POLL 591 0 "BOCO-office" 94:b4:0f:68:a4:b1 rssi=-51 f=5785 sc=80 link=150 tx=706.4, 0.0, 0.0  rx=984.4 bcn=0 [on:0 tx:0 rx:0 period:1] from screen [on:0 period:612550941] gl rssi=-51 ag=0 hr ticks 314,77,49 ls-=0 [56,56,60,60,65] brc=0 lrc=0
05-18 10:19:51.869 E/WifiStateMachine(  851):  get link layer stats 0
05-18 10:19:51.873 E/WifiStateMachine(  851): calculateWifiScore() we set wifi's score to 1000, so will always set wifi as a default network.
05-18 10:19:52.401 E/appium  (28402): Element not found: 
05-18 10:19:52.401 E/appium  (28402): io.appium.uiautomator2.common.exceptions.ElementNotFoundException: Could not find an element using supplied strategy. 
05-18 10:19:52.401 E/appium  (28402): 	at io.appium.uiautomator2.handler.FindElement.getXPathUiObject(FindElement.java:80)
05-18 10:19:52.401 E/appium  (28402): 	at io.appium.uiautomator2.handler.FindElement.findElement(FindElement.java:153)
05-18 10:19:52.401 E/appium  (28402): 	at io.appium.uiautomator2.handler.FindElement.safeHandle(FindElement.java:102)
05-18 10:19:52.401 E/appium  (28402): 	at io.appium.uiautomator2.handler.request.SafeRequestHandler.handle(SafeRequestHandler.java:56)
05-18 10:19:52.401 E/appium  (28402): 	at io.appium.uiautomator2.server.AppiumServlet.handleRequest(AppiumServlet.java:202)
05-18 10:19:52.401 E/appium  (28402): 	at io.appium.uiautomator2.server.AppiumServlet.handleHttpRequest(AppiumServlet.java:193)
05-18 10:19:52.401 E/appium  (28402): 	at io.appium.uiautomator2.http.ServerHandler.channelRead(ServerHandler.java:44)
05-18 10:19:52.401 E/appium  (28402): 	at io.netty.channel.AbstractChannelHandlerContext.invokeChannelRead(AbstractChannelHandlerContext.java:366)
05-18 10:19:52.401 E/appium  (28402): 	at io.netty.channel.AbstractChannelHandlerContext.invokeChannelRead(AbstractChannelHandlerContext.java:352)
05-18 10:19:52.401 E/appium  (28402): 	at io.netty.channel.AbstractChannelHandlerContext.fireChannelRead(AbstractChannelHandlerContext.java:345)
05-18 10:19:52.401 E/appium  (28402): 	at io.netty.handler.codec.MessageToMessageDecoder.channelRead(MessageToMessageDecoder.java:102)
05-18 10:19:52.401 E/appium  (28402): 	at io.netty.channel.AbstractChannelHandlerContext.invokeChannelRead(AbstractChannelHandlerContext.java:366)
05-18 10:19:52.401 E/appium  (28402): 	at io.netty.channel.AbstractChannelHandlerContext.invokeChannelRead(AbstractChannelHandlerContext.java:352)
05-18 10:19:52.401 E/appium  (28402): 	at io.netty.channel.AbstractChannelHandlerContext.fireChannelRead(AbstractChannelHandlerContext.java:345)
05-18 10:19:52.401 E/appium  (28402): 	at io.netty.channel.CombinedChannelDuplexHandler$DelegatingChannelHandlerContext.fireChannelRead(CombinedChannelDuplexHandler.java:435)
05-18 10:19:52.401 E/appium  (28402): 	at io.netty.handler.codec.ByteToMessageDecoder.fireChannelRead(ByteToMessageDecoder.java:293)
05-18 10:19:52.401 E/appium  (28402): 	at io.netty.handler.codec.ByteToMessageDecoder.channelRead(ByteToMessageDecoder.java:267)
05-18 10:19:52.401 E/appium  (28402): 	at io.netty.channel.CombinedChannelDuplexHandler.channelRead(CombinedChannelDuplexHandler.java:250)
05-18 10:19:52.401 E/appium  (28402): 	at io.netty.channel.AbstractChannelHandlerContext.invokeChannelRead(AbstractChannelHandlerContext.java:366)
05-18 10:19:52.401 E/appium  (28402): 	at io.netty.channel.AbstractChannelHandlerContext.invokeChannelRead(AbstractChannelHandlerContext.java:352)
05-18 10:19:52.401 E/appium  (28402): 	at io.netty.channel.AbstractChannelHandlerContext.fireChannelRead(AbstractChannelHandlerContext.java:345)
05-18 10:19:52.401 E/appium  (28402): 	at io.netty.channel.DefaultChannelPipeline$HeadContext.channelRead(DefaultChannelPipeline.java:1294)
05-18 10:19:52.401 E/appium  (28402): 	at io.netty.channel.AbstractChannelHandlerContext.invokeChannelRead(AbstractChannelHandlerContext.java:366)
05-18 10:19:52.401 E/appium  (28402): 	at io.netty.channel.AbstractChannelHandlerContext.invokeChannelRead(AbstractChannelHandlerContext.java:352)
05-18 10:19:52.401 E/appium  (28402): 	at io.netty.channel.DefaultChannelPipeline.fireChannelRead(DefaultChannelPipeline.java:911)
05-18 10:19:52.401 E/appium  (28402): 	at io.netty.channel.nio.AbstractNioByteChannel$NioByteUnsafe.read(AbstractNioByteChannel.java:131)
05-18 10:19:52.401 E/appium  (28402): 	at io.netty.channel.nio.NioEventLoop.processSelectedKey(NioEventLoop.java:611)
05-18 10:19:52.401 E/appium  (28402): 	at io.netty.channel.nio.NioEventLoop.processSelectedKeysPlain(NioEventLoop.java:514)
05-18 10:19:52.401 E/appium  (28402): 	at io.netty.channel.nio.NioEventLoop.processSelectedKeys(NioEventLoop.java:468)
05-18 10:19:52.401 E/appium  (28402): 	at io.netty.channel.nio.NioEventLoop.run(NioEventLoop.java:438)
05-18 10:19:52.401 E/appium  (28402): 	at io.netty.util.concurrent.SingleThreadEventExecutor$2.run(SingleThreadEventExecutor.java:140)
05-18 10:19:52.401 E/appium  (28402): 	at io.netty.util.concurrent.DefaultThreadFactory$DefaultRunnableDecorator.run(DefaultThreadFactory.java:144)
05-18 10:19:52.401 E/appium  (28402): 	at java.lang.Thread.run(Thread.java:818)
05-18 10:19:52.435 E/WifiTrafficPoller(  851): TRAFFIC_STATS_POLL true Token 2644 num clients 16
05-18 10:19:52.435 E/WifiTrafficPoller(  851):  packet count Tx=1829974 Rx=5921866
05-18 10:19:53.427 E/appium  (28402): Element not found: 
05-18 10:19:53.427 E/appium  (28402): io.appium.uiautomator2.common.exceptions.ElementNotFoundException: Could not find an element using supplied strategy. 
05-18 10:19:53.427 E/appium  (28402): 	at io.appium.uiautomator2.handler.FindElement.getXPathUiObject(FindElement.java:80)
05-18 10:19:53.427 E/appium  (28402): 	at io.appium.uiautomator2.handler.FindElement.findElement(FindElement.java:153)
05-18 10:19:53.427 E/appium  (28402): 	at io.appium.uiautomator2.handler.FindElement.safeHandle(FindElement.java:102)
05-18 10:19:53.427 E/appium  (28402): 	at io.appium.uiautomator2.handler.request.SafeRequestHandler.handle(SafeRequestHandler.java:56)
05-18 10:19:53.427 E/appium  (28402): 	at io.appium.uiautomator2.server.AppiumServlet.handleRequest(AppiumServlet.java:202)
05-18 10:19:53.427 E/appium  (28402): 	at io.appium.uiautomator2.server.AppiumServlet.handleHttpRequest(AppiumServlet.java:193)
05-18 10:19:53.427 E/appium  (28402): 	at io.appium.uiautomator2.http.ServerHandler.channelRead(ServerHandler.java:44)
05-18 10:19:53.427 E/appium  (28402): 	at io.netty.channel.AbstractChannelHandlerContext.invokeChannelRead(AbstractChannelHandlerContext.java:366)
05-18 10:19:53.427 E/appium  (28402): 	at io.netty.channel.AbstractChannelHandlerContext.invokeChannelRead(AbstractChannelHandlerContext.java:352)
05-18 10:19:53.427 E/appium  (28402): 	at io.netty.channel.AbstractChannelHandlerContext.fireChannelRead(AbstractChannelHandlerContext.java:345)
05-18 10:19:53.427 E/appium  (28402): 	at io.netty.handler.codec.MessageToMessageDecoder.channelRead(MessageToMessageDecoder.java:102)
05-18 10:19:53.427 E/appium  (28402): 	at io.netty.channel.AbstractChannelHandlerContext.invokeChannelRead(AbstractChannelHandlerContext.java:366)
05-18 10:19:53.427 E/appium  (28402): 	at io.netty.channel.AbstractChannelHandlerContext.invokeChannelRead(AbstractChannelHandlerContext.java:352)
05-18 10:19:53.427 E/appium  (28402): 	at io.netty.channel.AbstractChannelHandlerContext.fireChannelRead(AbstractChannelHandlerContext.java:345)
05-18 10:19:53.427 E/appium  (28402): 	at io.netty.channel.CombinedChannelDuplexHandler$DelegatingChannelHandlerContext.fireChannelRead(CombinedChannelDuplexHandler.java:435)
05-18 10:19:53.427 E/appium  (28402): 	at io.netty.handler.codec.ByteToMessageDecoder.fireChannelRead(ByteToMessageDecoder.java:293)
05-18 10:19:53.427 E/appium  (28402): 	at io.netty.handler.codec.ByteToMessageDecoder.channelRead(ByteToMessageDecoder.java:267)
05-18 10:19:53.427 E/appium  (28402): 	at io.netty.channel.CombinedChannelDuplexHandler.channelRead(CombinedChannelDuplexHandler.java:250)
05-18 10:19:53.427 E/appium  (28402): 	at io.netty.channel.AbstractChannelHandlerContext.invokeChannelRead(AbstractChannelHandlerContext.java:366)
05-18 10:19:53.427 E/appium  (28402): 	at io.netty.channel.AbstractChannelHandlerContext.invokeChannelRead(AbstractChannelHandlerContext.java:352)
05-18 10:19:53.427 E/appium  (28402): 	at io.netty.channel.AbstractChannelHandlerContext.fireChannelRead(AbstractChannelHandlerContext.java:345)
05-18 10:19:53.427 E/appium  (28402): 	at io.netty.channel.DefaultChannelPipeline$HeadContext.channelRead(DefaultChannelPipeline.java:1294)
05-18 10:19:53.427 E/appium  (28402): 	at io.netty.channel.AbstractChannelHandlerContext.invokeChannelRead(AbstractChannelHandlerContext.java:366)
05-18 10:19:53.427 E/appium  (28402): 	at io.netty.channel.AbstractChannelHandlerContext.invokeChannelRead(AbstractChannelHandlerContext.java:352)
05-18 10:19:53.427 E/appium  (28402): 	at io.netty.channel.DefaultChannelPipeline.fireChannelRead(DefaultChannelPipeline.java:911)
05-18 10:19:53.427 E/appium  (28402): 	at io.netty.channel.nio.AbstractNioByteChannel$NioByteUnsafe.read(AbstractNioByteChannel.java:131)
05-18 10:19:53.427 E/appium  (28402): 	at io.netty.channel.nio.NioEventLoop.processSelectedKey(NioEventLoop.java:611)
05-18 10:19:53.427 E/appium  (28402): 	at io.netty.channel.nio.NioEventLoop.processSelectedKeysPlain(NioEventLoop.java:514)
05-18 10:19:53.427 E/appium  (28402): 	at io.netty.channel.nio.NioEventLoop.processSelectedKeys(NioEventLoop.java:468)
05-18 10:19:53.427 E/appium  (28402): 	at io.netty.channel.nio.NioEventLoop.run(NioEventLoop.java:438)
05-18 10:19:53.427 E/appium  (28402): 	at io.netty.util.concurrent.SingleThreadEventExecutor$2.run(SingleThreadEventExecutor.java:140)
05-18 10:19:53.427 E/appium  (28402): 	at io.netty.util.concurrent.DefaultThreadFactory$DefaultRunnableDecorator.run(DefaultThreadFactory.java:144)
05-18 10:19:53.427 E/appium  (28402): 	at java.lang.Thread.run(Thread.java:818)
05-18 10:19:53.436 E/WifiTrafficPoller(  851): TRAFFIC_STATS_POLL true Token 2644 num clients 16
05-18 10:19:53.436 E/WifiTrafficPoller(  851):  packet count Tx=1830263 Rx=5922184
05-18 10:19:54.011 E/appium  (28402): Element not found: 
05-18 10:19:54.011 E/appium  (28402): io.appium.uiautomator2.common.exceptions.ElementNotFoundException: Could not find an element using supplied strategy. 
05-18 10:19:54.011 E/appium  (28402): 	at io.appium.uiautomator2.handler.FindElement.getXPathUiObject(FindElement.java:80)
05-18 10:19:54.011 E/appium  (28402): 	at io.appium.uiautomator2.handler.FindElement.findElement(FindElement.java:153)
05-18 10:19:54.011 E/appium  (28402): 	at io.appium.uiautomator2.handler.FindElement.safeHandle(FindElement.java:102)
05-18 10:19:54.011 E/appium  (28402): 	at io.appium.uiautomator2.handler.request.SafeRequestHandler.handle(SafeRequestHandler.java:56)
05-18 10:19:54.011 E/appium  (28402): 	at io.appium.uiautomator2.server.AppiumServlet.handleRequest(AppiumServlet.java:202)
05-18 10:19:54.011 E/appium  (28402): 	at io.appium.uiautomator2.server.AppiumServlet.handleHttpRequest(AppiumServlet.java:193)
05-18 10:19:54.011 E/appium  (28402): 	at io.appium.uiautomator2.http.ServerHandler.channelRead(ServerHandler.java:44)
05-18 10:19:54.011 E/appium  (28402): 	at io.netty.channel.AbstractChannelHandlerContext.invokeChannelRead(AbstractChannelHandlerContext.java:366)
05-18 10:19:54.011 E/appium  (28402): 	at io.netty.channel.AbstractChannelHandlerContext.invokeChannelRead(AbstractChannelHandlerContext.java:352)
05-18 10:19:54.011 E/appium  (28402): 	at io.netty.channel.AbstractChannelHandlerContext.fireChannelRead(AbstractChannelHandlerContext.java:345)
05-18 10:19:54.011 E/appium  (28402): 	at io.netty.handler.codec.MessageToMessageDecoder.channelRead(MessageToMessageDecoder.java:102)
05-18 10:19:54.011 E/appium  (28402): 	at io.netty.channel.AbstractChannelHandlerContext.invokeChannelRead(AbstractChannelHandlerContext.java:366)
05-18 10:19:54.011 E/appium  (28402): 	at io.netty.channel.AbstractChannelHandlerContext.invokeChannelRead(AbstractChannelHandlerContext.java:352)
05-18 10:19:54.011 E/appium  (28402): 	at io.netty.channel.AbstractChannelHandlerContext.fireChannelRead(AbstractChannelHandlerContext.java:345)
05-18 10:19:54.011 E/appium  (28402): 	at io.netty.channel.CombinedChannelDuplexHandler$DelegatingChannelHandlerContext.fireChannelRead(CombinedChannelDuplexHandler.java:435)
05-18 10:19:54.011 E/appium  (28402): 	at io.netty.handler.codec.ByteToMessageDecoder.fireChannelRead(ByteToMessageDecoder.java:293)
05-18 10:19:54.011 E/appium  (28402): 	at io.netty.handler.codec.ByteToMessageDecoder.channelRead(ByteToMessageDecoder.java:267)
05-18 10:19:54.011 E/appium  (28402): 	at io.netty.channel.CombinedChannelDuplexHandler.channelRead(CombinedChannelDuplexHandler.java:250)
05-18 10:19:54.011 E/appium  (28402): 	at io.netty.channel.AbstractChannelHandlerContext.invokeChannelRead(AbstractChannelHandlerContext.java:366)
05-18 10:19:54.011 E/appium  (28402): 	at io.netty.channel.AbstractChannelHandlerContext.invokeChannelRead(AbstractChannelHandlerContext.java:352)
05-18 10:19:54.011 E/appium  (28402): 	at io.netty.channel.AbstractChannelHandlerContext.fireChannelRead(AbstractChannelHandlerContext.java:345)
05-18 10:19:54.011 E/appium  (28402): 	at io.netty.channel.DefaultChannelPipeline$HeadContext.channelRead(DefaultChannelPipeline.java:1294)
05-18 10:19:54.011 E/appium  (28402): 	at io.netty.channel.AbstractChannelHandlerContext.invokeChannelRead(AbstractChannelHandlerContext.java:366)
05-18 10:19:54.011 E/appium  (28402): 	at io.netty.channel.AbstractChannelHandlerContext.invokeChannelRead(AbstractChannelHandlerContext.java:352)
05-18 10:19:54.011 E/appium  (28402): 	at io.netty.channel.DefaultChannelPipeline.fireChannelRead(DefaultChannelPipeline.java:911)
05-18 10:19:54.011 E/appium  (28402): 	at io.netty.channel.nio.AbstractNioByteChannel$NioByteUnsafe.read(AbstractNioByteChannel.java:131)
05-18 10:19:54.011 E/appium  (28402): 	at io.netty.channel.nio.NioEventLoop.processSelectedKey(NioEventLoop.java:611)
05-18 10:19:54.011 E/appium  (28402): 	at io.netty.channel.nio.NioEventLoop.processSelectedKeysPlain(NioEventLoop.java:514)
05-18 10:19:54.011 E/appium  (28402): 	at io.netty.channel.nio.NioEventLoop.processSelectedKeys(NioEventLoop.java:468)
05-18 10:19:54.011 E/appium  (28402): 	at io.netty.channel.nio.NioEventLoop.run(NioEventLoop.java:438)
05-18 10:19:54.011 E/appium  (28402): 	at io.netty.util.concurrent.SingleThreadEventExecutor$2.run(SingleThreadEventExecutor.java:140)
05-18 10:19:54.011 E/appium  (28402): 	at io.netty.util.concurrent.DefaultThreadFactory$DefaultRunnableDecorator.run(DefaultThreadFactory.java:144)
05-18 10:19:54.011 E/appium  (28402): 	at java.lang.Thread.run(Thread.java:818)
05-18 10:19:54.437 E/WifiTrafficPoller(  851): TRAFFIC_STATS_POLL true Token 2644 num clients 16
05-18 10:19:54.438 E/WifiTrafficPoller(  851):  packet count Tx=1830577 Rx=5922505
05-18 10:19:54.879 E/WifiStateMachine(  851):  ConnectedState (when=-5ms what=131155 arg1=591!CMD_RSSI_POLL 591 0 "BOCO-office" 94:b4:0f:68:a4:b1 rssi=-51 f=5785 sc=80 link=150 tx=715.2, 0.0, 0.0  rx=987.2 bcn=0 [on:0 tx:0 rx:0 period:3004] from screen [on:0 period:612553951] gl rssi=-51 ag=0 hr ticks 314,77,49 ls-=0 [56,56,60,60,65] brc=0 lrc=0
05-18 10:19:54.881 E/WifiStateMachine(  851):  L2ConnectedState (when=-7ms what=131155 arg1=591!CMD_RSSI_POLL 591 0 "BOCO-office" 94:b4:0f:68:a4:b1 rssi=-51 f=5785 sc=80 link=150 tx=715.2, 0.0, 0.0  rx=987.2 bcn=0 [on:0 tx:0 rx:0 period:2] from screen [on:0 period:612553953] gl rssi=-51 ag=0 hr ticks 314,77,49 ls-=0 [56,56,60,60,65] brc=0 lrc=0
05-18 10:19:54.881 E/WifiStateMachine(  851):  get link layer stats 0
05-18 10:19:54.887 E/WifiStateMachine(  851): calculateWifiScore() we set wifi's score to 1000, so will always set wifi as a default network.
05-18 10:19:54.965 E/appium  (28402): Element not found: 
05-18 10:19:54.965 E/appium  (28402): io.appium.uiautomator2.common.exceptions.ElementNotFoundException: Could not find an element using supplied strategy. 
05-18 10:19:54.965 E/appium  (28402): 	at io.appium.uiautomator2.handler.FindElement.getXPathUiObject(FindElement.java:80)
05-18 10:19:54.965 E/appium  (28402): 	at io.appium.uiautomator2.handler.FindElement.findElement(FindElement.java:153)
05-18 10:19:54.965 E/appium  (28402): 	at io.appium.uiautomator2.handler.FindElement.safeHandle(FindElement.java:102)
05-18 10:19:54.965 E/appium  (28402): 	at io.appium.uiautomator2.handler.request.SafeRequestHandler.handle(SafeRequestHandler.java:56)
05-18 10:19:54.965 E/appium  (28402): 	at io.appium.uiautomator2.server.AppiumServlet.handleRequest(AppiumServlet.java:202)
05-18 10:19:54.965 E/appium  (28402): 	at io.appium.uiautomator2.server.AppiumServlet.handleHttpRequest(AppiumServlet.java:193)
05-18 10:19:54.965 E/appium  (28402): 	at io.appium.uiautomator2.http.ServerHandler.channelRead(ServerHandler.java:44)
05-18 10:19:54.965 E/appium  (28402): 	at io.netty.channel.AbstractChannelHandlerContext.invokeChannelRead(AbstractChannelHandlerContext.java:366)
05-18 10:19:54.965 E/appium  (28402): 	at io.netty.channel.AbstractChannelHandlerContext.invokeChannelRead(AbstractChannelHandlerContext.java:352)
05-18 10:19:54.965 E/appium  (28402): 	at io.netty.channel.AbstractChannelHandlerContext.fireChannelRead(AbstractChannelHandlerContext.java:345)
05-18 10:19:54.965 E/appium  (28402): 	at io.netty.handler.codec.MessageToMessageDecoder.channelRead(MessageToMessageDecoder.java:102)
05-18 10:19:54.965 E/appium  (28402): 	at io.netty.channel.AbstractChannelHandlerContext.invokeChannelRead(AbstractChannelHandlerContext.java:366)
05-18 10:19:54.965 E/appium  (28402): 	at io.netty.channel.AbstractChannelHandlerContext.invokeChannelRead(AbstractChannelHandlerContext.java:352)
05-18 10:19:54.965 E/appium  (28402): 	at io.netty.channel.AbstractChannelHandlerContext.fireChannelRead(AbstractChannelHandlerContext.java:345)
05-18 10:19:54.965 E/appium  (28402): 	at io.netty.channel.CombinedChannelDuplexHandler$DelegatingChannelHandlerContext.fireChannelRead(CombinedChannelDuplexHandler.java:435)
05-18 10:19:54.965 E/appium  (28402): 	at io.netty.handler.codec.ByteToMessageDecoder.fireChannelRead(ByteToMessageDecoder.java:293)
05-18 10:19:54.965 E/appium  (28402): 	at io.netty.handler.codec.ByteToMessageDecoder.channelRead(ByteToMessageDecoder.java:267)
05-18 10:19:54.965 E/appium  (28402): 	at io.netty.channel.CombinedChannelDuplexHandler.channelRead(CombinedChannelDuplexHandler.java:250)
05-18 10:19:54.965 E/appium  (28402): 	at io.netty.channel.AbstractChannelHandlerContext.invokeChannelRead(AbstractChannelHandlerContext.java:366)
05-18 10:19:54.965 E/appium  (28402): 	at io.netty.channel.AbstractChannelHandlerContext.invokeChannelRead(AbstractChannelHandlerContext.java:352)
05-18 10:19:54.965 E/appium  (28402): 	at io.netty.channel.AbstractChannelHandlerContext.fireChannelRead(AbstractChannelHandlerContext.java:345)
05-18 10:19:54.965 E/appium  (28402): 	at io.netty.channel.DefaultChannelPipeline$HeadContext.channelRead(DefaultChannelPipeline.java:1294)
05-18 10:19:54.965 E/appium  (28402): 	at io.netty.channel.AbstractChannelHandlerContext.invokeChannelRead(AbstractChannelHandlerContext.java:366)
05-18 10:19:54.965 E/appium  (28402): 	at io.netty.channel.AbstractChannelHandlerContext.invokeChannelRead(AbstractChannelHandlerContext.java:352)
05-18 10:19:54.965 E/appium  (28402): 	at io.netty.channel.DefaultChannelPipeline.fireChannelRead(DefaultChannelPipeline.java:911)
05-18 10:19:54.965 E/appium  (28402): 	at io.netty.channel.nio.AbstractNioByteChannel$NioByteUnsafe.read(AbstractNioByteChannel.java:131)
05-18 10:19:54.965 E/appium  (28402): 	at io.netty.channel.nio.NioEventLoop.processSelectedKey(NioEventLoop.java:611)
05-18 10:19:54.965 E/appium  (28402): 	at io.netty.channel.nio.NioEventLoop.processSelectedKeysPlain(NioEventLoop.java:514)
05-18 10:19:54.965 E/appium  (28402): 	at io.netty.channel.nio.NioEventLoop.processSelectedKeys(NioEventLoop.java:468)
05-18 10:19:54.965 E/appium  (28402): 	at io.netty.channel.nio.NioEventLoop.run(NioEventLoop.java:438)
05-18 10:19:54.965 E/appium  (28402): 	at io.netty.util.concurrent.SingleThreadEventExecutor$2.run(SingleThreadEventExecutor.java:140)
05-18 10:19:54.965 E/appium  (28402): 	at io.netty.util.concurrent.DefaultThreadFactory$DefaultRunnableDecorator.run(DefaultThreadFactory.java:144)
05-18 10:19:54.965 E/appium  (28402): 	at java.lang.Thread.run(Thread.java:818)
05-18 10:19:55.438 E/WifiTrafficPoller(  851): TRAFFIC_STATS_POLL true Token 2644 num clients 16
05-18 10:19:55.438 E/WifiTrafficPoller(  851):  packet count Tx=1830844 Rx=5922829
05-18 10:19:56.439 E/WifiTrafficPoller(  851): TRAFFIC_STATS_POLL true Token 2644 num clients 16
05-18 10:19:56.440 E/WifiTrafficPoller(  851):  packet count Tx=1831122 Rx=5923147
05-18 10:19:56.987 E/appium  (28402): Element not found: 
05-18 10:19:56.987 E/appium  (28402): io.appium.uiautomator2.common.exceptions.ElementNotFoundException: Could not find an element using supplied strategy. 
05-18 10:19:56.987 E/appium  (28402): 	at io.appium.uiautomator2.handler.FindElement.getXPathUiObject(FindElement.java:80)
05-18 10:19:56.987 E/appium  (28402): 	at io.appium.uiautomator2.handler.FindElement.findElement(FindElement.java:153)
05-18 10:19:56.987 E/appium  (28402): 	at io.appium.uiautomator2.handler.FindElement.safeHandle(FindElement.java:102)
05-18 10:19:56.987 E/appium  (28402): 	at io.appium.uiautomator2.handler.request.SafeRequestHandler.handle(SafeRequestHandler.java:56)
05-18 10:19:56.987 E/appium  (28402): 	at io.appium.uiautomator2.server.AppiumServlet.handleRequest(AppiumServlet.java:202)
05-18 10:19:56.987 E/appium  (28402): 	at io.appium.uiautomator2.server.AppiumServlet.handleHttpRequest(AppiumServlet.java:193)
05-18 10:19:56.987 E/appium  (28402): 	at io.appium.uiautomator2.http.ServerHandler.channelRead(ServerHandler.java:44)
05-18 10:19:56.987 E/appium  (28402): 	at io.netty.channel.AbstractChannelHandlerContext.invokeChannelRead(AbstractChannelHandlerContext.java:366)
05-18 10:19:56.987 E/appium  (28402): 	at io.netty.channel.AbstractChannelHandlerContext.invokeChannelRead(AbstractChannelHandlerContext.java:352)
05-18 10:19:56.987 E/appium  (28402): 	at io.netty.channel.AbstractChannelHandlerContext.fireChannelRead(AbstractChannelHandlerContext.java:345)
05-18 10:19:56.987 E/appium  (28402): 	at io.netty.handler.codec.MessageToMessageDecoder.channelRead(MessageToMessageDecoder.java:102)
05-18 10:19:56.987 E/appium  (28402): 	at io.netty.channel.AbstractChannelHandlerContext.invokeChannelRead(AbstractChannelHandlerContext.java:366)
05-18 10:19:56.987 E/appium  (28402): 	at io.netty.channel.AbstractChannelHandlerContext.invokeChannelRead(AbstractChannelHandlerContext.java:352)
05-18 10:19:56.987 E/appium  (28402): 	at io.netty.channel.AbstractChannelHandlerContext.fireChannelRead(AbstractChannelHandlerContext.java:345)
05-18 10:19:56.987 E/appium  (28402): 	at io.netty.channel.CombinedChannelDuplexHandler$DelegatingChannelHandlerContext.fireChannelRead(CombinedChannelDuplexHandler.java:435)
05-18 10:19:56.987 E/appium  (28402): 	at io.netty.handler.codec.ByteToMessageDecoder.fireChannelRead(ByteToMessageDecoder.java:293)
05-18 10:19:56.987 E/appium  (28402): 	at io.netty.handler.codec.ByteToMessageDecoder.channelRead(ByteToMessageDecoder.java:267)
05-18 10:19:56.987 E/appium  (28402): 	at io.netty.channel.CombinedChannelDuplexHandler.channelRead(CombinedChannelDuplexHandler.java:250)
05-18 10:19:56.987 E/appium  (28402): 	at io.netty.channel.AbstractChannelHandlerContext.invokeChannelRead(AbstractChannelHandlerContext.java:366)
05-18 10:19:56.987 E/appium  (28402): 	at io.netty.channel.AbstractChannelHandlerContext.invokeChannelRead(AbstractChannelHandlerContext.java:352)
05-18 10:19:56.987 E/appium  (28402): 	at io.netty.channel.AbstractChannelHandlerContext.fireChannelRead(AbstractChannelHandlerContext.java:345)
05-18 10:19:56.987 E/appium  (28402): 	at io.netty.channel.DefaultChannelPipeline$HeadContext.channelRead(DefaultChannelPipeline.java:1294)
05-18 10:19:56.987 E/appium  (28402): 	at io.netty.channel.AbstractChannelHandlerContext.invokeChannelRead(AbstractChannelHandlerContext.java:366)
05-18 10:19:56.987 E/appium  (28402): 	at io.netty.channel.AbstractChannelHandlerContext.invokeChannelRead(AbstractChannelHandlerContext.java:352)
05-18 10:19:56.987 E/appium  (28402): 	at io.netty.channel.DefaultChannelPipeline.fireChannelRead(DefaultChannelPipeline.java:911)
05-18 10:19:56.987 E/appium  (28402): 	at io.netty.channel.nio.AbstractNioByteChannel$NioByteUnsafe.read(AbstractNioByteChannel.java:131)
05-18 10:19:56.987 E/appium  (28402): 	at io.netty.channel.nio.NioEventLoop.processSelectedKey(NioEventLoop.java:611)
05-18 10:19:56.987 E/appium  (28402): 	at io.netty.channel.nio.NioEventLoop.processSelectedKeysPlain(NioEventLoop.java:514)
05-18 10:19:56.987 E/appium  (28402): 	at io.netty.channel.nio.NioEventLoop.processSelectedKeys(NioEventLoop.java:468)
