05-19 15:16:23.568 E/WifiStateMachine(  851): calculateWifiScore() we set wifi's score to 1000, so will always set wifi as a default network.
05-19 15:16:23.588 E/WifiTrafficPoller(  851): TRAFFIC_STATS_POLL true Token 3077 num clients 18
05-19 15:16:23.588 E/WifiTrafficPoller(  851):  packet count Tx=2029091 Rx=6707637
05-19 15:16:24.589 E/WifiTrafficPoller(  851): TRAFFIC_STATS_POLL true Token 3077 num clients 18
05-19 15:16:24.589 E/WifiTrafficPoller(  851):  packet count Tx=2029091 Rx=6707654
05-19 15:16:25.589 E/WifiTrafficPoller(  851): TRAFFIC_STATS_POLL true Token 3077 num clients 18
05-19 15:16:25.590 E/WifiTrafficPoller(  851):  packet count Tx=2029091 Rx=6707671
05-19 15:16:26.570 E/WifiStateMachine(  851):  ConnectedState (when=-1ms what=131155 arg1=671!CMD_RSSI_POLL 671 0 "BOCO-office" 94:b4:0f:68:a4:b1 rssi=-49 f=5785 sc=80 link=135 tx=3.5, 0.0, 0.0  rx=60.5 bcn=0 [on:0 tx:0 rx:0 period:3000] from screen [on:0 period:716745642] gl rssi=-49 ag=0 hr ticks 28,286,43 ls-=0 [56,56,56,56,61] brc=0 lrc=0
05-19 15:16:26.571 E/WifiStateMachine(  851):  L2ConnectedState (when=-2ms what=131155 arg1=671!CMD_RSSI_POLL 671 0 "BOCO-office" 94:b4:0f:68:a4:b1 rssi=-49 f=5785 sc=80 link=135 tx=3.5, 0.0, 0.0  rx=60.5 bcn=0 [on:0 tx:0 rx:0 period:1] from screen [on:0 period:716745643] gl rssi=-49 ag=0 hr ticks 28,286,43 ls-=0 [56,56,56,56,61] brc=0 lrc=0
05-19 15:16:26.571 E/WifiStateMachine(  851):  get link layer stats 0
05-19 15:16:26.589 E/WifiStateMachine(  851): calculateWifiScore() we set wifi's score to 1000, so will always set wifi as a default network.
05-19 15:16:26.591 E/WifiTrafficPoller(  851): TRAFFIC_STATS_POLL true Token 3077 num clients 18
05-19 15:16:26.591 E/WifiTrafficPoller(  851):  packet count Tx=2029091 Rx=6707698
05-19 15:16:27.591 E/WifiTrafficPoller(  851): TRAFFIC_STATS_POLL true Token 3077 num clients 18
05-19 15:16:27.592 E/WifiTrafficPoller(  851):  packet count Tx=2029091 Rx=6707719
05-19 15:16:28.593 E/WifiTrafficPoller(  851): TRAFFIC_STATS_POLL true Token 3077 num clients 18
05-19 15:16:28.594 E/WifiTrafficPoller(  851):  packet count Tx=2029091 Rx=6707742
05-19 15:16:29.594 E/WifiStateMachine(  851):  ConnectedState (when=-4ms what=131155 arg1=671!CMD_RSSI_POLL 671 0 "BOCO-office" 94:b4:0f:68:a4:b1 rssi=-49 f=5785 sc=80 link=135 tx=1.8, 0.0, 0.0  rx=60.8 bcn=0 [on:0 tx:0 rx:0 period:3003] from screen [on:0 period:716748665] gl rssi=-49 ag=0 hr ticks 28,286,43 ls-=0 [56,56,56,56,61] brc=0 lrc=0
05-19 15:16:29.596 E/WifiTrafficPoller(  851): TRAFFIC_STATS_POLL true Token 3077 num clients 18
05-19 15:16:29.598 E/WifiTrafficPoller(  851):  packet count Tx=2029091 Rx=6707767
05-19 15:16:29.600 E/WifiStateMachine(  851):  L2ConnectedState (when=-9ms what=131155 arg1=671!CMD_RSSI_POLL 671 0 "BOCO-office" 94:b4:0f:68:a4:b1 rssi=-49 f=5785 sc=80 link=135 tx=1.8, 0.0, 0.0  rx=60.8 bcn=0 [on:0 tx:0 rx:0 period:6] from screen [on:0 period:716748671] gl rssi=-49 ag=0 hr ticks 28,286,43 ls-=0 [56,56,56,56,61] brc=0 lrc=0
05-19 15:16:29.600 E/WifiStateMachine(  851):  get link layer stats 0
05-19 15:16:29.620 E/WifiStateMachine(  851): calculateWifiScore() we set wifi's score to 1000, so will always set wifi as a default network.
05-19 15:16:30.305 E/memtrack(16805): Couldn't load memtrack module (No such file or directory)
05-19 15:16:30.305 E/android.os.Debug(16805): failed to load memtrack module: -2
05-19 15:16:30.598 E/WifiTrafficPoller(  851): TRAFFIC_STATS_POLL true Token 3077 num clients 18
05-19 15:16:30.598 E/WifiTrafficPoller(  851):  packet count Tx=2029091 Rx=6707801
05-19 15:16:31.598 E/WifiTrafficPoller(  851): TRAFFIC_STATS_POLL true Token 3077 num clients 18
05-19 15:16:31.599 E/WifiTrafficPoller(  851):  packet count Tx=2029091 Rx=6707829
05-19 15:16:32.599 E/WifiTrafficPoller(  851): TRAFFIC_STATS_POLL true Token 3077 num clients 18
05-19 15:16:32.600 E/WifiTrafficPoller(  851):  packet count Tx=2029091 Rx=6707850
05-19 15:16:32.622 E/WifiStateMachine(  851):  ConnectedState (when=-1ms what=131155 arg1=671!CMD_RSSI_POLL 671 0 "BOCO-office" 94:b4:0f:68:a4:b1 rssi=-49 f=5785 sc=80 link=135 tx=0.9, 0.0, 0.0  rx=64.9 bcn=0 [on:0 tx:0 rx:0 period:2996] from screen [on:0 period:716751694] gl rssi=-49 ag=0 hr ticks 28,286,43 ls-=0 [56,56,56,56,61] brc=0 lrc=0
05-19 15:16:32.622 E/WifiStateMachine(  851):  L2ConnectedState (when=-2ms what=131155 arg1=671!CMD_RSSI_POLL 671 0 "BOCO-office" 94:b4:0f:68:a4:b1 rssi=-49 f=5785 sc=80 link=135 tx=0.9, 0.0, 0.0  rx=64.9 bcn=0 [on:0 tx:0 rx:0 period:0] from screen [on:0 period:716751694] gl rssi=-49 ag=0 hr ticks 28,286,43 ls-=0 [56,56,56,56,61] brc=0 lrc=0
05-19 15:16:32.622 E/WifiStateMachine(  851):  get link layer stats 0
05-19 15:16:32.625 E/WifiStateMachine(  851): calculateWifiScore() we set wifi's score to 1000, so will always set wifi as a default network.
05-19 15:16:33.600 E/WifiTrafficPoller(  851): TRAFFIC_STATS_POLL true Token 3077 num clients 18
05-19 15:16:33.601 E/WifiTrafficPoller(  851):  packet count Tx=2029093 Rx=6707869
05-19 15:16:33.602 E/WifiTrafficPoller(  851): notifying of data activity 3
05-19 15:16:34.604 E/WifiTrafficPoller(  851): TRAFFIC_STATS_POLL true Token 3077 num clients 18
05-19 15:16:34.605 E/WifiTrafficPoller(  851):  packet count Tx=2029093 Rx=6707884
05-19 15:16:34.605 E/WifiTrafficPoller(  851): notifying of data activity 1
05-19 15:16:35.606 E/WifiTrafficPoller(  851): TRAFFIC_STATS_POLL true Token 3077 num clients 18
05-19 15:16:35.607 E/WifiTrafficPoller(  851):  packet count Tx=2029093 Rx=6707912
05-19 15:16:35.629 E/WifiStateMachine(  851):  ConnectedState (when=-3ms what=131155 arg1=671!CMD_RSSI_POLL 671 0 "BOCO-office" 94:b4:0f:68:a4:b1 rssi=-50 f=5785 sc=80 link=135 tx=0.4, 0.0, 0.0  rx=74.4 bcn=0 [on:0 tx:0 rx:0 period:3002] from screen [on:0 period:716754701] gl rssi=-50 ag=0 hr ticks 28,286,43 ls-=0 [56,56,56,56,61] brc=0 lrc=0
05-19 15:16:35.631 E/WifiStateMachine(  851):  L2ConnectedState (when=-5ms what=131155 arg1=671!CMD_RSSI_POLL 671 0 "BOCO-office" 94:b4:0f:68:a4:b1 rssi=-50 f=5785 sc=80 link=135 tx=0.4, 0.0, 0.0  rx=74.4 bcn=0 [on:0 tx:0 rx:0 period:2] from screen [on:0 period:716754703] gl rssi=-50 ag=0 hr ticks 28,286,43 ls-=0 [56,56,56,56,61] brc=0 lrc=0
05-19 15:16:35.631 E/WifiStateMachine(  851):  get link layer stats 0
05-19 15:16:35.651 E/WifiStateMachine(  851): calculateWifiScore() we set wifi's score to 1000, so will always set wifi as a default network.
05-19 15:16:36.608 E/WifiTrafficPoller(  851): TRAFFIC_STATS_POLL true Token 3077 num clients 18
05-19 15:16:36.608 E/WifiTrafficPoller(  851):  packet count Tx=2029093 Rx=6707928
05-19 15:16:37.609 E/WifiTrafficPoller(  851): TRAFFIC_STATS_POLL true Token 3077 num clients 18
05-19 15:16:37.611 E/WifiTrafficPoller(  851):  packet count Tx=2029093 Rx=6707950
05-19 15:16:38.611 E/WifiTrafficPoller(  851): TRAFFIC_STATS_POLL true Token 3077 num clients 18
05-19 15:16:38.612 E/WifiTrafficPoller(  851):  packet count Tx=2029093 Rx=6707977
05-19 15:16:38.655 E/WifiStateMachine(  851):  ConnectedState (when=-4ms what=131155 arg1=671!CMD_RSSI_POLL 671 0 "BOCO-office" 94:b4:0f:68:a4:b1 rssi=-50 f=5785 sc=80 link=135 tx=1.2, 0.0, 0.0  rx=67.7 bcn=0 [on:0 tx:0 rx:0 period:3000] from screen [on:0 period:716757727] gl rssi=-50 ag=0 hr ticks 28,286,43 ls-=0 [56,56,56,56,61] brc=0 lrc=0
05-19 15:16:38.657 E/WifiStateMachine(  851):  L2ConnectedState (when=-5ms what=131155 arg1=671!CMD_RSSI_POLL 671 0 "BOCO-office" 94:b4:0f:68:a4:b1 rssi=-50 f=5785 sc=80 link=135 tx=1.2, 0.0, 0.0  rx=67.7 bcn=0 [on:0 tx:0 rx:0 period:2] from screen [on:0 period:716757729] gl rssi=-50 ag=0 hr ticks 28,286,43 ls-=0 [56,56,56,56,61] brc=0 lrc=0
05-19 15:16:38.657 E/WifiStateMachine(  851):  get link layer stats 0
05-19 15:16:38.678 E/WifiStateMachine(  851): calculateWifiScore() we set wifi's score to 1000, so will always set wifi as a default network.
05-19 15:16:38.988 E/SurfaceFlinger(  285): onDraw: bindTextureImage test
05-19 15:16:39.006 E/SurfaceFlinger(  285): onDraw: bindTextureImage test
05-19 15:16:39.022 E/SurfaceFlinger(  285): onDraw: bindTextureImage test
05-19 15:16:39.038 E/SurfaceFlinger(  285): onDraw: bindTextureImage test
05-19 15:16:39.055 E/SurfaceFlinger(  285): onDraw: bindTextureImage test
05-19 15:16:39.073 E/SurfaceFlinger(  285): onDraw: bindTextureImage test
05-19 15:16:39.089 E/SurfaceFlinger(  285): onDraw: bindTextureImage test
05-19 15:16:39.106 E/SurfaceFlinger(  285): onDraw: bindTextureImage test
05-19 15:16:39.358 E/SurfaceFlinger(  285): onDraw: bindTextureImage test
05-19 15:16:39.375 E/SurfaceFlinger(  285): onDraw: bindTextureImage test
05-19 15:16:39.391 E/SurfaceFlinger(  285): onDraw: bindTextureImage test
05-19 15:16:39.409 E/SurfaceFlinger(  285): onDraw: bindTextureImage test
05-19 15:16:39.425 E/SurfaceFlinger(  285): onDraw: bindTextureImage test
05-19 15:16:39.442 E/SurfaceFlinger(  285): onDraw: bindTextureImage test
05-19 15:16:39.459 E/SurfaceFlinger(  285): onDraw: bindTextureImage test
05-19 15:16:39.612 E/WifiTrafficPoller(  851): TRAFFIC_STATS_POLL true Token 3077 num clients 18
05-19 15:16:39.613 E/WifiTrafficPoller(  851):  packet count Tx=2029100 Rx=6708026
05-19 15:16:39.613 E/WifiTrafficPoller(  851): notifying of data activity 3
05-19 15:16:39.728 E/SurfaceFlinger(  285): onDraw: bindTextureImage test
05-19 15:16:39.744 E/SurfaceFlinger(  285): onDraw: bindTextureImage test
05-19 15:16:39.761 E/SurfaceFlinger(  285): onDraw: bindTextureImage test
05-19 15:16:39.778 E/SurfaceFlinger(  285): onDraw: bindTextureImage test
05-19 15:16:39.795 E/SurfaceFlinger(  285): onDraw: bindTextureImage test
05-19 15:16:39.812 E/SurfaceFlinger(  285): onDraw: bindTextureImage test
05-19 15:16:39.828 E/SurfaceFlinger(  285): onDraw: bindTextureImage test
05-19 15:16:39.846 E/SurfaceFlinger(  285): onDraw: bindTextureImage test
05-19 15:16:40.614 E/WifiTrafficPoller(  851): TRAFFIC_STATS_POLL true Token 3077 num clients 18
05-19 15:16:40.616 E/WifiTrafficPoller(  851):  packet count Tx=2029102 Rx=6708066
05-19 15:16:41.528 E/SurfaceFlinger(  285): onDraw: bindTextureImage test
05-19 15:16:41.545 E/SurfaceFlinger(  285): onDraw: bindTextureImage test
05-19 15:16:41.561 E/SurfaceFlinger(  285): onDraw: bindTextureImage test
05-19 15:16:41.578 E/SurfaceFlinger(  285): onDraw: bindTextureImage test
05-19 15:16:41.595 E/SurfaceFlinger(  285): onDraw: bindTextureImage test
05-19 15:16:41.613 E/SurfaceFlinger(  285): onDraw: bindTextureImage test
05-19 15:16:41.617 E/WifiTrafficPoller(  851): TRAFFIC_STATS_POLL true Token 3077 num clients 18
05-19 15:16:41.618 E/WifiTrafficPoller(  851):  packet count Tx=2029103 Rx=6708085
05-19 15:16:41.629 E/SurfaceFlinger(  285): onDraw: bindTextureImage test
05-19 15:16:41.646 E/SurfaceFlinger(  285): onDraw: bindTextureImage test
05-19 15:16:41.682 E/WifiStateMachine(  851):  ConnectedState (when=-4ms what=131155 arg1=671!CMD_RSSI_POLL 671 0 "BOCO-office" 94:b4:0f:68:a4:b1 rssi=-50 f=5785 sc=80 link=135 tx=0.6, 0.0, 0.0  rx=66.4 bcn=0 [on:0 tx:0 rx:0 period:3002] from screen [on:0 period:716760754] gl rssi=-50 ag=0 hr ticks 28,286,43 ls-=0 [56,56,56,56,61] brc=0 lrc=0
05-19 15:16:41.684 E/WifiStateMachine(  851):  L2ConnectedState (when=-5ms what=131155 arg1=671!CMD_RSSI_POLL 671 0 "BOCO-office" 94:b4:0f:68:a4:b1 rssi=-50 f=5785 sc=80 link=135 tx=0.6, 0.0, 0.0  rx=66.4 bcn=0 [on:0 tx:0 rx:0 period:2] from screen [on:0 period:716760756] gl rssi=-50 ag=0 hr ticks 28,286,43 ls-=0 [56,56,56,56,61] brc=0 lrc=0
05-19 15:16:41.684 E/WifiStateMachine(  851):  get link layer stats 0
05-19 15:16:41.688 E/WifiStateMachine(  851): calculateWifiScore() we set wifi's score to 1000, so will always set wifi as a default network.
05-19 15:16:41.797 E/SurfaceFlinger(  285): onDraw: bindTextureImage test
05-19 15:16:41.815 E/SurfaceFlinger(  285): onDraw: bindTextureImage test
05-19 15:16:41.831 E/SurfaceFlinger(  285): onDraw: bindTextureImage test
05-19 15:16:41.847 E/SurfaceFlinger(  285): onDraw: bindTextureImage test
05-19 15:16:41.864 E/SurfaceFlinger(  285): onDraw: bindTextureImage test
05-19 15:16:41.881 E/SurfaceFlinger(  285): onDraw: bindTextureImage test
05-19 15:16:41.897 E/SurfaceFlinger(  285): onDraw: bindTextureImage test
05-19 15:16:41.914 E/SurfaceFlinger(  285): onDraw: bindTextureImage test
05-19 15:16:42.618 E/WifiTrafficPoller(  851): TRAFFIC_STATS_POLL true Token 3077 num clients 18
05-19 15:16:42.618 E/WifiTrafficPoller(  851):  packet count Tx=2029107 Rx=6708102
05-19 15:16:43.619 E/WifiTrafficPoller(  851): TRAFFIC_STATS_POLL true Token 3077 num clients 18
05-19 15:16:43.620 E/WifiTrafficPoller(  851):  packet count Tx=2029108 Rx=6708121
05-19 15:16:44.620 E/WifiTrafficPoller(  851): TRAFFIC_STATS_POLL true Token 3077 num clients 18
05-19 15:16:44.621 E/WifiTrafficPoller(  851):  packet count Tx=2029116 Rx=6708167
05-19 15:16:44.693 E/WifiStateMachine(  851):  ConnectedState (when=-4ms what=131155 arg1=671!CMD_RSSI_POLL 671 0 "BOCO-office" 94:b4:0f:68:a4:b1 rssi=-51 f=5785 sc=80 link=135 tx=5.3, 0.0, 0.0  rx=87.2 bcn=0 [on:0 tx:0 rx:0 period:3003] from screen [on:0 period:716763765] gl rssi=-51 ag=0 hr ticks 28,286,43 ls-=0 [56,56,60,60,65] brc=0 lrc=0
05-19 15:16:44.696 E/WifiStateMachine(  851):  L2ConnectedState (when=-7ms what=131155 arg1=671!CMD_RSSI_POLL 671 0 "BOCO-office" 94:b4:0f:68:a4:b1 rssi=-51 f=5785 sc=80 link=135 tx=5.3, 0.0, 0.0  rx=87.2 bcn=0 [on:0 tx:0 rx:0 period:3] from screen [on:0 period:716763768] gl rssi=-51 ag=0 hr ticks 28,286,43 ls-=0 [56,56,60,60,65] brc=0 lrc=0
05-19 15:16:44.696 E/WifiStateMachine(  851):  get link layer stats 0
05-19 15:16:44.705 E/WifiStateMachine(  851): calculateWifiScore() we set wifi's score to 1000, so will always set wifi as a default network.
05-19 15:16:45.621 E/WifiTrafficPoller(  851): TRAFFIC_STATS_POLL true Token 3077 num clients 18
05-19 15:16:45.622 E/WifiTrafficPoller(  851):  packet count Tx=2029116 Rx=6708193
05-19 15:16:45.622 E/WifiTrafficPoller(  851): notifying of data activity 1
05-19 15:16:46.390 E/memtrack(16832): Couldn't load memtrack module (No such file or directory)
05-19 15:16:46.390 E/android.os.Debug(16832): failed to load memtrack module: -2
05-19 15:16:46.622 E/WifiTrafficPoller(  851): TRAFFIC_STATS_POLL true Token 3077 num clients 18
05-19 15:16:46.622 E/WifiTrafficPoller(  851):  packet count Tx=2029117 Rx=6708220
05-19 15:16:46.622 E/WifiTrafficPoller(  851): notifying of data activity 3
05-19 15:16:47.563 E/memtrack(16849): Couldn't load memtrack module (No such file or directory)
05-19 15:16:47.563 E/android.os.Debug(16849): failed to load memtrack module: -2
05-19 15:16:47.623 E/WifiTrafficPoller(  851): TRAFFIC_STATS_POLL true Token 3077 num clients 18
05-19 15:16:47.623 E/WifiTrafficPoller(  851):  packet count Tx=2029125 Rx=6708249
05-19 15:16:47.706 E/WifiStateMachine(  851):  ConnectedState (when=-1ms what=131155 arg1=671!CMD_RSSI_POLL 671 0 "BOCO-office" 94:b4:0f:68:a4:b1 rssi=-50 f=5785 sc=80 link=135 tx=9.2, 0.0, 0.0  rx=86.1 bcn=0 [on:0 tx:0 rx:0 period:2991] from screen [on:0 period:716766778] gl rssi=-50 ag=0 hr ticks 28,286,43 ls-=0 [56,56,60,60,65] brc=0 lrc=0
05-19 15:16:47.707 E/WifiStateMachine(  851):  L2ConnectedState (when=-2ms what=131155 arg1=671!CMD_RSSI_POLL 671 0 "BOCO-office" 94:b4:0f:68:a4:b1 rssi=-50 f=5785 sc=80 link=135 tx=9.2, 0.0, 0.0  rx=86.1 bcn=0 [on:0 tx:0 rx:0 period:1] from screen [on:0 period:716766779] gl rssi=-50 ag=0 hr ticks 28,286,43 ls-=0 [56,56,60,60,65] brc=0 lrc=0
05-19 15:16:47.707 E/WifiStateMachine(  851):  get link layer stats 0
05-19 15:16:47.710 E/WifiStateMachine(  851): calculateWifiScore() we set wifi's score to 1000, so will always set wifi as a default network.
05-19 15:16:47.869 E/SurfaceFlinger(  285): onDraw: bindTextureImage test
05-19 15:16:47.886 E/SurfaceFlinger(  285): onDraw: bindTextureImage test
05-19 15:16:47.905 E/SurfaceFlinger(  285): onDraw: bindTextureImage test
05-19 15:16:47.921 E/SurfaceFlinger(  285): onDraw: bindTextureImage test
05-19 15:16:47.936 E/SurfaceFlinger(  285): onDraw: bindTextureImage test
05-19 15:16:47.948 E/QueryController(16691): Got null root node from accessibility - Retrying...
05-19 15:16:47.954 E/SurfaceFlinger(  285): onDraw: bindTextureImage test
05-19 15:16:47.971 E/SurfaceFlinger(  285): onDraw: bindTextureImage test
05-19 15:16:47.991 E/SurfaceFlinger(  285): onDraw: bindTextureImage test
05-19 15:16:48.004 E/SurfaceFlinger(  285): onDraw: bindTextureImage test
05-19 15:16:48.020 E/SurfaceFlinger(  285): onDraw: bindTextureImage test
05-19 15:16:48.037 E/SurfaceFlinger(  285): onDraw: bindTextureImage test
05-19 15:16:48.054 E/SurfaceFlinger(  285): onDraw: bindTextureImage test
05-19 15:16:48.071 E/SurfaceFlinger(  285): onDraw: bindTextureImage test
05-19 15:16:48.088 E/SurfaceFlinger(  285): onDraw: bindTextureImage test
05-19 15:16:48.105 E/SurfaceFlinger(  285): onDraw: bindTextureImage test
05-19 15:16:48.121 E/SurfaceFlinger(  285): onDraw: bindTextureImage test
05-19 15:16:48.138 E/SurfaceFlinger(  285): onDraw: bindTextureImage test
05-19 15:16:48.155 E/SurfaceFlinger(  285): onDraw: bindTextureImage test
05-19 15:16:48.174 E/SurfaceFlinger(  285): onDraw: bindTextureImage test
05-19 15:16:48.624 E/WifiTrafficPoller(  851): TRAFFIC_STATS_POLL true Token 3077 num clients 18
05-19 15:16:48.624 E/WifiTrafficPoller(  851):  packet count Tx=2029125 Rx=6708279
05-19 15:16:48.624 E/WifiTrafficPoller(  851): notifying of data activity 1
05-19 15:16:49.625 E/WifiTrafficPoller(  851): TRAFFIC_STATS_POLL true Token 3077 num clients 18
05-19 15:16:49.626 E/WifiTrafficPoller(  851):  packet count Tx=2029125 Rx=6708300
05-19 15:16:50.626 E/WifiTrafficPoller(  851): TRAFFIC_STATS_POLL true Token 3077 num clients 18
05-19 15:16:50.626 E/WifiTrafficPoller(  851):  packet count Tx=2029132 Rx=6708326
05-19 15:16:50.626 E/WifiTrafficPoller(  851): notifying of data activity 3
05-19 15:16:50.712 E/WifiStateMachine(  851):  ConnectedState (when=-2ms what=131155 arg1=671!CMD_RSSI_POLL 671 0 "BOCO-office" 94:b4:0f:68:a4:b1 rssi=-52 f=5785 sc=80 link=135 tx=9.1, 0.0, 0.0  rx=84.0 bcn=0 [on:0 tx:0 rx:0 period:3001] from screen [on:0 period:716769784] gl rssi=-52 ag=0 hr ticks 28,286,43 ls-=0 [56,56,60,60,65] brc=0 lrc=0
05-19 15:16:50.713 E/WifiStateMachine(  851):  L2ConnectedState (when=-3ms what=131155 arg1=671!CMD_RSSI_POLL 671 0 "BOCO-office" 94:b4:0f:68:a4:b1 rssi=-52 f=5785 sc=80 link=135 tx=9.1, 0.0, 0.0  rx=84.0 bcn=0 [on:0 tx:0 rx:0 period:1] from screen [on:0 period:716769785] gl rssi=-52 ag=0 hr ticks 28,286,43 ls-=0 [56,56,60,60,65] brc=0 lrc=0
05-19 15:16:50.713 E/WifiStateMachine(  851):  get link layer stats 0
05-19 15:16:50.716 E/WifiStateMachine(  851): calculateWifiScore() we set wifi's score to 1000, so will always set wifi as a default network.
05-19 15:16:50.743 E/memtrack(16896): Couldn't load memtrack module (No such file or directory)
05-19 15:16:50.743 E/android.os.Debug(16896): failed to load memtrack module: -2
05-19 15:16:51.627 E/WifiTrafficPoller(  851): TRAFFIC_STATS_POLL true Token 3077 num clients 18
05-19 15:16:51.627 E/WifiTrafficPoller(  851):  packet count Tx=2029132 Rx=6708351
05-19 15:16:51.628 E/WifiTrafficPoller(  851): notifying of data activity 1
05-19 15:16:52.628 E/WifiTrafficPoller(  851): TRAFFIC_STATS_POLL true Token 3077 num clients 18
05-19 15:16:52.629 E/WifiTrafficPoller(  851):  packet count Tx=2029132 Rx=6708367
05-19 15:16:53.629 E/WifiTrafficPoller(  851): TRAFFIC_STATS_POLL true Token 3077 num clients 18
05-19 15:16:53.630 E/WifiTrafficPoller(  851):  packet count Tx=2029132 Rx=6708388
05-19 15:16:53.721 E/WifiStateMachine(  851):  ConnectedState (when=-3ms what=131155 arg1=671!CMD_RSSI_POLL 671 0 "BOCO-office" 94:b4:0f:68:a4:b1 rssi=-52 f=5785 sc=80 link=135 tx=8.0, 0.0, 0.0  rx=80.5 bcn=0 [on:0 tx:0 rx:0 period:3002] from screen [on:0 period:716772792] gl rssi=-52 ag=0 hr ticks 28,286,43 ls-=0 [56,56,60,60,65] brc=0 lrc=0
05-19 15:16:53.722 E/WifiStateMachine(  851):  L2ConnectedState (when=-4ms what=131155 arg1=671!CMD_RSSI_POLL 671 0 "BOCO-office" 94:b4:0f:68:a4:b1 rssi=-52 f=5785 sc=80 link=135 tx=8.0, 0.0, 0.0  rx=80.5 bcn=0 [on:0 tx:0 rx:0 period:1] from screen [on:0 period:716772793] gl rssi=-52 ag=0 hr ticks 28,286,43 ls-=0 [56,56,60,60,65] brc=0 lrc=0
05-19 15:16:53.722 E/WifiStateMachine(  851):  get link layer stats 0
05-19 15:16:53.738 E/WifiStateMachine(  851): calculateWifiScore() we set wifi's score to 1000, so will always set wifi as a default network.
05-19 15:16:53.743 E/memtrack(16915): Couldn't load memtrack module (No such file or directory)
05-19 15:16:53.743 E/android.os.Debug(16915): failed to load memtrack module: -2
05-19 15:16:54.630 E/WifiTrafficPoller(  851): TRAFFIC_STATS_POLL true Token 3077 num clients 18
05-19 15:16:54.631 E/WifiTrafficPoller(  851):  packet count Tx=2029132 Rx=6708415
05-19 15:16:55.631 E/WifiTrafficPoller(  851): TRAFFIC_STATS_POLL true Token 3077 num clients 18
05-19 15:16:55.632 E/WifiTrafficPoller(  851):  packet count Tx=2029132 Rx=6708439
05-19 15:16:56.632 E/WifiTrafficPoller(  851): TRAFFIC_STATS_POLL true Token 3077 num clients 18
05-19 15:16:56.632 E/WifiTrafficPoller(  851):  packet count Tx=2029132 Rx=6708449
05-19 15:16:56.663 E/memtrack(16931): Couldn't load memtrack module (No such file or directory)
05-19 15:16:56.663 E/android.os.Debug(16931): failed to load memtrack module: -2
05-19 15:16:56.742 E/WifiStateMachine(  851):  ConnectedState (when=-3ms what=131155 arg1=671!CMD_RSSI_POLL 671 0 "BOCO-office" 94:b4:0f:68:a4:b1 rssi=-50 f=5785 sc=80 link=135 tx=4.0, 0.0, 0.0  rx=69.8 bcn=0 [on:0 tx:0 rx:0 period:3001] from screen [on:0 period:716775813] gl rssi=-50 ag=0 hr ticks 28,286,43 ls-=0 [56,56,56,56,61] brc=0 lrc=0
05-19 15:16:56.742 E/WifiStateMachine(  851):  L2ConnectedState (when=-4ms what=131155 arg1=671!CMD_RSSI_POLL 671 0 "BOCO-office" 94:b4:0f:68:a4:b1 rssi=-50 f=5785 sc=80 link=135 tx=4.0, 0.0, 0.0  rx=69.8 bcn=0 [on:0 tx:0 rx:0 period:1] from screen [on:0 period:716775814] gl rssi=-50 ag=0 hr ticks 28,286,43 ls-=0 [56,56,56,56,61] brc=0 lrc=0
05-19 15:16:56.742 E/WifiStateMachine(  851):  get link layer stats 0
05-19 15:16:56.758 E/WifiStateMachine(  851): calculateWifiScore() we set wifi's score to 1000, so will always set wifi as a default network.
05-19 15:16:57.633 E/WifiTrafficPoller(  851): TRAFFIC_STATS_POLL true Token 3077 num clients 18
05-19 15:16:57.634 E/WifiTrafficPoller(  851):  packet count Tx=2029132 Rx=6708461
05-19 15:16:58.634 E/WifiTrafficPoller(  851): TRAFFIC_STATS_POLL true Token 3077 num clients 18
05-19 15:16:58.635 E/WifiTrafficPoller(  851):  packet count Tx=2029132 Rx=6708472
05-19 15:16:59.635 E/WifiTrafficPoller(  851): TRAFFIC_STATS_POLL true Token 3077 num clients 18
05-19 15:16:59.636 E/WifiTrafficPoller(  851):  packet count Tx=2029132 Rx=6708498
05-19 15:16:59.761 E/WifiStateMachine(  851):  ConnectedState (when=-3ms what=131155 arg1=671!CMD_RSSI_POLL 671 0 "BOCO-office" 94:b4:0f:68:a4:b1 rssi=-50 f=5785 sc=80 link=135 tx=2.0, 0.0, 0.0  rx=65.9 bcn=0 [on:0 tx:0 rx:0 period:3002] from screen [on:0 period:716778833] gl rssi=-50 ag=0 hr ticks 28,286,43 ls-=0 [56,56,56,56,61] brc=0 lrc=0
05-19 15:16:59.762 E/WifiStateMachine(  851):  L2ConnectedState (when=-4ms what=131155 arg1=671!CMD_RSSI_POLL 671 0 "BOCO-office" 94:b4:0f:68:a4:b1 rssi=-50 f=5785 sc=80 link=135 tx=2.0, 0.0, 0.0  rx=65.9 bcn=0 [on:0 tx:0 rx:0 period:1] from screen [on:0 period:716778834] gl rssi=-50 ag=0 hr ticks 28,286,43 ls-=0 [56,56,56,56,61] brc=0 lrc=0
05-19 15:16:59.762 E/WifiStateMachine(  851):  get link layer stats 0
05-19 15:16:59.765 E/WifiStateMachine(  851): calculateWifiScore() we set wifi's score to 1000, so will always set wifi as a default network.
05-19 15:16:59.855 E/memtrack(16949): Couldn't load memtrack module (No such file or directory)
05-19 15:16:59.855 E/android.os.Debug(16949): failed to load memtrack module: -2
