--------- beginning of system
05-17 14:55:17.445 E/NotificationService(  851): Suppressing notification from package com.qihoo.appstore by user request.
05-17 14:55:17.448 E/NotificationService(  851): Suppressing notification from package com.qihoo.appstore by user request.
05-17 14:55:17.811 E/NotificationService(  851): Suppressing notification from package com.qihoo.appstore by user request.
05-17 14:55:17.812 E/NotificationService(  851): Suppressing notification from package com.qihoo.appstore by user request.
--------- beginning of main
05-17 14:56:23.021 E/WifiTrafficPoller(  851):  packet count Tx=1608890 Rx=5294589
05-17 14:56:23.021 E/WifiTrafficPoller(  851): notifying of data activity 1
05-17 14:56:23.535 E/SurfaceFlinger(  285): onDraw: bindTextureImage test
05-17 14:56:23.552 E/SurfaceFlinger(  285): onDraw: bindTextureImage test
05-17 14:56:23.568 E/SurfaceFlinger(  285): onDraw: bindTextureImage test
05-17 14:56:23.585 E/SurfaceFlinger(  285): onDraw: bindTextureImage test
05-17 14:56:23.602 E/SurfaceFlinger(  285): onDraw: bindTextureImage test
05-17 14:56:23.618 E/SurfaceFlinger(  285): onDraw: bindTextureImage test
05-17 14:56:23.637 E/SurfaceFlinger(  285): onDraw: bindTextureImage test
05-17 14:56:23.653 E/SurfaceFlinger(  285): onDraw: bindTextureImage test
05-17 14:56:23.670 E/SurfaceFlinger(  285): onDraw: bindTextureImage test
05-17 14:56:23.687 E/SurfaceFlinger(  285): onDraw: bindTextureImage test
05-17 14:56:23.704 E/SurfaceFlinger(  285): onDraw: bindTextureImage test
05-17 14:56:23.721 E/SurfaceFlinger(  285): onDraw: bindTextureImage test
05-17 14:56:23.737 E/SurfaceFlinger(  285): onDraw: bindTextureImage test
05-17 14:56:23.754 E/SurfaceFlinger(  285): onDraw: bindTextureImage test
05-17 14:56:23.771 E/SurfaceFlinger(  285): onDraw: bindTextureImage test
05-17 14:56:23.788 E/SurfaceFlinger(  285): onDraw: bindTextureImage test
05-17 14:56:23.805 E/SurfaceFlinger(  285): onDraw: bindTextureImage test
05-17 14:56:24.023 E/WifiTrafficPoller(  851): TRAFFIC_STATS_POLL true Token 2406 num clients 17
05-17 14:56:24.024 E/WifiTrafficPoller(  851):  packet count Tx=1608890 Rx=5294602
05-17 14:56:25.024 E/WifiTrafficPoller(  851): TRAFFIC_STATS_POLL true Token 2406 num clients 17
05-17 14:56:25.025 E/WifiTrafficPoller(  851):  packet count Tx=1608894 Rx=5294616
05-17 14:56:25.025 E/WifiTrafficPoller(  851): notifying of data activity 3
05-17 14:56:25.611 E/WifiStateMachine(  851):  ConnectedState (when=-4ms what=131155 arg1=548!CMD_RSSI_POLL 548 0 "BOCO-office" 94:b4:0f:68:a4:b1 rssi=-44 f=5785 sc=80 link=150 tx=20.8, 0.0, 0.0  rx=54.4 bcn=0 [on:0 tx:0 rx:0 period:3003] from screen [on:0 period:542744683] gl rssi=-44 ag=0 hr ticks 0,0,22 ls-=0 [56,56,60,60,65] brc=0 lrc=0
05-17 14:56:25.614 E/WifiStateMachine(  851):  L2ConnectedState (when=-7ms what=131155 arg1=548!CMD_RSSI_POLL 548 0 "BOCO-office" 94:b4:0f:68:a4:b1 rssi=-44 f=5785 sc=80 link=150 tx=20.8, 0.0, 0.0  rx=54.4 bcn=0 [on:0 tx:0 rx:0 period:2] from screen [on:0 period:542744685] gl rssi=-44 ag=0 hr ticks 0,0,22 ls-=0 [56,56,60,60,65] brc=0 lrc=0
05-17 14:56:25.614 E/WifiStateMachine(  851):  get link layer stats 0
05-17 14:56:25.625 E/WifiStateMachine(  851): calculateWifiScore() we set wifi's score to 1000, so will always set wifi as a default network.
05-17 14:56:26.026 E/WifiTrafficPoller(  851): TRAFFIC_STATS_POLL true Token 2406 num clients 17
05-17 14:56:26.027 E/WifiTrafficPoller(  851):  packet count Tx=1608939 Rx=5294633
05-17 14:56:27.028 E/WifiTrafficPoller(  851): TRAFFIC_STATS_POLL true Token 2406 num clients 17
05-17 14:56:27.029 E/WifiTrafficPoller(  851):  packet count Tx=1608981 Rx=5294654
05-17 14:56:28.030 E/WifiTrafficPoller(  851): TRAFFIC_STATS_POLL true Token 2406 num clients 17
05-17 14:56:28.032 E/WifiTrafficPoller(  851):  packet count Tx=1608985 Rx=5294676
05-17 14:56:28.630 E/WifiStateMachine(  851):  ConnectedState (when=-3ms what=131155 arg1=548!CMD_RSSI_POLL 548 0 "BOCO-office" 94:b4:0f:68:a4:b1 rssi=-49 f=5785 sc=80 link=150 tx=32.9, 0.0, 0.0  rx=50.2 bcn=0 [on:0 tx:0 rx:0 period:2991] from screen [on:0 period:542747702] gl rssi=-49 ag=0 hr ticks 0,0,22 ls-=0 [56,56,60,60,65] brc=0 lrc=0
05-17 14:56:28.632 E/WifiStateMachine(  851):  L2ConnectedState (when=-4ms what=131155 arg1=548!CMD_RSSI_POLL 548 0 "BOCO-office" 94:b4:0f:68:a4:b1 rssi=-49 f=5785 sc=80 link=150 tx=32.9, 0.0, 0.0  rx=50.2 bcn=0 [on:0 tx:0 rx:0 period:1] from screen [on:0 period:542747703] gl rssi=-49 ag=0 hr ticks 0,0,22 ls-=0 [56,56,60,60,65] brc=0 lrc=0
05-17 14:56:28.632 E/WifiStateMachine(  851):  get link layer stats 0
05-17 14:56:28.637 E/WifiStateMachine(  851): calculateWifiScore() we set wifi's score to 1000, so will always set wifi as a default network.
05-17 14:56:29.032 E/WifiTrafficPoller(  851): TRAFFIC_STATS_POLL true Token 2406 num clients 17
05-17 14:56:29.032 E/WifiTrafficPoller(  851):  packet count Tx=1609026 Rx=5294700
05-17 14:56:30.034 E/WifiTrafficPoller(  851): TRAFFIC_STATS_POLL true Token 2406 num clients 17
05-17 14:56:30.035 E/WifiTrafficPoller(  851):  packet count Tx=1609027 Rx=5294717
05-17 14:56:31.035 E/WifiTrafficPoller(  851): TRAFFIC_STATS_POLL true Token 2406 num clients 17
05-17 14:56:31.036 E/WifiTrafficPoller(  851):  packet count Tx=1609027 Rx=5294731
05-17 14:56:31.036 E/WifiTrafficPoller(  851): notifying of data activity 1
05-17 14:56:31.642 E/WifiStateMachine(  851):  ConnectedState (when=-3ms what=131155 arg1=548!CMD_RSSI_POLL 548 0 "BOCO-office" 94:b4:0f:68:a4:b1 rssi=-50 f=5785 sc=80 link=150 tx=61.9, 0.0, 0.0  rx=53.1 bcn=0 [on:0 tx:0 rx:0 period:3002] from screen [on:0 period:542750714] gl rssi=-50 ag=0 hr ticks 0,0,22 ls-=0 [56,56,60,60,65] brc=0 lrc=0
05-17 14:56:31.647 E/WifiStateMachine(  851):  L2ConnectedState (when=-8ms what=131155 arg1=548!CMD_RSSI_POLL 548 0 "BOCO-office" 94:b4:0f:68:a4:b1 rssi=-50 f=5785 sc=80 link=150 tx=61.9, 0.0, 0.0  rx=53.1 bcn=0 [on:0 tx:0 rx:0 period:5] from screen [on:0 period:542750719] gl rssi=-50 ag=0 hr ticks 0,0,22 ls-=0 [56,56,60,60,65] brc=0 lrc=0
05-17 14:56:31.648 E/WifiStateMachine(  851):  get link layer stats 0
05-17 14:56:31.677 E/WifiStateMachine(  851): calculateWifiScore() we set wifi's score to 1000, so will always set wifi as a default network.
05-17 14:56:32.044 E/WifiTrafficPoller(  851): TRAFFIC_STATS_POLL true Token 2406 num clients 17
05-17 14:56:32.045 E/WifiTrafficPoller(  851):  packet count Tx=1609031 Rx=5294752
05-17 14:56:32.045 E/WifiTrafficPoller(  851): notifying of data activity 3
05-17 14:56:33.046 E/WifiTrafficPoller(  851): TRAFFIC_STATS_POLL true Token 2406 num clients 17
05-17 14:56:33.047 E/WifiTrafficPoller(  851):  packet count Tx=1609072 Rx=5294774
05-17 14:56:34.047 E/WifiTrafficPoller(  851): TRAFFIC_STATS_POLL true Token 2406 num clients 17
05-17 14:56:34.048 E/WifiTrafficPoller(  851):  packet count Tx=1609072 Rx=5294792
05-17 14:56:34.048 E/WifiTrafficPoller(  851): notifying of data activity 1
05-17 14:56:34.683 E/WifiStateMachine(  851):  ConnectedState (when=-3ms what=131155 arg1=548!CMD_RSSI_POLL 548 0 "BOCO-office" 94:b4:0f:68:a4:b1 rssi=-53 f=5785 sc=80 link=150 tx=31.5, 0.0, 0.0  rx=55.6 bcn=0 [on:0 tx:0 rx:0 period:2993] from screen [on:0 period:542753755] gl rssi=-53 ag=0 hr ticks 0,0,22 ls-=0 [56,56,60,60,65] brc=0 lrc=0
05-17 14:56:34.688 E/WifiStateMachine(  851):  L2ConnectedState (when=-7ms what=131155 arg1=548!CMD_RSSI_POLL 548 0 "BOCO-office" 94:b4:0f:68:a4:b1 rssi=-53 f=5785 sc=80 link=150 tx=31.5, 0.0, 0.0  rx=55.6 bcn=0 [on:0 tx:0 rx:0 period:4] from screen [on:0 period:542753759] gl rssi=-53 ag=0 hr ticks 0,0,22 ls-=0 [56,56,60,60,65] brc=0 lrc=0
05-17 14:56:34.689 E/WifiStateMachine(  851):  get link layer stats 0
05-17 14:56:34.719 E/WifiStateMachine(  851): calculateWifiScore() we set wifi's score to 1000, so will always set wifi as a default network.
05-17 14:56:35.049 E/WifiTrafficPoller(  851): TRAFFIC_STATS_POLL true Token 2406 num clients 17
05-17 14:56:35.049 E/WifiTrafficPoller(  851):  packet count Tx=1609072 Rx=5294804
05-17 14:56:36.051 E/WifiTrafficPoller(  851): TRAFFIC_STATS_POLL true Token 2406 num clients 17
05-17 14:56:36.052 E/WifiTrafficPoller(  851):  packet count Tx=1609076 Rx=5294818
05-17 14:56:36.052 E/WifiTrafficPoller(  851): notifying of data activity 3
05-17 14:56:37.056 E/WifiTrafficPoller(  851): TRAFFIC_STATS_POLL true Token 2406 num clients 17
05-17 14:56:37.057 E/WifiTrafficPoller(  851):  packet count Tx=1609076 Rx=5294835
05-17 14:56:37.057 E/WifiTrafficPoller(  851): notifying of data activity 1
05-17 14:56:37.723 E/WifiStateMachine(  851):  ConnectedState (when=-1ms what=131155 arg1=548!CMD_RSSI_POLL 548 0 "BOCO-office" 94:b4:0f:68:a4:b1 rssi=-58 f=5785 sc=80 link=150 tx=38.2, 0.0, 0.0  rx=55.8 bcn=0 [on:0 tx:0 rx:0 period:2988] from screen [on:0 period:542756795] gl rssi=-58 ag=0 hr ticks 0,0,22 ls-=0 [56,56,60,60,65] brc=0 lrc=0
05-17 14:56:37.727 E/WifiStateMachine(  851):  L2ConnectedState (when=-5ms what=131155 arg1=548!CMD_RSSI_POLL 548 0 "BOCO-office" 94:b4:0f:68:a4:b1 rssi=-58 f=5785 sc=80 link=150 tx=38.2, 0.0, 0.0  rx=55.8 bcn=0 [on:0 tx:0 rx:0 period:4] from screen [on:0 period:542756799] gl rssi=-58 ag=0 hr ticks 0,0,22 ls-=0 [56,56,60,60,65] brc=0 lrc=0
05-17 14:56:37.729 E/WifiStateMachine(  851):  get link layer stats 0
05-17 14:56:37.756 E/WifiStateMachine(  851): calculateWifiScore() we set wifi's score to 1000, so will always set wifi as a default network.
05-17 14:56:38.059 E/WifiTrafficPoller(  851): TRAFFIC_STATS_POLL true Token 2406 num clients 17
05-17 14:56:38.061 E/WifiTrafficPoller(  851):  packet count Tx=1609076 Rx=5294854
05-17 14:56:39.061 E/WifiTrafficPoller(  851): TRAFFIC_STATS_POLL true Token 2406 num clients 17
05-17 14:56:39.062 E/WifiTrafficPoller(  851):  packet count Tx=1609076 Rx=5294875
05-17 14:56:40.065 E/WifiTrafficPoller(  851): TRAFFIC_STATS_POLL true Token 2406 num clients 17
05-17 14:56:40.066 E/WifiTrafficPoller(  851):  packet count Tx=1609078 Rx=5294890
05-17 14:56:40.066 E/WifiTrafficPoller(  851): notifying of data activity 3
05-17 14:56:40.763 E/WifiStateMachine(  851):  ConnectedState (when=-4ms what=131155 arg1=548!CMD_RSSI_POLL 548 0 "BOCO-office" 94:b4:0f:68:a4:b1 rssi=-59 f=5785 sc=80 link=150 tx=21.1, 0.0, 0.0  rx=52.4 bcn=0 [on:0 tx:0 rx:0 period:2994] from screen [on:0 period:542759835] gl rssi=-59 ag=0 hr ticks 0,0,22 ls-=0 [56,56,60,60,65] brc=0 lrc=0
05-17 14:56:40.765 E/WifiStateMachine(  851):  L2ConnectedState (when=-6ms what=131155 arg1=548!CMD_RSSI_POLL 548 0 "BOCO-office" 94:b4:0f:68:a4:b1 rssi=-59 f=5785 sc=80 link=150 tx=21.1, 0.0, 0.0  rx=52.4 bcn=0 [on:0 tx:0 rx:0 period:2] from screen [on:0 period:542759837] gl rssi=-59 ag=0 hr ticks 0,0,22 ls-=0 [56,56,60,60,65] brc=0 lrc=0
05-17 14:56:40.765 E/WifiStateMachine(  851):  get link layer stats 0
05-17 14:56:40.770 E/WifiStateMachine(  851): calculateWifiScore() we set wifi's score to 1000, so will always set wifi as a default network.
05-17 14:56:41.067 E/WifiTrafficPoller(  851): TRAFFIC_STATS_POLL true Token 2406 num clients 17
05-17 14:56:41.068 E/WifiTrafficPoller(  851):  packet count Tx=1609112 Rx=5294904
05-17 14:56:42.070 E/WifiTrafficPoller(  851): TRAFFIC_STATS_POLL true Token 2406 num clients 17
05-17 14:56:42.071 E/WifiTrafficPoller(  851):  packet count Tx=1609112 Rx=5294936
05-17 14:56:42.071 E/WifiTrafficPoller(  851): notifying of data activity 1
05-17 14:56:43.074 E/WifiTrafficPoller(  851): TRAFFIC_STATS_POLL true Token 2406 num clients 17
05-17 14:56:43.074 E/WifiTrafficPoller(  851):  packet count Tx=1609112 Rx=5294957
05-17 14:56:43.773 E/WifiStateMachine(  851):  ConnectedState (when=-2ms what=131155 arg1=548!CMD_RSSI_POLL 548 0 "BOCO-office" 94:b4:0f:68:a4:b1 rssi=-57 f=5785 sc=80 link=150 tx=28.6, 0.0, 0.0  rx=52.7 bcn=0 [on:0 tx:0 rx:0 period:3000] from screen [on:0 period:542762845] gl rssi=-57 ag=0 hr ticks 0,0,22 ls-=0 [56,56,60,60,65] brc=0 lrc=0
05-17 14:56:43.778 E/WifiStateMachine(  851):  L2ConnectedState (when=-6ms what=131155 arg1=548!CMD_RSSI_POLL 548 0 "BOCO-office" 94:b4:0f:68:a4:b1 rssi=-57 f=5785 sc=80 link=150 tx=28.6, 0.0, 0.0  rx=52.7 bcn=0 [on:0 tx:0 rx:0 period:5] from screen [on:0 period:542762850] gl rssi=-57 ag=0 hr ticks 0,0,22 ls-=0 [56,56,60,60,65] brc=0 lrc=0
05-17 14:56:43.780 E/WifiStateMachine(  851):  get link layer stats 0
05-17 14:56:43.807 E/WifiStateMachine(  851): calculateWifiScore() we set wifi's score to 1000, so will always set wifi as a default network.
05-17 14:56:44.075 E/WifiTrafficPoller(  851): TRAFFIC_STATS_POLL true Token 2406 num clients 17
05-17 14:56:44.076 E/WifiTrafficPoller(  851):  packet count Tx=1609112 Rx=5294983
05-17 14:56:45.077 E/WifiTrafficPoller(  851): TRAFFIC_STATS_POLL true Token 2406 num clients 17
05-17 14:56:45.077 E/WifiTrafficPoller(  851):  packet count Tx=1609112 Rx=5295002
05-17 14:56:45.569 E/memtrack(30965): Couldn't load memtrack module (No such file or directory)
05-17 14:56:45.569 E/android.os.Debug(30965): failed to load memtrack module: -2
05-17 14:56:45.848 E/WindowState(  851): getStack: Window{3b2a6039 u0 Starting com.boco.sc.mobileom} couldn't find taskId=18819 Callers=com.android.server.wm.WindowState.getDisplayContent:855 com.android.server.wm.WindowState.getWindowList:1480 com.android.server.wm.WindowManagerService.removeWindowInnerLocked:3321 com.android.server.wm.WindowManagerService.removeWindowLocked:3187 
05-17 14:56:45.848 E/WindowState(  851): getStack: Window{3b2a6039 u0 Starting com.boco.sc.mobileom} couldn't find taskId=18819 Callers=com.android.server.wm.WindowState.getDisplayContent:855 com.android.server.wm.WindowManagerService.removeWindowInnerLocked:3326 com.android.server.wm.WindowManagerService.removeWindowLocked:3187 com.android.server.wm.WindowManagerService.removeWindow:3109 
05-17 14:56:45.968 E/VMSG    (30981): RegisterNatives OnUserCommand1
05-17 14:56:46.078 E/WifiTrafficPoller(  851): TRAFFIC_STATS_POLL true Token 2406 num clients 17
05-17 14:56:46.078 E/WifiTrafficPoller(  851):  packet count Tx=1609117 Rx=5295016
05-17 14:56:46.078 E/WifiTrafficPoller(  851): notifying of data activity 3
05-17 14:56:46.139 E/NativeCrypto(30981): ssl=0x7fa302f980 cert_verify_callback x509_store_ctx=0x7f9e5f6e88 arg=0x0
05-17 14:56:46.139 E/NativeCrypto(30981): ssl=0x7fa302f980 cert_verify_callback calling verifyCertificateChain authMethod=ECDHE_RSA
05-17 14:56:46.264 E/baidumapsdk(30981): Authentication Error errorcode: 230 uid: -1 appid -1 msg: APP Scode码校验失败
05-17 14:56:46.813 E/WifiStateMachine(  851):  ConnectedState (when=-3ms what=131155 arg1=548!CMD_RSSI_POLL 548 0 "BOCO-office" 94:b4:0f:68:a4:b1 rssi=-51 f=5785 sc=80 link=150 tx=14.3, 0.0, 0.0  rx=62.8 bcn=0 [on:0 tx:0 rx:0 period:2989] from screen [on:0 period:542765885] gl rssi=-51 ag=0 hr ticks 0,0,22 ls-=0 [56,56,60,60,65] brc=0 lrc=0
05-17 14:56:46.815 E/WifiStateMachine(  851):  L2ConnectedState (when=-5ms what=131155 arg1=548!CMD_RSSI_POLL 548 0 "BOCO-office" 94:b4:0f:68:a4:b1 rssi=-51 f=5785 sc=80 link=150 tx=14.3, 0.0, 0.0  rx=62.8 bcn=0 [on:0 tx:0 rx:0 period:2] from screen [on:0 period:542765887] gl rssi=-51 ag=0 hr ticks 0,0,22 ls-=0 [56,56,60,60,65] brc=0 lrc=0
05-17 14:56:46.815 E/WifiStateMachine(  851):  get link layer stats 0
05-17 14:56:46.819 E/WifiStateMachine(  851): calculateWifiScore() we set wifi's score to 1000, so will always set wifi as a default network.
05-17 14:56:47.081 E/WifiTrafficPoller(  851): TRAFFIC_STATS_POLL true Token 2406 num clients 17
05-17 14:56:47.082 E/WifiTrafficPoller(  851):  packet count Tx=1609130 Rx=5295049
05-17 14:56:47.746 E/memtrack(31010): Couldn't load memtrack module (No such file or directory)
05-17 14:56:47.746 E/android.os.Debug(31010): failed to load memtrack module: -2
05-17 14:56:48.083 E/WifiTrafficPoller(  851): TRAFFIC_STATS_POLL true Token 2406 num clients 17
05-17 14:56:48.083 E/WifiTrafficPoller(  851):  packet count Tx=1609130 Rx=5295067
05-17 14:56:48.083 E/WifiTrafficPoller(  851): notifying of data activity 1
05-17 14:56:49.084 E/WifiTrafficPoller(  851): TRAFFIC_STATS_POLL true Token 2406 num clients 17
05-17 14:56:49.084 E/WifiTrafficPoller(  851):  packet count Tx=1609130 Rx=5295083
05-17 14:56:49.162 E/memtrack(31029): Couldn't load memtrack module (No such file or directory)
05-17 14:56:49.162 E/android.os.Debug(31029): failed to load memtrack module: -2
05-17 14:56:49.825 E/WifiStateMachine(  851):  ConnectedState (when=-4ms what=131155 arg1=548!CMD_RSSI_POLL 548 0 "BOCO-office" 94:b4:0f:68:a4:b1 rssi=-53 f=5785 sc=80 link=150 tx=16.1, 0.0, 0.0  rx=67.9 bcn=0 [on:0 tx:0 rx:0 period:3003] from screen [on:0 period:542768897] gl rssi=-53 ag=0 hr ticks 0,0,22 ls-=0 [56,56,60,60,65] brc=0 lrc=0
05-17 14:56:49.827 E/WifiStateMachine(  851):  L2ConnectedState (when=-6ms what=131155 arg1=548!CMD_RSSI_POLL 548 0 "BOCO-office" 94:b4:0f:68:a4:b1 rssi=-53 f=5785 sc=80 link=150 tx=16.1, 0.0, 0.0  rx=67.9 bcn=0 [on:0 tx:0 rx:0 period:2] from screen [on:0 period:542768899] gl rssi=-53 ag=0 hr ticks 0,0,22 ls-=0 [56,56,60,60,65] brc=0 lrc=0
05-17 14:56:49.827 E/WifiStateMachine(  851):  get link layer stats 0
05-17 14:56:49.846 E/WifiStateMachine(  851): calculateWifiScore() we set wifi's score to 1000, so will always set wifi as a default network.
05-17 14:56:50.085 E/WifiTrafficPoller(  851): TRAFFIC_STATS_POLL true Token 2406 num clients 17
05-17 14:56:50.085 E/WifiTrafficPoller(  851):  packet count Tx=1609130 Rx=5295097
05-17 14:56:50.592 E/memtrack(31047): Couldn't load memtrack module (No such file or directory)
05-17 14:56:50.592 E/android.os.Debug(31047): failed to load memtrack module: -2
05-17 14:56:51.087 E/WifiTrafficPoller(  851): TRAFFIC_STATS_POLL true Token 2406 num clients 17
05-17 14:56:51.087 E/WifiTrafficPoller(  851):  packet count Tx=1609130 Rx=5295113
05-17 14:56:51.310 E/memtrack(31064): Couldn't load memtrack module (No such file or directory)
05-17 14:56:51.310 E/android.os.Debug(31064): failed to load memtrack module: -2
05-17 14:56:52.088 E/WifiTrafficPoller(  851): TRAFFIC_STATS_POLL true Token 2406 num clients 17
05-17 14:56:52.088 E/WifiTrafficPoller(  851):  packet count Tx=1609130 Rx=5295130
05-17 14:56:52.376 E/memtrack(31080): Couldn't load memtrack module (No such file or directory)
05-17 14:56:52.376 E/android.os.Debug(31080): failed to load memtrack module: -2
05-17 14:56:52.850 E/WifiStateMachine(  851):  ConnectedState (when=-4ms what=131155 arg1=548!CMD_RSSI_POLL 548 0 "BOCO-office" 94:b4:0f:68:a4:b1 rssi=-52 f=5785 sc=80 link=150 tx=8.1, 0.0, 0.0  rx=57.0 bcn=0 [on:0 tx:0 rx:0 period:2998] from screen [on:0 period:542771922] gl rssi=-52 ag=0 hr ticks 0,0,22 ls-=0 [56,56,60,60,65] brc=0 lrc=0
05-17 14:56:52.853 E/WifiStateMachine(  851):  L2ConnectedState (when=-6ms what=131155 arg1=548!CMD_RSSI_POLL 548 0 "BOCO-office" 94:b4:0f:68:a4:b1 rssi=-52 f=5785 sc=80 link=150 tx=8.1, 0.0, 0.0  rx=57.0 bcn=0 [on:0 tx:0 rx:0 period:3] from screen [on:0 period:542771925] gl rssi=-52 ag=0 hr ticks 0,0,22 ls-=0 [56,56,60,60,65] brc=0 lrc=0
05-17 14:56:52.853 E/WifiStateMachine(  851):  get link layer stats 0
05-17 14:56:52.874 E/WifiStateMachine(  851): calculateWifiScore() we set wifi's score to 1000, so will always set wifi as a default network.
05-17 14:56:53.089 E/WifiTrafficPoller(  851): TRAFFIC_STATS_POLL true Token 2406 num clients 17
05-17 14:56:53.090 E/WifiTrafficPoller(  851):  packet count Tx=1609130 Rx=5295144
05-17 14:56:53.388 E/memtrack(31096): Couldn't load memtrack module (No such file or directory)
05-17 14:56:53.388 E/android.os.Debug(31096): failed to load memtrack module: -2
05-17 14:56:54.091 E/WifiTrafficPoller(  851): TRAFFIC_STATS_POLL true Token 2406 num clients 17
05-17 14:56:54.092 E/WifiTrafficPoller(  851):  packet count Tx=1609130 Rx=5295158
05-17 14:56:54.338 E/memtrack(31112): Couldn't load memtrack module (No such file or directory)
05-17 14:56:54.338 E/android.os.Debug(31112): failed to load memtrack module: -2
05-17 14:56:55.092 E/WifiTrafficPoller(  851): TRAFFIC_STATS_POLL true Token 2406 num clients 17
05-17 14:56:55.094 E/WifiTrafficPoller(  851):  packet count Tx=1609130 Rx=5295175
05-17 14:56:55.641 E/memtrack(31131): Couldn't load memtrack module (No such file or directory)
05-17 14:56:55.641 E/android.os.Debug(31131): failed to load memtrack module: -2
05-17 14:56:55.880 E/WifiStateMachine(  851):  ConnectedState (when=-4ms what=131155 arg1=548!CMD_RSSI_POLL 548 0 "BOCO-office" 94:b4:0f:68:a4:b1 rssi=-53 f=5785 sc=80 link=150 tx=4.0, 0.0, 0.0  rx=53.0 bcn=0 [on:0 tx:0 rx:0 period:3002] from screen [on:0 period:542774952] gl rssi=-53 ag=0 hr ticks 0,0,22 ls-=0 [56,56,56,56,61] brc=0 lrc=0
05-17 14:56:55.882 E/WifiStateMachine(  851):  L2ConnectedState (when=-7ms what=131155 arg1=548!CMD_RSSI_POLL 548 0 "BOCO-office" 94:b4:0f:68:a4:b1 rssi=-53 f=5785 sc=80 link=150 tx=4.0, 0.0, 0.0  rx=53.0 bcn=0 [on:0 tx:0 rx:0 period:2] from screen [on:0 period:542774954] gl rssi=-53 ag=0 hr ticks 0,0,22 ls-=0 [56,56,56,56,61] brc=0 lrc=0
05-17 14:56:55.882 E/WifiStateMachine(  851):  get link layer stats 0
05-17 14:56:55.905 E/WifiStateMachine(  851): calculateWifiScore() we set wifi's score to 1000, so will always set wifi as a default network.
05-17 14:56:56.093 E/WifiTrafficPoller(  851): TRAFFIC_STATS_POLL true Token 2406 num clients 17
05-17 14:56:56.094 E/WifiTrafficPoller(  851):  packet count Tx=1609130 Rx=5295188
05-17 14:56:56.314 E/memtrack(31148): Couldn't load memtrack module (No such file or directory)
05-17 14:56:56.314 E/android.os.Debug(31148): failed to load memtrack module: -2
05-17 14:56:57.095 E/WifiTrafficPoller(  851): TRAFFIC_STATS_POLL true Token 2406 num clients 17
05-17 14:56:57.095 E/WifiTrafficPoller(  851):  packet count Tx=1609131 Rx=5295207
05-17 14:56:57.095 E/WifiTrafficPoller(  851): notifying of data activity 3
05-17 14:56:58.096 E/WifiTrafficPoller(  851): TRAFFIC_STATS_POLL true Token 2406 num clients 17
05-17 14:56:58.097 E/WifiTrafficPoller(  851):  packet count Tx=1609131 Rx=5295219
05-17 14:56:58.097 E/WifiTrafficPoller(  851): notifying of data activity 1
05-17 14:56:58.909 E/WifiStateMachine(  851):  ConnectedState (when=-4ms what=131155 arg1=548!CMD_RSSI_POLL 548 0 "BOCO-office" 94:b4:0f:68:a4:b1 rssi=-53 f=5785 sc=80 link=150 tx=2.0, 0.0, 0.0  rx=49.0 bcn=0 [on:0 tx:0 rx:0 period:3002] from screen [on:0 period:542777981] gl rssi=-53 ag=0 hr ticks 0,0,22 ls-=0 [56,56,56,56,61] brc=0 lrc=0
05-17 14:56:58.912 E/WifiStateMachine(  851):  L2ConnectedState (when=-6ms what=131155 arg1=548!CMD_RSSI_POLL 548 0 "BOCO-office" 94:b4:0f:68:a4:b1 rssi=-53 f=5785 sc=80 link=150 tx=2.0, 0.0, 0.0  rx=49.0 bcn=0 [on:0 tx:0 rx:0 period:3] from screen [on:0 period:542777984] gl rssi=-53 ag=0 hr ticks 0,0,22 ls-=0 [56,56,56,56,61] brc=0 lrc=0
05-17 14:56:58.912 E/WifiStateMachine(  851):  get link layer stats 0
05-17 14:56:58.919 E/WifiStateMachine(  851): calculateWifiScore() we set wifi's score to 1000, so will always set wifi as a default network.
05-17 14:56:59.098 E/WifiTrafficPoller(  851): TRAFFIC_STATS_POLL true Token 2406 num clients 17
05-17 14:56:59.098 E/WifiTrafficPoller(  851):  packet count Tx=1609131 Rx=5295237
05-17 14:56:59.803 E/QHStatAgent(30569): Got exception while trying to submit event data: p=sdk&content=H4sIAAAAAAAAAGVTy27VMBD9lSuvQxg7fmaHyhbEggUSoMpxfHuj3jxIfEMf6gcAfwDsgQV7xONvaFnyC8ykpS1iEWke55zYZ8anLM6xS6x8espS00ZWcumkM8oIaY3J2GE8ZiU72Ww3LGM+BARkbIoHrETC8YAEzMa5CZGdnWX/ijipVCH4X5HQj3H/Crw/JT+m/UXhP10fUtN3yOAORZ9nbBN9HUdqtT2W52buV0/0o+1uWt1H+ozsAgAMgNAZaz39TJZal86VEkoVy0ogbppJM1c5B8wS3lrSNTFsqHFzcWcJ0E9Y9V099k1N7EAgsHDEnVj6JIdiGDYthlZbpyUIq6Qw2mC55VjWdSWjljI4G42RXMqi4lFUaxd5bUESTiDOSB8rAR68rLjyDkAVwegaClGAjqQ3dYtNWzyYIF/TtOQVmbLrDrv+ZYeokG5P0YkCjzog4ueXz+fvfvz68O389UeCEWvvIUZkdaHh4tWbi/dfz19/woCqOMc7HFC/XV+ZjtVqvIm3flkN0tqQBI4AyI1hGUDf5i+aTd/nfhimhLPHziHBJNfeqLUM0TsOToEJPtQ2irXwcR1oNP6AgBjtFgJwpZTTNGo6q8khF5Rt59tZPErLVp6wEmc6DIs3tDZsr++6GNIq9atndznnOS9yLm3ORfH7+1sLK9raetXvEi0xS3Fsm86nuDyLKU7T5TqCFdqKUCnneFWsQ5Si0iIUVV256CtFRowReY+vH4Hl+Amw6pbqZReyZc/nJh3TqR/4prt3nQsOGjf/7A8lcWI+nwMAAA==
05-17 14:56:59.803 E/QHStatAgent(30569): org.apache.http.conn.ConnectTimeoutException: Connect to /111.13.148.123:80 timed out
05-17 14:56:59.803 E/QHStatAgent(30569): 	at org.apache.http.conn.scheme.PlainSocketFactory.connectSocket(PlainSocketFactory.java:126)
05-17 14:56:59.803 E/QHStatAgent(30569): 	at org.apache.http.impl.conn.DefaultClientConnectionOperator.openConnection(DefaultClientConnectionOperator.java:168)
05-17 14:56:59.803 E/QHStatAgent(30569): 	at org.apache.http.impl.conn.AbstractPoolEntry.open(AbstractPoolEntry.java:169)
05-17 14:56:59.803 E/QHStatAgent(30569): 	at org.apache.http.impl.conn.AbstractPooledConnAdapter.open(AbstractPooledConnAdapter.java:124)
05-17 14:56:59.803 E/QHStatAgent(30569): 	at org.apache.http.impl.client.DefaultRequestDirector.execute(DefaultRequestDirector.java:365)
05-17 14:56:59.803 E/QHStatAgent(30569): 	at org.apache.http.impl.client.AbstractHttpClient.execute(AbstractHttpClient.java:608)
05-17 14:56:59.803 E/QHStatAgent(30569): 	at org.apache.http.impl.client.AbstractHttpClient.execute(AbstractHttpClient.java:522)
05-17 14:56:59.803 E/QHStatAgent(30569): 	at org.apache.http.impl.client.AbstractHttpClient.execute(AbstractHttpClient.java:500)
05-17 14:56:59.803 E/QHStatAgent(30569): 	at com.qihoo.sdk.report.network.b.a(AppStore:53)
05-17 14:56:59.803 E/QHStatAgent(30569): 	at com.qihoo.sdk.report.network.c.b(AppStore:263)
05-17 14:56:59.803 E/QHStatAgent(30569): 	at com.qihoo.sdk.report.network.c.b(AppStore:207)
05-17 14:56:59.803 E/QHStatAgent(30569): 	at com.qihoo.sdk.report.network.c.c(AppStore:236)
05-17 14:56:59.803 E/QHStatAgent(30569): 	at com.qihoo.sdk.report.e.a$3.run(AppStore:180)
05-17 14:56:59.803 E/QHStatAgent(30569): 	at java.util.concurrent.Executors$RunnableAdapter.call(Executors.java:422)
05-17 14:56:59.803 E/QHStatAgent(30569): 	at java.util.concurrent.FutureTask.run(FutureTask.java:237)
05-17 14:56:59.803 E/QHStatAgent(30569): 	at java.util.concurrent.ThreadPoolExecutor.runWorker(ThreadPoolExecutor.java:1112)
05-17 14:56:59.803 E/QHStatAgent(30569): 	at java.util.concurrent.ThreadPoolExecutor$Worker.run(ThreadPoolExecutor.java:587)
05-17 14:56:59.803 E/QHStatAgent(30569): 	at java.lang.Thread.run(Thread.java:818)
05-17 14:57:00.098 E/WifiTrafficPoller(  851): TRAFFIC_STATS_POLL true Token 2406 num clients 17
05-17 14:57:00.099 E/WifiTrafficPoller(  851):  packet count Tx=1609132 Rx=5295255
05-17 14:57:00.099 E/WifiTrafficPoller(  851): notifying of data activity 3
05-17 14:57:01.101 E/WifiTrafficPoller(  851): TRAFFIC_STATS_POLL true Token 2406 num clients 17
05-17 14:57:01.102 E/WifiTrafficPoller(  851):  packet count Tx=1609133 Rx=5295273
05-17 14:57:01.895 E/memtrack(31172): Couldn't load memtrack module (No such file or directory)
05-17 14:57:01.895 E/android.os.Debug(31172): failed to load memtrack module: -2
05-17 14:57:01.922 E/WifiStateMachine(  851):  ConnectedState (when=-3ms what=131155 arg1=548!CMD_RSSI_POLL 548 0 "BOCO-office" 94:b4:0f:68:a4:b1 rssi=-53 f=5785 sc=80 link=150 tx=1.5, 0.0, 0.0  rx=49.5 bcn=0 [on:0 tx:0 rx:0 period:3000] from screen [on:0 period:542780994] gl rssi=-53 ag=0 hr ticks 0,0,22 ls-=0 [56,56,56,56,61] brc=0 lrc=0
05-17 14:57:01.923 E/WifiStateMachine(  851):  L2ConnectedState (when=-4ms what=131155 arg1=548!CMD_RSSI_POLL 548 0 "BOCO-office" 94:b4:0f:68:a4:b1 rssi=-53 f=5785 sc=80 link=150 tx=1.5, 0.0, 0.0  rx=49.5 bcn=0 [on:0 tx:0 rx:0 period:1] from screen [on:0 period:542780995] gl rssi=-53 ag=0 hr ticks 0,0,22 ls-=0 [56,56,56,56,61] brc=0 lrc=0
05-17 14:57:01.923 E/WifiStateMachine(  851):  get link layer stats 0
05-17 14:57:01.944 E/WifiStateMachine(  851): calculateWifiScore() we set wifi's score to 1000, so will always set wifi as a default network.
05-17 14:57:02.102 E/WifiTrafficPoller(  851): TRAFFIC_STATS_POLL true Token 2406 num clients 17
05-17 14:57:02.103 E/WifiTrafficPoller(  851):  packet count Tx=1609135 Rx=5295312
05-17 14:57:02.612 E/memtrack(31189): Couldn't load memtrack module (No such file or directory)
05-17 14:57:02.612 E/android.os.Debug(31189): failed to load memtrack module: -2
05-17 14:57:03.103 E/WifiTrafficPoller(  851): TRAFFIC_STATS_POLL true Token 2406 num clients 17
05-17 14:57:03.105 E/WifiTrafficPoller(  851):  packet count Tx=1609137 Rx=5295328
05-17 14:57:03.702 E/memtrack(31205): Couldn't load memtrack module (No such file or directory)
05-17 14:57:03.702 E/android.os.Debug(31205): failed to load memtrack module: -2
05-17 14:57:04.018 E/MNLD    (  339): main: process data error: 2 (No such file or directory)
05-17 14:57:04.022 E/MNLD    (  339): main: process data error: 2 (No such file or directory)
05-17 14:57:04.027 E/CellLocation(  851): create GsmCellLocation
05-17 14:57:04.105 E/WifiTrafficPoller(  851): TRAFFIC_STATS_POLL true Token 2406 num clients 17
05-17 14:57:04.105 E/WifiTrafficPoller(  851):  packet count Tx=1609138 Rx=5295343
05-17 14:57:04.551 E/memtrack(31294): Couldn't load memtrack module (No such file or directory)
05-17 14:57:04.551 E/android.os.Debug(31294): failed to load memtrack module: -2
05-17 14:57:04.947 E/WifiStateMachine(  851):  ConnectedState (when=-3ms what=131155 arg1=548!CMD_RSSI_POLL 548 0 "BOCO-office" 94:b4:0f:68:a4:b1 rssi=-54 f=5785 sc=80 link=150 tx=2.8, 0.0, 0.0  rx=59.7 bcn=0 [on:0 tx:0 rx:0 period:3002] from screen [on:0 period:542784019] gl rssi=-54 ag=0 hr ticks 0,0,22 ls-=0 [56,56,56,56,61] brc=0 lrc=0
05-17 14:57:04.949 E/WifiStateMachine(  851):  L2ConnectedState (when=-4ms what=131155 arg1=548!CMD_RSSI_POLL 548 0 "BOCO-office" 94:b4:0f:68:a4:b1 rssi=-54 f=5785 sc=80 link=150 tx=2.8, 0.0, 0.0  rx=59.7 bcn=0 [on:0 tx:0 rx:0 period:1] from screen [on:0 period:542784020] gl rssi=-54 ag=0 hr ticks 0,0,22 ls-=0 [56,56,56,56,61] brc=0 lrc=0
05-17 14:57:04.949 E/WifiStateMachine(  851):  get link layer stats 0
05-17 14:57:04.967 E/WifiStateMachine(  851): calculateWifiScore() we set wifi's score to 1000, so will always set wifi as a default network.
05-17 14:57:05.105 E/WifiTrafficPoller(  851): TRAFFIC_STATS_POLL true Token 2406 num clients 17
05-17 14:57:05.106 E/WifiTrafficPoller(  851):  packet count Tx=1609139 Rx=5295355
05-17 14:57:05.277 E/memtrack(31311): Couldn't load memtrack module (No such file or directory)
05-17 14:57:05.277 E/android.os.Debug(31311): failed to load memtrack module: -2
05-17 14:57:06.107 E/WifiTrafficPoller(  851): TRAFFIC_STATS_POLL true Token 2406 num clients 17
05-17 14:57:06.108 E/WifiTrafficPoller(  851):  packet count Tx=1609139 Rx=5295371
05-17 14:57:06.108 E/WifiTrafficPoller(  851): notifying of data activity 1
05-17 14:57:06.381 E/memtrack(31329): Couldn't load memtrack module (No such file or directory)
05-17 14:57:06.381 E/android.os.Debug(31329): failed to load memtrack module: -2
05-17 14:57:07.076 E/memtrack(31345): Couldn't load memtrack module (No such file or directory)
05-17 14:57:07.076 E/android.os.Debug(31345): failed to load memtrack module: -2
05-17 14:57:07.109 E/WifiTrafficPoller(  851): TRAFFIC_STATS_POLL true Token 2406 num clients 17
05-17 14:57:07.109 E/WifiTrafficPoller(  851):  packet count Tx=1609141 Rx=5295390
05-17 14:57:07.109 E/WifiTrafficPoller(  851): notifying of data activity 3
05-17 14:57:07.971 E/WifiStateMachine(  851):  ConnectedState (when=-3ms what=131155 arg1=548!CMD_RSSI_POLL 548 0 "BOCO-office" 94:b4:0f:68:a4:b1 rssi=-54 f=5785 sc=80 link=150 tx=2.9, 0.0, 0.0  rx=53.4 bcn=0 [on:0 tx:0 rx:0 period:2998] from screen [on:0 period:542787043] gl rssi=-54 ag=0 hr ticks 0,0,22 ls-=0 [56,56,56,56,61] brc=0 lrc=0
05-17 14:57:07.972 E/WifiStateMachine(  851):  L2ConnectedState (when=-4ms what=131155 arg1=548!CMD_RSSI_POLL 548 0 "BOCO-office" 94:b4:0f:68:a4:b1 rssi=-54 f=5785 sc=80 link=150 tx=2.9, 0.0, 0.0  rx=53.4 bcn=0 [on:0 tx:0 rx:0 period:1] from screen [on:0 period:542787044] gl rssi=-54 ag=0 hr ticks 0,0,22 ls-=0 [56,56,56,56,61] brc=0 lrc=0
05-17 14:57:07.972 E/WifiStateMachine(  851):  get link layer stats 0
05-17 14:57:07.996 E/WifiStateMachine(  851): calculateWifiScore() we set wifi's score to 1000, so will always set wifi as a default network.
05-17 14:57:08.109 E/WifiTrafficPoller(  851): TRAFFIC_STATS_POLL true Token 2406 num clients 17
05-17 14:57:08.110 E/WifiTrafficPoller(  851):  packet count Tx=1609141 Rx=5295405
05-17 14:57:08.110 E/WifiTrafficPoller(  851): notifying of data activity 1
05-17 14:57:09.110 E/WifiTrafficPoller(  851): TRAFFIC_STATS_POLL true Token 2406 num clients 17
05-17 14:57:09.111 E/WifiTrafficPoller(  851):  packet count Tx=1609141 Rx=5295441
05-17 14:57:10.111 E/WifiTrafficPoller(  851): TRAFFIC_STATS_POLL true Token 2406 num clients 17
05-17 14:57:10.112 E/WifiTrafficPoller(  851):  packet count Tx=1609141 Rx=5295464
05-17 14:57:10.464 E/memtrack(31392): Couldn't load memtrack module (No such file or directory)
05-17 14:57:10.464 E/android.os.Debug(31392): failed to load memtrack module: -2
05-17 14:57:10.966 E/SurfaceFlinger(  285): onDraw: bindTextureImage test
05-17 14:57:10.980 E/VMSG    (31408): RegisterNatives OnUserCommand1
05-17 14:57:10.980 E/SurfaceFlinger(  285): onDraw: bindTextureImage test
05-17 14:57:10.997 E/SurfaceFlinger(  285): onDraw: bindTextureImage test
05-17 14:57:11.003 E/WifiStateMachine(  851):  ConnectedState (when=-3ms what=131155 arg1=548!CMD_RSSI_POLL 548 0 "BOCO-office" 94:b4:0f:68:a4:b1 rssi=-54 f=5785 sc=80 link=150 tx=2.9, 0.0, 0.0  rx=51.2 bcn=0 [on:0 tx:0 rx:0 period:3005] from screen [on:0 period:542790074] gl rssi=-54 ag=0 hr ticks 0,0,22 ls-=0 [56,56,56,56,61] brc=0 lrc=0
05-17 14:57:11.005 E/WifiStateMachine(  851):  L2ConnectedState (when=-7ms what=131155 arg1=548!CMD_RSSI_POLL 548 0 "BOCO-office" 94:b4:0f:68:a4:b1 rssi=-54 f=5785 sc=80 link=150 tx=2.9, 0.0, 0.0  rx=51.2 bcn=0 [on:0 tx:0 rx:0 period:3] from screen [on:0 period:542790077] gl rssi=-54 ag=0 hr ticks 0,0,22 ls-=0 [56,56,56,56,61] brc=0 lrc=0
05-17 14:57:11.005 E/WifiStateMachine(  851):  get link layer stats 0
05-17 14:57:11.013 E/SurfaceFlinger(  285): onDraw: bindTextureImage test
05-17 14:57:11.024 E/WifiStateMachine(  851): calculateWifiScore() we set wifi's score to 1000, so will always set wifi as a default network.
05-17 14:57:11.031 E/SurfaceFlinger(  285): onDraw: bindTextureImage test
05-17 14:57:11.047 E/SurfaceFlinger(  285): onDraw: bindTextureImage test
05-17 14:57:11.065 E/SurfaceFlinger(  285): onDraw: bindTextureImage test
05-17 14:57:11.070 E/WifiTrafficPoller(  851): ADD_CLIENT: 18
05-17 14:57:11.080 E/SurfaceFlinger(  285): onDraw: bindTextureImage test
05-17 14:57:11.097 E/SurfaceFlinger(  285): onDraw: bindTextureImage test
05-17 14:57:11.113 E/WifiTrafficPoller(  851): TRAFFIC_STATS_POLL true Token 2406 num clients 18
05-17 14:57:11.114 E/WifiTrafficPoller(  851):  packet count Tx=1609143 Rx=5295479
05-17 14:57:11.114 E/WifiTrafficPoller(  851): notifying of data activity 3
05-17 14:57:11.114 E/SurfaceFlinger(  285): onDraw: bindTextureImage test
05-17 14:57:11.131 E/SurfaceFlinger(  285): onDraw: bindTextureImage test
05-17 14:57:11.149 E/SurfaceFlinger(  285): onDraw: bindTextureImage test
05-17 14:57:11.165 E/SurfaceFlinger(  285): onDraw: bindTextureImage test
05-17 14:57:11.182 E/SurfaceFlinger(  285): onDraw: bindTextureImage test
05-17 14:57:11.187 E/NativeCrypto(31408): ssl=0x7faa202e00 cert_verify_callback x509_store_ctx=0x7f9e5f6e88 arg=0x0
05-17 14:57:11.188 E/NativeCrypto(31408): ssl=0x7faa202e00 cert_verify_callback calling verifyCertificateChain authMethod=ECDHE_RSA
05-17 14:57:11.199 E/SurfaceFlinger(  285): onDraw: bindTextureImage test
05-17 14:57:11.216 E/SurfaceFlinger(  285): onDraw: bindTextureImage test
05-17 14:57:11.233 E/SurfaceFlinger(  285): onDraw: bindTextureImage test
05-17 14:57:11.337 E/[PropSet](31408): connect fail
05-17 14:57:11.337 E/[PropSet](31408): send_prop_msg return err -1
05-17 14:57:11.418 E/baidumapsdk(31408): Authentication Error errorcode: 230 uid: -1 appid -1 msg: APP Scode码校验失败
05-17 14:57:11.469 E/SurfaceFlinger(  285): onDraw: bindTextureImage test
05-17 14:57:11.484 E/SurfaceFlinger(  285): onDraw: bindTextureImage test
05-17 14:57:11.501 E/SurfaceFlinger(  285): onDraw: bindTextureImage test
05-17 14:57:11.517 E/SurfaceFlinger(  285): onDraw: bindTextureImage test
05-17 14:57:11.985 E/SurfaceFlinger(  285): onDraw: bindTextureImage test
05-17 14:57:11.986 E/SurfaceFlinger(  285): onDraw: bindTextureImage test
05-17 14:57:11.986 E/SurfaceFlinger(  285): onDraw: bindTextureImage test
05-17 14:57:12.115 E/WifiTrafficPoller(  851): TRAFFIC_STATS_POLL true Token 2406 num clients 18
05-17 14:57:12.116 E/WifiTrafficPoller(  851):  packet count Tx=1609156 Rx=5295517
05-17 14:57:13.117 E/WifiTrafficPoller(  851): TRAFFIC_STATS_POLL true Token 2406 num clients 18
05-17 14:57:13.117 E/WifiTrafficPoller(  851):  packet count Tx=1609156 Rx=5295539
05-17 14:57:13.117 E/WifiTrafficPoller(  851): notifying of data activity 1
05-17 14:57:14.029 E/WifiStateMachine(  851):  ConnectedState (when=-4ms what=131155 arg1=548!CMD_RSSI_POLL 548 0 "BOCO-office" 94:b4:0f:68:a4:b1 rssi=-53 f=5785 sc=80 link=150 tx=1.5, 0.0, 0.0  rx=64.1 bcn=0 [on:0 tx:0 rx:0 period:3003] from screen [on:0 period:542793101] gl rssi=-53 ag=0 hr ticks 0,0,22 ls-=0 [56,56,56,56,61] brc=0 lrc=0
05-17 14:57:14.030 E/WifiStateMachine(  851):  L2ConnectedState (when=-5ms what=131155 arg1=548!CMD_RSSI_POLL 548 0 "BOCO-office" 94:b4:0f:68:a4:b1 rssi=-53 f=5785 sc=80 link=150 tx=1.5, 0.0, 0.0  rx=64.1 bcn=0 [on:0 tx:0 rx:0 period:1] from screen [on:0 period:542793102] gl rssi=-53 ag=0 hr ticks 0,0,22 ls-=0 [56,56,56,56,61] brc=0 lrc=0
05-17 14:57:14.030 E/WifiStateMachine(  851):  get link layer stats 0
05-17 14:57:14.044 E/WifiStateMachine(  851): calculateWifiScore() we set wifi's score to 1000, so will always set wifi as a default network.
05-17 14:57:14.118 E/WifiTrafficPoller(  851): TRAFFIC_STATS_POLL true Token 2406 num clients 18
05-17 14:57:14.118 E/WifiTrafficPoller(  851):  packet count Tx=1609156 Rx=5295562
05-17 14:57:14.333 E/TouchFilter(  851): setTouchFilter LOG Enable prameter: 1
05-17 14:57:15.119 E/WifiTrafficPoller(  851): TRAFFIC_STATS_POLL true Token 2406 num clients 18
05-17 14:57:15.120 E/WifiTrafficPoller(  851):  packet count Tx=1609157 Rx=5295577
05-17 14:57:15.120 E/WifiTrafficPoller(  851): notifying of data activity 3
05-17 14:57:16.122 E/WifiTrafficPoller(  851): TRAFFIC_STATS_POLL true Token 2406 num clients 18
05-17 14:57:16.123 E/WifiTrafficPoller(  851):  packet count Tx=1609157 Rx=5295591
05-17 14:57:16.123 E/WifiTrafficPoller(  851): notifying of data activity 1
05-17 14:57:17.046 E/WifiStateMachine(  851):  ConnectedState (when=-2ms what=131155 arg1=548!CMD_RSSI_POLL 548 0 "BOCO-office" 94:b4:0f:68:a4:b1 rssi=-53 f=5785 sc=80 link=150 tx=8.2, 0.0, 0.0  rx=72.0 bcn=0 [on:0 tx:0 rx:0 period:3000] from screen [on:0 period:542796118] gl rssi=-53 ag=0 hr ticks 0,0,22 ls-=0 [56,56,60,60,65] brc=0 lrc=0
05-17 14:57:17.046 E/WifiStateMachine(  851):  L2ConnectedState (when=-2ms what=131155 arg1=548!CMD_RSSI_POLL 548 0 "BOCO-office" 94:b4:0f:68:a4:b1 rssi=-53 f=5785 sc=80 link=150 tx=8.2, 0.0, 0.0  rx=72.0 bcn=0 [on:0 tx:0 rx:0 period:0] from screen [on:0 period:542796118] gl rssi=-53 ag=0 hr ticks 0,0,22 ls-=0 [56,56,60,60,65] brc=0 lrc=0
05-17 14:57:17.046 E/WifiStateMachine(  851):  get link layer stats 0
05-17 14:57:17.064 E/WifiStateMachine(  851): calculateWifiScore() we set wifi's score to 1000, so will always set wifi as a default network.
05-17 14:57:17.140 E/WifiTrafficPoller(  851): TRAFFIC_STATS_POLL true Token 2406 num clients 18
05-17 14:57:17.142 E/WifiTrafficPoller(  851):  packet count Tx=1609157 Rx=5295615
05-17 14:57:18.142 E/WifiTrafficPoller(  851): TRAFFIC_STATS_POLL true Token 2406 num clients 18
05-17 14:57:18.142 E/WifiTrafficPoller(  851):  packet count Tx=1609158 Rx=5295633
05-17 14:57:18.143 E/WifiTrafficPoller(  851): notifying of data activity 3
05-17 14:57:19.144 E/WifiTrafficPoller(  851): TRAFFIC_STATS_POLL true Token 2406 num clients 18
05-17 14:57:19.144 E/WifiTrafficPoller(  851):  packet count Tx=1609159 Rx=5295651
05-17 14:57:19.760 E/memtrack(31473): Couldn't load memtrack module (No such file or directory)
05-17 14:57:19.760 E/android.os.Debug(31473): failed to load memtrack module: -2
05-17 14:57:20.067 E/WifiStateMachine(  851):  ConnectedState (when=-3ms what=131155 arg1=548!CMD_RSSI_POLL 548 0 "BOCO-office" 94:b4:0f:68:a4:b1 rssi=-53 f=5785 sc=80 link=150 tx=4.6, 0.0, 0.0  rx=62.0 bcn=0 [on:0 tx:0 rx:0 period:2998] from screen [on:0 period:542799139] gl rssi=-53 ag=0 hr ticks 0,0,22 ls-=0 [56,56,56,56,61] brc=0 lrc=0
05-17 14:57:20.068 E/WifiStateMachine(  851):  L2ConnectedState (when=-3ms what=131155 arg1=548!CMD_RSSI_POLL 548 0 "BOCO-office" 94:b4:0f:68:a4:b1 rssi=-53 f=5785 sc=80 link=150 tx=4.6, 0.0, 0.0  rx=62.0 bcn=0 [on:0 tx:0 rx:0 period:1] from screen [on:0 period:542799140] gl rssi=-53 ag=0 hr ticks 0,0,22 ls-=0 [56,56,56,56,61] brc=0 lrc=0
05-17 14:57:20.068 E/WifiStateMachine(  851):  get link layer stats 0
05-17 14:57:20.084 E/WifiStateMachine(  851): calculateWifiScore() we set wifi's score to 1000, so will always set wifi as a default network.
05-17 14:57:20.145 E/WifiTrafficPoller(  851): TRAFFIC_STATS_POLL true Token 2406 num clients 18
05-17 14:57:20.146 E/WifiTrafficPoller(  851):  packet count Tx=1609159 Rx=5295665
05-17 14:57:20.146 E/WifiTrafficPoller(  851): notifying of data activity 1
05-17 14:57:21.147 E/WifiTrafficPoller(  851): TRAFFIC_STATS_POLL true Token 2406 num clients 18
05-17 14:57:21.148 E/WifiTrafficPoller(  851):  packet count Tx=1609159 Rx=5295679
05-17 14:57:22.149 E/WifiTrafficPoller(  851): TRAFFIC_STATS_POLL true Token 2406 num clients 18
05-17 14:57:22.150 E/WifiTrafficPoller(  851):  packet count Tx=1609159 Rx=5295709
05-17 14:57:23.087 E/WifiStateMachine(  851):  ConnectedState (when=-3ms what=131155 arg1=548!CMD_RSSI_POLL 548 0 "BOCO-office" 94:b4:0f:68:a4:b1 rssi=-53 f=5785 sc=80 link=150 tx=3.3, 0.0, 0.0  rx=58.0 bcn=0 [on:0 tx:0 rx:0 period:3002] from screen [on:0 period:542802159] gl rssi=-53 ag=0 hr ticks 0,0,22 ls-=0 [56,56,56,56,61] brc=0 lrc=0
05-17 14:57:23.087 E/WifiStateMachine(  851):  L2ConnectedState (when=-3ms what=131155 arg1=548!CMD_RSSI_POLL 548 0 "BOCO-office" 94:b4:0f:68:a4:b1 rssi=-53 f=5785 sc=80 link=150 tx=3.3, 0.0, 0.0  rx=58.0 bcn=0 [on:0 tx:0 rx:0 period:0] from screen [on:0 period:542802159] gl rssi=-53 ag=0 hr ticks 0,0,22 ls-=0 [56,56,56,56,61] brc=0 lrc=0
05-17 14:57:23.087 E/WifiStateMachine(  851):  get link layer stats 0
05-17 14:57:23.091 E/WifiStateMachine(  851): calculateWifiScore() we set wifi's score to 1000, so will always set wifi as a default network.
05-17 14:57:23.151 E/WifiTrafficPoller(  851): TRAFFIC_STATS_POLL true Token 2406 num clients 18
05-17 14:57:23.151 E/WifiTrafficPoller(  851):  packet count Tx=1609159 Rx=5295721
05-17 14:57:23.700 E/memtrack(31498): Couldn't load memtrack module (No such file or directory)
05-17 14:57:23.700 E/android.os.Debug(31498): failed to load memtrack module: -2
05-17 14:57:24.152 E/WifiTrafficPoller(  851): TRAFFIC_STATS_POLL true Token 2406 num clients 18
05-17 14:57:24.153 E/WifiTrafficPoller(  851):  packet count Tx=1609159 Rx=5295742
05-17 14:57:25.153 E/WifiTrafficPoller(  851): TRAFFIC_STATS_POLL true Token 2406 num clients 18
05-17 14:57:25.154 E/WifiTrafficPoller(  851):  packet count Tx=1609159 Rx=5295758
05-17 14:57:26.095 E/WifiStateMachine(  851):  ConnectedState (when=-4ms what=131155 arg1=548!CMD_RSSI_POLL 548 0 "BOCO-office" 94:b4:0f:68:a4:b1 rssi=-53 f=5785 sc=80 link=150 tx=1.7, 0.0, 0.0  rx=57.0 bcn=0 [on:0 tx:0 rx:0 period:3003] from screen [on:0 period:542805167] gl rssi=-53 ag=0 hr ticks 0,0,22 ls-=0 [56,56,56,56,61] brc=0 lrc=0
05-17 14:57:26.098 E/WifiStateMachine(  851):  L2ConnectedState (when=-6ms what=131155 arg1=548!CMD_RSSI_POLL 548 0 "BOCO-office" 94:b4:0f:68:a4:b1 rssi=-53 f=5785 sc=80 link=150 tx=1.7, 0.0, 0.0  rx=57.0 bcn=0 [on:0 tx:0 rx:0 period:3] from screen [on:0 period:542805170] gl rssi=-53 ag=0 hr ticks 0,0,22 ls-=0 [56,56,56,56,61] brc=0 lrc=0
05-17 14:57:26.098 E/WifiStateMachine(  851):  get link layer stats 0
05-17 14:57:26.114 E/WifiStateMachine(  851): calculateWifiScore() we set wifi's score to 1000, so will always set wifi as a default network.
05-17 14:57:26.155 E/WifiTrafficPoller(  851): TRAFFIC_STATS_POLL true Token 2406 num clients 18
05-17 14:57:26.155 E/WifiTrafficPoller(  851):  packet count Tx=1609159 Rx=5295769
05-17 14:57:27.061 E/SurfaceFlinger(  285): onDraw: bindTextureImage test
05-17 14:57:27.079 E/SurfaceFlinger(  285): onDraw: bindTextureImage test
05-17 14:57:27.095 E/SurfaceFlinger(  285): onDraw: bindTextureImage test
05-17 14:57:27.112 E/SurfaceFlinger(  285): onDraw: bindTextureImage test
05-17 14:57:27.129 E/SurfaceFlinger(  285): onDraw: bindTextureImage test
05-17 14:57:27.145 E/SurfaceFlinger(  285): onDraw: bindTextureImage test
05-17 14:57:27.156 E/WifiTrafficPoller(  851): TRAFFIC_STATS_POLL true Token 2406 num clients 18
05-17 14:57:27.156 E/WifiTrafficPoller(  851):  packet count Tx=1609162 Rx=5295785
05-17 14:57:27.156 E/WifiTrafficPoller(  851): notifying of data activity 3
05-17 14:57:27.163 E/SurfaceFlinger(  285): onDraw: bindTextureImage test
05-17 14:57:27.180 E/SurfaceFlinger(  285): onDraw: bindTextureImage test
05-17 14:57:27.397 E/SurfaceFlinger(  285): onDraw: bindTextureImage test
05-17 14:57:27.414 E/SurfaceFlinger(  285): onDraw: bindTextureImage test
05-17 14:57:27.431 E/SurfaceFlinger(  285): onDraw: bindTextureImage test
05-17 14:57:27.448 E/SurfaceFlinger(  285): onDraw: bindTextureImage test
05-17 14:57:27.465 E/SurfaceFlinger(  285): onDraw: bindTextureImage test
05-17 14:57:27.482 E/SurfaceFlinger(  285): onDraw: bindTextureImage test
05-17 14:57:27.498 E/SurfaceFlinger(  285): onDraw: bindTextureImage test
05-17 14:57:27.750 E/SurfaceFlinger(  285): onDraw: bindTextureImage test
05-17 14:57:27.767 E/SurfaceFlinger(  285): onDraw: bindTextureImage test
05-17 14:57:27.784 E/SurfaceFlinger(  285): onDraw: bindTextureImage test
05-17 14:57:27.801 E/SurfaceFlinger(  285): onDraw: bindTextureImage test
05-17 14:57:28.157 E/WifiTrafficPoller(  851): TRAFFIC_STATS_POLL true Token 2406 num clients 18
05-17 14:57:28.158 E/WifiTrafficPoller(  851):  packet count Tx=1609169 Rx=5295805
05-17 14:57:28.631 E/memtrack(31522): Couldn't load memtrack module (No such file or directory)
05-17 14:57:28.631 E/android.os.Debug(31522): failed to load memtrack module: -2
05-17 14:57:28.827 E/SurfaceFlinger(  285): onDraw: bindTextureImage test
05-17 14:57:28.844 E/SurfaceFlinger(  285): onDraw: bindTextureImage test
05-17 14:57:28.862 E/SurfaceFlinger(  285): onDraw: bindTextureImage test
05-17 14:57:28.877 E/SurfaceFlinger(  285): onDraw: bindTextureImage test
05-17 14:57:28.894 E/SurfaceFlinger(  285): onDraw: bindTextureImage test
05-17 14:57:28.911 E/SurfaceFlinger(  285): onDraw: bindTextureImage test
05-17 14:57:28.928 E/SurfaceFlinger(  285): onDraw: bindTextureImage test
05-17 14:57:29.119 E/WifiStateMachine(  851):  ConnectedState (when=-4ms what=131155 arg1=548!CMD_RSSI_POLL 548 0 "BOCO-office" 94:b4:0f:68:a4:b1 rssi=-52 f=5785 sc=80 link=150 tx=0.8, 0.0, 0.0  rx=52.0 bcn=0 [on:0 tx:0 rx:0 period:3000] from screen [on:0 period:542808191] gl rssi=-52 ag=0 hr ticks 0,0,22 ls-=0 [56,56,56,56,61] brc=0 lrc=0
05-17 14:57:29.121 E/WifiStateMachine(  851):  L2ConnectedState (when=-5ms what=131155 arg1=548!CMD_RSSI_POLL 548 0 "BOCO-office" 94:b4:0f:68:a4:b1 rssi=-52 f=5785 sc=80 link=150 tx=0.8, 0.0, 0.0  rx=52.0 bcn=0 [on:0 tx:0 rx:0 period:2] from screen [on:0 period:542808193] gl rssi=-52 ag=0 hr ticks 0,0,22 ls-=0 [56,56,56,56,61] brc=0 lrc=0
05-17 14:57:29.121 E/WifiStateMachine(  851):  get link layer stats 0
05-17 14:57:29.124 E/WifiStateMachine(  851): calculateWifiScore() we set wifi's score to 1000, so will always set wifi as a default network.
05-17 14:57:29.158 E/WifiTrafficPoller(  851): TRAFFIC_STATS_POLL true Token 2406 num clients 17
05-17 14:57:29.158 E/WifiTrafficPoller(  851):  packet count Tx=1609171 Rx=5295823
05-17 14:57:30.160 E/WifiTrafficPoller(  851): TRAFFIC_STATS_POLL true Token 2406 num clients 17
05-17 14:57:30.161 E/WifiTrafficPoller(  851):  packet count Tx=1609171 Rx=5295843
05-17 14:57:30.161 E/WifiTrafficPoller(  851): notifying of data activity 1
05-17 14:57:30.867 E/memtrack(31543): Couldn't load memtrack module (No such file or directory)
05-17 14:57:30.867 E/android.os.Debug(31543): failed to load memtrack module: -2
05-17 14:57:30.916 E/art     (31543): Thread attaching while runtime is shutting down: Binder_1
05-17 14:57:31.167 E/WifiTrafficPoller(  851): TRAFFIC_STATS_POLL true Token 2406 num clients 17
05-17 14:57:31.167 E/WifiTrafficPoller(  851):  packet count Tx=1609178 Rx=5295870
05-17 14:57:31.167 E/WifiTrafficPoller(  851): notifying of data activity 3
05-17 14:57:32.128 E/WifiStateMachine(  851):  ConnectedState (when=-3ms what=131155 arg1=548!CMD_RSSI_POLL 548 0 "BOCO-office" 94:b4:0f:68:a4:b1 rssi=-54 f=5785 sc=80 link=150 tx=6.4, 0.0, 0.0  rx=53.0 bcn=0 [on:0 tx:0 rx:0 period:3001] from screen [on:0 period:542811200] gl rssi=-54 ag=0 hr ticks 0,0,22 ls-=0 [56,56,60,60,65] brc=0 lrc=0
05-17 14:57:32.130 E/WifiStateMachine(  851):  L2ConnectedState (when=-4ms what=131155 arg1=548!CMD_RSSI_POLL 548 0 "BOCO-office" 94:b4:0f:68:a4:b1 rssi=-54 f=5785 sc=80 link=150 tx=6.4, 0.0, 0.0  rx=53.0 bcn=0 [on:0 tx:0 rx:0 period:1] from screen [on:0 period:542811201] gl rssi=-54 ag=0 hr ticks 0,0,22 ls-=0 [56,56,60,60,65] brc=0 lrc=0
05-17 14:57:32.130 E/WifiStateMachine(  851):  get link layer stats 0
