--------- beginning of /dev/log/system
05-18 16:00:49.141 E/NetdConnector(  333): Communications error: java.io.IOException: Connection refused
05-18 16:00:49.141 E/NetdConnector(  333): Error in NativeDaemonConnector: java.io.IOException: Connection refused
05-18 16:00:54.201 E/ConnectivityService(  333): Ignoring protectedNetwork 10
05-18 16:00:54.201 E/ConnectivityService(  333): Ignoring protectedNetwork 11
05-18 16:00:54.201 E/ConnectivityService(  333): Ignoring protectedNetwork 12
05-18 16:00:54.201 E/ConnectivityService(  333): Ignoring protectedNetwork 14
05-18 16:00:54.211 E/MobileDataStateTracker(  333): default: Ignoring feature request because could not acquire PhoneService
05-18 16:00:54.211 E/MobileDataStateTracker(  333): default: Could not enable APN type "default"
05-18 16:00:56.321 E/NetdConnector(  333): NDC Command {1 bandwidth enable} took too long (1849ms)
05-18 16:00:56.321 E/NetdConnector(  333): NDC Command {2 softap fwreload eth1 STA} took too long (1620ms)
05-18 16:00:57.171 E/LocationManagerService(  333): no geocoder provider found
05-18 16:00:57.171 E/LocationManagerService(  333): No FusedProvider found.
05-18 16:00:57.171 E/LocationManagerService(  333): no geofence provider found
05-18 16:01:01.431 E/ConnectivityService(  333): Unexpected mtu value: android.net.wifi.WifiStateTracker@4a8f0654
--------- beginning of /dev/log/main
05-18 16:01:07.205 E/cutils-trace(  771): Error opening trace file: No such file or directory (2)
05-18 16:01:07.225 E/memtrack(  792): Couldn't load memtrack module (No such file or directory)
05-18 16:01:07.225 E/android.os.Debug(  792): failed to load memtrack module: -2
05-18 16:01:07.435 E/cutils-trace(  792): Error opening trace file: No such file or directory (2)
05-18 16:01:07.595 E/dalvikvm(  937): Could not find class 'javax.net.ssl.SNIHostName', referenced from method com.google.android.gms.org.conscrypt.Platform.getSSLParameters
05-18 16:01:07.595 E/dalvikvm(  937): Could not find class 'javax.net.ssl.SNIServerName', referenced from method com.google.android.gms.org.conscrypt.Platform.setSSLParameters
05-18 16:01:07.605 E/memtrack(  815): Couldn't load memtrack module (No such file or directory)
05-18 16:01:07.605 E/android.os.Debug(  815): failed to load memtrack module: -2
05-18 16:01:07.615 E/dalvikvm(  937): Could not find class 'com.google.android.gms.org.conscrypt.OpenSSLExtendedSessionImpl', referenced from method com.google.android.gms.org.conscrypt.Platform.wrapSSLSession
05-18 16:01:07.675 E/dalvikvm(  937): Could not find class 'com.google.android.gms.org.conscrypt.OpenSSLExtendedSessionImpl', referenced from method com.google.android.gms.org.conscrypt.SSLParametersImpl.getSessionToReuse
05-18 16:01:07.955 E/cutils-trace(  815): Error opening trace file: No such file or directory (2)
05-18 16:01:08.095 E/dalvikvm(  660): Could not find class 'jqk', referenced from method jqi.a
05-18 16:01:08.155 E/dalvikvm(  660): Could not find class 'aiem', referenced from method aita.<init>
05-18 16:01:08.205 E/memtrack(  856): Couldn't load memtrack module (No such file or directory)
05-18 16:01:08.205 E/android.os.Debug(  856): failed to load memtrack module: -2
05-18 16:01:08.235 E/dalvikvm(  660): Could not find class 'aiqs', referenced from method aiqu.a
05-18 16:01:08.235 E/dalvikvm(  660): Could not find class 'android.app.AlarmManager$OnAlarmListener', referenced from method aiqu.a
05-18 16:01:08.425 E/cutils-trace(  856): Error opening trace file: No such file or directory (2)
05-18 16:01:08.785 E/dalvikvm(  660): Could not find class 'android.bluetooth.le.AdvertiseSettings$Builder', referenced from method aqrk.a
05-18 16:01:08.855 E/RemotePrintSpooler(  333): Error removing obsolete print jobs .
05-18 16:01:08.855 E/RemotePrintSpooler(  333): java.util.concurrent.TimeoutException: Cannot get spooler!
05-18 16:01:08.855 E/RemotePrintSpooler(  333): 	at com.android.server.print.RemotePrintSpooler.bindLocked(RemotePrintSpooler.java:376)
05-18 16:01:08.855 E/RemotePrintSpooler(  333): 	at com.android.server.print.RemotePrintSpooler.getRemoteInstanceLazy(RemotePrintSpooler.java:352)
05-18 16:01:08.855 E/RemotePrintSpooler(  333): 	at com.android.server.print.RemotePrintSpooler.removeObsoletePrintJobs(RemotePrintSpooler.java:287)
05-18 16:01:08.855 E/RemotePrintSpooler(  333): 	at com.android.server.print.UserState.removeObsoletePrintJobs(UserState.java:163)
05-18 16:01:08.855 E/RemotePrintSpooler(  333): 	at com.android.server.print.PrintManagerService$1.run(PrintManagerService.java:94)
05-18 16:01:08.855 E/RemotePrintSpooler(  333): 	at android.os.Handler.handleCallback(Handler.java:733)
05-18 16:01:08.855 E/RemotePrintSpooler(  333): 	at android.os.Handler.dispatchMessage(Handler.java:95)
05-18 16:01:08.855 E/RemotePrintSpooler(  333): 	at android.os.Looper.loop(Looper.java:136)
05-18 16:01:08.855 E/RemotePrintSpooler(  333): 	at android.os.HandlerThread.run(HandlerThread.java:61)
05-18 16:01:09.105 E/GpsLocationProvider(  333): no AGPS interface in set_agps_server
05-18 16:01:09.275 E/local_gps(  159): Can't send RMC command
05-18 16:01:09.665 E/dalvikvm(  839): Could not find class 'com.google.android.finsky.hygiene.HygieneJobService', referenced from method com.google.android.finsky.dailyhygiene.DailyHygiene.a
05-18 16:01:09.665 E/dalvikvm(  839): Could not find class 'com.google.android.finsky.services.MaintenanceWindowJobService', referenced from method com.google.android.finsky.dailyhygiene.DailyHygiene.g
05-18 16:01:10.475 E/dalvikvm(  660): Could not find class 'android.app.usage.UsageStatsManager', referenced from method ugw.a
05-18 16:01:11.595 E/dalvikvm(  660): Could not find class 'android.app.usage.UsageStatsManager', referenced from method com.google.android.gms.wearable.service.WearableChimeraService.onCreate
05-18 16:01:11.605 E/memtrack(  985): Couldn't load memtrack module (No such file or directory)
05-18 16:01:11.605 E/android.os.Debug(  985): failed to load memtrack module: -2
05-18 16:01:11.685 E/dalvikvm(  660): Could not find class 'android.telecom.TelecomManager', referenced from method afwv.a
05-18 16:01:11.735 E/cutils-trace(  985): Error opening trace file: No such file or directory (2)
05-18 16:01:12.065 E/Finsky  (  839): [1] com.google.android.finsky.wear.bl.a(847): onConnectionFailed: ConnectionResult{statusCode=API_UNAVAILABLE, resolution=null, message=null}
05-18 16:01:12.155 E/BaseAppContext(  937): Tried to stop global GMSCore RequestQueue. This is likely unintended, so ignoring.
05-18 16:01:12.725 E/GCoreUlr(  660): Bad errorId configuring silent feedback
05-18 16:01:12.965 E/GCoreUlr(  660): Bad errorId configuring silent feedback
05-18 16:01:19.035 E/dalvikvm(  726): Could not find class 'javax.net.ssl.SNIHostName', referenced from method com.google.android.gms.org.conscrypt.Platform.getSSLParameters
05-18 16:01:19.035 E/dalvikvm(  726): Could not find class 'javax.net.ssl.SNIServerName', referenced from method com.google.android.gms.org.conscrypt.Platform.setSSLParameters
05-18 16:01:19.035 E/dalvikvm(  726): Could not find class 'com.google.android.gms.org.conscrypt.OpenSSLExtendedSessionImpl', referenced from method com.google.android.gms.org.conscrypt.Platform.wrapSSLSession
05-18 16:01:19.075 E/dalvikvm(  726): Could not find class 'com.google.android.gms.org.conscrypt.OpenSSLExtendedSessionImpl', referenced from method com.google.android.gms.org.conscrypt.SSLParametersImpl.getSessionToReuse
05-18 16:01:27.115 E/FileScannerService( 1238): binding file scanner
05-18 16:01:27.155 E/BluetoothManagerService(  333): Fail to bind to: Intent { act=android.bluetooth.IBluetooth }
05-18 16:01:27.155 E/WifiStateMachine(  333): Failed to set country code CN
05-18 16:01:27.165 E/BluetoothHeadset(  333): Could not bind to Bluetooth Headset Service with Intent { act=android.bluetooth.IBluetoothHeadset }
05-18 16:01:27.165 E/BluetoothA2dp(  333): Could not bind to Bluetooth A2DP Service with Intent { act=android.bluetooth.IBluetoothA2dp }
05-18 16:01:27.705 E/UpdateRequestReceiver( 1349): ignoring update request
05-18 16:01:28.625 E/UpdateRequestReceiver( 1349): ignoring update request
05-18 16:01:28.625 E/UpdateRequestReceiver( 1349): ignoring update request
05-18 16:01:28.625 E/UpdateRequestReceiver( 1349): ignoring update request
05-18 16:01:28.625 E/UpdateRequestReceiver( 1349): ignoring update request
05-18 16:01:28.625 E/UpdateRequestReceiver( 1349): ignoring update request
05-18 16:01:28.915 E/dalvikvm(  937): Could not find class 'android.service.persistentdata.PersistentDataBlockManager', referenced from method dzw.a
05-18 16:01:28.985 E/dalvikvm(  937): Could not find class 'android.telephony.SubscriptionManager', referenced from method com.google.android.gms.checkin.CheckinChimeraService.c
05-18 16:01:29.045 E/dalvikvm(  937): Could not find class 'android.net.NetworkRequest$Builder', referenced from method com.google.android.gms.common.stats.GmsCoreStatsChimeraService.onCreate
05-18 16:01:29.065 E/dalvikvm(  660): Could not find class 'android.net.NetworkRequest$Builder', referenced from method com.google.android.gms.common.stats.GmsCoreStatsChimeraService.onCreate
05-18 16:01:29.345 E/dalvikvm(  726): Could not find class 'android.app.job.JobScheduler', referenced from method pqd.a
05-18 16:01:29.555 E/dalvikvm(  726): Could not find class 'android.app.usage.UsageStatsManager', referenced from method ppl.a
05-18 16:01:30.545 E/dalvikvm(  937): Could not find class 'jgj', referenced from method jgi.a
05-18 16:01:30.605 E/Ads     (  937): Error while retrieving parental controls.
05-18 16:01:30.605 E/Ads     (  937): java.lang.NullPointerException
05-18 16:01:30.605 E/Ads     (  937): 	at android.os.Parcel.readException(Parcel.java:1471)
05-18 16:01:30.605 E/Ads     (  937): 	at android.os.Parcel.readException(Parcel.java:1419)
05-18 16:01:30.605 E/Ads     (  937): 	at bbb.a(:com.google.android.gms:139)
05-18 16:01:30.605 E/Ads     (  937): 	at com.google.android.gms.ads.play.c.onServiceConnected(:com.google.android.gms:175)
05-18 16:01:30.605 E/Ads     (  937): 	at android.app.LoadedApk$ServiceDispatcher.doConnected(LoadedApk.java:1110)
05-18 16:01:30.605 E/Ads     (  937): 	at android.app.LoadedApk$ServiceDispatcher$RunConnection.run(LoadedApk.java:1127)
05-18 16:01:30.605 E/Ads     (  937): 	at android.os.Handler.handleCallback(Handler.java:733)
05-18 16:01:30.605 E/Ads     (  937): 	at android.os.Handler.dispatchMessage(Handler.java:95)
05-18 16:01:30.605 E/Ads     (  937): 	at android.os.Looper.loop(Looper.java:136)
05-18 16:01:30.605 E/Ads     (  937): 	at android.app.ActivityThread.main(ActivityThread.java:5019)
05-18 16:01:30.605 E/Ads     (  937): 	at java.lang.reflect.Method.invokeNative(Native Method)
05-18 16:01:30.605 E/Ads     (  937): 	at java.lang.reflect.Method.invoke(Method.java:515)
05-18 16:01:30.605 E/Ads     (  937): 	at com.android.internal.os.ZygoteInit$MethodAndArgsCaller.run(ZygoteInit.java:779)
05-18 16:01:30.605 E/Ads     (  937): 	at com.android.internal.os.ZygoteInit.main(ZygoteInit.java:595)
05-18 16:01:30.605 E/Ads     (  937): 	at dalvik.system.NativeStart.main(Native Method)
05-18 16:01:30.645 E/dalvikvm(  937): Could not find class 'android.net.NetworkRequest$Builder', referenced from method addo.b
05-18 16:01:30.765 E/MDM     (  937): [116] tdv.a: Couldn't connect to Google API client: hvk{statusCode=API_UNAVAILABLE, resolution=null, message=null}
05-18 16:01:30.925 E/dalvikvm(  937): Could not find class 'android.telephony.SubscriptionManager', referenced from method hgi.a
05-18 16:01:31.045 E/ActivityThread(  937): Failed to find provider info for com.google.android.wearable.settings
05-18 16:01:31.165 E/GCM     (  726): Missing checkin config file
05-18 16:01:31.195 E/MS_RegisterService(  937): Exception getting GCM token
05-18 16:01:31.195 E/MS_RegisterService(  937): java.io.IOException: AUTHENTICATION_FAILED
05-18 16:01:31.195 E/MS_RegisterService(  937): 	at rie.b(:com.google.android.gms:816)
05-18 16:01:31.195 E/MS_RegisterService(  937): 	at rie.a(:com.google.android.gms:787)
05-18 16:01:31.195 E/MS_RegisterService(  937): 	at ria.c(:com.google.android.gms:524)
05-18 16:01:31.195 E/MS_RegisterService(  937): 	at ria.b(:com.google.android.gms:487)
05-18 16:01:31.195 E/MS_RegisterService(  937): 	at agry.a(:com.google.android.gms:1439)
05-18 16:01:31.195 E/MS_RegisterService(  937): 	at com.google.android.libraries.matchstick.net.SilentRegisterIntentOperation.a(:com.google.android.gms:1021)
05-18 16:01:31.195 E/MS_RegisterService(  937): 	at com.google.android.libraries.matchstick.net.SilentRegisterIntentOperation.onHandleIntent(:com.google.android.gms:467)
05-18 16:01:31.195 E/MS_RegisterService(  937): 	at com.google.android.chimera.IntentOperation.onHandleIntent(:com.google.android.gms:118)
05-18 16:01:31.195 E/MS_RegisterService(  937): 	at bwq.run(:com.google.android.gms:1864)
05-18 16:01:31.195 E/MS_RegisterService(  937): 	at bwn.run(:com.google.android.gms:1143)
05-18 16:01:31.195 E/MS_RegisterService(  937): 	at java.util.concurrent.ThreadPoolExecutor.runWorker(ThreadPoolExecutor.java:1112)
05-18 16:01:31.195 E/MS_RegisterService(  937): 	at java.util.concurrent.ThreadPoolExecutor$Worker.run(ThreadPoolExecutor.java:587)
05-18 16:01:31.195 E/MS_RegisterService(  937): 	at java.lang.Thread.run(Thread.java:841)
05-18 16:01:31.285 E/Icing   (  937): street name for address is empty or is not existed. 
05-18 16:01:31.295 E/Icing   (  937): Opening file  for read failed: No such file or directory
05-18 16:01:31.295 E/Icing   (  937): Unable to open file . 
05-18 16:01:31.295 E/Icing   (  937): WordsMap was not properly initialized
05-18 16:01:31.405 E/GCoreUlr(  660): Bad errorId configuring silent feedback
05-18 16:01:31.645 E/dalvikvm( 1523): Could not find class 'javax.net.ssl.SNIHostName', referenced from method com.google.android.gms.org.conscrypt.Platform.getSSLParameters
05-18 16:01:31.655 E/dalvikvm( 1523): Could not find class 'javax.net.ssl.SNIServerName', referenced from method com.google.android.gms.org.conscrypt.Platform.setSSLParameters
05-18 16:01:31.655 E/dalvikvm( 1523): Could not find class 'com.google.android.gms.org.conscrypt.OpenSSLExtendedSessionImpl', referenced from method com.google.android.gms.org.conscrypt.Platform.wrapSSLSession
05-18 16:01:31.685 E/dalvikvm( 1523): Could not find class 'com.google.android.gms.org.conscrypt.OpenSSLExtendedSessionImpl', referenced from method com.google.android.gms.org.conscrypt.SSLParametersImpl.getSessionToReuse
05-18 16:01:31.965 E/dalvikvm( 1523): Could not find class 'jgj', referenced from method jgi.a
05-18 16:01:32.315 E/dalvikvm(  937): Could not find class 'android.app.usage.UsageStatsManager', referenced from method rff.a
05-18 16:01:35.375 E/GCM     (  726): Missing checkin config file
05-18 16:01:35.375 E/GCM     (  726): Missing checkin config file
05-18 16:01:35.975 E/FastMixer(  167): did not receive expected priority boost
05-18 16:01:44.535 E/dalvikvm( 1639): Could not find class 'javax.net.ssl.SNIHostName', referenced from method com.google.android.gms.org.conscrypt.Platform.getSSLParameters
05-18 16:01:44.535 E/dalvikvm( 1639): Could not find class 'javax.net.ssl.SNIServerName', referenced from method com.google.android.gms.org.conscrypt.Platform.setSSLParameters
05-18 16:01:44.535 E/dalvikvm( 1639): Could not find class 'com.google.android.gms.org.conscrypt.OpenSSLExtendedSessionImpl', referenced from method com.google.android.gms.org.conscrypt.Platform.wrapSSLSession
05-18 16:01:44.555 E/dalvikvm( 1639): Could not find class 'com.google.android.gms.org.conscrypt.OpenSSLExtendedSessionImpl', referenced from method com.google.android.gms.org.conscrypt.SSLParametersImpl.getSessionToReuse
05-18 16:01:44.955 E/dalvikvm(  937): Could not find class 'com.google.android.gms.common.permission.PermissionUtils$1', referenced from method com.google.android.gms.chimera.GmsModuleInitializer.initializeModuleV0
05-18 16:01:45.885 E/Cataloger( 1238): syncFile:/storage/emulated/0/server.log.12
05-18 16:01:45.925 E/Cataloger( 1238): need not sync path:/storage/emulated/0/server.log.12
05-18 16:01:45.925 E/Cataloger( 1238): syncFile:/storage/emulated/0/server.log.13
05-18 16:01:45.925 E/Cataloger( 1238): need not sync path:/storage/emulated/0/server.log.13
05-18 16:01:45.925 E/Cataloger( 1238): syncFile:/storage/emulated/0/server.log.11
05-18 16:01:45.925 E/Cataloger( 1238): need not sync path:/storage/emulated/0/server.log.11
05-18 16:01:45.925 E/Cataloger( 1238): syncFile:/storage/emulated/0/server.log.12
05-18 16:01:45.925 E/Cataloger( 1238): need not sync path:/storage/emulated/0/server.log.12
05-18 16:01:45.925 E/Cataloger( 1238): syncFile:/storage/emulated/0/server.log.10
05-18 16:01:45.935 E/Cataloger( 1238): need not sync path:/storage/emulated/0/server.log.10
05-18 16:01:45.935 E/Cataloger( 1238): syncFile:/storage/emulated/0/server.log.11
05-18 16:01:45.935 E/Cataloger( 1238): need not sync path:/storage/emulated/0/server.log.11
05-18 16:01:45.935 E/Cataloger( 1238): syncFile:/storage/emulated/0/server.log.9
05-18 16:01:45.935 E/Cataloger( 1238): need not sync path:/storage/emulated/0/server.log.9
05-18 16:01:45.935 E/Cataloger( 1238): syncFile:/storage/emulated/0/server.log.10
05-18 16:01:45.935 E/Cataloger( 1238): need not sync path:/storage/emulated/0/server.log.10
05-18 16:01:45.935 E/Cataloger( 1238): syncFile:/storage/emulated/0/server.log.8
05-18 16:01:45.935 E/Cataloger( 1238): need not sync path:/storage/emulated/0/server.log.8
05-18 16:01:45.935 E/Cataloger( 1238): syncFile:/storage/emulated/0/server.log.9
05-18 16:01:45.935 E/Cataloger( 1238): need not sync path:/storage/emulated/0/server.log.9
05-18 16:01:45.935 E/Cataloger( 1238): syncFile:/storage/emulated/0/server.log.7
05-18 16:01:45.945 E/Cataloger( 1238): need not sync path:/storage/emulated/0/server.log.7
05-18 16:01:45.945 E/Cataloger( 1238): syncFile:/storage/emulated/0/server.log.8
05-18 16:01:45.945 E/Cataloger( 1238): need not sync path:/storage/emulated/0/server.log.8
05-18 16:01:45.945 E/Cataloger( 1238): syncFile:/storage/emulated/0/server.log.6
05-18 16:01:45.945 E/Cataloger( 1238): need not sync path:/storage/emulated/0/server.log.6
05-18 16:01:45.945 E/Cataloger( 1238): syncFile:/storage/emulated/0/server.log.7
05-18 16:01:45.945 E/Cataloger( 1238): need not sync path:/storage/emulated/0/server.log.7
05-18 16:01:45.945 E/Cataloger( 1238): syncFile:/storage/emulated/0/server.log.5
05-18 16:01:45.965 E/Cataloger( 1238): need not sync path:/storage/emulated/0/server.log.5
05-18 16:01:45.965 E/Cataloger( 1238): syncFile:/storage/emulated/0/server.log.6
05-18 16:01:45.965 E/Cataloger( 1238): need not sync path:/storage/emulated/0/server.log.6
05-18 16:01:45.965 E/Cataloger( 1238): syncFile:/storage/emulated/0/server.log.4
05-18 16:01:45.965 E/Cataloger( 1238): need not sync path:/storage/emulated/0/server.log.4
05-18 16:01:45.965 E/Cataloger( 1238): syncFile:/storage/emulated/0/server.log.5
05-18 16:01:45.965 E/Cataloger( 1238): need not sync path:/storage/emulated/0/server.log.5
05-18 16:01:45.965 E/Cataloger( 1238): syncFile:/storage/emulated/0/server.log.3
05-18 16:01:45.975 E/Cataloger( 1238): need not sync path:/storage/emulated/0/server.log.3
05-18 16:01:45.975 E/Cataloger( 1238): syncFile:/storage/emulated/0/server.log.4
05-18 16:01:45.975 E/Cataloger( 1238): need not sync path:/storage/emulated/0/server.log.4
05-18 16:01:45.975 E/Cataloger( 1238): syncFile:/storage/emulated/0/server.log.2
05-18 16:01:45.985 E/Cataloger( 1238): need not sync path:/storage/emulated/0/server.log.2
05-18 16:01:45.985 E/Cataloger( 1238): syncFile:/storage/emulated/0/server.log.3
05-18 16:01:45.985 E/Cataloger( 1238): need not sync path:/storage/emulated/0/server.log.3
05-18 16:01:45.985 E/Cataloger( 1238): syncFile:/storage/emulated/0/server.log.1
05-18 16:01:46.005 E/Cataloger( 1238): need not sync path:/storage/emulated/0/server.log.1
05-18 16:01:46.005 E/Cataloger( 1238): syncFile:/storage/emulated/0/server.log.2
05-18 16:01:46.005 E/Cataloger( 1238): need not sync path:/storage/emulated/0/server.log.2
05-18 16:01:46.005 E/Cataloger( 1238): syncFile:/storage/emulated/0/server.log
05-18 16:01:46.005 E/Cataloger( 1238): need not sync path:/storage/emulated/0/server.log
05-18 16:01:46.005 E/Cataloger( 1238): syncFile:/storage/emulated/0/server.log.1
05-18 16:01:46.005 E/Cataloger( 1238): need not sync path:/storage/emulated/0/server.log.1
05-18 16:01:46.005 E/Cataloger( 1238): syncFile:/storage/emulated/0/server.log
05-18 16:01:46.005 E/Cataloger( 1238): need not sync path:/storage/emulated/0/server.log
05-18 16:01:46.125 E/Cataloger( 1238): syncFile:/storage/emulated/0/.UTSystemConfig/Global/Alvin2.xml
05-18 16:01:46.135 E/Cataloger( 1238): syncFile:/storage/emulated/0/.UTSystemConfig/Global/Alvin2.xml.bak
05-18 16:01:46.135 E/Cataloger( 1238): need not sync path:/storage/emulated/0/.UTSystemConfig/Global/Alvin2.xml.bak
05-18 16:01:46.135 E/Cataloger( 1238): syncFile:/storage/emulated/0/.UTSystemConfig/Global/Alvin2.xml
05-18 16:01:46.135 E/Cataloger( 1238): syncFile:/storage/emulated/0/.UTSystemConfig/Global/Alvin2.xml
05-18 16:01:46.145 E/Cataloger( 1238): syncFile:/storage/emulated/0/.UTSystemConfig/Global/Alvin2.xml.bak
05-18 16:01:46.145 E/Cataloger( 1238): need not sync path:/storage/emulated/0/.UTSystemConfig/Global/Alvin2.xml.bak
05-18 16:01:46.185 E/Cataloger( 1238): syncFile:/storage/emulated/0/.DataStorage/ContextData.xml
05-18 16:01:46.195 E/Cataloger( 1238): syncFile:/storage/emulated/0/.DataStorage/ContextData.xml.bak
05-18 16:01:46.195 E/Cataloger( 1238): need not sync path:/storage/emulated/0/.DataStorage/ContextData.xml.bak
05-18 16:01:46.195 E/Cataloger( 1238): syncFile:/storage/emulated/0/.DataStorage/ContextData.xml
05-18 16:01:46.235 E/Cataloger( 1238): syncFile:/storage/emulated/0/.DataStorage/ContextData.xml
05-18 16:01:46.245 E/Cataloger( 1238): syncFile:/storage/emulated/0/.DataStorage/ContextData.xml.bak
05-18 16:01:46.245 E/Cataloger( 1238): need not sync path:/storage/emulated/0/.DataStorage/ContextData.xml.bak
05-18 16:01:46.505 E/Cataloger( 1238): syncFile:/storage/emulated/0/BigNoxHD/cache/com_ztesoft_96x96.png
05-18 16:01:46.875 E/Cataloger( 1238): syncFile:/storage/emulated/0/BigNoxHD/cache/com_bignox_app_store_hd_96x96.png
05-18 16:01:50.305 E/FastMixer(  167): did not receive expected priority boost
05-18 16:01:50.875 E/Cataloger( 1238): syncFile:/storage/emulated/0/log/ztesoft_mobile.log
05-18 16:01:50.885 E/Cataloger( 1238): need not sync path:/storage/emulated/0/log/ztesoft_mobile.log
05-18 16:01:51.325 E/GPSManager( 1769): Location changed : Lat: 40.00125 Lng: 105.56358166666665
05-18 16:01:51.965 E/GPSManager( 1769): Location changed : Lat: 40.00125 Lng: 105.56358166666665
05-18 16:01:52.795 E/GCoreUlr(  660): Bad errorId configuring silent feedback
05-18 16:01:53.195 E/GPSManager( 1769): Location changed : Lat: 40.00125 Lng: 105.56358166666665
05-18 16:01:54.175 E/GPSManager( 1769): Location changed : Lat: 40.00125 Lng: 105.56358166666665
05-18 16:01:54.345 E/FastMixer(  167): did not receive expected priority boost
05-18 16:01:54.925 E/GPSManager( 1769): Location changed : Lat: 40.00125 Lng: 105.56358166666665
05-18 16:01:56.035 E/GPSManager( 1769): Location changed : Lat: 40.00125 Lng: 105.56358166666665
05-18 16:01:56.935 E/GPSManager( 1769): Location changed : Lat: 40.00125 Lng: 105.56358166666665
05-18 16:01:57.935 E/GPSManager( 1769): Location changed : Lat: 40.00125 Lng: 105.56358166666665
05-18 16:01:59.115 E/GPSManager( 1769): Location changed : Lat: 40.00125 Lng: 105.56358166666665
05-18 16:01:59.945 E/GPSManager( 1769): Location changed : Lat: 40.00125 Lng: 105.56358166666665
05-18 16:02:00.935 E/GPSManager( 1769): Location changed : Lat: 40.00125 Lng: 105.56358166666665
05-18 16:02:01.515 E/memtrack( 1822): Couldn't load memtrack module (No such file or directory)
05-18 16:02:01.515 E/android.os.Debug( 1822): failed to load memtrack module: -2
05-18 16:02:01.945 E/GPSManager( 1769): Location changed : Lat: 40.00125 Lng: 105.56358166666665
05-18 16:02:02.825 E/cutils-trace( 1822): Error opening trace file: No such file or directory (2)
05-18 16:02:02.945 E/GPSManager( 1769): Location changed : Lat: 40.00125 Lng: 105.56358166666665
05-18 16:02:03.275 E/cutils-trace( 1880): Error opening trace file: No such file or directory (2)
05-18 16:02:03.945 E/GPSManager( 1769): Location changed : Lat: 40.00125 Lng: 105.56358166666665
05-18 16:02:04.945 E/GPSManager( 1769): Location changed : Lat: 40.00125 Lng: 105.56358166666665
05-18 16:02:05.945 E/GPSManager( 1769): Location changed : Lat: 40.00125 Lng: 105.56358166666665
05-18 16:02:06.055 E/BandwidthController(  160): Updating quota globalAlert failed (No such file or directory)
05-18 16:02:06.955 E/GPSManager( 1769): Location changed : Lat: 40.00125 Lng: 105.56358166666665
05-18 16:02:07.795 E/GCM     (  726): Missing checkin config file
05-18 16:02:07.805 E/GCM     (  726): Missing checkin config file
05-18 16:02:07.875 E/ztesoft_andorid_pn_XmppManager( 1769): Unknown error while registering XMPP account! internal-server-error
05-18 16:02:07.965 E/GPSManager( 1769): Location changed : Lat: 40.00125 Lng: 105.56358166666665
05-18 16:02:08.405 E/GCM     (  726): Missing checkin config file
05-18 16:02:08.405 E/GCM     (  726): Missing checkin config file
05-18 16:02:08.985 E/GPSManager( 1769): Location changed : Lat: 40.00125 Lng: 105.56358166666665
05-18 16:02:09.995 E/GPSManager( 1769): Location changed : Lat: 40.00125 Lng: 105.56358166666665
05-18 16:02:10.985 E/GPSManager( 1769): Location changed : Lat: 40.00125 Lng: 105.56358166666665
05-18 16:02:12.015 E/GPSManager( 1769): Location changed : Lat: 40.00125 Lng: 105.56358166666665
05-18 16:02:13.005 E/GPSManager( 1769): Location changed : Lat: 40.00125 Lng: 105.56358166666665
05-18 16:02:14.015 E/GPSManager( 1769): Location changed : Lat: 40.00125 Lng: 105.56358166666665
05-18 16:02:15.015 E/GPSManager( 1769): Location changed : Lat: 40.00125 Lng: 105.56358166666665
05-18 16:02:16.015 E/GPSManager( 1769): Location changed : Lat: 40.00125 Lng: 105.56358166666665
05-18 16:02:17.015 E/GPSManager( 1769): Location changed : Lat: 40.00125 Lng: 105.56358166666665
05-18 16:02:18.015 E/GPSManager( 1769): Location changed : Lat: 40.00125 Lng: 105.56358166666665
05-18 16:02:19.035 E/GPSManager( 1769): Location changed : Lat: 40.00125 Lng: 105.56358166666665
05-18 16:02:20.025 E/GPSManager( 1769): Location changed : Lat: 40.00125 Lng: 105.56358166666665
05-18 16:02:20.755 E/Drm     (  167): Failed to open plugin directory /vendor/lib/mediadrm
05-18 16:02:21.155 E/GPSManager( 1769): Location changed : Lat: 40.00125 Lng: 105.56358166666665
05-18 16:02:22.055 E/GPSManager( 1769): Location changed : Lat: 40.00125 Lng: 105.56358166666665
05-18 16:02:23.055 E/GPSManager( 1769): Location changed : Lat: 40.00125 Lng: 105.56358166666665
05-18 16:02:24.055 E/GPSManager( 1769): Location changed : Lat: 40.00125 Lng: 105.56358166666665
05-18 16:02:25.065 E/GPSManager( 1769): Location changed : Lat: 40.00125 Lng: 105.56358166666665
05-18 16:02:26.085 E/GPSManager( 1769): Location changed : Lat: 40.00125 Lng: 105.56358166666665
05-18 16:02:27.075 E/GPSManager( 1769): Location changed : Lat: 40.00125 Lng: 105.56358166666665
05-18 16:02:28.075 E/GPSManager( 1769): Location changed : Lat: 40.00125 Lng: 105.56358166666665
05-18 16:02:29.095 E/GPSManager( 1769): Location changed : Lat: 40.00125 Lng: 105.56358166666665
05-18 16:02:30.075 E/GCM     (  726): Missing checkin config file
05-18 16:02:30.085 E/GCM     (  726): Missing checkin config file
05-18 16:02:30.085 E/GPSManager( 1769): Location changed : Lat: 40.00125 Lng: 105.56358166666665
05-18 16:02:31.085 E/GPSManager( 1769): Location changed : Lat: 40.00125 Lng: 105.56358166666665
05-18 16:02:32.095 E/GPSManager( 1769): Location changed : Lat: 40.00125 Lng: 105.56358166666665
05-18 16:02:33.095 E/GPSManager( 1769): Location changed : Lat: 40.00125 Lng: 105.56358166666665
05-18 16:02:34.105 E/GPSManager( 1769): Location changed : Lat: 40.00125 Lng: 105.56358166666665
05-18 16:02:35.115 E/GPSManager( 1769): Location changed : Lat: 40.00125 Lng: 105.56358166666665
05-18 16:02:36.135 E/GPSManager( 1769): Location changed : Lat: 40.00125 Lng: 105.56358166666665
05-18 16:02:36.395 E/GCM     (  726): Missing checkin config file
05-18 16:02:37.135 E/GPSManager( 1769): Location changed : Lat: 40.00125 Lng: 105.56358166666665
05-18 16:02:38.145 E/GPSManager( 1769): Location changed : Lat: 40.00125 Lng: 105.56358166666665
05-18 16:02:39.135 E/GPSManager( 1769): Location changed : Lat: 40.00125 Lng: 105.56358166666665
05-18 16:02:40.135 E/GPSManager( 1769): Location changed : Lat: 40.00125 Lng: 105.56358166666665
05-18 16:02:41.155 E/GPSManager( 1769): Location changed : Lat: 40.00125 Lng: 105.56358166666665
05-18 16:02:42.155 E/GPSManager( 1769): Location changed : Lat: 40.00125 Lng: 105.56358166666665
05-18 16:02:43.155 E/GPSManager( 1769): Location changed : Lat: 40.00125 Lng: 105.56358166666665
05-18 16:02:44.165 E/GPSManager( 1769): Location changed : Lat: 40.00125 Lng: 105.56358166666665
05-18 16:02:45.175 E/GPSManager( 1769): Location changed : Lat: 40.00125 Lng: 105.56358166666665
05-18 16:02:46.175 E/GPSManager( 1769): Location changed : Lat: 40.00125 Lng: 105.56358166666665
05-18 16:02:47.185 E/GPSManager( 1769): Location changed : Lat: 40.00125 Lng: 105.56358166666665
05-18 16:02:48.185 E/GPSManager( 1769): Location changed : Lat: 40.00125 Lng: 105.56358166666665
05-18 16:02:49.185 E/GPSManager( 1769): Location changed : Lat: 40.00125 Lng: 105.56358166666665
05-18 16:02:50.195 E/GPSManager( 1769): Location changed : Lat: 40.00125 Lng: 105.56358166666665
05-18 16:02:51.195 E/GPSManager( 1769): Location changed : Lat: 40.00125 Lng: 105.56358166666665
05-18 16:02:52.195 E/GPSManager( 1769): Location changed : Lat: 40.00125 Lng: 105.56358166666665
05-18 16:02:53.195 E/GPSManager( 1769): Location changed : Lat: 40.00125 Lng: 105.56358166666665
05-18 16:02:54.205 E/GPSManager( 1769): Location changed : Lat: 40.00125 Lng: 105.56358166666665
05-18 16:02:55.205 E/GPSManager( 1769): Location changed : Lat: 40.00125 Lng: 105.56358166666665
05-18 16:02:56.215 E/GPSManager( 1769): Location changed : Lat: 40.00125 Lng: 105.56358166666665
05-18 16:02:57.225 E/GPSManager( 1769): Location changed : Lat: 40.00125 Lng: 105.56358166666665
05-18 16:02:57.655 E/Cataloger( 1238): syncFile:/storage/emulated/0/.sys.log
05-18 16:02:57.655 E/Cataloger( 1238): need not sync path:/storage/emulated/0/.sys.log
05-18 16:02:58.225 E/GPSManager( 1769): Location changed : Lat: 40.00125 Lng: 105.56358166666665
05-18 16:02:59.225 E/GPSManager( 1769): Location changed : Lat: 40.00125 Lng: 105.56358166666665
05-18 16:03:00.225 E/GPSManager( 1769): Location changed : Lat: 40.00125 Lng: 105.56358166666665
05-18 16:03:01.225 E/GPSManager( 1769): Location changed : Lat: 40.00125 Lng: 105.56358166666665
05-18 16:03:02.255 E/GPSManager( 1769): Location changed : Lat: 40.00125 Lng: 105.56358166666665
05-18 16:03:03.245 E/GPSManager( 1769): Location changed : Lat: 40.00125 Lng: 105.56358166666665
05-18 16:03:04.245 E/GPSManager( 1769): Location changed : Lat: 40.00125 Lng: 105.56358166666665
05-18 16:03:05.275 E/GPSManager( 1769): Location changed : Lat: 40.00125 Lng: 105.56358166666665
05-18 16:03:06.265 E/GPSManager( 1769): Location changed : Lat: 40.00125 Lng: 105.56358166666665
05-18 16:03:06.545 E/NetworkScheduler.ATC(  726): Provided calling package not found: com.google.android.apps.photos
05-18 16:03:07.265 E/GPSManager( 1769): Location changed : Lat: 40.00125 Lng: 105.56358166666665
05-18 16:03:07.805 E/GCM     (  726): Missing checkin config file
05-18 16:03:07.805 E/GCM     (  726): Missing checkin config file
05-18 16:03:08.265 E/GPSManager( 1769): Location changed : Lat: 40.00125 Lng: 105.56358166666665
05-18 16:03:09.295 E/GPSManager( 1769): Location changed : Lat: 40.00125 Lng: 105.56358166666665
05-18 16:03:10.285 E/GPSManager( 1769): Location changed : Lat: 40.00125 Lng: 105.56358166666665
05-18 16:03:11.315 E/GPSManager( 1769): Location changed : Lat: 40.00125 Lng: 105.56358166666665
05-18 16:03:12.285 E/GPSManager( 1769): Location changed : Lat: 40.00125 Lng: 105.56358166666665
05-18 16:03:13.295 E/GPSManager( 1769): Location changed : Lat: 40.00125 Lng: 105.56358166666665
05-18 16:03:14.295 E/GPSManager( 1769): Location changed : Lat: 40.00125 Lng: 105.56358166666665
05-18 16:03:15.315 E/GPSManager( 1769): Location changed : Lat: 40.00125 Lng: 105.56358166666665
05-18 16:03:16.345 E/GPSManager( 1769): Location changed : Lat: 40.00125 Lng: 105.56358166666665
05-18 16:03:17.335 E/GPSManager( 1769): Location changed : Lat: 40.00125 Lng: 105.56358166666665
05-18 16:03:18.335 E/GPSManager( 1769): Location changed : Lat: 40.00125 Lng: 105.56358166666665
05-18 16:03:19.345 E/GPSManager( 1769): Location changed : Lat: 40.00125 Lng: 105.56358166666665
05-18 16:03:20.325 E/GPSManager( 1769): Location changed : Lat: 40.00125 Lng: 105.56358166666665
05-18 16:03:20.465 E/memtrack( 2169): Couldn't load memtrack module (No such file or directory)
05-18 16:03:20.465 E/android.os.Debug( 2169): failed to load memtrack module: -2
05-18 16:03:20.625 E/cutils-trace( 2169): Error opening trace file: No such file or directory (2)
05-18 16:03:21.325 E/GPSManager( 1769): Location changed : Lat: 40.00125 Lng: 105.56358166666665
05-18 16:03:22.325 E/GPSManager( 1769): Location changed : Lat: 40.00125 Lng: 105.56358166666665
05-18 16:03:22.615 E/memtrack( 2181): Couldn't load memtrack module (No such file or directory)
05-18 16:03:22.615 E/android.os.Debug( 2181): failed to load memtrack module: -2
05-18 16:03:22.675 E/cutils-trace( 2181): Error opening trace file: No such file or directory (2)
05-18 16:03:23.335 E/GPSManager( 1769): Location changed : Lat: 40.00125 Lng: 105.56358166666665
05-18 16:03:23.695 E/memtrack( 2193): Couldn't load memtrack module (No such file or directory)
05-18 16:03:23.695 E/android.os.Debug( 2193): failed to load memtrack module: -2
05-18 16:03:23.735 E/cutils-trace( 2193): Error opening trace file: No such file or directory (2)
05-18 16:03:24.335 E/GPSManager( 1769): Location changed : Lat: 40.00125 Lng: 105.56358166666665
05-18 16:03:24.695 E/memtrack( 2205): Couldn't load memtrack module (No such file or directory)
05-18 16:03:24.695 E/android.os.Debug( 2205): failed to load memtrack module: -2
05-18 16:03:24.745 E/cutils-trace( 2205): Error opening trace file: No such file or directory (2)
05-18 16:03:25.335 E/GPSManager( 1769): Location changed : Lat: 40.00125 Lng: 105.56358166666665
05-18 16:03:25.715 E/memtrack( 2217): Couldn't load memtrack module (No such file or directory)
05-18 16:03:25.715 E/android.os.Debug( 2217): failed to load memtrack module: -2
05-18 16:03:25.765 E/cutils-trace( 2217): Error opening trace file: No such file or directory (2)
05-18 16:03:26.355 E/GPSManager( 1769): Location changed : Lat: 40.00125 Lng: 105.56358166666665
05-18 16:03:26.775 E/memtrack( 2229): Couldn't load memtrack module (No such file or directory)
05-18 16:03:26.775 E/android.os.Debug( 2229): failed to load memtrack module: -2
05-18 16:03:26.825 E/cutils-trace( 2229): Error opening trace file: No such file or directory (2)
05-18 16:03:27.345 E/GPSManager( 1769): Location changed : Lat: 40.00125 Lng: 105.56358166666665
05-18 16:03:28.345 E/GPSManager( 1769): Location changed : Lat: 40.00125 Lng: 105.56358166666665
05-18 16:03:29.345 E/GPSManager( 1769): Location changed : Lat: 40.00125 Lng: 105.56358166666665
05-18 16:03:30.035 E/memtrack( 2248): Couldn't load memtrack module (No such file or directory)
05-18 16:03:30.035 E/android.os.Debug( 2248): failed to load memtrack module: -2
05-18 16:03:30.085 E/cutils-trace( 2248): Error opening trace file: No such file or directory (2)
05-18 16:03:30.355 E/GPSManager( 1769): Location changed : Lat: 40.00125 Lng: 105.56358166666665
05-18 16:03:31.065 E/memtrack( 2260): Couldn't load memtrack module (No such file or directory)
05-18 16:03:31.065 E/android.os.Debug( 2260): failed to load memtrack module: -2
05-18 16:03:31.125 E/cutils-trace( 2260): Error opening trace file: No such file or directory (2)
05-18 16:03:31.155 E/Cataloger( 1238): syncFile:/storage/emulated/0/Android/data/com.boco.apphall/cache/uil-images/journal
05-18 16:03:31.165 E/Cataloger( 1238): need not sync path:/storage/emulated/0/Android/data/com.boco.apphall/cache/uil-images/journal
05-18 16:03:31.365 E/GPSManager( 1769): Location changed : Lat: 40.00125 Lng: 105.56358166666665
05-18 16:03:32.125 E/memtrack( 2272): Couldn't load memtrack module (No such file or directory)
05-18 16:03:32.125 E/android.os.Debug( 2272): failed to load memtrack module: -2
05-18 16:03:32.345 E/GPSManager( 1769): Location changed : Lat: 40.00125 Lng: 105.56358166666665
05-18 16:03:32.465 E/Cataloger( 1238): syncFile:/storage/emulated/0/Android/data/com.boco.apphall/cache/.nomedia
05-18 16:03:32.475 E/Cataloger( 1238): need not sync path:/storage/emulated/0/Android/data/com.boco.apphall/cache/.nomedia
05-18 16:03:32.485 E/Cataloger( 1238): syncFile:/storage/emulated/0/Android/data/com.boco.apphall/cache/uil-images/57gbxefr6ynwpq4ho1je8qmfo0
05-18 16:03:32.485 E/Cataloger( 1238): need not sync path:/storage/emulated/0/Android/data/com.boco.apphall/cache/uil-images/57gbxefr6ynwpq4ho1je8qmfo0
05-18 16:03:32.485 E/Cataloger( 1238): syncFile:/storage/emulated/0/Android/data/com.boco.apphall/cache/uil-images/5252683xnrtcrm7o65y7uirsl0
05-18 16:03:32.495 E/Cataloger( 1238): need not sync path:/storage/emulated/0/Android/data/com.boco.apphall/cache/uil-images/5252683xnrtcrm7o65y7uirsl0
05-18 16:03:32.505 E/Cataloger( 1238): syncFile:/storage/emulated/0/Android/data/com.boco.apphall/cache/uil-images/2dw14j6zx8fuf59l70lizvt710
05-18 16:03:32.505 E/Cataloger( 1238): need not sync path:/storage/emulated/0/Android/data/com.boco.apphall/cache/uil-images/2dw14j6zx8fuf59l70lizvt710
05-18 16:03:32.505 E/Cataloger( 1238): syncFile:/storage/emulated/0/Android/data/com.boco.apphall/cache/uil-images/64u2kf0bfy71nodbxsvrwaoat0
05-18 16:03:32.515 E/Cataloger( 1238): need not sync path:/storage/emulated/0/Android/data/com.boco.apphall/cache/uil-images/64u2kf0bfy71nodbxsvrwaoat0
05-18 16:03:32.515 E/Cataloger( 1238): syncFile:/storage/emulated/0/Android/data/com.boco.apphall/cache/uil-images/3205omy4td9oxw05yijfjsa900
05-18 16:03:32.525 E/Cataloger( 1238): need not sync path:/storage/emulated/0/Android/data/com.boco.apphall/cache/uil-images/3205omy4td9oxw05yijfjsa900
05-18 16:03:32.525 E/Cataloger( 1238): syncFile:/storage/emulated/0/Android/data/com.boco.apphall/cache/uil-images/journal
05-18 16:03:32.535 E/Cataloger( 1238): need not sync path:/storage/emulated/0/Android/data/com.boco.apphall/cache/uil-images/journal
05-18 16:03:32.545 E/Cataloger( 1238): syncFile:/storage/emulated/0/Android/data/com.boco.apphall/cache/uil-images/1yr55s6idym5vmr2kp828kc730
05-18 16:03:32.545 E/Cataloger( 1238): need not sync path:/storage/emulated/0/Android/data/com.boco.apphall/cache/uil-images/1yr55s6idym5vmr2kp828kc730
05-18 16:03:32.545 E/Cataloger( 1238): syncFile:/storage/emulated/0/Android/data/com.boco.apphall/cache/uil-images/5qxqvdbogs92lp9xsu05v4d050
05-18 16:03:32.545 E/Cataloger( 1238): need not sync path:/storage/emulated/0/Android/data/com.boco.apphall/cache/uil-images/5qxqvdbogs92lp9xsu05v4d050
05-18 16:03:32.545 E/Cataloger( 1238): syncFile:/storage/emulated/0/Android/data/com.boco.apphall/cache/uil-images/4kxgwmqh15kqpdwvd91ok1rs00
05-18 16:03:32.555 E/Cataloger( 1238): need not sync path:/storage/emulated/0/Android/data/com.boco.apphall/cache/uil-images/4kxgwmqh15kqpdwvd91ok1rs00
05-18 16:03:32.565 E/Cataloger( 1238): syncFile:/storage/emulated/0/Android/data/com.boco.apphall/cache/uil-images/5qk5ab5bpi8w4etc52xne53rs0
05-18 16:03:32.565 E/Cataloger( 1238): need not sync path:/storage/emulated/0/Android/data/com.boco.apphall/cache/uil-images/5qk5ab5bpi8w4etc52xne53rs0
05-18 16:03:32.565 E/Cataloger( 1238): syncFile:/storage/emulated/0/Android/data/com.boco.apphall/cache/uil-images/3zj5e7agc5dxrx9zld8s8tazk0
05-18 16:03:32.595 E/Cataloger( 1238): need not sync path:/storage/emulated/0/Android/data/com.boco.apphall/cache/uil-images/3zj5e7agc5dxrx9zld8s8tazk0
05-18 16:03:32.595 E/Cataloger( 1238): syncFile:/storage/emulated/0/Android/data/com.boco.apphall/cache/uil-images/692qxwcqm0v50o6d686e2v3o30
05-18 16:03:32.595 E/Cataloger( 1238): need not sync path:/storage/emulated/0/Android/data/com.boco.apphall/cache/uil-images/692qxwcqm0v50o6d686e2v3o30
05-18 16:03:32.605 E/Cataloger( 1238): syncFile:/storage/emulated/0/Android/data/com.boco.apphall/cache/uil-images/mk3hplefdtlqmx38m1iwlp2r0
05-18 16:03:32.605 E/Cataloger( 1238): need not sync path:/storage/emulated/0/Android/data/com.boco.apphall/cache/uil-images/mk3hplefdtlqmx38m1iwlp2r0
05-18 16:03:32.615 E/Cataloger( 1238): syncFile:/storage/emulated/0/Android/data/com.boco.apphall/cache/uil-images
05-18 16:03:32.625 E/Cataloger( 1238): syncFile:/storage/emulated/0/Android/data/com.boco.apphall/cache
05-18 16:03:32.625 E/Cataloger( 1238): syncFile:/storage/emulated/0/Android/data/com.boco.apphall
05-18 16:03:32.655 E/cutils-trace( 2272): Error opening trace file: No such file or directory (2)
05-18 16:03:33.345 E/GPSManager( 1769): Location changed : Lat: 40.00125 Lng: 105.56358166666665
05-18 16:03:33.675 E/memtrack( 2335): Couldn't load memtrack module (No such file or directory)
05-18 16:03:33.675 E/android.os.Debug( 2335): failed to load memtrack module: -2
05-18 16:03:33.735 E/cutils-trace( 2335): Error opening trace file: No such file or directory (2)
05-18 16:03:34.355 E/GPSManager( 1769): Location changed : Lat: 40.00125 Lng: 105.56358166666665
05-18 16:03:34.735 E/memtrack( 2347): Couldn't load memtrack module (No such file or directory)
05-18 16:03:34.735 E/android.os.Debug( 2347): failed to load memtrack module: -2
05-18 16:03:34.795 E/cutils-trace( 2347): Error opening trace file: No such file or directory (2)
05-18 16:03:35.355 E/GPSManager( 1769): Location changed : Lat: 40.00125 Lng: 105.56358166666665
05-18 16:03:35.975 E/memtrack( 2361): Couldn't load memtrack module (No such file or directory)
05-18 16:03:35.975 E/android.os.Debug( 2361): failed to load memtrack module: -2
05-18 16:03:36.015 E/cutils-trace( 2361): Error opening trace file: No such file or directory (2)
05-18 16:03:36.355 E/GPSManager( 1769): Location changed : Lat: 40.00125 Lng: 105.56358166666665
05-18 16:03:36.955 E/memtrack( 2375): Couldn't load memtrack module (No such file or directory)
05-18 16:03:36.955 E/android.os.Debug( 2375): failed to load memtrack module: -2
05-18 16:03:37.135 E/SA.SensorsDataAPI( 1712): The static method sharedInstance(context, serverURL, configureURL, vtrackServerURL, debugMode) should be called before calling sharedInstance()
05-18 16:03:37.195 E/WorkSourceUtil(  937): Could not find package: io.appium.uiautomator2.server
05-18 16:03:37.405 E/GPSManager( 1769): Location changed : Lat: 40.00125 Lng: 105.56358166666665
05-18 16:03:37.735 E/cutils-trace( 2375): Error opening trace file: No such file or directory (2)
05-18 16:03:38.365 E/GPSManager( 1769): Location changed : Lat: 40.00125 Lng: 105.56358166666665
05-18 16:03:38.385 E/NetworkScheduler.SR(  726): Invalid parameter app
05-18 16:03:38.385 E/NetworkScheduler.SR(  726): Invalid package name : Perhaps you didn't include a PendingIntent in the extras?
05-18 16:03:38.595 E/GCM     (  726): Missing checkin config file
05-18 16:03:38.785 E/Finsky  (  839): [1] com.google.android.finsky.wear.bl.a(847): onConnectionFailed: ConnectionResult{statusCode=API_UNAVAILABLE, resolution=null, message=null}
05-18 16:03:39.375 E/GPSManager( 1769): Location changed : Lat: 40.00125 Lng: 105.56358166666665
05-18 16:03:39.885 E/Cataloger( 1238): syncFile:/storage/emulated/0/backups/system/.timestamp
05-18 16:03:39.895 E/Cataloger( 1238): need not sync path:/storage/emulated/0/backups/system/.timestamp
05-18 16:03:40.145 E/memtrack( 2398): Couldn't load memtrack module (No such file or directory)
05-18 16:03:40.145 E/android.os.Debug( 2398): failed to load memtrack module: -2
05-18 16:03:40.185 E/cutils-trace( 2398): Error opening trace file: No such file or directory (2)
05-18 16:03:40.445 E/GPSManager( 1769): Location changed : Lat: 40.00125 Lng: 105.56358166666665
05-18 16:03:41.185 E/memtrack( 2446): Couldn't load memtrack module (No such file or directory)
05-18 16:03:41.185 E/android.os.Debug( 2446): failed to load memtrack module: -2
05-18 16:03:41.375 E/WorkSourceUtil(  937): Could not find package: io.appium.uiautomator2.server.test
05-18 16:03:41.445 E/SA.SensorsDataAPI( 1712): The static method sharedInstance(context, serverURL, configureURL, vtrackServerURL, debugMode) should be called before calling sharedInstance()
05-18 16:03:41.555 E/cutils-trace( 2446): Error opening trace file: No such file or directory (2)
05-18 16:03:41.585 E/GPSManager( 1769): Location changed : Lat: 40.00125 Lng: 105.56358166666665
05-18 16:03:41.915 E/NetworkScheduler.SR(  726): Invalid parameter app
05-18 16:03:41.915 E/NetworkScheduler.SR(  726): Invalid package name : Perhaps you didn't include a PendingIntent in the extras?
05-18 16:03:42.405 E/GPSManager( 1769): Location changed : Lat: 40.00125 Lng: 105.56358166666665
05-18 16:03:42.485 E/Finsky  (  839): [1] com.google.android.finsky.wear.bl.a(847): onConnectionFailed: ConnectionResult{statusCode=API_UNAVAILABLE, resolution=null, message=null}
05-18 16:03:43.535 E/GPSManager( 1769): Location changed : Lat: 40.00125 Lng: 105.56358166666665
05-18 16:03:43.965 E/memtrack( 2472): Couldn't load memtrack module (No such file or directory)
05-18 16:03:43.965 E/android.os.Debug( 2472): failed to load memtrack module: -2
05-18 16:03:44.425 E/GPSManager( 1769): Location changed : Lat: 40.00125 Lng: 105.56358166666665
05-18 16:03:45.195 E/cutils-trace( 2472): Error opening trace file: No such file or directory (2)
05-18 16:03:45.435 E/GPSManager( 1769): Location changed : Lat: 40.00125 Lng: 105.56358166666665
05-18 16:03:45.645 E/Finsky  (  839): [1] com.google.android.finsky.wear.bl.a(847): onConnectionFailed: ConnectionResult{statusCode=API_UNAVAILABLE, resolution=null, message=null}
05-18 16:03:46.425 E/GPSManager( 1769): Location changed : Lat: 40.00125 Lng: 105.56358166666665
05-18 16:03:47.155 E/memtrack( 2516): Couldn't load memtrack module (No such file or directory)
05-18 16:03:47.155 E/android.os.Debug( 2516): failed to load memtrack module: -2
05-18 16:03:47.425 E/GPSManager( 1769): Location changed : Lat: 40.00125 Lng: 105.56358166666665
05-18 16:03:48.365 E/Finsky  (  839): [1] com.google.android.finsky.wear.bl.a(847): onConnectionFailed: ConnectionResult{statusCode=API_UNAVAILABLE, resolution=null, message=null}
05-18 16:03:48.635 E/cutils-trace( 2516): Error opening trace file: No such file or directory (2)
05-18 16:03:48.735 E/GPSManager( 1769): Location changed : Lat: 40.00125 Lng: 105.56358166666665
05-18 16:03:49.425 E/GPSManager( 1769): Location changed : Lat: 40.00125 Lng: 105.56358166666665
05-18 16:03:49.795 E/memtrack( 2544): Couldn't load memtrack module (No such file or directory)
05-18 16:03:49.795 E/android.os.Debug( 2544): failed to load memtrack module: -2
05-18 16:03:50.425 E/GPSManager( 1769): Location changed : Lat: 40.00125 Lng: 105.56358166666665
05-18 16:03:51.635 E/GPSManager( 1769): Location changed : Lat: 40.00125 Lng: 105.56358166666665
05-18 16:03:52.455 E/GPSManager( 1769): Location changed : Lat: 40.00125 Lng: 105.56358166666665
05-18 16:03:52.995 E/memtrack( 2575): Couldn't load memtrack module (No such file or directory)
05-18 16:03:52.995 E/android.os.Debug( 2575): failed to load memtrack module: -2
05-18 16:03:53.585 E/GPSManager( 1769): Location changed : Lat: 40.00125 Lng: 105.56358166666665
05-18 16:03:54.425 E/Cataloger( 1238): syncFile:/storage/emulated/0/Android/data/com.boco.apphall
05-18 16:03:54.425 E/Cataloger( 1238): 创建一个目录:/storage/emulated/0/Android/data/com.boco.apphall
05-18 16:03:54.425 E/Cataloger( 1238): 扫描新建目录：/storage/emulated/0/Android/data/com.boco.apphall
05-18 16:03:54.445 E/GPSManager( 1769): Location changed : Lat: 40.00125 Lng: 105.56358166666665
05-18 16:03:54.455 E/Cataloger( 1238): syncFile:/storage/emulated/0/Android/data/com.boco.apphall/cache
05-18 16:03:54.455 E/Cataloger( 1238): 创建一个目录:/storage/emulated/0/Android/data/com.boco.apphall/cache
05-18 16:03:54.455 E/Cataloger( 1238): 扫描新建目录：/storage/emulated/0/Android/data/com.boco.apphall/cache
05-18 16:03:54.455 E/Cataloger( 1238): syncFile:/storage/emulated/0/Android/data/com.boco.apphall/cache/.nomedia
05-18 16:03:54.455 E/Cataloger( 1238): need not sync path:/storage/emulated/0/Android/data/com.boco.apphall/cache/.nomedia
05-18 16:03:54.465 E/Cataloger( 1238): syncFile:/storage/emulated/0/Android/data/com.boco.apphall/cache/.nomedia
05-18 16:03:54.465 E/Cataloger( 1238): need not sync path:/storage/emulated/0/Android/data/com.boco.apphall/cache/.nomedia
05-18 16:03:54.465 E/Cataloger( 1238): syncFile:/storage/emulated/0/Android/data/com.boco.apphall/cache/uil-images
05-18 16:03:54.465 E/Cataloger( 1238): 创建一个目录:/storage/emulated/0/Android/data/com.boco.apphall/cache/uil-images
05-18 16:03:54.465 E/Cataloger( 1238): 扫描新建目录：/storage/emulated/0/Android/data/com.boco.apphall/cache/uil-images
05-18 16:03:54.485 E/Cataloger( 1238): syncFile:/storage/emulated/0/Android/data/com.boco.apphall/cache/uil-images/journal.tmp
