05-18 11:46:03.681 E/WifiStateMachine(  851):  ConnectedState (when=-1ms what=131155 arg1=591!CMD_RSSI_POLL 591 0 "BOCO-office" 94:b4:0f:68:a4:b1 rssi=-50 f=5785 sc=80 link=135 tx=7.1, 0.0, 0.0  rx=22.8 bcn=0 [on:0 tx:0 rx:0 period:2999] from screen [on:0 period:617722753] gl rssi=-50 ag=0 hr ticks 314,77,51 ls-=0 [56,56,60,60,65] brc=0 lrc=0
05-18 11:46:03.683 E/WifiStateMachine(  851):  L2ConnectedState (when=-2ms what=131155 arg1=591!CMD_RSSI_POLL 591 0 "BOCO-office" 94:b4:0f:68:a4:b1 rssi=-50 f=5785 sc=80 link=135 tx=7.1, 0.0, 0.0  rx=22.8 bcn=0 [on:0 tx:0 rx:0 period:2] from screen [on:0 period:617722755] gl rssi=-50 ag=0 hr ticks 314,77,51 ls-=0 [56,56,60,60,65] brc=0 lrc=0
05-18 11:46:03.683 E/WifiStateMachine(  851):  get link layer stats 0
05-18 11:46:03.685 E/WifiStateMachine(  851): calculateWifiScore() we set wifi's score to 1000, so will always set wifi as a default network.
05-18 11:46:04.077 E/WifiTrafficPoller(  851): TRAFFIC_STATS_POLL true Token 2644 num clients 19
05-18 11:46:04.078 E/WifiTrafficPoller(  851):  packet count Tx=1851887 Rx=6042200
05-18 11:46:05.078 E/WifiTrafficPoller(  851): TRAFFIC_STATS_POLL true Token 2644 num clients 19
05-18 11:46:05.079 E/WifiTrafficPoller(  851):  packet count Tx=1851888 Rx=6042226
05-18 11:46:06.080 E/WifiTrafficPoller(  851): TRAFFIC_STATS_POLL true Token 2644 num clients 19
05-18 11:46:06.082 E/WifiTrafficPoller(  851):  packet count Tx=1851892 Rx=6042246
05-18 11:46:06.689 E/WifiStateMachine(  851):  ConnectedState (when=-3ms what=131155 arg1=591!CMD_RSSI_POLL 591 0 "BOCO-office" 94:b4:0f:68:a4:b1 rssi=-51 f=5785 sc=80 link=135 tx=12.1, 0.0, 0.0  rx=45.4 bcn=0 [on:0 tx:0 rx:0 period:2999] from screen [on:0 period:617725761] gl rssi=-51 ag=0 hr ticks 314,77,51 ls-=0 [56,56,60,60,65] brc=0 lrc=0
05-18 11:46:06.692 E/WifiStateMachine(  851):  L2ConnectedState (when=-5ms what=131155 arg1=591!CMD_RSSI_POLL 591 0 "BOCO-office" 94:b4:0f:68:a4:b1 rssi=-51 f=5785 sc=80 link=135 tx=12.1, 0.0, 0.0  rx=45.4 bcn=0 [on:0 tx:0 rx:0 period:3] from screen [on:0 period:617725764] gl rssi=-51 ag=0 hr ticks 314,77,51 ls-=0 [56,56,60,60,65] brc=0 lrc=0
05-18 11:46:06.692 E/WifiStateMachine(  851):  get link layer stats 0
05-18 11:46:06.697 E/WifiStateMachine(  851): calculateWifiScore() we set wifi's score to 1000, so will always set wifi as a default network.
05-18 11:46:07.082 E/WifiTrafficPoller(  851): TRAFFIC_STATS_POLL true Token 2644 num clients 19
05-18 11:46:07.083 E/WifiTrafficPoller(  851):  packet count Tx=1851896 Rx=6042268
05-18 11:46:07.132 E/SurfaceFlinger(  285): onDraw: bindTextureImage test
05-18 11:46:07.149 E/SurfaceFlinger(  285): onDraw: bindTextureImage test
05-18 11:46:07.165 E/SurfaceFlinger(  285): onDraw: bindTextureImage test
05-18 11:46:07.182 E/SurfaceFlinger(  285): onDraw: bindTextureImage test
05-18 11:46:07.200 E/SurfaceFlinger(  285): onDraw: bindTextureImage test
05-18 11:46:07.217 E/SurfaceFlinger(  285): onDraw: bindTextureImage test
05-18 11:46:07.233 E/SurfaceFlinger(  285): onDraw: bindTextureImage test
05-18 11:46:08.084 E/WifiTrafficPoller(  851): TRAFFIC_STATS_POLL true Token 2644 num clients 19
05-18 11:46:08.085 E/WifiTrafficPoller(  851):  packet count Tx=1851896 Rx=6042283
05-18 11:46:08.085 E/WifiTrafficPoller(  851): notifying of data activity 1
05-18 11:46:08.528 E/SurfaceFlinger(  285): onDraw: bindTextureImage test
05-18 11:46:08.545 E/SurfaceFlinger(  285): onDraw: bindTextureImage test
05-18 11:46:08.561 E/SurfaceFlinger(  285): onDraw: bindTextureImage test
05-18 11:46:08.579 E/SurfaceFlinger(  285): onDraw: bindTextureImage test
05-18 11:46:09.062 E/memtrack( 8776): Couldn't load memtrack module (No such file or directory)
05-18 11:46:09.062 E/android.os.Debug( 8776): failed to load memtrack module: -2
05-18 11:46:09.115 E/WifiTrafficPoller(  851): TRAFFIC_STATS_POLL true Token 2644 num clients 19
05-18 11:46:09.116 E/WifiTrafficPoller(  851):  packet count Tx=1851896 Rx=6042300
05-18 11:46:09.150 E/SurfaceFlinger(  285): onDraw: bindTextureImage test
05-18 11:46:09.167 E/SurfaceFlinger(  285): onDraw: bindTextureImage test
05-18 11:46:09.184 E/SurfaceFlinger(  285): onDraw: bindTextureImage test
05-18 11:46:09.201 E/SurfaceFlinger(  285): onDraw: bindTextureImage test
05-18 11:46:09.218 E/SurfaceFlinger(  285): onDraw: bindTextureImage test
05-18 11:46:09.234 E/SurfaceFlinger(  285): onDraw: bindTextureImage test
05-18 11:46:09.251 E/SurfaceFlinger(  285): onDraw: bindTextureImage test
05-18 11:46:09.268 E/SurfaceFlinger(  285): onDraw: bindTextureImage test
05-18 11:46:09.700 E/WifiStateMachine(  851):  ConnectedState (when=-2ms what=131155 arg1=591!CMD_RSSI_POLL 591 0 "BOCO-office" 94:b4:0f:68:a4:b1 rssi=-51 f=5785 sc=80 link=135 tx=10.5, 0.0, 0.0  rx=57.2 bcn=0 [on:0 tx:0 rx:0 period:2999] from screen [on:0 period:617728772] gl rssi=-51 ag=0 hr ticks 314,77,51 ls-=0 [56,56,60,60,65] brc=0 lrc=0
05-18 11:46:09.702 E/WifiStateMachine(  851):  L2ConnectedState (when=-3ms what=131155 arg1=591!CMD_RSSI_POLL 591 0 "BOCO-office" 94:b4:0f:68:a4:b1 rssi=-51 f=5785 sc=80 link=135 tx=10.5, 0.0, 0.0  rx=57.2 bcn=0 [on:0 tx:0 rx:0 period:2] from screen [on:0 period:617728774] gl rssi=-51 ag=0 hr ticks 314,77,51 ls-=0 [56,56,60,60,65] brc=0 lrc=0
05-18 11:46:09.702 E/WifiStateMachine(  851):  get link layer stats 0
05-18 11:46:09.720 E/WifiStateMachine(  851): calculateWifiScore() we set wifi's score to 1000, so will always set wifi as a default network.
05-18 11:46:10.117 E/WifiTrafficPoller(  851): TRAFFIC_STATS_POLL true Token 2644 num clients 19
05-18 11:46:10.118 E/WifiTrafficPoller(  851):  packet count Tx=1851896 Rx=6042312
05-18 11:46:11.119 E/WifiTrafficPoller(  851): TRAFFIC_STATS_POLL true Token 2644 num clients 19
05-18 11:46:11.120 E/WifiTrafficPoller(  851):  packet count Tx=1851896 Rx=6042329
05-18 11:46:11.977 E/SurfaceFlinger(  285): onDraw: bindTextureImage test
05-18 11:46:11.994 E/SurfaceFlinger(  285): onDraw: bindTextureImage test
05-18 11:46:12.011 E/SurfaceFlinger(  285): onDraw: bindTextureImage test
05-18 11:46:12.027 E/SurfaceFlinger(  285): onDraw: bindTextureImage test
05-18 11:46:12.044 E/SurfaceFlinger(  285): onDraw: bindTextureImage test
05-18 11:46:12.061 E/SurfaceFlinger(  285): onDraw: bindTextureImage test
05-18 11:46:12.078 E/SurfaceFlinger(  285): onDraw: bindTextureImage test
05-18 11:46:12.094 E/SurfaceFlinger(  285): onDraw: bindTextureImage test
05-18 11:46:12.111 E/SurfaceFlinger(  285): onDraw: bindTextureImage test
05-18 11:46:12.121 E/WifiTrafficPoller(  851): TRAFFIC_STATS_POLL true Token 2644 num clients 19
05-18 11:46:12.121 E/WifiTrafficPoller(  851):  packet count Tx=1851897 Rx=6042353
05-18 11:46:12.121 E/WifiTrafficPoller(  851): notifying of data activity 3
05-18 11:46:12.724 E/WifiStateMachine(  851):  ConnectedState (when=-3ms what=131155 arg1=591!CMD_RSSI_POLL 591 0 "BOCO-office" 94:b4:0f:68:a4:b1 rssi=-49 f=5785 sc=80 link=135 tx=5.3, 0.0, 0.0  rx=52.6 bcn=0 [on:0 tx:0 rx:0 period:3003] from screen [on:0 period:617731796] gl rssi=-49 ag=0 hr ticks 314,77,51 ls-=0 [56,56,60,60,65] brc=0 lrc=0
05-18 11:46:12.726 E/WifiStateMachine(  851):  L2ConnectedState (when=-5ms what=131155 arg1=591!CMD_RSSI_POLL 591 0 "BOCO-office" 94:b4:0f:68:a4:b1 rssi=-49 f=5785 sc=80 link=135 tx=5.3, 0.0, 0.0  rx=52.6 bcn=0 [on:0 tx:0 rx:0 period:2] from screen [on:0 period:617731798] gl rssi=-49 ag=0 hr ticks 314,77,51 ls-=0 [56,56,60,60,65] brc=0 lrc=0
05-18 11:46:12.726 E/WifiStateMachine(  851):  get link layer stats 0
05-18 11:46:12.750 E/WifiStateMachine(  851): calculateWifiScore() we set wifi's score to 1000, so will always set wifi as a default network.
05-18 11:46:13.123 E/WifiTrafficPoller(  851): TRAFFIC_STATS_POLL true Token 2644 num clients 19
05-18 11:46:13.124 E/WifiTrafficPoller(  851):  packet count Tx=1851898 Rx=6042368
05-18 11:46:13.760 E/ztesoft_andorid_pn_XmppManager( 8665): Unknown error while registering XMPP account! internal-server-error
05-18 11:46:14.048 E/SurfaceFlinger(  285): onDraw: bindTextureImage test
05-18 11:46:14.064 E/SurfaceFlinger(  285): onDraw: bindTextureImage test
05-18 11:46:14.080 E/SurfaceFlinger(  285): onDraw: bindTextureImage test
05-18 11:46:14.097 E/SurfaceFlinger(  285): onDraw: bindTextureImage test
05-18 11:46:14.113 E/SurfaceFlinger(  285): onDraw: bindTextureImage test
05-18 11:46:14.125 E/WifiTrafficPoller(  851): TRAFFIC_STATS_POLL true Token 2644 num clients 19
05-18 11:46:14.126 E/WifiTrafficPoller(  851):  packet count Tx=1851904 Rx=6042396
05-18 11:46:14.130 E/SurfaceFlinger(  285): onDraw: bindTextureImage test
05-18 11:46:14.147 E/SurfaceFlinger(  285): onDraw: bindTextureImage test
05-18 11:46:15.126 E/WifiTrafficPoller(  851): TRAFFIC_STATS_POLL true Token 2644 num clients 19
05-18 11:46:15.127 E/WifiTrafficPoller(  851):  packet count Tx=1851905 Rx=6042412
05-18 11:46:15.755 E/WifiStateMachine(  851):  ConnectedState (when=-3ms what=131155 arg1=591!CMD_RSSI_POLL 591 0 "BOCO-office" 94:b4:0f:68:a4:b1 rssi=-50 f=5785 sc=80 link=135 tx=3.1, 0.0, 0.0  rx=54.3 bcn=0 [on:0 tx:0 rx:0 period:3002] from screen [on:0 period:617734827] gl rssi=-50 ag=0 hr ticks 314,77,51 ls-=0 [56,56,56,56,61] brc=0 lrc=0
05-18 11:46:15.757 E/WifiStateMachine(  851):  L2ConnectedState (when=-6ms what=131155 arg1=591!CMD_RSSI_POLL 591 0 "BOCO-office" 94:b4:0f:68:a4:b1 rssi=-50 f=5785 sc=80 link=135 tx=3.1, 0.0, 0.0  rx=54.3 bcn=0 [on:0 tx:0 rx:0 period:2] from screen [on:0 period:617734829] gl rssi=-50 ag=0 hr ticks 314,77,51 ls-=0 [56,56,56,56,61] brc=0 lrc=0
05-18 11:46:15.758 E/WifiStateMachine(  851):  get link layer stats 0
05-18 11:46:15.762 E/WifiStateMachine(  851): calculateWifiScore() we set wifi's score to 1000, so will always set wifi as a default network.
05-18 11:46:16.127 E/WifiTrafficPoller(  851): TRAFFIC_STATS_POLL true Token 2644 num clients 19
05-18 11:46:16.128 E/WifiTrafficPoller(  851):  packet count Tx=1851906 Rx=6042437
05-18 11:46:16.468 E/SurfaceFlinger(  285): onDraw: bindTextureImage test
05-18 11:46:16.487 E/SurfaceFlinger(  285): onDraw: bindTextureImage test
05-18 11:46:16.502 E/SurfaceFlinger(  285): onDraw: bindTextureImage test
05-18 11:46:16.520 E/SurfaceFlinger(  285): onDraw: bindTextureImage test
05-18 11:46:16.536 E/SurfaceFlinger(  285): onDraw: bindTextureImage test
05-18 11:46:16.552 E/SurfaceFlinger(  285): onDraw: bindTextureImage test
05-18 11:46:16.569 E/SurfaceFlinger(  285): onDraw: bindTextureImage test
05-18 11:46:16.586 E/SurfaceFlinger(  285): onDraw: bindTextureImage test
05-18 11:46:16.603 E/SurfaceFlinger(  285): onDraw: bindTextureImage test
05-18 11:46:17.129 E/WifiTrafficPoller(  851): TRAFFIC_STATS_POLL true Token 2644 num clients 19
05-18 11:46:17.130 E/WifiTrafficPoller(  851):  packet count Tx=1851907 Rx=6042454
05-18 11:46:18.131 E/WifiTrafficPoller(  851): TRAFFIC_STATS_POLL true Token 2644 num clients 19
05-18 11:46:18.132 E/WifiTrafficPoller(  851):  packet count Tx=1851917 Rx=6042476
05-18 11:46:18.765 E/WifiStateMachine(  851):  ConnectedState (when=-3ms what=131155 arg1=591!CMD_RSSI_POLL 591 0 "BOCO-office" 94:b4:0f:68:a4:b1 rssi=-51 f=5785 sc=80 link=135 tx=6.1, 0.0, 0.0  rx=61.1 bcn=0 [on:0 tx:0 rx:0 period:3001] from screen [on:0 period:617737837] gl rssi=-51 ag=0 hr ticks 314,77,51 ls-=0 [56,56,60,60,65] brc=0 lrc=0
05-18 11:46:18.772 E/WifiStateMachine(  851):  L2ConnectedState (when=-9ms what=131155 arg1=591!CMD_RSSI_POLL 591 0 "BOCO-office" 94:b4:0f:68:a4:b1 rssi=-51 f=5785 sc=80 link=135 tx=6.1, 0.0, 0.0  rx=61.1 bcn=0 [on:0 tx:0 rx:0 period:7] from screen [on:0 period:617737844] gl rssi=-51 ag=0 hr ticks 314,77,51 ls-=0 [56,56,60,60,65] brc=0 lrc=0
05-18 11:46:18.777 E/WifiStateMachine(  851):  get link layer stats 0
05-18 11:46:18.803 E/WifiStateMachine(  851): calculateWifiScore() we set wifi's score to 1000, so will always set wifi as a default network.
05-18 11:46:19.133 E/WifiTrafficPoller(  851): TRAFFIC_STATS_POLL true Token 2644 num clients 19
05-18 11:46:19.133 E/WifiTrafficPoller(  851):  packet count Tx=1851917 Rx=6042492
05-18 11:46:19.133 E/WifiTrafficPoller(  851): notifying of data activity 1
05-18 11:46:19.211 E/SurfaceFlinger(  285): onDraw: bindTextureImage test
05-18 11:46:19.228 E/SurfaceFlinger(  285): onDraw: bindTextureImage test
05-18 11:46:19.244 E/SurfaceFlinger(  285): onDraw: bindTextureImage test
05-18 11:46:19.261 E/SurfaceFlinger(  285): onDraw: bindTextureImage test
05-18 11:46:19.283 E/SurfaceFlinger(  285): onDraw: bindTextureImage test
05-18 11:46:19.296 E/SurfaceFlinger(  285): onDraw: bindTextureImage test
05-18 11:46:19.311 E/SurfaceFlinger(  285): onDraw: bindTextureImage test
05-18 11:46:20.135 E/WifiTrafficPoller(  851): TRAFFIC_STATS_POLL true Token 2644 num clients 19
05-18 11:46:20.136 E/WifiTrafficPoller(  851):  packet count Tx=1851917 Rx=6042500
05-18 11:46:20.951 E/memtrack( 8798): Couldn't load memtrack module (No such file or directory)
05-18 11:46:20.951 E/android.os.Debug( 8798): failed to load memtrack module: -2
05-18 11:46:21.135 E/WifiTrafficPoller(  851): TRAFFIC_STATS_POLL true Token 2644 num clients 19
05-18 11:46:21.136 E/WifiTrafficPoller(  851):  packet count Tx=1851921 Rx=6042522
05-18 11:46:21.136 E/WifiTrafficPoller(  851): notifying of data activity 3
05-18 11:46:21.809 E/WifiStateMachine(  851):  ConnectedState (when=-2ms what=131155 arg1=591!CMD_RSSI_POLL 591 0 "BOCO-office" 94:b4:0f:68:a4:b1 rssi=-50 f=5785 sc=80 link=135 tx=8.5, 0.0, 0.0  rx=57.1 bcn=0 [on:0 tx:0 rx:0 period:2989] from screen [on:0 period:617740881] gl rssi=-50 ag=0 hr ticks 314,77,51 ls-=0 [56,56,60,60,65] brc=0 lrc=0
05-18 11:46:21.810 E/WifiStateMachine(  851):  L2ConnectedState (when=-3ms what=131155 arg1=591!CMD_RSSI_POLL 591 0 "BOCO-office" 94:b4:0f:68:a4:b1 rssi=-50 f=5785 sc=80 link=135 tx=8.5, 0.0, 0.0  rx=57.1 bcn=0 [on:0 tx:0 rx:0 period:1] from screen [on:0 period:617740882] gl rssi=-50 ag=0 hr ticks 314,77,51 ls-=0 [56,56,60,60,65] brc=0 lrc=0
05-18 11:46:21.810 E/WifiStateMachine(  851):  get link layer stats 0
05-18 11:46:21.814 E/WifiStateMachine(  851): calculateWifiScore() we set wifi's score to 1000, so will always set wifi as a default network.
05-18 11:46:22.137 E/WifiTrafficPoller(  851): TRAFFIC_STATS_POLL true Token 2644 num clients 19
05-18 11:46:22.137 E/WifiTrafficPoller(  851):  packet count Tx=1851925 Rx=6042541
05-18 11:46:23.138 E/WifiTrafficPoller(  851): TRAFFIC_STATS_POLL true Token 2644 num clients 19
05-18 11:46:23.140 E/WifiTrafficPoller(  851):  packet count Tx=1851932 Rx=6042550
05-18 11:46:24.140 E/WifiTrafficPoller(  851): TRAFFIC_STATS_POLL true Token 2644 num clients 19
05-18 11:46:24.142 E/WifiTrafficPoller(  851):  packet count Tx=1851932 Rx=6042558
05-18 11:46:24.142 E/WifiTrafficPoller(  851): notifying of data activity 1
05-18 11:46:24.819 E/WifiStateMachine(  851):  ConnectedState (when=-4ms what=131155 arg1=591!CMD_RSSI_POLL 591 0 "BOCO-office" 94:b4:0f:68:a4:b1 rssi=-51 f=5785 sc=80 link=135 tx=8.3, 0.0, 0.0  rx=55.0 bcn=0 [on:0 tx:0 rx:0 period:3002] from screen [on:0 period:617743891] gl rssi=-51 ag=0 hr ticks 314,77,51 ls-=0 [56,56,60,60,65] brc=0 lrc=0
05-18 11:46:24.821 E/WifiStateMachine(  851):  L2ConnectedState (when=-6ms what=131155 arg1=591!CMD_RSSI_POLL 591 0 "BOCO-office" 94:b4:0f:68:a4:b1 rssi=-51 f=5785 sc=80 link=135 tx=8.3, 0.0, 0.0  rx=55.0 bcn=0 [on:0 tx:0 rx:0 period:2] from screen [on:0 period:617743893] gl rssi=-51 ag=0 hr ticks 314,77,51 ls-=0 [56,56,60,60,65] brc=0 lrc=0
05-18 11:46:24.822 E/WifiStateMachine(  851):  get link layer stats 0
05-18 11:46:24.840 E/WifiStateMachine(  851): calculateWifiScore() we set wifi's score to 1000, so will always set wifi as a default network.
05-18 11:46:25.145 E/WifiTrafficPoller(  851): TRAFFIC_STATS_POLL true Token 2644 num clients 19
05-18 11:46:25.146 E/WifiTrafficPoller(  851):  packet count Tx=1851933 Rx=6042571
05-18 11:46:25.146 E/WifiTrafficPoller(  851): notifying of data activity 3
05-18 11:46:26.151 E/WifiTrafficPoller(  851): TRAFFIC_STATS_POLL true Token 2644 num clients 19
05-18 11:46:26.152 E/WifiTrafficPoller(  851):  packet count Tx=1851933 Rx=6042582
05-18 11:46:26.152 E/WifiTrafficPoller(  851): notifying of data activity 1
05-18 11:46:27.171 E/WifiTrafficPoller(  851): TRAFFIC_STATS_POLL true Token 2644 num clients 19
05-18 11:46:27.172 E/WifiTrafficPoller(  851):  packet count Tx=1851935 Rx=6042596
05-18 11:46:27.172 E/WifiTrafficPoller(  851): notifying of data activity 3
05-18 11:46:27.843 E/WifiStateMachine(  851):  ConnectedState (when=-2ms what=131155 arg1=591!CMD_RSSI_POLL 591 0 "BOCO-office" 94:b4:0f:68:a4:b1 rssi=-50 f=5785 sc=80 link=135 tx=7.6, 0.0, 0.0  rx=42.0 bcn=0 [on:0 tx:0 rx:0 period:3000] from screen [on:0 period:617746915] gl rssi=-50 ag=0 hr ticks 314,77,51 ls-=0 [56,56,60,60,65] brc=0 lrc=0
05-18 11:46:27.845 E/WifiStateMachine(  851):  L2ConnectedState (when=-4ms what=131155 arg1=591!CMD_RSSI_POLL 591 0 "BOCO-office" 94:b4:0f:68:a4:b1 rssi=-50 f=5785 sc=80 link=135 tx=7.6, 0.0, 0.0  rx=42.0 bcn=0 [on:0 tx:0 rx:0 period:2] from screen [on:0 period:617746917] gl rssi=-50 ag=0 hr ticks 314,77,51 ls-=0 [56,56,60,60,65] brc=0 lrc=0
05-18 11:46:27.845 E/WifiStateMachine(  851):  get link layer stats 0
05-18 11:46:27.870 E/WifiStateMachine(  851): calculateWifiScore() we set wifi's score to 1000, so will always set wifi as a default network.
05-18 11:46:28.194 E/WifiTrafficPoller(  851): TRAFFIC_STATS_POLL true Token 2644 num clients 19
05-18 11:46:28.195 E/WifiTrafficPoller(  851):  packet count Tx=1851936 Rx=6042605
05-18 11:46:28.651 E/memtrack( 8820): Couldn't load memtrack module (No such file or directory)
05-18 11:46:28.652 E/android.os.Debug( 8820): failed to load memtrack module: -2
05-18 11:46:28.891 E/libprocessgroup(  851): failed to kill 1 processes for processgroup 8062
05-18 11:46:29.196 E/WifiTrafficPoller(  851): TRAFFIC_STATS_POLL true Token 2644 num clients 19
05-18 11:46:29.196 E/WifiTrafficPoller(  851):  packet count Tx=1851949 Rx=6042637
05-18 11:46:30.197 E/WifiTrafficPoller(  851): TRAFFIC_STATS_POLL true Token 2644 num clients 19
05-18 11:46:30.198 E/WifiTrafficPoller(  851):  packet count Tx=1851950 Rx=6042668
05-18 11:46:30.874 E/WifiStateMachine(  851):  ConnectedState (when=-3ms what=131155 arg1=591!CMD_RSSI_POLL 591 0 "BOCO-office" 94:b4:0f:68:a4:b1 rssi=-50 f=5785 sc=80 link=135 tx=5.3, 0.0, 0.0  rx=39.5 bcn=0 [on:0 tx:0 rx:0 period:3001] from screen [on:0 period:617749946] gl rssi=-50 ag=0 hr ticks 314,77,51 ls-=0 [56,56,60,60,65] brc=0 lrc=0
05-18 11:46:30.876 E/WifiStateMachine(  851):  L2ConnectedState (when=-4ms what=131155 arg1=591!CMD_RSSI_POLL 591 0 "BOCO-office" 94:b4:0f:68:a4:b1 rssi=-50 f=5785 sc=80 link=135 tx=5.3, 0.0, 0.0  rx=39.5 bcn=0 [on:0 tx:0 rx:0 period:1] from screen [on:0 period:617749947] gl rssi=-50 ag=0 hr ticks 314,77,51 ls-=0 [56,56,60,60,65] brc=0 lrc=0
05-18 11:46:30.876 E/WifiStateMachine(  851):  get link layer stats 0
05-18 11:46:30.879 E/WifiStateMachine(  851): calculateWifiScore() we set wifi's score to 1000, so will always set wifi as a default network.
05-18 11:46:31.198 E/WifiTrafficPoller(  851): TRAFFIC_STATS_POLL true Token 2644 num clients 19
05-18 11:46:31.199 E/WifiTrafficPoller(  851):  packet count Tx=1851950 Rx=6042687
05-18 11:46:31.199 E/WifiTrafficPoller(  851): notifying of data activity 1
05-18 11:46:32.201 E/WifiTrafficPoller(  851): TRAFFIC_STATS_POLL true Token 2644 num clients 19
05-18 11:46:32.201 E/WifiTrafficPoller(  851):  packet count Tx=1851952 Rx=6042704
05-18 11:46:32.201 E/WifiTrafficPoller(  851): notifying of data activity 3
05-18 11:46:33.202 E/WifiTrafficPoller(  851): TRAFFIC_STATS_POLL true Token 2644 num clients 19
05-18 11:46:33.204 E/WifiTrafficPoller(  851):  packet count Tx=1851952 Rx=6042726
05-18 11:46:33.204 E/WifiTrafficPoller(  851): notifying of data activity 1
05-18 11:46:33.883 E/WifiStateMachine(  851):  ConnectedState (when=-4ms what=131155 arg1=591!CMD_RSSI_POLL 591 0 "BOCO-office" 94:b4:0f:68:a4:b1 rssi=-52 f=5785 sc=80 link=135 tx=10.2, 0.0, 0.0  rx=59.3 bcn=0 [on:0 tx:0 rx:0 period:3003] from screen [on:0 period:617752955] gl rssi=-52 ag=0 hr ticks 314,77,51 ls-=0 [56,56,60,60,65] brc=0 lrc=0
05-18 11:46:33.885 E/WifiStateMachine(  851):  L2ConnectedState (when=-6ms what=131155 arg1=591!CMD_RSSI_POLL 591 0 "BOCO-office" 94:b4:0f:68:a4:b1 rssi=-52 f=5785 sc=80 link=135 tx=10.2, 0.0, 0.0  rx=59.3 bcn=0 [on:0 tx:0 rx:0 period:2] from screen [on:0 period:617752957] gl rssi=-52 ag=0 hr ticks 314,77,51 ls-=0 [56,56,60,60,65] brc=0 lrc=0
05-18 11:46:33.885 E/WifiStateMachine(  851):  get link layer stats 0
05-18 11:46:33.891 E/WifiStateMachine(  851): calculateWifiScore() we set wifi's score to 1000, so will always set wifi as a default network.
05-18 11:46:34.217 E/WifiTrafficPoller(  851): TRAFFIC_STATS_POLL true Token 2644 num clients 19
05-18 11:46:34.218 E/WifiTrafficPoller(  851):  packet count Tx=1851954 Rx=6042753
05-18 11:46:34.219 E/WifiTrafficPoller(  851): notifying of data activity 3
05-18 11:46:35.236 E/WifiTrafficPoller(  851): TRAFFIC_STATS_POLL true Token 2644 num clients 19
05-18 11:46:35.236 E/WifiTrafficPoller(  851):  packet count Tx=1851954 Rx=6042768
05-18 11:46:35.236 E/WifiTrafficPoller(  851): notifying of data activity 1
05-18 11:46:36.239 E/WifiTrafficPoller(  851): TRAFFIC_STATS_POLL true Token 2644 num clients 19
05-18 11:46:36.239 E/WifiTrafficPoller(  851):  packet count Tx=1851954 Rx=6042794
05-18 11:46:36.896 E/WifiStateMachine(  851):  ConnectedState (when=-3ms what=131155 arg1=591!CMD_RSSI_POLL 591 0 "BOCO-office" 94:b4:0f:68:a4:b1 rssi=-50 f=5785 sc=80 link=135 tx=7.1, 0.0, 0.0  rx=62.6 bcn=0 [on:0 tx:0 rx:0 period:3002] from screen [on:0 period:617755968] gl rssi=-50 ag=0 hr ticks 314,77,51 ls-=0 [56,56,60,60,65] brc=0 lrc=0
05-18 11:46:36.903 E/WifiStateMachine(  851):  L2ConnectedState (when=-10ms what=131155 arg1=591!CMD_RSSI_POLL 591 0 "BOCO-office" 94:b4:0f:68:a4:b1 rssi=-50 f=5785 sc=80 link=135 tx=7.1, 0.0, 0.0  rx=62.6 bcn=0 [on:0 tx:0 rx:0 period:7] from screen [on:0 period:617755975] gl rssi=-50 ag=0 hr ticks 314,77,51 ls-=0 [56,56,60,60,65] brc=0 lrc=0
05-18 11:46:36.908 E/WifiStateMachine(  851):  get link layer stats 0
05-18 11:46:36.918 E/WifiStateMachine(  851): calculateWifiScore() we set wifi's score to 1000, so will always set wifi as a default network.
05-18 11:46:37.239 E/WifiTrafficPoller(  851): TRAFFIC_STATS_POLL true Token 2644 num clients 19
05-18 11:46:37.240 E/WifiTrafficPoller(  851):  packet count Tx=1851961 Rx=6042826
05-18 11:46:37.240 E/WifiTrafficPoller(  851): notifying of data activity 3
05-18 11:46:38.242 E/WifiTrafficPoller(  851): TRAFFIC_STATS_POLL true Token 2644 num clients 19
05-18 11:46:38.243 E/WifiTrafficPoller(  851):  packet count Tx=1851962 Rx=6042842
05-18 11:46:39.244 E/WifiTrafficPoller(  851): TRAFFIC_STATS_POLL true Token 2644 num clients 19
05-18 11:46:39.245 E/WifiTrafficPoller(  851):  packet count Tx=1851963 Rx=6042869
05-18 11:46:39.927 E/WifiStateMachine(  851):  ConnectedState (when=-4ms what=131155 arg1=591!CMD_RSSI_POLL 591 0 "BOCO-office" 94:b4:0f:68:a4:b1 rssi=-49 f=5785 sc=80 link=135 tx=6.5, 0.0, 0.0  rx=64.8 bcn=0 [on:0 tx:0 rx:0 period:2997] from screen [on:0 period:617758999] gl rssi=-49 ag=0 hr ticks 314,77,51 ls-=0 [56,56,60,60,65] brc=0 lrc=0
05-18 11:46:39.934 E/WifiStateMachine(  851):  L2ConnectedState (when=-11ms what=131155 arg1=591!CMD_RSSI_POLL 591 0 "BOCO-office" 94:b4:0f:68:a4:b1 rssi=-49 f=5785 sc=80 link=135 tx=6.5, 0.0, 0.0  rx=64.8 bcn=0 [on:0 tx:0 rx:0 period:7] from screen [on:0 period:617759006] gl rssi=-49 ag=0 hr ticks 314,77,51 ls-=0 [56,56,60,60,65] brc=0 lrc=0
05-18 11:46:39.937 E/WifiStateMachine(  851):  get link layer stats 0
05-18 11:46:39.948 E/WifiStateMachine(  851): calculateWifiScore() we set wifi's score to 1000, so will always set wifi as a default network.
05-18 11:46:40.246 E/WifiTrafficPoller(  851): TRAFFIC_STATS_POLL true Token 2644 num clients 19
05-18 11:46:40.246 E/WifiTrafficPoller(  851):  packet count Tx=1851963 Rx=6042885
05-18 11:46:40.246 E/WifiTrafficPoller(  851): notifying of data activity 1
05-18 11:46:41.248 E/WifiTrafficPoller(  851): TRAFFIC_STATS_POLL true Token 2644 num clients 19
05-18 11:46:41.249 E/WifiTrafficPoller(  851):  packet count Tx=1851963 Rx=6042903
05-18 11:46:42.250 E/WifiTrafficPoller(  851): TRAFFIC_STATS_POLL true Token 2644 num clients 19
05-18 11:46:42.251 E/WifiTrafficPoller(  851):  packet count Tx=1851963 Rx=6042923
05-18 11:46:42.954 E/WifiStateMachine(  851):  ConnectedState (when=-5ms what=131155 arg1=591!CMD_RSSI_POLL 591 0 "BOCO-office" 94:b4:0f:68:a4:b1 rssi=-50 f=5785 sc=80 link=135 tx=4.8, 0.0, 0.0  rx=65.9 bcn=0 [on:0 tx:0 rx:0 period:2990] from screen [on:0 period:617762026] gl rssi=-50 ag=0 hr ticks 314,77,51 ls-=0 [56,56,56,56,61] brc=0 lrc=0
05-18 11:46:42.956 E/WifiStateMachine(  851):  L2ConnectedState (when=-7ms what=131155 arg1=591!CMD_RSSI_POLL 591 0 "BOCO-office" 94:b4:0f:68:a4:b1 rssi=-50 f=5785 sc=80 link=135 tx=4.8, 0.0, 0.0  rx=65.9 bcn=0 [on:0 tx:0 rx:0 period:2] from screen [on:0 period:617762028] gl rssi=-50 ag=0 hr ticks 314,77,51 ls-=0 [56,56,56,56,61] brc=0 lrc=0
05-18 11:46:42.956 E/WifiStateMachine(  851):  get link layer stats 0
05-18 11:46:42.970 E/WifiStateMachine(  851): calculateWifiScore() we set wifi's score to 1000, so will always set wifi as a default network.
05-18 11:46:43.252 E/WifiTrafficPoller(  851): TRAFFIC_STATS_POLL true Token 2644 num clients 19
05-18 11:46:43.253 E/WifiTrafficPoller(  851):  packet count Tx=1851963 Rx=6042935
05-18 11:46:44.254 E/WifiTrafficPoller(  851): TRAFFIC_STATS_POLL true Token 2644 num clients 19
05-18 11:46:44.256 E/WifiTrafficPoller(  851):  packet count Tx=1851963 Rx=6042950
05-18 11:46:45.258 E/WifiTrafficPoller(  851): TRAFFIC_STATS_POLL true Token 2644 num clients 19
05-18 11:46:45.258 E/WifiTrafficPoller(  851):  packet count Tx=1851963 Rx=6042962
05-18 11:46:45.975 E/WifiStateMachine(  851):  ConnectedState (when=-3ms what=131155 arg1=591!CMD_RSSI_POLL 591 0 "BOCO-office" 94:b4:0f:68:a4:b1 rssi=-48 f=5785 sc=80 link=135 tx=2.4, 0.0, 0.0  rx=56.0 bcn=0 [on:0 tx:0 rx:0 period:3001] from screen [on:0 period:617765047] gl rssi=-48 ag=0 hr ticks 314,77,51 ls-=0 [56,56,56,56,61] brc=0 lrc=0
05-18 11:46:45.982 E/WifiStateMachine(  851):  L2ConnectedState (when=-10ms what=131155 arg1=591!CMD_RSSI_POLL 591 0 "BOCO-office" 94:b4:0f:68:a4:b1 rssi=-48 f=5785 sc=80 link=135 tx=2.4, 0.0, 0.0  rx=56.0 bcn=0 [on:0 tx:0 rx:0 period:7] from screen [on:0 period:617765054] gl rssi=-48 ag=0 hr ticks 314,77,51 ls-=0 [56,56,56,56,61] brc=0 lrc=0
05-18 11:46:45.985 E/WifiStateMachine(  851):  get link layer stats 0
05-18 11:46:46.010 E/WifiStateMachine(  851): calculateWifiScore() we set wifi's score to 1000, so will always set wifi as a default network.
05-18 11:46:46.261 E/WifiTrafficPoller(  851): TRAFFIC_STATS_POLL true Token 2644 num clients 19
05-18 11:46:46.262 E/WifiTrafficPoller(  851):  packet count Tx=1851963 Rx=6042974
05-18 11:46:47.263 E/WifiTrafficPoller(  851): TRAFFIC_STATS_POLL true Token 2644 num clients 19
05-18 11:46:47.264 E/WifiTrafficPoller(  851):  packet count Tx=1851963 Rx=6042988
05-18 11:46:48.266 E/WifiTrafficPoller(  851): TRAFFIC_STATS_POLL true Token 2644 num clients 19
05-18 11:46:48.267 E/WifiTrafficPoller(  851):  packet count Tx=1851963 Rx=6042998
05-18 11:46:49.017 E/WifiStateMachine(  851):  ConnectedState (when=-5ms what=131155 arg1=591!CMD_RSSI_POLL 591 0 "BOCO-office" 94:b4:0f:68:a4:b1 rssi=-49 f=5785 sc=80 link=135 tx=1.2, 0.0, 0.0  rx=48.5 bcn=0 [on:0 tx:0 rx:0 period:2989] from screen [on:0 period:617768088] gl rssi=-49 ag=0 hr ticks 314,77,51 ls-=0 [56,56,56,56,61] brc=0 lrc=0
05-18 11:46:49.025 E/WifiStateMachine(  851):  L2ConnectedState (when=-13ms what=131155 arg1=591!CMD_RSSI_POLL 591 0 "BOCO-office" 94:b4:0f:68:a4:b1 rssi=-49 f=5785 sc=80 link=135 tx=1.2, 0.0, 0.0  rx=48.5 bcn=0 [on:0 tx:0 rx:0 period:9] from screen [on:0 period:617768097] gl rssi=-49 ag=0 hr ticks 314,77,51 ls-=0 [56,56,56,56,61] brc=0 lrc=0
05-18 11:46:49.028 E/WifiStateMachine(  851):  get link layer stats 0
05-18 11:46:49.032 E/WifiStateMachine(  851): calculateWifiScore() we set wifi's score to 1000, so will always set wifi as a default network.
05-18 11:46:49.267 E/WifiTrafficPoller(  851): TRAFFIC_STATS_POLL true Token 2644 num clients 19
05-18 11:46:49.268 E/WifiTrafficPoller(  851):  packet count Tx=1851964 Rx=6043027
05-18 11:46:49.268 E/WifiTrafficPoller(  851): notifying of data activity 3
05-18 11:46:50.287 E/WifiTrafficPoller(  851): TRAFFIC_STATS_POLL true Token 2644 num clients 19
05-18 11:46:50.287 E/WifiTrafficPoller(  851):  packet count Tx=1851965 Rx=6043041
05-18 11:46:51.293 E/WifiTrafficPoller(  851): TRAFFIC_STATS_POLL true Token 2644 num clients 19
05-18 11:46:51.294 E/WifiTrafficPoller(  851):  packet count Tx=1851966 Rx=6043052
05-18 11:46:52.036 E/WifiStateMachine(  851):  ConnectedState (when=-3ms what=131155 arg1=591!CMD_RSSI_POLL 591 0 "BOCO-office" 94:b4:0f:68:a4:b1 rssi=-50 f=5785 sc=80 link=135 tx=1.1, 0.0, 0.0  rx=47.2 bcn=0 [on:0 tx:0 rx:0 period:2996] from screen [on:0 period:617771108] gl rssi=-50 ag=0 hr ticks 314,77,51 ls-=0 [56,56,56,56,61] brc=0 lrc=0
05-18 11:46:52.037 E/WifiStateMachine(  851):  L2ConnectedState (when=-4ms what=131155 arg1=591!CMD_RSSI_POLL 591 0 "BOCO-office" 94:b4:0f:68:a4:b1 rssi=-50 f=5785 sc=80 link=135 tx=1.1, 0.0, 0.0  rx=47.2 bcn=0 [on:0 tx:0 rx:0 period:1] from screen [on:0 period:617771109] gl rssi=-50 ag=0 hr ticks 314,77,51 ls-=0 [56,56,56,56,61] brc=0 lrc=0
05-18 11:46:52.037 E/WifiStateMachine(  851):  get link layer stats 0
05-18 11:46:52.063 E/WifiStateMachine(  851): calculateWifiScore() we set wifi's score to 1000, so will always set wifi as a default network.
05-18 11:46:52.294 E/WifiTrafficPoller(  851): TRAFFIC_STATS_POLL true Token 2644 num clients 19
05-18 11:46:52.295 E/WifiTrafficPoller(  851):  packet count Tx=1851966 Rx=6043067
05-18 11:46:52.295 E/WifiTrafficPoller(  851): notifying of data activity 1
05-18 11:46:53.297 E/WifiTrafficPoller(  851): TRAFFIC_STATS_POLL true Token 2644 num clients 19
05-18 11:46:53.299 E/WifiTrafficPoller(  851):  packet count Tx=1851966 Rx=6043078
05-18 11:46:54.300 E/WifiTrafficPoller(  851): TRAFFIC_STATS_POLL true Token 2644 num clients 19
05-18 11:46:54.300 E/WifiTrafficPoller(  851):  packet count Tx=1851966 Rx=6043087
05-18 11:46:55.068 E/WifiStateMachine(  851):  ConnectedState (when=-4ms what=131155 arg1=591!CMD_RSSI_POLL 591 0 "BOCO-office" 94:b4:0f:68:a4:b1 rssi=-51 f=5785 sc=80 link=135 tx=1.5, 0.0, 0.0  rx=48.1 bcn=0 [on:0 tx:0 rx:0 period:3003] from screen [on:0 period:617774140] gl rssi=-51 ag=0 hr ticks 314,77,51 ls-=0 [56,56,56,56,61] brc=0 lrc=0
05-18 11:46:55.070 E/WifiStateMachine(  851):  L2ConnectedState (when=-5ms what=131155 arg1=591!CMD_RSSI_POLL 591 0 "BOCO-office" 94:b4:0f:68:a4:b1 rssi=-51 f=5785 sc=80 link=135 tx=1.5, 0.0, 0.0  rx=48.1 bcn=0 [on:0 tx:0 rx:0 period:2] from screen [on:0 period:617774142] gl rssi=-51 ag=0 hr ticks 314,77,51 ls-=0 [56,56,56,56,61] brc=0 lrc=0
05-18 11:46:55.070 E/WifiStateMachine(  851):  get link layer stats 0
05-18 11:46:55.073 E/WifiStateMachine(  851): calculateWifiScore() we set wifi's score to 1000, so will always set wifi as a default network.
05-18 11:46:55.301 E/WifiTrafficPoller(  851): TRAFFIC_STATS_POLL true Token 2644 num clients 19
05-18 11:46:55.301 E/WifiTrafficPoller(  851):  packet count Tx=1851966 Rx=6043096
05-18 11:46:56.302 E/WifiTrafficPoller(  851): TRAFFIC_STATS_POLL true Token 2644 num clients 19
05-18 11:46:56.303 E/WifiTrafficPoller(  851):  packet count Tx=1851966 Rx=6043108
05-18 11:46:57.304 E/WifiTrafficPoller(  851): TRAFFIC_STATS_POLL true Token 2644 num clients 19
05-18 11:46:57.304 E/WifiTrafficPoller(  851):  packet count Tx=1851966 Rx=6043127
05-18 11:46:58.076 E/WifiStateMachine(  851):  ConnectedState (when=-2ms what=131155 arg1=591!CMD_RSSI_POLL 591 0 "BOCO-office" 94:b4:0f:68:a4:b1 rssi=-49 f=5785 sc=80 link=135 tx=0.8, 0.0, 0.0  rx=39.6 bcn=0 [on:0 tx:0 rx:0 period:3001] from screen [on:0 period:617777148] gl rssi=-49 ag=0 hr ticks 314,77,51 ls-=0 [56,56,56,56,61] brc=0 lrc=0
05-18 11:46:58.077 E/WifiStateMachine(  851):  L2ConnectedState (when=-3ms what=131155 arg1=591!CMD_RSSI_POLL 591 0 "BOCO-office" 94:b4:0f:68:a4:b1 rssi=-49 f=5785 sc=80 link=135 tx=0.8, 0.0, 0.0  rx=39.6 bcn=0 [on:0 tx:0 rx:0 period:1] from screen [on:0 period:617777149] gl rssi=-49 ag=0 hr ticks 314,77,51 ls-=0 [56,56,56,56,61] brc=0 lrc=0
05-18 11:46:58.077 E/WifiStateMachine(  851):  get link layer stats 0
05-18 11:46:58.080 E/WifiStateMachine(  851): calculateWifiScore() we set wifi's score to 1000, so will always set wifi as a default network.
05-18 11:46:58.283 E/MNLD    (  339): main: process data error: 2 (No such file or directory)
05-18 11:46:58.287 E/MNLD    (  339): main: process data error: 2 (No such file or directory)
05-18 11:46:58.293 E/CellLocation(  851): create GsmCellLocation
05-18 11:46:58.305 E/WifiTrafficPoller(  851): TRAFFIC_STATS_POLL true Token 2644 num clients 17
05-18 11:46:58.306 E/WifiTrafficPoller(  851):  packet count Tx=1851969 Rx=6043136
05-18 11:46:58.306 E/WifiTrafficPoller(  851): notifying of data activity 3
05-18 11:46:58.805 E/libprocessgroup(  851): failed to kill 1 processes for processgroup 29303
05-18 11:46:58.858 E/STEP_COUNTER(  851): step counter batch: handle:18, en:0, samplingPeriodNs:600000000, maxBatchReportLatencyNs:0 
05-18 11:46:59.309 E/WifiTrafficPoller(  851): TRAFFIC_STATS_POLL true Token 2644 num clients 15
05-18 11:46:59.310 E/WifiTrafficPoller(  851):  packet count Tx=1851987 Rx=6043161
05-18 11:47:00.311 E/WifiTrafficPoller(  851): TRAFFIC_STATS_POLL true Token 2644 num clients 15
05-18 11:47:00.312 E/WifiTrafficPoller(  851):  packet count Tx=1851987 Rx=6043166
05-18 11:47:00.312 E/WifiTrafficPoller(  851): notifying of data activity 1
05-18 11:47:01.085 E/WifiStateMachine(  851):  ConnectedState (when=-4ms what=131155 arg1=591!CMD_RSSI_POLL 591 0 "BOCO-office" 94:b4:0f:68:a4:b1 rssi=-50 f=5785 sc=80 link=135 tx=1.4, 0.0, 0.0  rx=38.8 bcn=0 [on:0 tx:0 rx:0 period:3003] from screen [on:0 period:617780157] gl rssi=-50 ag=0 hr ticks 314,77,51 ls-=0 [56,56,56,56,61] brc=0 lrc=0
05-18 11:47:01.093 E/WifiStateMachine(  851):  L2ConnectedState (when=-11ms what=131155 arg1=591!CMD_RSSI_POLL 591 0 "BOCO-office" 94:b4:0f:68:a4:b1 rssi=-50 f=5785 sc=80 link=135 tx=1.4, 0.0, 0.0  rx=38.8 bcn=0 [on:0 tx:0 rx:0 period:8] from screen [on:0 period:617780165] gl rssi=-50 ag=0 hr ticks 314,77,51 ls-=0 [56,56,56,56,61] brc=0 lrc=0
05-18 11:47:01.095 E/WifiStateMachine(  851):  get link layer stats 0
05-18 11:47:01.111 E/WifiStateMachine(  851): calculateWifiScore() we set wifi's score to 1000, so will always set wifi as a default network.
05-18 11:47:01.313 E/WifiTrafficPoller(  851): TRAFFIC_STATS_POLL true Token 2644 num clients 15
05-18 11:47:01.314 E/WifiTrafficPoller(  851):  packet count Tx=1851987 Rx=6043180
05-18 11:47:02.315 E/WifiTrafficPoller(  851): TRAFFIC_STATS_POLL true Token 2644 num clients 15
05-18 11:47:02.315 E/WifiTrafficPoller(  851):  packet count Tx=1851987 Rx=6043200
05-18 11:47:03.316 E/WifiTrafficPoller(  851): TRAFFIC_STATS_POLL true Token 2644 num clients 15
05-18 11:47:03.317 E/WifiTrafficPoller(  851):  packet count Tx=1851988 Rx=6043217
05-18 11:47:03.317 E/WifiTrafficPoller(  851): notifying of data activity 3
05-18 11:47:04.119 E/WifiStateMachine(  851):  ConnectedState (when=-2ms what=131155 arg1=591!CMD_RSSI_POLL 591 0 "BOCO-office" 94:b4:0f:68:a4:b1 rssi=-50 f=5785 sc=80 link=135 tx=10.2, 0.0, 0.0  rx=40.4 bcn=0 [on:0 tx:0 rx:0 period:2994] from screen [on:0 period:617783191] gl rssi=-50 ag=0 hr ticks 314,77,51 ls-=0 [56,56,60,60,65] brc=0 lrc=0
05-18 11:47:04.126 E/WifiStateMachine(  851):  L2ConnectedState (when=-10ms what=131155 arg1=591!CMD_RSSI_POLL 591 0 "BOCO-office" 94:b4:0f:68:a4:b1 rssi=-50 f=5785 sc=80 link=135 tx=10.2, 0.0, 0.0  rx=40.4 bcn=0 [on:0 tx:0 rx:0 period:7] from screen [on:0 period:617783198] gl rssi=-50 ag=0 hr ticks 314,77,51 ls-=0 [56,56,60,60,65] brc=0 lrc=0
05-18 11:47:04.131 E/WifiStateMachine(  851):  get link layer stats 0
05-18 11:47:04.138 E/WifiStateMachine(  851): calculateWifiScore() we set wifi's score to 1000, so will always set wifi as a default network.
05-18 11:47:04.318 E/WifiTrafficPoller(  851): TRAFFIC_STATS_POLL true Token 2644 num clients 15
05-18 11:47:04.318 E/WifiTrafficPoller(  851):  packet count Tx=1851991 Rx=6043237
05-18 11:47:05.320 E/WifiTrafficPoller(  851): TRAFFIC_STATS_POLL true Token 2644 num clients 15
05-18 11:47:05.320 E/WifiTrafficPoller(  851):  packet count Tx=1851991 Rx=6043247
05-18 11:47:05.320 E/WifiTrafficPoller(  851): notifying of data activity 1
05-18 11:47:06.321 E/WifiTrafficPoller(  851): TRAFFIC_STATS_POLL true Token 2644 num clients 15
05-18 11:47:06.321 E/WifiTrafficPoller(  851):  packet count Tx=1851991 Rx=6043258
05-18 11:47:07.143 E/WifiStateMachine(  851):  ConnectedState (when=-4ms what=131155 arg1=591!CMD_RSSI_POLL 591 0 "BOCO-office" 94:b4:0f:68:a4:b1 rssi=-50 f=5785 sc=80 link=135 tx=7.1, 0.0, 0.0  rx=50.7 bcn=0 [on:0 tx:0 rx:0 period:2991] from screen [on:0 period:617786215] gl rssi=-50 ag=0 hr ticks 314,77,51 ls-=0 [56,56,60,60,65] brc=0 lrc=0
05-18 11:47:07.148 E/WifiStateMachine(  851):  L2ConnectedState (when=-8ms what=131155 arg1=591!CMD_RSSI_POLL 591 0 "BOCO-office" 94:b4:0f:68:a4:b1 rssi=-50 f=5785 sc=80 link=135 tx=7.1, 0.0, 0.0  rx=50.7 bcn=0 [on:0 tx:0 rx:0 period:4] from screen [on:0 period:617786219] gl rssi=-50 ag=0 hr ticks 314,77,51 ls-=0 [56,56,60,60,65] brc=0 lrc=0
05-18 11:47:07.150 E/WifiStateMachine(  851):  get link layer stats 0
05-18 11:47:07.185 E/WifiStateMachine(  851): calculateWifiScore() we set wifi's score to 1000, so will always set wifi as a default network.
05-18 11:47:07.322 E/WifiTrafficPoller(  851): TRAFFIC_STATS_POLL true Token 2644 num clients 15
05-18 11:47:07.322 E/WifiTrafficPoller(  851):  packet count Tx=1851991 Rx=6043271
05-18 11:47:08.323 E/WifiTrafficPoller(  851): TRAFFIC_STATS_POLL true Token 2644 num clients 15
05-18 11:47:08.324 E/WifiTrafficPoller(  851):  packet count Tx=1851991 Rx=6043282
05-18 11:47:09.325 E/WifiTrafficPoller(  851): TRAFFIC_STATS_POLL true Token 2644 num clients 15
05-18 11:47:09.325 E/WifiTrafficPoller(  851):  packet count Tx=1851991 Rx=6043311
05-18 11:47:10.194 E/WifiStateMachine(  851):  ConnectedState (when=-4ms what=131155 arg1=591!CMD_RSSI_POLL 591 0 "BOCO-office" 94:b4:0f:68:a4:b1 rssi=-49 f=5785 sc=80 link=135 tx=3.5, 0.0, 0.0  rx=42.3 bcn=0 [on:0 tx:0 rx:0 period:2993] from screen [on:0 period:617789266] gl rssi=-49 ag=0 hr ticks 314,77,51 ls-=0 [56,56,56,56,61] brc=0 lrc=0
05-18 11:47:10.199 E/WifiStateMachine(  851):  L2ConnectedState (when=-8ms what=131155 arg1=591!CMD_RSSI_POLL 591 0 "BOCO-office" 94:b4:0f:68:a4:b1 rssi=-49 f=5785 sc=80 link=135 tx=3.5, 0.0, 0.0  rx=42.3 bcn=0 [on:0 tx:0 rx:0 period:5] from screen [on:0 period:617789271] gl rssi=-49 ag=0 hr ticks 314,77,51 ls-=0 [56,56,56,56,61] brc=0 lrc=0
05-18 11:47:10.206 E/WifiStateMachine(  851):  get link layer stats 0
05-18 11:47:10.220 E/WifiStateMachine(  851): calculateWifiScore() we set wifi's score to 1000, so will always set wifi as a default network.
05-18 11:47:10.325 E/WifiTrafficPoller(  851): TRAFFIC_STATS_POLL true Token 2644 num clients 15
05-18 11:47:10.326 E/WifiTrafficPoller(  851):  packet count Tx=1851991 Rx=6043326
05-18 11:47:11.326 E/WifiTrafficPoller(  851): TRAFFIC_STATS_POLL true Token 2644 num clients 15
05-18 11:47:11.326 E/WifiTrafficPoller(  851):  packet count Tx=1851991 Rx=6043340
05-18 11:47:12.327 E/WifiTrafficPoller(  851): TRAFFIC_STATS_POLL true Token 2644 num clients 15
05-18 11:47:12.328 E/WifiTrafficPoller(  851):  packet count Tx=1851991 Rx=6043357
05-18 11:47:13.226 E/WifiStateMachine(  851):  ConnectedState (when=-2ms what=131155 arg1=591!CMD_RSSI_POLL 591 0 "BOCO-office" 94:b4:0f:68:a4:b1 rssi=-49 f=5785 sc=80 link=135 tx=1.8, 0.0, 0.0  rx=48.7 bcn=0 [on:0 tx:0 rx:0 period:2994] from screen [on:0 period:617792297] gl rssi=-49 ag=0 hr ticks 314,77,51 ls-=0 [56,56,56,56,61] brc=0 lrc=0
05-18 11:47:13.228 E/WifiStateMachine(  851):  L2ConnectedState (when=-4ms what=131155 arg1=591!CMD_RSSI_POLL 591 0 "BOCO-office" 94:b4:0f:68:a4:b1 rssi=-49 f=5785 sc=80 link=135 tx=1.8, 0.0, 0.0  rx=48.7 bcn=0 [on:0 tx:0 rx:0 period:3] from screen [on:0 period:617792300] gl rssi=-49 ag=0 hr ticks 314,77,51 ls-=0 [56,56,56,56,61] brc=0 lrc=0
05-18 11:47:13.229 E/WifiStateMachine(  851):  get link layer stats 0
05-18 11:47:13.250 E/WifiStateMachine(  851): calculateWifiScore() we set wifi's score to 1000, so will always set wifi as a default network.
05-18 11:47:13.328 E/WifiTrafficPoller(  851): TRAFFIC_STATS_POLL true Token 2644 num clients 15
05-18 11:47:13.328 E/WifiTrafficPoller(  851):  packet count Tx=1851991 Rx=6043371
05-18 11:47:14.329 E/WifiTrafficPoller(  851): TRAFFIC_STATS_POLL true Token 2644 num clients 15
05-18 11:47:14.330 E/WifiTrafficPoller(  851):  packet count Tx=1851991 Rx=6043383
05-18 11:47:15.330 E/WifiTrafficPoller(  851): TRAFFIC_STATS_POLL true Token 2644 num clients 15
05-18 11:47:15.330 E/WifiTrafficPoller(  851):  packet count Tx=1851991 Rx=6043390
05-18 11:47:16.256 E/WifiStateMachine(  851):  ConnectedState (when=-4ms what=131155 arg1=591!CMD_RSSI_POLL 591 0 "BOCO-office" 94:b4:0f:68:a4:b1 rssi=-49 f=5785 sc=80 link=135 tx=0.9, 0.0, 0.0  rx=46.8 bcn=0 [on:0 tx:0 rx:0 period:3003] from screen [on:0 period:617795328] gl rssi=-49 ag=0 hr ticks 314,77,51 ls-=0 [56,56,56,56,61] brc=0 lrc=0
05-18 11:47:16.267 E/WifiStateMachine(  851):  L2ConnectedState (when=-15ms what=131155 arg1=591!CMD_RSSI_POLL 591 0 "BOCO-office" 94:b4:0f:68:a4:b1 rssi=-49 f=5785 sc=80 link=135 tx=0.9, 0.0, 0.0  rx=46.8 bcn=0 [on:0 tx:0 rx:0 period:10] from screen [on:0 period:617795338] gl rssi=-49 ag=0 hr ticks 314,77,51 ls-=0 [56,56,56,56,61] brc=0 lrc=0
05-18 11:47:16.271 E/WifiStateMachine(  851):  get link layer stats 0
05-18 11:47:16.293 E/WifiStateMachine(  851): calculateWifiScore() we set wifi's score to 1000, so will always set wifi as a default network.
05-18 11:47:16.330 E/WifiTrafficPoller(  851): TRAFFIC_STATS_POLL true Token 2644 num clients 15
05-18 11:47:16.331 E/WifiTrafficPoller(  851):  packet count Tx=1851991 Rx=6043400
05-18 11:47:17.332 E/WifiTrafficPoller(  851): TRAFFIC_STATS_POLL true Token 2644 num clients 15
05-18 11:47:17.333 E/WifiTrafficPoller(  851):  packet count Tx=1851991 Rx=6043412
05-18 11:47:18.334 E/WifiTrafficPoller(  851): TRAFFIC_STATS_POLL true Token 2644 num clients 15
05-18 11:47:18.334 E/WifiTrafficPoller(  851):  packet count Tx=1851991 Rx=6043422
05-18 11:47:19.299 E/WifiStateMachine(  851):  ConnectedState (when=-4ms what=131155 arg1=591!CMD_RSSI_POLL 591 0 "BOCO-office" 94:b4:0f:68:a4:b1 rssi=-49 f=5785 sc=80 link=135 tx=0.4, 0.0, 0.0  rx=38.4 bcn=0 [on:0 tx:0 rx:0 period:2979] from screen [on:0 period:617798371] gl rssi=-49 ag=0 hr ticks 314,77,51 ls-=0 [56,56,56,56,61] brc=0 lrc=0
05-18 11:47:19.300 E/WifiStateMachine(  851):  L2ConnectedState (when=-5ms what=131155 arg1=591!CMD_RSSI_POLL 591 0 "BOCO-office" 94:b4:0f:68:a4:b1 rssi=-49 f=5785 sc=80 link=135 tx=0.4, 0.0, 0.0  rx=38.4 bcn=0 [on:0 tx:0 rx:0 period:1] from screen [on:0 period:617798372] gl rssi=-49 ag=0 hr ticks 314,77,51 ls-=0 [56,56,56,56,61] brc=0 lrc=0
05-18 11:47:19.300 E/WifiStateMachine(  851):  get link layer stats 0
05-18 11:47:19.325 E/WifiStateMachine(  851): calculateWifiScore() we set wifi's score to 1000, so will always set wifi as a default network.
05-18 11:47:19.334 E/WifiTrafficPoller(  851): TRAFFIC_STATS_POLL true Token 2644 num clients 15
05-18 11:47:19.334 E/WifiTrafficPoller(  851):  packet count Tx=1851991 Rx=6043438
05-18 11:47:20.336 E/WifiTrafficPoller(  851): TRAFFIC_STATS_POLL true Token 2644 num clients 15
05-18 11:47:20.336 E/WifiTrafficPoller(  851):  packet count Tx=1851991 Rx=6043447
05-18 11:47:21.337 E/WifiTrafficPoller(  851): TRAFFIC_STATS_POLL true Token 2644 num clients 15
05-18 11:47:21.338 E/WifiTrafficPoller(  851):  packet count Tx=1851991 Rx=6043457
05-18 11:47:22.328 E/WifiStateMachine(  851):  ConnectedState (when=-2ms what=131155 arg1=591!CMD_RSSI_POLL 591 0 "BOCO-office" 94:b4:0f:68:a4:b1 rssi=-49 f=5785 sc=80 link=135 tx=0.2, 0.0, 0.0  rx=38.2 bcn=0 [on:0 tx:0 rx:0 period:2991] from screen [on:0 period:617801400] gl rssi=-49 ag=0 hr ticks 314,77,51 ls-=0 [56,56,56,56,61] brc=0 lrc=0
05-18 11:47:22.328 E/WifiStateMachine(  851):  L2ConnectedState (when=-3ms what=131155 arg1=591!CMD_RSSI_POLL 591 0 "BOCO-office" 94:b4:0f:68:a4:b1 rssi=-49 f=5785 sc=80 link=135 tx=0.2, 0.0, 0.0  rx=38.2 bcn=0 [on:0 tx:0 rx:0 period:0] from screen [on:0 period:617801400] gl rssi=-49 ag=0 hr ticks 314,77,51 ls-=0 [56,56,56,56,61] brc=0 lrc=0
05-18 11:47:22.328 E/WifiStateMachine(  851):  get link layer stats 0
05-18 11:47:22.338 E/WifiTrafficPoller(  851): TRAFFIC_STATS_POLL true Token 2644 num clients 15
05-18 11:47:22.338 E/WifiTrafficPoller(  851):  packet count Tx=1851991 Rx=6043468
05-18 11:47:22.349 E/WifiStateMachine(  851): calculateWifiScore() we set wifi's score to 1000, so will always set wifi as a default network.
05-18 11:47:23.339 E/WifiTrafficPoller(  851): TRAFFIC_STATS_POLL true Token 2644 num clients 15
05-18 11:47:23.339 E/WifiTrafficPoller(  851):  packet count Tx=1851991 Rx=6043478
05-18 11:47:24.341 E/WifiTrafficPoller(  851): TRAFFIC_STATS_POLL true Token 2644 num clients 15
05-18 11:47:24.341 E/WifiTrafficPoller(  851):  packet count Tx=1851991 Rx=6043486
05-18 11:47:25.342 E/WifiTrafficPoller(  851): TRAFFIC_STATS_POLL true Token 2644 num clients 15
05-18 11:47:25.343 E/WifiTrafficPoller(  851):  packet count Tx=1851991 Rx=6043498
05-18 11:47:25.352 E/WifiStateMachine(  851):  ConnectedState (when=-2ms what=131155 arg1=591!CMD_RSSI_POLL 591 0 "BOCO-office" 94:b4:0f:68:a4:b1 rssi=-49 f=5785 sc=80 link=135 tx=0.1, 0.0, 0.0  rx=34.1 bcn=0 [on:0 tx:0 rx:0 period:2997] from screen [on:0 period:617804424] gl rssi=-49 ag=0 hr ticks 314,77,51 ls-=0 [56,56,56,56,61] brc=0 lrc=0
05-18 11:47:25.352 E/WifiStateMachine(  851):  L2ConnectedState (when=-3ms what=131155 arg1=591!CMD_RSSI_POLL 591 0 "BOCO-office" 94:b4:0f:68:a4:b1 rssi=-49 f=5785 sc=80 link=135 tx=0.1, 0.0, 0.0  rx=34.1 bcn=0 [on:0 tx:0 rx:0 period:0] from screen [on:0 period:617804424] gl rssi=-49 ag=0 hr ticks 314,77,51 ls-=0 [56,56,56,56,61] brc=0 lrc=0
05-18 11:47:25.352 E/WifiStateMachine(  851):  get link layer stats 0
05-18 11:47:25.360 E/WifiStateMachine(  851): calculateWifiScore() we set wifi's score to 1000, so will always set wifi as a default network.
05-18 11:47:26.343 E/WifiTrafficPoller(  851): TRAFFIC_STATS_POLL true Token 2644 num clients 15
05-18 11:47:26.343 E/WifiTrafficPoller(  851):  packet count Tx=1851991 Rx=6043516
05-18 11:47:27.344 E/WifiTrafficPoller(  851): TRAFFIC_STATS_POLL true Token 2644 num clients 15
05-18 11:47:27.345 E/WifiTrafficPoller(  851):  packet count Tx=1851991 Rx=6043534
05-18 11:47:28.345 E/WifiTrafficPoller(  851): TRAFFIC_STATS_POLL true Token 2644 num clients 15
05-18 11:47:28.346 E/WifiTrafficPoller(  851):  packet count Tx=1851991 Rx=6043546
05-18 11:47:28.362 E/WifiStateMachine(  851):  ConnectedState (when=-3ms what=131155 arg1=591!CMD_RSSI_POLL 591 0 "BOCO-office" 94:b4:0f:68:a4:b1 rssi=-49 f=5785 sc=80 link=135 tx=0.1, 0.0, 0.0  rx=32.1 bcn=0 [on:0 tx:0 rx:0 period:2997] from screen [on:0 period:617807434] gl rssi=-49 ag=0 hr ticks 314,77,51 ls-=0 [56,56,56,56,61] brc=0 lrc=0
05-18 11:47:28.363 E/WifiStateMachine(  851):  L2ConnectedState (when=-3ms what=131155 arg1=591!CMD_RSSI_POLL 591 0 "BOCO-office" 94:b4:0f:68:a4:b1 rssi=-49 f=5785 sc=80 link=135 tx=0.1, 0.0, 0.0  rx=32.1 bcn=0 [on:0 tx:0 rx:0 period:1] from screen [on:0 period:617807435] gl rssi=-49 ag=0 hr ticks 314,77,51 ls-=0 [56,56,56,56,61] brc=0 lrc=0
05-18 11:47:28.363 E/WifiStateMachine(  851):  get link layer stats 0
05-18 11:47:28.381 E/WifiStateMachine(  851): calculateWifiScore() we set wifi's score to 1000, so will always set wifi as a default network.
05-18 11:47:29.346 E/WifiTrafficPoller(  851): TRAFFIC_STATS_POLL true Token 2644 num clients 15
05-18 11:47:29.347 E/WifiTrafficPoller(  851):  packet count Tx=1851992 Rx=6043575
05-18 11:47:29.347 E/WifiTrafficPoller(  851): notifying of data activity 3
05-18 11:47:30.348 E/WifiTrafficPoller(  851): TRAFFIC_STATS_POLL true Token 2644 num clients 15
05-18 11:47:30.349 E/WifiTrafficPoller(  851):  packet count Tx=1851992 Rx=6043587
05-18 11:47:30.349 E/WifiTrafficPoller(  851): notifying of data activity 1
05-18 11:47:31.350 E/WifiTrafficPoller(  851): TRAFFIC_STATS_POLL true Token 2644 num clients 15
05-18 11:47:31.351 E/WifiTrafficPoller(  851):  packet count Tx=1851992 Rx=6043604
05-18 11:47:31.386 E/WifiStateMachine(  851):  ConnectedState (when=-4ms what=131155 arg1=591!CMD_RSSI_POLL 591 0 "BOCO-office" 94:b4:0f:68:a4:b1 rssi=-49 f=5785 sc=80 link=135 tx=0.0, 0.0, 0.0  rx=40.0 bcn=0 [on:0 tx:0 rx:0 period:2999] from screen [on:0 period:617810457] gl rssi=-49 ag=0 hr ticks 314,77,51 ls-=0 [56,56,56,56,61] brc=0 lrc=0
05-18 11:47:31.386 E/WifiStateMachine(  851):  L2ConnectedState (when=-4ms what=131155 arg1=591!CMD_RSSI_POLL 591 0 "BOCO-office" 94:b4:0f:68:a4:b1 rssi=-49 f=5785 sc=80 link=135 tx=0.0, 0.0, 0.0  rx=40.0 bcn=0 [on:0 tx:0 rx:0 period:1] from screen [on:0 period:617810458] gl rssi=-49 ag=0 hr ticks 314,77,51 ls-=0 [56,56,56,56,61] brc=0 lrc=0
05-18 11:47:31.386 E/WifiStateMachine(  851):  get link layer stats 0
