--------- beginning of /dev/log/system
05-19 16:36:55.470 E/AndroidRuntime(17086): *** FATAL EXCEPTION IN SYSTEM PROCESS: main
05-19 16:36:55.470 E/AndroidRuntime(17086): java.lang.IllegalStateException: UiAutomationService android.accessibilityservice.IAccessibilityServiceClient$Stub$Proxy@4a921f44already registered!
05-19 16:36:55.470 E/AndroidRuntime(17086): 	at android.os.Parcel.readException(Parcel.java:1473)
05-19 16:36:55.470 E/AndroidRuntime(17086): 	at android.os.Parcel.readException(Parcel.java:1419)
05-19 16:36:55.470 E/AndroidRuntime(17086): 	at android.view.accessibility.IAccessibilityManager$Stub$Proxy.registerUiTestAutomationService(IAccessibilityManager.java:342)
05-19 16:36:55.470 E/AndroidRuntime(17086): 	at android.app.UiAutomationConnection.registerUiTestAutomationServiceLocked(UiAutomationConnection.java:175)
05-19 16:36:55.470 E/AndroidRuntime(17086): 	at android.app.UiAutomationConnection.connect(UiAutomationConnection.java:72)
05-19 16:36:55.470 E/AndroidRuntime(17086): 	at android.app.UiAutomation.connect(UiAutomation.java:188)
05-19 16:36:55.470 E/AndroidRuntime(17086): 	at com.android.uiautomator.core.UiAutomationShellWrapper.connect(UiAutomationShellWrapper.java:32)
05-19 16:36:55.470 E/AndroidRuntime(17086): 	at com.android.commands.uiautomator.DumpCommand.run(DumpCommand.java:74)
05-19 16:36:55.470 E/AndroidRuntime(17086): 	at com.android.commands.uiautomator.Launcher.main(Launcher.java:83)
05-19 16:36:55.470 E/AndroidRuntime(17086): 	at com.android.internal.os.RuntimeInit.nativeFinishInit(Native Method)
05-19 16:36:55.470 E/AndroidRuntime(17086): 	at com.android.internal.os.RuntimeInit.main(RuntimeInit.java:258)
05-19 16:36:55.470 E/AndroidRuntime(17086): 	at dalvik.system.NativeStart.main(Native Method)
05-19 16:36:55.480 E/AndroidRuntime(17086): Error reporting crash
05-19 16:36:55.480 E/AndroidRuntime(17086): java.lang.NullPointerException
05-19 16:36:55.480 E/AndroidRuntime(17086): 	at com.android.internal.os.RuntimeInit$UncaughtHandler.uncaughtException(RuntimeInit.java:86)
05-19 16:36:55.480 E/AndroidRuntime(17086): 	at java.lang.ThreadGroup.uncaughtException(ThreadGroup.java:693)
05-19 16:36:55.480 E/AndroidRuntime(17086): 	at java.lang.ThreadGroup.uncaughtException(ThreadGroup.java:690)
05-19 16:36:55.480 E/AndroidRuntime(17086): 	at dalvik.system.NativeStart.main(Native Method)
05-19 16:42:58.886 E/AndroidRuntime(17173): *** FATAL EXCEPTION IN SYSTEM PROCESS: main
05-19 16:42:58.886 E/AndroidRuntime(17173): java.lang.IllegalStateException: UiAutomationService android.accessibilityservice.IAccessibilityServiceClient$Stub$Proxy@4a9b7decalready registered!
05-19 16:42:58.886 E/AndroidRuntime(17173): 	at android.os.Parcel.readException(Parcel.java:1473)
05-19 16:42:58.886 E/AndroidRuntime(17173): 	at android.os.Parcel.readException(Parcel.java:1419)
05-19 16:42:58.886 E/AndroidRuntime(17173): 	at android.view.accessibility.IAccessibilityManager$Stub$Proxy.registerUiTestAutomationService(IAccessibilityManager.java:342)
05-19 16:42:58.886 E/AndroidRuntime(17173): 	at android.app.UiAutomationConnection.registerUiTestAutomationServiceLocked(UiAutomationConnection.java:175)
05-19 16:42:58.886 E/AndroidRuntime(17173): 	at android.app.UiAutomationConnection.connect(UiAutomationConnection.java:72)
05-19 16:42:58.886 E/AndroidRuntime(17173): 	at android.app.UiAutomation.connect(UiAutomation.java:188)
05-19 16:42:58.886 E/AndroidRuntime(17173): 	at com.android.uiautomator.core.UiAutomationShellWrapper.connect(UiAutomationShellWrapper.java:32)
05-19 16:42:58.886 E/AndroidRuntime(17173): 	at com.android.commands.uiautomator.DumpCommand.run(DumpCommand.java:74)
05-19 16:42:58.886 E/AndroidRuntime(17173): 	at com.android.commands.uiautomator.Launcher.main(Launcher.java:83)
05-19 16:42:58.886 E/AndroidRuntime(17173): 	at com.android.internal.os.RuntimeInit.nativeFinishInit(Native Method)
05-19 16:42:58.886 E/AndroidRuntime(17173): 	at com.android.internal.os.RuntimeInit.main(RuntimeInit.java:258)
05-19 16:42:58.886 E/AndroidRuntime(17173): 	at dalvik.system.NativeStart.main(Native Method)
05-19 16:42:58.896 E/AndroidRuntime(17173): Error reporting crash
05-19 16:42:58.896 E/AndroidRuntime(17173): java.lang.NullPointerException
05-19 16:42:58.896 E/AndroidRuntime(17173): 	at com.android.internal.os.RuntimeInit$UncaughtHandler.uncaughtException(RuntimeInit.java:86)
05-19 16:42:58.896 E/AndroidRuntime(17173): 	at java.lang.ThreadGroup.uncaughtException(ThreadGroup.java:693)
05-19 16:42:58.896 E/AndroidRuntime(17173): 	at java.lang.ThreadGroup.uncaughtException(ThreadGroup.java:690)
05-19 16:42:58.896 E/AndroidRuntime(17173): 	at dalvik.system.NativeStart.main(Native Method)
--------- beginning of /dev/log/main
05-19 16:55:21.806 E/Cataloger( 1207): syncFile:/storage/emulated/0/Android/data/com.boco.apphall/cache/uil-images/794wh75p2umlr5ptsxz1oqv530.tmp
05-19 16:55:21.806 E/Cataloger( 1207): need not sync path:/storage/emulated/0/Android/data/com.boco.apphall/cache/uil-images/794wh75p2umlr5ptsxz1oqv530.tmp
05-19 16:55:21.816 E/Cataloger( 1207): syncFile:/storage/emulated/0/Android/data/com.boco.apphall/cache/uil-images/61rnoe860jlyrgneh9jvl1j9h0.tmp
05-19 16:55:21.816 E/Cataloger( 1207): need not sync path:/storage/emulated/0/Android/data/com.boco.apphall/cache/uil-images/61rnoe860jlyrgneh9jvl1j9h0.tmp
05-19 16:55:21.836 E/Cataloger( 1207): syncFile:/storage/emulated/0/Android/data/com.boco.apphall/cache/uil-images/7dm8prsiadzpomuq5cn9943hp0.tmp
05-19 16:55:21.836 E/Cataloger( 1207): need not sync path:/storage/emulated/0/Android/data/com.boco.apphall/cache/uil-images/7dm8prsiadzpomuq5cn9943hp0.tmp
05-19 16:55:21.906 E/Cataloger( 1207): syncFile:/storage/emulated/0/Android/data/com.boco.apphall/cache/uil-images/61rnoe860jlyrgneh9jvl1j9h0.tmp
05-19 16:55:21.906 E/Cataloger( 1207): need not sync path:/storage/emulated/0/Android/data/com.boco.apphall/cache/uil-images/61rnoe860jlyrgneh9jvl1j9h0.tmp
05-19 16:55:21.906 E/Cataloger( 1207): syncFile:/storage/emulated/0/Android/data/com.boco.apphall/cache/uil-images/794wh75p2umlr5ptsxz1oqv530.tmp
05-19 16:55:21.906 E/Cataloger( 1207): need not sync path:/storage/emulated/0/Android/data/com.boco.apphall/cache/uil-images/794wh75p2umlr5ptsxz1oqv530.tmp
05-19 16:55:21.906 E/Cataloger( 1207): syncFile:/storage/emulated/0/Android/data/com.boco.apphall/cache/uil-images/61rnoe860jlyrgneh9jvl1j9h0.tmp
05-19 16:55:21.916 E/Cataloger( 1207): need not sync path:/storage/emulated/0/Android/data/com.boco.apphall/cache/uil-images/61rnoe860jlyrgneh9jvl1j9h0.tmp
05-19 16:55:21.916 E/Cataloger( 1207): syncFile:/storage/emulated/0/Android/data/com.boco.apphall/cache/uil-images/61rnoe860jlyrgneh9jvl1j9h0
05-19 16:55:21.916 E/Cataloger( 1207): need not sync path:/storage/emulated/0/Android/data/com.boco.apphall/cache/uil-images/61rnoe860jlyrgneh9jvl1j9h0
05-19 16:55:21.916 E/Cataloger( 1207): syncFile:/storage/emulated/0/Android/data/com.boco.apphall/cache/uil-images/794wh75p2umlr5ptsxz1oqv530.tmp
05-19 16:55:21.916 E/Cataloger( 1207): need not sync path:/storage/emulated/0/Android/data/com.boco.apphall/cache/uil-images/794wh75p2umlr5ptsxz1oqv530.tmp
05-19 16:55:21.926 E/Cataloger( 1207): syncFile:/storage/emulated/0/Android/data/com.boco.apphall/cache/uil-images/794wh75p2umlr5ptsxz1oqv530
05-19 16:55:21.926 E/Cataloger( 1207): need not sync path:/storage/emulated/0/Android/data/com.boco.apphall/cache/uil-images/794wh75p2umlr5ptsxz1oqv530
05-19 16:55:21.926 E/Cataloger( 1207): syncFile:/storage/emulated/0/Android/data/com.boco.apphall/cache/uil-images/7dm8prsiadzpomuq5cn9943hp0.tmp
05-19 16:55:21.926 E/Cataloger( 1207): need not sync path:/storage/emulated/0/Android/data/com.boco.apphall/cache/uil-images/7dm8prsiadzpomuq5cn9943hp0.tmp
05-19 16:55:21.926 E/Cataloger( 1207): syncFile:/storage/emulated/0/Android/data/com.boco.apphall/cache/uil-images/7dm8prsiadzpomuq5cn9943hp0.tmp
05-19 16:55:21.936 E/Cataloger( 1207): need not sync path:/storage/emulated/0/Android/data/com.boco.apphall/cache/uil-images/7dm8prsiadzpomuq5cn9943hp0.tmp
05-19 16:55:21.936 E/Cataloger( 1207): syncFile:/storage/emulated/0/Android/data/com.boco.apphall/cache/uil-images/7dm8prsiadzpomuq5cn9943hp0
05-19 16:55:21.936 E/Cataloger( 1207): need not sync path:/storage/emulated/0/Android/data/com.boco.apphall/cache/uil-images/7dm8prsiadzpomuq5cn9943hp0
05-19 16:55:21.986 E/Cataloger( 1207): syncFile:/storage/emulated/0/Android/data/com.boco.apphall/cache/uil-images/15qe4fnftpaahukn7bb51xwxs0.tmp
05-19 16:55:21.986 E/Cataloger( 1207): need not sync path:/storage/emulated/0/Android/data/com.boco.apphall/cache/uil-images/15qe4fnftpaahukn7bb51xwxs0.tmp
05-19 16:55:21.996 E/Cataloger( 1207): syncFile:/storage/emulated/0/Android/data/com.boco.apphall/cache/uil-images/6kwq6ojzuarupost1e3tphqnf0.tmp
05-19 16:55:21.996 E/Cataloger( 1207): need not sync path:/storage/emulated/0/Android/data/com.boco.apphall/cache/uil-images/6kwq6ojzuarupost1e3tphqnf0.tmp
05-19 16:55:21.996 E/Cataloger( 1207): syncFile:/storage/emulated/0/Android/data/com.boco.apphall/cache/uil-images/1f84kny22yxjmt6wgwfh4unkh0.tmp
05-19 16:55:21.996 E/Cataloger( 1207): need not sync path:/storage/emulated/0/Android/data/com.boco.apphall/cache/uil-images/1f84kny22yxjmt6wgwfh4unkh0.tmp
05-19 16:55:22.046 E/Cataloger( 1207): syncFile:/storage/emulated/0/Android/data/com.boco.apphall/cache/uil-images/15qe4fnftpaahukn7bb51xwxs0.tmp
05-19 16:55:22.046 E/Cataloger( 1207): need not sync path:/storage/emulated/0/Android/data/com.boco.apphall/cache/uil-images/15qe4fnftpaahukn7bb51xwxs0.tmp
05-19 16:55:22.046 E/Cataloger( 1207): syncFile:/storage/emulated/0/Android/data/com.boco.apphall/cache/uil-images/15qe4fnftpaahukn7bb51xwxs0.tmp
05-19 16:55:22.056 E/Cataloger( 1207): need not sync path:/storage/emulated/0/Android/data/com.boco.apphall/cache/uil-images/15qe4fnftpaahukn7bb51xwxs0.tmp
05-19 16:55:22.056 E/Cataloger( 1207): syncFile:/storage/emulated/0/Android/data/com.boco.apphall/cache/uil-images/15qe4fnftpaahukn7bb51xwxs0
05-19 16:55:22.056 E/Cataloger( 1207): need not sync path:/storage/emulated/0/Android/data/com.boco.apphall/cache/uil-images/15qe4fnftpaahukn7bb51xwxs0
05-19 16:55:22.096 E/Cataloger( 1207): syncFile:/storage/emulated/0/Android/data/com.boco.apphall/cache/uil-images/6kwq6ojzuarupost1e3tphqnf0.tmp
05-19 16:55:22.096 E/Cataloger( 1207): need not sync path:/storage/emulated/0/Android/data/com.boco.apphall/cache/uil-images/6kwq6ojzuarupost1e3tphqnf0.tmp
05-19 16:55:22.096 E/Cataloger( 1207): syncFile:/storage/emulated/0/Android/data/com.boco.apphall/cache/uil-images/6kwq6ojzuarupost1e3tphqnf0.tmp
05-19 16:55:22.096 E/Cataloger( 1207): need not sync path:/storage/emulated/0/Android/data/com.boco.apphall/cache/uil-images/6kwq6ojzuarupost1e3tphqnf0.tmp
05-19 16:55:22.106 E/Cataloger( 1207): syncFile:/storage/emulated/0/Android/data/com.boco.apphall/cache/uil-images/6kwq6ojzuarupost1e3tphqnf0
05-19 16:55:22.106 E/Cataloger( 1207): need not sync path:/storage/emulated/0/Android/data/com.boco.apphall/cache/uil-images/6kwq6ojzuarupost1e3tphqnf0
05-19 16:55:22.106 E/Cataloger( 1207): syncFile:/storage/emulated/0/Android/data/com.boco.apphall/cache/uil-images/1f84kny22yxjmt6wgwfh4unkh0.tmp
05-19 16:55:22.106 E/Cataloger( 1207): need not sync path:/storage/emulated/0/Android/data/com.boco.apphall/cache/uil-images/1f84kny22yxjmt6wgwfh4unkh0.tmp
05-19 16:55:22.106 E/Cataloger( 1207): syncFile:/storage/emulated/0/Android/data/com.boco.apphall/cache/uil-images/1f84kny22yxjmt6wgwfh4unkh0.tmp
05-19 16:55:22.106 E/Cataloger( 1207): need not sync path:/storage/emulated/0/Android/data/com.boco.apphall/cache/uil-images/1f84kny22yxjmt6wgwfh4unkh0.tmp
05-19 16:55:22.106 E/Cataloger( 1207): syncFile:/storage/emulated/0/Android/data/com.boco.apphall/cache/uil-images/1f84kny22yxjmt6wgwfh4unkh0
05-19 16:55:22.106 E/Cataloger( 1207): need not sync path:/storage/emulated/0/Android/data/com.boco.apphall/cache/uil-images/1f84kny22yxjmt6wgwfh4unkh0
05-19 16:55:22.116 E/Cataloger( 1207): syncFile:/storage/emulated/0/Android/data/com.boco.apphall/cache/uil-images/3gaod1ioxtti80lrs1kapbfif0.tmp
05-19 16:55:22.116 E/Cataloger( 1207): need not sync path:/storage/emulated/0/Android/data/com.boco.apphall/cache/uil-images/3gaod1ioxtti80lrs1kapbfif0.tmp
05-19 16:55:22.166 E/Cataloger( 1207): syncFile:/storage/emulated/0/Android/data/com.boco.apphall/cache/uil-images/3gaod1ioxtti80lrs1kapbfif0.tmp
05-19 16:55:22.166 E/Cataloger( 1207): need not sync path:/storage/emulated/0/Android/data/com.boco.apphall/cache/uil-images/3gaod1ioxtti80lrs1kapbfif0.tmp
05-19 16:55:22.166 E/Cataloger( 1207): syncFile:/storage/emulated/0/Android/data/com.boco.apphall/cache/uil-images/3gaod1ioxtti80lrs1kapbfif0.tmp
05-19 16:55:22.176 E/Cataloger( 1207): need not sync path:/storage/emulated/0/Android/data/com.boco.apphall/cache/uil-images/3gaod1ioxtti80lrs1kapbfif0.tmp
05-19 16:55:22.176 E/Cataloger( 1207): syncFile:/storage/emulated/0/Android/data/com.boco.apphall/cache/uil-images/3gaod1ioxtti80lrs1kapbfif0
05-19 16:55:22.176 E/Cataloger( 1207): need not sync path:/storage/emulated/0/Android/data/com.boco.apphall/cache/uil-images/3gaod1ioxtti80lrs1kapbfif0
05-19 16:55:22.176 E/Cataloger( 1207): syncFile:/storage/emulated/0/Android/data/com.boco.apphall/cache/uil-images/6verwqc6q7raqeyitanuqtb620.tmp
05-19 16:55:22.176 E/Cataloger( 1207): need not sync path:/storage/emulated/0/Android/data/com.boco.apphall/cache/uil-images/6verwqc6q7raqeyitanuqtb620.tmp
05-19 16:55:22.176 E/Cataloger( 1207): syncFile:/storage/emulated/0/Android/data/com.boco.apphall/cache/uil-images/4ns997t9eqnq8rlmiwqhcaqw10.tmp
05-19 16:55:22.176 E/Cataloger( 1207): need not sync path:/storage/emulated/0/Android/data/com.boco.apphall/cache/uil-images/4ns997t9eqnq8rlmiwqhcaqw10.tmp
05-19 16:55:22.236 E/Cataloger( 1207): syncFile:/storage/emulated/0/Android/data/com.boco.apphall/cache/uil-images/6verwqc6q7raqeyitanuqtb620.tmp
05-19 16:55:22.236 E/Cataloger( 1207): need not sync path:/storage/emulated/0/Android/data/com.boco.apphall/cache/uil-images/6verwqc6q7raqeyitanuqtb620.tmp
05-19 16:55:22.236 E/Cataloger( 1207): syncFile:/storage/emulated/0/Android/data/com.boco.apphall/cache/uil-images/6verwqc6q7raqeyitanuqtb620.tmp
05-19 16:55:22.236 E/Cataloger( 1207): need not sync path:/storage/emulated/0/Android/data/com.boco.apphall/cache/uil-images/6verwqc6q7raqeyitanuqtb620.tmp
05-19 16:55:22.236 E/Cataloger( 1207): syncFile:/storage/emulated/0/Android/data/com.boco.apphall/cache/uil-images/6verwqc6q7raqeyitanuqtb620
05-19 16:55:22.236 E/Cataloger( 1207): need not sync path:/storage/emulated/0/Android/data/com.boco.apphall/cache/uil-images/6verwqc6q7raqeyitanuqtb620
05-19 16:55:22.246 E/Cataloger( 1207): syncFile:/storage/emulated/0/Android/data/com.boco.apphall/cache/uil-images/1rlf43a5amr9tb6i0q8ps25rd0.tmp
05-19 16:55:22.246 E/Cataloger( 1207): need not sync path:/storage/emulated/0/Android/data/com.boco.apphall/cache/uil-images/1rlf43a5amr9tb6i0q8ps25rd0.tmp
05-19 16:55:22.286 E/Cataloger( 1207): syncFile:/storage/emulated/0/Android/data/com.boco.apphall/cache/uil-images/4ns997t9eqnq8rlmiwqhcaqw10.tmp
05-19 16:55:22.286 E/Cataloger( 1207): need not sync path:/storage/emulated/0/Android/data/com.boco.apphall/cache/uil-images/4ns997t9eqnq8rlmiwqhcaqw10.tmp
05-19 16:55:22.286 E/Cataloger( 1207): syncFile:/storage/emulated/0/Android/data/com.boco.apphall/cache/uil-images/4ns997t9eqnq8rlmiwqhcaqw10.tmp
05-19 16:55:22.286 E/Cataloger( 1207): need not sync path:/storage/emulated/0/Android/data/com.boco.apphall/cache/uil-images/4ns997t9eqnq8rlmiwqhcaqw10.tmp
05-19 16:55:22.286 E/Cataloger( 1207): syncFile:/storage/emulated/0/Android/data/com.boco.apphall/cache/uil-images/4ns997t9eqnq8rlmiwqhcaqw10
05-19 16:55:22.286 E/Cataloger( 1207): need not sync path:/storage/emulated/0/Android/data/com.boco.apphall/cache/uil-images/4ns997t9eqnq8rlmiwqhcaqw10
05-19 16:55:22.296 E/Cataloger( 1207): syncFile:/storage/emulated/0/Android/data/com.boco.apphall/cache/uil-images/1rlf43a5amr9tb6i0q8ps25rd0.tmp
05-19 16:55:22.296 E/Cataloger( 1207): need not sync path:/storage/emulated/0/Android/data/com.boco.apphall/cache/uil-images/1rlf43a5amr9tb6i0q8ps25rd0.tmp
05-19 16:55:22.296 E/Cataloger( 1207): syncFile:/storage/emulated/0/Android/data/com.boco.apphall/cache/uil-images/1rlf43a5amr9tb6i0q8ps25rd0.tmp
05-19 16:55:22.306 E/Cataloger( 1207): need not sync path:/storage/emulated/0/Android/data/com.boco.apphall/cache/uil-images/1rlf43a5amr9tb6i0q8ps25rd0.tmp
05-19 16:55:22.306 E/Cataloger( 1207): syncFile:/storage/emulated/0/Android/data/com.boco.apphall/cache/uil-images/1rlf43a5amr9tb6i0q8ps25rd0
05-19 16:55:22.306 E/Cataloger( 1207): need not sync path:/storage/emulated/0/Android/data/com.boco.apphall/cache/uil-images/1rlf43a5amr9tb6i0q8ps25rd0
05-19 16:55:22.306 E/Cataloger( 1207): syncFile:/storage/emulated/0/Android/data/com.boco.apphall/cache/uil-images/z88le3ms2suqnl85cmnihrm80.tmp
05-19 16:55:22.306 E/Cataloger( 1207): need not sync path:/storage/emulated/0/Android/data/com.boco.apphall/cache/uil-images/z88le3ms2suqnl85cmnihrm80.tmp
05-19 16:55:22.356 E/Cataloger( 1207): syncFile:/storage/emulated/0/Android/data/com.boco.apphall/cache/uil-images/z88le3ms2suqnl85cmnihrm80.tmp
05-19 16:55:22.356 E/Cataloger( 1207): need not sync path:/storage/emulated/0/Android/data/com.boco.apphall/cache/uil-images/z88le3ms2suqnl85cmnihrm80.tmp
05-19 16:55:22.356 E/Cataloger( 1207): syncFile:/storage/emulated/0/Android/data/com.boco.apphall/cache/uil-images/z88le3ms2suqnl85cmnihrm80.tmp
05-19 16:55:22.356 E/Cataloger( 1207): need not sync path:/storage/emulated/0/Android/data/com.boco.apphall/cache/uil-images/z88le3ms2suqnl85cmnihrm80.tmp
05-19 16:55:22.356 E/Cataloger( 1207): syncFile:/storage/emulated/0/Android/data/com.boco.apphall/cache/uil-images/z88le3ms2suqnl85cmnihrm80
05-19 16:55:22.356 E/Cataloger( 1207): need not sync path:/storage/emulated/0/Android/data/com.boco.apphall/cache/uil-images/z88le3ms2suqnl85cmnihrm80
05-19 16:55:22.366 E/Cataloger( 1207): syncFile:/storage/emulated/0/Android/data/com.boco.apphall/cache/uil-images/6pgqfk1o73i79a3vk30ymp1o50.tmp
05-19 16:55:22.366 E/Cataloger( 1207): need not sync path:/storage/emulated/0/Android/data/com.boco.apphall/cache/uil-images/6pgqfk1o73i79a3vk30ymp1o50.tmp
05-19 16:55:22.386 E/Cataloger( 1207): syncFile:/storage/emulated/0/Android/data/com.boco.apphall/cache/uil-images/4dv84sszatxsr0bmo8217x8el0.tmp
05-19 16:55:22.386 E/Cataloger( 1207): need not sync path:/storage/emulated/0/Android/data/com.boco.apphall/cache/uil-images/4dv84sszatxsr0bmo8217x8el0.tmp
05-19 16:55:22.426 E/Cataloger( 1207): syncFile:/storage/emulated/0/Android/data/com.boco.apphall/cache/uil-images/2uq7zj9eht24cna7t0399rzc10.tmp
05-19 16:55:22.426 E/Cataloger( 1207): need not sync path:/storage/emulated/0/Android/data/com.boco.apphall/cache/uil-images/2uq7zj9eht24cna7t0399rzc10.tmp
05-19 16:55:22.426 E/Cataloger( 1207): syncFile:/storage/emulated/0/Android/data/com.boco.apphall/cache/uil-images/6pgqfk1o73i79a3vk30ymp1o50.tmp
05-19 16:55:22.426 E/Cataloger( 1207): need not sync path:/storage/emulated/0/Android/data/com.boco.apphall/cache/uil-images/6pgqfk1o73i79a3vk30ymp1o50.tmp
05-19 16:55:22.426 E/Cataloger( 1207): syncFile:/storage/emulated/0/Android/data/com.boco.apphall/cache/uil-images/6pgqfk1o73i79a3vk30ymp1o50.tmp
05-19 16:55:22.436 E/Cataloger( 1207): need not sync path:/storage/emulated/0/Android/data/com.boco.apphall/cache/uil-images/6pgqfk1o73i79a3vk30ymp1o50.tmp
05-19 16:55:22.436 E/Cataloger( 1207): syncFile:/storage/emulated/0/Android/data/com.boco.apphall/cache/uil-images/6pgqfk1o73i79a3vk30ymp1o50
05-19 16:55:22.436 E/Cataloger( 1207): need not sync path:/storage/emulated/0/Android/data/com.boco.apphall/cache/uil-images/6pgqfk1o73i79a3vk30ymp1o50
05-19 16:55:22.456 E/Cataloger( 1207): syncFile:/storage/emulated/0/Android/data/com.boco.apphall/cache/uil-images/4dv84sszatxsr0bmo8217x8el0.tmp
05-19 16:55:22.456 E/Cataloger( 1207): need not sync path:/storage/emulated/0/Android/data/com.boco.apphall/cache/uil-images/4dv84sszatxsr0bmo8217x8el0.tmp
05-19 16:55:22.456 E/Cataloger( 1207): syncFile:/storage/emulated/0/Android/data/com.boco.apphall/cache/uil-images/4dv84sszatxsr0bmo8217x8el0.tmp
05-19 16:55:22.466 E/Cataloger( 1207): need not sync path:/storage/emulated/0/Android/data/com.boco.apphall/cache/uil-images/4dv84sszatxsr0bmo8217x8el0.tmp
05-19 16:55:22.466 E/Cataloger( 1207): syncFile:/storage/emulated/0/Android/data/com.boco.apphall/cache/uil-images/4dv84sszatxsr0bmo8217x8el0
05-19 16:55:22.466 E/Cataloger( 1207): need not sync path:/storage/emulated/0/Android/data/com.boco.apphall/cache/uil-images/4dv84sszatxsr0bmo8217x8el0
05-19 16:55:22.476 E/Cataloger( 1207): syncFile:/storage/emulated/0/Android/data/com.boco.apphall/cache/uil-images/2uq7zj9eht24cna7t0399rzc10.tmp
05-19 16:55:22.476 E/Cataloger( 1207): need not sync path:/storage/emulated/0/Android/data/com.boco.apphall/cache/uil-images/2uq7zj9eht24cna7t0399rzc10.tmp
05-19 16:55:22.476 E/Cataloger( 1207): syncFile:/storage/emulated/0/Android/data/com.boco.apphall/cache/uil-images/2uq7zj9eht24cna7t0399rzc10.tmp
05-19 16:55:22.486 E/Cataloger( 1207): need not sync path:/storage/emulated/0/Android/data/com.boco.apphall/cache/uil-images/2uq7zj9eht24cna7t0399rzc10.tmp
05-19 16:55:22.486 E/Cataloger( 1207): syncFile:/storage/emulated/0/Android/data/com.boco.apphall/cache/uil-images/2uq7zj9eht24cna7t0399rzc10
05-19 16:55:22.486 E/Cataloger( 1207): need not sync path:/storage/emulated/0/Android/data/com.boco.apphall/cache/uil-images/2uq7zj9eht24cna7t0399rzc10
05-19 16:55:22.506 E/Cataloger( 1207): syncFile:/storage/emulated/0/Android/data/com.boco.apphall/cache/uil-images/4mvv4ex12oqujl0ieu0wpah000.tmp
05-19 16:55:22.506 E/Cataloger( 1207): need not sync path:/storage/emulated/0/Android/data/com.boco.apphall/cache/uil-images/4mvv4ex12oqujl0ieu0wpah000.tmp
05-19 16:55:22.536 E/Cataloger( 1207): syncFile:/storage/emulated/0/Android/data/com.boco.apphall/cache/uil-images/7df5rwypq960fduywpftb2bpd0.tmp
05-19 16:55:22.536 E/Cataloger( 1207): need not sync path:/storage/emulated/0/Android/data/com.boco.apphall/cache/uil-images/7df5rwypq960fduywpftb2bpd0.tmp
05-19 16:55:22.546 E/Cataloger( 1207): syncFile:/storage/emulated/0/Android/data/com.boco.apphall/cache/uil-images/43fqf4deyq6gzfryuhk9pm52t0.tmp
05-19 16:55:22.546 E/Cataloger( 1207): need not sync path:/storage/emulated/0/Android/data/com.boco.apphall/cache/uil-images/43fqf4deyq6gzfryuhk9pm52t0.tmp
05-19 16:55:22.566 E/Cataloger( 1207): syncFile:/storage/emulated/0/Android/data/com.boco.apphall/cache/uil-images/4mvv4ex12oqujl0ieu0wpah000.tmp
05-19 16:55:22.566 E/Cataloger( 1207): need not sync path:/storage/emulated/0/Android/data/com.boco.apphall/cache/uil-images/4mvv4ex12oqujl0ieu0wpah000.tmp
05-19 16:55:22.566 E/Cataloger( 1207): syncFile:/storage/emulated/0/Android/data/com.boco.apphall/cache/uil-images/4mvv4ex12oqujl0ieu0wpah000.tmp
05-19 16:55:22.576 E/Cataloger( 1207): need not sync path:/storage/emulated/0/Android/data/com.boco.apphall/cache/uil-images/4mvv4ex12oqujl0ieu0wpah000.tmp
05-19 16:55:22.576 E/Cataloger( 1207): syncFile:/storage/emulated/0/Android/data/com.boco.apphall/cache/uil-images/4mvv4ex12oqujl0ieu0wpah000
05-19 16:55:22.576 E/Cataloger( 1207): need not sync path:/storage/emulated/0/Android/data/com.boco.apphall/cache/uil-images/4mvv4ex12oqujl0ieu0wpah000
05-19 16:55:22.626 E/Cataloger( 1207): syncFile:/storage/emulated/0/Android/data/com.boco.apphall/cache/uil-images/7df5rwypq960fduywpftb2bpd0.tmp
05-19 16:55:22.626 E/Cataloger( 1207): need not sync path:/storage/emulated/0/Android/data/com.boco.apphall/cache/uil-images/7df5rwypq960fduywpftb2bpd0.tmp
05-19 16:55:22.626 E/Cataloger( 1207): syncFile:/storage/emulated/0/Android/data/com.boco.apphall/cache/uil-images/43fqf4deyq6gzfryuhk9pm52t0.tmp
05-19 16:55:22.626 E/Cataloger( 1207): need not sync path:/storage/emulated/0/Android/data/com.boco.apphall/cache/uil-images/43fqf4deyq6gzfryuhk9pm52t0.tmp
05-19 16:55:22.626 E/Cataloger( 1207): syncFile:/storage/emulated/0/Android/data/com.boco.apphall/cache/uil-images/12tpa78nesivi7u7kjsyq1zou0.tmp
05-19 16:55:22.626 E/Cataloger( 1207): need not sync path:/storage/emulated/0/Android/data/com.boco.apphall/cache/uil-images/12tpa78nesivi7u7kjsyq1zou0.tmp
05-19 16:55:22.626 E/Cataloger( 1207): syncFile:/storage/emulated/0/Android/data/com.boco.apphall/cache/uil-images/43fqf4deyq6gzfryuhk9pm52t0.tmp
05-19 16:55:22.636 E/Cataloger( 1207): need not sync path:/storage/emulated/0/Android/data/com.boco.apphall/cache/uil-images/43fqf4deyq6gzfryuhk9pm52t0.tmp
05-19 16:55:22.636 E/Cataloger( 1207): syncFile:/storage/emulated/0/Android/data/com.boco.apphall/cache/uil-images/43fqf4deyq6gzfryuhk9pm52t0
05-19 16:55:22.636 E/Cataloger( 1207): need not sync path:/storage/emulated/0/Android/data/com.boco.apphall/cache/uil-images/43fqf4deyq6gzfryuhk9pm52t0
05-19 16:55:22.636 E/Cataloger( 1207): syncFile:/storage/emulated/0/Android/data/com.boco.apphall/cache/uil-images/7df5rwypq960fduywpftb2bpd0.tmp
05-19 16:55:22.636 E/Cataloger( 1207): need not sync path:/storage/emulated/0/Android/data/com.boco.apphall/cache/uil-images/7df5rwypq960fduywpftb2bpd0.tmp
05-19 16:55:22.636 E/Cataloger( 1207): syncFile:/storage/emulated/0/Android/data/com.boco.apphall/cache/uil-images/7df5rwypq960fduywpftb2bpd0
05-19 16:55:22.636 E/Cataloger( 1207): need not sync path:/storage/emulated/0/Android/data/com.boco.apphall/cache/uil-images/7df5rwypq960fduywpftb2bpd0
05-19 16:55:22.666 E/Cataloger( 1207): syncFile:/storage/emulated/0/Android/data/com.boco.apphall/cache/uil-images/12tpa78nesivi7u7kjsyq1zou0.tmp
05-19 16:55:22.666 E/Cataloger( 1207): need not sync path:/storage/emulated/0/Android/data/com.boco.apphall/cache/uil-images/12tpa78nesivi7u7kjsyq1zou0.tmp
05-19 16:55:22.666 E/Cataloger( 1207): syncFile:/storage/emulated/0/Android/data/com.boco.apphall/cache/uil-images/12tpa78nesivi7u7kjsyq1zou0.tmp
05-19 16:55:22.676 E/Cataloger( 1207): need not sync path:/storage/emulated/0/Android/data/com.boco.apphall/cache/uil-images/12tpa78nesivi7u7kjsyq1zou0.tmp
05-19 16:55:22.676 E/Cataloger( 1207): syncFile:/storage/emulated/0/Android/data/com.boco.apphall/cache/uil-images/12tpa78nesivi7u7kjsyq1zou0
05-19 16:55:22.676 E/Cataloger( 1207): need not sync path:/storage/emulated/0/Android/data/com.boco.apphall/cache/uil-images/12tpa78nesivi7u7kjsyq1zou0
05-19 16:55:22.706 E/Cataloger( 1207): syncFile:/storage/emulated/0/Android/data/com.boco.apphall/cache/uil-images/6pbkwva5ijgx9pxg63twkddhy0.tmp
05-19 16:55:22.706 E/Cataloger( 1207): need not sync path:/storage/emulated/0/Android/data/com.boco.apphall/cache/uil-images/6pbkwva5ijgx9pxg63twkddhy0.tmp
05-19 16:55:22.716 E/Cataloger( 1207): syncFile:/storage/emulated/0/Android/data/com.boco.apphall/cache/uil-images/29vlahxhm8lhqc987whbj4nf10.tmp
05-19 16:55:22.716 E/Cataloger( 1207): need not sync path:/storage/emulated/0/Android/data/com.boco.apphall/cache/uil-images/29vlahxhm8lhqc987whbj4nf10.tmp
05-19 16:55:22.746 E/Cataloger( 1207): syncFile:/storage/emulated/0/Android/data/com.boco.apphall/cache/uil-images/5454e968y6oqxgclxx1a2zfck0.tmp
05-19 16:55:22.746 E/Cataloger( 1207): need not sync path:/storage/emulated/0/Android/data/com.boco.apphall/cache/uil-images/5454e968y6oqxgclxx1a2zfck0.tmp
05-19 16:55:22.806 E/Cataloger( 1207): syncFile:/storage/emulated/0/Android/data/com.boco.apphall/cache/uil-images/29vlahxhm8lhqc987whbj4nf10.tmp
05-19 16:55:22.806 E/Cataloger( 1207): need not sync path:/storage/emulated/0/Android/data/com.boco.apphall/cache/uil-images/29vlahxhm8lhqc987whbj4nf10.tmp
05-19 16:55:22.806 E/Cataloger( 1207): syncFile:/storage/emulated/0/Android/data/com.boco.apphall/cache/uil-images/29vlahxhm8lhqc987whbj4nf10.tmp
05-19 16:55:22.816 E/Cataloger( 1207): need not sync path:/storage/emulated/0/Android/data/com.boco.apphall/cache/uil-images/29vlahxhm8lhqc987whbj4nf10.tmp
05-19 16:55:22.816 E/Cataloger( 1207): syncFile:/storage/emulated/0/Android/data/com.boco.apphall/cache/uil-images/29vlahxhm8lhqc987whbj4nf10
05-19 16:55:22.816 E/Cataloger( 1207): need not sync path:/storage/emulated/0/Android/data/com.boco.apphall/cache/uil-images/29vlahxhm8lhqc987whbj4nf10
05-19 16:55:22.816 E/Cataloger( 1207): syncFile:/storage/emulated/0/Android/data/com.boco.apphall/cache/uil-images/6pbkwva5ijgx9pxg63twkddhy0.tmp
05-19 16:55:22.826 E/Cataloger( 1207): need not sync path:/storage/emulated/0/Android/data/com.boco.apphall/cache/uil-images/6pbkwva5ijgx9pxg63twkddhy0.tmp
05-19 16:55:22.826 E/Cataloger( 1207): syncFile:/storage/emulated/0/Android/data/com.boco.apphall/cache/uil-images/6pbkwva5ijgx9pxg63twkddhy0.tmp
05-19 16:55:22.826 E/Cataloger( 1207): need not sync path:/storage/emulated/0/Android/data/com.boco.apphall/cache/uil-images/6pbkwva5ijgx9pxg63twkddhy0.tmp
05-19 16:55:22.826 E/Cataloger( 1207): syncFile:/storage/emulated/0/Android/data/com.boco.apphall/cache/uil-images/6pbkwva5ijgx9pxg63twkddhy0
05-19 16:55:22.826 E/Cataloger( 1207): need not sync path:/storage/emulated/0/Android/data/com.boco.apphall/cache/uil-images/6pbkwva5ijgx9pxg63twkddhy0
05-19 16:55:22.826 E/Cataloger( 1207): syncFile:/storage/emulated/0/Android/data/com.boco.apphall/cache/uil-images/5454e968y6oqxgclxx1a2zfck0.tmp
05-19 16:55:22.826 E/Cataloger( 1207): need not sync path:/storage/emulated/0/Android/data/com.boco.apphall/cache/uil-images/5454e968y6oqxgclxx1a2zfck0.tmp
05-19 16:55:22.826 E/Cataloger( 1207): syncFile:/storage/emulated/0/Android/data/com.boco.apphall/cache/uil-images/5454e968y6oqxgclxx1a2zfck0.tmp
05-19 16:55:22.836 E/Cataloger( 1207): need not sync path:/storage/emulated/0/Android/data/com.boco.apphall/cache/uil-images/5454e968y6oqxgclxx1a2zfck0.tmp
05-19 16:55:22.836 E/Cataloger( 1207): syncFile:/storage/emulated/0/Android/data/com.boco.apphall/cache/uil-images/5454e968y6oqxgclxx1a2zfck0
05-19 16:55:22.836 E/Cataloger( 1207): need not sync path:/storage/emulated/0/Android/data/com.boco.apphall/cache/uil-images/5454e968y6oqxgclxx1a2zfck0
05-19 16:55:22.866 E/Cataloger( 1207): syncFile:/storage/emulated/0/Android/data/com.boco.apphall/cache/uil-images/6m2d6r718gus52e8brqd2878d0.tmp
05-19 16:55:22.866 E/Cataloger( 1207): need not sync path:/storage/emulated/0/Android/data/com.boco.apphall/cache/uil-images/6m2d6r718gus52e8brqd2878d0.tmp
05-19 16:55:22.916 E/Cataloger( 1207): syncFile:/storage/emulated/0/Android/data/com.boco.apphall/cache/uil-images/6m2d6r718gus52e8brqd2878d0.tmp
05-19 16:55:22.916 E/Cataloger( 1207): need not sync path:/storage/emulated/0/Android/data/com.boco.apphall/cache/uil-images/6m2d6r718gus52e8brqd2878d0.tmp
05-19 16:55:22.916 E/Cataloger( 1207): syncFile:/storage/emulated/0/Android/data/com.boco.apphall/cache/uil-images/6m2d6r718gus52e8brqd2878d0.tmp
05-19 16:55:22.916 E/Cataloger( 1207): need not sync path:/storage/emulated/0/Android/data/com.boco.apphall/cache/uil-images/6m2d6r718gus52e8brqd2878d0.tmp
05-19 16:55:22.916 E/Cataloger( 1207): syncFile:/storage/emulated/0/Android/data/com.boco.apphall/cache/uil-images/6m2d6r718gus52e8brqd2878d0
05-19 16:55:22.916 E/Cataloger( 1207): need not sync path:/storage/emulated/0/Android/data/com.boco.apphall/cache/uil-images/6m2d6r718gus52e8brqd2878d0
05-19 16:55:27.726 E/QueryController(19496): Got null root node from accessibility - Retrying...
05-19 16:55:28.296 E/Cataloger( 1207): syncFile:/storage/emulated/0/appHall_guangxi_folder/download/1495184127940ZteAndrProjZq4.7.apk
05-19 16:55:28.296 E/Cataloger( 1207): syncFile:/storage/emulated/0/appHall_guangxi_folder/download/1495184127940ZteAndrProjZq4.7.apk
05-19 16:55:28.306 E/Cataloger( 1207): syncFile:/storage/emulated/0/appHall_guangxi_folder/download/1495184127940ZteAndrProjZq4.7.apk
05-19 16:55:56.556 E/memtrack(19611): Couldn't load memtrack module (No such file or directory)
05-19 16:55:56.556 E/android.os.Debug(19611): failed to load memtrack module: -2
05-19 16:55:56.576 E/cutils-trace(19611): Error opening trace file: No such file or directory (2)
05-19 16:55:57.316 E/memtrack(19623): Couldn't load memtrack module (No such file or directory)
05-19 16:55:57.316 E/android.os.Debug(19623): failed to load memtrack module: -2
05-19 16:55:57.346 E/cutils-trace(19623): Error opening trace file: No such file or directory (2)
05-19 16:55:57.346 E/Cataloger( 1207): syncFile:/storage/emulated/0/Android/data/com.boco.apphall/cache/uil-images/journal
05-19 16:55:57.346 E/Cataloger( 1207): need not sync path:/storage/emulated/0/Android/data/com.boco.apphall/cache/uil-images/journal
05-19 16:55:57.356 E/InputDispatcher(  477): channel '4a948abc com.boco.apphall/com.boco.apphall.guangxi.mix.home.MainActivity (server)' ~ Channel is unrecoverably broken and will be disposed!
05-19 16:55:57.376 E/QueryController(19496): Got null root node from accessibility - Retrying...
05-19 16:55:58.226 E/memtrack(19640): Couldn't load memtrack module (No such file or directory)
05-19 16:55:58.226 E/android.os.Debug(19640): failed to load memtrack module: -2
05-19 16:55:58.266 E/cutils-trace(19640): Error opening trace file: No such file or directory (2)
05-19 16:55:59.356 E/memtrack(19656): Couldn't load memtrack module (No such file or directory)
05-19 16:55:59.356 E/android.os.Debug(19656): failed to load memtrack module: -2
05-19 16:55:59.376 E/cutils-trace(19656): Error opening trace file: No such file or directory (2)
05-19 16:56:01.036 E/memtrack(19673): Couldn't load memtrack module (No such file or directory)
05-19 16:56:01.036 E/android.os.Debug(19673): failed to load memtrack module: -2
05-19 16:56:01.056 E/cutils-trace(19673): Error opening trace file: No such file or directory (2)
05-19 16:56:01.736 E/memtrack(19685): Couldn't load memtrack module (No such file or directory)
05-19 16:56:01.736 E/android.os.Debug(19685): failed to load memtrack module: -2
05-19 16:56:01.756 E/cutils-trace(19685): Error opening trace file: No such file or directory (2)
05-19 16:56:02.556 E/memtrack(19697): Couldn't load memtrack module (No such file or directory)
05-19 16:56:02.556 E/android.os.Debug(19697): failed to load memtrack module: -2
05-19 16:56:02.566 E/cutils-trace(19697): Error opening trace file: No such file or directory (2)
05-19 16:56:03.366 E/memtrack(19709): Couldn't load memtrack module (No such file or directory)
05-19 16:56:03.366 E/android.os.Debug(19709): failed to load memtrack module: -2
05-19 16:56:03.386 E/cutils-trace(19709): Error opening trace file: No such file or directory (2)
05-19 16:56:04.056 E/memtrack(19721): Couldn't load memtrack module (No such file or directory)
05-19 16:56:04.066 E/android.os.Debug(19721): failed to load memtrack module: -2
05-19 16:56:04.086 E/cutils-trace(19721): Error opening trace file: No such file or directory (2)
05-19 16:56:05.166 E/memtrack(19737): Couldn't load memtrack module (No such file or directory)
05-19 16:56:05.176 E/android.os.Debug(19737): failed to load memtrack module: -2
05-19 16:56:05.196 E/cutils-trace(19737): Error opening trace file: No such file or directory (2)
05-19 16:56:05.856 E/memtrack(19749): Couldn't load memtrack module (No such file or directory)
05-19 16:56:05.856 E/android.os.Debug(19749): failed to load memtrack module: -2
05-19 16:56:05.876 E/cutils-trace(19749): Error opening trace file: No such file or directory (2)
05-19 16:56:06.756 E/memtrack(19763): Couldn't load memtrack module (No such file or directory)
05-19 16:56:06.756 E/android.os.Debug(19763): failed to load memtrack module: -2
05-19 16:56:06.776 E/cutils-trace(19763): Error opening trace file: No such file or directory (2)
05-19 16:56:07.956 E/memtrack(19781): Couldn't load memtrack module (No such file or directory)
05-19 16:56:07.956 E/android.os.Debug(19781): failed to load memtrack module: -2
05-19 16:56:07.976 E/cutils-trace(19781): Error opening trace file: No such file or directory (2)
05-19 16:56:08.636 E/memtrack(19793): Couldn't load memtrack module (No such file or directory)
05-19 16:56:08.636 E/android.os.Debug(19793): failed to load memtrack module: -2
05-19 16:56:08.656 E/cutils-trace(19793): Error opening trace file: No such file or directory (2)
05-19 16:56:09.316 E/memtrack(19805): Couldn't load memtrack module (No such file or directory)
05-19 16:56:09.316 E/android.os.Debug(19805): failed to load memtrack module: -2
05-19 16:56:09.346 E/Cataloger( 1207): syncFile:/storage/emulated/0/Android/data/com.boco.apphall/cache/.nomedia
05-19 16:56:09.346 E/Cataloger( 1207): need not sync path:/storage/emulated/0/Android/data/com.boco.apphall/cache/.nomedia
05-19 16:56:09.346 E/Cataloger( 1207): 重复删除命令
05-19 16:56:09.346 E/Cataloger( 1207): syncFile:/storage/emulated/0/Android/data/com.boco.apphall/cache/uil-images/z88le3ms2suqnl85cmnihrm80
05-19 16:56:09.356 E/Cataloger( 1207): need not sync path:/storage/emulated/0/Android/data/com.boco.apphall/cache/uil-images/z88le3ms2suqnl85cmnihrm80
05-19 16:56:09.356 E/Cataloger( 1207): 重复删除命令
05-19 16:56:09.356 E/Cataloger( 1207): syncFile:/storage/emulated/0/Android/data/com.boco.apphall/cache/uil-images/7dm8prsiadzpomuq5cn9943hp0
05-19 16:56:09.356 E/Cataloger( 1207): need not sync path:/storage/emulated/0/Android/data/com.boco.apphall/cache/uil-images/7dm8prsiadzpomuq5cn9943hp0
05-19 16:56:09.356 E/Cataloger( 1207): 重复删除命令
05-19 16:56:09.356 E/Cataloger( 1207): 重复删除命令
05-19 16:56:09.356 E/Cataloger( 1207): syncFile:/storage/emulated/0/Android/data/com.boco.apphall/cache/uil-images/2uq7zj9eht24cna7t0399rzc10
05-19 16:56:09.356 E/Cataloger( 1207): need not sync path:/storage/emulated/0/Android/data/com.boco.apphall/cache/uil-images/2uq7zj9eht24cna7t0399rzc10
05-19 16:56:09.356 E/Cataloger( 1207): 重复删除命令
05-19 16:56:09.356 E/Cataloger( 1207): 重复删除命令
05-19 16:56:09.356 E/Cataloger( 1207): syncFile:/storage/emulated/0/Android/data/com.boco.apphall/cache/uil-images/6pgqfk1o73i79a3vk30ymp1o50
05-19 16:56:09.356 E/Cataloger( 1207): need not sync path:/storage/emulated/0/Android/data/com.boco.apphall/cache/uil-images/6pgqfk1o73i79a3vk30ymp1o50
05-19 16:56:09.376 E/Cataloger( 1207): 重复删除命令
05-19 16:56:09.376 E/Cataloger( 1207): 重复删除命令
05-19 16:56:09.376 E/Cataloger( 1207): 重复删除命令
05-19 16:56:09.386 E/Cataloger( 1207): 重复删除命令
05-19 16:56:09.386 E/Cataloger( 1207): 重复删除命令
05-19 16:56:09.386 E/Cataloger( 1207): syncFile:/storage/emulated/0/Android/data/com.boco.apphall/cache/uil-images/29vlahxhm8lhqc987whbj4nf10
05-19 16:56:09.386 E/Cataloger( 1207): need not sync path:/storage/emulated/0/Android/data/com.boco.apphall/cache/uil-images/29vlahxhm8lhqc987whbj4nf10
05-19 16:56:09.386 E/Cataloger( 1207): 重复删除命令
05-19 16:56:09.396 E/Cataloger( 1207): 重复删除命令
05-19 16:56:09.396 E/Cataloger( 1207): 重复删除命令
05-19 16:56:09.396 E/Cataloger( 1207): syncFile:/storage/emulated/0/Android/data/com.boco.apphall/cache/uil-images/6kwq6ojzuarupost1e3tphqnf0
05-19 16:56:09.396 E/Cataloger( 1207): need not sync path:/storage/emulated/0/Android/data/com.boco.apphall/cache/uil-images/6kwq6ojzuarupost1e3tphqnf0
05-19 16:56:09.406 E/Cataloger( 1207): 重复删除命令
05-19 16:56:09.406 E/Cataloger( 1207): syncFile:/storage/emulated/0/Android/data/com.boco.apphall/cache/uil-images/4dv84sszatxsr0bmo8217x8el0
05-19 16:56:09.406 E/Cataloger( 1207): need not sync path:/storage/emulated/0/Android/data/com.boco.apphall/cache/uil-images/4dv84sszatxsr0bmo8217x8el0
05-19 16:56:09.406 E/Cataloger( 1207): syncFile:/storage/emulated/0/Android/data/com.boco.apphall/cache/uil-images/6pbkwva5ijgx9pxg63twkddhy0
05-19 16:56:09.406 E/Cataloger( 1207): need not sync path:/storage/emulated/0/Android/data/com.boco.apphall/cache/uil-images/6pbkwva5ijgx9pxg63twkddhy0
05-19 16:56:09.406 E/Cataloger( 1207): syncFile:/storage/emulated/0/Android/data/com.boco.apphall/cache/uil-images/3qfbho2se3qtgtzn4nan2j1wi0
05-19 16:56:09.416 E/Cataloger( 1207): need not sync path:/storage/emulated/0/Android/data/com.boco.apphall/cache/uil-images/3qfbho2se3qtgtzn4nan2j1wi0
05-19 16:56:09.416 E/Cataloger( 1207): 重复删除命令
05-19 16:56:09.416 E/Cataloger( 1207): 重复删除命令
05-19 16:56:09.416 E/Cataloger( 1207): syncFile:/storage/emulated/0/Android/data/com.boco.apphall/cache/uil-images
05-19 16:56:09.416 E/Cataloger( 1207): syncFile:/storage/emulated/0/Android/data/com.boco.apphall/cache
05-19 16:56:09.416 E/Cataloger( 1207): syncFile:/storage/emulated/0/Android/data/com.boco.apphall
05-19 16:56:09.416 E/cutils-trace(19805): Error opening trace file: No such file or directory (2)
05-19 16:56:12.796 E/memtrack(19835): Couldn't load memtrack module (No such file or directory)
05-19 16:56:12.796 E/android.os.Debug(19835): failed to load memtrack module: -2
05-19 16:56:13.646 E/memtrack(19852): Couldn't load memtrack module (No such file or directory)
05-19 16:56:13.646 E/android.os.Debug(19852): failed to load memtrack module: -2
05-19 16:56:13.976 E/Cataloger( 1207): syncFile:/storage/emulated/0/Android/data/com.boco.apphall
05-19 16:56:13.976 E/Cataloger( 1207): 创建一个目录:/storage/emulated/0/Android/data/com.boco.apphall
05-19 16:56:13.976 E/Cataloger( 1207): 扫描新建目录：/storage/emulated/0/Android/data/com.boco.apphall
05-19 16:56:13.976 E/Cataloger( 1207): syncFile:/storage/emulated/0/Android/data/com.boco.apphall/cache
05-19 16:56:13.976 E/Cataloger( 1207): 创建一个目录:/storage/emulated/0/Android/data/com.boco.apphall/cache
05-19 16:56:13.976 E/Cataloger( 1207): 扫描新建目录：/storage/emulated/0/Android/data/com.boco.apphall/cache
05-19 16:56:13.976 E/Cataloger( 1207): syncFile:/storage/emulated/0/Android/data/com.boco.apphall/cache/.nomedia
05-19 16:56:13.976 E/Cataloger( 1207): need not sync path:/storage/emulated/0/Android/data/com.boco.apphall/cache/.nomedia
05-19 16:56:13.976 E/Cataloger( 1207): syncFile:/storage/emulated/0/Android/data/com.boco.apphall/cache/.nomedia
05-19 16:56:13.976 E/Cataloger( 1207): need not sync path:/storage/emulated/0/Android/data/com.boco.apphall/cache/.nomedia
05-19 16:56:13.976 E/Cataloger( 1207): syncFile:/storage/emulated/0/Android/data/com.boco.apphall/cache/uil-images
05-19 16:56:13.976 E/Cataloger( 1207): 创建一个目录:/storage/emulated/0/Android/data/com.boco.apphall/cache/uil-images
05-19 16:56:13.976 E/Cataloger( 1207): 扫描新建目录：/storage/emulated/0/Android/data/com.boco.apphall/cache/uil-images
05-19 16:56:13.976 E/Cataloger( 1207): syncFile:/storage/emulated/0/Android/data/com.boco.apphall/cache/uil-images/journal.tmp
05-19 16:56:13.986 E/Cataloger( 1207): need not sync path:/storage/emulated/0/Android/data/com.boco.apphall/cache/uil-images/journal.tmp
05-19 16:56:13.986 E/Cataloger( 1207): syncFile:/storage/emulated/0/Android/data/com.boco.apphall/cache/uil-images/journal.tmp
05-19 16:56:13.986 E/Cataloger( 1207): need not sync path:/storage/emulated/0/Android/data/com.boco.apphall/cache/uil-images/journal.tmp
05-19 16:56:13.986 E/Cataloger( 1207): syncFile:/storage/emulated/0/Android/data/com.boco.apphall/cache/uil-images/journal.tmp
05-19 16:56:13.986 E/Cataloger( 1207): need not sync path:/storage/emulated/0/Android/data/com.boco.apphall/cache/uil-images/journal.tmp
05-19 16:56:13.986 E/QueryController(19835): Got null root node from accessibility - Retrying...
05-19 16:56:13.986 E/Cataloger( 1207): syncFile:/storage/emulated/0/Android/data/com.boco.apphall/cache/uil-images/journal
05-19 16:56:13.986 E/Cataloger( 1207): need not sync path:/storage/emulated/0/Android/data/com.boco.apphall/cache/uil-images/journal
05-19 16:56:14.236 E/QueryController(19835): Got null root node from accessibility - Retrying...
05-19 16:56:14.436 E/cutils-trace(19852): Error opening trace file: No such file or directory (2)
05-19 16:56:16.306 E/AccessibilityNodeInfoCache(19835): Node from: 551 not from:550 android.view.accessibility.AccessibilityNodeInfo@9bf1; boundsInParent: Rect(0, 0 - 900, 1440); boundsInScreen: Rect(0, 0 - 900, 1440); packageName: com.boco.apphall; className: android.widget.FrameLayout; text: null; contentDescription: null; viewIdResName: null; checkable: false; checked: false; focusable: false; focused: false; selected: false; clickable: false; longClickable: false; enabled: true; password: false; scrollable: false; [ACTION_SELECT, ACTION_CLEAR_SELECTION, ACTION_ACCESSIBILITY_FOCUS]
05-19 16:56:16.306 E/AccessibilityNodeInfoCache(19835): Node from: 551 not from:550 android.view.accessibility.AccessibilityNodeInfo@9fb2; boundsInParent: Rect(0, 0 - 680, 121); boundsInScreen: Rect(150, 623 - 830, 744); packageName: com.boco.apphall; className: android.widget.EditText; text: 请输入账号; contentDescription: null; viewIdResName: com.boco.apphall:id/username; checkable: false; checked: false; focusable: true; focused: true; selected: false; clickable: true; longClickable: true; enabled: true; password: false; scrollable: false; [ACTION_CLEAR_FOCUS, ACTION_SELECT, ACTION_CLEAR_SELECTION, ACTION_CLICK, ACTION_LONG_CLICK, ACTION_ACCESSIBILITY_FOCUS]
05-19 16:56:16.306 E/AccessibilityNodeInfoCache(19835): Node from: 551 not from:550 android.view.accessibility.AccessibilityNodeInfo@a373; boundsInParent: Rect(0, 0 - 900, 60); boundsInScreen: Rect(0, 381 - 900, 441); packageName: com.boco.apphall; className: android.widget.TextView; text: 掌上运维管理平台; contentDescription: null; viewIdResName: null; checkable: false; checked: false; focusable: false; focused: false; selected: false; clickable: false; longClickable: false; enabled: true; password: false; scrollable: false; [ACTION_SELECT, ACTION_CLEAR_SELECTION, ACTION_ACCESSIBILITY_FOCUS, ACTION_NEXT_AT_MOVEMENT_GRANULARITY, ACTION_PREVIOUS_AT_MOVEMENT_GRANULARITY, ACTION_SET_SELECTION]
05-19 16:56:16.306 E/AccessibilityNodeInfoCache(19835): Node from: 551 not from:550 android.view.accessibility.AccessibilityNodeInfo@a734; boundsInParent: Rect(0, 0 - 680, 121); boundsInScreen: Rect(150, 744 - 830, 865); packageName: com.boco.apphall; className: android.widget.EditText; text: null; contentDescription: null; viewIdResName: com.boco.apphall:id/password; checkable: false; checked: false; focusable: true; focused: false; selected: false; clickable: true; longClickable: true; enabled: true; password: true; scrollable: false; [ACTION_FOCUS, ACTION_SELECT, ACTION_CLEAR_SELECTION, ACTION_CLICK, ACTION_LONG_CLICK, ACTION_ACCESSIBILITY_FOCUS]
05-19 16:56:16.306 E/AccessibilityNodeInfoCache(19835): Node from: 551 not from:550 android.view.accessibility.AccessibilityNodeInfo@aaf5; boundsInParent: Rect(0, 0 - 143, 43); boundsInScreen: Rect(70, 915 - 213, 958); packageName: com.boco.apphall; className: android.widget.CheckBox; text: 忘记密码?; contentDescription: null; viewIdResName: com.boco.apphall:id/forget_password; checkable: true; checked: false; focusable: true; focused: false; selected: false; clickable: true; longClickable: false; enabled: true; password: false; scrollable: false; [ACTION_FOCUS, ACTION_SELECT, ACTION_CLEAR_SELECTION, ACTION_CLICK, ACTION_ACCESSIBILITY_FOCUS, ACTION_NEXT_AT_MOVEMENT_GRANULARITY, ACTION_PREVIOUS_AT_MOVEMENT_GRANULARITY, ACTION_SET_SELECTION]
05-19 16:56:16.306 E/AccessibilityNodeInfoCache(19835): Node from: 551 not from:550 android.view.accessibility.AccessibilityNodeInfo@aeb6; boundsInParent: Rect(0, 0 - 181, 43); boundsInScreen: Rect(649, 915 - 830, 958); packageName: com.boco.apphall; className: android.widget.CheckBox; text: 记住密码; contentDescription: null; viewIdResName: com.boco.apphall:id/rememberPwd; checkable: true; checked: false; focusable: true; focused: false; selected: false; clickable: true; longClickable: false; enabled: true; password: false; scrollable: false; [ACTION_FOCUS, ACTION_SELECT, ACTION_CLEAR_SELECTION, ACTION_CLICK, ACTION_ACCESSIBILITY_FOCUS, ACTION_NEXT_AT_MOVEMENT_GRANULARITY, ACTION_PREVIOUS_AT_MOVEMENT_GRANULARITY, ACTION_SET_SELECTION]
05-19 16:56:16.306 E/AccessibilityNodeInfoCache(19835): Node from: 551 not from:550 android.view.accessibility.AccessibilityNodeInfo@b277; boundsInParent: Rect(0, 0 - 572, 80); boundsInScreen: Rect(164, 1089 - 736, 1169); packageName: com.boco.apphall; className: android.widget.Button; text: 登录; contentDescription: null; viewIdResName: com.boco.apphall:id/login_btn; checkable: false; checked: false; focusable: true; focused: false; selected: false; clickable: true; longClickable: false; enabled: true; password: false; scrollable: false; [ACTION_FOCUS, ACTION_SELECT, ACTION_CLEAR_SELECTION, ACTION_CLICK, ACTION_ACCESSIBILITY_FOCUS, ACTION_NEXT_AT_MOVEMENT_GRANULARITY, ACTION_PREVIOUS_AT_MOVEMENT_GRANULARITY, ACTION_SET_SELECTION]
05-19 16:56:16.306 E/AccessibilityNodeInfoCache(19835): Node from: 551 not from:550 android.view.accessibility.AccessibilityNodeInfo@b638; boundsInParent: Rect(0, 0 - 900, 60); boundsInScreen: Rect(0, 1360 - 900, 1420); packageName: com.boco.apphall; className: android.widget.TextView; text: 中国移动通信集团广西有限公司; contentDescription: null; viewIdResName: null; checkable: false; checked: false; focusable: false; focused: false; selected: false; clickable: false; longClickable: false; enabled: true; password: false; scrollable: false; [ACTION_SELECT, ACTION_CLEAR_SELECTION, ACTION_ACCESSIBILITY_FOCUS, ACTION_NEXT_AT_MOVEMENT_GRANULARITY, ACTION_PREVIOUS_AT_MOVEMENT_GRANULARITY, ACTION_SET_SELECTION]
05-19 16:56:16.306 E/AccessibilityNodeInfoCache(19835): Node from: 551 not from:550 android.view.accessibility.AccessibilityNodeInfo@b9f9; boundsInParent: Rect(0, 0 - 900, 1440); boundsInScreen: Rect(0, 0 - 900, 1440); packageName: com.boco.apphall; className: android.widget.LinearLayout; text: null; contentDescription: null; viewIdResName: null; checkable: false; checked: false; focusable: false; focused: false; selected: false; clickable: false; longClickable: false; enabled: true; password: false; scrollable: false; [ACTION_SELECT, ACTION_CLEAR_SELECTION, ACTION_ACCESSIBILITY_FOCUS]
