05-19 15:04:04.007 E/WifiStateMachine(  851):  L2ConnectedState (when=-5ms what=131155 arg1=671!CMD_RSSI_POLL 671 0 "BOCO-office" 94:b4:0f:68:a4:b1 rssi=-51 f=5785 sc=80 link=135 tx=0.2, 0.0, 0.0  rx=64.1 bcn=0 [on:0 tx:0 rx:0 period:2] from screen [on:0 period:716003079] gl rssi=-51 ag=0 hr ticks 28,286,43 ls-=0 [56,56,56,56,61] brc=0 lrc=0
05-19 15:04:04.007 E/WifiStateMachine(  851):  get link layer stats 0
05-19 15:04:04.030 E/WifiStateMachine(  851): calculateWifiScore() we set wifi's score to 1000, so will always set wifi as a default network.
05-19 15:04:04.677 E/WifiTrafficPoller(  851): TRAFFIC_STATS_POLL true Token 3077 num clients 17
05-19 15:04:04.677 E/WifiTrafficPoller(  851):  packet count Tx=2028419 Rx=6690404
05-19 15:04:05.679 E/WifiTrafficPoller(  851): TRAFFIC_STATS_POLL true Token 3077 num clients 17
05-19 15:04:05.679 E/WifiTrafficPoller(  851):  packet count Tx=2028419 Rx=6690431
05-19 15:04:05.977 E/memtrack(13481): Couldn't load memtrack module (No such file or directory)
05-19 15:04:05.977 E/android.os.Debug(13481): failed to load memtrack module: -2
05-19 15:04:06.640 E/memtrack(13498): Couldn't load memtrack module (No such file or directory)
05-19 15:04:06.640 E/android.os.Debug(13498): failed to load memtrack module: -2
05-19 15:04:06.680 E/WifiTrafficPoller(  851): TRAFFIC_STATS_POLL true Token 3077 num clients 17
05-19 15:04:06.680 E/WifiTrafficPoller(  851):  packet count Tx=2028419 Rx=6690446
05-19 15:04:07.035 E/WifiStateMachine(  851):  ConnectedState (when=-4ms what=131155 arg1=671!CMD_RSSI_POLL 671 0 "BOCO-office" 94:b4:0f:68:a4:b1 rssi=-51 f=5785 sc=80 link=135 tx=0.1, 0.0, 0.0  rx=62.6 bcn=0 [on:0 tx:0 rx:0 period:2998] from screen [on:0 period:716006107] gl rssi=-51 ag=0 hr ticks 28,286,43 ls-=0 [56,56,56,56,61] brc=0 lrc=0
05-19 15:04:07.037 E/WifiStateMachine(  851):  L2ConnectedState (when=-6ms what=131155 arg1=671!CMD_RSSI_POLL 671 0 "BOCO-office" 94:b4:0f:68:a4:b1 rssi=-51 f=5785 sc=80 link=135 tx=0.1, 0.0, 0.0  rx=62.6 bcn=0 [on:0 tx:0 rx:0 period:2] from screen [on:0 period:716006109] gl rssi=-51 ag=0 hr ticks 28,286,43 ls-=0 [56,56,56,56,61] brc=0 lrc=0
05-19 15:04:07.038 E/WifiStateMachine(  851):  get link layer stats 0
05-19 15:04:07.044 E/WifiStateMachine(  851): calculateWifiScore() we set wifi's score to 1000, so will always set wifi as a default network.
05-19 15:04:07.528 E/memtrack(13514): Couldn't load memtrack module (No such file or directory)
05-19 15:04:07.528 E/android.os.Debug(13514): failed to load memtrack module: -2
05-19 15:04:07.681 E/WifiTrafficPoller(  851): TRAFFIC_STATS_POLL true Token 3077 num clients 17
05-19 15:04:07.682 E/WifiTrafficPoller(  851):  packet count Tx=2028419 Rx=6690468
05-19 15:04:08.529 E/memtrack(13530): Couldn't load memtrack module (No such file or directory)
05-19 15:04:08.529 E/android.os.Debug(13530): failed to load memtrack module: -2
05-19 15:04:08.682 E/WifiTrafficPoller(  851): TRAFFIC_STATS_POLL true Token 3077 num clients 17
05-19 15:04:08.683 E/WifiTrafficPoller(  851):  packet count Tx=2028419 Rx=6690485
05-19 15:04:09.486 E/memtrack(13568): Couldn't load memtrack module (No such file or directory)
05-19 15:04:09.486 E/android.os.Debug(13568): failed to load memtrack module: -2
05-19 15:04:09.684 E/WifiTrafficPoller(  851): TRAFFIC_STATS_POLL true Token 3077 num clients 17
05-19 15:04:09.686 E/WifiTrafficPoller(  851):  packet count Tx=2028423 Rx=6690505
05-19 15:04:09.686 E/WifiTrafficPoller(  851): notifying of data activity 3
05-19 15:04:10.046 E/WifiStateMachine(  851):  ConnectedState (when=-2ms what=131155 arg1=671!CMD_RSSI_POLL 671 0 "BOCO-office" 94:b4:0f:68:a4:b1 rssi=-51 f=5785 sc=80 link=135 tx=0.0, 0.0, 0.0  rx=60.8 bcn=0 [on:0 tx:0 rx:0 period:2999] from screen [on:0 period:716009118] gl rssi=-51 ag=0 hr ticks 28,286,43 ls-=0 [56,56,56,56,61] brc=0 lrc=0
05-19 15:04:10.047 E/WifiStateMachine(  851):  L2ConnectedState (when=-3ms what=131155 arg1=671!CMD_RSSI_POLL 671 0 "BOCO-office" 94:b4:0f:68:a4:b1 rssi=-51 f=5785 sc=80 link=135 tx=0.0, 0.0, 0.0  rx=60.8 bcn=0 [on:0 tx:0 rx:0 period:1] from screen [on:0 period:716009119] gl rssi=-51 ag=0 hr ticks 28,286,43 ls-=0 [56,56,56,56,61] brc=0 lrc=0
05-19 15:04:10.047 E/WifiStateMachine(  851):  get link layer stats 0
05-19 15:04:10.050 E/WifiStateMachine(  851): calculateWifiScore() we set wifi's score to 1000, so will always set wifi as a default network.
05-19 15:04:10.457 E/memtrack(13591): Couldn't load memtrack module (No such file or directory)
05-19 15:04:10.457 E/android.os.Debug(13591): failed to load memtrack module: -2
05-19 15:04:10.690 E/WifiTrafficPoller(  851): TRAFFIC_STATS_POLL true Token 3077 num clients 17
05-19 15:04:10.692 E/WifiTrafficPoller(  851):  packet count Tx=2028436 Rx=6690527
05-19 15:04:11.114 E/memtrack(13615): Couldn't load memtrack module (No such file or directory)
05-19 15:04:11.114 E/android.os.Debug(13615): failed to load memtrack module: -2
05-19 15:04:11.692 E/WifiTrafficPoller(  851): TRAFFIC_STATS_POLL true Token 3077 num clients 17
05-19 15:04:11.693 E/WifiTrafficPoller(  851):  packet count Tx=2028437 Rx=6690547
05-19 15:04:12.106 E/memtrack(13632): Couldn't load memtrack module (No such file or directory)
05-19 15:04:12.106 E/android.os.Debug(13632): failed to load memtrack module: -2
05-19 15:04:12.692 E/GpsXtraDownloader(  851): No XTRA servers were specified in the GPS configuration
05-19 15:04:12.695 E/WifiTrafficPoller(  851): TRAFFIC_STATS_POLL true Token 3077 num clients 17
05-19 15:04:12.695 E/WifiTrafficPoller(  851):  packet count Tx=2028437 Rx=6690563
05-19 15:04:12.695 E/WifiTrafficPoller(  851): notifying of data activity 1
05-19 15:04:13.055 E/WifiStateMachine(  851):  ConnectedState (when=-4ms what=131155 arg1=671!CMD_RSSI_POLL 671 0 "BOCO-office" 94:b4:0f:68:a4:b1 rssi=-52 f=5785 sc=80 link=135 tx=2.0, 0.0, 0.0  rx=58.4 bcn=0 [on:0 tx:0 rx:0 period:3001] from screen [on:0 period:716012127] gl rssi=-52 ag=0 hr ticks 28,286,43 ls-=0 [56,56,56,56,61] brc=0 lrc=0
05-19 15:04:13.057 E/WifiStateMachine(  851):  L2ConnectedState (when=-4ms what=131155 arg1=671!CMD_RSSI_POLL 671 0 "BOCO-office" 94:b4:0f:68:a4:b1 rssi=-52 f=5785 sc=80 link=135 tx=2.0, 0.0, 0.0  rx=58.4 bcn=0 [on:0 tx:0 rx:0 period:2] from screen [on:0 period:716012129] gl rssi=-52 ag=0 hr ticks 28,286,43 ls-=0 [56,56,56,56,61] brc=0 lrc=0
05-19 15:04:13.058 E/WifiStateMachine(  851):  get link layer stats 0
05-19 15:04:13.079 E/WifiStateMachine(  851): calculateWifiScore() we set wifi's score to 1000, so will always set wifi as a default network.
05-19 15:04:13.538 E/memtrack(13651): Couldn't load memtrack module (No such file or directory)
05-19 15:04:13.539 E/android.os.Debug(13651): failed to load memtrack module: -2
05-19 15:04:13.699 E/WifiTrafficPoller(  851): TRAFFIC_STATS_POLL true Token 3077 num clients 17
05-19 15:04:13.700 E/WifiTrafficPoller(  851):  packet count Tx=2028437 Rx=6690575
05-19 15:04:14.700 E/WifiTrafficPoller(  851): TRAFFIC_STATS_POLL true Token 3077 num clients 17
05-19 15:04:14.701 E/WifiTrafficPoller(  851):  packet count Tx=2028437 Rx=6690583
05-19 15:04:15.703 E/WifiTrafficPoller(  851): TRAFFIC_STATS_POLL true Token 3077 num clients 17
05-19 15:04:15.703 E/WifiTrafficPoller(  851):  packet count Tx=2028437 Rx=6690606
05-19 15:04:16.084 E/WifiStateMachine(  851):  ConnectedState (when=-3ms what=131155 arg1=671!CMD_RSSI_POLL 671 0 "BOCO-office" 94:b4:0f:68:a4:b1 rssi=-51 f=5785 sc=80 link=135 tx=8.0, 0.0, 0.0  rx=58.2 bcn=0 [on:0 tx:0 rx:0 period:2999] from screen [on:0 period:716015156] gl rssi=-51 ag=0 hr ticks 28,286,43 ls-=0 [56,56,60,60,65] brc=0 lrc=0
05-19 15:04:16.085 E/WifiStateMachine(  851):  L2ConnectedState (when=-4ms what=131155 arg1=671!CMD_RSSI_POLL 671 0 "BOCO-office" 94:b4:0f:68:a4:b1 rssi=-51 f=5785 sc=80 link=135 tx=8.0, 0.0, 0.0  rx=58.2 bcn=0 [on:0 tx:0 rx:0 period:0] from screen [on:0 period:716015156] gl rssi=-51 ag=0 hr ticks 28,286,43 ls-=0 [56,56,60,60,65] brc=0 lrc=0
05-19 15:04:16.085 E/WifiStateMachine(  851):  get link layer stats 0
05-19 15:04:16.108 E/WifiStateMachine(  851): calculateWifiScore() we set wifi's score to 1000, so will always set wifi as a default network.
05-19 15:04:16.703 E/WifiTrafficPoller(  851): TRAFFIC_STATS_POLL true Token 3077 num clients 17
05-19 15:04:16.704 E/WifiTrafficPoller(  851):  packet count Tx=2028437 Rx=6690623
05-19 15:04:17.037 E/memtrack(13673): Couldn't load memtrack module (No such file or directory)
05-19 15:04:17.037 E/android.os.Debug(13673): failed to load memtrack module: -2
05-19 15:04:17.704 E/WifiTrafficPoller(  851): TRAFFIC_STATS_POLL true Token 3077 num clients 17
05-19 15:04:17.705 E/WifiTrafficPoller(  851):  packet count Tx=2028437 Rx=6690644
05-19 15:04:17.825 E/memtrack(13690): Couldn't load memtrack module (No such file or directory)
05-19 15:04:17.825 E/android.os.Debug(13690): failed to load memtrack module: -2
05-19 15:04:18.231 E/NotificationService(  851): Suppressing notification from package com.qihoo.appstore by user request.
05-19 15:04:18.681 E/NotificationService(  851): Suppressing notification from package com.qihoo.appstore by user request.
05-19 15:04:18.705 E/WifiTrafficPoller(  851): TRAFFIC_STATS_POLL true Token 3077 num clients 17
05-19 15:04:18.705 E/WifiTrafficPoller(  851):  packet count Tx=2028437 Rx=6690652
05-19 15:04:18.917 E/AppStore.AppstoreProvider(13792): AppstoreProvider:delete:160128-358=>delete failed PACKAGE_REPLACE
05-19 15:04:19.112 E/WifiStateMachine(  851):  ConnectedState (when=-3ms what=131155 arg1=671!CMD_RSSI_POLL 671 0 "BOCO-office" 94:b4:0f:68:a4:b1 rssi=-51 f=5785 sc=80 link=135 tx=4.0, 0.0, 0.0  rx=53.1 bcn=0 [on:0 tx:0 rx:0 period:3003] from screen [on:0 period:716018184] gl rssi=-51 ag=0 hr ticks 28,286,43 ls-=0 [56,56,56,56,61] brc=0 lrc=0
05-19 15:04:19.112 E/WifiStateMachine(  851):  L2ConnectedState (when=-4ms what=131155 arg1=671!CMD_RSSI_POLL 671 0 "BOCO-office" 94:b4:0f:68:a4:b1 rssi=-51 f=5785 sc=80 link=135 tx=4.0, 0.0, 0.0  rx=53.1 bcn=0 [on:0 tx:0 rx:0 period:0] from screen [on:0 period:716018184] gl rssi=-51 ag=0 hr ticks 28,286,43 ls-=0 [56,56,56,56,61] brc=0 lrc=0
05-19 15:04:19.112 E/WifiStateMachine(  851):  get link layer stats 0
05-19 15:04:19.128 E/WifiStateMachine(  851): calculateWifiScore() we set wifi's score to 1000, so will always set wifi as a default network.
05-19 15:04:19.202 E/memtrack(13873): Couldn't load memtrack module (No such file or directory)
05-19 15:04:19.202 E/android.os.Debug(13873): failed to load memtrack module: -2
05-19 15:04:19.224 E/MPlugin (13761): Unsupported class: com.mediatek.common.telephony.IOnlyOwnerSimSupport
05-19 15:04:19.443 E/SurfaceFlinger(  285): onDraw: bindTextureImage test
05-19 15:04:19.460 E/SurfaceFlinger(  285): onDraw: bindTextureImage test
05-19 15:04:19.477 E/SurfaceFlinger(  285): onDraw: bindTextureImage test
05-19 15:04:19.494 E/SurfaceFlinger(  285): onDraw: bindTextureImage test
05-19 15:04:19.511 E/SurfaceFlinger(  285): onDraw: bindTextureImage test
05-19 15:04:19.528 E/SurfaceFlinger(  285): onDraw: bindTextureImage test
05-19 15:04:19.544 E/SurfaceFlinger(  285): onDraw: bindTextureImage test
05-19 15:04:19.561 E/SurfaceFlinger(  285): onDraw: bindTextureImage test
05-19 15:04:19.705 E/WifiTrafficPoller(  851): TRAFFIC_STATS_POLL true Token 3077 num clients 17
05-19 15:04:19.705 E/WifiTrafficPoller(  851):  packet count Tx=2028449 Rx=6690675
05-19 15:04:19.705 E/WifiTrafficPoller(  851): notifying of data activity 3
05-19 15:04:19.738 E/NativeCrypto( 2186): ssl=0x7f9ea88980 cert_verify_callback x509_store_ctx=0x7f8cdfece8 arg=0x0
05-19 15:04:19.738 E/NativeCrypto( 2186): ssl=0x7f9ea88980 cert_verify_callback calling verifyCertificateChain authMethod=ECDHE_RSA
05-19 15:04:19.748 E/NativeCrypto( 2186): ssl=0x7f8ddd5b00 cert_verify_callback x509_store_ctx=0x7f89eface8 arg=0x0
05-19 15:04:19.748 E/NativeCrypto( 2186): ssl=0x7f8ddd5b00 cert_verify_callback calling verifyCertificateChain authMethod=ECDHE_RSA
05-19 15:04:19.767 E/NativeCrypto( 2186): ssl=0x7f9ea8cc00 cert_verify_callback x509_store_ctx=0x7f89df6c78 arg=0x0
05-19 15:04:19.767 E/NativeCrypto( 2186): ssl=0x7f9ea8cc00 cert_verify_callback calling verifyCertificateChain authMethod=ECDHE_RSA
05-19 15:04:19.769 E/NativeCrypto( 2186): ssl=0x7f8ddd7000 cert_verify_callback x509_store_ctx=0x7f89ffec78 arg=0x0
05-19 15:04:19.769 E/NativeCrypto( 2186): ssl=0x7f8ddd7000 cert_verify_callback calling verifyCertificateChain authMethod=ECDHE_RSA
05-19 15:04:20.017 E/PluginFramework(13761): Didn't find class "com.qihoo360.mobilesafe.api.IPC" on path: DexPathList[[zip file "/data/data/com.qihoo.appstore/Plugin/com.qihoo360.mobilesafe.clean/apk/base-1.apk"],nativeLibraryDirectories=[/data/data/com.qihoo.appstore/Plugin/com.qihoo360.mobilesafe.clean/lib, /vendor/lib, /system/lib]]
05-19 15:04:20.017 E/PluginFramework(13761): java.lang.ClassNotFoundException: Didn't find class "com.qihoo360.mobilesafe.api.IPC" on path: DexPathList[[zip file "/data/data/com.qihoo.appstore/Plugin/com.qihoo360.mobilesafe.clean/apk/base-1.apk"],nativeLibraryDirectories=[/data/data/com.qihoo.appstore/Plugin/com.qihoo360.mobilesafe.clean/lib, /vendor/lib, /system/lib]]
05-19 15:04:20.017 E/PluginFramework(13761): 	at dalvik.system.BaseDexClassLoader.findClass(BaseDexClassLoader.java:56)
05-19 15:04:20.017 E/PluginFramework(13761): 	at java.lang.ClassLoader.loadClass(ClassLoader.java:511)
05-19 15:04:20.017 E/PluginFramework(13761): 	at com.morgoo.droidplugin.b.a.loadClass(AppStore:74)
05-19 15:04:20.017 E/PluginFramework(13761): 	at java.lang.ClassLoader.loadClass(ClassLoader.java:469)
05-19 15:04:20.017 E/PluginFramework(13761): 	at com.qihoo360.i.PluginFramework.a(Clean:71)
05-19 15:04:20.017 E/PluginFramework(13761): 	at com.qihoo360.i.PluginFramework.init(Clean:49)
05-19 15:04:20.017 E/PluginFramework(13761): 	at clean.jj.<init>(Clean:500)
05-19 15:04:20.017 E/PluginFramework(13761): 	at com.qihoo360.mobilesafe.clean.rely.PluginService.onBind(Clean:63)
05-19 15:04:20.017 E/PluginFramework(13761): 	at com.morgoo.droidplugin.stub.h.c(AppStore:207)
05-19 15:04:20.017 E/PluginFramework(13761): 	at com.morgoo.droidplugin.stub.h.b(AppStore:275)
05-19 15:04:20.017 E/PluginFramework(13761): 	at com.morgoo.droidplugin.stub.AbstractServiceStub.onBind(AppStore:145)
05-19 15:04:20.017 E/PluginFramework(13761): 	at android.app.ActivityThread.handleBindService(ActivityThread.java:3073)
05-19 15:04:20.017 E/PluginFramework(13761): 	at android.app.ActivityThread.access$2000(ActivityThread.java:188)
05-19 15:04:20.017 E/PluginFramework(13761): 	at android.app.ActivityThread$H.handleMessage(ActivityThread.java:1609)
05-19 15:04:20.017 E/PluginFramework(13761): 	at android.os.Handler.dispatchMessage(Handler.java:111)
05-19 15:04:20.017 E/PluginFramework(13761): 	at android.os.Looper.loop(Looper.java:194)
05-19 15:04:20.017 E/PluginFramework(13761): 	at android.app.ActivityThread.main(ActivityThread.java:5714)
05-19 15:04:20.017 E/PluginFramework(13761): 	at java.lang.reflect.Method.invoke(Native Method)
05-19 15:04:20.017 E/PluginFramework(13761): 	at java.lang.reflect.Method.invoke(Method.java:372)
05-19 15:04:20.017 E/PluginFramework(13761): 	at com.android.internal.os.ZygoteInit$MethodAndArgsCaller.run(ZygoteInit.java:984)
05-19 15:04:20.017 E/PluginFramework(13761): 	at com.android.internal.os.ZygoteInit.main(ZygoteInit.java:779)
05-19 15:04:20.017 E/PluginFramework(13761): 	Suppressed: java.lang.ClassNotFoundException: Didn't find class "com.qihoo360.mobilesafe.api.IPC" on path: DexPathList[[directory "."],nativeLibraryDirectories=[/vendor/lib, /system/lib]]
05-19 15:04:20.017 E/PluginFramework(13761): 		at dalvik.system.BaseDexClassLoader.findClass(BaseDexClassLoader.java:56)
05-19 15:04:20.017 E/PluginFramework(13761): 		at java.lang.ClassLoader.loadClass(ClassLoader.java:511)
05-19 15:04:20.017 E/PluginFramework(13761): 		at java.lang.ClassLoader.loadClass(ClassLoader.java:504)
05-19 15:04:20.017 E/PluginFramework(13761): 		... 19 more
05-19 15:04:20.017 E/PluginFramework(13761): 		Suppressed: java.lang.ClassNotFoundException: com.qihoo360.mobilesafe.api.IPC
05-19 15:04:20.017 E/PluginFramework(13761): 			at java.lang.Class.classForName(Native Method)
05-19 15:04:20.017 E/PluginFramework(13761): 			at java.lang.BootClassLoader.findClass(ClassLoader.java:781)
05-19 15:04:20.017 E/PluginFramework(13761): 			at java.lang.BootClassLoader.loadClass(ClassLoader.java:841)
05-19 15:04:20.017 E/PluginFramework(13761): 			at java.lang.ClassLoader.loadClass(ClassLoader.java:504)
05-19 15:04:20.017 E/PluginFramework(13761): 			... 20 more
05-19 15:04:20.017 E/PluginFramework(13761): 		Caused by: java.lang.NoClassDefFoundError: Class not found using the boot class loader; no stack available
05-19 15:04:20.098 E/NativeCrypto( 2186): ssl=0x7f8ddd7000 cert_verify_callback x509_store_ctx=0x7f89ffec78 arg=0x0
05-19 15:04:20.098 E/NativeCrypto( 2186): ssl=0x7f8ddd7000 cert_verify_callback calling verifyCertificateChain authMethod=ECDHE_RSA
05-19 15:04:20.163 E/UpdateManager( 2186): onFinish() null == resp
05-19 15:04:20.168 E/NativeCrypto( 2186): ssl=0x7f9ea8cc00 cert_verify_callback x509_store_ctx=0x7f89df6c78 arg=0x0
05-19 15:04:20.168 E/NativeCrypto( 2186): ssl=0x7f9ea8cc00 cert_verify_callback calling verifyCertificateChain authMethod=ECDHE_RSA
05-19 15:04:20.189 E/AppFeature(14080): gyroscope_check2_delay_game_support--false
05-19 15:04:20.189 E/AppFeature(14080): ktv_sound_support--true
05-19 15:04:20.189 E/AppFeature(14080): flashlight_calibration_support--true
05-19 15:04:20.189 E/AppFeature(14080): flashlight_support--false
05-19 15:04:20.189 E/AppFeature(14080): fm_support--true
05-19 15:04:20.189 E/AppFeature(14080): hardware_adc_version_support--true
05-19 15:04:20.189 E/AppFeature(14080): camera_noi_red_support--false
05-19 15:04:20.189 E/AppFeature(14080): new_camera_support--false
05-19 15:04:20.189 E/AppFeature(14080): new_hand_write_test_support--true
05-19 15:04:20.189 E/AppFeature(14080): smart_amprifier_support--true
05-19 15:04:20.189 E/AppFeature(14080): udisk_cali_support--false
05-19 15:04:20.189 E/AppFeature(14080): electronic_compass_support--true
05-19 15:04:20.189 E/AppFeature(14080): gyroscope_support--false
05-19 15:04:20.189 E/AppFeature(14080): camera_and_focus_key_test_support--false
05-19 15:04:20.189 E/AppFeature(14080): gesture_cali_support--false
05-19 15:04:20.189 E/AppFeature(14080): dual_speaker_support--false
05-19 15:04:20.189 E/AppFeature(14080): smart_spearker_amplifier_cali_support--true
05-19 15:04:20.189 E/AppFeature(14080): right_speaker_support--false
05-19 15:04:20.189 E/AppFeature(14080): sub_echo_support--false
05-19 15:04:20.189 E/AppFeature(14080): fingercoverage_support--true
05-19 15:04:20.189 E/AppFeature(14080): speaker_resdetect_support--true
05-19 15:04:20.189 E/AppFeature(14080): hifi_support--true
05-19 15:04:20.189 E/AppFeature(14080): phone_type_support--false
05-19 15:04:20.189 E/AppFeature(14080): sdcard_hot_plug_support--true
05-19 15:04:20.189 E/AppFeature(14080): flash_light_cali_support--true
05-19 15:04:20.189 E/AppFeature(14080): fingerprint_support--true
05-19 15:04:20.189 E/AppFeature(14080): qcom_modem_version_support--false
05-19 15:04:20.189 E/AppFeature(14080): charger_test_support--true
05-19 15:04:20.189 E/AppFeature(14080): battery_info_support--true
05-19 15:04:20.189 E/AppFeature(14080): 3g_test_support--false
05-19 15:04:20.189 E/AppFeature(14080): dual_light_support--false
05-19 15:04:20.189 E/AppFeature(14080): button_light_support--false
05-19 15:04:20.189 E/AppFeature(14080): virtual_sim--true
05-19 15:04:20.189 E/AppFeature(14080): camera_pdaf--true
05-19 15:04:20.189 E/AppFeature(14080): gsensor_lis3dh_support--false
05-19 15:04:20.189 E/AppFeature(14080): touch_panel_devices_support--true
05-19 15:04:20.189 E/AppFeature(14080): em_proximity_gesture_support--false
05-19 15:04:20.189 E/AppFeature(14080): double_flashlight_verify_support--false
05-19 15:04:20.189 E/AppFeature(14080): lcd_color_cali_support--false
05-19 15:04:20.189 E/AppFeature(14080): double_hifi_support--false
05-19 15:04:20.189 E/AppFeature(14080): music_test_rom1_0_ex_support--false
05-19 15:04:20.189 E/AppFeature(14080): version_info_support--false
05-19 15:04:20.189 E/AppFeature(14080): net_banding_set_support--false
05-19 15:04:20.189 E/AppFeature(14080): kernel_accelerometer_support--
05-19 15:04:20.189 E/AppFeature(14080): lcm_chroma_adjust_support--false
05-19 15:04:20.189 E/AppFeature(14080): left_speaker_support--false
05-19 15:04:20.325 E/NativeCrypto( 2186): ssl=0x7f8ddd6900 cert_verify_callback x509_store_ctx=0x7f89efad68 arg=0x0
05-19 15:04:20.325 E/NativeCrypto( 2186): ssl=0x7f8ddd6900 cert_verify_callback calling verifyCertificateChain authMethod=ECDHE_RSA
05-19 15:04:20.328 E/NativeCrypto( 2186): ssl=0x7f9ea8c500 cert_verify_callback x509_store_ctx=0x7f8cdfecc8 arg=0x0
05-19 15:04:20.328 E/NativeCrypto( 2186): ssl=0x7f9ea8c500 cert_verify_callback calling verifyCertificateChain authMethod=ECDHE_RSA
05-19 15:04:20.340 E/NativeCrypto( 2186): ssl=0x7f9ea8e100 cert_verify_callback x509_store_ctx=0x7f899e6de8 arg=0x0
05-19 15:04:20.340 E/NativeCrypto( 2186): ssl=0x7f9ea8e100 cert_verify_callback calling verifyCertificateChain authMethod=ECDHE_RSA
05-19 15:04:20.511 E/NativeCrypto( 2186): ssl=0x7f9ea8cc00 cert_verify_callback x509_store_ctx=0x7f89df6c78 arg=0x0
05-19 15:04:20.511 E/NativeCrypto( 2186): ssl=0x7f9ea8cc00 cert_verify_callback calling verifyCertificateChain authMethod=ECDHE_RSA
05-19 15:04:20.722 E/WifiTrafficPoller(  851): TRAFFIC_STATS_POLL true Token 3077 num clients 17
05-19 15:04:20.722 E/WifiTrafficPoller(  851):  packet count Tx=2028618 Rx=6690914
05-19 15:04:21.327 E/SurfaceFlinger(  285): onDraw: bindTextureImage test
05-19 15:04:21.345 E/SurfaceFlinger(  285): onDraw: bindTextureImage test
05-19 15:04:21.361 E/SurfaceFlinger(  285): onDraw: bindTextureImage test
05-19 15:04:21.378 E/SurfaceFlinger(  285): onDraw: bindTextureImage test
05-19 15:04:21.395 E/SurfaceFlinger(  285): onDraw: bindTextureImage test
05-19 15:04:21.412 E/SurfaceFlinger(  285): onDraw: bindTextureImage test
05-19 15:04:21.635 E/SurfaceFlinger(  285): onDraw: bindTextureImage test
05-19 15:04:21.649 E/SurfaceFlinger(  285): onDraw: bindTextureImage test
05-19 15:04:21.666 E/SurfaceFlinger(  285): onDraw: bindTextureImage test
05-19 15:04:21.681 E/SurfaceFlinger(  285): onDraw: bindTextureImage test
05-19 15:04:21.699 E/SurfaceFlinger(  285): onDraw: bindTextureImage test
05-19 15:04:21.715 E/SurfaceFlinger(  285): onDraw: bindTextureImage test
05-19 15:04:21.723 E/WifiTrafficPoller(  851): TRAFFIC_STATS_POLL true Token 3077 num clients 17
05-19 15:04:21.725 E/WifiTrafficPoller(  851):  packet count Tx=2028629 Rx=6690961
05-19 15:04:21.733 E/SurfaceFlinger(  285): onDraw: bindTextureImage test
05-19 15:04:21.751 E/SurfaceFlinger(  285): onDraw: bindTextureImage test
05-19 15:04:21.767 E/SurfaceFlinger(  285): onDraw: bindTextureImage test
05-19 15:04:21.784 E/SurfaceFlinger(  285): onDraw: bindTextureImage test
05-19 15:04:21.802 E/SurfaceFlinger(  285): onDraw: bindTextureImage test
05-19 15:04:22.132 E/WifiStateMachine(  851):  ConnectedState (when=-4ms what=131155 arg1=671!CMD_RSSI_POLL 671 0 "BOCO-office" 94:b4:0f:68:a4:b1 rssi=-51 f=5785 sc=80 link=135 tx=2.0, 0.0, 0.0  rx=48.0 bcn=0 [on:0 tx:0 rx:0 period:3003] from screen [on:0 period:716021204] gl rssi=-51 ag=0 hr ticks 28,286,43 ls-=0 [56,56,56,56,61] brc=0 lrc=0
05-19 15:04:22.133 E/WifiStateMachine(  851):  L2ConnectedState (when=-5ms what=131155 arg1=671!CMD_RSSI_POLL 671 0 "BOCO-office" 94:b4:0f:68:a4:b1 rssi=-51 f=5785 sc=80 link=135 tx=2.0, 0.0, 0.0  rx=48.0 bcn=0 [on:0 tx:0 rx:0 period:1] from screen [on:0 period:716021205] gl rssi=-51 ag=0 hr ticks 28,286,43 ls-=0 [56,56,56,56,61] brc=0 lrc=0
05-19 15:04:22.133 E/WifiStateMachine(  851):  get link layer stats 0
05-19 15:04:22.136 E/WifiStateMachine(  851): calculateWifiScore() we set wifi's score to 1000, so will always set wifi as a default network.
05-19 15:04:22.700 E/MPlugin (14158): Unsupported class: com.mediatek.common.telephony.IOnlyOwnerSimSupport
05-19 15:04:22.741 E/WifiTrafficPoller(  851): TRAFFIC_STATS_POLL true Token 3077 num clients 17
05-19 15:04:22.741 E/WifiTrafficPoller(  851):  packet count Tx=2028629 Rx=6690980
05-19 15:04:22.741 E/WifiTrafficPoller(  851): notifying of data activity 1
05-19 15:04:22.840 E/VivoGame.GameProvider(14158): update table game_item failed
05-19 15:04:22.867 E/VivoGame.GameProvider(14158): update table game_item failed
05-19 15:04:22.896 E/VivoGame.GameProvider(14158): update table game_item failed
05-19 15:04:23.312 E/SurfaceFlinger(  285): onDraw: bindTextureImage test
05-19 15:04:23.329 E/SurfaceFlinger(  285): onDraw: bindTextureImage test
05-19 15:04:23.346 E/SurfaceFlinger(  285): onDraw: bindTextureImage test
05-19 15:04:23.362 E/SurfaceFlinger(  285): onDraw: bindTextureImage test
05-19 15:04:23.379 E/SurfaceFlinger(  285): onDraw: bindTextureImage test
05-19 15:04:23.398 E/SurfaceFlinger(  285): onDraw: bindTextureImage test
05-19 15:04:23.413 E/SurfaceFlinger(  285): onDraw: bindTextureImage test
05-19 15:04:23.430 E/SurfaceFlinger(  285): onDraw: bindTextureImage test
05-19 15:04:23.447 E/SurfaceFlinger(  285): onDraw: bindTextureImage test
05-19 15:04:23.464 E/SurfaceFlinger(  285): onDraw: bindTextureImage test
05-19 15:04:23.481 E/SurfaceFlinger(  285): onDraw: bindTextureImage test
05-19 15:04:23.742 E/WifiTrafficPoller(  851): TRAFFIC_STATS_POLL true Token 3077 num clients 17
05-19 15:04:23.743 E/WifiTrafficPoller(  851):  packet count Tx=2028650 Rx=6691024
05-19 15:04:23.743 E/WifiTrafficPoller(  851): notifying of data activity 3
05-19 15:04:23.916 E/fpc_jni ( 1924): abortNative()
05-19 15:04:24.744 E/WifiTrafficPoller(  851): TRAFFIC_STATS_POLL true Token 3077 num clients 17
05-19 15:04:24.745 E/WifiTrafficPoller(  851):  packet count Tx=2028650 Rx=6691040
05-19 15:04:24.745 E/WifiTrafficPoller(  851): notifying of data activity 1
05-19 15:04:25.140 E/WifiStateMachine(  851):  ConnectedState (when=-3ms what=131155 arg1=671!CMD_RSSI_POLL 671 0 "BOCO-office" 94:b4:0f:68:a4:b1 rssi=-53 f=5785 sc=80 link=135 tx=97.0, 0.0, 0.0  rx=181.0 bcn=0 [on:0 tx:0 rx:0 period:2953] from screen [on:0 period:716024212] gl rssi=-53 ag=0 hr ticks 28,286,43 ls-=0 [56,56,60,60,65] brc=0 lrc=0
05-19 15:04:25.141 E/WifiStateMachine(  851):  L2ConnectedState (when=-5ms what=131155 arg1=671!CMD_RSSI_POLL 671 0 "BOCO-office" 94:b4:0f:68:a4:b1 rssi=-53 f=5785 sc=80 link=135 tx=97.0, 0.0, 0.0  rx=181.0 bcn=0 [on:0 tx:0 rx:0 period:1] from screen [on:0 period:716024213] gl rssi=-53 ag=0 hr ticks 28,286,43 ls-=0 [56,56,60,60,65] brc=0 lrc=0
05-19 15:04:25.141 E/WifiStateMachine(  851):  get link layer stats 0
05-19 15:04:25.158 E/WifiStateMachine(  851): calculateWifiScore() we set wifi's score to 1000, so will always set wifi as a default network.
05-19 15:04:25.745 E/WifiTrafficPoller(  851): TRAFFIC_STATS_POLL true Token 3077 num clients 17
05-19 15:04:25.746 E/WifiTrafficPoller(  851):  packet count Tx=2028650 Rx=6691060
05-19 15:04:26.746 E/WifiTrafficPoller(  851): TRAFFIC_STATS_POLL true Token 3077 num clients 17
05-19 15:04:26.747 E/WifiTrafficPoller(  851):  packet count Tx=2028650 Rx=6691078
05-19 15:04:27.748 E/WifiTrafficPoller(  851): TRAFFIC_STATS_POLL true Token 3077 num clients 17
05-19 15:04:27.748 E/WifiTrafficPoller(  851):  packet count Tx=2028650 Rx=6691099
05-19 15:04:28.162 E/WifiStateMachine(  851):  ConnectedState (when=-4ms what=131155 arg1=671!CMD_RSSI_POLL 671 0 "BOCO-office" 94:b4:0f:68:a4:b1 rssi=-52 f=5785 sc=80 link=135 tx=59.0, 0.0, 0.0  rx=128.0 bcn=0 [on:0 tx:0 rx:0 period:3002] from screen [on:0 period:716027234] gl rssi=-52 ag=0 hr ticks 28,286,43 ls-=0 [56,56,60,60,65] brc=0 lrc=0
05-19 15:04:28.163 E/WifiStateMachine(  851):  L2ConnectedState (when=-5ms what=131155 arg1=671!CMD_RSSI_POLL 671 0 "BOCO-office" 94:b4:0f:68:a4:b1 rssi=-52 f=5785 sc=80 link=135 tx=59.0, 0.0, 0.0  rx=128.0 bcn=0 [on:0 tx:0 rx:0 period:1] from screen [on:0 period:716027235] gl rssi=-52 ag=0 hr ticks 28,286,43 ls-=0 [56,56,60,60,65] brc=0 lrc=0
05-19 15:04:28.163 E/WifiStateMachine(  851):  get link layer stats 0
05-19 15:04:28.167 E/WifiStateMachine(  851): calculateWifiScore() we set wifi's score to 1000, so will always set wifi as a default network.
05-19 15:04:28.748 E/WifiTrafficPoller(  851): TRAFFIC_STATS_POLL true Token 3077 num clients 17
05-19 15:04:28.749 E/WifiTrafficPoller(  851):  packet count Tx=2028650 Rx=6691118
05-19 15:04:29.696 E/NotificationService(  851): Suppressing notification from package com.qihoo.appstore by user request.
05-19 15:04:29.696 E/NotificationService(  851): Suppressing notification from package com.qihoo.appstore by user request.
05-19 15:04:29.749 E/WifiTrafficPoller(  851): TRAFFIC_STATS_POLL true Token 3077 num clients 17
05-19 15:04:29.750 E/WifiTrafficPoller(  851):  packet count Tx=2028650 Rx=6691140
05-19 15:04:30.388 E/MPlugin (13850): Unsupported class: com.mediatek.common.telephony.IOnlyOwnerSimSupport
05-19 15:04:30.411 E/WifiTrafficPoller(  851): ADD_CLIENT: 18
05-19 15:04:30.750 E/WifiTrafficPoller(  851): TRAFFIC_STATS_POLL true Token 3077 num clients 18
05-19 15:04:30.750 E/WifiTrafficPoller(  851):  packet count Tx=2028650 Rx=6691168
05-19 15:04:31.171 E/WifiStateMachine(  851):  ConnectedState (when=-4ms what=131155 arg1=671!CMD_RSSI_POLL 671 0 "BOCO-office" 94:b4:0f:68:a4:b1 rssi=-51 f=5785 sc=80 link=135 tx=29.5, 0.0, 0.0  rx=95.0 bcn=0 [on:0 tx:0 rx:0 period:3003] from screen [on:0 period:716030243] gl rssi=-51 ag=0 hr ticks 28,286,43 ls-=0 [56,56,60,60,65] brc=0 lrc=0
05-19 15:04:31.172 E/WifiStateMachine(  851):  L2ConnectedState (when=-4ms what=131155 arg1=671!CMD_RSSI_POLL 671 0 "BOCO-office" 94:b4:0f:68:a4:b1 rssi=-51 f=5785 sc=80 link=135 tx=29.5, 0.0, 0.0  rx=95.0 bcn=0 [on:0 tx:0 rx:0 period:1] from screen [on:0 period:716030244] gl rssi=-51 ag=0 hr ticks 28,286,43 ls-=0 [56,56,60,60,65] brc=0 lrc=0
05-19 15:04:31.172 E/WifiStateMachine(  851):  get link layer stats 0
05-19 15:04:31.188 E/WifiStateMachine(  851): calculateWifiScore() we set wifi's score to 1000, so will always set wifi as a default network.
05-19 15:04:31.750 E/WifiTrafficPoller(  851): TRAFFIC_STATS_POLL true Token 3077 num clients 18
05-19 15:04:31.750 E/WifiTrafficPoller(  851):  packet count Tx=2028658 Rx=6691198
05-19 15:04:31.750 E/WifiTrafficPoller(  851): notifying of data activity 3
05-19 15:04:32.752 E/WifiTrafficPoller(  851): TRAFFIC_STATS_POLL true Token 3077 num clients 18
05-19 15:04:32.753 E/WifiTrafficPoller(  851):  packet count Tx=2028662 Rx=6691221
05-19 15:04:33.146 E/memtrack(14385): Couldn't load memtrack module (No such file or directory)
05-19 15:04:33.146 E/android.os.Debug(14385): failed to load memtrack module: -2
05-19 15:04:33.753 E/WifiTrafficPoller(  851): TRAFFIC_STATS_POLL true Token 3077 num clients 18
05-19 15:04:33.754 E/WifiTrafficPoller(  851):  packet count Tx=2028662 Rx=6691238
05-19 15:04:33.754 E/WifiTrafficPoller(  851): notifying of data activity 1
05-19 15:04:34.180 E/memtrack(14405): Couldn't load memtrack module (No such file or directory)
05-19 15:04:34.180 E/android.os.Debug(14405): failed to load memtrack module: -2
05-19 15:04:34.191 E/WifiStateMachine(  851):  ConnectedState (when=-1ms what=131155 arg1=671!CMD_RSSI_POLL 671 0 "BOCO-office" 94:b4:0f:68:a4:b1 rssi=-52 f=5785 sc=80 link=135 tx=14.8, 0.0, 0.0  rx=80.5 bcn=0 [on:0 tx:0 rx:0 period:3001] from screen [on:0 period:716033263] gl rssi=-52 ag=0 hr ticks 28,286,43 ls-=0 [56,56,60,60,65] brc=0 lrc=0
05-19 15:04:34.192 E/WifiStateMachine(  851):  L2ConnectedState (when=-2ms what=131155 arg1=671!CMD_RSSI_POLL 671 0 "BOCO-office" 94:b4:0f:68:a4:b1 rssi=-52 f=5785 sc=80 link=135 tx=14.8, 0.0, 0.0  rx=80.5 bcn=0 [on:0 tx:0 rx:0 period:1] from screen [on:0 period:716033264] gl rssi=-52 ag=0 hr ticks 28,286,43 ls-=0 [56,56,60,60,65] brc=0 lrc=0
05-19 15:04:34.192 E/WifiStateMachine(  851):  get link layer stats 0
05-19 15:04:34.195 E/WifiStateMachine(  851): calculateWifiScore() we set wifi's score to 1000, so will always set wifi as a default network.
05-19 15:04:34.624 E/VMSG    (14451): RegisterNatives OnUserCommand1
05-19 15:04:34.761 E/WifiTrafficPoller(  851): TRAFFIC_STATS_POLL true Token 3077 num clients 18
05-19 15:04:34.762 E/WifiTrafficPoller(  851):  packet count Tx=2028662 Rx=6691258
05-19 15:04:34.800 E/SurfaceFlinger(  285): onDraw: bindTextureImage test
05-19 15:04:34.817 E/SurfaceFlinger(  285): onDraw: bindTextureImage test
05-19 15:04:34.834 E/SurfaceFlinger(  285): onDraw: bindTextureImage test
05-19 15:04:34.851 E/SurfaceFlinger(  285): onDraw: bindTextureImage test
05-19 15:04:34.869 E/SurfaceFlinger(  285): onDraw: bindTextureImage test
05-19 15:04:34.886 E/SurfaceFlinger(  285): onDraw: bindTextureImage test
05-19 15:04:34.902 E/SurfaceFlinger(  285): onDraw: bindTextureImage test
05-19 15:04:34.918 E/SurfaceFlinger(  285): onDraw: bindTextureImage test
05-19 15:04:35.762 E/WifiTrafficPoller(  851): TRAFFIC_STATS_POLL true Token 3077 num clients 18
05-19 15:04:35.764 E/WifiTrafficPoller(  851):  packet count Tx=2028665 Rx=6691290
05-19 15:04:35.764 E/WifiTrafficPoller(  851): notifying of data activity 3
05-19 15:04:36.606 E/QueryController(14385): Got null root node from accessibility - Retrying...
05-19 15:04:36.667 E/SurfaceFlinger(  285): onDraw: bindTextureImage test
05-19 15:04:36.670 E/WifiTrafficPoller(  851): ADD_CLIENT: 19
05-19 15:04:36.684 E/SurfaceFlinger(  285): onDraw: bindTextureImage test
05-19 15:04:36.701 E/SurfaceFlinger(  285): onDraw: bindTextureImage test
05-19 15:04:36.718 E/SurfaceFlinger(  285): onDraw: bindTextureImage test
05-19 15:04:36.734 E/SurfaceFlinger(  285): onDraw: bindTextureImage test
05-19 15:04:36.752 E/SurfaceFlinger(  285): onDraw: bindTextureImage test
05-19 15:04:36.766 E/WifiTrafficPoller(  851): TRAFFIC_STATS_POLL true Token 3077 num clients 19
05-19 15:04:36.766 E/WifiTrafficPoller(  851):  packet count Tx=2028669 Rx=6691321
05-19 15:04:36.768 E/SurfaceFlinger(  285): onDraw: bindTextureImage test
05-19 15:04:36.788 E/NativeCrypto(14451): ssl=0x7faa202e00 cert_verify_callback x509_store_ctx=0x7f9e5f6e88 arg=0x0
05-19 15:04:36.788 E/NativeCrypto(14451): ssl=0x7faa202e00 cert_verify_callback calling verifyCertificateChain authMethod=ECDHE_RSA
05-19 15:04:36.857 E/QueryController(14385): Got null root node from accessibility - Retrying...
05-19 15:04:36.937 E/[PropSet](14451): connect fail
05-19 15:04:36.937 E/[PropSet](14451): send_prop_msg return err -1
05-19 15:04:37.017 E/baidumapsdk(14451): Authentication Error errorcode: 230 uid: -1 appid -1 msg: APP Scode
05-19 15:04:37.070 E/SurfaceFlinger(  285): onDraw: bindTextureImage test
05-19 15:04:37.087 E/SurfaceFlinger(  285): onDraw: bindTextureImage test
05-19 15:04:37.104 E/SurfaceFlinger(  285): onDraw: bindTextureImage test
05-19 15:04:37.121 E/SurfaceFlinger(  285): onDraw: bindTextureImage test
05-19 15:04:37.187 E/NativeCrypto( 9026): ssl=0xdb7e0c00 cert_verify_callback x509_store_ctx=0xd9838fe0 arg=0x0
05-19 15:04:37.187 E/NativeCrypto( 9026): ssl=0xdb7e0c00 cert_verify_callback calling verifyCertificateChain authMethod=ECDHE_RSA
05-19 15:04:37.197 E/WifiStateMachine(  851):  ConnectedState (when=-1ms what=131155 arg1=671!CMD_RSSI_POLL 671 0 "BOCO-office" 94:b4:0f:68:a4:b1 rssi=-51 f=5785 sc=80 link=135 tx=13.4, 0.0, 0.0  rx=77.3 bcn=0 [on:0 tx:0 rx:0 period:3000] from screen [on:0 period:716036269] gl rssi=-51 ag=0 hr ticks 28,286,43 ls-=0 [56,56,60,60,65] brc=0 lrc=0
05-19 15:04:37.198 E/WifiStateMachine(  851):  L2ConnectedState (when=-2ms what=131155 arg1=671!CMD_RSSI_POLL 671 0 "BOCO-office" 94:b4:0f:68:a4:b1 rssi=-51 f=5785 sc=80 link=135 tx=13.4, 0.0, 0.0  rx=77.3 bcn=0 [on:0 tx:0 rx:0 period:1] from screen [on:0 period:716036270] gl rssi=-51 ag=0 hr ticks 28,286,43 ls-=0 [56,56,60,60,65] brc=0 lrc=0
05-19 15:04:37.198 E/WifiStateMachine(  851):  get link layer stats 0
05-19 15:04:37.200 E/WifiStateMachine(  851): calculateWifiScore() we set wifi's score to 1000, so will always set wifi as a default network.
05-19 15:04:37.242 E/NativeCrypto( 9026): ssl=0xdb7e3a00 cert_verify_callback x509_store_ctx=0xd74f5ee0 arg=0x0
05-19 15:04:37.242 E/NativeCrypto( 9026): ssl=0xdb7e3a00 cert_verify_callback calling verifyCertificateChain authMethod=ECDHE_RSA
05-19 15:04:37.440 E/CellLocation( 9026): create GsmCellLocation
05-19 15:04:37.539 E/CellLocation( 9026): create GsmCellLocation
05-19 15:04:37.767 E/WifiTrafficPoller(  851): TRAFFIC_STATS_POLL true Token 3077 num clients 19
05-19 15:04:37.768 E/WifiTrafficPoller(  851):  packet count Tx=2028724 Rx=6691389
05-19 15:04:38.768 E/WifiTrafficPoller(  851): TRAFFIC_STATS_POLL true Token 3077 num clients 19
05-19 15:04:38.769 E/WifiTrafficPoller(  851):  packet count Tx=2028724 Rx=6691405
05-19 15:04:38.769 E/WifiTrafficPoller(  851): notifying of data activity 1
05-19 15:04:39.770 E/WifiTrafficPoller(  851): TRAFFIC_STATS_POLL true Token 3077 num clients 19
05-19 15:04:39.770 E/WifiTrafficPoller(  851):  packet count Tx=2028724 Rx=6691437
05-19 15:04:40.204 E/WifiStateMachine(  851):  ConnectedState (when=-3ms what=131155 arg1=671!CMD_RSSI_POLL 671 0 "BOCO-office" 94:b4:0f:68:a4:b1 rssi=-50 f=5785 sc=80 link=135 tx=22.2, 0.0, 0.0  rx=89.6 bcn=0 [on:0 tx:0 rx:0 period:3002] from screen [on:0 period:716039276] gl rssi=-50 ag=0 hr ticks 28,286,43 ls-=0 [56,56,60,60,65] brc=0 lrc=0
05-19 15:04:40.204 E/WifiStateMachine(  851):  L2ConnectedState (when=-4ms what=131155 arg1=671!CMD_RSSI_POLL 671 0 "BOCO-office" 94:b4:0f:68:a4:b1 rssi=-50 f=5785 sc=80 link=135 tx=22.2, 0.0, 0.0  rx=89.6 bcn=0 [on:0 tx:0 rx:0 period:0] from screen [on:0 period:716039276] gl rssi=-50 ag=0 hr ticks 28,286,43 ls-=0 [56,56,60,60,65] brc=0 lrc=0
05-19 15:04:40.205 E/WifiStateMachine(  851):  get link layer stats 0
05-19 15:04:40.218 E/WifiStateMachine(  851): calculateWifiScore() we set wifi's score to 1000, so will always set wifi as a default network.
05-19 15:04:40.770 E/WifiTrafficPoller(  851): TRAFFIC_STATS_POLL true Token 3077 num clients 19
05-19 15:04:40.771 E/WifiTrafficPoller(  851):  packet count Tx=2028724 Rx=6691460
05-19 15:04:41.264 E/memtrack(14519): Couldn't load memtrack module (No such file or directory)
05-19 15:04:41.264 E/android.os.Debug(14519): failed to load memtrack module: -2
05-19 15:04:41.771 E/WifiTrafficPoller(  851): TRAFFIC_STATS_POLL true Token 3077 num clients 19
05-19 15:04:41.772 E/WifiTrafficPoller(  851):  packet count Tx=2028724 Rx=6691480
05-19 15:04:42.772 E/WifiTrafficPoller(  851): TRAFFIC_STATS_POLL true Token 3077 num clients 19
05-19 15:04:42.773 E/WifiTrafficPoller(  851):  packet count Tx=2028726 Rx=6691498
05-19 15:04:42.773 E/WifiTrafficPoller(  851): notifying of data activity 3
05-19 15:04:43.222 E/WifiStateMachine(  851):  ConnectedState (when=-4ms what=131155 arg1=671!CMD_RSSI_POLL 671 0 "BOCO-office" 94:b4:0f:68:a4:b1 rssi=-52 f=5785 sc=80 link=135 tx=26.6, 0.0, 0.0  rx=92.3 bcn=0 [on:0 tx:0 rx:0 period:3003] from screen [on:0 period:716042294] gl rssi=-52 ag=0 hr ticks 28,286,43 ls-=0 [56,56,60,60,65] brc=0 lrc=0
05-19 15:04:43.223 E/WifiStateMachine(  851):  L2ConnectedState (when=-4ms what=131155 arg1=671!CMD_RSSI_POLL 671 0 "BOCO-office" 94:b4:0f:68:a4:b1 rssi=-52 f=5785 sc=80 link=135 tx=26.6, 0.0, 0.0  rx=92.3 bcn=0 [on:0 tx:0 rx:0 period:0] from screen [on:0 period:716042294] gl rssi=-52 ag=0 hr ticks 28,286,43 ls-=0 [56,56,60,60,65] brc=0 lrc=0
05-19 15:04:43.223 E/WifiStateMachine(  851):  get link layer stats 0
05-19 15:04:43.225 E/WifiStateMachine(  851): calculateWifiScore() we set wifi's score to 1000, so will always set wifi as a default network.
05-19 15:04:43.773 E/WifiTrafficPoller(  851): TRAFFIC_STATS_POLL true Token 3077 num clients 19
05-19 15:04:43.774 E/WifiTrafficPoller(  851):  packet count Tx=2028726 Rx=6691510
05-19 15:04:43.775 E/WifiTrafficPoller(  851): notifying of data activity 1
05-19 15:04:44.777 E/WifiTrafficPoller(  851): TRAFFIC_STATS_POLL true Token 3077 num clients 19
05-19 15:04:44.777 E/WifiTrafficPoller(  851):  packet count Tx=2028726 Rx=6691527
05-19 15:04:45.778 E/WifiTrafficPoller(  851): TRAFFIC_STATS_POLL true Token 3077 num clients 19
05-19 15:04:45.779 E/WifiTrafficPoller(  851):  packet count Tx=2028726 Rx=6691553
05-19 15:04:46.227 E/WifiStateMachine(  851):  ConnectedState (when=-1ms what=131155 arg1=671!CMD_RSSI_POLL 671 0 "BOCO-office" 94:b4:0f:68:a4:b1 rssi=-52 f=5785 sc=80 link=135 tx=14.3, 0.0, 0.0  rx=74.2 bcn=0 [on:0 tx:0 rx:0 period:3001] from screen [on:0 period:716045299] gl rssi=-52 ag=0 hr ticks 28,286,43 ls-=0 [56,56,60,60,65] brc=0 lrc=0
05-19 15:04:46.230 E/WifiStateMachine(  851):  L2ConnectedState (when=-4ms what=131155 arg1=671!CMD_RSSI_POLL 671 0 "BOCO-office" 94:b4:0f:68:a4:b1 rssi=-52 f=5785 sc=80 link=135 tx=14.3, 0.0, 0.0  rx=74.2 bcn=0 [on:0 tx:0 rx:0 period:3] from screen [on:0 period:716045302] gl rssi=-52 ag=0 hr ticks 28,286,43 ls-=0 [56,56,60,60,65] brc=0 lrc=0
05-19 15:04:46.230 E/WifiStateMachine(  851):  get link layer stats 0
05-19 15:04:46.250 E/WifiStateMachine(  851): calculateWifiScore() we set wifi's score to 1000, so will always set wifi as a default network.
05-19 15:04:46.779 E/WifiTrafficPoller(  851): TRAFFIC_STATS_POLL true Token 3077 num clients 19
05-19 15:04:46.780 E/WifiTrafficPoller(  851):  packet count Tx=2028726 Rx=6691571
05-19 15:04:47.780 E/WifiTrafficPoller(  851): TRAFFIC_STATS_POLL true Token 3077 num clients 19
05-19 15:04:47.780 E/WifiTrafficPoller(  851):  packet count Tx=2028726 Rx=6691592
05-19 15:04:48.781 E/WifiTrafficPoller(  851): TRAFFIC_STATS_POLL true Token 3077 num clients 19
05-19 15:04:48.782 E/WifiTrafficPoller(  851):  packet count Tx=2028726 Rx=6691608
05-19 15:04:49.053 E/memtrack(14547): Couldn't load memtrack module (No such file or directory)
05-19 15:04:49.053 E/android.os.Debug(14547): failed to load memtrack module: -2
05-19 15:04:49.254 E/WifiStateMachine(  851):  ConnectedState (when=-3ms what=131155 arg1=671!CMD_RSSI_POLL 671 0 "BOCO-office" 94:b4:0f:68:a4:b1 rssi=-50 f=5785 sc=80 link=135 tx=7.1, 0.0, 0.0  rx=65.6 bcn=0 [on:0 tx:0 rx:0 period:3001] from screen [on:0 period:716048326] gl rssi=-50 ag=0 hr ticks 28,286,43 ls-=0 [56,56,60,60,65] brc=0 lrc=0
05-19 15:04:49.254 E/WifiStateMachine(  851):  L2ConnectedState (when=-4ms what=131155 arg1=671!CMD_RSSI_POLL 671 0 "BOCO-office" 94:b4:0f:68:a4:b1 rssi=-50 f=5785 sc=80 link=135 tx=7.1, 0.0, 0.0  rx=65.6 bcn=0 [on:0 tx:0 rx:0 period:0] from screen [on:0 period:716048326] gl rssi=-50 ag=0 hr ticks 28,286,43 ls-=0 [56,56,60,60,65] brc=0 lrc=0
05-19 15:04:49.255 E/WifiStateMachine(  851):  get link layer stats 0
05-19 15:04:49.279 E/WifiStateMachine(  851): calculateWifiScore() we set wifi's score to 1000, so will always set wifi as a default network.
05-19 15:04:49.782 E/WifiTrafficPoller(  851): TRAFFIC_STATS_POLL true Token 3077 num clients 19
05-19 15:04:49.783 E/WifiTrafficPoller(  851):  packet count Tx=2028726 Rx=6691623
05-19 15:04:50.783 E/WifiTrafficPoller(  851): TRAFFIC_STATS_POLL true Token 3077 num clients 19
05-19 15:04:50.784 E/WifiTrafficPoller(  851):  packet count Tx=2028726 Rx=6691640
05-19 15:04:51.784 E/WifiTrafficPoller(  851): TRAFFIC_STATS_POLL true Token 3077 num clients 19
05-19 15:04:51.785 E/WifiTrafficPoller(  851):  packet count Tx=2028726 Rx=6691664
05-19 15:04:52.284 E/WifiStateMachine(  851):  ConnectedState (when=-4ms what=131155 arg1=671!CMD_RSSI_POLL 671 0 "BOCO-office" 94:b4:0f:68:a4:b1 rssi=-51 f=5785 sc=80 link=135 tx=3.6, 0.0, 0.0  rx=63.8 bcn=0 [on:0 tx:0 rx:0 period:3003] from screen [on:0 period:716051356] gl rssi=-51 ag=0 hr ticks 28,286,43 ls-=0 [56,56,56,56,61] brc=0 lrc=0
05-19 15:04:52.286 E/WifiStateMachine(  851):  L2ConnectedState (when=-6ms what=131155 arg1=671!CMD_RSSI_POLL 671 0 "BOCO-office" 94:b4:0f:68:a4:b1 rssi=-51 f=5785 sc=80 link=135 tx=3.6, 0.0, 0.0  rx=63.8 bcn=0 [on:0 tx:0 rx:0 period:2] from screen [on:0 period:716051358] gl rssi=-51 ag=0 hr ticks 28,286,43 ls-=0 [56,56,56,56,61] brc=0 lrc=0
05-19 15:04:52.286 E/WifiStateMachine(  851):  get link layer stats 0
05-19 15:04:52.292 E/WifiStateMachine(  851): calculateWifiScore() we set wifi's score to 1000, so will always set wifi as a default network.
05-19 15:04:52.785 E/WifiTrafficPoller(  851): TRAFFIC_STATS_POLL true Token 3077 num clients 19
05-19 15:04:52.786 E/WifiTrafficPoller(  851):  packet count Tx=2028728 Rx=6691680
05-19 15:04:52.786 E/WifiTrafficPoller(  851): notifying of data activity 3
05-19 15:04:53.787 E/WifiTrafficPoller(  851): TRAFFIC_STATS_POLL true Token 3077 num clients 19
05-19 15:04:53.788 E/WifiTrafficPoller(  851):  packet count Tx=2028729 Rx=6691694
05-19 15:04:54.788 E/WifiTrafficPoller(  851): TRAFFIC_STATS_POLL true Token 3077 num clients 19
05-19 15:04:54.788 E/WifiTrafficPoller(  851):  packet count Tx=2028729 Rx=6691709
05-19 15:04:54.788 E/WifiTrafficPoller(  851): notifying of data activity 1
05-19 15:04:55.294 E/WifiStateMachine(  851):  ConnectedState (when=-1ms what=131155 arg1=671!CMD_RSSI_POLL 671 0 "BOCO-office" 94:b4:0f:68:a4:b1 rssi=-51 f=5785 sc=80 link=135 tx=2.8, 0.0, 0.0  rx=59.9 bcn=0 [on:0 tx:0 rx:0 period:2998] from screen [on:0 period:716054365] gl rssi=-51 ag=0 hr ticks 28,286,43 ls-=0 [56,56,56,56,61] brc=0 lrc=0
05-19 15:04:55.295 E/WifiStateMachine(  851):  L2ConnectedState (when=-2ms what=131155 arg1=671!CMD_RSSI_POLL 671 0 "BOCO-office" 94:b4:0f:68:a4:b1 rssi=-51 f=5785 sc=80 link=135 tx=2.8, 0.0, 0.0  rx=59.9 bcn=0 [on:0 tx:0 rx:0 period:1] from screen [on:0 period:716054366] gl rssi=-51 ag=0 hr ticks 28,286,43 ls-=0 [56,56,56,56,61] brc=0 lrc=0
05-19 15:04:55.295 E/WifiStateMachine(  851):  get link layer stats 0
05-19 15:04:55.318 E/WifiStateMachine(  851): calculateWifiScore() we set wifi's score to 1000, so will always set wifi as a default network.
05-19 15:04:55.789 E/WifiTrafficPoller(  851): TRAFFIC_STATS_POLL true Token 3077 num clients 19
05-19 15:04:55.789 E/WifiTrafficPoller(  851):  packet count Tx=2028729 Rx=6691729
05-19 15:04:56.009 E/VoLTE SOC(10481): send len: 522 (vendor/mediatek/proprietary/protect-app/external/volte/volte_stack/src/soc/soc_api.c:827)
05-19 15:04:56.009 E/VoLTE SOC(10481): send ret: 522 (vendor/mediatek/proprietary/protect-app/external/volte/volte_stack/src/soc/soc_api.c:835)
05-19 15:04:56.059 E/VoLTE SOC(10481): sendto len: 857 (vendor/mediatek/proprietary/protect-app/external/volte/volte_stack/src/soc/soc_api.c:780)
05-19 15:04:56.059 E/VoLTE SOC(10481): sendto ret: 857 (vendor/mediatek/proprietary/protect-app/external/volte/volte_stack/src/soc/soc_api.c:788)
05-19 15:04:56.237 E/VoLTE SMS(10482): Can't get the sms object, id = 8323073 (vendor/mediatek/proprietary/protect-app/external/volte/volte_ua/src/sms/sms.c:1003)
05-19 15:04:56.750 E/VoLTE SOC(10481): send len: 521 (vendor/mediatek/proprietary/protect-app/external/volte/volte_stack/src/soc/soc_api.c:827)
05-19 15:04:56.750 E/VoLTE SOC(10481): send ret: 521 (vendor/mediatek/proprietary/protect-app/external/volte/volte_stack/src/soc/soc_api.c:835)
05-19 15:04:56.781 E/VoLTE SOC(10481): sendto len: 857 (vendor/mediatek/proprietary/protect-app/external/volte/volte_stack/src/soc/soc_api.c:780)
05-19 15:04:56.781 E/VoLTE SOC(10481): sendto ret: 857 (vendor/mediatek/proprietary/protect-app/external/volte/volte_stack/src/soc/soc_api.c:788)
05-19 15:04:56.790 E/WifiTrafficPoller(  851): TRAFFIC_STATS_POLL true Token 3077 num clients 19
05-19 15:04:56.791 E/WifiTrafficPoller(  851):  packet count Tx=2028729 Rx=6691755
05-19 15:04:56.958 E/VoLTE SMS(10482): Can't get the sms object, id = 8454145 (vendor/mediatek/proprietary/protect-app/external/volte/volte_ua/src/sms/sms.c:1003)
05-19 15:04:57.561 E/VoLTE SOC(10481): send len: 521 (vendor/mediatek/proprietary/protect-app/external/volte/volte_stack/src/soc/soc_api.c:827)
05-19 15:04:57.562 E/VoLTE SOC(10481): send ret: 521 (vendor/mediatek/proprietary/protect-app/external/volte/volte_stack/src/soc/soc_api.c:835)
05-19 15:04:57.585 E/VoLTE SOC(10481): sendto len: 857 (vendor/mediatek/proprietary/protect-app/external/volte/volte_stack/src/soc/soc_api.c:780)
05-19 15:04:57.585 E/VoLTE SOC(10481): sendto ret: 857 (vendor/mediatek/proprietary/protect-app/external/volte/volte_stack/src/soc/soc_api.c:788)
05-19 15:04:57.689 E/VoLTE SMS(10482): Can't get the sms object, id = 8585217 (vendor/mediatek/proprietary/protect-app/external/volte/volte_ua/src/sms/sms.c:1003)
05-19 15:04:57.791 E/WifiTrafficPoller(  851): TRAFFIC_STATS_POLL true Token 3077 num clients 19
05-19 15:04:57.791 E/WifiTrafficPoller(  851):  packet count Tx=2028729 Rx=6691777
05-19 15:04:58.031 E/SurfaceFlinger(  285): onDraw: bindTextureImage test
05-19 15:04:58.049 E/SurfaceFlinger(  285): onDraw: bindTextureImage test
05-19 15:04:58.066 E/SurfaceFlinger(  285): onDraw: bindTextureImage test
05-19 15:04:58.081 E/SurfaceFlinger(  285): onDraw: bindTextureImage test
05-19 15:04:58.099 E/SurfaceFlinger(  285): onDraw: bindTextureImage test
05-19 15:04:58.115 E/SurfaceFlinger(  285): onDraw: bindTextureImage test
05-19 15:04:58.132 E/SurfaceFlinger(  285): onDraw: bindTextureImage test
05-19 15:04:58.149 E/SurfaceFlinger(  285): onDraw: bindTextureImage test
