05-18 09:57:42.273 E/appium  (19919): io.appium.uiautomator2.common.exceptions.ElementNotFoundException: Could not find an element using supplied strategy. 
05-18 09:57:42.273 E/appium  (19919): 	at io.appium.uiautomator2.handler.FindElement.getXPathUiObject(FindElement.java:80)
05-18 09:57:42.273 E/appium  (19919): 	at io.appium.uiautomator2.handler.FindElement.findElement(FindElement.java:153)
05-18 09:57:42.273 E/appium  (19919): 	at io.appium.uiautomator2.handler.FindElement.safeHandle(FindElement.java:102)
05-18 09:57:42.273 E/appium  (19919): 	at io.appium.uiautomator2.handler.request.SafeRequestHandler.handle(SafeRequestHandler.java:56)
05-18 09:57:42.273 E/appium  (19919): 	at io.appium.uiautomator2.server.AppiumServlet.handleRequest(AppiumServlet.java:202)
05-18 09:57:42.273 E/appium  (19919): 	at io.appium.uiautomator2.server.AppiumServlet.handleHttpRequest(AppiumServlet.java:193)
05-18 09:57:42.273 E/appium  (19919): 	at io.appium.uiautomator2.http.ServerHandler.channelRead(ServerHandler.java:44)
05-18 09:57:42.273 E/appium  (19919): 	at io.netty.channel.AbstractChannelHandlerContext.invokeChannelRead(AbstractChannelHandlerContext.java:366)
05-18 09:57:42.273 E/appium  (19919): 	at io.netty.channel.AbstractChannelHandlerContext.invokeChannelRead(AbstractChannelHandlerContext.java:352)
05-18 09:57:42.273 E/appium  (19919): 	at io.netty.channel.AbstractChannelHandlerContext.fireChannelRead(AbstractChannelHandlerContext.java:345)
05-18 09:57:42.273 E/appium  (19919): 	at io.netty.handler.codec.MessageToMessageDecoder.channelRead(MessageToMessageDecoder.java:102)
05-18 09:57:42.273 E/appium  (19919): 	at io.netty.channel.AbstractChannelHandlerContext.invokeChannelRead(AbstractChannelHandlerContext.java:366)
05-18 09:57:42.273 E/appium  (19919): 	at io.netty.channel.AbstractChannelHandlerContext.invokeChannelRead(AbstractChannelHandlerContext.java:352)
05-18 09:57:42.273 E/appium  (19919): 	at io.netty.channel.AbstractChannelHandlerContext.fireChannelRead(AbstractChannelHandlerContext.java:345)
05-18 09:57:42.273 E/appium  (19919): 	at io.netty.channel.CombinedChannelDuplexHandler$DelegatingChannelHandlerContext.fireChannelRead(CombinedChannelDuplexHandler.java:435)
05-18 09:57:42.273 E/appium  (19919): 	at io.netty.handler.codec.ByteToMessageDecoder.fireChannelRead(ByteToMessageDecoder.java:293)
05-18 09:57:42.273 E/appium  (19919): 	at io.netty.handler.codec.ByteToMessageDecoder.channelRead(ByteToMessageDecoder.java:267)
05-18 09:57:42.273 E/appium  (19919): 	at io.netty.channel.CombinedChannelDuplexHandler.channelRead(CombinedChannelDuplexHandler.java:250)
05-18 09:57:42.273 E/appium  (19919): 	at io.netty.channel.AbstractChannelHandlerContext.invokeChannelRead(AbstractChannelHandlerContext.java:366)
05-18 09:57:42.273 E/appium  (19919): 	at io.netty.channel.AbstractChannelHandlerContext.invokeChannelRead(AbstractChannelHandlerContext.java:352)
05-18 09:57:42.273 E/appium  (19919): 	at io.netty.channel.AbstractChannelHandlerContext.fireChannelRead(AbstractChannelHandlerContext.java:345)
05-18 09:57:42.273 E/appium  (19919): 	at io.netty.channel.DefaultChannelPipeline$HeadContext.channelRead(DefaultChannelPipeline.java:1294)
05-18 09:57:42.273 E/appium  (19919): 	at io.netty.channel.AbstractChannelHandlerContext.invokeChannelRead(AbstractChannelHandlerContext.java:366)
05-18 09:57:42.273 E/appium  (19919): 	at io.netty.channel.AbstractChannelHandlerContext.invokeChannelRead(AbstractChannelHandlerContext.java:352)
05-18 09:57:42.273 E/appium  (19919): 	at io.netty.channel.DefaultChannelPipeline.fireChannelRead(DefaultChannelPipeline.java:911)
05-18 09:57:42.273 E/appium  (19919): 	at io.netty.channel.nio.AbstractNioByteChannel$NioByteUnsafe.read(AbstractNioByteChannel.java:131)
05-18 09:57:42.273 E/appium  (19919): 	at io.netty.channel.nio.NioEventLoop.processSelectedKey(NioEventLoop.java:611)
05-18 09:57:42.273 E/appium  (19919): 	at io.netty.channel.nio.NioEventLoop.processSelectedKeysPlain(NioEventLoop.java:514)
05-18 09:57:42.273 E/appium  (19919): 	at io.netty.channel.nio.NioEventLoop.processSelectedKeys(NioEventLoop.java:468)
05-18 09:57:42.273 E/appium  (19919): 	at io.netty.channel.nio.NioEventLoop.run(NioEventLoop.java:438)
05-18 09:57:42.273 E/appium  (19919): 	at io.netty.util.concurrent.SingleThreadEventExecutor$2.run(SingleThreadEventExecutor.java:140)
05-18 09:57:42.273 E/appium  (19919): 	at io.netty.util.concurrent.DefaultThreadFactory$DefaultRunnableDecorator.run(DefaultThreadFactory.java:144)
05-18 09:57:42.273 E/appium  (19919): 	at java.lang.Thread.run(Thread.java:818)
05-18 09:57:42.681 E/WifiTrafficPoller(  851): TRAFFIC_STATS_POLL true Token 2644 num clients 19
05-18 09:57:42.683 E/WifiTrafficPoller(  851):  packet count Tx=1753532 Rx=5781518
05-18 09:57:42.683 E/WifiTrafficPoller(  851): notifying of data activity 1
05-18 09:57:42.856 E/appium  (19919): Element not found: 
05-18 09:57:42.856 E/appium  (19919): io.appium.uiautomator2.common.exceptions.ElementNotFoundException: Could not find an element using supplied strategy. 
05-18 09:57:42.856 E/appium  (19919): 	at io.appium.uiautomator2.handler.FindElement.getXPathUiObject(FindElement.java:80)
05-18 09:57:42.856 E/appium  (19919): 	at io.appium.uiautomator2.handler.FindElement.findElement(FindElement.java:153)
05-18 09:57:42.856 E/appium  (19919): 	at io.appium.uiautomator2.handler.FindElement.safeHandle(FindElement.java:102)
05-18 09:57:42.856 E/appium  (19919): 	at io.appium.uiautomator2.handler.request.SafeRequestHandler.handle(SafeRequestHandler.java:56)
05-18 09:57:42.856 E/appium  (19919): 	at io.appium.uiautomator2.server.AppiumServlet.handleRequest(AppiumServlet.java:202)
05-18 09:57:42.856 E/appium  (19919): 	at io.appium.uiautomator2.server.AppiumServlet.handleHttpRequest(AppiumServlet.java:193)
05-18 09:57:42.856 E/appium  (19919): 	at io.appium.uiautomator2.http.ServerHandler.channelRead(ServerHandler.java:44)
05-18 09:57:42.856 E/appium  (19919): 	at io.netty.channel.AbstractChannelHandlerContext.invokeChannelRead(AbstractChannelHandlerContext.java:366)
05-18 09:57:42.856 E/appium  (19919): 	at io.netty.channel.AbstractChannelHandlerContext.invokeChannelRead(AbstractChannelHandlerContext.java:352)
05-18 09:57:42.856 E/appium  (19919): 	at io.netty.channel.AbstractChannelHandlerContext.fireChannelRead(AbstractChannelHandlerContext.java:345)
05-18 09:57:42.856 E/appium  (19919): 	at io.netty.handler.codec.MessageToMessageDecoder.channelRead(MessageToMessageDecoder.java:102)
05-18 09:57:42.856 E/appium  (19919): 	at io.netty.channel.AbstractChannelHandlerContext.invokeChannelRead(AbstractChannelHandlerContext.java:366)
05-18 09:57:42.856 E/appium  (19919): 	at io.netty.channel.AbstractChannelHandlerContext.invokeChannelRead(AbstractChannelHandlerContext.java:352)
05-18 09:57:42.856 E/appium  (19919): 	at io.netty.channel.AbstractChannelHandlerContext.fireChannelRead(AbstractChannelHandlerContext.java:345)
05-18 09:57:42.856 E/appium  (19919): 	at io.netty.channel.CombinedChannelDuplexHandler$DelegatingChannelHandlerContext.fireChannelRead(CombinedChannelDuplexHandler.java:435)
05-18 09:57:42.856 E/appium  (19919): 	at io.netty.handler.codec.ByteToMessageDecoder.fireChannelRead(ByteToMessageDecoder.java:293)
05-18 09:57:42.856 E/appium  (19919): 	at io.netty.handler.codec.ByteToMessageDecoder.channelRead(ByteToMessageDecoder.java:267)
05-18 09:57:42.856 E/appium  (19919): 	at io.netty.channel.CombinedChannelDuplexHandler.channelRead(CombinedChannelDuplexHandler.java:250)
05-18 09:57:42.856 E/appium  (19919): 	at io.netty.channel.AbstractChannelHandlerContext.invokeChannelRead(AbstractChannelHandlerContext.java:366)
05-18 09:57:42.856 E/appium  (19919): 	at io.netty.channel.AbstractChannelHandlerContext.invokeChannelRead(AbstractChannelHandlerContext.java:352)
05-18 09:57:42.856 E/appium  (19919): 	at io.netty.channel.AbstractChannelHandlerContext.fireChannelRead(AbstractChannelHandlerContext.java:345)
05-18 09:57:42.856 E/appium  (19919): 	at io.netty.channel.DefaultChannelPipeline$HeadContext.channelRead(DefaultChannelPipeline.java:1294)
05-18 09:57:42.856 E/appium  (19919): 	at io.netty.channel.AbstractChannelHandlerContext.invokeChannelRead(AbstractChannelHandlerContext.java:366)
05-18 09:57:42.856 E/appium  (19919): 	at io.netty.channel.AbstractChannelHandlerContext.invokeChannelRead(AbstractChannelHandlerContext.java:352)
05-18 09:57:42.856 E/appium  (19919): 	at io.netty.channel.DefaultChannelPipeline.fireChannelRead(DefaultChannelPipeline.java:911)
05-18 09:57:42.856 E/appium  (19919): 	at io.netty.channel.nio.AbstractNioByteChannel$NioByteUnsafe.read(AbstractNioByteChannel.java:131)
05-18 09:57:42.856 E/appium  (19919): 	at io.netty.channel.nio.NioEventLoop.processSelectedKey(NioEventLoop.java:611)
05-18 09:57:42.856 E/appium  (19919): 	at io.netty.channel.nio.NioEventLoop.processSelectedKeysPlain(NioEventLoop.java:514)
05-18 09:57:42.856 E/appium  (19919): 	at io.netty.channel.nio.NioEventLoop.processSelectedKeys(NioEventLoop.java:468)
05-18 09:57:42.856 E/appium  (19919): 	at io.netty.channel.nio.NioEventLoop.run(NioEventLoop.java:438)
05-18 09:57:42.856 E/appium  (19919): 	at io.netty.util.concurrent.SingleThreadEventExecutor$2.run(SingleThreadEventExecutor.java:140)
05-18 09:57:42.856 E/appium  (19919): 	at io.netty.util.concurrent.DefaultThreadFactory$DefaultRunnableDecorator.run(DefaultThreadFactory.java:144)
05-18 09:57:42.856 E/appium  (19919): 	at java.lang.Thread.run(Thread.java:818)
05-18 09:57:43.419 E/appium  (19919): Element not found: 
05-18 09:57:43.419 E/appium  (19919): io.appium.uiautomator2.common.exceptions.ElementNotFoundException: Could not find an element using supplied strategy. 
05-18 09:57:43.419 E/appium  (19919): 	at io.appium.uiautomator2.handler.FindElement.getXPathUiObject(FindElement.java:80)
05-18 09:57:43.419 E/appium  (19919): 	at io.appium.uiautomator2.handler.FindElement.findElement(FindElement.java:153)
05-18 09:57:43.419 E/appium  (19919): 	at io.appium.uiautomator2.handler.FindElement.safeHandle(FindElement.java:102)
05-18 09:57:43.419 E/appium  (19919): 	at io.appium.uiautomator2.handler.request.SafeRequestHandler.handle(SafeRequestHandler.java:56)
05-18 09:57:43.419 E/appium  (19919): 	at io.appium.uiautomator2.server.AppiumServlet.handleRequest(AppiumServlet.java:202)
05-18 09:57:43.419 E/appium  (19919): 	at io.appium.uiautomator2.server.AppiumServlet.handleHttpRequest(AppiumServlet.java:193)
05-18 09:57:43.419 E/appium  (19919): 	at io.appium.uiautomator2.http.ServerHandler.channelRead(ServerHandler.java:44)
05-18 09:57:43.419 E/appium  (19919): 	at io.netty.channel.AbstractChannelHandlerContext.invokeChannelRead(AbstractChannelHandlerContext.java:366)
05-18 09:57:43.419 E/appium  (19919): 	at io.netty.channel.AbstractChannelHandlerContext.invokeChannelRead(AbstractChannelHandlerContext.java:352)
05-18 09:57:43.419 E/appium  (19919): 	at io.netty.channel.AbstractChannelHandlerContext.fireChannelRead(AbstractChannelHandlerContext.java:345)
05-18 09:57:43.419 E/appium  (19919): 	at io.netty.handler.codec.MessageToMessageDecoder.channelRead(MessageToMessageDecoder.java:102)
05-18 09:57:43.419 E/appium  (19919): 	at io.netty.channel.AbstractChannelHandlerContext.invokeChannelRead(AbstractChannelHandlerContext.java:366)
05-18 09:57:43.419 E/appium  (19919): 	at io.netty.channel.AbstractChannelHandlerContext.invokeChannelRead(AbstractChannelHandlerContext.java:352)
05-18 09:57:43.419 E/appium  (19919): 	at io.netty.channel.AbstractChannelHandlerContext.fireChannelRead(AbstractChannelHandlerContext.java:345)
05-18 09:57:43.419 E/appium  (19919): 	at io.netty.channel.CombinedChannelDuplexHandler$DelegatingChannelHandlerContext.fireChannelRead(CombinedChannelDuplexHandler.java:435)
05-18 09:57:43.419 E/appium  (19919): 	at io.netty.handler.codec.ByteToMessageDecoder.fireChannelRead(ByteToMessageDecoder.java:293)
05-18 09:57:43.419 E/appium  (19919): 	at io.netty.handler.codec.ByteToMessageDecoder.channelRead(ByteToMessageDecoder.java:267)
05-18 09:57:43.419 E/appium  (19919): 	at io.netty.channel.CombinedChannelDuplexHandler.channelRead(CombinedChannelDuplexHandler.java:250)
05-18 09:57:43.419 E/appium  (19919): 	at io.netty.channel.AbstractChannelHandlerContext.invokeChannelRead(AbstractChannelHandlerContext.java:366)
05-18 09:57:43.419 E/appium  (19919): 	at io.netty.channel.AbstractChannelHandlerContext.invokeChannelRead(AbstractChannelHandlerContext.java:352)
05-18 09:57:43.419 E/appium  (19919): 	at io.netty.channel.AbstractChannelHandlerContext.fireChannelRead(AbstractChannelHandlerContext.java:345)
05-18 09:57:43.419 E/appium  (19919): 	at io.netty.channel.DefaultChannelPipeline$HeadContext.channelRead(DefaultChannelPipeline.java:1294)
05-18 09:57:43.419 E/appium  (19919): 	at io.netty.channel.AbstractChannelHandlerContext.invokeChannelRead(AbstractChannelHandlerContext.java:366)
05-18 09:57:43.419 E/appium  (19919): 	at io.netty.channel.AbstractChannelHandlerContext.invokeChannelRead(AbstractChannelHandlerContext.java:352)
05-18 09:57:43.419 E/appium  (19919): 	at io.netty.channel.DefaultChannelPipeline.fireChannelRead(DefaultChannelPipeline.java:911)
05-18 09:57:43.419 E/appium  (19919): 	at io.netty.channel.nio.AbstractNioByteChannel$NioByteUnsafe.read(AbstractNioByteChannel.java:131)
05-18 09:57:43.419 E/appium  (19919): 	at io.netty.channel.nio.NioEventLoop.processSelectedKey(NioEventLoop.java:611)
05-18 09:57:43.419 E/appium  (19919): 	at io.netty.channel.nio.NioEventLoop.processSelectedKeysPlain(NioEventLoop.java:514)
05-18 09:57:43.419 E/appium  (19919): 	at io.netty.channel.nio.NioEventLoop.processSelectedKeys(NioEventLoop.java:468)
05-18 09:57:43.419 E/appium  (19919): 	at io.netty.channel.nio.NioEventLoop.run(NioEventLoop.java:438)
05-18 09:57:43.419 E/appium  (19919): 	at io.netty.util.concurrent.SingleThreadEventExecutor$2.run(SingleThreadEventExecutor.java:140)
05-18 09:57:43.419 E/appium  (19919): 	at io.netty.util.concurrent.DefaultThreadFactory$DefaultRunnableDecorator.run(DefaultThreadFactory.java:144)
05-18 09:57:43.419 E/appium  (19919): 	at java.lang.Thread.run(Thread.java:818)
05-18 09:57:43.701 E/WifiTrafficPoller(  851): TRAFFIC_STATS_POLL true Token 2644 num clients 19
05-18 09:57:43.702 E/WifiTrafficPoller(  851):  packet count Tx=1753533 Rx=5781535
05-18 09:57:43.702 E/WifiTrafficPoller(  851): notifying of data activity 3
05-18 09:57:43.992 E/appium  (19919): Element not found: 
05-18 09:57:43.992 E/appium  (19919): io.appium.uiautomator2.common.exceptions.ElementNotFoundException: Could not find an element using supplied strategy. 
05-18 09:57:43.992 E/appium  (19919): 	at io.appium.uiautomator2.handler.FindElement.getXPathUiObject(FindElement.java:80)
05-18 09:57:43.992 E/appium  (19919): 	at io.appium.uiautomator2.handler.FindElement.findElement(FindElement.java:153)
05-18 09:57:43.992 E/appium  (19919): 	at io.appium.uiautomator2.handler.FindElement.safeHandle(FindElement.java:102)
05-18 09:57:43.992 E/appium  (19919): 	at io.appium.uiautomator2.handler.request.SafeRequestHandler.handle(SafeRequestHandler.java:56)
05-18 09:57:43.992 E/appium  (19919): 	at io.appium.uiautomator2.server.AppiumServlet.handleRequest(AppiumServlet.java:202)
05-18 09:57:43.992 E/appium  (19919): 	at io.appium.uiautomator2.server.AppiumServlet.handleHttpRequest(AppiumServlet.java:193)
05-18 09:57:43.992 E/appium  (19919): 	at io.appium.uiautomator2.http.ServerHandler.channelRead(ServerHandler.java:44)
05-18 09:57:43.992 E/appium  (19919): 	at io.netty.channel.AbstractChannelHandlerContext.invokeChannelRead(AbstractChannelHandlerContext.java:366)
05-18 09:57:43.992 E/appium  (19919): 	at io.netty.channel.AbstractChannelHandlerContext.invokeChannelRead(AbstractChannelHandlerContext.java:352)
05-18 09:57:43.992 E/appium  (19919): 	at io.netty.channel.AbstractChannelHandlerContext.fireChannelRead(AbstractChannelHandlerContext.java:345)
05-18 09:57:43.992 E/appium  (19919): 	at io.netty.handler.codec.MessageToMessageDecoder.channelRead(MessageToMessageDecoder.java:102)
05-18 09:57:43.992 E/appium  (19919): 	at io.netty.channel.AbstractChannelHandlerContext.invokeChannelRead(AbstractChannelHandlerContext.java:366)
05-18 09:57:43.992 E/appium  (19919): 	at io.netty.channel.AbstractChannelHandlerContext.invokeChannelRead(AbstractChannelHandlerContext.java:352)
05-18 09:57:43.992 E/appium  (19919): 	at io.netty.channel.AbstractChannelHandlerContext.fireChannelRead(AbstractChannelHandlerContext.java:345)
05-18 09:57:43.992 E/appium  (19919): 	at io.netty.channel.CombinedChannelDuplexHandler$DelegatingChannelHandlerContext.fireChannelRead(CombinedChannelDuplexHandler.java:435)
05-18 09:57:43.992 E/appium  (19919): 	at io.netty.handler.codec.ByteToMessageDecoder.fireChannelRead(ByteToMessageDecoder.java:293)
05-18 09:57:43.992 E/appium  (19919): 	at io.netty.handler.codec.ByteToMessageDecoder.channelRead(ByteToMessageDecoder.java:267)
05-18 09:57:43.992 E/appium  (19919): 	at io.netty.channel.CombinedChannelDuplexHandler.channelRead(CombinedChannelDuplexHandler.java:250)
05-18 09:57:43.992 E/appium  (19919): 	at io.netty.channel.AbstractChannelHandlerContext.invokeChannelRead(AbstractChannelHandlerContext.java:366)
05-18 09:57:43.992 E/appium  (19919): 	at io.netty.channel.AbstractChannelHandlerContext.invokeChannelRead(AbstractChannelHandlerContext.java:352)
05-18 09:57:43.992 E/appium  (19919): 	at io.netty.channel.AbstractChannelHandlerContext.fireChannelRead(AbstractChannelHandlerContext.java:345)
05-18 09:57:43.992 E/appium  (19919): 	at io.netty.channel.DefaultChannelPipeline$HeadContext.channelRead(DefaultChannelPipeline.java:1294)
05-18 09:57:43.992 E/appium  (19919): 	at io.netty.channel.AbstractChannelHandlerContext.invokeChannelRead(AbstractChannelHandlerContext.java:366)
05-18 09:57:43.992 E/appium  (19919): 	at io.netty.channel.AbstractChannelHandlerContext.invokeChannelRead(AbstractChannelHandlerContext.java:352)
05-18 09:57:43.992 E/appium  (19919): 	at io.netty.channel.DefaultChannelPipeline.fireChannelRead(DefaultChannelPipeline.java:911)
05-18 09:57:43.992 E/appium  (19919): 	at io.netty.channel.nio.AbstractNioByteChannel$NioByteUnsafe.read(AbstractNioByteChannel.java:131)
05-18 09:57:43.992 E/appium  (19919): 	at io.netty.channel.nio.NioEventLoop.processSelectedKey(NioEventLoop.java:611)
05-18 09:57:43.992 E/appium  (19919): 	at io.netty.channel.nio.NioEventLoop.processSelectedKeysPlain(NioEventLoop.java:514)
05-18 09:57:43.992 E/appium  (19919): 	at io.netty.channel.nio.NioEventLoop.processSelectedKeys(NioEventLoop.java:468)
05-18 09:57:43.992 E/appium  (19919): 	at io.netty.channel.nio.NioEventLoop.run(NioEventLoop.java:438)
05-18 09:57:43.992 E/appium  (19919): 	at io.netty.util.concurrent.SingleThreadEventExecutor$2.run(SingleThreadEventExecutor.java:140)
05-18 09:57:43.992 E/appium  (19919): 	at io.netty.util.concurrent.DefaultThreadFactory$DefaultRunnableDecorator.run(DefaultThreadFactory.java:144)
05-18 09:57:43.992 E/appium  (19919): 	at java.lang.Thread.run(Thread.java:818)
05-18 09:57:44.641 E/WifiStateMachine(  851):  ConnectedState (when=-3ms what=131155 arg1=591!CMD_RSSI_POLL 591 0 "BOCO-office" 94:b4:0f:68:a4:b1 rssi=-50 f=5785 sc=80 link=135 tx=21.6, 0.0, 0.0  rx=78.8 bcn=0 [on:0 tx:0 rx:0 period:3000] from screen [on:0 period:611223713] gl rssi=-50 ag=0 hr ticks 314,77,49 ls-=0 [56,56,60,60,65] brc=0 lrc=0
05-18 09:57:44.646 E/WifiStateMachine(  851):  L2ConnectedState (when=-7ms what=131155 arg1=591!CMD_RSSI_POLL 591 0 "BOCO-office" 94:b4:0f:68:a4:b1 rssi=-50 f=5785 sc=80 link=135 tx=21.6, 0.0, 0.0  rx=78.8 bcn=0 [on:0 tx:0 rx:0 period:4] from screen [on:0 period:611223717] gl rssi=-50 ag=0 hr ticks 314,77,49 ls-=0 [56,56,60,60,65] brc=0 lrc=0
05-18 09:57:44.647 E/WifiStateMachine(  851):  get link layer stats 0
05-18 09:57:44.672 E/WifiStateMachine(  851): calculateWifiScore() we set wifi's score to 1000, so will always set wifi as a default network.
05-18 09:57:44.718 E/WifiTrafficPoller(  851): TRAFFIC_STATS_POLL true Token 2644 num clients 19
05-18 09:57:44.719 E/WifiTrafficPoller(  851):  packet count Tx=1753533 Rx=5781546
05-18 09:57:44.719 E/WifiTrafficPoller(  851): notifying of data activity 1
05-18 09:57:44.742 E/appium  (19919): Element not found: 
05-18 09:57:44.742 E/appium  (19919): io.appium.uiautomator2.common.exceptions.ElementNotFoundException: Could not find an element using supplied strategy. 
05-18 09:57:44.742 E/appium  (19919): 	at io.appium.uiautomator2.handler.FindElement.getXPathUiObject(FindElement.java:80)
05-18 09:57:44.742 E/appium  (19919): 	at io.appium.uiautomator2.handler.FindElement.findElement(FindElement.java:153)
05-18 09:57:44.742 E/appium  (19919): 	at io.appium.uiautomator2.handler.FindElement.safeHandle(FindElement.java:102)
05-18 09:57:44.742 E/appium  (19919): 	at io.appium.uiautomator2.handler.request.SafeRequestHandler.handle(SafeRequestHandler.java:56)
05-18 09:57:44.742 E/appium  (19919): 	at io.appium.uiautomator2.server.AppiumServlet.handleRequest(AppiumServlet.java:202)
05-18 09:57:44.742 E/appium  (19919): 	at io.appium.uiautomator2.server.AppiumServlet.handleHttpRequest(AppiumServlet.java:193)
05-18 09:57:44.742 E/appium  (19919): 	at io.appium.uiautomator2.http.ServerHandler.channelRead(ServerHandler.java:44)
05-18 09:57:44.742 E/appium  (19919): 	at io.netty.channel.AbstractChannelHandlerContext.invokeChannelRead(AbstractChannelHandlerContext.java:366)
05-18 09:57:44.742 E/appium  (19919): 	at io.netty.channel.AbstractChannelHandlerContext.invokeChannelRead(AbstractChannelHandlerContext.java:352)
05-18 09:57:44.742 E/appium  (19919): 	at io.netty.channel.AbstractChannelHandlerContext.fireChannelRead(AbstractChannelHandlerContext.java:345)
05-18 09:57:44.742 E/appium  (19919): 	at io.netty.handler.codec.MessageToMessageDecoder.channelRead(MessageToMessageDecoder.java:102)
05-18 09:57:44.742 E/appium  (19919): 	at io.netty.channel.AbstractChannelHandlerContext.invokeChannelRead(AbstractChannelHandlerContext.java:366)
05-18 09:57:44.742 E/appium  (19919): 	at io.netty.channel.AbstractChannelHandlerContext.invokeChannelRead(AbstractChannelHandlerContext.java:352)
05-18 09:57:44.742 E/appium  (19919): 	at io.netty.channel.AbstractChannelHandlerContext.fireChannelRead(AbstractChannelHandlerContext.java:345)
05-18 09:57:44.742 E/appium  (19919): 	at io.netty.channel.CombinedChannelDuplexHandler$DelegatingChannelHandlerContext.fireChannelRead(CombinedChannelDuplexHandler.java:435)
05-18 09:57:44.742 E/appium  (19919): 	at io.netty.handler.codec.ByteToMessageDecoder.fireChannelRead(ByteToMessageDecoder.java:293)
05-18 09:57:44.742 E/appium  (19919): 	at io.netty.handler.codec.ByteToMessageDecoder.channelRead(ByteToMessageDecoder.java:267)
05-18 09:57:44.742 E/appium  (19919): 	at io.netty.channel.CombinedChannelDuplexHandler.channelRead(CombinedChannelDuplexHandler.java:250)
05-18 09:57:44.742 E/appium  (19919): 	at io.netty.channel.AbstractChannelHandlerContext.invokeChannelRead(AbstractChannelHandlerContext.java:366)
05-18 09:57:44.742 E/appium  (19919): 	at io.netty.channel.AbstractChannelHandlerContext.invokeChannelRead(AbstractChannelHandlerContext.java:352)
05-18 09:57:44.742 E/appium  (19919): 	at io.netty.channel.AbstractChannelHandlerContext.fireChannelRead(AbstractChannelHandlerContext.java:345)
05-18 09:57:44.742 E/appium  (19919): 	at io.netty.channel.DefaultChannelPipeline$HeadContext.channelRead(DefaultChannelPipeline.java:1294)
05-18 09:57:44.742 E/appium  (19919): 	at io.netty.channel.AbstractChannelHandlerContext.invokeChannelRead(AbstractChannelHandlerContext.java:366)
05-18 09:57:44.742 E/appium  (19919): 	at io.netty.channel.AbstractChannelHandlerContext.invokeChannelRead(AbstractChannelHandlerContext.java:352)
05-18 09:57:44.742 E/appium  (19919): 	at io.netty.channel.DefaultChannelPipeline.fireChannelRead(DefaultChannelPipeline.java:911)
05-18 09:57:44.742 E/appium  (19919): 	at io.netty.channel.nio.AbstractNioByteChannel$NioByteUnsafe.read(AbstractNioByteChannel.java:131)
05-18 09:57:44.742 E/appium  (19919): 	at io.netty.channel.nio.NioEventLoop.processSelectedKey(NioEventLoop.java:611)
05-18 09:57:44.742 E/appium  (19919): 	at io.netty.channel.nio.NioEventLoop.processSelectedKeysPlain(NioEventLoop.java:514)
05-18 09:57:44.742 E/appium  (19919): 	at io.netty.channel.nio.NioEventLoop.processSelectedKeys(NioEventLoop.java:468)
05-18 09:57:44.742 E/appium  (19919): 	at io.netty.channel.nio.NioEventLoop.run(NioEventLoop.java:438)
05-18 09:57:44.742 E/appium  (19919): 	at io.netty.util.concurrent.SingleThreadEventExecutor$2.run(SingleThreadEventExecutor.java:140)
05-18 09:57:44.742 E/appium  (19919): 	at io.netty.util.concurrent.DefaultThreadFactory$DefaultRunnableDecorator.run(DefaultThreadFactory.java:144)
05-18 09:57:44.742 E/appium  (19919): 	at java.lang.Thread.run(Thread.java:818)
05-18 09:57:45.325 E/appium  (19919): Element not found: 
05-18 09:57:45.325 E/appium  (19919): io.appium.uiautomator2.common.exceptions.ElementNotFoundException: Could not find an element using supplied strategy. 
05-18 09:57:45.325 E/appium  (19919): 	at io.appium.uiautomator2.handler.FindElement.getXPathUiObject(FindElement.java:80)
05-18 09:57:45.325 E/appium  (19919): 	at io.appium.uiautomator2.handler.FindElement.findElement(FindElement.java:153)
05-18 09:57:45.325 E/appium  (19919): 	at io.appium.uiautomator2.handler.FindElement.safeHandle(FindElement.java:102)
05-18 09:57:45.325 E/appium  (19919): 	at io.appium.uiautomator2.handler.request.SafeRequestHandler.handle(SafeRequestHandler.java:56)
05-18 09:57:45.325 E/appium  (19919): 	at io.appium.uiautomator2.server.AppiumServlet.handleRequest(AppiumServlet.java:202)
05-18 09:57:45.325 E/appium  (19919): 	at io.appium.uiautomator2.server.AppiumServlet.handleHttpRequest(AppiumServlet.java:193)
05-18 09:57:45.325 E/appium  (19919): 	at io.appium.uiautomator2.http.ServerHandler.channelRead(ServerHandler.java:44)
05-18 09:57:45.325 E/appium  (19919): 	at io.netty.channel.AbstractChannelHandlerContext.invokeChannelRead(AbstractChannelHandlerContext.java:366)
05-18 09:57:45.325 E/appium  (19919): 	at io.netty.channel.AbstractChannelHandlerContext.invokeChannelRead(AbstractChannelHandlerContext.java:352)
05-18 09:57:45.325 E/appium  (19919): 	at io.netty.channel.AbstractChannelHandlerContext.fireChannelRead(AbstractChannelHandlerContext.java:345)
05-18 09:57:45.325 E/appium  (19919): 	at io.netty.handler.codec.MessageToMessageDecoder.channelRead(MessageToMessageDecoder.java:102)
05-18 09:57:45.325 E/appium  (19919): 	at io.netty.channel.AbstractChannelHandlerContext.invokeChannelRead(AbstractChannelHandlerContext.java:366)
05-18 09:57:45.325 E/appium  (19919): 	at io.netty.channel.AbstractChannelHandlerContext.invokeChannelRead(AbstractChannelHandlerContext.java:352)
05-18 09:57:45.325 E/appium  (19919): 	at io.netty.channel.AbstractChannelHandlerContext.fireChannelRead(AbstractChannelHandlerContext.java:345)
05-18 09:57:45.325 E/appium  (19919): 	at io.netty.channel.CombinedChannelDuplexHandler$DelegatingChannelHandlerContext.fireChannelRead(CombinedChannelDuplexHandler.java:435)
05-18 09:57:45.325 E/appium  (19919): 	at io.netty.handler.codec.ByteToMessageDecoder.fireChannelRead(ByteToMessageDecoder.java:293)
05-18 09:57:45.325 E/appium  (19919): 	at io.netty.handler.codec.ByteToMessageDecoder.channelRead(ByteToMessageDecoder.java:267)
05-18 09:57:45.325 E/appium  (19919): 	at io.netty.channel.CombinedChannelDuplexHandler.channelRead(CombinedChannelDuplexHandler.java:250)
05-18 09:57:45.325 E/appium  (19919): 	at io.netty.channel.AbstractChannelHandlerContext.invokeChannelRead(AbstractChannelHandlerContext.java:366)
05-18 09:57:45.325 E/appium  (19919): 	at io.netty.channel.AbstractChannelHandlerContext.invokeChannelRead(AbstractChannelHandlerContext.java:352)
05-18 09:57:45.325 E/appium  (19919): 	at io.netty.channel.AbstractChannelHandlerContext.fireChannelRead(AbstractChannelHandlerContext.java:345)
05-18 09:57:45.325 E/appium  (19919): 	at io.netty.channel.DefaultChannelPipeline$HeadContext.channelRead(DefaultChannelPipeline.java:1294)
05-18 09:57:45.325 E/appium  (19919): 	at io.netty.channel.AbstractChannelHandlerContext.invokeChannelRead(AbstractChannelHandlerContext.java:366)
05-18 09:57:45.325 E/appium  (19919): 	at io.netty.channel.AbstractChannelHandlerContext.invokeChannelRead(AbstractChannelHandlerContext.java:352)
05-18 09:57:45.325 E/appium  (19919): 	at io.netty.channel.DefaultChannelPipeline.fireChannelRead(DefaultChannelPipeline.java:911)
05-18 09:57:45.325 E/appium  (19919): 	at io.netty.channel.nio.AbstractNioByteChannel$NioByteUnsafe.read(AbstractNioByteChannel.java:131)
05-18 09:57:45.325 E/appium  (19919): 	at io.netty.channel.nio.NioEventLoop.processSelectedKey(NioEventLoop.java:611)
05-18 09:57:45.325 E/appium  (19919): 	at io.netty.channel.nio.NioEventLoop.processSelectedKeysPlain(NioEventLoop.java:514)
05-18 09:57:45.325 E/appium  (19919): 	at io.netty.channel.nio.NioEventLoop.processSelectedKeys(NioEventLoop.java:468)
05-18 09:57:45.325 E/appium  (19919): 	at io.netty.channel.nio.NioEventLoop.run(NioEventLoop.java:438)
05-18 09:57:45.325 E/appium  (19919): 	at io.netty.util.concurrent.SingleThreadEventExecutor$2.run(SingleThreadEventExecutor.java:140)
05-18 09:57:45.325 E/appium  (19919): 	at io.netty.util.concurrent.DefaultThreadFactory$DefaultRunnableDecorator.run(DefaultThreadFactory.java:144)
05-18 09:57:45.325 E/appium  (19919): 	at java.lang.Thread.run(Thread.java:818)
05-18 09:57:45.721 E/WifiTrafficPoller(  851): TRAFFIC_STATS_POLL true Token 2644 num clients 19
05-18 09:57:45.722 E/WifiTrafficPoller(  851):  packet count Tx=1753534 Rx=5781566
05-18 09:57:45.722 E/WifiTrafficPoller(  851): notifying of data activity 3
05-18 09:57:45.897 E/appium  (19919): Element not found: 
05-18 09:57:45.897 E/appium  (19919): io.appium.uiautomator2.common.exceptions.ElementNotFoundException: Could not find an element using supplied strategy. 
05-18 09:57:45.897 E/appium  (19919): 	at io.appium.uiautomator2.handler.FindElement.getXPathUiObject(FindElement.java:80)
05-18 09:57:45.897 E/appium  (19919): 	at io.appium.uiautomator2.handler.FindElement.findElement(FindElement.java:153)
05-18 09:57:45.897 E/appium  (19919): 	at io.appium.uiautomator2.handler.FindElement.safeHandle(FindElement.java:102)
05-18 09:57:45.897 E/appium  (19919): 	at io.appium.uiautomator2.handler.request.SafeRequestHandler.handle(SafeRequestHandler.java:56)
05-18 09:57:45.897 E/appium  (19919): 	at io.appium.uiautomator2.server.AppiumServlet.handleRequest(AppiumServlet.java:202)
05-18 09:57:45.897 E/appium  (19919): 	at io.appium.uiautomator2.server.AppiumServlet.handleHttpRequest(AppiumServlet.java:193)
05-18 09:57:45.897 E/appium  (19919): 	at io.appium.uiautomator2.http.ServerHandler.channelRead(ServerHandler.java:44)
05-18 09:57:45.897 E/appium  (19919): 	at io.netty.channel.AbstractChannelHandlerContext.invokeChannelRead(AbstractChannelHandlerContext.java:366)
05-18 09:57:45.897 E/appium  (19919): 	at io.netty.channel.AbstractChannelHandlerContext.invokeChannelRead(AbstractChannelHandlerContext.java:352)
05-18 09:57:45.897 E/appium  (19919): 	at io.netty.channel.AbstractChannelHandlerContext.fireChannelRead(AbstractChannelHandlerContext.java:345)
05-18 09:57:45.897 E/appium  (19919): 	at io.netty.handler.codec.MessageToMessageDecoder.channelRead(MessageToMessageDecoder.java:102)
05-18 09:57:45.897 E/appium  (19919): 	at io.netty.channel.AbstractChannelHandlerContext.invokeChannelRead(AbstractChannelHandlerContext.java:366)
05-18 09:57:45.897 E/appium  (19919): 	at io.netty.channel.AbstractChannelHandlerContext.invokeChannelRead(AbstractChannelHandlerContext.java:352)
05-18 09:57:45.897 E/appium  (19919): 	at io.netty.channel.AbstractChannelHandlerContext.fireChannelRead(AbstractChannelHandlerContext.java:345)
05-18 09:57:45.897 E/appium  (19919): 	at io.netty.channel.CombinedChannelDuplexHandler$DelegatingChannelHandlerContext.fireChannelRead(CombinedChannelDuplexHandler.java:435)
05-18 09:57:45.897 E/appium  (19919): 	at io.netty.handler.codec.ByteToMessageDecoder.fireChannelRead(ByteToMessageDecoder.java:293)
05-18 09:57:45.897 E/appium  (19919): 	at io.netty.handler.codec.ByteToMessageDecoder.channelRead(ByteToMessageDecoder.java:267)
05-18 09:57:45.897 E/appium  (19919): 	at io.netty.channel.CombinedChannelDuplexHandler.channelRead(CombinedChannelDuplexHandler.java:250)
05-18 09:57:45.897 E/appium  (19919): 	at io.netty.channel.AbstractChannelHandlerContext.invokeChannelRead(AbstractChannelHandlerContext.java:366)
05-18 09:57:45.897 E/appium  (19919): 	at io.netty.channel.AbstractChannelHandlerContext.invokeChannelRead(AbstractChannelHandlerContext.java:352)
05-18 09:57:45.897 E/appium  (19919): 	at io.netty.channel.AbstractChannelHandlerContext.fireChannelRead(AbstractChannelHandlerContext.java:345)
05-18 09:57:45.897 E/appium  (19919): 	at io.netty.channel.DefaultChannelPipeline$HeadContext.channelRead(DefaultChannelPipeline.java:1294)
05-18 09:57:45.897 E/appium  (19919): 	at io.netty.channel.AbstractChannelHandlerContext.invokeChannelRead(AbstractChannelHandlerContext.java:366)
05-18 09:57:45.897 E/appium  (19919): 	at io.netty.channel.AbstractChannelHandlerContext.invokeChannelRead(AbstractChannelHandlerContext.java:352)
05-18 09:57:45.897 E/appium  (19919): 	at io.netty.channel.DefaultChannelPipeline.fireChannelRead(DefaultChannelPipeline.java:911)
05-18 09:57:45.897 E/appium  (19919): 	at io.netty.channel.nio.AbstractNioByteChannel$NioByteUnsafe.read(AbstractNioByteChannel.java:131)
05-18 09:57:45.897 E/appium  (19919): 	at io.netty.channel.nio.NioEventLoop.processSelectedKey(NioEventLoop.java:611)
05-18 09:57:45.897 E/appium  (19919): 	at io.netty.channel.nio.NioEventLoop.processSelectedKeysPlain(NioEventLoop.java:514)
05-18 09:57:45.897 E/appium  (19919): 	at io.netty.channel.nio.NioEventLoop.processSelectedKeys(NioEventLoop.java:468)
05-18 09:57:45.897 E/appium  (19919): 	at io.netty.channel.nio.NioEventLoop.run(NioEventLoop.java:438)
05-18 09:57:45.897 E/appium  (19919): 	at io.netty.util.concurrent.SingleThreadEventExecutor$2.run(SingleThreadEventExecutor.java:140)
05-18 09:57:45.897 E/appium  (19919): 	at io.netty.util.concurrent.DefaultThreadFactory$DefaultRunnableDecorator.run(DefaultThreadFactory.java:144)
05-18 09:57:45.897 E/appium  (19919): 	at java.lang.Thread.run(Thread.java:818)
05-18 09:57:46.490 E/appium  (19919): Element not found: 
05-18 09:57:46.490 E/appium  (19919): io.appium.uiautomator2.common.exceptions.ElementNotFoundException: Could not find an element using supplied strategy. 
05-18 09:57:46.490 E/appium  (19919): 	at io.appium.uiautomator2.handler.FindElement.getXPathUiObject(FindElement.java:80)
05-18 09:57:46.490 E/appium  (19919): 	at io.appium.uiautomator2.handler.FindElement.findElement(FindElement.java:153)
05-18 09:57:46.490 E/appium  (19919): 	at io.appium.uiautomator2.handler.FindElement.safeHandle(FindElement.java:102)
05-18 09:57:46.490 E/appium  (19919): 	at io.appium.uiautomator2.handler.request.SafeRequestHandler.handle(SafeRequestHandler.java:56)
05-18 09:57:46.490 E/appium  (19919): 	at io.appium.uiautomator2.server.AppiumServlet.handleRequest(AppiumServlet.java:202)
05-18 09:57:46.490 E/appium  (19919): 	at io.appium.uiautomator2.server.AppiumServlet.handleHttpRequest(AppiumServlet.java:193)
05-18 09:57:46.490 E/appium  (19919): 	at io.appium.uiautomator2.http.ServerHandler.channelRead(ServerHandler.java:44)
05-18 09:57:46.490 E/appium  (19919): 	at io.netty.channel.AbstractChannelHandlerContext.invokeChannelRead(AbstractChannelHandlerContext.java:366)
05-18 09:57:46.490 E/appium  (19919): 	at io.netty.channel.AbstractChannelHandlerContext.invokeChannelRead(AbstractChannelHandlerContext.java:352)
05-18 09:57:46.490 E/appium  (19919): 	at io.netty.channel.AbstractChannelHandlerContext.fireChannelRead(AbstractChannelHandlerContext.java:345)
05-18 09:57:46.490 E/appium  (19919): 	at io.netty.handler.codec.MessageToMessageDecoder.channelRead(MessageToMessageDecoder.java:102)
05-18 09:57:46.490 E/appium  (19919): 	at io.netty.channel.AbstractChannelHandlerContext.invokeChannelRead(AbstractChannelHandlerContext.java:366)
05-18 09:57:46.490 E/appium  (19919): 	at io.netty.channel.AbstractChannelHandlerContext.invokeChannelRead(AbstractChannelHandlerContext.java:352)
05-18 09:57:46.490 E/appium  (19919): 	at io.netty.channel.AbstractChannelHandlerContext.fireChannelRead(AbstractChannelHandlerContext.java:345)
05-18 09:57:46.490 E/appium  (19919): 	at io.netty.channel.CombinedChannelDuplexHandler$DelegatingChannelHandlerContext.fireChannelRead(CombinedChannelDuplexHandler.java:435)
05-18 09:57:46.490 E/appium  (19919): 	at io.netty.handler.codec.ByteToMessageDecoder.fireChannelRead(ByteToMessageDecoder.java:293)
05-18 09:57:46.490 E/appium  (19919): 	at io.netty.handler.codec.ByteToMessageDecoder.channelRead(ByteToMessageDecoder.java:267)
05-18 09:57:46.490 E/appium  (19919): 	at io.netty.channel.CombinedChannelDuplexHandler.channelRead(CombinedChannelDuplexHandler.java:250)
05-18 09:57:46.490 E/appium  (19919): 	at io.netty.channel.AbstractChannelHandlerContext.invokeChannelRead(AbstractChannelHandlerContext.java:366)
05-18 09:57:46.490 E/appium  (19919): 	at io.netty.channel.AbstractChannelHandlerContext.invokeChannelRead(AbstractChannelHandlerContext.java:352)
05-18 09:57:46.490 E/appium  (19919): 	at io.netty.channel.AbstractChannelHandlerContext.fireChannelRead(AbstractChannelHandlerContext.java:345)
05-18 09:57:46.490 E/appium  (19919): 	at io.netty.channel.DefaultChannelPipeline$HeadContext.channelRead(DefaultChannelPipeline.java:1294)
05-18 09:57:46.490 E/appium  (19919): 	at io.netty.channel.AbstractChannelHandlerContext.invokeChannelRead(AbstractChannelHandlerContext.java:366)
05-18 09:57:46.490 E/appium  (19919): 	at io.netty.channel.AbstractChannelHandlerContext.invokeChannelRead(AbstractChannelHandlerContext.java:352)
05-18 09:57:46.490 E/appium  (19919): 	at io.netty.channel.DefaultChannelPipeline.fireChannelRead(DefaultChannelPipeline.java:911)
05-18 09:57:46.490 E/appium  (19919): 	at io.netty.channel.nio.AbstractNioByteChannel$NioByteUnsafe.read(AbstractNioByteChannel.java:131)
05-18 09:57:46.490 E/appium  (19919): 	at io.netty.channel.nio.NioEventLoop.processSelectedKey(NioEventLoop.java:611)
05-18 09:57:46.490 E/appium  (19919): 	at io.netty.channel.nio.NioEventLoop.processSelectedKeysPlain(NioEventLoop.java:514)
05-18 09:57:46.490 E/appium  (19919): 	at io.netty.channel.nio.NioEventLoop.processSelectedKeys(NioEventLoop.java:468)
05-18 09:57:46.490 E/appium  (19919): 	at io.netty.channel.nio.NioEventLoop.run(NioEventLoop.java:438)
05-18 09:57:46.490 E/appium  (19919): 	at io.netty.util.concurrent.SingleThreadEventExecutor$2.run(SingleThreadEventExecutor.java:140)
05-18 09:57:46.490 E/appium  (19919): 	at io.netty.util.concurrent.DefaultThreadFactory$DefaultRunnableDecorator.run(DefaultThreadFactory.java:144)
05-18 09:57:46.490 E/appium  (19919): 	at java.lang.Thread.run(Thread.java:818)
05-18 09:57:46.727 E/WifiTrafficPoller(  851): TRAFFIC_STATS_POLL true Token 2644 num clients 19
05-18 09:57:46.728 E/WifiTrafficPoller(  851):  packet count Tx=1753534 Rx=5781580
05-18 09:57:46.728 E/WifiTrafficPoller(  851): notifying of data activity 1
05-18 09:57:47.086 E/appium  (19919): Element not found: 
05-18 09:57:47.086 E/appium  (19919): io.appium.uiautomator2.common.exceptions.ElementNotFoundException: Could not find an element using supplied strategy. 
05-18 09:57:47.086 E/appium  (19919): 	at io.appium.uiautomator2.handler.FindElement.getXPathUiObject(FindElement.java:80)
05-18 09:57:47.086 E/appium  (19919): 	at io.appium.uiautomator2.handler.FindElement.findElement(FindElement.java:153)
05-18 09:57:47.086 E/appium  (19919): 	at io.appium.uiautomator2.handler.FindElement.safeHandle(FindElement.java:102)
05-18 09:57:47.086 E/appium  (19919): 	at io.appium.uiautomator2.handler.request.SafeRequestHandler.handle(SafeRequestHandler.java:56)
05-18 09:57:47.086 E/appium  (19919): 	at io.appium.uiautomator2.server.AppiumServlet.handleRequest(AppiumServlet.java:202)
05-18 09:57:47.086 E/appium  (19919): 	at io.appium.uiautomator2.server.AppiumServlet.handleHttpRequest(AppiumServlet.java:193)
05-18 09:57:47.086 E/appium  (19919): 	at io.appium.uiautomator2.http.ServerHandler.channelRead(ServerHandler.java:44)
05-18 09:57:47.086 E/appium  (19919): 	at io.netty.channel.AbstractChannelHandlerContext.invokeChannelRead(AbstractChannelHandlerContext.java:366)
05-18 09:57:47.086 E/appium  (19919): 	at io.netty.channel.AbstractChannelHandlerContext.invokeChannelRead(AbstractChannelHandlerContext.java:352)
05-18 09:57:47.086 E/appium  (19919): 	at io.netty.channel.AbstractChannelHandlerContext.fireChannelRead(AbstractChannelHandlerContext.java:345)
05-18 09:57:47.086 E/appium  (19919): 	at io.netty.handler.codec.MessageToMessageDecoder.channelRead(MessageToMessageDecoder.java:102)
05-18 09:57:47.086 E/appium  (19919): 	at io.netty.channel.AbstractChannelHandlerContext.invokeChannelRead(AbstractChannelHandlerContext.java:366)
05-18 09:57:47.086 E/appium  (19919): 	at io.netty.channel.AbstractChannelHandlerContext.invokeChannelRead(AbstractChannelHandlerContext.java:352)
05-18 09:57:47.086 E/appium  (19919): 	at io.netty.channel.AbstractChannelHandlerContext.fireChannelRead(AbstractChannelHandlerContext.java:345)
05-18 09:57:47.086 E/appium  (19919): 	at io.netty.channel.CombinedChannelDuplexHandler$DelegatingChannelHandlerContext.fireChannelRead(CombinedChannelDuplexHandler.java:435)
05-18 09:57:47.086 E/appium  (19919): 	at io.netty.handler.codec.ByteToMessageDecoder.fireChannelRead(ByteToMessageDecoder.java:293)
05-18 09:57:47.086 E/appium  (19919): 	at io.netty.handler.codec.ByteToMessageDecoder.channelRead(ByteToMessageDecoder.java:267)
05-18 09:57:47.086 E/appium  (19919): 	at io.netty.channel.CombinedChannelDuplexHandler.channelRead(CombinedChannelDuplexHandler.java:250)
05-18 09:57:47.086 E/appium  (19919): 	at io.netty.channel.AbstractChannelHandlerContext.invokeChannelRead(AbstractChannelHandlerContext.java:366)
05-18 09:57:47.086 E/appium  (19919): 	at io.netty.channel.AbstractChannelHandlerContext.invokeChannelRead(AbstractChannelHandlerContext.java:352)
05-18 09:57:47.086 E/appium  (19919): 	at io.netty.channel.AbstractChannelHandlerContext.fireChannelRead(AbstractChannelHandlerContext.java:345)
05-18 09:57:47.086 E/appium  (19919): 	at io.netty.channel.DefaultChannelPipeline$HeadContext.channelRead(DefaultChannelPipeline.java:1294)
05-18 09:57:47.086 E/appium  (19919): 	at io.netty.channel.AbstractChannelHandlerContext.invokeChannelRead(AbstractChannelHandlerContext.java:366)
05-18 09:57:47.086 E/appium  (19919): 	at io.netty.channel.AbstractChannelHandlerContext.invokeChannelRead(AbstractChannelHandlerContext.java:352)
05-18 09:57:47.086 E/appium  (19919): 	at io.netty.channel.DefaultChannelPipeline.fireChannelRead(DefaultChannelPipeline.java:911)
05-18 09:57:47.086 E/appium  (19919): 	at io.netty.channel.nio.AbstractNioByteChannel$NioByteUnsafe.read(AbstractNioByteChannel.java:131)
05-18 09:57:47.086 E/appium  (19919): 	at io.netty.channel.nio.NioEventLoop.processSelectedKey(NioEventLoop.java:611)
05-18 09:57:47.086 E/appium  (19919): 	at io.netty.channel.nio.NioEventLoop.processSelectedKeysPlain(NioEventLoop.java:514)
05-18 09:57:47.086 E/appium  (19919): 	at io.netty.channel.nio.NioEventLoop.processSelectedKeys(NioEventLoop.java:468)
05-18 09:57:47.086 E/appium  (19919): 	at io.netty.channel.nio.NioEventLoop.run(NioEventLoop.java:438)
05-18 09:57:47.086 E/appium  (19919): 	at io.netty.util.concurrent.SingleThreadEventExecutor$2.run(SingleThreadEventExecutor.java:140)
05-18 09:57:47.086 E/appium  (19919): 	at io.netty.util.concurrent.DefaultThreadFactory$DefaultRunnableDecorator.run(DefaultThreadFactory.java:144)
05-18 09:57:47.086 E/appium  (19919): 	at java.lang.Thread.run(Thread.java:818)
05-18 09:57:47.675 E/WifiStateMachine(  851):  ConnectedState (when=-1ms what=131155 arg1=591!CMD_RSSI_POLL 591 0 "BOCO-office" 94:b4:0f:68:a4:b1 rssi=-50 f=5785 sc=80 link=135 tx=11.3, 0.0, 0.0  rx=61.9 bcn=0 [on:0 tx:0 rx:0 period:2989] from screen [on:0 period:611226747] gl rssi=-50 ag=0 hr ticks 314,77,49 ls-=0 [56,56,60,60,65] brc=0 lrc=0
05-18 09:57:47.680 E/WifiStateMachine(  851):  L2ConnectedState (when=-6ms what=131155 arg1=591!CMD_RSSI_POLL 591 0 "BOCO-office" 94:b4:0f:68:a4:b1 rssi=-50 f=5785 sc=80 link=135 tx=11.3, 0.0, 0.0  rx=61.9 bcn=0 [on:0 tx:0 rx:0 period:5] from screen [on:0 period:611226752] gl rssi=-50 ag=0 hr ticks 314,77,49 ls-=0 [56,56,60,60,65] brc=0 lrc=0
05-18 09:57:47.682 E/WifiStateMachine(  851):  get link layer stats 0
05-18 09:57:47.718 E/WifiStateMachine(  851): calculateWifiScore() we set wifi's score to 1000, so will always set wifi as a default network.
05-18 09:57:47.730 E/appium  (19919): Element not found: 
05-18 09:57:47.730 E/appium  (19919): io.appium.uiautomator2.common.exceptions.ElementNotFoundException: Could not find an element using supplied strategy. 
05-18 09:57:47.730 E/appium  (19919): 	at io.appium.uiautomator2.handler.FindElement.getXPathUiObject(FindElement.java:80)
05-18 09:57:47.730 E/appium  (19919): 	at io.appium.uiautomator2.handler.FindElement.findElement(FindElement.java:153)
05-18 09:57:47.730 E/appium  (19919): 	at io.appium.uiautomator2.handler.FindElement.safeHandle(FindElement.java:102)
05-18 09:57:47.730 E/appium  (19919): 	at io.appium.uiautomator2.handler.request.SafeRequestHandler.handle(SafeRequestHandler.java:56)
05-18 09:57:47.730 E/appium  (19919): 	at io.appium.uiautomator2.server.AppiumServlet.handleRequest(AppiumServlet.java:202)
05-18 09:57:47.730 E/appium  (19919): 	at io.appium.uiautomator2.server.AppiumServlet.handleHttpRequest(AppiumServlet.java:193)
05-18 09:57:47.730 E/appium  (19919): 	at io.appium.uiautomator2.http.ServerHandler.channelRead(ServerHandler.java:44)
05-18 09:57:47.730 E/appium  (19919): 	at io.netty.channel.AbstractChannelHandlerContext.invokeChannelRead(AbstractChannelHandlerContext.java:366)
05-18 09:57:47.730 E/appium  (19919): 	at io.netty.channel.AbstractChannelHandlerContext.invokeChannelRead(AbstractChannelHandlerContext.java:352)
05-18 09:57:47.730 E/appium  (19919): 	at io.netty.channel.AbstractChannelHandlerContext.fireChannelRead(AbstractChannelHandlerContext.java:345)
05-18 09:57:47.730 E/appium  (19919): 	at io.netty.handler.codec.MessageToMessageDecoder.channelRead(MessageToMessageDecoder.java:102)
05-18 09:57:47.730 E/appium  (19919): 	at io.netty.channel.AbstractChannelHandlerContext.invokeChannelRead(AbstractChannelHandlerContext.java:366)
05-18 09:57:47.730 E/appium  (19919): 	at io.netty.channel.AbstractChannelHandlerContext.invokeChannelRead(AbstractChannelHandlerContext.java:352)
05-18 09:57:47.730 E/appium  (19919): 	at io.netty.channel.AbstractChannelHandlerContext.fireChannelRead(AbstractChannelHandlerContext.java:345)
05-18 09:57:47.730 E/appium  (19919): 	at io.netty.channel.CombinedChannelDuplexHandler$DelegatingChannelHandlerContext.fireChannelRead(CombinedChannelDuplexHandler.java:435)
05-18 09:57:47.730 E/appium  (19919): 	at io.netty.handler.codec.ByteToMessageDecoder.fireChannelRead(ByteToMessageDecoder.java:293)
05-18 09:57:47.730 E/appium  (19919): 	at io.netty.handler.codec.ByteToMessageDecoder.channelRead(ByteToMessageDecoder.java:267)
05-18 09:57:47.730 E/appium  (19919): 	at io.netty.channel.CombinedChannelDuplexHandler.channelRead(CombinedChannelDuplexHandler.java:250)
05-18 09:57:47.730 E/appium  (19919): 	at io.netty.channel.AbstractChannelHandlerContext.invokeChannelRead(AbstractChannelHandlerContext.java:366)
05-18 09:57:47.730 E/appium  (19919): 	at io.netty.channel.AbstractChannelHandlerContext.invokeChannelRead(AbstractChannelHandlerContext.java:352)
05-18 09:57:47.730 E/appium  (19919): 	at io.netty.channel.AbstractChannelHandlerContext.fireChannelRead(AbstractChannelHandlerContext.java:345)
05-18 09:57:47.730 E/appium  (19919): 	at io.netty.channel.DefaultChannelPipeline$HeadContext.channelRead(DefaultChannelPipeline.java:1294)
05-18 09:57:47.730 E/appium  (19919): 	at io.netty.channel.AbstractChannelHandlerContext.invokeChannelRead(AbstractChannelHandlerContext.java:366)
05-18 09:57:47.730 E/appium  (19919): 	at io.netty.channel.AbstractChannelHandlerContext.invokeChannelRead(AbstractChannelHandlerContext.java:352)
05-18 09:57:47.730 E/appium  (19919): 	at io.netty.channel.DefaultChannelPipeline.fireChannelRead(DefaultChannelPipeline.java:911)
05-18 09:57:47.730 E/appium  (19919): 	at io.netty.channel.nio.AbstractNioByteChannel$NioByteUnsafe.read(AbstractNioByteChannel.java:131)
05-18 09:57:47.730 E/appium  (19919): 	at io.netty.channel.nio.NioEventLoop.processSelectedKey(NioEventLoop.java:611)
05-18 09:57:47.730 E/appium  (19919): 	at io.netty.channel.nio.NioEventLoop.processSelectedKeysPlain(NioEventLoop.java:514)
05-18 09:57:47.730 E/appium  (19919): 	at io.netty.channel.nio.NioEventLoop.processSelectedKeys(NioEventLoop.java:468)
05-18 09:57:47.730 E/appium  (19919): 	at io.netty.channel.nio.NioEventLoop.run(NioEventLoop.java:438)
05-18 09:57:47.730 E/appium  (19919): 	at io.netty.util.concurrent.SingleThreadEventExecutor$2.run(SingleThreadEventExecutor.java:140)
05-18 09:57:47.730 E/appium  (19919): 	at io.netty.util.concurrent.DefaultThreadFactory$DefaultRunnableDecorator.run(DefaultThreadFactory.java:144)
05-18 09:57:47.730 E/appium  (19919): 	at java.lang.Thread.run(Thread.java:818)
05-18 09:57:47.731 E/WifiTrafficPoller(  851): TRAFFIC_STATS_POLL true Token 2644 num clients 19
05-18 09:57:47.731 E/WifiTrafficPoller(  851):  packet count Tx=1753534 Rx=5781590
