--------- beginning of /dev/log/system
05-19 15:53:38.893 E/ActivityThread( 4355): Performing stop of activity that is not resumed: {com.boco.apphall/com.boco.apphall.guangxi.mix.login.LoginActivityNormal}
05-19 15:53:38.893 E/ActivityThread( 4355): java.lang.RuntimeException: Performing stop of activity that is not resumed: {com.boco.apphall/com.boco.apphall.guangxi.mix.login.LoginActivityNormal}
05-19 15:53:38.893 E/ActivityThread( 4355): 	at android.app.ActivityThread.performStopActivityInner(ActivityThread.java:3145)
05-19 15:53:38.893 E/ActivityThread( 4355): 	at android.app.ActivityThread.handleStopActivity(ActivityThread.java:3232)
05-19 15:53:38.893 E/ActivityThread( 4355): 	at android.app.ActivityThread.access$1100(ActivityThread.java:135)
05-19 15:53:38.893 E/ActivityThread( 4355): 	at android.app.ActivityThread$H.handleMessage(ActivityThread.java:1223)
05-19 15:53:38.893 E/ActivityThread( 4355): 	at android.os.Handler.dispatchMessage(Handler.java:102)
05-19 15:53:38.893 E/ActivityThread( 4355): 	at android.os.Looper.loop(Looper.java:136)
05-19 15:53:38.893 E/ActivityThread( 4355): 	at android.app.ActivityThread.main(ActivityThread.java:5019)
05-19 15:53:38.893 E/ActivityThread( 4355): 	at java.lang.reflect.Method.invokeNative(Native Method)
05-19 15:53:38.893 E/ActivityThread( 4355): 	at java.lang.reflect.Method.invoke(Method.java:515)
05-19 15:53:38.893 E/ActivityThread( 4355): 	at com.android.internal.os.ZygoteInit$MethodAndArgsCaller.run(ZygoteInit.java:779)
05-19 15:53:38.893 E/ActivityThread( 4355): 	at com.android.internal.os.ZygoteInit.main(ZygoteInit.java:595)
05-19 15:53:38.893 E/ActivityThread( 4355): 	at dalvik.system.NativeStart.main(Native Method)
05-19 15:57:45.040 E/ActivityThread(  990): Failed to find provider info for com.google.android.wearable.settings
05-19 16:09:18.661 E/ActivityThread(  990): Failed to find provider info for com.google.android.wearable.settings
--------- beginning of /dev/log/main
05-19 16:20:59.422 E/memtrack(13162): Couldn't load memtrack module (No such file or directory)
05-19 16:20:59.422 E/android.os.Debug(13162): failed to load memtrack module: -2
05-19 16:21:00.092 E/Cataloger( 1207): syncFile:/storage/emulated/0/Android/data/com.boco.apphall
05-19 16:21:00.092 E/Cataloger( 1207): 创建一个目录:/storage/emulated/0/Android/data/com.boco.apphall
05-19 16:21:00.092 E/Cataloger( 1207): 扫描新建目录：/storage/emulated/0/Android/data/com.boco.apphall
05-19 16:21:00.102 E/Cataloger( 1207): syncFile:/storage/emulated/0/Android/data/com.boco.apphall/cache
05-19 16:21:00.102 E/Cataloger( 1207): 创建一个目录:/storage/emulated/0/Android/data/com.boco.apphall/cache
05-19 16:21:00.102 E/Cataloger( 1207): 扫描新建目录：/storage/emulated/0/Android/data/com.boco.apphall/cache
05-19 16:21:00.102 E/Cataloger( 1207): syncFile:/storage/emulated/0/Android/data/com.boco.apphall/cache/uil-images
05-19 16:21:00.102 E/Cataloger( 1207): 创建一个目录:/storage/emulated/0/Android/data/com.boco.apphall/cache/uil-images
05-19 16:21:00.102 E/Cataloger( 1207): 扫描新建目录：/storage/emulated/0/Android/data/com.boco.apphall/cache/uil-images
05-19 16:21:00.112 E/Cataloger( 1207): syncFile:/storage/emulated/0/Android/data/com.boco.apphall/cache/uil-images/journal.tmp
05-19 16:21:00.112 E/Cataloger( 1207): need not sync path:/storage/emulated/0/Android/data/com.boco.apphall/cache/uil-images/journal.tmp
05-19 16:21:00.112 E/Cataloger( 1207): syncFile:/storage/emulated/0/Android/data/com.boco.apphall/cache/uil-images/journal.tmp
05-19 16:21:00.112 E/Cataloger( 1207): need not sync path:/storage/emulated/0/Android/data/com.boco.apphall/cache/uil-images/journal.tmp
05-19 16:21:00.112 E/Cataloger( 1207): 重复删除命令
05-19 16:21:00.112 E/Cataloger( 1207): syncFile:/storage/emulated/0/Android/data/com.boco.apphall/cache/uil-images/journal
05-19 16:21:00.112 E/Cataloger( 1207): need not sync path:/storage/emulated/0/Android/data/com.boco.apphall/cache/uil-images/journal
05-19 16:21:00.412 E/cutils-trace(13162): Error opening trace file: No such file or directory (2)
05-19 16:21:01.392 E/memtrack(13204): Couldn't load memtrack module (No such file or directory)
05-19 16:21:01.392 E/android.os.Debug(13204): failed to load memtrack module: -2
05-19 16:21:01.422 E/cutils-trace(13204): Error opening trace file: No such file or directory (2)
05-19 16:21:01.522 E/Cataloger( 1207): syncFile:/storage/emulated/0/Android/data/com.boco.apphall/cache/uil-images/journal
05-19 16:21:01.522 E/Cataloger( 1207): need not sync path:/storage/emulated/0/Android/data/com.boco.apphall/cache/uil-images/journal
05-19 16:21:01.882 E/cutils-trace(13131): Error opening trace file: No such file or directory (2)
05-19 16:21:02.932 E/memtrack(13225): Couldn't load memtrack module (No such file or directory)
05-19 16:21:02.932 E/android.os.Debug(13225): failed to load memtrack module: -2
05-19 16:21:02.952 E/cutils-trace(13225): Error opening trace file: No such file or directory (2)
05-19 16:21:03.872 E/memtrack(13241): Couldn't load memtrack module (No such file or directory)
05-19 16:21:03.872 E/android.os.Debug(13241): failed to load memtrack module: -2
05-19 16:21:03.892 E/cutils-trace(13241): Error opening trace file: No such file or directory (2)
05-19 16:21:04.932 E/memtrack(13257): Couldn't load memtrack module (No such file or directory)
05-19 16:21:04.932 E/android.os.Debug(13257): failed to load memtrack module: -2
05-19 16:21:04.952 E/cutils-trace(13257): Error opening trace file: No such file or directory (2)
05-19 16:21:05.602 E/memtrack(13269): Couldn't load memtrack module (No such file or directory)
05-19 16:21:05.602 E/android.os.Debug(13269): failed to load memtrack module: -2
05-19 16:21:05.622 E/cutils-trace(13269): Error opening trace file: No such file or directory (2)
05-19 16:21:06.442 E/memtrack(13281): Couldn't load memtrack module (No such file or directory)
05-19 16:21:06.442 E/android.os.Debug(13281): failed to load memtrack module: -2
05-19 16:21:06.462 E/cutils-trace(13281): Error opening trace file: No such file or directory (2)
05-19 16:21:07.222 E/memtrack(13293): Couldn't load memtrack module (No such file or directory)
05-19 16:21:07.222 E/android.os.Debug(13293): failed to load memtrack module: -2
05-19 16:21:07.242 E/cutils-trace(13293): Error opening trace file: No such file or directory (2)
05-19 16:21:07.892 E/memtrack(13305): Couldn't load memtrack module (No such file or directory)
05-19 16:21:07.892 E/android.os.Debug(13305): failed to load memtrack module: -2
05-19 16:21:07.912 E/cutils-trace(13305): Error opening trace file: No such file or directory (2)
05-19 16:21:09.232 E/memtrack(13321): Couldn't load memtrack module (No such file or directory)
05-19 16:21:09.232 E/android.os.Debug(13321): failed to load memtrack module: -2
05-19 16:21:09.252 E/cutils-trace(13321): Error opening trace file: No such file or directory (2)
05-19 16:21:09.892 E/memtrack(13333): Couldn't load memtrack module (No such file or directory)
05-19 16:21:09.892 E/android.os.Debug(13333): failed to load memtrack module: -2
05-19 16:21:09.912 E/cutils-trace(13333): Error opening trace file: No such file or directory (2)
05-19 16:21:11.312 E/PhenotypeGcmIntentOperation(  657): Failed to subscribe to GCM for com.google.android.gms.ulr with IOException-TIMEOUT
05-19 16:21:12.822 E/memtrack(13354): Couldn't load memtrack module (No such file or directory)
05-19 16:21:12.822 E/android.os.Debug(13354): failed to load memtrack module: -2
05-19 16:21:12.842 E/cutils-trace(13354): Error opening trace file: No such file or directory (2)
05-19 16:21:13.522 E/memtrack(13366): Couldn't load memtrack module (No such file or directory)
05-19 16:21:13.522 E/android.os.Debug(13366): failed to load memtrack module: -2
05-19 16:21:13.542 E/cutils-trace(13366): Error opening trace file: No such file or directory (2)
05-19 16:21:14.172 E/memtrack(13378): Couldn't load memtrack module (No such file or directory)
05-19 16:21:14.172 E/android.os.Debug(13378): failed to load memtrack module: -2
05-19 16:21:14.192 E/Cataloger( 1207): 重复删除命令
05-19 16:21:14.192 E/Cataloger( 1207): 重复删除命令
05-19 16:21:14.192 E/Cataloger( 1207): 重复删除命令
05-19 16:21:14.192 E/cutils-trace(13378): Error opening trace file: No such file or directory (2)
05-19 16:21:14.902 E/memtrack(13400): Couldn't load memtrack module (No such file or directory)
05-19 16:21:14.902 E/android.os.Debug(13400): failed to load memtrack module: -2
05-19 16:21:14.922 E/cutils-trace(13400): Error opening trace file: No such file or directory (2)
05-19 16:21:15.562 E/memtrack(13412): Couldn't load memtrack module (No such file or directory)
05-19 16:21:15.572 E/android.os.Debug(13412): failed to load memtrack module: -2
05-19 16:21:15.592 E/cutils-trace(13412): Error opening trace file: No such file or directory (2)
05-19 16:21:16.382 E/memtrack(13426): Couldn't load memtrack module (No such file or directory)
05-19 16:21:16.392 E/android.os.Debug(13426): failed to load memtrack module: -2
05-19 16:21:16.412 E/cutils-trace(13426): Error opening trace file: No such file or directory (2)
05-19 16:21:16.892 E/memtrack(13438): Couldn't load memtrack module (No such file or directory)
05-19 16:21:16.892 E/android.os.Debug(13438): failed to load memtrack module: -2
05-19 16:21:19.252 E/memtrack(13469): Couldn't load memtrack module (No such file or directory)
05-19 16:21:19.252 E/android.os.Debug(13469): failed to load memtrack module: -2
05-19 16:21:19.892 E/Cataloger( 1207): syncFile:/storage/emulated/0/Android/data/com.boco.apphall
05-19 16:21:19.892 E/Cataloger( 1207): 创建一个目录:/storage/emulated/0/Android/data/com.boco.apphall
05-19 16:21:19.892 E/Cataloger( 1207): 扫描新建目录：/storage/emulated/0/Android/data/com.boco.apphall
05-19 16:21:19.902 E/Cataloger( 1207): syncFile:/storage/emulated/0/Android/data/com.boco.apphall/cache
05-19 16:21:19.902 E/Cataloger( 1207): 创建一个目录:/storage/emulated/0/Android/data/com.boco.apphall/cache
05-19 16:21:19.902 E/Cataloger( 1207): 扫描新建目录：/storage/emulated/0/Android/data/com.boco.apphall/cache
05-19 16:21:19.912 E/Cataloger( 1207): syncFile:/storage/emulated/0/Android/data/com.boco.apphall/cache/.nomedia
05-19 16:21:19.912 E/Cataloger( 1207): need not sync path:/storage/emulated/0/Android/data/com.boco.apphall/cache/.nomedia
05-19 16:21:19.912 E/Cataloger( 1207): 重复创建命令
05-19 16:21:19.912 E/Cataloger( 1207): syncFile:/storage/emulated/0/Android/data/com.boco.apphall/cache/uil-images/journal.tmp
05-19 16:21:19.912 E/Cataloger( 1207): need not sync path:/storage/emulated/0/Android/data/com.boco.apphall/cache/uil-images/journal.tmp
05-19 16:21:19.912 E/Cataloger( 1207): syncFile:/storage/emulated/0/Android/data/com.boco.apphall/cache/uil-images/journal.tmp
05-19 16:21:19.912 E/Cataloger( 1207): need not sync path:/storage/emulated/0/Android/data/com.boco.apphall/cache/uil-images/journal.tmp
05-19 16:21:19.912 E/Cataloger( 1207): syncFile:/storage/emulated/0/Android/data/com.boco.apphall/cache/uil-images/journal.tmp
05-19 16:21:19.912 E/Cataloger( 1207): need not sync path:/storage/emulated/0/Android/data/com.boco.apphall/cache/uil-images/journal.tmp
05-19 16:21:19.912 E/Cataloger( 1207): syncFile:/storage/emulated/0/Android/data/com.boco.apphall/cache/uil-images/journal
05-19 16:21:19.912 E/Cataloger( 1207): need not sync path:/storage/emulated/0/Android/data/com.boco.apphall/cache/uil-images/journal
05-19 16:21:20.182 E/cutils-trace(13469): Error opening trace file: No such file or directory (2)
05-19 16:21:20.452 E/PhenotypeGcmIntentOperation(  657): Failed to subscribe to GCM for com.google.android.gms.ulr with IOException-SERVICE_NOT_AVAILABLE
05-19 16:21:20.472 E/PhenotypeGcmIntentOperation(  657): Failed to subscribe to GCM for com.google.android.gms.ulr with IOException-SERVICE_NOT_AVAILABLE
05-19 16:21:20.492 E/PhenotypeGcmIntentOperation(  657): Failed to subscribe to GCM for com.google.android.gms.ulr with IOException-SERVICE_NOT_AVAILABLE
05-19 16:21:20.502 E/PhenotypeGcmIntentOperation(  657): Failed to subscribe to GCM for com.google.android.gms.ulr with IOException-SERVICE_NOT_AVAILABLE
05-19 16:21:20.522 E/PhenotypeGcmIntentOperation(  657): Failed to subscribe to GCM for com.google.android.gms.ulr with IOException-SERVICE_NOT_AVAILABLE
05-19 16:21:20.532 E/PhenotypeGcmIntentOperation(  657): Failed to subscribe to GCM for com.google.android.gms.ulr with IOException-SERVICE_NOT_AVAILABLE
05-19 16:21:20.552 E/PhenotypeGcmIntentOperation(  657): Failed to subscribe to GCM for com.google.android.gms.ulr with IOException-SERVICE_NOT_AVAILABLE
05-19 16:21:22.922 E/SQLiteDatabase( 1207): Error inserting path=/storage/emulated/0/Android/data/com.boco.apphall/ lastmodified=1495182079000 pathtype=3 _id=245 isLogPath=0 name=com.boco.apphall
05-19 16:21:22.922 E/SQLiteDatabase( 1207): android.database.sqlite.SQLiteConstraintException: column path is not unique (code 19)
05-19 16:21:22.922 E/SQLiteDatabase( 1207): 	at android.database.sqlite.SQLiteConnection.nativeExecuteForLastInsertedRowId(Native Method)
05-19 16:21:22.922 E/SQLiteDatabase( 1207): 	at android.database.sqlite.SQLiteConnection.executeForLastInsertedRowId(SQLiteConnection.java:782)
05-19 16:21:22.922 E/SQLiteDatabase( 1207): 	at android.database.sqlite.SQLiteSession.executeForLastInsertedRowId(SQLiteSession.java:788)
05-19 16:21:22.922 E/SQLiteDatabase( 1207): 	at android.database.sqlite.SQLiteStatement.executeInsert(SQLiteStatement.java:86)
05-19 16:21:22.922 E/SQLiteDatabase( 1207): 	at android.database.sqlite.SQLiteDatabase.insertWithOnConflict(SQLiteDatabase.java:1469)
05-19 16:21:22.922 E/SQLiteDatabase( 1207): 	at android.database.sqlite.SQLiteDatabase.insert(SQLiteDatabase.java:1339)
05-19 16:21:22.922 E/SQLiteDatabase( 1207): 	at com.estrongs.android.scanner.d.e.a(Unknown Source)
05-19 16:21:22.922 E/SQLiteDatabase( 1207): 	at com.estrongs.android.scanner.d.a.a(Unknown Source)
05-19 16:21:22.922 E/SQLiteDatabase( 1207): 	at com.estrongs.android.scanner.d.a.a(Unknown Source)
05-19 16:21:22.922 E/SQLiteDatabase( 1207): 	at com.estrongs.android.scanner.d.r.run(Unknown Source)
05-19 16:21:22.922 E/SQLiteDatabase( 1207): 	at java.util.concurrent.ThreadPoolExecutor.runWorker(ThreadPoolExecutor.java:1112)
05-19 16:21:22.922 E/SQLiteDatabase( 1207): 	at java.util.concurrent.ThreadPoolExecutor$Worker.run(ThreadPoolExecutor.java:587)
05-19 16:21:22.922 E/SQLiteDatabase( 1207): 	at java.lang.Thread.run(Thread.java:841)
05-19 16:21:23.552 E/memtrack(13514): Couldn't load memtrack module (No such file or directory)
05-19 16:21:23.552 E/android.os.Debug(13514): failed to load memtrack module: -2
05-19 16:21:23.632 E/cutils-trace(13514): Error opening trace file: No such file or directory (2)
05-19 16:21:24.302 E/memtrack(13526): Couldn't load memtrack module (No such file or directory)
05-19 16:21:24.302 E/android.os.Debug(13526): failed to load memtrack module: -2
05-19 16:21:24.422 E/cutils-trace(13526): Error opening trace file: No such file or directory (2)
05-19 16:21:25.402 E/memtrack(13538): Couldn't load memtrack module (No such file or directory)
05-19 16:21:25.402 E/android.os.Debug(13538): failed to load memtrack module: -2
05-19 16:21:26.422 E/cutils-trace(13538): Error opening trace file: No such file or directory (2)
05-19 16:21:26.642 E/appium  (13450): Exception while handling action in: io.appium.uiautomator2.handler.Clear
05-19 16:21:26.642 E/appium  (13450): java.lang.NullPointerException
05-19 16:21:26.642 E/appium  (13450): 	at android.support.test.uiautomator.UiObject2.setText(UiObject2.java:601)
05-19 16:21:26.642 E/appium  (13450): 	at android.support.test.uiautomator.UiObject2.clear(UiObject2.java:338)
05-19 16:21:26.642 E/appium  (13450): 	at io.appium.uiautomator2.model.UiObject2Element.clear(UiObject2Element.java:138)
05-19 16:21:26.642 E/appium  (13450): 	at io.appium.uiautomator2.handler.Clear.safeHandle(Clear.java:51)
05-19 16:21:26.642 E/appium  (13450): 	at io.appium.uiautomator2.handler.request.SafeRequestHandler.handle(SafeRequestHandler.java:56)
05-19 16:21:26.642 E/appium  (13450): 	at io.appium.uiautomator2.handler.SendKeysToElement.safeHandle(SendKeysToElement.java:73)
05-19 16:21:26.642 E/appium  (13450): 	at io.appium.uiautomator2.handler.request.SafeRequestHandler.handle(SafeRequestHandler.java:56)
05-19 16:21:26.642 E/appium  (13450): 	at io.appium.uiautomator2.server.AppiumServlet.handleRequest(AppiumServlet.java:202)
05-19 16:21:26.642 E/appium  (13450): 	at io.appium.uiautomator2.server.AppiumServlet.handleHttpRequest(AppiumServlet.java:193)
05-19 16:21:26.642 E/appium  (13450): 	at io.appium.uiautomator2.http.ServerHandler.channelRead(ServerHandler.java:44)
05-19 16:21:26.642 E/appium  (13450): 	at io.netty.channel.AbstractChannelHandlerContext.invokeChannelRead(AbstractChannelHandlerContext.java:366)
05-19 16:21:26.642 E/appium  (13450): 	at io.netty.channel.AbstractChannelHandlerContext.invokeChannelRead(AbstractChannelHandlerContext.java:352)
05-19 16:21:26.642 E/appium  (13450): 	at io.netty.channel.AbstractChannelHandlerContext.fireChannelRead(AbstractChannelHandlerContext.java:345)
05-19 16:21:26.642 E/appium  (13450): 	at io.netty.handler.codec.MessageToMessageDecoder.channelRead(MessageToMessageDecoder.java:102)
05-19 16:21:26.642 E/appium  (13450): 	at io.netty.channel.AbstractChannelHandlerContext.invokeChannelRead(AbstractChannelHandlerContext.java:366)
05-19 16:21:26.642 E/appium  (13450): 	at io.netty.channel.AbstractChannelHandlerContext.invokeChannelRead(AbstractChannelHandlerContext.java:352)
05-19 16:21:26.642 E/appium  (13450): 	at io.netty.channel.AbstractChannelHandlerContext.fireChannelRead(AbstractChannelHandlerContext.java:345)
05-19 16:21:26.642 E/appium  (13450): 	at io.netty.channel.CombinedChannelDuplexHandler$DelegatingChannelHandlerContext.fireChannelRead(CombinedChannelDuplexHandler.java:435)
05-19 16:21:26.642 E/appium  (13450): 	at io.netty.handler.codec.ByteToMessageDecoder.fireChannelRead(ByteToMessageDecoder.java:293)
05-19 16:21:26.642 E/appium  (13450): 	at io.netty.handler.codec.ByteToMessageDecoder.channelRead(ByteToMessageDecoder.java:267)
05-19 16:21:26.642 E/appium  (13450): 	at io.netty.channel.CombinedChannelDuplexHandler.channelRead(CombinedChannelDuplexHandler.java:250)
05-19 16:21:26.642 E/appium  (13450): 	at io.netty.channel.AbstractChannelHandlerContext.invokeChannelRead(AbstractChannelHandlerContext.java:366)
05-19 16:21:26.642 E/appium  (13450): 	at io.netty.channel.AbstractChannelHandlerContext.invokeChannelRead(AbstractChannelHandlerContext.java:352)
05-19 16:21:26.642 E/appium  (13450): 	at io.netty.channel.AbstractChannelHandlerContext.fireChannelRead(AbstractChannelHandlerContext.java:345)
05-19 16:21:26.642 E/appium  (13450): 	at io.netty.channel.DefaultChannelPipeline$HeadContext.channelRead(DefaultChannelPipeline.java:1294)
05-19 16:21:26.642 E/appium  (13450): 	at io.netty.channel.AbstractChannelHandlerContext.invokeChannelRead(AbstractChannelHandlerContext.java:366)
05-19 16:21:26.642 E/appium  (13450): 	at io.netty.channel.AbstractChannelHandlerContext.invokeChannelRead(AbstractChannelHandlerContext.java:352)
05-19 16:21:26.642 E/appium  (13450): 	at io.netty.channel.DefaultChannelPipeline.fireChannelRead(DefaultChannelPipeline.java:911)
05-19 16:21:26.642 E/appium  (13450): 	at io.netty.channel.nio.AbstractNioByteChannel$NioByteUnsafe.read(AbstractNioByteChannel.java:131)
05-19 16:21:26.642 E/appium  (13450): 	at io.netty.channel.nio.NioEventLoop.processSelectedKey(NioEventLoop.java:611)
05-19 16:21:26.642 E/appium  (13450): 	at io.netty.channel.nio.NioEventLoop.processSelectedKeysPlain(NioEventLoop.java:514)
05-19 16:21:26.642 E/appium  (13450): 	at io.netty.channel.nio.NioEventLoop.processSelectedKeys(NioEventLoop.java:468)
05-19 16:21:26.642 E/appium  (13450): 	at io.netty.channel.nio.NioEventLoop.run(NioEventLoop.java:438)
05-19 16:21:26.642 E/appium  (13450): 	at io.netty.util.concurrent.SingleThreadEventExecutor$2.run(SingleThreadEventExecutor.java:140)
05-19 16:21:26.642 E/appium  (13450): 	at io.netty.util.concurrent.DefaultThreadFactory$DefaultRunnableDecorator.run(DefaultThreadFactory.java:144)
05-19 16:21:26.642 E/appium  (13450): 	at java.lang.Thread.run(Thread.java:841)
05-19 16:21:26.652 E/appium  (13450): Exception while handling action in: io.appium.uiautomator2.handler.SendKeysToElement
05-19 16:21:26.652 E/appium  (13450): java.lang.NullPointerException
05-19 16:21:26.652 E/appium  (13450): 	at android.support.test.uiautomator.UiObject2.setText(UiObject2.java:601)
05-19 16:21:26.652 E/appium  (13450): 	at io.appium.uiautomator2.model.UiObject2Element.setText(UiObject2Element.java:129)
05-19 16:21:26.652 E/appium  (13450): 	at io.appium.uiautomator2.handler.SendKeysToElement.safeHandle(SendKeysToElement.java:83)
05-19 16:21:26.652 E/appium  (13450): 	at io.appium.uiautomator2.handler.request.SafeRequestHandler.handle(SafeRequestHandler.java:56)
05-19 16:21:26.652 E/appium  (13450): 	at io.appium.uiautomator2.server.AppiumServlet.handleRequest(AppiumServlet.java:202)
05-19 16:21:26.652 E/appium  (13450): 	at io.appium.uiautomator2.server.AppiumServlet.handleHttpRequest(AppiumServlet.java:193)
05-19 16:21:26.652 E/appium  (13450): 	at io.appium.uiautomator2.http.ServerHandler.channelRead(ServerHandler.java:44)
05-19 16:21:26.652 E/appium  (13450): 	at io.netty.channel.AbstractChannelHandlerContext.invokeChannelRead(AbstractChannelHandlerContext.java:366)
05-19 16:21:26.652 E/appium  (13450): 	at io.netty.channel.AbstractChannelHandlerContext.invokeChannelRead(AbstractChannelHandlerContext.java:352)
05-19 16:21:26.652 E/appium  (13450): 	at io.netty.channel.AbstractChannelHandlerContext.fireChannelRead(AbstractChannelHandlerContext.java:345)
05-19 16:21:26.652 E/appium  (13450): 	at io.netty.handler.codec.MessageToMessageDecoder.channelRead(MessageToMessageDecoder.java:102)
05-19 16:21:26.652 E/appium  (13450): 	at io.netty.channel.AbstractChannelHandlerContext.invokeChannelRead(AbstractChannelHandlerContext.java:366)
05-19 16:21:26.652 E/appium  (13450): 	at io.netty.channel.AbstractChannelHandlerContext.invokeChannelRead(AbstractChannelHandlerContext.java:352)
05-19 16:21:26.652 E/appium  (13450): 	at io.netty.channel.AbstractChannelHandlerContext.fireChannelRead(AbstractChannelHandlerContext.java:345)
05-19 16:21:26.652 E/appium  (13450): 	at io.netty.channel.CombinedChannelDuplexHandler$DelegatingChannelHandlerContext.fireChannelRead(CombinedChannelDuplexHandler.java:435)
05-19 16:21:26.652 E/appium  (13450): 	at io.netty.handler.codec.ByteToMessageDecoder.fireChannelRead(ByteToMessageDecoder.java:293)
05-19 16:21:26.652 E/appium  (13450): 	at io.netty.handler.codec.ByteToMessageDecoder.channelRead(ByteToMessageDecoder.java:267)
05-19 16:21:26.652 E/appium  (13450): 	at io.netty.channel.CombinedChannelDuplexHandler.channelRead(CombinedChannelDuplexHandler.java:250)
05-19 16:21:26.652 E/appium  (13450): 	at io.netty.channel.AbstractChannelHandlerContext.invokeChannelRead(AbstractChannelHandlerContext.java:366)
05-19 16:21:26.652 E/appium  (13450): 	at io.netty.channel.AbstractChannelHandlerContext.invokeChannelRead(AbstractChannelHandlerContext.java:352)
05-19 16:21:26.652 E/appium  (13450): 	at io.netty.channel.AbstractChannelHandlerContext.fireChannelRead(AbstractChannelHandlerContext.java:345)
05-19 16:21:26.652 E/appium  (13450): 	at io.netty.channel.DefaultChannelPipeline$HeadContext.channelRead(DefaultChannelPipeline.java:1294)
05-19 16:21:26.652 E/appium  (13450): 	at io.netty.channel.AbstractChannelHandlerContext.invokeChannelRead(AbstractChannelHandlerContext.java:366)
05-19 16:21:26.652 E/appium  (13450): 	at io.netty.channel.AbstractChannelHandlerContext.invokeChannelRead(AbstractChannelHandlerContext.java:352)
05-19 16:21:26.652 E/appium  (13450): 	at io.netty.channel.DefaultChannelPipeline.fireChannelRead(DefaultChannelPipeline.java:911)
05-19 16:21:26.652 E/appium  (13450): 	at io.netty.channel.nio.AbstractNioByteChannel$NioByteUnsafe.read(AbstractNioByteChannel.java:131)
05-19 16:21:26.652 E/appium  (13450): 	at io.netty.channel.nio.NioEventLoop.processSelectedKey(NioEventLoop.java:611)
05-19 16:21:26.652 E/appium  (13450): 	at io.netty.channel.nio.NioEventLoop.processSelectedKeysPlain(NioEventLoop.java:514)
05-19 16:21:26.652 E/appium  (13450): 	at io.netty.channel.nio.NioEventLoop.processSelectedKeys(NioEventLoop.java:468)
05-19 16:21:26.652 E/appium  (13450): 	at io.netty.channel.nio.NioEventLoop.run(NioEventLoop.java:438)
05-19 16:21:26.652 E/appium  (13450): 	at io.netty.util.concurrent.SingleThreadEventExecutor$2.run(SingleThreadEventExecutor.java:140)
05-19 16:21:26.652 E/appium  (13450): 	at io.netty.util.concurrent.DefaultThreadFactory$DefaultRunnableDecorator.run(DefaultThreadFactory.java:144)
05-19 16:21:26.652 E/appium  (13450): 	at java.lang.Thread.run(Thread.java:841)
05-19 16:21:46.962 E/memtrack(13553): Couldn't load memtrack module (No such file or directory)
05-19 16:21:46.962 E/android.os.Debug(13553): failed to load memtrack module: -2
05-19 16:21:47.012 E/JavaBinder(  477): !!! FAILED BINDER TRANSACTION !!!
05-19 16:21:47.012 E/JavaBinder(  477): !!! FAILED BINDER TRANSACTION !!!
05-19 16:21:47.012 E/JavaBinder(  643): !!! FAILED BINDER TRANSACTION !!!
05-19 16:21:47.012 E/JavaBinder(  643): !!! FAILED BINDER TRANSACTION !!!
05-19 16:21:47.022 E/Cataloger( 1207): syncFile:/storage/emulated/0/Android/data/com.boco.apphall/cache/uil-images/journal
05-19 16:21:47.022 E/Cataloger( 1207): need not sync path:/storage/emulated/0/Android/data/com.boco.apphall/cache/uil-images/journal
05-19 16:21:47.142 E/InputDispatcher(  477): channel '4a9a4578 com.boco.apphall/com.boco.apphall.login.LoginActivityNormal (server)' ~ Channel is unrecoverably broken and will be disposed!
05-19 16:21:47.142 E/InputDispatcher(  477): channel '4a95cffc com.boco.apphall/com.boco.apphall.login.WelcomActivity (server)' ~ Channel is unrecoverably broken and will be disposed!
05-19 16:21:47.182 E/cutils-trace(13553): Error opening trace file: No such file or directory (2)
05-19 16:21:47.862 E/cutils-trace(13438): Error opening trace file: No such file or directory (2)
05-19 16:21:48.552 E/memtrack(13575): Couldn't load memtrack module (No such file or directory)
05-19 16:21:48.552 E/android.os.Debug(13575): failed to load memtrack module: -2
05-19 16:21:48.572 E/cutils-trace(13575): Error opening trace file: No such file or directory (2)
05-19 16:21:49.242 E/memtrack(13587): Couldn't load memtrack module (No such file or directory)
05-19 16:21:49.242 E/android.os.Debug(13587): failed to load memtrack module: -2
05-19 16:21:49.242 E/cutils-trace(13587): Error opening trace file: No such file or directory (2)
05-19 16:21:50.022 E/memtrack(13599): Couldn't load memtrack module (No such file or directory)
05-19 16:21:50.022 E/android.os.Debug(13599): failed to load memtrack module: -2
05-19 16:21:50.042 E/cutils-trace(13599): Error opening trace file: No such file or directory (2)
05-19 16:21:50.812 E/memtrack(13611): Couldn't load memtrack module (No such file or directory)
05-19 16:21:50.812 E/android.os.Debug(13611): failed to load memtrack module: -2
05-19 16:21:50.832 E/cutils-trace(13611): Error opening trace file: No such file or directory (2)
05-19 16:21:51.482 E/memtrack(13623): Couldn't load memtrack module (No such file or directory)
05-19 16:21:51.482 E/android.os.Debug(13623): failed to load memtrack module: -2
05-19 16:21:51.502 E/cutils-trace(13623): Error opening trace file: No such file or directory (2)
05-19 16:21:52.442 E/memtrack(13639): Couldn't load memtrack module (No such file or directory)
05-19 16:21:52.442 E/android.os.Debug(13639): failed to load memtrack module: -2
05-19 16:21:52.472 E/cutils-trace(13639): Error opening trace file: No such file or directory (2)
05-19 16:21:53.092 E/memtrack(13651): Couldn't load memtrack module (No such file or directory)
05-19 16:21:53.092 E/android.os.Debug(13651): failed to load memtrack module: -2
05-19 16:21:53.112 E/cutils-trace(13651): Error opening trace file: No such file or directory (2)
05-19 16:21:53.862 E/memtrack(13665): Couldn't load memtrack module (No such file or directory)
05-19 16:21:53.862 E/android.os.Debug(13665): failed to load memtrack module: -2
05-19 16:21:53.882 E/cutils-trace(13665): Error opening trace file: No such file or directory (2)
05-19 16:21:54.942 E/memtrack(13683): Couldn't load memtrack module (No such file or directory)
05-19 16:21:54.942 E/android.os.Debug(13683): failed to load memtrack module: -2
05-19 16:21:54.962 E/cutils-trace(13683): Error opening trace file: No such file or directory (2)
05-19 16:21:59.971 E/memtrack(13703): Couldn't load memtrack module (No such file or directory)
05-19 16:21:59.971 E/android.os.Debug(13703): failed to load memtrack module: -2
05-19 16:21:59.991 E/cutils-trace(13703): Error opening trace file: No such file or directory (2)
05-19 16:22:00.541 E/memtrack(13717): Couldn't load memtrack module (No such file or directory)
05-19 16:22:00.541 E/android.os.Debug(13717): failed to load memtrack module: -2
05-19 16:22:00.691 E/cutils-trace(13717): Error opening trace file: No such file or directory (2)
05-19 16:22:00.701 E/Cataloger( 1207): 重复删除命令
05-19 16:22:00.701 E/Cataloger( 1207): syncFile:/storage/emulated/0/Android/data/com.boco.apphall/cache/uil-images/journal
05-19 16:22:00.701 E/Cataloger( 1207): need not sync path:/storage/emulated/0/Android/data/com.boco.apphall/cache/uil-images/journal
05-19 16:22:00.701 E/Cataloger( 1207): 重复删除命令
05-19 16:22:00.701 E/Cataloger( 1207): syncFile:/storage/emulated/0/Android/data/com.boco.apphall/cache
05-19 16:22:00.721 E/Cataloger( 1207): syncFile:/storage/emulated/0/Android/data/com.boco.apphall
05-19 16:22:01.311 E/memtrack(13746): Couldn't load memtrack module (No such file or directory)
05-19 16:22:01.311 E/android.os.Debug(13746): failed to load memtrack module: -2
05-19 16:22:01.761 E/NetworkScheduler.SR(  703): Invalid parameter app
05-19 16:22:01.761 E/NetworkScheduler.SR(  703): Invalid package name : Perhaps you didn't include a PendingIntent in the extras?
05-19 16:22:02.301 E/Finsky  (11759): [1] com.google.android.finsky.wear.bl.a(847): onConnectionFailed: ConnectionResult{statusCode=API_UNAVAILABLE, resolution=null, message=null}
05-19 16:22:02.461 E/Cataloger( 1207): syncFile:/storage/emulated/0/backups/system/.timestamp
05-19 16:22:02.461 E/Cataloger( 1207): need not sync path:/storage/emulated/0/backups/system/.timestamp
05-19 16:22:02.571 E/Cataloger( 1207): syncFile:/storage/emulated/0/Android/data/com.estrongs.android.pop/recomm/setting.download.tmp.tmp
05-19 16:22:02.571 E/Cataloger( 1207): need not sync path:/storage/emulated/0/Android/data/com.estrongs.android.pop/recomm/setting.download.tmp.tmp
05-19 16:22:02.571 E/Cataloger( 1207): syncFile:/storage/emulated/0/Android/data/com.estrongs.android.pop/recomm/setting.download.tmp.tmp
05-19 16:22:02.571 E/Cataloger( 1207): need not sync path:/storage/emulated/0/Android/data/com.estrongs.android.pop/recomm/setting.download.tmp.tmp
05-19 16:22:02.991 E/cutils-trace(13746): Error opening trace file: No such file or directory (2)
05-19 16:22:04.531 E/Finsky  (11759): [1] com.google.android.finsky.wear.bl.a(847): onConnectionFailed: ConnectionResult{statusCode=API_UNAVAILABLE, resolution=null, message=null}
05-19 16:22:04.651 E/Cataloger( 1207): syncFile:/storage/emulated/0/Android/data/com.estrongs.android.pop/recomm/setting.download.tmp.tmp
05-19 16:22:04.651 E/Cataloger( 1207): need not sync path:/storage/emulated/0/Android/data/com.estrongs.android.pop/recomm/setting.download.tmp.tmp
05-19 16:22:04.651 E/Cataloger( 1207): syncFile:/storage/emulated/0/Android/data/com.estrongs.android.pop/recomm/setting.download.tmp.tmp
05-19 16:22:04.651 E/Cataloger( 1207): need not sync path:/storage/emulated/0/Android/data/com.estrongs.android.pop/recomm/setting.download.tmp.tmp
05-19 16:22:04.651 E/Cataloger( 1207): syncFile:/storage/emulated/0/Android/data/com.estrongs.android.pop/recomm/setting.download.tmp.tmp
05-19 16:22:04.651 E/Cataloger( 1207): need not sync path:/storage/emulated/0/Android/data/com.estrongs.android.pop/recomm/setting.download.tmp.tmp
05-19 16:22:06.861 E/memtrack(13792): Couldn't load memtrack module (No such file or directory)
05-19 16:22:06.861 E/android.os.Debug(13792): failed to load memtrack module: -2
05-19 16:22:07.641 E/memtrack(13810): Couldn't load memtrack module (No such file or directory)
05-19 16:22:07.641 E/android.os.Debug(13810): failed to load memtrack module: -2
05-19 16:22:07.981 E/Cataloger( 1207): syncFile:/storage/emulated/0/Android/data/com.boco.apphall
05-19 16:22:07.981 E/Cataloger( 1207): 创建一个目录:/storage/emulated/0/Android/data/com.boco.apphall
05-19 16:22:07.981 E/Cataloger( 1207): 扫描新建目录：/storage/emulated/0/Android/data/com.boco.apphall
05-19 16:22:07.991 E/Cataloger( 1207): syncFile:/storage/emulated/0/Android/data/com.boco.apphall/cache
05-19 16:22:07.991 E/Cataloger( 1207): 创建一个目录:/storage/emulated/0/Android/data/com.boco.apphall/cache
05-19 16:22:07.991 E/Cataloger( 1207): 扫描新建目录：/storage/emulated/0/Android/data/com.boco.apphall/cache
05-19 16:22:07.991 E/Cataloger( 1207): syncFile:/storage/emulated/0/Android/data/com.boco.apphall/cache/.nomedia
05-19 16:22:07.991 E/Cataloger( 1207): need not sync path:/storage/emulated/0/Android/data/com.boco.apphall/cache/.nomedia
05-19 16:22:07.991 E/Cataloger( 1207): syncFile:/storage/emulated/0/Android/data/com.boco.apphall/cache/.nomedia
05-19 16:22:07.991 E/Cataloger( 1207): need not sync path:/storage/emulated/0/Android/data/com.boco.apphall/cache/.nomedia
05-19 16:22:07.991 E/QueryController(13792): Got null root node from accessibility - Retrying...
05-19 16:22:07.991 E/Cataloger( 1207): syncFile:/storage/emulated/0/Android/data/com.boco.apphall/cache/uil-images
05-19 16:22:07.991 E/Cataloger( 1207): 创建一个目录:/storage/emulated/0/Android/data/com.boco.apphall/cache/uil-images
05-19 16:22:07.991 E/Cataloger( 1207): 扫描新建目录：/storage/emulated/0/Android/data/com.boco.apphall/cache/uil-images
05-19 16:22:08.001 E/Cataloger( 1207): syncFile:/storage/emulated/0/Android/data/com.boco.apphall/cache/uil-images/journal.tmp
05-19 16:22:08.001 E/Cataloger( 1207): need not sync path:/storage/emulated/0/Android/data/com.boco.apphall/cache/uil-images/journal.tmp
05-19 16:22:08.001 E/Cataloger( 1207): syncFile:/storage/emulated/0/Android/data/com.boco.apphall/cache/uil-images/journal.tmp
05-19 16:22:08.001 E/Cataloger( 1207): need not sync path:/storage/emulated/0/Android/data/com.boco.apphall/cache/uil-images/journal.tmp
05-19 16:22:08.001 E/Cataloger( 1207): 重复删除命令
05-19 16:22:08.001 E/Cataloger( 1207): syncFile:/storage/emulated/0/Android/data/com.boco.apphall/cache/uil-images/journal
05-19 16:22:08.001 E/Cataloger( 1207): need not sync path:/storage/emulated/0/Android/data/com.boco.apphall/cache/uil-images/journal
05-19 16:22:08.251 E/QueryController(13792): Got null root node from accessibility - Retrying...
05-19 16:22:08.431 E/cutils-trace(13810): Error opening trace file: No such file or directory (2)
05-19 16:22:09.521 E/cutils-trace(13844): Error opening trace file: No such file or directory (2)
05-19 16:22:10.271 E/AccessibilityNodeInfoCache(13792): Node from: 343 not from:342 android.view.accessibility.AccessibilityNodeInfo@cbee; boundsInParent: Rect(0, 0 - 900, 1440); boundsInScreen: Rect(0, 0 - 900, 1440); packageName: com.boco.apphall; className: android.widget.FrameLayout; text: null; contentDescription: null; viewIdResName: null; checkable: false; checked: false; focusable: false; focused: false; selected: false; clickable: false; longClickable: false; enabled: true; password: false; scrollable: false; [ACTION_SELECT, ACTION_CLEAR_SELECTION, ACTION_ACCESSIBILITY_FOCUS]
05-19 16:22:10.271 E/AccessibilityNodeInfoCache(13792): Node from: 343 not from:342 android.view.accessibility.AccessibilityNodeInfo@cfaf; boundsInParent: Rect(0, 0 - 680, 121); boundsInScreen: Rect(150, 623 - 830, 744); packageName: com.boco.apphall; className: android.widget.EditText; text: 请输入账号; contentDescription: null; viewIdResName: com.boco.apphall:id/username; checkable: false; checked: false; focusable: true; focused: true; selected: false; clickable: true; longClickable: true; enabled: true; password: false; scrollable: false; [ACTION_CLEAR_FOCUS, ACTION_SELECT, ACTION_CLEAR_SELECTION, ACTION_CLICK, ACTION_LONG_CLICK, ACTION_ACCESSIBILITY_FOCUS]
05-19 16:22:10.271 E/AccessibilityNodeInfoCache(13792): Node from: 343 not from:342 android.view.accessibility.AccessibilityNodeInfo@d370; boundsInParent: Rect(0, 0 - 181, 43); boundsInScreen: Rect(649, 915 - 830, 958); packageName: com.boco.apphall; className: android.widget.CheckBox; text: 记住密码; contentDescription: null; viewIdResName: com.boco.apphall:id/rememberPwd; checkable: true; checked: false; focusable: true; focused: false; selected: false; clickable: true; longClickable: false; enabled: true; password: false; scrollable: false; [ACTION_FOCUS, ACTION_SELECT, ACTION_CLEAR_SELECTION, ACTION_CLICK, ACTION_ACCESSIBILITY_FOCUS, ACTION_NEXT_AT_MOVEMENT_GRANULARITY, ACTION_PREVIOUS_AT_MOVEMENT_GRANULARITY, ACTION_SET_SELECTION]
05-19 16:22:10.271 E/AccessibilityNodeInfoCache(13792): Node from: 343 not from:342 android.view.accessibility.AccessibilityNodeInfo@d731; boundsInParent: Rect(0, 0 - 900, 60); boundsInScreen: Rect(0, 381 - 900, 441); packageName: com.boco.apphall; className: android.widget.TextView; text: 掌上运维管理平台; contentDescription: null; viewIdResName: null; checkable: false; checked: false; focusable: false; focused: false; selected: false; clickable: false; longClickable: false; enabled: true; password: false; scrollable: false; [ACTION_SELECT, ACTION_CLEAR_SELECTION, ACTION_ACCESSIBILITY_FOCUS, ACTION_NEXT_AT_MOVEMENT_GRANULARITY, ACTION_PREVIOUS_AT_MOVEMENT_GRANULARITY, ACTION_SET_SELECTION]
05-19 16:22:10.271 E/AccessibilityNodeInfoCache(13792): Node from: 343 not from:342 android.view.accessibility.AccessibilityNodeInfo@daf2; boundsInParent: Rect(0, 0 - 680, 121); boundsInScreen: Rect(150, 744 - 830, 865); packageName: com.boco.apphall; className: android.widget.EditText; text: null; contentDescription: null; viewIdResName: com.boco.apphall:id/password; checkable: false; checked: false; focusable: true; focused: false; selected: false; clickable: true; longClickable: true; enabled: true; password: true; scrollable: false; [ACTION_FOCUS, ACTION_SELECT, ACTION_CLEAR_SELECTION, ACTION_CLICK, ACTION_LONG_CLICK, ACTION_ACCESSIBILITY_FOCUS]
05-19 16:22:10.271 E/AccessibilityNodeInfoCache(13792): Node from: 343 not from:342 android.view.accessibility.AccessibilityNodeInfo@deb3; boundsInParent: Rect(0, 0 - 143, 43); boundsInScreen: Rect(70, 915 - 213, 958); packageName: com.boco.apphall; className: android.widget.CheckBox; text: 忘记密码?; contentDescription: null; viewIdResName: com.boco.apphall:id/forget_password; checkable: true; checked: false; focusable: true; focused: false; selected: false; clickable: true; longClickable: false; enabled: true; password: false; scrollable: false; [ACTION_FOCUS, ACTION_SELECT, ACTION_CLEAR_SELECTION, ACTION_CLICK, ACTION_ACCESSIBILITY_FOCUS, ACTION_NEXT_AT_MOVEMENT_GRANULARITY, ACTION_PREVIOUS_AT_MOVEMENT_GRANULARITY, ACTION_SET_SELECTION]
05-19 16:22:10.271 E/AccessibilityNodeInfoCache(13792): Node from: 343 not from:342 android.view.accessibility.AccessibilityNodeInfo@e274; boundsInParent: Rect(0, 0 - 572, 80); boundsInScreen: Rect(164, 1089 - 736, 1169); packageName: com.boco.apphall; className: android.widget.Button; text: 登录; contentDescription: null; viewIdResName: com.boco.apphall:id/login_btn; checkable: false; checked: false; focusable: true; focused: false; selected: false; clickable: true; longClickable: false; enabled: true; password: false; scrollable: false; [ACTION_FOCUS, ACTION_SELECT, ACTION_CLEAR_SELECTION, ACTION_CLICK, ACTION_ACCESSIBILITY_FOCUS, ACTION_NEXT_AT_MOVEMENT_GRANULARITY, ACTION_PREVIOUS_AT_MOVEMENT_GRANULARITY, ACTION_SET_SELECTION]
05-19 16:22:10.271 E/AccessibilityNodeInfoCache(13792): Node from: 343 not from:342 android.view.accessibility.AccessibilityNodeInfo@e635; boundsInParent: Rect(0, 0 - 900, 60); boundsInScreen: Rect(0, 1360 - 900, 1420); packageName: com.boco.apphall; className: android.widget.TextView; text: 中国移动通信集团广西有限公司; contentDescription: null; viewIdResName: null; checkable: false; checked: false; focusable: false; focused: false; selected: false; clickable: false; longClickable: false; enabled: true; password: false; scrollable: false; [ACTION_SELECT, ACTION_CLEAR_SELECTION, ACTION_ACCESSIBILITY_FOCUS, ACTION_NEXT_AT_MOVEMENT_GRANULARITY, ACTION_PREVIOUS_AT_MOVEMENT_GRANULARITY, ACTION_SET_SELECTION]
05-19 16:22:10.271 E/AccessibilityNodeInfoCache(13792): Node from: 343 not from:342 android.view.accessibility.AccessibilityNodeInfo@e9f6; boundsInParent: Rect(0, 0 - 900, 1440); boundsInScreen: Rect(0, 0 - 900, 1440); packageName: com.boco.apphall; className: android.widget.LinearLayout; text: null; contentDescription: null; viewIdResName: null; checkable: false; checked: false; focusable: false; focused: false; selected: false; clickable: false; longClickable: false; enabled: true; password: false; scrollable: false; [ACTION_SELECT, ACTION_CLEAR_SELECTION, ACTION_ACCESSIBILITY_FOCUS]
05-19 16:22:10.271 E/AccessibilityNodeInfoCache(13792): Node from: 343 not from:342 android.view.accessibility.AccessibilityNodeInfo@edb7; boundsInParent: Rect(0, 0 - 900, 1390); boundsInScreen: Rect(0, 50 - 900, 1440); packageName: com.boco.apphall; className: android.widget.FrameLayout; text: null; contentDescription: null; viewIdResName: android:id/content; checkable: false; checked: false; focusable: false; focused: false; selected: false; clickable: false; longClickable: false; enabled: true; password: false; scrollable: false; [ACTION_SELECT, ACTION_CLEAR_SELECTION, ACTION_ACCESSIBILITY_FOCUS]
05-19 16:22:10.271 E/AccessibilityNodeInfoCache(13792): Node from: 343 not from:342 android.view.accessibility.AccessibilityNodeInfo@f178; boundsInParent: Rect(0, 0 - 900, 1390); boundsInScreen: Rect(0, 50 - 900, 1440); packageName: com.boco.apphall; className: android.widget.LinearLayout; text: null; contentDescription: null; viewIdResName: null; checkable: false; checked: false; focusable: false; focused: false; selected: false; clickable: false; longClickable: false; enabled: true; password: false; scrollable: false; [ACTION_SELECT, ACTION_CLEAR_SELECTION, ACTION_ACCESSIBILITY_FOCUS]
05-19 16:22:10.271 E/AccessibilityNodeInfoCache(13792): Node from: 343 not from:342 android.view.accessibility.AccessibilityNodeInfo@f539; boundsInParent: Rect(0, 0 - 900, 463); boundsInScreen: Rect(0, 50 - 900, 513); packageName: com.boco.apphall; className: android.widget.RelativeLayout; text: null; contentDescription: null; viewIdResName: null; checkable: false; checked: false; focusable: false; focused: false; selected: false; clickable: false; longClickable: false; enabled: true; password: false; scrollable: false; [ACTION_SELECT, ACTION_CLEAR_SELECTION, ACTION_ACCESSIBILITY_FOCUS]
05-19 16:22:10.271 E/AccessibilityNodeInfoCache(13792): Node from: 343 not from:342 android.view.accessibility.AccessibilityNodeInfo@f8fa; boundsInParent: Rect(0, 0 - 900, 556); boundsInScreen: Rect(0, 513 - 900, 1069); packageName: com.boco.apphall; className: android.widget.RelativeLayout; text: null; contentDescription: null; viewIdResName: null; checkable: false; checked: false; focusable: false; focused: false; selected: false; clickable: false; longClickable: false; enabled: true; password: false; scrollable: false; [ACTION_SELECT, ACTION_CLEAR_SELECTION, ACTION_ACCESSIBILITY_FOCUS]
05-19 16:22:10.271 E/AccessibilityNodeInfoCache(13792): Node from: 343 not from:342 android.view.accessibility.AccessibilityNodeInfo@fcbb; boundsInParent: Rect(0, 0 - 900, 371); boundsInScreen: Rect(0, 1069 - 900, 1440); packageName: com.boco.apphall; className: android.widget.RelativeLayout; text: null; contentDescription: null; viewIdResName: null; checkable: false; checked: false; focusable: false; focused: false; selected: false; clickable: false; longClickable: false; enabled: true; password: false; scrollable: false; [ACTION_SELECT, ACTION_CLEAR_SELECTION, ACTION_ACCESSIBILITY_FOCUS]
05-19 16:22:10.271 E/AccessibilityNodeInfoCache(13792): Node from: 343 not from:342 android.view.accessibility.AccessibilityNodeInfo@1007c; boundsInParent: Rect(0, 0 - 200, 200); boundsInScreen: Rect(350, 181 - 550, 381); packageName: com.boco.apphall; className: android.widget.ImageView; text: null; contentDescription: null; viewIdResName: com.boco.apphall:id/logo; checkable: false; checked: false; focusable: false; focused: false; selected: false; clickable: false; longClickable: false; enabled: true; password: false; scrollable: false; [ACTION_SELECT, ACTION_CLEAR_SELECTION, ACTION_ACCESSIBILITY_FOCUS]
05-19 16:22:10.271 E/AccessibilityNodeInfoCache(13792): Node from: 343 not from:342 android.view.accessibility.AccessibilityNodeInfo@1043d; boundsInParent: Rect(0, 0 - 760, 121); boundsInScreen: Rect(70, 623 - 830, 744); packageName: com.boco.apphall; className: android.widget.RelativeLayout; text: null; contentDescription: null; viewIdResName: com.boco.apphall:id/userLayout; checkable: false; checked: false; focusable: false; focused: false; selected: false; clickable: false; longClickable: false; enabled: true; password: false; scrollable: false; [ACTION_SELECT, ACTION_CLEAR_SELECTION, ACTION_ACCESSIBILITY_FOCUS]
05-19 16:22:10.271 E/AccessibilityNodeInfoCache(13792): Node from: 343 not from:342 android.view.accessibility.AccessibilityNodeInfo@107fe; boundsInParent: Rect(0, 0 - 760, 121); boundsInScreen: Rect(70, 744 - 830, 865); packageName: com.boco.apphall; className: android.widget.RelativeLayout; text: null; contentDescription: null; viewIdResName: com.boco.apphall:id/passLayout; checkable: false; checked: false; focusable: false; focused: false; selected: false; clickable: false; longClickable: false; enabled: true; password: false; scrollable: false; [ACTION_SELECT, ACTION_CLEAR_SELECTION, ACTION_ACCESSIBILITY_FOCUS]
05-19 16:22:10.271 E/AccessibilityNodeInfoCache(13792): Node from: 343 not from:342 android.view.accessibility.AccessibilityNodeInfo@10bbf; boundsInParent: Rect(0, 0 - 80, 70); boundsInScreen: Rect(70, 623 - 150, 693); packageName: com.boco.apphall; className: android.widget.ImageView; text: null; contentDescription: null; viewIdResName: com.boco.apphall:id/userImage; checkable: false; checked: false; focusable: false; focused: false; selected: false; clickable: false; longClickable: false; enabled: true; password: false; scrollable: false; [ACTION_SELECT, ACTION_CLEAR_SELECTION, ACTION_ACCESSIBILITY_FOCUS]
05-19 16:22:10.271 E/AccessibilityNodeInfoCache(13792): Node from: 343 not from:342 android.view.accessibility.AccessibilityNodeInfo@10f80; boundsInParent: Rect(0, 0 - 80, 70); boundsInScreen: Rect(70, 744 - 150, 814); packageName: com.boco.apphall; className: android.widget.ImageView; text: null; contentDescription: null; viewIdResName: com.boco.apphall:id/userPassword; checkable: false; checked: false; focusable: false; focused: false; selected: false; clickable: false; longClickable: false; enabled: true; password: false; scrollable: false; [ACTION_SELECT, ACTION_CLEAR_SELECTION, ACTION_ACCESSIBILITY_FOCUS]
05-19 16:22:10.271 E/AccessibilityNodeInfoCache(13792): Node from: 343 not from:342 android.view.accessibility.AccessibilityNodeInfo@cbee; boundsInParent: Rect(0, 0 - 900, 1440); boundsInScreen: Rect(0, 0 - 900, 1440); packageName: com.boco.apphall; className: android.widget.FrameLayout; text: null; contentDescription: null; viewIdResName: null; checkable: false; checked: false; focusable: false; focused: false; selected: false; clickable: false; longClickable: false; enabled: true; password: false; scrollable: false; [ACTION_SELECT, ACTION_CLEAR_SELECTION, ACTION_ACCESSIBILITY_FOCUS]
05-19 16:22:10.271 E/AccessibilityNodeInfoCache(13792): Node from: 343 not from:342 android.view.accessibility.AccessibilityNodeInfo@cfaf; boundsInParent: Rect(0, 0 - 680, 121); boundsInScreen: Rect(150, 623 - 830, 744); packageName: com.boco.apphall; className: android.widget.EditText; text: 请输入账号; contentDescription: null; viewIdResName: com.boco.apphall:id/username; checkable: false; checked: false; focusable: true; focused: true; selected: false; clickable: true; longClickable: true; enabled: true; password: false; scrollable: false; [ACTION_CLEAR_FOCUS, ACTION_SELECT, ACTION_CLEAR_SELECTION, ACTION_CLICK, ACTION_LONG_CLICK, ACTION_ACCESSIBILITY_FOCUS]
05-19 16:22:10.271 E/AccessibilityNodeInfoCache(13792): Node from: 343 not from:342 android.view.accessibility.AccessibilityNodeInfo@d370; boundsInParent: Rect(0, 0 - 181, 43); boundsInScreen: Rect(649, 915 - 830, 958); packageName: com.boco.apphall; className: android.widget.CheckBox; text: 记住密码; contentDescription: null; viewIdResName: com.boco.apphall:id/rememberPwd; checkable: true; checked: false; focusable: true; focused: false; selected: false; clickable: true; longClickable: false; enabled: true; password: false; scrollable: false; [ACTION_FOCUS, ACTION_SELECT, ACTION_CLEAR_SELECTION, ACTION_CLICK, ACTION_ACCESSIBILITY_FOCUS, ACTION_NEXT_AT_MOVEMENT_GRANULARITY, ACTION_PREVIOUS_AT_MOVEMENT_GRANULARITY, ACTION_SET_SELECTION]
