05-17 16:32:07.047 E/ImageLoader(27911): 	at com.nostra13.universalimageloader.core.decode.BaseImageDecoder.decode(BaseImageDecoder.java:74)
05-17 16:32:07.047 E/ImageLoader(27911): 	at com.nostra13.universalimageloader.core.LoadAndDisplayImageTask.decodeImage(LoadAndDisplayImageTask.java:265)
05-17 16:32:07.047 E/ImageLoader(27911): 	at com.nostra13.universalimageloader.core.LoadAndDisplayImageTask.tryLoadBitmap(LoadAndDisplayImageTask.java:238)
05-17 16:32:07.047 E/ImageLoader(27911): 	at com.nostra13.universalimageloader.core.LoadAndDisplayImageTask.run(LoadAndDisplayImageTask.java:136)
05-17 16:32:07.047 E/ImageLoader(27911): 	at java.util.concurrent.ThreadPoolExecutor.runWorker(ThreadPoolExecutor.java:1112)
05-17 16:32:07.047 E/ImageLoader(27911): 	at java.util.concurrent.ThreadPoolExecutor$Worker.run(ThreadPoolExecutor.java:587)
05-17 16:32:07.047 E/ImageLoader(27911): 	at java.lang.Thread.run(Thread.java:818)
05-17 16:32:07.051 E/WifiTrafficPoller(  851): TRAFFIC_STATS_POLL true Token 2406 num clients 19
05-17 16:32:07.052 E/WifiTrafficPoller(  851):  packet count Tx=1621230 Rx=5426058
05-17 16:32:07.052 E/WifiTrafficPoller(  851): notifying of data activity 3
05-17 16:32:07.160 E/ImageLoader(27911): http://211.138.252.146:38093/bmdp//png/groupicon/100.png
05-17 16:32:07.160 E/ImageLoader(27911): java.io.FileNotFoundException: http://211.138.252.146:38093/bmdp//png/groupicon/100.png
05-17 16:32:07.160 E/ImageLoader(27911): 	at com.android.okhttp.internal.http.HttpURLConnectionImpl.getInputStream(HttpURLConnectionImpl.java:206)
05-17 16:32:07.160 E/ImageLoader(27911): 	at com.nostra13.universalimageloader.core.download.BaseImageDownloader.getStreamFromNetwork(BaseImageDownloader.java:124)
05-17 16:32:07.160 E/ImageLoader(27911): 	at com.nostra13.universalimageloader.core.download.BaseImageDownloader.getStream(BaseImageDownloader.java:88)
05-17 16:32:07.160 E/ImageLoader(27911): 	at com.nostra13.universalimageloader.core.LoadAndDisplayImageTask.downloadImage(LoadAndDisplayImageTask.java:291)
05-17 16:32:07.160 E/ImageLoader(27911): 	at com.nostra13.universalimageloader.core.LoadAndDisplayImageTask.tryCacheImageOnDisk(LoadAndDisplayImageTask.java:274)
05-17 16:32:07.160 E/ImageLoader(27911): 	at com.nostra13.universalimageloader.core.LoadAndDisplayImageTask.tryLoadBitmap(LoadAndDisplayImageTask.java:230)
05-17 16:32:07.160 E/ImageLoader(27911): 	at com.nostra13.universalimageloader.core.LoadAndDisplayImageTask.run(LoadAndDisplayImageTask.java:136)
05-17 16:32:07.160 E/ImageLoader(27911): 	at java.util.concurrent.ThreadPoolExecutor.runWorker(ThreadPoolExecutor.java:1112)
05-17 16:32:07.160 E/ImageLoader(27911): 	at java.util.concurrent.ThreadPoolExecutor$Worker.run(ThreadPoolExecutor.java:587)
05-17 16:32:07.160 E/ImageLoader(27911): 	at java.lang.Thread.run(Thread.java:818)
05-17 16:32:07.175 E/ImageLoader(27911): http://211.138.252.146:38093/bmdp//png/groupicon/103.png
05-17 16:32:07.175 E/ImageLoader(27911): java.io.FileNotFoundException: http://211.138.252.146:38093/bmdp//png/groupicon/103.png
05-17 16:32:07.175 E/ImageLoader(27911): 	at com.android.okhttp.internal.http.HttpURLConnectionImpl.getInputStream(HttpURLConnectionImpl.java:206)
05-17 16:32:07.175 E/ImageLoader(27911): 	at com.nostra13.universalimageloader.core.download.BaseImageDownloader.getStreamFromNetwork(BaseImageDownloader.java:124)
05-17 16:32:07.175 E/ImageLoader(27911): 	at com.nostra13.universalimageloader.core.download.BaseImageDownloader.getStream(BaseImageDownloader.java:88)
05-17 16:32:07.175 E/ImageLoader(27911): 	at com.nostra13.universalimageloader.core.LoadAndDisplayImageTask.downloadImage(LoadAndDisplayImageTask.java:291)
05-17 16:32:07.175 E/ImageLoader(27911): 	at com.nostra13.universalimageloader.core.LoadAndDisplayImageTask.tryCacheImageOnDisk(LoadAndDisplayImageTask.java:274)
05-17 16:32:07.175 E/ImageLoader(27911): 	at com.nostra13.universalimageloader.core.LoadAndDisplayImageTask.tryLoadBitmap(LoadAndDisplayImageTask.java:230)
05-17 16:32:07.175 E/ImageLoader(27911): 	at com.nostra13.universalimageloader.core.LoadAndDisplayImageTask.run(LoadAndDisplayImageTask.java:136)
05-17 16:32:07.175 E/ImageLoader(27911): 	at java.util.concurrent.ThreadPoolExecutor.runWorker(ThreadPoolExecutor.java:1112)
05-17 16:32:07.175 E/ImageLoader(27911): 	at java.util.concurrent.ThreadPoolExecutor$Worker.run(ThreadPoolExecutor.java:587)
05-17 16:32:07.175 E/ImageLoader(27911): 	at java.lang.Thread.run(Thread.java:818)
05-17 16:32:07.242 E/ImageLoader(27911): http://211.138.252.146:38093/bmdp//png/groupicon/103.png
05-17 16:32:07.242 E/ImageLoader(27911): java.io.FileNotFoundException: http://211.138.252.146:38093/bmdp//png/groupicon/103.png
05-17 16:32:07.242 E/ImageLoader(27911): 	at com.android.okhttp.internal.http.HttpURLConnectionImpl.getInputStream(HttpURLConnectionImpl.java:206)
05-17 16:32:07.242 E/ImageLoader(27911): 	at com.nostra13.universalimageloader.core.download.BaseImageDownloader.getStreamFromNetwork(BaseImageDownloader.java:124)
05-17 16:32:07.242 E/ImageLoader(27911): 	at com.nostra13.universalimageloader.core.download.BaseImageDownloader.getStream(BaseImageDownloader.java:88)
05-17 16:32:07.242 E/ImageLoader(27911): 	at com.nostra13.universalimageloader.core.decode.BaseImageDecoder.getImageStream(BaseImageDecoder.java:98)
05-17 16:32:07.242 E/ImageLoader(27911): 	at com.nostra13.universalimageloader.core.decode.BaseImageDecoder.decode(BaseImageDecoder.java:74)
05-17 16:32:07.242 E/ImageLoader(27911): 	at com.nostra13.universalimageloader.core.LoadAndDisplayImageTask.decodeImage(LoadAndDisplayImageTask.java:265)
05-17 16:32:07.242 E/ImageLoader(27911): 	at com.nostra13.universalimageloader.core.LoadAndDisplayImageTask.tryLoadBitmap(LoadAndDisplayImageTask.java:238)
05-17 16:32:07.242 E/ImageLoader(27911): 	at com.nostra13.universalimageloader.core.LoadAndDisplayImageTask.run(LoadAndDisplayImageTask.java:136)
05-17 16:32:07.242 E/ImageLoader(27911): 	at java.util.concurrent.ThreadPoolExecutor.runWorker(ThreadPoolExecutor.java:1112)
05-17 16:32:07.242 E/ImageLoader(27911): 	at java.util.concurrent.ThreadPoolExecutor$Worker.run(ThreadPoolExecutor.java:587)
05-17 16:32:07.242 E/ImageLoader(27911): 	at java.lang.Thread.run(Thread.java:818)
05-17 16:32:07.280 E/ImageLoader(27911): http://211.138.252.146:38093/bmdp//png/groupicon/100.png
05-17 16:32:07.280 E/ImageLoader(27911): java.io.FileNotFoundException: http://211.138.252.146:38093/bmdp//png/groupicon/100.png
05-17 16:32:07.280 E/ImageLoader(27911): 	at com.android.okhttp.internal.http.HttpURLConnectionImpl.getInputStream(HttpURLConnectionImpl.java:206)
05-17 16:32:07.280 E/ImageLoader(27911): 	at com.nostra13.universalimageloader.core.download.BaseImageDownloader.getStreamFromNetwork(BaseImageDownloader.java:124)
05-17 16:32:07.280 E/ImageLoader(27911): 	at com.nostra13.universalimageloader.core.download.BaseImageDownloader.getStream(BaseImageDownloader.java:88)
05-17 16:32:07.280 E/ImageLoader(27911): 	at com.nostra13.universalimageloader.core.decode.BaseImageDecoder.getImageStream(BaseImageDecoder.java:98)
05-17 16:32:07.280 E/ImageLoader(27911): 	at com.nostra13.universalimageloader.core.decode.BaseImageDecoder.decode(BaseImageDecoder.java:74)
05-17 16:32:07.280 E/ImageLoader(27911): 	at com.nostra13.universalimageloader.core.LoadAndDisplayImageTask.decodeImage(LoadAndDisplayImageTask.java:265)
05-17 16:32:07.280 E/ImageLoader(27911): 	at com.nostra13.universalimageloader.core.LoadAndDisplayImageTask.tryLoadBitmap(LoadAndDisplayImageTask.java:238)
05-17 16:32:07.280 E/ImageLoader(27911): 	at com.nostra13.universalimageloader.core.LoadAndDisplayImageTask.run(LoadAndDisplayImageTask.java:136)
05-17 16:32:07.280 E/ImageLoader(27911): 	at java.util.concurrent.ThreadPoolExecutor.runWorker(ThreadPoolExecutor.java:1112)
05-17 16:32:07.280 E/ImageLoader(27911): 	at java.util.concurrent.ThreadPoolExecutor$Worker.run(ThreadPoolExecutor.java:587)
05-17 16:32:07.280 E/ImageLoader(27911): 	at java.lang.Thread.run(Thread.java:818)
05-17 16:32:07.347 E/ImageLoader(27911): http://211.138.252.146:38093/bmdp//icon/102.png
05-17 16:32:07.347 E/ImageLoader(27911): java.io.FileNotFoundException: http://211.138.252.146:38093/bmdp//icon/102.png
05-17 16:32:07.347 E/ImageLoader(27911): 	at com.android.okhttp.internal.http.HttpURLConnectionImpl.getInputStream(HttpURLConnectionImpl.java:206)
05-17 16:32:07.347 E/ImageLoader(27911): 	at com.nostra13.universalimageloader.core.download.BaseImageDownloader.getStreamFromNetwork(BaseImageDownloader.java:124)
05-17 16:32:07.347 E/ImageLoader(27911): 	at com.nostra13.universalimageloader.core.download.BaseImageDownloader.getStream(BaseImageDownloader.java:88)
05-17 16:32:07.347 E/ImageLoader(27911): 	at com.nostra13.universalimageloader.core.LoadAndDisplayImageTask.downloadImage(LoadAndDisplayImageTask.java:291)
05-17 16:32:07.347 E/ImageLoader(27911): 	at com.nostra13.universalimageloader.core.LoadAndDisplayImageTask.tryCacheImageOnDisk(LoadAndDisplayImageTask.java:274)
05-17 16:32:07.347 E/ImageLoader(27911): 	at com.nostra13.universalimageloader.core.LoadAndDisplayImageTask.tryLoadBitmap(LoadAndDisplayImageTask.java:230)
05-17 16:32:07.347 E/ImageLoader(27911): 	at com.nostra13.universalimageloader.core.LoadAndDisplayImageTask.run(LoadAndDisplayImageTask.java:136)
05-17 16:32:07.347 E/ImageLoader(27911): 	at java.util.concurrent.ThreadPoolExecutor.runWorker(ThreadPoolExecutor.java:1112)
05-17 16:32:07.347 E/ImageLoader(27911): 	at java.util.concurrent.ThreadPoolExecutor$Worker.run(ThreadPoolExecutor.java:587)
05-17 16:32:07.347 E/ImageLoader(27911): 	at java.lang.Thread.run(Thread.java:818)
05-17 16:32:07.356 E/ImageLoader(27911): http://211.138.252.146:38093/bmdp//png/groupicon/103.png
05-17 16:32:07.356 E/ImageLoader(27911): java.io.FileNotFoundException: http://211.138.252.146:38093/bmdp//png/groupicon/103.png
05-17 16:32:07.356 E/ImageLoader(27911): 	at com.android.okhttp.internal.http.HttpURLConnectionImpl.getInputStream(HttpURLConnectionImpl.java:206)
05-17 16:32:07.356 E/ImageLoader(27911): 	at com.nostra13.universalimageloader.core.download.BaseImageDownloader.getStreamFromNetwork(BaseImageDownloader.java:124)
05-17 16:32:07.356 E/ImageLoader(27911): 	at com.nostra13.universalimageloader.core.download.BaseImageDownloader.getStream(BaseImageDownloader.java:88)
05-17 16:32:07.356 E/ImageLoader(27911): 	at com.nostra13.universalimageloader.core.LoadAndDisplayImageTask.downloadImage(LoadAndDisplayImageTask.java:291)
05-17 16:32:07.356 E/ImageLoader(27911): 	at com.nostra13.universalimageloader.core.LoadAndDisplayImageTask.tryCacheImageOnDisk(LoadAndDisplayImageTask.java:274)
05-17 16:32:07.356 E/ImageLoader(27911): 	at com.nostra13.universalimageloader.core.LoadAndDisplayImageTask.tryLoadBitmap(LoadAndDisplayImageTask.java:230)
05-17 16:32:07.356 E/ImageLoader(27911): 	at com.nostra13.universalimageloader.core.LoadAndDisplayImageTask.run(LoadAndDisplayImageTask.java:136)
05-17 16:32:07.356 E/ImageLoader(27911): 	at java.util.concurrent.ThreadPoolExecutor.runWorker(ThreadPoolExecutor.java:1112)
05-17 16:32:07.356 E/ImageLoader(27911): 	at java.util.concurrent.ThreadPoolExecutor$Worker.run(ThreadPoolExecutor.java:587)
05-17 16:32:07.356 E/ImageLoader(27911): 	at java.lang.Thread.run(Thread.java:818)
05-17 16:32:07.362 E/ImageLoader(27911): http://211.138.252.146:38093/bmdp//png/groupicon/101.png
05-17 16:32:07.362 E/ImageLoader(27911): java.io.FileNotFoundException: http://211.138.252.146:38093/bmdp//png/groupicon/101.png
05-17 16:32:07.362 E/ImageLoader(27911): 	at com.android.okhttp.internal.http.HttpURLConnectionImpl.getInputStream(HttpURLConnectionImpl.java:206)
05-17 16:32:07.362 E/ImageLoader(27911): 	at com.nostra13.universalimageloader.core.download.BaseImageDownloader.getStreamFromNetwork(BaseImageDownloader.java:124)
05-17 16:32:07.362 E/ImageLoader(27911): 	at com.nostra13.universalimageloader.core.download.BaseImageDownloader.getStream(BaseImageDownloader.java:88)
05-17 16:32:07.362 E/ImageLoader(27911): 	at com.nostra13.universalimageloader.core.LoadAndDisplayImageTask.downloadImage(LoadAndDisplayImageTask.java:291)
05-17 16:32:07.362 E/ImageLoader(27911): 	at com.nostra13.universalimageloader.core.LoadAndDisplayImageTask.tryCacheImageOnDisk(LoadAndDisplayImageTask.java:274)
05-17 16:32:07.362 E/ImageLoader(27911): 	at com.nostra13.universalimageloader.core.LoadAndDisplayImageTask.tryLoadBitmap(LoadAndDisplayImageTask.java:230)
05-17 16:32:07.362 E/ImageLoader(27911): 	at com.nostra13.universalimageloader.core.LoadAndDisplayImageTask.run(LoadAndDisplayImageTask.java:136)
05-17 16:32:07.362 E/ImageLoader(27911): 	at java.util.concurrent.ThreadPoolExecutor.runWorker(ThreadPoolExecutor.java:1112)
05-17 16:32:07.362 E/ImageLoader(27911): 	at java.util.concurrent.ThreadPoolExecutor$Worker.run(ThreadPoolExecutor.java:587)
05-17 16:32:07.362 E/ImageLoader(27911): 	at java.lang.Thread.run(Thread.java:818)
05-17 16:32:07.487 E/ImageLoader(27911): http://211.138.252.146:38093/bmdp//icon/102.png
05-17 16:32:07.487 E/ImageLoader(27911): java.io.FileNotFoundException: http://211.138.252.146:38093/bmdp//icon/102.png
05-17 16:32:07.487 E/ImageLoader(27911): 	at com.android.okhttp.internal.http.HttpURLConnectionImpl.getInputStream(HttpURLConnectionImpl.java:206)
05-17 16:32:07.487 E/ImageLoader(27911): 	at com.nostra13.universalimageloader.core.download.BaseImageDownloader.getStreamFromNetwork(BaseImageDownloader.java:124)
05-17 16:32:07.487 E/ImageLoader(27911): 	at com.nostra13.universalimageloader.core.download.BaseImageDownloader.getStream(BaseImageDownloader.java:88)
05-17 16:32:07.487 E/ImageLoader(27911): 	at com.nostra13.universalimageloader.core.decode.BaseImageDecoder.getImageStream(BaseImageDecoder.java:98)
05-17 16:32:07.487 E/ImageLoader(27911): 	at com.nostra13.universalimageloader.core.decode.BaseImageDecoder.decode(BaseImageDecoder.java:74)
05-17 16:32:07.487 E/ImageLoader(27911): 	at com.nostra13.universalimageloader.core.LoadAndDisplayImageTask.decodeImage(LoadAndDisplayImageTask.java:265)
05-17 16:32:07.487 E/ImageLoader(27911): 	at com.nostra13.universalimageloader.core.LoadAndDisplayImageTask.tryLoadBitmap(LoadAndDisplayImageTask.java:238)
05-17 16:32:07.487 E/ImageLoader(27911): 	at com.nostra13.universalimageloader.core.LoadAndDisplayImageTask.run(LoadAndDisplayImageTask.java:136)
05-17 16:32:07.487 E/ImageLoader(27911): 	at java.util.concurrent.ThreadPoolExecutor.runWorker(ThreadPoolExecutor.java:1112)
05-17 16:32:07.487 E/ImageLoader(27911): 	at java.util.concurrent.ThreadPoolExecutor$Worker.run(ThreadPoolExecutor.java:587)
05-17 16:32:07.487 E/ImageLoader(27911): 	at java.lang.Thread.run(Thread.java:818)
05-17 16:32:07.491 E/ImageLoader(27911): http://211.138.252.146:38093/bmdp//png/groupicon/103.png
05-17 16:32:07.491 E/ImageLoader(27911): java.io.FileNotFoundException: http://211.138.252.146:38093/bmdp//png/groupicon/103.png
05-17 16:32:07.491 E/ImageLoader(27911): 	at com.android.okhttp.internal.http.HttpURLConnectionImpl.getInputStream(HttpURLConnectionImpl.java:206)
05-17 16:32:07.491 E/ImageLoader(27911): 	at com.nostra13.universalimageloader.core.download.BaseImageDownloader.getStreamFromNetwork(BaseImageDownloader.java:124)
05-17 16:32:07.491 E/ImageLoader(27911): 	at com.nostra13.universalimageloader.core.download.BaseImageDownloader.getStream(BaseImageDownloader.java:88)
05-17 16:32:07.491 E/ImageLoader(27911): 	at com.nostra13.universalimageloader.core.decode.BaseImageDecoder.getImageStream(BaseImageDecoder.java:98)
05-17 16:32:07.491 E/ImageLoader(27911): 	at com.nostra13.universalimageloader.core.decode.BaseImageDecoder.decode(BaseImageDecoder.java:74)
05-17 16:32:07.491 E/ImageLoader(27911): 	at com.nostra13.universalimageloader.core.LoadAndDisplayImageTask.decodeImage(LoadAndDisplayImageTask.java:265)
05-17 16:32:07.491 E/ImageLoader(27911): 	at com.nostra13.universalimageloader.core.LoadAndDisplayImageTask.tryLoadBitmap(LoadAndDisplayImageTask.java:238)
05-17 16:32:07.491 E/ImageLoader(27911): 	at com.nostra13.universalimageloader.core.LoadAndDisplayImageTask.run(LoadAndDisplayImageTask.java:136)
05-17 16:32:07.491 E/ImageLoader(27911): 	at java.util.concurrent.ThreadPoolExecutor.runWorker(ThreadPoolExecutor.java:1112)
05-17 16:32:07.491 E/ImageLoader(27911): 	at java.util.concurrent.ThreadPoolExecutor$Worker.run(ThreadPoolExecutor.java:587)
05-17 16:32:07.491 E/ImageLoader(27911): 	at java.lang.Thread.run(Thread.java:818)
05-17 16:32:07.498 E/ImageLoader(27911): http://211.138.252.146:38093/bmdp//png/groupicon/101.png
05-17 16:32:07.498 E/ImageLoader(27911): java.io.FileNotFoundException: http://211.138.252.146:38093/bmdp//png/groupicon/101.png
05-17 16:32:07.498 E/ImageLoader(27911): 	at com.android.okhttp.internal.http.HttpURLConnectionImpl.getInputStream(HttpURLConnectionImpl.java:206)
05-17 16:32:07.498 E/ImageLoader(27911): 	at com.nostra13.universalimageloader.core.download.BaseImageDownloader.getStreamFromNetwork(BaseImageDownloader.java:124)
05-17 16:32:07.498 E/ImageLoader(27911): 	at com.nostra13.universalimageloader.core.download.BaseImageDownloader.getStream(BaseImageDownloader.java:88)
05-17 16:32:07.498 E/ImageLoader(27911): 	at com.nostra13.universalimageloader.core.decode.BaseImageDecoder.getImageStream(BaseImageDecoder.java:98)
05-17 16:32:07.498 E/ImageLoader(27911): 	at com.nostra13.universalimageloader.core.decode.BaseImageDecoder.decode(BaseImageDecoder.java:74)
05-17 16:32:07.498 E/ImageLoader(27911): 	at com.nostra13.universalimageloader.core.LoadAndDisplayImageTask.decodeImage(LoadAndDisplayImageTask.java:265)
05-17 16:32:07.498 E/ImageLoader(27911): 	at com.nostra13.universalimageloader.core.LoadAndDisplayImageTask.tryLoadBitmap(LoadAndDisplayImageTask.java:238)
05-17 16:32:07.498 E/ImageLoader(27911): 	at com.nostra13.universalimageloader.core.LoadAndDisplayImageTask.run(LoadAndDisplayImageTask.java:136)
05-17 16:32:07.498 E/ImageLoader(27911): 	at java.util.concurrent.ThreadPoolExecutor.runWorker(ThreadPoolExecutor.java:1112)
05-17 16:32:07.498 E/ImageLoader(27911): 	at java.util.concurrent.ThreadPoolExecutor$Worker.run(ThreadPoolExecutor.java:587)
05-17 16:32:07.498 E/ImageLoader(27911): 	at java.lang.Thread.run(Thread.java:818)
05-17 16:32:08.061 E/WifiTrafficPoller(  851): TRAFFIC_STATS_POLL true Token 2406 num clients 19
05-17 16:32:08.062 E/WifiTrafficPoller(  851):  packet count Tx=1621257 Rx=5426104
05-17 16:32:08.220 E/WifiStateMachine(  851):  ConnectedState (when=-3ms what=131155 arg1=548!CMD_RSSI_POLL 548 0 "BOCO-office" 94:b4:0f:68:a4:b1 rssi=-52 f=5785 sc=80 link=150 tx=0.2, 0.0, 0.0  rx=58.9 bcn=0 [on:0 tx:0 rx:0 period:2991] from screen [on:0 period:548487292] gl rssi=-52 ag=0 hr ticks 0,0,28 ls-=0 [56,56,56,56,61] brc=0 lrc=0
05-17 16:32:08.223 E/WifiStateMachine(  851):  L2ConnectedState (when=-6ms what=131155 arg1=548!CMD_RSSI_POLL 548 0 "BOCO-office" 94:b4:0f:68:a4:b1 rssi=-52 f=5785 sc=80 link=150 tx=0.2, 0.0, 0.0  rx=58.9 bcn=0 [on:0 tx:0 rx:0 period:3] from screen [on:0 period:548487295] gl rssi=-52 ag=0 hr ticks 0,0,28 ls-=0 [56,56,56,56,61] brc=0 lrc=0
05-17 16:32:08.223 E/WifiStateMachine(  851):  get link layer stats 0
05-17 16:32:08.228 E/WifiStateMachine(  851): calculateWifiScore() we set wifi's score to 1000, so will always set wifi as a default network.
05-17 16:32:09.062 E/WifiTrafficPoller(  851): TRAFFIC_STATS_POLL true Token 2406 num clients 19
05-17 16:32:09.062 E/WifiTrafficPoller(  851):  packet count Tx=1621257 Rx=5426121
05-17 16:32:09.062 E/WifiTrafficPoller(  851): notifying of data activity 1
05-17 16:32:10.064 E/WifiTrafficPoller(  851): TRAFFIC_STATS_POLL true Token 2406 num clients 19
05-17 16:32:10.065 E/WifiTrafficPoller(  851):  packet count Tx=1621258 Rx=5426141
05-17 16:32:10.065 E/WifiTrafficPoller(  851): notifying of data activity 3
05-17 16:32:10.457 E/---RankingListAppFragment---(27911): onResume
05-17 16:32:11.068 E/WifiTrafficPoller(  851): TRAFFIC_STATS_POLL true Token 2406 num clients 19
05-17 16:32:11.068 E/WifiTrafficPoller(  851):  packet count Tx=1621258 Rx=5426155
05-17 16:32:11.068 E/WifiTrafficPoller(  851): notifying of data activity 1
05-17 16:32:11.233 E/WifiStateMachine(  851):  ConnectedState (when=-3ms what=131155 arg1=548!CMD_RSSI_POLL 548 0 "BOCO-office" 94:b4:0f:68:a4:b1 rssi=-55 f=5785 sc=80 link=150 tx=17.1, 0.0, 0.0  rx=81.4 bcn=0 [on:0 tx:0 rx:0 period:3001] from screen [on:0 period:548490305] gl rssi=-55 ag=0 hr ticks 0,0,28 ls-=0 [56,56,60,60,65] brc=0 lrc=0
05-17 16:32:11.239 E/WifiStateMachine(  851):  L2ConnectedState (when=-9ms what=131155 arg1=548!CMD_RSSI_POLL 548 0 "BOCO-office" 94:b4:0f:68:a4:b1 rssi=-55 f=5785 sc=80 link=150 tx=17.1, 0.0, 0.0  rx=81.4 bcn=0 [on:0 tx:0 rx:0 period:6] from screen [on:0 period:548490311] gl rssi=-55 ag=0 hr ticks 0,0,28 ls-=0 [56,56,60,60,65] brc=0 lrc=0
05-17 16:32:11.243 E/WifiStateMachine(  851):  get link layer stats 0
05-17 16:32:11.253 E/WifiStateMachine(  851): calculateWifiScore() we set wifi's score to 1000, so will always set wifi as a default network.
05-17 16:32:12.070 E/WifiTrafficPoller(  851): TRAFFIC_STATS_POLL true Token 2406 num clients 19
05-17 16:32:12.071 E/WifiTrafficPoller(  851):  packet count Tx=1621287 Rx=5426207
05-17 16:32:12.071 E/WifiTrafficPoller(  851): notifying of data activity 3
05-17 16:32:13.076 E/WifiTrafficPoller(  851): TRAFFIC_STATS_POLL true Token 2406 num clients 19
05-17 16:32:13.078 E/WifiTrafficPoller(  851):  packet count Tx=1621287 Rx=5426220
05-17 16:32:13.078 E/WifiTrafficPoller(  851): notifying of data activity 1
05-17 16:32:13.201 E/---RankingListAppFragment---(27911): onResume
05-17 16:32:14.085 E/WifiTrafficPoller(  851): TRAFFIC_STATS_POLL true Token 2406 num clients 19
05-17 16:32:14.089 E/WifiTrafficPoller(  851):  packet count Tx=1621287 Rx=5426238
05-17 16:32:14.258 E/WifiStateMachine(  851):  ConnectedState (when=-3ms what=131155 arg1=548!CMD_RSSI_POLL 548 0 "BOCO-office" 94:b4:0f:68:a4:b1 rssi=-54 f=5785 sc=80 link=150 tx=9.0, 0.0, 0.0  rx=66.7 bcn=0 [on:0 tx:0 rx:0 period:2993] from screen [on:0 period:548493330] gl rssi=-54 ag=0 hr ticks 0,0,28 ls-=0 [56,56,60,60,65] brc=0 lrc=0
05-17 16:32:14.259 E/WifiStateMachine(  851):  L2ConnectedState (when=-4ms what=131155 arg1=548!CMD_RSSI_POLL 548 0 "BOCO-office" 94:b4:0f:68:a4:b1 rssi=-54 f=5785 sc=80 link=150 tx=9.0, 0.0, 0.0  rx=66.7 bcn=0 [on:0 tx:0 rx:0 period:1] from screen [on:0 period:548493331] gl rssi=-54 ag=0 hr ticks 0,0,28 ls-=0 [56,56,60,60,65] brc=0 lrc=0
05-17 16:32:14.259 E/WifiStateMachine(  851):  get link layer stats 0
05-17 16:32:14.273 E/WifiStateMachine(  851): calculateWifiScore() we set wifi's score to 1000, so will always set wifi as a default network.
05-17 16:32:15.090 E/WifiTrafficPoller(  851): TRAFFIC_STATS_POLL true Token 2406 num clients 19
05-17 16:32:15.091 E/WifiTrafficPoller(  851):  packet count Tx=1621293 Rx=5426258
05-17 16:32:15.091 E/WifiTrafficPoller(  851): notifying of data activity 3
05-17 16:32:16.092 E/WifiTrafficPoller(  851): TRAFFIC_STATS_POLL true Token 2406 num clients 19
05-17 16:32:16.092 E/WifiTrafficPoller(  851):  packet count Tx=1621294 Rx=5426278
05-17 16:32:17.093 E/WifiTrafficPoller(  851): TRAFFIC_STATS_POLL true Token 2406 num clients 19
05-17 16:32:17.093 E/WifiTrafficPoller(  851):  packet count Tx=1621294 Rx=5426302
05-17 16:32:17.093 E/WifiTrafficPoller(  851): notifying of data activity 1
05-17 16:32:17.278 E/WifiStateMachine(  851):  ConnectedState (when=-4ms what=131155 arg1=548!CMD_RSSI_POLL 548 0 "BOCO-office" 94:b4:0f:68:a4:b1 rssi=-55 f=5785 sc=80 link=150 tx=19.0, 0.0, 0.0  rx=75.4 bcn=0 [on:0 tx:0 rx:0 period:3002] from screen [on:0 period:548496350] gl rssi=-55 ag=0 hr ticks 0,0,28 ls-=0 [56,56,60,60,65] brc=0 lrc=0
05-17 16:32:17.286 E/WifiStateMachine(  851):  L2ConnectedState (when=-7ms what=131155 arg1=548!CMD_RSSI_POLL 548 0 "BOCO-office" 94:b4:0f:68:a4:b1 rssi=-55 f=5785 sc=80 link=150 tx=19.0, 0.0, 0.0  rx=75.4 bcn=0 [on:0 tx:0 rx:0 period:8] from screen [on:0 period:548496358] gl rssi=-55 ag=0 hr ticks 0,0,28 ls-=0 [56,56,60,60,65] brc=0 lrc=0
05-17 16:32:17.287 E/WifiStateMachine(  851):  get link layer stats 0
05-17 16:32:17.304 E/WifiStateMachine(  851): calculateWifiScore() we set wifi's score to 1000, so will always set wifi as a default network.
05-17 16:32:18.095 E/WifiTrafficPoller(  851): TRAFFIC_STATS_POLL true Token 2406 num clients 19
05-17 16:32:18.096 E/WifiTrafficPoller(  851):  packet count Tx=1621294 Rx=5426332
05-17 16:32:18.121 E/---RankingListAppFragment---(27911): onResume
05-17 16:32:19.096 E/WifiTrafficPoller(  851): TRAFFIC_STATS_POLL true Token 2406 num clients 19
05-17 16:32:19.097 E/WifiTrafficPoller(  851):  packet count Tx=1621296 Rx=5426358
05-17 16:32:19.097 E/WifiTrafficPoller(  851): notifying of data activity 3
05-17 16:32:20.099 E/WifiTrafficPoller(  851): TRAFFIC_STATS_POLL true Token 2406 num clients 19
05-17 16:32:20.101 E/WifiTrafficPoller(  851):  packet count Tx=1621297 Rx=5426388
05-17 16:32:20.223 E/ImageLoader(27911): http://211.138.252.146:38093/bmdp//png/groupicon/103.png
05-17 16:32:20.223 E/ImageLoader(27911): java.io.FileNotFoundException: http://211.138.252.146:38093/bmdp//png/groupicon/103.png
05-17 16:32:20.223 E/ImageLoader(27911): 	at com.android.okhttp.internal.http.HttpURLConnectionImpl.getInputStream(HttpURLConnectionImpl.java:206)
05-17 16:32:20.223 E/ImageLoader(27911): 	at com.nostra13.universalimageloader.core.download.BaseImageDownloader.getStreamFromNetwork(BaseImageDownloader.java:124)
05-17 16:32:20.223 E/ImageLoader(27911): 	at com.nostra13.universalimageloader.core.download.BaseImageDownloader.getStream(BaseImageDownloader.java:88)
05-17 16:32:20.223 E/ImageLoader(27911): 	at com.nostra13.universalimageloader.core.LoadAndDisplayImageTask.downloadImage(LoadAndDisplayImageTask.java:291)
05-17 16:32:20.223 E/ImageLoader(27911): 	at com.nostra13.universalimageloader.core.LoadAndDisplayImageTask.tryCacheImageOnDisk(LoadAndDisplayImageTask.java:274)
05-17 16:32:20.223 E/ImageLoader(27911): 	at com.nostra13.universalimageloader.core.LoadAndDisplayImageTask.tryLoadBitmap(LoadAndDisplayImageTask.java:230)
05-17 16:32:20.223 E/ImageLoader(27911): 	at com.nostra13.universalimageloader.core.LoadAndDisplayImageTask.run(LoadAndDisplayImageTask.java:136)
05-17 16:32:20.223 E/ImageLoader(27911): 	at java.util.concurrent.ThreadPoolExecutor.runWorker(ThreadPoolExecutor.java:1112)
05-17 16:32:20.223 E/ImageLoader(27911): 	at java.util.concurrent.ThreadPoolExecutor$Worker.run(ThreadPoolExecutor.java:587)
05-17 16:32:20.223 E/ImageLoader(27911): 	at java.lang.Thread.run(Thread.java:818)
05-17 16:32:20.235 E/ImageLoader(27911): http://211.138.252.146:38093/bmdp//png/groupicon/100.png
05-17 16:32:20.235 E/ImageLoader(27911): java.io.FileNotFoundException: http://211.138.252.146:38093/bmdp//png/groupicon/100.png
05-17 16:32:20.235 E/ImageLoader(27911): 	at com.android.okhttp.internal.http.HttpURLConnectionImpl.getInputStream(HttpURLConnectionImpl.java:206)
05-17 16:32:20.235 E/ImageLoader(27911): 	at com.nostra13.universalimageloader.core.download.BaseImageDownloader.getStreamFromNetwork(BaseImageDownloader.java:124)
05-17 16:32:20.235 E/ImageLoader(27911): 	at com.nostra13.universalimageloader.core.download.BaseImageDownloader.getStream(BaseImageDownloader.java:88)
05-17 16:32:20.235 E/ImageLoader(27911): 	at com.nostra13.universalimageloader.core.LoadAndDisplayImageTask.downloadImage(LoadAndDisplayImageTask.java:291)
05-17 16:32:20.235 E/ImageLoader(27911): 	at com.nostra13.universalimageloader.core.LoadAndDisplayImageTask.tryCacheImageOnDisk(LoadAndDisplayImageTask.java:274)
05-17 16:32:20.235 E/ImageLoader(27911): 	at com.nostra13.universalimageloader.core.LoadAndDisplayImageTask.tryLoadBitmap(LoadAndDisplayImageTask.java:230)
05-17 16:32:20.235 E/ImageLoader(27911): 	at com.nostra13.universalimageloader.core.LoadAndDisplayImageTask.run(LoadAndDisplayImageTask.java:136)
05-17 16:32:20.235 E/ImageLoader(27911): 	at java.util.concurrent.ThreadPoolExecutor.runWorker(ThreadPoolExecutor.java:1112)
05-17 16:32:20.235 E/ImageLoader(27911): 	at java.util.concurrent.ThreadPoolExecutor$Worker.run(ThreadPoolExecutor.java:587)
05-17 16:32:20.235 E/ImageLoader(27911): 	at java.lang.Thread.run(Thread.java:818)
05-17 16:32:20.282 E/ImageLoader(27911): http://211.138.252.146:38093/bmdp//png/groupicon/103.png
05-17 16:32:20.282 E/ImageLoader(27911): java.io.FileNotFoundException: http://211.138.252.146:38093/bmdp//png/groupicon/103.png
05-17 16:32:20.282 E/ImageLoader(27911): 	at com.android.okhttp.internal.http.HttpURLConnectionImpl.getInputStream(HttpURLConnectionImpl.java:206)
05-17 16:32:20.282 E/ImageLoader(27911): 	at com.nostra13.universalimageloader.core.download.BaseImageDownloader.getStreamFromNetwork(BaseImageDownloader.java:124)
05-17 16:32:20.282 E/ImageLoader(27911): 	at com.nostra13.universalimageloader.core.download.BaseImageDownloader.getStream(BaseImageDownloader.java:88)
05-17 16:32:20.282 E/ImageLoader(27911): 	at com.nostra13.universalimageloader.core.decode.BaseImageDecoder.getImageStream(BaseImageDecoder.java:98)
05-17 16:32:20.282 E/ImageLoader(27911): 	at com.nostra13.universalimageloader.core.decode.BaseImageDecoder.decode(BaseImageDecoder.java:74)
05-17 16:32:20.282 E/ImageLoader(27911): 	at com.nostra13.universalimageloader.core.LoadAndDisplayImageTask.decodeImage(LoadAndDisplayImageTask.java:265)
05-17 16:32:20.282 E/ImageLoader(27911): 	at com.nostra13.universalimageloader.core.LoadAndDisplayImageTask.tryLoadBitmap(LoadAndDisplayImageTask.java:238)
05-17 16:32:20.282 E/ImageLoader(27911): 	at com.nostra13.universalimageloader.core.LoadAndDisplayImageTask.run(LoadAndDisplayImageTask.java:136)
05-17 16:32:20.282 E/ImageLoader(27911): 	at java.util.concurrent.ThreadPoolExecutor.runWorker(ThreadPoolExecutor.java:1112)
05-17 16:32:20.282 E/ImageLoader(27911): 	at java.util.concurrent.ThreadPoolExecutor$Worker.run(ThreadPoolExecutor.java:587)
05-17 16:32:20.282 E/ImageLoader(27911): 	at java.lang.Thread.run(Thread.java:818)
05-17 16:32:20.292 E/ImageLoader(27911): http://211.138.252.146:38093/bmdp//png/groupicon/100.png
05-17 16:32:20.292 E/ImageLoader(27911): java.io.FileNotFoundException: http://211.138.252.146:38093/bmdp//png/groupicon/100.png
05-17 16:32:20.292 E/ImageLoader(27911): 	at com.android.okhttp.internal.http.HttpURLConnectionImpl.getInputStream(HttpURLConnectionImpl.java:206)
05-17 16:32:20.292 E/ImageLoader(27911): 	at com.nostra13.universalimageloader.core.download.BaseImageDownloader.getStreamFromNetwork(BaseImageDownloader.java:124)
05-17 16:32:20.292 E/ImageLoader(27911): 	at com.nostra13.universalimageloader.core.download.BaseImageDownloader.getStream(BaseImageDownloader.java:88)
05-17 16:32:20.292 E/ImageLoader(27911): 	at com.nostra13.universalimageloader.core.decode.BaseImageDecoder.getImageStream(BaseImageDecoder.java:98)
05-17 16:32:20.292 E/ImageLoader(27911): 	at com.nostra13.universalimageloader.core.decode.BaseImageDecoder.decode(BaseImageDecoder.java:74)
05-17 16:32:20.292 E/ImageLoader(27911): 	at com.nostra13.universalimageloader.core.LoadAndDisplayImageTask.decodeImage(LoadAndDisplayImageTask.java:265)
05-17 16:32:20.292 E/ImageLoader(27911): 	at com.nostra13.universalimageloader.core.LoadAndDisplayImageTask.tryLoadBitmap(LoadAndDisplayImageTask.java:238)
05-17 16:32:20.292 E/ImageLoader(27911): 	at com.nostra13.universalimageloader.core.LoadAndDisplayImageTask.run(LoadAndDisplayImageTask.java:136)
05-17 16:32:20.292 E/ImageLoader(27911): 	at java.util.concurrent.ThreadPoolExecutor.runWorker(ThreadPoolExecutor.java:1112)
05-17 16:32:20.292 E/ImageLoader(27911): 	at java.util.concurrent.ThreadPoolExecutor$Worker.run(ThreadPoolExecutor.java:587)
05-17 16:32:20.292 E/ImageLoader(27911): 	at java.lang.Thread.run(Thread.java:818)
05-17 16:32:20.308 E/WifiStateMachine(  851):  ConnectedState (when=-3ms what=131155 arg1=548!CMD_RSSI_POLL 548 0 "BOCO-office" 94:b4:0f:68:a4:b1 rssi=-54 f=5785 sc=80 link=150 tx=13.0, 0.0, 0.0  rx=71.7 bcn=0 [on:0 tx:0 rx:0 period:3002] from screen [on:0 period:548499380] gl rssi=-54 ag=0 hr ticks 0,0,28 ls-=0 [56,56,60,60,65] brc=0 lrc=0
05-17 16:32:20.310 E/WifiStateMachine(  851):  L2ConnectedState (when=-5ms what=131155 arg1=548!CMD_RSSI_POLL 548 0 "BOCO-office" 94:b4:0f:68:a4:b1 rssi=-54 f=5785 sc=80 link=150 tx=13.0, 0.0, 0.0  rx=71.7 bcn=0 [on:0 tx:0 rx:0 period:1] from screen [on:0 period:548499381] gl rssi=-54 ag=0 hr ticks 0,0,28 ls-=0 [56,56,60,60,65] brc=0 lrc=0
05-17 16:32:20.310 E/WifiStateMachine(  851):  get link layer stats 0
05-17 16:32:20.312 E/WifiStateMachine(  851): calculateWifiScore() we set wifi's score to 1000, so will always set wifi as a default network.
05-17 16:32:20.346 E/ImageLoader(27911): http://211.138.252.146:38093/bmdp//png/groupicon/101.png
05-17 16:32:20.346 E/ImageLoader(27911): java.io.FileNotFoundException: http://211.138.252.146:38093/bmdp//png/groupicon/101.png
05-17 16:32:20.346 E/ImageLoader(27911): 	at com.android.okhttp.internal.http.HttpURLConnectionImpl.getInputStream(HttpURLConnectionImpl.java:206)
05-17 16:32:20.346 E/ImageLoader(27911): 	at com.nostra13.universalimageloader.core.download.BaseImageDownloader.getStreamFromNetwork(BaseImageDownloader.java:124)
05-17 16:32:20.346 E/ImageLoader(27911): 	at com.nostra13.universalimageloader.core.download.BaseImageDownloader.getStream(BaseImageDownloader.java:88)
05-17 16:32:20.346 E/ImageLoader(27911): 	at com.nostra13.universalimageloader.core.LoadAndDisplayImageTask.downloadImage(LoadAndDisplayImageTask.java:291)
05-17 16:32:20.346 E/ImageLoader(27911): 	at com.nostra13.universalimageloader.core.LoadAndDisplayImageTask.tryCacheImageOnDisk(LoadAndDisplayImageTask.java:274)
05-17 16:32:20.346 E/ImageLoader(27911): 	at com.nostra13.universalimageloader.core.LoadAndDisplayImageTask.tryLoadBitmap(LoadAndDisplayImageTask.java:230)
05-17 16:32:20.346 E/ImageLoader(27911): 	at com.nostra13.universalimageloader.core.LoadAndDisplayImageTask.run(LoadAndDisplayImageTask.java:136)
05-17 16:32:20.346 E/ImageLoader(27911): 	at java.util.concurrent.ThreadPoolExecutor.runWorker(ThreadPoolExecutor.java:1112)
05-17 16:32:20.346 E/ImageLoader(27911): 	at java.util.concurrent.ThreadPoolExecutor$Worker.run(ThreadPoolExecutor.java:587)
05-17 16:32:20.346 E/ImageLoader(27911): 	at java.lang.Thread.run(Thread.java:818)
05-17 16:32:20.352 E/ImageLoader(27911): http://211.138.252.146:38093/bmdp//png/groupicon/103.png
05-17 16:32:20.352 E/ImageLoader(27911): java.io.FileNotFoundException: http://211.138.252.146:38093/bmdp//png/groupicon/103.png
05-17 16:32:20.352 E/ImageLoader(27911): 	at com.android.okhttp.internal.http.HttpURLConnectionImpl.getInputStream(HttpURLConnectionImpl.java:206)
05-17 16:32:20.352 E/ImageLoader(27911): 	at com.nostra13.universalimageloader.core.download.BaseImageDownloader.getStreamFromNetwork(BaseImageDownloader.java:124)
05-17 16:32:20.352 E/ImageLoader(27911): 	at com.nostra13.universalimageloader.core.download.BaseImageDownloader.getStream(BaseImageDownloader.java:88)
05-17 16:32:20.352 E/ImageLoader(27911): 	at com.nostra13.universalimageloader.core.LoadAndDisplayImageTask.downloadImage(LoadAndDisplayImageTask.java:291)
05-17 16:32:20.352 E/ImageLoader(27911): 	at com.nostra13.universalimageloader.core.LoadAndDisplayImageTask.tryCacheImageOnDisk(LoadAndDisplayImageTask.java:274)
05-17 16:32:20.352 E/ImageLoader(27911): 	at com.nostra13.universalimageloader.core.LoadAndDisplayImageTask.tryLoadBitmap(LoadAndDisplayImageTask.java:230)
05-17 16:32:20.352 E/ImageLoader(27911): 	at com.nostra13.universalimageloader.core.LoadAndDisplayImageTask.run(LoadAndDisplayImageTask.java:136)
05-17 16:32:20.352 E/ImageLoader(27911): 	at java.util.concurrent.ThreadPoolExecutor.runWorker(ThreadPoolExecutor.java:1112)
05-17 16:32:20.352 E/ImageLoader(27911): 	at java.util.concurrent.ThreadPoolExecutor$Worker.run(ThreadPoolExecutor.java:587)
05-17 16:32:20.352 E/ImageLoader(27911): 	at java.lang.Thread.run(Thread.java:818)
05-17 16:32:20.355 E/ImageLoader(27911): http://211.138.252.146:38093/bmdp//icon/102.png
05-17 16:32:20.355 E/ImageLoader(27911): java.io.FileNotFoundException: http://211.138.252.146:38093/bmdp//icon/102.png
05-17 16:32:20.355 E/ImageLoader(27911): 	at com.android.okhttp.internal.http.HttpURLConnectionImpl.getInputStream(HttpURLConnectionImpl.java:206)
05-17 16:32:20.355 E/ImageLoader(27911): 	at com.nostra13.universalimageloader.core.download.BaseImageDownloader.getStreamFromNetwork(BaseImageDownloader.java:124)
05-17 16:32:20.355 E/ImageLoader(27911): 	at com.nostra13.universalimageloader.core.download.BaseImageDownloader.getStream(BaseImageDownloader.java:88)
05-17 16:32:20.355 E/ImageLoader(27911): 	at com.nostra13.universalimageloader.core.LoadAndDisplayImageTask.downloadImage(LoadAndDisplayImageTask.java:291)
05-17 16:32:20.355 E/ImageLoader(27911): 	at com.nostra13.universalimageloader.core.LoadAndDisplayImageTask.tryCacheImageOnDisk(LoadAndDisplayImageTask.java:274)
05-17 16:32:20.355 E/ImageLoader(27911): 	at com.nostra13.universalimageloader.core.LoadAndDisplayImageTask.tryLoadBitmap(LoadAndDisplayImageTask.java:230)
05-17 16:32:20.355 E/ImageLoader(27911): 	at com.nostra13.universalimageloader.core.LoadAndDisplayImageTask.run(LoadAndDisplayImageTask.java:136)
05-17 16:32:20.355 E/ImageLoader(27911): 	at java.util.concurrent.ThreadPoolExecutor.runWorker(ThreadPoolExecutor.java:1112)
05-17 16:32:20.355 E/ImageLoader(27911): 	at java.util.concurrent.ThreadPoolExecutor$Worker.run(ThreadPoolExecutor.java:587)
05-17 16:32:20.355 E/ImageLoader(27911): 	at java.lang.Thread.run(Thread.java:818)
05-17 16:32:20.457 E/ImageLoader(27911): http://211.138.252.146:38093/bmdp//png/groupicon/103.png
05-17 16:32:20.457 E/ImageLoader(27911): java.io.FileNotFoundException: http://211.138.252.146:38093/bmdp//png/groupicon/103.png
05-17 16:32:20.457 E/ImageLoader(27911): 	at com.android.okhttp.internal.http.HttpURLConnectionImpl.getInputStream(HttpURLConnectionImpl.java:206)
05-17 16:32:20.457 E/ImageLoader(27911): 	at com.nostra13.universalimageloader.core.download.BaseImageDownloader.getStreamFromNetwork(BaseImageDownloader.java:124)
05-17 16:32:20.457 E/ImageLoader(27911): 	at com.nostra13.universalimageloader.core.download.BaseImageDownloader.getStream(BaseImageDownloader.java:88)
05-17 16:32:20.457 E/ImageLoader(27911): 	at com.nostra13.universalimageloader.core.decode.BaseImageDecoder.getImageStream(BaseImageDecoder.java:98)
05-17 16:32:20.457 E/ImageLoader(27911): 	at com.nostra13.universalimageloader.core.decode.BaseImageDecoder.decode(BaseImageDecoder.java:74)
05-17 16:32:20.457 E/ImageLoader(27911): 	at com.nostra13.universalimageloader.core.LoadAndDisplayImageTask.decodeImage(LoadAndDisplayImageTask.java:265)
05-17 16:32:20.457 E/ImageLoader(27911): 	at com.nostra13.universalimageloader.core.LoadAndDisplayImageTask.tryLoadBitmap(LoadAndDisplayImageTask.java:238)
05-17 16:32:20.457 E/ImageLoader(27911): 	at com.nostra13.universalimageloader.core.LoadAndDisplayImageTask.run(LoadAndDisplayImageTask.java:136)
05-17 16:32:20.457 E/ImageLoader(27911): 	at java.util.concurrent.ThreadPoolExecutor.runWorker(ThreadPoolExecutor.java:1112)
05-17 16:32:20.457 E/ImageLoader(27911): 	at java.util.concurrent.ThreadPoolExecutor$Worker.run(ThreadPoolExecutor.java:587)
05-17 16:32:20.457 E/ImageLoader(27911): 	at java.lang.Thread.run(Thread.java:818)
05-17 16:32:20.464 E/ImageLoader(27911): http://211.138.252.146:38093/bmdp//png/groupicon/101.png
05-17 16:32:20.464 E/ImageLoader(27911): java.io.FileNotFoundException: http://211.138.252.146:38093/bmdp//png/groupicon/101.png
05-17 16:32:20.464 E/ImageLoader(27911): 	at com.android.okhttp.internal.http.HttpURLConnectionImpl.getInputStream(HttpURLConnectionImpl.java:206)
05-17 16:32:20.464 E/ImageLoader(27911): 	at com.nostra13.universalimageloader.core.download.BaseImageDownloader.getStreamFromNetwork(BaseImageDownloader.java:124)
05-17 16:32:20.464 E/ImageLoader(27911): 	at com.nostra13.universalimageloader.core.download.BaseImageDownloader.getStream(BaseImageDownloader.java:88)
05-17 16:32:20.464 E/ImageLoader(27911): 	at com.nostra13.universalimageloader.core.decode.BaseImageDecoder.getImageStream(BaseImageDecoder.java:98)
05-17 16:32:20.464 E/ImageLoader(27911): 	at com.nostra13.universalimageloader.core.decode.BaseImageDecoder.decode(BaseImageDecoder.java:74)
05-17 16:32:20.464 E/ImageLoader(27911): 	at com.nostra13.universalimageloader.core.LoadAndDisplayImageTask.decodeImage(LoadAndDisplayImageTask.java:265)
05-17 16:32:20.464 E/ImageLoader(27911): 	at com.nostra13.universalimageloader.core.LoadAndDisplayImageTask.tryLoadBitmap(LoadAndDisplayImageTask.java:238)
05-17 16:32:20.464 E/ImageLoader(27911): 	at com.nostra13.universalimageloader.core.LoadAndDisplayImageTask.run(LoadAndDisplayImageTask.java:136)
05-17 16:32:20.464 E/ImageLoader(27911): 	at java.util.concurrent.ThreadPoolExecutor.runWorker(ThreadPoolExecutor.java:1112)
05-17 16:32:20.464 E/ImageLoader(27911): 	at java.util.concurrent.ThreadPoolExecutor$Worker.run(ThreadPoolExecutor.java:587)
05-17 16:32:20.464 E/ImageLoader(27911): 	at java.lang.Thread.run(Thread.java:818)
05-17 16:32:20.477 E/ImageLoader(27911): http://211.138.252.146:38093/bmdp//icon/102.png
05-17 16:32:20.477 E/ImageLoader(27911): java.io.FileNotFoundException: http://211.138.252.146:38093/bmdp//icon/102.png
05-17 16:32:20.477 E/ImageLoader(27911): 	at com.android.okhttp.internal.http.HttpURLConnectionImpl.getInputStream(HttpURLConnectionImpl.java:206)
05-17 16:32:20.477 E/ImageLoader(27911): 	at com.nostra13.universalimageloader.core.download.BaseImageDownloader.getStreamFromNetwork(BaseImageDownloader.java:124)
05-17 16:32:20.477 E/ImageLoader(27911): 	at com.nostra13.universalimageloader.core.download.BaseImageDownloader.getStream(BaseImageDownloader.java:88)
05-17 16:32:20.477 E/ImageLoader(27911): 	at com.nostra13.universalimageloader.core.decode.BaseImageDecoder.getImageStream(BaseImageDecoder.java:98)
05-17 16:32:20.477 E/ImageLoader(27911): 	at com.nostra13.universalimageloader.core.decode.BaseImageDecoder.decode(BaseImageDecoder.java:74)
05-17 16:32:20.477 E/ImageLoader(27911): 	at com.nostra13.universalimageloader.core.LoadAndDisplayImageTask.decodeImage(LoadAndDisplayImageTask.java:265)
05-17 16:32:20.477 E/ImageLoader(27911): 	at com.nostra13.universalimageloader.core.LoadAndDisplayImageTask.tryLoadBitmap(LoadAndDisplayImageTask.java:238)
05-17 16:32:20.477 E/ImageLoader(27911): 	at com.nostra13.universalimageloader.core.LoadAndDisplayImageTask.run(LoadAndDisplayImageTask.java:136)
05-17 16:32:20.477 E/ImageLoader(27911): 	at java.util.concurrent.ThreadPoolExecutor.runWorker(ThreadPoolExecutor.java:1112)
05-17 16:32:20.477 E/ImageLoader(27911): 	at java.util.concurrent.ThreadPoolExecutor$Worker.run(ThreadPoolExecutor.java:587)
05-17 16:32:20.477 E/ImageLoader(27911): 	at java.lang.Thread.run(Thread.java:818)
05-17 16:32:20.514 E/ImageLoader(27911): http://211.138.252.146:38093/bmdp//png/groupicon/103.png
05-17 16:32:20.514 E/ImageLoader(27911): java.io.FileNotFoundException: http://211.138.252.146:38093/bmdp//png/groupicon/103.png
05-17 16:32:20.514 E/ImageLoader(27911): 	at com.android.okhttp.internal.http.HttpURLConnectionImpl.getInputStream(HttpURLConnectionImpl.java:206)
05-17 16:32:20.514 E/ImageLoader(27911): 	at com.nostra13.universalimageloader.core.download.BaseImageDownloader.getStreamFromNetwork(BaseImageDownloader.java:124)
05-17 16:32:20.514 E/ImageLoader(27911): 	at com.nostra13.universalimageloader.core.download.BaseImageDownloader.getStream(BaseImageDownloader.java:88)
05-17 16:32:20.514 E/ImageLoader(27911): 	at com.nostra13.universalimageloader.core.LoadAndDisplayImageTask.downloadImage(LoadAndDisplayImageTask.java:291)
05-17 16:32:20.514 E/ImageLoader(27911): 	at com.nostra13.universalimageloader.core.LoadAndDisplayImageTask.tryCacheImageOnDisk(LoadAndDisplayImageTask.java:274)
05-17 16:32:20.514 E/ImageLoader(27911): 	at com.nostra13.universalimageloader.core.LoadAndDisplayImageTask.tryLoadBitmap(LoadAndDisplayImageTask.java:230)
05-17 16:32:20.514 E/ImageLoader(27911): 	at com.nostra13.universalimageloader.core.LoadAndDisplayImageTask.run(LoadAndDisplayImageTask.java:136)
05-17 16:32:20.514 E/ImageLoader(27911): 	at java.util.concurrent.ThreadPoolExecutor.runWorker(ThreadPoolExecutor.java:1112)
05-17 16:32:20.514 E/ImageLoader(27911): 	at java.util.concurrent.ThreadPoolExecutor$Worker.run(ThreadPoolExecutor.java:587)
05-17 16:32:20.514 E/ImageLoader(27911): 	at java.lang.Thread.run(Thread.java:818)
05-17 16:32:20.575 E/ImageLoader(27911): http://211.138.252.146:38093/bmdp//png/groupicon/103.png
05-17 16:32:20.575 E/ImageLoader(27911): java.io.FileNotFoundException: http://211.138.252.146:38093/bmdp//png/groupicon/103.png
05-17 16:32:20.575 E/ImageLoader(27911): 	at com.android.okhttp.internal.http.HttpURLConnectionImpl.getInputStream(HttpURLConnectionImpl.java:206)
05-17 16:32:20.575 E/ImageLoader(27911): 	at com.nostra13.universalimageloader.core.download.BaseImageDownloader.getStreamFromNetwork(BaseImageDownloader.java:124)
05-17 16:32:20.575 E/ImageLoader(27911): 	at com.nostra13.universalimageloader.core.download.BaseImageDownloader.getStream(BaseImageDownloader.java:88)
05-17 16:32:20.575 E/ImageLoader(27911): 	at com.nostra13.universalimageloader.core.decode.BaseImageDecoder.getImageStream(BaseImageDecoder.java:98)
05-17 16:32:20.575 E/ImageLoader(27911): 	at com.nostra13.universalimageloader.core.decode.BaseImageDecoder.decode(BaseImageDecoder.java:74)
05-17 16:32:20.575 E/ImageLoader(27911): 	at com.nostra13.universalimageloader.core.LoadAndDisplayImageTask.decodeImage(LoadAndDisplayImageTask.java:265)
05-17 16:32:20.575 E/ImageLoader(27911): 	at com.nostra13.universalimageloader.core.LoadAndDisplayImageTask.tryLoadBitmap(LoadAndDisplayImageTask.java:238)
05-17 16:32:20.575 E/ImageLoader(27911): 	at com.nostra13.universalimageloader.core.LoadAndDisplayImageTask.run(LoadAndDisplayImageTask.java:136)
05-17 16:32:20.575 E/ImageLoader(27911): 	at java.util.concurrent.ThreadPoolExecutor.runWorker(ThreadPoolExecutor.java:1112)
05-17 16:32:20.575 E/ImageLoader(27911): 	at java.util.concurrent.ThreadPoolExecutor$Worker.run(ThreadPoolExecutor.java:587)
05-17 16:32:20.575 E/ImageLoader(27911): 	at java.lang.Thread.run(Thread.java:818)
05-17 16:32:21.101 E/WifiTrafficPoller(  851): TRAFFIC_STATS_POLL true Token 2406 num clients 19
05-17 16:32:21.103 E/WifiTrafficPoller(  851):  packet count Tx=1621330 Rx=5426442
05-17 16:32:22.102 E/WifiTrafficPoller(  851): TRAFFIC_STATS_POLL true Token 2406 num clients 19
05-17 16:32:22.103 E/WifiTrafficPoller(  851):  packet count Tx=1621331 Rx=5426451
05-17 16:32:23.104 E/WifiTrafficPoller(  851): TRAFFIC_STATS_POLL true Token 2406 num clients 19
05-17 16:32:23.104 E/WifiTrafficPoller(  851):  packet count Tx=1621350 Rx=5426488
05-17 16:32:23.316 E/WifiStateMachine(  851):  ConnectedState (when=-2ms what=131155 arg1=548!CMD_RSSI_POLL 548 0 "BOCO-office" 94:b4:0f:68:a4:b1 rssi=-56 f=5785 sc=80 link=150 tx=15.0, 0.0, 0.0  rx=83.3 bcn=0 [on:0 tx:0 rx:0 period:3002] from screen [on:0 period:548502388] gl rssi=-56 ag=0 hr ticks 0,0,28 ls-=0 [56,56,60,60,65] brc=0 lrc=0
05-17 16:32:23.319 E/WifiStateMachine(  851):  L2ConnectedState (when=-5ms what=131155 arg1=548!CMD_RSSI_POLL 548 0 "BOCO-office" 94:b4:0f:68:a4:b1 rssi=-56 f=5785 sc=80 link=150 tx=15.0, 0.0, 0.0  rx=83.3 bcn=0 [on:0 tx:0 rx:0 period:3] from screen [on:0 period:548502391] gl rssi=-56 ag=0 hr ticks 0,0,28 ls-=0 [56,56,60,60,65] brc=0 lrc=0
05-17 16:32:23.319 E/WifiStateMachine(  851):  get link layer stats 0
05-17 16:32:23.336 E/WifiStateMachine(  851): calculateWifiScore() we set wifi's score to 1000, so will always set wifi as a default network.
05-17 16:32:24.106 E/WifiTrafficPoller(  851): TRAFFIC_STATS_POLL true Token 2406 num clients 19
05-17 16:32:24.107 E/WifiTrafficPoller(  851):  packet count Tx=1621362 Rx=5426517
05-17 16:32:25.108 E/WifiTrafficPoller(  851): TRAFFIC_STATS_POLL true Token 2406 num clients 19
05-17 16:32:25.110 E/WifiTrafficPoller(  851):  packet count Tx=1621362 Rx=5426526
05-17 16:32:25.110 E/WifiTrafficPoller(  851): notifying of data activity 1
05-17 16:32:26.115 E/WifiTrafficPoller(  851): TRAFFIC_STATS_POLL true Token 2406 num clients 19
05-17 16:32:26.116 E/WifiTrafficPoller(  851):  packet count Tx=1621362 Rx=5426553
05-17 16:32:26.339 E/WifiStateMachine(  851):  ConnectedState (when=-3ms what=131155 arg1=548!CMD_RSSI_POLL 548 0 "BOCO-office" 94:b4:0f:68:a4:b1 rssi=-56 f=5785 sc=80 link=150 tx=27.0, 0.0, 0.0  rx=84.2 bcn=0 [on:0 tx:0 rx:0 period:3001] from screen [on:0 period:548505411] gl rssi=-56 ag=0 hr ticks 0,0,28 ls-=0 [56,56,60,60,65] brc=0 lrc=0
05-17 16:32:26.340 E/WifiStateMachine(  851):  L2ConnectedState (when=-4ms what=131155 arg1=548!CMD_RSSI_POLL 548 0 "BOCO-office" 94:b4:0f:68:a4:b1 rssi=-56 f=5785 sc=80 link=150 tx=27.0, 0.0, 0.0  rx=84.2 bcn=0 [on:0 tx:0 rx:0 period:1] from screen [on:0 period:548505412] gl rssi=-56 ag=0 hr ticks 0,0,28 ls-=0 [56,56,60,60,65] brc=0 lrc=0
05-17 16:32:26.340 E/WifiStateMachine(  851):  get link layer stats 0
05-17 16:32:26.366 E/WifiStateMachine(  851): calculateWifiScore() we set wifi's score to 1000, so will always set wifi as a default network.
05-17 16:32:27.118 E/WifiTrafficPoller(  851): TRAFFIC_STATS_POLL true Token 2406 num clients 19
05-17 16:32:27.118 E/WifiTrafficPoller(  851):  packet count Tx=1621362 Rx=5426582
05-17 16:32:27.278 E/SurfaceFlinger(  285): onDraw: bindTextureImage test
05-17 16:32:27.295 E/SurfaceFlinger(  285): onDraw: bindTextureImage test
