05-17 16:04:26.849 E/android.os.Debug(15924): failed to load memtrack module: -2
05-17 16:04:27.149 E/WifiTrafficPoller(  851): TRAFFIC_STATS_POLL true Token 2406 num clients 15
05-17 16:04:27.150 E/WifiTrafficPoller(  851):  packet count Tx=1617848 Rx=5388005
05-17 16:04:27.237 E/WifiStateMachine(  851):  ConnectedState (when=-3ms what=131155 arg1=548!CMD_RSSI_POLL 548 0 "BOCO-office" 94:b4:0f:68:a4:b1 rssi=-55 f=5785 sc=80 link=150 tx=3.2, 0.0, 0.0  rx=85.5 bcn=0 [on:0 tx:0 rx:0 period:3002] from screen [on:0 period:546826309] gl rssi=-55 ag=0 hr ticks 0,0,28 ls-=0 [56,56,56,56,61] brc=0 lrc=0
05-17 16:04:27.239 E/WifiStateMachine(  851):  L2ConnectedState (when=-4ms what=131155 arg1=548!CMD_RSSI_POLL 548 0 "BOCO-office" 94:b4:0f:68:a4:b1 rssi=-55 f=5785 sc=80 link=150 tx=3.2, 0.0, 0.0  rx=85.5 bcn=0 [on:0 tx:0 rx:0 period:2] from screen [on:0 period:546826311] gl rssi=-55 ag=0 hr ticks 0,0,28 ls-=0 [56,56,56,56,61] brc=0 lrc=0
05-17 16:04:27.239 E/WifiStateMachine(  851):  get link layer stats 0
05-17 16:04:27.244 E/WifiStateMachine(  851): calculateWifiScore() we set wifi's score to 1000, so will always set wifi as a default network.
05-17 16:04:27.582 E/memtrack(15941): Couldn't load memtrack module (No such file or directory)
05-17 16:04:27.582 E/android.os.Debug(15941): failed to load memtrack module: -2
05-17 16:04:28.150 E/WifiTrafficPoller(  851): TRAFFIC_STATS_POLL true Token 2406 num clients 15
05-17 16:04:28.151 E/WifiTrafficPoller(  851):  packet count Tx=1617848 Rx=5388032
05-17 16:04:28.526 E/memtrack(15957): Couldn't load memtrack module (No such file or directory)
05-17 16:04:28.527 E/android.os.Debug(15957): failed to load memtrack module: -2
05-17 16:04:29.151 E/WifiTrafficPoller(  851): TRAFFIC_STATS_POLL true Token 2406 num clients 15
05-17 16:04:29.152 E/WifiTrafficPoller(  851):  packet count Tx=1617848 Rx=5388057
05-17 16:04:29.379 E/memtrack(15978): Couldn't load memtrack module (No such file or directory)
05-17 16:04:29.379 E/android.os.Debug(15978): failed to load memtrack module: -2
05-17 16:04:30.099 E/memtrack(15995): Couldn't load memtrack module (No such file or directory)
05-17 16:04:30.099 E/android.os.Debug(15995): failed to load memtrack module: -2
05-17 16:04:30.153 E/WifiTrafficPoller(  851): TRAFFIC_STATS_POLL true Token 2406 num clients 15
05-17 16:04:30.153 E/WifiTrafficPoller(  851):  packet count Tx=1617848 Rx=5388082
05-17 16:04:30.248 E/WifiStateMachine(  851):  ConnectedState (when=-3ms what=131155 arg1=548!CMD_RSSI_POLL 548 0 "BOCO-office" 94:b4:0f:68:a4:b1 rssi=-55 f=5785 sc=80 link=150 tx=1.6, 0.0, 0.0  rx=82.8 bcn=0 [on:0 tx:0 rx:0 period:2999] from screen [on:0 period:546829320] gl rssi=-55 ag=0 hr ticks 0,0,28 ls-=0 [56,56,56,56,61] brc=0 lrc=0
05-17 16:04:30.251 E/WifiStateMachine(  851):  L2ConnectedState (when=-6ms what=131155 arg1=548!CMD_RSSI_POLL 548 0 "BOCO-office" 94:b4:0f:68:a4:b1 rssi=-55 f=5785 sc=80 link=150 tx=1.6, 0.0, 0.0  rx=82.8 bcn=0 [on:0 tx:0 rx:0 period:3] from screen [on:0 period:546829323] gl rssi=-55 ag=0 hr ticks 0,0,28 ls-=0 [56,56,56,56,61] brc=0 lrc=0
05-17 16:04:30.252 E/WifiStateMachine(  851):  get link layer stats 0
05-17 16:04:30.275 E/WifiStateMachine(  851): calculateWifiScore() we set wifi's score to 1000, so will always set wifi as a default network.
05-17 16:04:31.154 E/WifiTrafficPoller(  851): TRAFFIC_STATS_POLL true Token 2406 num clients 15
05-17 16:04:31.155 E/WifiTrafficPoller(  851):  packet count Tx=1617848 Rx=5388101
05-17 16:04:31.212 E/memtrack(16013): Couldn't load memtrack module (No such file or directory)
05-17 16:04:31.212 E/android.os.Debug(16013): failed to load memtrack module: -2
05-17 16:04:31.900 E/memtrack(16030): Couldn't load memtrack module (No such file or directory)
05-17 16:04:31.900 E/android.os.Debug(16030): failed to load memtrack module: -2
05-17 16:04:32.155 E/WifiTrafficPoller(  851): TRAFFIC_STATS_POLL true Token 2406 num clients 15
05-17 16:04:32.156 E/WifiTrafficPoller(  851):  packet count Tx=1617849 Rx=5388124
05-17 16:04:32.156 E/WifiTrafficPoller(  851): notifying of data activity 3
05-17 16:04:33.157 E/WifiTrafficPoller(  851): TRAFFIC_STATS_POLL true Token 2406 num clients 15
05-17 16:04:33.158 E/WifiTrafficPoller(  851):  packet count Tx=1617861 Rx=5388157
05-17 16:04:33.280 E/WifiStateMachine(  851):  ConnectedState (when=-4ms what=131155 arg1=548!CMD_RSSI_POLL 548 0 "BOCO-office" 94:b4:0f:68:a4:b1 rssi=-55 f=5785 sc=80 link=150 tx=0.8, 0.0, 0.0  rx=79.4 bcn=0 [on:0 tx:0 rx:0 period:3001] from screen [on:0 period:546832352] gl rssi=-55 ag=0 hr ticks 0,0,28 ls-=0 [56,56,56,56,61] brc=0 lrc=0
05-17 16:04:33.283 E/WifiStateMachine(  851):  L2ConnectedState (when=-6ms what=131155 arg1=548!CMD_RSSI_POLL 548 0 "BOCO-office" 94:b4:0f:68:a4:b1 rssi=-55 f=5785 sc=80 link=150 tx=0.8, 0.0, 0.0  rx=79.4 bcn=0 [on:0 tx:0 rx:0 period:3] from screen [on:0 period:546832355] gl rssi=-55 ag=0 hr ticks 0,0,28 ls-=0 [56,56,56,56,61] brc=0 lrc=0
05-17 16:04:33.283 E/WifiStateMachine(  851):  get link layer stats 0
05-17 16:04:33.288 E/WifiStateMachine(  851): calculateWifiScore() we set wifi's score to 1000, so will always set wifi as a default network.
05-17 16:04:34.158 E/WifiTrafficPoller(  851): TRAFFIC_STATS_POLL true Token 2406 num clients 15
05-17 16:04:34.158 E/WifiTrafficPoller(  851):  packet count Tx=1617861 Rx=5388183
05-17 16:04:34.158 E/WifiTrafficPoller(  851): notifying of data activity 1
05-17 16:04:35.159 E/WifiTrafficPoller(  851): TRAFFIC_STATS_POLL true Token 2406 num clients 15
05-17 16:04:35.160 E/WifiTrafficPoller(  851):  packet count Tx=1617861 Rx=5388206
05-17 16:04:35.438 E/memtrack(16079): Couldn't load memtrack module (No such file or directory)
05-17 16:04:35.438 E/android.os.Debug(16079): failed to load memtrack module: -2
05-17 16:04:36.009 E/VMSG    (16095): RegisterNatives OnUserCommand1
05-17 16:04:36.094 E/WifiTrafficPoller(  851): ADD_CLIENT: 16
05-17 16:04:36.159 E/WifiTrafficPoller(  851): TRAFFIC_STATS_POLL true Token 2406 num clients 16
05-17 16:04:36.160 E/WifiTrafficPoller(  851):  packet count Tx=1617863 Rx=5388233
05-17 16:04:36.160 E/WifiTrafficPoller(  851): notifying of data activity 3
05-17 16:04:36.211 E/NativeCrypto(16095): ssl=0x7faa202e00 cert_verify_callback x509_store_ctx=0x7f9e5b8e88 arg=0x0
05-17 16:04:36.211 E/NativeCrypto(16095): ssl=0x7faa202e00 cert_verify_callback calling verifyCertificateChain authMethod=ECDHE_RSA
05-17 16:04:36.292 E/WifiStateMachine(  851):  ConnectedState (when=-3ms what=131155 arg1=548!CMD_RSSI_POLL 548 0 "BOCO-office" 94:b4:0f:68:a4:b1 rssi=-56 f=5785 sc=80 link=150 tx=6.9, 0.0, 0.0  rx=78.7 bcn=0 [on:0 tx:0 rx:0 period:2995] from screen [on:0 period:546835364] gl rssi=-56 ag=0 hr ticks 0,0,28 ls-=0 [56,56,60,60,65] brc=0 lrc=0
05-17 16:04:36.293 E/WifiStateMachine(  851):  L2ConnectedState (when=-4ms what=131155 arg1=548!CMD_RSSI_POLL 548 0 "BOCO-office" 94:b4:0f:68:a4:b1 rssi=-56 f=5785 sc=80 link=150 tx=6.9, 0.0, 0.0  rx=78.7 bcn=0 [on:0 tx:0 rx:0 period:1] from screen [on:0 period:546835365] gl rssi=-56 ag=0 hr ticks 0,0,28 ls-=0 [56,56,60,60,65] brc=0 lrc=0
05-17 16:04:36.294 E/WifiStateMachine(  851):  get link layer stats 0
05-17 16:04:36.296 E/WifiStateMachine(  851): calculateWifiScore() we set wifi's score to 1000, so will always set wifi as a default network.
05-17 16:04:36.343 E/[PropSet](16095): connect fail
05-17 16:04:36.343 E/[PropSet](16095): send_prop_msg return err -1
05-17 16:04:36.430 E/baidumapsdk(16095): Authentication Error errorcode: 230 uid: -1 appid -1 msg: APP Scode
05-17 16:04:36.488 E/SurfaceFlinger(  285): onDraw: bindTextureImage test
05-17 16:04:36.505 E/SurfaceFlinger(  285): onDraw: bindTextureImage test
05-17 16:04:36.522 E/SurfaceFlinger(  285): onDraw: bindTextureImage test
05-17 16:04:36.538 E/SurfaceFlinger(  285): onDraw: bindTextureImage test
05-17 16:04:37.162 E/WifiTrafficPoller(  851): TRAFFIC_STATS_POLL true Token 2406 num clients 16
05-17 16:04:37.163 E/WifiTrafficPoller(  851):  packet count Tx=1617876 Rx=5388277
05-17 16:04:38.134 E/memtrack(16156): Couldn't load memtrack module (No such file or directory)
05-17 16:04:38.134 E/android.os.Debug(16156): failed to load memtrack module: -2
05-17 16:04:38.164 E/WifiTrafficPoller(  851): TRAFFIC_STATS_POLL true Token 2406 num clients 16
05-17 16:04:38.165 E/WifiTrafficPoller(  851):  packet count Tx=1617876 Rx=5388299
05-17 16:04:38.165 E/WifiTrafficPoller(  851): notifying of data activity 1
05-17 16:04:39.166 E/WifiTrafficPoller(  851): TRAFFIC_STATS_POLL true Token 2406 num clients 16
05-17 16:04:39.167 E/WifiTrafficPoller(  851):  packet count Tx=1617877 Rx=5388325
05-17 16:04:39.167 E/WifiTrafficPoller(  851): notifying of data activity 3
05-17 16:04:39.298 E/WifiStateMachine(  851):  ConnectedState (when=-2ms what=131155 arg1=548!CMD_RSSI_POLL 548 0 "BOCO-office" 94:b4:0f:68:a4:b1 rssi=-57 f=5785 sc=80 link=150 tx=10.4, 0.0, 0.0  rx=85.3 bcn=0 [on:0 tx:0 rx:0 period:3000] from screen [on:0 period:546838370] gl rssi=-57 ag=0 hr ticks 0,0,28 ls-=0 [56,56,60,60,65] brc=0 lrc=0
05-17 16:04:39.300 E/WifiStateMachine(  851):  L2ConnectedState (when=-3ms what=131155 arg1=548!CMD_RSSI_POLL 548 0 "BOCO-office" 94:b4:0f:68:a4:b1 rssi=-57 f=5785 sc=80 link=150 tx=10.4, 0.0, 0.0  rx=85.3 bcn=0 [on:0 tx:0 rx:0 period:2] from screen [on:0 period:546838372] gl rssi=-57 ag=0 hr ticks 0,0,28 ls-=0 [56,56,60,60,65] brc=0 lrc=0
05-17 16:04:39.300 E/WifiStateMachine(  851):  get link layer stats 0
05-17 16:04:39.304 E/WifiStateMachine(  851): calculateWifiScore() we set wifi's score to 1000, so will always set wifi as a default network.
05-17 16:04:40.168 E/WifiTrafficPoller(  851): TRAFFIC_STATS_POLL true Token 2406 num clients 16
05-17 16:04:40.169 E/WifiTrafficPoller(  851):  packet count Tx=1617877 Rx=5388349
05-17 16:04:40.169 E/WifiTrafficPoller(  851): notifying of data activity 1
05-17 16:04:41.171 E/WifiTrafficPoller(  851): TRAFFIC_STATS_POLL true Token 2406 num clients 16
05-17 16:04:41.172 E/WifiTrafficPoller(  851):  packet count Tx=1617877 Rx=5388367
05-17 16:04:41.630 E/memtrack(16181): Couldn't load memtrack module (No such file or directory)
05-17 16:04:41.630 E/android.os.Debug(16181): failed to load memtrack module: -2
05-17 16:04:42.172 E/WifiTrafficPoller(  851): TRAFFIC_STATS_POLL true Token 2406 num clients 16
05-17 16:04:42.172 E/WifiTrafficPoller(  851):  packet count Tx=1617877 Rx=5388384
05-17 16:04:42.308 E/WifiStateMachine(  851):  ConnectedState (when=-3ms what=131155 arg1=548!CMD_RSSI_POLL 548 0 "BOCO-office" 94:b4:0f:68:a4:b1 rssi=-57 f=5785 sc=80 link=150 tx=6.2, 0.0, 0.0  rx=80.2 bcn=0 [on:0 tx:0 rx:0 period:3000] from screen [on:0 period:546841380] gl rssi=-57 ag=0 hr ticks 0,0,28 ls-=0 [56,56,60,60,65] brc=0 lrc=0
05-17 16:04:42.309 E/WifiStateMachine(  851):  L2ConnectedState (when=-5ms what=131155 arg1=548!CMD_RSSI_POLL 548 0 "BOCO-office" 94:b4:0f:68:a4:b1 rssi=-57 f=5785 sc=80 link=150 tx=6.2, 0.0, 0.0  rx=80.2 bcn=0 [on:0 tx:0 rx:0 period:1] from screen [on:0 period:546841381] gl rssi=-57 ag=0 hr ticks 0,0,28 ls-=0 [56,56,60,60,65] brc=0 lrc=0
05-17 16:04:42.309 E/WifiStateMachine(  851):  get link layer stats 0
05-17 16:04:42.324 E/WifiStateMachine(  851): calculateWifiScore() we set wifi's score to 1000, so will always set wifi as a default network.
05-17 16:04:43.173 E/WifiTrafficPoller(  851): TRAFFIC_STATS_POLL true Token 2406 num clients 16
05-17 16:04:43.174 E/WifiTrafficPoller(  851):  packet count Tx=1617877 Rx=5388403
05-17 16:04:44.175 E/WifiTrafficPoller(  851): TRAFFIC_STATS_POLL true Token 2406 num clients 16
05-17 16:04:44.176 E/WifiTrafficPoller(  851):  packet count Tx=1617877 Rx=5388434
05-17 16:04:45.168 E/SurfaceFlinger(  285): onDraw: bindTextureImage test
05-17 16:04:45.177 E/WifiTrafficPoller(  851): TRAFFIC_STATS_POLL true Token 2406 num clients 16
05-17 16:04:45.177 E/WifiTrafficPoller(  851):  packet count Tx=1617877 Rx=5388451
05-17 16:04:45.185 E/SurfaceFlinger(  285): onDraw: bindTextureImage test
05-17 16:04:45.202 E/SurfaceFlinger(  285): onDraw: bindTextureImage test
05-17 16:04:45.218 E/SurfaceFlinger(  285): onDraw: bindTextureImage test
05-17 16:04:45.235 E/SurfaceFlinger(  285): onDraw: bindTextureImage test
05-17 16:04:45.252 E/SurfaceFlinger(  285): onDraw: bindTextureImage test
05-17 16:04:45.269 E/SurfaceFlinger(  285): onDraw: bindTextureImage test
05-17 16:04:45.285 E/SurfaceFlinger(  285): onDraw: bindTextureImage test
05-17 16:04:45.327 E/WifiStateMachine(  851):  ConnectedState (when=-3ms what=131155 arg1=548!CMD_RSSI_POLL 548 0 "BOCO-office" 94:b4:0f:68:a4:b1 rssi=-55 f=5785 sc=80 link=150 tx=3.1, 0.0, 0.0  rx=70.6 bcn=0 [on:0 tx:0 rx:0 period:3001] from screen [on:0 period:546844399] gl rssi=-55 ag=0 hr ticks 0,0,28 ls-=0 [56,56,56,56,61] brc=0 lrc=0
05-17 16:04:45.329 E/WifiStateMachine(  851):  L2ConnectedState (when=-4ms what=131155 arg1=548!CMD_RSSI_POLL 548 0 "BOCO-office" 94:b4:0f:68:a4:b1 rssi=-55 f=5785 sc=80 link=150 tx=3.1, 0.0, 0.0  rx=70.6 bcn=0 [on:0 tx:0 rx:0 period:1] from screen [on:0 period:546844400] gl rssi=-55 ag=0 hr ticks 0,0,28 ls-=0 [56,56,56,56,61] brc=0 lrc=0
05-17 16:04:45.329 E/WifiStateMachine(  851):  get link layer stats 0
05-17 16:04:45.331 E/WifiStateMachine(  851): calculateWifiScore() we set wifi's score to 1000, so will always set wifi as a default network.
05-17 16:04:45.471 E/SurfaceFlinger(  285): onDraw: bindTextureImage test
05-17 16:04:45.488 E/SurfaceFlinger(  285): onDraw: bindTextureImage test
05-17 16:04:45.504 E/SurfaceFlinger(  285): onDraw: bindTextureImage test
05-17 16:04:45.521 E/SurfaceFlinger(  285): onDraw: bindTextureImage test
05-17 16:04:45.538 E/SurfaceFlinger(  285): onDraw: bindTextureImage test
05-17 16:04:45.555 E/SurfaceFlinger(  285): onDraw: bindTextureImage test
05-17 16:04:45.572 E/SurfaceFlinger(  285): onDraw: bindTextureImage test
05-17 16:04:45.823 E/SurfaceFlinger(  285): onDraw: bindTextureImage test
05-17 16:04:45.840 E/SurfaceFlinger(  285): onDraw: bindTextureImage test
05-17 16:04:45.857 E/SurfaceFlinger(  285): onDraw: bindTextureImage test
05-17 16:04:45.873 E/SurfaceFlinger(  285): onDraw: bindTextureImage test
05-17 16:04:45.890 E/SurfaceFlinger(  285): onDraw: bindTextureImage test
05-17 16:04:46.144 E/SurfaceFlinger(  285): onDraw: bindTextureImage test
05-17 16:04:46.160 E/SurfaceFlinger(  285): onDraw: bindTextureImage test
05-17 16:04:46.177 E/SurfaceFlinger(  285): onDraw: bindTextureImage test
05-17 16:04:46.179 E/WifiTrafficPoller(  851): TRAFFIC_STATS_POLL true Token 2406 num clients 16
05-17 16:04:46.179 E/WifiTrafficPoller(  851):  packet count Tx=1617886 Rx=5388474
05-17 16:04:46.179 E/WifiTrafficPoller(  851): notifying of data activity 3
05-17 16:04:46.193 E/SurfaceFlinger(  285): onDraw: bindTextureImage test
05-17 16:04:46.211 E/SurfaceFlinger(  285): onDraw: bindTextureImage test
05-17 16:04:46.227 E/SurfaceFlinger(  285): onDraw: bindTextureImage test
05-17 16:04:46.244 E/SurfaceFlinger(  285): onDraw: bindTextureImage test
05-17 16:04:46.260 E/SurfaceFlinger(  285): onDraw: bindTextureImage test
05-17 16:04:47.181 E/WifiTrafficPoller(  851): TRAFFIC_STATS_POLL true Token 2406 num clients 16
05-17 16:04:47.181 E/WifiTrafficPoller(  851):  packet count Tx=1617886 Rx=5388506
05-17 16:04:47.182 E/WifiTrafficPoller(  851): notifying of data activity 1
05-17 16:04:47.506 E/SurfaceFlinger(  285): onDraw: bindTextureImage test
05-17 16:04:47.507 E/SurfaceFlinger(  285): onDraw: bindTextureImage test
05-17 16:04:47.507 E/SurfaceFlinger(  285): onDraw: bindTextureImage test
05-17 16:04:48.184 E/WifiTrafficPoller(  851): TRAFFIC_STATS_POLL true Token 2406 num clients 16
05-17 16:04:48.184 E/WifiTrafficPoller(  851):  packet count Tx=1617886 Rx=5388532
05-17 16:04:48.336 E/WifiStateMachine(  851):  ConnectedState (when=-4ms what=131155 arg1=548!CMD_RSSI_POLL 548 0 "BOCO-office" 94:b4:0f:68:a4:b1 rssi=-56 f=5785 sc=80 link=150 tx=2.1, 0.0, 0.0  rx=67.3 bcn=0 [on:0 tx:0 rx:0 period:3001] from screen [on:0 period:546847408] gl rssi=-56 ag=0 hr ticks 0,0,28 ls-=0 [56,56,56,56,61] brc=0 lrc=0
05-17 16:04:48.338 E/WifiStateMachine(  851):  L2ConnectedState (when=-6ms what=131155 arg1=548!CMD_RSSI_POLL 548 0 "BOCO-office" 94:b4:0f:68:a4:b1 rssi=-56 f=5785 sc=80 link=150 tx=2.1, 0.0, 0.0  rx=67.3 bcn=0 [on:0 tx:0 rx:0 period:2] from screen [on:0 period:546847410] gl rssi=-56 ag=0 hr ticks 0,0,28 ls-=0 [56,56,56,56,61] brc=0 lrc=0
05-17 16:04:48.340 E/WifiStateMachine(  851):  get link layer stats 0
05-17 16:04:48.364 E/WifiStateMachine(  851): calculateWifiScore() we set wifi's score to 1000, so will always set wifi as a default network.
05-17 16:04:49.185 E/WifiTrafficPoller(  851): TRAFFIC_STATS_POLL true Token 2406 num clients 16
05-17 16:04:49.185 E/WifiTrafficPoller(  851):  packet count Tx=1617886 Rx=5388576
05-17 16:04:49.629 E/TouchFilter(  851): setTouchFilter LOG Enable prameter: 1
05-17 16:04:50.186 E/WifiTrafficPoller(  851): TRAFFIC_STATS_POLL true Token 2406 num clients 16
05-17 16:04:50.186 E/WifiTrafficPoller(  851):  packet count Tx=1617886 Rx=5388601
05-17 16:04:51.186 E/WifiTrafficPoller(  851): TRAFFIC_STATS_POLL true Token 2406 num clients 16
05-17 16:04:51.203 E/WifiTrafficPoller(  851):  packet count Tx=1617886 Rx=5388628
05-17 16:04:51.370 E/WifiStateMachine(  851):  ConnectedState (when=-4ms what=131155 arg1=548!CMD_RSSI_POLL 548 0 "BOCO-office" 94:b4:0f:68:a4:b1 rssi=-56 f=5785 sc=80 link=150 tx=5.0, 0.0, 0.0  rx=75.1 bcn=0 [on:0 tx:0 rx:0 period:3000] from screen [on:0 period:546850442] gl rssi=-56 ag=0 hr ticks 0,0,28 ls-=0 [56,56,60,60,65] brc=0 lrc=0
05-17 16:04:51.372 E/WifiStateMachine(  851):  L2ConnectedState (when=-5ms what=131155 arg1=548!CMD_RSSI_POLL 548 0 "BOCO-office" 94:b4:0f:68:a4:b1 rssi=-56 f=5785 sc=80 link=150 tx=5.0, 0.0, 0.0  rx=75.1 bcn=0 [on:0 tx:0 rx:0 period:2] from screen [on:0 period:546850444] gl rssi=-56 ag=0 hr ticks 0,0,28 ls-=0 [56,56,60,60,65] brc=0 lrc=0
05-17 16:04:51.372 E/WifiStateMachine(  851):  get link layer stats 0
05-17 16:04:51.384 E/WifiStateMachine(  851): calculateWifiScore() we set wifi's score to 1000, so will always set wifi as a default network.
05-17 16:04:52.203 E/WifiTrafficPoller(  851): TRAFFIC_STATS_POLL true Token 2406 num clients 16
05-17 16:04:52.205 E/WifiTrafficPoller(  851):  packet count Tx=1617888 Rx=5388657
05-17 16:04:52.205 E/WifiTrafficPoller(  851): notifying of data activity 3
05-17 16:04:52.703 E/SurfaceFlinger(  285): onDraw: bindTextureImage test
05-17 16:04:52.720 E/SurfaceFlinger(  285): onDraw: bindTextureImage test
05-17 16:04:52.736 E/SurfaceFlinger(  285): onDraw: bindTextureImage test
05-17 16:04:52.753 E/SurfaceFlinger(  285): onDraw: bindTextureImage test
05-17 16:04:52.771 E/SurfaceFlinger(  285): onDraw: bindTextureImage test
05-17 16:04:52.787 E/SurfaceFlinger(  285): onDraw: bindTextureImage test
05-17 16:04:52.804 E/SurfaceFlinger(  285): onDraw: bindTextureImage test
05-17 16:04:53.157 E/SurfaceFlinger(  285): onDraw: bindTextureImage test
05-17 16:04:53.174 E/SurfaceFlinger(  285): onDraw: bindTextureImage test
05-17 16:04:53.191 E/SurfaceFlinger(  285): onDraw: bindTextureImage test
05-17 16:04:53.207 E/WifiTrafficPoller(  851): TRAFFIC_STATS_POLL true Token 2406 num clients 16
05-17 16:04:53.207 E/SurfaceFlinger(  285): onDraw: bindTextureImage test
05-17 16:04:53.208 E/WifiTrafficPoller(  851):  packet count Tx=1617891 Rx=5388693
05-17 16:04:53.224 E/SurfaceFlinger(  285): onDraw: bindTextureImage test
05-17 16:04:53.241 E/SurfaceFlinger(  285): onDraw: bindTextureImage test
05-17 16:04:53.258 E/SurfaceFlinger(  285): onDraw: bindTextureImage test
05-17 16:04:54.209 E/WifiTrafficPoller(  851): TRAFFIC_STATS_POLL true Token 2406 num clients 16
05-17 16:04:54.210 E/WifiTrafficPoller(  851):  packet count Tx=1617891 Rx=5388720
05-17 16:04:54.210 E/WifiTrafficPoller(  851): notifying of data activity 1
05-17 16:04:54.385 E/WifiStateMachine(  851):  ConnectedState (when=-1ms what=131155 arg1=548!CMD_RSSI_POLL 548 0 "BOCO-office" 94:b4:0f:68:a4:b1 rssi=-55 f=5785 sc=80 link=150 tx=2.5, 0.0, 0.0  rx=85.1 bcn=0 [on:0 tx:0 rx:0 period:2998] from screen [on:0 period:546853457] gl rssi=-55 ag=0 hr ticks 0,0,28 ls-=0 [56,56,56,56,61] brc=0 lrc=0
05-17 16:04:54.388 E/WifiStateMachine(  851):  L2ConnectedState (when=-4ms what=131155 arg1=548!CMD_RSSI_POLL 548 0 "BOCO-office" 94:b4:0f:68:a4:b1 rssi=-55 f=5785 sc=80 link=150 tx=2.5, 0.0, 0.0  rx=85.1 bcn=0 [on:0 tx:0 rx:0 period:3] from screen [on:0 period:546853460] gl rssi=-55 ag=0 hr ticks 0,0,28 ls-=0 [56,56,56,56,61] brc=0 lrc=0
05-17 16:04:54.389 E/WifiStateMachine(  851):  get link layer stats 0
05-17 16:04:54.407 E/WifiStateMachine(  851): calculateWifiScore() we set wifi's score to 1000, so will always set wifi as a default network.
05-17 16:04:55.213 E/WifiTrafficPoller(  851): TRAFFIC_STATS_POLL true Token 2406 num clients 16
05-17 16:04:55.213 E/WifiTrafficPoller(  851):  packet count Tx=1617892 Rx=5388749
05-17 16:04:55.213 E/WifiTrafficPoller(  851): notifying of data activity 3
05-17 16:04:56.214 E/WifiTrafficPoller(  851): TRAFFIC_STATS_POLL true Token 2406 num clients 16
05-17 16:04:56.214 E/WifiTrafficPoller(  851):  packet count Tx=1617900 Rx=5388785
05-17 16:04:57.215 E/WifiTrafficPoller(  851): TRAFFIC_STATS_POLL true Token 2406 num clients 16
05-17 16:04:57.216 E/WifiTrafficPoller(  851):  packet count Tx=1617900 Rx=5388809
05-17 16:04:57.216 E/WifiTrafficPoller(  851): notifying of data activity 1
05-17 16:04:57.412 E/WifiStateMachine(  851):  ConnectedState (when=-4ms what=131155 arg1=548!CMD_RSSI_POLL 548 0 "BOCO-office" 94:b4:0f:68:a4:b1 rssi=-54 f=5785 sc=80 link=150 tx=3.8, 0.0, 0.0  rx=90.5 bcn=0 [on:0 tx:0 rx:0 period:3002] from screen [on:0 period:546856484] gl rssi=-54 ag=0 hr ticks 0,0,28 ls-=0 [56,56,56,56,61] brc=0 lrc=0
05-17 16:04:57.415 E/WifiStateMachine(  851):  L2ConnectedState (when=-4ms what=131155 arg1=548!CMD_RSSI_POLL 548 0 "BOCO-office" 94:b4:0f:68:a4:b1 rssi=-54 f=5785 sc=80 link=150 tx=3.8, 0.0, 0.0  rx=90.5 bcn=0 [on:0 tx:0 rx:0 period:2] from screen [on:0 period:546856486] gl rssi=-54 ag=0 hr ticks 0,0,28 ls-=0 [56,56,56,56,61] brc=0 lrc=0
05-17 16:04:57.415 E/WifiStateMachine(  851):  get link layer stats 0
05-17 16:04:57.424 E/WifiStateMachine(  851): calculateWifiScore() we set wifi's score to 1000, so will always set wifi as a default network.
05-17 16:04:58.217 E/WifiTrafficPoller(  851): TRAFFIC_STATS_POLL true Token 2406 num clients 16
05-17 16:04:58.218 E/WifiTrafficPoller(  851):  packet count Tx=1617900 Rx=5388825
05-17 16:04:59.219 E/WifiTrafficPoller(  851): TRAFFIC_STATS_POLL true Token 2406 num clients 16
05-17 16:04:59.220 E/WifiTrafficPoller(  851):  packet count Tx=1617900 Rx=5388847
05-17 16:04:59.456 E/memtrack(16218): Couldn't load memtrack module (No such file or directory)
05-17 16:04:59.456 E/android.os.Debug(16218): failed to load memtrack module: -2
05-17 16:04:59.940 E/UndealCount.QZoneUnreadServletLogic(32009): creditlevel:2 message:
05-17 16:05:00.220 E/WifiTrafficPoller(  851): TRAFFIC_STATS_POLL true Token 2406 num clients 15
05-17 16:05:00.221 E/WifiTrafficPoller(  851):  packet count Tx=1617905 Rx=5388879
05-17 16:05:00.221 E/WifiTrafficPoller(  851): notifying of data activity 3
05-17 16:05:00.428 E/WifiStateMachine(  851):  ConnectedState (when=-4ms what=131155 arg1=548!CMD_RSSI_POLL 548 0 "BOCO-office" 94:b4:0f:68:a4:b1 rssi=-53 f=5785 sc=80 link=150 tx=6.4, 0.0, 0.0  rx=86.8 bcn=0 [on:0 tx:0 rx:0 period:3003] from screen [on:0 period:546859500] gl rssi=-53 ag=0 hr ticks 0,0,28 ls-=0 [56,56,60,60,65] brc=0 lrc=0
05-17 16:05:00.430 E/WifiStateMachine(  851):  L2ConnectedState (when=-6ms what=131155 arg1=548!CMD_RSSI_POLL 548 0 "BOCO-office" 94:b4:0f:68:a4:b1 rssi=-53 f=5785 sc=80 link=150 tx=6.4, 0.0, 0.0  rx=86.8 bcn=0 [on:0 tx:0 rx:0 period:2] from screen [on:0 period:546859502] gl rssi=-53 ag=0 hr ticks 0,0,28 ls-=0 [56,56,60,60,65] brc=0 lrc=0
05-17 16:05:00.430 E/WifiStateMachine(  851):  get link layer stats 0
05-17 16:05:00.435 E/WifiStateMachine(  851): calculateWifiScore() we set wifi's score to 1000, so will always set wifi as a default network.
05-17 16:05:01.223 E/WifiTrafficPoller(  851): TRAFFIC_STATS_POLL true Token 2406 num clients 15
05-17 16:05:01.223 E/WifiTrafficPoller(  851):  packet count Tx=1617910 Rx=5388909
05-17 16:05:01.643 E/memtrack(16250): Couldn't load memtrack module (No such file or directory)
05-17 16:05:01.643 E/android.os.Debug(16250): failed to load memtrack module: -2
05-17 16:05:02.224 E/WifiTrafficPoller(  851): TRAFFIC_STATS_POLL true Token 2406 num clients 15
05-17 16:05:02.226 E/WifiTrafficPoller(  851):  packet count Tx=1617912 Rx=5388933
05-17 16:05:03.227 E/WifiTrafficPoller(  851): TRAFFIC_STATS_POLL true Token 2406 num clients 15
05-17 16:05:03.228 E/WifiTrafficPoller(  851):  packet count Tx=1617912 Rx=5388955
05-17 16:05:03.228 E/WifiTrafficPoller(  851): notifying of data activity 1
05-17 16:05:03.439 E/WifiStateMachine(  851):  ConnectedState (when=-3ms what=131155 arg1=548!CMD_RSSI_POLL 548 0 "BOCO-office" 94:b4:0f:68:a4:b1 rssi=-53 f=5785 sc=80 link=150 tx=6.7, 0.0, 0.0  rx=80.9 bcn=0 [on:0 tx:0 rx:0 period:3001] from screen [on:0 period:546862511] gl rssi=-53 ag=0 hr ticks 0,0,28 ls-=0 [56,56,60,60,65] brc=0 lrc=0
05-17 16:05:03.442 E/WifiStateMachine(  851):  L2ConnectedState (when=-6ms what=131155 arg1=548!CMD_RSSI_POLL 548 0 "BOCO-office" 94:b4:0f:68:a4:b1 rssi=-53 f=5785 sc=80 link=150 tx=6.7, 0.0, 0.0  rx=80.9 bcn=0 [on:0 tx:0 rx:0 period:3] from screen [on:0 period:546862514] gl rssi=-53 ag=0 hr ticks 0,0,28 ls-=0 [56,56,60,60,65] brc=0 lrc=0
05-17 16:05:03.442 E/WifiStateMachine(  851):  get link layer stats 0
05-17 16:05:03.466 E/WifiStateMachine(  851): calculateWifiScore() we set wifi's score to 1000, so will always set wifi as a default network.
05-17 16:05:03.961 E/memtrack(16268): Couldn't load memtrack module (No such file or directory)
05-17 16:05:03.961 E/android.os.Debug(16268): failed to load memtrack module: -2
05-17 16:05:04.233 E/WifiTrafficPoller(  851): TRAFFIC_STATS_POLL true Token 2406 num clients 15
05-17 16:05:04.234 E/WifiTrafficPoller(  851):  packet count Tx=1617912 Rx=5388979
05-17 16:05:05.235 E/WifiTrafficPoller(  851): TRAFFIC_STATS_POLL true Token 2406 num clients 15
05-17 16:05:05.235 E/WifiTrafficPoller(  851):  packet count Tx=1617912 Rx=5388997
05-17 16:05:05.415 E/memtrack(16286): Couldn't load memtrack module (No such file or directory)
05-17 16:05:05.415 E/android.os.Debug(16286): failed to load memtrack module: -2
05-17 16:05:06.237 E/WifiTrafficPoller(  851): TRAFFIC_STATS_POLL true Token 2406 num clients 15
05-17 16:05:06.237 E/WifiTrafficPoller(  851):  packet count Tx=1617912 Rx=5389015
05-17 16:05:06.469 E/WifiStateMachine(  851):  ConnectedState (when=-3ms what=131155 arg1=548!CMD_RSSI_POLL 548 0 "BOCO-office" 94:b4:0f:68:a4:b1 rssi=-53 f=5785 sc=80 link=150 tx=5.8, 0.0, 0.0  rx=77.4 bcn=0 [on:0 tx:0 rx:0 period:3001] from screen [on:0 period:546865541] gl rssi=-53 ag=0 hr ticks 0,0,28 ls-=0 [56,56,60,60,65] brc=0 lrc=0
05-17 16:05:06.470 E/WifiStateMachine(  851):  L2ConnectedState (when=-4ms what=131155 arg1=548!CMD_RSSI_POLL 548 0 "BOCO-office" 94:b4:0f:68:a4:b1 rssi=-53 f=5785 sc=80 link=150 tx=5.8, 0.0, 0.0  rx=77.4 bcn=0 [on:0 tx:0 rx:0 period:1] from screen [on:0 period:546865542] gl rssi=-53 ag=0 hr ticks 0,0,28 ls-=0 [56,56,60,60,65] brc=0 lrc=0
05-17 16:05:06.470 E/WifiStateMachine(  851):  get link layer stats 0
05-17 16:05:06.485 E/WifiStateMachine(  851): calculateWifiScore() we set wifi's score to 1000, so will always set wifi as a default network.
05-17 16:05:06.833 E/memtrack(16304): Couldn't load memtrack module (No such file or directory)
05-17 16:05:06.833 E/android.os.Debug(16304): failed to load memtrack module: -2
05-17 16:05:07.237 E/WifiTrafficPoller(  851): TRAFFIC_STATS_POLL true Token 2406 num clients 15
05-17 16:05:07.238 E/WifiTrafficPoller(  851):  packet count Tx=1617912 Rx=5389042
05-17 16:05:07.560 E/memtrack(16321): Couldn't load memtrack module (No such file or directory)
05-17 16:05:07.560 E/android.os.Debug(16321): failed to load memtrack module: -2
05-17 16:05:08.238 E/WifiTrafficPoller(  851): TRAFFIC_STATS_POLL true Token 2406 num clients 15
05-17 16:05:08.238 E/WifiTrafficPoller(  851):  packet count Tx=1617912 Rx=5389061
05-17 16:05:08.591 E/memtrack(16337): Couldn't load memtrack module (No such file or directory)
05-17 16:05:08.591 E/android.os.Debug(16337): failed to load memtrack module: -2
05-17 16:05:09.240 E/WifiTrafficPoller(  851): TRAFFIC_STATS_POLL true Token 2406 num clients 15
05-17 16:05:09.241 E/WifiTrafficPoller(  851):  packet count Tx=1617928 Rx=5389110
05-17 16:05:09.241 E/WifiTrafficPoller(  851): notifying of data activity 3
05-17 16:05:09.489 E/WifiStateMachine(  851):  ConnectedState (when=-4ms what=131155 arg1=548!CMD_RSSI_POLL 548 0 "BOCO-office" 94:b4:0f:68:a4:b1 rssi=-54 f=5785 sc=80 link=150 tx=2.9, 0.0, 0.0  rx=74.2 bcn=0 [on:0 tx:0 rx:0 period:3003] from screen [on:0 period:546868561] gl rssi=-54 ag=0 hr ticks 0,0,28 ls-=0 [56,56,56,56,61] brc=0 lrc=0
05-17 16:05:09.489 E/WifiStateMachine(  851):  L2ConnectedState (when=-5ms what=131155 arg1=548!CMD_RSSI_POLL 548 0 "BOCO-office" 94:b4:0f:68:a4:b1 rssi=-54 f=5785 sc=80 link=150 tx=2.9, 0.0, 0.0  rx=74.2 bcn=0 [on:0 tx:0 rx:0 period:0] from screen [on:0 period:546868561] gl rssi=-54 ag=0 hr ticks 0,0,28 ls-=0 [56,56,56,56,61] brc=0 lrc=0
05-17 16:05:09.489 E/WifiStateMachine(  851):  get link layer stats 0
05-17 16:05:09.503 E/WifiStateMachine(  851): calculateWifiScore() we set wifi's score to 1000, so will always set wifi as a default network.
05-17 16:05:09.558 E/memtrack(16359): Couldn't load memtrack module (No such file or directory)
05-17 16:05:09.558 E/android.os.Debug(16359): failed to load memtrack module: -2
05-17 16:05:10.242 E/WifiTrafficPoller(  851): TRAFFIC_STATS_POLL true Token 2406 num clients 15
05-17 16:05:10.242 E/WifiTrafficPoller(  851):  packet count Tx=1617928 Rx=5389120
05-17 16:05:10.242 E/WifiTrafficPoller(  851): notifying of data activity 1
05-17 16:05:10.473 E/memtrack(16375): Couldn't load memtrack module (No such file or directory)
05-17 16:05:10.473 E/android.os.Debug(16375): failed to load memtrack module: -2
05-17 16:05:11.243 E/WifiTrafficPoller(  851): TRAFFIC_STATS_POLL true Token 2406 num clients 15
05-17 16:05:11.244 E/WifiTrafficPoller(  851):  packet count Tx=1617928 Rx=5389134
05-17 16:05:11.688 E/memtrack(16394): Couldn't load memtrack module (No such file or directory)
05-17 16:05:11.688 E/android.os.Debug(16394): failed to load memtrack module: -2
05-17 16:05:12.245 E/WifiTrafficPoller(  851): TRAFFIC_STATS_POLL true Token 2406 num clients 15
05-17 16:05:12.245 E/WifiTrafficPoller(  851):  packet count Tx=1617928 Rx=5389150
05-17 16:05:12.398 E/memtrack(16412): Couldn't load memtrack module (No such file or directory)
05-17 16:05:12.398 E/android.os.Debug(16412): failed to load memtrack module: -2
05-17 16:05:12.508 E/WifiStateMachine(  851):  ConnectedState (when=-4ms what=131155 arg1=548!CMD_RSSI_POLL 548 0 "BOCO-office" 94:b4:0f:68:a4:b1 rssi=-54 f=5785 sc=80 link=150 tx=9.5, 0.0, 0.0  rx=78.1 bcn=0 [on:0 tx:0 rx:0 period:3003] from screen [on:0 period:546871580] gl rssi=-54 ag=0 hr ticks 0,0,28 ls-=0 [56,56,60,60,65] brc=0 lrc=0
05-17 16:05:12.510 E/WifiStateMachine(  851):  L2ConnectedState (when=-6ms what=131155 arg1=548!CMD_RSSI_POLL 548 0 "BOCO-office" 94:b4:0f:68:a4:b1 rssi=-54 f=5785 sc=80 link=150 tx=9.5, 0.0, 0.0  rx=78.1 bcn=0 [on:0 tx:0 rx:0 period:2] from screen [on:0 period:546871582] gl rssi=-54 ag=0 hr ticks 0,0,28 ls-=0 [56,56,60,60,65] brc=0 lrc=0
05-17 16:05:12.511 E/WifiStateMachine(  851):  get link layer stats 0
05-17 16:05:12.515 E/WifiStateMachine(  851): calculateWifiScore() we set wifi's score to 1000, so will always set wifi as a default network.
05-17 16:05:13.247 E/WifiTrafficPoller(  851): TRAFFIC_STATS_POLL true Token 2406 num clients 15
05-17 16:05:13.248 E/WifiTrafficPoller(  851):  packet count Tx=1617928 Rx=5389166
05-17 16:05:14.248 E/WifiTrafficPoller(  851): TRAFFIC_STATS_POLL true Token 2406 num clients 15
05-17 16:05:14.249 E/WifiTrafficPoller(  851):  packet count Tx=1617928 Rx=5389188
05-17 16:05:15.251 E/WifiTrafficPoller(  851): TRAFFIC_STATS_POLL true Token 2406 num clients 15
05-17 16:05:15.254 E/WifiTrafficPoller(  851):  packet count Tx=1617928 Rx=5389204
05-17 16:05:15.519 E/WifiStateMachine(  851):  ConnectedState (when=-3ms what=131155 arg1=548!CMD_RSSI_POLL 548 0 "BOCO-office" 94:b4:0f:68:a4:b1 rssi=-53 f=5785 sc=80 link=150 tx=4.7, 0.0, 0.0  rx=61.6 bcn=0 [on:0 tx:0 rx:0 period:3000] from screen [on:0 period:546874591] gl rssi=-53 ag=0 hr ticks 0,0,28 ls-=0 [56,56,56,56,61] brc=0 lrc=0
05-17 16:05:15.525 E/WifiStateMachine(  851):  L2ConnectedState (when=-8ms what=131155 arg1=548!CMD_RSSI_POLL 548 0 "BOCO-office" 94:b4:0f:68:a4:b1 rssi=-53 f=5785 sc=80 link=150 tx=4.7, 0.0, 0.0  rx=61.6 bcn=0 [on:0 tx:0 rx:0 period:6] from screen [on:0 period:546874597] gl rssi=-53 ag=0 hr ticks 0,0,28 ls-=0 [56,56,56,56,61] brc=0 lrc=0
05-17 16:05:15.527 E/WifiStateMachine(  851):  get link layer stats 0
05-17 16:05:15.559 E/WifiStateMachine(  851): calculateWifiScore() we set wifi's score to 1000, so will always set wifi as a default network.
05-17 16:05:16.255 E/WifiTrafficPoller(  851): TRAFFIC_STATS_POLL true Token 2406 num clients 15
05-17 16:05:16.257 E/WifiTrafficPoller(  851):  packet count Tx=1617928 Rx=5389222
05-17 16:05:17.257 E/WifiTrafficPoller(  851): TRAFFIC_STATS_POLL true Token 2406 num clients 15
05-17 16:05:17.257 E/WifiTrafficPoller(  851):  packet count Tx=1617928 Rx=5389249
05-17 16:05:17.506 E/memtrack(16432): Couldn't load memtrack module (No such file or directory)
05-17 16:05:17.507 E/android.os.Debug(16432): failed to load memtrack module: -2
05-17 16:05:18.251 E/memtrack(16466): Couldn't load memtrack module (No such file or directory)
05-17 16:05:18.251 E/android.os.Debug(16466): failed to load memtrack module: -2
05-17 16:05:18.258 E/WifiTrafficPoller(  851): TRAFFIC_STATS_POLL true Token 2406 num clients 15
05-17 16:05:18.259 E/WifiTrafficPoller(  851):  packet count Tx=1617928 Rx=5389270
05-17 16:05:18.569 E/WifiStateMachine(  851):  ConnectedState (when=-4ms what=131155 arg1=548!CMD_RSSI_POLL 548 0 "BOCO-office" 94:b4:0f:68:a4:b1 rssi=-53 f=5785 sc=80 link=150 tx=2.4, 0.0, 0.0  rx=55.8 bcn=0 [on:0 tx:0 rx:0 period:2991] from screen [on:0 period:546877641] gl rssi=-53 ag=0 hr ticks 0,0,28 ls-=0 [56,56,56,56,61] brc=0 lrc=0
05-17 16:05:18.573 E/WifiStateMachine(  851):  L2ConnectedState (when=-8ms what=131155 arg1=548!CMD_RSSI_POLL 548 0 "BOCO-office" 94:b4:0f:68:a4:b1 rssi=-53 f=5785 sc=80 link=150 tx=2.4, 0.0, 0.0  rx=55.8 bcn=0 [on:0 tx:0 rx:0 period:3] from screen [on:0 period:546877644] gl rssi=-53 ag=0 hr ticks 0,0,28 ls-=0 [56,56,56,56,61] brc=0 lrc=0
05-17 16:05:18.573 E/WifiStateMachine(  851):  get link layer stats 0
05-17 16:05:18.596 E/WifiStateMachine(  851): calculateWifiScore() we set wifi's score to 1000, so will always set wifi as a default network.
05-17 16:05:19.215 E/memtrack(16482): Couldn't load memtrack module (No such file or directory)
05-17 16:05:19.215 E/android.os.Debug(16482): failed to load memtrack module: -2
05-17 16:05:19.259 E/WifiTrafficPoller(  851): TRAFFIC_STATS_POLL true Token 2406 num clients 15
05-17 16:05:19.260 E/WifiTrafficPoller(  851):  packet count Tx=1617928 Rx=5389294
05-17 16:05:20.052 E/memtrack(16502): Couldn't load memtrack module (No such file or directory)
05-17 16:05:20.052 E/android.os.Debug(16502): failed to load memtrack module: -2
05-17 16:05:20.260 E/WifiTrafficPoller(  851): TRAFFIC_STATS_POLL true Token 2406 num clients 15
05-17 16:05:20.262 E/WifiTrafficPoller(  851):  packet count Tx=1617928 Rx=5389309
05-17 16:05:20.733 E/memtrack(16519): Couldn't load memtrack module (No such file or directory)
05-17 16:05:20.733 E/android.os.Debug(16519): failed to load memtrack module: -2
05-17 16:05:21.262 E/WifiTrafficPoller(  851): TRAFFIC_STATS_POLL true Token 2406 num clients 15
05-17 16:05:21.262 E/WifiTrafficPoller(  851):  packet count Tx=1617928 Rx=5389325
05-17 16:05:21.596 E/WifiStateMachine(  851):  ConnectedState (when=0 what=131155 arg1=548!CMD_RSSI_POLL 548 0 "BOCO-office" 94:b4:0f:68:a4:b1 rssi=-53 f=5785 sc=80 link=150 tx=1.2, 0.0, 0.0  rx=63.4 bcn=0 [on:0 tx:0 rx:0 period:2997] from screen [on:0 period:546880668] gl rssi=-53 ag=0 hr ticks 0,0,28 ls-=0 [56,56,56,56,61] brc=0 lrc=0
05-17 16:05:21.598 E/WifiStateMachine(  851):  L2ConnectedState (when=-2ms what=131155 arg1=548!CMD_RSSI_POLL 548 0 "BOCO-office" 94:b4:0f:68:a4:b1 rssi=-53 f=5785 sc=80 link=150 tx=1.2, 0.0, 0.0  rx=63.4 bcn=0 [on:0 tx:0 rx:0 period:2] from screen [on:0 period:546880670] gl rssi=-53 ag=0 hr ticks 0,0,28 ls-=0 [56,56,56,56,61] brc=0 lrc=0
05-17 16:05:21.599 E/WifiStateMachine(  851):  get link layer stats 0
05-17 16:05:21.603 E/WifiStateMachine(  851): calculateWifiScore() we set wifi's score to 1000, so will always set wifi as a default network.
05-17 16:05:21.870 E/memtrack(16538): Couldn't load memtrack module (No such file or directory)
05-17 16:05:21.870 E/android.os.Debug(16538): failed to load memtrack module: -2
05-17 16:05:22.263 E/WifiTrafficPoller(  851): TRAFFIC_STATS_POLL true Token 2406 num clients 15
05-17 16:05:22.263 E/WifiTrafficPoller(  851):  packet count Tx=1617928 Rx=5389348
05-17 16:05:22.555 E/memtrack(16554): Couldn't load memtrack module (No such file or directory)
05-17 16:05:22.555 E/android.os.Debug(16554): failed to load memtrack module: -2
05-17 16:05:23.264 E/WifiTrafficPoller(  851): TRAFFIC_STATS_POLL true Token 2406 num clients 15
05-17 16:05:23.265 E/WifiTrafficPoller(  851):  packet count Tx=1617928 Rx=5389373
05-17 16:05:24.265 E/WifiTrafficPoller(  851): TRAFFIC_STATS_POLL true Token 2406 num clients 15
05-17 16:05:24.267 E/WifiTrafficPoller(  851):  packet count Tx=1617928 Rx=5389403
05-17 16:05:24.608 E/WifiStateMachine(  851):  ConnectedState (when=-4ms what=131155 arg1=548!CMD_RSSI_POLL 548 0 "BOCO-office" 94:b4:0f:68:a4:b1 rssi=-53 f=5785 sc=80 link=150 tx=0.6, 0.0, 0.0  rx=59.7 bcn=0 [on:0 tx:0 rx:0 period:3000] from screen [on:0 period:546883680] gl rssi=-53 ag=0 hr ticks 0,0,28 ls-=0 [56,56,56,56,61] brc=0 lrc=0
05-17 16:05:24.610 E/WifiStateMachine(  851):  L2ConnectedState (when=-6ms what=131155 arg1=548!CMD_RSSI_POLL 548 0 "BOCO-office" 94:b4:0f:68:a4:b1 rssi=-53 f=5785 sc=80 link=150 tx=0.6, 0.0, 0.0  rx=59.7 bcn=0 [on:0 tx:0 rx:0 period:2] from screen [on:0 period:546883682] gl rssi=-53 ag=0 hr ticks 0,0,28 ls-=0 [56,56,56,56,61] brc=0 lrc=0
05-17 16:05:24.611 E/WifiStateMachine(  851):  get link layer stats 0
05-17 16:05:24.636 E/WifiStateMachine(  851): calculateWifiScore() we set wifi's score to 1000, so will always set wifi as a default network.
05-17 16:05:25.267 E/WifiTrafficPoller(  851): TRAFFIC_STATS_POLL true Token 2406 num clients 15
05-17 16:05:25.268 E/WifiTrafficPoller(  851):  packet count Tx=1617928 Rx=5389418
05-17 16:05:26.046 E/memtrack(16600): Couldn't load memtrack module (No such file or directory)
05-17 16:05:26.047 E/android.os.Debug(16600): failed to load memtrack module: -2
05-17 16:05:26.269 E/WifiTrafficPoller(  851): TRAFFIC_STATS_POLL true Token 2406 num clients 15
05-17 16:05:26.270 E/WifiTrafficPoller(  851):  packet count Tx=1617928 Rx=5389435
05-17 16:05:26.535 E/VMSG    (16616): RegisterNatives OnUserCommand1
05-17 16:05:26.595 E/WifiTrafficPoller(  851): ADD_CLIENT: 16
05-17 16:05:26.714 E/NativeCrypto(16616): ssl=0x7faa202e00 cert_verify_callback x509_store_ctx=0x7f9e5f6e88 arg=0x0
05-17 16:05:26.714 E/NativeCrypto(16616): ssl=0x7faa202e00 cert_verify_callback calling verifyCertificateChain authMethod=ECDHE_RSA
05-17 16:05:26.840 E/[PropSet](16616): connect fail
05-17 16:05:26.841 E/[PropSet](16616): send_prop_msg return err -1
05-17 16:05:27.004 E/baidumapsdk(16616): Authentication Error errorcode: 230 uid: -1 appid -1 msg: APP Scode
05-17 16:05:27.038 E/SurfaceFlinger(  285): onDraw: bindTextureImage test
05-17 16:05:27.055 E/SurfaceFlinger(  285): onDraw: bindTextureImage test
05-17 16:05:27.071 E/SurfaceFlinger(  285): onDraw: bindTextureImage test
05-17 16:05:27.088 E/SurfaceFlinger(  285): onDraw: bindTextureImage test
05-17 16:05:27.271 E/WifiTrafficPoller(  851): TRAFFIC_STATS_POLL true Token 2406 num clients 16
05-17 16:05:27.271 E/WifiTrafficPoller(  851):  packet count Tx=1617952 Rx=5389501
05-17 16:05:27.271 E/WifiTrafficPoller(  851): notifying of data activity 3
05-17 16:05:27.641 E/WifiStateMachine(  851):  ConnectedState (when=-4ms what=131155 arg1=548!CMD_RSSI_POLL 548 0 "BOCO-office" 94:b4:0f:68:a4:b1 rssi=-53 f=5785 sc=80 link=150 tx=0.3, 0.0, 0.0  rx=66.8 bcn=0 [on:0 tx:0 rx:0 period:2998] from screen [on:0 period:546886713] gl rssi=-53 ag=0 hr ticks 0,0,28 ls-=0 [56,56,56,56,61] brc=0 lrc=0
05-17 16:05:27.643 E/WifiStateMachine(  851):  L2ConnectedState (when=-6ms what=131155 arg1=548!CMD_RSSI_POLL 548 0 "BOCO-office" 94:b4:0f:68:a4:b1 rssi=-53 f=5785 sc=80 link=150 tx=0.3, 0.0, 0.0  rx=66.8 bcn=0 [on:0 tx:0 rx:0 period:2] from screen [on:0 period:546886715] gl rssi=-53 ag=0 hr ticks 0,0,28 ls-=0 [56,56,56,56,61] brc=0 lrc=0
05-17 16:05:27.643 E/WifiStateMachine(  851):  get link layer stats 0
05-17 16:05:27.666 E/WifiStateMachine(  851): calculateWifiScore() we set wifi's score to 1000, so will always set wifi as a default network.
05-17 16:05:28.272 E/WifiTrafficPoller(  851): TRAFFIC_STATS_POLL true Token 2406 num clients 16
05-17 16:05:28.273 E/WifiTrafficPoller(  851):  packet count Tx=1617954 Rx=5389525
05-17 16:05:29.205 E/memtrack(16678): Couldn't load memtrack module (No such file or directory)
05-17 16:05:29.205 E/android.os.Debug(16678): failed to load memtrack module: -2
05-17 16:05:29.274 E/WifiTrafficPoller(  851): TRAFFIC_STATS_POLL true Token 2406 num clients 16
05-17 16:05:29.274 E/WifiTrafficPoller(  851):  packet count Tx=1617954 Rx=5389558
05-17 16:05:29.274 E/WifiTrafficPoller(  851): notifying of data activity 1
05-17 16:05:30.274 E/WifiTrafficPoller(  851): TRAFFIC_STATS_POLL true Token 2406 num clients 16
05-17 16:05:30.275 E/WifiTrafficPoller(  851):  packet count Tx=1617954 Rx=5389579
05-17 16:05:30.670 E/WifiStateMachine(  851):  ConnectedState (when=-4ms what=131155 arg1=548!CMD_RSSI_POLL 548 0 "BOCO-office" 94:b4:0f:68:a4:b1 rssi=-54 f=5785 sc=80 link=150 tx=12.1, 0.0, 0.0  rx=84.9 bcn=0 [on:0 tx:0 rx:0 period:3002] from screen [on:0 period:546889742] gl rssi=-54 ag=0 hr ticks 0,0,28 ls-=0 [56,56,60,60,65] brc=0 lrc=0
05-17 16:05:30.673 E/WifiStateMachine(  851):  L2ConnectedState (when=-6ms what=131155 arg1=548!CMD_RSSI_POLL 548 0 "BOCO-office" 94:b4:0f:68:a4:b1 rssi=-54 f=5785 sc=80 link=150 tx=12.1, 0.0, 0.0  rx=84.9 bcn=0 [on:0 tx:0 rx:0 period:3] from screen [on:0 period:546889745] gl rssi=-54 ag=0 hr ticks 0,0,28 ls-=0 [56,56,60,60,65] brc=0 lrc=0
05-17 16:05:30.673 E/WifiStateMachine(  851):  get link layer stats 0
05-17 16:05:30.694 E/WifiStateMachine(  851): calculateWifiScore() we set wifi's score to 1000, so will always set wifi as a default network.
05-17 16:05:31.275 E/WifiTrafficPoller(  851): TRAFFIC_STATS_POLL true Token 2406 num clients 16
05-17 16:05:31.276 E/WifiTrafficPoller(  851):  packet count Tx=1617954 Rx=5389598
05-17 16:05:32.277 E/WifiTrafficPoller(  851): TRAFFIC_STATS_POLL true Token 2406 num clients 16
05-17 16:05:32.279 E/WifiTrafficPoller(  851):  packet count Tx=1617954 Rx=5389624
05-17 16:05:32.803 E/memtrack(16703): Couldn't load memtrack module (No such file or directory)
05-17 16:05:32.803 E/android.os.Debug(16703): failed to load memtrack module: -2
05-17 16:05:33.279 E/WifiTrafficPoller(  851): TRAFFIC_STATS_POLL true Token 2406 num clients 16
05-17 16:05:33.280 E/WifiTrafficPoller(  851):  packet count Tx=1617956 Rx=5389638
05-17 16:05:33.280 E/WifiTrafficPoller(  851): notifying of data activity 3
05-17 16:05:33.697 E/WifiStateMachine(  851):  ConnectedState (when=-3ms what=131155 arg1=548!CMD_RSSI_POLL 548 0 "BOCO-office" 94:b4:0f:68:a4:b1 rssi=-53 f=5785 sc=80 link=150 tx=7.1, 0.0, 0.0  rx=78.0 bcn=0 [on:0 tx:0 rx:0 period:3001] from screen [on:0 period:546892769] gl rssi=-53 ag=0 hr ticks 0,0,28 ls-=0 [56,56,60,60,65] brc=0 lrc=0
05-17 16:05:33.699 E/WifiStateMachine(  851):  L2ConnectedState (when=-4ms what=131155 arg1=548!CMD_RSSI_POLL 548 0 "BOCO-office" 94:b4:0f:68:a4:b1 rssi=-53 f=5785 sc=80 link=150 tx=7.1, 0.0, 0.0  rx=78.0 bcn=0 [on:0 tx:0 rx:0 period:2] from screen [on:0 period:546892771] gl rssi=-53 ag=0 hr ticks 0,0,28 ls-=0 [56,56,60,60,65] brc=0 lrc=0
05-17 16:05:33.699 E/WifiStateMachine(  851):  get link layer stats 0
05-17 16:05:33.704 E/WifiStateMachine(  851): calculateWifiScore() we set wifi's score to 1000, so will always set wifi as a default network.
05-17 16:05:34.282 E/WifiTrafficPoller(  851): TRAFFIC_STATS_POLL true Token 2406 num clients 16
05-17 16:05:34.284 E/WifiTrafficPoller(  851):  packet count Tx=1617956 Rx=5389659
05-17 16:05:34.284 E/WifiTrafficPoller(  851): notifying of data activity 1
05-17 16:05:35.286 E/WifiTrafficPoller(  851): TRAFFIC_STATS_POLL true Token 2406 num clients 16
05-17 16:05:35.288 E/WifiTrafficPoller(  851):  packet count Tx=1617956 Rx=5389683
05-17 16:05:36.288 E/WifiTrafficPoller(  851): TRAFFIC_STATS_POLL true Token 2406 num clients 16
05-17 16:05:36.289 E/WifiTrafficPoller(  851):  packet count Tx=1617956 Rx=5389716
05-17 16:05:36.291 E/SurfaceFlinger(  285): onDraw: bindTextureImage test
05-17 16:05:36.308 E/SurfaceFlinger(  285): onDraw: bindTextureImage test
05-17 16:05:36.324 E/SurfaceFlinger(  285): onDraw: bindTextureImage test
05-17 16:05:36.341 E/SurfaceFlinger(  285): onDraw: bindTextureImage test
05-17 16:05:36.358 E/SurfaceFlinger(  285): onDraw: bindTextureImage test
05-17 16:05:36.375 E/SurfaceFlinger(  285): onDraw: bindTextureImage test
05-17 16:05:36.391 E/SurfaceFlinger(  285): onDraw: bindTextureImage test
05-17 16:05:36.408 E/SurfaceFlinger(  285): onDraw: bindTextureImage test
05-17 16:05:36.559 E/SurfaceFlinger(  285): onDraw: bindTextureImage test
05-17 16:05:36.576 E/SurfaceFlinger(  285): onDraw: bindTextureImage test
05-17 16:05:36.593 E/SurfaceFlinger(  285): onDraw: bindTextureImage test
05-17 16:05:36.610 E/SurfaceFlinger(  285): onDraw: bindTextureImage test
05-17 16:05:36.628 E/SurfaceFlinger(  285): onDraw: bindTextureImage test
05-17 16:05:36.643 E/SurfaceFlinger(  285): onDraw: bindTextureImage test
05-17 16:05:36.660 E/SurfaceFlinger(  285): onDraw: bindTextureImage test
05-17 16:05:36.677 E/SurfaceFlinger(  285): onDraw: bindTextureImage test
05-17 16:05:36.709 E/WifiStateMachine(  851):  ConnectedState (when=-3ms what=131155 arg1=548!CMD_RSSI_POLL 548 0 "BOCO-office" 94:b4:0f:68:a4:b1 rssi=-53 f=5785 sc=80 link=150 tx=4.5, 0.0, 0.0  rx=73.5 bcn=0 [on:0 tx:0 rx:0 period:3001] from screen [on:0 period:546895780] gl rssi=-53 ag=0 hr ticks 0,0,28 ls-=0 [56,56,56,56,61] brc=0 lrc=0
05-17 16:05:36.709 E/WifiStateMachine(  851):  L2ConnectedState (when=-4ms what=131155 arg1=548!CMD_RSSI_POLL 548 0 "BOCO-office" 94:b4:0f:68:a4:b1 rssi=-53 f=5785 sc=80 link=150 tx=4.5, 0.0, 0.0  rx=73.5 bcn=0 [on:0 tx:0 rx:0 period:1] from screen [on:0 period:546895781] gl rssi=-53 ag=0 hr ticks 0,0,28 ls-=0 [56,56,56,56,61] brc=0 lrc=0
05-17 16:05:36.710 E/WifiStateMachine(  851):  get link layer stats 0
05-17 16:05:36.715 E/WifiStateMachine(  851): calculateWifiScore() we set wifi's score to 1000, so will always set wifi as a default network.
05-17 16:05:36.980 E/SurfaceFlinger(  285): onDraw: bindTextureImage test
05-17 16:05:36.996 E/SurfaceFlinger(  285): onDraw: bindTextureImage test
05-17 16:05:37.013 E/SurfaceFlinger(  285): onDraw: bindTextureImage test
05-17 16:05:37.030 E/SurfaceFlinger(  285): onDraw: bindTextureImage test
05-17 16:05:37.081 E/SurfaceFlinger(  285): onDraw: bindTextureImage test
05-17 16:05:37.098 E/SurfaceFlinger(  285): onDraw: bindTextureImage test
05-17 16:05:37.114 E/SurfaceFlinger(  285): onDraw: bindTextureImage test
05-17 16:05:37.131 E/SurfaceFlinger(  285): onDraw: bindTextureImage test
05-17 16:05:37.148 E/SurfaceFlinger(  285): onDraw: bindTextureImage test
05-17 16:05:37.165 E/SurfaceFlinger(  285): onDraw: bindTextureImage test
05-17 16:05:37.182 E/SurfaceFlinger(  285): onDraw: bindTextureImage test
05-17 16:05:37.198 E/SurfaceFlinger(  285): onDraw: bindTextureImage test
05-17 16:05:37.289 E/WifiTrafficPoller(  851): TRAFFIC_STATS_POLL true Token 2406 num clients 16
05-17 16:05:37.290 E/WifiTrafficPoller(  851):  packet count Tx=1617965 Rx=5389748
05-17 16:05:37.290 E/WifiTrafficPoller(  851): notifying of data activity 3
05-17 16:05:38.295 E/WifiTrafficPoller(  851): TRAFFIC_STATS_POLL true Token 2406 num clients 16
05-17 16:05:38.296 E/WifiTrafficPoller(  851):  packet count Tx=1617965 Rx=5389765
05-17 16:05:38.296 E/WifiTrafficPoller(  851): notifying of data activity 1
05-17 16:05:39.297 E/WifiTrafficPoller(  851): TRAFFIC_STATS_POLL true Token 2406 num clients 16
05-17 16:05:39.298 E/WifiTrafficPoller(  851):  packet count Tx=1617965 Rx=5389782
05-17 16:05:39.470 E/SurfaceFlinger(  285): onDraw: bindTextureImage test
05-17 16:05:39.487 E/SurfaceFlinger(  285): onDraw: bindTextureImage test
05-17 16:05:39.503 E/SurfaceFlinger(  285): onDraw: bindTextureImage test
05-17 16:05:39.520 E/SurfaceFlinger(  285): onDraw: bindTextureImage test
05-17 16:05:39.537 E/SurfaceFlinger(  285): onDraw: bindTextureImage test
05-17 16:05:39.554 E/SurfaceFlinger(  285): onDraw: bindTextureImage test
