05-17 15:44:53.816 E/WifiStateMachine(  851): calculateWifiScore() we set wifi's score to 1000, so will always set wifi as a default network.
05-17 15:44:53.881 E/WifiTrafficPoller(  851): TRAFFIC_STATS_POLL true Token 2406 num clients 19
05-17 15:44:53.882 E/WifiTrafficPoller(  851):  packet count Tx=1615231 Rx=5358279
05-17 15:44:54.883 E/WifiTrafficPoller(  851): TRAFFIC_STATS_POLL true Token 2406 num clients 19
05-17 15:44:54.884 E/WifiTrafficPoller(  851):  packet count Tx=1615231 Rx=5358303
05-17 15:44:55.888 E/WifiTrafficPoller(  851): TRAFFIC_STATS_POLL true Token 2406 num clients 19
05-17 15:44:55.890 E/WifiTrafficPoller(  851):  packet count Tx=1615231 Rx=5358321
05-17 15:44:56.822 E/WifiStateMachine(  851):  ConnectedState (when=-4ms what=131155 arg1=548!CMD_RSSI_POLL 548 0 "BOCO-office" 94:b4:0f:68:a4:b1 rssi=-49 f=5785 sc=80 link=150 tx=8.1, 0.0, 0.0  rx=76.1 bcn=0 [on:0 tx:0 rx:0 period:2994] from screen [on:0 period:545655894] gl rssi=-49 ag=0 hr ticks 0,0,24 ls-=0 [56,56,60,60,65] brc=0 lrc=0
05-17 15:44:56.827 E/WifiStateMachine(  851):  L2ConnectedState (when=-7ms what=131155 arg1=548!CMD_RSSI_POLL 548 0 "BOCO-office" 94:b4:0f:68:a4:b1 rssi=-49 f=5785 sc=80 link=150 tx=8.1, 0.0, 0.0  rx=76.1 bcn=0 [on:0 tx:0 rx:0 period:5] from screen [on:0 period:545655899] gl rssi=-49 ag=0 hr ticks 0,0,24 ls-=0 [56,56,60,60,65] brc=0 lrc=0
05-17 15:44:56.828 E/WifiStateMachine(  851):  get link layer stats 0
05-17 15:44:56.857 E/WifiStateMachine(  851): calculateWifiScore() we set wifi's score to 1000, so will always set wifi as a default network.
05-17 15:44:56.890 E/WifiTrafficPoller(  851): TRAFFIC_STATS_POLL true Token 2406 num clients 19
05-17 15:44:56.893 E/WifiTrafficPoller(  851):  packet count Tx=1615231 Rx=5358346
05-17 15:44:57.894 E/WifiTrafficPoller(  851): TRAFFIC_STATS_POLL true Token 2406 num clients 19
05-17 15:44:57.895 E/WifiTrafficPoller(  851):  packet count Tx=1615231 Rx=5358361
05-17 15:44:58.896 E/WifiTrafficPoller(  851): TRAFFIC_STATS_POLL true Token 2406 num clients 19
05-17 15:44:58.897 E/WifiTrafficPoller(  851):  packet count Tx=1615231 Rx=5358377
05-17 15:44:59.863 E/WifiStateMachine(  851):  ConnectedState (when=-4ms what=131155 arg1=548!CMD_RSSI_POLL 548 0 "BOCO-office" 94:b4:0f:68:a4:b1 rssi=-48 f=5785 sc=80 link=150 tx=4.0, 0.0, 0.0  rx=69.1 bcn=0 [on:0 tx:0 rx:0 period:2987] from screen [on:0 period:545658935] gl rssi=-48 ag=0 hr ticks 0,0,24 ls-=0 [56,56,56,56,61] brc=0 lrc=0
05-17 15:44:59.868 E/WifiStateMachine(  851):  L2ConnectedState (when=-9ms what=131155 arg1=548!CMD_RSSI_POLL 548 0 "BOCO-office" 94:b4:0f:68:a4:b1 rssi=-48 f=5785 sc=80 link=150 tx=4.0, 0.0, 0.0  rx=69.1 bcn=0 [on:0 tx:0 rx:0 period:5] from screen [on:0 period:545658940] gl rssi=-48 ag=0 hr ticks 0,0,24 ls-=0 [56,56,56,56,61] brc=0 lrc=0
05-17 15:44:59.870 E/WifiStateMachine(  851):  get link layer stats 0
05-17 15:44:59.895 E/WifiStateMachine(  851): calculateWifiScore() we set wifi's score to 1000, so will always set wifi as a default network.
05-17 15:44:59.898 E/WifiTrafficPoller(  851): TRAFFIC_STATS_POLL true Token 2406 num clients 19
05-17 15:44:59.899 E/WifiTrafficPoller(  851):  packet count Tx=1615231 Rx=5358392
05-17 15:45:00.900 E/WifiTrafficPoller(  851): TRAFFIC_STATS_POLL true Token 2406 num clients 19
05-17 15:45:00.900 E/WifiTrafficPoller(  851):  packet count Tx=1615234 Rx=5358414
05-17 15:45:00.900 E/WifiTrafficPoller(  851): notifying of data activity 3
05-17 15:45:01.401 E/SQLiteLog(11322): (1) no such table: TracePathData
05-17 15:45:01.425 E/SQLiteLog(11322): (1) no such table: TracePathData
05-17 15:45:01.434 E/PathTraceManager(11322): error: mPluginInterface is null
05-17 15:45:01.578 E/ConnectivityService(  851): RemoteException caught trying to send a callback msg for NetworkRequest [ id=1157, legacyType=-1, [ Capabilities: INTERNET&NOT_RESTRICTED&TRUSTED] ]
05-17 15:45:01.580 E/ConnectivityService(  851): RemoteException caught trying to send a callback msg for NetworkRequest [ id=1158, legacyType=-1, [ Capabilities: INTERNET&NOT_RESTRICTED&TRUSTED] ]
05-17 15:45:01.901 E/WifiTrafficPoller(  851): TRAFFIC_STATS_POLL true Token 2406 num clients 18
05-17 15:45:01.902 E/WifiTrafficPoller(  851):  packet count Tx=1615235 Rx=5358436
05-17 15:45:02.902 E/WifiStateMachine(  851):  ConnectedState (when=-4ms what=131155 arg1=548!CMD_RSSI_POLL 548 0 "BOCO-office" 94:b4:0f:68:a4:b1 rssi=-49 f=5785 sc=80 link=150 tx=2.0, 0.0, 0.0  rx=60.0 bcn=0 [on:0 tx:0 rx:0 period:2989] from screen [on:0 period:545661974] gl rssi=-49 ag=0 hr ticks 0,0,24 ls-=0 [56,56,56,56,61] brc=0 lrc=0
05-17 15:45:02.903 E/WifiTrafficPoller(  851): TRAFFIC_STATS_POLL true Token 2406 num clients 18
05-17 15:45:02.905 E/WifiTrafficPoller(  851):  packet count Tx=1615235 Rx=5358456
05-17 15:45:02.905 E/WifiTrafficPoller(  851): notifying of data activity 1
05-17 15:45:02.906 E/WifiStateMachine(  851):  L2ConnectedState (when=-6ms what=131155 arg1=548!CMD_RSSI_POLL 548 0 "BOCO-office" 94:b4:0f:68:a4:b1 rssi=-49 f=5785 sc=80 link=150 tx=2.0, 0.0, 0.0  rx=60.0 bcn=0 [on:0 tx:0 rx:0 period:3] from screen [on:0 period:545661977] gl rssi=-49 ag=0 hr ticks 0,0,24 ls-=0 [56,56,56,56,61] brc=0 lrc=0
05-17 15:45:02.907 E/WifiStateMachine(  851):  get link layer stats 0
05-17 15:45:02.928 E/WifiStateMachine(  851): calculateWifiScore() we set wifi's score to 1000, so will always set wifi as a default network.
05-17 15:45:03.914 E/WifiTrafficPoller(  851): TRAFFIC_STATS_POLL true Token 2406 num clients 18
05-17 15:45:03.916 E/WifiTrafficPoller(  851):  packet count Tx=1615235 Rx=5358479
05-17 15:45:04.916 E/WifiTrafficPoller(  851): TRAFFIC_STATS_POLL true Token 2406 num clients 18
05-17 15:45:04.917 E/WifiTrafficPoller(  851):  packet count Tx=1615236 Rx=5358504
05-17 15:45:04.917 E/WifiTrafficPoller(  851): notifying of data activity 3
05-17 15:45:05.933 E/WifiStateMachine(  851):  ConnectedState (when=-3ms what=131155 arg1=548!CMD_RSSI_POLL 548 0 "BOCO-office" 94:b4:0f:68:a4:b1 rssi=-50 f=5785 sc=80 link=150 tx=3.0, 0.0, 0.0  rx=62.0 bcn=0 [on:0 tx:0 rx:0 period:3001] from screen [on:0 period:545665005] gl rssi=-50 ag=0 hr ticks 0,0,24 ls-=0 [56,56,56,56,61] brc=0 lrc=0
05-17 15:45:05.936 E/WifiTrafficPoller(  851): TRAFFIC_STATS_POLL true Token 2406 num clients 18
05-17 15:45:05.937 E/WifiTrafficPoller(  851):  packet count Tx=1615236 Rx=5358520
05-17 15:45:05.937 E/WifiTrafficPoller(  851): notifying of data activity 1
05-17 15:45:05.958 E/WifiStateMachine(  851):  L2ConnectedState (when=-28ms what=131155 arg1=548!CMD_RSSI_POLL 548 0 "BOCO-office" 94:b4:0f:68:a4:b1 rssi=-50 f=5785 sc=80 link=150 tx=3.0, 0.0, 0.0  rx=62.0 bcn=0 [on:0 tx:0 rx:0 period:25] from screen [on:0 period:545665030] gl rssi=-50 ag=0 hr ticks 0,0,24 ls-=0 [56,56,56,56,61] brc=0 lrc=0
05-17 15:45:05.960 E/WifiStateMachine(  851):  get link layer stats 0
05-17 15:45:05.986 E/WifiStateMachine(  851): calculateWifiScore() we set wifi's score to 1000, so will always set wifi as a default network.
05-17 15:45:06.954 E/WifiTrafficPoller(  851): TRAFFIC_STATS_POLL true Token 2406 num clients 18
05-17 15:45:06.956 E/WifiTrafficPoller(  851):  packet count Tx=1615236 Rx=5358554
05-17 15:45:07.956 E/WifiTrafficPoller(  851): TRAFFIC_STATS_POLL true Token 2406 num clients 18
05-17 15:45:07.956 E/WifiTrafficPoller(  851):  packet count Tx=1615236 Rx=5358585
05-17 15:45:08.958 E/WifiTrafficPoller(  851): TRAFFIC_STATS_POLL true Token 2406 num clients 18
05-17 15:45:08.959 E/WifiTrafficPoller(  851):  packet count Tx=1615236 Rx=5358600
05-17 15:45:08.992 E/WifiStateMachine(  851):  ConnectedState (when=-4ms what=131155 arg1=548!CMD_RSSI_POLL 548 0 "BOCO-office" 94:b4:0f:68:a4:b1 rssi=-50 f=5785 sc=80 link=150 tx=2.0, 0.0, 0.0  rx=63.0 bcn=0 [on:0 tx:0 rx:0 period:3000] from screen [on:0 period:545668064] gl rssi=-50 ag=0 hr ticks 0,0,24 ls-=0 [56,56,56,56,61] brc=0 lrc=0
05-17 15:45:08.997 E/WifiStateMachine(  851):  L2ConnectedState (when=-9ms what=131155 arg1=548!CMD_RSSI_POLL 548 0 "BOCO-office" 94:b4:0f:68:a4:b1 rssi=-50 f=5785 sc=80 link=150 tx=2.0, 0.0, 0.0  rx=63.0 bcn=0 [on:0 tx:0 rx:0 period:5] from screen [on:0 period:545668069] gl rssi=-50 ag=0 hr ticks 0,0,24 ls-=0 [56,56,56,56,61] brc=0 lrc=0
05-17 15:45:08.998 E/WifiStateMachine(  851):  get link layer stats 0
05-17 15:45:09.026 E/WifiStateMachine(  851): calculateWifiScore() we set wifi's score to 1000, so will always set wifi as a default network.
05-17 15:45:09.960 E/WifiTrafficPoller(  851): TRAFFIC_STATS_POLL true Token 2406 num clients 18
05-17 15:45:09.961 E/WifiTrafficPoller(  851):  packet count Tx=1615236 Rx=5358624
05-17 15:45:10.962 E/WifiTrafficPoller(  851): TRAFFIC_STATS_POLL true Token 2406 num clients 18
05-17 15:45:10.962 E/WifiTrafficPoller(  851):  packet count Tx=1615236 Rx=5358645
05-17 15:45:11.963 E/WifiTrafficPoller(  851): TRAFFIC_STATS_POLL true Token 2406 num clients 18
05-17 15:45:11.965 E/WifiTrafficPoller(  851):  packet count Tx=1615236 Rx=5358668
05-17 15:45:12.033 E/WifiStateMachine(  851):  ConnectedState (when=-4ms what=131155 arg1=548!CMD_RSSI_POLL 548 0 "BOCO-office" 94:b4:0f:68:a4:b1 rssi=-49 f=5785 sc=80 link=150 tx=1.0, 0.0, 0.0  rx=73.0 bcn=0 [on:0 tx:0 rx:0 period:2994] from screen [on:0 period:545671105] gl rssi=-49 ag=0 hr ticks 0,0,24 ls-=0 [56,56,56,56,61] brc=0 lrc=0
05-17 15:45:12.035 E/WifiStateMachine(  851):  L2ConnectedState (when=-6ms what=131155 arg1=548!CMD_RSSI_POLL 548 0 "BOCO-office" 94:b4:0f:68:a4:b1 rssi=-49 f=5785 sc=80 link=150 tx=1.0, 0.0, 0.0  rx=73.0 bcn=0 [on:0 tx:0 rx:0 period:2] from screen [on:0 period:545671107] gl rssi=-49 ag=0 hr ticks 0,0,24 ls-=0 [56,56,56,56,61] brc=0 lrc=0
05-17 15:45:12.035 E/WifiStateMachine(  851):  get link layer stats 0
05-17 15:45:12.041 E/WifiStateMachine(  851): calculateWifiScore() we set wifi's score to 1000, so will always set wifi as a default network.
05-17 15:45:12.966 E/WifiTrafficPoller(  851): TRAFFIC_STATS_POLL true Token 2406 num clients 18
05-17 15:45:12.967 E/WifiTrafficPoller(  851):  packet count Tx=1615237 Rx=5358692
05-17 15:45:12.967 E/WifiTrafficPoller(  851): notifying of data activity 3
05-17 15:45:13.970 E/WifiTrafficPoller(  851): TRAFFIC_STATS_POLL true Token 2406 num clients 18
05-17 15:45:13.972 E/WifiTrafficPoller(  851):  packet count Tx=1615237 Rx=5358709
05-17 15:45:13.972 E/WifiTrafficPoller(  851): notifying of data activity 1
05-17 15:45:14.976 E/WifiTrafficPoller(  851): TRAFFIC_STATS_POLL true Token 2406 num clients 18
05-17 15:45:14.977 E/WifiTrafficPoller(  851):  packet count Tx=1615237 Rx=5358734
05-17 15:45:15.045 E/WifiStateMachine(  851):  ConnectedState (when=-3ms what=131155 arg1=548!CMD_RSSI_POLL 548 0 "BOCO-office" 94:b4:0f:68:a4:b1 rssi=-49 f=5785 sc=80 link=150 tx=0.5, 0.0, 0.0  rx=71.5 bcn=0 [on:0 tx:0 rx:0 period:3001] from screen [on:0 period:545674117] gl rssi=-49 ag=0 hr ticks 0,0,24 ls-=0 [56,56,56,56,61] brc=0 lrc=0
05-17 15:45:15.048 E/WifiStateMachine(  851):  L2ConnectedState (when=-6ms what=131155 arg1=548!CMD_RSSI_POLL 548 0 "BOCO-office" 94:b4:0f:68:a4:b1 rssi=-49 f=5785 sc=80 link=150 tx=0.5, 0.0, 0.0  rx=71.5 bcn=0 [on:0 tx:0 rx:0 period:2] from screen [on:0 period:545674119] gl rssi=-49 ag=0 hr ticks 0,0,24 ls-=0 [56,56,56,56,61] brc=0 lrc=0
05-17 15:45:15.048 E/WifiStateMachine(  851):  get link layer stats 0
05-17 15:45:15.066 E/WifiStateMachine(  851): calculateWifiScore() we set wifi's score to 1000, so will always set wifi as a default network.
05-17 15:45:15.978 E/WifiTrafficPoller(  851): TRAFFIC_STATS_POLL true Token 2406 num clients 18
05-17 15:45:15.980 E/WifiTrafficPoller(  851):  packet count Tx=1615237 Rx=5358759
05-17 15:45:16.980 E/WifiTrafficPoller(  851): TRAFFIC_STATS_POLL true Token 2406 num clients 18
05-17 15:45:16.981 E/WifiTrafficPoller(  851):  packet count Tx=1615237 Rx=5358781
05-17 15:45:17.982 E/WifiTrafficPoller(  851): TRAFFIC_STATS_POLL true Token 2406 num clients 18
05-17 15:45:17.983 E/WifiTrafficPoller(  851):  packet count Tx=1615237 Rx=5358799
05-17 15:45:18.069 E/WifiStateMachine(  851):  ConnectedState (when=-3ms what=131155 arg1=548!CMD_RSSI_POLL 548 0 "BOCO-office" 94:b4:0f:68:a4:b1 rssi=-49 f=5785 sc=80 link=150 tx=0.8, 0.0, 0.0  rx=68.3 bcn=0 [on:0 tx:0 rx:0 period:3000] from screen [on:0 period:545677141] gl rssi=-49 ag=0 hr ticks 0,0,24 ls-=0 [56,56,56,56,61] brc=0 lrc=0
05-17 15:45:18.071 E/WifiStateMachine(  851):  L2ConnectedState (when=-5ms what=131155 arg1=548!CMD_RSSI_POLL 548 0 "BOCO-office" 94:b4:0f:68:a4:b1 rssi=-49 f=5785 sc=80 link=150 tx=0.8, 0.0, 0.0  rx=68.3 bcn=0 [on:0 tx:0 rx:0 period:2] from screen [on:0 period:545677143] gl rssi=-49 ag=0 hr ticks 0,0,24 ls-=0 [56,56,56,56,61] brc=0 lrc=0
05-17 15:45:18.071 E/WifiStateMachine(  851):  get link layer stats 0
05-17 15:45:18.076 E/WifiStateMachine(  851): calculateWifiScore() we set wifi's score to 1000, so will always set wifi as a default network.
05-17 15:45:18.984 E/WifiTrafficPoller(  851): TRAFFIC_STATS_POLL true Token 2406 num clients 18
05-17 15:45:18.985 E/WifiTrafficPoller(  851):  packet count Tx=1615237 Rx=5358812
05-17 15:45:19.987 E/WifiTrafficPoller(  851): TRAFFIC_STATS_POLL true Token 2406 num clients 18
05-17 15:45:19.988 E/WifiTrafficPoller(  851):  packet count Tx=1615237 Rx=5358831
05-17 15:45:20.988 E/WifiTrafficPoller(  851): TRAFFIC_STATS_POLL true Token 2406 num clients 18
05-17 15:45:20.989 E/WifiTrafficPoller(  851):  packet count Tx=1615238 Rx=5358847
05-17 15:45:20.989 E/WifiTrafficPoller(  851): notifying of data activity 3
05-17 15:45:21.078 E/WifiStateMachine(  851):  ConnectedState (when=-1ms what=131155 arg1=548!CMD_RSSI_POLL 548 0 "BOCO-office" 94:b4:0f:68:a4:b1 rssi=-49 f=5785 sc=80 link=150 tx=0.4, 0.0, 0.0  rx=66.1 bcn=0 [on:0 tx:0 rx:0 period:2995] from screen [on:0 period:545680150] gl rssi=-49 ag=0 hr ticks 0,0,24 ls-=0 [56,56,56,56,61] brc=0 lrc=0
05-17 15:45:21.078 E/WifiStateMachine(  851):  L2ConnectedState (when=-2ms what=131155 arg1=548!CMD_RSSI_POLL 548 0 "BOCO-office" 94:b4:0f:68:a4:b1 rssi=-49 f=5785 sc=80 link=150 tx=0.4, 0.0, 0.0  rx=66.1 bcn=0 [on:0 tx:0 rx:0 period:0] from screen [on:0 period:545680150] gl rssi=-49 ag=0 hr ticks 0,0,24 ls-=0 [56,56,56,56,61] brc=0 lrc=0
05-17 15:45:21.078 E/WifiStateMachine(  851):  get link layer stats 0
05-17 15:45:21.082 E/WifiStateMachine(  851): calculateWifiScore() we set wifi's score to 1000, so will always set wifi as a default network.
05-17 15:45:22.005 E/WifiTrafficPoller(  851): TRAFFIC_STATS_POLL true Token 2406 num clients 18
05-17 15:45:22.006 E/WifiTrafficPoller(  851):  packet count Tx=1615239 Rx=5358863
05-17 15:45:23.008 E/WifiTrafficPoller(  851): TRAFFIC_STATS_POLL true Token 2406 num clients 18
05-17 15:45:23.009 E/WifiTrafficPoller(  851):  packet count Tx=1615239 Rx=5358877
05-17 15:45:23.009 E/WifiTrafficPoller(  851): notifying of data activity 1
05-17 15:45:24.013 E/WifiTrafficPoller(  851): TRAFFIC_STATS_POLL true Token 2406 num clients 18
05-17 15:45:24.014 E/WifiTrafficPoller(  851):  packet count Tx=1615239 Rx=5358892
05-17 15:45:24.087 E/WifiStateMachine(  851):  ConnectedState (when=-3ms what=131155 arg1=548!CMD_RSSI_POLL 548 0 "BOCO-office" 94:b4:0f:68:a4:b1 rssi=-49 f=5785 sc=80 link=150 tx=1.2, 0.0, 0.0  rx=58.1 bcn=0 [on:0 tx:0 rx:0 period:3000] from screen [on:0 period:545683159] gl rssi=-49 ag=0 hr ticks 0,0,24 ls-=0 [56,56,56,56,61] brc=0 lrc=0
05-17 15:45:24.091 E/WifiStateMachine(  851):  L2ConnectedState (when=-7ms what=131155 arg1=548!CMD_RSSI_POLL 548 0 "BOCO-office" 94:b4:0f:68:a4:b1 rssi=-49 f=5785 sc=80 link=150 tx=1.2, 0.0, 0.0  rx=58.1 bcn=0 [on:0 tx:0 rx:0 period:4] from screen [on:0 period:545683163] gl rssi=-49 ag=0 hr ticks 0,0,24 ls-=0 [56,56,56,56,61] brc=0 lrc=0
05-17 15:45:24.093 E/WifiStateMachine(  851):  get link layer stats 0
05-17 15:45:24.116 E/WifiStateMachine(  851): calculateWifiScore() we set wifi's score to 1000, so will always set wifi as a default network.
05-17 15:45:25.015 E/WifiTrafficPoller(  851): TRAFFIC_STATS_POLL true Token 2406 num clients 18
05-17 15:45:25.016 E/WifiTrafficPoller(  851):  packet count Tx=1615239 Rx=5358907
05-17 15:45:26.017 E/WifiTrafficPoller(  851): TRAFFIC_STATS_POLL true Token 2406 num clients 18
05-17 15:45:26.018 E/WifiTrafficPoller(  851):  packet count Tx=1615239 Rx=5358921
05-17 15:45:27.019 E/WifiTrafficPoller(  851): TRAFFIC_STATS_POLL true Token 2406 num clients 18
05-17 15:45:27.020 E/WifiTrafficPoller(  851):  packet count Tx=1615249 Rx=5358964
05-17 15:45:27.020 E/WifiTrafficPoller(  851): notifying of data activity 3
05-17 15:45:27.121 E/WifiStateMachine(  851):  ConnectedState (when=-3ms what=131155 arg1=548!CMD_RSSI_POLL 548 0 "BOCO-office" 94:b4:0f:68:a4:b1 rssi=-48 f=5785 sc=80 link=150 tx=0.6, 0.0, 0.0  rx=49.0 bcn=0 [on:0 tx:0 rx:0 period:2986] from screen [on:0 period:545686193] gl rssi=-48 ag=0 hr ticks 0,0,24 ls-=0 [56,56,56,56,61] brc=0 lrc=0
05-17 15:45:27.122 E/WifiStateMachine(  851):  L2ConnectedState (when=-4ms what=131155 arg1=548!CMD_RSSI_POLL 548 0 "BOCO-office" 94:b4:0f:68:a4:b1 rssi=-48 f=5785 sc=80 link=150 tx=0.6, 0.0, 0.0  rx=49.0 bcn=0 [on:0 tx:0 rx:0 period:1] from screen [on:0 period:545686194] gl rssi=-48 ag=0 hr ticks 0,0,24 ls-=0 [56,56,56,56,61] brc=0 lrc=0
05-17 15:45:27.122 E/WifiStateMachine(  851):  get link layer stats 0
05-17 15:45:27.124 E/WifiStateMachine(  851): calculateWifiScore() we set wifi's score to 1000, so will always set wifi as a default network.
05-17 15:45:28.022 E/WifiTrafficPoller(  851): TRAFFIC_STATS_POLL true Token 2406 num clients 18
05-17 15:45:28.022 E/WifiTrafficPoller(  851):  packet count Tx=1615262 Rx=5359008
05-17 15:45:29.023 E/WifiTrafficPoller(  851): TRAFFIC_STATS_POLL true Token 2406 num clients 18
05-17 15:45:29.023 E/WifiTrafficPoller(  851):  packet count Tx=1615262 Rx=5359019
05-17 15:45:29.023 E/WifiTrafficPoller(  851): notifying of data activity 1
05-17 15:45:29.423 E/memtrack(12405): Couldn't load memtrack module (No such file or directory)
05-17 15:45:29.423 E/android.os.Debug(12405): failed to load memtrack module: -2
05-17 15:45:30.026 E/WifiTrafficPoller(  851): TRAFFIC_STATS_POLL true Token 2406 num clients 18
05-17 15:45:30.026 E/WifiTrafficPoller(  851):  packet count Tx=1615263 Rx=5359039
05-17 15:45:30.026 E/WifiTrafficPoller(  851): notifying of data activity 3
05-17 15:45:30.129 E/WifiStateMachine(  851):  ConnectedState (when=-4ms what=131155 arg1=548!CMD_RSSI_POLL 548 0 "BOCO-office" 94:b4:0f:68:a4:b1 rssi=-48 f=5785 sc=80 link=150 tx=5.8, 0.0, 0.0  rx=61.0 bcn=0 [on:0 tx:0 rx:0 period:2996] from screen [on:0 period:545689201] gl rssi=-48 ag=0 hr ticks 0,0,24 ls-=0 [56,56,60,60,65] brc=0 lrc=0
05-17 15:45:30.130 E/WifiStateMachine(  851):  L2ConnectedState (when=-5ms what=131155 arg1=548!CMD_RSSI_POLL 548 0 "BOCO-office" 94:b4:0f:68:a4:b1 rssi=-48 f=5785 sc=80 link=150 tx=5.8, 0.0, 0.0  rx=61.0 bcn=0 [on:0 tx:0 rx:0 period:1] from screen [on:0 period:545689202] gl rssi=-48 ag=0 hr ticks 0,0,24 ls-=0 [56,56,60,60,65] brc=0 lrc=0
05-17 15:45:30.130 E/WifiStateMachine(  851):  get link layer stats 0
05-17 15:45:30.133 E/WifiStateMachine(  851): calculateWifiScore() we set wifi's score to 1000, so will always set wifi as a default network.
05-17 15:45:30.877 E/memtrack(12423): Couldn't load memtrack module (No such file or directory)
05-17 15:45:30.877 E/android.os.Debug(12423): failed to load memtrack module: -2
05-17 15:45:31.027 E/WifiTrafficPoller(  851): TRAFFIC_STATS_POLL true Token 2406 num clients 18
05-17 15:45:31.029 E/WifiTrafficPoller(  851):  packet count Tx=1615263 Rx=5359052
05-17 15:45:31.029 E/WifiTrafficPoller(  851): notifying of data activity 1
05-17 15:45:32.034 E/WifiTrafficPoller(  851): TRAFFIC_STATS_POLL true Token 2406 num clients 18
05-17 15:45:32.034 E/WifiTrafficPoller(  851):  packet count Tx=1615263 Rx=5359072
05-17 15:45:32.394 E/memtrack(12442): Couldn't load memtrack module (No such file or directory)
05-17 15:45:32.394 E/android.os.Debug(12442): failed to load memtrack module: -2
05-17 15:45:33.035 E/WifiTrafficPoller(  851): TRAFFIC_STATS_POLL true Token 2406 num clients 18
05-17 15:45:33.036 E/WifiTrafficPoller(  851):  packet count Tx=1615263 Rx=5359090
05-17 15:45:33.107 E/memtrack(12459): Couldn't load memtrack module (No such file or directory)
05-17 15:45:33.107 E/android.os.Debug(12459): failed to load memtrack module: -2
05-17 15:45:33.136 E/WifiStateMachine(  851):  ConnectedState (when=-3ms what=131155 arg1=548!CMD_RSSI_POLL 548 0 "BOCO-office" 94:b4:0f:68:a4:b1 rssi=-51 f=5785 sc=80 link=150 tx=9.4, 0.0, 0.0  rx=67.5 bcn=0 [on:0 tx:0 rx:0 period:3002] from screen [on:0 period:545692208] gl rssi=-51 ag=0 hr ticks 0,0,24 ls-=0 [56,56,60,60,65] brc=0 lrc=0
05-17 15:45:33.137 E/WifiStateMachine(  851):  L2ConnectedState (when=-4ms what=131155 arg1=548!CMD_RSSI_POLL 548 0 "BOCO-office" 94:b4:0f:68:a4:b1 rssi=-51 f=5785 sc=80 link=150 tx=9.4, 0.0, 0.0  rx=67.5 bcn=0 [on:0 tx:0 rx:0 period:1] from screen [on:0 period:545692209] gl rssi=-51 ag=0 hr ticks 0,0,24 ls-=0 [56,56,60,60,65] brc=0 lrc=0
05-17 15:45:33.137 E/WifiStateMachine(  851):  get link layer stats 0
05-17 15:45:33.141 E/WifiStateMachine(  851): calculateWifiScore() we set wifi's score to 1000, so will always set wifi as a default network.
05-17 15:45:34.036 E/WifiTrafficPoller(  851): TRAFFIC_STATS_POLL true Token 2406 num clients 18
05-17 15:45:34.036 E/WifiTrafficPoller(  851):  packet count Tx=1615264 Rx=5359110
05-17 15:45:34.036 E/WifiTrafficPoller(  851): notifying of data activity 3
05-17 15:45:34.173 E/memtrack(12475): Couldn't load memtrack module (No such file or directory)
05-17 15:45:34.173 E/android.os.Debug(12475): failed to load memtrack module: -2
05-17 15:45:35.038 E/WifiTrafficPoller(  851): TRAFFIC_STATS_POLL true Token 2406 num clients 18
05-17 15:45:35.038 E/WifiTrafficPoller(  851):  packet count Tx=1615264 Rx=5359127
05-17 15:45:35.038 E/WifiTrafficPoller(  851): notifying of data activity 1
05-17 15:45:35.204 E/memtrack(12491): Couldn't load memtrack module (No such file or directory)
05-17 15:45:35.204 E/android.os.Debug(12491): failed to load memtrack module: -2
05-17 15:45:36.039 E/WifiTrafficPoller(  851): TRAFFIC_STATS_POLL true Token 2406 num clients 18
05-17 15:45:36.040 E/WifiTrafficPoller(  851):  packet count Tx=1615264 Rx=5359140
05-17 15:45:36.143 E/WifiStateMachine(  851):  ConnectedState (when=-2ms what=131155 arg1=548!CMD_RSSI_POLL 548 0 "BOCO-office" 94:b4:0f:68:a4:b1 rssi=-51 f=5785 sc=80 link=150 tx=4.7, 0.0, 0.0  rx=60.3 bcn=0 [on:0 tx:0 rx:0 period:3001] from screen [on:0 period:545695215] gl rssi=-51 ag=0 hr ticks 0,0,24 ls-=0 [56,56,56,56,61] brc=0 lrc=0
05-17 15:45:36.143 E/WifiStateMachine(  851):  L2ConnectedState (when=-2ms what=131155 arg1=548!CMD_RSSI_POLL 548 0 "BOCO-office" 94:b4:0f:68:a4:b1 rssi=-51 f=5785 sc=80 link=150 tx=4.7, 0.0, 0.0  rx=60.3 bcn=0 [on:0 tx:0 rx:0 period:0] from screen [on:0 period:545695215] gl rssi=-51 ag=0 hr ticks 0,0,24 ls-=0 [56,56,56,56,61] brc=0 lrc=0
05-17 15:45:36.143 E/WifiStateMachine(  851):  get link layer stats 0
05-17 15:45:36.163 E/WifiStateMachine(  851): calculateWifiScore() we set wifi's score to 1000, so will always set wifi as a default network.
05-17 15:45:36.178 E/memtrack(12531): Couldn't load memtrack module (No such file or directory)
05-17 15:45:36.179 E/android.os.Debug(12531): failed to load memtrack module: -2
05-17 15:45:37.041 E/WifiTrafficPoller(  851): TRAFFIC_STATS_POLL true Token 2406 num clients 18
05-17 15:45:37.042 E/WifiTrafficPoller(  851):  packet count Tx=1615264 Rx=5359156
05-17 15:45:37.547 E/memtrack(12550): Couldn't load memtrack module (No such file or directory)
05-17 15:45:37.547 E/android.os.Debug(12550): failed to load memtrack module: -2
05-17 15:45:37.767 E/NotificationService(  851): Suppressing notification from package com.qihoo.appstore by user request.
05-17 15:45:37.772 E/NotificationService(  851): Suppressing notification from package com.qihoo.appstore by user request.
05-17 15:45:37.819 E/CoreDaemon(11928): not Start Daemon in coredaemon
05-17 15:45:37.819 E/CoreDaemon(11929): not Start Daemon in coredaemon
05-17 15:45:38.043 E/WifiTrafficPoller(  851): TRAFFIC_STATS_POLL true Token 2406 num clients 18
05-17 15:45:38.044 E/WifiTrafficPoller(  851):  packet count Tx=1615264 Rx=5359178
05-17 15:45:38.238 E/memtrack(12571): Couldn't load memtrack module (No such file or directory)
05-17 15:45:38.238 E/android.os.Debug(12571): failed to load memtrack module: -2
05-17 15:45:39.044 E/WifiTrafficPoller(  851): TRAFFIC_STATS_POLL true Token 2406 num clients 18
05-17 15:45:39.044 E/WifiTrafficPoller(  851):  packet count Tx=1615265 Rx=5359192
05-17 15:45:39.044 E/WifiTrafficPoller(  851): notifying of data activity 3
05-17 15:45:39.168 E/WifiStateMachine(  851):  ConnectedState (when=-4ms what=131155 arg1=548!CMD_RSSI_POLL 548 0 "BOCO-office" 94:b4:0f:68:a4:b1 rssi=-50 f=5785 sc=80 link=150 tx=2.8, 0.0, 0.0  rx=55.6 bcn=0 [on:0 tx:0 rx:0 period:3000] from screen [on:0 period:545698240] gl rssi=-50 ag=0 hr ticks 0,0,24 ls-=0 [56,56,56,56,61] brc=0 lrc=0
05-17 15:45:39.171 E/WifiStateMachine(  851):  L2ConnectedState (when=-6ms what=131155 arg1=548!CMD_RSSI_POLL 548 0 "BOCO-office" 94:b4:0f:68:a4:b1 rssi=-50 f=5785 sc=80 link=150 tx=2.8, 0.0, 0.0  rx=55.6 bcn=0 [on:0 tx:0 rx:0 period:2] from screen [on:0 period:545698242] gl rssi=-50 ag=0 hr ticks 0,0,24 ls-=0 [56,56,56,56,61] brc=0 lrc=0
05-17 15:45:39.171 E/WifiStateMachine(  851):  get link layer stats 0
05-17 15:45:39.175 E/WifiStateMachine(  851): calculateWifiScore() we set wifi's score to 1000, so will always set wifi as a default network.
05-17 15:45:39.967 E/memtrack(12596): Couldn't load memtrack module (No such file or directory)
05-17 15:45:39.967 E/android.os.Debug(12596): failed to load memtrack module: -2
05-17 15:45:40.045 E/WifiTrafficPoller(  851): TRAFFIC_STATS_POLL true Token 2406 num clients 18
05-17 15:45:40.046 E/WifiTrafficPoller(  851):  packet count Tx=1615265 Rx=5359213
05-17 15:45:40.046 E/WifiTrafficPoller(  851): notifying of data activity 1
05-17 15:45:41.048 E/WifiTrafficPoller(  851): TRAFFIC_STATS_POLL true Token 2406 num clients 18
05-17 15:45:41.049 E/WifiTrafficPoller(  851):  packet count Tx=1615265 Rx=5359225
05-17 15:45:42.052 E/WifiTrafficPoller(  851): TRAFFIC_STATS_POLL true Token 2406 num clients 18
05-17 15:45:42.057 E/WifiTrafficPoller(  851):  packet count Tx=1615266 Rx=5359242
05-17 15:45:42.061 E/WifiTrafficPoller(  851): notifying of data activity 3
05-17 15:45:42.178 E/WifiStateMachine(  851):  ConnectedState (when=-2ms what=131155 arg1=548!CMD_RSSI_POLL 548 0 "BOCO-office" 94:b4:0f:68:a4:b1 rssi=-50 f=5785 sc=80 link=150 tx=1.9, 0.0, 0.0  rx=53.8 bcn=0 [on:0 tx:0 rx:0 period:3000] from screen [on:0 period:545701250] gl rssi=-50 ag=0 hr ticks 0,0,24 ls-=0 [56,56,56,56,61] brc=0 lrc=0
05-17 15:45:42.178 E/WifiStateMachine(  851):  L2ConnectedState (when=-2ms what=131155 arg1=548!CMD_RSSI_POLL 548 0 "BOCO-office" 94:b4:0f:68:a4:b1 rssi=-50 f=5785 sc=80 link=150 tx=1.9, 0.0, 0.0  rx=53.8 bcn=0 [on:0 tx:0 rx:0 period:0] from screen [on:0 period:545701250] gl rssi=-50 ag=0 hr ticks 0,0,24 ls-=0 [56,56,56,56,61] brc=0 lrc=0
05-17 15:45:42.178 E/WifiStateMachine(  851):  get link layer stats 0
05-17 15:45:42.199 E/WifiStateMachine(  851): calculateWifiScore() we set wifi's score to 1000, so will always set wifi as a default network.
05-17 15:45:43.082 E/WifiTrafficPoller(  851): TRAFFIC_STATS_POLL true Token 2406 num clients 18
05-17 15:45:43.083 E/WifiTrafficPoller(  851):  packet count Tx=1615266 Rx=5359261
05-17 15:45:43.083 E/WifiTrafficPoller(  851): notifying of data activity 1
05-17 15:45:43.696 E/memtrack(12614): Couldn't load memtrack module (No such file or directory)
05-17 15:45:43.696 E/android.os.Debug(12614): failed to load memtrack module: -2
05-17 15:45:44.088 E/WifiTrafficPoller(  851): TRAFFIC_STATS_POLL true Token 2406 num clients 18
05-17 15:45:44.088 E/WifiTrafficPoller(  851):  packet count Tx=1615266 Rx=5359280
05-17 15:45:44.445 E/memtrack(12631): Couldn't load memtrack module (No such file or directory)
05-17 15:45:44.445 E/android.os.Debug(12631): failed to load memtrack module: -2
05-17 15:45:44.587 E/InputDispatcher(  851): channel '16efc45d com.boco.sc.mobileom/com.boco.sc.mobileom.worksheet.search.activity.Comm_WSHDetail (server)' ~ Channel is unrecoverably broken and will be disposed!
05-17 15:45:44.917 E/VMSG    (12647): RegisterNatives OnUserCommand1
05-17 15:45:45.089 E/WifiTrafficPoller(  851): TRAFFIC_STATS_POLL true Token 2406 num clients 18
05-17 15:45:45.090 E/WifiTrafficPoller(  851):  packet count Tx=1615273 Rx=5359300
05-17 15:45:45.090 E/WifiTrafficPoller(  851): notifying of data activity 3
05-17 15:45:45.126 E/NativeCrypto(12647): ssl=0x7fa302f980 cert_verify_callback x509_store_ctx=0x7f9e5f6e88 arg=0x0
05-17 15:45:45.126 E/NativeCrypto(12647): ssl=0x7fa302f980 cert_verify_callback calling verifyCertificateChain authMethod=ECDHE_RSA
05-17 15:45:45.204 E/WifiStateMachine(  851):  ConnectedState (when=-2ms what=131155 arg1=548!CMD_RSSI_POLL 548 0 "BOCO-office" 94:b4:0f:68:a4:b1 rssi=-53 f=5785 sc=80 link=150 tx=1.5, 0.0, 0.0  rx=50.9 bcn=0 [on:0 tx:0 rx:0 period:2986] from screen [on:0 period:545704276] gl rssi=-53 ag=0 hr ticks 0,0,24 ls-=0 [56,56,56,56,61] brc=0 lrc=0
05-17 15:45:45.204 E/WifiStateMachine(  851):  L2ConnectedState (when=-3ms what=131155 arg1=548!CMD_RSSI_POLL 548 0 "BOCO-office" 94:b4:0f:68:a4:b1 rssi=-53 f=5785 sc=80 link=150 tx=1.5, 0.0, 0.0  rx=50.9 bcn=0 [on:0 tx:0 rx:0 period:0] from screen [on:0 period:545704276] gl rssi=-53 ag=0 hr ticks 0,0,24 ls-=0 [56,56,56,56,61] brc=0 lrc=0
05-17 15:45:45.205 E/WifiStateMachine(  851):  get link layer stats 0
05-17 15:45:45.206 E/WifiStateMachine(  851): calculateWifiScore() we set wifi's score to 1000, so will always set wifi as a default network.
05-17 15:45:45.294 E/baidumapsdk(12647): Authentication Error errorcode: 230 uid: -1 appid -1 msg: APP Scode
05-17 15:45:45.698 E/memtrack(12676): Couldn't load memtrack module (No such file or directory)
05-17 15:45:45.698 E/android.os.Debug(12676): failed to load memtrack module: -2
05-17 15:45:46.091 E/WifiTrafficPoller(  851): TRAFFIC_STATS_POLL true Token 2406 num clients 18
05-17 15:45:46.093 E/WifiTrafficPoller(  851):  packet count Tx=1615289 Rx=5359331
05-17 15:45:46.641 E/memtrack(12697): Couldn't load memtrack module (No such file or directory)
05-17 15:45:46.642 E/android.os.Debug(12697): failed to load memtrack module: -2
05-17 15:45:47.094 E/WifiTrafficPoller(  851): TRAFFIC_STATS_POLL true Token 2406 num clients 18
05-17 15:45:47.095 E/WifiTrafficPoller(  851):  packet count Tx=1615290 Rx=5359369
05-17 15:45:47.379 E/memtrack(12714): Couldn't load memtrack module (No such file or directory)
05-17 15:45:47.379 E/android.os.Debug(12714): failed to load memtrack module: -2
05-17 15:45:48.096 E/WifiTrafficPoller(  851): TRAFFIC_STATS_POLL true Token 2406 num clients 18
05-17 15:45:48.097 E/WifiTrafficPoller(  851):  packet count Tx=1615290 Rx=5359396
05-17 15:45:48.097 E/WifiTrafficPoller(  851): notifying of data activity 1
05-17 15:45:48.209 E/WifiStateMachine(  851):  ConnectedState (when=-2ms what=131155 arg1=548!CMD_RSSI_POLL 548 0 "BOCO-office" 94:b4:0f:68:a4:b1 rssi=-50 f=5785 sc=80 link=150 tx=8.2, 0.0, 0.0  rx=60.0 bcn=0 [on:0 tx:0 rx:0 period:3001] from screen [on:0 period:545707281] gl rssi=-50 ag=0 hr ticks 0,0,24 ls-=0 [56,56,60,60,65] brc=0 lrc=0
05-17 15:45:48.209 E/WifiStateMachine(  851):  L2ConnectedState (when=-3ms what=131155 arg1=548!CMD_RSSI_POLL 548 0 "BOCO-office" 94:b4:0f:68:a4:b1 rssi=-50 f=5785 sc=80 link=150 tx=8.2, 0.0, 0.0  rx=60.0 bcn=0 [on:0 tx:0 rx:0 period:0] from screen [on:0 period:545707281] gl rssi=-50 ag=0 hr ticks 0,0,24 ls-=0 [56,56,60,60,65] brc=0 lrc=0
05-17 15:45:48.209 E/WifiStateMachine(  851):  get link layer stats 0
05-17 15:45:48.214 E/WifiStateMachine(  851): calculateWifiScore() we set wifi's score to 1000, so will always set wifi as a default network.
05-17 15:45:48.493 E/memtrack(12732): Couldn't load memtrack module (No such file or directory)
05-17 15:45:48.493 E/android.os.Debug(12732): failed to load memtrack module: -2
05-17 15:45:49.098 E/WifiTrafficPoller(  851): TRAFFIC_STATS_POLL true Token 2406 num clients 18
05-17 15:45:49.099 E/WifiTrafficPoller(  851):  packet count Tx=1615291 Rx=5359418
05-17 15:45:49.099 E/WifiTrafficPoller(  851): notifying of data activity 3
05-17 15:45:49.234 E/memtrack(12749): Couldn't load memtrack module (No such file or directory)
05-17 15:45:49.234 E/android.os.Debug(12749): failed to load memtrack module: -2
05-17 15:45:50.100 E/WifiTrafficPoller(  851): TRAFFIC_STATS_POLL true Token 2406 num clients 18
05-17 15:45:50.100 E/WifiTrafficPoller(  851):  packet count Tx=1615291 Rx=5359429
05-17 15:45:50.100 E/WifiTrafficPoller(  851): notifying of data activity 1
05-17 15:45:51.101 E/WifiTrafficPoller(  851): TRAFFIC_STATS_POLL true Token 2406 num clients 18
05-17 15:45:51.102 E/WifiTrafficPoller(  851):  packet count Tx=1615291 Rx=5359443
05-17 15:45:51.220 E/WifiStateMachine(  851):  ConnectedState (when=-4ms what=131155 arg1=548!CMD_RSSI_POLL 548 0 "BOCO-office" 94:b4:0f:68:a4:b1 rssi=-48 f=5785 sc=80 link=150 tx=8.6, 0.0, 0.0  rx=73.5 bcn=0 [on:0 tx:0 rx:0 period:3002] from screen [on:0 period:545710292] gl rssi=-48 ag=0 hr ticks 0,0,24 ls-=0 [56,56,60,60,65] brc=0 lrc=0
05-17 15:45:51.223 E/WifiStateMachine(  851):  L2ConnectedState (when=-7ms what=131155 arg1=548!CMD_RSSI_POLL 548 0 "BOCO-office" 94:b4:0f:68:a4:b1 rssi=-48 f=5785 sc=80 link=150 tx=8.6, 0.0, 0.0  rx=73.5 bcn=0 [on:0 tx:0 rx:0 period:3] from screen [on:0 period:545710295] gl rssi=-48 ag=0 hr ticks 0,0,24 ls-=0 [56,56,60,60,65] brc=0 lrc=0
05-17 15:45:51.224 E/WifiStateMachine(  851):  get link layer stats 0
05-17 15:45:51.246 E/WifiStateMachine(  851): calculateWifiScore() we set wifi's score to 1000, so will always set wifi as a default network.
05-17 15:45:52.104 E/WifiTrafficPoller(  851): TRAFFIC_STATS_POLL true Token 2406 num clients 18
05-17 15:45:52.104 E/WifiTrafficPoller(  851):  packet count Tx=1615292 Rx=5359466
05-17 15:45:52.104 E/WifiTrafficPoller(  851): notifying of data activity 3
05-17 15:45:52.695 E/memtrack(12796): Couldn't load memtrack module (No such file or directory)
05-17 15:45:52.695 E/android.os.Debug(12796): failed to load memtrack module: -2
05-17 15:45:53.105 E/WifiTrafficPoller(  851): TRAFFIC_STATS_POLL true Token 2406 num clients 18
05-17 15:45:53.105 E/WifiTrafficPoller(  851):  packet count Tx=1615294 Rx=5359495
05-17 15:45:53.265 E/VMSG    (12814): RegisterNatives OnUserCommand1
05-17 15:45:53.324 E/WifiTrafficPoller(  851): ADD_CLIENT: 19
05-17 15:45:53.414 E/NativeCrypto(12814): ssl=0x7fa30d3980 cert_verify_callback x509_store_ctx=0x7f9e4b4e88 arg=0x0
05-17 15:45:53.414 E/NativeCrypto(12814): ssl=0x7fa30d3980 cert_verify_callback calling verifyCertificateChain authMethod=ECDHE_RSA
05-17 15:45:53.575 E/[PropSet](12814): connect fail
05-17 15:45:53.575 E/[PropSet](12814): send_prop_msg return err -1
05-17 15:45:53.668 E/baidumapsdk(12814): Authentication Error errorcode: 230 uid: -1 appid -1 msg: APP Scode
05-17 15:45:53.721 E/SurfaceFlinger(  285): onDraw: bindTextureImage test
05-17 15:45:53.742 E/SurfaceFlinger(  285): onDraw: bindTextureImage test
05-17 15:45:53.759 E/SurfaceFlinger(  285): onDraw: bindTextureImage test
05-17 15:45:53.776 E/SurfaceFlinger(  285): onDraw: bindTextureImage test
05-17 15:45:54.106 E/WifiTrafficPoller(  851): TRAFFIC_STATS_POLL true Token 2406 num clients 19
05-17 15:45:54.108 E/WifiTrafficPoller(  851):  packet count Tx=1615308 Rx=5359535
05-17 15:45:54.225 E/SurfaceFlinger(  285): onDraw: bindTextureImage test
05-17 15:45:54.226 E/SurfaceFlinger(  285): onDraw: bindTextureImage test
05-17 15:45:54.226 E/SurfaceFlinger(  285): onDraw: bindTextureImage test
05-17 15:45:54.249 E/WifiStateMachine(  851):  ConnectedState (when=-3ms what=131155 arg1=548!CMD_RSSI_POLL 548 0 "BOCO-office" 94:b4:0f:68:a4:b1 rssi=-49 f=5785 sc=80 link=150 tx=4.8, 0.0, 0.0  rx=58.7 bcn=0 [on:0 tx:0 rx:0 period:3000] from screen [on:0 period:545713321] gl rssi=-49 ag=0 hr ticks 0,0,24 ls-=0 [56,56,56,56,61] brc=0 lrc=0
05-17 15:45:54.250 E/WifiStateMachine(  851):  L2ConnectedState (when=-4ms what=131155 arg1=548!CMD_RSSI_POLL 548 0 "BOCO-office" 94:b4:0f:68:a4:b1 rssi=-49 f=5785 sc=80 link=150 tx=4.8, 0.0, 0.0  rx=58.7 bcn=0 [on:0 tx:0 rx:0 period:1] from screen [on:0 period:545713322] gl rssi=-49 ag=0 hr ticks 0,0,24 ls-=0 [56,56,56,56,61] brc=0 lrc=0
05-17 15:45:54.250 E/WifiStateMachine(  851):  get link layer stats 0
05-17 15:45:54.253 E/WifiStateMachine(  851): calculateWifiScore() we set wifi's score to 1000, so will always set wifi as a default network.
05-17 15:45:55.109 E/WifiTrafficPoller(  851): TRAFFIC_STATS_POLL true Token 2406 num clients 19
05-17 15:45:55.110 E/WifiTrafficPoller(  851):  packet count Tx=1615308 Rx=5359551
05-17 15:45:55.110 E/WifiTrafficPoller(  851): notifying of data activity 1
05-17 15:45:56.111 E/WifiTrafficPoller(  851): TRAFFIC_STATS_POLL true Token 2406 num clients 19
05-17 15:45:56.113 E/WifiTrafficPoller(  851):  packet count Tx=1615308 Rx=5359567
05-17 15:45:56.894 E/TouchFilter(  851): setTouchFilter LOG Enable prameter: 1
05-17 15:45:57.114 E/WifiTrafficPoller(  851): TRAFFIC_STATS_POLL true Token 2406 num clients 19
05-17 15:45:57.115 E/WifiTrafficPoller(  851):  packet count Tx=1615309 Rx=5359599
05-17 15:45:57.115 E/WifiTrafficPoller(  851): notifying of data activity 3
05-17 15:45:57.256 E/WifiStateMachine(  851):  ConnectedState (when=-2ms what=131155 arg1=548!CMD_RSSI_POLL 548 0 "BOCO-office" 94:b4:0f:68:a4:b1 rssi=-50 f=5785 sc=80 link=150 tx=10.9, 0.0, 0.0  rx=75.4 bcn=0 [on:0 tx:0 rx:0 period:3002] from screen [on:0 period:545716328] gl rssi=-50 ag=0 hr ticks 0,0,24 ls-=0 [56,56,60,60,65] brc=0 lrc=0
05-17 15:45:57.263 E/WifiStateMachine(  851):  L2ConnectedState (when=-9ms what=131155 arg1=548!CMD_RSSI_POLL 548 0 "BOCO-office" 94:b4:0f:68:a4:b1 rssi=-50 f=5785 sc=80 link=150 tx=10.9, 0.0, 0.0  rx=75.4 bcn=0 [on:0 tx:0 rx:0 period:7] from screen [on:0 period:545716335] gl rssi=-50 ag=0 hr ticks 0,0,24 ls-=0 [56,56,60,60,65] brc=0 lrc=0
05-17 15:45:57.267 E/WifiStateMachine(  851):  get link layer stats 0
05-17 15:45:57.278 E/WifiStateMachine(  851): calculateWifiScore() we set wifi's score to 1000, so will always set wifi as a default network.
05-17 15:45:58.120 E/WifiTrafficPoller(  851): TRAFFIC_STATS_POLL true Token 2406 num clients 19
05-17 15:45:58.124 E/WifiTrafficPoller(  851):  packet count Tx=1615309 Rx=5359620
05-17 15:45:58.124 E/WifiTrafficPoller(  851): notifying of data activity 1
05-17 15:45:59.144 E/WifiTrafficPoller(  851): TRAFFIC_STATS_POLL true Token 2406 num clients 19
05-17 15:45:59.145 E/WifiTrafficPoller(  851):  packet count Tx=1615309 Rx=5359653
05-17 15:46:00.146 E/WifiTrafficPoller(  851): TRAFFIC_STATS_POLL true Token 2406 num clients 19
05-17 15:46:00.146 E/WifiTrafficPoller(  851):  packet count Tx=1615309 Rx=5359699
05-17 15:46:00.283 E/WifiStateMachine(  851):  ConnectedState (when=-3ms what=131155 arg1=548!CMD_RSSI_POLL 548 0 "BOCO-office" 94:b4:0f:68:a4:b1 rssi=-50 f=5785 sc=80 link=150 tx=6.0, 0.0, 0.0  rx=70.7 bcn=0 [on:0 tx:0 rx:0 period:2985] from screen [on:0 period:545719355] gl rssi=-50 ag=0 hr ticks 0,0,24 ls-=0 [56,56,60,60,65] brc=0 lrc=0
05-17 15:46:00.284 E/WifiStateMachine(  851):  L2ConnectedState (when=-4ms what=131155 arg1=548!CMD_RSSI_POLL 548 0 "BOCO-office" 94:b4:0f:68:a4:b1 rssi=-50 f=5785 sc=80 link=150 tx=6.0, 0.0, 0.0  rx=70.7 bcn=0 [on:0 tx:0 rx:0 period:1] from screen [on:0 period:545719356] gl rssi=-50 ag=0 hr ticks 0,0,24 ls-=0 [56,56,60,60,65] brc=0 lrc=0
05-17 15:46:00.284 E/WifiStateMachine(  851):  get link layer stats 0
05-17 15:46:00.286 E/WifiStateMachine(  851): calculateWifiScore() we set wifi's score to 1000, so will always set wifi as a default network.
05-17 15:46:01.147 E/WifiTrafficPoller(  851): TRAFFIC_STATS_POLL true Token 2406 num clients 19
05-17 15:46:01.148 E/WifiTrafficPoller(  851):  packet count Tx=1615317 Rx=5359721
05-17 15:46:01.149 E/WifiTrafficPoller(  851): notifying of data activity 3
05-17 15:46:01.769 E/memtrack(12887): Couldn't load memtrack module (No such file or directory)
05-17 15:46:01.769 E/android.os.Debug(12887): failed to load memtrack module: -2
05-17 15:46:02.153 E/WifiTrafficPoller(  851): TRAFFIC_STATS_POLL true Token 2406 num clients 19
05-17 15:46:02.154 E/WifiTrafficPoller(  851):  packet count Tx=1615317 Rx=5359740
05-17 15:46:02.154 E/WifiTrafficPoller(  851): notifying of data activity 1
05-17 15:46:03.155 E/WifiTrafficPoller(  851): TRAFFIC_STATS_POLL true Token 2406 num clients 19
05-17 15:46:03.156 E/WifiTrafficPoller(  851):  packet count Tx=1615319 Rx=5359759
05-17 15:46:03.156 E/WifiTrafficPoller(  851): notifying of data activity 3
05-17 15:46:03.289 E/WifiStateMachine(  851):  ConnectedState (when=-2ms what=131155 arg1=548!CMD_RSSI_POLL 548 0 "BOCO-office" 94:b4:0f:68:a4:b1 rssi=-49 f=5785 sc=80 link=150 tx=6.0, 0.0, 0.0  rx=87.8 bcn=0 [on:0 tx:0 rx:0 period:3001] from screen [on:0 period:545722361] gl rssi=-49 ag=0 hr ticks 0,0,24 ls-=0 [56,56,60,60,65] brc=0 lrc=0
05-17 15:46:03.290 E/WifiStateMachine(  851):  L2ConnectedState (when=-3ms what=131155 arg1=548!CMD_RSSI_POLL 548 0 "BOCO-office" 94:b4:0f:68:a4:b1 rssi=-49 f=5785 sc=80 link=150 tx=6.0, 0.0, 0.0  rx=87.8 bcn=0 [on:0 tx:0 rx:0 period:1] from screen [on:0 period:545722362] gl rssi=-49 ag=0 hr ticks 0,0,24 ls-=0 [56,56,60,60,65] brc=0 lrc=0
05-17 15:46:03.290 E/WifiStateMachine(  851):  get link layer stats 0
05-17 15:46:03.293 E/WifiStateMachine(  851): calculateWifiScore() we set wifi's score to 1000, so will always set wifi as a default network.
05-17 15:46:04.157 E/WifiTrafficPoller(  851): TRAFFIC_STATS_POLL true Token 2406 num clients 19
05-17 15:46:04.157 E/WifiTrafficPoller(  851):  packet count Tx=1615319 Rx=5359784
05-17 15:46:04.157 E/WifiTrafficPoller(  851): notifying of data activity 1
05-17 15:46:05.076 E/memtrack(12918): Couldn't load memtrack module (No such file or directory)
05-17 15:46:05.076 E/android.os.Debug(12918): failed to load memtrack module: -2
05-17 15:46:05.158 E/WifiTrafficPoller(  851): TRAFFIC_STATS_POLL true Token 2406 num clients 19
05-17 15:46:05.159 E/WifiTrafficPoller(  851):  packet count Tx=1615319 Rx=5359795
05-17 15:46:06.158 E/WifiTrafficPoller(  851): TRAFFIC_STATS_POLL true Token 2406 num clients 19
05-17 15:46:06.159 E/WifiTrafficPoller(  851):  packet count Tx=1615319 Rx=5359821
05-17 15:46:06.296 E/WifiStateMachine(  851):  ConnectedState (when=-3ms what=131155 arg1=548!CMD_RSSI_POLL 548 0 "BOCO-office" 94:b4:0f:68:a4:b1 rssi=-50 f=5785 sc=80 link=150 tx=5.0, 0.0, 0.0  rx=70.4 bcn=0 [on:0 tx:0 rx:0 period:3002] from screen [on:0 period:545725368] gl rssi=-50 ag=0 hr ticks 0,0,24 ls-=0 [56,56,56,56,61] brc=0 lrc=0
05-17 15:46:06.297 E/WifiStateMachine(  851):  L2ConnectedState (when=-4ms what=131155 arg1=548!CMD_RSSI_POLL 548 0 "BOCO-office" 94:b4:0f:68:a4:b1 rssi=-50 f=5785 sc=80 link=150 tx=5.0, 0.0, 0.0  rx=70.4 bcn=0 [on:0 tx:0 rx:0 period:1] from screen [on:0 period:545725369] gl rssi=-50 ag=0 hr ticks 0,0,24 ls-=0 [56,56,56,56,61] brc=0 lrc=0
05-17 15:46:06.298 E/WifiStateMachine(  851):  get link layer stats 0
05-17 15:46:06.314 E/WifiStateMachine(  851): calculateWifiScore() we set wifi's score to 1000, so will always set wifi as a default network.
05-17 15:46:07.159 E/WifiTrafficPoller(  851): TRAFFIC_STATS_POLL true Token 2406 num clients 19
05-17 15:46:07.161 E/WifiTrafficPoller(  851):  packet count Tx=1615319 Rx=5359849
05-17 15:46:08.161 E/WifiTrafficPoller(  851): TRAFFIC_STATS_POLL true Token 2406 num clients 19
05-17 15:46:08.161 E/WifiTrafficPoller(  851):  packet count Tx=1615331 Rx=5359892
05-17 15:46:08.161 E/WifiTrafficPoller(  851): notifying of data activity 3
05-17 15:46:08.428 E/SurfaceFlinger(  285): onDraw: bindTextureImage test
05-17 15:46:08.444 E/SurfaceFlinger(  285): onDraw: bindTextureImage test
05-17 15:46:08.461 E/SurfaceFlinger(  285): onDraw: bindTextureImage test
05-17 15:46:08.479 E/SurfaceFlinger(  285): onDraw: bindTextureImage test
05-17 15:46:08.495 E/SurfaceFlinger(  285): onDraw: bindTextureImage test
05-17 15:46:08.512 E/SurfaceFlinger(  285): onDraw: bindTextureImage test
05-17 15:46:08.528 E/SurfaceFlinger(  285): onDraw: bindTextureImage test
05-17 15:46:08.546 E/SurfaceFlinger(  285): onDraw: bindTextureImage test
05-17 15:46:08.680 E/SurfaceFlinger(  285): onDraw: bindTextureImage test
05-17 15:46:08.697 E/SurfaceFlinger(  285): onDraw: bindTextureImage test
05-17 15:46:08.714 E/SurfaceFlinger(  285): onDraw: bindTextureImage test
05-17 15:46:08.730 E/SurfaceFlinger(  285): onDraw: bindTextureImage test
05-17 15:46:08.747 E/SurfaceFlinger(  285): onDraw: bindTextureImage test
05-17 15:46:08.764 E/SurfaceFlinger(  285): onDraw: bindTextureImage test
05-17 15:46:08.781 E/SurfaceFlinger(  285): onDraw: bindTextureImage test
05-17 15:46:09.083 E/SurfaceFlinger(  285): onDraw: bindTextureImage test
05-17 15:46:09.100 E/SurfaceFlinger(  285): onDraw: bindTextureImage test
05-17 15:46:09.118 E/SurfaceFlinger(  285): onDraw: bindTextureImage test
05-17 15:46:09.163 E/WifiTrafficPoller(  851): TRAFFIC_STATS_POLL true Token 2406 num clients 19
05-17 15:46:09.164 E/WifiTrafficPoller(  851):  packet count Tx=1615340 Rx=5359926
05-17 15:46:09.320 E/WifiStateMachine(  851):  ConnectedState (when=-4ms what=131155 arg1=548!CMD_RSSI_POLL 548 0 "BOCO-office" 94:b4:0f:68:a4:b1 rssi=-49 f=5785 sc=80 link=150 tx=2.5, 0.0, 0.0  rx=66.7 bcn=0 [on:0 tx:0 rx:0 period:3004] from screen [on:0 period:545728391] gl rssi=-49 ag=0 hr ticks 0,0,24 ls-=0 [56,56,56,56,61] brc=0 lrc=0
05-17 15:46:09.324 E/WifiStateMachine(  851):  L2ConnectedState (when=-9ms what=131155 arg1=548!CMD_RSSI_POLL 548 0 "BOCO-office" 94:b4:0f:68:a4:b1 rssi=-49 f=5785 sc=80 link=150 tx=2.5, 0.0, 0.0  rx=66.7 bcn=0 [on:0 tx:0 rx:0 period:5] from screen [on:0 period:545728396] gl rssi=-49 ag=0 hr ticks 0,0,24 ls-=0 [56,56,56,56,61] brc=0 lrc=0
05-17 15:46:09.324 E/WifiStateMachine(  851):  get link layer stats 0
05-17 15:46:09.329 E/WifiStateMachine(  851): calculateWifiScore() we set wifi's score to 1000, so will always set wifi as a default network.
05-17 15:46:10.007 E/memtrack(12946): Couldn't load memtrack module (No such file or directory)
05-17 15:46:10.007 E/android.os.Debug(12946): failed to load memtrack module: -2
05-17 15:46:10.165 E/WifiTrafficPoller(  851): TRAFFIC_STATS_POLL true Token 2406 num clients 19
05-17 15:46:10.167 E/WifiTrafficPoller(  851):  packet count Tx=1615341 Rx=5359944
05-17 15:46:10.261 E/SurfaceFlinger(  285): onDraw: bindTextureImage test
05-17 15:46:10.276 E/SurfaceFlinger(  285): onDraw: bindTextureImage test
05-17 15:46:10.294 E/SurfaceFlinger(  285): onDraw: bindTextureImage test
05-17 15:46:10.311 E/SurfaceFlinger(  285): onDraw: bindTextureImage test
05-17 15:46:10.327 E/SurfaceFlinger(  285): onDraw: bindTextureImage test
05-17 15:46:10.344 E/SurfaceFlinger(  285): onDraw: bindTextureImage test
05-17 15:46:10.362 E/SurfaceFlinger(  285): onDraw: bindTextureImage test
05-17 15:46:11.167 E/WifiTrafficPoller(  851): TRAFFIC_STATS_POLL true Token 2406 num clients 18
05-17 15:46:11.168 E/WifiTrafficPoller(  851):  packet count Tx=1615344 Rx=5359963
05-17 15:46:12.170 E/WifiTrafficPoller(  851): TRAFFIC_STATS_POLL true Token 2406 num clients 18
05-17 15:46:12.170 E/WifiTrafficPoller(  851):  packet count Tx=1615346 Rx=5359997
05-17 15:46:12.332 E/WifiStateMachine(  851):  ConnectedState (when=-3ms what=131155 arg1=548!CMD_RSSI_POLL 548 0 "BOCO-office" 94:b4:0f:68:a4:b1 rssi=-50 f=5785 sc=80 link=150 tx=11.7, 0.0, 0.0  rx=89.4 bcn=0 [on:0 tx:0 rx:0 period:3000] from screen [on:0 period:545731404] gl rssi=-50 ag=0 hr ticks 0,0,24 ls-=0 [56,56,60,60,65] brc=0 lrc=0
05-17 15:46:12.333 E/WifiStateMachine(  851):  L2ConnectedState (when=-4ms what=131155 arg1=548!CMD_RSSI_POLL 548 0 "BOCO-office" 94:b4:0f:68:a4:b1 rssi=-50 f=5785 sc=80 link=150 tx=11.7, 0.0, 0.0  rx=89.4 bcn=0 [on:0 tx:0 rx:0 period:1] from screen [on:0 period:545731405] gl rssi=-50 ag=0 hr ticks 0,0,24 ls-=0 [56,56,60,60,65] brc=0 lrc=0
05-17 15:46:12.333 E/WifiStateMachine(  851):  get link layer stats 0
05-17 15:46:12.344 E/memtrack(12969): Couldn't load memtrack module (No such file or directory)
05-17 15:46:12.344 E/android.os.Debug(12969): failed to load memtrack module: -2
05-17 15:46:12.353 E/WifiStateMachine(  851): calculateWifiScore() we set wifi's score to 1000, so will always set wifi as a default network.
05-17 15:46:13.171 E/WifiTrafficPoller(  851): TRAFFIC_STATS_POLL true Token 2406 num clients 18
05-17 15:46:13.172 E/WifiTrafficPoller(  851):  packet count Tx=1615353 Rx=5360019
05-17 15:46:14.174 E/WifiTrafficPoller(  851): TRAFFIC_STATS_POLL true Token 2406 num clients 18
05-17 15:46:14.174 E/WifiTrafficPoller(  851):  packet count Tx=1615353 Rx=5360040
05-17 15:46:14.174 E/WifiTrafficPoller(  851): notifying of data activity 1
05-17 15:46:14.388 E/memtrack(12989): Couldn't load memtrack module (No such file or directory)
05-17 15:46:14.388 E/android.os.Debug(12989): failed to load memtrack module: -2
05-17 15:46:15.176 E/WifiTrafficPoller(  851): TRAFFIC_STATS_POLL true Token 2406 num clients 18
05-17 15:46:15.178 E/WifiTrafficPoller(  851):  packet count Tx=1615353 Rx=5360059
