05-18 14:52:23.988 E/Cataloger( 1296): syncFile:/storage/emulated/0/Android/data/com.boco.apphall/cache/uil-images/journal.tmp
05-18 14:52:23.988 E/Cataloger( 1296): need not sync path:/storage/emulated/0/Android/data/com.boco.apphall/cache/uil-images/journal.tmp
05-18 14:52:23.988 E/Cataloger( 1296): syncFile:/storage/emulated/0/Android/data/com.boco.apphall/cache/uil-images/journal.tmp
05-18 14:52:23.988 E/Cataloger( 1296): need not sync path:/storage/emulated/0/Android/data/com.boco.apphall/cache/uil-images/journal.tmp
05-18 14:52:23.998 E/Cataloger( 1296): 
05-18 14:52:23.998 E/Cataloger( 1296): syncFile:/storage/emulated/0/Android/data/com.boco.apphall/cache/uil-images/journal
05-18 14:52:23.998 E/Cataloger( 1296): need not sync path:/storage/emulated/0/Android/data/com.boco.apphall/cache/uil-images/journal
05-18 14:52:24.028 E/GPSManager( 4722): Location changed : Lat: 40.00125 Lng: 105.56358166666665
05-18 14:52:24.448 E/cutils-trace( 5323): Error opening trace file: No such file or directory (2)
05-18 14:52:25.028 E/GPSManager( 4722): Location changed : Lat: 40.00125 Lng: 105.56358166666665
05-18 14:52:26.028 E/GPSManager( 4722): Location changed : Lat: 40.00125 Lng: 105.56358166666665
05-18 14:52:27.038 E/GPSManager( 4722): Location changed : Lat: 40.00125 Lng: 105.56358166666665
05-18 14:52:28.038 E/GPSManager( 4722): Location changed : Lat: 40.00125 Lng: 105.56358166666665
05-18 14:52:28.118 E/memtrack( 5363): Couldn't load memtrack module (No such file or directory)
05-18 14:52:28.118 E/android.os.Debug( 5363): failed to load memtrack module: -2
05-18 14:52:28.278 E/cutils-trace( 5363): Error opening trace file: No such file or directory (2)
05-18 14:52:29.038 E/GPSManager( 4722): Location changed : Lat: 40.00125 Lng: 105.56358166666665
05-18 14:52:30.048 E/GPSManager( 4722): Location changed : Lat: 40.00125 Lng: 105.56358166666665
05-18 14:52:30.058 E/memtrack( 5375): Couldn't load memtrack module (No such file or directory)
05-18 14:52:30.058 E/android.os.Debug( 5375): failed to load memtrack module: -2
05-18 14:52:31.048 E/GPSManager( 4722): Location changed : Lat: 40.00125 Lng: 105.56358166666665
05-18 14:52:31.898 E/cutils-trace( 5375): Error opening trace file: No such file or directory (2)
05-18 14:52:32.048 E/GPSManager( 4722): Location changed : Lat: 40.00125 Lng: 105.56358166666665
05-18 14:52:32.138 E/appium  ( 5304): Exception while handling action in: io.appium.uiautomator2.handler.Clear
05-18 14:52:32.138 E/appium  ( 5304): java.lang.NullPointerException
05-18 14:52:32.138 E/appium  ( 5304): 	at android.support.test.uiautomator.UiObject2.setText(UiObject2.java:601)
05-18 14:52:32.138 E/appium  ( 5304): 	at android.support.test.uiautomator.UiObject2.clear(UiObject2.java:338)
05-18 14:52:32.138 E/appium  ( 5304): 	at io.appium.uiautomator2.model.UiObject2Element.clear(UiObject2Element.java:138)
05-18 14:52:32.138 E/appium  ( 5304): 	at io.appium.uiautomator2.handler.Clear.safeHandle(Clear.java:51)
05-18 14:52:32.138 E/appium  ( 5304): 	at io.appium.uiautomator2.handler.request.SafeRequestHandler.handle(SafeRequestHandler.java:56)
05-18 14:52:32.138 E/appium  ( 5304): 	at io.appium.uiautomator2.handler.SendKeysToElement.safeHandle(SendKeysToElement.java:73)
05-18 14:52:32.138 E/appium  ( 5304): 	at io.appium.uiautomator2.handler.request.SafeRequestHandler.handle(SafeRequestHandler.java:56)
05-18 14:52:32.138 E/appium  ( 5304): 	at io.appium.uiautomator2.server.AppiumServlet.handleRequest(AppiumServlet.java:202)
05-18 14:52:32.138 E/appium  ( 5304): 	at io.appium.uiautomator2.server.AppiumServlet.handleHttpRequest(AppiumServlet.java:193)
05-18 14:52:32.138 E/appium  ( 5304): 	at io.appium.uiautomator2.http.ServerHandler.channelRead(ServerHandler.java:44)
05-18 14:52:32.138 E/appium  ( 5304): 	at io.netty.channel.AbstractChannelHandlerContext.invokeChannelRead(AbstractChannelHandlerContext.java:366)
05-18 14:52:32.138 E/appium  ( 5304): 	at io.netty.channel.AbstractChannelHandlerContext.invokeChannelRead(AbstractChannelHandlerContext.java:352)
05-18 14:52:32.138 E/appium  ( 5304): 	at io.netty.channel.AbstractChannelHandlerContext.fireChannelRead(AbstractChannelHandlerContext.java:345)
05-18 14:52:32.138 E/appium  ( 5304): 	at io.netty.handler.codec.MessageToMessageDecoder.channelRead(MessageToMessageDecoder.java:102)
05-18 14:52:32.138 E/appium  ( 5304): 	at io.netty.channel.AbstractChannelHandlerContext.invokeChannelRead(AbstractChannelHandlerContext.java:366)
05-18 14:52:32.138 E/appium  ( 5304): 	at io.netty.channel.AbstractChannelHandlerContext.invokeChannelRead(AbstractChannelHandlerContext.java:352)
05-18 14:52:32.138 E/appium  ( 5304): 	at io.netty.channel.AbstractChannelHandlerContext.fireChannelRead(AbstractChannelHandlerContext.java:345)
05-18 14:52:32.138 E/appium  ( 5304): 	at io.netty.channel.CombinedChannelDuplexHandler$DelegatingChannelHandlerContext.fireChannelRead(CombinedChannelDuplexHandler.java:435)
05-18 14:52:32.138 E/appium  ( 5304): 	at io.netty.handler.codec.ByteToMessageDecoder.fireChannelRead(ByteToMessageDecoder.java:293)
05-18 14:52:32.138 E/appium  ( 5304): 	at io.netty.handler.codec.ByteToMessageDecoder.channelRead(ByteToMessageDecoder.java:267)
05-18 14:52:32.138 E/appium  ( 5304): 	at io.netty.channel.CombinedChannelDuplexHandler.channelRead(CombinedChannelDuplexHandler.java:250)
05-18 14:52:32.138 E/appium  ( 5304): 	at io.netty.channel.AbstractChannelHandlerContext.invokeChannelRead(AbstractChannelHandlerContext.java:366)
05-18 14:52:32.138 E/appium  ( 5304): 	at io.netty.channel.AbstractChannelHandlerContext.invokeChannelRead(AbstractChannelHandlerContext.java:352)
05-18 14:52:32.138 E/appium  ( 5304): 	at io.netty.channel.AbstractChannelHandlerContext.fireChannelRead(AbstractChannelHandlerContext.java:345)
05-18 14:52:32.138 E/appium  ( 5304): 	at io.netty.channel.DefaultChannelPipeline$HeadContext.channelRead(DefaultChannelPipeline.java:1294)
05-18 14:52:32.138 E/appium  ( 5304): 	at io.netty.channel.AbstractChannelHandlerContext.invokeChannelRead(AbstractChannelHandlerContext.java:366)
05-18 14:52:32.138 E/appium  ( 5304): 	at io.netty.channel.AbstractChannelHandlerContext.invokeChannelRead(AbstractChannelHandlerContext.java:352)
05-18 14:52:32.138 E/appium  ( 5304): 	at io.netty.channel.DefaultChannelPipeline.fireChannelRead(DefaultChannelPipeline.java:911)
05-18 14:52:32.138 E/appium  ( 5304): 	at io.netty.channel.nio.AbstractNioByteChannel$NioByteUnsafe.read(AbstractNioByteChannel.java:131)
05-18 14:52:32.138 E/appium  ( 5304): 	at io.netty.channel.nio.NioEventLoop.processSelectedKey(NioEventLoop.java:611)
05-18 14:52:32.138 E/appium  ( 5304): 	at io.netty.channel.nio.NioEventLoop.processSelectedKeysPlain(NioEventLoop.java:514)
05-18 14:52:32.138 E/appium  ( 5304): 	at io.netty.channel.nio.NioEventLoop.processSelectedKeys(NioEventLoop.java:468)
05-18 14:52:32.138 E/appium  ( 5304): 	at io.netty.channel.nio.NioEventLoop.run(NioEventLoop.java:438)
05-18 14:52:32.138 E/appium  ( 5304): 	at io.netty.util.concurrent.SingleThreadEventExecutor$2.run(SingleThreadEventExecutor.java:140)
05-18 14:52:32.138 E/appium  ( 5304): 	at io.netty.util.concurrent.DefaultThreadFactory$DefaultRunnableDecorator.run(DefaultThreadFactory.java:144)
05-18 14:52:32.138 E/appium  ( 5304): 	at java.lang.Thread.run(Thread.java:841)
05-18 14:52:32.148 E/appium  ( 5304): Exception while handling action in: io.appium.uiautomator2.handler.SendKeysToElement
05-18 14:52:32.148 E/appium  ( 5304): java.lang.NullPointerException
05-18 14:52:32.148 E/appium  ( 5304): 	at android.support.test.uiautomator.UiObject2.setText(UiObject2.java:601)
05-18 14:52:32.148 E/appium  ( 5304): 	at io.appium.uiautomator2.model.UiObject2Element.setText(UiObject2Element.java:129)
05-18 14:52:32.148 E/appium  ( 5304): 	at io.appium.uiautomator2.handler.SendKeysToElement.safeHandle(SendKeysToElement.java:83)
05-18 14:52:32.148 E/appium  ( 5304): 	at io.appium.uiautomator2.handler.request.SafeRequestHandler.handle(SafeRequestHandler.java:56)
05-18 14:52:32.148 E/appium  ( 5304): 	at io.appium.uiautomator2.server.AppiumServlet.handleRequest(AppiumServlet.java:202)
05-18 14:52:32.148 E/appium  ( 5304): 	at io.appium.uiautomator2.server.AppiumServlet.handleHttpRequest(AppiumServlet.java:193)
05-18 14:52:32.148 E/appium  ( 5304): 	at io.appium.uiautomator2.http.ServerHandler.channelRead(ServerHandler.java:44)
05-18 14:52:32.148 E/appium  ( 5304): 	at io.netty.channel.AbstractChannelHandlerContext.invokeChannelRead(AbstractChannelHandlerContext.java:366)
05-18 14:52:32.148 E/appium  ( 5304): 	at io.netty.channel.AbstractChannelHandlerContext.invokeChannelRead(AbstractChannelHandlerContext.java:352)
05-18 14:52:32.148 E/appium  ( 5304): 	at io.netty.channel.AbstractChannelHandlerContext.fireChannelRead(AbstractChannelHandlerContext.java:345)
05-18 14:52:32.148 E/appium  ( 5304): 	at io.netty.handler.codec.MessageToMessageDecoder.channelRead(MessageToMessageDecoder.java:102)
05-18 14:52:32.148 E/appium  ( 5304): 	at io.netty.channel.AbstractChannelHandlerContext.invokeChannelRead(AbstractChannelHandlerContext.java:366)
05-18 14:52:32.148 E/appium  ( 5304): 	at io.netty.channel.AbstractChannelHandlerContext.invokeChannelRead(AbstractChannelHandlerContext.java:352)
05-18 14:52:32.148 E/appium  ( 5304): 	at io.netty.channel.AbstractChannelHandlerContext.fireChannelRead(AbstractChannelHandlerContext.java:345)
05-18 14:52:32.148 E/appium  ( 5304): 	at io.netty.channel.CombinedChannelDuplexHandler$DelegatingChannelHandlerContext.fireChannelRead(CombinedChannelDuplexHandler.java:435)
05-18 14:52:32.148 E/appium  ( 5304): 	at io.netty.handler.codec.ByteToMessageDecoder.fireChannelRead(ByteToMessageDecoder.java:293)
05-18 14:52:32.148 E/appium  ( 5304): 	at io.netty.handler.codec.ByteToMessageDecoder.channelRead(ByteToMessageDecoder.java:267)
05-18 14:52:32.148 E/appium  ( 5304): 	at io.netty.channel.CombinedChannelDuplexHandler.channelRead(CombinedChannelDuplexHandler.java:250)
05-18 14:52:32.148 E/appium  ( 5304): 	at io.netty.channel.AbstractChannelHandlerContext.invokeChannelRead(AbstractChannelHandlerContext.java:366)
05-18 14:52:32.148 E/appium  ( 5304): 	at io.netty.channel.AbstractChannelHandlerContext.invokeChannelRead(AbstractChannelHandlerContext.java:352)
05-18 14:52:32.148 E/appium  ( 5304): 	at io.netty.channel.AbstractChannelHandlerContext.fireChannelRead(AbstractChannelHandlerContext.java:345)
05-18 14:52:32.148 E/appium  ( 5304): 	at io.netty.channel.DefaultChannelPipeline$HeadContext.channelRead(DefaultChannelPipeline.java:1294)
05-18 14:52:32.148 E/appium  ( 5304): 	at io.netty.channel.AbstractChannelHandlerContext.invokeChannelRead(AbstractChannelHandlerContext.java:366)
05-18 14:52:32.148 E/appium  ( 5304): 	at io.netty.channel.AbstractChannelHandlerContext.invokeChannelRead(AbstractChannelHandlerContext.java:352)
05-18 14:52:32.148 E/appium  ( 5304): 	at io.netty.channel.DefaultChannelPipeline.fireChannelRead(DefaultChannelPipeline.java:911)
05-18 14:52:32.148 E/appium  ( 5304): 	at io.netty.channel.nio.AbstractNioByteChannel$NioByteUnsafe.read(AbstractNioByteChannel.java:131)
05-18 14:52:32.148 E/appium  ( 5304): 	at io.netty.channel.nio.NioEventLoop.processSelectedKey(NioEventLoop.java:611)
05-18 14:52:32.148 E/appium  ( 5304): 	at io.netty.channel.nio.NioEventLoop.processSelectedKeysPlain(NioEventLoop.java:514)
05-18 14:52:32.148 E/appium  ( 5304): 	at io.netty.channel.nio.NioEventLoop.processSelectedKeys(NioEventLoop.java:468)
05-18 14:52:32.148 E/appium  ( 5304): 	at io.netty.channel.nio.NioEventLoop.run(NioEventLoop.java:438)
05-18 14:52:32.148 E/appium  ( 5304): 	at io.netty.util.concurrent.SingleThreadEventExecutor$2.run(SingleThreadEventExecutor.java:140)
05-18 14:52:32.148 E/appium  ( 5304): 	at io.netty.util.concurrent.DefaultThreadFactory$DefaultRunnableDecorator.run(DefaultThreadFactory.java:144)
05-18 14:52:32.148 E/appium  ( 5304): 	at java.lang.Thread.run(Thread.java:841)
05-18 14:52:32.918 E/memtrack( 5387): Couldn't load memtrack module (No such file or directory)
05-18 14:52:32.918 E/android.os.Debug( 5387): failed to load memtrack module: -2
05-18 14:52:33.138 E/GPSManager( 4722): Location changed : Lat: 40.00125 Lng: 105.56358166666665
05-18 14:52:33.198 E/cutils-trace( 5387): Error opening trace file: No such file or directory (2)
05-18 14:52:34.048 E/GPSManager( 4722): Location changed : Lat: 40.00125 Lng: 105.56358166666665
05-18 14:52:34.538 E/FastMixer(  166): did not receive expected priority boost
05-18 14:52:35.058 E/GPSManager( 4722): Location changed : Lat: 40.00125 Lng: 105.56358166666665
05-18 14:52:36.068 E/GPSManager( 4722): Location changed : Lat: 40.00125 Lng: 105.56358166666665
05-18 14:52:37.098 E/GPSManager( 4722): Location changed : Lat: 40.00125 Lng: 105.56358166666665
05-18 14:52:38.078 E/GPSManager( 4722): Location changed : Lat: 40.00125 Lng: 105.56358166666665
05-18 14:52:39.078 E/GPSManager( 4722): Location changed : Lat: 40.00125 Lng: 105.56358166666665
05-18 14:52:39.618 E/---RankingListAppFragment---( 5336): onResume
05-18 14:52:39.988 E/Cataloger( 1296): syncFile:/storage/emulated/0/Android/data/com.boco.apphall/cache/uil-images/3205omy4td9oxw05yijfjsa900.tmp
05-18 14:52:39.988 E/Cataloger( 1296): need not sync path:/storage/emulated/0/Android/data/com.boco.apphall/cache/uil-images/3205omy4td9oxw05yijfjsa900.tmp
05-18 14:52:39.998 E/Cataloger( 1296): syncFile:/storage/emulated/0/Android/data/com.boco.apphall/cache/uil-images/5qxqvdbogs92lp9xsu05v4d050.tmp
05-18 14:52:39.998 E/Cataloger( 1296): need not sync path:/storage/emulated/0/Android/data/com.boco.apphall/cache/uil-images/5qxqvdbogs92lp9xsu05v4d050.tmp
05-18 14:52:40.008 E/Cataloger( 1296): syncFile:/storage/emulated/0/Android/data/com.boco.apphall/cache/uil-images/5qxqvdbogs92lp9xsu05v4d050.tmp
05-18 14:52:40.008 E/Cataloger( 1296): need not sync path:/storage/emulated/0/Android/data/com.boco.apphall/cache/uil-images/5qxqvdbogs92lp9xsu05v4d050.tmp
05-18 14:52:40.008 E/Cataloger( 1296): 
05-18 14:52:40.018 E/Cataloger( 1296): syncFile:/storage/emulated/0/Android/data/com.boco.apphall/cache/uil-images/5qxqvdbogs92lp9xsu05v4d050
05-18 14:52:40.018 E/Cataloger( 1296): need not sync path:/storage/emulated/0/Android/data/com.boco.apphall/cache/uil-images/5qxqvdbogs92lp9xsu05v4d050
05-18 14:52:40.018 E/Cataloger( 1296): syncFile:/storage/emulated/0/Android/data/com.boco.apphall/cache/uil-images/3205omy4td9oxw05yijfjsa900.tmp
05-18 14:52:40.018 E/Cataloger( 1296): need not sync path:/storage/emulated/0/Android/data/com.boco.apphall/cache/uil-images/3205omy4td9oxw05yijfjsa900.tmp
05-18 14:52:40.018 E/Cataloger( 1296): 
05-18 14:52:40.028 E/Cataloger( 1296): syncFile:/storage/emulated/0/Android/data/com.boco.apphall/cache/uil-images/3205omy4td9oxw05yijfjsa900
05-18 14:52:40.028 E/Cataloger( 1296): need not sync path:/storage/emulated/0/Android/data/com.boco.apphall/cache/uil-images/3205omy4td9oxw05yijfjsa900
05-18 14:52:40.058 E/Cataloger( 1296): syncFile:/storage/emulated/0/Android/data/com.boco.apphall/cache/uil-images/1yr55s6idym5vmr2kp828kc730.tmp
05-18 14:52:40.058 E/Cataloger( 1296): need not sync path:/storage/emulated/0/Android/data/com.boco.apphall/cache/uil-images/1yr55s6idym5vmr2kp828kc730.tmp
05-18 14:52:40.078 E/GPSManager( 4722): Location changed : Lat: 40.00125 Lng: 105.56358166666665
05-18 14:52:40.108 E/Cataloger( 1296): syncFile:/storage/emulated/0/Android/data/com.boco.apphall/cache/uil-images/1yr55s6idym5vmr2kp828kc730.tmp
05-18 14:52:40.108 E/Cataloger( 1296): need not sync path:/storage/emulated/0/Android/data/com.boco.apphall/cache/uil-images/1yr55s6idym5vmr2kp828kc730.tmp
05-18 14:52:40.108 E/Cataloger( 1296): 
05-18 14:52:40.118 E/Cataloger( 1296): syncFile:/storage/emulated/0/Android/data/com.boco.apphall/cache/uil-images/1yr55s6idym5vmr2kp828kc730
05-18 14:52:40.118 E/Cataloger( 1296): need not sync path:/storage/emulated/0/Android/data/com.boco.apphall/cache/uil-images/1yr55s6idym5vmr2kp828kc730
05-18 14:52:40.128 E/Cataloger( 1296): syncFile:/storage/emulated/0/Android/data/com.boco.apphall/cache/uil-images/64u2kf0bfy71nodbxsvrwaoat0.tmp
05-18 14:52:40.128 E/Cataloger( 1296): need not sync path:/storage/emulated/0/Android/data/com.boco.apphall/cache/uil-images/64u2kf0bfy71nodbxsvrwaoat0.tmp
05-18 14:52:40.158 E/Cataloger( 1296): syncFile:/storage/emulated/0/Android/data/com.boco.apphall/cache/uil-images/64u2kf0bfy71nodbxsvrwaoat0.tmp
05-18 14:52:40.158 E/Cataloger( 1296): need not sync path:/storage/emulated/0/Android/data/com.boco.apphall/cache/uil-images/64u2kf0bfy71nodbxsvrwaoat0.tmp
05-18 14:52:40.158 E/Cataloger( 1296): 
05-18 14:52:40.158 E/Cataloger( 1296): syncFile:/storage/emulated/0/Android/data/com.boco.apphall/cache/uil-images/64u2kf0bfy71nodbxsvrwaoat0
05-18 14:52:40.158 E/Cataloger( 1296): need not sync path:/storage/emulated/0/Android/data/com.boco.apphall/cache/uil-images/64u2kf0bfy71nodbxsvrwaoat0
05-18 14:52:40.158 E/Cataloger( 1296): syncFile:/storage/emulated/0/Android/data/com.boco.apphall/cache/uil-images/5qk5ab5bpi8w4etc52xne53rs0.tmp
05-18 14:52:40.158 E/Cataloger( 1296): need not sync path:/storage/emulated/0/Android/data/com.boco.apphall/cache/uil-images/5qk5ab5bpi8w4etc52xne53rs0.tmp
05-18 14:52:40.188 E/Cataloger( 1296): syncFile:/storage/emulated/0/Android/data/com.boco.apphall/cache/uil-images/5qk5ab5bpi8w4etc52xne53rs0.tmp
05-18 14:52:40.188 E/Cataloger( 1296): need not sync path:/storage/emulated/0/Android/data/com.boco.apphall/cache/uil-images/5qk5ab5bpi8w4etc52xne53rs0.tmp
05-18 14:52:40.198 E/Cataloger( 1296): 
05-18 14:52:40.198 E/Cataloger( 1296): syncFile:/storage/emulated/0/Android/data/com.boco.apphall/cache/uil-images/5qk5ab5bpi8w4etc52xne53rs0
05-18 14:52:40.198 E/Cataloger( 1296): need not sync path:/storage/emulated/0/Android/data/com.boco.apphall/cache/uil-images/5qk5ab5bpi8w4etc52xne53rs0
05-18 14:52:40.218 E/Cataloger( 1296): syncFile:/storage/emulated/0/Android/data/com.boco.apphall/cache/uil-images/3zj5e7agc5dxrx9zld8s8tazk0.tmp
05-18 14:52:40.218 E/Cataloger( 1296): need not sync path:/storage/emulated/0/Android/data/com.boco.apphall/cache/uil-images/3zj5e7agc5dxrx9zld8s8tazk0.tmp
05-18 14:52:40.218 E/Cataloger( 1296): syncFile:/storage/emulated/0/Android/data/com.boco.apphall/cache/uil-images/3zj5e7agc5dxrx9zld8s8tazk0.tmp
05-18 14:52:40.218 E/Cataloger( 1296): need not sync path:/storage/emulated/0/Android/data/com.boco.apphall/cache/uil-images/3zj5e7agc5dxrx9zld8s8tazk0.tmp
05-18 14:52:40.218 E/Cataloger( 1296): 
05-18 14:52:40.228 E/Cataloger( 1296): syncFile:/storage/emulated/0/Android/data/com.boco.apphall/cache/uil-images/3zj5e7agc5dxrx9zld8s8tazk0
05-18 14:52:40.228 E/Cataloger( 1296): need not sync path:/storage/emulated/0/Android/data/com.boco.apphall/cache/uil-images/3zj5e7agc5dxrx9zld8s8tazk0
05-18 14:52:40.248 E/Cataloger( 1296): syncFile:/storage/emulated/0/Android/data/com.boco.apphall/cache/uil-images/4s32aiihisual2xzg06k7yy6s0.tmp
05-18 14:52:40.248 E/Cataloger( 1296): need not sync path:/storage/emulated/0/Android/data/com.boco.apphall/cache/uil-images/4s32aiihisual2xzg06k7yy6s0.tmp
05-18 14:52:40.258 E/Cataloger( 1296): syncFile:/storage/emulated/0/Android/data/com.boco.apphall/cache/uil-images/4s32aiihisual2xzg06k7yy6s0.tmp
05-18 14:52:40.258 E/Cataloger( 1296): need not sync path:/storage/emulated/0/Android/data/com.boco.apphall/cache/uil-images/4s32aiihisual2xzg06k7yy6s0.tmp
05-18 14:52:40.268 E/Cataloger( 1296): 
05-18 14:52:40.278 E/Cataloger( 1296): syncFile:/storage/emulated/0/Android/data/com.boco.apphall/cache/uil-images/4s32aiihisual2xzg06k7yy6s0
05-18 14:52:40.278 E/Cataloger( 1296): need not sync path:/storage/emulated/0/Android/data/com.boco.apphall/cache/uil-images/4s32aiihisual2xzg06k7yy6s0
05-18 14:52:40.348 E/Cataloger( 1296): syncFile:/storage/emulated/0/Android/data/com.boco.apphall/cache/uil-images/mk3hplefdtlqmx38m1iwlp2r0.tmp
05-18 14:52:40.348 E/Cataloger( 1296): need not sync path:/storage/emulated/0/Android/data/com.boco.apphall/cache/uil-images/mk3hplefdtlqmx38m1iwlp2r0.tmp
05-18 14:52:40.378 E/Cataloger( 1296): syncFile:/storage/emulated/0/Android/data/com.boco.apphall/cache/uil-images/4kxgwmqh15kqpdwvd91ok1rs00.tmp
05-18 14:52:40.378 E/Cataloger( 1296): need not sync path:/storage/emulated/0/Android/data/com.boco.apphall/cache/uil-images/4kxgwmqh15kqpdwvd91ok1rs00.tmp
05-18 14:52:40.388 E/Cataloger( 1296): syncFile:/storage/emulated/0/Android/data/com.boco.apphall/cache/uil-images/mk3hplefdtlqmx38m1iwlp2r0.tmp
05-18 14:52:40.388 E/Cataloger( 1296): need not sync path:/storage/emulated/0/Android/data/com.boco.apphall/cache/uil-images/mk3hplefdtlqmx38m1iwlp2r0.tmp
05-18 14:52:40.398 E/Cataloger( 1296): syncFile:/storage/emulated/0/Android/data/com.boco.apphall/cache/uil-images/4kxgwmqh15kqpdwvd91ok1rs00.tmp
05-18 14:52:40.398 E/Cataloger( 1296): need not sync path:/storage/emulated/0/Android/data/com.boco.apphall/cache/uil-images/4kxgwmqh15kqpdwvd91ok1rs00.tmp
05-18 14:52:40.408 E/Cataloger( 1296): syncFile:/storage/emulated/0/Android/data/com.boco.apphall/cache/uil-images/2dw14j6zx8fuf59l70lizvt710.tmp
05-18 14:52:40.408 E/Cataloger( 1296): need not sync path:/storage/emulated/0/Android/data/com.boco.apphall/cache/uil-images/2dw14j6zx8fuf59l70lizvt710.tmp
05-18 14:52:40.408 E/Cataloger( 1296): 
05-18 14:52:40.418 E/Cataloger( 1296): syncFile:/storage/emulated/0/Android/data/com.boco.apphall/cache/uil-images/4kxgwmqh15kqpdwvd91ok1rs00
05-18 14:52:40.418 E/Cataloger( 1296): need not sync path:/storage/emulated/0/Android/data/com.boco.apphall/cache/uil-images/4kxgwmqh15kqpdwvd91ok1rs00
05-18 14:52:40.418 E/Cataloger( 1296): syncFile:/storage/emulated/0/Android/data/com.boco.apphall/cache/uil-images/2dw14j6zx8fuf59l70lizvt710.tmp
05-18 14:52:40.418 E/Cataloger( 1296): need not sync path:/storage/emulated/0/Android/data/com.boco.apphall/cache/uil-images/2dw14j6zx8fuf59l70lizvt710.tmp
05-18 14:52:40.428 E/Cataloger( 1296): 
05-18 14:52:40.458 E/Cataloger( 1296): syncFile:/storage/emulated/0/Android/data/com.boco.apphall/cache/uil-images/2dw14j6zx8fuf59l70lizvt710
05-18 14:52:40.458 E/Cataloger( 1296): need not sync path:/storage/emulated/0/Android/data/com.boco.apphall/cache/uil-images/2dw14j6zx8fuf59l70lizvt710
05-18 14:52:40.458 E/Cataloger( 1296): 
05-18 14:52:40.468 E/Cataloger( 1296): syncFile:/storage/emulated/0/Android/data/com.boco.apphall/cache/uil-images/mk3hplefdtlqmx38m1iwlp2r0
05-18 14:52:40.468 E/Cataloger( 1296): need not sync path:/storage/emulated/0/Android/data/com.boco.apphall/cache/uil-images/mk3hplefdtlqmx38m1iwlp2r0
05-18 14:52:40.538 E/Cataloger( 1296): syncFile:/storage/emulated/0/Android/data/com.boco.apphall/cache/uil-images/5252683xnrtcrm7o65y7uirsl0.tmp
05-18 14:52:40.538 E/Cataloger( 1296): need not sync path:/storage/emulated/0/Android/data/com.boco.apphall/cache/uil-images/5252683xnrtcrm7o65y7uirsl0.tmp
05-18 14:52:40.548 E/Cataloger( 1296): syncFile:/storage/emulated/0/Android/data/com.boco.apphall/cache/uil-images/5252683xnrtcrm7o65y7uirsl0.tmp
05-18 14:52:40.548 E/Cataloger( 1296): need not sync path:/storage/emulated/0/Android/data/com.boco.apphall/cache/uil-images/5252683xnrtcrm7o65y7uirsl0.tmp
05-18 14:52:40.558 E/Cataloger( 1296): 
05-18 14:52:40.558 E/Cataloger( 1296): syncFile:/storage/emulated/0/Android/data/com.boco.apphall/cache/uil-images/5252683xnrtcrm7o65y7uirsl0
05-18 14:52:40.558 E/Cataloger( 1296): need not sync path:/storage/emulated/0/Android/data/com.boco.apphall/cache/uil-images/5252683xnrtcrm7o65y7uirsl0
05-18 14:52:41.078 E/GPSManager( 4722): Location changed : Lat: 40.00125 Lng: 105.56358166666665
05-18 14:52:42.098 E/GPSManager( 4722): Location changed : Lat: 40.00125 Lng: 105.56358166666665
05-18 14:52:42.358 E/FastMixer(  166): did not receive expected priority boost
05-18 14:52:43.098 E/GPSManager( 4722): Location changed : Lat: 40.00125 Lng: 105.56358166666665
05-18 14:52:44.108 E/GPSManager( 4722): Location changed : Lat: 40.00125 Lng: 105.56358166666665
05-18 14:52:44.838 E/Cataloger( 1296): syncFile:/storage/emulated/0/Android/data/com.boco.apphall/cache/uil-images/3kaqmrfu4i277qc43m4v5kfa40.tmp
05-18 14:52:44.838 E/Cataloger( 1296): need not sync path:/storage/emulated/0/Android/data/com.boco.apphall/cache/uil-images/3kaqmrfu4i277qc43m4v5kfa40.tmp
05-18 14:52:44.848 E/Cataloger( 1296): syncFile:/storage/emulated/0/Android/data/com.boco.apphall/cache/uil-images/3kaqmrfu4i277qc43m4v5kfa40.tmp
05-18 14:52:44.848 E/Cataloger( 1296): need not sync path:/storage/emulated/0/Android/data/com.boco.apphall/cache/uil-images/3kaqmrfu4i277qc43m4v5kfa40.tmp
05-18 14:52:44.848 E/Cataloger( 1296): 
05-18 14:52:44.848 E/Cataloger( 1296): syncFile:/storage/emulated/0/Android/data/com.boco.apphall/cache/uil-images/3kaqmrfu4i277qc43m4v5kfa40
05-18 14:52:44.848 E/Cataloger( 1296): need not sync path:/storage/emulated/0/Android/data/com.boco.apphall/cache/uil-images/3kaqmrfu4i277qc43m4v5kfa40
05-18 14:52:45.108 E/GPSManager( 4722): Location changed : Lat: 40.00125 Lng: 105.56358166666665
05-18 14:52:46.128 E/GPSManager( 4722): Location changed : Lat: 40.00125 Lng: 105.56358166666665
05-18 14:52:47.118 E/GPSManager( 4722): Location changed : Lat: 40.00125 Lng: 105.56358166666665
05-18 14:52:47.428 E/FastMixer(  166): did not receive expected priority boost
05-18 14:52:48.058 E/Cataloger( 1296): syncFile:/storage/emulated/0/Android/data/com.boco.apphall/cache/uil-images/57gbxefr6ynwpq4ho1je8qmfo0.tmp
05-18 14:52:48.058 E/Cataloger( 1296): need not sync path:/storage/emulated/0/Android/data/com.boco.apphall/cache/uil-images/57gbxefr6ynwpq4ho1je8qmfo0.tmp
05-18 14:52:48.078 E/Cataloger( 1296): syncFile:/storage/emulated/0/Android/data/com.boco.apphall/cache/uil-images/57gbxefr6ynwpq4ho1je8qmfo0.tmp
05-18 14:52:48.078 E/Cataloger( 1296): need not sync path:/storage/emulated/0/Android/data/com.boco.apphall/cache/uil-images/57gbxefr6ynwpq4ho1je8qmfo0.tmp
05-18 14:52:48.078 E/Cataloger( 1296): 
05-18 14:52:48.088 E/Cataloger( 1296): syncFile:/storage/emulated/0/Android/data/com.boco.apphall/cache/uil-images/57gbxefr6ynwpq4ho1je8qmfo0
05-18 14:52:48.088 E/Cataloger( 1296): need not sync path:/storage/emulated/0/Android/data/com.boco.apphall/cache/uil-images/57gbxefr6ynwpq4ho1je8qmfo0
05-18 14:52:48.338 E/GPSManager( 4722): Location changed : Lat: 40.00125 Lng: 105.56358166666665
05-18 14:52:48.408 E/Cataloger( 1296): syncFile:/storage/emulated/0/Android/data/com.boco.apphall/cache/uil-images/692qxwcqm0v50o6d686e2v3o30.tmp
05-18 14:52:48.408 E/Cataloger( 1296): need not sync path:/storage/emulated/0/Android/data/com.boco.apphall/cache/uil-images/692qxwcqm0v50o6d686e2v3o30.tmp
05-18 14:52:49.128 E/Cataloger( 1296): syncFile:/storage/emulated/0/Android/data/com.boco.apphall/cache/uil-images/692qxwcqm0v50o6d686e2v3o30.tmp
05-18 14:52:49.128 E/Cataloger( 1296): need not sync path:/storage/emulated/0/Android/data/com.boco.apphall/cache/uil-images/692qxwcqm0v50o6d686e2v3o30.tmp
05-18 14:52:49.138 E/GPSManager( 4722): Location changed : Lat: 40.00125 Lng: 105.56358166666665
05-18 14:52:49.148 E/Cataloger( 1296): 
05-18 14:52:49.148 E/Cataloger( 1296): syncFile:/storage/emulated/0/Android/data/com.boco.apphall/cache/uil-images/692qxwcqm0v50o6d686e2v3o30
05-18 14:52:49.148 E/Cataloger( 1296): need not sync path:/storage/emulated/0/Android/data/com.boco.apphall/cache/uil-images/692qxwcqm0v50o6d686e2v3o30
05-18 14:52:50.038 E/AccessibilityNodeInfoCache( 5304): Disconneced node: android.view.accessibility.AccessibilityNodeInfo@6703f; boundsInParent: Rect(0, 0 - 698, 1042); boundsInScreen: Rect(11, 294 - 709, 1336); packageName: com.boco.apphall; className: android.widget.ListView; text: null; contentDescription: null; viewIdResName: com.boco.apphall:id/id_stickynavlayout_innerscrollview; checkable: false; checked: false; focusable: true; focused: true; selected: false; clickable: true; longClickable: false; enabled: true; password: false; scrollable: false; [ACTION_CLEAR_FOCUS, ACTION_SELECT, ACTION_CLEAR_SELECTION, ACTION_CLICK, ACTION_ACCESSIBILITY_FOCUS]
05-18 14:52:50.038 E/AccessibilityNodeInfoCache( 5304): Disconneced node: android.view.accessibility.AccessibilityNodeInfo@6bb53; boundsInParent: Rect(0, 0 - 698, 345); boundsInScreen: Rect(11, 582 - 709, 927); packageName: com.boco.apphall; className: android.support.v7.widget.RecyclerView; text: null; contentDescription: null; viewIdResName: com.boco.apphall:id/id_recyclerview_horizontal; checkable: false; checked: false; focusable: true; focused: false; selected: false; clickable: false; longClickable: false; enabled: true; password: false; scrollable: false; [ACTION_FOCUS, ACTION_SELECT, ACTION_CLEAR_SELECTION, ACTION_ACCESSIBILITY_FOCUS]
05-18 14:52:50.038 E/AccessibilityNodeInfoCache( 5304): Disconneced node: android.view.accessibility.AccessibilityNodeInfo@6bf14; boundsInParent: Rect(0, 0 - 92, 32); boundsInScreen: Rect(41, 945 - 133, 977); packageName: com.boco.apphall; className: android.widget.TextView; text: ; contentDescription: null; viewIdResName: com.boco.apphall:id/app_update_desc; checkable: false; checked: false; focusable: false; focused: false; selected: false; clickable: false; longClickable: false; enabled: true; password: false; scrollable: false; [ACTION_SELECT, ACTION_CLEAR_SELECTION, ACTION_ACCESSIBILITY_FOCUS, ACTION_NEXT_AT_MOVEMENT_GRANULARITY, ACTION_PREVIOUS_AT_MOVEMENT_GRANULARITY, ACTION_SET_SELECTION]
05-18 14:52:50.038 E/AccessibilityNodeInfoCache( 5304): Disconneced node: android.view.accessibility.AccessibilityNodeInfo@6c2d5; boundsInParent: Rect(0, 0 - 128, 128); boundsInScreen: Rect(73, 309 - 201, 437); packageName: com.boco.apphall; className: android.widget.TextView; text: 490.7; contentDescription: null; viewIdResName: com.boco.apphall:id/app_detail_use_times_img; checkable: false; checked: false; focusable: false; focused: false; selected: false; clickable: false; longClickable: false; enabled: true; password: false; scrollable: false; [ACTION_SELECT, ACTION_CLEAR_SELECTION, ACTION_ACCESSIBILITY_FOCUS, ACTION_NEXT_AT_MOVEMENT_GRANULARITY, ACTION_PREVIOUS_AT_MOVEMENT_GRANULARITY, ACTION_SET_SELECTION]
05-18 14:52:50.038 E/AccessibilityNodeInfoCache( 5304): Disconneced node: android.view.accessibility.AccessibilityNodeInfo@6c696; boundsInParent: Rect(0, 0 - 72, 25); boundsInScreen: Rect(101, 445 - 173, 470); packageName: com.boco.apphall; className: android.widget.TextView; text: ; contentDescription: null; viewIdResName: null; checkable: false; checked: false; focusable: false; focused: false; selected: false; clickable: false; longClickable: false; enabled: true; password: false; scrollable: false; [ACTION_SELECT, ACTION_CLEAR_SELECTION, ACTION_ACCESSIBILITY_FOCUS, ACTION_NEXT_AT_MOVEMENT_GRANULARITY, ACTION_PREVIOUS_AT_MOVEMENT_GRANULARITY, ACTION_SET_SELECTION]
05-18 14:52:50.038 E/AccessibilityNodeInfoCache( 5304): Disconneced node: android.view.accessibility.AccessibilityNodeInfo@6ca57; boundsInParent: Rect(0, 0 - 128, 128); boundsInScreen: Rect(295, 309 - 423, 437); packageName: com.boco.apphall; className: android.widget.TextView; text: 4.7; contentDescription: null; viewIdResName: com.boco.apphall:id/app_detail_down_times_img; checkable: false; checked: false; focusable: false; focused: false; selected: false; clickable: false; longClickable: false; enabled: true; password: false; scrollable: false; [ACTION_SELECT, ACTION_CLEAR_SELECTION, ACTION_ACCESSIBILITY_FOCUS, ACTION_NEXT_AT_MOVEMENT_GRANULARITY, ACTION_PREVIOUS_AT_MOVEMENT_GRANULARITY, ACTION_SET_SELECTION]
05-18 14:52:50.038 E/AccessibilityNodeInfoCache( 5304): Disconneced node: android.view.accessibility.AccessibilityNodeInfo@6ce18; boundsInParent: Rect(0, 0 - 72, 25); boundsInScreen: Rect(323, 445 - 395, 470); packageName: com.boco.apphall; className: android.widget.TextView; text: ; contentDescription: null; viewIdResName: null; checkable: false; checked: false; focusable: false; focused: false; selected: false; clickable: false; longClickable: false; enabled: true; password: false; scrollable: false; [ACTION_SELECT, ACTION_CLEAR_SELECTION, ACTION_ACCESSIBILITY_FOCUS, ACTION_NEXT_AT_MOVEMENT_GRANULARITY, ACTION_PREVIOUS_AT_MOVEMENT_GRANULARITY, ACTION_SET_SELECTION]
05-18 14:52:50.038 E/AccessibilityNodeInfoCache( 5304): Disconneced node: android.view.accessibility.AccessibilityNodeInfo@6d1d9; boundsInParent: Rect(0, 0 - 128, 128); boundsInScreen: Rect(518, 309 - 646, 437); packageName: com.boco.apphall; className: android.widget.TextView; text: null; contentDescription: null; viewIdResName: com.boco.apphall:id/app_detail_app_type_img; checkable: false; checked: false; focusable: false; focused: false; selected: false; clickable: false; longClickable: false; enabled: true; password: false; scrollable: false; [ACTION_SELECT, ACTION_CLEAR_SELECTION, ACTION_ACCESSIBILITY_FOCUS]
05-18 14:52:50.038 E/AccessibilityNodeInfoCache( 5304): Disconneced node: android.view.accessibility.AccessibilityNodeInfo@6d59a; boundsInParent: Rect(0, 0 - 108, 25); boundsInScreen: Rect(528, 445 - 636, 470); packageName: com.boco.apphall; className: android.widget.TextView; text: ; contentDescription: null; viewIdResName: com.boco.apphall:id/app_detail_category; checkable: false; checked: false; focusable: false; focused: false; selected: false; clickable: false; longClickable: false; enabled: true; password: false; scrollable: false; [ACTION_SELECT, ACTION_CLEAR_SELECTION, ACTION_ACCESSIBILITY_FOCUS, ACTION_NEXT_AT_MOVEMENT_GRANULARITY, ACTION_PREVIOUS_AT_MOVEMENT_GRANULARITY, ACTION_SET_SELECTION]
05-18 14:52:50.038 E/AccessibilityNodeInfoCache( 5304): Disconneced node: android.view.accessibility.AccessibilityNodeInfo@6d95b; boundsInParent: Rect(0, 0 - 653, 32); boundsInScreen: Rect(41, 494 - 694, 526); packageName: com.boco.apphall; className: android.widget.TextView; text: ; contentDescription: null; viewIdResName: com.boco.apphall:id/app_detail_til; checkable: false; checked: false; focusable: false; focused: false; selected: false; clickable: false; longClickable: false; enabled: true; password: false; scrollable: false; [ACTION_SELECT, ACTION_CLEAR_SELECTION, ACTION_ACCESSIBILITY_FOCUS, ACTION_NEXT_AT_MOVEMENT_GRANULARITY, ACTION_PREVIOUS_AT_MOVEMENT_GRANULARITY, ACTION_SET_SELECTION]
05-18 14:52:50.038 E/AccessibilityNodeInfoCache( 5304): Disconneced node: android.view.accessibility.AccessibilityNodeInfo@6dd1c; boundsInParent: Rect(0, 0 - 638, 48); boundsInScreen: Rect(41, 534 - 679, 582); packageName: com.boco.apphall; className: android.widget.TextView; text: ; contentDescription: null; viewIdResName: com.boco.apphall:id/app_detail_desc; checkable: false; checked: false; focusable: false; focused: false; selected: false; clickable: false; longClickable: false; enabled: true; password: false; scrollable: false; [ACTION_SELECT, ACTION_CLEAR_SELECTION, ACTION_ACCESSIBILITY_FOCUS, ACTION_NEXT_AT_MOVEMENT_GRANULARITY, ACTION_PREVIOUS_AT_MOVEMENT_GRANULARITY, ACTION_SET_SELECTION]
05-18 14:52:50.038 E/AccessibilityNodeInfoCache( 5304): Disconneced node: android.view.accessibility.AccessibilityNodeInfo@6e0dd; boundsInParent: Rect(0, 0 - 638, 620); boundsInScreen: Rect(41, 985 - 679, 1605); packageName: com.boco.apphall; className: android.widget.TextView; text: 
05-18 14:52:50.038 E/AccessibilityNodeInfoCache( 5304): 
05-18 14:52:50.038 E/AccessibilityNodeInfoCache( 5304): 
05-18 14:52:50.038 E/AccessibilityNodeInfoCache( 5304): 
05-18 14:52:50.038 E/AccessibilityNodeInfoCache( 5304): 
05-18 14:52:50.038 E/AccessibilityNodeInfoCache( 5304): 
05-18 14:52:50.038 E/AccessibilityNodeInfoCache( 5304): 
05-18 14:52:50.038 E/AccessibilityNodeInfoCache( 5304): 
05-18 14:52:50.038 E/AccessibilityNodeInfoCache( 5304): 
05-18 14:52:50.038 E/AccessibilityNodeInfoCache( 5304): 
05-18 14:52:50.038 E/AccessibilityNodeInfoCache( 5304): 
05-18 14:52:50.038 E/AccessibilityNodeInfoCache( 5304): 
05-18 14:52:50.038 E/AccessibilityNodeInfoCache( 5304): 
05-18 14:52:50.038 E/AccessibilityNodeInfoCache( 5304): ; contentDescription: null; viewIdResName: com.boco.apphall:id/app_detail_update_desc; checkable: false; checked: false; focusable: false; focused: false; selected: false; clickable: false; longClickable: false; enabled: true; password: false; scrollable: false; [ACTION_SELECT, ACTION_CLEAR_SELECTION, ACTION_ACCESSIBILITY_FOCUS, ACTION_NEXT_AT_MOVEMENT_GRANULARITY, ACTION_PREVIOUS_AT_MOVEMENT_GRANULARITY, ACTION_SET_SELECTION]
05-18 14:52:50.038 E/AccessibilityNodeInfoCache( 5304): Disconneced node: android.view.accessibility.AccessibilityNodeInfo@6e49e; boundsInParent: Rect(0, 0 - 92, 32); boundsInScreen: Rect(41, 1630 - 133, 1662); packageName: com.boco.apphall; className: android.widget.TextView; text: ; contentDescription: null; viewIdResName: com.boco.apphall:id/app_other_desc; checkable: false; checked: false; focusable: false; focused: false; selected: false; clickable: false; longClickable: false; enabled: true; password: false; scrollable: false; [ACTION_SELECT, ACTION_CLEAR_SELECTION, ACTION_ACCESSIBILITY_FOCUS, ACTION_NEXT_AT_MOVEMENT_GRANULARITY, ACTION_PREVIOUS_AT_MOVEMENT_GRANULARITY, ACTION_SET_SELECTION]
05-18 14:52:50.038 E/AccessibilityNodeInfoCache( 5304): Disconneced node: android.view.accessibility.AccessibilityNodeInfo@6e85f; boundsInParent: Rect(0, 0 - 80, 28); boundsInScreen: Rect(41, 1678 - 121, 1706); packageName: com.boco.apphall; className: android.widget.TextView; text: ; contentDescription: null; viewIdResName: com.boco.apphall:id/curversion_title; checkable: false; checked: false; focusable: false; focused: false; selected: false; clickable: false; longClickable: false; enabled: true; password: false; scrollable: false; [ACTION_SELECT, ACTION_CLEAR_SELECTION, ACTION_ACCESSIBILITY_FOCUS, ACTION_NEXT_AT_MOVEMENT_GRANULARITY, ACTION_PREVIOUS_AT_MOVEMENT_GRANULARITY, ACTION_SET_SELECTION]
05-18 14:52:50.038 E/AccessibilityNodeInfoCache( 5304): Disconneced node: android.view.accessibility.AccessibilityNodeInfo@6ec20; boundsInParent: Rect(0, 0 - 27, 28); boundsInScreen: Rect(136, 1678 - 163, 1706); packageName: com.boco.apphall; className: android.widget.TextView; text: 5.0; contentDescription: null; viewIdResName: com.boco.apphall:id/curversion_title_write; checkable: false; checked: false; focusable: false; focused: false; selected: false; clickable: false; longClickable: false; enabled: true; password: false; scrollable: false; [ACTION_SELECT, ACTION_CLEAR_SELECTION, ACTION_ACCESSIBILITY_FOCUS, ACTION_NEXT_AT_MOVEMENT_GRANULARITY, ACTION_PREVIOUS_AT_MOVEMENT_GRANULARITY, ACTION_SET_SELECTION]
05-18 14:52:50.038 E/AccessibilityNodeInfoCache( 5304): Disconneced node: android.view.accessibility.AccessibilityNodeInfo@6efe1; boundsInParent: Rect(0, 0 - 80, 28); boundsInScreen: Rect(41, 1722 - 121, 1750); packageName: com.boco.apphall; className: android.widget.TextView; text: ; contentDescription: null; viewIdResName: com.boco.apphall:id/hold_system_title; checkable: false; checked: false; focusable: false; focused: false; selected: false; clickable: false; longClickable: false; enabled: true; password: false; scrollable: false; [ACTION_SELECT, ACTION_CLEAR_SELECTION, ACTION_ACCESSIBILITY_FOCUS, ACTION_NEXT_AT_MOVEMENT_GRANULARITY, ACTION_PREVIOUS_AT_MOVEMENT_GRANULARITY, ACTION_SET_SELECTION]
05-18 14:52:50.038 E/AccessibilityNodeInfoCache( 5304): Disconneced node: android.view.accessibility.AccessibilityNodeInfo@6f3a2; boundsInParent: Rect(0, 0 - 67, 28); boundsInScreen: Rect(136, 1722 - 203, 1750); packageName: com.boco.apphall; className: android.widget.TextView; text: android; contentDescription: null; viewIdResName: com.boco.apphall:id/hold_system_write; checkable: false; checked: false; focusable: false; focused: false; selected: false; clickable: false; longClickable: false; enabled: true; password: false; scrollable: false; [ACTION_SELECT, ACTION_CLEAR_SELECTION, ACTION_ACCESSIBILITY_FOCUS, ACTION_NEXT_AT_MOVEMENT_GRANULARITY, ACTION_PREVIOUS_AT_MOVEMENT_GRANULARITY, ACTION_SET_SELECTION]
05-18 14:52:50.038 E/AccessibilityNodeInfoCache( 5304): Disconneced node: android.view.accessibility.AccessibilityNodeInfo@6f763; boundsInParent: Rect(0, 0 - 60, 28); boundsInScreen: Rect(41, 1766 - 101, 1794); packageName: com.boco.apphall; className: android.widget.TextView; text: ; contentDescription: null; viewIdResName: com.boco.apphall:id/developer_title; checkable: false; checked: false; focusable: false; focused: false; selected: false; clickable: false; longClickable: false; enabled: true; password: false; scrollable: false; [ACTION_SELECT, ACTION_CLEAR_SELECTION, ACTION_ACCESSIBILITY_FOCUS, ACTION_NEXT_AT_MOVEMENT_GRANULARITY, ACTION_PREVIOUS_AT_MOVEMENT_GRANULARITY, ACTION_SET_SELECTION]
05-18 14:52:50.038 E/AccessibilityNodeInfoCache( 5304): Disconneced node: android.view.accessibility.AccessibilityNodeInfo@6fb24; boundsInParent: Rect(0, 0 - 40, 28); boundsInScreen: Rect(116, 1766 - 156, 1794); packageName: com.boco.apphall; className: android.widget.TextView; text: ; contentDescription: null; viewIdResName: com.boco.apphall:id/developer_title_write; checkable: false; checked: false; focusable: false; focused: false; selected: false; clickable: false; longClickable: false; enabled: true; password: false; scrollable: false; [ACTION_SELECT, ACTION_CLEAR_SELECTION, ACTION_ACCESSIBILITY_FOCUS, ACTION_NEXT_AT_MOVEMENT_GRANULARITY, ACTION_PREVIOUS_AT_MOVEMENT_GRANULARITY, ACTION_SET_SELECTION]
05-18 14:52:50.038 E/AccessibilityNodeInfoCache( 5304): Disconneced node: android.view.accessibility.AccessibilityNodeInfo@73734; boundsInParent: Rect(0, 0 - 698, 1516); boundsInScreen: Rect(11, 294 - 709, 1810); packageName: com.boco.apphall; className: android.widget.LinearLayout; text: null; contentDescription: null; viewIdResName: null; checkable: false; checked: false; focusable: false; focused: false; selected: false; clickable: true; longClickable: false; enabled: true; password: false; scrollable: false; [ACTION_SELECT, ACTION_CLEAR_SELECTION, ACTION_CLICK, ACTION_ACCESSIBILITY_FOCUS]
05-18 14:52:50.038 E/AccessibilityNodeInfoCache( 5304): Disconneced node: android.view.accessibility.AccessibilityNodeInfo@73af5; boundsInParent: Rect(0, 0 - 698, 191); boundsInScreen: Rect(11, 294 - 709, 485); packageName: com.boco.apphall; className: android.widget.LinearLayout; text: null; contentDescription: null; viewIdResName: com.boco.apphall:id/app_detail_layout2; checkable: false; checked: false; focusable: false; focused: false; selected: false; clickable: false; longClickable: false; enabled: true; password: false; scrollable: false; [ACTION_SELECT, ACTION_CLEAR_SELECTION, ACTION_ACCESSIBILITY_FOCUS]
05-18 14:52:50.038 E/AccessibilityNodeInfoCache( 5304): Disconneced node: android.view.accessibility.AccessibilityNodeInfo@73eb6; boundsInParent: Rect(0, 0 - 698, 1); boundsInScreen: Rect(11, 485 - 709, 486); packageName: com.boco.apphall; className: android.view.View; text: null; contentDescription: null; viewIdResName: null; checkable: false; checked: false; focusable: false; focused: false; selected: false; clickable: false; longClickable: false; enabled: true; password: false; scrollable: false; [ACTION_SELECT, ACTION_CLEAR_SELECTION, ACTION_ACCESSIBILITY_FOCUS]
05-18 14:52:50.038 E/AccessibilityNodeInfoCache( 5304): Disconneced node: android.view.accessibility.AccessibilityNodeInfo@74277; boundsInParent: Rect(0, 0 - 698, 2); boundsInScreen: Rect(11, 927 - 709, 929); packageName: com.boco.apphall; className: android.view.View; text: null; contentDescription: null; viewIdResName: null; checkable: false; checked: false; focusable: false; focused: false; selected: false; clickable: false; longClickable: false; enabled: true; password: false; scrollable: false; [ACTION_SELECT, ACTION_CLEAR_SELECTION, ACTION_ACCESSIBILITY_FOCUS]
05-18 14:52:50.038 E/AccessibilityNodeInfoCache( 5304): Disconneced node: android.view.accessibility.AccessibilityNodeInfo@74638; boundsInParent: Rect(0, 0 - 698, 668); boundsInScreen: Rect(11, 937 - 709, 1605); packageName: com.boco.apphall; className: android.widget.RelativeLayout; text: null; contentDescription: null; viewIdResName: com.boco.apphall:id/app_detail_layout3; checkable: false; checked: false; focusable: false; focused: false; selected: false; clickable: false; longClickable: false; enabled: true; password: false; scrollable: false; [ACTION_SELECT, ACTION_CLEAR_SELECTION, ACTION_ACCESSIBILITY_FOCUS]
05-18 14:52:50.038 E/AccessibilityNodeInfoCache( 5304): Disconneced node: android.view.accessibility.AccessibilityNodeInfo@749f9; boundsInParent: Rect(0, 0 - 698, 1); boundsInScreen: Rect(11, 1613 - 709, 1614); packageName: com.boco.apphall; className: android.view.View; text: null; contentDescription: null; viewIdResName: null; checkable: false; checked: false; focusable: false; focused: false; selected: false; clickable: false; longClickable: false; enabled: true; password: false; scrollable: false; [ACTION_SELECT, ACTION_CLEAR_SELECTION, ACTION_ACCESSIBILITY_FOCUS]
05-18 14:52:50.038 E/AccessibilityNodeInfoCache( 5304): Disconneced node: android.view.accessibility.AccessibilityNodeInfo@74dba; boundsInParent: Rect(0, 0 - 698, 180); boundsInScreen: Rect(11, 1622 - 709, 1802); packageName: com.boco.apphall; className: android.widget.RelativeLayout; text: null; contentDescription: null; viewIdResName: com.boco.apphall:id/app_detail_layout4; checkable: false; checked: false; focusable: false; focused: false; selected: false; clickable: false; longClickable: false; enabled: true; password: false; scrollable: false; [ACTION_SELECT, ACTION_CLEAR_SELECTION, ACTION_ACCESSIBILITY_FOCUS]
05-18 14:52:50.038 E/AccessibilityNodeInfoCache( 5304): Disconneced node: android.view.accessibility.AccessibilityNodeInfo@7517b; boundsInParent: Rect(0, 0 - 192, 161); boundsInScreen: Rect(41, 309 - 233, 470); packageName: com.boco.apphall; className: android.widget.LinearLayout; text: null; contentDescription: null; viewIdResName: com.boco.apphall:id/app_detail_layout21; checkable: false; checked: false; focusable: false; focused: false; selected: false; clickable: false; longClickable: false; enabled: true; password: false; scrollable: false; [ACTION_SELECT, ACTION_CLEAR_SELECTION, ACTION_ACCESSIBILITY_FOCUS]
05-18 14:52:50.038 E/AccessibilityNodeInfoCache( 5304): Disconneced node: android.view.accessibility.AccessibilityNodeInfo@7553c; boundsInParent: Rect(0, 0 - 193, 161); boundsInScreen: Rect(263, 309 - 456, 470); packageName: com.boco.apphall; className: android.widget.LinearLayout; text: null; contentDescription: null; viewIdResName: com.boco.apphall:id/app_detail_layout22; checkable: false; checked: false; focusable: false; focused: false; selected: false; clickable: false; longClickable: false; enabled: true; password: false; scrollable: false; [ACTION_SELECT, ACTION_CLEAR_SELECTION, ACTION_ACCESSIBILITY_FOCUS]
05-18 14:52:50.038 E/AccessibilityNodeInfoCache( 5304): Disconneced node: android.view.accessibility.AccessibilityNodeInfo@758fd; boundsInParent: Rect(0, 0 - 193, 161); boundsInScreen: Rect(486, 309 - 679, 470); packageName: com.boco.apphall; className: android.widget.LinearLayout; text: null; contentDescription: null; viewIdResName: com.boco.apphall:id/app_detail_layout23; checkable: false; checked: false; focusable: false; focused: false; selected: false; clickable: false; longClickable: false; enabled: true; password: false; scrollable: false; [ACTION_SELECT, ACTION_CLEAR_SELECTION, ACTION_ACCESSIBILITY_FOCUS]
05-18 14:52:50.038 E/AccessibilityNodeInfoCache( 5304): Disconneced node: android.view.accessibility.AccessibilityNodeInfo@78d8b; boundsInParent: Rect(0, 0 - 210, 345); boundsInScreen: Rect(11, 582 - 221, 927); packageName: com.boco.apphall; className: android.widget.RelativeLayout; text: null; contentDescription: null; viewIdResName: null; checkable: false; checked: false; focusable: false; focused: false; selected: false; clickable: true; longClickable: false; enabled: true; password: false; scrollable: false; [ACTION_SELECT, ACTION_CLEAR_SELECTION, ACTION_CLICK, ACTION_ACCESSIBILITY_FOCUS]
05-18 14:52:50.038 E/AccessibilityNodeInfoCache( 5304): Disconneced node: android.view.accessibility.AccessibilityNodeInfo@7914c; boundsInParent: Rect(0, 0 - 194, 329); boundsInScreen: Rect(19, 590 - 213, 919); packageName: com.boco.apphall; className: android.view.View; text: null; contentDescription: null; viewIdResName: com.boco.apphall:id/id_index_gallery_item_image_bg; checkable: false; checked: false; focusable: false; focused: false; selected: false; clickable: false; longClickable: false; enabled: true; password: false; scrollable: false; [ACTION_SELECT, ACTION_CLEAR_SELECTION, ACTION_ACCESSIBILITY_FOCUS]
05-18 14:52:50.038 E/AccessibilityNodeInfoCache( 5304): Disconneced node: android.view.accessibility.AccessibilityNodeInfo@7950d; boundsInParent: Rect(0, 0 - 194, 329); boundsInScreen: Rect(19, 590 - 213, 919); packageName: com.boco.apphall; className: android.widget.ImageView; text: null; contentDescription: null; viewIdResName: com.boco.apphall:id/id_index_gallery_item_image; checkable: false; checked: false; focusable: false; focused: false; selected: false; clickable: false; longClickable: false; enabled: true; password: false; scrollable: false; [ACTION_SELECT, ACTION_CLEAR_SELECTION, ACTION_ACCESSIBILITY_FOCUS]
