05-17 15:46:15.358 E/WifiStateMachine(  851):  ConnectedState (when=-4ms what=131155 arg1=548!CMD_RSSI_POLL 548 0 "BOCO-office" 94:b4:0f:68:a4:b1 rssi=-50 f=5785 sc=80 link=150 tx=8.9, 0.0, 0.0  rx=76.2 bcn=0 [on:0 tx:0 rx:0 period:3003] from screen [on:0 period:545734430] gl rssi=-50 ag=0 hr ticks 0,0,24 ls-=0 [56,56,60,60,65] brc=0 lrc=0
05-17 15:46:15.361 E/WifiStateMachine(  851):  L2ConnectedState (when=-6ms what=131155 arg1=548!CMD_RSSI_POLL 548 0 "BOCO-office" 94:b4:0f:68:a4:b1 rssi=-50 f=5785 sc=80 link=150 tx=8.9, 0.0, 0.0  rx=76.2 bcn=0 [on:0 tx:0 rx:0 period:3] from screen [on:0 period:545734433] gl rssi=-50 ag=0 hr ticks 0,0,24 ls-=0 [56,56,60,60,65] brc=0 lrc=0
05-17 15:46:15.362 E/WifiStateMachine(  851):  get link layer stats 0
05-17 15:46:15.366 E/WifiStateMachine(  851): calculateWifiScore() we set wifi's score to 1000, so will always set wifi as a default network.
05-17 15:46:15.749 E/memtrack(13008): Couldn't load memtrack module (No such file or directory)
05-17 15:46:15.749 E/android.os.Debug(13008): failed to load memtrack module: -2
05-17 15:46:16.178 E/WifiTrafficPoller(  851): TRAFFIC_STATS_POLL true Token 2406 num clients 18
05-17 15:46:16.180 E/WifiTrafficPoller(  851):  packet count Tx=1615353 Rx=5360076
05-17 15:46:17.181 E/WifiTrafficPoller(  851): TRAFFIC_STATS_POLL true Token 2406 num clients 18
05-17 15:46:17.182 E/WifiTrafficPoller(  851):  packet count Tx=1615355 Rx=5360099
05-17 15:46:17.182 E/WifiTrafficPoller(  851): notifying of data activity 3
05-17 15:46:17.295 E/memtrack(13026): Couldn't load memtrack module (No such file or directory)
05-17 15:46:17.295 E/android.os.Debug(13026): failed to load memtrack module: -2
05-17 15:46:17.999 E/memtrack(13043): Couldn't load memtrack module (No such file or directory)
05-17 15:46:17.999 E/android.os.Debug(13043): failed to load memtrack module: -2
05-17 15:46:18.184 E/WifiTrafficPoller(  851): TRAFFIC_STATS_POLL true Token 2406 num clients 18
05-17 15:46:18.185 E/WifiTrafficPoller(  851):  packet count Tx=1615355 Rx=5360119
05-17 15:46:18.185 E/WifiTrafficPoller(  851): notifying of data activity 1
05-17 15:46:18.370 E/WifiStateMachine(  851):  ConnectedState (when=-3ms what=131155 arg1=548!CMD_RSSI_POLL 548 0 "BOCO-office" 94:b4:0f:68:a4:b1 rssi=-50 f=5785 sc=80 link=150 tx=7.9, 0.0, 0.0  rx=69.1 bcn=0 [on:0 tx:0 rx:0 period:3001] from screen [on:0 period:545737442] gl rssi=-50 ag=0 hr ticks 0,0,24 ls-=0 [56,56,60,60,65] brc=0 lrc=0
05-17 15:46:18.372 E/WifiStateMachine(  851):  L2ConnectedState (when=-4ms what=131155 arg1=548!CMD_RSSI_POLL 548 0 "BOCO-office" 94:b4:0f:68:a4:b1 rssi=-50 f=5785 sc=80 link=150 tx=7.9, 0.0, 0.0  rx=69.1 bcn=0 [on:0 tx:0 rx:0 period:2] from screen [on:0 period:545737444] gl rssi=-50 ag=0 hr ticks 0,0,24 ls-=0 [56,56,60,60,65] brc=0 lrc=0
05-17 15:46:18.372 E/WifiStateMachine(  851):  get link layer stats 0
05-17 15:46:18.396 E/WifiStateMachine(  851): calculateWifiScore() we set wifi's score to 1000, so will always set wifi as a default network.
05-17 15:46:18.998 E/memtrack(13061): Couldn't load memtrack module (No such file or directory)
05-17 15:46:18.998 E/android.os.Debug(13061): failed to load memtrack module: -2
05-17 15:46:19.189 E/WifiTrafficPoller(  851): TRAFFIC_STATS_POLL true Token 2406 num clients 18
05-17 15:46:19.190 E/WifiTrafficPoller(  851):  packet count Tx=1615355 Rx=5360141
05-17 15:46:19.973 E/memtrack(13077): Couldn't load memtrack module (No such file or directory)
05-17 15:46:19.973 E/android.os.Debug(13077): failed to load memtrack module: -2
05-17 15:46:20.191 E/WifiTrafficPoller(  851): TRAFFIC_STATS_POLL true Token 2406 num clients 18
05-17 15:46:20.192 E/WifiTrafficPoller(  851):  packet count Tx=1615355 Rx=5360166
05-17 15:46:20.990 E/memtrack(13093): Couldn't load memtrack module (No such file or directory)
05-17 15:46:20.991 E/android.os.Debug(13093): failed to load memtrack module: -2
05-17 15:46:21.193 E/WifiTrafficPoller(  851): TRAFFIC_STATS_POLL true Token 2406 num clients 18
05-17 15:46:21.194 E/WifiTrafficPoller(  851):  packet count Tx=1615355 Rx=5360181
05-17 15:46:21.400 E/WifiStateMachine(  851):  ConnectedState (when=-4ms what=131155 arg1=548!CMD_RSSI_POLL 548 0 "BOCO-office" 94:b4:0f:68:a4:b1 rssi=-51 f=5785 sc=80 link=150 tx=5.0, 0.0, 0.0  rx=65.5 bcn=0 [on:0 tx:0 rx:0 period:3002] from screen [on:0 period:545740472] gl rssi=-51 ag=0 hr ticks 0,0,24 ls-=0 [56,56,56,56,61] brc=0 lrc=0
05-17 15:46:21.403 E/WifiStateMachine(  851):  L2ConnectedState (when=-6ms what=131155 arg1=548!CMD_RSSI_POLL 548 0 "BOCO-office" 94:b4:0f:68:a4:b1 rssi=-51 f=5785 sc=80 link=150 tx=5.0, 0.0, 0.0  rx=65.5 bcn=0 [on:0 tx:0 rx:0 period:2] from screen [on:0 period:545740474] gl rssi=-51 ag=0 hr ticks 0,0,24 ls-=0 [56,56,56,56,61] brc=0 lrc=0
05-17 15:46:21.403 E/WifiStateMachine(  851):  get link layer stats 0
05-17 15:46:21.425 E/WifiStateMachine(  851): calculateWifiScore() we set wifi's score to 1000, so will always set wifi as a default network.
05-17 15:46:22.195 E/WifiTrafficPoller(  851): TRAFFIC_STATS_POLL true Token 2406 num clients 18
05-17 15:46:22.195 E/WifiTrafficPoller(  851):  packet count Tx=1615355 Rx=5360197
05-17 15:46:22.304 E/memtrack(13113): Couldn't load memtrack module (No such file or directory)
05-17 15:46:22.304 E/android.os.Debug(13113): failed to load memtrack module: -2
05-17 15:46:23.008 E/memtrack(13130): Couldn't load memtrack module (No such file or directory)
05-17 15:46:23.008 E/android.os.Debug(13130): failed to load memtrack module: -2
05-17 15:46:23.196 E/WifiTrafficPoller(  851): TRAFFIC_STATS_POLL true Token 2406 num clients 18
05-17 15:46:23.198 E/WifiTrafficPoller(  851):  packet count Tx=1615355 Rx=5360215
05-17 15:46:24.199 E/WifiTrafficPoller(  851): TRAFFIC_STATS_POLL true Token 2406 num clients 18
05-17 15:46:24.200 E/WifiTrafficPoller(  851):  packet count Tx=1615355 Rx=5360244
05-17 15:46:24.430 E/WifiStateMachine(  851):  ConnectedState (when=-4ms what=131155 arg1=548!CMD_RSSI_POLL 548 0 "BOCO-office" 94:b4:0f:68:a4:b1 rssi=-48 f=5785 sc=80 link=150 tx=2.5, 0.0, 0.0  rx=65.8 bcn=0 [on:0 tx:0 rx:0 period:3002] from screen [on:0 period:545743502] gl rssi=-48 ag=0 hr ticks 0,0,24 ls-=0 [56,56,56,56,61] brc=0 lrc=0
05-17 15:46:24.430 E/WifiStateMachine(  851):  L2ConnectedState (when=-4ms what=131155 arg1=548!CMD_RSSI_POLL 548 0 "BOCO-office" 94:b4:0f:68:a4:b1 rssi=-48 f=5785 sc=80 link=150 tx=2.5, 0.0, 0.0  rx=65.8 bcn=0 [on:0 tx:0 rx:0 period:0] from screen [on:0 period:545743502] gl rssi=-48 ag=0 hr ticks 0,0,24 ls-=0 [56,56,56,56,61] brc=0 lrc=0
05-17 15:46:24.430 E/WifiStateMachine(  851):  get link layer stats 0
05-17 15:46:24.435 E/WifiStateMachine(  851): calculateWifiScore() we set wifi's score to 1000, so will always set wifi as a default network.
05-17 15:46:25.201 E/WifiTrafficPoller(  851): TRAFFIC_STATS_POLL true Token 2406 num clients 18
05-17 15:46:25.202 E/WifiTrafficPoller(  851):  packet count Tx=1615358 Rx=5360274
05-17 15:46:25.202 E/WifiTrafficPoller(  851): notifying of data activity 3
05-17 15:46:26.203 E/WifiTrafficPoller(  851): TRAFFIC_STATS_POLL true Token 2406 num clients 18
05-17 15:46:26.204 E/WifiTrafficPoller(  851):  packet count Tx=1615358 Rx=5360299
05-17 15:46:26.204 E/WifiTrafficPoller(  851): notifying of data activity 1
05-17 15:46:27.208 E/WifiTrafficPoller(  851): TRAFFIC_STATS_POLL true Token 2406 num clients 18
05-17 15:46:27.209 E/WifiTrafficPoller(  851):  packet count Tx=1615358 Rx=5360332
05-17 15:46:27.441 E/WifiStateMachine(  851):  ConnectedState (when=-4ms what=131155 arg1=548!CMD_RSSI_POLL 548 0 "BOCO-office" 94:b4:0f:68:a4:b1 rssi=-47 f=5785 sc=80 link=150 tx=2.2, 0.0, 0.0  rx=63.9 bcn=0 [on:0 tx:0 rx:0 period:2996] from screen [on:0 period:545746513] gl rssi=-47 ag=0 hr ticks 0,0,24 ls-=0 [56,56,56,56,61] brc=0 lrc=0
05-17 15:46:27.445 E/WifiStateMachine(  851):  L2ConnectedState (when=-9ms what=131155 arg1=548!CMD_RSSI_POLL 548 0 "BOCO-office" 94:b4:0f:68:a4:b1 rssi=-47 f=5785 sc=80 link=150 tx=2.2, 0.0, 0.0  rx=63.9 bcn=0 [on:0 tx:0 rx:0 period:4] from screen [on:0 period:545746517] gl rssi=-47 ag=0 hr ticks 0,0,24 ls-=0 [56,56,56,56,61] brc=0 lrc=0
05-17 15:46:27.447 E/WifiStateMachine(  851):  get link layer stats 0
05-17 15:46:27.479 E/WifiStateMachine(  851): calculateWifiScore() we set wifi's score to 1000, so will always set wifi as a default network.
05-17 15:46:28.211 E/WifiTrafficPoller(  851): TRAFFIC_STATS_POLL true Token 2406 num clients 18
05-17 15:46:28.211 E/WifiTrafficPoller(  851):  packet count Tx=1615358 Rx=5360361
05-17 15:46:28.921 E/memtrack(13153): Couldn't load memtrack module (No such file or directory)
05-17 15:46:28.921 E/android.os.Debug(13153): failed to load memtrack module: -2
05-17 15:46:29.213 E/WifiTrafficPoller(  851): TRAFFIC_STATS_POLL true Token 2406 num clients 18
05-17 15:46:29.214 E/WifiTrafficPoller(  851):  packet count Tx=1615360 Rx=5360385
05-17 15:46:29.214 E/WifiTrafficPoller(  851): notifying of data activity 3
05-17 15:46:29.659 E/memtrack(13172): Couldn't load memtrack module (No such file or directory)
05-17 15:46:29.659 E/android.os.Debug(13172): failed to load memtrack module: -2
05-17 15:46:30.218 E/WifiTrafficPoller(  851): TRAFFIC_STATS_POLL true Token 2406 num clients 18
05-17 15:46:30.219 E/WifiTrafficPoller(  851):  packet count Tx=1615360 Rx=5360407
05-17 15:46:30.219 E/WifiTrafficPoller(  851): notifying of data activity 1
05-17 15:46:30.482 E/WifiStateMachine(  851):  ConnectedState (when=-1ms what=131155 arg1=548!CMD_RSSI_POLL 548 0 "BOCO-office" 94:b4:0f:68:a4:b1 rssi=-47 f=5785 sc=80 link=150 tx=1.6, 0.0, 0.0  rx=75.4 bcn=0 [on:0 tx:0 rx:0 period:2986] from screen [on:0 period:545749554] gl rssi=-47 ag=0 hr ticks 0,0,24 ls-=0 [56,56,56,56,61] brc=0 lrc=0
05-17 15:46:30.483 E/WifiStateMachine(  851):  L2ConnectedState (when=-2ms what=131155 arg1=548!CMD_RSSI_POLL 548 0 "BOCO-office" 94:b4:0f:68:a4:b1 rssi=-47 f=5785 sc=80 link=150 tx=1.6, 0.0, 0.0  rx=75.4 bcn=0 [on:0 tx:0 rx:0 period:1] from screen [on:0 period:545749555] gl rssi=-47 ag=0 hr ticks 0,0,24 ls-=0 [56,56,56,56,61] brc=0 lrc=0
05-17 15:46:30.483 E/WifiStateMachine(  851):  get link layer stats 0
05-17 15:46:30.485 E/WifiStateMachine(  851): calculateWifiScore() we set wifi's score to 1000, so will always set wifi as a default network.
05-17 15:46:30.532 E/memtrack(13189): Couldn't load memtrack module (No such file or directory)
05-17 15:46:30.532 E/android.os.Debug(13189): failed to load memtrack module: -2
05-17 15:46:31.220 E/WifiTrafficPoller(  851): TRAFFIC_STATS_POLL true Token 2406 num clients 18
05-17 15:46:31.220 E/WifiTrafficPoller(  851):  packet count Tx=1615361 Rx=5360430
05-17 15:46:31.220 E/WifiTrafficPoller(  851): notifying of data activity 3
05-17 15:46:31.425 E/memtrack(13209): Couldn't load memtrack module (No such file or directory)
05-17 15:46:31.425 E/android.os.Debug(13209): failed to load memtrack module: -2
05-17 15:46:32.177 E/memtrack(13227): Couldn't load memtrack module (No such file or directory)
05-17 15:46:32.177 E/android.os.Debug(13227): failed to load memtrack module: -2
05-17 15:46:32.221 E/WifiTrafficPoller(  851): TRAFFIC_STATS_POLL true Token 2406 num clients 18
05-17 15:46:32.222 E/WifiTrafficPoller(  851):  packet count Tx=1615361 Rx=5360450
05-17 15:46:32.222 E/WifiTrafficPoller(  851): notifying of data activity 1
05-17 15:46:33.223 E/WifiTrafficPoller(  851): TRAFFIC_STATS_POLL true Token 2406 num clients 18
05-17 15:46:33.224 E/WifiTrafficPoller(  851):  packet count Tx=1615372 Rx=5360474
05-17 15:46:33.224 E/WifiTrafficPoller(  851): notifying of data activity 3
05-17 15:46:33.378 E/memtrack(13247): Couldn't load memtrack module (No such file or directory)
05-17 15:46:33.378 E/android.os.Debug(13247): failed to load memtrack module: -2
05-17 15:46:33.489 E/WifiStateMachine(  851):  ConnectedState (when=-3ms what=131155 arg1=548!CMD_RSSI_POLL 548 0 "BOCO-office" 94:b4:0f:68:a4:b1 rssi=-48 f=5785 sc=80 link=150 tx=2.3, 0.0, 0.0  rx=76.7 bcn=0 [on:0 tx:0 rx:0 period:3000] from screen [on:0 period:545752561] gl rssi=-48 ag=0 hr ticks 0,0,24 ls-=0 [56,56,56,56,61] brc=0 lrc=0
05-17 15:46:33.490 E/WifiStateMachine(  851):  L2ConnectedState (when=-4ms what=131155 arg1=548!CMD_RSSI_POLL 548 0 "BOCO-office" 94:b4:0f:68:a4:b1 rssi=-48 f=5785 sc=80 link=150 tx=2.3, 0.0, 0.0  rx=76.7 bcn=0 [on:0 tx:0 rx:0 period:1] from screen [on:0 period:545752562] gl rssi=-48 ag=0 hr ticks 0,0,24 ls-=0 [56,56,56,56,61] brc=0 lrc=0
05-17 15:46:33.490 E/WifiStateMachine(  851):  get link layer stats 0
05-17 15:46:33.493 E/WifiStateMachine(  851): calculateWifiScore() we set wifi's score to 1000, so will always set wifi as a default network.
05-17 15:46:34.034 E/memtrack(13263): Couldn't load memtrack module (No such file or directory)
05-17 15:46:34.034 E/android.os.Debug(13263): failed to load memtrack module: -2
05-17 15:46:34.225 E/WifiTrafficPoller(  851): TRAFFIC_STATS_POLL true Token 2406 num clients 18
05-17 15:46:34.226 E/WifiTrafficPoller(  851):  packet count Tx=1615373 Rx=5360497
05-17 15:46:35.227 E/WifiTrafficPoller(  851): TRAFFIC_STATS_POLL true Token 2406 num clients 18
05-17 15:46:35.227 E/WifiTrafficPoller(  851):  packet count Tx=1615373 Rx=5360515
05-17 15:46:35.227 E/WifiTrafficPoller(  851): notifying of data activity 1
05-17 15:46:36.228 E/WifiTrafficPoller(  851): TRAFFIC_STATS_POLL true Token 2406 num clients 18
05-17 15:46:36.229 E/WifiTrafficPoller(  851):  packet count Tx=1615373 Rx=5360538
05-17 15:46:36.498 E/WifiStateMachine(  851):  ConnectedState (when=-4ms what=131155 arg1=548!CMD_RSSI_POLL 548 0 "BOCO-office" 94:b4:0f:68:a4:b1 rssi=-49 f=5785 sc=80 link=150 tx=6.7, 0.0, 0.0  rx=70.4 bcn=0 [on:0 tx:0 rx:0 period:3004] from screen [on:0 period:545755570] gl rssi=-49 ag=0 hr ticks 0,0,24 ls-=0 [56,56,60,60,65] brc=0 lrc=0
05-17 15:46:36.500 E/WifiStateMachine(  851):  L2ConnectedState (when=-6ms what=131155 arg1=548!CMD_RSSI_POLL 548 0 "BOCO-office" 94:b4:0f:68:a4:b1 rssi=-49 f=5785 sc=80 link=150 tx=6.7, 0.0, 0.0  rx=70.4 bcn=0 [on:0 tx:0 rx:0 period:2] from screen [on:0 period:545755572] gl rssi=-49 ag=0 hr ticks 0,0,24 ls-=0 [56,56,60,60,65] brc=0 lrc=0
05-17 15:46:36.500 E/WifiStateMachine(  851):  get link layer stats 0
05-17 15:46:36.506 E/WifiStateMachine(  851): calculateWifiScore() we set wifi's score to 1000, so will always set wifi as a default network.
05-17 15:46:37.231 E/WifiTrafficPoller(  851): TRAFFIC_STATS_POLL true Token 2406 num clients 18
05-17 15:46:37.231 E/WifiTrafficPoller(  851):  packet count Tx=1615379 Rx=5360566
05-17 15:46:37.231 E/WifiTrafficPoller(  851): notifying of data activity 3
05-17 15:46:37.539 E/memtrack(13334): Couldn't load memtrack module (No such file or directory)
05-17 15:46:37.539 E/android.os.Debug(13334): failed to load memtrack module: -2
05-17 15:46:38.100 E/VMSG    (13390): RegisterNatives OnUserCommand1
05-17 15:46:38.190 E/WifiTrafficPoller(  851): ADD_CLIENT: 19
05-17 15:46:38.233 E/WifiTrafficPoller(  851): TRAFFIC_STATS_POLL true Token 2406 num clients 19
05-17 15:46:38.234 E/WifiTrafficPoller(  851):  packet count Tx=1615380 Rx=5360580
05-17 15:46:38.318 E/NativeCrypto(13390): ssl=0x7faa202e00 cert_verify_callback x509_store_ctx=0x7f9e5f6e88 arg=0x0
05-17 15:46:38.318 E/NativeCrypto(13390): ssl=0x7faa202e00 cert_verify_callback calling verifyCertificateChain authMethod=ECDHE_RSA
05-17 15:46:38.425 E/[PropSet](13390): connect fail
05-17 15:46:38.425 E/[PropSet](13390): send_prop_msg return err -1
05-17 15:46:38.533 E/baidumapsdk(13390): Authentication Error errorcode: 230 uid: -1 appid -1 msg: APP Scode
05-17 15:46:38.555 E/SurfaceFlinger(  285): onDraw: bindTextureImage test
05-17 15:46:38.572 E/SurfaceFlinger(  285): onDraw: bindTextureImage test
05-17 15:46:38.588 E/SurfaceFlinger(  285): onDraw: bindTextureImage test
05-17 15:46:38.605 E/SurfaceFlinger(  285): onDraw: bindTextureImage test
05-17 15:46:39.234 E/WifiTrafficPoller(  851): TRAFFIC_STATS_POLL true Token 2406 num clients 19
05-17 15:46:39.235 E/WifiTrafficPoller(  851):  packet count Tx=1615396 Rx=5360618
05-17 15:46:39.512 E/WifiStateMachine(  851):  ConnectedState (when=-4ms what=131155 arg1=548!CMD_RSSI_POLL 548 0 "BOCO-office" 94:b4:0f:68:a4:b1 rssi=-48 f=5785 sc=80 link=150 tx=6.3, 0.0, 0.0  rx=71.7 bcn=0 [on:0 tx:0 rx:0 period:3002] from screen [on:0 period:545758584] gl rssi=-48 ag=0 hr ticks 0,0,24 ls-=0 [56,56,60,60,65] brc=0 lrc=0
05-17 15:46:39.514 E/WifiStateMachine(  851):  L2ConnectedState (when=-6ms what=131155 arg1=548!CMD_RSSI_POLL 548 0 "BOCO-office" 94:b4:0f:68:a4:b1 rssi=-48 f=5785 sc=80 link=150 tx=6.3, 0.0, 0.0  rx=71.7 bcn=0 [on:0 tx:0 rx:0 period:2] from screen [on:0 period:545758586] gl rssi=-48 ag=0 hr ticks 0,0,24 ls-=0 [56,56,60,60,65] brc=0 lrc=0
05-17 15:46:39.514 E/WifiStateMachine(  851):  get link layer stats 0
05-17 15:46:39.519 E/WifiStateMachine(  851): calculateWifiScore() we set wifi's score to 1000, so will always set wifi as a default network.
05-17 15:46:40.056 E/memtrack(13450): Couldn't load memtrack module (No such file or directory)
05-17 15:46:40.056 E/android.os.Debug(13450): failed to load memtrack module: -2
05-17 15:46:40.234 E/WifiTrafficPoller(  851): TRAFFIC_STATS_POLL true Token 2406 num clients 19
05-17 15:46:40.235 E/WifiTrafficPoller(  851):  packet count Tx=1615396 Rx=5360649
05-17 15:46:40.235 E/WifiTrafficPoller(  851): notifying of data activity 1
05-17 15:46:41.235 E/WifiTrafficPoller(  851): TRAFFIC_STATS_POLL true Token 2406 num clients 19
05-17 15:46:41.236 E/WifiTrafficPoller(  851):  packet count Tx=1615396 Rx=5360674
05-17 15:46:42.236 E/WifiTrafficPoller(  851): TRAFFIC_STATS_POLL true Token 2406 num clients 19
05-17 15:46:42.238 E/WifiTrafficPoller(  851):  packet count Tx=1615396 Rx=5360694
05-17 15:46:42.524 E/WifiStateMachine(  851):  ConnectedState (when=-4ms what=131155 arg1=548!CMD_RSSI_POLL 548 0 "BOCO-office" 94:b4:0f:68:a4:b1 rssi=-48 f=5785 sc=80 link=150 tx=12.2, 0.0, 0.0  rx=73.3 bcn=0 [on:0 tx:0 rx:0 period:3001] from screen [on:0 period:545761595] gl rssi=-48 ag=0 hr ticks 0,0,24 ls-=0 [56,56,60,60,65] brc=0 lrc=0
05-17 15:46:42.526 E/WifiStateMachine(  851):  L2ConnectedState (when=-6ms what=131155 arg1=548!CMD_RSSI_POLL 548 0 "BOCO-office" 94:b4:0f:68:a4:b1 rssi=-48 f=5785 sc=80 link=150 tx=12.2, 0.0, 0.0  rx=73.3 bcn=0 [on:0 tx:0 rx:0 period:3] from screen [on:0 period:545761598] gl rssi=-48 ag=0 hr ticks 0,0,24 ls-=0 [56,56,60,60,65] brc=0 lrc=0
05-17 15:46:42.527 E/WifiStateMachine(  851):  get link layer stats 0
05-17 15:46:42.535 E/WifiStateMachine(  851): calculateWifiScore() we set wifi's score to 1000, so will always set wifi as a default network.
05-17 15:46:43.238 E/WifiTrafficPoller(  851): TRAFFIC_STATS_POLL true Token 2406 num clients 19
05-17 15:46:43.239 E/WifiTrafficPoller(  851):  packet count Tx=1615398 Rx=5360716
05-17 15:46:43.239 E/WifiTrafficPoller(  851): notifying of data activity 3
05-17 15:46:43.489 E/memtrack(13477): Couldn't load memtrack module (No such file or directory)
05-17 15:46:43.489 E/android.os.Debug(13477): failed to load memtrack module: -2
05-17 15:46:44.240 E/WifiTrafficPoller(  851): TRAFFIC_STATS_POLL true Token 2406 num clients 19
05-17 15:46:44.240 E/WifiTrafficPoller(  851):  packet count Tx=1615398 Rx=5360737
05-17 15:46:44.240 E/WifiTrafficPoller(  851): notifying of data activity 1
05-17 15:46:45.242 E/WifiTrafficPoller(  851): TRAFFIC_STATS_POLL true Token 2406 num clients 19
05-17 15:46:45.243 E/WifiTrafficPoller(  851):  packet count Tx=1615398 Rx=5360764
05-17 15:46:45.541 E/WifiStateMachine(  851):  ConnectedState (when=-4ms what=131155 arg1=548!CMD_RSSI_POLL 548 0 "BOCO-office" 94:b4:0f:68:a4:b1 rssi=-48 f=5785 sc=80 link=150 tx=6.6, 0.0, 0.0  rx=76.7 bcn=0 [on:0 tx:0 rx:0 period:2998] from screen [on:0 period:545764612] gl rssi=-48 ag=0 hr ticks 0,0,24 ls-=0 [56,56,60,60,65] brc=0 lrc=0
05-17 15:46:45.542 E/WifiStateMachine(  851):  L2ConnectedState (when=-6ms what=131155 arg1=548!CMD_RSSI_POLL 548 0 "BOCO-office" 94:b4:0f:68:a4:b1 rssi=-48 f=5785 sc=80 link=150 tx=6.6, 0.0, 0.0  rx=76.7 bcn=0 [on:0 tx:0 rx:0 period:2] from screen [on:0 period:545764614] gl rssi=-48 ag=0 hr ticks 0,0,24 ls-=0 [56,56,60,60,65] brc=0 lrc=0
05-17 15:46:45.542 E/WifiStateMachine(  851):  get link layer stats 0
05-17 15:46:45.546 E/WifiStateMachine(  851): calculateWifiScore() we set wifi's score to 1000, so will always set wifi as a default network.
05-17 15:46:46.243 E/WifiTrafficPoller(  851): TRAFFIC_STATS_POLL true Token 2406 num clients 19
05-17 15:46:46.244 E/WifiTrafficPoller(  851):  packet count Tx=1615398 Rx=5360789
05-17 15:46:47.245 E/WifiTrafficPoller(  851): TRAFFIC_STATS_POLL true Token 2406 num clients 19
05-17 15:46:47.246 E/WifiTrafficPoller(  851):  packet count Tx=1615406 Rx=5360832
05-17 15:46:47.246 E/WifiTrafficPoller(  851): notifying of data activity 3
05-17 15:46:47.470 E/SurfaceFlinger(  285): onDraw: bindTextureImage test
05-17 15:46:47.487 E/SurfaceFlinger(  285): onDraw: bindTextureImage test
05-17 15:46:47.504 E/SurfaceFlinger(  285): onDraw: bindTextureImage test
05-17 15:46:47.521 E/SurfaceFlinger(  285): onDraw: bindTextureImage test
05-17 15:46:47.537 E/SurfaceFlinger(  285): onDraw: bindTextureImage test
05-17 15:46:47.555 E/SurfaceFlinger(  285): onDraw: bindTextureImage test
05-17 15:46:47.571 E/SurfaceFlinger(  285): onDraw: bindTextureImage test
05-17 15:46:47.588 E/SurfaceFlinger(  285): onDraw: bindTextureImage test
05-17 15:46:47.773 E/SurfaceFlinger(  285): onDraw: bindTextureImage test
05-17 15:46:47.790 E/SurfaceFlinger(  285): onDraw: bindTextureImage test
05-17 15:46:47.806 E/SurfaceFlinger(  285): onDraw: bindTextureImage test
05-17 15:46:47.823 E/SurfaceFlinger(  285): onDraw: bindTextureImage test
05-17 15:46:47.840 E/SurfaceFlinger(  285): onDraw: bindTextureImage test
05-17 15:46:47.857 E/SurfaceFlinger(  285): onDraw: bindTextureImage test
05-17 15:46:47.874 E/SurfaceFlinger(  285): onDraw: bindTextureImage test
05-17 15:46:48.194 E/SurfaceFlinger(  285): onDraw: bindTextureImage test
05-17 15:46:48.211 E/SurfaceFlinger(  285): onDraw: bindTextureImage test
05-17 15:46:48.228 E/SurfaceFlinger(  285): onDraw: bindTextureImage test
05-17 15:46:48.244 E/SurfaceFlinger(  285): onDraw: bindTextureImage test
05-17 15:46:48.251 E/WifiTrafficPoller(  851): TRAFFIC_STATS_POLL true Token 2406 num clients 19
05-17 15:46:48.251 E/WifiTrafficPoller(  851):  packet count Tx=1615414 Rx=5360871
05-17 15:46:48.552 E/WifiStateMachine(  851):  ConnectedState (when=-5ms what=131155 arg1=548!CMD_RSSI_POLL 548 0 "BOCO-office" 94:b4:0f:68:a4:b1 rssi=-47 f=5785 sc=80 link=150 tx=3.8, 0.0, 0.0  rx=70.8 bcn=0 [on:0 tx:0 rx:0 period:3004] from screen [on:0 period:545767624] gl rssi=-47 ag=0 hr ticks 0,0,24 ls-=0 [56,56,56,56,61] brc=0 lrc=0
05-17 15:46:48.553 E/WifiStateMachine(  851):  L2ConnectedState (when=-6ms what=131155 arg1=548!CMD_RSSI_POLL 548 0 "BOCO-office" 94:b4:0f:68:a4:b1 rssi=-47 f=5785 sc=80 link=150 tx=3.8, 0.0, 0.0  rx=70.8 bcn=0 [on:0 tx:0 rx:0 period:1] from screen [on:0 period:545767625] gl rssi=-47 ag=0 hr ticks 0,0,24 ls-=0 [56,56,56,56,61] brc=0 lrc=0
05-17 15:46:48.553 E/WifiStateMachine(  851):  get link layer stats 0
05-17 15:46:48.560 E/WifiStateMachine(  851): calculateWifiScore() we set wifi's score to 1000, so will always set wifi as a default network.
05-17 15:46:49.152 E/SurfaceFlinger(  285): onDraw: bindTextureImage test
05-17 15:46:49.169 E/SurfaceFlinger(  285): onDraw: bindTextureImage test
05-17 15:46:49.187 E/SurfaceFlinger(  285): onDraw: bindTextureImage test
05-17 15:46:49.203 E/SurfaceFlinger(  285): onDraw: bindTextureImage test
05-17 15:46:49.220 E/SurfaceFlinger(  285): onDraw: bindTextureImage test
05-17 15:46:49.237 E/SurfaceFlinger(  285): onDraw: bindTextureImage test
05-17 15:46:49.252 E/WifiTrafficPoller(  851): TRAFFIC_STATS_POLL true Token 2406 num clients 19
05-17 15:46:49.254 E/SurfaceFlinger(  285): onDraw: bindTextureImage test
05-17 15:46:49.255 E/WifiTrafficPoller(  851):  packet count Tx=1615416 Rx=5360903
05-17 15:46:50.255 E/WifiTrafficPoller(  851): TRAFFIC_STATS_POLL true Token 2406 num clients 19
05-17 15:46:50.256 E/WifiTrafficPoller(  851):  packet count Tx=1615416 Rx=5360925
05-17 15:46:50.256 E/WifiTrafficPoller(  851): notifying of data activity 1
05-17 15:46:50.309 E/appium  (13279): Element not found: 
05-17 15:46:50.309 E/appium  (13279): io.appium.uiautomator2.common.exceptions.ElementNotFoundException: Could not find an element using supplied strategy. 
05-17 15:46:50.309 E/appium  (13279): 	at io.appium.uiautomator2.handler.FindElement.getXPathUiObject(FindElement.java:80)
05-17 15:46:50.309 E/appium  (13279): 	at io.appium.uiautomator2.handler.FindElement.findElement(FindElement.java:153)
05-17 15:46:50.309 E/appium  (13279): 	at io.appium.uiautomator2.handler.FindElement.safeHandle(FindElement.java:102)
05-17 15:46:50.309 E/appium  (13279): 	at io.appium.uiautomator2.handler.request.SafeRequestHandler.handle(SafeRequestHandler.java:56)
05-17 15:46:50.309 E/appium  (13279): 	at io.appium.uiautomator2.server.AppiumServlet.handleRequest(AppiumServlet.java:202)
05-17 15:46:50.309 E/appium  (13279): 	at io.appium.uiautomator2.server.AppiumServlet.handleHttpRequest(AppiumServlet.java:193)
05-17 15:46:50.309 E/appium  (13279): 	at io.appium.uiautomator2.http.ServerHandler.channelRead(ServerHandler.java:44)
05-17 15:46:50.309 E/appium  (13279): 	at io.netty.channel.AbstractChannelHandlerContext.invokeChannelRead(AbstractChannelHandlerContext.java:366)
05-17 15:46:50.309 E/appium  (13279): 	at io.netty.channel.AbstractChannelHandlerContext.invokeChannelRead(AbstractChannelHandlerContext.java:352)
05-17 15:46:50.309 E/appium  (13279): 	at io.netty.channel.AbstractChannelHandlerContext.fireChannelRead(AbstractChannelHandlerContext.java:345)
05-17 15:46:50.309 E/appium  (13279): 	at io.netty.handler.codec.MessageToMessageDecoder.channelRead(MessageToMessageDecoder.java:102)
05-17 15:46:50.309 E/appium  (13279): 	at io.netty.channel.AbstractChannelHandlerContext.invokeChannelRead(AbstractChannelHandlerContext.java:366)
05-17 15:46:50.309 E/appium  (13279): 	at io.netty.channel.AbstractChannelHandlerContext.invokeChannelRead(AbstractChannelHandlerContext.java:352)
05-17 15:46:50.309 E/appium  (13279): 	at io.netty.channel.AbstractChannelHandlerContext.fireChannelRead(AbstractChannelHandlerContext.java:345)
05-17 15:46:50.309 E/appium  (13279): 	at io.netty.channel.CombinedChannelDuplexHandler$DelegatingChannelHandlerContext.fireChannelRead(CombinedChannelDuplexHandler.java:435)
05-17 15:46:50.309 E/appium  (13279): 	at io.netty.handler.codec.ByteToMessageDecoder.fireChannelRead(ByteToMessageDecoder.java:293)
05-17 15:46:50.309 E/appium  (13279): 	at io.netty.handler.codec.ByteToMessageDecoder.channelRead(ByteToMessageDecoder.java:267)
05-17 15:46:50.309 E/appium  (13279): 	at io.netty.channel.CombinedChannelDuplexHandler.channelRead(CombinedChannelDuplexHandler.java:250)
05-17 15:46:50.309 E/appium  (13279): 	at io.netty.channel.AbstractChannelHandlerContext.invokeChannelRead(AbstractChannelHandlerContext.java:366)
05-17 15:46:50.309 E/appium  (13279): 	at io.netty.channel.AbstractChannelHandlerContext.invokeChannelRead(AbstractChannelHandlerContext.java:352)
05-17 15:46:50.309 E/appium  (13279): 	at io.netty.channel.AbstractChannelHandlerContext.fireChannelRead(AbstractChannelHandlerContext.java:345)
05-17 15:46:50.309 E/appium  (13279): 	at io.netty.channel.DefaultChannelPipeline$HeadContext.channelRead(DefaultChannelPipeline.java:1294)
05-17 15:46:50.309 E/appium  (13279): 	at io.netty.channel.AbstractChannelHandlerContext.invokeChannelRead(AbstractChannelHandlerContext.java:366)
05-17 15:46:50.309 E/appium  (13279): 	at io.netty.channel.AbstractChannelHandlerContext.invokeChannelRead(AbstractChannelHandlerContext.java:352)
05-17 15:46:50.309 E/appium  (13279): 	at io.netty.channel.DefaultChannelPipeline.fireChannelRead(DefaultChannelPipeline.java:911)
05-17 15:46:50.309 E/appium  (13279): 	at io.netty.channel.nio.AbstractNioByteChannel$NioByteUnsafe.read(AbstractNioByteChannel.java:131)
05-17 15:46:50.309 E/appium  (13279): 	at io.netty.channel.nio.NioEventLoop.processSelectedKey(NioEventLoop.java:611)
05-17 15:46:50.309 E/appium  (13279): 	at io.netty.channel.nio.NioEventLoop.processSelectedKeysPlain(NioEventLoop.java:514)
05-17 15:46:50.309 E/appium  (13279): 	at io.netty.channel.nio.NioEventLoop.processSelectedKeys(NioEventLoop.java:468)
05-17 15:46:50.309 E/appium  (13279): 	at io.netty.channel.nio.NioEventLoop.run(NioEventLoop.java:438)
05-17 15:46:50.309 E/appium  (13279): 	at io.netty.util.concurrent.SingleThreadEventExecutor$2.run(SingleThreadEventExecutor.java:140)
05-17 15:46:50.309 E/appium  (13279): 	at io.netty.util.concurrent.DefaultThreadFactory$DefaultRunnableDecorator.run(DefaultThreadFactory.java:144)
05-17 15:46:50.309 E/appium  (13279): 	at java.lang.Thread.run(Thread.java:818)
05-17 15:46:50.836 E/appium  (13279): Element not found: 
05-17 15:46:50.836 E/appium  (13279): io.appium.uiautomator2.common.exceptions.ElementNotFoundException: Could not find an element using supplied strategy. 
05-17 15:46:50.836 E/appium  (13279): 	at io.appium.uiautomator2.handler.FindElement.getXPathUiObject(FindElement.java:80)
05-17 15:46:50.836 E/appium  (13279): 	at io.appium.uiautomator2.handler.FindElement.findElement(FindElement.java:153)
05-17 15:46:50.836 E/appium  (13279): 	at io.appium.uiautomator2.handler.FindElement.safeHandle(FindElement.java:102)
05-17 15:46:50.836 E/appium  (13279): 	at io.appium.uiautomator2.handler.request.SafeRequestHandler.handle(SafeRequestHandler.java:56)
05-17 15:46:50.836 E/appium  (13279): 	at io.appium.uiautomator2.server.AppiumServlet.handleRequest(AppiumServlet.java:202)
05-17 15:46:50.836 E/appium  (13279): 	at io.appium.uiautomator2.server.AppiumServlet.handleHttpRequest(AppiumServlet.java:193)
05-17 15:46:50.836 E/appium  (13279): 	at io.appium.uiautomator2.http.ServerHandler.channelRead(ServerHandler.java:44)
05-17 15:46:50.836 E/appium  (13279): 	at io.netty.channel.AbstractChannelHandlerContext.invokeChannelRead(AbstractChannelHandlerContext.java:366)
05-17 15:46:50.836 E/appium  (13279): 	at io.netty.channel.AbstractChannelHandlerContext.invokeChannelRead(AbstractChannelHandlerContext.java:352)
05-17 15:46:50.836 E/appium  (13279): 	at io.netty.channel.AbstractChannelHandlerContext.fireChannelRead(AbstractChannelHandlerContext.java:345)
05-17 15:46:50.836 E/appium  (13279): 	at io.netty.handler.codec.MessageToMessageDecoder.channelRead(MessageToMessageDecoder.java:102)
05-17 15:46:50.836 E/appium  (13279): 	at io.netty.channel.AbstractChannelHandlerContext.invokeChannelRead(AbstractChannelHandlerContext.java:366)
05-17 15:46:50.836 E/appium  (13279): 	at io.netty.channel.AbstractChannelHandlerContext.invokeChannelRead(AbstractChannelHandlerContext.java:352)
05-17 15:46:50.836 E/appium  (13279): 	at io.netty.channel.AbstractChannelHandlerContext.fireChannelRead(AbstractChannelHandlerContext.java:345)
05-17 15:46:50.836 E/appium  (13279): 	at io.netty.channel.CombinedChannelDuplexHandler$DelegatingChannelHandlerContext.fireChannelRead(CombinedChannelDuplexHandler.java:435)
05-17 15:46:50.836 E/appium  (13279): 	at io.netty.handler.codec.ByteToMessageDecoder.fireChannelRead(ByteToMessageDecoder.java:293)
05-17 15:46:50.836 E/appium  (13279): 	at io.netty.handler.codec.ByteToMessageDecoder.channelRead(ByteToMessageDecoder.java:267)
05-17 15:46:50.836 E/appium  (13279): 	at io.netty.channel.CombinedChannelDuplexHandler.channelRead(CombinedChannelDuplexHandler.java:250)
05-17 15:46:50.836 E/appium  (13279): 	at io.netty.channel.AbstractChannelHandlerContext.invokeChannelRead(AbstractChannelHandlerContext.java:366)
05-17 15:46:50.836 E/appium  (13279): 	at io.netty.channel.AbstractChannelHandlerContext.invokeChannelRead(AbstractChannelHandlerContext.java:352)
05-17 15:46:50.836 E/appium  (13279): 	at io.netty.channel.AbstractChannelHandlerContext.fireChannelRead(AbstractChannelHandlerContext.java:345)
05-17 15:46:50.836 E/appium  (13279): 	at io.netty.channel.DefaultChannelPipeline$HeadContext.channelRead(DefaultChannelPipeline.java:1294)
05-17 15:46:50.836 E/appium  (13279): 	at io.netty.channel.AbstractChannelHandlerContext.invokeChannelRead(AbstractChannelHandlerContext.java:366)
05-17 15:46:50.836 E/appium  (13279): 	at io.netty.channel.AbstractChannelHandlerContext.invokeChannelRead(AbstractChannelHandlerContext.java:352)
05-17 15:46:50.836 E/appium  (13279): 	at io.netty.channel.DefaultChannelPipeline.fireChannelRead(DefaultChannelPipeline.java:911)
05-17 15:46:50.836 E/appium  (13279): 	at io.netty.channel.nio.AbstractNioByteChannel$NioByteUnsafe.read(AbstractNioByteChannel.java:131)
05-17 15:46:50.836 E/appium  (13279): 	at io.netty.channel.nio.NioEventLoop.processSelectedKey(NioEventLoop.java:611)
05-17 15:46:50.836 E/appium  (13279): 	at io.netty.channel.nio.NioEventLoop.processSelectedKeysPlain(NioEventLoop.java:514)
05-17 15:46:50.836 E/appium  (13279): 	at io.netty.channel.nio.NioEventLoop.processSelectedKeys(NioEventLoop.java:468)
05-17 15:46:50.836 E/appium  (13279): 	at io.netty.channel.nio.NioEventLoop.run(NioEventLoop.java:438)
05-17 15:46:50.836 E/appium  (13279): 	at io.netty.util.concurrent.SingleThreadEventExecutor$2.run(SingleThreadEventExecutor.java:140)
05-17 15:46:50.836 E/appium  (13279): 	at io.netty.util.concurrent.DefaultThreadFactory$DefaultRunnableDecorator.run(DefaultThreadFactory.java:144)
05-17 15:46:50.836 E/appium  (13279): 	at java.lang.Thread.run(Thread.java:818)
05-17 15:46:51.261 E/WifiTrafficPoller(  851): TRAFFIC_STATS_POLL true Token 2406 num clients 19
05-17 15:46:51.263 E/WifiTrafficPoller(  851):  packet count Tx=1615418 Rx=5360948
05-17 15:46:51.263 E/WifiTrafficPoller(  851): notifying of data activity 3
05-17 15:46:51.389 E/appium  (13279): Element not found: 
05-17 15:46:51.389 E/appium  (13279): io.appium.uiautomator2.common.exceptions.ElementNotFoundException: Could not find an element using supplied strategy. 
05-17 15:46:51.389 E/appium  (13279): 	at io.appium.uiautomator2.handler.FindElement.getXPathUiObject(FindElement.java:80)
05-17 15:46:51.389 E/appium  (13279): 	at io.appium.uiautomator2.handler.FindElement.findElement(FindElement.java:153)
05-17 15:46:51.389 E/appium  (13279): 	at io.appium.uiautomator2.handler.FindElement.safeHandle(FindElement.java:102)
05-17 15:46:51.389 E/appium  (13279): 	at io.appium.uiautomator2.handler.request.SafeRequestHandler.handle(SafeRequestHandler.java:56)
05-17 15:46:51.389 E/appium  (13279): 	at io.appium.uiautomator2.server.AppiumServlet.handleRequest(AppiumServlet.java:202)
05-17 15:46:51.389 E/appium  (13279): 	at io.appium.uiautomator2.server.AppiumServlet.handleHttpRequest(AppiumServlet.java:193)
05-17 15:46:51.389 E/appium  (13279): 	at io.appium.uiautomator2.http.ServerHandler.channelRead(ServerHandler.java:44)
05-17 15:46:51.389 E/appium  (13279): 	at io.netty.channel.AbstractChannelHandlerContext.invokeChannelRead(AbstractChannelHandlerContext.java:366)
05-17 15:46:51.389 E/appium  (13279): 	at io.netty.channel.AbstractChannelHandlerContext.invokeChannelRead(AbstractChannelHandlerContext.java:352)
05-17 15:46:51.389 E/appium  (13279): 	at io.netty.channel.AbstractChannelHandlerContext.fireChannelRead(AbstractChannelHandlerContext.java:345)
05-17 15:46:51.389 E/appium  (13279): 	at io.netty.handler.codec.MessageToMessageDecoder.channelRead(MessageToMessageDecoder.java:102)
05-17 15:46:51.389 E/appium  (13279): 	at io.netty.channel.AbstractChannelHandlerContext.invokeChannelRead(AbstractChannelHandlerContext.java:366)
05-17 15:46:51.389 E/appium  (13279): 	at io.netty.channel.AbstractChannelHandlerContext.invokeChannelRead(AbstractChannelHandlerContext.java:352)
05-17 15:46:51.389 E/appium  (13279): 	at io.netty.channel.AbstractChannelHandlerContext.fireChannelRead(AbstractChannelHandlerContext.java:345)
05-17 15:46:51.389 E/appium  (13279): 	at io.netty.channel.CombinedChannelDuplexHandler$DelegatingChannelHandlerContext.fireChannelRead(CombinedChannelDuplexHandler.java:435)
05-17 15:46:51.389 E/appium  (13279): 	at io.netty.handler.codec.ByteToMessageDecoder.fireChannelRead(ByteToMessageDecoder.java:293)
05-17 15:46:51.389 E/appium  (13279): 	at io.netty.handler.codec.ByteToMessageDecoder.channelRead(ByteToMessageDecoder.java:267)
05-17 15:46:51.389 E/appium  (13279): 	at io.netty.channel.CombinedChannelDuplexHandler.channelRead(CombinedChannelDuplexHandler.java:250)
05-17 15:46:51.389 E/appium  (13279): 	at io.netty.channel.AbstractChannelHandlerContext.invokeChannelRead(AbstractChannelHandlerContext.java:366)
05-17 15:46:51.389 E/appium  (13279): 	at io.netty.channel.AbstractChannelHandlerContext.invokeChannelRead(AbstractChannelHandlerContext.java:352)
05-17 15:46:51.389 E/appium  (13279): 	at io.netty.channel.AbstractChannelHandlerContext.fireChannelRead(AbstractChannelHandlerContext.java:345)
05-17 15:46:51.389 E/appium  (13279): 	at io.netty.channel.DefaultChannelPipeline$HeadContext.channelRead(DefaultChannelPipeline.java:1294)
05-17 15:46:51.389 E/appium  (13279): 	at io.netty.channel.AbstractChannelHandlerContext.invokeChannelRead(AbstractChannelHandlerContext.java:366)
05-17 15:46:51.389 E/appium  (13279): 	at io.netty.channel.AbstractChannelHandlerContext.invokeChannelRead(AbstractChannelHandlerContext.java:352)
05-17 15:46:51.389 E/appium  (13279): 	at io.netty.channel.DefaultChannelPipeline.fireChannelRead(DefaultChannelPipeline.java:911)
05-17 15:46:51.389 E/appium  (13279): 	at io.netty.channel.nio.AbstractNioByteChannel$NioByteUnsafe.read(AbstractNioByteChannel.java:131)
05-17 15:46:51.389 E/appium  (13279): 	at io.netty.channel.nio.NioEventLoop.processSelectedKey(NioEventLoop.java:611)
05-17 15:46:51.389 E/appium  (13279): 	at io.netty.channel.nio.NioEventLoop.processSelectedKeysPlain(NioEventLoop.java:514)
05-17 15:46:51.389 E/appium  (13279): 	at io.netty.channel.nio.NioEventLoop.processSelectedKeys(NioEventLoop.java:468)
05-17 15:46:51.389 E/appium  (13279): 	at io.netty.channel.nio.NioEventLoop.run(NioEventLoop.java:438)
05-17 15:46:51.389 E/appium  (13279): 	at io.netty.util.concurrent.SingleThreadEventExecutor$2.run(SingleThreadEventExecutor.java:140)
05-17 15:46:51.389 E/appium  (13279): 	at io.netty.util.concurrent.DefaultThreadFactory$DefaultRunnableDecorator.run(DefaultThreadFactory.java:144)
05-17 15:46:51.389 E/appium  (13279): 	at java.lang.Thread.run(Thread.java:818)
05-17 15:46:51.563 E/WifiStateMachine(  851):  ConnectedState (when=-2ms what=131155 arg1=548!CMD_RSSI_POLL 548 0 "BOCO-office" 94:b4:0f:68:a4:b1 rssi=-47 f=5785 sc=80 link=150 tx=10.4, 0.0, 0.0  rx=92.4 bcn=0 [on:0 tx:0 rx:0 period:2998] from screen [on:0 period:545770635] gl rssi=-47 ag=0 hr ticks 0,0,24 ls-=0 [56,56,60,60,65] brc=0 lrc=0
05-17 15:46:51.566 E/WifiStateMachine(  851):  L2ConnectedState (when=-5ms what=131155 arg1=548!CMD_RSSI_POLL 548 0 "BOCO-office" 94:b4:0f:68:a4:b1 rssi=-47 f=5785 sc=80 link=150 tx=10.4, 0.0, 0.0  rx=92.4 bcn=0 [on:0 tx:0 rx:0 period:3] from screen [on:0 period:545770638] gl rssi=-47 ag=0 hr ticks 0,0,24 ls-=0 [56,56,60,60,65] brc=0 lrc=0
05-17 15:46:51.567 E/WifiStateMachine(  851):  get link layer stats 0
05-17 15:46:51.576 E/WifiStateMachine(  851): calculateWifiScore() we set wifi's score to 1000, so will always set wifi as a default network.
05-17 15:46:51.944 E/appium  (13279): Element not found: 
05-17 15:46:51.944 E/appium  (13279): io.appium.uiautomator2.common.exceptions.ElementNotFoundException: Could not find an element using supplied strategy. 
05-17 15:46:51.944 E/appium  (13279): 	at io.appium.uiautomator2.handler.FindElement.getXPathUiObject(FindElement.java:80)
05-17 15:46:51.944 E/appium  (13279): 	at io.appium.uiautomator2.handler.FindElement.findElement(FindElement.java:153)
05-17 15:46:51.944 E/appium  (13279): 	at io.appium.uiautomator2.handler.FindElement.safeHandle(FindElement.java:102)
05-17 15:46:51.944 E/appium  (13279): 	at io.appium.uiautomator2.handler.request.SafeRequestHandler.handle(SafeRequestHandler.java:56)
05-17 15:46:51.944 E/appium  (13279): 	at io.appium.uiautomator2.server.AppiumServlet.handleRequest(AppiumServlet.java:202)
05-17 15:46:51.944 E/appium  (13279): 	at io.appium.uiautomator2.server.AppiumServlet.handleHttpRequest(AppiumServlet.java:193)
05-17 15:46:51.944 E/appium  (13279): 	at io.appium.uiautomator2.http.ServerHandler.channelRead(ServerHandler.java:44)
05-17 15:46:51.944 E/appium  (13279): 	at io.netty.channel.AbstractChannelHandlerContext.invokeChannelRead(AbstractChannelHandlerContext.java:366)
05-17 15:46:51.944 E/appium  (13279): 	at io.netty.channel.AbstractChannelHandlerContext.invokeChannelRead(AbstractChannelHandlerContext.java:352)
05-17 15:46:51.944 E/appium  (13279): 	at io.netty.channel.AbstractChannelHandlerContext.fireChannelRead(AbstractChannelHandlerContext.java:345)
05-17 15:46:51.944 E/appium  (13279): 	at io.netty.handler.codec.MessageToMessageDecoder.channelRead(MessageToMessageDecoder.java:102)
05-17 15:46:51.944 E/appium  (13279): 	at io.netty.channel.AbstractChannelHandlerContext.invokeChannelRead(AbstractChannelHandlerContext.java:366)
05-17 15:46:51.944 E/appium  (13279): 	at io.netty.channel.AbstractChannelHandlerContext.invokeChannelRead(AbstractChannelHandlerContext.java:352)
05-17 15:46:51.944 E/appium  (13279): 	at io.netty.channel.AbstractChannelHandlerContext.fireChannelRead(AbstractChannelHandlerContext.java:345)
05-17 15:46:51.944 E/appium  (13279): 	at io.netty.channel.CombinedChannelDuplexHandler$DelegatingChannelHandlerContext.fireChannelRead(CombinedChannelDuplexHandler.java:435)
05-17 15:46:51.944 E/appium  (13279): 	at io.netty.handler.codec.ByteToMessageDecoder.fireChannelRead(ByteToMessageDecoder.java:293)
05-17 15:46:51.944 E/appium  (13279): 	at io.netty.handler.codec.ByteToMessageDecoder.channelRead(ByteToMessageDecoder.java:267)
05-17 15:46:51.944 E/appium  (13279): 	at io.netty.channel.CombinedChannelDuplexHandler.channelRead(CombinedChannelDuplexHandler.java:250)
05-17 15:46:51.944 E/appium  (13279): 	at io.netty.channel.AbstractChannelHandlerContext.invokeChannelRead(AbstractChannelHandlerContext.java:366)
05-17 15:46:51.944 E/appium  (13279): 	at io.netty.channel.AbstractChannelHandlerContext.invokeChannelRead(AbstractChannelHandlerContext.java:352)
05-17 15:46:51.944 E/appium  (13279): 	at io.netty.channel.AbstractChannelHandlerContext.fireChannelRead(AbstractChannelHandlerContext.java:345)
05-17 15:46:51.944 E/appium  (13279): 	at io.netty.channel.DefaultChannelPipeline$HeadContext.channelRead(DefaultChannelPipeline.java:1294)
05-17 15:46:51.944 E/appium  (13279): 	at io.netty.channel.AbstractChannelHandlerContext.invokeChannelRead(AbstractChannelHandlerContext.java:366)
05-17 15:46:51.944 E/appium  (13279): 	at io.netty.channel.AbstractChannelHandlerContext.invokeChannelRead(AbstractChannelHandlerContext.java:352)
05-17 15:46:51.944 E/appium  (13279): 	at io.netty.channel.DefaultChannelPipeline.fireChannelRead(DefaultChannelPipeline.java:911)
05-17 15:46:51.944 E/appium  (13279): 	at io.netty.channel.nio.AbstractNioByteChannel$NioByteUnsafe.read(AbstractNioByteChannel.java:131)
05-17 15:46:51.944 E/appium  (13279): 	at io.netty.channel.nio.NioEventLoop.processSelectedKey(NioEventLoop.java:611)
05-17 15:46:51.944 E/appium  (13279): 	at io.netty.channel.nio.NioEventLoop.processSelectedKeysPlain(NioEventLoop.java:514)
05-17 15:46:51.944 E/appium  (13279): 	at io.netty.channel.nio.NioEventLoop.processSelectedKeys(NioEventLoop.java:468)
05-17 15:46:51.944 E/appium  (13279): 	at io.netty.channel.nio.NioEventLoop.run(NioEventLoop.java:438)
05-17 15:46:51.944 E/appium  (13279): 	at io.netty.util.concurrent.SingleThreadEventExecutor$2.run(SingleThreadEventExecutor.java:140)
05-17 15:46:51.944 E/appium  (13279): 	at io.netty.util.concurrent.DefaultThreadFactory$DefaultRunnableDecorator.run(DefaultThreadFactory.java:144)
05-17 15:46:51.944 E/appium  (13279): 	at java.lang.Thread.run(Thread.java:818)
05-17 15:46:52.273 E/WifiTrafficPoller(  851): TRAFFIC_STATS_POLL true Token 2406 num clients 19
05-17 15:46:52.274 E/WifiTrafficPoller(  851):  packet count Tx=1615418 Rx=5360965
05-17 15:46:52.274 E/WifiTrafficPoller(  851): notifying of data activity 1
05-17 15:46:52.481 E/appium  (13279): Element not found: 
05-17 15:46:52.481 E/appium  (13279): io.appium.uiautomator2.common.exceptions.ElementNotFoundException: Could not find an element using supplied strategy. 
05-17 15:46:52.481 E/appium  (13279): 	at io.appium.uiautomator2.handler.FindElement.getXPathUiObject(FindElement.java:80)
05-17 15:46:52.481 E/appium  (13279): 	at io.appium.uiautomator2.handler.FindElement.findElement(FindElement.java:153)
05-17 15:46:52.481 E/appium  (13279): 	at io.appium.uiautomator2.handler.FindElement.safeHandle(FindElement.java:102)
05-17 15:46:52.481 E/appium  (13279): 	at io.appium.uiautomator2.handler.request.SafeRequestHandler.handle(SafeRequestHandler.java:56)
05-17 15:46:52.481 E/appium  (13279): 	at io.appium.uiautomator2.server.AppiumServlet.handleRequest(AppiumServlet.java:202)
05-17 15:46:52.481 E/appium  (13279): 	at io.appium.uiautomator2.server.AppiumServlet.handleHttpRequest(AppiumServlet.java:193)
05-17 15:46:52.481 E/appium  (13279): 	at io.appium.uiautomator2.http.ServerHandler.channelRead(ServerHandler.java:44)
05-17 15:46:52.481 E/appium  (13279): 	at io.netty.channel.AbstractChannelHandlerContext.invokeChannelRead(AbstractChannelHandlerContext.java:366)
05-17 15:46:52.481 E/appium  (13279): 	at io.netty.channel.AbstractChannelHandlerContext.invokeChannelRead(AbstractChannelHandlerContext.java:352)
05-17 15:46:52.481 E/appium  (13279): 	at io.netty.channel.AbstractChannelHandlerContext.fireChannelRead(AbstractChannelHandlerContext.java:345)
05-17 15:46:52.481 E/appium  (13279): 	at io.netty.handler.codec.MessageToMessageDecoder.channelRead(MessageToMessageDecoder.java:102)
05-17 15:46:52.481 E/appium  (13279): 	at io.netty.channel.AbstractChannelHandlerContext.invokeChannelRead(AbstractChannelHandlerContext.java:366)
05-17 15:46:52.481 E/appium  (13279): 	at io.netty.channel.AbstractChannelHandlerContext.invokeChannelRead(AbstractChannelHandlerContext.java:352)
05-17 15:46:52.481 E/appium  (13279): 	at io.netty.channel.AbstractChannelHandlerContext.fireChannelRead(AbstractChannelHandlerContext.java:345)
05-17 15:46:52.481 E/appium  (13279): 	at io.netty.channel.CombinedChannelDuplexHandler$DelegatingChannelHandlerContext.fireChannelRead(CombinedChannelDuplexHandler.java:435)
05-17 15:46:52.481 E/appium  (13279): 	at io.netty.handler.codec.ByteToMessageDecoder.fireChannelRead(ByteToMessageDecoder.java:293)
05-17 15:46:52.481 E/appium  (13279): 	at io.netty.handler.codec.ByteToMessageDecoder.channelRead(ByteToMessageDecoder.java:267)
05-17 15:46:52.481 E/appium  (13279): 	at io.netty.channel.CombinedChannelDuplexHandler.channelRead(CombinedChannelDuplexHandler.java:250)
05-17 15:46:52.481 E/appium  (13279): 	at io.netty.channel.AbstractChannelHandlerContext.invokeChannelRead(AbstractChannelHandlerContext.java:366)
05-17 15:46:52.481 E/appium  (13279): 	at io.netty.channel.AbstractChannelHandlerContext.invokeChannelRead(AbstractChannelHandlerContext.java:352)
05-17 15:46:52.481 E/appium  (13279): 	at io.netty.channel.AbstractChannelHandlerContext.fireChannelRead(AbstractChannelHandlerContext.java:345)
05-17 15:46:52.481 E/appium  (13279): 	at io.netty.channel.DefaultChannelPipeline$HeadContext.channelRead(DefaultChannelPipeline.java:1294)
05-17 15:46:52.481 E/appium  (13279): 	at io.netty.channel.AbstractChannelHandlerContext.invokeChannelRead(AbstractChannelHandlerContext.java:366)
05-17 15:46:52.481 E/appium  (13279): 	at io.netty.channel.AbstractChannelHandlerContext.invokeChannelRead(AbstractChannelHandlerContext.java:352)
05-17 15:46:52.481 E/appium  (13279): 	at io.netty.channel.DefaultChannelPipeline.fireChannelRead(DefaultChannelPipeline.java:911)
05-17 15:46:52.481 E/appium  (13279): 	at io.netty.channel.nio.AbstractNioByteChannel$NioByteUnsafe.read(AbstractNioByteChannel.java:131)
05-17 15:46:52.481 E/appium  (13279): 	at io.netty.channel.nio.NioEventLoop.processSelectedKey(NioEventLoop.java:611)
05-17 15:46:52.481 E/appium  (13279): 	at io.netty.channel.nio.NioEventLoop.processSelectedKeysPlain(NioEventLoop.java:514)
05-17 15:46:52.481 E/appium  (13279): 	at io.netty.channel.nio.NioEventLoop.processSelectedKeys(NioEventLoop.java:468)
05-17 15:46:52.481 E/appium  (13279): 	at io.netty.channel.nio.NioEventLoop.run(NioEventLoop.java:438)
05-17 15:46:52.481 E/appium  (13279): 	at io.netty.util.concurrent.SingleThreadEventExecutor$2.run(SingleThreadEventExecutor.java:140)
05-17 15:46:52.481 E/appium  (13279): 	at io.netty.util.concurrent.DefaultThreadFactory$DefaultRunnableDecorator.run(DefaultThreadFactory.java:144)
05-17 15:46:52.481 E/appium  (13279): 	at java.lang.Thread.run(Thread.java:818)
05-17 15:46:53.291 E/WifiTrafficPoller(  851): TRAFFIC_STATS_POLL true Token 2406 num clients 19
05-17 15:46:53.293 E/WifiTrafficPoller(  851):  packet count Tx=1615418 Rx=5360983
05-17 15:46:53.309 E/appium  (13279): Element not found: 
05-17 15:46:53.309 E/appium  (13279): io.appium.uiautomator2.common.exceptions.ElementNotFoundException: Could not find an element using supplied strategy. 
05-17 15:46:53.309 E/appium  (13279): 	at io.appium.uiautomator2.handler.FindElement.getXPathUiObject(FindElement.java:80)
05-17 15:46:53.309 E/appium  (13279): 	at io.appium.uiautomator2.handler.FindElement.findElement(FindElement.java:153)
