05-18 10:20:13.690 E/appium  (28402): 	at io.netty.channel.AbstractChannelHandlerContext.invokeChannelRead(AbstractChannelHandlerContext.java:352)
05-18 10:20:13.690 E/appium  (28402): 	at io.netty.channel.DefaultChannelPipeline.fireChannelRead(DefaultChannelPipeline.java:911)
05-18 10:20:13.690 E/appium  (28402): 	at io.netty.channel.nio.AbstractNioByteChannel$NioByteUnsafe.read(AbstractNioByteChannel.java:131)
05-18 10:20:13.690 E/appium  (28402): 	at io.netty.channel.nio.NioEventLoop.processSelectedKey(NioEventLoop.java:611)
05-18 10:20:13.690 E/appium  (28402): 	at io.netty.channel.nio.NioEventLoop.processSelectedKeysPlain(NioEventLoop.java:514)
05-18 10:20:13.690 E/appium  (28402): 	at io.netty.channel.nio.NioEventLoop.processSelectedKeys(NioEventLoop.java:468)
05-18 10:20:13.690 E/appium  (28402): 	at io.netty.channel.nio.NioEventLoop.run(NioEventLoop.java:438)
05-18 10:20:13.690 E/appium  (28402): 	at io.netty.util.concurrent.SingleThreadEventExecutor$2.run(SingleThreadEventExecutor.java:140)
05-18 10:20:13.690 E/appium  (28402): 	at io.netty.util.concurrent.DefaultThreadFactory$DefaultRunnableDecorator.run(DefaultThreadFactory.java:144)
05-18 10:20:13.690 E/appium  (28402): 	at java.lang.Thread.run(Thread.java:818)
05-18 10:20:14.409 E/appium  (28402): Element not found: 
05-18 10:20:14.409 E/appium  (28402): io.appium.uiautomator2.common.exceptions.ElementNotFoundException: Could not find an element using supplied strategy. 
05-18 10:20:14.409 E/appium  (28402): 	at io.appium.uiautomator2.handler.FindElement.getXPathUiObject(FindElement.java:80)
05-18 10:20:14.409 E/appium  (28402): 	at io.appium.uiautomator2.handler.FindElement.findElement(FindElement.java:153)
05-18 10:20:14.409 E/appium  (28402): 	at io.appium.uiautomator2.handler.FindElement.safeHandle(FindElement.java:102)
05-18 10:20:14.409 E/appium  (28402): 	at io.appium.uiautomator2.handler.request.SafeRequestHandler.handle(SafeRequestHandler.java:56)
05-18 10:20:14.409 E/appium  (28402): 	at io.appium.uiautomator2.server.AppiumServlet.handleRequest(AppiumServlet.java:202)
05-18 10:20:14.409 E/appium  (28402): 	at io.appium.uiautomator2.server.AppiumServlet.handleHttpRequest(AppiumServlet.java:193)
05-18 10:20:14.409 E/appium  (28402): 	at io.appium.uiautomator2.http.ServerHandler.channelRead(ServerHandler.java:44)
05-18 10:20:14.409 E/appium  (28402): 	at io.netty.channel.AbstractChannelHandlerContext.invokeChannelRead(AbstractChannelHandlerContext.java:366)
05-18 10:20:14.409 E/appium  (28402): 	at io.netty.channel.AbstractChannelHandlerContext.invokeChannelRead(AbstractChannelHandlerContext.java:352)
05-18 10:20:14.409 E/appium  (28402): 	at io.netty.channel.AbstractChannelHandlerContext.fireChannelRead(AbstractChannelHandlerContext.java:345)
05-18 10:20:14.409 E/appium  (28402): 	at io.netty.handler.codec.MessageToMessageDecoder.channelRead(MessageToMessageDecoder.java:102)
05-18 10:20:14.409 E/appium  (28402): 	at io.netty.channel.AbstractChannelHandlerContext.invokeChannelRead(AbstractChannelHandlerContext.java:366)
05-18 10:20:14.409 E/appium  (28402): 	at io.netty.channel.AbstractChannelHandlerContext.invokeChannelRead(AbstractChannelHandlerContext.java:352)
05-18 10:20:14.409 E/appium  (28402): 	at io.netty.channel.AbstractChannelHandlerContext.fireChannelRead(AbstractChannelHandlerContext.java:345)
05-18 10:20:14.409 E/appium  (28402): 	at io.netty.channel.CombinedChannelDuplexHandler$DelegatingChannelHandlerContext.fireChannelRead(CombinedChannelDuplexHandler.java:435)
05-18 10:20:14.409 E/appium  (28402): 	at io.netty.handler.codec.ByteToMessageDecoder.fireChannelRead(ByteToMessageDecoder.java:293)
05-18 10:20:14.409 E/appium  (28402): 	at io.netty.handler.codec.ByteToMessageDecoder.channelRead(ByteToMessageDecoder.java:267)
05-18 10:20:14.409 E/appium  (28402): 	at io.netty.channel.CombinedChannelDuplexHandler.channelRead(CombinedChannelDuplexHandler.java:250)
05-18 10:20:14.409 E/appium  (28402): 	at io.netty.channel.AbstractChannelHandlerContext.invokeChannelRead(AbstractChannelHandlerContext.java:366)
05-18 10:20:14.409 E/appium  (28402): 	at io.netty.channel.AbstractChannelHandlerContext.invokeChannelRead(AbstractChannelHandlerContext.java:352)
05-18 10:20:14.409 E/appium  (28402): 	at io.netty.channel.AbstractChannelHandlerContext.fireChannelRead(AbstractChannelHandlerContext.java:345)
05-18 10:20:14.409 E/appium  (28402): 	at io.netty.channel.DefaultChannelPipeline$HeadContext.channelRead(DefaultChannelPipeline.java:1294)
05-18 10:20:14.409 E/appium  (28402): 	at io.netty.channel.AbstractChannelHandlerContext.invokeChannelRead(AbstractChannelHandlerContext.java:366)
05-18 10:20:14.409 E/appium  (28402): 	at io.netty.channel.AbstractChannelHandlerContext.invokeChannelRead(AbstractChannelHandlerContext.java:352)
05-18 10:20:14.409 E/appium  (28402): 	at io.netty.channel.DefaultChannelPipeline.fireChannelRead(DefaultChannelPipeline.java:911)
05-18 10:20:14.409 E/appium  (28402): 	at io.netty.channel.nio.AbstractNioByteChannel$NioByteUnsafe.read(AbstractNioByteChannel.java:131)
05-18 10:20:14.409 E/appium  (28402): 	at io.netty.channel.nio.NioEventLoop.processSelectedKey(NioEventLoop.java:611)
05-18 10:20:14.409 E/appium  (28402): 	at io.netty.channel.nio.NioEventLoop.processSelectedKeysPlain(NioEventLoop.java:514)
05-18 10:20:14.409 E/appium  (28402): 	at io.netty.channel.nio.NioEventLoop.processSelectedKeys(NioEventLoop.java:468)
05-18 10:20:14.409 E/appium  (28402): 	at io.netty.channel.nio.NioEventLoop.run(NioEventLoop.java:438)
05-18 10:20:14.409 E/appium  (28402): 	at io.netty.util.concurrent.SingleThreadEventExecutor$2.run(SingleThreadEventExecutor.java:140)
05-18 10:20:14.409 E/appium  (28402): 	at io.netty.util.concurrent.DefaultThreadFactory$DefaultRunnableDecorator.run(DefaultThreadFactory.java:144)
05-18 10:20:14.409 E/appium  (28402): 	at java.lang.Thread.run(Thread.java:818)
05-18 10:20:14.465 E/WifiTrafficPoller(  851): TRAFFIC_STATS_POLL true Token 2644 num clients 16
05-18 10:20:14.466 E/WifiTrafficPoller(  851):  packet count Tx=1833262 Rx=5926086
05-18 10:20:14.466 E/WifiTrafficPoller(  851): notifying of data activity 1
05-18 10:20:14.939 E/appium  (28402): Element not found: 
05-18 10:20:14.939 E/appium  (28402): io.appium.uiautomator2.common.exceptions.ElementNotFoundException: Could not find an element using supplied strategy. 
05-18 10:20:14.939 E/appium  (28402): 	at io.appium.uiautomator2.handler.FindElement.getXPathUiObject(FindElement.java:80)
05-18 10:20:14.939 E/appium  (28402): 	at io.appium.uiautomator2.handler.FindElement.findElement(FindElement.java:153)
05-18 10:20:14.939 E/appium  (28402): 	at io.appium.uiautomator2.handler.FindElement.safeHandle(FindElement.java:102)
05-18 10:20:14.939 E/appium  (28402): 	at io.appium.uiautomator2.handler.request.SafeRequestHandler.handle(SafeRequestHandler.java:56)
05-18 10:20:14.939 E/appium  (28402): 	at io.appium.uiautomator2.server.AppiumServlet.handleRequest(AppiumServlet.java:202)
05-18 10:20:14.939 E/appium  (28402): 	at io.appium.uiautomator2.server.AppiumServlet.handleHttpRequest(AppiumServlet.java:193)
05-18 10:20:14.939 E/appium  (28402): 	at io.appium.uiautomator2.http.ServerHandler.channelRead(ServerHandler.java:44)
05-18 10:20:14.939 E/appium  (28402): 	at io.netty.channel.AbstractChannelHandlerContext.invokeChannelRead(AbstractChannelHandlerContext.java:366)
05-18 10:20:14.939 E/appium  (28402): 	at io.netty.channel.AbstractChannelHandlerContext.invokeChannelRead(AbstractChannelHandlerContext.java:352)
05-18 10:20:14.939 E/appium  (28402): 	at io.netty.channel.AbstractChannelHandlerContext.fireChannelRead(AbstractChannelHandlerContext.java:345)
05-18 10:20:14.939 E/appium  (28402): 	at io.netty.handler.codec.MessageToMessageDecoder.channelRead(MessageToMessageDecoder.java:102)
05-18 10:20:14.939 E/appium  (28402): 	at io.netty.channel.AbstractChannelHandlerContext.invokeChannelRead(AbstractChannelHandlerContext.java:366)
05-18 10:20:14.939 E/appium  (28402): 	at io.netty.channel.AbstractChannelHandlerContext.invokeChannelRead(AbstractChannelHandlerContext.java:352)
05-18 10:20:14.939 E/appium  (28402): 	at io.netty.channel.AbstractChannelHandlerContext.fireChannelRead(AbstractChannelHandlerContext.java:345)
05-18 10:20:14.939 E/appium  (28402): 	at io.netty.channel.CombinedChannelDuplexHandler$DelegatingChannelHandlerContext.fireChannelRead(CombinedChannelDuplexHandler.java:435)
05-18 10:20:14.939 E/appium  (28402): 	at io.netty.handler.codec.ByteToMessageDecoder.fireChannelRead(ByteToMessageDecoder.java:293)
05-18 10:20:14.939 E/appium  (28402): 	at io.netty.handler.codec.ByteToMessageDecoder.channelRead(ByteToMessageDecoder.java:267)
05-18 10:20:14.939 E/appium  (28402): 	at io.netty.channel.CombinedChannelDuplexHandler.channelRead(CombinedChannelDuplexHandler.java:250)
05-18 10:20:14.939 E/appium  (28402): 	at io.netty.channel.AbstractChannelHandlerContext.invokeChannelRead(AbstractChannelHandlerContext.java:366)
05-18 10:20:14.939 E/appium  (28402): 	at io.netty.channel.AbstractChannelHandlerContext.invokeChannelRead(AbstractChannelHandlerContext.java:352)
05-18 10:20:14.939 E/appium  (28402): 	at io.netty.channel.AbstractChannelHandlerContext.fireChannelRead(AbstractChannelHandlerContext.java:345)
05-18 10:20:14.939 E/appium  (28402): 	at io.netty.channel.DefaultChannelPipeline$HeadContext.channelRead(DefaultChannelPipeline.java:1294)
05-18 10:20:14.939 E/appium  (28402): 	at io.netty.channel.AbstractChannelHandlerContext.invokeChannelRead(AbstractChannelHandlerContext.java:366)
05-18 10:20:14.939 E/appium  (28402): 	at io.netty.channel.AbstractChannelHandlerContext.invokeChannelRead(AbstractChannelHandlerContext.java:352)
05-18 10:20:14.939 E/appium  (28402): 	at io.netty.channel.DefaultChannelPipeline.fireChannelRead(DefaultChannelPipeline.java:911)
05-18 10:20:14.939 E/appium  (28402): 	at io.netty.channel.nio.AbstractNioByteChannel$NioByteUnsafe.read(AbstractNioByteChannel.java:131)
05-18 10:20:14.939 E/appium  (28402): 	at io.netty.channel.nio.NioEventLoop.processSelectedKey(NioEventLoop.java:611)
05-18 10:20:14.939 E/appium  (28402): 	at io.netty.channel.nio.NioEventLoop.processSelectedKeysPlain(NioEventLoop.java:514)
05-18 10:20:14.939 E/appium  (28402): 	at io.netty.channel.nio.NioEventLoop.processSelectedKeys(NioEventLoop.java:468)
05-18 10:20:14.939 E/appium  (28402): 	at io.netty.channel.nio.NioEventLoop.run(NioEventLoop.java:438)
05-18 10:20:14.939 E/appium  (28402): 	at io.netty.util.concurrent.SingleThreadEventExecutor$2.run(SingleThreadEventExecutor.java:140)
05-18 10:20:14.939 E/appium  (28402): 	at io.netty.util.concurrent.DefaultThreadFactory$DefaultRunnableDecorator.run(DefaultThreadFactory.java:144)
05-18 10:20:14.939 E/appium  (28402): 	at java.lang.Thread.run(Thread.java:818)
05-18 10:20:15.466 E/WifiTrafficPoller(  851): TRAFFIC_STATS_POLL true Token 2644 num clients 16
05-18 10:20:15.467 E/WifiTrafficPoller(  851):  packet count Tx=1833262 Rx=5926104
05-18 10:20:15.471 E/appium  (28402): Element not found: 
05-18 10:20:15.471 E/appium  (28402): io.appium.uiautomator2.common.exceptions.ElementNotFoundException: Could not find an element using supplied strategy. 
05-18 10:20:15.471 E/appium  (28402): 	at io.appium.uiautomator2.handler.FindElement.getXPathUiObject(FindElement.java:80)
05-18 10:20:15.471 E/appium  (28402): 	at io.appium.uiautomator2.handler.FindElement.findElement(FindElement.java:153)
05-18 10:20:15.471 E/appium  (28402): 	at io.appium.uiautomator2.handler.FindElement.safeHandle(FindElement.java:102)
05-18 10:20:15.471 E/appium  (28402): 	at io.appium.uiautomator2.handler.request.SafeRequestHandler.handle(SafeRequestHandler.java:56)
05-18 10:20:15.471 E/appium  (28402): 	at io.appium.uiautomator2.server.AppiumServlet.handleRequest(AppiumServlet.java:202)
05-18 10:20:15.471 E/appium  (28402): 	at io.appium.uiautomator2.server.AppiumServlet.handleHttpRequest(AppiumServlet.java:193)
05-18 10:20:15.471 E/appium  (28402): 	at io.appium.uiautomator2.http.ServerHandler.channelRead(ServerHandler.java:44)
05-18 10:20:15.471 E/appium  (28402): 	at io.netty.channel.AbstractChannelHandlerContext.invokeChannelRead(AbstractChannelHandlerContext.java:366)
05-18 10:20:15.471 E/appium  (28402): 	at io.netty.channel.AbstractChannelHandlerContext.invokeChannelRead(AbstractChannelHandlerContext.java:352)
05-18 10:20:15.471 E/appium  (28402): 	at io.netty.channel.AbstractChannelHandlerContext.fireChannelRead(AbstractChannelHandlerContext.java:345)
05-18 10:20:15.471 E/appium  (28402): 	at io.netty.handler.codec.MessageToMessageDecoder.channelRead(MessageToMessageDecoder.java:102)
05-18 10:20:15.471 E/appium  (28402): 	at io.netty.channel.AbstractChannelHandlerContext.invokeChannelRead(AbstractChannelHandlerContext.java:366)
05-18 10:20:15.471 E/appium  (28402): 	at io.netty.channel.AbstractChannelHandlerContext.invokeChannelRead(AbstractChannelHandlerContext.java:352)
05-18 10:20:15.471 E/appium  (28402): 	at io.netty.channel.AbstractChannelHandlerContext.fireChannelRead(AbstractChannelHandlerContext.java:345)
05-18 10:20:15.471 E/appium  (28402): 	at io.netty.channel.CombinedChannelDuplexHandler$DelegatingChannelHandlerContext.fireChannelRead(CombinedChannelDuplexHandler.java:435)
05-18 10:20:15.471 E/appium  (28402): 	at io.netty.handler.codec.ByteToMessageDecoder.fireChannelRead(ByteToMessageDecoder.java:293)
05-18 10:20:15.471 E/appium  (28402): 	at io.netty.handler.codec.ByteToMessageDecoder.channelRead(ByteToMessageDecoder.java:267)
05-18 10:20:15.471 E/appium  (28402): 	at io.netty.channel.CombinedChannelDuplexHandler.channelRead(CombinedChannelDuplexHandler.java:250)
05-18 10:20:15.471 E/appium  (28402): 	at io.netty.channel.AbstractChannelHandlerContext.invokeChannelRead(AbstractChannelHandlerContext.java:366)
05-18 10:20:15.471 E/appium  (28402): 	at io.netty.channel.AbstractChannelHandlerContext.invokeChannelRead(AbstractChannelHandlerContext.java:352)
05-18 10:20:15.471 E/appium  (28402): 	at io.netty.channel.AbstractChannelHandlerContext.fireChannelRead(AbstractChannelHandlerContext.java:345)
05-18 10:20:15.471 E/appium  (28402): 	at io.netty.channel.DefaultChannelPipeline$HeadContext.channelRead(DefaultChannelPipeline.java:1294)
05-18 10:20:15.471 E/appium  (28402): 	at io.netty.channel.AbstractChannelHandlerContext.invokeChannelRead(AbstractChannelHandlerContext.java:366)
05-18 10:20:15.471 E/appium  (28402): 	at io.netty.channel.AbstractChannelHandlerContext.invokeChannelRead(AbstractChannelHandlerContext.java:352)
05-18 10:20:15.471 E/appium  (28402): 	at io.netty.channel.DefaultChannelPipeline.fireChannelRead(DefaultChannelPipeline.java:911)
05-18 10:20:15.471 E/appium  (28402): 	at io.netty.channel.nio.AbstractNioByteChannel$NioByteUnsafe.read(AbstractNioByteChannel.java:131)
05-18 10:20:15.471 E/appium  (28402): 	at io.netty.channel.nio.NioEventLoop.processSelectedKey(NioEventLoop.java:611)
05-18 10:20:15.471 E/appium  (28402): 	at io.netty.channel.nio.NioEventLoop.processSelectedKeysPlain(NioEventLoop.java:514)
05-18 10:20:15.471 E/appium  (28402): 	at io.netty.channel.nio.NioEventLoop.processSelectedKeys(NioEventLoop.java:468)
05-18 10:20:15.471 E/appium  (28402): 	at io.netty.channel.nio.NioEventLoop.run(NioEventLoop.java:438)
05-18 10:20:15.471 E/appium  (28402): 	at io.netty.util.concurrent.SingleThreadEventExecutor$2.run(SingleThreadEventExecutor.java:140)
05-18 10:20:15.471 E/appium  (28402): 	at io.netty.util.concurrent.DefaultThreadFactory$DefaultRunnableDecorator.run(DefaultThreadFactory.java:144)
05-18 10:20:15.471 E/appium  (28402): 	at java.lang.Thread.run(Thread.java:818)
05-18 10:20:15.971 E/WifiStateMachine(  851):  ConnectedState (when=-3ms what=131155 arg1=591!CMD_RSSI_POLL 591 0 "BOCO-office" 94:b4:0f:68:a4:b1 rssi=-50 f=5785 sc=80 link=150 tx=131.3, 0.0, 0.0  rx=210.5 bcn=0 [on:0 tx:0 rx:0 period:3002] from screen [on:0 period:612575043] gl rssi=-50 ag=0 hr ticks 314,77,49 ls-=0 [56,56,60,60,65] brc=0 lrc=0
05-18 10:20:15.973 E/WifiStateMachine(  851):  L2ConnectedState (when=-4ms what=131155 arg1=591!CMD_RSSI_POLL 591 0 "BOCO-office" 94:b4:0f:68:a4:b1 rssi=-50 f=5785 sc=80 link=150 tx=131.3, 0.0, 0.0  rx=210.5 bcn=0 [on:0 tx:0 rx:0 period:2] from screen [on:0 period:612575045] gl rssi=-50 ag=0 hr ticks 314,77,49 ls-=0 [56,56,60,60,65] brc=0 lrc=0
05-18 10:20:15.973 E/WifiStateMachine(  851):  get link layer stats 0
05-18 10:20:15.991 E/WifiStateMachine(  851): calculateWifiScore() we set wifi's score to 1000, so will always set wifi as a default network.
05-18 10:20:16.009 E/appium  (28402): Element not found: 
05-18 10:20:16.009 E/appium  (28402): io.appium.uiautomator2.common.exceptions.ElementNotFoundException: Could not find an element using supplied strategy. 
05-18 10:20:16.009 E/appium  (28402): 	at io.appium.uiautomator2.handler.FindElement.getXPathUiObject(FindElement.java:80)
05-18 10:20:16.009 E/appium  (28402): 	at io.appium.uiautomator2.handler.FindElement.findElement(FindElement.java:153)
05-18 10:20:16.009 E/appium  (28402): 	at io.appium.uiautomator2.handler.FindElement.safeHandle(FindElement.java:102)
05-18 10:20:16.009 E/appium  (28402): 	at io.appium.uiautomator2.handler.request.SafeRequestHandler.handle(SafeRequestHandler.java:56)
05-18 10:20:16.009 E/appium  (28402): 	at io.appium.uiautomator2.server.AppiumServlet.handleRequest(AppiumServlet.java:202)
05-18 10:20:16.009 E/appium  (28402): 	at io.appium.uiautomator2.server.AppiumServlet.handleHttpRequest(AppiumServlet.java:193)
05-18 10:20:16.009 E/appium  (28402): 	at io.appium.uiautomator2.http.ServerHandler.channelRead(ServerHandler.java:44)
05-18 10:20:16.009 E/appium  (28402): 	at io.netty.channel.AbstractChannelHandlerContext.invokeChannelRead(AbstractChannelHandlerContext.java:366)
05-18 10:20:16.009 E/appium  (28402): 	at io.netty.channel.AbstractChannelHandlerContext.invokeChannelRead(AbstractChannelHandlerContext.java:352)
05-18 10:20:16.009 E/appium  (28402): 	at io.netty.channel.AbstractChannelHandlerContext.fireChannelRead(AbstractChannelHandlerContext.java:345)
05-18 10:20:16.009 E/appium  (28402): 	at io.netty.handler.codec.MessageToMessageDecoder.channelRead(MessageToMessageDecoder.java:102)
05-18 10:20:16.009 E/appium  (28402): 	at io.netty.channel.AbstractChannelHandlerContext.invokeChannelRead(AbstractChannelHandlerContext.java:366)
05-18 10:20:16.009 E/appium  (28402): 	at io.netty.channel.AbstractChannelHandlerContext.invokeChannelRead(AbstractChannelHandlerContext.java:352)
05-18 10:20:16.009 E/appium  (28402): 	at io.netty.channel.AbstractChannelHandlerContext.fireChannelRead(AbstractChannelHandlerContext.java:345)
05-18 10:20:16.009 E/appium  (28402): 	at io.netty.channel.CombinedChannelDuplexHandler$DelegatingChannelHandlerContext.fireChannelRead(CombinedChannelDuplexHandler.java:435)
05-18 10:20:16.009 E/appium  (28402): 	at io.netty.handler.codec.ByteToMessageDecoder.fireChannelRead(ByteToMessageDecoder.java:293)
05-18 10:20:16.009 E/appium  (28402): 	at io.netty.handler.codec.ByteToMessageDecoder.channelRead(ByteToMessageDecoder.java:267)
05-18 10:20:16.009 E/appium  (28402): 	at io.netty.channel.CombinedChannelDuplexHandler.channelRead(CombinedChannelDuplexHandler.java:250)
05-18 10:20:16.009 E/appium  (28402): 	at io.netty.channel.AbstractChannelHandlerContext.invokeChannelRead(AbstractChannelHandlerContext.java:366)
05-18 10:20:16.009 E/appium  (28402): 	at io.netty.channel.AbstractChannelHandlerContext.invokeChannelRead(AbstractChannelHandlerContext.java:352)
05-18 10:20:16.009 E/appium  (28402): 	at io.netty.channel.AbstractChannelHandlerContext.fireChannelRead(AbstractChannelHandlerContext.java:345)
05-18 10:20:16.009 E/appium  (28402): 	at io.netty.channel.DefaultChannelPipeline$HeadContext.channelRead(DefaultChannelPipeline.java:1294)
05-18 10:20:16.009 E/appium  (28402): 	at io.netty.channel.AbstractChannelHandlerContext.invokeChannelRead(AbstractChannelHandlerContext.java:366)
05-18 10:20:16.009 E/appium  (28402): 	at io.netty.channel.AbstractChannelHandlerContext.invokeChannelRead(AbstractChannelHandlerContext.java:352)
05-18 10:20:16.009 E/appium  (28402): 	at io.netty.channel.DefaultChannelPipeline.fireChannelRead(DefaultChannelPipeline.java:911)
05-18 10:20:16.009 E/appium  (28402): 	at io.netty.channel.nio.AbstractNioByteChannel$NioByteUnsafe.read(AbstractNioByteChannel.java:131)
05-18 10:20:16.009 E/appium  (28402): 	at io.netty.channel.nio.NioEventLoop.processSelectedKey(NioEventLoop.java:611)
05-18 10:20:16.009 E/appium  (28402): 	at io.netty.channel.nio.NioEventLoop.processSelectedKeysPlain(NioEventLoop.java:514)
05-18 10:20:16.009 E/appium  (28402): 	at io.netty.channel.nio.NioEventLoop.processSelectedKeys(NioEventLoop.java:468)
05-18 10:20:16.009 E/appium  (28402): 	at io.netty.channel.nio.NioEventLoop.run(NioEventLoop.java:438)
05-18 10:20:16.009 E/appium  (28402): 	at io.netty.util.concurrent.SingleThreadEventExecutor$2.run(SingleThreadEventExecutor.java:140)
05-18 10:20:16.009 E/appium  (28402): 	at io.netty.util.concurrent.DefaultThreadFactory$DefaultRunnableDecorator.run(DefaultThreadFactory.java:144)
05-18 10:20:16.009 E/appium  (28402): 	at java.lang.Thread.run(Thread.java:818)
05-18 10:20:16.468 E/WifiTrafficPoller(  851): TRAFFIC_STATS_POLL true Token 2644 num clients 16
05-18 10:20:16.469 E/WifiTrafficPoller(  851):  packet count Tx=1833262 Rx=5926122
05-18 10:20:16.548 E/appium  (28402): Element not found: 
05-18 10:20:16.548 E/appium  (28402): io.appium.uiautomator2.common.exceptions.ElementNotFoundException: Could not find an element using supplied strategy. 
05-18 10:20:16.548 E/appium  (28402): 	at io.appium.uiautomator2.handler.FindElement.getXPathUiObject(FindElement.java:80)
05-18 10:20:16.548 E/appium  (28402): 	at io.appium.uiautomator2.handler.FindElement.findElement(FindElement.java:153)
05-18 10:20:16.548 E/appium  (28402): 	at io.appium.uiautomator2.handler.FindElement.safeHandle(FindElement.java:102)
05-18 10:20:16.548 E/appium  (28402): 	at io.appium.uiautomator2.handler.request.SafeRequestHandler.handle(SafeRequestHandler.java:56)
05-18 10:20:16.548 E/appium  (28402): 	at io.appium.uiautomator2.server.AppiumServlet.handleRequest(AppiumServlet.java:202)
05-18 10:20:16.548 E/appium  (28402): 	at io.appium.uiautomator2.server.AppiumServlet.handleHttpRequest(AppiumServlet.java:193)
05-18 10:20:16.548 E/appium  (28402): 	at io.appium.uiautomator2.http.ServerHandler.channelRead(ServerHandler.java:44)
05-18 10:20:16.548 E/appium  (28402): 	at io.netty.channel.AbstractChannelHandlerContext.invokeChannelRead(AbstractChannelHandlerContext.java:366)
05-18 10:20:16.548 E/appium  (28402): 	at io.netty.channel.AbstractChannelHandlerContext.invokeChannelRead(AbstractChannelHandlerContext.java:352)
05-18 10:20:16.548 E/appium  (28402): 	at io.netty.channel.AbstractChannelHandlerContext.fireChannelRead(AbstractChannelHandlerContext.java:345)
05-18 10:20:16.548 E/appium  (28402): 	at io.netty.handler.codec.MessageToMessageDecoder.channelRead(MessageToMessageDecoder.java:102)
05-18 10:20:16.548 E/appium  (28402): 	at io.netty.channel.AbstractChannelHandlerContext.invokeChannelRead(AbstractChannelHandlerContext.java:366)
05-18 10:20:16.548 E/appium  (28402): 	at io.netty.channel.AbstractChannelHandlerContext.invokeChannelRead(AbstractChannelHandlerContext.java:352)
05-18 10:20:16.548 E/appium  (28402): 	at io.netty.channel.AbstractChannelHandlerContext.fireChannelRead(AbstractChannelHandlerContext.java:345)
05-18 10:20:16.548 E/appium  (28402): 	at io.netty.channel.CombinedChannelDuplexHandler$DelegatingChannelHandlerContext.fireChannelRead(CombinedChannelDuplexHandler.java:435)
05-18 10:20:16.548 E/appium  (28402): 	at io.netty.handler.codec.ByteToMessageDecoder.fireChannelRead(ByteToMessageDecoder.java:293)
05-18 10:20:16.548 E/appium  (28402): 	at io.netty.handler.codec.ByteToMessageDecoder.channelRead(ByteToMessageDecoder.java:267)
05-18 10:20:16.548 E/appium  (28402): 	at io.netty.channel.CombinedChannelDuplexHandler.channelRead(CombinedChannelDuplexHandler.java:250)
05-18 10:20:16.548 E/appium  (28402): 	at io.netty.channel.AbstractChannelHandlerContext.invokeChannelRead(AbstractChannelHandlerContext.java:366)
05-18 10:20:16.548 E/appium  (28402): 	at io.netty.channel.AbstractChannelHandlerContext.invokeChannelRead(AbstractChannelHandlerContext.java:352)
05-18 10:20:16.548 E/appium  (28402): 	at io.netty.channel.AbstractChannelHandlerContext.fireChannelRead(AbstractChannelHandlerContext.java:345)
05-18 10:20:16.548 E/appium  (28402): 	at io.netty.channel.DefaultChannelPipeline$HeadContext.channelRead(DefaultChannelPipeline.java:1294)
05-18 10:20:16.548 E/appium  (28402): 	at io.netty.channel.AbstractChannelHandlerContext.invokeChannelRead(AbstractChannelHandlerContext.java:366)
05-18 10:20:16.548 E/appium  (28402): 	at io.netty.channel.AbstractChannelHandlerContext.invokeChannelRead(AbstractChannelHandlerContext.java:352)
05-18 10:20:16.548 E/appium  (28402): 	at io.netty.channel.DefaultChannelPipeline.fireChannelRead(DefaultChannelPipeline.java:911)
05-18 10:20:16.548 E/appium  (28402): 	at io.netty.channel.nio.AbstractNioByteChannel$NioByteUnsafe.read(AbstractNioByteChannel.java:131)
05-18 10:20:16.548 E/appium  (28402): 	at io.netty.channel.nio.NioEventLoop.processSelectedKey(NioEventLoop.java:611)
05-18 10:20:16.548 E/appium  (28402): 	at io.netty.channel.nio.NioEventLoop.processSelectedKeysPlain(NioEventLoop.java:514)
05-18 10:20:16.548 E/appium  (28402): 	at io.netty.channel.nio.NioEventLoop.processSelectedKeys(NioEventLoop.java:468)
05-18 10:20:16.548 E/appium  (28402): 	at io.netty.channel.nio.NioEventLoop.run(NioEventLoop.java:438)
05-18 10:20:16.548 E/appium  (28402): 	at io.netty.util.concurrent.SingleThreadEventExecutor$2.run(SingleThreadEventExecutor.java:140)
05-18 10:20:16.548 E/appium  (28402): 	at io.netty.util.concurrent.DefaultThreadFactory$DefaultRunnableDecorator.run(DefaultThreadFactory.java:144)
05-18 10:20:16.548 E/appium  (28402): 	at java.lang.Thread.run(Thread.java:818)
05-18 10:20:16.941 E/memtrack(28659): Couldn't load memtrack module (No such file or directory)
05-18 10:20:16.942 E/android.os.Debug(28659): failed to load memtrack module: -2
05-18 10:20:17.423 E/appium  (28402): Element not found: 
05-18 10:20:17.423 E/appium  (28402): io.appium.uiautomator2.common.exceptions.ElementNotFoundException: Could not find an element using supplied strategy. 
05-18 10:20:17.423 E/appium  (28402): 	at io.appium.uiautomator2.handler.FindElement.getXPathUiObject(FindElement.java:80)
05-18 10:20:17.423 E/appium  (28402): 	at io.appium.uiautomator2.handler.FindElement.findElement(FindElement.java:153)
05-18 10:20:17.423 E/appium  (28402): 	at io.appium.uiautomator2.handler.FindElement.safeHandle(FindElement.java:102)
05-18 10:20:17.423 E/appium  (28402): 	at io.appium.uiautomator2.handler.request.SafeRequestHandler.handle(SafeRequestHandler.java:56)
05-18 10:20:17.423 E/appium  (28402): 	at io.appium.uiautomator2.server.AppiumServlet.handleRequest(AppiumServlet.java:202)
05-18 10:20:17.423 E/appium  (28402): 	at io.appium.uiautomator2.server.AppiumServlet.handleHttpRequest(AppiumServlet.java:193)
05-18 10:20:17.423 E/appium  (28402): 	at io.appium.uiautomator2.http.ServerHandler.channelRead(ServerHandler.java:44)
05-18 10:20:17.423 E/appium  (28402): 	at io.netty.channel.AbstractChannelHandlerContext.invokeChannelRead(AbstractChannelHandlerContext.java:366)
05-18 10:20:17.423 E/appium  (28402): 	at io.netty.channel.AbstractChannelHandlerContext.invokeChannelRead(AbstractChannelHandlerContext.java:352)
05-18 10:20:17.423 E/appium  (28402): 	at io.netty.channel.AbstractChannelHandlerContext.fireChannelRead(AbstractChannelHandlerContext.java:345)
05-18 10:20:17.423 E/appium  (28402): 	at io.netty.handler.codec.MessageToMessageDecoder.channelRead(MessageToMessageDecoder.java:102)
05-18 10:20:17.423 E/appium  (28402): 	at io.netty.channel.AbstractChannelHandlerContext.invokeChannelRead(AbstractChannelHandlerContext.java:366)
05-18 10:20:17.423 E/appium  (28402): 	at io.netty.channel.AbstractChannelHandlerContext.invokeChannelRead(AbstractChannelHandlerContext.java:352)
05-18 10:20:17.423 E/appium  (28402): 	at io.netty.channel.AbstractChannelHandlerContext.fireChannelRead(AbstractChannelHandlerContext.java:345)
05-18 10:20:17.423 E/appium  (28402): 	at io.netty.channel.CombinedChannelDuplexHandler$DelegatingChannelHandlerContext.fireChannelRead(CombinedChannelDuplexHandler.java:435)
05-18 10:20:17.423 E/appium  (28402): 	at io.netty.handler.codec.ByteToMessageDecoder.fireChannelRead(ByteToMessageDecoder.java:293)
05-18 10:20:17.423 E/appium  (28402): 	at io.netty.handler.codec.ByteToMessageDecoder.channelRead(ByteToMessageDecoder.java:267)
05-18 10:20:17.423 E/appium  (28402): 	at io.netty.channel.CombinedChannelDuplexHandler.channelRead(CombinedChannelDuplexHandler.java:250)
05-18 10:20:17.423 E/appium  (28402): 	at io.netty.channel.AbstractChannelHandlerContext.invokeChannelRead(AbstractChannelHandlerContext.java:366)
05-18 10:20:17.423 E/appium  (28402): 	at io.netty.channel.AbstractChannelHandlerContext.invokeChannelRead(AbstractChannelHandlerContext.java:352)
05-18 10:20:17.423 E/appium  (28402): 	at io.netty.channel.AbstractChannelHandlerContext.fireChannelRead(AbstractChannelHandlerContext.java:345)
05-18 10:20:17.423 E/appium  (28402): 	at io.netty.channel.DefaultChannelPipeline$HeadContext.channelRead(DefaultChannelPipeline.java:1294)
05-18 10:20:17.423 E/appium  (28402): 	at io.netty.channel.AbstractChannelHandlerContext.invokeChannelRead(AbstractChannelHandlerContext.java:366)
05-18 10:20:17.423 E/appium  (28402): 	at io.netty.channel.AbstractChannelHandlerContext.invokeChannelRead(AbstractChannelHandlerContext.java:352)
05-18 10:20:17.423 E/appium  (28402): 	at io.netty.channel.DefaultChannelPipeline.fireChannelRead(DefaultChannelPipeline.java:911)
05-18 10:20:17.423 E/appium  (28402): 	at io.netty.channel.nio.AbstractNioByteChannel$NioByteUnsafe.read(AbstractNioByteChannel.java:131)
05-18 10:20:17.423 E/appium  (28402): 	at io.netty.channel.nio.NioEventLoop.processSelectedKey(NioEventLoop.java:611)
05-18 10:20:17.423 E/appium  (28402): 	at io.netty.channel.nio.NioEventLoop.processSelectedKeysPlain(NioEventLoop.java:514)
05-18 10:20:17.423 E/appium  (28402): 	at io.netty.channel.nio.NioEventLoop.processSelectedKeys(NioEventLoop.java:468)
05-18 10:20:17.423 E/appium  (28402): 	at io.netty.channel.nio.NioEventLoop.run(NioEventLoop.java:438)
05-18 10:20:17.423 E/appium  (28402): 	at io.netty.util.concurrent.SingleThreadEventExecutor$2.run(SingleThreadEventExecutor.java:140)
05-18 10:20:17.423 E/appium  (28402): 	at io.netty.util.concurrent.DefaultThreadFactory$DefaultRunnableDecorator.run(DefaultThreadFactory.java:144)
05-18 10:20:17.423 E/appium  (28402): 	at java.lang.Thread.run(Thread.java:818)
05-18 10:20:17.432 E/MPlugin (28675): Unsupported class: com.mediatek.common.telephony.IOnlyOwnerSimSupport
05-18 10:20:17.472 E/WifiTrafficPoller(  851): TRAFFIC_STATS_POLL true Token 2644 num clients 16
05-18 10:20:17.473 E/WifiTrafficPoller(  851):  packet count Tx=1833262 Rx=5926133
05-18 10:20:17.572 E/WifiTrafficPoller(  851): ADD_CLIENT: 17
05-18 10:20:17.966 E/appium  (28402): Element not found: 
05-18 10:20:17.966 E/appium  (28402): io.appium.uiautomator2.common.exceptions.ElementNotFoundException: Could not find an element using supplied strategy. 
05-18 10:20:17.966 E/appium  (28402): 	at io.appium.uiautomator2.handler.FindElement.getXPathUiObject(FindElement.java:80)
05-18 10:20:17.966 E/appium  (28402): 	at io.appium.uiautomator2.handler.FindElement.findElement(FindElement.java:153)
05-18 10:20:17.966 E/appium  (28402): 	at io.appium.uiautomator2.handler.FindElement.safeHandle(FindElement.java:102)
05-18 10:20:17.966 E/appium  (28402): 	at io.appium.uiautomator2.handler.request.SafeRequestHandler.handle(SafeRequestHandler.java:56)
05-18 10:20:17.966 E/appium  (28402): 	at io.appium.uiautomator2.server.AppiumServlet.handleRequest(AppiumServlet.java:202)
05-18 10:20:17.966 E/appium  (28402): 	at io.appium.uiautomator2.server.AppiumServlet.handleHttpRequest(AppiumServlet.java:193)
05-18 10:20:17.966 E/appium  (28402): 	at io.appium.uiautomator2.http.ServerHandler.channelRead(ServerHandler.java:44)
05-18 10:20:17.966 E/appium  (28402): 	at io.netty.channel.AbstractChannelHandlerContext.invokeChannelRead(AbstractChannelHandlerContext.java:366)
05-18 10:20:17.966 E/appium  (28402): 	at io.netty.channel.AbstractChannelHandlerContext.invokeChannelRead(AbstractChannelHandlerContext.java:352)
05-18 10:20:17.966 E/appium  (28402): 	at io.netty.channel.AbstractChannelHandlerContext.fireChannelRead(AbstractChannelHandlerContext.java:345)
05-18 10:20:17.966 E/appium  (28402): 	at io.netty.handler.codec.MessageToMessageDecoder.channelRead(MessageToMessageDecoder.java:102)
05-18 10:20:17.966 E/appium  (28402): 	at io.netty.channel.AbstractChannelHandlerContext.invokeChannelRead(AbstractChannelHandlerContext.java:366)
05-18 10:20:17.966 E/appium  (28402): 	at io.netty.channel.AbstractChannelHandlerContext.invokeChannelRead(AbstractChannelHandlerContext.java:352)
05-18 10:20:17.966 E/appium  (28402): 	at io.netty.channel.AbstractChannelHandlerContext.fireChannelRead(AbstractChannelHandlerContext.java:345)
05-18 10:20:17.966 E/appium  (28402): 	at io.netty.channel.CombinedChannelDuplexHandler$DelegatingChannelHandlerContext.fireChannelRead(CombinedChannelDuplexHandler.java:435)
05-18 10:20:17.966 E/appium  (28402): 	at io.netty.handler.codec.ByteToMessageDecoder.fireChannelRead(ByteToMessageDecoder.java:293)
05-18 10:20:17.966 E/appium  (28402): 	at io.netty.handler.codec.ByteToMessageDecoder.channelRead(ByteToMessageDecoder.java:267)
05-18 10:20:17.966 E/appium  (28402): 	at io.netty.channel.CombinedChannelDuplexHandler.channelRead(CombinedChannelDuplexHandler.java:250)
05-18 10:20:17.966 E/appium  (28402): 	at io.netty.channel.AbstractChannelHandlerContext.invokeChannelRead(AbstractChannelHandlerContext.java:366)
05-18 10:20:17.966 E/appium  (28402): 	at io.netty.channel.AbstractChannelHandlerContext.invokeChannelRead(AbstractChannelHandlerContext.java:352)
05-18 10:20:17.966 E/appium  (28402): 	at io.netty.channel.AbstractChannelHandlerContext.fireChannelRead(AbstractChannelHandlerContext.java:345)
05-18 10:20:17.966 E/appium  (28402): 	at io.netty.channel.DefaultChannelPipeline$HeadContext.channelRead(DefaultChannelPipeline.java:1294)
05-18 10:20:17.966 E/appium  (28402): 	at io.netty.channel.AbstractChannelHandlerContext.invokeChannelRead(AbstractChannelHandlerContext.java:366)
05-18 10:20:17.966 E/appium  (28402): 	at io.netty.channel.AbstractChannelHandlerContext.invokeChannelRead(AbstractChannelHandlerContext.java:352)
05-18 10:20:17.966 E/appium  (28402): 	at io.netty.channel.DefaultChannelPipeline.fireChannelRead(DefaultChannelPipeline.java:911)
05-18 10:20:17.966 E/appium  (28402): 	at io.netty.channel.nio.AbstractNioByteChannel$NioByteUnsafe.read(AbstractNioByteChannel.java:131)
05-18 10:20:17.966 E/appium  (28402): 	at io.netty.channel.nio.NioEventLoop.processSelectedKey(NioEventLoop.java:611)
05-18 10:20:17.966 E/appium  (28402): 	at io.netty.channel.nio.NioEventLoop.processSelectedKeysPlain(NioEventLoop.java:514)
05-18 10:20:17.966 E/appium  (28402): 	at io.netty.channel.nio.NioEventLoop.processSelectedKeys(NioEventLoop.java:468)
05-18 10:20:17.966 E/appium  (28402): 	at io.netty.channel.nio.NioEventLoop.run(NioEventLoop.java:438)
05-18 10:20:17.966 E/appium  (28402): 	at io.netty.util.concurrent.SingleThreadEventExecutor$2.run(SingleThreadEventExecutor.java:140)
05-18 10:20:17.966 E/appium  (28402): 	at io.netty.util.concurrent.DefaultThreadFactory$DefaultRunnableDecorator.run(DefaultThreadFactory.java:144)
05-18 10:20:17.966 E/appium  (28402): 	at java.lang.Thread.run(Thread.java:818)
05-18 10:20:18.060 E/MPlugin (28713): Unsupported class: com.mediatek.common.telephony.IOnlyOwnerSimSupport
05-18 10:20:18.119 E/WifiStateMachine(  851):  ConnectedState (when=-1ms what=131143 arg1=10066 arg2=3060) !CMD_START_SCAN 10066 3060 ic=0 proc(ms):1 dur:1715 cnt=1459 rssi=-50 f=5785 sc=80 link=150 tx=66.1, 0.0, 0.0  rx=130.2 fiv=20000 [on:0 tx:0 rx:0 period:2125] from screen [on:0 period:612577190]
05-18 10:20:18.119 E/WifiStateMachine(  851):  L2ConnectedState (when=-2ms what=131143 arg1=10066 arg2=3060) !CMD_START_SCAN 10066 3060 ic=0 proc(ms):2 dur:1715 cnt=1459 rssi=-50 f=5785 sc=80 link=150 tx=66.1, 0.0, 0.0  rx=130.2 fiv=20000 [on:0 tx:0 rx:0 period:1] from screen [on:0 period:612577191]
05-18 10:20:18.120 E/WifiStateMachine(  851): WifiStateMachine CMD_START_SCAN source 10066 txSuccessRate=66.15 rxSuccessRate=130.23 targetRoamBSSID=any RSSI=-50
05-18 10:20:18.120 E/WifiStateMachine(  851): stopReconnectWifi Wfd=false StopScan=false mDontReconnectAndScan=false
05-18 10:20:18.121 E/WifiStateMachine(  851): [1,495,074,018,120 ms] noteScanstart no scan source uid 10066
05-18 10:20:18.122 E/WifiMonitor(  851): handleEvent unknown: 15  CTRL-EVENT-SCAN-STARTED 
05-18 10:20:18.122 E/CellLocation( 1670): create GsmCellLocation
05-18 10:20:18.151 E/WifiStateMachine(  851):  ConnectedState (when=0 what=131143 arg1=10066 arg2=3061) !CMD_START_SCAN 10066 3061 ic=0 proc(ms):0 onGoing full started:1495074018120,30 cnt=1459 rssi=-50 f=5785 sc=80 link=150 tx=39.6, 0.0, 0.0  rx=84.1 fiv=20000 [on:0 tx:0 rx:0 period:29] from screen [on:0 period:612577223]
05-18 10:20:18.152 E/WifiStateMachine(  851):  L2ConnectedState (when=-1ms what=131143 arg1=10066 arg2=3061) !CMD_START_SCAN 10066 3061 ic=0 proc(ms):1 onGoing full started:1495074018120,31 cnt=1459 rssi=-50 f=5785 sc=80 link=150 tx=39.6, 0.0, 0.0  rx=84.1 fiv=20000 [on:0 tx:0 rx:0 period:1] from screen [on:0 period:612577224]
05-18 10:20:18.152 E/WifiStateMachine(  851): WifiStateMachine CMD_START_SCAN source 10066 txSuccessRate=39.57 rxSuccessRate=84.11 targetRoamBSSID=any RSSI=-50
05-18 10:20:18.377 E/MPlugin (28767): Unsupported class: com.mediatek.common.telephony.IOnlyOwnerSimSupport
05-18 10:20:18.382 E/WifiTrafficPoller(  851): ADD_CLIENT: 18
05-18 10:20:18.472 E/WifiTrafficPoller(  851): TRAFFIC_STATS_POLL true Token 2644 num clients 18
05-18 10:20:18.473 E/WifiTrafficPoller(  851):  packet count Tx=1833277 Rx=5926152
05-18 10:20:18.473 E/WifiTrafficPoller(  851): notifying of data activity 3
05-18 10:20:18.502 E/appium  (28402): Element not found: 
05-18 10:20:18.502 E/appium  (28402): io.appium.uiautomator2.common.exceptions.ElementNotFoundException: Could not find an element using supplied strategy. 
05-18 10:20:18.502 E/appium  (28402): 	at io.appium.uiautomator2.handler.FindElement.getXPathUiObject(FindElement.java:80)
05-18 10:20:18.502 E/appium  (28402): 	at io.appium.uiautomator2.handler.FindElement.findElement(FindElement.java:153)
05-18 10:20:18.502 E/appium  (28402): 	at io.appium.uiautomator2.handler.FindElement.safeHandle(FindElement.java:102)
05-18 10:20:18.502 E/appium  (28402): 	at io.appium.uiautomator2.handler.request.SafeRequestHandler.handle(SafeRequestHandler.java:56)
05-18 10:20:18.502 E/appium  (28402): 	at io.appium.uiautomator2.server.AppiumServlet.handleRequest(AppiumServlet.java:202)
05-18 10:20:18.502 E/appium  (28402): 	at io.appium.uiautomator2.server.AppiumServlet.handleHttpRequest(AppiumServlet.java:193)
05-18 10:20:18.502 E/appium  (28402): 	at io.appium.uiautomator2.http.ServerHandler.channelRead(ServerHandler.java:44)
05-18 10:20:18.502 E/appium  (28402): 	at io.netty.channel.AbstractChannelHandlerContext.invokeChannelRead(AbstractChannelHandlerContext.java:366)
05-18 10:20:18.502 E/appium  (28402): 	at io.netty.channel.AbstractChannelHandlerContext.invokeChannelRead(AbstractChannelHandlerContext.java:352)
05-18 10:20:18.502 E/appium  (28402): 	at io.netty.channel.AbstractChannelHandlerContext.fireChannelRead(AbstractChannelHandlerContext.java:345)
05-18 10:20:18.502 E/appium  (28402): 	at io.netty.handler.codec.MessageToMessageDecoder.channelRead(MessageToMessageDecoder.java:102)
05-18 10:20:18.502 E/appium  (28402): 	at io.netty.channel.AbstractChannelHandlerContext.invokeChannelRead(AbstractChannelHandlerContext.java:366)
05-18 10:20:18.502 E/appium  (28402): 	at io.netty.channel.AbstractChannelHandlerContext.invokeChannelRead(AbstractChannelHandlerContext.java:352)
05-18 10:20:18.502 E/appium  (28402): 	at io.netty.channel.AbstractChannelHandlerContext.fireChannelRead(AbstractChannelHandlerContext.java:345)
05-18 10:20:18.502 E/appium  (28402): 	at io.netty.channel.CombinedChannelDuplexHandler$DelegatingChannelHandlerContext.fireChannelRead(CombinedChannelDuplexHandler.java:435)
05-18 10:20:18.502 E/appium  (28402): 	at io.netty.handler.codec.ByteToMessageDecoder.fireChannelRead(ByteToMessageDecoder.java:293)
05-18 10:20:18.502 E/appium  (28402): 	at io.netty.handler.codec.ByteToMessageDecoder.channelRead(ByteToMessageDecoder.java:267)
05-18 10:20:18.502 E/appium  (28402): 	at io.netty.channel.CombinedChannelDuplexHandler.channelRead(CombinedChannelDuplexHandler.java:250)
05-18 10:20:18.502 E/appium  (28402): 	at io.netty.channel.AbstractChannelHandlerContext.invokeChannelRead(AbstractChannelHandlerContext.java:366)
05-18 10:20:18.502 E/appium  (28402): 	at io.netty.channel.AbstractChannelHandlerContext.invokeChannelRead(AbstractChannelHandlerContext.java:352)
05-18 10:20:18.502 E/appium  (28402): 	at io.netty.channel.AbstractChannelHandlerContext.fireChannelRead(AbstractChannelHandlerContext.java:345)
05-18 10:20:18.502 E/appium  (28402): 	at io.netty.channel.DefaultChannelPipeline$HeadContext.channelRead(DefaultChannelPipeline.java:1294)
05-18 10:20:18.502 E/appium  (28402): 	at io.netty.channel.AbstractChannelHandlerContext.invokeChannelRead(AbstractChannelHandlerContext.java:366)
05-18 10:20:18.502 E/appium  (28402): 	at io.netty.channel.AbstractChannelHandlerContext.invokeChannelRead(AbstractChannelHandlerContext.java:352)
05-18 10:20:18.502 E/appium  (28402): 	at io.netty.channel.DefaultChannelPipeline.fireChannelRead(DefaultChannelPipeline.java:911)
05-18 10:20:18.502 E/appium  (28402): 	at io.netty.channel.nio.AbstractNioByteChannel$NioByteUnsafe.read(AbstractNioByteChannel.java:131)
05-18 10:20:18.502 E/appium  (28402): 	at io.netty.channel.nio.NioEventLoop.processSelectedKey(NioEventLoop.java:611)
05-18 10:20:18.502 E/appium  (28402): 	at io.netty.channel.nio.NioEventLoop.processSelectedKeysPlain(NioEventLoop.java:514)
05-18 10:20:18.502 E/appium  (28402): 	at io.netty.channel.nio.NioEventLoop.processSelectedKeys(NioEventLoop.java:468)
05-18 10:20:18.502 E/appium  (28402): 	at io.netty.channel.nio.NioEventLoop.run(NioEventLoop.java:438)
05-18 10:20:18.502 E/appium  (28402): 	at io.netty.util.concurrent.SingleThreadEventExecutor$2.run(SingleThreadEventExecutor.java:140)
05-18 10:20:18.502 E/appium  (28402): 	at io.netty.util.concurrent.DefaultThreadFactory$DefaultRunnableDecorator.run(DefaultThreadFactory.java:144)
05-18 10:20:18.502 E/appium  (28402): 	at java.lang.Thread.run(Thread.java:818)
05-18 10:20:18.904 E/memtrack(28872): Couldn't load memtrack module (No such file or directory)
05-18 10:20:18.904 E/android.os.Debug(28872): failed to load memtrack module: -2
05-18 10:20:18.993 E/WifiStateMachine(  851):  ConnectedState (when=-1ms what=131155 arg1=591!CMD_RSSI_POLL 591 0 "BOCO-office" 94:b4:0f:68:a4:b1 rssi=-50 f=5785 sc=80 link=150 tx=39.6, 0.0, 0.0  rx=84.1 bcn=0 [on:0 tx:0 rx:0 period:841] from screen [on:0 period:612578065] gl rssi=-50 ag=0 hr ticks 314,77,49 ls-=0 [56,56,60,60,65] brc=0 lrc=0
05-18 10:20:18.994 E/WifiStateMachine(  851):  L2ConnectedState (when=-2ms what=131155 arg1=591!CMD_RSSI_POLL 591 0 "BOCO-office" 94:b4:0f:68:a4:b1 rssi=-50 f=5785 sc=80 link=150 tx=39.6, 0.0, 0.0  rx=84.1 bcn=0 [on:0 tx:0 rx:0 period:1] from screen [on:0 period:612578066] gl rssi=-50 ag=0 hr ticks 314,77,49 ls-=0 [56,56,60,60,65] brc=0 lrc=0
05-18 10:20:18.994 E/WifiStateMachine(  851):  get link layer stats 0
05-18 10:20:18.998 E/WifiStateMachine(  851): calculateWifiScore() we set wifi's score to 1000, so will always set wifi as a default network.
05-18 10:20:19.040 E/appium  (28402): Element not found: 
05-18 10:20:19.040 E/appium  (28402): io.appium.uiautomator2.common.exceptions.ElementNotFoundException: Could not find an element using supplied strategy. 
05-18 10:20:19.040 E/appium  (28402): 	at io.appium.uiautomator2.handler.FindElement.getXPathUiObject(FindElement.java:80)
05-18 10:20:19.040 E/appium  (28402): 	at io.appium.uiautomator2.handler.FindElement.findElement(FindElement.java:153)
05-18 10:20:19.040 E/appium  (28402): 	at io.appium.uiautomator2.handler.FindElement.safeHandle(FindElement.java:102)
05-18 10:20:19.040 E/appium  (28402): 	at io.appium.uiautomator2.handler.request.SafeRequestHandler.handle(SafeRequestHandler.java:56)
05-18 10:20:19.040 E/appium  (28402): 	at io.appium.uiautomator2.server.AppiumServlet.handleRequest(AppiumServlet.java:202)
05-18 10:20:19.040 E/appium  (28402): 	at io.appium.uiautomator2.server.AppiumServlet.handleHttpRequest(AppiumServlet.java:193)
05-18 10:20:19.040 E/appium  (28402): 	at io.appium.uiautomator2.http.ServerHandler.channelRead(ServerHandler.java:44)
05-18 10:20:19.040 E/appium  (28402): 	at io.netty.channel.AbstractChannelHandlerContext.invokeChannelRead(AbstractChannelHandlerContext.java:366)
05-18 10:20:19.040 E/appium  (28402): 	at io.netty.channel.AbstractChannelHandlerContext.invokeChannelRead(AbstractChannelHandlerContext.java:352)
05-18 10:20:19.040 E/appium  (28402): 	at io.netty.channel.AbstractChannelHandlerContext.fireChannelRead(AbstractChannelHandlerContext.java:345)
05-18 10:20:19.040 E/appium  (28402): 	at io.netty.handler.codec.MessageToMessageDecoder.channelRead(MessageToMessageDecoder.java:102)
05-18 10:20:19.040 E/appium  (28402): 	at io.netty.channel.AbstractChannelHandlerContext.invokeChannelRead(AbstractChannelHandlerContext.java:366)
05-18 10:20:19.040 E/appium  (28402): 	at io.netty.channel.AbstractChannelHandlerContext.invokeChannelRead(AbstractChannelHandlerContext.java:352)
05-18 10:20:19.040 E/appium  (28402): 	at io.netty.channel.AbstractChannelHandlerContext.fireChannelRead(AbstractChannelHandlerContext.java:345)
05-18 10:20:19.040 E/appium  (28402): 	at io.netty.channel.CombinedChannelDuplexHandler$DelegatingChannelHandlerContext.fireChannelRead(CombinedChannelDuplexHandler.java:435)
05-18 10:20:19.040 E/appium  (28402): 	at io.netty.handler.codec.ByteToMessageDecoder.fireChannelRead(ByteToMessageDecoder.java:293)
05-18 10:20:19.040 E/appium  (28402): 	at io.netty.handler.codec.ByteToMessageDecoder.channelRead(ByteToMessageDecoder.java:267)
05-18 10:20:19.040 E/appium  (28402): 	at io.netty.channel.CombinedChannelDuplexHandler.channelRead(CombinedChannelDuplexHandler.java:250)
05-18 10:20:19.040 E/appium  (28402): 	at io.netty.channel.AbstractChannelHandlerContext.invokeChannelRead(AbstractChannelHandlerContext.java:366)
05-18 10:20:19.040 E/appium  (28402): 	at io.netty.channel.AbstractChannelHandlerContext.invokeChannelRead(AbstractChannelHandlerContext.java:352)
05-18 10:20:19.040 E/appium  (28402): 	at io.netty.channel.AbstractChannelHandlerContext.fireChannelRead(AbstractChannelHandlerContext.java:345)
05-18 10:20:19.040 E/appium  (28402): 	at io.netty.channel.DefaultChannelPipeline$HeadContext.channelRead(DefaultChannelPipeline.java:1294)
05-18 10:20:19.040 E/appium  (28402): 	at io.netty.channel.AbstractChannelHandlerContext.invokeChannelRead(AbstractChannelHandlerContext.java:366)
05-18 10:20:19.040 E/appium  (28402): 	at io.netty.channel.AbstractChannelHandlerContext.invokeChannelRead(AbstractChannelHandlerContext.java:352)
05-18 10:20:19.040 E/appium  (28402): 	at io.netty.channel.DefaultChannelPipeline.fireChannelRead(DefaultChannelPipeline.java:911)
05-18 10:20:19.040 E/appium  (28402): 	at io.netty.channel.nio.AbstractNioByteChannel$NioByteUnsafe.read(AbstractNioByteChannel.java:131)
05-18 10:20:19.040 E/appium  (28402): 	at io.netty.channel.nio.NioEventLoop.processSelectedKey(NioEventLoop.java:611)
05-18 10:20:19.040 E/appium  (28402): 	at io.netty.channel.nio.NioEventLoop.processSelectedKeysPlain(NioEventLoop.java:514)
05-18 10:20:19.040 E/appium  (28402): 	at io.netty.channel.nio.NioEventLoop.processSelectedKeys(NioEventLoop.java:468)
05-18 10:20:19.040 E/appium  (28402): 	at io.netty.channel.nio.NioEventLoop.run(NioEventLoop.java:438)
05-18 10:20:19.040 E/appium  (28402): 	at io.netty.util.concurrent.SingleThreadEventExecutor$2.run(SingleThreadEventExecutor.java:140)
05-18 10:20:19.040 E/appium  (28402): 	at io.netty.util.concurrent.DefaultThreadFactory$DefaultRunnableDecorator.run(DefaultThreadFactory.java:144)
05-18 10:20:19.040 E/appium  (28402): 	at java.lang.Thread.run(Thread.java:818)
05-18 10:20:19.474 E/WifiTrafficPoller(  851): TRAFFIC_STATS_POLL true Token 2644 num clients 18
05-18 10:20:19.475 E/WifiTrafficPoller(  851):  packet count Tx=1833280 Rx=5926154
05-18 10:20:19.589 E/appium  (28402): Element not found: 
05-18 10:20:19.589 E/appium  (28402): io.appium.uiautomator2.common.exceptions.ElementNotFoundException: Could not find an element using supplied strategy. 
05-18 10:20:19.589 E/appium  (28402): 	at io.appium.uiautomator2.handler.FindElement.getXPathUiObject(FindElement.java:80)
05-18 10:20:19.589 E/appium  (28402): 	at io.appium.uiautomator2.handler.FindElement.findElement(FindElement.java:153)
05-18 10:20:19.589 E/appium  (28402): 	at io.appium.uiautomator2.handler.FindElement.safeHandle(FindElement.java:102)
05-18 10:20:19.589 E/appium  (28402): 	at io.appium.uiautomator2.handler.request.SafeRequestHandler.handle(SafeRequestHandler.java:56)
