05-19 17:19:37.188 E/memtrack(25667): Couldn't load memtrack module (No such file or directory)
05-19 17:19:37.188 E/android.os.Debug(25667): failed to load memtrack module: -2
05-19 17:19:37.218 E/cutils-trace(25667): Error opening trace file: No such file or directory (2)
05-19 17:19:37.938 E/memtrack(25679): Couldn't load memtrack module (No such file or directory)
05-19 17:19:37.938 E/android.os.Debug(25679): failed to load memtrack module: -2
05-19 17:19:37.958 E/cutils-trace(25679): Error opening trace file: No such file or directory (2)
05-19 17:19:38.858 E/memtrack(25693): Couldn't load memtrack module (No such file or directory)
05-19 17:19:38.858 E/android.os.Debug(25693): failed to load memtrack module: -2
05-19 17:19:38.878 E/cutils-trace(25693): Error opening trace file: No such file or directory (2)
05-19 17:19:40.468 E/memtrack(25711): Couldn't load memtrack module (No such file or directory)
05-19 17:19:40.468 E/android.os.Debug(25711): failed to load memtrack module: -2
05-19 17:19:40.488 E/cutils-trace(25711): Error opening trace file: No such file or directory (2)
05-19 17:19:43.758 E/memtrack(25731): Couldn't load memtrack module (No such file or directory)
05-19 17:19:43.758 E/android.os.Debug(25731): failed to load memtrack module: -2
05-19 17:19:43.778 E/cutils-trace(25731): Error opening trace file: No such file or directory (2)
05-19 17:19:44.398 E/memtrack(25745): Couldn't load memtrack module (No such file or directory)
05-19 17:19:44.398 E/android.os.Debug(25745): failed to load memtrack module: -2
05-19 17:19:44.588 E/cutils-trace(25745): Error opening trace file: No such file or directory (2)
05-19 17:19:44.598 E/Cataloger( 1207): syncFile:/storage/emulated/0/Android/data/com.boco.apphall/cache/.nomedia
05-19 17:19:44.598 E/Cataloger( 1207): need not sync path:/storage/emulated/0/Android/data/com.boco.apphall/cache/.nomedia
05-19 17:19:44.598 E/Cataloger( 1207): syncFile:/storage/emulated/0/Android/data/com.boco.apphall/cache/uil-images/794wh75p2umlr5ptsxz1oqv530
05-19 17:19:44.608 E/Cataloger( 1207): need not sync path:/storage/emulated/0/Android/data/com.boco.apphall/cache/uil-images/794wh75p2umlr5ptsxz1oqv530
05-19 17:19:44.608 E/Cataloger( 1207): syncFile:/storage/emulated/0/Android/data/com.boco.apphall/cache/uil-images/z88le3ms2suqnl85cmnihrm80
05-19 17:19:44.608 E/Cataloger( 1207): need not sync path:/storage/emulated/0/Android/data/com.boco.apphall/cache/uil-images/z88le3ms2suqnl85cmnihrm80
05-19 17:19:44.608 E/Cataloger( 1207): syncFile:/storage/emulated/0/Android/data/com.boco.apphall/cache/uil-images/4ns997t9eqnq8rlmiwqhcaqw10
05-19 17:19:44.618 E/Cataloger( 1207): need not sync path:/storage/emulated/0/Android/data/com.boco.apphall/cache/uil-images/4ns997t9eqnq8rlmiwqhcaqw10
05-19 17:19:44.618 E/Cataloger( 1207): syncFile:/storage/emulated/0/Android/data/com.boco.apphall/cache/uil-images/7dm8prsiadzpomuq5cn9943hp0
05-19 17:19:44.628 E/Cataloger( 1207): need not sync path:/storage/emulated/0/Android/data/com.boco.apphall/cache/uil-images/7dm8prsiadzpomuq5cn9943hp0
05-19 17:19:44.628 E/Cataloger( 1207): syncFile:/storage/emulated/0/Android/data/com.boco.apphall/cache/uil-images/43fqf4deyq6gzfryuhk9pm52t0
05-19 17:19:44.638 E/Cataloger( 1207): need not sync path:/storage/emulated/0/Android/data/com.boco.apphall/cache/uil-images/43fqf4deyq6gzfryuhk9pm52t0
05-19 17:19:44.638 E/Cataloger( 1207): syncFile:/storage/emulated/0/Android/data/com.boco.apphall/cache/uil-images/5454e968y6oqxgclxx1a2zfck0
05-19 17:19:44.638 E/Cataloger( 1207): need not sync path:/storage/emulated/0/Android/data/com.boco.apphall/cache/uil-images/5454e968y6oqxgclxx1a2zfck0
05-19 17:19:44.648 E/Cataloger( 1207): syncFile:/storage/emulated/0/Android/data/com.boco.apphall/cache/uil-images/2uq7zj9eht24cna7t0399rzc10
05-19 17:19:44.648 E/Cataloger( 1207): need not sync path:/storage/emulated/0/Android/data/com.boco.apphall/cache/uil-images/2uq7zj9eht24cna7t0399rzc10
05-19 17:19:44.648 E/Cataloger( 1207): syncFile:/storage/emulated/0/Android/data/com.boco.apphall/cache/uil-images/4mvv4ex12oqujl0ieu0wpah000
05-19 17:19:44.658 E/Cataloger( 1207): need not sync path:/storage/emulated/0/Android/data/com.boco.apphall/cache/uil-images/4mvv4ex12oqujl0ieu0wpah000
05-19 17:19:44.658 E/Cataloger( 1207): syncFile:/storage/emulated/0/Android/data/com.boco.apphall/cache/uil-images/15qe4fnftpaahukn7bb51xwxs0
05-19 17:19:44.658 E/Cataloger( 1207): need not sync path:/storage/emulated/0/Android/data/com.boco.apphall/cache/uil-images/15qe4fnftpaahukn7bb51xwxs0
05-19 17:19:44.658 E/Cataloger( 1207): syncFile:/storage/emulated/0/Android/data/com.boco.apphall/cache/uil-images/6pgqfk1o73i79a3vk30ymp1o50
05-19 17:19:44.668 E/Cataloger( 1207): need not sync path:/storage/emulated/0/Android/data/com.boco.apphall/cache/uil-images/6pgqfk1o73i79a3vk30ymp1o50
05-19 17:19:44.668 E/Cataloger( 1207): syncFile:/storage/emulated/0/Android/data/com.boco.apphall/cache/uil-images/6m2d6r718gus52e8brqd2878d0
05-19 17:19:44.678 E/Cataloger( 1207): need not sync path:/storage/emulated/0/Android/data/com.boco.apphall/cache/uil-images/6m2d6r718gus52e8brqd2878d0
05-19 17:19:44.678 E/Cataloger( 1207): syncFile:/storage/emulated/0/Android/data/com.boco.apphall/cache/uil-images/1i1wv4o1u0iph5ouse9122lsp0
05-19 17:19:44.678 E/Cataloger( 1207): need not sync path:/storage/emulated/0/Android/data/com.boco.apphall/cache/uil-images/1i1wv4o1u0iph5ouse9122lsp0
05-19 17:19:44.678 E/Cataloger( 1207): 
05-19 17:19:44.678 E/Cataloger( 1207): syncFile:/storage/emulated/0/Android/data/com.boco.apphall/cache/uil-images/1rlf43a5amr9tb6i0q8ps25rd0
05-19 17:19:44.688 E/Cataloger( 1207): need not sync path:/storage/emulated/0/Android/data/com.boco.apphall/cache/uil-images/1rlf43a5amr9tb6i0q8ps25rd0
05-19 17:19:44.688 E/Cataloger( 1207): syncFile:/storage/emulated/0/Android/data/com.boco.apphall/cache/uil-images/3gaod1ioxtti80lrs1kapbfif0
05-19 17:19:44.698 E/Cataloger( 1207): need not sync path:/storage/emulated/0/Android/data/com.boco.apphall/cache/uil-images/3gaod1ioxtti80lrs1kapbfif0
05-19 17:19:44.698 E/Cataloger( 1207): syncFile:/storage/emulated/0/Android/data/com.boco.apphall/cache/uil-images/29vlahxhm8lhqc987whbj4nf10
05-19 17:19:44.698 E/Cataloger( 1207): need not sync path:/storage/emulated/0/Android/data/com.boco.apphall/cache/uil-images/29vlahxhm8lhqc987whbj4nf10
05-19 17:19:44.698 E/Cataloger( 1207): syncFile:/storage/emulated/0/Android/data/com.boco.apphall/cache/uil-images/6verwqc6q7raqeyitanuqtb620
05-19 17:19:44.708 E/Cataloger( 1207): need not sync path:/storage/emulated/0/Android/data/com.boco.apphall/cache/uil-images/6verwqc6q7raqeyitanuqtb620
05-19 17:19:44.708 E/Cataloger( 1207): syncFile:/storage/emulated/0/Android/data/com.boco.apphall/cache/uil-images/1f84kny22yxjmt6wgwfh4unkh0
05-19 17:19:44.708 E/Cataloger( 1207): need not sync path:/storage/emulated/0/Android/data/com.boco.apphall/cache/uil-images/1f84kny22yxjmt6wgwfh4unkh0
05-19 17:19:44.708 E/Cataloger( 1207): syncFile:/storage/emulated/0/Android/data/com.boco.apphall/cache/uil-images/61rnoe860jlyrgneh9jvl1j9h0
05-19 17:19:44.708 E/Cataloger( 1207): need not sync path:/storage/emulated/0/Android/data/com.boco.apphall/cache/uil-images/61rnoe860jlyrgneh9jvl1j9h0
05-19 17:19:44.708 E/Cataloger( 1207): syncFile:/storage/emulated/0/Android/data/com.boco.apphall/cache/uil-images/6kwq6ojzuarupost1e3tphqnf0
05-19 17:19:44.718 E/Cataloger( 1207): need not sync path:/storage/emulated/0/Android/data/com.boco.apphall/cache/uil-images/6kwq6ojzuarupost1e3tphqnf0
05-19 17:19:44.718 E/Cataloger( 1207): syncFile:/storage/emulated/0/Android/data/com.boco.apphall/cache/uil-images/7df5rwypq960fduywpftb2bpd0
05-19 17:19:44.718 E/Cataloger( 1207): need not sync path:/storage/emulated/0/Android/data/com.boco.apphall/cache/uil-images/7df5rwypq960fduywpftb2bpd0
05-19 17:19:44.718 E/Cataloger( 1207): syncFile:/storage/emulated/0/Android/data/com.boco.apphall/cache/uil-images/4dv84sszatxsr0bmo8217x8el0
05-19 17:19:44.728 E/Cataloger( 1207): need not sync path:/storage/emulated/0/Android/data/com.boco.apphall/cache/uil-images/4dv84sszatxsr0bmo8217x8el0
05-19 17:19:44.728 E/Cataloger( 1207): syncFile:/storage/emulated/0/Android/data/com.boco.apphall/cache/uil-images/6pbkwva5ijgx9pxg63twkddhy0
05-19 17:19:44.728 E/Cataloger( 1207): need not sync path:/storage/emulated/0/Android/data/com.boco.apphall/cache/uil-images/6pbkwva5ijgx9pxg63twkddhy0
05-19 17:19:44.728 E/Cataloger( 1207): syncFile:/storage/emulated/0/Android/data/com.boco.apphall/cache/uil-images/3qfbho2se3qtgtzn4nan2j1wi0
05-19 17:19:44.738 E/Cataloger( 1207): need not sync path:/storage/emulated/0/Android/data/com.boco.apphall/cache/uil-images/3qfbho2se3qtgtzn4nan2j1wi0
05-19 17:19:44.738 E/Cataloger( 1207): syncFile:/storage/emulated/0/Android/data/com.boco.apphall/cache/uil-images/12tpa78nesivi7u7kjsyq1zou0
05-19 17:19:44.738 E/Cataloger( 1207): need not sync path:/storage/emulated/0/Android/data/com.boco.apphall/cache/uil-images/12tpa78nesivi7u7kjsyq1zou0
05-19 17:19:44.738 E/Cataloger( 1207): syncFile:/storage/emulated/0/Android/data/com.boco.apphall/cache/uil-images/5a4gkkyv2sfzmnv0fy7bmiasp0
05-19 17:19:44.738 E/Cataloger( 1207): need not sync path:/storage/emulated/0/Android/data/com.boco.apphall/cache/uil-images/5a4gkkyv2sfzmnv0fy7bmiasp0
05-19 17:19:44.748 E/Cataloger( 1207): syncFile:/storage/emulated/0/Android/data/com.boco.apphall/cache/uil-images
05-19 17:19:44.748 E/Cataloger( 1207): syncFile:/storage/emulated/0/Android/data/com.boco.apphall/cache
05-19 17:19:44.748 E/Cataloger( 1207): syncFile:/storage/emulated/0/Android/data/com.boco.apphall
05-19 17:19:45.278 E/memtrack(25775): Couldn't load memtrack module (No such file or directory)
05-19 17:19:45.278 E/android.os.Debug(25775): failed to load memtrack module: -2
05-19 17:19:45.648 E/NetworkScheduler.SR(  703): Invalid parameter app
05-19 17:19:45.648 E/NetworkScheduler.SR(  703): Invalid package name : Perhaps you didn't include a PendingIntent in the extras?
05-19 17:19:45.828 E/cutils-trace(25775): Error opening trace file: No such file or directory (2)
05-19 17:19:46.188 E/Finsky  (11759): [1] com.google.android.finsky.wear.bl.a(847): onConnectionFailed: ConnectionResult{statusCode=API_UNAVAILABLE, resolution=null, message=null}
05-19 17:19:46.328 E/Finsky  (11759): [1] com.google.android.finsky.wear.bl.a(847): onConnectionFailed: ConnectionResult{statusCode=API_UNAVAILABLE, resolution=null, message=null}
05-19 17:19:46.398 E/Cataloger( 1207): syncFile:/storage/emulated/0/Android/data/com.estrongs.android.pop/recomm/setting.download.tmp.tmp
05-19 17:19:46.418 E/Cataloger( 1207): need not sync path:/storage/emulated/0/Android/data/com.estrongs.android.pop/recomm/setting.download.tmp.tmp
05-19 17:19:46.418 E/Cataloger( 1207): syncFile:/storage/emulated/0/Android/data/com.estrongs.android.pop/recomm/setting.download.tmp.tmp
05-19 17:19:46.418 E/Cataloger( 1207): need not sync path:/storage/emulated/0/Android/data/com.estrongs.android.pop/recomm/setting.download.tmp.tmp
05-19 17:19:46.418 E/Cataloger( 1207): syncFile:/storage/emulated/0/Android/data/com.estrongs.android.pop/recomm/setting.download.tmp.tmp
05-19 17:19:46.418 E/Cataloger( 1207): need not sync path:/storage/emulated/0/Android/data/com.estrongs.android.pop/recomm/setting.download.tmp.tmp
05-19 17:19:46.558 E/Cataloger( 1207): 
05-19 17:19:46.558 E/Cataloger( 1207): syncFile:/storage/emulated/0/Android/data/com.estrongs.android.pop/recomm/setting.download.tmp.tmp
05-19 17:19:46.558 E/Cataloger( 1207): need not sync path:/storage/emulated/0/Android/data/com.estrongs.android.pop/recomm/setting.download.tmp.tmp
05-19 17:19:46.558 E/Cataloger( 1207): syncFile:/storage/emulated/0/Android/data/com.estrongs.android.pop/recomm/setting.download.tmp.tmp
05-19 17:19:46.558 E/Cataloger( 1207): need not sync path:/storage/emulated/0/Android/data/com.estrongs.android.pop/recomm/setting.download.tmp.tmp
05-19 17:19:49.338 E/memtrack(25820): Couldn't load memtrack module (No such file or directory)
05-19 17:19:49.338 E/android.os.Debug(25820): failed to load memtrack module: -2
05-19 17:19:50.258 E/memtrack(25837): Couldn't load memtrack module (No such file or directory)
05-19 17:19:50.258 E/android.os.Debug(25837): failed to load memtrack module: -2
05-19 17:19:50.648 E/QueryController(25820): Got null root node from accessibility - Retrying...
05-19 17:19:50.858 E/Cataloger( 1207): syncFile:/storage/emulated/0/Android/data/com.boco.apphall
05-19 17:19:50.858 E/Cataloger( 1207): :/storage/emulated/0/Android/data/com.boco.apphall
05-19 17:19:50.858 E/Cataloger( 1207): /storage/emulated/0/Android/data/com.boco.apphall
05-19 17:19:50.868 E/Cataloger( 1207): syncFile:/storage/emulated/0/Android/data/com.boco.apphall/cache
05-19 17:19:50.868 E/Cataloger( 1207): :/storage/emulated/0/Android/data/com.boco.apphall/cache
05-19 17:19:50.868 E/Cataloger( 1207): /storage/emulated/0/Android/data/com.boco.apphall/cache
05-19 17:19:50.878 E/Cataloger( 1207): syncFile:/storage/emulated/0/Android/data/com.boco.apphall/cache/.nomedia
05-19 17:19:50.878 E/Cataloger( 1207): need not sync path:/storage/emulated/0/Android/data/com.boco.apphall/cache/.nomedia
05-19 17:19:50.878 E/Cataloger( 1207): syncFile:/storage/emulated/0/Android/data/com.boco.apphall/cache/.nomedia
05-19 17:19:50.878 E/Cataloger( 1207): need not sync path:/storage/emulated/0/Android/data/com.boco.apphall/cache/.nomedia
05-19 17:19:50.878 E/Cataloger( 1207): syncFile:/storage/emulated/0/Android/data/com.boco.apphall/cache/uil-images
05-19 17:19:50.878 E/Cataloger( 1207): :/storage/emulated/0/Android/data/com.boco.apphall/cache/uil-images
05-19 17:19:50.878 E/Cataloger( 1207): /storage/emulated/0/Android/data/com.boco.apphall/cache/uil-images
05-19 17:19:50.878 E/Cataloger( 1207): syncFile:/storage/emulated/0/Android/data/com.boco.apphall/cache/uil-images/journal.tmp
05-19 17:19:50.878 E/Cataloger( 1207): need not sync path:/storage/emulated/0/Android/data/com.boco.apphall/cache/uil-images/journal.tmp
05-19 17:19:50.878 E/Cataloger( 1207): syncFile:/storage/emulated/0/Android/data/com.boco.apphall/cache/uil-images/journal.tmp
05-19 17:19:50.878 E/Cataloger( 1207): need not sync path:/storage/emulated/0/Android/data/com.boco.apphall/cache/uil-images/journal.tmp
05-19 17:19:50.878 E/Cataloger( 1207): syncFile:/storage/emulated/0/Android/data/com.boco.apphall/cache/uil-images/journal.tmp
05-19 17:19:50.878 E/Cataloger( 1207): need not sync path:/storage/emulated/0/Android/data/com.boco.apphall/cache/uil-images/journal.tmp
05-19 17:19:50.878 E/Cataloger( 1207): syncFile:/storage/emulated/0/Android/data/com.boco.apphall/cache/uil-images/journal
05-19 17:19:50.878 E/Cataloger( 1207): need not sync path:/storage/emulated/0/Android/data/com.boco.apphall/cache/uil-images/journal
05-19 17:19:50.898 E/QueryController(25820): Got null root node from accessibility - Retrying...
05-19 17:19:51.298 E/QueryController(25820): Got null root node from accessibility - Retrying...
05-19 17:19:51.518 E/cutils-trace(25837): Error opening trace file: No such file or directory (2)
05-19 17:19:55.018 E/cutils-trace(25820): Error opening trace file: No such file or directory (2)
05-19 17:19:57.398 E/memtrack(25879): Couldn't load memtrack module (No such file or directory)
05-19 17:19:57.398 E/android.os.Debug(25879): failed to load memtrack module: -2
05-19 17:19:57.488 E/cutils-trace(25879): Error opening trace file: No such file or directory (2)
05-19 17:20:04.078 E/memtrack(25894): Couldn't load memtrack module (No such file or directory)
05-19 17:20:04.078 E/android.os.Debug(25894): failed to load memtrack module: -2
05-19 17:20:05.348 E/cutils-trace(25894): Error opening trace file: No such file or directory (2)
05-19 17:20:11.818 E/Cataloger( 1207): syncFile:/storage/emulated/0/Android/data/com.estrongs.android.pop/recomm/setting.download.tmp.tmp
05-19 17:20:11.818 E/Cataloger( 1207): need not sync path:/storage/emulated/0/Android/data/com.estrongs.android.pop/recomm/setting.download.tmp.tmp
05-19 17:20:11.898 E/Cataloger( 1207): syncFile:/storage/emulated/0/Android/data/com.estrongs.android.pop/recomm/setting.download.tmp.tmp
05-19 17:20:11.898 E/Cataloger( 1207): need not sync path:/storage/emulated/0/Android/data/com.estrongs.android.pop/recomm/setting.download.tmp.tmp
05-19 17:20:11.898 E/Cataloger( 1207): syncFile:/storage/emulated/0/Android/data/com.estrongs.android.pop/recomm/setting.download.tmp.tmp
05-19 17:20:11.898 E/Cataloger( 1207): need not sync path:/storage/emulated/0/Android/data/com.estrongs.android.pop/recomm/setting.download.tmp.tmp
05-19 17:20:11.898 E/Cataloger( 1207): syncFile:/storage/emulated/0/Android/data/com.estrongs.android.pop/recomm/setting.download.tmp.tmp
05-19 17:20:11.898 E/Cataloger( 1207): need not sync path:/storage/emulated/0/Android/data/com.estrongs.android.pop/recomm/setting.download.tmp.tmp
05-19 17:20:11.988 E/Cataloger( 1207): syncFile:/storage/emulated/0/Android/data/com.estrongs.android.pop/recomm/setting.download.tmp.tmp
05-19 17:20:11.988 E/Cataloger( 1207): need not sync path:/storage/emulated/0/Android/data/com.estrongs.android.pop/recomm/setting.download.tmp.tmp
05-19 17:20:11.988 E/Cataloger( 1207): 
05-19 17:20:11.988 E/Cataloger( 1207): syncFile:/storage/emulated/0/Android/data/com.estrongs.android.pop/recomm/setting.download.tmp
05-19 17:20:11.988 E/Cataloger( 1207): need not sync path:/storage/emulated/0/Android/data/com.estrongs.android.pop/recomm/setting.download.tmp
05-19 17:20:11.988 E/Cataloger( 1207): syncFile:/storage/emulated/0/Android/data/com.estrongs.android.pop/recomm/setting.download.tmp
05-19 17:20:11.988 E/Cataloger( 1207): need not sync path:/storage/emulated/0/Android/data/com.estrongs.android.pop/recomm/setting.download.tmp
05-19 17:20:17.768 E/cutils-trace(25926): Error opening trace file: No such file or directory (2)
05-19 17:20:21.897 E/memtrack(25932): Couldn't load memtrack module (No such file or directory)
05-19 17:20:21.897 E/android.os.Debug(25932): failed to load memtrack module: -2
05-19 17:20:21.927 E/cutils-trace(25932): Error opening trace file: No such file or directory (2)
05-19 17:20:22.007 E/Cataloger( 1207): syncFile:/storage/emulated/0/Android/data/com.boco.apphall/cache/uil-images/journal
05-19 17:20:22.007 E/Cataloger( 1207): need not sync path:/storage/emulated/0/Android/data/com.boco.apphall/cache/uil-images/journal
05-19 17:20:23.777 E/memtrack(25949): Couldn't load memtrack module (No such file or directory)
05-19 17:20:23.777 E/android.os.Debug(25949): failed to load memtrack module: -2
05-19 17:20:23.797 E/cutils-trace(25949): Error opening trace file: No such file or directory (2)
05-19 17:20:24.537 E/memtrack(25961): Couldn't load memtrack module (No such file or directory)
05-19 17:20:24.537 E/android.os.Debug(25961): failed to load memtrack module: -2
05-19 17:20:24.557 E/cutils-trace(25961): Error opening trace file: No such file or directory (2)
05-19 17:20:25.267 E/memtrack(25973): Couldn't load memtrack module (No such file or directory)
05-19 17:20:25.267 E/android.os.Debug(25973): failed to load memtrack module: -2
05-19 17:20:25.297 E/cutils-trace(25973): Error opening trace file: No such file or directory (2)
05-19 17:20:26.377 E/memtrack(25989): Couldn't load memtrack module (No such file or directory)
05-19 17:20:26.377 E/android.os.Debug(25989): failed to load memtrack module: -2
05-19 17:20:26.397 E/cutils-trace(25989): Error opening trace file: No such file or directory (2)
05-19 17:20:27.767 E/memtrack(26005): Couldn't load memtrack module (No such file or directory)
05-19 17:20:27.767 E/android.os.Debug(26005): failed to load memtrack module: -2
05-19 17:20:27.787 E/cutils-trace(26005): Error opening trace file: No such file or directory (2)
05-19 17:20:28.457 E/memtrack(26017): Couldn't load memtrack module (No such file or directory)
05-19 17:20:28.457 E/android.os.Debug(26017): failed to load memtrack module: -2
05-19 17:20:28.477 E/cutils-trace(26017): Error opening trace file: No such file or directory (2)
05-19 17:20:29.287 E/memtrack(26029): Couldn't load memtrack module (No such file or directory)
05-19 17:20:29.287 E/android.os.Debug(26029): failed to load memtrack module: -2
05-19 17:20:29.307 E/cutils-trace(26029): Error opening trace file: No such file or directory (2)
05-19 17:20:30.187 E/memtrack(26041): Couldn't load memtrack module (No such file or directory)
05-19 17:20:30.187 E/android.os.Debug(26041): failed to load memtrack module: -2
05-19 17:20:30.207 E/cutils-trace(26041): Error opening trace file: No such file or directory (2)
05-19 17:20:30.927 E/memtrack(26053): Couldn't load memtrack module (No such file or directory)
05-19 17:20:30.927 E/android.os.Debug(26053): failed to load memtrack module: -2
05-19 17:20:30.957 E/cutils-trace(26053): Error opening trace file: No such file or directory (2)
05-19 17:20:32.087 E/memtrack(26069): Couldn't load memtrack module (No such file or directory)
05-19 17:20:32.087 E/android.os.Debug(26069): failed to load memtrack module: -2
05-19 17:20:32.107 E/cutils-trace(26069): Error opening trace file: No such file or directory (2)
05-19 17:20:32.807 E/memtrack(26081): Couldn't load memtrack module (No such file or directory)
05-19 17:20:32.807 E/android.os.Debug(26081): failed to load memtrack module: -2
05-19 17:20:32.827 E/cutils-trace(26081): Error opening trace file: No such file or directory (2)
05-19 17:20:33.677 E/memtrack(26095): Couldn't load memtrack module (No such file or directory)
05-19 17:20:33.677 E/android.os.Debug(26095): failed to load memtrack module: -2
05-19 17:20:33.697 E/cutils-trace(26095): Error opening trace file: No such file or directory (2)
05-19 17:20:34.897 E/memtrack(26113): Couldn't load memtrack module (No such file or directory)
05-19 17:20:34.897 E/android.os.Debug(26113): failed to load memtrack module: -2
05-19 17:20:34.917 E/cutils-trace(26113): Error opening trace file: No such file or directory (2)
05-19 17:20:35.607 E/memtrack(26125): Couldn't load memtrack module (No such file or directory)
05-19 17:20:35.607 E/android.os.Debug(26125): failed to load memtrack module: -2
05-19 17:20:35.627 E/cutils-trace(26125): Error opening trace file: No such file or directory (2)
05-19 17:20:36.307 E/memtrack(26137): Couldn't load memtrack module (No such file or directory)
05-19 17:20:36.307 E/android.os.Debug(26137): failed to load memtrack module: -2
05-19 17:20:36.327 E/Cataloger( 1207): 
05-19 17:20:36.327 E/Cataloger( 1207): syncFile:/storage/emulated/0/Android/data/com.boco.apphall/cache/uil-images/journal
05-19 17:20:36.327 E/cutils-trace(26137): Error opening trace file: No such file or directory (2)
05-19 17:20:36.337 E/Cataloger( 1207): need not sync path:/storage/emulated/0/Android/data/com.boco.apphall/cache/uil-images/journal
05-19 17:20:36.337 E/Cataloger( 1207): 
05-19 17:20:36.337 E/Cataloger( 1207): 
05-19 17:20:36.337 E/Cataloger( 1207): 
05-19 17:20:39.617 E/memtrack(26166): Couldn't load memtrack module (No such file or directory)
05-19 17:20:39.617 E/android.os.Debug(26166): failed to load memtrack module: -2
05-19 17:20:40.547 E/memtrack(26183): Couldn't load memtrack module (No such file or directory)
05-19 17:20:40.547 E/android.os.Debug(26183): failed to load memtrack module: -2
05-19 17:20:40.917 E/QueryController(26166): Got null root node from accessibility - Retrying...
05-19 17:20:41.177 E/QueryController(26166): Got null root node from accessibility - Retrying...
05-19 17:20:41.237 E/Cataloger( 1207): syncFile:/storage/emulated/0/Android/data/com.boco.apphall
05-19 17:20:41.237 E/Cataloger( 1207): :/storage/emulated/0/Android/data/com.boco.apphall
05-19 17:20:41.237 E/Cataloger( 1207): /storage/emulated/0/Android/data/com.boco.apphall
05-19 17:20:41.247 E/Cataloger( 1207): syncFile:/storage/emulated/0/Android/data/com.boco.apphall/cache
05-19 17:20:41.247 E/Cataloger( 1207): :/storage/emulated/0/Android/data/com.boco.apphall/cache
05-19 17:20:41.247 E/Cataloger( 1207): /storage/emulated/0/Android/data/com.boco.apphall/cache
05-19 17:20:41.247 E/Cataloger( 1207): syncFile:/storage/emulated/0/Android/data/com.boco.apphall/cache/.nomedia
05-19 17:20:41.247 E/Cataloger( 1207): need not sync path:/storage/emulated/0/Android/data/com.boco.apphall/cache/.nomedia
05-19 17:20:41.247 E/Cataloger( 1207): syncFile:/storage/emulated/0/Android/data/com.boco.apphall/cache/.nomedia
05-19 17:20:41.247 E/Cataloger( 1207): need not sync path:/storage/emulated/0/Android/data/com.boco.apphall/cache/.nomedia
05-19 17:20:41.247 E/Cataloger( 1207): syncFile:/storage/emulated/0/Android/data/com.boco.apphall/cache/uil-images
05-19 17:20:41.247 E/Cataloger( 1207): :/storage/emulated/0/Android/data/com.boco.apphall/cache/uil-images
05-19 17:20:41.247 E/Cataloger( 1207): /storage/emulated/0/Android/data/com.boco.apphall/cache/uil-images
05-19 17:20:41.247 E/Cataloger( 1207): syncFile:/storage/emulated/0/Android/data/com.boco.apphall/cache/uil-images/journal.tmp
05-19 17:20:41.247 E/Cataloger( 1207): need not sync path:/storage/emulated/0/Android/data/com.boco.apphall/cache/uil-images/journal.tmp
05-19 17:20:41.247 E/Cataloger( 1207): syncFile:/storage/emulated/0/Android/data/com.boco.apphall/cache/uil-images/journal.tmp
05-19 17:20:41.247 E/Cataloger( 1207): need not sync path:/storage/emulated/0/Android/data/com.boco.apphall/cache/uil-images/journal.tmp
05-19 17:20:41.257 E/Cataloger( 1207): 
05-19 17:20:41.257 E/Cataloger( 1207): syncFile:/storage/emulated/0/Android/data/com.boco.apphall/cache/uil-images/journal
05-19 17:20:41.257 E/Cataloger( 1207): need not sync path:/storage/emulated/0/Android/data/com.boco.apphall/cache/uil-images/journal
05-19 17:20:41.437 E/QueryController(26166): Got null root node from accessibility - Retrying...
05-19 17:20:41.667 E/cutils-trace(26183): Error opening trace file: No such file or directory (2)
05-19 17:20:43.377 E/QueryController(26166): Got null root node from accessibility - Retrying...
05-19 17:20:44.267 E/SQLiteDatabase( 1207): Error inserting path=/storage/emulated/0/Android/data/com.boco.apphall/ lastmodified=1495185641000 pathtype=3 _id=408 isLogPath=0 name=com.boco.apphall
05-19 17:20:44.267 E/SQLiteDatabase( 1207): android.database.sqlite.SQLiteConstraintException: column path is not unique (code 19)
05-19 17:20:44.267 E/SQLiteDatabase( 1207): 	at android.database.sqlite.SQLiteConnection.nativeExecuteForLastInsertedRowId(Native Method)
05-19 17:20:44.267 E/SQLiteDatabase( 1207): 	at android.database.sqlite.SQLiteConnection.executeForLastInsertedRowId(SQLiteConnection.java:782)
05-19 17:20:44.267 E/SQLiteDatabase( 1207): 	at android.database.sqlite.SQLiteSession.executeForLastInsertedRowId(SQLiteSession.java:788)
05-19 17:20:44.267 E/SQLiteDatabase( 1207): 	at android.database.sqlite.SQLiteStatement.executeInsert(SQLiteStatement.java:86)
05-19 17:20:44.267 E/SQLiteDatabase( 1207): 	at android.database.sqlite.SQLiteDatabase.insertWithOnConflict(SQLiteDatabase.java:1469)
05-19 17:20:44.267 E/SQLiteDatabase( 1207): 	at android.database.sqlite.SQLiteDatabase.insert(SQLiteDatabase.java:1339)
05-19 17:20:44.267 E/SQLiteDatabase( 1207): 	at com.estrongs.android.scanner.d.e.a(Unknown Source)
05-19 17:20:44.267 E/SQLiteDatabase( 1207): 	at com.estrongs.android.scanner.d.a.a(Unknown Source)
05-19 17:20:44.267 E/SQLiteDatabase( 1207): 	at com.estrongs.android.scanner.d.a.a(Unknown Source)
05-19 17:20:44.267 E/SQLiteDatabase( 1207): 	at com.estrongs.android.scanner.d.r.run(Unknown Source)
05-19 17:20:44.267 E/SQLiteDatabase( 1207): 	at java.util.concurrent.ThreadPoolExecutor.runWorker(ThreadPoolExecutor.java:1112)
05-19 17:20:44.267 E/SQLiteDatabase( 1207): 	at java.util.concurrent.ThreadPoolExecutor$Worker.run(ThreadPoolExecutor.java:587)
05-19 17:20:44.267 E/SQLiteDatabase( 1207): 	at java.lang.Thread.run(Thread.java:841)
05-19 17:20:45.647 E/cutils-trace(26166): Error opening trace file: No such file or directory (2)
05-19 17:20:46.347 E/Cataloger( 1207): syncFile:/storage/emulated/0/Android/data/com.estrongs.android.pop/recomm/setting.download.tmp.tmp
05-19 17:20:46.347 E/Cataloger( 1207): need not sync path:/storage/emulated/0/Android/data/com.estrongs.android.pop/recomm/setting.download.tmp.tmp
05-19 17:20:46.367 E/Cataloger( 1207): syncFile:/storage/emulated/0/Android/data/com.estrongs.android.pop/recomm/setting.download.tmp.tmp
05-19 17:20:46.367 E/Cataloger( 1207): need not sync path:/storage/emulated/0/Android/data/com.estrongs.android.pop/recomm/setting.download.tmp.tmp
05-19 17:20:46.367 E/Cataloger( 1207): syncFile:/storage/emulated/0/Android/data/com.estrongs.android.pop/recomm/setting.download.tmp.tmp
05-19 17:20:46.367 E/Cataloger( 1207): need not sync path:/storage/emulated/0/Android/data/com.estrongs.android.pop/recomm/setting.download.tmp.tmp
05-19 17:20:46.457 E/Cataloger( 1207): syncFile:/storage/emulated/0/Android/data/com.estrongs.android.pop/recomm/setting.download.tmp.tmp
05-19 17:20:46.457 E/Cataloger( 1207): need not sync path:/storage/emulated/0/Android/data/com.estrongs.android.pop/recomm/setting.download.tmp.tmp
05-19 17:20:46.457 E/Cataloger( 1207): syncFile:/storage/emulated/0/Android/data/com.estrongs.android.pop/recomm/setting.download.tmp.tmp
05-19 17:20:46.457 E/Cataloger( 1207): need not sync path:/storage/emulated/0/Android/data/com.estrongs.android.pop/recomm/setting.download.tmp.tmp
05-19 17:20:46.457 E/Cataloger( 1207): syncFile:/storage/emulated/0/Android/data/com.estrongs.android.pop/recomm/setting.download.tmp
05-19 17:20:46.457 E/Cataloger( 1207): need not sync path:/storage/emulated/0/Android/data/com.estrongs.android.pop/recomm/setting.download.tmp
05-19 17:20:46.457 E/Cataloger( 1207): 
05-19 17:20:46.557 E/Cataloger( 1207): syncFile:/storage/emulated/0/Android/data/com.estrongs.android.pop/recomm/setting.download.tmp.tmp
05-19 17:20:46.557 E/Cataloger( 1207): need not sync path:/storage/emulated/0/Android/data/com.estrongs.android.pop/recomm/setting.download.tmp.tmp
05-19 17:20:46.557 E/Cataloger( 1207): syncFile:/storage/emulated/0/Android/data/com.estrongs.android.pop/recomm/setting.download.tmp.tmp
05-19 17:20:46.557 E/Cataloger( 1207): need not sync path:/storage/emulated/0/Android/data/com.estrongs.android.pop/recomm/setting.download.tmp.tmp
05-19 17:20:46.557 E/Cataloger( 1207): syncFile:/storage/emulated/0/Android/data/com.estrongs.android.pop/recomm/setting.download.tmp.tmp
05-19 17:20:46.557 E/Cataloger( 1207): need not sync path:/storage/emulated/0/Android/data/com.estrongs.android.pop/recomm/setting.download.tmp.tmp
05-19 17:20:46.647 E/Cataloger( 1207): syncFile:/storage/emulated/0/Android/data/com.estrongs.android.pop/recomm/setting.download.tmp.tmp
05-19 17:20:46.647 E/Cataloger( 1207): need not sync path:/storage/emulated/0/Android/data/com.estrongs.android.pop/recomm/setting.download.tmp.tmp
05-19 17:20:46.647 E/Cataloger( 1207): 
05-19 17:20:46.647 E/Cataloger( 1207): syncFile:/storage/emulated/0/Android/data/com.estrongs.android.pop/recomm/setting.download.tmp
05-19 17:20:46.647 E/Cataloger( 1207): need not sync path:/storage/emulated/0/Android/data/com.estrongs.android.pop/recomm/setting.download.tmp
05-19 17:20:46.647 E/Cataloger( 1207): syncFile:/storage/emulated/0/Android/data/com.estrongs.android.pop/recomm/setting.download.tmp
05-19 17:20:46.657 E/Cataloger( 1207): need not sync path:/storage/emulated/0/Android/data/com.estrongs.android.pop/recomm/setting.download.tmp
05-19 17:20:47.797 E/memtrack(26232): Couldn't load memtrack module (No such file or directory)
05-19 17:20:47.797 E/android.os.Debug(26232): failed to load memtrack module: -2
05-19 17:20:47.887 E/cutils-trace(26232): Error opening trace file: No such file or directory (2)
05-19 17:20:54.507 E/memtrack(26244): Couldn't load memtrack module (No such file or directory)
05-19 17:20:54.507 E/android.os.Debug(26244): failed to load memtrack module: -2
05-19 17:20:55.757 E/cutils-trace(26244): Error opening trace file: No such file or directory (2)
05-19 17:21:03.497 E/QueryController(26166): Got null root node from accessibility - Retrying...
05-19 17:21:08.617 E/---RankingListAppFragment---(26195): onResume
05-19 17:21:08.877 E/Cataloger( 1207): syncFile:/storage/emulated/0/Android/data/com.boco.apphall/cache/uil-images/5wanmv7yu4hzfio3426l5dfqd0.tmp
05-19 17:21:08.877 E/Cataloger( 1207): need not sync path:/storage/emulated/0/Android/data/com.boco.apphall/cache/uil-images/5wanmv7yu4hzfio3426l5dfqd0.tmp
05-19 17:21:08.897 E/Cataloger( 1207): syncFile:/storage/emulated/0/Android/data/com.boco.apphall/cache/uil-images/3205omy4td9oxw05yijfjsa900.tmp
05-19 17:21:08.897 E/Cataloger( 1207): need not sync path:/storage/emulated/0/Android/data/com.boco.apphall/cache/uil-images/3205omy4td9oxw05yijfjsa900.tmp
05-19 17:21:08.917 E/Cataloger( 1207): syncFile:/storage/emulated/0/Android/data/com.boco.apphall/cache/uil-images/3205omy4td9oxw05yijfjsa900.tmp
05-19 17:21:08.917 E/Cataloger( 1207): need not sync path:/storage/emulated/0/Android/data/com.boco.apphall/cache/uil-images/3205omy4td9oxw05yijfjsa900.tmp
05-19 17:21:08.917 E/Cataloger( 1207): 
05-19 17:21:08.917 E/Cataloger( 1207): syncFile:/storage/emulated/0/Android/data/com.boco.apphall/cache/uil-images/3205omy4td9oxw05yijfjsa900
05-19 17:21:08.917 E/Cataloger( 1207): need not sync path:/storage/emulated/0/Android/data/com.boco.apphall/cache/uil-images/3205omy4td9oxw05yijfjsa900
05-19 17:21:08.947 E/Cataloger( 1207): syncFile:/storage/emulated/0/Android/data/com.boco.apphall/cache/uil-images/5wanmv7yu4hzfio3426l5dfqd0.tmp
05-19 17:21:08.947 E/Cataloger( 1207): need not sync path:/storage/emulated/0/Android/data/com.boco.apphall/cache/uil-images/5wanmv7yu4hzfio3426l5dfqd0.tmp
05-19 17:21:08.947 E/Cataloger( 1207): 
05-19 17:21:08.947 E/Cataloger( 1207): syncFile:/storage/emulated/0/Android/data/com.boco.apphall/cache/uil-images/5wanmv7yu4hzfio3426l5dfqd0
05-19 17:21:08.947 E/Cataloger( 1207): need not sync path:/storage/emulated/0/Android/data/com.boco.apphall/cache/uil-images/5wanmv7yu4hzfio3426l5dfqd0
05-19 17:21:08.967 E/Cataloger( 1207): syncFile:/storage/emulated/0/Android/data/com.boco.apphall/cache/uil-images/5qxqvdbogs92lp9xsu05v4d050.tmp
05-19 17:21:08.967 E/Cataloger( 1207): need not sync path:/storage/emulated/0/Android/data/com.boco.apphall/cache/uil-images/5qxqvdbogs92lp9xsu05v4d050.tmp
05-19 17:21:08.967 E/Cataloger( 1207): syncFile:/storage/emulated/0/Android/data/com.boco.apphall/cache/uil-images/5qxqvdbogs92lp9xsu05v4d050.tmp
05-19 17:21:08.967 E/Cataloger( 1207): need not sync path:/storage/emulated/0/Android/data/com.boco.apphall/cache/uil-images/5qxqvdbogs92lp9xsu05v4d050.tmp
05-19 17:21:08.967 E/Cataloger( 1207): 
05-19 17:21:08.967 E/Cataloger( 1207): syncFile:/storage/emulated/0/Android/data/com.boco.apphall/cache/uil-images/5qxqvdbogs92lp9xsu05v4d050
05-19 17:21:08.967 E/Cataloger( 1207): need not sync path:/storage/emulated/0/Android/data/com.boco.apphall/cache/uil-images/5qxqvdbogs92lp9xsu05v4d050
05-19 17:21:08.997 E/Cataloger( 1207): syncFile:/storage/emulated/0/Android/data/com.boco.apphall/cache/uil-images/1yr55s6idym5vmr2kp828kc730.tmp
05-19 17:21:09.007 E/Cataloger( 1207): need not sync path:/storage/emulated/0/Android/data/com.boco.apphall/cache/uil-images/1yr55s6idym5vmr2kp828kc730.tmp
05-19 17:21:09.037 E/Cataloger( 1207): syncFile:/storage/emulated/0/Android/data/com.boco.apphall/cache/uil-images/64u2kf0bfy71nodbxsvrwaoat0.tmp
05-19 17:21:09.037 E/Cataloger( 1207): need not sync path:/storage/emulated/0/Android/data/com.boco.apphall/cache/uil-images/64u2kf0bfy71nodbxsvrwaoat0.tmp
05-19 17:21:09.047 E/Cataloger( 1207): syncFile:/storage/emulated/0/Android/data/com.boco.apphall/cache/uil-images/64u2kf0bfy71nodbxsvrwaoat0.tmp
05-19 17:21:09.047 E/Cataloger( 1207): need not sync path:/storage/emulated/0/Android/data/com.boco.apphall/cache/uil-images/64u2kf0bfy71nodbxsvrwaoat0.tmp
05-19 17:21:09.047 E/Cataloger( 1207): 
05-19 17:21:09.047 E/Cataloger( 1207): syncFile:/storage/emulated/0/Android/data/com.boco.apphall/cache/uil-images/64u2kf0bfy71nodbxsvrwaoat0
05-19 17:21:09.047 E/Cataloger( 1207): need not sync path:/storage/emulated/0/Android/data/com.boco.apphall/cache/uil-images/64u2kf0bfy71nodbxsvrwaoat0
05-19 17:21:09.047 E/Cataloger( 1207): syncFile:/storage/emulated/0/Android/data/com.boco.apphall/cache/uil-images/5qk5ab5bpi8w4etc52xne53rs0.tmp
05-19 17:21:09.047 E/Cataloger( 1207): need not sync path:/storage/emulated/0/Android/data/com.boco.apphall/cache/uil-images/5qk5ab5bpi8w4etc52xne53rs0.tmp
05-19 17:21:09.077 E/Cataloger( 1207): syncFile:/storage/emulated/0/Android/data/com.boco.apphall/cache/uil-images/1yr55s6idym5vmr2kp828kc730.tmp
05-19 17:21:09.077 E/Cataloger( 1207): need not sync path:/storage/emulated/0/Android/data/com.boco.apphall/cache/uil-images/1yr55s6idym5vmr2kp828kc730.tmp
05-19 17:21:09.077 E/Cataloger( 1207): 
05-19 17:21:09.077 E/Cataloger( 1207): syncFile:/storage/emulated/0/Android/data/com.boco.apphall/cache/uil-images/1yr55s6idym5vmr2kp828kc730
05-19 17:21:09.077 E/Cataloger( 1207): need not sync path:/storage/emulated/0/Android/data/com.boco.apphall/cache/uil-images/1yr55s6idym5vmr2kp828kc730
05-19 17:21:09.117 E/Cataloger( 1207): syncFile:/storage/emulated/0/Android/data/com.boco.apphall/cache/uil-images/5qk5ab5bpi8w4etc52xne53rs0.tmp
05-19 17:21:09.117 E/Cataloger( 1207): need not sync path:/storage/emulated/0/Android/data/com.boco.apphall/cache/uil-images/5qk5ab5bpi8w4etc52xne53rs0.tmp
05-19 17:21:09.117 E/Cataloger( 1207): 
05-19 17:21:09.117 E/Cataloger( 1207): syncFile:/storage/emulated/0/Android/data/com.boco.apphall/cache/uil-images/5qk5ab5bpi8w4etc52xne53rs0
05-19 17:21:09.117 E/Cataloger( 1207): need not sync path:/storage/emulated/0/Android/data/com.boco.apphall/cache/uil-images/5qk5ab5bpi8w4etc52xne53rs0
05-19 17:21:09.127 E/Cataloger( 1207): syncFile:/storage/emulated/0/Android/data/com.boco.apphall/cache/uil-images/mk3hplefdtlqmx38m1iwlp2r0.tmp
05-19 17:21:09.127 E/Cataloger( 1207): need not sync path:/storage/emulated/0/Android/data/com.boco.apphall/cache/uil-images/mk3hplefdtlqmx38m1iwlp2r0.tmp
05-19 17:21:09.157 E/Cataloger( 1207): syncFile:/storage/emulated/0/Android/data/com.boco.apphall/cache/uil-images/3zj5e7agc5dxrx9zld8s8tazk0.tmp
05-19 17:21:09.157 E/Cataloger( 1207): need not sync path:/storage/emulated/0/Android/data/com.boco.apphall/cache/uil-images/3zj5e7agc5dxrx9zld8s8tazk0.tmp
05-19 17:21:09.157 E/Cataloger( 1207): syncFile:/storage/emulated/0/Android/data/com.boco.apphall/cache/uil-images/3zj5e7agc5dxrx9zld8s8tazk0.tmp
05-19 17:21:09.157 E/Cataloger( 1207): need not sync path:/storage/emulated/0/Android/data/com.boco.apphall/cache/uil-images/3zj5e7agc5dxrx9zld8s8tazk0.tmp
05-19 17:21:09.157 E/Cataloger( 1207): 
05-19 17:21:09.157 E/Cataloger( 1207): syncFile:/storage/emulated/0/Android/data/com.boco.apphall/cache/uil-images/3zj5e7agc5dxrx9zld8s8tazk0
05-19 17:21:09.157 E/Cataloger( 1207): need not sync path:/storage/emulated/0/Android/data/com.boco.apphall/cache/uil-images/3zj5e7agc5dxrx9zld8s8tazk0
05-19 17:21:09.177 E/Cataloger( 1207): syncFile:/storage/emulated/0/Android/data/com.boco.apphall/cache/uil-images/mk3hplefdtlqmx38m1iwlp2r0.tmp
05-19 17:21:09.177 E/Cataloger( 1207): need not sync path:/storage/emulated/0/Android/data/com.boco.apphall/cache/uil-images/mk3hplefdtlqmx38m1iwlp2r0.tmp
05-19 17:21:09.177 E/Cataloger( 1207): 
05-19 17:21:09.177 E/Cataloger( 1207): syncFile:/storage/emulated/0/Android/data/com.boco.apphall/cache/uil-images/mk3hplefdtlqmx38m1iwlp2r0
05-19 17:21:09.177 E/Cataloger( 1207): need not sync path:/storage/emulated/0/Android/data/com.boco.apphall/cache/uil-images/mk3hplefdtlqmx38m1iwlp2r0
05-19 17:21:09.197 E/Cataloger( 1207): syncFile:/storage/emulated/0/Android/data/com.boco.apphall/cache/uil-images/4kxgwmqh15kqpdwvd91ok1rs00.tmp
05-19 17:21:09.197 E/Cataloger( 1207): need not sync path:/storage/emulated/0/Android/data/com.boco.apphall/cache/uil-images/4kxgwmqh15kqpdwvd91ok1rs00.tmp
05-19 17:21:09.207 E/Cataloger( 1207): syncFile:/storage/emulated/0/Android/data/com.boco.apphall/cache/uil-images/4kxgwmqh15kqpdwvd91ok1rs00.tmp
05-19 17:21:09.207 E/Cataloger( 1207): need not sync path:/storage/emulated/0/Android/data/com.boco.apphall/cache/uil-images/4kxgwmqh15kqpdwvd91ok1rs00.tmp
05-19 17:21:09.207 E/Cataloger( 1207): 
05-19 17:21:09.207 E/Cataloger( 1207): syncFile:/storage/emulated/0/Android/data/com.boco.apphall/cache/uil-images/4kxgwmqh15kqpdwvd91ok1rs00
05-19 17:21:09.207 E/Cataloger( 1207): need not sync path:/storage/emulated/0/Android/data/com.boco.apphall/cache/uil-images/4kxgwmqh15kqpdwvd91ok1rs00
05-19 17:21:09.237 E/Cataloger( 1207): syncFile:/storage/emulated/0/Android/data/com.boco.apphall/cache/uil-images/2dw14j6zx8fuf59l70lizvt710.tmp
05-19 17:21:09.237 E/Cataloger( 1207): need not sync path:/storage/emulated/0/Android/data/com.boco.apphall/cache/uil-images/2dw14j6zx8fuf59l70lizvt710.tmp
05-19 17:21:09.247 E/Cataloger( 1207): syncFile:/storage/emulated/0/Android/data/com.boco.apphall/cache/uil-images/2dw14j6zx8fuf59l70lizvt710.tmp
05-19 17:21:09.247 E/Cataloger( 1207): need not sync path:/storage/emulated/0/Android/data/com.boco.apphall/cache/uil-images/2dw14j6zx8fuf59l70lizvt710.tmp
05-19 17:21:09.247 E/Cataloger( 1207): 
05-19 17:21:09.247 E/Cataloger( 1207): syncFile:/storage/emulated/0/Android/data/com.boco.apphall/cache/uil-images/2dw14j6zx8fuf59l70lizvt710
05-19 17:21:09.247 E/Cataloger( 1207): need not sync path:/storage/emulated/0/Android/data/com.boco.apphall/cache/uil-images/2dw14j6zx8fuf59l70lizvt710
05-19 17:21:09.267 E/Cataloger( 1207): syncFile:/storage/emulated/0/Android/data/com.boco.apphall/cache/uil-images/5252683xnrtcrm7o65y7uirsl0.tmp
05-19 17:21:09.267 E/Cataloger( 1207): need not sync path:/storage/emulated/0/Android/data/com.boco.apphall/cache/uil-images/5252683xnrtcrm7o65y7uirsl0.tmp
05-19 17:21:09.267 E/Cataloger( 1207): syncFile:/storage/emulated/0/Android/data/com.boco.apphall/cache/uil-images/5252683xnrtcrm7o65y7uirsl0.tmp
05-19 17:21:09.267 E/Cataloger( 1207): need not sync path:/storage/emulated/0/Android/data/com.boco.apphall/cache/uil-images/5252683xnrtcrm7o65y7uirsl0.tmp
05-19 17:21:09.267 E/Cataloger( 1207): 
05-19 17:21:09.267 E/Cataloger( 1207): syncFile:/storage/emulated/0/Android/data/com.boco.apphall/cache/uil-images/5252683xnrtcrm7o65y7uirsl0
05-19 17:21:09.267 E/Cataloger( 1207): need not sync path:/storage/emulated/0/Android/data/com.boco.apphall/cache/uil-images/5252683xnrtcrm7o65y7uirsl0
05-19 17:21:11.897 E/Cataloger( 1207): syncFile:/storage/emulated/0/Android/data/com.boco.apphall/cache/uil-images/3r8tdz39r88343lyjjbzac0np0.tmp
05-19 17:21:11.897 E/Cataloger( 1207): need not sync path:/storage/emulated/0/Android/data/com.boco.apphall/cache/uil-images/3r8tdz39r88343lyjjbzac0np0.tmp
05-19 17:21:11.997 E/Cataloger( 1207): syncFile:/storage/emulated/0/Android/data/com.boco.apphall/cache/uil-images/3r8tdz39r88343lyjjbzac0np0.tmp
05-19 17:21:11.997 E/Cataloger( 1207): need not sync path:/storage/emulated/0/Android/data/com.boco.apphall/cache/uil-images/3r8tdz39r88343lyjjbzac0np0.tmp
05-19 17:21:11.997 E/Cataloger( 1207): syncFile:/storage/emulated/0/Android/data/com.boco.apphall/cache/uil-images/3r8tdz39r88343lyjjbzac0np0.tmp
05-19 17:21:12.007 E/Cataloger( 1207): need not sync path:/storage/emulated/0/Android/data/com.boco.apphall/cache/uil-images/3r8tdz39r88343lyjjbzac0np0.tmp
05-19 17:21:12.007 E/Cataloger( 1207): syncFile:/storage/emulated/0/Android/data/com.boco.apphall/cache/uil-images/3r8tdz39r88343lyjjbzac0np0
05-19 17:21:12.007 E/Cataloger( 1207): need not sync path:/storage/emulated/0/Android/data/com.boco.apphall/cache/uil-images/3r8tdz39r88343lyjjbzac0np0
05-19 17:21:12.077 E/Cataloger( 1207): syncFile:/storage/emulated/0/Android/data/com.boco.apphall/cache/uil-images/5qogu4mrdxf85pkbk8yy8tu40.tmp
05-19 17:21:12.087 E/Cataloger( 1207): need not sync path:/storage/emulated/0/Android/data/com.boco.apphall/cache/uil-images/5qogu4mrdxf85pkbk8yy8tu40.tmp
05-19 17:21:12.087 E/Cataloger( 1207): syncFile:/storage/emulated/0/Android/data/com.boco.apphall/cache/uil-images/4v3d4a3umnefhyx7zalpef08r0.tmp
05-19 17:21:12.087 E/Cataloger( 1207): need not sync path:/storage/emulated/0/Android/data/com.boco.apphall/cache/uil-images/4v3d4a3umnefhyx7zalpef08r0.tmp
05-19 17:21:12.097 E/Cataloger( 1207): syncFile:/storage/emulated/0/Android/data/com.boco.apphall/cache/uil-images/47spu737qqo3qmchhldzpvdiy0.tmp
05-19 17:21:12.097 E/Cataloger( 1207): need not sync path:/storage/emulated/0/Android/data/com.boco.apphall/cache/uil-images/47spu737qqo3qmchhldzpvdiy0.tmp
05-19 17:21:12.317 E/Cataloger( 1207): syncFile:/storage/emulated/0/Android/data/com.boco.apphall/cache/uil-images/47spu737qqo3qmchhldzpvdiy0.tmp
05-19 17:21:12.317 E/Cataloger( 1207): need not sync path:/storage/emulated/0/Android/data/com.boco.apphall/cache/uil-images/47spu737qqo3qmchhldzpvdiy0.tmp
05-19 17:21:12.317 E/Cataloger( 1207): syncFile:/storage/emulated/0/Android/data/com.boco.apphall/cache/uil-images/47spu737qqo3qmchhldzpvdiy0.tmp
05-19 17:21:12.327 E/Cataloger( 1207): need not sync path:/storage/emulated/0/Android/data/com.boco.apphall/cache/uil-images/47spu737qqo3qmchhldzpvdiy0.tmp
05-19 17:21:12.327 E/Cataloger( 1207): syncFile:/storage/emulated/0/Android/data/com.boco.apphall/cache/uil-images/47spu737qqo3qmchhldzpvdiy0
05-19 17:21:12.327 E/Cataloger( 1207): need not sync path:/storage/emulated/0/Android/data/com.boco.apphall/cache/uil-images/47spu737qqo3qmchhldzpvdiy0
05-19 17:21:12.327 E/Cataloger( 1207): syncFile:/storage/emulated/0/Android/data/com.boco.apphall/cache/uil-images/4v3d4a3umnefhyx7zalpef08r0.tmp
05-19 17:21:12.327 E/Cataloger( 1207): need not sync path:/storage/emulated/0/Android/data/com.boco.apphall/cache/uil-images/4v3d4a3umnefhyx7zalpef08r0.tmp
05-19 17:21:12.327 E/Cataloger( 1207): syncFile:/storage/emulated/0/Android/data/com.boco.apphall/cache/uil-images/4v3d4a3umnefhyx7zalpef08r0.tmp
05-19 17:21:12.327 E/Cataloger( 1207): need not sync path:/storage/emulated/0/Android/data/com.boco.apphall/cache/uil-images/4v3d4a3umnefhyx7zalpef08r0.tmp
05-19 17:21:12.327 E/Cataloger( 1207): syncFile:/storage/emulated/0/Android/data/com.boco.apphall/cache/uil-images/4v3d4a3umnefhyx7zalpef08r0
05-19 17:21:12.327 E/Cataloger( 1207): need not sync path:/storage/emulated/0/Android/data/com.boco.apphall/cache/uil-images/4v3d4a3umnefhyx7zalpef08r0
05-19 17:21:12.357 E/Cataloger( 1207): syncFile:/storage/emulated/0/Android/data/com.boco.apphall/cache/uil-images/5qogu4mrdxf85pkbk8yy8tu40.tmp
05-19 17:21:12.357 E/Cataloger( 1207): need not sync path:/storage/emulated/0/Android/data/com.boco.apphall/cache/uil-images/5qogu4mrdxf85pkbk8yy8tu40.tmp
05-19 17:21:12.357 E/Cataloger( 1207): syncFile:/storage/emulated/0/Android/data/com.boco.apphall/cache/uil-images/5qogu4mrdxf85pkbk8yy8tu40.tmp
05-19 17:21:12.357 E/Cataloger( 1207): need not sync path:/storage/emulated/0/Android/data/com.boco.apphall/cache/uil-images/5qogu4mrdxf85pkbk8yy8tu40.tmp
05-19 17:21:12.357 E/Cataloger( 1207): syncFile:/storage/emulated/0/Android/data/com.boco.apphall/cache/uil-images/5qogu4mrdxf85pkbk8yy8tu40
05-19 17:21:12.357 E/Cataloger( 1207): need not sync path:/storage/emulated/0/Android/data/com.boco.apphall/cache/uil-images/5qogu4mrdxf85pkbk8yy8tu40
05-19 17:21:12.437 E/Cataloger( 1207): syncFile:/storage/emulated/0/Android/data/com.boco.apphall/cache/uil-images/6y2s1skl9q9rq1qvqzwoem6xk0.tmp
05-19 17:21:12.437 E/Cataloger( 1207): need not sync path:/storage/emulated/0/Android/data/com.boco.apphall/cache/uil-images/6y2s1skl9q9rq1qvqzwoem6xk0.tmp
05-19 17:21:12.547 E/Cataloger( 1207): syncFile:/storage/emulated/0/Android/data/com.boco.apphall/cache/uil-images/6y2s1skl9q9rq1qvqzwoem6xk0.tmp
05-19 17:21:12.547 E/Cataloger( 1207): need not sync path:/storage/emulated/0/Android/data/com.boco.apphall/cache/uil-images/6y2s1skl9q9rq1qvqzwoem6xk0.tmp
05-19 17:21:12.547 E/Cataloger( 1207): syncFile:/storage/emulated/0/Android/data/com.boco.apphall/cache/uil-images/6y2s1skl9q9rq1qvqzwoem6xk0.tmp
05-19 17:21:12.547 E/Cataloger( 1207): need not sync path:/storage/emulated/0/Android/data/com.boco.apphall/cache/uil-images/6y2s1skl9q9rq1qvqzwoem6xk0.tmp
05-19 17:21:12.547 E/Cataloger( 1207): syncFile:/storage/emulated/0/Android/data/com.boco.apphall/cache/uil-images/6y2s1skl9q9rq1qvqzwoem6xk0
05-19 17:21:12.547 E/Cataloger( 1207): need not sync path:/storage/emulated/0/Android/data/com.boco.apphall/cache/uil-images/6y2s1skl9q9rq1qvqzwoem6xk0
05-19 17:21:22.447 E/Cataloger( 1207): syncFile:/storage/emulated/0/appHall_guangxi_folder/download/1495185682234BOCO_GX_GLDD_V1.4_1705081830_9292_D.apk
05-19 17:21:22.447 E/Cataloger( 1207): syncFile:/storage/emulated/0/appHall_guangxi_folder/download/1495185682234BOCO_GX_GLDD_V1.4_1705081830_9292_D.apk
05-19 17:21:32.487 E/AccessibilityNodeInfoCache(26166): Disconneced node: android.view.accessibility.AccessibilityNodeInfo@8088b; boundsInParent: Rect(0, 0 - 260, 440); boundsInScreen: Rect(24, 777 - 284, 1217); packageName: com.boco.apphall; className: android.view.View; text: null; contentDescription: null; viewIdResName: com.boco.apphall:id/id_index_gallery_item_image_bg; checkable: false; checked: false; focusable: false; focused: false; selected: false; clickable: false; longClickable: false; enabled: true; password: false; scrollable: false; [ACTION_SELECT, ACTION_CLEAR_SELECTION, ACTION_ACCESSIBILITY_FOCUS]
