05-17 17:22:13.555 E/WifiTrafficPoller(  851): TRAFFIC_STATS_POLL true Token 2478 num clients 19
05-17 17:22:13.556 E/WifiTrafficPoller(  851):  packet count Tx=1708942 Rx=5608040
05-17 17:22:14.447 E/WifiStateMachine(  851):  ConnectedState (when=-4ms what=131155 arg1=555!CMD_RSSI_POLL 555 0 "BOCO-office" 94:b4:0f:68:a4:b1 rssi=-52 f=5785 sc=80 link=121 tx=1.3, 0.0, 0.0  rx=32.2 bcn=0 [on:0 tx:0 rx:0 period:3002] from screen [on:0 period:551493518] gl rssi=-52 ag=0 hr ticks 297,76,43 ls-=0 [56,56,56,56,61] brc=0 lrc=0
05-17 17:22:14.449 E/WifiStateMachine(  851):  L2ConnectedState (when=-6ms what=131155 arg1=555!CMD_RSSI_POLL 555 0 "BOCO-office" 94:b4:0f:68:a4:b1 rssi=-52 f=5785 sc=80 link=121 tx=1.3, 0.0, 0.0  rx=32.2 bcn=0 [on:0 tx:0 rx:0 period:2] from screen [on:0 period:551493520] gl rssi=-52 ag=0 hr ticks 297,76,43 ls-=0 [56,56,56,56,61] brc=0 lrc=0
05-17 17:22:14.449 E/WifiStateMachine(  851):  get link layer stats 0
05-17 17:22:14.453 E/WifiStateMachine(  851): calculateWifiScore() we set wifi's score to 1000, so will always set wifi as a default network.
05-17 17:22:14.556 E/WifiTrafficPoller(  851): TRAFFIC_STATS_POLL true Token 2478 num clients 19
05-17 17:22:14.556 E/WifiTrafficPoller(  851):  packet count Tx=1708943 Rx=5608053
05-17 17:22:14.556 E/WifiTrafficPoller(  851): notifying of data activity 3
05-17 17:22:15.557 E/WifiTrafficPoller(  851): TRAFFIC_STATS_POLL true Token 2478 num clients 19
05-17 17:22:15.558 E/WifiTrafficPoller(  851):  packet count Tx=1708943 Rx=5608059
05-17 17:22:15.558 E/WifiTrafficPoller(  851): notifying of data activity 1
05-17 17:22:16.560 E/WifiTrafficPoller(  851): TRAFFIC_STATS_POLL true Token 2478 num clients 19
05-17 17:22:16.561 E/WifiTrafficPoller(  851):  packet count Tx=1708944 Rx=5608072
05-17 17:22:16.561 E/WifiTrafficPoller(  851): notifying of data activity 3
05-17 17:22:17.458 E/WifiStateMachine(  851):  ConnectedState (when=-4ms what=131155 arg1=555!CMD_RSSI_POLL 555 0 "BOCO-office" 94:b4:0f:68:a4:b1 rssi=-52 f=5785 sc=80 link=121 tx=1.1, 0.0, 0.0  rx=31.1 bcn=0 [on:0 tx:0 rx:0 period:3002] from screen [on:0 period:551496530] gl rssi=-52 ag=0 hr ticks 297,76,43 ls-=0 [56,56,56,56,61] brc=0 lrc=0
05-17 17:22:17.460 E/WifiStateMachine(  851):  L2ConnectedState (when=-6ms what=131155 arg1=555!CMD_RSSI_POLL 555 0 "BOCO-office" 94:b4:0f:68:a4:b1 rssi=-52 f=5785 sc=80 link=121 tx=1.1, 0.0, 0.0  rx=31.1 bcn=0 [on:0 tx:0 rx:0 period:2] from screen [on:0 period:551496532] gl rssi=-52 ag=0 hr ticks 297,76,43 ls-=0 [56,56,56,56,61] brc=0 lrc=0
05-17 17:22:17.460 E/WifiStateMachine(  851):  get link layer stats 0
05-17 17:22:17.482 E/WifiStateMachine(  851): calculateWifiScore() we set wifi's score to 1000, so will always set wifi as a default network.
05-17 17:22:17.563 E/WifiTrafficPoller(  851): TRAFFIC_STATS_POLL true Token 2478 num clients 19
05-17 17:22:17.563 E/WifiTrafficPoller(  851):  packet count Tx=1708944 Rx=5608082
05-17 17:22:17.563 E/WifiTrafficPoller(  851): notifying of data activity 1
05-17 17:22:18.570 E/WifiTrafficPoller(  851): TRAFFIC_STATS_POLL true Token 2478 num clients 19
05-17 17:22:18.571 E/WifiTrafficPoller(  851):  packet count Tx=1708944 Rx=5608093
05-17 17:22:19.571 E/WifiTrafficPoller(  851): TRAFFIC_STATS_POLL true Token 2478 num clients 19
05-17 17:22:19.572 E/WifiTrafficPoller(  851):  packet count Tx=1708944 Rx=5608105
05-17 17:22:20.487 E/WifiStateMachine(  851):  ConnectedState (when=-4ms what=131155 arg1=555!CMD_RSSI_POLL 555 0 "BOCO-office" 94:b4:0f:68:a4:b1 rssi=-52 f=5785 sc=80 link=121 tx=1.1, 0.0, 0.0  rx=30.0 bcn=0 [on:0 tx:0 rx:0 period:3002] from screen [on:0 period:551499559] gl rssi=-52 ag=0 hr ticks 297,76,43 ls-=0 [56,56,56,56,61] brc=0 lrc=0
05-17 17:22:20.490 E/WifiStateMachine(  851):  L2ConnectedState (when=-7ms what=131155 arg1=555!CMD_RSSI_POLL 555 0 "BOCO-office" 94:b4:0f:68:a4:b1 rssi=-52 f=5785 sc=80 link=121 tx=1.1, 0.0, 0.0  rx=30.0 bcn=0 [on:0 tx:0 rx:0 period:3] from screen [on:0 period:551499562] gl rssi=-52 ag=0 hr ticks 297,76,43 ls-=0 [56,56,56,56,61] brc=0 lrc=0
05-17 17:22:20.490 E/WifiStateMachine(  851):  get link layer stats 0
05-17 17:22:20.502 E/WifiStateMachine(  851): calculateWifiScore() we set wifi's score to 1000, so will always set wifi as a default network.
05-17 17:22:20.572 E/WifiTrafficPoller(  851): TRAFFIC_STATS_POLL true Token 2478 num clients 19
05-17 17:22:20.573 E/WifiTrafficPoller(  851):  packet count Tx=1708944 Rx=5608118
05-17 17:22:21.573 E/WifiTrafficPoller(  851): TRAFFIC_STATS_POLL true Token 2478 num clients 19
05-17 17:22:21.573 E/WifiTrafficPoller(  851):  packet count Tx=1708944 Rx=5608127
05-17 17:22:22.563 E/NotificationService(  851): Suppressing notification from package com.qihoo.appstore by user request.
05-17 17:22:22.565 E/NotificationService(  851): Suppressing notification from package com.qihoo.appstore by user request.
05-17 17:22:22.573 E/WifiTrafficPoller(  851): TRAFFIC_STATS_POLL true Token 2478 num clients 19
05-17 17:22:22.573 E/WifiTrafficPoller(  851):  packet count Tx=1708945 Rx=5608137
05-17 17:22:22.573 E/WifiTrafficPoller(  851): notifying of data activity 3
05-17 17:22:23.504 E/WifiStateMachine(  851):  ConnectedState (when=-1ms what=131155 arg1=555!CMD_RSSI_POLL 555 0 "BOCO-office" 94:b4:0f:68:a4:b1 rssi=-52 f=5785 sc=80 link=121 tx=0.5, 0.0, 0.0  rx=33.0 bcn=0 [on:0 tx:0 rx:0 period:2999] from screen [on:0 period:551502576] gl rssi=-52 ag=0 hr ticks 297,76,43 ls-=0 [56,56,56,56,61] brc=0 lrc=0
05-17 17:22:23.506 E/WifiStateMachine(  851):  L2ConnectedState (when=-3ms what=131155 arg1=555!CMD_RSSI_POLL 555 0 "BOCO-office" 94:b4:0f:68:a4:b1 rssi=-52 f=5785 sc=80 link=121 tx=0.5, 0.0, 0.0  rx=33.0 bcn=0 [on:0 tx:0 rx:0 period:2] from screen [on:0 period:551502578] gl rssi=-52 ag=0 hr ticks 297,76,43 ls-=0 [56,56,56,56,61] brc=0 lrc=0
05-17 17:22:23.506 E/WifiStateMachine(  851):  get link layer stats 0
05-17 17:22:23.532 E/WifiStateMachine(  851): calculateWifiScore() we set wifi's score to 1000, so will always set wifi as a default network.
05-17 17:22:23.575 E/WifiTrafficPoller(  851): TRAFFIC_STATS_POLL true Token 2478 num clients 19
05-17 17:22:23.576 E/WifiTrafficPoller(  851):  packet count Tx=1708945 Rx=5608143
05-17 17:22:23.576 E/WifiTrafficPoller(  851): notifying of data activity 1
05-17 17:22:24.579 E/WifiTrafficPoller(  851): TRAFFIC_STATS_POLL true Token 2478 num clients 19
05-17 17:22:24.581 E/WifiTrafficPoller(  851):  packet count Tx=1708945 Rx=5608150
05-17 17:22:25.581 E/WifiTrafficPoller(  851): TRAFFIC_STATS_POLL true Token 2478 num clients 19
05-17 17:22:25.582 E/WifiTrafficPoller(  851):  packet count Tx=1708945 Rx=5608163
05-17 17:22:26.535 E/WifiStateMachine(  851):  ConnectedState (when=-2ms what=131155 arg1=555!CMD_RSSI_POLL 555 0 "BOCO-office" 94:b4:0f:68:a4:b1 rssi=-53 f=5785 sc=80 link=121 tx=0.8, 0.0, 0.0  rx=29.5 bcn=0 [on:0 tx:0 rx:0 period:3000] from screen [on:0 period:551505607] gl rssi=-53 ag=0 hr ticks 297,76,43 ls-=0 [56,56,56,56,61] brc=0 lrc=0
05-17 17:22:26.537 E/WifiStateMachine(  851):  L2ConnectedState (when=-4ms what=131155 arg1=555!CMD_RSSI_POLL 555 0 "BOCO-office" 94:b4:0f:68:a4:b1 rssi=-53 f=5785 sc=80 link=121 tx=0.8, 0.0, 0.0  rx=29.5 bcn=0 [on:0 tx:0 rx:0 period:2] from screen [on:0 period:551505609] gl rssi=-53 ag=0 hr ticks 297,76,43 ls-=0 [56,56,56,56,61] brc=0 lrc=0
05-17 17:22:26.537 E/WifiStateMachine(  851):  get link layer stats 0
05-17 17:22:26.541 E/WifiStateMachine(  851): calculateWifiScore() we set wifi's score to 1000, so will always set wifi as a default network.
05-17 17:22:26.582 E/WifiTrafficPoller(  851): TRAFFIC_STATS_POLL true Token 2478 num clients 19
05-17 17:22:26.583 E/WifiTrafficPoller(  851):  packet count Tx=1708945 Rx=5608176
05-17 17:22:27.583 E/WifiTrafficPoller(  851): TRAFFIC_STATS_POLL true Token 2478 num clients 19
05-17 17:22:27.583 E/WifiTrafficPoller(  851):  packet count Tx=1708945 Rx=5608183
05-17 17:22:28.583 E/WifiTrafficPoller(  851): TRAFFIC_STATS_POLL true Token 2478 num clients 19
05-17 17:22:28.585 E/WifiTrafficPoller(  851):  packet count Tx=1708945 Rx=5608193
05-17 17:22:29.545 E/WifiStateMachine(  851):  ConnectedState (when=-3ms what=131155 arg1=555!CMD_RSSI_POLL 555 0 "BOCO-office" 94:b4:0f:68:a4:b1 rssi=-52 f=5785 sc=80 link=121 tx=0.4, 0.0, 0.0  rx=31.3 bcn=0 [on:0 tx:0 rx:0 period:3001] from screen [on:0 period:551508617] gl rssi=-52 ag=0 hr ticks 297,76,43 ls-=0 [56,56,56,56,61] brc=0 lrc=0
05-17 17:22:29.547 E/WifiStateMachine(  851):  L2ConnectedState (when=-5ms what=131155 arg1=555!CMD_RSSI_POLL 555 0 "BOCO-office" 94:b4:0f:68:a4:b1 rssi=-52 f=5785 sc=80 link=121 tx=0.4, 0.0, 0.0  rx=31.3 bcn=0 [on:0 tx:0 rx:0 period:2] from screen [on:0 period:551508619] gl rssi=-52 ag=0 hr ticks 297,76,43 ls-=0 [56,56,56,56,61] brc=0 lrc=0
05-17 17:22:29.547 E/WifiStateMachine(  851):  get link layer stats 0
05-17 17:22:29.572 E/WifiStateMachine(  851): calculateWifiScore() we set wifi's score to 1000, so will always set wifi as a default network.
05-17 17:22:29.585 E/WifiTrafficPoller(  851): TRAFFIC_STATS_POLL true Token 2478 num clients 19
05-17 17:22:29.587 E/WifiTrafficPoller(  851):  packet count Tx=1708945 Rx=5608201
05-17 17:22:30.587 E/WifiTrafficPoller(  851): TRAFFIC_STATS_POLL true Token 2478 num clients 19
05-17 17:22:30.587 E/WifiTrafficPoller(  851):  packet count Tx=1708946 Rx=5608221
05-17 17:22:30.587 E/WifiTrafficPoller(  851): notifying of data activity 3
05-17 17:22:31.588 E/WifiTrafficPoller(  851): TRAFFIC_STATS_POLL true Token 2478 num clients 19
05-17 17:22:31.589 E/WifiTrafficPoller(  851):  packet count Tx=1708947 Rx=5608233
05-17 17:22:32.575 E/WifiStateMachine(  851):  ConnectedState (when=-2ms what=131155 arg1=555!CMD_RSSI_POLL 555 0 "BOCO-office" 94:b4:0f:68:a4:b1 rssi=-52 f=5785 sc=80 link=121 tx=0.2, 0.0, 0.0  rx=28.1 bcn=0 [on:0 tx:0 rx:0 period:2999] from screen [on:0 period:551511646] gl rssi=-52 ag=0 hr ticks 297,76,43 ls-=0 [56,56,56,56,61] brc=0 lrc=0
05-17 17:22:32.576 E/WifiStateMachine(  851):  L2ConnectedState (when=-3ms what=131155 arg1=555!CMD_RSSI_POLL 555 0 "BOCO-office" 94:b4:0f:68:a4:b1 rssi=-52 f=5785 sc=80 link=121 tx=0.2, 0.0, 0.0  rx=28.1 bcn=0 [on:0 tx:0 rx:0 period:2] from screen [on:0 period:551511648] gl rssi=-52 ag=0 hr ticks 297,76,43 ls-=0 [56,56,56,56,61] brc=0 lrc=0
05-17 17:22:32.576 E/WifiStateMachine(  851):  get link layer stats 0
05-17 17:22:32.589 E/WifiTrafficPoller(  851): TRAFFIC_STATS_POLL true Token 2478 num clients 19
05-17 17:22:32.590 E/WifiTrafficPoller(  851):  packet count Tx=1708947 Rx=5608237
05-17 17:22:32.590 E/WifiTrafficPoller(  851): notifying of data activity 1
05-17 17:22:32.602 E/WifiStateMachine(  851): calculateWifiScore() we set wifi's score to 1000, so will always set wifi as a default network.
05-17 17:22:33.595 E/WifiTrafficPoller(  851): TRAFFIC_STATS_POLL true Token 2478 num clients 19
05-17 17:22:33.595 E/WifiTrafficPoller(  851):  packet count Tx=1708948 Rx=5608246
05-17 17:22:33.595 E/WifiTrafficPoller(  851): notifying of data activity 3
05-17 17:22:34.596 E/WifiTrafficPoller(  851): TRAFFIC_STATS_POLL true Token 2478 num clients 19
05-17 17:22:34.598 E/WifiTrafficPoller(  851):  packet count Tx=1708948 Rx=5608256
05-17 17:22:34.598 E/WifiTrafficPoller(  851): notifying of data activity 1
05-17 17:22:35.601 E/WifiTrafficPoller(  851): TRAFFIC_STATS_POLL true Token 2478 num clients 19
05-17 17:22:35.602 E/WifiTrafficPoller(  851):  packet count Tx=1708948 Rx=5608268
05-17 17:22:35.605 E/WifiStateMachine(  851):  ConnectedState (when=-2ms what=131155 arg1=555!CMD_RSSI_POLL 555 0 "BOCO-office" 94:b4:0f:68:a4:b1 rssi=-53 f=5785 sc=80 link=121 tx=1.1, 0.0, 0.0  rx=32.1 bcn=0 [on:0 tx:0 rx:0 period:2998] from screen [on:0 period:551514676] gl rssi=-53 ag=0 hr ticks 297,76,43 ls-=0 [56,56,56,56,61] brc=0 lrc=0
05-17 17:22:35.606 E/WifiStateMachine(  851):  L2ConnectedState (when=-3ms what=131155 arg1=555!CMD_RSSI_POLL 555 0 "BOCO-office" 94:b4:0f:68:a4:b1 rssi=-53 f=5785 sc=80 link=121 tx=1.1, 0.0, 0.0  rx=32.1 bcn=0 [on:0 tx:0 rx:0 period:2] from screen [on:0 period:551514678] gl rssi=-53 ag=0 hr ticks 297,76,43 ls-=0 [56,56,56,56,61] brc=0 lrc=0
05-17 17:22:35.606 E/WifiStateMachine(  851):  get link layer stats 0
05-17 17:22:35.635 E/WifiStateMachine(  851): calculateWifiScore() we set wifi's score to 1000, so will always set wifi as a default network.
05-17 17:22:36.602 E/WifiTrafficPoller(  851): TRAFFIC_STATS_POLL true Token 2478 num clients 19
05-17 17:22:36.604 E/WifiTrafficPoller(  851):  packet count Tx=1708948 Rx=5608283
05-17 17:22:37.604 E/WifiTrafficPoller(  851): TRAFFIC_STATS_POLL true Token 2478 num clients 19
05-17 17:22:37.605 E/WifiTrafficPoller(  851):  packet count Tx=1708948 Rx=5608296
05-17 17:22:38.605 E/WifiTrafficPoller(  851): TRAFFIC_STATS_POLL true Token 2478 num clients 19
05-17 17:22:38.606 E/WifiTrafficPoller(  851):  packet count Tx=1708948 Rx=5608307
05-17 17:22:38.639 E/WifiStateMachine(  851):  ConnectedState (when=-2ms what=131155 arg1=555!CMD_RSSI_POLL 555 0 "BOCO-office" 94:b4:0f:68:a4:b1 rssi=-53 f=5785 sc=80 link=121 tx=1.0, 0.0, 0.0  rx=31.5 bcn=0 [on:0 tx:0 rx:0 period:3000] from screen [on:0 period:551517711] gl rssi=-53 ag=0 hr ticks 297,76,43 ls-=0 [56,56,56,56,61] brc=0 lrc=0
05-17 17:22:38.641 E/WifiStateMachine(  851):  L2ConnectedState (when=-4ms what=131155 arg1=555!CMD_RSSI_POLL 555 0 "BOCO-office" 94:b4:0f:68:a4:b1 rssi=-53 f=5785 sc=80 link=121 tx=1.0, 0.0, 0.0  rx=31.5 bcn=0 [on:0 tx:0 rx:0 period:2] from screen [on:0 period:551517713] gl rssi=-53 ag=0 hr ticks 297,76,43 ls-=0 [56,56,56,56,61] brc=0 lrc=0
05-17 17:22:38.641 E/WifiStateMachine(  851):  get link layer stats 0
05-17 17:22:38.662 E/WifiStateMachine(  851): calculateWifiScore() we set wifi's score to 1000, so will always set wifi as a default network.
05-17 17:22:39.606 E/WifiTrafficPoller(  851): TRAFFIC_STATS_POLL true Token 2478 num clients 19
05-17 17:22:39.607 E/WifiTrafficPoller(  851):  packet count Tx=1708948 Rx=5608316
05-17 17:22:40.607 E/WifiTrafficPoller(  851): TRAFFIC_STATS_POLL true Token 2478 num clients 19
05-17 17:22:40.609 E/WifiTrafficPoller(  851):  packet count Tx=1708948 Rx=5608330
05-17 17:22:41.609 E/WifiTrafficPoller(  851): TRAFFIC_STATS_POLL true Token 2478 num clients 19
05-17 17:22:41.609 E/WifiTrafficPoller(  851):  packet count Tx=1708948 Rx=5608339
05-17 17:22:41.666 E/WifiStateMachine(  851):  ConnectedState (when=-3ms what=131155 arg1=555!CMD_RSSI_POLL 555 0 "BOCO-office" 94:b4:0f:68:a4:b1 rssi=-52 f=5785 sc=80 link=121 tx=0.5, 0.0, 0.0  rx=35.3 bcn=0 [on:0 tx:0 rx:0 period:3002] from screen [on:0 period:551520738] gl rssi=-52 ag=0 hr ticks 297,76,43 ls-=0 [56,56,56,56,61] brc=0 lrc=0
05-17 17:22:41.668 E/WifiStateMachine(  851):  L2ConnectedState (when=-5ms what=131155 arg1=555!CMD_RSSI_POLL 555 0 "BOCO-office" 94:b4:0f:68:a4:b1 rssi=-52 f=5785 sc=80 link=121 tx=0.5, 0.0, 0.0  rx=35.3 bcn=0 [on:0 tx:0 rx:0 period:2] from screen [on:0 period:551520740] gl rssi=-52 ag=0 hr ticks 297,76,43 ls-=0 [56,56,56,56,61] brc=0 lrc=0
05-17 17:22:41.668 E/WifiStateMachine(  851):  get link layer stats 0
05-17 17:22:41.692 E/WifiStateMachine(  851): calculateWifiScore() we set wifi's score to 1000, so will always set wifi as a default network.
05-17 17:22:42.609 E/WifiTrafficPoller(  851): TRAFFIC_STATS_POLL true Token 2478 num clients 19
05-17 17:22:42.610 E/WifiTrafficPoller(  851):  packet count Tx=1708948 Rx=5608347
05-17 17:22:42.975 E/memtrack( 8496): Couldn't load memtrack module (No such file or directory)
05-17 17:22:42.975 E/android.os.Debug( 8496): failed to load memtrack module: -2
05-17 17:22:43.610 E/WifiTrafficPoller(  851): TRAFFIC_STATS_POLL true Token 2478 num clients 19
05-17 17:22:43.611 E/WifiTrafficPoller(  851):  packet count Tx=1708948 Rx=5608358
05-17 17:22:44.535 E/memtrack( 8514): Couldn't load memtrack module (No such file or directory)
05-17 17:22:44.535 E/android.os.Debug( 8514): failed to load memtrack module: -2
05-17 17:22:44.611 E/WifiTrafficPoller(  851): TRAFFIC_STATS_POLL true Token 2478 num clients 19
05-17 17:22:44.612 E/WifiTrafficPoller(  851):  packet count Tx=1708948 Rx=5608377
05-17 17:22:44.698 E/WifiStateMachine(  851):  ConnectedState (when=-4ms what=131155 arg1=555!CMD_RSSI_POLL 555 0 "BOCO-office" 94:b4:0f:68:a4:b1 rssi=-51 f=5785 sc=80 link=121 tx=0.3, 0.0, 0.0  rx=33.6 bcn=0 [on:0 tx:0 rx:0 period:3003] from screen [on:0 period:551523769] gl rssi=-51 ag=0 hr ticks 297,76,43 ls-=0 [56,56,56,56,61] brc=0 lrc=0
05-17 17:22:44.700 E/WifiStateMachine(  851):  L2ConnectedState (when=-7ms what=131155 arg1=555!CMD_RSSI_POLL 555 0 "BOCO-office" 94:b4:0f:68:a4:b1 rssi=-51 f=5785 sc=80 link=121 tx=0.3, 0.0, 0.0  rx=33.6 bcn=0 [on:0 tx:0 rx:0 period:3] from screen [on:0 period:551523772] gl rssi=-51 ag=0 hr ticks 297,76,43 ls-=0 [56,56,56,56,61] brc=0 lrc=0
05-17 17:22:44.700 E/WifiStateMachine(  851):  get link layer stats 0
05-17 17:22:44.722 E/WifiStateMachine(  851): calculateWifiScore() we set wifi's score to 1000, so will always set wifi as a default network.
05-17 17:22:45.612 E/WifiTrafficPoller(  851): TRAFFIC_STATS_POLL true Token 2478 num clients 19
05-17 17:22:45.613 E/WifiTrafficPoller(  851):  packet count Tx=1708948 Rx=5608397
05-17 17:22:46.081 E/memtrack( 8532): Couldn't load memtrack module (No such file or directory)
05-17 17:22:46.081 E/android.os.Debug( 8532): failed to load memtrack module: -2
05-17 17:22:46.613 E/WifiTrafficPoller(  851): TRAFFIC_STATS_POLL true Token 2478 num clients 19
05-17 17:22:46.614 E/WifiTrafficPoller(  851):  packet count Tx=1708948 Rx=5608421
05-17 17:22:46.803 E/memtrack( 8550): Couldn't load memtrack module (No such file or directory)
05-17 17:22:46.803 E/android.os.Debug( 8550): failed to load memtrack module: -2
05-17 17:22:47.614 E/WifiTrafficPoller(  851): TRAFFIC_STATS_POLL true Token 2478 num clients 19
05-17 17:22:47.615 E/WifiTrafficPoller(  851):  packet count Tx=1708948 Rx=5608437
05-17 17:22:47.726 E/WifiStateMachine(  851):  ConnectedState (when=-3ms what=131155 arg1=555!CMD_RSSI_POLL 555 0 "BOCO-office" 94:b4:0f:68:a4:b1 rssi=-51 f=5785 sc=80 link=121 tx=0.1, 0.0, 0.0  rx=38.3 bcn=0 [on:0 tx:0 rx:0 period:3000] from screen [on:0 period:551526798] gl rssi=-51 ag=0 hr ticks 297,76,43 ls-=0 [56,56,56,56,61] brc=0 lrc=0
05-17 17:22:47.726 E/WifiStateMachine(  851):  L2ConnectedState (when=-4ms what=131155 arg1=555!CMD_RSSI_POLL 555 0 "BOCO-office" 94:b4:0f:68:a4:b1 rssi=-51 f=5785 sc=80 link=121 tx=0.1, 0.0, 0.0  rx=38.3 bcn=0 [on:0 tx:0 rx:0 period:0] from screen [on:0 period:551526798] gl rssi=-51 ag=0 hr ticks 297,76,43 ls-=0 [56,56,56,56,61] brc=0 lrc=0
05-17 17:22:47.726 E/WifiStateMachine(  851):  get link layer stats 0
05-17 17:22:47.739 E/WifiStateMachine(  851): calculateWifiScore() we set wifi's score to 1000, so will always set wifi as a default network.
05-17 17:22:47.896 E/memtrack( 8567): Couldn't load memtrack module (No such file or directory)
05-17 17:22:47.896 E/android.os.Debug( 8567): failed to load memtrack module: -2
05-17 17:22:48.615 E/WifiTrafficPoller(  851): TRAFFIC_STATS_POLL true Token 2478 num clients 19
05-17 17:22:48.616 E/WifiTrafficPoller(  851):  packet count Tx=1708948 Rx=5608453
05-17 17:22:49.013 E/memtrack( 8584): Couldn't load memtrack module (No such file or directory)
05-17 17:22:49.013 E/android.os.Debug( 8584): failed to load memtrack module: -2
05-17 17:22:49.046 E/art     ( 8584): Thread attaching while runtime is shutting down: Binder_1
05-17 17:22:49.616 E/WifiTrafficPoller(  851): TRAFFIC_STATS_POLL true Token 2478 num clients 19
05-17 17:22:49.618 E/WifiTrafficPoller(  851):  packet count Tx=1708948 Rx=5608462
05-17 17:22:50.017 E/memtrack( 8600): Couldn't load memtrack module (No such file or directory)
05-17 17:22:50.017 E/android.os.Debug( 8600): failed to load memtrack module: -2
05-17 17:22:50.618 E/WifiTrafficPoller(  851): TRAFFIC_STATS_POLL true Token 2478 num clients 19
05-17 17:22:50.619 E/WifiTrafficPoller(  851):  packet count Tx=1708948 Rx=5608480
05-17 17:22:50.744 E/WifiStateMachine(  851):  ConnectedState (when=-4ms what=131155 arg1=555!CMD_RSSI_POLL 555 0 "BOCO-office" 94:b4:0f:68:a4:b1 rssi=-50 f=5785 sc=80 link=121 tx=0.1, 0.0, 0.0  rx=46.7 bcn=0 [on:0 tx:0 rx:0 period:3004] from screen [on:0 period:551529816] gl rssi=-50 ag=0 hr ticks 297,76,43 ls-=0 [56,56,56,56,61] brc=0 lrc=0
05-17 17:22:50.746 E/WifiStateMachine(  851):  L2ConnectedState (when=-6ms what=131155 arg1=555!CMD_RSSI_POLL 555 0 "BOCO-office" 94:b4:0f:68:a4:b1 rssi=-50 f=5785 sc=80 link=121 tx=0.1, 0.0, 0.0  rx=46.7 bcn=0 [on:0 tx:0 rx:0 period:2] from screen [on:0 period:551529818] gl rssi=-50 ag=0 hr ticks 297,76,43 ls-=0 [56,56,56,56,61] brc=0 lrc=0
05-17 17:22:50.746 E/WifiStateMachine(  851):  get link layer stats 0
05-17 17:22:50.772 E/WifiStateMachine(  851): calculateWifiScore() we set wifi's score to 1000, so will always set wifi as a default network.
05-17 17:22:51.445 E/memtrack( 8619): Couldn't load memtrack module (No such file or directory)
05-17 17:22:51.445 E/android.os.Debug( 8619): failed to load memtrack module: -2
05-17 17:22:51.619 E/WifiTrafficPoller(  851): TRAFFIC_STATS_POLL true Token 2478 num clients 19
05-17 17:22:51.620 E/WifiTrafficPoller(  851):  packet count Tx=1708948 Rx=5608498
05-17 17:22:52.213 E/memtrack( 8636): Couldn't load memtrack module (No such file or directory)
05-17 17:22:52.213 E/android.os.Debug( 8636): failed to load memtrack module: -2
05-17 17:22:52.620 E/WifiTrafficPoller(  851): TRAFFIC_STATS_POLL true Token 2478 num clients 19
05-17 17:22:52.620 E/WifiTrafficPoller(  851):  packet count Tx=1708949 Rx=5608512
05-17 17:22:52.620 E/WifiTrafficPoller(  851): notifying of data activity 3
05-17 17:22:53.621 E/WifiTrafficPoller(  851): TRAFFIC_STATS_POLL true Token 2478 num clients 19
05-17 17:22:53.622 E/WifiTrafficPoller(  851):  packet count Tx=1708949 Rx=5608532
05-17 17:22:53.623 E/WifiTrafficPoller(  851): notifying of data activity 1
05-17 17:22:53.777 E/WifiStateMachine(  851):  ConnectedState (when=-4ms what=131155 arg1=555!CMD_RSSI_POLL 555 0 "BOCO-office" 94:b4:0f:68:a4:b1 rssi=-50 f=5785 sc=80 link=121 tx=0.0, 0.0, 0.0  rx=44.8 bcn=0 [on:0 tx:0 rx:0 period:3002] from screen [on:0 period:551532849] gl rssi=-50 ag=0 hr ticks 297,76,43 ls-=0 [56,56,56,56,61] brc=0 lrc=0
05-17 17:22:53.779 E/WifiStateMachine(  851):  L2ConnectedState (when=-7ms what=131155 arg1=555!CMD_RSSI_POLL 555 0 "BOCO-office" 94:b4:0f:68:a4:b1 rssi=-50 f=5785 sc=80 link=121 tx=0.0, 0.0, 0.0  rx=44.8 bcn=0 [on:0 tx:0 rx:0 period:2] from screen [on:0 period:551532851] gl rssi=-50 ag=0 hr ticks 297,76,43 ls-=0 [56,56,56,56,61] brc=0 lrc=0
05-17 17:22:53.779 E/WifiStateMachine(  851):  get link layer stats 0
05-17 17:22:53.785 E/WifiStateMachine(  851): calculateWifiScore() we set wifi's score to 1000, so will always set wifi as a default network.
05-17 17:22:54.627 E/WifiTrafficPoller(  851): TRAFFIC_STATS_POLL true Token 2478 num clients 19
05-17 17:22:54.629 E/WifiTrafficPoller(  851):  packet count Tx=1708949 Rx=5608553
05-17 17:22:55.630 E/WifiTrafficPoller(  851): TRAFFIC_STATS_POLL true Token 2478 num clients 19
05-17 17:22:55.632 E/WifiTrafficPoller(  851):  packet count Tx=1708950 Rx=5608564
05-17 17:22:55.632 E/WifiTrafficPoller(  851): notifying of data activity 3
05-17 17:22:56.637 E/WifiTrafficPoller(  851): TRAFFIC_STATS_POLL true Token 2478 num clients 19
05-17 17:22:56.638 E/WifiTrafficPoller(  851):  packet count Tx=1708950 Rx=5608579
05-17 17:22:56.638 E/WifiTrafficPoller(  851): notifying of data activity 1
05-17 17:22:56.789 E/WifiStateMachine(  851):  ConnectedState (when=-3ms what=131155 arg1=555!CMD_RSSI_POLL 555 0 "BOCO-office" 94:b4:0f:68:a4:b1 rssi=-50 f=5785 sc=80 link=121 tx=0.5, 0.0, 0.0  rx=52.4 bcn=0 [on:0 tx:0 rx:0 period:3000] from screen [on:0 period:551535861] gl rssi=-50 ag=0 hr ticks 297,76,43 ls-=0 [56,56,56,56,61] brc=0 lrc=0
05-17 17:22:56.790 E/WifiStateMachine(  851):  L2ConnectedState (when=-3ms what=131155 arg1=555!CMD_RSSI_POLL 555 0 "BOCO-office" 94:b4:0f:68:a4:b1 rssi=-50 f=5785 sc=80 link=121 tx=0.5, 0.0, 0.0  rx=52.4 bcn=0 [on:0 tx:0 rx:0 period:1] from screen [on:0 period:551535862] gl rssi=-50 ag=0 hr ticks 297,76,43 ls-=0 [56,56,56,56,61] brc=0 lrc=0
05-17 17:22:56.790 E/WifiStateMachine(  851):  get link layer stats 0
05-17 17:22:56.810 E/WifiStateMachine(  851): calculateWifiScore() we set wifi's score to 1000, so will always set wifi as a default network.
05-17 17:22:57.640 E/WifiTrafficPoller(  851): TRAFFIC_STATS_POLL true Token 2478 num clients 19
05-17 17:22:57.641 E/WifiTrafficPoller(  851):  packet count Tx=1708950 Rx=5608592
05-17 17:22:58.578 E/memtrack( 8656): Couldn't load memtrack module (No such file or directory)
05-17 17:22:58.578 E/android.os.Debug( 8656): failed to load memtrack module: -2
05-17 17:22:58.642 E/WifiTrafficPoller(  851): TRAFFIC_STATS_POLL true Token 2478 num clients 19
05-17 17:22:58.642 E/WifiTrafficPoller(  851):  packet count Tx=1708966 Rx=5608616
05-17 17:22:58.642 E/WifiTrafficPoller(  851): notifying of data activity 3
05-17 17:22:59.643 E/WifiTrafficPoller(  851): TRAFFIC_STATS_POLL true Token 2478 num clients 19
05-17 17:22:59.644 E/WifiTrafficPoller(  851):  packet count Tx=1708966 Rx=5608624
05-17 17:22:59.644 E/WifiTrafficPoller(  851): notifying of data activity 1
05-17 17:22:59.814 E/WifiStateMachine(  851):  ConnectedState (when=-4ms what=131155 arg1=555!CMD_RSSI_POLL 555 0 "BOCO-office" 94:b4:0f:68:a4:b1 rssi=-50 f=5785 sc=80 link=121 tx=0.8, 0.0, 0.0  rx=47.2 bcn=0 [on:0 tx:0 rx:0 period:3002] from screen [on:0 period:551538886] gl rssi=-50 ag=0 hr ticks 297,76,43 ls-=0 [56,56,56,56,61] brc=0 lrc=0
05-17 17:22:59.817 E/WifiStateMachine(  851):  L2ConnectedState (when=-6ms what=131155 arg1=555!CMD_RSSI_POLL 555 0 "BOCO-office" 94:b4:0f:68:a4:b1 rssi=-50 f=5785 sc=80 link=121 tx=0.8, 0.0, 0.0  rx=47.2 bcn=0 [on:0 tx:0 rx:0 period:3] from screen [on:0 period:551538889] gl rssi=-50 ag=0 hr ticks 297,76,43 ls-=0 [56,56,56,56,61] brc=0 lrc=0
05-17 17:22:59.817 E/WifiStateMachine(  851):  get link layer stats 0
05-17 17:22:59.824 E/WifiStateMachine(  851): calculateWifiScore() we set wifi's score to 1000, so will always set wifi as a default network.
05-17 17:23:00.647 E/WifiTrafficPoller(  851): TRAFFIC_STATS_POLL true Token 2478 num clients 19
05-17 17:23:00.649 E/WifiTrafficPoller(  851):  packet count Tx=1708966 Rx=5608642
05-17 17:23:01.649 E/WifiTrafficPoller(  851): TRAFFIC_STATS_POLL true Token 2478 num clients 19
05-17 17:23:01.649 E/WifiTrafficPoller(  851):  packet count Tx=1708966 Rx=5608658
05-17 17:23:02.649 E/WifiTrafficPoller(  851): TRAFFIC_STATS_POLL true Token 2478 num clients 19
05-17 17:23:02.649 E/WifiTrafficPoller(  851):  packet count Tx=1708966 Rx=5608671
05-17 17:23:02.828 E/WifiStateMachine(  851):  ConnectedState (when=-3ms what=131155 arg1=555!CMD_RSSI_POLL 555 0 "BOCO-office" 94:b4:0f:68:a4:b1 rssi=-49 f=5785 sc=80 link=121 tx=8.4, 0.0, 0.0  rx=46.1 bcn=0 [on:0 tx:0 rx:0 period:2999] from screen [on:0 period:551541899] gl rssi=-49 ag=0 hr ticks 297,76,43 ls-=0 [56,56,60,60,65] brc=0 lrc=0
05-17 17:23:02.828 E/WifiStateMachine(  851):  L2ConnectedState (when=-4ms what=131155 arg1=555!CMD_RSSI_POLL 555 0 "BOCO-office" 94:b4:0f:68:a4:b1 rssi=-49 f=5785 sc=80 link=121 tx=8.4, 0.0, 0.0  rx=46.1 bcn=0 [on:0 tx:0 rx:0 period:1] from screen [on:0 period:551541900] gl rssi=-49 ag=0 hr ticks 297,76,43 ls-=0 [56,56,60,60,65] brc=0 lrc=0
05-17 17:23:02.828 E/WifiStateMachine(  851):  get link layer stats 0
05-17 17:23:02.850 E/WifiStateMachine(  851): calculateWifiScore() we set wifi's score to 1000, so will always set wifi as a default network.
05-17 17:23:03.650 E/WifiTrafficPoller(  851): TRAFFIC_STATS_POLL true Token 2478 num clients 19
05-17 17:23:03.652 E/WifiTrafficPoller(  851):  packet count Tx=1708966 Rx=5608683
05-17 17:23:04.652 E/WifiTrafficPoller(  851): TRAFFIC_STATS_POLL true Token 2478 num clients 19
05-17 17:23:04.653 E/WifiTrafficPoller(  851):  packet count Tx=1708966 Rx=5608699
05-17 17:23:05.653 E/WifiTrafficPoller(  851): TRAFFIC_STATS_POLL true Token 2478 num clients 19
05-17 17:23:05.654 E/WifiTrafficPoller(  851):  packet count Tx=1708966 Rx=5608706
05-17 17:23:05.856 E/WifiStateMachine(  851):  ConnectedState (when=-4ms what=131155 arg1=555!CMD_RSSI_POLL 555 0 "BOCO-office" 94:b4:0f:68:a4:b1 rssi=-49 f=5785 sc=80 link=121 tx=4.2, 0.0, 0.0  rx=47.1 bcn=0 [on:0 tx:0 rx:0 period:3002] from screen [on:0 period:551544928] gl rssi=-49 ag=0 hr ticks 297,76,43 ls-=0 [56,56,56,56,61] brc=0 lrc=0
05-17 17:23:05.859 E/WifiStateMachine(  851):  L2ConnectedState (when=-7ms what=131155 arg1=555!CMD_RSSI_POLL 555 0 "BOCO-office" 94:b4:0f:68:a4:b1 rssi=-49 f=5785 sc=80 link=121 tx=4.2, 0.0, 0.0  rx=47.1 bcn=0 [on:0 tx:0 rx:0 period:3] from screen [on:0 period:551544931] gl rssi=-49 ag=0 hr ticks 297,76,43 ls-=0 [56,56,56,56,61] brc=0 lrc=0
05-17 17:23:05.860 E/WifiStateMachine(  851):  get link layer stats 0
05-17 17:23:05.867 E/WifiStateMachine(  851): calculateWifiScore() we set wifi's score to 1000, so will always set wifi as a default network.
05-17 17:23:06.654 E/WifiTrafficPoller(  851): TRAFFIC_STATS_POLL true Token 2478 num clients 19
05-17 17:23:06.656 E/WifiTrafficPoller(  851):  packet count Tx=1708966 Rx=5608723
05-17 17:23:07.657 E/WifiTrafficPoller(  851): TRAFFIC_STATS_POLL true Token 2478 num clients 19
05-17 17:23:07.657 E/WifiTrafficPoller(  851):  packet count Tx=1708966 Rx=5608739
05-17 17:23:08.596 E/memtrack( 8683): Couldn't load memtrack module (No such file or directory)
05-17 17:23:08.596 E/android.os.Debug( 8683): failed to load memtrack module: -2
05-17 17:23:08.657 E/WifiTrafficPoller(  851): TRAFFIC_STATS_POLL true Token 2478 num clients 19
05-17 17:23:08.657 E/WifiTrafficPoller(  851):  packet count Tx=1708966 Rx=5608753
05-17 17:23:08.868 E/WifiStateMachine(  851):  ConnectedState (when=-1ms what=131155 arg1=555!CMD_RSSI_POLL 555 0 "BOCO-office" 94:b4:0f:68:a4:b1 rssi=-49 f=5785 sc=80 link=121 tx=2.1, 0.0, 0.0  rx=41.5 bcn=0 [on:0 tx:0 rx:0 period:2995] from screen [on:0 period:551547940] gl rssi=-49 ag=0 hr ticks 297,76,43 ls-=0 [56,56,56,56,61] brc=0 lrc=0
05-17 17:23:08.869 E/WifiStateMachine(  851):  L2ConnectedState (when=-2ms what=131155 arg1=555!CMD_RSSI_POLL 555 0 "BOCO-office" 94:b4:0f:68:a4:b1 rssi=-49 f=5785 sc=80 link=121 tx=2.1, 0.0, 0.0  rx=41.5 bcn=0 [on:0 tx:0 rx:0 period:1] from screen [on:0 period:551547941] gl rssi=-49 ag=0 hr ticks 297,76,43 ls-=0 [56,56,56,56,61] brc=0 lrc=0
05-17 17:23:08.869 E/WifiStateMachine(  851):  get link layer stats 0
05-17 17:23:08.890 E/WifiStateMachine(  851): calculateWifiScore() we set wifi's score to 1000, so will always set wifi as a default network.
05-17 17:23:09.386 E/memtrack( 8700): Couldn't load memtrack module (No such file or directory)
05-17 17:23:09.386 E/android.os.Debug( 8700): failed to load memtrack module: -2
05-17 17:23:09.731 E/WifiTrafficPoller(  851): TRAFFIC_STATS_POLL true Token 2478 num clients 19
05-17 17:23:09.731 E/WifiTrafficPoller(  851):  packet count Tx=1708966 Rx=5608763
05-17 17:23:09.732 E/NotificationService(  851): Suppressing notification from package com.qihoo.appstore by user request.
05-17 17:23:09.764 E/Launcher.FragmentLoader( 1966): Widget ComponentInfo{net.qihoo.launcher.widget.clockweather/net.qihoo.clockweather.widget.WidgetProvider52} can not fit on this device (1170, 438)
05-17 17:23:09.765 E/Launcher.FragmentLoader( 1966): Widget ComponentInfo{net.qihoo.launcher.widget.clockweather/net.qihoo.clockweather.widget.WidgetProvider51} can not fit on this device (1170, 210)
05-17 17:23:09.802 E/AppStore.AppstoreProvider(30673): AppstoreProvider:delete:160128-358=>delete failed PACKAGE_REPLACE
05-17 17:23:09.956 E/NotificationService(  851): Suppressing notification from package com.qihoo.appstore by user request.
05-17 17:23:10.116 E/VivoGame.GameProvider( 4376): update table game_item failed
05-17 17:23:10.126 E/VivoGame.GameProvider( 4376): update table game_item failed
05-17 17:23:10.133 E/VivoGame.GameProvider( 4376): update table game_item failed
05-17 17:23:10.731 E/WifiTrafficPoller(  851): TRAFFIC_STATS_POLL true Token 2478 num clients 19
05-17 17:23:10.732 E/WifiTrafficPoller(  851):  packet count Tx=1708966 Rx=5608773
05-17 17:23:10.877 E/memtrack( 8889): Couldn't load memtrack module (No such file or directory)
05-17 17:23:10.877 E/android.os.Debug( 8889): failed to load memtrack module: -2
05-17 17:23:11.048 E/SurfaceFlinger(  285): onDraw: bindTextureImage test
05-17 17:23:11.064 E/SurfaceFlinger(  285): onDraw: bindTextureImage test
05-17 17:23:11.081 E/SurfaceFlinger(  285): onDraw: bindTextureImage test
05-17 17:23:11.099 E/SurfaceFlinger(  285): onDraw: bindTextureImage test
05-17 17:23:11.116 E/SurfaceFlinger(  285): onDraw: bindTextureImage test
05-17 17:23:11.133 E/SurfaceFlinger(  285): onDraw: bindTextureImage test
05-17 17:23:11.150 E/SurfaceFlinger(  285): onDraw: bindTextureImage test
05-17 17:23:11.168 E/SurfaceFlinger(  285): onDraw: bindTextureImage test
05-17 17:23:11.732 E/WifiTrafficPoller(  851): TRAFFIC_STATS_POLL true Token 2478 num clients 19
05-17 17:23:11.733 E/WifiTrafficPoller(  851):  packet count Tx=1708966 Rx=5608785
05-17 17:23:11.895 E/WifiStateMachine(  851):  ConnectedState (when=-4ms what=131155 arg1=555!CMD_RSSI_POLL 555 0 "BOCO-office" 94:b4:0f:68:a4:b1 rssi=-49 f=5785 sc=80 link=121 tx=1.0, 0.0, 0.0  rx=42.8 bcn=0 [on:0 tx:0 rx:0 period:3004] from screen [on:0 period:551550967] gl rssi=-49 ag=0 hr ticks 297,76,43 ls-=0 [56,56,56,56,61] brc=0 lrc=0
05-17 17:23:11.896 E/WifiStateMachine(  851):  L2ConnectedState (when=-6ms what=131155 arg1=555!CMD_RSSI_POLL 555 0 "BOCO-office" 94:b4:0f:68:a4:b1 rssi=-49 f=5785 sc=80 link=121 tx=1.0, 0.0, 0.0  rx=42.8 bcn=0 [on:0 tx:0 rx:0 period:1] from screen [on:0 period:551550968] gl rssi=-49 ag=0 hr ticks 297,76,43 ls-=0 [56,56,56,56,61] brc=0 lrc=0
05-17 17:23:11.896 E/WifiStateMachine(  851):  get link layer stats 0
05-17 17:23:11.902 E/WifiStateMachine(  851): calculateWifiScore() we set wifi's score to 1000, so will always set wifi as a default network.
05-17 17:23:12.733 E/WifiTrafficPoller(  851): TRAFFIC_STATS_POLL true Token 2478 num clients 19
05-17 17:23:12.734 E/WifiTrafficPoller(  851):  packet count Tx=1708966 Rx=5608796
05-17 17:23:12.900 E/SurfaceFlinger(  285): onDraw: bindTextureImage test
05-17 17:23:12.918 E/SurfaceFlinger(  285): onDraw: bindTextureImage test
05-17 17:23:12.933 E/SurfaceFlinger(  285): onDraw: bindTextureImage test
05-17 17:23:12.949 E/SurfaceFlinger(  285): onDraw: bindTextureImage test
05-17 17:23:12.966 E/SurfaceFlinger(  285): onDraw: bindTextureImage test
05-17 17:23:12.983 E/SurfaceFlinger(  285): onDraw: bindTextureImage test
05-17 17:23:13.000 E/SurfaceFlinger(  285): onDraw: bindTextureImage test
05-17 17:23:13.121 E/SurfaceFlinger(  285): onDraw: bindTextureImage test
05-17 17:23:13.138 E/SurfaceFlinger(  285): onDraw: bindTextureImage test
05-17 17:23:13.153 E/SurfaceFlinger(  285): onDraw: bindTextureImage test
05-17 17:23:13.170 E/SurfaceFlinger(  285): onDraw: bindTextureImage test
05-17 17:23:13.190 E/SurfaceFlinger(  285): onDraw: bindTextureImage test
05-17 17:23:13.202 E/SurfaceFlinger(  285): onDraw: bindTextureImage test
05-17 17:23:13.219 E/SurfaceFlinger(  285): onDraw: bindTextureImage test
05-17 17:23:13.238 E/SurfaceFlinger(  285): onDraw: bindTextureImage test
05-17 17:23:13.254 E/SurfaceFlinger(  285): onDraw: bindTextureImage test
05-17 17:23:13.271 E/SurfaceFlinger(  285): onDraw: bindTextureImage test
05-17 17:23:13.289 E/SurfaceFlinger(  285): onDraw: bindTextureImage test
05-17 17:23:13.734 E/WifiTrafficPoller(  851): TRAFFIC_STATS_POLL true Token 2478 num clients 19
05-17 17:23:13.735 E/WifiTrafficPoller(  851):  packet count Tx=1708966 Rx=5608802
05-17 17:23:14.262 E/SurfaceFlinger(  285): onDraw: bindTextureImage test
05-17 17:23:14.279 E/SurfaceFlinger(  285): onDraw: bindTextureImage test
05-17 17:23:14.295 E/SurfaceFlinger(  285): onDraw: bindTextureImage test
05-17 17:23:14.312 E/SurfaceFlinger(  285): onDraw: bindTextureImage test
05-17 17:23:14.329 E/SurfaceFlinger(  285): onDraw: bindTextureImage test
05-17 17:23:14.346 E/SurfaceFlinger(  285): onDraw: bindTextureImage test
05-17 17:23:14.362 E/SurfaceFlinger(  285): onDraw: bindTextureImage test
05-17 17:23:14.380 E/SurfaceFlinger(  285): onDraw: bindTextureImage test
05-17 17:23:14.396 E/SurfaceFlinger(  285): onDraw: bindTextureImage test
05-17 17:23:14.414 E/SurfaceFlinger(  285): onDraw: bindTextureImage test
05-17 17:23:14.430 E/SurfaceFlinger(  285): onDraw: bindTextureImage test
05-17 17:23:14.736 E/WifiTrafficPoller(  851): TRAFFIC_STATS_POLL true Token 2478 num clients 19
05-17 17:23:14.736 E/WifiTrafficPoller(  851):  packet count Tx=1708973 Rx=5608815
05-17 17:23:14.736 E/WifiTrafficPoller(  851): notifying of data activity 3
05-17 17:23:14.906 E/WifiStateMachine(  851):  ConnectedState (when=-3ms what=131155 arg1=555!CMD_RSSI_POLL 555 0 "BOCO-office" 94:b4:0f:68:a4:b1 rssi=-49 f=5785 sc=80 link=121 tx=0.5, 0.0, 0.0  rx=36.9 bcn=0 [on:0 tx:0 rx:0 period:3002] from screen [on:0 period:551553978] gl rssi=-49 ag=0 hr ticks 297,76,43 ls-=0 [56,56,56,56,61] brc=0 lrc=0
05-17 17:23:14.907 E/WifiStateMachine(  851):  L2ConnectedState (when=-5ms what=131155 arg1=555!CMD_RSSI_POLL 555 0 "BOCO-office" 94:b4:0f:68:a4:b1 rssi=-49 f=5785 sc=80 link=121 tx=0.5, 0.0, 0.0  rx=36.9 bcn=0 [on:0 tx:0 rx:0 period:1] from screen [on:0 period:551553979] gl rssi=-49 ag=0 hr ticks 297,76,43 ls-=0 [56,56,56,56,61] brc=0 lrc=0
05-17 17:23:14.907 E/WifiStateMachine(  851):  get link layer stats 0
05-17 17:23:14.912 E/WifiStateMachine(  851): calculateWifiScore() we set wifi's score to 1000, so will always set wifi as a default network.
05-17 17:23:15.737 E/WifiTrafficPoller(  851): TRAFFIC_STATS_POLL true Token 2478 num clients 19
05-17 17:23:15.737 E/WifiTrafficPoller(  851):  packet count Tx=1708973 Rx=5608820
05-17 17:23:15.737 E/WifiTrafficPoller(  851): notifying of data activity 1
05-17 17:23:16.738 E/WifiTrafficPoller(  851): TRAFFIC_STATS_POLL true Token 2478 num clients 19
05-17 17:23:16.738 E/WifiTrafficPoller(  851):  packet count Tx=1708973 Rx=5608831
05-17 17:23:17.738 E/WifiTrafficPoller(  851): TRAFFIC_STATS_POLL true Token 2478 num clients 19
05-17 17:23:17.739 E/WifiTrafficPoller(  851):  packet count Tx=1708973 Rx=5608846
05-17 17:23:17.916 E/WifiStateMachine(  851):  ConnectedState (when=-3ms what=131155 arg1=555!CMD_RSSI_POLL 555 0 "BOCO-office" 94:b4:0f:68:a4:b1 rssi=-52 f=5785 sc=80 link=121 tx=3.8, 0.0, 0.0  rx=33.4 bcn=0 [on:0 tx:0 rx:0 period:3002] from screen [on:0 period:551556988] gl rssi=-52 ag=0 hr ticks 297,76,43 ls-=0 [56,56,56,56,61] brc=0 lrc=0
05-17 17:23:17.917 E/WifiStateMachine(  851):  L2ConnectedState (when=-4ms what=131155 arg1=555!CMD_RSSI_POLL 555 0 "BOCO-office" 94:b4:0f:68:a4:b1 rssi=-52 f=5785 sc=80 link=121 tx=3.8, 0.0, 0.0  rx=33.4 bcn=0 [on:0 tx:0 rx:0 period:1] from screen [on:0 period:551556989] gl rssi=-52 ag=0 hr ticks 297,76,43 ls-=0 [56,56,56,56,61] brc=0 lrc=0
05-17 17:23:17.917 E/WifiStateMachine(  851):  get link layer stats 0
05-17 17:23:17.940 E/WifiStateMachine(  851): calculateWifiScore() we set wifi's score to 1000, so will always set wifi as a default network.
05-17 17:23:18.739 E/WifiTrafficPoller(  851): TRAFFIC_STATS_POLL true Token 2478 num clients 19
05-17 17:23:18.739 E/WifiTrafficPoller(  851):  packet count Tx=1708973 Rx=5608859
05-17 17:23:18.896 E/NotificationService(  851): Suppressing notification from package com.qihoo.appstore by user request.
05-17 17:23:18.899 E/NotificationService(  851): Suppressing notification from package com.qihoo.appstore by user request.
05-17 17:23:18.954 E/Launcher.FragmentLoader( 1966): Widget ComponentInfo{net.qihoo.launcher.widget.clockweather/net.qihoo.clockweather.widget.WidgetProvider52} can not fit on this device (1170, 438)
05-17 17:23:18.955 E/Launcher.FragmentLoader( 1966): Widget ComponentInfo{net.qihoo.launcher.widget.clockweather/net.qihoo.clockweather.widget.WidgetProvider51} can not fit on this device (1170, 210)
05-17 17:23:19.739 E/WifiTrafficPoller(  851): TRAFFIC_STATS_POLL true Token 2478 num clients 19
05-17 17:23:19.739 E/WifiTrafficPoller(  851):  packet count Tx=1708973 Rx=5608867
05-17 17:23:19.921 E/memtrack( 8994): Couldn't load memtrack module (No such file or directory)
05-17 17:23:19.921 E/android.os.Debug( 8994): failed to load memtrack module: -2
05-17 17:23:20.631 E/memtrack( 9014): Couldn't load memtrack module (No such file or directory)
05-17 17:23:20.631 E/android.os.Debug( 9014): failed to load memtrack module: -2
05-17 17:23:20.739 E/WifiTrafficPoller(  851): TRAFFIC_STATS_POLL true Token 2478 num clients 19
05-17 17:23:20.739 E/WifiTrafficPoller(  851):  packet count Tx=1708981 Rx=5608885
05-17 17:23:20.739 E/WifiTrafficPoller(  851): notifying of data activity 3
05-17 17:23:20.945 E/WifiStateMachine(  851):  ConnectedState (when=-4ms what=131155 arg1=555!CMD_RSSI_POLL 555 0 "BOCO-office" 94:b4:0f:68:a4:b1 rssi=-52 f=5785 sc=80 link=121 tx=1.9, 0.0, 0.0  rx=32.2 bcn=0 [on:0 tx:0 rx:0 period:3003] from screen [on:0 period:551560017] gl rssi=-52 ag=0 hr ticks 297,76,43 ls-=0 [56,56,56,56,61] brc=0 lrc=0
05-17 17:23:20.947 E/WifiStateMachine(  851):  L2ConnectedState (when=-6ms what=131155 arg1=555!CMD_RSSI_POLL 555 0 "BOCO-office" 94:b4:0f:68:a4:b1 rssi=-52 f=5785 sc=80 link=121 tx=1.9, 0.0, 0.0  rx=32.2 bcn=0 [on:0 tx:0 rx:0 period:2] from screen [on:0 period:551560019] gl rssi=-52 ag=0 hr ticks 297,76,43 ls-=0 [56,56,56,56,61] brc=0 lrc=0
05-17 17:23:20.947 E/WifiStateMachine(  851):  get link layer stats 0
05-17 17:23:20.972 E/WifiStateMachine(  851): calculateWifiScore() we set wifi's score to 1000, so will always set wifi as a default network.
05-17 17:23:21.740 E/WifiTrafficPoller(  851): TRAFFIC_STATS_POLL true Token 2478 num clients 19
05-17 17:23:21.740 E/WifiTrafficPoller(  851):  packet count Tx=1708981 Rx=5608891
05-17 17:23:21.740 E/WifiTrafficPoller(  851): notifying of data activity 1
05-17 17:23:21.761 E/memtrack( 9032): Couldn't load memtrack module (No such file or directory)
05-17 17:23:21.761 E/android.os.Debug( 9032): failed to load memtrack module: -2
05-17 17:23:22.597 E/memtrack( 9050): Couldn't load memtrack module (No such file or directory)
05-17 17:23:22.597 E/android.os.Debug( 9050): failed to load memtrack module: -2
05-17 17:23:22.870 E/WifiTrafficPoller(  851): TRAFFIC_STATS_POLL true Token 2478 num clients 19
05-17 17:23:22.871 E/WifiTrafficPoller(  851):  packet count Tx=1708981 Rx=5608901
05-17 17:23:22.894 E/NotificationService(  851): Suppressing notification from package com.qihoo.appstore by user request.
05-17 17:23:22.925 E/AppStore.AppstoreProvider(30673): AppstoreProvider:delete:160128-358=>delete failed PACKAGE_REPLACE
05-17 17:23:22.954 E/Launcher.FragmentLoader( 1966): Widget ComponentInfo{net.qihoo.launcher.widget.clockweather/net.qihoo.clockweather.widget.WidgetProvider52} can not fit on this device (1170, 438)
05-17 17:23:22.956 E/Launcher.FragmentLoader( 1966): Widget ComponentInfo{net.qihoo.launcher.widget.clockweather/net.qihoo.clockweather.widget.WidgetProvider51} can not fit on this device (1170, 210)
05-17 17:23:23.090 E/NotificationService(  851): Suppressing notification from package com.qihoo.appstore by user request.
05-17 17:23:23.169 E/VivoGame.GameProvider( 4376): update table game_item failed
05-17 17:23:23.185 E/VivoGame.GameProvider( 4376): update table game_item failed
05-17 17:23:23.208 E/VivoGame.GameProvider( 4376): update table game_item failed
05-17 17:23:23.871 E/WifiTrafficPoller(  851): TRAFFIC_STATS_POLL true Token 2478 num clients 19
05-17 17:23:23.871 E/WifiTrafficPoller(  851):  packet count Tx=1708981 Rx=5608910
05-17 17:23:23.903 E/memtrack( 9202): Couldn't load memtrack module (No such file or directory)
05-17 17:23:23.903 E/android.os.Debug( 9202): failed to load memtrack module: -2
05-17 17:23:23.977 E/WifiStateMachine(  851):  ConnectedState (when=-4ms what=131155 arg1=555!CMD_RSSI_POLL 555 0 "BOCO-office" 94:b4:0f:68:a4:b1 rssi=-51 f=5785 sc=80 link=121 tx=4.9, 0.0, 0.0  rx=35.6 bcn=0 [on:0 tx:0 rx:0 period:3002] from screen [on:0 period:551563049] gl rssi=-51 ag=0 hr ticks 297,76,43 ls-=0 [56,56,56,56,61] brc=0 lrc=0
05-17 17:23:23.978 E/WifiStateMachine(  851):  L2ConnectedState (when=-4ms what=131155 arg1=555!CMD_RSSI_POLL 555 0 "BOCO-office" 94:b4:0f:68:a4:b1 rssi=-51 f=5785 sc=80 link=121 tx=4.9, 0.0, 0.0  rx=35.6 bcn=0 [on:0 tx:0 rx:0 period:1] from screen [on:0 period:551563050] gl rssi=-51 ag=0 hr ticks 297,76,43 ls-=0 [56,56,56,56,61] brc=0 lrc=0
05-17 17:23:23.978 E/WifiStateMachine(  851):  get link layer stats 0
05-17 17:23:23.990 E/WifiStateMachine(  851): calculateWifiScore() we set wifi's score to 1000, so will always set wifi as a default network.
05-17 17:23:24.663 E/memtrack( 9269): Couldn't load memtrack module (No such file or directory)
05-17 17:23:24.663 E/android.os.Debug( 9269): failed to load memtrack module: -2
05-17 17:23:24.866 E/AppStore.AppstoreProvider(30673): AppstoreProvider:delete:160128-358=>delete failed PACKAGE_REPLACE
05-17 17:23:24.871 E/Launcher.FragmentLoader( 1966): Widget ComponentInfo{net.qihoo.launcher.widget.clockweather/net.qihoo.clockweather.widget.WidgetProvider52} can not fit on this device (1170, 438)
05-17 17:23:24.873 E/WifiTrafficPoller(  851): TRAFFIC_STATS_POLL true Token 2478 num clients 19
05-17 17:23:24.873 E/NotificationService(  851): Suppressing notification from package com.qihoo.appstore by user request.
05-17 17:23:24.874 E/WifiTrafficPoller(  851):  packet count Tx=1708981 Rx=5608922
05-17 17:23:24.875 E/Launcher.FragmentLoader( 1966): Widget ComponentInfo{net.qihoo.launcher.widget.clockweather/net.qihoo.clockweather.widget.WidgetProvider51} can not fit on this device (1170, 210)
05-17 17:23:25.050 E/NotificationService(  851): Suppressing notification from package com.qihoo.appstore by user request.
05-17 17:23:25.246 E/VivoGame.GameProvider( 4376): update table game_item failed
05-17 17:23:25.264 E/VivoGame.GameProvider( 4376): update table game_item failed
05-17 17:23:25.305 E/VivoGame.GameProvider( 4376): update table game_item failed
05-17 17:23:25.874 E/WifiTrafficPoller(  851): TRAFFIC_STATS_POLL true Token 2478 num clients 19
05-17 17:23:25.875 E/WifiTrafficPoller(  851):  packet count Tx=1708983 Rx=5608942
05-17 17:23:25.875 E/WifiTrafficPoller(  851): notifying of data activity 3
05-17 17:23:26.804 E/memtrack( 9475): Couldn't load memtrack module (No such file or directory)
05-17 17:23:26.804 E/android.os.Debug( 9475): failed to load memtrack module: -2
05-17 17:23:26.895 E/WifiTrafficPoller(  851): TRAFFIC_STATS_POLL true Token 2478 num clients 19
05-17 17:23:26.896 E/WifiTrafficPoller(  851):  packet count Tx=1708983 Rx=5608955
05-17 17:23:26.896 E/WifiTrafficPoller(  851): notifying of data activity 1
05-17 17:23:26.970 E/SurfaceFlinger(  285): onDraw: bindTextureImage test
05-17 17:23:26.986 E/SurfaceFlinger(  285): onDraw: bindTextureImage test
05-17 17:23:26.994 E/WifiStateMachine(  851):  ConnectedState (when=-3ms what=131155 arg1=555!CMD_RSSI_POLL 555 0 "BOCO-office" 94:b4:0f:68:a4:b1 rssi=-50 f=5785 sc=80 link=121 tx=2.5, 0.0, 0.0  rx=30.3 bcn=0 [on:0 tx:0 rx:0 period:3003] from screen [on:0 period:551566066] gl rssi=-50 ag=0 hr ticks 297,76,43 ls-=0 [56,56,56,56,61] brc=0 lrc=0
05-17 17:23:26.995 E/WifiStateMachine(  851):  L2ConnectedState (when=-4ms what=131155 arg1=555!CMD_RSSI_POLL 555 0 "BOCO-office" 94:b4:0f:68:a4:b1 rssi=-50 f=5785 sc=80 link=121 tx=2.5, 0.0, 0.0  rx=30.3 bcn=0 [on:0 tx:0 rx:0 period:0] from screen [on:0 period:551566066] gl rssi=-50 ag=0 hr ticks 297,76,43 ls-=0 [56,56,56,56,61] brc=0 lrc=0
05-17 17:23:26.995 E/WifiStateMachine(  851):  get link layer stats 0
05-17 17:23:27.003 E/SurfaceFlinger(  285): onDraw: bindTextureImage test
05-17 17:23:27.010 E/WifiStateMachine(  851): calculateWifiScore() we set wifi's score to 1000, so will always set wifi as a default network.
05-17 17:23:27.020 E/SurfaceFlinger(  285): onDraw: bindTextureImage test
05-17 17:23:27.038 E/SurfaceFlinger(  285): onDraw: bindTextureImage test
05-17 17:23:27.054 E/SurfaceFlinger(  285): onDraw: bindTextureImage test
05-17 17:23:27.071 E/SurfaceFlinger(  285): onDraw: bindTextureImage test
05-17 17:23:27.088 E/SurfaceFlinger(  285): onDraw: bindTextureImage test
05-17 17:23:27.901 E/WifiTrafficPoller(  851): TRAFFIC_STATS_POLL true Token 2478 num clients 19
05-17 17:23:27.903 E/WifiTrafficPoller(  851):  packet count Tx=1708988 Rx=5608971
05-17 17:23:27.903 E/WifiTrafficPoller(  851): notifying of data activity 3
05-17 17:23:28.917 E/WifiTrafficPoller(  851): TRAFFIC_STATS_POLL true Token 2478 num clients 19
05-17 17:23:28.918 E/WifiTrafficPoller(  851):  packet count Tx=1708988 Rx=5608985
05-17 17:23:28.918 E/WifiTrafficPoller(  851): notifying of data activity 1
05-17 17:23:29.923 E/WifiTrafficPoller(  851): TRAFFIC_STATS_POLL true Token 2478 num clients 19
05-17 17:23:29.924 E/WifiTrafficPoller(  851):  packet count Tx=1708988 Rx=5608994
05-17 17:23:30.013 E/WifiStateMachine(  851):  ConnectedState (when=-3ms what=131155 arg1=555!CMD_RSSI_POLL 555 0 "BOCO-office" 94:b4:0f:68:a4:b1 rssi=-50 f=5785 sc=80 link=121 tx=2.2, 0.0, 0.0  rx=37.2 bcn=0 [on:0 tx:0 rx:0 period:3002] from screen [on:0 period:551569085] gl rssi=-50 ag=0 hr ticks 297,76,43 ls-=0 [56,56,56,56,61] brc=0 lrc=0
