05-17 17:25:42.847 E/WifiStateMachine(  851):  ConnectedState (when=-4ms what=131155 arg1=555!CMD_RSSI_POLL 555 0 "BOCO-office" 94:b4:0f:68:a4:b1 rssi=-48 f=5785 sc=80 link=121 tx=0.1, 0.0, 0.0  rx=41.5 bcn=0 [on:0 tx:0 rx:0 period:3001] from screen [on:0 period:551701919] gl rssi=-48 ag=0 hr ticks 297,76,43 ls-=0 [56,56,56,56,61] brc=0 lrc=0
05-17 17:25:42.850 E/WifiStateMachine(  851):  L2ConnectedState (when=-7ms what=131155 arg1=555!CMD_RSSI_POLL 555 0 "BOCO-office" 94:b4:0f:68:a4:b1 rssi=-48 f=5785 sc=80 link=121 tx=0.1, 0.0, 0.0  rx=41.5 bcn=0 [on:0 tx:0 rx:0 period:2] from screen [on:0 period:551701921] gl rssi=-48 ag=0 hr ticks 297,76,43 ls-=0 [56,56,56,56,61] brc=0 lrc=0
05-17 17:25:42.850 E/WifiStateMachine(  851):  get link layer stats 0
05-17 17:25:42.854 E/WifiStateMachine(  851): calculateWifiScore() we set wifi's score to 1000, so will always set wifi as a default network.
05-17 17:25:43.249 E/WifiTrafficPoller(  851): TRAFFIC_STATS_POLL true Token 2478 num clients 19
05-17 17:25:43.250 E/WifiTrafficPoller(  851):  packet count Tx=1709740 Rx=5611485
05-17 17:25:43.250 E/WifiTrafficPoller(  851): notifying of data activity 3
05-17 17:25:44.252 E/WifiTrafficPoller(  851): TRAFFIC_STATS_POLL true Token 2478 num clients 19
05-17 17:25:44.254 E/WifiTrafficPoller(  851):  packet count Tx=1709740 Rx=5611501
05-17 17:25:44.254 E/WifiTrafficPoller(  851): notifying of data activity 1
05-17 17:25:45.256 E/WifiTrafficPoller(  851): TRAFFIC_STATS_POLL true Token 2478 num clients 19
05-17 17:25:45.257 E/WifiTrafficPoller(  851):  packet count Tx=1709748 Rx=5611519
05-17 17:25:45.257 E/WifiTrafficPoller(  851): notifying of data activity 3
05-17 17:25:45.858 E/WifiStateMachine(  851):  ConnectedState (when=-3ms what=131155 arg1=555!CMD_RSSI_POLL 555 0 "BOCO-office" 94:b4:0f:68:a4:b1 rssi=-49 f=5785 sc=80 link=121 tx=0.6, 0.0, 0.0  rx=60.3 bcn=0 [on:0 tx:0 rx:0 period:3000] from screen [on:0 period:551704929] gl rssi=-49 ag=0 hr ticks 297,76,43 ls-=0 [56,56,56,56,61] brc=0 lrc=0
05-17 17:25:45.859 E/WifiStateMachine(  851):  L2ConnectedState (when=-4ms what=131155 arg1=555!CMD_RSSI_POLL 555 0 "BOCO-office" 94:b4:0f:68:a4:b1 rssi=-49 f=5785 sc=80 link=121 tx=0.6, 0.0, 0.0  rx=60.3 bcn=0 [on:0 tx:0 rx:0 period:2] from screen [on:0 period:551704931] gl rssi=-49 ag=0 hr ticks 297,76,43 ls-=0 [56,56,56,56,61] brc=0 lrc=0
05-17 17:25:45.859 E/WifiStateMachine(  851):  get link layer stats 0
05-17 17:25:45.861 E/WifiStateMachine(  851): calculateWifiScore() we set wifi's score to 1000, so will always set wifi as a default network.
05-17 17:25:46.018 E/MPlugin (10803): Unsupported class: com.mediatek.common.telephony.IOnlyOwnerSimSupport
05-17 17:25:46.258 E/WifiTrafficPoller(  851): TRAFFIC_STATS_POLL true Token 2478 num clients 19
05-17 17:25:46.258 E/WifiTrafficPoller(  851):  packet count Tx=1709765 Rx=5611543
05-17 17:25:46.593 E/libEGL  (10803): call to OpenGL ES API with no current context (logged once per thread)
05-17 17:25:46.967 E/DemoPushService(10803): Creating service
05-17 17:25:46.968 E/DemoPushService(10803): Service started with intent=Intent { act=mqtt.START cmp=com.boco.apphall/.guangxi.mix.message.service.modify.PushService_Mq }
05-17 17:25:46.968 E/DemoPushService(10803): Starting service...
05-17 17:25:46.968 E/DemoPushService(10803): Connecting...
05-17 17:25:46.978 E/==========(10803): 868964028542767
05-17 17:25:46.978 E/clientID==========(10803): 868964028542767890739
05-17 17:25:47.258 E/WifiTrafficPoller(  851): TRAFFIC_STATS_POLL true Token 2478 num clients 19
05-17 17:25:47.259 E/WifiTrafficPoller(  851):  packet count Tx=1709969 Rx=5611737
05-17 17:25:47.965 E/SurfaceFlinger(  285): onDraw: bindTextureImage test
05-17 17:25:47.982 E/SurfaceFlinger(  285): onDraw: bindTextureImage test
05-17 17:25:48.000 E/SurfaceFlinger(  285): onDraw: bindTextureImage test
05-17 17:25:48.016 E/SurfaceFlinger(  285): onDraw: bindTextureImage test
05-17 17:25:48.033 E/SurfaceFlinger(  285): onDraw: bindTextureImage test
05-17 17:25:48.050 E/SurfaceFlinger(  285): onDraw: bindTextureImage test
05-17 17:25:48.066 E/SurfaceFlinger(  285): onDraw: bindTextureImage test
05-17 17:25:48.101 E/SurfaceFlinger(  285): onDraw: bindTextureImage test
05-17 17:25:48.117 E/SurfaceFlinger(  285): onDraw: bindTextureImage test
05-17 17:25:48.151 E/SurfaceFlinger(  285): onDraw: bindTextureImage test
05-17 17:25:48.259 E/WifiTrafficPoller(  851): TRAFFIC_STATS_POLL true Token 2478 num clients 19
05-17 17:25:48.259 E/WifiTrafficPoller(  851):  packet count Tx=1710219 Rx=5612020
05-17 17:25:48.865 E/WifiStateMachine(  851):  ConnectedState (when=-3ms what=131155 arg1=555!CMD_RSSI_POLL 555 0 "BOCO-office" 94:b4:0f:68:a4:b1 rssi=-49 f=5785 sc=80 link=121 tx=12.3, 0.0, 0.0  rx=60.6 bcn=0 [on:0 tx:0 rx:0 period:3000] from screen [on:0 period:551707936] gl rssi=-49 ag=0 hr ticks 297,76,43 ls-=0 [56,56,60,60,65] brc=0 lrc=0
05-17 17:25:48.865 E/WifiStateMachine(  851):  L2ConnectedState (when=-4ms what=131155 arg1=555!CMD_RSSI_POLL 555 0 "BOCO-office" 94:b4:0f:68:a4:b1 rssi=-49 f=5785 sc=80 link=121 tx=12.3, 0.0, 0.0  rx=60.6 bcn=0 [on:0 tx:0 rx:0 period:1] from screen [on:0 period:551707937] gl rssi=-49 ag=0 hr ticks 297,76,43 ls-=0 [56,56,60,60,65] brc=0 lrc=0
05-17 17:25:48.865 E/WifiStateMachine(  851):  get link layer stats 0
05-17 17:25:48.868 E/WifiStateMachine(  851): calculateWifiScore() we set wifi's score to 1000, so will always set wifi as a default network.
05-17 17:25:49.261 E/WifiTrafficPoller(  851): TRAFFIC_STATS_POLL true Token 2478 num clients 19
05-17 17:25:49.261 E/WifiTrafficPoller(  851):  packet count Tx=1710241 Rx=5612051
05-17 17:25:50.261 E/WifiTrafficPoller(  851): TRAFFIC_STATS_POLL true Token 2478 num clients 19
05-17 17:25:50.263 E/WifiTrafficPoller(  851):  packet count Tx=1710242 Rx=5612066
05-17 17:25:51.263 E/WifiTrafficPoller(  851): TRAFFIC_STATS_POLL true Token 2478 num clients 19
05-17 17:25:51.264 E/WifiTrafficPoller(  851):  packet count Tx=1710242 Rx=5612088
05-17 17:25:51.264 E/WifiTrafficPoller(  851): notifying of data activity 1
05-17 17:25:51.368 E/---RankingListAppFragment---(10803): onResume
05-17 17:25:51.776 E/ImageLoader(10803): Image can't be decoded [http://211.138.252.146:38091/bmdp/FileUploadAction.servlet?op=showPng&fileId=9270596&cType=mobile_96x96]
05-17 17:25:51.778 E/ImageLoader(10803): Image can't be decoded [http://211.138.252.146:38091/bmdp/FileUploadAction.servlet?op=showPng&fileId=9276432&cType=mobile_96x96]
05-17 17:25:51.873 E/WifiStateMachine(  851):  ConnectedState (when=-4ms what=131155 arg1=555!CMD_RSSI_POLL 555 0 "BOCO-office" 94:b4:0f:68:a4:b1 rssi=-50 f=5785 sc=80 link=121 tx=244.6, 0.0, 0.0  rx=285.3 bcn=0 [on:0 tx:0 rx:0 period:3003] from screen [on:0 period:551710945] gl rssi=-50 ag=0 hr ticks 297,76,43 ls-=0 [56,56,60,60,65] brc=0 lrc=0
05-17 17:25:51.874 E/WifiStateMachine(  851):  L2ConnectedState (when=-6ms what=131155 arg1=555!CMD_RSSI_POLL 555 0 "BOCO-office" 94:b4:0f:68:a4:b1 rssi=-50 f=5785 sc=80 link=121 tx=244.6, 0.0, 0.0  rx=285.3 bcn=0 [on:0 tx:0 rx:0 period:1] from screen [on:0 period:551710946] gl rssi=-50 ag=0 hr ticks 297,76,43 ls-=0 [56,56,60,60,65] brc=0 lrc=0
05-17 17:25:51.874 E/WifiStateMachine(  851):  get link layer stats 0
05-17 17:25:51.876 E/WifiStateMachine(  851): calculateWifiScore() we set wifi's score to 1000, so will always set wifi as a default network.
05-17 17:25:51.937 E/ImageLoader(10803): Image can't be decoded [http://211.138.252.146:38091/bmdp/FileUploadAction.servlet?op=showPng&fileId=9145374&cType=mobile_96x96]
05-17 17:25:51.944 E/ImageLoader(10803): Image can't be decoded [http://211.138.252.146:38091/bmdp/FileUploadAction.servlet?op=showPng&fileId=9191617&cType=mobile_96x96]
05-17 17:25:52.013 E/ImageLoader(10803): Image can't be decoded [http://211.138.252.146:38091/bmdp/FileUploadAction.servlet?op=showPng&fileId=9270596&cType=mobile_96x96]
05-17 17:25:52.025 E/ImageLoader(10803): Image can't be decoded [http://211.138.252.146:38091/bmdp/FileUploadAction.servlet?op=showPng&fileId=67794&cType=mobile_96x96]
05-17 17:25:52.029 E/ImageLoader(10803): Image can't be decoded [http://211.138.252.146:38091/bmdp/FileUploadAction.servlet?op=showPng&fileId=206779&cType=mobile_96x96]
05-17 17:25:52.033 E/ImageLoader(10803): Image can't be decoded [http://211.138.252.146:38091/bmdp/FileUploadAction.servlet?op=showPng&fileId=9276432&cType=mobile_96x96]
05-17 17:25:52.066 E/ImageLoader(10803): Image can't be decoded [http://211.138.252.146:38091/bmdp/FileUploadAction.servlet?op=showPng&fileId=9191617&cType=mobile_96x96]
05-17 17:25:52.266 E/WifiTrafficPoller(  851): TRAFFIC_STATS_POLL true Token 2478 num clients 19
05-17 17:25:52.267 E/WifiTrafficPoller(  851):  packet count Tx=1710285 Rx=5612145
05-17 17:25:52.267 E/WifiTrafficPoller(  851): notifying of data activity 3
05-17 17:25:53.268 E/WifiTrafficPoller(  851): TRAFFIC_STATS_POLL true Token 2478 num clients 19
05-17 17:25:53.269 E/WifiTrafficPoller(  851):  packet count Tx=1710285 Rx=5612154
05-17 17:25:53.269 E/WifiTrafficPoller(  851): notifying of data activity 1
05-17 17:25:54.271 E/WifiTrafficPoller(  851): TRAFFIC_STATS_POLL true Token 2478 num clients 19
05-17 17:25:54.273 E/WifiTrafficPoller(  851):  packet count Tx=1710312 Rx=5612188
05-17 17:25:54.273 E/WifiTrafficPoller(  851): notifying of data activity 3
05-17 17:25:54.880 E/WifiStateMachine(  851):  ConnectedState (when=-3ms what=131155 arg1=555!CMD_RSSI_POLL 555 0 "BOCO-office" 94:b4:0f:68:a4:b1 rssi=-49 f=5785 sc=80 link=121 tx=138.3, 0.0, 0.0  rx=183.2 bcn=0 [on:0 tx:0 rx:0 period:2998] from screen [on:0 period:551713952] gl rssi=-49 ag=0 hr ticks 297,76,43 ls-=0 [56,56,60,60,65] brc=0 lrc=0
05-17 17:25:54.882 E/WifiStateMachine(  851):  L2ConnectedState (when=-5ms what=131155 arg1=555!CMD_RSSI_POLL 555 0 "BOCO-office" 94:b4:0f:68:a4:b1 rssi=-49 f=5785 sc=80 link=121 tx=138.3, 0.0, 0.0  rx=183.2 bcn=0 [on:0 tx:0 rx:0 period:2] from screen [on:0 period:551713954] gl rssi=-49 ag=0 hr ticks 297,76,43 ls-=0 [56,56,60,60,65] brc=0 lrc=0
05-17 17:25:54.882 E/WifiStateMachine(  851):  get link layer stats 0
05-17 17:25:54.907 E/WifiStateMachine(  851): calculateWifiScore() we set wifi's score to 1000, so will always set wifi as a default network.
05-17 17:25:55.277 E/WifiTrafficPoller(  851): TRAFFIC_STATS_POLL true Token 2478 num clients 19
05-17 17:25:55.279 E/WifiTrafficPoller(  851):  packet count Tx=1710312 Rx=5612198
05-17 17:25:55.279 E/WifiTrafficPoller(  851): notifying of data activity 1
05-17 17:25:56.285 E/WifiTrafficPoller(  851): TRAFFIC_STATS_POLL true Token 2478 num clients 19
05-17 17:25:56.286 E/WifiTrafficPoller(  851):  packet count Tx=1710314 Rx=5612211
05-17 17:25:56.286 E/WifiTrafficPoller(  851): notifying of data activity 3
05-17 17:25:57.288 E/WifiTrafficPoller(  851): TRAFFIC_STATS_POLL true Token 2478 num clients 19
05-17 17:25:57.291 E/WifiTrafficPoller(  851):  packet count Tx=1710314 Rx=5612224
05-17 17:25:57.291 E/WifiTrafficPoller(  851): notifying of data activity 1
05-17 17:25:57.339 E/---RankingListAppFragment---(10803): onResume
05-17 17:25:57.483 E/ImageLoader(10803): Image can't be decoded [http://211.138.252.146:38091/bmdp/FileUploadAction.servlet?op=showPng&fileId=9276432&cType=mobile_96x96]
05-17 17:25:57.493 E/ImageLoader(10803): Image can't be decoded [http://211.138.252.146:38091/bmdp/FileUploadAction.servlet?op=showPng&fileId=9270596&cType=mobile_96x96]
05-17 17:25:57.493 E/ImageLoader(10803): Image can't be decoded [http://211.138.252.146:38091/bmdp/FileUploadAction.servlet?op=showPng&fileId=9191617&cType=mobile_96x96]
05-17 17:25:57.565 E/ImageLoader(10803): Image can't be decoded [http://211.138.252.146:38091/bmdp/FileUploadAction.servlet?op=showPng&fileId=9191617&cType=mobile_96x96]
05-17 17:25:57.572 E/ImageLoader(10803): Image can't be decoded [http://211.138.252.146:38091/bmdp/FileUploadAction.servlet?op=showPng&fileId=9145374&cType=mobile_96x96]
05-17 17:25:57.582 E/ImageLoader(10803): Image can't be decoded [http://211.138.252.146:38091/bmdp/FileUploadAction.servlet?op=showPng&fileId=9270596&cType=mobile_96x96]
05-17 17:25:57.644 E/ImageLoader(10803): Image can't be decoded [http://211.138.252.146:38091/bmdp/FileUploadAction.servlet?op=showPng&fileId=67794&cType=mobile_96x96]
05-17 17:25:57.653 E/ImageLoader(10803): Image can't be decoded [http://211.138.252.146:38091/bmdp/FileUploadAction.servlet?op=showPng&fileId=206779&cType=mobile_96x96]
05-17 17:25:57.653 E/ImageLoader(10803): Image can't be decoded [http://211.138.252.146:38091/bmdp/FileUploadAction.servlet?op=showPng&fileId=9276432&cType=mobile_96x96]
05-17 17:25:57.910 E/WifiStateMachine(  851):  ConnectedState (when=-1ms what=131155 arg1=555!CMD_RSSI_POLL 555 0 "BOCO-office" 94:b4:0f:68:a4:b1 rssi=-49 f=5785 sc=80 link=121 tx=88.7, 0.0, 0.0  rx=125.6 bcn=0 [on:0 tx:0 rx:0 period:3000] from screen [on:0 period:551716982] gl rssi=-49 ag=0 hr ticks 297,76,43 ls-=0 [56,56,60,60,65] brc=0 lrc=0
05-17 17:25:57.911 E/WifiStateMachine(  851):  L2ConnectedState (when=-4ms what=131155 arg1=555!CMD_RSSI_POLL 555 0 "BOCO-office" 94:b4:0f:68:a4:b1 rssi=-49 f=5785 sc=80 link=121 tx=88.7, 0.0, 0.0  rx=125.6 bcn=0 [on:0 tx:0 rx:0 period:1] from screen [on:0 period:551716983] gl rssi=-49 ag=0 hr ticks 297,76,43 ls-=0 [56,56,60,60,65] brc=0 lrc=0
05-17 17:25:57.911 E/WifiStateMachine(  851):  get link layer stats 0
05-17 17:25:57.915 E/WifiStateMachine(  851): calculateWifiScore() we set wifi's score to 1000, so will always set wifi as a default network.
05-17 17:25:58.296 E/WifiTrafficPoller(  851): TRAFFIC_STATS_POLL true Token 2478 num clients 19
05-17 17:25:58.297 E/WifiTrafficPoller(  851):  packet count Tx=1710332 Rx=5612248
05-17 17:25:58.297 E/WifiTrafficPoller(  851): notifying of data activity 3
05-17 17:25:58.791 E/ImageLoader(10803): Image can't be decoded [http://211.138.252.146:38091/bmdp/FileUploadAction.servlet?op=showPng&fileId=9270596&cType=mobile_96x96]
05-17 17:25:58.791 E/ImageLoader(10803): Image can't be decoded [http://211.138.252.146:38091/bmdp/FileUploadAction.servlet?op=showPng&fileId=9191617&cType=mobile_96x96]
05-17 17:25:58.800 E/ImageLoader(10803): Image can't be decoded [http://211.138.252.146:38091/bmdp/FileUploadAction.servlet?op=showPng&fileId=67794&cType=mobile_96x96]
05-17 17:25:58.860 E/ImageLoader(10803): Image can't be decoded [http://211.138.252.146:38091/bmdp/FileUploadAction.servlet?op=showPng&fileId=206779&cType=mobile_96x96]
05-17 17:25:58.910 E/ImageLoader(10803): Image can't be decoded [http://211.138.252.146:38091/bmdp/FileUploadAction.servlet?op=showPng&fileId=9276432&cType=mobile_96x96]
05-17 17:25:59.300 E/WifiTrafficPoller(  851): TRAFFIC_STATS_POLL true Token 2478 num clients 19
05-17 17:25:59.302 E/WifiTrafficPoller(  851):  packet count Tx=1710342 Rx=5612273
05-17 17:25:59.867 E/ImageLoader(10803): Image can't be decoded [http://211.138.252.146:38091/bmdp/FileUploadAction.servlet?op=showPng&fileId=843459&cType=mobile_96x96]
05-17 17:25:59.931 E/ImageLoader(10803): Image can't be decoded [http://211.138.252.146:38091/bmdp/FileUploadAction.servlet?op=showPng&fileId=1599&cType=mobile_96x96]
05-17 17:26:00.302 E/WifiTrafficPoller(  851): TRAFFIC_STATS_POLL true Token 2478 num clients 19
05-17 17:26:00.303 E/WifiTrafficPoller(  851):  packet count Tx=1710361 Rx=5612305
05-17 17:26:00.402 E/ImageLoader(10803): Image can't be decoded [http://211.138.252.146:38091/bmdp/FileUploadAction.servlet?op=showPng&fileId=206779&cType=mobile_96x96]
05-17 17:26:00.402 E/ImageLoader(10803): Image can't be decoded [http://211.138.252.146:38091/bmdp/FileUploadAction.servlet?op=showPng&fileId=9276432&cType=mobile_96x96]
05-17 17:26:00.433 E/ImageLoader(10803): Image can't be decoded [http://211.138.252.146:38091/bmdp/FileUploadAction.servlet?op=showPng&fileId=6855274&cType=mobile_96x96]
05-17 17:26:00.443 E/ImageLoader(10803): Image can't be decoded [http://211.138.252.146:38091/bmdp/FileUploadAction.servlet?op=showPng&fileId=843459&cType=mobile_96x96]
05-17 17:26:00.445 E/ImageLoader(10803): Image can't be decoded [http://211.138.252.146:38091/bmdp/FileUploadAction.servlet?op=showPng&fileId=1634&cType=mobile_96x96]
05-17 17:26:00.488 E/ImageLoader(10803): Image can't be decoded [http://211.138.252.146:38091/bmdp/FileUploadAction.servlet?op=showPng&fileId=6057108&cType=mobile_96x96]
05-17 17:26:00.498 E/ImageLoader(10803): Image can't be decoded [http://211.138.252.146:38091/bmdp/FileUploadAction.servlet?op=showPng&fileId=1599&cType=mobile_96x96]
05-17 17:26:00.556 E/ImageLoader(10803): Image can't be decoded [http://211.138.252.146:38091/bmdp/FileUploadAction.servlet?op=showPng&fileId=3331&cType=mobile_96x96]
05-17 17:26:00.655 E/ImageLoader(10803): Image can't be decoded [http://211.138.252.146:38091/bmdp/FileUploadAction.servlet?op=showPng&fileId=1327&cType=mobile_96x96]
05-17 17:26:00.723 E/ImageLoader(10803): Image can't be decoded [http://211.138.252.146:38091/bmdp/FileUploadAction.servlet?op=showPng&fileId=3390&cType=mobile_96x96]
05-17 17:26:00.919 E/WifiStateMachine(  851):  ConnectedState (when=-3ms what=131155 arg1=555!CMD_RSSI_POLL 555 0 "BOCO-office" 94:b4:0f:68:a4:b1 rssi=-49 f=5785 sc=80 link=121 tx=54.3, 0.0, 0.0  rx=83.8 bcn=0 [on:0 tx:0 rx:0 period:3002] from screen [on:0 period:551719991] gl rssi=-49 ag=0 hr ticks 297,76,43 ls-=0 [56,56,60,60,65] brc=0 lrc=0
05-17 17:26:00.920 E/WifiStateMachine(  851):  L2ConnectedState (when=-4ms what=131155 arg1=555!CMD_RSSI_POLL 555 0 "BOCO-office" 94:b4:0f:68:a4:b1 rssi=-49 f=5785 sc=80 link=121 tx=54.3, 0.0, 0.0  rx=83.8 bcn=0 [on:0 tx:0 rx:0 period:1] from screen [on:0 period:551719992] gl rssi=-49 ag=0 hr ticks 297,76,43 ls-=0 [56,56,60,60,65] brc=0 lrc=0
05-17 17:26:00.920 E/WifiStateMachine(  851):  get link layer stats 0
05-17 17:26:00.923 E/WifiStateMachine(  851): calculateWifiScore() we set wifi's score to 1000, so will always set wifi as a default network.
05-17 17:26:01.303 E/WifiTrafficPoller(  851): TRAFFIC_STATS_POLL true Token 2478 num clients 19
05-17 17:26:01.305 E/WifiTrafficPoller(  851):  packet count Tx=1710401 Rx=5612349
05-17 17:26:01.307 E/ImageLoader(10803): Image can't be decoded [http://211.138.252.146:38091/bmdp/FileUploadAction.servlet?op=showPng&fileId=3331&cType=mobile_96x96]
05-17 17:26:01.320 E/ImageLoader(10803): Image can't be decoded [http://211.138.252.146:38091/bmdp/FileUploadAction.servlet?op=showPng&fileId=1327&cType=mobile_96x96]
05-17 17:26:01.322 E/ImageLoader(10803): Image can't be decoded [http://211.138.252.146:38091/bmdp/FileUploadAction.servlet?op=showPng&fileId=3390&cType=mobile_96x96]
05-17 17:26:01.324 E/ImageLoader(10803): Image can't be decoded [http://211.138.252.146:38091/bmdp/FileUploadAction.servlet?op=showPng&fileId=2480424&cType=mobile_96x96]
05-17 17:26:02.305 E/WifiTrafficPoller(  851): TRAFFIC_STATS_POLL true Token 2478 num clients 19
05-17 17:26:02.307 E/WifiTrafficPoller(  851):  packet count Tx=1710404 Rx=5612365
05-17 17:26:02.938 E/ImageLoader(10803): Image can't be decoded [http://211.138.252.146:38091/bmdp/FileUploadAction.servlet?op=showPng&fileId=9191617&cType=mobile_96x96]
05-17 17:26:02.967 E/ImageLoader(10803): Image can't be decoded [http://211.138.252.146:38091/bmdp/FileUploadAction.servlet?op=showPng&fileId=67794&cType=mobile_96x96]
05-17 17:26:02.979 E/ImageLoader(10803): Image can't be decoded [http://211.138.252.146:38091/bmdp/FileUploadAction.servlet?op=showPng&fileId=9270596&cType=mobile_96x96]
05-17 17:26:03.011 E/ImageLoader(10803): Image can't be decoded [http://211.138.252.146:38091/bmdp/FileUploadAction.servlet?op=showPng&fileId=206779&cType=mobile_96x96]
05-17 17:26:03.069 E/ImageLoader(10803): Image can't be decoded [http://211.138.252.146:38091/bmdp/FileUploadAction.servlet?op=showPng&fileId=9276432&cType=mobile_96x96]
05-17 17:26:03.307 E/WifiTrafficPoller(  851): TRAFFIC_STATS_POLL true Token 2478 num clients 19
05-17 17:26:03.309 E/WifiTrafficPoller(  851):  packet count Tx=1710425 Rx=5612399
05-17 17:26:03.925 E/WifiStateMachine(  851):  ConnectedState (when=-1ms what=131155 arg1=555!CMD_RSSI_POLL 555 0 "BOCO-office" 94:b4:0f:68:a4:b1 rssi=-49 f=5785 sc=80 link=121 tx=53.7, 0.0, 0.0  rx=88.9 bcn=0 [on:0 tx:0 rx:0 period:2999] from screen [on:0 period:551722997] gl rssi=-49 ag=0 hr ticks 297,76,43 ls-=0 [56,56,60,60,65] brc=0 lrc=0
05-17 17:26:03.927 E/WifiStateMachine(  851):  L2ConnectedState (when=-3ms what=131155 arg1=555!CMD_RSSI_POLL 555 0 "BOCO-office" 94:b4:0f:68:a4:b1 rssi=-49 f=5785 sc=80 link=121 tx=53.7, 0.0, 0.0  rx=88.9 bcn=0 [on:0 tx:0 rx:0 period:2] from screen [on:0 period:551722999] gl rssi=-49 ag=0 hr ticks 297,76,43 ls-=0 [56,56,60,60,65] brc=0 lrc=0
05-17 17:26:03.927 E/WifiStateMachine(  851):  get link layer stats 0
05-17 17:26:03.942 E/WifiStateMachine(  851): calculateWifiScore() we set wifi's score to 1000, so will always set wifi as a default network.
05-17 17:26:04.309 E/WifiTrafficPoller(  851): TRAFFIC_STATS_POLL true Token 2478 num clients 19
05-17 17:26:04.312 E/WifiTrafficPoller(  851):  packet count Tx=1710425 Rx=5612411
05-17 17:26:04.313 E/WifiTrafficPoller(  851): notifying of data activity 1
05-17 17:26:05.117 E/ImageLoader(10803): Image can't be decoded [http://211.138.252.146:38091/bmdp/FileUploadAction.servlet?op=showPng&fileId=6057108&cType=mobile_96x96]
05-17 17:26:05.138 E/ImageLoader(10803): Image can't be decoded [http://211.138.252.146:38091/bmdp/FileUploadAction.servlet?op=showPng&fileId=9270596&cType=mobile_96x96]
05-17 17:26:05.139 E/ImageLoader(10803): Image can't be decoded [http://211.138.252.146:38091/bmdp/FileUploadAction.servlet?op=showPng&fileId=271&cType=mobile_96x96]
05-17 17:26:05.155 E/ImageLoader(10803): Image can't be decoded [http://211.138.252.146:38091/bmdp/FileUploadAction.servlet?op=showPng&fileId=2029&cType=mobile_96x96]
05-17 17:26:05.164 E/ImageLoader(10803): Image can't be decoded [http://211.138.252.146:38091/bmdp/FileUploadAction.servlet?op=showPng&fileId=1171&cType=mobile_96x96]
05-17 17:26:05.329 E/WifiTrafficPoller(  851): TRAFFIC_STATS_POLL true Token 2478 num clients 19
05-17 17:26:05.330 E/WifiTrafficPoller(  851):  packet count Tx=1710446 Rx=5612442
05-17 17:26:05.330 E/WifiTrafficPoller(  851): notifying of data activity 3
05-17 17:26:06.331 E/WifiTrafficPoller(  851): TRAFFIC_STATS_POLL true Token 2478 num clients 19
05-17 17:26:06.332 E/WifiTrafficPoller(  851):  packet count Tx=1710447 Rx=5612457
05-17 17:26:06.518 E/ImageLoader(10803): Image can't be decoded [http://211.138.252.146:38091/bmdp/FileUploadAction.servlet?op=showPng&fileId=9270596&cType=mobile_96x96]
05-17 17:26:06.526 E/ImageLoader(10803): Image can't be decoded [http://211.138.252.146:38091/bmdp/FileUploadAction.servlet?op=showPng&fileId=6057108&cType=mobile_96x96]
05-17 17:26:06.546 E/ImageLoader(10803): Image can't be decoded [http://211.138.252.146:38091/bmdp/FileUploadAction.servlet?op=showPng&fileId=271&cType=mobile_96x96]
05-17 17:26:06.600 E/ImageLoader(10803): Image can't be decoded [http://211.138.252.146:38091/bmdp/FileUploadAction.servlet?op=showPng&fileId=2029&cType=mobile_96x96]
05-17 17:26:06.946 E/WifiStateMachine(  851):  ConnectedState (when=-3ms what=131155 arg1=555!CMD_RSSI_POLL 555 0 "BOCO-office" 94:b4:0f:68:a4:b1 rssi=-49 f=5785 sc=80 link=121 tx=46.8, 0.0, 0.0  rx=82.4 bcn=0 [on:0 tx:0 rx:0 period:2998] from screen [on:0 period:551726018] gl rssi=-49 ag=0 hr ticks 297,76,43 ls-=0 [56,56,60,60,65] brc=0 lrc=0
05-17 17:26:06.946 E/WifiStateMachine(  851):  L2ConnectedState (when=-4ms what=131155 arg1=555!CMD_RSSI_POLL 555 0 "BOCO-office" 94:b4:0f:68:a4:b1 rssi=-49 f=5785 sc=80 link=121 tx=46.8, 0.0, 0.0  rx=82.4 bcn=0 [on:0 tx:0 rx:0 period:0] from screen [on:0 period:551726018] gl rssi=-49 ag=0 hr ticks 297,76,43 ls-=0 [56,56,60,60,65] brc=0 lrc=0
05-17 17:26:06.947 E/WifiStateMachine(  851):  get link layer stats 0
05-17 17:26:06.952 E/WifiStateMachine(  851): calculateWifiScore() we set wifi's score to 1000, so will always set wifi as a default network.
05-17 17:26:07.007 E/ImageLoader(10803): Image can't be decoded [http://211.138.252.146:38091/bmdp/FileUploadAction.servlet?op=showPng&fileId=6057108&cType=mobile_96x96]
05-17 17:26:07.018 E/ImageLoader(10803): Image can't be decoded [http://211.138.252.146:38091/bmdp/FileUploadAction.servlet?op=showPng&fileId=9270596&cType=mobile_96x96]
05-17 17:26:07.051 E/ImageLoader(10803): Image can't be decoded [http://211.138.252.146:38091/bmdp/FileUploadAction.servlet?op=showPng&fileId=271&cType=mobile_96x96]
05-17 17:26:07.098 E/ImageLoader(10803): Image can't be decoded [http://211.138.252.146:38091/bmdp/FileUploadAction.servlet?op=showPng&fileId=2029&cType=mobile_96x96]
05-17 17:26:07.103 E/ImageLoader(10803): Image can't be decoded [http://211.138.252.146:38091/bmdp/FileUploadAction.servlet?op=showPng&fileId=1171&cType=mobile_96x96]
05-17 17:26:07.332 E/WifiTrafficPoller(  851): TRAFFIC_STATS_POLL true Token 2478 num clients 19
05-17 17:26:07.333 E/WifiTrafficPoller(  851):  packet count Tx=1710486 Rx=5612501
05-17 17:26:08.333 E/WifiTrafficPoller(  851): TRAFFIC_STATS_POLL true Token 2478 num clients 19
05-17 17:26:08.334 E/WifiTrafficPoller(  851):  packet count Tx=1710486 Rx=5612510
05-17 17:26:08.334 E/WifiTrafficPoller(  851): notifying of data activity 1
05-17 17:26:08.447 E/memtrack(10965): Couldn't load memtrack module (No such file or directory)
05-17 17:26:08.447 E/android.os.Debug(10965): failed to load memtrack module: -2
05-17 17:26:09.334 E/WifiTrafficPoller(  851): TRAFFIC_STATS_POLL true Token 2478 num clients 19
05-17 17:26:09.335 E/WifiTrafficPoller(  851):  packet count Tx=1710499 Rx=5612527
05-17 17:26:09.335 E/WifiTrafficPoller(  851): notifying of data activity 3
05-17 17:26:09.959 E/WifiStateMachine(  851):  ConnectedState (when=-4ms what=131155 arg1=555!CMD_RSSI_POLL 555 0 "BOCO-office" 94:b4:0f:68:a4:b1 rssi=-50 f=5785 sc=80 link=121 tx=49.9, 0.0, 0.0  rx=81.2 bcn=0 [on:0 tx:0 rx:0 period:2998] from screen [on:0 period:551729030] gl rssi=-50 ag=0 hr ticks 297,76,43 ls-=0 [56,56,60,60,65] brc=0 lrc=0
05-17 17:26:09.961 E/WifiStateMachine(  851):  L2ConnectedState (when=-7ms what=131155 arg1=555!CMD_RSSI_POLL 555 0 "BOCO-office" 94:b4:0f:68:a4:b1 rssi=-50 f=5785 sc=80 link=121 tx=49.9, 0.0, 0.0  rx=81.2 bcn=0 [on:0 tx:0 rx:0 period:3] from screen [on:0 period:551729033] gl rssi=-50 ag=0 hr ticks 297,76,43 ls-=0 [56,56,60,60,65] brc=0 lrc=0
05-17 17:26:09.961 E/WifiStateMachine(  851):  get link layer stats 0
05-17 17:26:09.982 E/WifiStateMachine(  851): calculateWifiScore() we set wifi's score to 1000, so will always set wifi as a default network.
05-17 17:26:10.337 E/WifiTrafficPoller(  851): TRAFFIC_STATS_POLL true Token 2478 num clients 19
05-17 17:26:10.339 E/WifiTrafficPoller(  851):  packet count Tx=1710499 Rx=5612545
05-17 17:26:10.339 E/WifiTrafficPoller(  851): notifying of data activity 1
05-17 17:26:10.777 E/memtrack(10983): Couldn't load memtrack module (No such file or directory)
05-17 17:26:10.777 E/android.os.Debug(10983): failed to load memtrack module: -2
05-17 17:26:11.341 E/WifiTrafficPoller(  851): TRAFFIC_STATS_POLL true Token 2478 num clients 19
05-17 17:26:11.342 E/WifiTrafficPoller(  851):  packet count Tx=1710505 Rx=5612568
05-17 17:26:11.342 E/WifiTrafficPoller(  851): notifying of data activity 3
05-17 17:26:12.346 E/WifiTrafficPoller(  851): TRAFFIC_STATS_POLL true Token 2478 num clients 19
05-17 17:26:12.348 E/WifiTrafficPoller(  851):  packet count Tx=1710505 Rx=5612577
05-17 17:26:12.348 E/WifiTrafficPoller(  851): notifying of data activity 1
05-17 17:26:12.912 E/memtrack(11002): Couldn't load memtrack module (No such file or directory)
05-17 17:26:12.912 E/android.os.Debug(11002): failed to load memtrack module: -2
05-17 17:26:12.986 E/WifiStateMachine(  851):  ConnectedState (when=-3ms what=131155 arg1=555!CMD_RSSI_POLL 555 0 "BOCO-office" 94:b4:0f:68:a4:b1 rssi=-50 f=5785 sc=80 link=121 tx=35.5, 0.0, 0.0  rx=66.6 bcn=0 [on:0 tx:0 rx:0 period:3001] from screen [on:0 period:551732058] gl rssi=-50 ag=0 hr ticks 297,76,43 ls-=0 [56,56,60,60,65] brc=0 lrc=0
05-17 17:26:12.986 E/WifiStateMachine(  851):  L2ConnectedState (when=-4ms what=131155 arg1=555!CMD_RSSI_POLL 555 0 "BOCO-office" 94:b4:0f:68:a4:b1 rssi=-50 f=5785 sc=80 link=121 tx=35.5, 0.0, 0.0  rx=66.6 bcn=0 [on:0 tx:0 rx:0 period:0] from screen [on:0 period:551732058] gl rssi=-50 ag=0 hr ticks 297,76,43 ls-=0 [56,56,60,60,65] brc=0 lrc=0
05-17 17:26:12.987 E/WifiStateMachine(  851):  get link layer stats 0
05-17 17:26:13.000 E/WifiStateMachine(  851): calculateWifiScore() we set wifi's score to 1000, so will always set wifi as a default network.
05-17 17:26:13.353 E/WifiTrafficPoller(  851): TRAFFIC_STATS_POLL true Token 2478 num clients 19
05-17 17:26:13.354 E/WifiTrafficPoller(  851):  packet count Tx=1710505 Rx=5612589
05-17 17:26:14.355 E/WifiTrafficPoller(  851): TRAFFIC_STATS_POLL true Token 2478 num clients 19
05-17 17:26:14.356 E/WifiTrafficPoller(  851):  packet count Tx=1710505 Rx=5612601
05-17 17:26:14.526 E/memtrack(11020): Couldn't load memtrack module (No such file or directory)
05-17 17:26:14.526 E/android.os.Debug(11020): failed to load memtrack module: -2
05-17 17:26:15.356 E/WifiTrafficPoller(  851): TRAFFIC_STATS_POLL true Token 2478 num clients 19
05-17 17:26:15.358 E/WifiTrafficPoller(  851):  packet count Tx=1710505 Rx=5612609
05-17 17:26:16.003 E/WifiStateMachine(  851):  ConnectedState (when=-3ms what=131155 arg1=555!CMD_RSSI_POLL 555 0 "BOCO-office" 94:b4:0f:68:a4:b1 rssi=-50 f=5785 sc=80 link=121 tx=20.7, 0.0, 0.0  rx=55.8 bcn=0 [on:0 tx:0 rx:0 period:3002] from screen [on:0 period:551735075] gl rssi=-50 ag=0 hr ticks 297,76,43 ls-=0 [56,56,60,60,65] brc=0 lrc=0
05-17 17:26:16.005 E/WifiStateMachine(  851):  L2ConnectedState (when=-4ms what=131155 arg1=555!CMD_RSSI_POLL 555 0 "BOCO-office" 94:b4:0f:68:a4:b1 rssi=-50 f=5785 sc=80 link=121 tx=20.7, 0.0, 0.0  rx=55.8 bcn=0 [on:0 tx:0 rx:0 period:2] from screen [on:0 period:551735077] gl rssi=-50 ag=0 hr ticks 297,76,43 ls-=0 [56,56,60,60,65] brc=0 lrc=0
05-17 17:26:16.005 E/WifiStateMachine(  851):  get link layer stats 0
05-17 17:26:16.008 E/WifiStateMachine(  851): calculateWifiScore() we set wifi's score to 1000, so will always set wifi as a default network.
05-17 17:26:16.074 E/memtrack(11040): Couldn't load memtrack module (No such file or directory)
05-17 17:26:16.074 E/android.os.Debug(11040): failed to load memtrack module: -2
05-17 17:26:16.358 E/WifiTrafficPoller(  851): TRAFFIC_STATS_POLL true Token 2478 num clients 19
05-17 17:26:16.359 E/WifiTrafficPoller(  851):  packet count Tx=1710506 Rx=5612620
05-17 17:26:16.359 E/WifiTrafficPoller(  851): notifying of data activity 3
05-17 17:26:16.825 E/memtrack(11057): Couldn't load memtrack module (No such file or directory)
05-17 17:26:16.825 E/android.os.Debug(11057): failed to load memtrack module: -2
05-17 17:26:17.364 E/WifiTrafficPoller(  851): TRAFFIC_STATS_POLL true Token 2478 num clients 19
05-17 17:26:17.366 E/WifiTrafficPoller(  851):  packet count Tx=1710506 Rx=5612634
05-17 17:26:17.366 E/WifiTrafficPoller(  851): notifying of data activity 1
05-17 17:26:17.924 E/memtrack(11073): Couldn't load memtrack module (No such file or directory)
05-17 17:26:17.925 E/android.os.Debug(11073): failed to load memtrack module: -2
05-17 17:26:18.370 E/WifiTrafficPoller(  851): TRAFFIC_STATS_POLL true Token 2478 num clients 19
05-17 17:26:18.371 E/WifiTrafficPoller(  851):  packet count Tx=1710506 Rx=5612644
05-17 17:26:19.012 E/WifiStateMachine(  851):  ConnectedState (when=-4ms what=131155 arg1=555!CMD_RSSI_POLL 555 0 "BOCO-office" 94:b4:0f:68:a4:b1 rssi=-51 f=5785 sc=80 link=121 tx=10.9, 0.0, 0.0  rx=43.4 bcn=0 [on:0 tx:0 rx:0 period:2998] from screen [on:0 period:551738084] gl rssi=-51 ag=0 hr ticks 297,76,43 ls-=0 [56,56,60,60,65] brc=0 lrc=0
05-17 17:26:19.013 E/WifiStateMachine(  851):  L2ConnectedState (when=-4ms what=131155 arg1=555!CMD_RSSI_POLL 555 0 "BOCO-office" 94:b4:0f:68:a4:b1 rssi=-51 f=5785 sc=80 link=121 tx=10.9, 0.0, 0.0  rx=43.4 bcn=0 [on:0 tx:0 rx:0 period:1] from screen [on:0 period:551738085] gl rssi=-51 ag=0 hr ticks 297,76,43 ls-=0 [56,56,60,60,65] brc=0 lrc=0
05-17 17:26:19.013 E/WifiStateMachine(  851):  get link layer stats 0
05-17 17:26:19.030 E/WifiStateMachine(  851): calculateWifiScore() we set wifi's score to 1000, so will always set wifi as a default network.
05-17 17:26:19.226 E/memtrack(11089): Couldn't load memtrack module (No such file or directory)
05-17 17:26:19.226 E/android.os.Debug(11089): failed to load memtrack module: -2
05-17 17:26:19.371 E/WifiTrafficPoller(  851): TRAFFIC_STATS_POLL true Token 2478 num clients 19
05-17 17:26:19.372 E/WifiTrafficPoller(  851):  packet count Tx=1710506 Rx=5612658
05-17 17:26:20.372 E/WifiTrafficPoller(  851): TRAFFIC_STATS_POLL true Token 2478 num clients 19
05-17 17:26:20.373 E/WifiTrafficPoller(  851):  packet count Tx=1710506 Rx=5612669
05-17 17:26:20.457 E/memtrack(11105): Couldn't load memtrack module (No such file or directory)
05-17 17:26:20.457 E/android.os.Debug(11105): failed to load memtrack module: -2
05-17 17:26:21.373 E/WifiTrafficPoller(  851): TRAFFIC_STATS_POLL true Token 2478 num clients 19
05-17 17:26:21.374 E/WifiTrafficPoller(  851):  packet count Tx=1710506 Rx=5612686
05-17 17:26:22.035 E/WifiStateMachine(  851):  ConnectedState (when=-4ms what=131155 arg1=555!CMD_RSSI_POLL 555 0 "BOCO-office" 94:b4:0f:68:a4:b1 rssi=-49 f=5785 sc=80 link=121 tx=5.4, 0.0, 0.0  rx=39.7 bcn=0 [on:0 tx:0 rx:0 period:3002] from screen [on:0 period:551741106] gl rssi=-49 ag=0 hr ticks 297,76,43 ls-=0 [56,56,60,60,65] brc=0 lrc=0
05-17 17:26:22.042 E/WifiStateMachine(  851):  L2ConnectedState (when=-5ms what=131155 arg1=555!CMD_RSSI_POLL 555 0 "BOCO-office" 94:b4:0f:68:a4:b1 rssi=-49 f=5785 sc=80 link=121 tx=5.4, 0.0, 0.0  rx=39.7 bcn=0 [on:0 tx:0 rx:0 period:8] from screen [on:0 period:551741114] gl rssi=-49 ag=0 hr ticks 297,76,43 ls-=0 [56,56,60,60,65] brc=0 lrc=0
05-17 17:26:22.042 E/WifiStateMachine(  851):  get link layer stats 0
05-17 17:26:22.046 E/WifiStateMachine(  851): calculateWifiScore() we set wifi's score to 1000, so will always set wifi as a default network.
05-17 17:26:22.374 E/WifiTrafficPoller(  851): TRAFFIC_STATS_POLL true Token 2478 num clients 19
05-17 17:26:22.375 E/WifiTrafficPoller(  851):  packet count Tx=1710507 Rx=5612702
05-17 17:26:22.375 E/WifiTrafficPoller(  851): notifying of data activity 3
05-17 17:26:22.452 E/memtrack(11124): Couldn't load memtrack module (No such file or directory)
05-17 17:26:22.452 E/android.os.Debug(11124): failed to load memtrack module: -2
05-17 17:26:23.261 E/memtrack(11141): Couldn't load memtrack module (No such file or directory)
05-17 17:26:23.261 E/android.os.Debug(11141): failed to load memtrack module: -2
05-17 17:26:23.376 E/WifiTrafficPoller(  851): TRAFFIC_STATS_POLL true Token 2478 num clients 19
05-17 17:26:23.377 E/WifiTrafficPoller(  851):  packet count Tx=1710507 Rx=5612714
05-17 17:26:23.377 E/WifiTrafficPoller(  851): notifying of data activity 1
05-17 17:26:24.379 E/WifiTrafficPoller(  851): TRAFFIC_STATS_POLL true Token 2478 num clients 19
05-17 17:26:24.380 E/WifiTrafficPoller(  851):  packet count Tx=1710507 Rx=5612722
05-17 17:26:25.049 E/WifiStateMachine(  851):  ConnectedState (when=-2ms what=131155 arg1=555!CMD_RSSI_POLL 555 0 "BOCO-office" 94:b4:0f:68:a4:b1 rssi=-51 f=5785 sc=80 link=121 tx=3.2, 0.0, 0.0  rx=41.4 bcn=0 [on:0 tx:0 rx:0 period:3001] from screen [on:0 period:551744121] gl rssi=-51 ag=0 hr ticks 297,76,43 ls-=0 [56,56,56,56,61] brc=0 lrc=0
05-17 17:26:25.051 E/WifiStateMachine(  851):  L2ConnectedState (when=-4ms what=131155 arg1=555!CMD_RSSI_POLL 555 0 "BOCO-office" 94:b4:0f:68:a4:b1 rssi=-51 f=5785 sc=80 link=121 tx=3.2, 0.0, 0.0  rx=41.4 bcn=0 [on:0 tx:0 rx:0 period:2] from screen [on:0 period:551744123] gl rssi=-51 ag=0 hr ticks 297,76,43 ls-=0 [56,56,56,56,61] brc=0 lrc=0
05-17 17:26:25.051 E/WifiStateMachine(  851):  get link layer stats 0
05-17 17:26:25.072 E/WifiStateMachine(  851): calculateWifiScore() we set wifi's score to 1000, so will always set wifi as a default network.
05-17 17:26:25.380 E/WifiTrafficPoller(  851): TRAFFIC_STATS_POLL true Token 2478 num clients 19
05-17 17:26:25.381 E/WifiTrafficPoller(  851):  packet count Tx=1710507 Rx=5612735
05-17 17:26:26.381 E/WifiTrafficPoller(  851): TRAFFIC_STATS_POLL true Token 2478 num clients 19
05-17 17:26:26.383 E/WifiTrafficPoller(  851):  packet count Tx=1710507 Rx=5612746
05-17 17:26:27.383 E/WifiTrafficPoller(  851): TRAFFIC_STATS_POLL true Token 2478 num clients 19
05-17 17:26:27.384 E/WifiTrafficPoller(  851):  packet count Tx=1710509 Rx=5612761
05-17 17:26:27.384 E/WifiTrafficPoller(  851): notifying of data activity 3
05-17 17:26:28.075 E/WifiStateMachine(  851):  ConnectedState (when=-2ms what=131155 arg1=555!CMD_RSSI_POLL 555 0 "BOCO-office" 94:b4:0f:68:a4:b1 rssi=-51 f=5785 sc=80 link=121 tx=1.6, 0.0, 0.0  rx=39.2 bcn=0 [on:0 tx:0 rx:0 period:3000] from screen [on:0 period:551747147] gl rssi=-51 ag=0 hr ticks 297,76,43 ls-=0 [56,56,56,56,61] brc=0 lrc=0
05-17 17:26:28.077 E/WifiStateMachine(  851):  L2ConnectedState (when=-4ms what=131155 arg1=555!CMD_RSSI_POLL 555 0 "BOCO-office" 94:b4:0f:68:a4:b1 rssi=-51 f=5785 sc=80 link=121 tx=1.6, 0.0, 0.0  rx=39.2 bcn=0 [on:0 tx:0 rx:0 period:2] from screen [on:0 period:551747149] gl rssi=-51 ag=0 hr ticks 297,76,43 ls-=0 [56,56,56,56,61] brc=0 lrc=0
05-17 17:26:28.077 E/WifiStateMachine(  851):  get link layer stats 0
05-17 17:26:28.102 E/WifiStateMachine(  851): calculateWifiScore() we set wifi's score to 1000, so will always set wifi as a default network.
05-17 17:26:28.386 E/WifiTrafficPoller(  851): TRAFFIC_STATS_POLL true Token 2478 num clients 19
05-17 17:26:28.388 E/WifiTrafficPoller(  851):  packet count Tx=1710509 Rx=5612775
05-17 17:26:28.388 E/WifiTrafficPoller(  851): notifying of data activity 1
05-17 17:26:29.390 E/WifiTrafficPoller(  851): TRAFFIC_STATS_POLL true Token 2478 num clients 19
05-17 17:26:29.391 E/WifiTrafficPoller(  851):  packet count Tx=1710509 Rx=5612792
05-17 17:26:30.391 E/WifiTrafficPoller(  851): TRAFFIC_STATS_POLL true Token 2478 num clients 19
05-17 17:26:30.392 E/WifiTrafficPoller(  851):  packet count Tx=1710509 Rx=5612805
05-17 17:26:30.885 E/memtrack(11161): Couldn't load memtrack module (No such file or directory)
05-17 17:26:30.885 E/android.os.Debug(11161): failed to load memtrack module: -2
05-17 17:26:31.107 E/WifiStateMachine(  851):  ConnectedState (when=-4ms what=131155 arg1=555!CMD_RSSI_POLL 555 0 "BOCO-office" 94:b4:0f:68:a4:b1 rssi=-52 f=5785 sc=80 link=121 tx=1.8, 0.0, 0.0  rx=38.6 bcn=0 [on:0 tx:0 rx:0 period:3000] from screen [on:0 period:551750179] gl rssi=-52 ag=0 hr ticks 297,76,43 ls-=0 [56,56,56,56,61] brc=0 lrc=0
05-17 17:26:31.110 E/WifiStateMachine(  851):  L2ConnectedState (when=-7ms what=131155 arg1=555!CMD_RSSI_POLL 555 0 "BOCO-office" 94:b4:0f:68:a4:b1 rssi=-52 f=5785 sc=80 link=121 tx=1.8, 0.0, 0.0  rx=38.6 bcn=0 [on:0 tx:0 rx:0 period:3] from screen [on:0 period:551750182] gl rssi=-52 ag=0 hr ticks 297,76,43 ls-=0 [56,56,56,56,61] brc=0 lrc=0
05-17 17:26:31.110 E/WifiStateMachine(  851):  get link layer stats 0
05-17 17:26:31.132 E/WifiStateMachine(  851): calculateWifiScore() we set wifi's score to 1000, so will always set wifi as a default network.
05-17 17:26:31.393 E/WifiTrafficPoller(  851): TRAFFIC_STATS_POLL true Token 2478 num clients 19
05-17 17:26:31.394 E/WifiTrafficPoller(  851):  packet count Tx=1710509 Rx=5612818
05-17 17:26:31.721 E/memtrack(11178): Couldn't load memtrack module (No such file or directory)
05-17 17:26:31.721 E/android.os.Debug(11178): failed to load memtrack module: -2
05-17 17:26:32.394 E/WifiTrafficPoller(  851): TRAFFIC_STATS_POLL true Token 2478 num clients 19
05-17 17:26:32.395 E/WifiTrafficPoller(  851):  packet count Tx=1710509 Rx=5612826
05-17 17:26:32.726 E/memtrack(11194): Couldn't load memtrack module (No such file or directory)
05-17 17:26:32.726 E/android.os.Debug(11194): failed to load memtrack module: -2
05-17 17:26:33.395 E/WifiTrafficPoller(  851): TRAFFIC_STATS_POLL true Token 2478 num clients 19
05-17 17:26:33.395 E/WifiTrafficPoller(  851):  packet count Tx=1710510 Rx=5612841
05-17 17:26:33.395 E/WifiTrafficPoller(  851): notifying of data activity 3
05-17 17:26:33.584 E/memtrack(11214): Couldn't load memtrack module (No such file or directory)
05-17 17:26:33.584 E/android.os.Debug(11214): failed to load memtrack module: -2
05-17 17:26:34.133 E/WifiStateMachine(  851):  ConnectedState (when=-1ms what=131155 arg1=555!CMD_RSSI_POLL 555 0 "BOCO-office" 94:b4:0f:68:a4:b1 rssi=-51 f=5785 sc=80 link=121 tx=0.9, 0.0, 0.0  rx=41.8 bcn=0 [on:0 tx:0 rx:0 period:2993] from screen [on:0 period:551753205] gl rssi=-51 ag=0 hr ticks 297,76,43 ls-=0 [56,56,56,56,61] brc=0 lrc=0
05-17 17:26:34.134 E/WifiStateMachine(  851):  L2ConnectedState (when=-2ms what=131155 arg1=555!CMD_RSSI_POLL 555 0 "BOCO-office" 94:b4:0f:68:a4:b1 rssi=-51 f=5785 sc=80 link=121 tx=0.9, 0.0, 0.0  rx=41.8 bcn=0 [on:0 tx:0 rx:0 period:1] from screen [on:0 period:551753206] gl rssi=-51 ag=0 hr ticks 297,76,43 ls-=0 [56,56,56,56,61] brc=0 lrc=0
05-17 17:26:34.134 E/WifiStateMachine(  851):  get link layer stats 0
05-17 17:26:34.150 E/WifiStateMachine(  851): calculateWifiScore() we set wifi's score to 1000, so will always set wifi as a default network.
05-17 17:26:34.396 E/WifiTrafficPoller(  851): TRAFFIC_STATS_POLL true Token 2478 num clients 19
05-17 17:26:34.396 E/WifiTrafficPoller(  851):  packet count Tx=1710510 Rx=5612856
05-17 17:26:34.396 E/WifiTrafficPoller(  851): notifying of data activity 1
05-17 17:26:34.482 E/memtrack(11231): Couldn't load memtrack module (No such file or directory)
05-17 17:26:34.482 E/android.os.Debug(11231): failed to load memtrack module: -2
05-17 17:26:35.397 E/WifiTrafficPoller(  851): TRAFFIC_STATS_POLL true Token 2478 num clients 19
05-17 17:26:35.398 E/WifiTrafficPoller(  851):  packet count Tx=1710510 Rx=5612874
05-17 17:26:35.818 E/memtrack(11249): Couldn't load memtrack module (No such file or directory)
05-17 17:26:35.818 E/android.os.Debug(11249): failed to load memtrack module: -2
05-17 17:26:36.398 E/WifiTrafficPoller(  851): TRAFFIC_STATS_POLL true Token 2478 num clients 19
05-17 17:26:36.399 E/WifiTrafficPoller(  851):  packet count Tx=1710510 Rx=5612892
05-17 17:26:36.518 E/memtrack(11265): Couldn't load memtrack module (No such file or directory)
05-17 17:26:36.518 E/android.os.Debug(11265): failed to load memtrack module: -2
05-17 17:26:37.153 E/WifiStateMachine(  851):  ConnectedState (when=-3ms what=131155 arg1=555!CMD_RSSI_POLL 555 0 "BOCO-office" 94:b4:0f:68:a4:b1 rssi=-51 f=5785 sc=80 link=121 tx=1.0, 0.0, 0.0  rx=38.4 bcn=0 [on:0 tx:0 rx:0 period:2998] from screen [on:0 period:551756225] gl rssi=-51 ag=0 hr ticks 297,76,43 ls-=0 [56,56,56,56,61] brc=0 lrc=0
05-17 17:26:37.154 E/WifiStateMachine(  851):  L2ConnectedState (when=-4ms what=131155 arg1=555!CMD_RSSI_POLL 555 0 "BOCO-office" 94:b4:0f:68:a4:b1 rssi=-51 f=5785 sc=80 link=121 tx=1.0, 0.0, 0.0  rx=38.4 bcn=0 [on:0 tx:0 rx:0 period:1] from screen [on:0 period:551756226] gl rssi=-51 ag=0 hr ticks 297,76,43 ls-=0 [56,56,56,56,61] brc=0 lrc=0
05-17 17:26:37.155 E/WifiStateMachine(  851):  get link layer stats 0
05-17 17:26:37.170 E/WifiStateMachine(  851): calculateWifiScore() we set wifi's score to 1000, so will always set wifi as a default network.
05-17 17:26:37.399 E/WifiTrafficPoller(  851): TRAFFIC_STATS_POLL true Token 2478 num clients 19
05-17 17:26:37.400 E/WifiTrafficPoller(  851):  packet count Tx=1710510 Rx=5612910
05-17 17:26:38.389 E/VoLTE SOC(10481): send len: 521 (vendor/mediatek/proprietary/protect-app/external/volte/volte_stack/src/soc/soc_api.c:827)
05-17 17:26:38.390 E/VoLTE SOC(10481): send ret: 521 (vendor/mediatek/proprietary/protect-app/external/volte/volte_stack/src/soc/soc_api.c:835)
05-17 17:26:38.400 E/WifiTrafficPoller(  851): TRAFFIC_STATS_POLL true Token 2478 num clients 19
05-17 17:26:38.400 E/WifiTrafficPoller(  851):  packet count Tx=1710510 Rx=5612918
05-17 17:26:38.416 E/VoLTE SOC(10481): sendto len: 838 (vendor/mediatek/proprietary/protect-app/external/volte/volte_stack/src/soc/soc_api.c:780)
05-17 17:26:38.417 E/VoLTE SOC(10481): sendto ret: 838 (vendor/mediatek/proprietary/protect-app/external/volte/volte_stack/src/soc/soc_api.c:788)
05-17 17:26:38.606 E/VoLTE SMS(10482): Can't get the sms object, id = 7143424 (vendor/mediatek/proprietary/protect-app/external/volte/volte_ua/src/sms/sms.c:1003)
05-17 17:26:39.400 E/WifiTrafficPoller(  851): TRAFFIC_STATS_POLL true Token 2478 num clients 19
05-17 17:26:39.402 E/WifiTrafficPoller(  851):  packet count Tx=1710510 Rx=5612929
05-17 17:26:39.517 E/SQLiteLog( 2161): (284) automatic index on sqlite_sq_7F92C09800(raw_contact_id)
05-17 17:26:39.528 E/SQLiteLog( 2161): (284) automatic index on sqlite_sq_7F92C09D00(raw_contact_id)
05-17 17:26:39.578 E/MmsService( 1945): MmsServiceSmsReceiverService subId ========================1
05-17 17:26:39.597 E/SQLiteLog( 2161): (284) automatic index on sqlite_sq_7F930B4680(raw_contact_id)
05-17 17:26:39.607 E/SQLiteLog( 2161): (284) automatic index on sqlite_sq_7F930B4680(raw_contact_id)
05-17 17:26:39.965 E/DrmMtkUtil/DrmUtil(  323): checkDcf: not dcf type, dcf version value [79]
05-17 17:26:39.965 E/Cta5File(  323): Cta5File::isCta5NormalFile false, bad magic:OggS
05-17 17:26:39.966 E/Cta5File(  323): Cta5File::isCta5MultimediaFile false, bad magic:C99
05-17 17:26:39.966 E/DrmMtkUtil/DrmUtil(  323): checkDcf: not dcf type, dcf version value [79]
05-17 17:26:39.966 E/Cta5File(  323): Cta5File::isCta5NormalFile false, bad magic:OggS
05-17 17:26:39.966 E/Cta5File(  323): Cta5File::isCta5MultimediaFile false, bad magic:C99
05-17 17:26:39.966 E/DrmMtkUtil/DrmUtil(  323): checkDcf: not dcf type, dcf version value [79]
05-17 17:26:39.970 E/DrmCtaPlugIn(  322): [ERROR]onOpenDecryptSession - The key is not set by user
05-17 17:26:39.970 E/DrmMtkUtil/DrmUtil(  322): parseDcf: not dcf type, dcf version value [79]
05-17 17:26:39.970 E/DrmMtkPlugIn(  322): onOpenDecryptSession() : failed to parse dcf file.
05-17 17:26:39.979 E/AsfParser(  323): unknown object: 5367674f-200-0-0000000000001862, 0 bytes
05-17 17:26:39.979 E/AsfParser(  323): error parsing header: -6
05-17 17:26:39.982 E/MediaPlayer( 1945): Should have subtitle controller already set
05-17 17:26:40.012 E/SQLiteLog( 2161): (284) automatic index on sqlite_sq_7F930B4B80(raw_contact_id)
05-17 17:26:40.018 E/DrmMtkUtil/DrmUtil(  323): checkDcf: not dcf type, dcf version value [79]
05-17 17:26:40.018 E/Cta5File(  323): Cta5File::isCta5NormalFile false, bad magic:OggS
05-17 17:26:40.018 E/Cta5File(  323): Cta5File::isCta5MultimediaFile false, bad magic:C99
05-17 17:26:40.018 E/DrmMtkUtil/DrmUtil(  323): checkDcf: not dcf type, dcf version value [79]
05-17 17:26:40.018 E/Cta5File(  323): Cta5File::isCta5NormalFile false, bad magic:OggS
05-17 17:26:40.018 E/Cta5File(  323): Cta5File::isCta5MultimediaFile false, bad magic:C99
05-17 17:26:40.019 E/DrmMtkUtil/DrmUtil(  323): checkDcf: not dcf type, dcf version value [79]
05-17 17:26:40.021 E/SQLiteLog( 2161): (284) automatic index on sqlite_sq_7F930B4500(raw_contact_id)
05-17 17:26:40.030 E/DrmCtaPlugIn(  322): [ERROR]onOpenDecryptSession - The key is not set by user
05-17 17:26:40.030 E/DrmMtkUtil/DrmUtil(  322): parseDcf: not dcf type, dcf version value [79]
05-17 17:26:40.030 E/DrmMtkPlugIn(  322): onOpenDecryptSession() : failed to parse dcf file.
05-17 17:26:40.036 E/MediaPlayer( 1945): Should have subtitle controller already set
05-17 17:26:40.040 E/AsfParser(  323): unknown object: 5367674f-200-0-0000000000001862, 0 bytes
05-17 17:26:40.040 E/AsfParser(  323): error parsing header: -6
05-17 17:26:40.044 E/MediaPlayer( 1205): Should have subtitle controller already set
05-17 17:26:40.048 E/MediaPlayer( 1205): Should have subtitle controller already set
05-17 17:26:40.056 E/OMXNodeInstance(  323): getParameter(aab:google.vorbis.decoder, ??(0x7f200406)) ERROR: UnsupportedIndex(0x8000101a)
05-17 17:26:40.086 E/AudioALSAPlaybackHandlerBase(  323): openPcmDriver(), pcm_start(0xe745ad00) fail due to cannot start channel: Broken pipe
05-17 17:26:40.096 E/memtrack(11313): Couldn't load memtrack module (No such file or directory)
05-17 17:26:40.096 E/android.os.Debug(11313): failed to load memtrack module: -2
05-17 17:26:40.118 E/TFA9890 (  323): [tfa9890_SpeakerOn: 869]valu=0x0003 
05-17 17:26:40.118 E/TFA9890 (  323): [tfa9890_SpeakerOn: 922]TFA9890 i2s input route valu = 0x8265
05-17 17:26:40.119 E/TFA9890 (  323): [tfa9890_SpeakerOn: 929]after-TFA9890 i2s input route valu = 0x8265
05-17 17:26:40.119 E/TFA9890 (  323): [tfa9890_SpeakerOn: 953]SampleRate = 44100,rout=1 valu=0x789b 
05-17 17:26:40.146 E/TFA9890 (  323): [Tfa98xx_SetMode: 797]SampleRate = 44100
05-17 17:26:40.150 E/AudioALSAPlaybackHandlerBase(  323): -getHardwareBufferInfo pcm_get_htimestamp fail, ret = -1, pcm_get_error = cannot start channel: Broken pipe
05-17 17:26:40.153 E/AudioALSAPlaybackHandlerBase(  323): -getHardwareBufferInfo pcm_get_htimestamp fail, ret = -1, pcm_get_error = cannot start channel: Broken pipe
05-17 17:26:40.174 E/WifiStateMachine(  851):  ConnectedState (when=-3ms what=131155 arg1=555!CMD_RSSI_POLL 555 0 "BOCO-office" 94:b4:0f:68:a4:b1 rssi=-49 f=5785 sc=80 link=121 tx=0.5, 0.0, 0.0  rx=48.2 bcn=0 [on:0 tx:0 rx:0 period:3000] from screen [on:0 period:551759246] gl rssi=-49 ag=0 hr ticks 297,76,43 ls-=0 [56,56,56,56,61] brc=0 lrc=0
