05-22 08:37:51.497 E/appium  ( 2353): 	at io.appium.uiautomator2.server.AppiumServlet.handleRequest(AppiumServlet.java:202)
05-22 08:37:51.497 E/appium  ( 2353): 	at io.appium.uiautomator2.server.AppiumServlet.handleHttpRequest(AppiumServlet.java:193)
05-22 08:37:51.497 E/appium  ( 2353): 	at io.appium.uiautomator2.http.ServerHandler.channelRead(ServerHandler.java:44)
05-22 08:37:51.497 E/appium  ( 2353): 	at io.netty.channel.AbstractChannelHandlerContext.invokeChannelRead(AbstractChannelHandlerContext.java:366)
05-22 08:37:51.497 E/appium  ( 2353): 	at io.netty.channel.AbstractChannelHandlerContext.invokeChannelRead(AbstractChannelHandlerContext.java:352)
05-22 08:37:51.497 E/appium  ( 2353): 	at io.netty.channel.AbstractChannelHandlerContext.fireChannelRead(AbstractChannelHandlerContext.java:345)
05-22 08:37:51.497 E/appium  ( 2353): 	at io.netty.handler.codec.MessageToMessageDecoder.channelRead(MessageToMessageDecoder.java:102)
05-22 08:37:51.497 E/appium  ( 2353): 	at io.netty.channel.AbstractChannelHandlerContext.invokeChannelRead(AbstractChannelHandlerContext.java:366)
05-22 08:37:51.497 E/appium  ( 2353): 	at io.netty.channel.AbstractChannelHandlerContext.invokeChannelRead(AbstractChannelHandlerContext.java:352)
05-22 08:37:51.497 E/appium  ( 2353): 	at io.netty.channel.AbstractChannelHandlerContext.fireChannelRead(AbstractChannelHandlerContext.java:345)
05-22 08:37:51.497 E/appium  ( 2353): 	at io.netty.channel.CombinedChannelDuplexHandler$DelegatingChannelHandlerContext.fireChannelRead(CombinedChannelDuplexHandler.java:435)
05-22 08:37:51.497 E/appium  ( 2353): 	at io.netty.handler.codec.ByteToMessageDecoder.fireChannelRead(ByteToMessageDecoder.java:293)
05-22 08:37:51.497 E/appium  ( 2353): 	at io.netty.handler.codec.ByteToMessageDecoder.channelRead(ByteToMessageDecoder.java:267)
05-22 08:37:51.497 E/appium  ( 2353): 	at io.netty.channel.CombinedChannelDuplexHandler.channelRead(CombinedChannelDuplexHandler.java:250)
05-22 08:37:51.497 E/appium  ( 2353): 	at io.netty.channel.AbstractChannelHandlerContext.invokeChannelRead(AbstractChannelHandlerContext.java:366)
05-22 08:37:51.497 E/appium  ( 2353): 	at io.netty.channel.AbstractChannelHandlerContext.invokeChannelRead(AbstractChannelHandlerContext.java:352)
05-22 08:37:51.497 E/appium  ( 2353): 	at io.netty.channel.AbstractChannelHandlerContext.fireChannelRead(AbstractChannelHandlerContext.java:345)
05-22 08:37:51.497 E/appium  ( 2353): 	at io.netty.channel.DefaultChannelPipeline$HeadContext.channelRead(DefaultChannelPipeline.java:1294)
05-22 08:37:51.497 E/appium  ( 2353): 	at io.netty.channel.AbstractChannelHandlerContext.invokeChannelRead(AbstractChannelHandlerContext.java:366)
05-22 08:37:51.497 E/appium  ( 2353): 	at io.netty.channel.AbstractChannelHandlerContext.invokeChannelRead(AbstractChannelHandlerContext.java:352)
05-22 08:37:51.497 E/appium  ( 2353): 	at io.netty.channel.DefaultChannelPipeline.fireChannelRead(DefaultChannelPipeline.java:911)
05-22 08:37:51.497 E/appium  ( 2353): 	at io.netty.channel.nio.AbstractNioByteChannel$NioByteUnsafe.read(AbstractNioByteChannel.java:131)
05-22 08:37:51.497 E/appium  ( 2353): 	at io.netty.channel.nio.NioEventLoop.processSelectedKey(NioEventLoop.java:611)
05-22 08:37:51.497 E/appium  ( 2353): 	at io.netty.channel.nio.NioEventLoop.processSelectedKeysPlain(NioEventLoop.java:514)
05-22 08:37:51.497 E/appium  ( 2353): 	at io.netty.channel.nio.NioEventLoop.processSelectedKeys(NioEventLoop.java:468)
05-22 08:37:51.497 E/appium  ( 2353): 	at io.netty.channel.nio.NioEventLoop.run(NioEventLoop.java:438)
05-22 08:37:51.497 E/appium  ( 2353): 	at io.netty.util.concurrent.SingleThreadEventExecutor$2.run(SingleThreadEventExecutor.java:140)
05-22 08:37:51.497 E/appium  ( 2353): 	at io.netty.util.concurrent.DefaultThreadFactory$DefaultRunnableDecorator.run(DefaultThreadFactory.java:144)
05-22 08:37:51.497 E/appium  ( 2353): 	at java.lang.Thread.run(Thread.java:841)
05-22 08:37:52.457 E/appium  ( 2353): Element not found: 
05-22 08:37:52.457 E/appium  ( 2353): io.appium.uiautomator2.common.exceptions.ElementNotFoundException: Could not find an element using supplied strategy. 
05-22 08:37:52.457 E/appium  ( 2353): 	at io.appium.uiautomator2.handler.FindElement.getXPathUiObject(FindElement.java:80)
05-22 08:37:52.457 E/appium  ( 2353): 	at io.appium.uiautomator2.handler.FindElement.findElement(FindElement.java:153)
05-22 08:37:52.457 E/appium  ( 2353): 	at io.appium.uiautomator2.handler.FindElement.safeHandle(FindElement.java:102)
05-22 08:37:52.457 E/appium  ( 2353): 	at io.appium.uiautomator2.handler.request.SafeRequestHandler.handle(SafeRequestHandler.java:56)
05-22 08:37:52.457 E/appium  ( 2353): 	at io.appium.uiautomator2.server.AppiumServlet.handleRequest(AppiumServlet.java:202)
05-22 08:37:52.457 E/appium  ( 2353): 	at io.appium.uiautomator2.server.AppiumServlet.handleHttpRequest(AppiumServlet.java:193)
05-22 08:37:52.457 E/appium  ( 2353): 	at io.appium.uiautomator2.http.ServerHandler.channelRead(ServerHandler.java:44)
05-22 08:37:52.457 E/appium  ( 2353): 	at io.netty.channel.AbstractChannelHandlerContext.invokeChannelRead(AbstractChannelHandlerContext.java:366)
05-22 08:37:52.457 E/appium  ( 2353): 	at io.netty.channel.AbstractChannelHandlerContext.invokeChannelRead(AbstractChannelHandlerContext.java:352)
05-22 08:37:52.457 E/appium  ( 2353): 	at io.netty.channel.AbstractChannelHandlerContext.fireChannelRead(AbstractChannelHandlerContext.java:345)
05-22 08:37:52.457 E/appium  ( 2353): 	at io.netty.handler.codec.MessageToMessageDecoder.channelRead(MessageToMessageDecoder.java:102)
05-22 08:37:52.457 E/appium  ( 2353): 	at io.netty.channel.AbstractChannelHandlerContext.invokeChannelRead(AbstractChannelHandlerContext.java:366)
05-22 08:37:52.457 E/appium  ( 2353): 	at io.netty.channel.AbstractChannelHandlerContext.invokeChannelRead(AbstractChannelHandlerContext.java:352)
05-22 08:37:52.457 E/appium  ( 2353): 	at io.netty.channel.AbstractChannelHandlerContext.fireChannelRead(AbstractChannelHandlerContext.java:345)
05-22 08:37:52.457 E/appium  ( 2353): 	at io.netty.channel.CombinedChannelDuplexHandler$DelegatingChannelHandlerContext.fireChannelRead(CombinedChannelDuplexHandler.java:435)
05-22 08:37:52.457 E/appium  ( 2353): 	at io.netty.handler.codec.ByteToMessageDecoder.fireChannelRead(ByteToMessageDecoder.java:293)
05-22 08:37:52.457 E/appium  ( 2353): 	at io.netty.handler.codec.ByteToMessageDecoder.channelRead(ByteToMessageDecoder.java:267)
05-22 08:37:52.457 E/appium  ( 2353): 	at io.netty.channel.CombinedChannelDuplexHandler.channelRead(CombinedChannelDuplexHandler.java:250)
05-22 08:37:52.457 E/appium  ( 2353): 	at io.netty.channel.AbstractChannelHandlerContext.invokeChannelRead(AbstractChannelHandlerContext.java:366)
05-22 08:37:52.457 E/appium  ( 2353): 	at io.netty.channel.AbstractChannelHandlerContext.invokeChannelRead(AbstractChannelHandlerContext.java:352)
05-22 08:37:52.457 E/appium  ( 2353): 	at io.netty.channel.AbstractChannelHandlerContext.fireChannelRead(AbstractChannelHandlerContext.java:345)
05-22 08:37:52.457 E/appium  ( 2353): 	at io.netty.channel.DefaultChannelPipeline$HeadContext.channelRead(DefaultChannelPipeline.java:1294)
05-22 08:37:52.457 E/appium  ( 2353): 	at io.netty.channel.AbstractChannelHandlerContext.invokeChannelRead(AbstractChannelHandlerContext.java:366)
05-22 08:37:52.457 E/appium  ( 2353): 	at io.netty.channel.AbstractChannelHandlerContext.invokeChannelRead(AbstractChannelHandlerContext.java:352)
05-22 08:37:52.457 E/appium  ( 2353): 	at io.netty.channel.DefaultChannelPipeline.fireChannelRead(DefaultChannelPipeline.java:911)
05-22 08:37:52.457 E/appium  ( 2353): 	at io.netty.channel.nio.AbstractNioByteChannel$NioByteUnsafe.read(AbstractNioByteChannel.java:131)
05-22 08:37:52.457 E/appium  ( 2353): 	at io.netty.channel.nio.NioEventLoop.processSelectedKey(NioEventLoop.java:611)
05-22 08:37:52.457 E/appium  ( 2353): 	at io.netty.channel.nio.NioEventLoop.processSelectedKeysPlain(NioEventLoop.java:514)
05-22 08:37:52.457 E/appium  ( 2353): 	at io.netty.channel.nio.NioEventLoop.processSelectedKeys(NioEventLoop.java:468)
05-22 08:37:52.457 E/appium  ( 2353): 	at io.netty.channel.nio.NioEventLoop.run(NioEventLoop.java:438)
05-22 08:37:52.457 E/appium  ( 2353): 	at io.netty.util.concurrent.SingleThreadEventExecutor$2.run(SingleThreadEventExecutor.java:140)
05-22 08:37:52.457 E/appium  ( 2353): 	at io.netty.util.concurrent.DefaultThreadFactory$DefaultRunnableDecorator.run(DefaultThreadFactory.java:144)
05-22 08:37:52.457 E/appium  ( 2353): 	at java.lang.Thread.run(Thread.java:841)
05-22 08:37:53.497 E/appium  ( 2353): Element not found: 
05-22 08:37:53.497 E/appium  ( 2353): io.appium.uiautomator2.common.exceptions.ElementNotFoundException: Could not find an element using supplied strategy. 
05-22 08:37:53.497 E/appium  ( 2353): 	at io.appium.uiautomator2.handler.FindElement.getXPathUiObject(FindElement.java:80)
05-22 08:37:53.497 E/appium  ( 2353): 	at io.appium.uiautomator2.handler.FindElement.findElement(FindElement.java:153)
05-22 08:37:53.497 E/appium  ( 2353): 	at io.appium.uiautomator2.handler.FindElement.safeHandle(FindElement.java:102)
05-22 08:37:53.497 E/appium  ( 2353): 	at io.appium.uiautomator2.handler.request.SafeRequestHandler.handle(SafeRequestHandler.java:56)
05-22 08:37:53.497 E/appium  ( 2353): 	at io.appium.uiautomator2.server.AppiumServlet.handleRequest(AppiumServlet.java:202)
05-22 08:37:53.497 E/appium  ( 2353): 	at io.appium.uiautomator2.server.AppiumServlet.handleHttpRequest(AppiumServlet.java:193)
05-22 08:37:53.497 E/appium  ( 2353): 	at io.appium.uiautomator2.http.ServerHandler.channelRead(ServerHandler.java:44)
05-22 08:37:53.497 E/appium  ( 2353): 	at io.netty.channel.AbstractChannelHandlerContext.invokeChannelRead(AbstractChannelHandlerContext.java:366)
05-22 08:37:53.497 E/appium  ( 2353): 	at io.netty.channel.AbstractChannelHandlerContext.invokeChannelRead(AbstractChannelHandlerContext.java:352)
05-22 08:37:53.497 E/appium  ( 2353): 	at io.netty.channel.AbstractChannelHandlerContext.fireChannelRead(AbstractChannelHandlerContext.java:345)
05-22 08:37:53.497 E/appium  ( 2353): 	at io.netty.handler.codec.MessageToMessageDecoder.channelRead(MessageToMessageDecoder.java:102)
05-22 08:37:53.497 E/appium  ( 2353): 	at io.netty.channel.AbstractChannelHandlerContext.invokeChannelRead(AbstractChannelHandlerContext.java:366)
05-22 08:37:53.497 E/appium  ( 2353): 	at io.netty.channel.AbstractChannelHandlerContext.invokeChannelRead(AbstractChannelHandlerContext.java:352)
05-22 08:37:53.497 E/appium  ( 2353): 	at io.netty.channel.AbstractChannelHandlerContext.fireChannelRead(AbstractChannelHandlerContext.java:345)
05-22 08:37:53.497 E/appium  ( 2353): 	at io.netty.channel.CombinedChannelDuplexHandler$DelegatingChannelHandlerContext.fireChannelRead(CombinedChannelDuplexHandler.java:435)
05-22 08:37:53.497 E/appium  ( 2353): 	at io.netty.handler.codec.ByteToMessageDecoder.fireChannelRead(ByteToMessageDecoder.java:293)
05-22 08:37:53.497 E/appium  ( 2353): 	at io.netty.handler.codec.ByteToMessageDecoder.channelRead(ByteToMessageDecoder.java:267)
05-22 08:37:53.497 E/appium  ( 2353): 	at io.netty.channel.CombinedChannelDuplexHandler.channelRead(CombinedChannelDuplexHandler.java:250)
05-22 08:37:53.497 E/appium  ( 2353): 	at io.netty.channel.AbstractChannelHandlerContext.invokeChannelRead(AbstractChannelHandlerContext.java:366)
05-22 08:37:53.497 E/appium  ( 2353): 	at io.netty.channel.AbstractChannelHandlerContext.invokeChannelRead(AbstractChannelHandlerContext.java:352)
05-22 08:37:53.497 E/appium  ( 2353): 	at io.netty.channel.AbstractChannelHandlerContext.fireChannelRead(AbstractChannelHandlerContext.java:345)
05-22 08:37:53.497 E/appium  ( 2353): 	at io.netty.channel.DefaultChannelPipeline$HeadContext.channelRead(DefaultChannelPipeline.java:1294)
05-22 08:37:53.497 E/appium  ( 2353): 	at io.netty.channel.AbstractChannelHandlerContext.invokeChannelRead(AbstractChannelHandlerContext.java:366)
05-22 08:37:53.497 E/appium  ( 2353): 	at io.netty.channel.AbstractChannelHandlerContext.invokeChannelRead(AbstractChannelHandlerContext.java:352)
05-22 08:37:53.497 E/appium  ( 2353): 	at io.netty.channel.DefaultChannelPipeline.fireChannelRead(DefaultChannelPipeline.java:911)
05-22 08:37:53.497 E/appium  ( 2353): 	at io.netty.channel.nio.AbstractNioByteChannel$NioByteUnsafe.read(AbstractNioByteChannel.java:131)
05-22 08:37:53.497 E/appium  ( 2353): 	at io.netty.channel.nio.NioEventLoop.processSelectedKey(NioEventLoop.java:611)
05-22 08:37:53.497 E/appium  ( 2353): 	at io.netty.channel.nio.NioEventLoop.processSelectedKeysPlain(NioEventLoop.java:514)
05-22 08:37:53.497 E/appium  ( 2353): 	at io.netty.channel.nio.NioEventLoop.processSelectedKeys(NioEventLoop.java:468)
05-22 08:37:53.497 E/appium  ( 2353): 	at io.netty.channel.nio.NioEventLoop.run(NioEventLoop.java:438)
05-22 08:37:53.497 E/appium  ( 2353): 	at io.netty.util.concurrent.SingleThreadEventExecutor$2.run(SingleThreadEventExecutor.java:140)
05-22 08:37:53.497 E/appium  ( 2353): 	at io.netty.util.concurrent.DefaultThreadFactory$DefaultRunnableDecorator.run(DefaultThreadFactory.java:144)
05-22 08:37:53.497 E/appium  ( 2353): 	at java.lang.Thread.run(Thread.java:841)
05-22 08:37:54.497 E/appium  ( 2353): Element not found: 
05-22 08:37:54.497 E/appium  ( 2353): io.appium.uiautomator2.common.exceptions.ElementNotFoundException: Could not find an element using supplied strategy. 
05-22 08:37:54.497 E/appium  ( 2353): 	at io.appium.uiautomator2.handler.FindElement.getXPathUiObject(FindElement.java:80)
05-22 08:37:54.497 E/appium  ( 2353): 	at io.appium.uiautomator2.handler.FindElement.findElement(FindElement.java:153)
05-22 08:37:54.497 E/appium  ( 2353): 	at io.appium.uiautomator2.handler.FindElement.safeHandle(FindElement.java:102)
05-22 08:37:54.497 E/appium  ( 2353): 	at io.appium.uiautomator2.handler.request.SafeRequestHandler.handle(SafeRequestHandler.java:56)
05-22 08:37:54.497 E/appium  ( 2353): 	at io.appium.uiautomator2.server.AppiumServlet.handleRequest(AppiumServlet.java:202)
05-22 08:37:54.497 E/appium  ( 2353): 	at io.appium.uiautomator2.server.AppiumServlet.handleHttpRequest(AppiumServlet.java:193)
05-22 08:37:54.497 E/appium  ( 2353): 	at io.appium.uiautomator2.http.ServerHandler.channelRead(ServerHandler.java:44)
05-22 08:37:54.497 E/appium  ( 2353): 	at io.netty.channel.AbstractChannelHandlerContext.invokeChannelRead(AbstractChannelHandlerContext.java:366)
05-22 08:37:54.497 E/appium  ( 2353): 	at io.netty.channel.AbstractChannelHandlerContext.invokeChannelRead(AbstractChannelHandlerContext.java:352)
05-22 08:37:54.497 E/appium  ( 2353): 	at io.netty.channel.AbstractChannelHandlerContext.fireChannelRead(AbstractChannelHandlerContext.java:345)
05-22 08:37:54.497 E/appium  ( 2353): 	at io.netty.handler.codec.MessageToMessageDecoder.channelRead(MessageToMessageDecoder.java:102)
05-22 08:37:54.497 E/appium  ( 2353): 	at io.netty.channel.AbstractChannelHandlerContext.invokeChannelRead(AbstractChannelHandlerContext.java:366)
05-22 08:37:54.497 E/appium  ( 2353): 	at io.netty.channel.AbstractChannelHandlerContext.invokeChannelRead(AbstractChannelHandlerContext.java:352)
05-22 08:37:54.497 E/appium  ( 2353): 	at io.netty.channel.AbstractChannelHandlerContext.fireChannelRead(AbstractChannelHandlerContext.java:345)
05-22 08:37:54.497 E/appium  ( 2353): 	at io.netty.channel.CombinedChannelDuplexHandler$DelegatingChannelHandlerContext.fireChannelRead(CombinedChannelDuplexHandler.java:435)
05-22 08:37:54.497 E/appium  ( 2353): 	at io.netty.handler.codec.ByteToMessageDecoder.fireChannelRead(ByteToMessageDecoder.java:293)
05-22 08:37:54.497 E/appium  ( 2353): 	at io.netty.handler.codec.ByteToMessageDecoder.channelRead(ByteToMessageDecoder.java:267)
05-22 08:37:54.497 E/appium  ( 2353): 	at io.netty.channel.CombinedChannelDuplexHandler.channelRead(CombinedChannelDuplexHandler.java:250)
05-22 08:37:54.497 E/appium  ( 2353): 	at io.netty.channel.AbstractChannelHandlerContext.invokeChannelRead(AbstractChannelHandlerContext.java:366)
05-22 08:37:54.497 E/appium  ( 2353): 	at io.netty.channel.AbstractChannelHandlerContext.invokeChannelRead(AbstractChannelHandlerContext.java:352)
05-22 08:37:54.497 E/appium  ( 2353): 	at io.netty.channel.AbstractChannelHandlerContext.fireChannelRead(AbstractChannelHandlerContext.java:345)
05-22 08:37:54.497 E/appium  ( 2353): 	at io.netty.channel.DefaultChannelPipeline$HeadContext.channelRead(DefaultChannelPipeline.java:1294)
05-22 08:37:54.497 E/appium  ( 2353): 	at io.netty.channel.AbstractChannelHandlerContext.invokeChannelRead(AbstractChannelHandlerContext.java:366)
05-22 08:37:54.497 E/appium  ( 2353): 	at io.netty.channel.AbstractChannelHandlerContext.invokeChannelRead(AbstractChannelHandlerContext.java:352)
05-22 08:37:54.497 E/appium  ( 2353): 	at io.netty.channel.DefaultChannelPipeline.fireChannelRead(DefaultChannelPipeline.java:911)
05-22 08:37:54.497 E/appium  ( 2353): 	at io.netty.channel.nio.AbstractNioByteChannel$NioByteUnsafe.read(AbstractNioByteChannel.java:131)
05-22 08:37:54.497 E/appium  ( 2353): 	at io.netty.channel.nio.NioEventLoop.processSelectedKey(NioEventLoop.java:611)
05-22 08:37:54.497 E/appium  ( 2353): 	at io.netty.channel.nio.NioEventLoop.processSelectedKeysPlain(NioEventLoop.java:514)
05-22 08:37:54.497 E/appium  ( 2353): 	at io.netty.channel.nio.NioEventLoop.processSelectedKeys(NioEventLoop.java:468)
05-22 08:37:54.497 E/appium  ( 2353): 	at io.netty.channel.nio.NioEventLoop.run(NioEventLoop.java:438)
05-22 08:37:54.497 E/appium  ( 2353): 	at io.netty.util.concurrent.SingleThreadEventExecutor$2.run(SingleThreadEventExecutor.java:140)
05-22 08:37:54.497 E/appium  ( 2353): 	at io.netty.util.concurrent.DefaultThreadFactory$DefaultRunnableDecorator.run(DefaultThreadFactory.java:144)
05-22 08:37:54.497 E/appium  ( 2353): 	at java.lang.Thread.run(Thread.java:841)
05-22 08:37:55.507 E/appium  ( 2353): Element not found: 
05-22 08:37:55.507 E/appium  ( 2353): io.appium.uiautomator2.common.exceptions.ElementNotFoundException: Could not find an element using supplied strategy. 
05-22 08:37:55.507 E/appium  ( 2353): 	at io.appium.uiautomator2.handler.FindElement.getXPathUiObject(FindElement.java:80)
05-22 08:37:55.507 E/appium  ( 2353): 	at io.appium.uiautomator2.handler.FindElement.findElement(FindElement.java:153)
05-22 08:37:55.507 E/appium  ( 2353): 	at io.appium.uiautomator2.handler.FindElement.safeHandle(FindElement.java:102)
05-22 08:37:55.507 E/appium  ( 2353): 	at io.appium.uiautomator2.handler.request.SafeRequestHandler.handle(SafeRequestHandler.java:56)
05-22 08:37:55.507 E/appium  ( 2353): 	at io.appium.uiautomator2.server.AppiumServlet.handleRequest(AppiumServlet.java:202)
05-22 08:37:55.507 E/appium  ( 2353): 	at io.appium.uiautomator2.server.AppiumServlet.handleHttpRequest(AppiumServlet.java:193)
05-22 08:37:55.507 E/appium  ( 2353): 	at io.appium.uiautomator2.http.ServerHandler.channelRead(ServerHandler.java:44)
05-22 08:37:55.507 E/appium  ( 2353): 	at io.netty.channel.AbstractChannelHandlerContext.invokeChannelRead(AbstractChannelHandlerContext.java:366)
05-22 08:37:55.507 E/appium  ( 2353): 	at io.netty.channel.AbstractChannelHandlerContext.invokeChannelRead(AbstractChannelHandlerContext.java:352)
05-22 08:37:55.507 E/appium  ( 2353): 	at io.netty.channel.AbstractChannelHandlerContext.fireChannelRead(AbstractChannelHandlerContext.java:345)
05-22 08:37:55.507 E/appium  ( 2353): 	at io.netty.handler.codec.MessageToMessageDecoder.channelRead(MessageToMessageDecoder.java:102)
05-22 08:37:55.507 E/appium  ( 2353): 	at io.netty.channel.AbstractChannelHandlerContext.invokeChannelRead(AbstractChannelHandlerContext.java:366)
05-22 08:37:55.507 E/appium  ( 2353): 	at io.netty.channel.AbstractChannelHandlerContext.invokeChannelRead(AbstractChannelHandlerContext.java:352)
05-22 08:37:55.507 E/appium  ( 2353): 	at io.netty.channel.AbstractChannelHandlerContext.fireChannelRead(AbstractChannelHandlerContext.java:345)
05-22 08:37:55.507 E/appium  ( 2353): 	at io.netty.channel.CombinedChannelDuplexHandler$DelegatingChannelHandlerContext.fireChannelRead(CombinedChannelDuplexHandler.java:435)
05-22 08:37:55.507 E/appium  ( 2353): 	at io.netty.handler.codec.ByteToMessageDecoder.fireChannelRead(ByteToMessageDecoder.java:293)
05-22 08:37:55.507 E/appium  ( 2353): 	at io.netty.handler.codec.ByteToMessageDecoder.channelRead(ByteToMessageDecoder.java:267)
05-22 08:37:55.507 E/appium  ( 2353): 	at io.netty.channel.CombinedChannelDuplexHandler.channelRead(CombinedChannelDuplexHandler.java:250)
05-22 08:37:55.507 E/appium  ( 2353): 	at io.netty.channel.AbstractChannelHandlerContext.invokeChannelRead(AbstractChannelHandlerContext.java:366)
05-22 08:37:55.507 E/appium  ( 2353): 	at io.netty.channel.AbstractChannelHandlerContext.invokeChannelRead(AbstractChannelHandlerContext.java:352)
05-22 08:37:55.507 E/appium  ( 2353): 	at io.netty.channel.AbstractChannelHandlerContext.fireChannelRead(AbstractChannelHandlerContext.java:345)
05-22 08:37:55.507 E/appium  ( 2353): 	at io.netty.channel.DefaultChannelPipeline$HeadContext.channelRead(DefaultChannelPipeline.java:1294)
05-22 08:37:55.507 E/appium  ( 2353): 	at io.netty.channel.AbstractChannelHandlerContext.invokeChannelRead(AbstractChannelHandlerContext.java:366)
05-22 08:37:55.507 E/appium  ( 2353): 	at io.netty.channel.AbstractChannelHandlerContext.invokeChannelRead(AbstractChannelHandlerContext.java:352)
05-22 08:37:55.507 E/appium  ( 2353): 	at io.netty.channel.DefaultChannelPipeline.fireChannelRead(DefaultChannelPipeline.java:911)
05-22 08:37:55.507 E/appium  ( 2353): 	at io.netty.channel.nio.AbstractNioByteChannel$NioByteUnsafe.read(AbstractNioByteChannel.java:131)
05-22 08:37:55.507 E/appium  ( 2353): 	at io.netty.channel.nio.NioEventLoop.processSelectedKey(NioEventLoop.java:611)
05-22 08:37:55.507 E/appium  ( 2353): 	at io.netty.channel.nio.NioEventLoop.processSelectedKeysPlain(NioEventLoop.java:514)
05-22 08:37:55.507 E/appium  ( 2353): 	at io.netty.channel.nio.NioEventLoop.processSelectedKeys(NioEventLoop.java:468)
05-22 08:37:55.507 E/appium  ( 2353): 	at io.netty.channel.nio.NioEventLoop.run(NioEventLoop.java:438)
05-22 08:37:55.507 E/appium  ( 2353): 	at io.netty.util.concurrent.SingleThreadEventExecutor$2.run(SingleThreadEventExecutor.java:140)
05-22 08:37:55.507 E/appium  ( 2353): 	at io.netty.util.concurrent.DefaultThreadFactory$DefaultRunnableDecorator.run(DefaultThreadFactory.java:144)
05-22 08:37:55.507 E/appium  ( 2353): 	at java.lang.Thread.run(Thread.java:841)
05-22 08:37:56.097 E/Cataloger( 1202): syncFile:/storage/emulated/0/appHall_guangxi_folder/download/1495413418390ZteAndrProjZq5.0.apk
05-22 08:37:56.867 E/QueryController( 2353): Got null root node from accessibility - Retrying...
05-22 08:38:00.557 E/appium  ( 2353): Element not found: 
05-22 08:38:00.557 E/appium  ( 2353): io.appium.uiautomator2.common.exceptions.ElementNotFoundException: Could not find an element using supplied strategy. 
05-22 08:38:00.557 E/appium  ( 2353): 	at io.appium.uiautomator2.handler.FindElement.getXPathUiObject(FindElement.java:80)
05-22 08:38:00.557 E/appium  ( 2353): 	at io.appium.uiautomator2.handler.FindElement.findElement(FindElement.java:153)
05-22 08:38:00.557 E/appium  ( 2353): 	at io.appium.uiautomator2.handler.FindElement.safeHandle(FindElement.java:102)
05-22 08:38:00.557 E/appium  ( 2353): 	at io.appium.uiautomator2.handler.request.SafeRequestHandler.handle(SafeRequestHandler.java:56)
05-22 08:38:00.557 E/appium  ( 2353): 	at io.appium.uiautomator2.server.AppiumServlet.handleRequest(AppiumServlet.java:202)
05-22 08:38:00.557 E/appium  ( 2353): 	at io.appium.uiautomator2.server.AppiumServlet.handleHttpRequest(AppiumServlet.java:193)
05-22 08:38:00.557 E/appium  ( 2353): 	at io.appium.uiautomator2.http.ServerHandler.channelRead(ServerHandler.java:44)
05-22 08:38:00.557 E/appium  ( 2353): 	at io.netty.channel.AbstractChannelHandlerContext.invokeChannelRead(AbstractChannelHandlerContext.java:366)
05-22 08:38:00.557 E/appium  ( 2353): 	at io.netty.channel.AbstractChannelHandlerContext.invokeChannelRead(AbstractChannelHandlerContext.java:352)
05-22 08:38:00.557 E/appium  ( 2353): 	at io.netty.channel.AbstractChannelHandlerContext.fireChannelRead(AbstractChannelHandlerContext.java:345)
05-22 08:38:00.557 E/appium  ( 2353): 	at io.netty.handler.codec.MessageToMessageDecoder.channelRead(MessageToMessageDecoder.java:102)
05-22 08:38:00.557 E/appium  ( 2353): 	at io.netty.channel.AbstractChannelHandlerContext.invokeChannelRead(AbstractChannelHandlerContext.java:366)
05-22 08:38:00.557 E/appium  ( 2353): 	at io.netty.channel.AbstractChannelHandlerContext.invokeChannelRead(AbstractChannelHandlerContext.java:352)
05-22 08:38:00.557 E/appium  ( 2353): 	at io.netty.channel.AbstractChannelHandlerContext.fireChannelRead(AbstractChannelHandlerContext.java:345)
05-22 08:38:00.557 E/appium  ( 2353): 	at io.netty.channel.CombinedChannelDuplexHandler$DelegatingChannelHandlerContext.fireChannelRead(CombinedChannelDuplexHandler.java:435)
05-22 08:38:00.557 E/appium  ( 2353): 	at io.netty.handler.codec.ByteToMessageDecoder.fireChannelRead(ByteToMessageDecoder.java:293)
05-22 08:38:00.557 E/appium  ( 2353): 	at io.netty.handler.codec.ByteToMessageDecoder.channelRead(ByteToMessageDecoder.java:267)
05-22 08:38:00.557 E/appium  ( 2353): 	at io.netty.channel.CombinedChannelDuplexHandler.channelRead(CombinedChannelDuplexHandler.java:250)
05-22 08:38:00.557 E/appium  ( 2353): 	at io.netty.channel.AbstractChannelHandlerContext.invokeChannelRead(AbstractChannelHandlerContext.java:366)
05-22 08:38:00.557 E/appium  ( 2353): 	at io.netty.channel.AbstractChannelHandlerContext.invokeChannelRead(AbstractChannelHandlerContext.java:352)
05-22 08:38:00.557 E/appium  ( 2353): 	at io.netty.channel.AbstractChannelHandlerContext.fireChannelRead(AbstractChannelHandlerContext.java:345)
05-22 08:38:00.557 E/appium  ( 2353): 	at io.netty.channel.DefaultChannelPipeline$HeadContext.channelRead(DefaultChannelPipeline.java:1294)
05-22 08:38:00.557 E/appium  ( 2353): 	at io.netty.channel.AbstractChannelHandlerContext.invokeChannelRead(AbstractChannelHandlerContext.java:366)
05-22 08:38:00.557 E/appium  ( 2353): 	at io.netty.channel.AbstractChannelHandlerContext.invokeChannelRead(AbstractChannelHandlerContext.java:352)
05-22 08:38:00.557 E/appium  ( 2353): 	at io.netty.channel.DefaultChannelPipeline.fireChannelRead(DefaultChannelPipeline.java:911)
05-22 08:38:00.557 E/appium  ( 2353): 	at io.netty.channel.nio.AbstractNioByteChannel$NioByteUnsafe.read(AbstractNioByteChannel.java:131)
05-22 08:38:00.557 E/appium  ( 2353): 	at io.netty.channel.nio.NioEventLoop.processSelectedKey(NioEventLoop.java:611)
05-22 08:38:00.557 E/appium  ( 2353): 	at io.netty.channel.nio.NioEventLoop.processSelectedKeysPlain(NioEventLoop.java:514)
05-22 08:38:00.557 E/appium  ( 2353): 	at io.netty.channel.nio.NioEventLoop.processSelectedKeys(NioEventLoop.java:468)
05-22 08:38:00.557 E/appium  ( 2353): 	at io.netty.channel.nio.NioEventLoop.run(NioEventLoop.java:438)
05-22 08:38:00.557 E/appium  ( 2353): 	at io.netty.util.concurrent.SingleThreadEventExecutor$2.run(SingleThreadEventExecutor.java:140)
05-22 08:38:00.557 E/appium  ( 2353): 	at io.netty.util.concurrent.DefaultThreadFactory$DefaultRunnableDecorator.run(DefaultThreadFactory.java:144)
05-22 08:38:00.557 E/appium  ( 2353): 	at java.lang.Thread.run(Thread.java:841)
05-22 08:38:01.067 E/appium  ( 2353): Element not found: 
05-22 08:38:01.067 E/appium  ( 2353): io.appium.uiautomator2.common.exceptions.ElementNotFoundException: Could not find an element using supplied strategy. 
05-22 08:38:01.067 E/appium  ( 2353): 	at io.appium.uiautomator2.handler.FindElement.getXPathUiObject(FindElement.java:80)
05-22 08:38:01.067 E/appium  ( 2353): 	at io.appium.uiautomator2.handler.FindElement.findElement(FindElement.java:153)
05-22 08:38:01.067 E/appium  ( 2353): 	at io.appium.uiautomator2.handler.FindElement.safeHandle(FindElement.java:102)
05-22 08:38:01.067 E/appium  ( 2353): 	at io.appium.uiautomator2.handler.request.SafeRequestHandler.handle(SafeRequestHandler.java:56)
05-22 08:38:01.067 E/appium  ( 2353): 	at io.appium.uiautomator2.server.AppiumServlet.handleRequest(AppiumServlet.java:202)
05-22 08:38:01.067 E/appium  ( 2353): 	at io.appium.uiautomator2.server.AppiumServlet.handleHttpRequest(AppiumServlet.java:193)
05-22 08:38:01.067 E/appium  ( 2353): 	at io.appium.uiautomator2.http.ServerHandler.channelRead(ServerHandler.java:44)
05-22 08:38:01.067 E/appium  ( 2353): 	at io.netty.channel.AbstractChannelHandlerContext.invokeChannelRead(AbstractChannelHandlerContext.java:366)
05-22 08:38:01.067 E/appium  ( 2353): 	at io.netty.channel.AbstractChannelHandlerContext.invokeChannelRead(AbstractChannelHandlerContext.java:352)
05-22 08:38:01.067 E/appium  ( 2353): 	at io.netty.channel.AbstractChannelHandlerContext.fireChannelRead(AbstractChannelHandlerContext.java:345)
05-22 08:38:01.067 E/appium  ( 2353): 	at io.netty.handler.codec.MessageToMessageDecoder.channelRead(MessageToMessageDecoder.java:102)
05-22 08:38:01.067 E/appium  ( 2353): 	at io.netty.channel.AbstractChannelHandlerContext.invokeChannelRead(AbstractChannelHandlerContext.java:366)
05-22 08:38:01.067 E/appium  ( 2353): 	at io.netty.channel.AbstractChannelHandlerContext.invokeChannelRead(AbstractChannelHandlerContext.java:352)
05-22 08:38:01.067 E/appium  ( 2353): 	at io.netty.channel.AbstractChannelHandlerContext.fireChannelRead(AbstractChannelHandlerContext.java:345)
05-22 08:38:01.067 E/appium  ( 2353): 	at io.netty.channel.CombinedChannelDuplexHandler$DelegatingChannelHandlerContext.fireChannelRead(CombinedChannelDuplexHandler.java:435)
05-22 08:38:01.067 E/appium  ( 2353): 	at io.netty.handler.codec.ByteToMessageDecoder.fireChannelRead(ByteToMessageDecoder.java:293)
05-22 08:38:01.067 E/appium  ( 2353): 	at io.netty.handler.codec.ByteToMessageDecoder.channelRead(ByteToMessageDecoder.java:267)
05-22 08:38:01.067 E/appium  ( 2353): 	at io.netty.channel.CombinedChannelDuplexHandler.channelRead(CombinedChannelDuplexHandler.java:250)
05-22 08:38:01.067 E/appium  ( 2353): 	at io.netty.channel.AbstractChannelHandlerContext.invokeChannelRead(AbstractChannelHandlerContext.java:366)
05-22 08:38:01.067 E/appium  ( 2353): 	at io.netty.channel.AbstractChannelHandlerContext.invokeChannelRead(AbstractChannelHandlerContext.java:352)
05-22 08:38:01.067 E/appium  ( 2353): 	at io.netty.channel.AbstractChannelHandlerContext.fireChannelRead(AbstractChannelHandlerContext.java:345)
05-22 08:38:01.067 E/appium  ( 2353): 	at io.netty.channel.DefaultChannelPipeline$HeadContext.channelRead(DefaultChannelPipeline.java:1294)
05-22 08:38:01.067 E/appium  ( 2353): 	at io.netty.channel.AbstractChannelHandlerContext.invokeChannelRead(AbstractChannelHandlerContext.java:366)
05-22 08:38:01.067 E/appium  ( 2353): 	at io.netty.channel.AbstractChannelHandlerContext.invokeChannelRead(AbstractChannelHandlerContext.java:352)
05-22 08:38:01.067 E/appium  ( 2353): 	at io.netty.channel.DefaultChannelPipeline.fireChannelRead(DefaultChannelPipeline.java:911)
05-22 08:38:01.067 E/appium  ( 2353): 	at io.netty.channel.nio.AbstractNioByteChannel$NioByteUnsafe.read(AbstractNioByteChannel.java:131)
05-22 08:38:01.067 E/appium  ( 2353): 	at io.netty.channel.nio.NioEventLoop.processSelectedKey(NioEventLoop.java:611)
05-22 08:38:01.067 E/appium  ( 2353): 	at io.netty.channel.nio.NioEventLoop.processSelectedKeysPlain(NioEventLoop.java:514)
05-22 08:38:01.067 E/appium  ( 2353): 	at io.netty.channel.nio.NioEventLoop.processSelectedKeys(NioEventLoop.java:468)
05-22 08:38:01.067 E/appium  ( 2353): 	at io.netty.channel.nio.NioEventLoop.run(NioEventLoop.java:438)
05-22 08:38:01.067 E/appium  ( 2353): 	at io.netty.util.concurrent.SingleThreadEventExecutor$2.run(SingleThreadEventExecutor.java:140)
05-22 08:38:01.067 E/appium  ( 2353): 	at io.netty.util.concurrent.DefaultThreadFactory$DefaultRunnableDecorator.run(DefaultThreadFactory.java:144)
05-22 08:38:01.067 E/appium  ( 2353): 	at java.lang.Thread.run(Thread.java:841)
05-22 08:38:01.277 E/SA.SensorsDataAPI( 1703): The static method sharedInstance(context, serverURL, configureURL, vtrackServerURL, debugMode) should be called before calling sharedInstance()
05-22 08:38:01.297 E/NetworkScheduler.SR(  716): Invalid parameter app
05-22 08:38:01.297 E/NetworkScheduler.SR(  716): Invalid package name : Perhaps you didn't include a PendingIntent in the extras?
05-22 08:38:01.297 E/Drive.UninstallOperation(  923): Package still installed com.ztesoft
05-22 08:38:02.147 E/Finsky  (  793): [1] com.google.android.finsky.wear.bl.a(847): onConnectionFailed: ConnectionResult{statusCode=API_UNAVAILABLE, resolution=null, message=null}
05-22 08:38:02.307 E/NetworkScheduler.SR(  716): Invalid parameter app
05-22 08:38:02.307 E/NetworkScheduler.SR(  716): Invalid package name : Perhaps you didn't include a PendingIntent in the extras?
05-22 08:38:02.427 E/Cataloger( 1202): syncFile:/storage/emulated/0/appHall_guangxi_folder/download/1495413418390ZteAndrProjZq5.0.apk
05-22 08:38:02.427 E/Cataloger( 1202): syncFile:/storage/emulated/0/Android/data/com.estrongs.android.pop/recomm/setting.download.tmp.tmp
05-22 08:38:02.427 E/Cataloger( 1202): need not sync path:/storage/emulated/0/Android/data/com.estrongs.android.pop/recomm/setting.download.tmp.tmp
05-22 08:38:02.437 E/Cataloger( 1202): syncFile:/storage/emulated/0/Android/data/com.estrongs.android.pop/recomm/setting.download.tmp.tmp
05-22 08:38:02.437 E/Cataloger( 1202): need not sync path:/storage/emulated/0/Android/data/com.estrongs.android.pop/recomm/setting.download.tmp.tmp
05-22 08:38:02.437 E/Cataloger( 1202): syncFile:/storage/emulated/0/Android/data/com.estrongs.android.pop/recomm/setting.download.tmp.tmp
05-22 08:38:02.437 E/Cataloger( 1202): need not sync path:/storage/emulated/0/Android/data/com.estrongs.android.pop/recomm/setting.download.tmp.tmp
05-22 08:38:02.437 E/Cataloger( 1202): syncFile:/storage/emulated/0/backups/system/.timestamp
05-22 08:38:02.447 E/Cataloger( 1202): need not sync path:/storage/emulated/0/backups/system/.timestamp
05-22 08:38:02.457 E/Cataloger( 1202): syncFile:/storage/emulated/0/backups/system/.timestamp
05-22 08:38:02.457 E/Cataloger( 1202): need not sync path:/storage/emulated/0/backups/system/.timestamp
05-22 08:38:02.477 E/Cataloger( 1202): syncFile:/storage/emulated/0/Android/data/com.estrongs.android.pop/recomm/setting.download.tmp.tmp
05-22 08:38:02.477 E/Cataloger( 1202): need not sync path:/storage/emulated/0/Android/data/com.estrongs.android.pop/recomm/setting.download.tmp.tmp
05-22 08:38:02.477 E/Cataloger( 1202): syncFile:/storage/emulated/0/Android/data/com.estrongs.android.pop/recomm/setting.download.tmp.tmp
05-22 08:38:02.477 E/Cataloger( 1202): need not sync path:/storage/emulated/0/Android/data/com.estrongs.android.pop/recomm/setting.download.tmp.tmp
05-22 08:38:02.477 E/Cataloger( 1202): syncFile:/storage/emulated/0/Android/data/com.estrongs.android.pop/recomm/setting.download.tmp.tmp
05-22 08:38:02.477 E/Cataloger( 1202): need not sync path:/storage/emulated/0/Android/data/com.estrongs.android.pop/recomm/setting.download.tmp.tmp
05-22 08:38:02.497 E/Cataloger( 1202): syncFile:/storage/emulated/0/backups/system/.timestamp
05-22 08:38:02.497 E/Cataloger( 1202): need not sync path:/storage/emulated/0/backups/system/.timestamp
05-22 08:38:02.507 E/Cataloger( 1202): syncFile:/storage/emulated/0/backups/system/.timestamp
05-22 08:38:02.507 E/Cataloger( 1202): need not sync path:/storage/emulated/0/backups/system/.timestamp
05-22 08:38:02.527 E/Cataloger( 1202): syncFile:/storage/emulated/0/Android/data/com.estrongs.android.pop/recomm/setting.download.tmp.tmp
05-22 08:38:02.527 E/Cataloger( 1202): need not sync path:/storage/emulated/0/Android/data/com.estrongs.android.pop/recomm/setting.download.tmp.tmp
05-22 08:38:02.527 E/Cataloger( 1202): 
05-22 08:38:02.527 E/Cataloger( 1202): syncFile:/storage/emulated/0/Android/data/com.estrongs.android.pop/recomm/setting.download.tmp
05-22 08:38:02.527 E/Cataloger( 1202): need not sync path:/storage/emulated/0/Android/data/com.estrongs.android.pop/recomm/setting.download.tmp
05-22 08:38:02.537 E/Cataloger( 1202): syncFile:/storage/emulated/0/Android/data/com.estrongs.android.pop/recomm/setting.download.tmp
05-22 08:38:02.537 E/Cataloger( 1202): need not sync path:/storage/emulated/0/Android/data/com.estrongs.android.pop/recomm/setting.download.tmp
05-22 08:38:02.657 E/Cataloger( 1202): syncFile:/storage/emulated/0/backups/system/__send_log_data_1495413482670
05-22 08:38:02.657 E/Cataloger( 1202): need not sync path:/storage/emulated/0/backups/system/__send_log_data_1495413482670
05-22 08:38:02.667 E/Cataloger( 1202): syncFile:/storage/emulated/0/backups/system/__send_log_data_1495413482670
05-22 08:38:02.667 E/Cataloger( 1202): need not sync path:/storage/emulated/0/backups/system/__send_log_data_1495413482670
05-22 08:38:02.987 E/Cataloger( 1202): syncFile:/storage/emulated/0/backups/system/__send_log_data_1495413482670
05-22 08:38:02.997 E/Cataloger( 1202): need not sync path:/storage/emulated/0/backups/system/__send_log_data_1495413482670
05-22 08:38:03.967 E/---RankingListAppFragment---( 2385): onResume
05-22 08:38:05.517 E/Cataloger( 1202): syncFile:/storage/emulated/0/backups/system/.timestamp
05-22 08:38:05.517 E/Cataloger( 1202): need not sync path:/storage/emulated/0/backups/system/.timestamp
05-22 08:38:13.777 E/PhenotypeGcmIntentOperation(  661): Failed to subscribe to GCM for com.google.android.gms.icing with IOException-TIMEOUT
05-22 08:38:34.657 E/NetworkScheduler.ATC(  716): Provided calling package not found: com.google.android.apps.photos
05-22 08:38:34.787 E/Drm     (  167): Failed to open plugin directory /vendor/lib/mediadrm
05-22 08:38:34.827 E/Drm     (  167): Failed to open plugin directory /vendor/lib/mediadrm
05-22 08:38:43.807 E/PhenotypeGcmIntentOperation(  661): Failed to subscribe to GCM for com.google.android.gms.playlog.uploader with IOException-TIMEOUT
05-22 08:39:13.856 E/PhenotypeGcmIntentOperation(  661): Failed to subscribe to GCM for com.google.android.gms.icing with IOException-TIMEOUT
05-22 08:39:33.466 E/PhenotypeChimeraConfigurator(  661): expected change count fail
05-22 08:39:33.566 E/NetworkScheduler(  716): Received callback from client for task that is already complete. ComponentInfo{com.google.android.gms/com.google.android.gms.phenotype.service.sync.PhenotypeConfigurator} PhenotypePeriodicSync
05-22 08:39:44.936 E/PhenotypeGcmIntentOperation(  661): Failed to subscribe to GCM for com.google.android.gms.playlog.uploader with IOException-TIMEOUT
05-22 08:40:14.986 E/PhenotypeGcmIntentOperation(  661): Failed to subscribe to GCM for com.google.android.gms with IOException-TIMEOUT
05-22 08:40:44.995 E/PhenotypeGcmIntentOperation(  661): Failed to subscribe to GCM for com.google.android.gms.gcm with IOException-TIMEOUT
05-22 08:41:04.735 E/memtrack( 2803): Couldn't load memtrack module (No such file or directory)
05-22 08:41:04.735 E/android.os.Debug( 2803): failed to load memtrack module: -2
05-22 08:41:04.755 E/cutils-trace( 2803): Error opening trace file: No such file or directory (2)
05-22 08:41:04.835 E/Cataloger( 1202): syncFile:/storage/emulated/0/Android/data/com.boco.apphall/cache/uil-images/journal
05-22 08:41:04.835 E/Cataloger( 1202): need not sync path:/storage/emulated/0/Android/data/com.boco.apphall/cache/uil-images/journal
05-22 08:41:05.145 E/cutils-trace( 2341): Error opening trace file: No such file or directory (2)
05-22 08:41:06.315 E/memtrack( 2824): Couldn't load memtrack module (No such file or directory)
05-22 08:41:06.315 E/android.os.Debug( 2824): failed to load memtrack module: -2
05-22 08:41:06.335 E/cutils-trace( 2824): Error opening trace file: No such file or directory (2)
05-22 08:41:07.215 E/memtrack( 2840): Couldn't load memtrack module (No such file or directory)
05-22 08:41:07.215 E/android.os.Debug( 2840): failed to load memtrack module: -2
05-22 08:41:07.235 E/cutils-trace( 2840): Error opening trace file: No such file or directory (2)
05-22 08:41:08.155 E/memtrack( 2856): Couldn't load memtrack module (No such file or directory)
05-22 08:41:08.155 E/android.os.Debug( 2856): failed to load memtrack module: -2
05-22 08:41:08.175 E/cutils-trace( 2856): Error opening trace file: No such file or directory (2)
05-22 08:41:08.825 E/memtrack( 2868): Couldn't load memtrack module (No such file or directory)
05-22 08:41:08.825 E/android.os.Debug( 2868): failed to load memtrack module: -2
05-22 08:41:08.835 E/cutils-trace( 2868): Error opening trace file: No such file or directory (2)
05-22 08:41:09.675 E/memtrack( 2880): Couldn't load memtrack module (No such file or directory)
05-22 08:41:09.675 E/android.os.Debug( 2880): failed to load memtrack module: -2
05-22 08:41:09.685 E/cutils-trace( 2880): Error opening trace file: No such file or directory (2)
05-22 08:41:10.435 E/memtrack( 2892): Couldn't load memtrack module (No such file or directory)
05-22 08:41:10.435 E/android.os.Debug( 2892): failed to load memtrack module: -2
05-22 08:41:10.445 E/cutils-trace( 2892): Error opening trace file: No such file or directory (2)
05-22 08:41:11.115 E/memtrack( 2904): Couldn't load memtrack module (No such file or directory)
05-22 08:41:11.115 E/android.os.Debug( 2904): failed to load memtrack module: -2
05-22 08:41:11.135 E/cutils-trace( 2904): Error opening trace file: No such file or directory (2)
05-22 08:41:12.065 E/memtrack( 2920): Couldn't load memtrack module (No such file or directory)
05-22 08:41:12.065 E/android.os.Debug( 2920): failed to load memtrack module: -2
05-22 08:41:12.085 E/cutils-trace( 2920): Error opening trace file: No such file or directory (2)
05-22 08:41:12.745 E/memtrack( 2932): Couldn't load memtrack module (No such file or directory)
05-22 08:41:12.745 E/android.os.Debug( 2932): failed to load memtrack module: -2
05-22 08:41:12.765 E/cutils-trace( 2932): Error opening trace file: No such file or directory (2)
05-22 08:41:15.015 E/PhenotypeGcmIntentOperation(  661): Failed to subscribe to GCM for com.google.android.location with IOException-TIMEOUT
05-22 08:41:15.565 E/memtrack( 2952): Couldn't load memtrack module (No such file or directory)
05-22 08:41:15.565 E/android.os.Debug( 2952): failed to load memtrack module: -2
05-22 08:41:15.585 E/cutils-trace( 2952): Error opening trace file: No such file or directory (2)
05-22 08:41:16.245 E/memtrack( 2964): Couldn't load memtrack module (No such file or directory)
05-22 08:41:16.245 E/android.os.Debug( 2964): failed to load memtrack module: -2
05-22 08:41:16.255 E/cutils-trace( 2964): Error opening trace file: No such file or directory (2)
05-22 08:41:16.885 E/memtrack( 2976): Couldn't load memtrack module (No such file or directory)
05-22 08:41:16.885 E/android.os.Debug( 2976): failed to load memtrack module: -2
05-22 08:41:16.905 E/Cataloger( 1202): 
05-22 08:41:16.905 E/Cataloger( 1202): 
05-22 08:41:16.905 E/Cataloger( 1202): 
05-22 08:41:16.905 E/Cataloger( 1202): 
05-22 08:41:16.905 E/Cataloger( 1202): 
05-22 08:41:16.905 E/Cataloger( 1202): 
05-22 08:41:16.905 E/Cataloger( 1202): 
05-22 08:41:16.905 E/Cataloger( 1202): 
05-22 08:41:16.905 E/Cataloger( 1202): 
05-22 08:41:16.905 E/Cataloger( 1202): 
05-22 08:41:16.905 E/Cataloger( 1202): 
05-22 08:41:16.905 E/Cataloger( 1202): 
05-22 08:41:16.905 E/Cataloger( 1202): 
05-22 08:41:16.905 E/Cataloger( 1202): 
05-22 08:41:16.905 E/Cataloger( 1202): 
05-22 08:41:16.915 E/Cataloger( 1202): 
05-22 08:41:16.915 E/Cataloger( 1202): 
05-22 08:41:16.915 E/Cataloger( 1202): 
05-22 08:41:16.915 E/cutils-trace( 2976): Error opening trace file: No such file or directory (2)
05-22 08:41:17.605 E/memtrack( 2999): Couldn't load memtrack module (No such file or directory)
05-22 08:41:17.605 E/android.os.Debug( 2999): failed to load memtrack module: -2
05-22 08:41:17.625 E/cutils-trace( 2999): Error opening trace file: No such file or directory (2)
05-22 08:41:18.245 E/memtrack( 3011): Couldn't load memtrack module (No such file or directory)
05-22 08:41:18.245 E/android.os.Debug( 3011): failed to load memtrack module: -2
05-22 08:41:18.265 E/cutils-trace( 3011): Error opening trace file: No such file or directory (2)
05-22 08:41:19.105 E/memtrack( 3025): Couldn't load memtrack module (No such file or directory)
05-22 08:41:19.105 E/android.os.Debug( 3025): failed to load memtrack module: -2
05-22 08:41:19.115 E/cutils-trace( 3025): Error opening trace file: No such file or directory (2)
05-22 08:41:19.645 E/memtrack( 3037): Couldn't load memtrack module (No such file or directory)
05-22 08:41:19.645 E/android.os.Debug( 3037): failed to load memtrack module: -2
05-22 08:41:22.045 E/memtrack( 3068): Couldn't load memtrack module (No such file or directory)
05-22 08:41:22.045 E/android.os.Debug( 3068): failed to load memtrack module: -2
05-22 08:41:22.635 E/Cataloger( 1202): syncFile:/storage/emulated/0/Android/data/com.boco.apphall
05-22 08:41:22.645 E/Cataloger( 1202): :/storage/emulated/0/Android/data/com.boco.apphall
05-22 08:41:22.645 E/Cataloger( 1202): /storage/emulated/0/Android/data/com.boco.apphall
05-22 08:41:22.645 E/Cataloger( 1202): syncFile:/storage/emulated/0/Android/data/com.boco.apphall/cache
05-22 08:41:22.645 E/Cataloger( 1202): :/storage/emulated/0/Android/data/com.boco.apphall/cache
05-22 08:41:22.645 E/Cataloger( 1202): /storage/emulated/0/Android/data/com.boco.apphall/cache
05-22 08:41:22.645 E/Cataloger( 1202): syncFile:/storage/emulated/0/Android/data/com.boco.apphall/cache/.nomedia
05-22 08:41:22.645 E/Cataloger( 1202): need not sync path:/storage/emulated/0/Android/data/com.boco.apphall/cache/.nomedia
05-22 08:41:22.645 E/Cataloger( 1202): syncFile:/storage/emulated/0/Android/data/com.boco.apphall/cache/.nomedia
05-22 08:41:22.645 E/Cataloger( 1202): need not sync path:/storage/emulated/0/Android/data/com.boco.apphall/cache/.nomedia
05-22 08:41:22.645 E/Cataloger( 1202): syncFile:/storage/emulated/0/Android/data/com.boco.apphall/cache/uil-images
05-22 08:41:22.645 E/Cataloger( 1202): :/storage/emulated/0/Android/data/com.boco.apphall/cache/uil-images
05-22 08:41:22.645 E/Cataloger( 1202): /storage/emulated/0/Android/data/com.boco.apphall/cache/uil-images
05-22 08:41:22.655 E/Cataloger( 1202): syncFile:/storage/emulated/0/Android/data/com.boco.apphall/cache/uil-images/journal.tmp
05-22 08:41:22.655 E/Cataloger( 1202): need not sync path:/storage/emulated/0/Android/data/com.boco.apphall/cache/uil-images/journal.tmp
05-22 08:41:22.655 E/Cataloger( 1202): syncFile:/storage/emulated/0/Android/data/com.boco.apphall/cache/uil-images/journal.tmp
05-22 08:41:22.655 E/Cataloger( 1202): need not sync path:/storage/emulated/0/Android/data/com.boco.apphall/cache/uil-images/journal.tmp
05-22 08:41:22.655 E/Cataloger( 1202): 
05-22 08:41:22.655 E/Cataloger( 1202): syncFile:/storage/emulated/0/Android/data/com.boco.apphall/cache/uil-images/journal
05-22 08:41:22.655 E/Cataloger( 1202): need not sync path:/storage/emulated/0/Android/data/com.boco.apphall/cache/uil-images/journal
05-22 08:41:22.935 E/cutils-trace( 3068): Error opening trace file: No such file or directory (2)
05-22 08:41:25.675 E/SQLiteDatabase( 1202): Error inserting path=/storage/emulated/0/Android/data/com.boco.apphall/ lastmodified=1495413682000 pathtype=3 _id=494 isLogPath=0 name=com.boco.apphall
05-22 08:41:25.675 E/SQLiteDatabase( 1202): android.database.sqlite.SQLiteConstraintException: column path is not unique (code 19)
05-22 08:41:25.675 E/SQLiteDatabase( 1202): 	at android.database.sqlite.SQLiteConnection.nativeExecuteForLastInsertedRowId(Native Method)
05-22 08:41:25.675 E/SQLiteDatabase( 1202): 	at android.database.sqlite.SQLiteConnection.executeForLastInsertedRowId(SQLiteConnection.java:782)
05-22 08:41:25.675 E/SQLiteDatabase( 1202): 	at android.database.sqlite.SQLiteSession.executeForLastInsertedRowId(SQLiteSession.java:788)
05-22 08:41:25.675 E/SQLiteDatabase( 1202): 	at android.database.sqlite.SQLiteStatement.executeInsert(SQLiteStatement.java:86)
05-22 08:41:25.675 E/SQLiteDatabase( 1202): 	at android.database.sqlite.SQLiteDatabase.insertWithOnConflict(SQLiteDatabase.java:1469)
05-22 08:41:25.675 E/SQLiteDatabase( 1202): 	at android.database.sqlite.SQLiteDatabase.insert(SQLiteDatabase.java:1339)
05-22 08:41:25.675 E/SQLiteDatabase( 1202): 	at com.estrongs.android.scanner.d.e.a(Unknown Source)
05-22 08:41:25.675 E/SQLiteDatabase( 1202): 	at com.estrongs.android.scanner.d.a.a(Unknown Source)
05-22 08:41:25.675 E/SQLiteDatabase( 1202): 	at com.estrongs.android.scanner.d.a.a(Unknown Source)
05-22 08:41:25.675 E/SQLiteDatabase( 1202): 	at com.estrongs.android.scanner.d.r.run(Unknown Source)
05-22 08:41:25.675 E/SQLiteDatabase( 1202): 	at java.util.concurrent.ThreadPoolExecutor.runWorker(ThreadPoolExecutor.java:1112)
05-22 08:41:25.675 E/SQLiteDatabase( 1202): 	at java.util.concurrent.ThreadPoolExecutor$Worker.run(ThreadPoolExecutor.java:587)
05-22 08:41:25.675 E/SQLiteDatabase( 1202): 	at java.lang.Thread.run(Thread.java:841)
05-22 08:41:26.225 E/memtrack( 3112): Couldn't load memtrack module (No such file or directory)
05-22 08:41:26.225 E/android.os.Debug( 3112): failed to load memtrack module: -2
05-22 08:41:26.295 E/cutils-trace( 3112): Error opening trace file: No such file or directory (2)
05-22 08:41:27.675 E/memtrack( 3124): Couldn't load memtrack module (No such file or directory)
05-22 08:41:27.675 E/android.os.Debug( 3124): failed to load memtrack module: -2
05-22 08:41:28.415 E/cutils-trace( 3124): Error opening trace file: No such file or directory (2)
