05-17 14:57:32.144 E/WifiStateMachine(  851): calculateWifiScore() we set wifi's score to 1000, so will always set wifi as a default network.
05-17 14:57:32.168 E/WifiTrafficPoller(  851): TRAFFIC_STATS_POLL true Token 2406 num clients 17
05-17 14:57:32.168 E/WifiTrafficPoller(  851):  packet count Tx=1609178 Rx=5295885
05-17 14:57:32.168 E/WifiTrafficPoller(  851): notifying of data activity 1
05-17 14:57:32.977 E/memtrack(31559): Couldn't load memtrack module (No such file or directory)
05-17 14:57:32.977 E/android.os.Debug(31559): failed to load memtrack module: -2
05-17 14:57:33.170 E/WifiTrafficPoller(  851): TRAFFIC_STATS_POLL true Token 2406 num clients 17
05-17 14:57:33.171 E/WifiTrafficPoller(  851):  packet count Tx=1609178 Rx=5295902
05-17 14:57:34.172 E/WifiTrafficPoller(  851): TRAFFIC_STATS_POLL true Token 2406 num clients 17
05-17 14:57:34.172 E/WifiTrafficPoller(  851):  packet count Tx=1609178 Rx=5295926
05-17 14:57:34.367 E/memtrack(31577): Couldn't load memtrack module (No such file or directory)
05-17 14:57:34.367 E/android.os.Debug(31577): failed to load memtrack module: -2
05-17 14:57:35.149 E/WifiStateMachine(  851):  ConnectedState (when=-4ms what=131155 arg1=548!CMD_RSSI_POLL 548 0 "BOCO-office" 94:b4:0f:68:a4:b1 rssi=-55 f=5785 sc=80 link=150 tx=6.7, 0.0, 0.0  rx=58.0 bcn=0 [on:0 tx:0 rx:0 period:3003] from screen [on:0 period:542814221] gl rssi=-55 ag=0 hr ticks 0,0,22 ls-=0 [56,56,60,60,65] brc=0 lrc=0
05-17 14:57:35.150 E/WifiStateMachine(  851):  L2ConnectedState (when=-5ms what=131155 arg1=548!CMD_RSSI_POLL 548 0 "BOCO-office" 94:b4:0f:68:a4:b1 rssi=-55 f=5785 sc=80 link=150 tx=6.7, 0.0, 0.0  rx=58.0 bcn=0 [on:0 tx:0 rx:0 period:1] from screen [on:0 period:542814222] gl rssi=-55 ag=0 hr ticks 0,0,22 ls-=0 [56,56,60,60,65] brc=0 lrc=0
05-17 14:57:35.151 E/WifiStateMachine(  851):  get link layer stats 0
05-17 14:57:35.173 E/WifiTrafficPoller(  851): TRAFFIC_STATS_POLL true Token 2406 num clients 17
05-17 14:57:35.174 E/WifiTrafficPoller(  851):  packet count Tx=1609178 Rx=5295940
05-17 14:57:35.176 E/WifiStateMachine(  851): calculateWifiScore() we set wifi's score to 1000, so will always set wifi as a default network.
05-17 14:57:35.844 E/memtrack(31596): Couldn't load memtrack module (No such file or directory)
05-17 14:57:35.845 E/android.os.Debug(31596): failed to load memtrack module: -2
05-17 14:57:36.176 E/WifiTrafficPoller(  851): TRAFFIC_STATS_POLL true Token 2406 num clients 17
05-17 14:57:36.176 E/WifiTrafficPoller(  851):  packet count Tx=1609178 Rx=5295959
05-17 14:57:36.521 E/memtrack(31613): Couldn't load memtrack module (No such file or directory)
05-17 14:57:36.522 E/android.os.Debug(31613): failed to load memtrack module: -2
05-17 14:57:37.177 E/WifiTrafficPoller(  851): TRAFFIC_STATS_POLL true Token 2406 num clients 17
05-17 14:57:37.178 E/WifiTrafficPoller(  851):  packet count Tx=1609178 Rx=5295979
05-17 14:57:37.536 E/memtrack(31629): Couldn't load memtrack module (No such file or directory)
05-17 14:57:37.536 E/android.os.Debug(31629): failed to load memtrack module: -2
05-17 14:57:38.179 E/WifiTrafficPoller(  851): TRAFFIC_STATS_POLL true Token 2406 num clients 17
05-17 14:57:38.183 E/WifiStateMachine(  851):  ConnectedState (when=-4ms what=131155 arg1=548!CMD_RSSI_POLL 548 0 "BOCO-office" 94:b4:0f:68:a4:b1 rssi=-54 f=5785 sc=80 link=150 tx=3.4, 0.0, 0.0  rx=56.5 bcn=0 [on:0 tx:0 rx:0 period:3002] from screen [on:0 period:542817254] gl rssi=-54 ag=0 hr ticks 0,0,22 ls-=0 [56,56,56,56,61] brc=0 lrc=0
05-17 14:57:38.185 E/WifiTrafficPoller(  851):  packet count Tx=1609178 Rx=5295991
05-17 14:57:38.189 E/WifiStateMachine(  851):  L2ConnectedState (when=-8ms what=131155 arg1=548!CMD_RSSI_POLL 548 0 "BOCO-office" 94:b4:0f:68:a4:b1 rssi=-54 f=5785 sc=80 link=150 tx=3.4, 0.0, 0.0  rx=56.5 bcn=0 [on:0 tx:0 rx:0 period:7] from screen [on:0 period:542817261] gl rssi=-54 ag=0 hr ticks 0,0,22 ls-=0 [56,56,56,56,61] brc=0 lrc=0
05-17 14:57:38.189 E/WifiStateMachine(  851):  get link layer stats 0
05-17 14:57:38.205 E/WifiStateMachine(  851): calculateWifiScore() we set wifi's score to 1000, so will always set wifi as a default network.
05-17 14:57:39.002 E/memtrack(31646): Couldn't load memtrack module (No such file or directory)
05-17 14:57:39.002 E/android.os.Debug(31646): failed to load memtrack module: -2
05-17 14:57:39.185 E/WifiTrafficPoller(  851): TRAFFIC_STATS_POLL true Token 2406 num clients 17
05-17 14:57:39.185 E/WifiTrafficPoller(  851):  packet count Tx=1609178 Rx=5296012
05-17 14:57:39.858 E/memtrack(31662): Couldn't load memtrack module (No such file or directory)
05-17 14:57:39.858 E/android.os.Debug(31662): failed to load memtrack module: -2
05-17 14:57:40.186 E/WifiTrafficPoller(  851): TRAFFIC_STATS_POLL true Token 2406 num clients 17
05-17 14:57:40.188 E/WifiTrafficPoller(  851):  packet count Tx=1609178 Rx=5296034
05-17 14:57:41.147 E/memtrack(31681): Couldn't load memtrack module (No such file or directory)
05-17 14:57:41.147 E/android.os.Debug(31681): failed to load memtrack module: -2
05-17 14:57:41.189 E/WifiTrafficPoller(  851): TRAFFIC_STATS_POLL true Token 2406 num clients 17
05-17 14:57:41.190 E/WifiTrafficPoller(  851):  packet count Tx=1609178 Rx=5296050
05-17 14:57:41.210 E/WifiStateMachine(  851):  ConnectedState (when=-4ms what=131155 arg1=548!CMD_RSSI_POLL 548 0 "BOCO-office" 94:b4:0f:68:a4:b1 rssi=-53 f=5785 sc=80 link=150 tx=1.7, 0.0, 0.0  rx=53.8 bcn=0 [on:0 tx:0 rx:0 period:3000] from screen [on:0 period:542820282] gl rssi=-53 ag=0 hr ticks 0,0,22 ls-=0 [56,56,56,56,61] brc=0 lrc=0
05-17 14:57:41.211 E/WifiStateMachine(  851):  L2ConnectedState (when=-5ms what=131155 arg1=548!CMD_RSSI_POLL 548 0 "BOCO-office" 94:b4:0f:68:a4:b1 rssi=-53 f=5785 sc=80 link=150 tx=1.7, 0.0, 0.0  rx=53.8 bcn=0 [on:0 tx:0 rx:0 period:1] from screen [on:0 period:542820283] gl rssi=-53 ag=0 hr ticks 0,0,22 ls-=0 [56,56,56,56,61] brc=0 lrc=0
05-17 14:57:41.211 E/WifiStateMachine(  851):  get link layer stats 0
05-17 14:57:41.217 E/WifiStateMachine(  851): calculateWifiScore() we set wifi's score to 1000, so will always set wifi as a default network.
05-17 14:57:41.884 E/memtrack(31698): Couldn't load memtrack module (No such file or directory)
05-17 14:57:41.884 E/android.os.Debug(31698): failed to load memtrack module: -2
05-17 14:57:42.191 E/WifiTrafficPoller(  851): TRAFFIC_STATS_POLL true Token 2406 num clients 17
05-17 14:57:42.192 E/WifiTrafficPoller(  851):  packet count Tx=1609178 Rx=5296081
05-17 14:57:43.193 E/WifiTrafficPoller(  851): TRAFFIC_STATS_POLL true Token 2406 num clients 17
05-17 14:57:43.194 E/WifiTrafficPoller(  851):  packet count Tx=1609178 Rx=5296094
05-17 14:57:44.196 E/WifiTrafficPoller(  851): TRAFFIC_STATS_POLL true Token 2406 num clients 17
05-17 14:57:44.197 E/WifiTrafficPoller(  851):  packet count Tx=1609178 Rx=5296112
05-17 14:57:44.223 E/WifiStateMachine(  851):  ConnectedState (when=-4ms what=131155 arg1=548!CMD_RSSI_POLL 548 0 "BOCO-office" 94:b4:0f:68:a4:b1 rssi=-53 f=5785 sc=80 link=150 tx=0.8, 0.0, 0.0  rx=58.4 bcn=0 [on:0 tx:0 rx:0 period:3003] from screen [on:0 period:542823295] gl rssi=-53 ag=0 hr ticks 0,0,22 ls-=0 [56,56,56,56,61] brc=0 lrc=0
05-17 14:57:44.226 E/WifiStateMachine(  851):  L2ConnectedState (when=-7ms what=131155 arg1=548!CMD_RSSI_POLL 548 0 "BOCO-office" 94:b4:0f:68:a4:b1 rssi=-53 f=5785 sc=80 link=150 tx=0.8, 0.0, 0.0  rx=58.4 bcn=0 [on:0 tx:0 rx:0 period:3] from screen [on:0 period:542823298] gl rssi=-53 ag=0 hr ticks 0,0,22 ls-=0 [56,56,56,56,61] brc=0 lrc=0
05-17 14:57:44.227 E/WifiStateMachine(  851):  get link layer stats 0
05-17 14:57:44.247 E/WifiStateMachine(  851): calculateWifiScore() we set wifi's score to 1000, so will always set wifi as a default network.
05-17 14:57:44.876 E/QHStatAgent(30569): Got exception while trying to submit event data: p=sdk&content=H4sIAAAAAAAAAGVTy27VMBD9lSuvQxg7fmaHyhbEggUSoMpxfHuj3jxIfEMf6gcAfwDsgQV7xONvaFnyC8ykpS1iEWke55zYZ8anLM6xS6x8espS00ZWcumkM8oIaY3J2GE8ZiU72Ww3LGM+BARkbIoHrETC8YAEzMa5CZGdnWX/ijipVCH4X5HQj3H/Crw/JT+m/UXhP10fUtN3yOAORZ9nbBN9HUdqtT2W52buV0/0o+1uWt1H+ozsAgAMgNAZaz39TJZal86VEkoVy0ogbppJM1c5B8wS3lrSNTFsqHFzcWcJ0E9Y9V099k1N7EAgsHDEnVj6JIdiGDYthlZbpyUIq6Qw2mC55VjWdSWjljI4G42RXMqi4lFUaxd5bUESTiDOSB8rAR68rLjyDkAVwegaClGAjqQ3dYtNWzyYIF/TtOQVmbLrDrv+ZYeokG5P0YkCjzog4ueXz+fvfvz68O389UeCEWvvIUZkdaHh4tWbi/dfz19/woCqOMc7HFC/XV+ZjtVqvIm3flkN0tqQBI4AyI1hGUDf5i+aTd/nfhimhLPHziHBJNfeqLUM0TsOToEJPtQ2irXwcR1oNP6AgBjtFgJwpZTTNGo6q8khF5Rt59tZPErLVp6wEmc6DIs3tDZsr++6GNIq9atndznnOS9yLm3ORfH7+1sLK9raetXvEi0xS3Fsm86nuDyLKU7T5TqCFdqKUCnneFWsQ5Si0iIUVV256CtFRowReY+vH4Hl+Amw6pbqZReyZc/nJh3TqR/4prt3nQsOGjf/7A8lcWI+nwMAAA==
05-17 14:57:44.876 E/QHStatAgent(30569): org.apache.http.conn.ConnectTimeoutException: Connect to /111.13.148.123:80 timed out
05-17 14:57:44.876 E/QHStatAgent(30569): 	at org.apache.http.conn.scheme.PlainSocketFactory.connectSocket(PlainSocketFactory.java:126)
05-17 14:57:44.876 E/QHStatAgent(30569): 	at org.apache.http.impl.conn.DefaultClientConnectionOperator.openConnection(DefaultClientConnectionOperator.java:168)
05-17 14:57:44.876 E/QHStatAgent(30569): 	at org.apache.http.impl.conn.AbstractPoolEntry.open(AbstractPoolEntry.java:169)
05-17 14:57:44.876 E/QHStatAgent(30569): 	at org.apache.http.impl.conn.AbstractPooledConnAdapter.open(AbstractPooledConnAdapter.java:124)
05-17 14:57:44.876 E/QHStatAgent(30569): 	at org.apache.http.impl.client.DefaultRequestDirector.execute(DefaultRequestDirector.java:365)
05-17 14:57:44.876 E/QHStatAgent(30569): 	at org.apache.http.impl.client.AbstractHttpClient.execute(AbstractHttpClient.java:608)
05-17 14:57:44.876 E/QHStatAgent(30569): 	at org.apache.http.impl.client.AbstractHttpClient.execute(AbstractHttpClient.java:522)
05-17 14:57:44.876 E/QHStatAgent(30569): 	at org.apache.http.impl.client.AbstractHttpClient.execute(AbstractHttpClient.java:500)
05-17 14:57:44.876 E/QHStatAgent(30569): 	at com.qihoo.sdk.report.network.b.a(AppStore:53)
05-17 14:57:44.876 E/QHStatAgent(30569): 	at com.qihoo.sdk.report.network.c.b(AppStore:263)
05-17 14:57:44.876 E/QHStatAgent(30569): 	at com.qihoo.sdk.report.network.c.b(AppStore:207)
05-17 14:57:44.876 E/QHStatAgent(30569): 	at com.qihoo.sdk.report.network.c.c(AppStore:236)
05-17 14:57:44.876 E/QHStatAgent(30569): 	at com.qihoo.sdk.report.e.a$3.run(AppStore:180)
05-17 14:57:44.876 E/QHStatAgent(30569): 	at java.util.concurrent.Executors$RunnableAdapter.call(Executors.java:422)
05-17 14:57:44.876 E/QHStatAgent(30569): 	at java.util.concurrent.FutureTask.run(FutureTask.java:237)
05-17 14:57:44.876 E/QHStatAgent(30569): 	at java.util.concurrent.ThreadPoolExecutor.runWorker(ThreadPoolExecutor.java:1112)
05-17 14:57:44.876 E/QHStatAgent(30569): 	at java.util.concurrent.ThreadPoolExecutor$Worker.run(ThreadPoolExecutor.java:587)
05-17 14:57:44.876 E/QHStatAgent(30569): 	at java.lang.Thread.run(Thread.java:818)
05-17 14:57:45.197 E/WifiTrafficPoller(  851): TRAFFIC_STATS_POLL true Token 2406 num clients 17
05-17 14:57:45.199 E/WifiTrafficPoller(  851):  packet count Tx=1609178 Rx=5296125
05-17 14:57:46.199 E/WifiTrafficPoller(  851): TRAFFIC_STATS_POLL true Token 2406 num clients 17
05-17 14:57:46.200 E/WifiTrafficPoller(  851):  packet count Tx=1609178 Rx=5296142
05-17 14:57:47.201 E/WifiTrafficPoller(  851): TRAFFIC_STATS_POLL true Token 2406 num clients 17
05-17 14:57:47.202 E/WifiTrafficPoller(  851):  packet count Tx=1609178 Rx=5296155
05-17 14:57:47.252 E/WifiStateMachine(  851):  ConnectedState (when=-3ms what=131155 arg1=548!CMD_RSSI_POLL 548 0 "BOCO-office" 94:b4:0f:68:a4:b1 rssi=-53 f=5785 sc=80 link=150 tx=0.4, 0.0, 0.0  rx=58.2 bcn=0 [on:0 tx:0 rx:0 period:3000] from screen [on:0 period:542826323] gl rssi=-53 ag=0 hr ticks 0,0,22 ls-=0 [56,56,56,56,61] brc=0 lrc=0
05-17 14:57:47.254 E/WifiStateMachine(  851):  L2ConnectedState (when=-5ms what=131155 arg1=548!CMD_RSSI_POLL 548 0 "BOCO-office" 94:b4:0f:68:a4:b1 rssi=-53 f=5785 sc=80 link=150 tx=0.4, 0.0, 0.0  rx=58.2 bcn=0 [on:0 tx:0 rx:0 period:3] from screen [on:0 period:542826326] gl rssi=-53 ag=0 hr ticks 0,0,22 ls-=0 [56,56,56,56,61] brc=0 lrc=0
05-17 14:57:47.254 E/WifiStateMachine(  851):  get link layer stats 0
05-17 14:57:47.259 E/WifiStateMachine(  851): calculateWifiScore() we set wifi's score to 1000, so will always set wifi as a default network.
05-17 14:57:47.658 E/memtrack(31718): Couldn't load memtrack module (No such file or directory)
05-17 14:57:47.659 E/android.os.Debug(31718): failed to load memtrack module: -2
05-17 14:57:48.204 E/WifiTrafficPoller(  851): TRAFFIC_STATS_POLL true Token 2406 num clients 17
05-17 14:57:48.204 E/WifiTrafficPoller(  851):  packet count Tx=1609178 Rx=5296166
05-17 14:57:48.321 E/memtrack(31735): Couldn't load memtrack module (No such file or directory)
05-17 14:57:48.321 E/android.os.Debug(31735): failed to load memtrack module: -2
05-17 14:57:49.205 E/WifiTrafficPoller(  851): TRAFFIC_STATS_POLL true Token 2406 num clients 17
05-17 14:57:49.206 E/WifiTrafficPoller(  851):  packet count Tx=1609178 Rx=5296187
05-17 14:57:49.255 E/memtrack(31751): Couldn't load memtrack module (No such file or directory)
05-17 14:57:49.255 E/android.os.Debug(31751): failed to load memtrack module: -2
05-17 14:57:50.087 E/memtrack(31772): Couldn't load memtrack module (No such file or directory)
05-17 14:57:50.087 E/android.os.Debug(31772): failed to load memtrack module: -2
05-17 14:57:50.206 E/WifiTrafficPoller(  851): TRAFFIC_STATS_POLL true Token 2406 num clients 17
05-17 14:57:50.207 E/WifiTrafficPoller(  851):  packet count Tx=1609178 Rx=5296200
05-17 14:57:50.263 E/WifiStateMachine(  851):  ConnectedState (when=-2ms what=131155 arg1=548!CMD_RSSI_POLL 548 0 "BOCO-office" 94:b4:0f:68:a4:b1 rssi=-53 f=5785 sc=80 link=150 tx=0.2, 0.0, 0.0  rx=51.6 bcn=0 [on:0 tx:0 rx:0 period:3000] from screen [on:0 period:542829335] gl rssi=-53 ag=0 hr ticks 0,0,22 ls-=0 [56,56,56,56,61] brc=0 lrc=0
05-17 14:57:50.264 E/WifiStateMachine(  851):  L2ConnectedState (when=-4ms what=131155 arg1=548!CMD_RSSI_POLL 548 0 "BOCO-office" 94:b4:0f:68:a4:b1 rssi=-53 f=5785 sc=80 link=150 tx=0.2, 0.0, 0.0  rx=51.6 bcn=0 [on:0 tx:0 rx:0 period:1] from screen [on:0 period:542829336] gl rssi=-53 ag=0 hr ticks 0,0,22 ls-=0 [56,56,56,56,61] brc=0 lrc=0
05-17 14:57:50.264 E/WifiStateMachine(  851):  get link layer stats 0
05-17 14:57:50.289 E/WifiStateMachine(  851): calculateWifiScore() we set wifi's score to 1000, so will always set wifi as a default network.
05-17 14:57:50.771 E/memtrack(31789): Couldn't load memtrack module (No such file or directory)
05-17 14:57:50.771 E/android.os.Debug(31789): failed to load memtrack module: -2
05-17 14:57:51.208 E/WifiTrafficPoller(  851): TRAFFIC_STATS_POLL true Token 2406 num clients 17
05-17 14:57:51.209 E/WifiTrafficPoller(  851):  packet count Tx=1609178 Rx=5296218
05-17 14:57:51.819 E/memtrack(31807): Couldn't load memtrack module (No such file or directory)
05-17 14:57:51.819 E/android.os.Debug(31807): failed to load memtrack module: -2
05-17 14:57:52.209 E/WifiTrafficPoller(  851): TRAFFIC_STATS_POLL true Token 2406 num clients 17
05-17 14:57:52.210 E/WifiTrafficPoller(  851):  packet count Tx=1609178 Rx=5296240
05-17 14:57:52.500 E/memtrack(31823): Couldn't load memtrack module (No such file or directory)
05-17 14:57:52.501 E/android.os.Debug(31823): failed to load memtrack module: -2
05-17 14:57:53.211 E/WifiTrafficPoller(  851): TRAFFIC_STATS_POLL true Token 2406 num clients 17
05-17 14:57:53.212 E/WifiTrafficPoller(  851):  packet count Tx=1609178 Rx=5296261
05-17 14:57:53.292 E/WifiStateMachine(  851):  ConnectedState (when=-3ms what=131155 arg1=548!CMD_RSSI_POLL 548 0 "BOCO-office" 94:b4:0f:68:a4:b1 rssi=-53 f=5785 sc=80 link=150 tx=0.1, 0.0, 0.0  rx=47.3 bcn=0 [on:0 tx:0 rx:0 period:3001] from screen [on:0 period:542832364] gl rssi=-53 ag=0 hr ticks 0,0,22 ls-=0 [56,56,56,56,61] brc=0 lrc=0
05-17 14:57:53.293 E/WifiStateMachine(  851):  L2ConnectedState (when=-4ms what=131155 arg1=548!CMD_RSSI_POLL 548 0 "BOCO-office" 94:b4:0f:68:a4:b1 rssi=-53 f=5785 sc=80 link=150 tx=0.1, 0.0, 0.0  rx=47.3 bcn=0 [on:0 tx:0 rx:0 period:1] from screen [on:0 period:542832365] gl rssi=-53 ag=0 hr ticks 0,0,22 ls-=0 [56,56,56,56,61] brc=0 lrc=0
05-17 14:57:53.293 E/WifiStateMachine(  851):  get link layer stats 0
05-17 14:57:53.297 E/WifiStateMachine(  851): calculateWifiScore() we set wifi's score to 1000, so will always set wifi as a default network.
05-17 14:57:54.213 E/WifiTrafficPoller(  851): TRAFFIC_STATS_POLL true Token 2406 num clients 17
05-17 14:57:54.214 E/WifiTrafficPoller(  851):  packet count Tx=1609178 Rx=5296284
05-17 14:57:55.214 E/WifiTrafficPoller(  851): TRAFFIC_STATS_POLL true Token 2406 num clients 17
05-17 14:57:55.215 E/WifiTrafficPoller(  851):  packet count Tx=1609178 Rx=5296303
05-17 14:57:55.940 E/memtrack(31869): Couldn't load memtrack module (No such file or directory)
05-17 14:57:55.940 E/android.os.Debug(31869): failed to load memtrack module: -2
05-17 14:57:56.215 E/WifiTrafficPoller(  851): TRAFFIC_STATS_POLL true Token 2406 num clients 17
05-17 14:57:56.216 E/WifiTrafficPoller(  851):  packet count Tx=1609178 Rx=5296323
05-17 14:57:56.302 E/WifiStateMachine(  851):  ConnectedState (when=-3ms what=131155 arg1=548!CMD_RSSI_POLL 548 0 "BOCO-office" 94:b4:0f:68:a4:b1 rssi=-53 f=5785 sc=80 link=150 tx=0.1, 0.0, 0.0  rx=55.1 bcn=0 [on:0 tx:0 rx:0 period:3000] from screen [on:0 period:542835373] gl rssi=-53 ag=0 hr ticks 0,0,22 ls-=0 [56,56,56,56,61] brc=0 lrc=0
05-17 14:57:56.306 E/WifiStateMachine(  851):  L2ConnectedState (when=-6ms what=131155 arg1=548!CMD_RSSI_POLL 548 0 "BOCO-office" 94:b4:0f:68:a4:b1 rssi=-53 f=5785 sc=80 link=150 tx=0.1, 0.0, 0.0  rx=55.1 bcn=0 [on:0 tx:0 rx:0 period:5] from screen [on:0 period:542835378] gl rssi=-53 ag=0 hr ticks 0,0,22 ls-=0 [56,56,56,56,61] brc=0 lrc=0
05-17 14:57:56.316 E/WifiStateMachine(  851):  get link layer stats 0
05-17 14:57:56.336 E/WifiStateMachine(  851): calculateWifiScore() we set wifi's score to 1000, so will always set wifi as a default network.
05-17 14:57:56.465 E/SurfaceFlinger(  285): onDraw: bindTextureImage test
05-17 14:57:56.482 E/SurfaceFlinger(  285): onDraw: bindTextureImage test
05-17 14:57:56.498 E/SurfaceFlinger(  285): onDraw: bindTextureImage test
05-17 14:57:56.517 E/SurfaceFlinger(  285): onDraw: bindTextureImage test
05-17 14:57:56.531 E/VMSG    (31885): RegisterNatives OnUserCommand1
05-17 14:57:56.534 E/SurfaceFlinger(  285): onDraw: bindTextureImage test
05-17 14:57:56.549 E/SurfaceFlinger(  285): onDraw: bindTextureImage test
05-17 14:57:56.566 E/SurfaceFlinger(  285): onDraw: bindTextureImage test
05-17 14:57:56.582 E/SurfaceFlinger(  285): onDraw: bindTextureImage test
05-17 14:57:56.599 E/SurfaceFlinger(  285): onDraw: bindTextureImage test
05-17 14:57:56.616 E/SurfaceFlinger(  285): onDraw: bindTextureImage test
05-17 14:57:56.617 E/WifiTrafficPoller(  851): ADD_CLIENT: 18
05-17 14:57:56.633 E/SurfaceFlinger(  285): onDraw: bindTextureImage test
05-17 14:57:56.650 E/SurfaceFlinger(  285): onDraw: bindTextureImage test
05-17 14:57:56.667 E/SurfaceFlinger(  285): onDraw: bindTextureImage test
05-17 14:57:56.685 E/SurfaceFlinger(  285): onDraw: bindTextureImage test
05-17 14:57:56.700 E/SurfaceFlinger(  285): onDraw: bindTextureImage test
05-17 14:57:56.717 E/SurfaceFlinger(  285): onDraw: bindTextureImage test
05-17 14:57:56.734 E/SurfaceFlinger(  285): onDraw: bindTextureImage test
05-17 14:57:56.758 E/NativeCrypto(31885): ssl=0x7faa202e00 cert_verify_callback x509_store_ctx=0x7f9e5f6e88 arg=0x0
05-17 14:57:56.758 E/NativeCrypto(31885): ssl=0x7faa202e00 cert_verify_callback calling verifyCertificateChain authMethod=ECDHE_RSA
05-17 14:57:56.892 E/[PropSet](31885): connect fail
05-17 14:57:56.892 E/[PropSet](31885): send_prop_msg return err -1
05-17 14:57:56.991 E/baidumapsdk(31885): Authentication Error errorcode: 230 uid: -1 appid -1 msg: APP Scode码校验失败
05-17 14:57:57.036 E/SurfaceFlinger(  285): onDraw: bindTextureImage test
05-17 14:57:57.053 E/SurfaceFlinger(  285): onDraw: bindTextureImage test
05-17 14:57:57.070 E/SurfaceFlinger(  285): onDraw: bindTextureImage test
05-17 14:57:57.087 E/SurfaceFlinger(  285): onDraw: bindTextureImage test
05-17 14:57:57.216 E/WifiTrafficPoller(  851): TRAFFIC_STATS_POLL true Token 2406 num clients 18
05-17 14:57:57.216 E/WifiTrafficPoller(  851):  packet count Tx=1609193 Rx=5296363
05-17 14:57:57.216 E/WifiTrafficPoller(  851): notifying of data activity 3
05-17 14:57:58.217 E/WifiTrafficPoller(  851): TRAFFIC_STATS_POLL true Token 2406 num clients 18
05-17 14:57:58.218 E/WifiTrafficPoller(  851):  packet count Tx=1609193 Rx=5296376
05-17 14:57:58.219 E/WifiTrafficPoller(  851): notifying of data activity 1
05-17 14:57:58.718 E/memtrack(31940): Couldn't load memtrack module (No such file or directory)
05-17 14:57:58.718 E/android.os.Debug(31940): failed to load memtrack module: -2
05-17 14:57:59.221 E/WifiTrafficPoller(  851): TRAFFIC_STATS_POLL true Token 2406 num clients 18
05-17 14:57:59.222 E/WifiTrafficPoller(  851):  packet count Tx=1609193 Rx=5296392
05-17 14:57:59.339 E/WifiStateMachine(  851):  ConnectedState (when=-2ms what=131155 arg1=548!CMD_RSSI_POLL 548 0 "BOCO-office" 94:b4:0f:68:a4:b1 rssi=-54 f=5785 sc=80 link=150 tx=0.0, 0.0, 0.0  rx=57.6 bcn=0 [on:0 tx:0 rx:0 period:3000] from screen [on:0 period:542838410] gl rssi=-54 ag=0 hr ticks 0,0,22 ls-=0 [56,56,56,56,61] brc=0 lrc=0
05-17 14:57:59.339 E/WifiStateMachine(  851):  L2ConnectedState (when=-3ms what=131155 arg1=548!CMD_RSSI_POLL 548 0 "BOCO-office" 94:b4:0f:68:a4:b1 rssi=-54 f=5785 sc=80 link=150 tx=0.0, 0.0, 0.0  rx=57.6 bcn=0 [on:0 tx:0 rx:0 period:1] from screen [on:0 period:542838411] gl rssi=-54 ag=0 hr ticks 0,0,22 ls-=0 [56,56,56,56,61] brc=0 lrc=0
05-17 14:57:59.340 E/WifiStateMachine(  851):  get link layer stats 0
05-17 14:57:59.354 E/WifiStateMachine(  851): calculateWifiScore() we set wifi's score to 1000, so will always set wifi as a default network.
05-17 14:58:00.222 E/WifiTrafficPoller(  851): TRAFFIC_STATS_POLL true Token 2406 num clients 18
05-17 14:58:00.223 E/WifiTrafficPoller(  851):  packet count Tx=1609193 Rx=5296406
05-17 14:58:01.223 E/WifiTrafficPoller(  851): TRAFFIC_STATS_POLL true Token 2406 num clients 18
05-17 14:58:01.225 E/WifiTrafficPoller(  851):  packet count Tx=1609193 Rx=5296428
05-17 14:58:02.225 E/WifiTrafficPoller(  851): TRAFFIC_STATS_POLL true Token 2406 num clients 18
05-17 14:58:02.225 E/WifiTrafficPoller(  851):  packet count Tx=1609193 Rx=5296466
05-17 14:58:02.359 E/WifiStateMachine(  851):  ConnectedState (when=-4ms what=131155 arg1=548!CMD_RSSI_POLL 548 0 "BOCO-office" 94:b4:0f:68:a4:b1 rssi=-53 f=5785 sc=80 link=150 tx=7.5, 0.0, 0.0  rx=63.3 bcn=0 [on:0 tx:0 rx:0 period:3003] from screen [on:0 period:542841431] gl rssi=-53 ag=0 hr ticks 0,0,22 ls-=0 [56,56,60,60,65] brc=0 lrc=0
05-17 14:58:02.361 E/WifiStateMachine(  851):  L2ConnectedState (when=-6ms what=131155 arg1=548!CMD_RSSI_POLL 548 0 "BOCO-office" 94:b4:0f:68:a4:b1 rssi=-53 f=5785 sc=80 link=150 tx=7.5, 0.0, 0.0  rx=63.3 bcn=0 [on:0 tx:0 rx:0 period:2] from screen [on:0 period:542841433] gl rssi=-53 ag=0 hr ticks 0,0,22 ls-=0 [56,56,60,60,65] brc=0 lrc=0
05-17 14:58:02.361 E/WifiStateMachine(  851):  get link layer stats 0
05-17 14:58:02.385 E/WifiStateMachine(  851): calculateWifiScore() we set wifi's score to 1000, so will always set wifi as a default network.
05-17 14:58:02.836 E/memtrack(31966): Couldn't load memtrack module (No such file or directory)
05-17 14:58:02.836 E/android.os.Debug(31966): failed to load memtrack module: -2
05-17 14:58:03.226 E/WifiTrafficPoller(  851): TRAFFIC_STATS_POLL true Token 2406 num clients 18
05-17 14:58:03.227 E/WifiTrafficPoller(  851):  packet count Tx=1609193 Rx=5296485
05-17 14:58:04.227 E/WifiTrafficPoller(  851): TRAFFIC_STATS_POLL true Token 2406 num clients 18
05-17 14:58:04.228 E/WifiTrafficPoller(  851):  packet count Tx=1609193 Rx=5296504
05-17 14:58:05.229 E/WifiTrafficPoller(  851): TRAFFIC_STATS_POLL true Token 2406 num clients 18
05-17 14:58:05.230 E/WifiTrafficPoller(  851):  packet count Tx=1609193 Rx=5296523
05-17 14:58:05.390 E/WifiStateMachine(  851):  ConnectedState (when=-4ms what=131155 arg1=548!CMD_RSSI_POLL 548 0 "BOCO-office" 94:b4:0f:68:a4:b1 rssi=-53 f=5785 sc=80 link=150 tx=3.8, 0.0, 0.0  rx=69.6 bcn=0 [on:0 tx:0 rx:0 period:3002] from screen [on:0 period:542844462] gl rssi=-53 ag=0 hr ticks 0,0,22 ls-=0 [56,56,56,56,61] brc=0 lrc=0
05-17 14:58:05.392 E/WifiStateMachine(  851):  L2ConnectedState (when=-7ms what=131155 arg1=548!CMD_RSSI_POLL 548 0 "BOCO-office" 94:b4:0f:68:a4:b1 rssi=-53 f=5785 sc=80 link=150 tx=3.8, 0.0, 0.0  rx=69.6 bcn=0 [on:0 tx:0 rx:0 period:2] from screen [on:0 period:542844464] gl rssi=-53 ag=0 hr ticks 0,0,22 ls-=0 [56,56,56,56,61] brc=0 lrc=0
05-17 14:58:05.392 E/WifiStateMachine(  851):  get link layer stats 0
05-17 14:58:05.414 E/WifiStateMachine(  851): calculateWifiScore() we set wifi's score to 1000, so will always set wifi as a default network.
05-17 14:58:06.028 E/MNLD    (  339): main: process data error: 2 (No such file or directory)
05-17 14:58:06.037 E/MNLD    (  339): main: process data error: 2 (No such file or directory)
05-17 14:58:06.042 E/CellLocation(  851): create GsmCellLocation
05-17 14:58:06.203 E/SurfaceFlinger(  285): onDraw: bindTextureImage test
05-17 14:58:06.220 E/SurfaceFlinger(  285): onDraw: bindTextureImage test
05-17 14:58:06.231 E/WifiTrafficPoller(  851): TRAFFIC_STATS_POLL true Token 2406 num clients 18
05-17 14:58:06.232 E/WifiTrafficPoller(  851):  packet count Tx=1609197 Rx=5296541
05-17 14:58:06.232 E/WifiTrafficPoller(  851): notifying of data activity 3
05-17 14:58:06.236 E/SurfaceFlinger(  285): onDraw: bindTextureImage test
05-17 14:58:06.254 E/SurfaceFlinger(  285): onDraw: bindTextureImage test
05-17 14:58:06.270 E/SurfaceFlinger(  285): onDraw: bindTextureImage test
05-17 14:58:06.288 E/SurfaceFlinger(  285): onDraw: bindTextureImage test
05-17 14:58:06.304 E/SurfaceFlinger(  285): onDraw: bindTextureImage test
05-17 14:58:06.320 E/SurfaceFlinger(  285): onDraw: bindTextureImage test
05-17 14:58:06.455 E/SurfaceFlinger(  285): onDraw: bindTextureImage test
05-17 14:58:06.472 E/SurfaceFlinger(  285): onDraw: bindTextureImage test
05-17 14:58:06.489 E/SurfaceFlinger(  285): onDraw: bindTextureImage test
05-17 14:58:06.506 E/SurfaceFlinger(  285): onDraw: bindTextureImage test
05-17 14:58:06.522 E/SurfaceFlinger(  285): onDraw: bindTextureImage test
05-17 14:58:06.539 E/SurfaceFlinger(  285): onDraw: bindTextureImage test
05-17 14:58:06.556 E/SurfaceFlinger(  285): onDraw: bindTextureImage test
05-17 14:58:06.825 E/SurfaceFlinger(  285): onDraw: bindTextureImage test
05-17 14:58:06.842 E/SurfaceFlinger(  285): onDraw: bindTextureImage test
05-17 14:58:06.859 E/SurfaceFlinger(  285): onDraw: bindTextureImage test
05-17 14:58:06.875 E/SurfaceFlinger(  285): onDraw: bindTextureImage test
05-17 14:58:06.893 E/SurfaceFlinger(  285): onDraw: bindTextureImage test
05-17 14:58:07.233 E/WifiTrafficPoller(  851): TRAFFIC_STATS_POLL true Token 2406 num clients 18
05-17 14:58:07.234 E/WifiTrafficPoller(  851):  packet count Tx=1609204 Rx=5296564
05-17 14:58:07.801 E/SurfaceFlinger(  285): onDraw: bindTextureImage test
05-17 14:58:07.818 E/SurfaceFlinger(  285): onDraw: bindTextureImage test
05-17 14:58:07.834 E/SurfaceFlinger(  285): onDraw: bindTextureImage test
05-17 14:58:07.851 E/SurfaceFlinger(  285): onDraw: bindTextureImage test
05-17 14:58:07.867 E/SurfaceFlinger(  285): onDraw: bindTextureImage test
05-17 14:58:07.884 E/SurfaceFlinger(  285): onDraw: bindTextureImage test
05-17 14:58:07.902 E/SurfaceFlinger(  285): onDraw: bindTextureImage test
05-17 14:58:08.234 E/WifiTrafficPoller(  851): TRAFFIC_STATS_POLL true Token 2406 num clients 18
05-17 14:58:08.235 E/WifiTrafficPoller(  851):  packet count Tx=1609205 Rx=5296580
05-17 14:58:08.420 E/WifiStateMachine(  851):  ConnectedState (when=-4ms what=131155 arg1=548!CMD_RSSI_POLL 548 0 "BOCO-office" 94:b4:0f:68:a4:b1 rssi=-52 f=5785 sc=80 link=150 tx=1.9, 0.0, 0.0  rx=62.8 bcn=0 [on:0 tx:0 rx:0 period:3002] from screen [on:0 period:542847492] gl rssi=-52 ag=0 hr ticks 0,0,22 ls-=0 [56,56,56,56,61] brc=0 lrc=0
05-17 14:58:08.422 E/WifiStateMachine(  851):  L2ConnectedState (when=-7ms what=131155 arg1=548!CMD_RSSI_POLL 548 0 "BOCO-office" 94:b4:0f:68:a4:b1 rssi=-52 f=5785 sc=80 link=150 tx=1.9, 0.0, 0.0  rx=62.8 bcn=0 [on:0 tx:0 rx:0 period:2] from screen [on:0 period:542847494] gl rssi=-52 ag=0 hr ticks 0,0,22 ls-=0 [56,56,56,56,61] brc=0 lrc=0
05-17 14:58:08.422 E/WifiStateMachine(  851):  get link layer stats 0
05-17 14:58:08.427 E/WifiStateMachine(  851): calculateWifiScore() we set wifi's score to 1000, so will always set wifi as a default network.
05-17 14:58:08.524 E/appium  (31839): Element not found: 
05-17 14:58:08.524 E/appium  (31839): io.appium.uiautomator2.common.exceptions.ElementNotFoundException: Could not find an element using supplied strategy. 
05-17 14:58:08.524 E/appium  (31839): 	at io.appium.uiautomator2.handler.FindElement.getXPathUiObject(FindElement.java:80)
05-17 14:58:08.524 E/appium  (31839): 	at io.appium.uiautomator2.handler.FindElement.findElement(FindElement.java:153)
05-17 14:58:08.524 E/appium  (31839): 	at io.appium.uiautomator2.handler.FindElement.safeHandle(FindElement.java:102)
05-17 14:58:08.524 E/appium  (31839): 	at io.appium.uiautomator2.handler.request.SafeRequestHandler.handle(SafeRequestHandler.java:56)
05-17 14:58:08.524 E/appium  (31839): 	at io.appium.uiautomator2.server.AppiumServlet.handleRequest(AppiumServlet.java:202)
05-17 14:58:08.524 E/appium  (31839): 	at io.appium.uiautomator2.server.AppiumServlet.handleHttpRequest(AppiumServlet.java:193)
05-17 14:58:08.524 E/appium  (31839): 	at io.appium.uiautomator2.http.ServerHandler.channelRead(ServerHandler.java:44)
05-17 14:58:08.524 E/appium  (31839): 	at io.netty.channel.AbstractChannelHandlerContext.invokeChannelRead(AbstractChannelHandlerContext.java:366)
05-17 14:58:08.524 E/appium  (31839): 	at io.netty.channel.AbstractChannelHandlerContext.invokeChannelRead(AbstractChannelHandlerContext.java:352)
05-17 14:58:08.524 E/appium  (31839): 	at io.netty.channel.AbstractChannelHandlerContext.fireChannelRead(AbstractChannelHandlerContext.java:345)
05-17 14:58:08.524 E/appium  (31839): 	at io.netty.handler.codec.MessageToMessageDecoder.channelRead(MessageToMessageDecoder.java:102)
05-17 14:58:08.524 E/appium  (31839): 	at io.netty.channel.AbstractChannelHandlerContext.invokeChannelRead(AbstractChannelHandlerContext.java:366)
05-17 14:58:08.524 E/appium  (31839): 	at io.netty.channel.AbstractChannelHandlerContext.invokeChannelRead(AbstractChannelHandlerContext.java:352)
05-17 14:58:08.524 E/appium  (31839): 	at io.netty.channel.AbstractChannelHandlerContext.fireChannelRead(AbstractChannelHandlerContext.java:345)
05-17 14:58:08.524 E/appium  (31839): 	at io.netty.channel.CombinedChannelDuplexHandler$DelegatingChannelHandlerContext.fireChannelRead(CombinedChannelDuplexHandler.java:435)
05-17 14:58:08.524 E/appium  (31839): 	at io.netty.handler.codec.ByteToMessageDecoder.fireChannelRead(ByteToMessageDecoder.java:293)
05-17 14:58:08.524 E/appium  (31839): 	at io.netty.handler.codec.ByteToMessageDecoder.channelRead(ByteToMessageDecoder.java:267)
05-17 14:58:08.524 E/appium  (31839): 	at io.netty.channel.CombinedChannelDuplexHandler.channelRead(CombinedChannelDuplexHandler.java:250)
05-17 14:58:08.524 E/appium  (31839): 	at io.netty.channel.AbstractChannelHandlerContext.invokeChannelRead(AbstractChannelHandlerContext.java:366)
05-17 14:58:08.524 E/appium  (31839): 	at io.netty.channel.AbstractChannelHandlerContext.invokeChannelRead(AbstractChannelHandlerContext.java:352)
05-17 14:58:08.524 E/appium  (31839): 	at io.netty.channel.AbstractChannelHandlerContext.fireChannelRead(AbstractChannelHandlerContext.java:345)
05-17 14:58:08.524 E/appium  (31839): 	at io.netty.channel.DefaultChannelPipeline$HeadContext.channelRead(DefaultChannelPipeline.java:1294)
05-17 14:58:08.524 E/appium  (31839): 	at io.netty.channel.AbstractChannelHandlerContext.invokeChannelRead(AbstractChannelHandlerContext.java:366)
05-17 14:58:08.524 E/appium  (31839): 	at io.netty.channel.AbstractChannelHandlerContext.invokeChannelRead(AbstractChannelHandlerContext.java:352)
05-17 14:58:08.524 E/appium  (31839): 	at io.netty.channel.DefaultChannelPipeline.fireChannelRead(DefaultChannelPipeline.java:911)
05-17 14:58:08.524 E/appium  (31839): 	at io.netty.channel.nio.AbstractNioByteChannel$NioByteUnsafe.read(AbstractNioByteChannel.java:131)
05-17 14:58:08.524 E/appium  (31839): 	at io.netty.channel.nio.NioEventLoop.processSelectedKey(NioEventLoop.java:611)
05-17 14:58:08.524 E/appium  (31839): 	at io.netty.channel.nio.NioEventLoop.processSelectedKeysPlain(NioEventLoop.java:514)
05-17 14:58:08.524 E/appium  (31839): 	at io.netty.channel.nio.NioEventLoop.processSelectedKeys(NioEventLoop.java:468)
05-17 14:58:08.524 E/appium  (31839): 	at io.netty.channel.nio.NioEventLoop.run(NioEventLoop.java:438)
05-17 14:58:08.524 E/appium  (31839): 	at io.netty.util.concurrent.SingleThreadEventExecutor$2.run(SingleThreadEventExecutor.java:140)
05-17 14:58:08.524 E/appium  (31839): 	at io.netty.util.concurrent.DefaultThreadFactory$DefaultRunnableDecorator.run(DefaultThreadFactory.java:144)
05-17 14:58:08.524 E/appium  (31839): 	at java.lang.Thread.run(Thread.java:818)
05-17 14:58:09.057 E/appium  (31839): Element not found: 
05-17 14:58:09.057 E/appium  (31839): io.appium.uiautomator2.common.exceptions.ElementNotFoundException: Could not find an element using supplied strategy. 
05-17 14:58:09.057 E/appium  (31839): 	at io.appium.uiautomator2.handler.FindElement.getXPathUiObject(FindElement.java:80)
05-17 14:58:09.057 E/appium  (31839): 	at io.appium.uiautomator2.handler.FindElement.findElement(FindElement.java:153)
05-17 14:58:09.057 E/appium  (31839): 	at io.appium.uiautomator2.handler.FindElement.safeHandle(FindElement.java:102)
05-17 14:58:09.057 E/appium  (31839): 	at io.appium.uiautomator2.handler.request.SafeRequestHandler.handle(SafeRequestHandler.java:56)
05-17 14:58:09.057 E/appium  (31839): 	at io.appium.uiautomator2.server.AppiumServlet.handleRequest(AppiumServlet.java:202)
05-17 14:58:09.057 E/appium  (31839): 	at io.appium.uiautomator2.server.AppiumServlet.handleHttpRequest(AppiumServlet.java:193)
05-17 14:58:09.057 E/appium  (31839): 	at io.appium.uiautomator2.http.ServerHandler.channelRead(ServerHandler.java:44)
05-17 14:58:09.057 E/appium  (31839): 	at io.netty.channel.AbstractChannelHandlerContext.invokeChannelRead(AbstractChannelHandlerContext.java:366)
05-17 14:58:09.057 E/appium  (31839): 	at io.netty.channel.AbstractChannelHandlerContext.invokeChannelRead(AbstractChannelHandlerContext.java:352)
05-17 14:58:09.057 E/appium  (31839): 	at io.netty.channel.AbstractChannelHandlerContext.fireChannelRead(AbstractChannelHandlerContext.java:345)
05-17 14:58:09.057 E/appium  (31839): 	at io.netty.handler.codec.MessageToMessageDecoder.channelRead(MessageToMessageDecoder.java:102)
05-17 14:58:09.057 E/appium  (31839): 	at io.netty.channel.AbstractChannelHandlerContext.invokeChannelRead(AbstractChannelHandlerContext.java:366)
05-17 14:58:09.057 E/appium  (31839): 	at io.netty.channel.AbstractChannelHandlerContext.invokeChannelRead(AbstractChannelHandlerContext.java:352)
05-17 14:58:09.057 E/appium  (31839): 	at io.netty.channel.AbstractChannelHandlerContext.fireChannelRead(AbstractChannelHandlerContext.java:345)
05-17 14:58:09.057 E/appium  (31839): 	at io.netty.channel.CombinedChannelDuplexHandler$DelegatingChannelHandlerContext.fireChannelRead(CombinedChannelDuplexHandler.java:435)
05-17 14:58:09.057 E/appium  (31839): 	at io.netty.handler.codec.ByteToMessageDecoder.fireChannelRead(ByteToMessageDecoder.java:293)
05-17 14:58:09.057 E/appium  (31839): 	at io.netty.handler.codec.ByteToMessageDecoder.channelRead(ByteToMessageDecoder.java:267)
05-17 14:58:09.057 E/appium  (31839): 	at io.netty.channel.CombinedChannelDuplexHandler.channelRead(CombinedChannelDuplexHandler.java:250)
05-17 14:58:09.057 E/appium  (31839): 	at io.netty.channel.AbstractChannelHandlerContext.invokeChannelRead(AbstractChannelHandlerContext.java:366)
05-17 14:58:09.057 E/appium  (31839): 	at io.netty.channel.AbstractChannelHandlerContext.invokeChannelRead(AbstractChannelHandlerContext.java:352)
05-17 14:58:09.057 E/appium  (31839): 	at io.netty.channel.AbstractChannelHandlerContext.fireChannelRead(AbstractChannelHandlerContext.java:345)
05-17 14:58:09.057 E/appium  (31839): 	at io.netty.channel.DefaultChannelPipeline$HeadContext.channelRead(DefaultChannelPipeline.java:1294)
05-17 14:58:09.057 E/appium  (31839): 	at io.netty.channel.AbstractChannelHandlerContext.invokeChannelRead(AbstractChannelHandlerContext.java:366)
05-17 14:58:09.057 E/appium  (31839): 	at io.netty.channel.AbstractChannelHandlerContext.invokeChannelRead(AbstractChannelHandlerContext.java:352)
05-17 14:58:09.057 E/appium  (31839): 	at io.netty.channel.DefaultChannelPipeline.fireChannelRead(DefaultChannelPipeline.java:911)
05-17 14:58:09.057 E/appium  (31839): 	at io.netty.channel.nio.AbstractNioByteChannel$NioByteUnsafe.read(AbstractNioByteChannel.java:131)
05-17 14:58:09.057 E/appium  (31839): 	at io.netty.channel.nio.NioEventLoop.processSelectedKey(NioEventLoop.java:611)
05-17 14:58:09.057 E/appium  (31839): 	at io.netty.channel.nio.NioEventLoop.processSelectedKeysPlain(NioEventLoop.java:514)
05-17 14:58:09.057 E/appium  (31839): 	at io.netty.channel.nio.NioEventLoop.processSelectedKeys(NioEventLoop.java:468)
05-17 14:58:09.057 E/appium  (31839): 	at io.netty.channel.nio.NioEventLoop.run(NioEventLoop.java:438)
05-17 14:58:09.057 E/appium  (31839): 	at io.netty.util.concurrent.SingleThreadEventExecutor$2.run(SingleThreadEventExecutor.java:140)
05-17 14:58:09.057 E/appium  (31839): 	at io.netty.util.concurrent.DefaultThreadFactory$DefaultRunnableDecorator.run(DefaultThreadFactory.java:144)
05-17 14:58:09.057 E/appium  (31839): 	at java.lang.Thread.run(Thread.java:818)
05-17 14:58:09.235 E/WifiTrafficPoller(  851): TRAFFIC_STATS_POLL true Token 2406 num clients 18
05-17 14:58:09.236 E/WifiTrafficPoller(  851):  packet count Tx=1609205 Rx=5296599
05-17 14:58:09.236 E/WifiTrafficPoller(  851): notifying of data activity 1
05-17 14:58:09.998 E/appium  (31839): Element not found: 
05-17 14:58:09.998 E/appium  (31839): io.appium.uiautomator2.common.exceptions.ElementNotFoundException: Could not find an element using supplied strategy. 
05-17 14:58:09.998 E/appium  (31839): 	at io.appium.uiautomator2.handler.FindElement.getXPathUiObject(FindElement.java:80)
05-17 14:58:09.998 E/appium  (31839): 	at io.appium.uiautomator2.handler.FindElement.findElement(FindElement.java:153)
05-17 14:58:09.998 E/appium  (31839): 	at io.appium.uiautomator2.handler.FindElement.safeHandle(FindElement.java:102)
05-17 14:58:09.998 E/appium  (31839): 	at io.appium.uiautomator2.handler.request.SafeRequestHandler.handle(SafeRequestHandler.java:56)
05-17 14:58:09.998 E/appium  (31839): 	at io.appium.uiautomator2.server.AppiumServlet.handleRequest(AppiumServlet.java:202)
05-17 14:58:09.998 E/appium  (31839): 	at io.appium.uiautomator2.server.AppiumServlet.handleHttpRequest(AppiumServlet.java:193)
05-17 14:58:09.998 E/appium  (31839): 	at io.appium.uiautomator2.http.ServerHandler.channelRead(ServerHandler.java:44)
05-17 14:58:09.998 E/appium  (31839): 	at io.netty.channel.AbstractChannelHandlerContext.invokeChannelRead(AbstractChannelHandlerContext.java:366)
05-17 14:58:09.998 E/appium  (31839): 	at io.netty.channel.AbstractChannelHandlerContext.invokeChannelRead(AbstractChannelHandlerContext.java:352)
05-17 14:58:09.998 E/appium  (31839): 	at io.netty.channel.AbstractChannelHandlerContext.fireChannelRead(AbstractChannelHandlerContext.java:345)
05-17 14:58:09.998 E/appium  (31839): 	at io.netty.handler.codec.MessageToMessageDecoder.channelRead(MessageToMessageDecoder.java:102)
05-17 14:58:09.998 E/appium  (31839): 	at io.netty.channel.AbstractChannelHandlerContext.invokeChannelRead(AbstractChannelHandlerContext.java:366)
05-17 14:58:09.998 E/appium  (31839): 	at io.netty.channel.AbstractChannelHandlerContext.invokeChannelRead(AbstractChannelHandlerContext.java:352)
05-17 14:58:09.998 E/appium  (31839): 	at io.netty.channel.AbstractChannelHandlerContext.fireChannelRead(AbstractChannelHandlerContext.java:345)
05-17 14:58:09.998 E/appium  (31839): 	at io.netty.channel.CombinedChannelDuplexHandler$DelegatingChannelHandlerContext.fireChannelRead(CombinedChannelDuplexHandler.java:435)
05-17 14:58:09.998 E/appium  (31839): 	at io.netty.handler.codec.ByteToMessageDecoder.fireChannelRead(ByteToMessageDecoder.java:293)
05-17 14:58:09.998 E/appium  (31839): 	at io.netty.handler.codec.ByteToMessageDecoder.channelRead(ByteToMessageDecoder.java:267)
05-17 14:58:09.998 E/appium  (31839): 	at io.netty.channel.CombinedChannelDuplexHandler.channelRead(CombinedChannelDuplexHandler.java:250)
05-17 14:58:09.998 E/appium  (31839): 	at io.netty.channel.AbstractChannelHandlerContext.invokeChannelRead(AbstractChannelHandlerContext.java:366)
05-17 14:58:09.998 E/appium  (31839): 	at io.netty.channel.AbstractChannelHandlerContext.invokeChannelRead(AbstractChannelHandlerContext.java:352)
05-17 14:58:09.998 E/appium  (31839): 	at io.netty.channel.AbstractChannelHandlerContext.fireChannelRead(AbstractChannelHandlerContext.java:345)
05-17 14:58:09.998 E/appium  (31839): 	at io.netty.channel.DefaultChannelPipeline$HeadContext.channelRead(DefaultChannelPipeline.java:1294)
05-17 14:58:09.998 E/appium  (31839): 	at io.netty.channel.AbstractChannelHandlerContext.invokeChannelRead(AbstractChannelHandlerContext.java:366)
05-17 14:58:09.998 E/appium  (31839): 	at io.netty.channel.AbstractChannelHandlerContext.invokeChannelRead(AbstractChannelHandlerContext.java:352)
05-17 14:58:09.998 E/appium  (31839): 	at io.netty.channel.DefaultChannelPipeline.fireChannelRead(DefaultChannelPipeline.java:911)
05-17 14:58:09.998 E/appium  (31839): 	at io.netty.channel.nio.AbstractNioByteChannel$NioByteUnsafe.read(AbstractNioByteChannel.java:131)
05-17 14:58:09.998 E/appium  (31839): 	at io.netty.channel.nio.NioEventLoop.processSelectedKey(NioEventLoop.java:611)
05-17 14:58:09.998 E/appium  (31839): 	at io.netty.channel.nio.NioEventLoop.processSelectedKeysPlain(NioEventLoop.java:514)
05-17 14:58:09.998 E/appium  (31839): 	at io.netty.channel.nio.NioEventLoop.processSelectedKeys(NioEventLoop.java:468)
05-17 14:58:09.998 E/appium  (31839): 	at io.netty.channel.nio.NioEventLoop.run(NioEventLoop.java:438)
05-17 14:58:09.998 E/appium  (31839): 	at io.netty.util.concurrent.SingleThreadEventExecutor$2.run(SingleThreadEventExecutor.java:140)
05-17 14:58:09.998 E/appium  (31839): 	at io.netty.util.concurrent.DefaultThreadFactory$DefaultRunnableDecorator.run(DefaultThreadFactory.java:144)
05-17 14:58:09.998 E/appium  (31839): 	at java.lang.Thread.run(Thread.java:818)
05-17 14:58:10.241 E/WifiTrafficPoller(  851): TRAFFIC_STATS_POLL true Token 2406 num clients 18
05-17 14:58:10.242 E/WifiTrafficPoller(  851):  packet count Tx=1609205 Rx=5296616
05-17 14:58:10.536 E/appium  (31839): Element not found: 
05-17 14:58:10.536 E/appium  (31839): io.appium.uiautomator2.common.exceptions.ElementNotFoundException: Could not find an element using supplied strategy. 
05-17 14:58:10.536 E/appium  (31839): 	at io.appium.uiautomator2.handler.FindElement.getXPathUiObject(FindElement.java:80)
05-17 14:58:10.536 E/appium  (31839): 	at io.appium.uiautomator2.handler.FindElement.findElement(FindElement.java:153)
05-17 14:58:10.536 E/appium  (31839): 	at io.appium.uiautomator2.handler.FindElement.safeHandle(FindElement.java:102)
05-17 14:58:10.536 E/appium  (31839): 	at io.appium.uiautomator2.handler.request.SafeRequestHandler.handle(SafeRequestHandler.java:56)
05-17 14:58:10.536 E/appium  (31839): 	at io.appium.uiautomator2.server.AppiumServlet.handleRequest(AppiumServlet.java:202)
05-17 14:58:10.536 E/appium  (31839): 	at io.appium.uiautomator2.server.AppiumServlet.handleHttpRequest(AppiumServlet.java:193)
05-17 14:58:10.536 E/appium  (31839): 	at io.appium.uiautomator2.http.ServerHandler.channelRead(ServerHandler.java:44)
05-17 14:58:10.536 E/appium  (31839): 	at io.netty.channel.AbstractChannelHandlerContext.invokeChannelRead(AbstractChannelHandlerContext.java:366)
05-17 14:58:10.536 E/appium  (31839): 	at io.netty.channel.AbstractChannelHandlerContext.invokeChannelRead(AbstractChannelHandlerContext.java:352)
05-17 14:58:10.536 E/appium  (31839): 	at io.netty.channel.AbstractChannelHandlerContext.fireChannelRead(AbstractChannelHandlerContext.java:345)
05-17 14:58:10.536 E/appium  (31839): 	at io.netty.handler.codec.MessageToMessageDecoder.channelRead(MessageToMessageDecoder.java:102)
05-17 14:58:10.536 E/appium  (31839): 	at io.netty.channel.AbstractChannelHandlerContext.invokeChannelRead(AbstractChannelHandlerContext.java:366)
05-17 14:58:10.536 E/appium  (31839): 	at io.netty.channel.AbstractChannelHandlerContext.invokeChannelRead(AbstractChannelHandlerContext.java:352)
05-17 14:58:10.536 E/appium  (31839): 	at io.netty.channel.AbstractChannelHandlerContext.fireChannelRead(AbstractChannelHandlerContext.java:345)
05-17 14:58:10.536 E/appium  (31839): 	at io.netty.channel.CombinedChannelDuplexHandler$DelegatingChannelHandlerContext.fireChannelRead(CombinedChannelDuplexHandler.java:435)
05-17 14:58:10.536 E/appium  (31839): 	at io.netty.handler.codec.ByteToMessageDecoder.fireChannelRead(ByteToMessageDecoder.java:293)
05-17 14:58:10.536 E/appium  (31839): 	at io.netty.handler.codec.ByteToMessageDecoder.channelRead(ByteToMessageDecoder.java:267)
05-17 14:58:10.536 E/appium  (31839): 	at io.netty.channel.CombinedChannelDuplexHandler.channelRead(CombinedChannelDuplexHandler.java:250)
05-17 14:58:10.536 E/appium  (31839): 	at io.netty.channel.AbstractChannelHandlerContext.invokeChannelRead(AbstractChannelHandlerContext.java:366)
05-17 14:58:10.536 E/appium  (31839): 	at io.netty.channel.AbstractChannelHandlerContext.invokeChannelRead(AbstractChannelHandlerContext.java:352)
05-17 14:58:10.536 E/appium  (31839): 	at io.netty.channel.AbstractChannelHandlerContext.fireChannelRead(AbstractChannelHandlerContext.java:345)
05-17 14:58:10.536 E/appium  (31839): 	at io.netty.channel.DefaultChannelPipeline$HeadContext.channelRead(DefaultChannelPipeline.java:1294)
05-17 14:58:10.536 E/appium  (31839): 	at io.netty.channel.AbstractChannelHandlerContext.invokeChannelRead(AbstractChannelHandlerContext.java:366)
05-17 14:58:10.536 E/appium  (31839): 	at io.netty.channel.AbstractChannelHandlerContext.invokeChannelRead(AbstractChannelHandlerContext.java:352)
05-17 14:58:10.536 E/appium  (31839): 	at io.netty.channel.DefaultChannelPipeline.fireChannelRead(DefaultChannelPipeline.java:911)
05-17 14:58:10.536 E/appium  (31839): 	at io.netty.channel.nio.AbstractNioByteChannel$NioByteUnsafe.read(AbstractNioByteChannel.java:131)
05-17 14:58:10.536 E/appium  (31839): 	at io.netty.channel.nio.NioEventLoop.processSelectedKey(NioEventLoop.java:611)
05-17 14:58:10.536 E/appium  (31839): 	at io.netty.channel.nio.NioEventLoop.processSelectedKeysPlain(NioEventLoop.java:514)
05-17 14:58:10.536 E/appium  (31839): 	at io.netty.channel.nio.NioEventLoop.processSelectedKeys(NioEventLoop.java:468)
05-17 14:58:10.536 E/appium  (31839): 	at io.netty.channel.nio.NioEventLoop.run(NioEventLoop.java:438)
05-17 14:58:10.536 E/appium  (31839): 	at io.netty.util.concurrent.SingleThreadEventExecutor$2.run(SingleThreadEventExecutor.java:140)
05-17 14:58:10.536 E/appium  (31839): 	at io.netty.util.concurrent.DefaultThreadFactory$DefaultRunnableDecorator.run(DefaultThreadFactory.java:144)
05-17 14:58:10.536 E/appium  (31839): 	at java.lang.Thread.run(Thread.java:818)
05-17 14:58:11.067 E/appium  (31839): Element not found: 
05-17 14:58:11.067 E/appium  (31839): io.appium.uiautomator2.common.exceptions.ElementNotFoundException: Could not find an element using supplied strategy. 
05-17 14:58:11.067 E/appium  (31839): 	at io.appium.uiautomator2.handler.FindElement.getXPathUiObject(FindElement.java:80)
05-17 14:58:11.067 E/appium  (31839): 	at io.appium.uiautomator2.handler.FindElement.findElement(FindElement.java:153)
05-17 14:58:11.067 E/appium  (31839): 	at io.appium.uiautomator2.handler.FindElement.safeHandle(FindElement.java:102)
05-17 14:58:11.067 E/appium  (31839): 	at io.appium.uiautomator2.handler.request.SafeRequestHandler.handle(SafeRequestHandler.java:56)
05-17 14:58:11.067 E/appium  (31839): 	at io.appium.uiautomator2.server.AppiumServlet.handleRequest(AppiumServlet.java:202)
05-17 14:58:11.067 E/appium  (31839): 	at io.appium.uiautomator2.server.AppiumServlet.handleHttpRequest(AppiumServlet.java:193)
05-17 14:58:11.067 E/appium  (31839): 	at io.appium.uiautomator2.http.ServerHandler.channelRead(ServerHandler.java:44)
05-17 14:58:11.067 E/appium  (31839): 	at io.netty.channel.AbstractChannelHandlerContext.invokeChannelRead(AbstractChannelHandlerContext.java:366)
05-17 14:58:11.067 E/appium  (31839): 	at io.netty.channel.AbstractChannelHandlerContext.invokeChannelRead(AbstractChannelHandlerContext.java:352)
05-17 14:58:11.067 E/appium  (31839): 	at io.netty.channel.AbstractChannelHandlerContext.fireChannelRead(AbstractChannelHandlerContext.java:345)
05-17 14:58:11.067 E/appium  (31839): 	at io.netty.handler.codec.MessageToMessageDecoder.channelRead(MessageToMessageDecoder.java:102)
05-17 14:58:11.067 E/appium  (31839): 	at io.netty.channel.AbstractChannelHandlerContext.invokeChannelRead(AbstractChannelHandlerContext.java:366)
