05-17 16:33:38.810 E/WifiStateMachine(  851):  ConnectedState (when=-3ms what=131155 arg1=548!CMD_RSSI_POLL 548 0 "BOCO-office" 94:b4:0f:68:a4:b1 rssi=-54 f=5785 sc=80 link=150 tx=474.8, 0.0, 0.0  rx=915.8 bcn=0 [on:0 tx:0 rx:0 period:2997] from screen [on:0 period:548577881] gl rssi=-54 ag=0 hr ticks 0,0,28 ls-=0 [56,56,60,60,65] brc=0 lrc=0
05-17 16:33:38.811 E/WifiStateMachine(  851):  L2ConnectedState (when=-5ms what=131155 arg1=548!CMD_RSSI_POLL 548 0 "BOCO-office" 94:b4:0f:68:a4:b1 rssi=-54 f=5785 sc=80 link=150 tx=474.8, 0.0, 0.0  rx=915.8 bcn=0 [on:0 tx:0 rx:0 period:2] from screen [on:0 period:548577883] gl rssi=-54 ag=0 hr ticks 0,0,28 ls-=0 [56,56,60,60,65] brc=0 lrc=0
05-17 16:33:38.811 E/WifiStateMachine(  851):  get link layer stats 0
05-17 16:33:38.814 E/WifiStateMachine(  851): calculateWifiScore() we set wifi's score to 1000, so will always set wifi as a default network.
05-17 16:33:38.993 E/SurfaceFlinger(  285): onDraw: bindTextureImage test
05-17 16:33:39.010 E/SurfaceFlinger(  285): onDraw: bindTextureImage test
05-17 16:33:39.026 E/SurfaceFlinger(  285): onDraw: bindTextureImage test
05-17 16:33:39.045 E/SurfaceFlinger(  285): onDraw: bindTextureImage test
05-17 16:33:39.059 E/SurfaceFlinger(  285): onDraw: bindTextureImage test
05-17 16:33:39.075 E/SurfaceFlinger(  285): onDraw: bindTextureImage test
05-17 16:33:39.092 E/SurfaceFlinger(  285): onDraw: bindTextureImage test
05-17 16:33:39.109 E/SurfaceFlinger(  285): onDraw: bindTextureImage test
05-17 16:33:39.282 E/WifiTrafficPoller(  851): TRAFFIC_STATS_POLL true Token 2406 num clients 20
05-17 16:33:39.283 E/WifiTrafficPoller(  851):  packet count Tx=1627280 Rx=5438811
05-17 16:33:40.284 E/WifiTrafficPoller(  851): TRAFFIC_STATS_POLL true Token 2406 num clients 20
05-17 16:33:40.285 E/WifiTrafficPoller(  851):  packet count Tx=1627438 Rx=5439140
05-17 16:33:41.284 E/WifiTrafficPoller(  851): TRAFFIC_STATS_POLL true Token 2406 num clients 20
05-17 16:33:41.286 E/WifiTrafficPoller(  851):  packet count Tx=1627567 Rx=5439351
05-17 16:33:41.735 E/---RankingListAppFragment---(27911): onResume
05-17 16:33:41.819 E/WifiStateMachine(  851):  ConnectedState (when=-4ms what=131155 arg1=548!CMD_RSSI_POLL 548 0 "BOCO-office" 94:b4:0f:68:a4:b1 rssi=-49 f=5785 sc=80 link=150 tx=461.4, 0.0, 0.0  rx=873.4 bcn=0 [on:0 tx:0 rx:0 period:2999] from screen [on:0 period:548580891] gl rssi=-49 ag=0 hr ticks 0,0,28 ls-=0 [56,56,60,60,65] brc=0 lrc=0
05-17 16:33:41.823 E/WifiStateMachine(  851):  L2ConnectedState (when=-8ms what=131155 arg1=548!CMD_RSSI_POLL 548 0 "BOCO-office" 94:b4:0f:68:a4:b1 rssi=-49 f=5785 sc=80 link=150 tx=461.4, 0.0, 0.0  rx=873.4 bcn=0 [on:0 tx:0 rx:0 period:4] from screen [on:0 period:548580895] gl rssi=-49 ag=0 hr ticks 0,0,28 ls-=0 [56,56,60,60,65] brc=0 lrc=0
05-17 16:33:41.823 E/WifiStateMachine(  851):  get link layer stats 0
05-17 16:33:41.828 E/WifiStateMachine(  851): calculateWifiScore() we set wifi's score to 1000, so will always set wifi as a default network.
05-17 16:33:41.918 E/SurfaceFlinger(  285): onDraw: bindTextureImage test
05-17 16:33:41.935 E/SurfaceFlinger(  285): onDraw: bindTextureImage test
05-17 16:33:41.952 E/SurfaceFlinger(  285): onDraw: bindTextureImage test
05-17 16:33:41.969 E/SurfaceFlinger(  285): onDraw: bindTextureImage test
05-17 16:33:41.987 E/SurfaceFlinger(  285): onDraw: bindTextureImage test
05-17 16:33:42.003 E/SurfaceFlinger(  285): onDraw: bindTextureImage test
05-17 16:33:42.020 E/SurfaceFlinger(  285): onDraw: bindTextureImage test
05-17 16:33:42.037 E/SurfaceFlinger(  285): onDraw: bindTextureImage test
05-17 16:33:42.053 E/SurfaceFlinger(  285): onDraw: bindTextureImage test
05-17 16:33:42.064 E/ImageLoader(27911): http://211.138.252.146:38093/bmdp//png/groupicon/100.png
05-17 16:33:42.064 E/ImageLoader(27911): java.io.FileNotFoundException: http://211.138.252.146:38093/bmdp//png/groupicon/100.png
05-17 16:33:42.064 E/ImageLoader(27911): 	at com.android.okhttp.internal.http.HttpURLConnectionImpl.getInputStream(HttpURLConnectionImpl.java:206)
05-17 16:33:42.064 E/ImageLoader(27911): 	at com.nostra13.universalimageloader.core.download.BaseImageDownloader.getStreamFromNetwork(BaseImageDownloader.java:124)
05-17 16:33:42.064 E/ImageLoader(27911): 	at com.nostra13.universalimageloader.core.download.BaseImageDownloader.getStream(BaseImageDownloader.java:88)
05-17 16:33:42.064 E/ImageLoader(27911): 	at com.nostra13.universalimageloader.core.LoadAndDisplayImageTask.downloadImage(LoadAndDisplayImageTask.java:291)
05-17 16:33:42.064 E/ImageLoader(27911): 	at com.nostra13.universalimageloader.core.LoadAndDisplayImageTask.tryCacheImageOnDisk(LoadAndDisplayImageTask.java:274)
05-17 16:33:42.064 E/ImageLoader(27911): 	at com.nostra13.universalimageloader.core.LoadAndDisplayImageTask.tryLoadBitmap(LoadAndDisplayImageTask.java:230)
05-17 16:33:42.064 E/ImageLoader(27911): 	at com.nostra13.universalimageloader.core.LoadAndDisplayImageTask.run(LoadAndDisplayImageTask.java:136)
05-17 16:33:42.064 E/ImageLoader(27911): 	at java.util.concurrent.ThreadPoolExecutor.runWorker(ThreadPoolExecutor.java:1112)
05-17 16:33:42.064 E/ImageLoader(27911): 	at java.util.concurrent.ThreadPoolExecutor$Worker.run(ThreadPoolExecutor.java:587)
05-17 16:33:42.064 E/ImageLoader(27911): 	at java.lang.Thread.run(Thread.java:818)
05-17 16:33:42.070 E/SurfaceFlinger(  285): onDraw: bindTextureImage test
05-17 16:33:42.087 E/SurfaceFlinger(  285): onDraw: bindTextureImage test
05-17 16:33:42.095 E/ImageLoader(27911): http://211.138.252.146:38093/bmdp//png/groupicon/103.png
05-17 16:33:42.095 E/ImageLoader(27911): java.io.FileNotFoundException: http://211.138.252.146:38093/bmdp//png/groupicon/103.png
05-17 16:33:42.095 E/ImageLoader(27911): 	at com.android.okhttp.internal.http.HttpURLConnectionImpl.getInputStream(HttpURLConnectionImpl.java:206)
05-17 16:33:42.095 E/ImageLoader(27911): 	at com.nostra13.universalimageloader.core.download.BaseImageDownloader.getStreamFromNetwork(BaseImageDownloader.java:124)
05-17 16:33:42.095 E/ImageLoader(27911): 	at com.nostra13.universalimageloader.core.download.BaseImageDownloader.getStream(BaseImageDownloader.java:88)
05-17 16:33:42.095 E/ImageLoader(27911): 	at com.nostra13.universalimageloader.core.LoadAndDisplayImageTask.downloadImage(LoadAndDisplayImageTask.java:291)
05-17 16:33:42.095 E/ImageLoader(27911): 	at com.nostra13.universalimageloader.core.LoadAndDisplayImageTask.tryCacheImageOnDisk(LoadAndDisplayImageTask.java:274)
05-17 16:33:42.095 E/ImageLoader(27911): 	at com.nostra13.universalimageloader.core.LoadAndDisplayImageTask.tryLoadBitmap(LoadAndDisplayImageTask.java:230)
05-17 16:33:42.095 E/ImageLoader(27911): 	at com.nostra13.universalimageloader.core.LoadAndDisplayImageTask.run(LoadAndDisplayImageTask.java:136)
05-17 16:33:42.095 E/ImageLoader(27911): 	at java.util.concurrent.ThreadPoolExecutor.runWorker(ThreadPoolExecutor.java:1112)
05-17 16:33:42.095 E/ImageLoader(27911): 	at java.util.concurrent.ThreadPoolExecutor$Worker.run(ThreadPoolExecutor.java:587)
05-17 16:33:42.095 E/ImageLoader(27911): 	at java.lang.Thread.run(Thread.java:818)
05-17 16:33:42.104 E/SurfaceFlinger(  285): onDraw: bindTextureImage test
05-17 16:33:42.121 E/SurfaceFlinger(  285): onDraw: bindTextureImage test
05-17 16:33:42.138 E/SurfaceFlinger(  285): onDraw: bindTextureImage test
05-17 16:33:42.147 E/ImageLoader(27911): http://211.138.252.146:38093/bmdp//png/groupicon/100.png
05-17 16:33:42.147 E/ImageLoader(27911): java.io.FileNotFoundException: http://211.138.252.146:38093/bmdp//png/groupicon/100.png
05-17 16:33:42.147 E/ImageLoader(27911): 	at com.android.okhttp.internal.http.HttpURLConnectionImpl.getInputStream(HttpURLConnectionImpl.java:206)
05-17 16:33:42.147 E/ImageLoader(27911): 	at com.nostra13.universalimageloader.core.download.BaseImageDownloader.getStreamFromNetwork(BaseImageDownloader.java:124)
05-17 16:33:42.147 E/ImageLoader(27911): 	at com.nostra13.universalimageloader.core.download.BaseImageDownloader.getStream(BaseImageDownloader.java:88)
05-17 16:33:42.147 E/ImageLoader(27911): 	at com.nostra13.universalimageloader.core.decode.BaseImageDecoder.getImageStream(BaseImageDecoder.java:98)
05-17 16:33:42.147 E/ImageLoader(27911): 	at com.nostra13.universalimageloader.core.decode.BaseImageDecoder.decode(BaseImageDecoder.java:74)
05-17 16:33:42.147 E/ImageLoader(27911): 	at com.nostra13.universalimageloader.core.LoadAndDisplayImageTask.decodeImage(LoadAndDisplayImageTask.java:265)
05-17 16:33:42.147 E/ImageLoader(27911): 	at com.nostra13.universalimageloader.core.LoadAndDisplayImageTask.tryLoadBitmap(LoadAndDisplayImageTask.java:238)
05-17 16:33:42.147 E/ImageLoader(27911): 	at com.nostra13.universalimageloader.core.LoadAndDisplayImageTask.run(LoadAndDisplayImageTask.java:136)
05-17 16:33:42.147 E/ImageLoader(27911): 	at java.util.concurrent.ThreadPoolExecutor.runWorker(ThreadPoolExecutor.java:1112)
05-17 16:33:42.147 E/ImageLoader(27911): 	at java.util.concurrent.ThreadPoolExecutor$Worker.run(ThreadPoolExecutor.java:587)
05-17 16:33:42.147 E/ImageLoader(27911): 	at java.lang.Thread.run(Thread.java:818)
05-17 16:33:42.154 E/SurfaceFlinger(  285): onDraw: bindTextureImage test
05-17 16:33:42.171 E/SurfaceFlinger(  285): onDraw: bindTextureImage test
05-17 16:33:42.188 E/SurfaceFlinger(  285): onDraw: bindTextureImage test
05-17 16:33:42.240 E/ImageLoader(27911): http://211.138.252.146:38093/bmdp//png/groupicon/103.png
05-17 16:33:42.240 E/ImageLoader(27911): java.io.FileNotFoundException: http://211.138.252.146:38093/bmdp//png/groupicon/103.png
05-17 16:33:42.240 E/ImageLoader(27911): 	at com.android.okhttp.internal.http.HttpURLConnectionImpl.getInputStream(HttpURLConnectionImpl.java:206)
05-17 16:33:42.240 E/ImageLoader(27911): 	at com.nostra13.universalimageloader.core.download.BaseImageDownloader.getStreamFromNetwork(BaseImageDownloader.java:124)
05-17 16:33:42.240 E/ImageLoader(27911): 	at com.nostra13.universalimageloader.core.download.BaseImageDownloader.getStream(BaseImageDownloader.java:88)
05-17 16:33:42.240 E/ImageLoader(27911): 	at com.nostra13.universalimageloader.core.decode.BaseImageDecoder.getImageStream(BaseImageDecoder.java:98)
05-17 16:33:42.240 E/ImageLoader(27911): 	at com.nostra13.universalimageloader.core.decode.BaseImageDecoder.decode(BaseImageDecoder.java:74)
05-17 16:33:42.240 E/ImageLoader(27911): 	at com.nostra13.universalimageloader.core.LoadAndDisplayImageTask.decodeImage(LoadAndDisplayImageTask.java:265)
05-17 16:33:42.240 E/ImageLoader(27911): 	at com.nostra13.universalimageloader.core.LoadAndDisplayImageTask.tryLoadBitmap(LoadAndDisplayImageTask.java:238)
05-17 16:33:42.240 E/ImageLoader(27911): 	at com.nostra13.universalimageloader.core.LoadAndDisplayImageTask.run(LoadAndDisplayImageTask.java:136)
05-17 16:33:42.240 E/ImageLoader(27911): 	at java.util.concurrent.ThreadPoolExecutor.runWorker(ThreadPoolExecutor.java:1112)
05-17 16:33:42.240 E/ImageLoader(27911): 	at java.util.concurrent.ThreadPoolExecutor$Worker.run(ThreadPoolExecutor.java:587)
05-17 16:33:42.240 E/ImageLoader(27911): 	at java.lang.Thread.run(Thread.java:818)
05-17 16:33:42.283 E/ImageLoader(27911): http://211.138.252.146:38093/bmdp//png/groupicon/101.png
05-17 16:33:42.283 E/ImageLoader(27911): java.io.FileNotFoundException: http://211.138.252.146:38093/bmdp//png/groupicon/101.png
05-17 16:33:42.283 E/ImageLoader(27911): 	at com.android.okhttp.internal.http.HttpURLConnectionImpl.getInputStream(HttpURLConnectionImpl.java:206)
05-17 16:33:42.283 E/ImageLoader(27911): 	at com.nostra13.universalimageloader.core.download.BaseImageDownloader.getStreamFromNetwork(BaseImageDownloader.java:124)
05-17 16:33:42.283 E/ImageLoader(27911): 	at com.nostra13.universalimageloader.core.download.BaseImageDownloader.getStream(BaseImageDownloader.java:88)
05-17 16:33:42.283 E/ImageLoader(27911): 	at com.nostra13.universalimageloader.core.LoadAndDisplayImageTask.downloadImage(LoadAndDisplayImageTask.java:291)
05-17 16:33:42.283 E/ImageLoader(27911): 	at com.nostra13.universalimageloader.core.LoadAndDisplayImageTask.tryCacheImageOnDisk(LoadAndDisplayImageTask.java:274)
05-17 16:33:42.283 E/ImageLoader(27911): 	at com.nostra13.universalimageloader.core.LoadAndDisplayImageTask.tryLoadBitmap(LoadAndDisplayImageTask.java:230)
05-17 16:33:42.283 E/ImageLoader(27911): 	at com.nostra13.universalimageloader.core.LoadAndDisplayImageTask.run(LoadAndDisplayImageTask.java:136)
05-17 16:33:42.283 E/ImageLoader(27911): 	at java.util.concurrent.ThreadPoolExecutor.runWorker(ThreadPoolExecutor.java:1112)
05-17 16:33:42.283 E/ImageLoader(27911): 	at java.util.concurrent.ThreadPoolExecutor$Worker.run(ThreadPoolExecutor.java:587)
05-17 16:33:42.283 E/ImageLoader(27911): 	at java.lang.Thread.run(Thread.java:818)
05-17 16:33:42.286 E/WifiTrafficPoller(  851): TRAFFIC_STATS_POLL true Token 2406 num clients 20
05-17 16:33:42.286 E/WifiTrafficPoller(  851):  packet count Tx=1627784 Rx=5439732
05-17 16:33:42.414 E/ImageLoader(27911): http://211.138.252.146:38093/bmdp//png/groupicon/101.png
05-17 16:33:42.414 E/ImageLoader(27911): java.io.FileNotFoundException: http://211.138.252.146:38093/bmdp//png/groupicon/101.png
05-17 16:33:42.414 E/ImageLoader(27911): 	at com.android.okhttp.internal.http.HttpURLConnectionImpl.getInputStream(HttpURLConnectionImpl.java:206)
05-17 16:33:42.414 E/ImageLoader(27911): 	at com.nostra13.universalimageloader.core.download.BaseImageDownloader.getStreamFromNetwork(BaseImageDownloader.java:124)
05-17 16:33:42.414 E/ImageLoader(27911): 	at com.nostra13.universalimageloader.core.download.BaseImageDownloader.getStream(BaseImageDownloader.java:88)
05-17 16:33:42.414 E/ImageLoader(27911): 	at com.nostra13.universalimageloader.core.decode.BaseImageDecoder.getImageStream(BaseImageDecoder.java:98)
05-17 16:33:42.414 E/ImageLoader(27911): 	at com.nostra13.universalimageloader.core.decode.BaseImageDecoder.decode(BaseImageDecoder.java:74)
05-17 16:33:42.414 E/ImageLoader(27911): 	at com.nostra13.universalimageloader.core.LoadAndDisplayImageTask.decodeImage(LoadAndDisplayImageTask.java:265)
05-17 16:33:42.414 E/ImageLoader(27911): 	at com.nostra13.universalimageloader.core.LoadAndDisplayImageTask.tryLoadBitmap(LoadAndDisplayImageTask.java:238)
05-17 16:33:42.414 E/ImageLoader(27911): 	at com.nostra13.universalimageloader.core.LoadAndDisplayImageTask.run(LoadAndDisplayImageTask.java:136)
05-17 16:33:42.414 E/ImageLoader(27911): 	at java.util.concurrent.ThreadPoolExecutor.runWorker(ThreadPoolExecutor.java:1112)
05-17 16:33:42.414 E/ImageLoader(27911): 	at java.util.concurrent.ThreadPoolExecutor$Worker.run(ThreadPoolExecutor.java:587)
05-17 16:33:42.414 E/ImageLoader(27911): 	at java.lang.Thread.run(Thread.java:818)
05-17 16:33:42.439 E/ImageLoader(27911): http://211.138.252.146:38093/bmdp//png/groupicon/103.png
05-17 16:33:42.439 E/ImageLoader(27911): java.io.FileNotFoundException: http://211.138.252.146:38093/bmdp//png/groupicon/103.png
05-17 16:33:42.439 E/ImageLoader(27911): 	at com.android.okhttp.internal.http.HttpURLConnectionImpl.getInputStream(HttpURLConnectionImpl.java:206)
05-17 16:33:42.439 E/ImageLoader(27911): 	at com.nostra13.universalimageloader.core.download.BaseImageDownloader.getStreamFromNetwork(BaseImageDownloader.java:124)
05-17 16:33:42.439 E/ImageLoader(27911): 	at com.nostra13.universalimageloader.core.download.BaseImageDownloader.getStream(BaseImageDownloader.java:88)
05-17 16:33:42.439 E/ImageLoader(27911): 	at com.nostra13.universalimageloader.core.LoadAndDisplayImageTask.downloadImage(LoadAndDisplayImageTask.java:291)
05-17 16:33:42.439 E/ImageLoader(27911): 	at com.nostra13.universalimageloader.core.LoadAndDisplayImageTask.tryCacheImageOnDisk(LoadAndDisplayImageTask.java:274)
05-17 16:33:42.439 E/ImageLoader(27911): 	at com.nostra13.universalimageloader.core.LoadAndDisplayImageTask.tryLoadBitmap(LoadAndDisplayImageTask.java:230)
05-17 16:33:42.439 E/ImageLoader(27911): 	at com.nostra13.universalimageloader.core.LoadAndDisplayImageTask.run(LoadAndDisplayImageTask.java:136)
05-17 16:33:42.439 E/ImageLoader(27911): 	at java.util.concurrent.ThreadPoolExecutor.runWorker(ThreadPoolExecutor.java:1112)
05-17 16:33:42.439 E/ImageLoader(27911): 	at java.util.concurrent.ThreadPoolExecutor$Worker.run(ThreadPoolExecutor.java:587)
05-17 16:33:42.439 E/ImageLoader(27911): 	at java.lang.Thread.run(Thread.java:818)
05-17 16:33:42.580 E/ImageLoader(27911): http://211.138.252.146:38093/bmdp//icon/102.png
05-17 16:33:42.580 E/ImageLoader(27911): java.io.FileNotFoundException: http://211.138.252.146:38093/bmdp//icon/102.png
05-17 16:33:42.580 E/ImageLoader(27911): 	at com.android.okhttp.internal.http.HttpURLConnectionImpl.getInputStream(HttpURLConnectionImpl.java:206)
05-17 16:33:42.580 E/ImageLoader(27911): 	at com.nostra13.universalimageloader.core.download.BaseImageDownloader.getStreamFromNetwork(BaseImageDownloader.java:124)
05-17 16:33:42.580 E/ImageLoader(27911): 	at com.nostra13.universalimageloader.core.download.BaseImageDownloader.getStream(BaseImageDownloader.java:88)
05-17 16:33:42.580 E/ImageLoader(27911): 	at com.nostra13.universalimageloader.core.LoadAndDisplayImageTask.downloadImage(LoadAndDisplayImageTask.java:291)
05-17 16:33:42.580 E/ImageLoader(27911): 	at com.nostra13.universalimageloader.core.LoadAndDisplayImageTask.tryCacheImageOnDisk(LoadAndDisplayImageTask.java:274)
05-17 16:33:42.580 E/ImageLoader(27911): 	at com.nostra13.universalimageloader.core.LoadAndDisplayImageTask.tryLoadBitmap(LoadAndDisplayImageTask.java:230)
05-17 16:33:42.580 E/ImageLoader(27911): 	at com.nostra13.universalimageloader.core.LoadAndDisplayImageTask.run(LoadAndDisplayImageTask.java:136)
05-17 16:33:42.580 E/ImageLoader(27911): 	at java.util.concurrent.ThreadPoolExecutor.runWorker(ThreadPoolExecutor.java:1112)
05-17 16:33:42.580 E/ImageLoader(27911): 	at java.util.concurrent.ThreadPoolExecutor$Worker.run(ThreadPoolExecutor.java:587)
05-17 16:33:42.580 E/ImageLoader(27911): 	at java.lang.Thread.run(Thread.java:818)
05-17 16:33:42.615 E/ImageLoader(27911): http://211.138.252.146:38093/bmdp//png/groupicon/103.png
05-17 16:33:42.615 E/ImageLoader(27911): java.io.FileNotFoundException: http://211.138.252.146:38093/bmdp//png/groupicon/103.png
05-17 16:33:42.615 E/ImageLoader(27911): 	at com.android.okhttp.internal.http.HttpURLConnectionImpl.getInputStream(HttpURLConnectionImpl.java:206)
05-17 16:33:42.615 E/ImageLoader(27911): 	at com.nostra13.universalimageloader.core.download.BaseImageDownloader.getStreamFromNetwork(BaseImageDownloader.java:124)
05-17 16:33:42.615 E/ImageLoader(27911): 	at com.nostra13.universalimageloader.core.download.BaseImageDownloader.getStream(BaseImageDownloader.java:88)
05-17 16:33:42.615 E/ImageLoader(27911): 	at com.nostra13.universalimageloader.core.decode.BaseImageDecoder.getImageStream(BaseImageDecoder.java:98)
05-17 16:33:42.615 E/ImageLoader(27911): 	at com.nostra13.universalimageloader.core.decode.BaseImageDecoder.decode(BaseImageDecoder.java:74)
05-17 16:33:42.615 E/ImageLoader(27911): 	at com.nostra13.universalimageloader.core.LoadAndDisplayImageTask.decodeImage(LoadAndDisplayImageTask.java:265)
05-17 16:33:42.615 E/ImageLoader(27911): 	at com.nostra13.universalimageloader.core.LoadAndDisplayImageTask.tryLoadBitmap(LoadAndDisplayImageTask.java:238)
05-17 16:33:42.615 E/ImageLoader(27911): 	at com.nostra13.universalimageloader.core.LoadAndDisplayImageTask.run(LoadAndDisplayImageTask.java:136)
05-17 16:33:42.615 E/ImageLoader(27911): 	at java.util.concurrent.ThreadPoolExecutor.runWorker(ThreadPoolExecutor.java:1112)
05-17 16:33:42.615 E/ImageLoader(27911): 	at java.util.concurrent.ThreadPoolExecutor$Worker.run(ThreadPoolExecutor.java:587)
05-17 16:33:42.615 E/ImageLoader(27911): 	at java.lang.Thread.run(Thread.java:818)
05-17 16:33:42.749 E/ImageLoader(27911): http://211.138.252.146:38093/bmdp//icon/102.png
05-17 16:33:42.749 E/ImageLoader(27911): java.io.FileNotFoundException: http://211.138.252.146:38093/bmdp//icon/102.png
05-17 16:33:42.749 E/ImageLoader(27911): 	at com.android.okhttp.internal.http.HttpURLConnectionImpl.getInputStream(HttpURLConnectionImpl.java:206)
05-17 16:33:42.749 E/ImageLoader(27911): 	at com.nostra13.universalimageloader.core.download.BaseImageDownloader.getStreamFromNetwork(BaseImageDownloader.java:124)
05-17 16:33:42.749 E/ImageLoader(27911): 	at com.nostra13.universalimageloader.core.download.BaseImageDownloader.getStream(BaseImageDownloader.java:88)
05-17 16:33:42.749 E/ImageLoader(27911): 	at com.nostra13.universalimageloader.core.decode.BaseImageDecoder.getImageStream(BaseImageDecoder.java:98)
05-17 16:33:42.749 E/ImageLoader(27911): 	at com.nostra13.universalimageloader.core.decode.BaseImageDecoder.decode(BaseImageDecoder.java:74)
05-17 16:33:42.749 E/ImageLoader(27911): 	at com.nostra13.universalimageloader.core.LoadAndDisplayImageTask.decodeImage(LoadAndDisplayImageTask.java:265)
05-17 16:33:42.749 E/ImageLoader(27911): 	at com.nostra13.universalimageloader.core.LoadAndDisplayImageTask.tryLoadBitmap(LoadAndDisplayImageTask.java:238)
05-17 16:33:42.749 E/ImageLoader(27911): 	at com.nostra13.universalimageloader.core.LoadAndDisplayImageTask.run(LoadAndDisplayImageTask.java:136)
05-17 16:33:42.749 E/ImageLoader(27911): 	at java.util.concurrent.ThreadPoolExecutor.runWorker(ThreadPoolExecutor.java:1112)
05-17 16:33:42.749 E/ImageLoader(27911): 	at java.util.concurrent.ThreadPoolExecutor$Worker.run(ThreadPoolExecutor.java:587)
05-17 16:33:42.749 E/ImageLoader(27911): 	at java.lang.Thread.run(Thread.java:818)
05-17 16:33:42.799 E/ImageLoader(27911): http://211.138.252.146:38093/bmdp//png/groupicon/103.png
05-17 16:33:42.799 E/ImageLoader(27911): java.io.FileNotFoundException: http://211.138.252.146:38093/bmdp//png/groupicon/103.png
05-17 16:33:42.799 E/ImageLoader(27911): 	at com.android.okhttp.internal.http.HttpURLConnectionImpl.getInputStream(HttpURLConnectionImpl.java:206)
05-17 16:33:42.799 E/ImageLoader(27911): 	at com.nostra13.universalimageloader.core.download.BaseImageDownloader.getStreamFromNetwork(BaseImageDownloader.java:124)
05-17 16:33:42.799 E/ImageLoader(27911): 	at com.nostra13.universalimageloader.core.download.BaseImageDownloader.getStream(BaseImageDownloader.java:88)
05-17 16:33:42.799 E/ImageLoader(27911): 	at com.nostra13.universalimageloader.core.LoadAndDisplayImageTask.downloadImage(LoadAndDisplayImageTask.java:291)
05-17 16:33:42.799 E/ImageLoader(27911): 	at com.nostra13.universalimageloader.core.LoadAndDisplayImageTask.tryCacheImageOnDisk(LoadAndDisplayImageTask.java:274)
05-17 16:33:42.799 E/ImageLoader(27911): 	at com.nostra13.universalimageloader.core.LoadAndDisplayImageTask.tryLoadBitmap(LoadAndDisplayImageTask.java:230)
05-17 16:33:42.799 E/ImageLoader(27911): 	at com.nostra13.universalimageloader.core.LoadAndDisplayImageTask.run(LoadAndDisplayImageTask.java:136)
05-17 16:33:42.799 E/ImageLoader(27911): 	at java.util.concurrent.ThreadPoolExecutor.runWorker(ThreadPoolExecutor.java:1112)
05-17 16:33:42.799 E/ImageLoader(27911): 	at java.util.concurrent.ThreadPoolExecutor$Worker.run(ThreadPoolExecutor.java:587)
05-17 16:33:42.799 E/ImageLoader(27911): 	at java.lang.Thread.run(Thread.java:818)
05-17 16:33:42.955 E/ImageLoader(27911): http://211.138.252.146:38093/bmdp//png/groupicon/103.png
05-17 16:33:42.955 E/ImageLoader(27911): java.io.FileNotFoundException: http://211.138.252.146:38093/bmdp//png/groupicon/103.png
05-17 16:33:42.955 E/ImageLoader(27911): 	at com.android.okhttp.internal.http.HttpURLConnectionImpl.getInputStream(HttpURLConnectionImpl.java:206)
05-17 16:33:42.955 E/ImageLoader(27911): 	at com.nostra13.universalimageloader.core.download.BaseImageDownloader.getStreamFromNetwork(BaseImageDownloader.java:124)
05-17 16:33:42.955 E/ImageLoader(27911): 	at com.nostra13.universalimageloader.core.download.BaseImageDownloader.getStream(BaseImageDownloader.java:88)
05-17 16:33:42.955 E/ImageLoader(27911): 	at com.nostra13.universalimageloader.core.decode.BaseImageDecoder.getImageStream(BaseImageDecoder.java:98)
05-17 16:33:42.955 E/ImageLoader(27911): 	at com.nostra13.universalimageloader.core.decode.BaseImageDecoder.decode(BaseImageDecoder.java:74)
05-17 16:33:42.955 E/ImageLoader(27911): 	at com.nostra13.universalimageloader.core.LoadAndDisplayImageTask.decodeImage(LoadAndDisplayImageTask.java:265)
05-17 16:33:42.955 E/ImageLoader(27911): 	at com.nostra13.universalimageloader.core.LoadAndDisplayImageTask.tryLoadBitmap(LoadAndDisplayImageTask.java:238)
05-17 16:33:42.955 E/ImageLoader(27911): 	at com.nostra13.universalimageloader.core.LoadAndDisplayImageTask.run(LoadAndDisplayImageTask.java:136)
05-17 16:33:42.955 E/ImageLoader(27911): 	at java.util.concurrent.ThreadPoolExecutor.runWorker(ThreadPoolExecutor.java:1112)
05-17 16:33:42.955 E/ImageLoader(27911): 	at java.util.concurrent.ThreadPoolExecutor$Worker.run(ThreadPoolExecutor.java:587)
05-17 16:33:42.955 E/ImageLoader(27911): 	at java.lang.Thread.run(Thread.java:818)
05-17 16:33:43.287 E/WifiTrafficPoller(  851): TRAFFIC_STATS_POLL true Token 2406 num clients 20
05-17 16:33:43.288 E/WifiTrafficPoller(  851):  packet count Tx=1627964 Rx=5440090
05-17 16:33:44.288 E/WifiTrafficPoller(  851): TRAFFIC_STATS_POLL true Token 2406 num clients 20
05-17 16:33:44.289 E/WifiTrafficPoller(  851):  packet count Tx=1628097 Rx=5440363
05-17 16:33:44.834 E/WifiStateMachine(  851):  ConnectedState (when=-5ms what=131155 arg1=548!CMD_RSSI_POLL 548 0 "BOCO-office" 94:b4:0f:68:a4:b1 rssi=-54 f=5785 sc=80 link=150 tx=457.7, 0.0, 0.0  rx=855.2 bcn=0 [on:0 tx:0 rx:0 period:3003] from screen [on:0 period:548583906] gl rssi=-54 ag=0 hr ticks 0,0,28 ls-=0 [56,56,60,60,65] brc=0 lrc=0
05-17 16:33:44.838 E/WifiStateMachine(  851):  L2ConnectedState (when=-9ms what=131155 arg1=548!CMD_RSSI_POLL 548 0 "BOCO-office" 94:b4:0f:68:a4:b1 rssi=-54 f=5785 sc=80 link=150 tx=457.7, 0.0, 0.0  rx=855.2 bcn=0 [on:0 tx:0 rx:0 period:4] from screen [on:0 period:548583910] gl rssi=-54 ag=0 hr ticks 0,0,28 ls-=0 [56,56,60,60,65] brc=0 lrc=0
05-17 16:33:44.838 E/WifiStateMachine(  851):  get link layer stats 0
05-17 16:33:44.843 E/WifiStateMachine(  851): calculateWifiScore() we set wifi's score to 1000, so will always set wifi as a default network.
05-17 16:33:45.291 E/WifiTrafficPoller(  851): TRAFFIC_STATS_POLL true Token 2406 num clients 20
05-17 16:33:45.292 E/WifiTrafficPoller(  851):  packet count Tx=1628212 Rx=5440575
05-17 16:33:46.186 E/MPlugin (27911): Unsupported class: com.mediatek.common.telephony.IOnlyOwnerSimSupport
05-17 16:33:46.292 E/WifiTrafficPoller(  851): TRAFFIC_STATS_POLL true Token 2406 num clients 20
05-17 16:33:46.292 E/WifiTrafficPoller(  851):  packet count Tx=1628373 Rx=5440901
05-17 16:33:47.293 E/WifiTrafficPoller(  851): TRAFFIC_STATS_POLL true Token 2406 num clients 20
05-17 16:33:47.293 E/WifiTrafficPoller(  851):  packet count Tx=1628497 Rx=5441163
05-17 16:33:47.847 E/WifiStateMachine(  851):  ConnectedState (when=-3ms what=131155 arg1=548!CMD_RSSI_POLL 548 0 "BOCO-office" 94:b4:0f:68:a4:b1 rssi=-54 f=5785 sc=80 link=150 tx=451.3, 0.0, 0.0  rx=858.1 bcn=0 [on:0 tx:0 rx:0 period:2994] from screen [on:0 period:548586919] gl rssi=-54 ag=0 hr ticks 0,0,28 ls-=0 [56,56,60,60,65] brc=0 lrc=0
05-17 16:33:47.848 E/WifiStateMachine(  851):  L2ConnectedState (when=-4ms what=131155 arg1=548!CMD_RSSI_POLL 548 0 "BOCO-office" 94:b4:0f:68:a4:b1 rssi=-54 f=5785 sc=80 link=150 tx=451.3, 0.0, 0.0  rx=858.1 bcn=0 [on:0 tx:0 rx:0 period:1] from screen [on:0 period:548586920] gl rssi=-54 ag=0 hr ticks 0,0,28 ls-=0 [56,56,60,60,65] brc=0 lrc=0
05-17 16:33:47.848 E/WifiStateMachine(  851):  get link layer stats 0
05-17 16:33:47.850 E/WifiStateMachine(  851): calculateWifiScore() we set wifi's score to 1000, so will always set wifi as a default network.
05-17 16:33:48.294 E/WifiTrafficPoller(  851): TRAFFIC_STATS_POLL true Token 2406 num clients 20
05-17 16:33:48.295 E/WifiTrafficPoller(  851):  packet count Tx=1628625 Rx=5441417
05-17 16:33:49.297 E/WifiTrafficPoller(  851): TRAFFIC_STATS_POLL true Token 2406 num clients 20
05-17 16:33:49.298 E/WifiTrafficPoller(  851):  packet count Tx=1628802 Rx=5441761
05-17 16:33:50.297 E/WifiTrafficPoller(  851): TRAFFIC_STATS_POLL true Token 2406 num clients 20
05-17 16:33:50.298 E/WifiTrafficPoller(  851):  packet count Tx=1628991 Rx=5442103
05-17 16:33:50.854 E/WifiStateMachine(  851):  ConnectedState (when=-3ms what=131155 arg1=548!CMD_RSSI_POLL 548 0 "BOCO-office" 94:b4:0f:68:a4:b1 rssi=-54 f=5785 sc=80 link=150 tx=445.2, 0.0, 0.0  rx=875.0 bcn=0 [on:0 tx:0 rx:0 period:3003] from screen [on:0 period:548589926] gl rssi=-54 ag=0 hr ticks 0,0,28 ls-=0 [56,56,60,60,65] brc=0 lrc=0
05-17 16:33:50.861 E/WifiStateMachine(  851):  L2ConnectedState (when=-8ms what=131155 arg1=548!CMD_RSSI_POLL 548 0 "BOCO-office" 94:b4:0f:68:a4:b1 rssi=-54 f=5785 sc=80 link=150 tx=445.2, 0.0, 0.0  rx=875.0 bcn=0 [on:0 tx:0 rx:0 period:6] from screen [on:0 period:548589932] gl rssi=-54 ag=0 hr ticks 0,0,28 ls-=0 [56,56,60,60,65] brc=0 lrc=0
05-17 16:33:50.861 E/WifiStateMachine(  851):  get link layer stats 0
05-17 16:33:50.868 E/WifiStateMachine(  851): calculateWifiScore() we set wifi's score to 1000, so will always set wifi as a default network.
05-17 16:33:51.298 E/WifiTrafficPoller(  851): TRAFFIC_STATS_POLL true Token 2406 num clients 20
05-17 16:33:51.300 E/WifiTrafficPoller(  851):  packet count Tx=1629189 Rx=5442497
05-17 16:33:52.299 E/WifiTrafficPoller(  851): TRAFFIC_STATS_POLL true Token 2406 num clients 20
05-17 16:33:52.300 E/WifiTrafficPoller(  851):  packet count Tx=1629349 Rx=5442830
05-17 16:33:53.300 E/WifiTrafficPoller(  851): TRAFFIC_STATS_POLL true Token 2406 num clients 20
05-17 16:33:53.304 E/WifiTrafficPoller(  851):  packet count Tx=1629500 Rx=5443154
05-17 16:33:53.872 E/WifiStateMachine(  851):  ConnectedState (when=-3ms what=131155 arg1=548!CMD_RSSI_POLL 548 0 "BOCO-office" 94:b4:0f:68:a4:b1 rssi=-51 f=5785 sc=80 link=150 tx=495.6, 0.0, 0.0  rx=959.0 bcn=0 [on:0 tx:0 rx:0 period:2992] from screen [on:0 period:548592943] gl rssi=-51 ag=0 hr ticks 0,0,28 ls-=0 [56,56,60,60,65] brc=0 lrc=0
05-17 16:33:53.877 E/WifiStateMachine(  851):  L2ConnectedState (when=-9ms what=131155 arg1=548!CMD_RSSI_POLL 548 0 "BOCO-office" 94:b4:0f:68:a4:b1 rssi=-51 f=5785 sc=80 link=150 tx=495.6, 0.0, 0.0  rx=959.0 bcn=0 [on:0 tx:0 rx:0 period:6] from screen [on:0 period:548592949] gl rssi=-51 ag=0 hr ticks 0,0,28 ls-=0 [56,56,60,60,65] brc=0 lrc=0
05-17 16:33:53.878 E/WifiStateMachine(  851):  get link layer stats 0
05-17 16:33:53.881 E/WifiStateMachine(  851): calculateWifiScore() we set wifi's score to 1000, so will always set wifi as a default network.
05-17 16:33:54.055 E/SyncManager(  851): Bind attempt failed - target: ComponentInfo{com.youku.phone/com.youku.service.authentication.SyncService}
05-17 16:33:54.305 E/WifiTrafficPoller(  851): TRAFFIC_STATS_POLL true Token 2406 num clients 20
05-17 16:33:54.306 E/WifiTrafficPoller(  851):  packet count Tx=1629666 Rx=5443501
05-17 16:33:55.307 E/WifiTrafficPoller(  851): TRAFFIC_STATS_POLL true Token 2406 num clients 20
05-17 16:33:55.308 E/WifiTrafficPoller(  851):  packet count Tx=1629851 Rx=5443831
05-17 16:33:56.308 E/WifiTrafficPoller(  851): TRAFFIC_STATS_POLL true Token 2406 num clients 20
05-17 16:33:56.309 E/WifiTrafficPoller(  851):  packet count Tx=1630013 Rx=5444169
05-17 16:33:56.888 E/WifiStateMachine(  851):  ConnectedState (when=-4ms what=131155 arg1=548!CMD_RSSI_POLL 548 0 "BOCO-office" 94:b4:0f:68:a4:b1 rssi=-48 f=5785 sc=80 link=150 tx=493.3, 0.0, 0.0  rx=988.0 bcn=0 [on:0 tx:0 rx:0 period:2991] from screen [on:0 period:548595960] gl rssi=-48 ag=0 hr ticks 0,0,28 ls-=0 [56,56,60,60,65] brc=0 lrc=0
05-17 16:33:56.890 E/WifiStateMachine(  851):  L2ConnectedState (when=-7ms what=131155 arg1=548!CMD_RSSI_POLL 548 0 "BOCO-office" 94:b4:0f:68:a4:b1 rssi=-48 f=5785 sc=80 link=150 tx=493.3, 0.0, 0.0  rx=988.0 bcn=0 [on:0 tx:0 rx:0 period:2] from screen [on:0 period:548595962] gl rssi=-48 ag=0 hr ticks 0,0,28 ls-=0 [56,56,60,60,65] brc=0 lrc=0
05-17 16:33:56.891 E/WifiStateMachine(  851):  get link layer stats 0
05-17 16:33:56.896 E/WifiStateMachine(  851): calculateWifiScore() we set wifi's score to 1000, so will always set wifi as a default network.
05-17 16:33:57.310 E/WifiTrafficPoller(  851): TRAFFIC_STATS_POLL true Token 2406 num clients 20
05-17 16:33:57.311 E/WifiTrafficPoller(  851):  packet count Tx=1630163 Rx=5444487
05-17 16:33:58.312 E/WifiTrafficPoller(  851): TRAFFIC_STATS_POLL true Token 2406 num clients 20
05-17 16:33:58.312 E/WifiTrafficPoller(  851):  packet count Tx=1630330 Rx=5444840
05-17 16:33:59.312 E/WifiTrafficPoller(  851): TRAFFIC_STATS_POLL true Token 2406 num clients 20
05-17 16:33:59.313 E/WifiTrafficPoller(  851):  packet count Tx=1630489 Rx=5445180
05-17 16:33:59.902 E/WifiStateMachine(  851):  ConnectedState (when=-4ms what=131155 arg1=548!CMD_RSSI_POLL 548 0 "BOCO-office" 94:b4:0f:68:a4:b1 rssi=-52 f=5785 sc=80 link=150 tx=497.1, 0.0, 0.0  rx=991.5 bcn=0 [on:0 tx:0 rx:0 period:2996] from screen [on:0 period:548598974] gl rssi=-52 ag=0 hr ticks 0,0,28 ls-=0 [56,56,60,60,65] brc=0 lrc=0
05-17 16:33:59.903 E/WifiStateMachine(  851):  L2ConnectedState (when=-6ms what=131155 arg1=548!CMD_RSSI_POLL 548 0 "BOCO-office" 94:b4:0f:68:a4:b1 rssi=-52 f=5785 sc=80 link=150 tx=497.1, 0.0, 0.0  rx=991.5 bcn=0 [on:0 tx:0 rx:0 period:1] from screen [on:0 period:548598975] gl rssi=-52 ag=0 hr ticks 0,0,28 ls-=0 [56,56,60,60,65] brc=0 lrc=0
05-17 16:33:59.904 E/WifiStateMachine(  851):  get link layer stats 0
05-17 16:33:59.907 E/WifiStateMachine(  851): calculateWifiScore() we set wifi's score to 1000, so will always set wifi as a default network.
05-17 16:34:00.314 E/WifiTrafficPoller(  851): TRAFFIC_STATS_POLL true Token 2406 num clients 20
05-17 16:34:00.314 E/WifiTrafficPoller(  851):  packet count Tx=1630627 Rx=5445476
05-17 16:34:00.394 E/SurfaceFlinger(  285): onDraw: bindTextureImage test
05-17 16:34:00.411 E/SurfaceFlinger(  285): onDraw: bindTextureImage test
05-17 16:34:00.428 E/SurfaceFlinger(  285): onDraw: bindTextureImage test
05-17 16:34:00.444 E/SurfaceFlinger(  285): onDraw: bindTextureImage test
05-17 16:34:00.461 E/SurfaceFlinger(  285): onDraw: bindTextureImage test
05-17 16:34:00.478 E/SurfaceFlinger(  285): onDraw: bindTextureImage test
05-17 16:34:00.495 E/SurfaceFlinger(  285): onDraw: bindTextureImage test
05-17 16:34:00.504 E/[PropSet](22331): connect fail
05-17 16:34:00.505 E/[PropSet](22331): send_prop_msg return err -1
05-17 16:34:00.512 E/SurfaceFlinger(  285): onDraw: bindTextureImage test
05-17 16:34:00.529 E/SurfaceFlinger(  285): onDraw: bindTextureImage test
05-17 16:34:00.545 E/SurfaceFlinger(  285): onDraw: bindTextureImage test
05-17 16:34:00.562 E/SurfaceFlinger(  285): onDraw: bindTextureImage test
05-17 16:34:00.580 E/SurfaceFlinger(  285): onDraw: bindTextureImage test
05-17 16:34:00.596 E/SurfaceFlinger(  285): onDraw: bindTextureImage test
05-17 16:34:00.613 E/SurfaceFlinger(  285): onDraw: bindTextureImage test
05-17 16:34:00.630 E/SurfaceFlinger(  285): onDraw: bindTextureImage test
05-17 16:34:00.630 E/SurfaceFlinger(  285): onDraw: bindTextureImage test
05-17 16:34:00.631 E/SurfaceFlinger(  285): onDraw: bindTextureImage test
05-17 16:34:00.645 E/MPlugin (28319): Unsupported class: com.mediatek.common.telephony.IOnlyOwnerSimSupport
05-17 16:34:00.646 E/SurfaceFlinger(  285): onDraw: bindTextureImage test
05-17 16:34:00.663 E/SurfaceFlinger(  285): onDraw: bindTextureImage test
05-17 16:34:00.680 E/SurfaceFlinger(  285): onDraw: bindTextureImage test
05-17 16:34:01.315 E/WifiTrafficPoller(  851): TRAFFIC_STATS_POLL true Token 2406 num clients 20
05-17 16:34:01.315 E/WifiTrafficPoller(  851):  packet count Tx=1630788 Rx=5445769
05-17 16:34:02.281 E/SurfaceFlinger(  285): onDraw: bindTextureImage test
05-17 16:34:02.295 E/SurfaceFlinger(  285): onDraw: bindTextureImage test
05-17 16:34:02.312 E/SurfaceFlinger(  285): onDraw: bindTextureImage test
05-17 16:34:02.316 E/WifiTrafficPoller(  851): TRAFFIC_STATS_POLL true Token 2406 num clients 20
05-17 16:34:02.318 E/WifiTrafficPoller(  851):  packet count Tx=1630940 Rx=5446045
05-17 16:34:02.329 E/SurfaceFlinger(  285): onDraw: bindTextureImage test
05-17 16:34:02.346 E/SurfaceFlinger(  285): onDraw: bindTextureImage test
05-17 16:34:02.362 E/SurfaceFlinger(  285): onDraw: bindTextureImage test
05-17 16:34:02.379 E/SurfaceFlinger(  285): onDraw: bindTextureImage test
05-17 16:34:02.396 E/SurfaceFlinger(  285): onDraw: bindTextureImage test
05-17 16:34:02.413 E/SurfaceFlinger(  285): onDraw: bindTextureImage test
05-17 16:34:02.430 E/SurfaceFlinger(  285): onDraw: bindTextureImage test
05-17 16:34:02.447 E/SurfaceFlinger(  285): onDraw: bindTextureImage test
05-17 16:34:02.463 E/SurfaceFlinger(  285): onDraw: bindTextureImage test
05-17 16:34:02.480 E/SurfaceFlinger(  285): onDraw: bindTextureImage test
05-17 16:34:02.497 E/SurfaceFlinger(  285): onDraw: bindTextureImage test
05-17 16:34:02.514 E/SurfaceFlinger(  285): onDraw: bindTextureImage test
05-17 16:34:02.912 E/WifiStateMachine(  851):  ConnectedState (when=-4ms what=131155 arg1=548!CMD_RSSI_POLL 548 0 "BOCO-office" 94:b4:0f:68:a4:b1 rssi=-51 f=5785 sc=80 link=150 tx=490.1, 0.0, 0.0  rx=1013.8 bcn=0 [on:0 tx:0 rx:0 period:3002] from screen [on:0 period:548601984] gl rssi=-51 ag=0 hr ticks 0,0,28 ls-=0 [56,56,60,60,65] brc=0 lrc=0
05-17 16:34:02.913 E/WifiStateMachine(  851):  L2ConnectedState (when=-5ms what=131155 arg1=548!CMD_RSSI_POLL 548 0 "BOCO-office" 94:b4:0f:68:a4:b1 rssi=-51 f=5785 sc=80 link=150 tx=490.1, 0.0, 0.0  rx=1013.8 bcn=0 [on:0 tx:0 rx:0 period:1] from screen [on:0 period:548601985] gl rssi=-51 ag=0 hr ticks 0,0,28 ls-=0 [56,56,60,60,65] brc=0 lrc=0
05-17 16:34:02.913 E/WifiStateMachine(  851):  get link layer stats 0
05-17 16:34:02.916 E/WifiStateMachine(  851): calculateWifiScore() we set wifi's score to 1000, so will always set wifi as a default network.
05-17 16:34:03.318 E/WifiTrafficPoller(  851): TRAFFIC_STATS_POLL true Token 2406 num clients 20
05-17 16:34:03.318 E/WifiTrafficPoller(  851):  packet count Tx=1631088 Rx=5446307
05-17 16:34:04.319 E/WifiTrafficPoller(  851): TRAFFIC_STATS_POLL true Token 2406 num clients 20
05-17 16:34:04.322 E/WifiTrafficPoller(  851):  packet count Tx=1631272 Rx=5446644
05-17 16:34:04.368 E/MtpServer( 1268): MtpServer::run mFD: 58
05-17 16:34:04.370 E/MtpServer( 1268): MtpServer::run mFD: 58
05-17 16:34:04.371 E/MtpServer( 1268): MtpServer::run mFD: 58
05-17 16:34:04.374 E/MtpServer( 1268): MtpServer::run mFD: 58
05-17 16:34:04.377 E/MtpServer( 1268): MtpServer::run mFD: 58
05-17 16:34:04.379 E/MtpServer( 1268): MtpServer::run mFD: 58
05-17 16:34:04.380 E/MtpServer( 1268): MtpServer::run mFD: 58
05-17 16:34:04.381 E/MtpServer( 1268): MtpServer::run mFD: 58
05-17 16:34:04.385 E/MtpServer( 1268): MtpServer::run mFD: 58
05-17 16:34:04.386 E/MtpServer( 1268): MtpServer::run mFD: 58
05-17 16:34:04.387 E/MtpServer( 1268): MtpServer::run mFD: 58
05-17 16:34:04.388 E/MtpServer( 1268): MtpServer::run mFD: 58
05-17 16:34:04.389 E/MtpServer( 1268): MtpServer::run mFD: 58
05-17 16:34:04.389 E/MtpServer( 1268): MtpServer::run mFD: 58
05-17 16:34:04.390 E/MtpServer( 1268): MtpServer::run mFD: 58
05-17 16:34:04.391 E/MtpServer( 1268): MtpServer::run mFD: 58
05-17 16:34:04.391 E/MtpServer( 1268): MtpServer::run mFD: 58
05-17 16:34:04.392 E/MtpServer( 1268): MtpServer::run mFD: 58
05-17 16:34:04.393 E/MtpServer( 1268): MtpServer::run mFD: 58
05-17 16:34:04.394 E/MtpServer( 1268): MtpServer::run mFD: 58
05-17 16:34:04.394 E/MtpServer( 1268): MtpServer::run mFD: 58
05-17 16:34:04.395 E/MtpServer( 1268): MtpServer::run mFD: 58
05-17 16:34:04.395 E/MtpServer( 1268): MtpServer::run mFD: 58
05-17 16:34:04.396 E/MtpServer( 1268): MtpServer::run mFD: 58
05-17 16:34:05.322 E/WifiTrafficPoller(  851): TRAFFIC_STATS_POLL true Token 2406 num clients 20
05-17 16:34:05.323 E/WifiTrafficPoller(  851):  packet count Tx=1631436 Rx=5446981
05-17 16:34:05.919 E/WifiStateMachine(  851):  ConnectedState (when=-3ms what=131155 arg1=548!CMD_RSSI_POLL 548 0 "BOCO-office" 94:b4:0f:68:a4:b1 rssi=-50 f=5785 sc=80 link=150 tx=473.5, 0.0, 0.0  rx=912.4 bcn=0 [on:0 tx:0 rx:0 period:3000] from screen [on:0 period:548604991] gl rssi=-50 ag=0 hr ticks 0,0,28 ls-=0 [56,56,60,60,65] brc=0 lrc=0
05-17 16:34:05.920 E/WifiStateMachine(  851):  L2ConnectedState (when=-4ms what=131155 arg1=548!CMD_RSSI_POLL 548 0 "BOCO-office" 94:b4:0f:68:a4:b1 rssi=-50 f=5785 sc=80 link=150 tx=473.5, 0.0, 0.0  rx=912.4 bcn=0 [on:0 tx:0 rx:0 period:1] from screen [on:0 period:548604992] gl rssi=-50 ag=0 hr ticks 0,0,28 ls-=0 [56,56,60,60,65] brc=0 lrc=0
05-17 16:34:05.920 E/WifiStateMachine(  851):  get link layer stats 0
05-17 16:34:05.923 E/WifiStateMachine(  851): calculateWifiScore() we set wifi's score to 1000, so will always set wifi as a default network.
05-17 16:34:06.325 E/WifiTrafficPoller(  851): TRAFFIC_STATS_POLL true Token 2406 num clients 20
05-17 16:34:06.327 E/WifiTrafficPoller(  851):  packet count Tx=1631602 Rx=5447329
05-17 16:34:07.328 E/WifiTrafficPoller(  851): TRAFFIC_STATS_POLL true Token 2406 num clients 20
05-17 16:34:07.329 E/WifiTrafficPoller(  851):  packet count Tx=1631698 Rx=5447521
05-17 16:34:08.329 E/WifiTrafficPoller(  851): TRAFFIC_STATS_POLL true Token 2406 num clients 20
05-17 16:34:08.330 E/WifiTrafficPoller(  851):  packet count Tx=1631837 Rx=5447805
05-17 16:34:08.926 E/WifiStateMachine(  851):  ConnectedState (when=-3ms what=131155 arg1=548!CMD_RSSI_POLL 548 0 "BOCO-office" 94:b4:0f:68:a4:b1 rssi=-47 f=5785 sc=80 link=150 tx=486.3, 0.0, 0.0  rx=955.7 bcn=0 [on:0 tx:0 rx:0 period:3001] from screen [on:0 period:548607998] gl rssi=-47 ag=0 hr ticks 0,0,28 ls-=0 [56,56,60,60,65] brc=0 lrc=0
05-17 16:34:08.927 E/WifiStateMachine(  851):  L2ConnectedState (when=-4ms what=131155 arg1=548!CMD_RSSI_POLL 548 0 "BOCO-office" 94:b4:0f:68:a4:b1 rssi=-47 f=5785 sc=80 link=150 tx=486.3, 0.0, 0.0  rx=955.7 bcn=0 [on:0 tx:0 rx:0 period:1] from screen [on:0 period:548607999] gl rssi=-47 ag=0 hr ticks 0,0,28 ls-=0 [56,56,60,60,65] brc=0 lrc=0
05-17 16:34:08.927 E/WifiStateMachine(  851):  get link layer stats 0
05-17 16:34:08.930 E/WifiStateMachine(  851): calculateWifiScore() we set wifi's score to 1000, so will always set wifi as a default network.
05-17 16:34:09.330 E/WifiTrafficPoller(  851): TRAFFIC_STATS_POLL true Token 2406 num clients 20
05-17 16:34:09.331 E/WifiTrafficPoller(  851):  packet count Tx=1631999 Rx=5448153
05-17 16:34:10.333 E/WifiTrafficPoller(  851): TRAFFIC_STATS_POLL true Token 2406 num clients 20
05-17 16:34:10.333 E/WifiTrafficPoller(  851):  packet count Tx=1632155 Rx=5448439
05-17 16:34:10.953 E/MountService(  851): getVolumeState(/storage/sdcard0): ERROR!
05-17 16:34:11.279 E/SurfaceFlinger(  285): onDraw: bindTextureImage test
05-17 16:34:11.296 E/SurfaceFlinger(  285): onDraw: bindTextureImage test
05-17 16:34:11.313 E/SurfaceFlinger(  285): onDraw: bindTextureImage test
05-17 16:34:11.330 E/SurfaceFlinger(  285): onDraw: bindTextureImage test
05-17 16:34:11.333 E/WifiTrafficPoller(  851): TRAFFIC_STATS_POLL true Token 2406 num clients 20
05-17 16:34:11.335 E/WifiTrafficPoller(  851):  packet count Tx=1632274 Rx=5448609
05-17 16:34:11.346 E/SurfaceFlinger(  285): onDraw: bindTextureImage test
05-17 16:34:11.363 E/SurfaceFlinger(  285): onDraw: bindTextureImage test
05-17 16:34:11.380 E/SurfaceFlinger(  285): onDraw: bindTextureImage test
05-17 16:34:11.398 E/SurfaceFlinger(  285): onDraw: bindTextureImage test
05-17 16:34:11.414 E/SurfaceFlinger(  285): onDraw: bindTextureImage test
05-17 16:34:11.432 E/SurfaceFlinger(  285): onDraw: bindTextureImage test
05-17 16:34:11.448 E/SurfaceFlinger(  285): onDraw: bindTextureImage test
05-17 16:34:11.465 E/SurfaceFlinger(  285): onDraw: bindTextureImage test
05-17 16:34:11.482 E/SurfaceFlinger(  285): onDraw: bindTextureImage test
05-17 16:34:11.499 E/SurfaceFlinger(  285): onDraw: bindTextureImage test
05-17 16:34:11.516 E/SurfaceFlinger(  285): onDraw: bindTextureImage test
05-17 16:34:11.812 E/NotificationService(  851): Suppressing notification from package com.qihoo.appstore by user request.
05-17 16:34:11.812 E/NotificationService(  851): Suppressing notification from package com.qihoo.appstore by user request.
05-17 16:34:11.932 E/WifiStateMachine(  851):  ConnectedState (when=-1ms what=131155 arg1=548!CMD_RSSI_POLL 548 0 "BOCO-office" 94:b4:0f:68:a4:b1 rssi=-50 f=5785 sc=80 link=150 tx=443.1, 0.0, 0.0  rx=890.3 bcn=0 [on:0 tx:0 rx:0 period:3000] from screen [on:0 period:548611004] gl rssi=-50 ag=0 hr ticks 0,0,28 ls-=0 [56,56,60,60,65] brc=0 lrc=0
05-17 16:34:11.933 E/WifiStateMachine(  851):  L2ConnectedState (when=-2ms what=131155 arg1=548!CMD_RSSI_POLL 548 0 "BOCO-office" 94:b4:0f:68:a4:b1 rssi=-50 f=5785 sc=80 link=150 tx=443.1, 0.0, 0.0  rx=890.3 bcn=0 [on:0 tx:0 rx:0 period:1] from screen [on:0 period:548611005] gl rssi=-50 ag=0 hr ticks 0,0,28 ls-=0 [56,56,60,60,65] brc=0 lrc=0
05-17 16:34:11.933 E/WifiStateMachine(  851):  get link layer stats 0
05-17 16:34:11.936 E/WifiStateMachine(  851): calculateWifiScore() we set wifi's score to 1000, so will always set wifi as a default network.
05-17 16:34:12.334 E/WifiTrafficPoller(  851): TRAFFIC_STATS_POLL true Token 2406 num clients 20
05-17 16:34:12.335 E/WifiTrafficPoller(  851):  packet count Tx=1632311 Rx=5448659
05-17 16:34:13.336 E/WifiTrafficPoller(  851): TRAFFIC_STATS_POLL true Token 2406 num clients 20
05-17 16:34:13.337 E/WifiTrafficPoller(  851):  packet count Tx=1632475 Rx=5448959
05-17 16:34:14.206 E/---RankingListAppFragment---(27911): onResume
05-17 16:34:14.337 E/WifiTrafficPoller(  851): TRAFFIC_STATS_POLL true Token 2406 num clients 20
05-17 16:34:14.337 E/WifiTrafficPoller(  851):  packet count Tx=1632607 Rx=5449159
05-17 16:34:14.420 E/ImageLoader(27911): http://211.138.252.146:38093/bmdp//png/groupicon/103.png
05-17 16:34:14.420 E/ImageLoader(27911): java.io.FileNotFoundException: http://211.138.252.146:38093/bmdp//png/groupicon/103.png
05-17 16:34:14.420 E/ImageLoader(27911): 	at com.android.okhttp.internal.http.HttpURLConnectionImpl.getInputStream(HttpURLConnectionImpl.java:206)
05-17 16:34:14.420 E/ImageLoader(27911): 	at com.nostra13.universalimageloader.core.download.BaseImageDownloader.getStreamFromNetwork(BaseImageDownloader.java:124)
05-17 16:34:14.420 E/ImageLoader(27911): 	at com.nostra13.universalimageloader.core.download.BaseImageDownloader.getStr