05-17 16:05:39.570 E/SurfaceFlinger(  285): onDraw: bindTextureImage test
05-17 16:05:39.720 E/WifiStateMachine(  851):  ConnectedState (when=-4ms what=131155 arg1=548!CMD_RSSI_POLL 548 0 "BOCO-office" 94:b4:0f:68:a4:b1 rssi=-53 f=5785 sc=80 link=150 tx=5.3, 0.0, 0.0  rx=76.7 bcn=0 [on:0 tx:0 rx:0 period:3004] from screen [on:0 period:546898792] gl rssi=-53 ag=0 hr ticks 0,0,28 ls-=0 [56,56,60,60,65] brc=0 lrc=0
05-17 16:05:39.722 E/WifiStateMachine(  851):  L2ConnectedState (when=-6ms what=131155 arg1=548!CMD_RSSI_POLL 548 0 "BOCO-office" 94:b4:0f:68:a4:b1 rssi=-53 f=5785 sc=80 link=150 tx=5.3, 0.0, 0.0  rx=76.7 bcn=0 [on:0 tx:0 rx:0 period:2] from screen [on:0 period:546898794] gl rssi=-53 ag=0 hr ticks 0,0,28 ls-=0 [56,56,60,60,65] brc=0 lrc=0
05-17 16:05:39.722 E/WifiStateMachine(  851):  get link layer stats 0
05-17 16:05:39.727 E/WifiStateMachine(  851): calculateWifiScore() we set wifi's score to 1000, so will always set wifi as a default network.
05-17 16:05:39.957 E/SurfaceFlinger(  285): onDraw: bindTextureImage test
05-17 16:05:39.974 E/SurfaceFlinger(  285): onDraw: bindTextureImage test
05-17 16:05:39.990 E/SurfaceFlinger(  285): onDraw: bindTextureImage test
05-17 16:05:40.007 E/SurfaceFlinger(  285): onDraw: bindTextureImage test
05-17 16:05:40.024 E/SurfaceFlinger(  285): onDraw: bindTextureImage test
05-17 16:05:40.041 E/SurfaceFlinger(  285): onDraw: bindTextureImage test
05-17 16:05:40.059 E/SurfaceFlinger(  285): onDraw: bindTextureImage test
05-17 16:05:40.299 E/WifiTrafficPoller(  851): TRAFFIC_STATS_POLL true Token 2406 num clients 16
05-17 16:05:40.300 E/WifiTrafficPoller(  851):  packet count Tx=1617968 Rx=5389815
05-17 16:05:40.300 E/WifiTrafficPoller(  851): notifying of data activity 3
05-17 16:05:41.302 E/WifiTrafficPoller(  851): TRAFFIC_STATS_POLL true Token 2406 num clients 16
05-17 16:05:41.303 E/WifiTrafficPoller(  851):  packet count Tx=1617968 Rx=5389833
05-17 16:05:41.303 E/WifiTrafficPoller(  851): notifying of data activity 1
05-17 16:05:42.304 E/WifiTrafficPoller(  851): TRAFFIC_STATS_POLL true Token 2406 num clients 16
05-17 16:05:42.305 E/WifiTrafficPoller(  851):  packet count Tx=1617971 Rx=5389868
05-17 16:05:42.305 E/WifiTrafficPoller(  851): notifying of data activity 3
05-17 16:05:42.732 E/WifiStateMachine(  851):  ConnectedState (when=-4ms what=131155 arg1=548!CMD_RSSI_POLL 548 0 "BOCO-office" 94:b4:0f:68:a4:b1 rssi=-54 f=5785 sc=80 link=150 tx=4.6, 0.0, 0.0  rx=71.4 bcn=0 [on:0 tx:0 rx:0 period:3001] from screen [on:0 period:546901804] gl rssi=-54 ag=0 hr ticks 0,0,28 ls-=0 [56,56,56,56,61] brc=0 lrc=0
05-17 16:05:42.733 E/WifiStateMachine(  851):  L2ConnectedState (when=-5ms what=131155 arg1=548!CMD_RSSI_POLL 548 0 "BOCO-office" 94:b4:0f:68:a4:b1 rssi=-54 f=5785 sc=80 link=150 tx=4.6, 0.0, 0.0  rx=71.4 bcn=0 [on:0 tx:0 rx:0 period:1] from screen [on:0 period:546901805] gl rssi=-54 ag=0 hr ticks 0,0,28 ls-=0 [56,56,56,56,61] brc=0 lrc=0
05-17 16:05:42.733 E/WifiStateMachine(  851):  get link layer stats 0
05-17 16:05:42.738 E/WifiStateMachine(  851): calculateWifiScore() we set wifi's score to 1000, so will always set wifi as a default network.
05-17 16:05:43.307 E/WifiTrafficPoller(  851): TRAFFIC_STATS_POLL true Token 2406 num clients 16
05-17 16:05:43.308 E/WifiTrafficPoller(  851):  packet count Tx=1617979 Rx=5389890
05-17 16:05:44.309 E/WifiTrafficPoller(  851): TRAFFIC_STATS_POLL true Token 2406 num clients 16
05-17 16:05:44.310 E/WifiTrafficPoller(  851):  packet count Tx=1617980 Rx=5389915
05-17 16:05:45.310 E/WifiTrafficPoller(  851): TRAFFIC_STATS_POLL true Token 2406 num clients 16
05-17 16:05:45.310 E/WifiTrafficPoller(  851):  packet count Tx=1617988 Rx=5389944
05-17 16:05:45.742 E/WifiStateMachine(  851):  ConnectedState (when=-4ms what=131155 arg1=548!CMD_RSSI_POLL 548 0 "BOCO-office" 94:b4:0f:68:a4:b1 rssi=-54 f=5785 sc=80 link=150 tx=8.8, 0.0, 0.0  rx=80.2 bcn=0 [on:0 tx:0 rx:0 period:3001] from screen [on:0 period:546904814] gl rssi=-54 ag=0 hr ticks 0,0,28 ls-=0 [56,56,60,60,65] brc=0 lrc=0
05-17 16:05:45.743 E/WifiStateMachine(  851):  L2ConnectedState (when=-5ms what=131155 arg1=548!CMD_RSSI_POLL 548 0 "BOCO-office" 94:b4:0f:68:a4:b1 rssi=-54 f=5785 sc=80 link=150 tx=8.8, 0.0, 0.0  rx=80.2 bcn=0 [on:0 tx:0 rx:0 period:1] from screen [on:0 period:546904815] gl rssi=-54 ag=0 hr ticks 0,0,28 ls-=0 [56,56,60,60,65] brc=0 lrc=0
05-17 16:05:45.743 E/WifiStateMachine(  851):  get link layer stats 0
05-17 16:05:45.746 E/WifiStateMachine(  851): calculateWifiScore() we set wifi's score to 1000, so will always set wifi as a default network.
05-17 16:05:45.784 E/VoLTE SIPTX(10481): setsockopt ret: 0 (vendor/mediatek/proprietary/protect-app/external/volte/volte_stack/src/sip/sip_transport.c:926)
05-17 16:05:45.785 E/VoLTE SIPTX(10481): setsockopt ret: 0 (vendor/mediatek/proprietary/protect-app/external/volte/volte_stack/src/sip/sip_transport.c:926)
05-17 16:05:45.793 E/VoLTE SOC(10481): send len: 2062 (vendor/mediatek/proprietary/protect-app/external/volte/volte_stack/src/soc/soc_api.c:827)
05-17 16:05:45.803 E/VoLTE SOC(10481): send ret: 2062 (vendor/mediatek/proprietary/protect-app/external/volte/volte_stack/src/soc/soc_api.c:835)
05-17 16:05:46.168 E/VoLTE SOC(10481): sendto len: 380 (vendor/mediatek/proprietary/protect-app/external/volte/volte_stack/src/soc/soc_api.c:780)
05-17 16:05:46.168 E/VoLTE SOC(10481): sendto ret: 380 (vendor/mediatek/proprietary/protect-app/external/volte/volte_stack/src/soc/soc_api.c:788)
05-17 16:05:46.311 E/WifiTrafficPoller(  851): TRAFFIC_STATS_POLL true Token 2406 num clients 16
05-17 16:05:46.313 E/WifiTrafficPoller(  851):  packet count Tx=1617988 Rx=5389961
05-17 16:05:46.313 E/WifiTrafficPoller(  851): notifying of data activity 1
05-17 16:05:47.054 E/appium  (16570): Element not found: 
05-17 16:05:47.054 E/appium  (16570): io.appium.uiautomator2.common.exceptions.ElementNotFoundException: Could not find an element using supplied strategy. 
05-17 16:05:47.054 E/appium  (16570): 	at io.appium.uiautomator2.handler.FindElement.getXPathUiObject(FindElement.java:80)
05-17 16:05:47.054 E/appium  (16570): 	at io.appium.uiautomator2.handler.FindElement.findElement(FindElement.java:153)
05-17 16:05:47.054 E/appium  (16570): 	at io.appium.uiautomator2.handler.FindElement.safeHandle(FindElement.java:102)
05-17 16:05:47.054 E/appium  (16570): 	at io.appium.uiautomator2.handler.request.SafeRequestHandler.handle(SafeRequestHandler.java:56)
05-17 16:05:47.054 E/appium  (16570): 	at io.appium.uiautomator2.server.AppiumServlet.handleRequest(AppiumServlet.java:202)
05-17 16:05:47.054 E/appium  (16570): 	at io.appium.uiautomator2.server.AppiumServlet.handleHttpRequest(AppiumServlet.java:193)
05-17 16:05:47.054 E/appium  (16570): 	at io.appium.uiautomator2.http.ServerHandler.channelRead(ServerHandler.java:44)
05-17 16:05:47.054 E/appium  (16570): 	at io.netty.channel.AbstractChannelHandlerContext.invokeChannelRead(AbstractChannelHandlerContext.java:366)
05-17 16:05:47.054 E/appium  (16570): 	at io.netty.channel.AbstractChannelHandlerContext.invokeChannelRead(AbstractChannelHandlerContext.java:352)
05-17 16:05:47.054 E/appium  (16570): 	at io.netty.channel.AbstractChannelHandlerContext.fireChannelRead(AbstractChannelHandlerContext.java:345)
05-17 16:05:47.054 E/appium  (16570): 	at io.netty.handler.codec.MessageToMessageDecoder.channelRead(MessageToMessageDecoder.java:102)
05-17 16:05:47.054 E/appium  (16570): 	at io.netty.channel.AbstractChannelHandlerContext.invokeChannelRead(AbstractChannelHandlerContext.java:366)
05-17 16:05:47.054 E/appium  (16570): 	at io.netty.channel.AbstractChannelHandlerContext.invokeChannelRead(AbstractChannelHandlerContext.java:352)
05-17 16:05:47.054 E/appium  (16570): 	at io.netty.channel.AbstractChannelHandlerContext.fireChannelRead(AbstractChannelHandlerContext.java:345)
05-17 16:05:47.054 E/appium  (16570): 	at io.netty.channel.CombinedChannelDuplexHandler$DelegatingChannelHandlerContext.fireChannelRead(CombinedChannelDuplexHandler.java:435)
05-17 16:05:47.054 E/appium  (16570): 	at io.netty.handler.codec.ByteToMessageDecoder.fireChannelRead(ByteToMessageDecoder.java:293)
05-17 16:05:47.054 E/appium  (16570): 	at io.netty.handler.codec.ByteToMessageDecoder.channelRead(ByteToMessageDecoder.java:267)
05-17 16:05:47.054 E/appium  (16570): 	at io.netty.channel.CombinedChannelDuplexHandler.channelRead(CombinedChannelDuplexHandler.java:250)
05-17 16:05:47.054 E/appium  (16570): 	at io.netty.channel.AbstractChannelHandlerContext.invokeChannelRead(AbstractChannelHandlerContext.java:366)
05-17 16:05:47.054 E/appium  (16570): 	at io.netty.channel.AbstractChannelHandlerContext.invokeChannelRead(AbstractChannelHandlerContext.java:352)
05-17 16:05:47.054 E/appium  (16570): 	at io.netty.channel.AbstractChannelHandlerContext.fireChannelRead(AbstractChannelHandlerContext.java:345)
05-17 16:05:47.054 E/appium  (16570): 	at io.netty.channel.DefaultChannelPipeline$HeadContext.channelRead(DefaultChannelPipeline.java:1294)
05-17 16:05:47.054 E/appium  (16570): 	at io.netty.channel.AbstractChannelHandlerContext.invokeChannelRead(AbstractChannelHandlerContext.java:366)
05-17 16:05:47.054 E/appium  (16570): 	at io.netty.channel.AbstractChannelHandlerContext.invokeChannelRead(AbstractChannelHandlerContext.java:352)
05-17 16:05:47.054 E/appium  (16570): 	at io.netty.channel.DefaultChannelPipeline.fireChannelRead(DefaultChannelPipeline.java:911)
05-17 16:05:47.054 E/appium  (16570): 	at io.netty.channel.nio.AbstractNioByteChannel$NioByteUnsafe.read(AbstractNioByteChannel.java:131)
05-17 16:05:47.054 E/appium  (16570): 	at io.netty.channel.nio.NioEventLoop.processSelectedKey(NioEventLoop.java:611)
05-17 16:05:47.054 E/appium  (16570): 	at io.netty.channel.nio.NioEventLoop.processSelectedKeysPlain(NioEventLoop.java:514)
05-17 16:05:47.054 E/appium  (16570): 	at io.netty.channel.nio.NioEventLoop.processSelectedKeys(NioEventLoop.java:468)
05-17 16:05:47.054 E/appium  (16570): 	at io.netty.channel.nio.NioEventLoop.run(NioEventLoop.java:438)
05-17 16:05:47.054 E/appium  (16570): 	at io.netty.util.concurrent.SingleThreadEventExecutor$2.run(SingleThreadEventExecutor.java:140)
05-17 16:05:47.054 E/appium  (16570): 	at io.netty.util.concurrent.DefaultThreadFactory$DefaultRunnableDecorator.run(DefaultThreadFactory.java:144)
05-17 16:05:47.054 E/appium  (16570): 	at java.lang.Thread.run(Thread.java:818)
05-17 16:05:47.204 E/memtrack(16930): Couldn't load memtrack module (No such file or directory)
05-17 16:05:47.204 E/android.os.Debug(16930): failed to load memtrack module: -2
05-17 16:05:47.315 E/WifiTrafficPoller(  851): TRAFFIC_STATS_POLL true Token 2406 num clients 16
05-17 16:05:47.315 E/WifiTrafficPoller(  851):  packet count Tx=1617988 Rx=5389992
05-17 16:05:47.537 E/MPlugin (16947): Unsupported class: com.mediatek.common.telephony.IOnlyOwnerSimSupport
05-17 16:05:47.634 E/appium  (16570): Element not found: 
05-17 16:05:47.634 E/appium  (16570): io.appium.uiautomator2.common.exceptions.ElementNotFoundException: Could not find an element using supplied strategy. 
05-17 16:05:47.634 E/appium  (16570): 	at io.appium.uiautomator2.handler.FindElement.getXPathUiObject(FindElement.java:80)
05-17 16:05:47.634 E/appium  (16570): 	at io.appium.uiautomator2.handler.FindElement.findElement(FindElement.java:153)
05-17 16:05:47.634 E/appium  (16570): 	at io.appium.uiautomator2.handler.FindElement.safeHandle(FindElement.java:102)
05-17 16:05:47.634 E/appium  (16570): 	at io.appium.uiautomator2.handler.request.SafeRequestHandler.handle(SafeRequestHandler.java:56)
05-17 16:05:47.634 E/appium  (16570): 	at io.appium.uiautomator2.server.AppiumServlet.handleRequest(AppiumServlet.java:202)
05-17 16:05:47.634 E/appium  (16570): 	at io.appium.uiautomator2.server.AppiumServlet.handleHttpRequest(AppiumServlet.java:193)
05-17 16:05:47.634 E/appium  (16570): 	at io.appium.uiautomator2.http.ServerHandler.channelRead(ServerHandler.java:44)
05-17 16:05:47.634 E/appium  (16570): 	at io.netty.channel.AbstractChannelHandlerContext.invokeChannelRead(AbstractChannelHandlerContext.java:366)
05-17 16:05:47.634 E/appium  (16570): 	at io.netty.channel.AbstractChannelHandlerContext.invokeChannelRead(AbstractChannelHandlerContext.java:352)
05-17 16:05:47.634 E/appium  (16570): 	at io.netty.channel.AbstractChannelHandlerContext.fireChannelRead(AbstractChannelHandlerContext.java:345)
05-17 16:05:47.634 E/appium  (16570): 	at io.netty.handler.codec.MessageToMessageDecoder.channelRead(MessageToMessageDecoder.java:102)
05-17 16:05:47.634 E/appium  (16570): 	at io.netty.channel.AbstractChannelHandlerContext.invokeChannelRead(AbstractChannelHandlerContext.java:366)
05-17 16:05:47.634 E/appium  (16570): 	at io.netty.channel.AbstractChannelHandlerContext.invokeChannelRead(AbstractChannelHandlerContext.java:352)
05-17 16:05:47.634 E/appium  (16570): 	at io.netty.channel.AbstractChannelHandlerContext.fireChannelRead(AbstractChannelHandlerContext.java:345)
05-17 16:05:47.634 E/appium  (16570): 	at io.netty.channel.CombinedChannelDuplexHandler$DelegatingChannelHandlerContext.fireChannelRead(CombinedChannelDuplexHandler.java:435)
05-17 16:05:47.634 E/appium  (16570): 	at io.netty.handler.codec.ByteToMessageDecoder.fireChannelRead(ByteToMessageDecoder.java:293)
05-17 16:05:47.634 E/appium  (16570): 	at io.netty.handler.codec.ByteToMessageDecoder.channelRead(ByteToMessageDecoder.java:267)
05-17 16:05:47.634 E/appium  (16570): 	at io.netty.channel.CombinedChannelDuplexHandler.channelRead(CombinedChannelDuplexHandler.java:250)
05-17 16:05:47.634 E/appium  (16570): 	at io.netty.channel.AbstractChannelHandlerContext.invokeChannelRead(AbstractChannelHandlerContext.java:366)
05-17 16:05:47.634 E/appium  (16570): 	at io.netty.channel.AbstractChannelHandlerContext.invokeChannelRead(AbstractChannelHandlerContext.java:352)
05-17 16:05:47.634 E/appium  (16570): 	at io.netty.channel.AbstractChannelHandlerContext.fireChannelRead(AbstractChannelHandlerContext.java:345)
05-17 16:05:47.634 E/appium  (16570): 	at io.netty.channel.DefaultChannelPipeline$HeadContext.channelRead(DefaultChannelPipeline.java:1294)
05-17 16:05:47.634 E/appium  (16570): 	at io.netty.channel.AbstractChannelHandlerContext.invokeChannelRead(AbstractChannelHandlerContext.java:366)
05-17 16:05:47.634 E/appium  (16570): 	at io.netty.channel.AbstractChannelHandlerContext.invokeChannelRead(AbstractChannelHandlerContext.java:352)
05-17 16:05:47.634 E/appium  (16570): 	at io.netty.channel.DefaultChannelPipeline.fireChannelRead(DefaultChannelPipeline.java:911)
05-17 16:05:47.634 E/appium  (16570): 	at io.netty.channel.nio.AbstractNioByteChannel$NioByteUnsafe.read(AbstractNioByteChannel.java:131)
05-17 16:05:47.634 E/appium  (16570): 	at io.netty.channel.nio.NioEventLoop.processSelectedKey(NioEventLoop.java:611)
05-17 16:05:47.634 E/appium  (16570): 	at io.netty.channel.nio.NioEventLoop.processSelectedKeysPlain(NioEventLoop.java:514)
05-17 16:05:47.634 E/appium  (16570): 	at io.netty.channel.nio.NioEventLoop.processSelectedKeys(NioEventLoop.java:468)
05-17 16:05:47.634 E/appium  (16570): 	at io.netty.channel.nio.NioEventLoop.run(NioEventLoop.java:438)
05-17 16:05:47.634 E/appium  (16570): 	at io.netty.util.concurrent.SingleThreadEventExecutor$2.run(SingleThreadEventExecutor.java:140)
05-17 16:05:47.634 E/appium  (16570): 	at io.netty.util.concurrent.DefaultThreadFactory$DefaultRunnableDecorator.run(DefaultThreadFactory.java:144)
05-17 16:05:47.634 E/appium  (16570): 	at java.lang.Thread.run(Thread.java:818)
05-17 16:05:47.656 E/WifiTrafficPoller(  851): ADD_CLIENT: 17
05-17 16:05:48.068 E/MPlugin (16985): Unsupported class: com.mediatek.common.telephony.IOnlyOwnerSimSupport
05-17 16:05:48.163 E/WifiTrafficPoller(  851): ADD_CLIENT: 18
05-17 16:05:48.196 E/appium  (16570): Element not found: 
05-17 16:05:48.196 E/appium  (16570): io.appium.uiautomator2.common.exceptions.ElementNotFoundException: Could not find an element using supplied strategy. 
05-17 16:05:48.196 E/appium  (16570): 	at io.appium.uiautomator2.handler.FindElement.getXPathUiObject(FindElement.java:80)
05-17 16:05:48.196 E/appium  (16570): 	at io.appium.uiautomator2.handler.FindElement.findElement(FindElement.java:153)
05-17 16:05:48.196 E/appium  (16570): 	at io.appium.uiautomator2.handler.FindElement.safeHandle(FindElement.java:102)
05-17 16:05:48.196 E/appium  (16570): 	at io.appium.uiautomator2.handler.request.SafeRequestHandler.handle(SafeRequestHandler.java:56)
05-17 16:05:48.196 E/appium  (16570): 	at io.appium.uiautomator2.server.AppiumServlet.handleRequest(AppiumServlet.java:202)
05-17 16:05:48.196 E/appium  (16570): 	at io.appium.uiautomator2.server.AppiumServlet.handleHttpRequest(AppiumServlet.java:193)
05-17 16:05:48.196 E/appium  (16570): 	at io.appium.uiautomator2.http.ServerHandler.channelRead(ServerHandler.java:44)
05-17 16:05:48.196 E/appium  (16570): 	at io.netty.channel.AbstractChannelHandlerContext.invokeChannelRead(AbstractChannelHandlerContext.java:366)
05-17 16:05:48.196 E/appium  (16570): 	at io.netty.channel.AbstractChannelHandlerContext.invokeChannelRead(AbstractChannelHandlerContext.java:352)
05-17 16:05:48.196 E/appium  (16570): 	at io.netty.channel.AbstractChannelHandlerContext.fireChannelRead(AbstractChannelHandlerContext.java:345)
05-17 16:05:48.196 E/appium  (16570): 	at io.netty.handler.codec.MessageToMessageDecoder.channelRead(MessageToMessageDecoder.java:102)
05-17 16:05:48.196 E/appium  (16570): 	at io.netty.channel.AbstractChannelHandlerContext.invokeChannelRead(AbstractChannelHandlerContext.java:366)
05-17 16:05:48.196 E/appium  (16570): 	at io.netty.channel.AbstractChannelHandlerContext.invokeChannelRead(AbstractChannelHandlerContext.java:352)
05-17 16:05:48.196 E/appium  (16570): 	at io.netty.channel.AbstractChannelHandlerContext.fireChannelRead(AbstractChannelHandlerContext.java:345)
05-17 16:05:48.196 E/appium  (16570): 	at io.netty.channel.CombinedChannelDuplexHandler$DelegatingChannelHandlerContext.fireChannelRead(CombinedChannelDuplexHandler.java:435)
05-17 16:05:48.196 E/appium  (16570): 	at io.netty.handler.codec.ByteToMessageDecoder.fireChannelRead(ByteToMessageDecoder.java:293)
05-17 16:05:48.196 E/appium  (16570): 	at io.netty.handler.codec.ByteToMessageDecoder.channelRead(ByteToMessageDecoder.java:267)
05-17 16:05:48.196 E/appium  (16570): 	at io.netty.channel.CombinedChannelDuplexHandler.channelRead(CombinedChannelDuplexHandler.java:250)
05-17 16:05:48.196 E/appium  (16570): 	at io.netty.channel.AbstractChannelHandlerContext.invokeChannelRead(AbstractChannelHandlerContext.java:366)
05-17 16:05:48.196 E/appium  (16570): 	at io.netty.channel.AbstractChannelHandlerContext.invokeChannelRead(AbstractChannelHandlerContext.java:352)
05-17 16:05:48.196 E/appium  (16570): 	at io.netty.channel.AbstractChannelHandlerContext.fireChannelRead(AbstractChannelHandlerContext.java:345)
05-17 16:05:48.196 E/appium  (16570): 	at io.netty.channel.DefaultChannelPipeline$HeadContext.channelRead(DefaultChannelPipeline.java:1294)
05-17 16:05:48.196 E/appium  (16570): 	at io.netty.channel.AbstractChannelHandlerContext.invokeChannelRead(AbstractChannelHandlerContext.java:366)
05-17 16:05:48.196 E/appium  (16570): 	at io.netty.channel.AbstractChannelHandlerContext.invokeChannelRead(AbstractChannelHandlerContext.java:352)
05-17 16:05:48.196 E/appium  (16570): 	at io.netty.channel.DefaultChannelPipeline.fireChannelRead(DefaultChannelPipeline.java:911)
05-17 16:05:48.196 E/appium  (16570): 	at io.netty.channel.nio.AbstractNioByteChannel$NioByteUnsafe.read(AbstractNioByteChannel.java:131)
05-17 16:05:48.196 E/appium  (16570): 	at io.netty.channel.nio.NioEventLoop.processSelectedKey(NioEventLoop.java:611)
05-17 16:05:48.196 E/appium  (16570): 	at io.netty.channel.nio.NioEventLoop.processSelectedKeysPlain(NioEventLoop.java:514)
05-17 16:05:48.196 E/appium  (16570): 	at io.netty.channel.nio.NioEventLoop.processSelectedKeys(NioEventLoop.java:468)
05-17 16:05:48.196 E/appium  (16570): 	at io.netty.channel.nio.NioEventLoop.run(NioEventLoop.java:438)
05-17 16:05:48.196 E/appium  (16570): 	at io.netty.util.concurrent.SingleThreadEventExecutor$2.run(SingleThreadEventExecutor.java:140)
05-17 16:05:48.196 E/appium  (16570): 	at io.netty.util.concurrent.DefaultThreadFactory$DefaultRunnableDecorator.run(DefaultThreadFactory.java:144)
05-17 16:05:48.196 E/appium  (16570): 	at java.lang.Thread.run(Thread.java:818)
05-17 16:05:48.250 E/MPlugin (17035): Unsupported class: com.mediatek.common.telephony.IOnlyOwnerSimSupport
05-17 16:05:48.316 E/WifiTrafficPoller(  851): TRAFFIC_STATS_POLL true Token 2406 num clients 18
05-17 16:05:48.316 E/WifiTrafficPoller(  851):  packet count Tx=1618009 Rx=5390033
05-17 16:05:48.316 E/WifiTrafficPoller(  851): notifying of data activity 3
05-17 16:05:48.561 E/memtrack(17081): Couldn't load memtrack module (No such file or directory)
05-17 16:05:48.561 E/android.os.Debug(17081): failed to load memtrack module: -2
05-17 16:05:48.750 E/WifiStateMachine(  851):  ConnectedState (when=-4ms what=131155 arg1=548!CMD_RSSI_POLL 548 0 "BOCO-office" 94:b4:0f:68:a4:b1 rssi=-54 f=5785 sc=80 link=150 tx=8.9, 0.0, 0.0  rx=73.6 bcn=0 [on:0 tx:0 rx:0 period:2999] from screen [on:0 period:546907822] gl rssi=-54 ag=0 hr ticks 0,0,28 ls-=0 [56,56,60,60,65] brc=0 lrc=0
05-17 16:05:48.751 E/WifiStateMachine(  851):  L2ConnectedState (when=-5ms what=131155 arg1=548!CMD_RSSI_POLL 548 0 "BOCO-office" 94:b4:0f:68:a4:b1 rssi=-54 f=5785 sc=80 link=150 tx=8.9, 0.0, 0.0  rx=73.6 bcn=0 [on:0 tx:0 rx:0 period:1] from screen [on:0 period:546907823] gl rssi=-54 ag=0 hr ticks 0,0,28 ls-=0 [56,56,60,60,65] brc=0 lrc=0
05-17 16:05:48.751 E/WifiStateMachine(  851):  get link layer stats 0
05-17 16:05:48.754 E/WifiStateMachine(  851): calculateWifiScore() we set wifi's score to 1000, so will always set wifi as a default network.
05-17 16:05:48.757 E/appium  (16570): Element not found: 
05-17 16:05:48.757 E/appium  (16570): io.appium.uiautomator2.common.exceptions.ElementNotFoundException: Could not find an element using supplied strategy. 
05-17 16:05:48.757 E/appium  (16570): 	at io.appium.uiautomator2.handler.FindElement.getXPathUiObject(FindElement.java:80)
05-17 16:05:48.757 E/appium  (16570): 	at io.appium.uiautomator2.handler.FindElement.findElement(FindElement.java:153)
05-17 16:05:48.757 E/appium  (16570): 	at io.appium.uiautomator2.handler.FindElement.safeHandle(FindElement.java:102)
05-17 16:05:48.757 E/appium  (16570): 	at io.appium.uiautomator2.handler.request.SafeRequestHandler.handle(SafeRequestHandler.java:56)
05-17 16:05:48.757 E/appium  (16570): 	at io.appium.uiautomator2.server.AppiumServlet.handleRequest(AppiumServlet.java:202)
05-17 16:05:48.757 E/appium  (16570): 	at io.appium.uiautomator2.server.AppiumServlet.handleHttpRequest(AppiumServlet.java:193)
05-17 16:05:48.757 E/appium  (16570): 	at io.appium.uiautomator2.http.ServerHandler.channelRead(ServerHandler.java:44)
05-17 16:05:48.757 E/appium  (16570): 	at io.netty.channel.AbstractChannelHandlerContext.invokeChannelRead(AbstractChannelHandlerContext.java:366)
05-17 16:05:48.757 E/appium  (16570): 	at io.netty.channel.AbstractChannelHandlerContext.invokeChannelRead(AbstractChannelHandlerContext.java:352)
05-17 16:05:48.757 E/appium  (16570): 	at io.netty.channel.AbstractChannelHandlerContext.fireChannelRead(AbstractChannelHandlerContext.java:345)
05-17 16:05:48.757 E/appium  (16570): 	at io.netty.handler.codec.MessageToMessageDecoder.channelRead(MessageToMessageDecoder.java:102)
05-17 16:05:48.757 E/appium  (16570): 	at io.netty.channel.AbstractChannelHandlerContext.invokeChannelRead(AbstractChannelHandlerContext.java:366)
05-17 16:05:48.757 E/appium  (16570): 	at io.netty.channel.AbstractChannelHandlerContext.invokeChannelRead(AbstractChannelHandlerContext.java:352)
05-17 16:05:48.757 E/appium  (16570): 	at io.netty.channel.AbstractChannelHandlerContext.fireChannelRead(AbstractChannelHandlerContext.java:345)
05-17 16:05:48.757 E/appium  (16570): 	at io.netty.channel.CombinedChannelDuplexHandler$DelegatingChannelHandlerContext.fireChannelRead(CombinedChannelDuplexHandler.java:435)
05-17 16:05:48.757 E/appium  (16570): 	at io.netty.handler.codec.ByteToMessageDecoder.fireChannelRead(ByteToMessageDecoder.java:293)
05-17 16:05:48.757 E/appium  (16570): 	at io.netty.handler.codec.ByteToMessageDecoder.channelRead(ByteToMessageDecoder.java:267)
05-17 16:05:48.757 E/appium  (16570): 	at io.netty.channel.CombinedChannelDuplexHandler.channelRead(CombinedChannelDuplexHandler.java:250)
05-17 16:05:48.757 E/appium  (16570): 	at io.netty.channel.AbstractChannelHandlerContext.invokeChannelRead(AbstractChannelHandlerContext.java:366)
05-17 16:05:48.757 E/appium  (16570): 	at io.netty.channel.AbstractChannelHandlerContext.invokeChannelRead(AbstractChannelHandlerContext.java:352)
05-17 16:05:48.757 E/appium  (16570): 	at io.netty.channel.AbstractChannelHandlerContext.fireChannelRead(AbstractChannelHandlerContext.java:345)
05-17 16:05:48.757 E/appium  (16570): 	at io.netty.channel.DefaultChannelPipeline$HeadContext.channelRead(DefaultChannelPipeline.java:1294)
05-17 16:05:48.757 E/appium  (16570): 	at io.netty.channel.AbstractChannelHandlerContext.invokeChannelRead(AbstractChannelHandlerContext.java:366)
05-17 16:05:48.757 E/appium  (16570): 	at io.netty.channel.AbstractChannelHandlerContext.invokeChannelRead(AbstractChannelHandlerContext.java:352)
05-17 16:05:48.757 E/appium  (16570): 	at io.netty.channel.DefaultChannelPipeline.fireChannelRead(DefaultChannelPipeline.java:911)
05-17 16:05:48.757 E/appium  (16570): 	at io.netty.channel.nio.AbstractNioByteChannel$NioByteUnsafe.read(AbstractNioByteChannel.java:131)
05-17 16:05:48.757 E/appium  (16570): 	at io.netty.channel.nio.NioEventLoop.processSelectedKey(NioEventLoop.java:611)
05-17 16:05:48.757 E/appium  (16570): 	at io.netty.channel.nio.NioEventLoop.processSelectedKeysPlain(NioEventLoop.java:514)
05-17 16:05:48.757 E/appium  (16570): 	at io.netty.channel.nio.NioEventLoop.processSelectedKeys(NioEventLoop.java:468)
05-17 16:05:48.757 E/appium  (16570): 	at io.netty.channel.nio.NioEventLoop.run(NioEventLoop.java:438)
05-17 16:05:48.757 E/appium  (16570): 	at io.netty.util.concurrent.SingleThreadEventExecutor$2.run(SingleThreadEventExecutor.java:140)
05-17 16:05:48.757 E/appium  (16570): 	at io.netty.util.concurrent.DefaultThreadFactory$DefaultRunnableDecorator.run(DefaultThreadFactory.java:144)
05-17 16:05:48.757 E/appium  (16570): 	at java.lang.Thread.run(Thread.java:818)
05-17 16:05:49.317 E/WifiTrafficPoller(  851): TRAFFIC_STATS_POLL true Token 2406 num clients 18
05-17 16:05:49.317 E/WifiTrafficPoller(  851):  packet count Tx=1618012 Rx=5390060
05-17 16:05:49.550 E/appium  (16570): Element not found: 
05-17 16:05:49.550 E/appium  (16570): io.appium.uiautomator2.common.exceptions.ElementNotFoundException: Could not find an element using supplied strategy. 
05-17 16:05:49.550 E/appium  (16570): 	at io.appium.uiautomator2.handler.FindElement.getXPathUiObject(FindElement.java:80)
05-17 16:05:49.550 E/appium  (16570): 	at io.appium.uiautomator2.handler.FindElement.findElement(FindElement.java:153)
05-17 16:05:49.550 E/appium  (16570): 	at io.appium.uiautomator2.handler.FindElement.safeHandle(FindElement.java:102)
05-17 16:05:49.550 E/appium  (16570): 	at io.appium.uiautomator2.handler.request.SafeRequestHandler.handle(SafeRequestHandler.java:56)
05-17 16:05:49.550 E/appium  (16570): 	at io.appium.uiautomator2.server.AppiumServlet.handleRequest(AppiumServlet.java:202)
05-17 16:05:49.550 E/appium  (16570): 	at io.appium.uiautomator2.server.AppiumServlet.handleHttpRequest(AppiumServlet.java:193)
05-17 16:05:49.550 E/appium  (16570): 	at io.appium.uiautomator2.http.ServerHandler.channelRead(ServerHandler.java:44)
05-17 16:05:49.550 E/appium  (16570): 	at io.netty.channel.AbstractChannelHandlerContext.invokeChannelRead(AbstractChannelHandlerContext.java:366)
05-17 16:05:49.550 E/appium  (16570): 	at io.netty.channel.AbstractChannelHandlerContext.invokeChannelRead(AbstractChannelHandlerContext.java:352)
05-17 16:05:49.550 E/appium  (16570): 	at io.netty.channel.AbstractChannelHandlerContext.fireChannelRead(AbstractChannelHandlerContext.java:345)
05-17 16:05:49.550 E/appium  (16570): 	at io.netty.handler.codec.MessageToMessageDecoder.channelRead(MessageToMessageDecoder.java:102)
05-17 16:05:49.550 E/appium  (16570): 	at io.netty.channel.AbstractChannelHandlerContext.invokeChannelRead(AbstractChannelHandlerContext.java:366)
05-17 16:05:49.550 E/appium  (16570): 	at io.netty.channel.AbstractChannelHandlerContext.invokeChannelRead(AbstractChannelHandlerContext.java:352)
05-17 16:05:49.550 E/appium  (16570): 	at io.netty.channel.AbstractChannelHandlerContext.fireChannelRead(AbstractChannelHandlerContext.java:345)
05-17 16:05:49.550 E/appium  (16570): 	at io.netty.channel.CombinedChannelDuplexHandler$DelegatingChannelHandlerContext.fireChannelRead(CombinedChannelDuplexHandler.java:435)
05-17 16:05:49.550 E/appium  (16570): 	at io.netty.handler.codec.ByteToMessageDecoder.fireChannelRead(ByteToMessageDecoder.java:293)
05-17 16:05:49.550 E/appium  (16570): 	at io.netty.handler.codec.ByteToMessageDecoder.channelRead(ByteToMessageDecoder.java:267)
05-17 16:05:49.550 E/appium  (16570): 	at io.netty.channel.CombinedChannelDuplexHandler.channelRead(CombinedChannelDuplexHandler.java:250)
05-17 16:05:49.550 E/appium  (16570): 	at io.netty.channel.AbstractChannelHandlerContext.invokeChannelRead(AbstractChannelHandlerContext.java:366)
05-17 16:05:49.550 E/appium  (16570): 	at io.netty.channel.AbstractChannelHandlerContext.invokeChannelRead(AbstractChannelHandlerContext.java:352)
05-17 16:05:49.550 E/appium  (16570): 	at io.netty.channel.AbstractChannelHandlerContext.fireChannelRead(AbstractChannelHandlerContext.java:345)
05-17 16:05:49.550 E/appium  (16570): 	at io.netty.channel.DefaultChannelPipeline$HeadContext.channelRead(DefaultChannelPipeline.java:1294)
05-17 16:05:49.550 E/appium  (16570): 	at io.netty.channel.AbstractChannelHandlerContext.invokeChannelRead(AbstractChannelHandlerContext.java:366)
05-17 16:05:49.550 E/appium  (16570): 	at io.netty.channel.AbstractChannelHandlerContext.invokeChannelRead(AbstractChannelHandlerContext.java:352)
05-17 16:05:49.550 E/appium  (16570): 	at io.netty.channel.DefaultChannelPipeline.fireChannelRead(DefaultChannelPipeline.java:911)
05-17 16:05:49.550 E/appium  (16570): 	at io.netty.channel.nio.AbstractNioByteChannel$NioByteUnsafe.read(AbstractNioByteChannel.java:131)
05-17 16:05:49.550 E/appium  (16570): 	at io.netty.channel.nio.NioEventLoop.processSelectedKey(NioEventLoop.java:611)
05-17 16:05:49.550 E/appium  (16570): 	at io.netty.channel.nio.NioEventLoop.processSelectedKeysPlain(NioEventLoop.java:514)
05-17 16:05:49.550 E/appium  (16570): 	at io.netty.channel.nio.NioEventLoop.processSelectedKeys(NioEventLoop.java:468)
05-17 16:05:49.550 E/appium  (16570): 	at io.netty.channel.nio.NioEventLoop.run(NioEventLoop.java:438)
05-17 16:05:49.550 E/appium  (16570): 	at io.netty.util.concurrent.SingleThreadEventExecutor$2.run(SingleThreadEventExecutor.java:140)
05-17 16:05:49.550 E/appium  (16570): 	at io.netty.util.concurrent.DefaultThreadFactory$DefaultRunnableDecorator.run(DefaultThreadFactory.java:144)
05-17 16:05:49.550 E/appium  (16570): 	at java.lang.Thread.run(Thread.java:818)
05-17 16:05:50.100 E/NotificationService(  851): Suppressing notification from package com.qihoo.appstore by user request.
05-17 16:05:50.102 E/NotificationService(  851): Suppressing notification from package com.qihoo.appstore by user request.
05-17 16:05:50.109 E/appium  (16570): Element not found: 
05-17 16:05:50.109 E/appium  (16570): io.appium.uiautomator2.common.exceptions.ElementNotFoundException: Could not find an element using supplied strategy. 
05-17 16:05:50.109 E/appium  (16570): 	at io.appium.uiautomator2.handler.FindElement.getXPathUiObject(FindElement.java:80)
05-17 16:05:50.109 E/appium  (16570): 	at io.appium.uiautomator2.handler.FindElement.findElement(FindElement.java:153)
05-17 16:05:50.109 E/appium  (16570): 	at io.appium.uiautomator2.handler.FindElement.safeHandle(FindElement.java:102)
05-17 16:05:50.109 E/appium  (16570): 	at io.appium.uiautomator2.handler.request.SafeRequestHandler.handle(SafeRequestHandler.java:56)
05-17 16:05:50.109 E/appium  (16570): 	at io.appium.uiautomator2.server.AppiumServlet.handleRequest(AppiumServlet.java:202)
05-17 16:05:50.109 E/appium  (16570): 	at io.appium.uiautomator2.server.AppiumServlet.handleHttpRequest(AppiumServlet.java:193)
05-17 16:05:50.109 E/appium  (16570): 	at io.appium.uiautomator2.http.ServerHandler.channelRead(ServerHandler.java:44)
05-17 16:05:50.109 E/appium  (16570): 	at io.netty.channel.AbstractChannelHandlerContext.invokeChannelRead(AbstractChannelHandlerContext.java:366)
05-17 16:05:50.109 E/appium  (16570): 	at io.netty.channel.AbstractChannelHandlerContext.invokeChannelRead(AbstractChannelHandlerContext.java:352)
05-17 16:05:50.109 E/appium  (16570): 	at io.netty.channel.AbstractChannelHandlerContext.fireChannelRead(AbstractChannelHandlerContext.java:345)
05-17 16:05:50.109 E/appium  (16570): 	at io.netty.handler.codec.MessageToMessageDecoder.channelRead(MessageToMessageDecoder.java:102)
05-17 16:05:50.109 E/appium  (16570): 	at io.netty.channel.AbstractChannelHandlerContext.invokeChannelRead(AbstractChannelHandlerContext.java:366)
05-17 16:05:50.109 E/appium  (16570): 	at io.netty.channel.AbstractChannelHandlerContext.invokeChannelRead(AbstractChannelHandlerContext.java:352)
05-17 16:05:50.109 E/appium  (16570): 	at io.netty.channel.AbstractChannelHandlerContext.fireChannelRead(AbstractChannelHandlerContext.java:345)
05-17 16:05:50.109 E/appium  (16570): 	at io.netty.channel.CombinedChannelDuplexHandler$DelegatingChannelHandlerContext.fireChannelRead(CombinedChannelDuplexHandler.java:435)
05-17 16:05:50.109 E/appium  (16570): 	at io.netty.handler.codec.ByteToMessageDecoder.fireChannelRead(ByteToMessageDecoder.java:293)
05-17 16:05:50.109 E/appium  (16570): 	at io.netty.handler.codec.ByteToMessageDecoder.channelRead(ByteToMessageDecoder.java:267)
05-17 16:05:50.109 E/appium  (16570): 	at io.netty.channel.CombinedChannelDuplexHandler.channelRead(CombinedChannelDuplexHandler.java:250)
05-17 16:05:50.109 E/appium  (16570): 	at io.netty.channel.AbstractChannelHandlerContext.invokeChannelRead(AbstractChannelHandlerContext.java:366)
05-17 16:05:50.109 E/appium  (16570): 	at io.netty.channel.AbstractChannelHandlerContext.invokeChannelRead(AbstractChannelHandlerContext.java:352)
05-17 16:05:50.109 E/appium  (16570): 	at io.netty.channel.AbstractChannelHandlerContext.fireChannelRead(AbstractChannelHandlerContext.java:345)
05-17 16:05:50.109 E/appium  (16570): 	at io.netty.channel.DefaultChannelPipeline$HeadContext.channelRead(DefaultChannelPipeline.java:1294)
05-17 16:05:50.109 E/appium  (16570): 	at io.netty.channel.AbstractChannelHandlerContext.invokeChannelRead(AbstractChannelHandlerContext.java:366)
05-17 16:05:50.109 E/appium  (16570): 	at io.netty.channel.AbstractChannelHandlerContext.invokeChannelRead(AbstractChannelHandlerContext.java:352)
05-17 16:05:50.109 E/appium  (16570): 	at io.netty.channel.DefaultChannelPipeline.fireChannelRead(DefaultChannelPipeline.java:911)
05-17 16:05:50.109 E/appium  (16570): 	at io.netty.channel.nio.AbstractNioByteChannel$NioByteUnsafe.read(AbstractNioByteChannel.java:131)
05-17 16:05:50.109 E/appium  (16570): 	at io.netty.channel.nio.NioEventLoop.processSelectedKey(NioEventLoop.java:611)
05-17 16:05:50.109 E/appium  (16570): 	at io.netty.channel.nio.NioEventLoop.processSelectedKeysPlain(NioEventLoop.java:514)
05-17 16:05:50.109 E/appium  (16570): 	at io.netty.channel.nio.NioEventLoop.processSelectedKeys(NioEventLoop.java:468)
05-17 16:05:50.109 E/appium  (16570): 	at io.netty.channel.nio.NioEventLoop.run(NioEventLoop.java:438)
05-17 16:05:50.109 E/appium  (16570): 	at io.netty.util.concurrent.SingleThreadEventExecutor$2.run(SingleThreadEventExecutor.java:140)
05-17 16:05:50.109 E/appium  (16570): 	at io.netty.util.concurrent.DefaultThreadFactory$DefaultRunnableDecorator.run(DefaultThreadFactory.java:144)
05-17 16:05:50.109 E/appium  (16570): 	at java.lang.Thread.run(Thread.java:818)
05-17 16:05:50.158 E/AKAD    (16985): java.net.SocketTimeoutException: failed to connect to show-m.mediav.com/180.163.255.159 (port 443) after 2000ms
05-17 16:05:50.158 E/AKAD    (16985): java.net.SocketTimeoutException: failed to connect to show-m.mediav.com/180.163.255.159 (port 443) after 2000ms
05-17 16:05:50.158 E/AKAD    (16985): 	at libcore.io.IoBridge.connectErrno(IoBridge.java:189)
05-17 16:05:50.158 E/AKAD    (16985): 	at libcore.io.IoBridge.connect(IoBridge.java:127)
05-17 16:05:50.158 E/AKAD    (16985): 	at java.net.PlainSocketImpl.connect(PlainSocketImpl.java:188)
05-17 16:05:50.158 E/AKAD    (16985): 	at java.net.PlainSocketImpl.connect(PlainSocketImpl.java:461)
05-17 16:05:50.158 E/AKAD    (16985): 	at java.net.Socket.connect(Socket.java:918)
05-17 16:05:50.158 E/AKAD    (16985): 	at com.android.okhttp.internal.Platform.connectSocket(Platform.java:174)
05-17 16:05:50.158 E/AKAD    (16985): 	at com.android.okhttp.Connection.connect(Connection.java:152)
05-17 16:05:50.158 E/AKAD    (16985): 	at com.android.okhttp.internal.http.HttpEngine.connect(HttpEngine.java:282)
05-17 16:05:50.158 E/AKAD    (16985): 	at com.android.okhttp.internal.http.HttpEngine.sendRequest(HttpEngine.java:216)
05-17 16:05:50.158 E/AKAD    (16985): 	at com.android.okhttp.internal.http.HttpURLConnectionImpl.execute(HttpURLConnectionImpl.java:391)
05-17 16:05:50.158 E/AKAD    (16985): 	at com.android.okhttp.internal.http.HttpURLConnectionImpl.connect(HttpURLConnectionImpl.java:106)
05-17 16:05:50.158 E/AKAD    (16985): 	at com.android.okhttp.internal.http.HttpURLConnectionImpl.getOutputStream(HttpURLConnectionImpl.java:217)
05-17 16:05:50.158 E/AKAD    (16985): 	at com.android.okhttp.internal.http.DelegatingHttpsURLConnection.getOutputStream(DelegatingHttpsURLConnection.java:218)
05-17 16:05:50.158 E/AKAD    (16985): 	at com.android.okhttp.internal.http.HttpsURLConnectionImpl.getOutputStream(HttpsURLConnectionImpl.java:25)
05-17 16:05:50.158 E/AKAD    (16985): 	at com.ak.android.base.e.d.a(news:43)
05-17 16:05:50.158 E/AKAD    (16985): 	at com.ak.android.base.e.b.run(news:179)
05-17 16:05:50.158 E/AKAD    (16985): 	at java.util.concurrent.ThreadPoolExecutor.runWorker(ThreadPoolExecutor.java:1112)
05-17 16:05:50.158 E/AKAD    (16985): 	at java.util.concurrent.ThreadPoolExecutor$Worker.run(ThreadPoolExecutor.java:587)
05-17 16:05:50.158 E/AKAD    (16985): 	at java.lang.Thread.run(Thread.java:818)
05-17 16:05:50.170 E/AKAD    (16985): no ad
05-17 16:05:50.318 E/WifiTrafficPoller(  851): TRAFFIC_STATS_POLL true Token 2406 num clients 18
05-17 16:05:50.318 E/WifiTrafficPoller(  851):  packet count Tx=1618016 Rx=5390091
05-17 16:05:50.678 E/appium  (16570): Element not found: 
05-17 16:05:50.678 E/appium  (16570): io.appium.uiautomator2.common.exceptions.ElementNotFoundException: Could not find an element using supplied strategy. 
05-17 16:05:50.678 E/appium  (16570): 	at io.appium.uiautomator2.handler.FindElement.getXPathUiObject(FindElement.java:80)
05-17 16:05:50.678 E/appium  (16570): 	at io.appium.uiautomator2.handler.FindElement.findElement(FindElement.java:153)
05-17 16:05:50.678 E/appium  (16570): 	at io.appium.uiautomator2.handler.FindElement.safeHandle(FindElement.java:102)
05-17 16:05:50.678 E/appium  (16570): 	at io.appium.uiautomator2.handler.request.SafeRequestHandler.handle(SafeRequestHandler.java:56)
05-17 16:05:50.678 E/appium  (16570): 	at io.appium.uiautomator2.server.AppiumServlet.handleRequest(AppiumServlet.java:202)
05-17 16:05:50.678 E/appium  (16570): 	at io.appium.uiautomator2.server.AppiumServlet.handleHttpRequest(AppiumServlet.java:193)
05-17 16:05:50.678 E/appium  (16570): 	at io.appium.uiautomator2.http.ServerHandler.channelRead(ServerHandler.java:44)
05-17 16:05:50.678 E/appium  (16570): 	at io.netty.channel.AbstractChannelHandlerContext.invokeChannelRead(AbstractChannelHandlerContext.java:366)
05-17 16:05:50.678 E/appium  (16570): 	at io.netty.channel.AbstractChannelHandlerContext.invokeChannelRead(AbstractChannelHandlerContext.java:352)
05-17 16:05:50.678 E/appium  (16570): 	at io.netty.channel.AbstractChannelHandlerContext.fireChannelRead(AbstractChannelHandlerContext.java:345)
05-17 16:05:50.678 E/appium  (16570): 	at io.netty.handler.codec.MessageToMessageDecoder.channelRead(MessageToMessageDecoder.java:102)
05-17 16:05:50.678 E/appium  (16570): 	at io.netty.channel.AbstractChannelHandlerContext.invokeChannelRead(AbstractChannelHandlerContext.java:366)
05-17 16:05:50.678 E/appium  (16570): 	at io.netty.channel.AbstractChannelHandlerContext.invokeChannelRead(AbstractChannelHandlerContext.java:352)
05-17 16:05:50.678 E/appium  (16570): 	at io.netty.channel.AbstractChannelHandlerContext.fireChannelRead(AbstractChannelHandlerContext.java:345)
05-17 16:05:50.678 E/appium  (16570): 	at io.netty.channel.CombinedChannelDuplexHandler$DelegatingChannelHandlerContext.fireChannelRead(CombinedChannelDuplexHandler.java:435)
05-17 16:05:50.678 E/appium  (16570): 	at io.netty.handler.codec.ByteToMessageDecoder.fireChannelRead(ByteToMessageDecoder.java:293)
05-17 16:05:50.678 E/appium  (16570): 	at io.netty.handler.codec.ByteToMessageDecoder.channelRead(ByteToMessageDecoder.java:267)
05-17 16:05:50.678 E/appium  (16570): 	at io.netty.channel.CombinedChannelDuplexHandler.channelRead(CombinedChannelDuplexHandler.java:250)
05-17 16:05:50.678 E/appium  (16570): 	at io.netty.channel.AbstractChannelHandlerContext.invokeChannelRead(AbstractChannelHandlerContext.java:366)
05-17 16:05:50.678 E/appium  (16570): 	at io.netty.channel.AbstractChannelHandlerContext.invokeChannelRead(AbstractChannelHandlerContext.java:352)
05-17 16:05:50.678 E/appium  (16570): 	at io.netty.channel.AbstractChannelHandlerContext.fireChannelRead(AbstractChannelHandlerContext.java:345)
05-17 16:05:50.678 E/appium  (16570): 	at io.netty.channel.DefaultChannelPipeline$HeadContext.channelRead(DefaultChannelPipeline.java:1294)
05-17 16:05:50.678 E/appium  (16570): 	at io.netty.channel.AbstractChannelHandlerContext.invokeChannelRead(AbstractChannelHandlerContext.java:366)
05-17 16:05:50.678 E/appium  (16570): 	at io.netty.channel.AbstractChannelHandlerContext.invokeChannelRead(AbstractChannelHandlerContext.java:352)
05-17 16:05:50.678 E/appium  (16570): 	at io.netty.channel.DefaultChannelPipeline.fireChannelRead(DefaultChannelPipeline.java:911)
05-17 16:05:50.678 E/appium  (16570): 	at io.netty.channel.nio.AbstractNioByteChannel$NioByteUnsafe.read(AbstractNioByteChannel.java:131)
05-17 16:05:50.678 E/appium  (16570): 	at io.netty.channel.nio.NioEventLoop.processSelectedKey(NioEventLoop.java:611)
05-17 16:05:50.678 E/appium  (16570): 	at io.netty.channel.nio.NioEventLoop.processSelectedKeysPlain(NioEventLoop.java:514)
05-17 16:05:50.678 E/appium  (16570): 	at io.netty.channel.nio.NioEventLoop.processSelectedKeys(NioEventLoop.java:468)
05-17 16:05:50.678 E/appium  (16570): 	at io.netty.channel.nio.NioEventLoop.run(NioEventLoop.java:438)
05-17 16:05:50.678 E/appium  (16570): 	at io.netty.util.concurrent.SingleThreadEventExecutor$2.run(SingleThreadEventExecutor.java:140)
05-17 16:05:50.678 E/appium  (16570): 	at io.netty.util.concurrent.DefaultThreadFactory$DefaultRunnableDecorator.run(DefaultThreadFactory.java:144)
05-17 16:05:50.678 E/appium  (16570): 	at java.lang.Thread.run(Thread.java:818)
05-17 16:05:50.920 E/CoreDaemonUtils(16947): getLibDir/data/app/com.qihoo.appstore-2/lib/arm
05-17 16:05:51.005 E/NotificationService(  851): Suppressing notification from package com.qihoo.appstore by user request.
05-17 16:05:51.007 E/NotificationService(  851): Suppressing notification from package com.qihoo.appstore by user request.
05-17 16:05:51.070 E/DaemonThread(16947): countProcess => 0
05-17 16:05:51.183 E/NativeCrypto(16985): ssl=0xeec41200 cert_verify_callback x509_store_ctx=0xdd6f4170 arg=0x0
05-17 16:05:51.183 E/NativeCrypto(16985): ssl=0xeec41200 cert_verify_callback calling verifyCertificateChain authMethod=ECDHE_RSA
05-17 16:05:51.246 E/appium  (16570): Element not found: 
05-17 16:05:51.246 E/appium  (16570): io.appium.uiautomator2.common.exceptions.ElementNotFoundException: Could not find an element using supplied strategy. 
05-17 16:05:51.246 E/appium  (16570): 	at io.appium.uiautomator2.handler.FindElement.getXPathUiObject(FindElement.java:80)
05-17 16:05:51.246 E/appium  (16570): 	at io.appium.uiautomator2.handler.FindElement.findElement(FindElement.java:153)
05-17 16:05:51.246 E/appium  (16570): 	at io.appium.uiautomator2.handler.FindElement.safeHandle(FindElement.java:102)
05-17 16:05:51.246 E/appium  (16570): 	at io.appium.uiautomator2.handler.request.SafeRequestHandler.handle(SafeRequestHandler.java:56)
05-17 16:05:51.246 E/appium  (16570): 	at io.appium.uiautomator2.server.AppiumServlet.handleRequest(AppiumServlet.java:202)
05-17 16:05:51.246 E/appium  (16570): 	at io.appium.uiautomator2.server.AppiumServlet.handleHttpRequest(AppiumServlet.java:193)
05-17 16:05:51.246 E/appium  (16570): 	at io.appium.uiautomator2.http.ServerHandler.channelRead(ServerHandler.java:44)
05-17 16:05:51.246 E/appium  (16570): 	at io.netty.channel.AbstractChannelHandlerContext.invokeChannelRead(AbstractChannelHandlerContext.java:366)
05-17 16:05:51.246 E/appium  (16570): 	at io.netty.channel.AbstractChannelHandlerContext.invokeChannelRead(AbstractChannelHandlerContext.java:352)
05-17 16:05:51.246 E/appium  (16570): 	at io.netty.channel.AbstractChannelHandlerContext.fireChannelRead(AbstractChannelHandlerContext.java:345)
05-17 16:05:51.246 E/appium  (16570): 	at io.netty.handler.codec.MessageToMessageDecoder.channelRead(MessageToMessageDecoder.java:102)
05-17 16:05:51.246 E/appium  (16570): 	at io.netty.channel.AbstractChannelHandlerContext.invokeChannelRead(AbstractChannelHandlerContext.java:366)
05-17 16:05:51.246 E/appium  (16570): 	at io.netty.channel.AbstractChannelHandlerContext.invokeChannelRead(AbstractChannelHandlerContext.java:352)
05-17 16:05:51.246 E/appium  (16570): 	at io.netty.channel.AbstractChannelHandlerContext.fireChannelRead(AbstractChannelHandlerContext.java:345)
05-17 16:05:51.246 E/appium  (16570): 	at io.netty.channel.CombinedChannelDuplexHandler$DelegatingChannelHandlerContext.fireChannelRead(CombinedChannelDuplexHandler.java:435)
05-17 16:05:51.246 E/appium  (16570): 	at io.netty.handler.codec.ByteToMessageDecoder.fireChannelRead(ByteToMessageDecoder.java:293)
05-17 16:05:51.246 E/appium  (16570): 	at io.netty.handler.codec.ByteToMessageDecoder.channelRead(ByteToMessageDecoder.java:267)
05-17 16:05:51.246 E/appium  (16570): 	at io.netty.channel.CombinedChannelDuplexHandler.channelRead(CombinedChannelDuplexHandler.java:250)
05-17 16:05:51.246 E/appium  (16570): 	at io.netty.channel.AbstractChannelHandlerContext.invokeChannelRead(AbstractChannelHandlerContext.java:366)
05-17 16:05:51.246 E/appium  (16570): 	at io.netty.channel.AbstractChannelHandlerContext.invokeChannelRead(AbstractChannelHandlerContext.java:352)
05-17 16:05:51.246 E/appium  (16570): 	at io.netty.channel.AbstractChannelHandlerContext.fireChannelRead(AbstractChannelHandlerContext.java:345)
05-17 16:05:51.246 E/appium  (16570): 	at io.netty.channel.DefaultChannelPipeline$HeadContext.channelRead(DefaultChannelPipeline.java:1294)
05-17 16:05:51.246 E/appium  (16570): 	at io.netty.channel.AbstractChannelHandlerContext.invokeChannelRead(AbstractChannelHandlerContext.java:366)
05-17 16:05:51.246 E/appium  (16570): 	at io.netty.channel.AbstractChannelHandlerContext.invokeChannelRead(AbstractChannelHandlerContext.java:352)
05-17 16:05:51.246 E/appium  (16570): 	at io.netty.channel.DefaultChannelPipeline.fireChannelRead(DefaultChannelPipeline.java:911)
05-17 16:05:51.246 E/appium  (16570): 	at io.netty.channel.nio.AbstractNioByteChannel$NioByteUnsafe.read(AbstractNioByteChannel.java:131)
05-17 16:05:51.246 E/appium  (16570): 	at io.netty.channel.nio.NioEventLoop.processSelectedKey(NioEventLoop.java:611)
05-17 16:05:51.246 E/appium  (16570): 	at io.netty.channel.nio.NioEventLoop.processSelectedKeysPlain(NioEventLoop.java:514)
05-17 16:05:51.246 E/appium  (16570): 	at io.netty.channel.nio.NioEventLoop.processSelectedKeys(NioEventLoop.java:468)
05-17 16:05:51.246 E/appium  (16570): 	at io.netty.channel.nio.NioEventLoop.run(NioEventLoop.java:438)
05-17 16:05:51.246 E/appium  (16570): 	at io.netty.util.concurrent.SingleThreadEventExecutor$2.run(SingleThreadEventExecutor.java:140)
05-17 16:05:51.246 E/appium  (16570): 	at io.netty.util.concurrent.DefaultThreadFactory$DefaultRunnableDecorator.run(DefaultThreadFactory.java:144)
05-17 16:05:51.246 E/appium  (16570): 	at java.lang.Thread.run(Thread.java:818)
05-17 16:05:51.264 E/memtrack(17161): Couldn't load memtrack module (No such file or directory)
05-17 16:05:51.264 E/android.os.Debug(17161): failed to load memtrack module: -2
05-17 16:05:51.319 E/WifiTrafficPoller(  851): TRAFFIC_STATS_POLL true Token 2406 num clients 18
05-17 16:05:51.319 E/WifiTrafficPoller(  851):  packet count Tx=1618030 Rx=5390125
05-17 16:05:51.414 E/CoreDaemon(17188): getProcessName com.qihoo.appstore_CoreDaemon
05-17 16:05:51.415 E/CoreDaemon(17189): getProcessName com.qihoo.appstore_CoreDaemon
05-17 16:05:51.465 E/NotificationService(  851): Suppressing notification from package com.qihoo.appstore by user request.
05-17 16:05:51.467 E/NotificationService(  851): Suppressing notification from package com.qihoo.appstore by user request.
