05-17 16:10:38.607 E/appium  (19210): 	at io.netty.channel.AbstractChannelHandlerContext.fireChannelRead(AbstractChannelHandlerContext.java:345)
05-17 16:10:38.607 E/appium  (19210): 	at io.netty.channel.DefaultChannelPipeline$HeadContext.channelRead(DefaultChannelPipeline.java:1294)
05-17 16:10:38.607 E/appium  (19210): 	at io.netty.channel.AbstractChannelHandlerContext.invokeChannelRead(AbstractChannelHandlerContext.java:366)
05-17 16:10:38.607 E/appium  (19210): 	at io.netty.channel.AbstractChannelHandlerContext.invokeChannelRead(AbstractChannelHandlerContext.java:352)
05-17 16:10:38.607 E/appium  (19210): 	at io.netty.channel.DefaultChannelPipeline.fireChannelRead(DefaultChannelPipeline.java:911)
05-17 16:10:38.607 E/appium  (19210): 	at io.netty.channel.nio.AbstractNioByteChannel$NioByteUnsafe.read(AbstractNioByteChannel.java:131)
05-17 16:10:38.607 E/appium  (19210): 	at io.netty.channel.nio.NioEventLoop.processSelectedKey(NioEventLoop.java:611)
05-17 16:10:38.607 E/appium  (19210): 	at io.netty.channel.nio.NioEventLoop.processSelectedKeysPlain(NioEventLoop.java:514)
05-17 16:10:38.607 E/appium  (19210): 	at io.netty.channel.nio.NioEventLoop.processSelectedKeys(NioEventLoop.java:468)
05-17 16:10:38.607 E/appium  (19210): 	at io.netty.channel.nio.NioEventLoop.run(NioEventLoop.java:438)
05-17 16:10:38.607 E/appium  (19210): 	at io.netty.util.concurrent.SingleThreadEventExecutor$2.run(SingleThreadEventExecutor.java:140)
05-17 16:10:38.607 E/appium  (19210): 	at io.netty.util.concurrent.DefaultThreadFactory$DefaultRunnableDecorator.run(DefaultThreadFactory.java:144)
05-17 16:10:38.607 E/appium  (19210): 	at java.lang.Thread.run(Thread.java:818)
05-17 16:10:39.044 E/WifiStateMachine(  851):  ConnectedState (when=-2ms what=131155 arg1=548!CMD_RSSI_POLL 548 0 "BOCO-office" 94:b4:0f:68:a4:b1 rssi=-51 f=5785 sc=80 link=150 tx=1.3, 0.0, 0.0  rx=65.8 bcn=0 [on:0 tx:0 rx:0 period:2988] from screen [on:0 period:547198116] gl rssi=-51 ag=0 hr ticks 0,0,28 ls-=0 [56,56,56,56,61] brc=0 lrc=0
05-17 16:10:39.051 E/WifiStateMachine(  851):  L2ConnectedState (when=-8ms what=131155 arg1=548!CMD_RSSI_POLL 548 0 "BOCO-office" 94:b4:0f:68:a4:b1 rssi=-51 f=5785 sc=80 link=150 tx=1.3, 0.0, 0.0  rx=65.8 bcn=0 [on:0 tx:0 rx:0 period:6] from screen [on:0 period:547198122] gl rssi=-51 ag=0 hr ticks 0,0,28 ls-=0 [56,56,56,56,61] brc=0 lrc=0
05-17 16:10:39.053 E/WifiStateMachine(  851):  get link layer stats 0
05-17 16:10:39.063 E/WifiStateMachine(  851): calculateWifiScore() we set wifi's score to 1000, so will always set wifi as a default network.
05-17 16:10:39.209 E/appium  (19210): Element not found: 
05-17 16:10:39.209 E/appium  (19210): io.appium.uiautomator2.common.exceptions.ElementNotFoundException: Could not find an element using supplied strategy. 
05-17 16:10:39.209 E/appium  (19210): 	at io.appium.uiautomator2.handler.FindElement.getXPathUiObject(FindElement.java:80)
05-17 16:10:39.209 E/appium  (19210): 	at io.appium.uiautomator2.handler.FindElement.findElement(FindElement.java:153)
05-17 16:10:39.209 E/appium  (19210): 	at io.appium.uiautomator2.handler.FindElement.safeHandle(FindElement.java:102)
05-17 16:10:39.209 E/appium  (19210): 	at io.appium.uiautomator2.handler.request.SafeRequestHandler.handle(SafeRequestHandler.java:56)
05-17 16:10:39.209 E/appium  (19210): 	at io.appium.uiautomator2.server.AppiumServlet.handleRequest(AppiumServlet.java:202)
05-17 16:10:39.209 E/appium  (19210): 	at io.appium.uiautomator2.server.AppiumServlet.handleHttpRequest(AppiumServlet.java:193)
05-17 16:10:39.209 E/appium  (19210): 	at io.appium.uiautomator2.http.ServerHandler.channelRead(ServerHandler.java:44)
05-17 16:10:39.209 E/appium  (19210): 	at io.netty.channel.AbstractChannelHandlerContext.invokeChannelRead(AbstractChannelHandlerContext.java:366)
05-17 16:10:39.209 E/appium  (19210): 	at io.netty.channel.AbstractChannelHandlerContext.invokeChannelRead(AbstractChannelHandlerContext.java:352)
05-17 16:10:39.209 E/appium  (19210): 	at io.netty.channel.AbstractChannelHandlerContext.fireChannelRead(AbstractChannelHandlerContext.java:345)
05-17 16:10:39.209 E/appium  (19210): 	at io.netty.handler.codec.MessageToMessageDecoder.channelRead(MessageToMessageDecoder.java:102)
05-17 16:10:39.209 E/appium  (19210): 	at io.netty.channel.AbstractChannelHandlerContext.invokeChannelRead(AbstractChannelHandlerContext.java:366)
05-17 16:10:39.209 E/appium  (19210): 	at io.netty.channel.AbstractChannelHandlerContext.invokeChannelRead(AbstractChannelHandlerContext.java:352)
05-17 16:10:39.209 E/appium  (19210): 	at io.netty.channel.AbstractChannelHandlerContext.fireChannelRead(AbstractChannelHandlerContext.java:345)
05-17 16:10:39.209 E/appium  (19210): 	at io.netty.channel.CombinedChannelDuplexHandler$DelegatingChannelHandlerContext.fireChannelRead(CombinedChannelDuplexHandler.java:435)
05-17 16:10:39.209 E/appium  (19210): 	at io.netty.handler.codec.ByteToMessageDecoder.fireChannelRead(ByteToMessageDecoder.java:293)
05-17 16:10:39.209 E/appium  (19210): 	at io.netty.handler.codec.ByteToMessageDecoder.channelRead(ByteToMessageDecoder.java:267)
05-17 16:10:39.209 E/appium  (19210): 	at io.netty.channel.CombinedChannelDuplexHandler.channelRead(CombinedChannelDuplexHandler.java:250)
05-17 16:10:39.209 E/appium  (19210): 	at io.netty.channel.AbstractChannelHandlerContext.invokeChannelRead(AbstractChannelHandlerContext.java:366)
05-17 16:10:39.209 E/appium  (19210): 	at io.netty.channel.AbstractChannelHandlerContext.invokeChannelRead(AbstractChannelHandlerContext.java:352)
05-17 16:10:39.209 E/appium  (19210): 	at io.netty.channel.AbstractChannelHandlerContext.fireChannelRead(AbstractChannelHandlerContext.java:345)
05-17 16:10:39.209 E/appium  (19210): 	at io.netty.channel.DefaultChannelPipeline$HeadContext.channelRead(DefaultChannelPipeline.java:1294)
05-17 16:10:39.209 E/appium  (19210): 	at io.netty.channel.AbstractChannelHandlerContext.invokeChannelRead(AbstractChannelHandlerContext.java:366)
05-17 16:10:39.209 E/appium  (19210): 	at io.netty.channel.AbstractChannelHandlerContext.invokeChannelRead(AbstractChannelHandlerContext.java:352)
05-17 16:10:39.209 E/appium  (19210): 	at io.netty.channel.DefaultChannelPipeline.fireChannelRead(DefaultChannelPipeline.java:911)
05-17 16:10:39.209 E/appium  (19210): 	at io.netty.channel.nio.AbstractNioByteChannel$NioByteUnsafe.read(AbstractNioByteChannel.java:131)
05-17 16:10:39.209 E/appium  (19210): 	at io.netty.channel.nio.NioEventLoop.processSelectedKey(NioEventLoop.java:611)
05-17 16:10:39.209 E/appium  (19210): 	at io.netty.channel.nio.NioEventLoop.processSelectedKeysPlain(NioEventLoop.java:514)
05-17 16:10:39.209 E/appium  (19210): 	at io.netty.channel.nio.NioEventLoop.processSelectedKeys(NioEventLoop.java:468)
05-17 16:10:39.209 E/appium  (19210): 	at io.netty.channel.nio.NioEventLoop.run(NioEventLoop.java:438)
05-17 16:10:39.209 E/appium  (19210): 	at io.netty.util.concurrent.SingleThreadEventExecutor$2.run(SingleThreadEventExecutor.java:140)
05-17 16:10:39.209 E/appium  (19210): 	at io.netty.util.concurrent.DefaultThreadFactory$DefaultRunnableDecorator.run(DefaultThreadFactory.java:144)
05-17 16:10:39.209 E/appium  (19210): 	at java.lang.Thread.run(Thread.java:818)
05-17 16:10:39.391 E/WifiTrafficPoller(  851): TRAFFIC_STATS_POLL true Token 2406 num clients 18
05-17 16:10:39.393 E/WifiTrafficPoller(  851):  packet count Tx=1619035 Rx=5397256
05-17 16:10:39.393 E/WifiTrafficPoller(  851): notifying of data activity 3
05-17 16:10:39.812 E/appium  (19210): Element not found: 
05-17 16:10:39.812 E/appium  (19210): io.appium.uiautomator2.common.exceptions.ElementNotFoundException: Could not find an element using supplied strategy. 
05-17 16:10:39.812 E/appium  (19210): 	at io.appium.uiautomator2.handler.FindElement.getXPathUiObject(FindElement.java:80)
05-17 16:10:39.812 E/appium  (19210): 	at io.appium.uiautomator2.handler.FindElement.findElement(FindElement.java:153)
05-17 16:10:39.812 E/appium  (19210): 	at io.appium.uiautomator2.handler.FindElement.safeHandle(FindElement.java:102)
05-17 16:10:39.812 E/appium  (19210): 	at io.appium.uiautomator2.handler.request.SafeRequestHandler.handle(SafeRequestHandler.java:56)
05-17 16:10:39.812 E/appium  (19210): 	at io.appium.uiautomator2.server.AppiumServlet.handleRequest(AppiumServlet.java:202)
05-17 16:10:39.812 E/appium  (19210): 	at io.appium.uiautomator2.server.AppiumServlet.handleHttpRequest(AppiumServlet.java:193)
05-17 16:10:39.812 E/appium  (19210): 	at io.appium.uiautomator2.http.ServerHandler.channelRead(ServerHandler.java:44)
05-17 16:10:39.812 E/appium  (19210): 	at io.netty.channel.AbstractChannelHandlerContext.invokeChannelRead(AbstractChannelHandlerContext.java:366)
05-17 16:10:39.812 E/appium  (19210): 	at io.netty.channel.AbstractChannelHandlerContext.invokeChannelRead(AbstractChannelHandlerContext.java:352)
05-17 16:10:39.812 E/appium  (19210): 	at io.netty.channel.AbstractChannelHandlerContext.fireChannelRead(AbstractChannelHandlerContext.java:345)
05-17 16:10:39.812 E/appium  (19210): 	at io.netty.handler.codec.MessageToMessageDecoder.channelRead(MessageToMessageDecoder.java:102)
05-17 16:10:39.812 E/appium  (19210): 	at io.netty.channel.AbstractChannelHandlerContext.invokeChannelRead(AbstractChannelHandlerContext.java:366)
05-17 16:10:39.812 E/appium  (19210): 	at io.netty.channel.AbstractChannelHandlerContext.invokeChannelRead(AbstractChannelHandlerContext.java:352)
05-17 16:10:39.812 E/appium  (19210): 	at io.netty.channel.AbstractChannelHandlerContext.fireChannelRead(AbstractChannelHandlerContext.java:345)
05-17 16:10:39.812 E/appium  (19210): 	at io.netty.channel.CombinedChannelDuplexHandler$DelegatingChannelHandlerContext.fireChannelRead(CombinedChannelDuplexHandler.java:435)
05-17 16:10:39.812 E/appium  (19210): 	at io.netty.handler.codec.ByteToMessageDecoder.fireChannelRead(ByteToMessageDecoder.java:293)
05-17 16:10:39.812 E/appium  (19210): 	at io.netty.handler.codec.ByteToMessageDecoder.channelRead(ByteToMessageDecoder.java:267)
05-17 16:10:39.812 E/appium  (19210): 	at io.netty.channel.CombinedChannelDuplexHandler.channelRead(CombinedChannelDuplexHandler.java:250)
05-17 16:10:39.812 E/appium  (19210): 	at io.netty.channel.AbstractChannelHandlerContext.invokeChannelRead(AbstractChannelHandlerContext.java:366)
05-17 16:10:39.812 E/appium  (19210): 	at io.netty.channel.AbstractChannelHandlerContext.invokeChannelRead(AbstractChannelHandlerContext.java:352)
05-17 16:10:39.812 E/appium  (19210): 	at io.netty.channel.AbstractChannelHandlerContext.fireChannelRead(AbstractChannelHandlerContext.java:345)
05-17 16:10:39.812 E/appium  (19210): 	at io.netty.channel.DefaultChannelPipeline$HeadContext.channelRead(DefaultChannelPipeline.java:1294)
05-17 16:10:39.812 E/appium  (19210): 	at io.netty.channel.AbstractChannelHandlerContext.invokeChannelRead(AbstractChannelHandlerContext.java:366)
05-17 16:10:39.812 E/appium  (19210): 	at io.netty.channel.AbstractChannelHandlerContext.invokeChannelRead(AbstractChannelHandlerContext.java:352)
05-17 16:10:39.812 E/appium  (19210): 	at io.netty.channel.DefaultChannelPipeline.fireChannelRead(DefaultChannelPipeline.java:911)
05-17 16:10:39.812 E/appium  (19210): 	at io.netty.channel.nio.AbstractNioByteChannel$NioByteUnsafe.read(AbstractNioByteChannel.java:131)
05-17 16:10:39.812 E/appium  (19210): 	at io.netty.channel.nio.NioEventLoop.processSelectedKey(NioEventLoop.java:611)
05-17 16:10:39.812 E/appium  (19210): 	at io.netty.channel.nio.NioEventLoop.processSelectedKeysPlain(NioEventLoop.java:514)
05-17 16:10:39.812 E/appium  (19210): 	at io.netty.channel.nio.NioEventLoop.processSelectedKeys(NioEventLoop.java:468)
05-17 16:10:39.812 E/appium  (19210): 	at io.netty.channel.nio.NioEventLoop.run(NioEventLoop.java:438)
05-17 16:10:39.812 E/appium  (19210): 	at io.netty.util.concurrent.SingleThreadEventExecutor$2.run(SingleThreadEventExecutor.java:140)
05-17 16:10:39.812 E/appium  (19210): 	at io.netty.util.concurrent.DefaultThreadFactory$DefaultRunnableDecorator.run(DefaultThreadFactory.java:144)
05-17 16:10:39.812 E/appium  (19210): 	at java.lang.Thread.run(Thread.java:818)
05-17 16:10:40.407 E/appium  (19210): Element not found: 
05-17 16:10:40.407 E/appium  (19210): io.appium.uiautomator2.common.exceptions.ElementNotFoundException: Could not find an element using supplied strategy. 
05-17 16:10:40.407 E/appium  (19210): 	at io.appium.uiautomator2.handler.FindElement.getXPathUiObject(FindElement.java:80)
05-17 16:10:40.407 E/appium  (19210): 	at io.appium.uiautomator2.handler.FindElement.findElement(FindElement.java:153)
05-17 16:10:40.407 E/appium  (19210): 	at io.appium.uiautomator2.handler.FindElement.safeHandle(FindElement.java:102)
05-17 16:10:40.407 E/appium  (19210): 	at io.appium.uiautomator2.handler.request.SafeRequestHandler.handle(SafeRequestHandler.java:56)
05-17 16:10:40.407 E/appium  (19210): 	at io.appium.uiautomator2.server.AppiumServlet.handleRequest(AppiumServlet.java:202)
05-17 16:10:40.407 E/appium  (19210): 	at io.appium.uiautomator2.server.AppiumServlet.handleHttpRequest(AppiumServlet.java:193)
05-17 16:10:40.407 E/appium  (19210): 	at io.appium.uiautomator2.http.ServerHandler.channelRead(ServerHandler.java:44)
05-17 16:10:40.407 E/appium  (19210): 	at io.netty.channel.AbstractChannelHandlerContext.invokeChannelRead(AbstractChannelHandlerContext.java:366)
05-17 16:10:40.407 E/appium  (19210): 	at io.netty.channel.AbstractChannelHandlerContext.invokeChannelRead(AbstractChannelHandlerContext.java:352)
05-17 16:10:40.407 E/appium  (19210): 	at io.netty.channel.AbstractChannelHandlerContext.fireChannelRead(AbstractChannelHandlerContext.java:345)
05-17 16:10:40.407 E/appium  (19210): 	at io.netty.handler.codec.MessageToMessageDecoder.channelRead(MessageToMessageDecoder.java:102)
05-17 16:10:40.407 E/appium  (19210): 	at io.netty.channel.AbstractChannelHandlerContext.invokeChannelRead(AbstractChannelHandlerContext.java:366)
05-17 16:10:40.407 E/appium  (19210): 	at io.netty.channel.AbstractChannelHandlerContext.invokeChannelRead(AbstractChannelHandlerContext.java:352)
05-17 16:10:40.407 E/appium  (19210): 	at io.netty.channel.AbstractChannelHandlerContext.fireChannelRead(AbstractChannelHandlerContext.java:345)
05-17 16:10:40.407 E/appium  (19210): 	at io.netty.channel.CombinedChannelDuplexHandler$DelegatingChannelHandlerContext.fireChannelRead(CombinedChannelDuplexHandler.java:435)
05-17 16:10:40.407 E/appium  (19210): 	at io.netty.handler.codec.ByteToMessageDecoder.fireChannelRead(ByteToMessageDecoder.java:293)
05-17 16:10:40.407 E/appium  (19210): 	at io.netty.handler.codec.ByteToMessageDecoder.channelRead(ByteToMessageDecoder.java:267)
05-17 16:10:40.407 E/appium  (19210): 	at io.netty.channel.CombinedChannelDuplexHandler.channelRead(CombinedChannelDuplexHandler.java:250)
05-17 16:10:40.407 E/appium  (19210): 	at io.netty.channel.AbstractChannelHandlerContext.invokeChannelRead(AbstractChannelHandlerContext.java:366)
05-17 16:10:40.407 E/appium  (19210): 	at io.netty.channel.AbstractChannelHandlerContext.invokeChannelRead(AbstractChannelHandlerContext.java:352)
05-17 16:10:40.407 E/appium  (19210): 	at io.netty.channel.AbstractChannelHandlerContext.fireChannelRead(AbstractChannelHandlerContext.java:345)
05-17 16:10:40.407 E/appium  (19210): 	at io.netty.channel.DefaultChannelPipeline$HeadContext.channelRead(DefaultChannelPipeline.java:1294)
05-17 16:10:40.407 E/appium  (19210): 	at io.netty.channel.AbstractChannelHandlerContext.invokeChannelRead(AbstractChannelHandlerContext.java:366)
05-17 16:10:40.407 E/appium  (19210): 	at io.netty.channel.AbstractChannelHandlerContext.invokeChannelRead(AbstractChannelHandlerContext.java:352)
05-17 16:10:40.407 E/appium  (19210): 	at io.netty.channel.DefaultChannelPipeline.fireChannelRead(DefaultChannelPipeline.java:911)
05-17 16:10:40.407 E/appium  (19210): 	at io.netty.channel.nio.AbstractNioByteChannel$NioByteUnsafe.read(AbstractNioByteChannel.java:131)
05-17 16:10:40.407 E/appium  (19210): 	at io.netty.channel.nio.NioEventLoop.processSelectedKey(NioEventLoop.java:611)
05-17 16:10:40.407 E/appium  (19210): 	at io.netty.channel.nio.NioEventLoop.processSelectedKeysPlain(NioEventLoop.java:514)
05-17 16:10:40.407 E/appium  (19210): 	at io.netty.channel.nio.NioEventLoop.processSelectedKeys(NioEventLoop.java:468)
05-17 16:10:40.407 E/appium  (19210): 	at io.netty.channel.nio.NioEventLoop.run(NioEventLoop.java:438)
05-17 16:10:40.407 E/appium  (19210): 	at io.netty.util.concurrent.SingleThreadEventExecutor$2.run(SingleThreadEventExecutor.java:140)
05-17 16:10:40.407 E/appium  (19210): 	at io.netty.util.concurrent.DefaultThreadFactory$DefaultRunnableDecorator.run(DefaultThreadFactory.java:144)
05-17 16:10:40.407 E/appium  (19210): 	at java.lang.Thread.run(Thread.java:818)
05-17 16:10:40.413 E/WifiTrafficPoller(  851): TRAFFIC_STATS_POLL true Token 2406 num clients 18
05-17 16:10:40.414 E/WifiTrafficPoller(  851):  packet count Tx=1619035 Rx=5397287
05-17 16:10:40.414 E/WifiTrafficPoller(  851): notifying of data activity 1
05-17 16:10:41.029 E/appium  (19210): Element not found: 
05-17 16:10:41.029 E/appium  (19210): io.appium.uiautomator2.common.exceptions.ElementNotFoundException: Could not find an element using supplied strategy. 
05-17 16:10:41.029 E/appium  (19210): 	at io.appium.uiautomator2.handler.FindElement.getXPathUiObject(FindElement.java:80)
05-17 16:10:41.029 E/appium  (19210): 	at io.appium.uiautomator2.handler.FindElement.findElement(FindElement.java:153)
05-17 16:10:41.029 E/appium  (19210): 	at io.appium.uiautomator2.handler.FindElement.safeHandle(FindElement.java:102)
05-17 16:10:41.029 E/appium  (19210): 	at io.appium.uiautomator2.handler.request.SafeRequestHandler.handle(SafeRequestHandler.java:56)
05-17 16:10:41.029 E/appium  (19210): 	at io.appium.uiautomator2.server.AppiumServlet.handleRequest(AppiumServlet.java:202)
05-17 16:10:41.029 E/appium  (19210): 	at io.appium.uiautomator2.server.AppiumServlet.handleHttpRequest(AppiumServlet.java:193)
05-17 16:10:41.029 E/appium  (19210): 	at io.appium.uiautomator2.http.ServerHandler.channelRead(ServerHandler.java:44)
05-17 16:10:41.029 E/appium  (19210): 	at io.netty.channel.AbstractChannelHandlerContext.invokeChannelRead(AbstractChannelHandlerContext.java:366)
05-17 16:10:41.029 E/appium  (19210): 	at io.netty.channel.AbstractChannelHandlerContext.invokeChannelRead(AbstractChannelHandlerContext.java:352)
05-17 16:10:41.029 E/appium  (19210): 	at io.netty.channel.AbstractChannelHandlerContext.fireChannelRead(AbstractChannelHandlerContext.java:345)
05-17 16:10:41.029 E/appium  (19210): 	at io.netty.handler.codec.MessageToMessageDecoder.channelRead(MessageToMessageDecoder.java:102)
05-17 16:10:41.029 E/appium  (19210): 	at io.netty.channel.AbstractChannelHandlerContext.invokeChannelRead(AbstractChannelHandlerContext.java:366)
05-17 16:10:41.029 E/appium  (19210): 	at io.netty.channel.AbstractChannelHandlerContext.invokeChannelRead(AbstractChannelHandlerContext.java:352)
05-17 16:10:41.029 E/appium  (19210): 	at io.netty.channel.AbstractChannelHandlerContext.fireChannelRead(AbstractChannelHandlerContext.java:345)
05-17 16:10:41.029 E/appium  (19210): 	at io.netty.channel.CombinedChannelDuplexHandler$DelegatingChannelHandlerContext.fireChannelRead(CombinedChannelDuplexHandler.java:435)
05-17 16:10:41.029 E/appium  (19210): 	at io.netty.handler.codec.ByteToMessageDecoder.fireChannelRead(ByteToMessageDecoder.java:293)
05-17 16:10:41.029 E/appium  (19210): 	at io.netty.handler.codec.ByteToMessageDecoder.channelRead(ByteToMessageDecoder.java:267)
05-17 16:10:41.029 E/appium  (19210): 	at io.netty.channel.CombinedChannelDuplexHandler.channelRead(CombinedChannelDuplexHandler.java:250)
05-17 16:10:41.029 E/appium  (19210): 	at io.netty.channel.AbstractChannelHandlerContext.invokeChannelRead(AbstractChannelHandlerContext.java:366)
05-17 16:10:41.029 E/appium  (19210): 	at io.netty.channel.AbstractChannelHandlerContext.invokeChannelRead(AbstractChannelHandlerContext.java:352)
05-17 16:10:41.029 E/appium  (19210): 	at io.netty.channel.AbstractChannelHandlerContext.fireChannelRead(AbstractChannelHandlerContext.java:345)
05-17 16:10:41.029 E/appium  (19210): 	at io.netty.channel.DefaultChannelPipeline$HeadContext.channelRead(DefaultChannelPipeline.java:1294)
05-17 16:10:41.029 E/appium  (19210): 	at io.netty.channel.AbstractChannelHandlerContext.invokeChannelRead(AbstractChannelHandlerContext.java:366)
05-17 16:10:41.029 E/appium  (19210): 	at io.netty.channel.AbstractChannelHandlerContext.invokeChannelRead(AbstractChannelHandlerContext.java:352)
05-17 16:10:41.029 E/appium  (19210): 	at io.netty.channel.DefaultChannelPipeline.fireChannelRead(DefaultChannelPipeline.java:911)
05-17 16:10:41.029 E/appium  (19210): 	at io.netty.channel.nio.AbstractNioByteChannel$NioByteUnsafe.read(AbstractNioByteChannel.java:131)
05-17 16:10:41.029 E/appium  (19210): 	at io.netty.channel.nio.NioEventLoop.processSelectedKey(NioEventLoop.java:611)
05-17 16:10:41.029 E/appium  (19210): 	at io.netty.channel.nio.NioEventLoop.processSelectedKeysPlain(NioEventLoop.java:514)
05-17 16:10:41.029 E/appium  (19210): 	at io.netty.channel.nio.NioEventLoop.processSelectedKeys(NioEventLoop.java:468)
05-17 16:10:41.029 E/appium  (19210): 	at io.netty.channel.nio.NioEventLoop.run(NioEventLoop.java:438)
05-17 16:10:41.029 E/appium  (19210): 	at io.netty.util.concurrent.SingleThreadEventExecutor$2.run(SingleThreadEventExecutor.java:140)
05-17 16:10:41.029 E/appium  (19210): 	at io.netty.util.concurrent.DefaultThreadFactory$DefaultRunnableDecorator.run(DefaultThreadFactory.java:144)
05-17 16:10:41.029 E/appium  (19210): 	at java.lang.Thread.run(Thread.java:818)
05-17 16:10:41.415 E/WifiTrafficPoller(  851): TRAFFIC_STATS_POLL true Token 2406 num clients 18
05-17 16:10:41.415 E/WifiTrafficPoller(  851):  packet count Tx=1619035 Rx=5397315
05-17 16:10:41.637 E/appium  (19210): Element not found: 
05-17 16:10:41.637 E/appium  (19210): io.appium.uiautomator2.common.exceptions.ElementNotFoundException: Could not find an element using supplied strategy. 
05-17 16:10:41.637 E/appium  (19210): 	at io.appium.uiautomator2.handler.FindElement.getXPathUiObject(FindElement.java:80)
05-17 16:10:41.637 E/appium  (19210): 	at io.appium.uiautomator2.handler.FindElement.findElement(FindElement.java:153)
05-17 16:10:41.637 E/appium  (19210): 	at io.appium.uiautomator2.handler.FindElement.safeHandle(FindElement.java:102)
05-17 16:10:41.637 E/appium  (19210): 	at io.appium.uiautomator2.handler.request.SafeRequestHandler.handle(SafeRequestHandler.java:56)
05-17 16:10:41.637 E/appium  (19210): 	at io.appium.uiautomator2.server.AppiumServlet.handleRequest(AppiumServlet.java:202)
05-17 16:10:41.637 E/appium  (19210): 	at io.appium.uiautomator2.server.AppiumServlet.handleHttpRequest(AppiumServlet.java:193)
05-17 16:10:41.637 E/appium  (19210): 	at io.appium.uiautomator2.http.ServerHandler.channelRead(ServerHandler.java:44)
05-17 16:10:41.637 E/appium  (19210): 	at io.netty.channel.AbstractChannelHandlerContext.invokeChannelRead(AbstractChannelHandlerContext.java:366)
05-17 16:10:41.637 E/appium  (19210): 	at io.netty.channel.AbstractChannelHandlerContext.invokeChannelRead(AbstractChannelHandlerContext.java:352)
05-17 16:10:41.637 E/appium  (19210): 	at io.netty.channel.AbstractChannelHandlerContext.fireChannelRead(AbstractChannelHandlerContext.java:345)
05-17 16:10:41.637 E/appium  (19210): 	at io.netty.handler.codec.MessageToMessageDecoder.channelRead(MessageToMessageDecoder.java:102)
05-17 16:10:41.637 E/appium  (19210): 	at io.netty.channel.AbstractChannelHandlerContext.invokeChannelRead(AbstractChannelHandlerContext.java:366)
05-17 16:10:41.637 E/appium  (19210): 	at io.netty.channel.AbstractChannelHandlerContext.invokeChannelRead(AbstractChannelHandlerContext.java:352)
05-17 16:10:41.637 E/appium  (19210): 	at io.netty.channel.AbstractChannelHandlerContext.fireChannelRead(AbstractChannelHandlerContext.java:345)
05-17 16:10:41.637 E/appium  (19210): 	at io.netty.channel.CombinedChannelDuplexHandler$DelegatingChannelHandlerContext.fireChannelRead(CombinedChannelDuplexHandler.java:435)
05-17 16:10:41.637 E/appium  (19210): 	at io.netty.handler.codec.ByteToMessageDecoder.fireChannelRead(ByteToMessageDecoder.java:293)
05-17 16:10:41.637 E/appium  (19210): 	at io.netty.handler.codec.ByteToMessageDecoder.channelRead(ByteToMessageDecoder.java:267)
05-17 16:10:41.637 E/appium  (19210): 	at io.netty.channel.CombinedChannelDuplexHandler.channelRead(CombinedChannelDuplexHandler.java:250)
05-17 16:10:41.637 E/appium  (19210): 	at io.netty.channel.AbstractChannelHandlerContext.invokeChannelRead(AbstractChannelHandlerContext.java:366)
05-17 16:10:41.637 E/appium  (19210): 	at io.netty.channel.AbstractChannelHandlerContext.invokeChannelRead(AbstractChannelHandlerContext.java:352)
05-17 16:10:41.637 E/appium  (19210): 	at io.netty.channel.AbstractChannelHandlerContext.fireChannelRead(AbstractChannelHandlerContext.java:345)
05-17 16:10:41.637 E/appium  (19210): 	at io.netty.channel.DefaultChannelPipeline$HeadContext.channelRead(DefaultChannelPipeline.java:1294)
05-17 16:10:41.637 E/appium  (19210): 	at io.netty.channel.AbstractChannelHandlerContext.invokeChannelRead(AbstractChannelHandlerContext.java:366)
05-17 16:10:41.637 E/appium  (19210): 	at io.netty.channel.AbstractChannelHandlerContext.invokeChannelRead(AbstractChannelHandlerContext.java:352)
05-17 16:10:41.637 E/appium  (19210): 	at io.netty.channel.DefaultChannelPipeline.fireChannelRead(DefaultChannelPipeline.java:911)
05-17 16:10:41.637 E/appium  (19210): 	at io.netty.channel.nio.AbstractNioByteChannel$NioByteUnsafe.read(AbstractNioByteChannel.java:131)
05-17 16:10:41.637 E/appium  (19210): 	at io.netty.channel.nio.NioEventLoop.processSelectedKey(NioEventLoop.java:611)
05-17 16:10:41.637 E/appium  (19210): 	at io.netty.channel.nio.NioEventLoop.processSelectedKeysPlain(NioEventLoop.java:514)
05-17 16:10:41.637 E/appium  (19210): 	at io.netty.channel.nio.NioEventLoop.processSelectedKeys(NioEventLoop.java:468)
05-17 16:10:41.637 E/appium  (19210): 	at io.netty.channel.nio.NioEventLoop.run(NioEventLoop.java:438)
05-17 16:10:41.637 E/appium  (19210): 	at io.netty.util.concurrent.SingleThreadEventExecutor$2.run(SingleThreadEventExecutor.java:140)
05-17 16:10:41.637 E/appium  (19210): 	at io.netty.util.concurrent.DefaultThreadFactory$DefaultRunnableDecorator.run(DefaultThreadFactory.java:144)
05-17 16:10:41.637 E/appium  (19210): 	at java.lang.Thread.run(Thread.java:818)
05-17 16:10:42.068 E/WifiStateMachine(  851):  ConnectedState (when=-4ms what=131155 arg1=548!CMD_RSSI_POLL 548 0 "BOCO-office" 94:b4:0f:68:a4:b1 rssi=-52 f=5785 sc=80 link=150 tx=1.1, 0.0, 0.0  rx=74.9 bcn=0 [on:0 tx:0 rx:0 period:2993] from screen [on:0 period:547201140] gl rssi=-52 ag=0 hr ticks 0,0,28 ls-=0 [56,56,56,56,61] brc=0 lrc=0
05-17 16:10:42.069 E/WifiStateMachine(  851):  L2ConnectedState (when=-5ms what=131155 arg1=548!CMD_RSSI_POLL 548 0 "BOCO-office" 94:b4:0f:68:a4:b1 rssi=-52 f=5785 sc=80 link=150 tx=1.1, 0.0, 0.0  rx=74.9 bcn=0 [on:0 tx:0 rx:0 period:1] from screen [on:0 period:547201141] gl rssi=-52 ag=0 hr ticks 0,0,28 ls-=0 [56,56,56,56,61] brc=0 lrc=0
05-17 16:10:42.069 E/WifiStateMachine(  851):  get link layer stats 0
05-17 16:10:42.083 E/WifiStateMachine(  851): calculateWifiScore() we set wifi's score to 1000, so will always set wifi as a default network.
05-17 16:10:42.226 E/appium  (19210): Element not found: 
05-17 16:10:42.226 E/appium  (19210): io.appium.uiautomator2.common.exceptions.ElementNotFoundException: Could not find an element using supplied strategy. 
05-17 16:10:42.226 E/appium  (19210): 	at io.appium.uiautomator2.handler.FindElement.getXPathUiObject(FindElement.java:80)
05-17 16:10:42.226 E/appium  (19210): 	at io.appium.uiautomator2.handler.FindElement.findElement(FindElement.java:153)
05-17 16:10:42.226 E/appium  (19210): 	at io.appium.uiautomator2.handler.FindElement.safeHandle(FindElement.java:102)
05-17 16:10:42.226 E/appium  (19210): 	at io.appium.uiautomator2.handler.request.SafeRequestHandler.handle(SafeRequestHandler.java:56)
05-17 16:10:42.226 E/appium  (19210): 	at io.appium.uiautomator2.server.AppiumServlet.handleRequest(AppiumServlet.java:202)
05-17 16:10:42.226 E/appium  (19210): 	at io.appium.uiautomator2.server.AppiumServlet.handleHttpRequest(AppiumServlet.java:193)
05-17 16:10:42.226 E/appium  (19210): 	at io.appium.uiautomator2.http.ServerHandler.channelRead(ServerHandler.java:44)
05-17 16:10:42.226 E/appium  (19210): 	at io.netty.channel.AbstractChannelHandlerContext.invokeChannelRead(AbstractChannelHandlerContext.java:366)
05-17 16:10:42.226 E/appium  (19210): 	at io.netty.channel.AbstractChannelHandlerContext.invokeChannelRead(AbstractChannelHandlerContext.java:352)
05-17 16:10:42.226 E/appium  (19210): 	at io.netty.channel.AbstractChannelHandlerContext.fireChannelRead(AbstractChannelHandlerContext.java:345)
05-17 16:10:42.226 E/appium  (19210): 	at io.netty.handler.codec.MessageToMessageDecoder.channelRead(MessageToMessageDecoder.java:102)
05-17 16:10:42.226 E/appium  (19210): 	at io.netty.channel.AbstractChannelHandlerContext.invokeChannelRead(AbstractChannelHandlerContext.java:366)
05-17 16:10:42.226 E/appium  (19210): 	at io.netty.channel.AbstractChannelHandlerContext.invokeChannelRead(AbstractChannelHandlerContext.java:352)
05-17 16:10:42.226 E/appium  (19210): 	at io.netty.channel.AbstractChannelHandlerContext.fireChannelRead(AbstractChannelHandlerContext.java:345)
05-17 16:10:42.226 E/appium  (19210): 	at io.netty.channel.CombinedChannelDuplexHandler$DelegatingChannelHandlerContext.fireChannelRead(CombinedChannelDuplexHandler.java:435)
05-17 16:10:42.226 E/appium  (19210): 	at io.netty.handler.codec.ByteToMessageDecoder.fireChannelRead(ByteToMessageDecoder.java:293)
05-17 16:10:42.226 E/appium  (19210): 	at io.netty.handler.codec.ByteToMessageDecoder.channelRead(ByteToMessageDecoder.java:267)
05-17 16:10:42.226 E/appium  (19210): 	at io.netty.channel.CombinedChannelDuplexHandler.channelRead(CombinedChannelDuplexHandler.java:250)
05-17 16:10:42.226 E/appium  (19210): 	at io.netty.channel.AbstractChannelHandlerContext.invokeChannelRead(AbstractChannelHandlerContext.java:366)
05-17 16:10:42.226 E/appium  (19210): 	at io.netty.channel.AbstractChannelHandlerContext.invokeChannelRead(AbstractChannelHandlerContext.java:352)
05-17 16:10:42.226 E/appium  (19210): 	at io.netty.channel.AbstractChannelHandlerContext.fireChannelRead(AbstractChannelHandlerContext.java:345)
05-17 16:10:42.226 E/appium  (19210): 	at io.netty.channel.DefaultChannelPipeline$HeadContext.channelRead(DefaultChannelPipeline.java:1294)
05-17 16:10:42.226 E/appium  (19210): 	at io.netty.channel.AbstractChannelHandlerContext.invokeChannelRead(AbstractChannelHandlerContext.java:366)
05-17 16:10:42.226 E/appium  (19210): 	at io.netty.channel.AbstractChannelHandlerContext.invokeChannelRead(AbstractChannelHandlerContext.java:352)
05-17 16:10:42.226 E/appium  (19210): 	at io.netty.channel.DefaultChannelPipeline.fireChannelRead(DefaultChannelPipeline.java:911)
05-17 16:10:42.226 E/appium  (19210): 	at io.netty.channel.nio.AbstractNioByteChannel$NioByteUnsafe.read(AbstractNioByteChannel.java:131)
05-17 16:10:42.226 E/appium  (19210): 	at io.netty.channel.nio.NioEventLoop.processSelectedKey(NioEventLoop.java:611)
05-17 16:10:42.226 E/appium  (19210): 	at io.netty.channel.nio.NioEventLoop.processSelectedKeysPlain(NioEventLoop.java:514)
05-17 16:10:42.226 E/appium  (19210): 	at io.netty.channel.nio.NioEventLoop.processSelectedKeys(NioEventLoop.java:468)
05-17 16:10:42.226 E/appium  (19210): 	at io.netty.channel.nio.NioEventLoop.run(NioEventLoop.java:438)
05-17 16:10:42.226 E/appium  (19210): 	at io.netty.util.concurrent.SingleThreadEventExecutor$2.run(SingleThreadEventExecutor.java:140)
05-17 16:10:42.226 E/appium  (19210): 	at io.netty.util.concurrent.DefaultThreadFactory$DefaultRunnableDecorator.run(DefaultThreadFactory.java:144)
05-17 16:10:42.226 E/appium  (19210): 	at java.lang.Thread.run(Thread.java:818)
05-17 16:10:42.416 E/WifiTrafficPoller(  851): TRAFFIC_STATS_POLL true Token 2406 num clients 18
05-17 16:10:42.417 E/WifiTrafficPoller(  851):  packet count Tx=1619035 Rx=5397334
05-17 16:10:42.827 E/appium  (19210): Element not found: 
05-17 16:10:42.827 E/appium  (19210): io.appium.uiautomator2.common.exceptions.ElementNotFoundException: Could not find an element using supplied strategy. 
05-17 16:10:42.827 E/appium  (19210): 	at io.appium.uiautomator2.handler.FindElement.getXPathUiObject(FindElement.java:80)
05-17 16:10:42.827 E/appium  (19210): 	at io.appium.uiautomator2.handler.FindElement.findElement(FindElement.java:153)
05-17 16:10:42.827 E/appium  (19210): 	at io.appium.uiautomator2.handler.FindElement.safeHandle(FindElement.java:102)
05-17 16:10:42.827 E/appium  (19210): 	at io.appium.uiautomator2.handler.request.SafeRequestHandler.handle(SafeRequestHandler.java:56)
05-17 16:10:42.827 E/appium  (19210): 	at io.appium.uiautomator2.server.AppiumServlet.handleRequest(AppiumServlet.java:202)
05-17 16:10:42.827 E/appium  (19210): 	at io.appium.uiautomator2.server.AppiumServlet.handleHttpRequest(AppiumServlet.java:193)
05-17 16:10:42.827 E/appium  (19210): 	at io.appium.uiautomator2.http.ServerHandler.channelRead(ServerHandler.java:44)
05-17 16:10:42.827 E/appium  (19210): 	at io.netty.channel.AbstractChannelHandlerContext.invokeChannelRead(AbstractChannelHandlerContext.java:366)
05-17 16:10:42.827 E/appium  (19210): 	at io.netty.channel.AbstractChannelHandlerContext.invokeChannelRead(AbstractChannelHandlerContext.java:352)
05-17 16:10:42.827 E/appium  (19210): 	at io.netty.channel.AbstractChannelHandlerContext.fireChannelRead(AbstractChannelHandlerContext.java:345)
05-17 16:10:42.827 E/appium  (19210): 	at io.netty.handler.codec.MessageToMessageDecoder.channelRead(MessageToMessageDecoder.java:102)
05-17 16:10:42.827 E/appium  (19210): 	at io.netty.channel.AbstractChannelHandlerContext.invokeChannelRead(AbstractChannelHandlerContext.java:366)
05-17 16:10:42.827 E/appium  (19210): 	at io.netty.channel.AbstractChannelHandlerContext.invokeChannelRead(AbstractChannelHandlerContext.java:352)
05-17 16:10:42.827 E/appium  (19210): 	at io.netty.channel.AbstractChannelHandlerContext.fireChannelRead(AbstractChannelHandlerContext.java:345)
05-17 16:10:42.827 E/appium  (19210): 	at io.netty.channel.CombinedChannelDuplexHandler$DelegatingChannelHandlerContext.fireChannelRead(CombinedChannelDuplexHandler.java:435)
05-17 16:10:42.827 E/appium  (19210): 	at io.netty.handler.codec.ByteToMessageDecoder.fireChannelRead(ByteToMessageDecoder.java:293)
05-17 16:10:42.827 E/appium  (19210): 	at io.netty.handler.codec.ByteToMessageDecoder.channelRead(ByteToMessageDecoder.java:267)
05-17 16:10:42.827 E/appium  (19210): 	at io.netty.channel.CombinedChannelDuplexHandler.channelRead(CombinedChannelDuplexHandler.java:250)
05-17 16:10:42.827 E/appium  (19210): 	at io.netty.channel.AbstractChannelHandlerContext.invokeChannelRead(AbstractChannelHandlerContext.java:366)
05-17 16:10:42.827 E/appium  (19210): 	at io.netty.channel.AbstractChannelHandlerContext.invokeChannelRead(AbstractChannelHandlerContext.java:352)
05-17 16:10:42.827 E/appium  (19210): 	at io.netty.channel.AbstractChannelHandlerContext.fireChannelRead(AbstractChannelHandlerContext.java:345)
05-17 16:10:42.827 E/appium  (19210): 	at io.netty.channel.DefaultChannelPipeline$HeadContext.channelRead(DefaultChannelPipeline.java:1294)
05-17 16:10:42.827 E/appium  (19210): 	at io.netty.channel.AbstractChannelHandlerContext.invokeChannelRead(AbstractChannelHandlerContext.java:366)
05-17 16:10:42.827 E/appium  (19210): 	at io.netty.channel.AbstractChannelHandlerContext.invokeChannelRead(AbstractChannelHandlerContext.java:352)
05-17 16:10:42.827 E/appium  (19210): 	at io.netty.channel.DefaultChannelPipeline.fireChannelRead(DefaultChannelPipeline.java:911)
05-17 16:10:42.827 E/appium  (19210): 	at io.netty.channel.nio.AbstractNioByteChannel$NioByteUnsafe.read(AbstractNioByteChannel.java:131)
05-17 16:10:42.827 E/appium  (19210): 	at io.netty.channel.nio.NioEventLoop.processSelectedKey(NioEventLoop.java:611)
05-17 16:10:42.827 E/appium  (19210): 	at io.netty.channel.nio.NioEventLoop.processSelectedKeysPlain(NioEventLoop.java:514)
05-17 16:10:42.827 E/appium  (19210): 	at io.netty.channel.nio.NioEventLoop.processSelectedKeys(NioEventLoop.java:468)
05-17 16:10:42.827 E/appium  (19210): 	at io.netty.channel.nio.NioEventLoop.run(NioEventLoop.java:438)
05-17 16:10:42.827 E/appium  (19210): 	at io.netty.util.concurrent.SingleThreadEventExecutor$2.run(SingleThreadEventExecutor.java:140)
05-17 16:10:42.827 E/appium  (19210): 	at io.netty.util.concurrent.DefaultThreadFactory$DefaultRunnableDecorator.run(DefaultThreadFactory.java:144)
05-17 16:10:42.827 E/appium  (19210): 	at java.lang.Thread.run(Thread.java:818)
05-17 16:10:43.418 E/WifiTrafficPoller(  851): TRAFFIC_STATS_POLL true Token 2406 num clients 18
05-17 16:10:43.419 E/WifiTrafficPoller(  851):  packet count Tx=1619035 Rx=5397358
05-17 16:10:43.426 E/appium  (19210): Element not found: 
05-17 16:10:43.426 E/appium  (19210): io.appium.uiautomator2.common.exceptions.ElementNotFoundException: Could not find an element using supplied strategy. 
05-17 16:10:43.426 E/appium  (19210): 	at io.appium.uiautomator2.handler.FindElement.getXPathUiObject(FindElement.java:80)
05-17 16:10:43.426 E/appium  (19210): 	at io.appium.uiautomator2.handler.FindElement.findElement(FindElement.java:153)
05-17 16:10:43.426 E/appium  (19210): 	at io.appium.uiautomator2.handler.FindElement.safeHandle(FindElement.java:102)
05-17 16:10:43.426 E/appium  (19210): 	at io.appium.uiautomator2.handler.request.SafeRequestHandler.handle(SafeRequestHandler.java:56)
05-17 16:10:43.426 E/appium  (19210): 	at io.appium.uiautomator2.server.AppiumServlet.handleRequest(AppiumServlet.java:202)
05-17 16:10:43.426 E/appium  (19210): 	at io.appium.uiautomator2.server.AppiumServlet.handleHttpRequest(AppiumServlet.java:193)
05-17 16:10:43.426 E/appium  (19210): 	at io.appium.uiautomator2.http.ServerHandler.channelRead(ServerHandler.java:44)
05-17 16:10:43.426 E/appium  (19210): 	at io.netty.channel.AbstractChannelHandlerContext.invokeChannelRead(AbstractChannelHandlerContext.java:366)
05-17 16:10:43.426 E/appium  (19210): 	at io.netty.channel.AbstractChannelHandlerContext.invokeChannelRead(AbstractChannelHandlerContext.java:352)
05-17 16:10:43.426 E/appium  (19210): 	at io.netty.channel.AbstractChannelHandlerContext.fireChannelRead(AbstractChannelHandlerContext.java:345)
05-17 16:10:43.426 E/appium  (19210): 	at io.netty.handler.codec.MessageToMessageDecoder.channelRead(MessageToMessageDecoder.java:102)
05-17 16:10:43.426 E/appium  (19210): 	at io.netty.channel.AbstractChannelHandlerContext.invokeChannelRead(AbstractChannelHandlerContext.java:366)
05-17 16:10:43.426 E/appium  (19210): 	at io.netty.channel.AbstractChannelHandlerContext.invokeChannelRead(AbstractChannelHandlerContext.java:352)
05-17 16:10:43.426 E/appium  (19210): 	at io.netty.channel.AbstractChannelHandlerContext.fireChannelRead(AbstractChannelHandlerContext.java:345)
05-17 16:10:43.426 E/appium  (19210): 	at io.netty.channel.CombinedChannelDuplexHandler$DelegatingChannelHandlerContext.fireChannelRead(CombinedChannelDuplexHandler.java:435)
05-17 16:10:43.426 E/appium  (19210): 	at io.netty.handler.codec.ByteToMessageDecoder.fireChannelRead(ByteToMessageDecoder.java:293)
05-17 16:10:43.426 E/appium  (19210): 	at io.netty.handler.codec.ByteToMessageDecoder.channelRead(ByteToMessageDecoder.java:267)
05-17 16:10:43.426 E/appium  (19210): 	at io.netty.channel.CombinedChannelDuplexHandler.channelRead(CombinedChannelDuplexHandler.java:250)
05-17 16:10:43.426 E/appium  (19210): 	at io.netty.channel.AbstractChannelHandlerContext.invokeChannelRead(AbstractChannelHandlerContext.java:366)
05-17 16:10:43.426 E/appium  (19210): 	at io.netty.channel.AbstractChannelHandlerContext.invokeChannelRead(AbstractChannelHandlerContext.java:352)
05-17 16:10:43.426 E/appium  (19210): 	at io.netty.channel.AbstractChannelHandlerContext.fireChannelRead(AbstractChannelHandlerContext.java:345)
05-17 16:10:43.426 E/appium  (19210): 	at io.netty.channel.DefaultChannelPipeline$HeadContext.channelRead(DefaultChannelPipeline.java:1294)
05-17 16:10:43.426 E/appium  (19210): 	at io.netty.channel.AbstractChannelHandlerContext.invokeChannelRead(AbstractChannelHandlerContext.java:366)
05-17 16:10:43.426 E/appium  (19210): 	at io.netty.channel.AbstractChannelHandlerContext.invokeChannelRead(AbstractChannelHandlerContext.java:352)
05-17 16:10:43.426 E/appium  (19210): 	at io.netty.channel.DefaultChannelPipeline.fireChannelRead(DefaultChannelPipeline.java:911)
05-17 16:10:43.426 E/appium  (19210): 	at io.netty.channel.nio.AbstractNioByteChannel$NioByteUnsafe.read(AbstractNioByteChannel.java:131)
05-17 16:10:43.426 E/appium  (19210): 	at io.netty.channel.nio.NioEventLoop.processSelectedKey(NioEventLoop.java:611)
05-17 16:10:43.426 E/appium  (19210): 	at io.netty.channel.nio.NioEventLoop.processSelectedKeysPlain(NioEventLoop.java:514)
05-17 16:10:43.426 E/appium  (19210): 	at io.netty.channel.nio.NioEventLoop.processSelectedKeys(NioEventLoop.java:468)
05-17 16:10:43.426 E/appium  (19210): 	at io.netty.channel.nio.NioEventLoop.run(NioEventLoop.java:438)
05-17 16:10:43.426 E/appium  (19210): 	at io.netty.util.concurrent.SingleThreadEventExecutor$2.run(SingleThreadEventExecutor.java:140)
05-17 16:10:43.426 E/appium  (19210): 	at io.netty.util.concurrent.DefaultThreadFactory$DefaultRunnableDecorator.run(DefaultThreadFactory.java:144)
05-17 16:10:43.426 E/appium  (19210): 	at java.lang.Thread.run(Thread.java:818)
05-17 16:10:44.021 E/appium  (19210): Element not found: 
05-17 16:10:44.021 E/appium  (19210): io.appium.uiautomator2.common.exceptions.ElementNotFoundException: Could not find an element using supplied strategy. 
05-17 16:10:44.021 E/appium  (19210): 	at io.appium.uiautomator2.handler.FindElement.getXPathUiObject(FindElement.java:80)
05-17 16:10:44.021 E/appium  (19210): 	at io.appium.uiautomator2.handler.FindElement.findElement(FindElement.java:153)
05-17 16:10:44.021 E/appium  (19210): 	at io.appium.uiautomator2.handler.FindElement.safeHandle(FindElement.java:102)
05-17 16:10:44.021 E/appium  (19210): 	at io.appium.uiautomator2.handler.request.SafeRequestHandler.handle(SafeRequestHandler.java:56)
05-17 16:10:44.021 E/appium  (19210): 	at io.appium.uiautomator2.server.AppiumServlet.handleRequest(AppiumServlet.java:202)
05-17 16:10:44.021 E/appium  (19210): 	at io.appium.uiautomator2.server.AppiumServlet.handleHttpRequest(AppiumServlet.java:193)
05-17 16:10:44.021 E/appium  (19210): 	at io.appium.uiautomator2.http.ServerHandler.channelRead(ServerHandler.java:44)
05-17 16:10:44.021 E/appium  (19210): 	at io.netty.channel.AbstractChannelHandlerContext.invokeChannelRead(AbstractChannelHandlerContext.java:366)
05-17 16:10:44.021 E/appium  (19210): 	at io.netty.channel.AbstractChannelHandlerContext.invokeChannelRead(AbstractChannelHandlerContext.java:352)
05-17 16:10:44.021 E/appium  (19210): 	at io.netty.channel.AbstractChannelHandlerContext.fireChannelRead(AbstractChannelHandlerContext.java:345)
05-17 16:10:44.021 E/appium  (19210): 	at io.netty.handler.codec.MessageToMessageDecoder.channelRead(MessageToMessageDecoder.java:102)
05-17 16:10:44.021 E/appium  (19210): 	at io.netty.channel.AbstractChannelHandlerContext.invokeChannelRead(AbstractChannelHandlerContext.java:366)
05-17 16:10:44.021 E/appium  (19210): 	at io.netty.channel.AbstractChannelHandlerContext.invokeChannelRead(AbstractChannelHandlerContext.java:352)
05-17 16:10:44.021 E/appium  (19210): 	at io.netty.channel.AbstractChannelHandlerContext.fireChannelRead(AbstractChannelHandlerContext.java:345)
05-17 16:10:44.021 E/appium  (19210): 	at io.netty.channel.CombinedChannelDuplexHandler$DelegatingChannelHandlerContext.fireChannelRead(CombinedChannelDuplexHandler.java:435)
05-17 16:10:44.021 E/appium  (19210): 	at io.netty.handler.codec.ByteToMessageDecoder.fireChannelRead(ByteToMessageDecoder.java:293)
05-17 16:10:44.021 E/appium  (19210): 	at io.netty.handler.codec.ByteToMessageDecoder.channelRead(ByteToMessageDecoder.java:267)
05-17 16:10:44.021 E/appium  (19210): 	at io.netty.channel.CombinedChannelDuplexHandler.channelRead(CombinedChannelDuplexHandler.java:250)
05-17 16:10:44.021 E/appium  (19210): 	at io.netty.channel.AbstractChannelHandlerContext.invokeChannelRead(AbstractChannelHandlerContext.java:366)
05-17 16:10:44.021 E/appium  (19210): 	at io.netty.channel.AbstractChannelHandlerContext.invokeChannelRead(AbstractChannelHandlerContext.java:352)
05-17 16:10:44.021 E/appium  (19210): 	at io.netty.channel.AbstractChannelHandlerContext.fireChannelRead(AbstractChannelHandlerContext.java:345)
05-17 16:10:44.021 E/appium  (19210): 	at io.netty.channel.DefaultChannelPipeline$HeadContext.channelRead(DefaultChannelPipeline.java:1294)
05-17 16:10:44.021 E/appium  (19210): 	at io.netty.channel.AbstractChannelHandlerContext.invokeChannelRead(AbstractChannelHandlerContext.java:366)
05-17 16:10:44.021 E/appium  (19210): 	at io.netty.channel.AbstractChannelHandlerContext.invokeChannelRead(AbstractChannelHandlerContext.java:352)
05-17 16:10:44.021 E/appium  (19210): 	at io.netty.channel.DefaultChannelPipeline.fireChannelRead(DefaultChannelPipeline.java:911)
05-17 16:10:44.021 E/appium  (19210): 	at io.netty.channel.nio.AbstractNioByteChannel$NioByteUnsafe.read(AbstractNioByteChannel.java:131)
05-17 16:10:44.021 E/appium  (19210): 	at io.netty.channel.nio.NioEventLoop.processSelectedKey(NioEventLoop.java:611)
05-17 16:10:44.021 E/appium  (19210): 	at io.netty.channel.nio.NioEventLoop.processSelectedKeysPlain(NioEventLoop.java:514)
05-17 16:10:44.021 E/appium  (19210): 	at io.netty.channel.nio.NioEventLoop.processSelectedKeys(NioEventLoop.java:468)
05-17 16:10:44.021 E/appium  (19210): 	at io.netty.channel.nio.NioEventLoop.run(NioEventLoop.java:438)
05-17 16:10:44.021 E/appium  (19210): 	at io.netty.util.concurrent.SingleThreadEventExecutor$2.run(SingleThreadEventExecutor.java:140)
05-17 16:10:44.021 E/appium  (19210): 	at io.netty.util.concurrent.DefaultThreadFactory$DefaultRunnableDecorator.run(DefaultThreadFactory.java:144)
05-17 16:10:44.021 E/appium  (19210): 	at java.lang.Thread.run(Thread.java:818)
05-17 16:10:44.419 E/WifiTrafficPoller(  851): TRAFFIC_STATS_POLL true Token 2406 num clients 18
05-17 16:10:44.421 E/WifiTrafficPoller(  851):  packet count Tx=1619035 Rx=5397381
05-17 16:10:44.708 E/appium  (19210): Element not found: 
05-17 16:10:44.708 E/appium  (19210): io.appium.uiautomator2.common.exceptions.ElementNotFoundException: Could not find an element using supplied strategy. 
05-17 16:10:44.708 E/appium  (19210): 	at io.appium.uiautomator2.handler.FindElement.getXPathUiObject(FindElement.java:80)
05-17 16:10:44.708 E/appium  (19210): 	at io.appium.uiautomator2.handler.FindElement.findElement(FindElement.java:153)
05-17 16:10:44.708 E/appium  (19210): 	at io.appium.uiautomator2.handler.FindElement.safeHandle(FindElement.java:102)
05-17 16:10:44.708 E/appium  (19210): 	at io.appium.uiautomator2.handler.request.SafeRequestHandler.handle(SafeRequestHandler.java:56)
05-17 16:10:44.708 E/appium  (19210): 	at io.appium.uiautomator2.server.AppiumServlet.handleRequest(AppiumServlet.java:202)
05-17 16:10:44.708 E/appium  (19210): 	at io.appium.uiautomator2.server.AppiumServlet.handleHttpRequest(AppiumServlet.java:193)
05-17 16:10:44.708 E/appium  (19210): 	at io.appium.uiautomator2.http.ServerHandler.channelRead(ServerHandler.java:44)
05-17 16:10:44.708 E/appium  (19210): 	at io.netty.channel.AbstractChannelHandlerContext.invokeChannelRead(AbstractChannelHandlerContext.java:366)
05-17 16:10:44.708 E/appium  (19210): 	at io.netty.channel.AbstractChannelHandlerContext.invokeChannelRead(AbstractChannelHandlerContext.java:352)
05-17 16:10:44.708 E/appium  (19210): 	at io.netty.channel.AbstractChannelHandlerContext.fireChannelRead(AbstractChannelHandlerContext.java:345)
05-17 16:10:44.708 E/appium  (19210): 	at io.netty.handler.codec.MessageToMessageDecoder.channelRead(MessageToMessageDecoder.java:102)
05-17 16:10:44.708 E/appium  (19210): 	at io.netty.channel.AbstractChannelHandlerContext.invokeChannelRead(AbstractChannelHandlerContext.java:366)
05-17 16:10:44.708 E/appium  (19210): 	at io.netty.channel.AbstractChannelHandlerContext.invokeChannelRead(AbstractChannelHandlerContext.java:352)
05-17 16:10:44.708 E/appium  (19210): 	at io.netty.channel.AbstractChannelHandlerContext.fireChannelRead(AbstractChannelHandlerContext.java:345)
05-17 16:10:44.708 E/appium  (19210): 	at io.netty.channel.CombinedChannelDuplexHandler$DelegatingChannelHandlerContext.fireChannelRead(CombinedChannelDuplexHandler.java:435)
05-17 16:10:44.708 E/appium  (19210): 	at io.netty.handler.codec.ByteToMessageDecoder.fireChannelRead(ByteToMessageDecoder.java:293)
05-17 16:10:44.708 E/appium  (19210): 	at io.netty.handler.codec.ByteToMessageDecoder.channelRead(ByteToMessageDecoder.java:267)
05-17 16:10:44.708 E/appium  (19210): 	at io.netty.channel.CombinedChannelDuplexHandler.channelRead(CombinedChannelDuplexHandler.java:250)
05-17 16:10:44.708 E/appium  (19210): 	at io.netty.channel.AbstractChannelHandlerContext.invokeChannelRead(AbstractChannelHandlerContext.java:366)
05-17 16:10:44.708 E/appium  (19210): 	at io.netty.channel.AbstractChannelHandlerContext.invokeChannelRead(AbstractChannelHandlerContext.java:352)
05-17 16:10:44.708 E/appium  (19210): 	at io.netty.channel.AbstractChannelHandlerContext.fireChannelRead(AbstractChannelHandlerContext.java:345)
