05-18 10:20:19.589 E/appium  (28402): 	at io.appium.uiautomator2.server.AppiumServlet.handleRequest(AppiumServlet.java:202)
05-18 10:20:19.589 E/appium  (28402): 	at io.appium.uiautomator2.server.AppiumServlet.handleHttpRequest(AppiumServlet.java:193)
05-18 10:20:19.589 E/appium  (28402): 	at io.appium.uiautomator2.http.ServerHandler.channelRead(ServerHandler.java:44)
05-18 10:20:19.589 E/appium  (28402): 	at io.netty.channel.AbstractChannelHandlerContext.invokeChannelRead(AbstractChannelHandlerContext.java:366)
05-18 10:20:19.589 E/appium  (28402): 	at io.netty.channel.AbstractChannelHandlerContext.invokeChannelRead(AbstractChannelHandlerContext.java:352)
05-18 10:20:19.589 E/appium  (28402): 	at io.netty.channel.AbstractChannelHandlerContext.fireChannelRead(AbstractChannelHandlerContext.java:345)
05-18 10:20:19.589 E/appium  (28402): 	at io.netty.handler.codec.MessageToMessageDecoder.channelRead(MessageToMessageDecoder.java:102)
05-18 10:20:19.589 E/appium  (28402): 	at io.netty.channel.AbstractChannelHandlerContext.invokeChannelRead(AbstractChannelHandlerContext.java:366)
05-18 10:20:19.589 E/appium  (28402): 	at io.netty.channel.AbstractChannelHandlerContext.invokeChannelRead(AbstractChannelHandlerContext.java:352)
05-18 10:20:19.589 E/appium  (28402): 	at io.netty.channel.AbstractChannelHandlerContext.fireChannelRead(AbstractChannelHandlerContext.java:345)
05-18 10:20:19.589 E/appium  (28402): 	at io.netty.channel.CombinedChannelDuplexHandler$DelegatingChannelHandlerContext.fireChannelRead(CombinedChannelDuplexHandler.java:435)
05-18 10:20:19.589 E/appium  (28402): 	at io.netty.handler.codec.ByteToMessageDecoder.fireChannelRead(ByteToMessageDecoder.java:293)
05-18 10:20:19.589 E/appium  (28402): 	at io.netty.handler.codec.ByteToMessageDecoder.channelRead(ByteToMessageDecoder.java:267)
05-18 10:20:19.589 E/appium  (28402): 	at io.netty.channel.CombinedChannelDuplexHandler.channelRead(CombinedChannelDuplexHandler.java:250)
05-18 10:20:19.589 E/appium  (28402): 	at io.netty.channel.AbstractChannelHandlerContext.invokeChannelRead(AbstractChannelHandlerContext.java:366)
05-18 10:20:19.589 E/appium  (28402): 	at io.netty.channel.AbstractChannelHandlerContext.invokeChannelRead(AbstractChannelHandlerContext.java:352)
05-18 10:20:19.589 E/appium  (28402): 	at io.netty.channel.AbstractChannelHandlerContext.fireChannelRead(AbstractChannelHandlerContext.java:345)
05-18 10:20:19.589 E/appium  (28402): 	at io.netty.channel.DefaultChannelPipeline$HeadContext.channelRead(DefaultChannelPipeline.java:1294)
05-18 10:20:19.589 E/appium  (28402): 	at io.netty.channel.AbstractChannelHandlerContext.invokeChannelRead(AbstractChannelHandlerContext.java:366)
05-18 10:20:19.589 E/appium  (28402): 	at io.netty.channel.AbstractChannelHandlerContext.invokeChannelRead(AbstractChannelHandlerContext.java:352)
05-18 10:20:19.589 E/appium  (28402): 	at io.netty.channel.DefaultChannelPipeline.fireChannelRead(DefaultChannelPipeline.java:911)
05-18 10:20:19.589 E/appium  (28402): 	at io.netty.channel.nio.AbstractNioByteChannel$NioByteUnsafe.read(AbstractNioByteChannel.java:131)
05-18 10:20:19.589 E/appium  (28402): 	at io.netty.channel.nio.NioEventLoop.processSelectedKey(NioEventLoop.java:611)
05-18 10:20:19.589 E/appium  (28402): 	at io.netty.channel.nio.NioEventLoop.processSelectedKeysPlain(NioEventLoop.java:514)
05-18 10:20:19.589 E/appium  (28402): 	at io.netty.channel.nio.NioEventLoop.processSelectedKeys(NioEventLoop.java:468)
05-18 10:20:19.589 E/appium  (28402): 	at io.netty.channel.nio.NioEventLoop.run(NioEventLoop.java:438)
05-18 10:20:19.589 E/appium  (28402): 	at io.netty.util.concurrent.SingleThreadEventExecutor$2.run(SingleThreadEventExecutor.java:140)
05-18 10:20:19.589 E/appium  (28402): 	at io.netty.util.concurrent.DefaultThreadFactory$DefaultRunnableDecorator.run(DefaultThreadFactory.java:144)
05-18 10:20:19.589 E/appium  (28402): 	at java.lang.Thread.run(Thread.java:818)
05-18 10:20:19.752 E/WifiStateMachine(  851):  ConnectedState (when=0 what=147461!SCAN_RESULTS_EVENT 0 0 found=61 known=0 got=61 bcn=0 con=0
05-18 10:20:19.752 E/WifiStateMachine(  851):  L2ConnectedState (when=0 what=147461!SCAN_RESULTS_EVENT 0 0 found=61 known=0 got=61 bcn=0 con=0
05-18 10:20:19.752 E/WifiStateMachine(  851):  ConnectModeState (when=-1ms what=147461!SCAN_RESULTS_EVENT 0 0 found=61 known=0 got=61 bcn=0 con=0
05-18 10:20:19.753 E/WifiStateMachine(  851):  DriverStartedState (when=-1ms what=147461!SCAN_RESULTS_EVENT 0 0 found=61 known=0 got=61 bcn=0 con=0
05-18 10:20:19.753 E/WifiStateMachine(  851):  SupplicantStartedState (when=-1ms what=147461!SCAN_RESULTS_EVENT 0 0 found=61 known=0 got=61 bcn=0 con=0
05-18 10:20:19.753 E/WifiStateMachine(  851): [1,495,074,019,753 ms] noteScanEnd WorkSource{10066} onTime=0
05-18 10:20:19.770 E/WifiStateMachine(  851): wifi setScanResults statecom.android.server.wifi.WifiStateMachine$ConnectedState@a5e02f3 sup_state=COMPLETED debouncing=false mConnectionRequests=0 selection=<none>
05-18 10:20:19.828 E/WifiStateMachine(  851):  ConnectedState (when=0 what=131143 arg1=10066 arg2=3062) !CMD_START_SCAN 10066 3062 ic=0 proc(ms):0 dur:1633 cnt=1459 rssi=-50 f=5785 sc=80 link=135 tx=11.4, 0.0, 0.0  rx=22.5 fiv=20000 [on:0 tx:0 rx:0 period:828] from screen [on:0 period:612578900]
05-18 10:20:19.828 E/WifiStateMachine(  851):  L2ConnectedState (when=-1ms what=131143 arg1=10066 arg2=3062) !CMD_START_SCAN 10066 3062 ic=0 proc(ms):1 dur:1633 cnt=1459 rssi=-50 f=5785 sc=80 link=135 tx=11.4, 0.0, 0.0  rx=22.5 fiv=20000 [on:0 tx:0 rx:0 period:0] from screen [on:0 period:612578900]
05-18 10:20:19.828 E/WifiStateMachine(  851): WifiStateMachine CMD_START_SCAN source 10066 txSuccessRate=11.39 rxSuccessRate=22.53 targetRoamBSSID=any RSSI=-50
05-18 10:20:20.423 E/appium  (28402): Element not found: 
05-18 10:20:20.423 E/appium  (28402): io.appium.uiautomator2.common.exceptions.ElementNotFoundException: Could not find an element using supplied strategy. 
05-18 10:20:20.423 E/appium  (28402): 	at io.appium.uiautomator2.handler.FindElement.getXPathUiObject(FindElement.java:80)
05-18 10:20:20.423 E/appium  (28402): 	at io.appium.uiautomator2.handler.FindElement.findElement(FindElement.java:153)
05-18 10:20:20.423 E/appium  (28402): 	at io.appium.uiautomator2.handler.FindElement.safeHandle(FindElement.java:102)
05-18 10:20:20.423 E/appium  (28402): 	at io.appium.uiautomator2.handler.request.SafeRequestHandler.handle(SafeRequestHandler.java:56)
05-18 10:20:20.423 E/appium  (28402): 	at io.appium.uiautomator2.server.AppiumServlet.handleRequest(AppiumServlet.java:202)
05-18 10:20:20.423 E/appium  (28402): 	at io.appium.uiautomator2.server.AppiumServlet.handleHttpRequest(AppiumServlet.java:193)
05-18 10:20:20.423 E/appium  (28402): 	at io.appium.uiautomator2.http.ServerHandler.channelRead(ServerHandler.java:44)
05-18 10:20:20.423 E/appium  (28402): 	at io.netty.channel.AbstractChannelHandlerContext.invokeChannelRead(AbstractChannelHandlerContext.java:366)
05-18 10:20:20.423 E/appium  (28402): 	at io.netty.channel.AbstractChannelHandlerContext.invokeChannelRead(AbstractChannelHandlerContext.java:352)
05-18 10:20:20.423 E/appium  (28402): 	at io.netty.channel.AbstractChannelHandlerContext.fireChannelRead(AbstractChannelHandlerContext.java:345)
05-18 10:20:20.423 E/appium  (28402): 	at io.netty.handler.codec.MessageToMessageDecoder.channelRead(MessageToMessageDecoder.java:102)
05-18 10:20:20.423 E/appium  (28402): 	at io.netty.channel.AbstractChannelHandlerContext.invokeChannelRead(AbstractChannelHandlerContext.java:366)
05-18 10:20:20.423 E/appium  (28402): 	at io.netty.channel.AbstractChannelHandlerContext.invokeChannelRead(AbstractChannelHandlerContext.java:352)
05-18 10:20:20.423 E/appium  (28402): 	at io.netty.channel.AbstractChannelHandlerContext.fireChannelRead(AbstractChannelHandlerContext.java:345)
05-18 10:20:20.423 E/appium  (28402): 	at io.netty.channel.CombinedChannelDuplexHandler$DelegatingChannelHandlerContext.fireChannelRead(CombinedChannelDuplexHandler.java:435)
05-18 10:20:20.423 E/appium  (28402): 	at io.netty.handler.codec.ByteToMessageDecoder.fireChannelRead(ByteToMessageDecoder.java:293)
05-18 10:20:20.423 E/appium  (28402): 	at io.netty.handler.codec.ByteToMessageDecoder.channelRead(ByteToMessageDecoder.java:267)
05-18 10:20:20.423 E/appium  (28402): 	at io.netty.channel.CombinedChannelDuplexHandler.channelRead(CombinedChannelDuplexHandler.java:250)
05-18 10:20:20.423 E/appium  (28402): 	at io.netty.channel.AbstractChannelHandlerContext.invokeChannelRead(AbstractChannelHandlerContext.java:366)
05-18 10:20:20.423 E/appium  (28402): 	at io.netty.channel.AbstractChannelHandlerContext.invokeChannelRead(AbstractChannelHandlerContext.java:352)
05-18 10:20:20.423 E/appium  (28402): 	at io.netty.channel.AbstractChannelHandlerContext.fireChannelRead(AbstractChannelHandlerContext.java:345)
05-18 10:20:20.423 E/appium  (28402): 	at io.netty.channel.DefaultChannelPipeline$HeadContext.channelRead(DefaultChannelPipeline.java:1294)
05-18 10:20:20.423 E/appium  (28402): 	at io.netty.channel.AbstractChannelHandlerContext.invokeChannelRead(AbstractChannelHandlerContext.java:366)
05-18 10:20:20.423 E/appium  (28402): 	at io.netty.channel.AbstractChannelHandlerContext.invokeChannelRead(AbstractChannelHandlerContext.java:352)
05-18 10:20:20.423 E/appium  (28402): 	at io.netty.channel.DefaultChannelPipeline.fireChannelRead(DefaultChannelPipeline.java:911)
05-18 10:20:20.423 E/appium  (28402): 	at io.netty.channel.nio.AbstractNioByteChannel$NioByteUnsafe.read(AbstractNioByteChannel.java:131)
05-18 10:20:20.423 E/appium  (28402): 	at io.netty.channel.nio.NioEventLoop.processSelectedKey(NioEventLoop.java:611)
05-18 10:20:20.423 E/appium  (28402): 	at io.netty.channel.nio.NioEventLoop.processSelectedKeysPlain(NioEventLoop.java:514)
05-18 10:20:20.423 E/appium  (28402): 	at io.netty.channel.nio.NioEventLoop.processSelectedKeys(NioEventLoop.java:468)
05-18 10:20:20.423 E/appium  (28402): 	at io.netty.channel.nio.NioEventLoop.run(NioEventLoop.java:438)
05-18 10:20:20.423 E/appium  (28402): 	at io.netty.util.concurrent.SingleThreadEventExecutor$2.run(SingleThreadEventExecutor.java:140)
05-18 10:20:20.423 E/appium  (28402): 	at io.netty.util.concurrent.DefaultThreadFactory$DefaultRunnableDecorator.run(DefaultThreadFactory.java:144)
05-18 10:20:20.423 E/appium  (28402): 	at java.lang.Thread.run(Thread.java:818)
05-18 10:20:20.458 E/AKAD    (28713): java.net.SocketTimeoutException: failed to connect to show-m.mediav.com/180.163.255.159 (port 443) after 2000ms
05-18 10:20:20.458 E/AKAD    (28713): java.net.SocketTimeoutException: failed to connect to show-m.mediav.com/180.163.255.159 (port 443) after 2000ms
05-18 10:20:20.458 E/AKAD    (28713): 	at libcore.io.IoBridge.connectErrno(IoBridge.java:189)
05-18 10:20:20.458 E/AKAD    (28713): 	at libcore.io.IoBridge.connect(IoBridge.java:127)
05-18 10:20:20.458 E/AKAD    (28713): 	at java.net.PlainSocketImpl.connect(PlainSocketImpl.java:188)
05-18 10:20:20.458 E/AKAD    (28713): 	at java.net.PlainSocketImpl.connect(PlainSocketImpl.java:461)
05-18 10:20:20.458 E/AKAD    (28713): 	at java.net.Socket.connect(Socket.java:918)
05-18 10:20:20.458 E/AKAD    (28713): 	at com.android.okhttp.internal.Platform.connectSocket(Platform.java:174)
05-18 10:20:20.458 E/AKAD    (28713): 	at com.android.okhttp.Connection.connect(Connection.java:152)
05-18 10:20:20.458 E/AKAD    (28713): 	at com.android.okhttp.internal.http.HttpEngine.connect(HttpEngine.java:282)
05-18 10:20:20.458 E/AKAD    (28713): 	at com.android.okhttp.internal.http.HttpEngine.sendRequest(HttpEngine.java:216)
05-18 10:20:20.458 E/AKAD    (28713): 	at com.android.okhttp.internal.http.HttpURLConnectionImpl.execute(HttpURLConnectionImpl.java:391)
05-18 10:20:20.458 E/AKAD    (28713): 	at com.android.okhttp.internal.http.HttpURLConnectionImpl.connect(HttpURLConnectionImpl.java:106)
05-18 10:20:20.458 E/AKAD    (28713): 	at com.android.okhttp.internal.http.HttpURLConnectionImpl.getOutputStream(HttpURLConnectionImpl.java:217)
05-18 10:20:20.458 E/AKAD    (28713): 	at com.android.okhttp.internal.http.DelegatingHttpsURLConnection.getOutputStream(DelegatingHttpsURLConnection.java:218)
05-18 10:20:20.458 E/AKAD    (28713): 	at com.android.okhttp.internal.http.HttpsURLConnectionImpl.getOutputStream(HttpsURLConnectionImpl.java:25)
05-18 10:20:20.458 E/AKAD    (28713): 	at com.ak.android.base.e.d.a(news:43)
05-18 10:20:20.458 E/AKAD    (28713): 	at com.ak.android.base.e.b.run(news:179)
05-18 10:20:20.458 E/AKAD    (28713): 	at java.util.concurrent.ThreadPoolExecutor.runWorker(ThreadPoolExecutor.java:1112)
05-18 10:20:20.458 E/AKAD    (28713): 	at java.util.concurrent.ThreadPoolExecutor$Worker.run(ThreadPoolExecutor.java:587)
05-18 10:20:20.458 E/AKAD    (28713): 	at java.lang.Thread.run(Thread.java:818)
05-18 10:20:20.469 E/AKAD    (28713): no ad
05-18 10:20:20.476 E/WifiTrafficPoller(  851): TRAFFIC_STATS_POLL true Token 2644 num clients 18
05-18 10:20:20.477 E/WifiTrafficPoller(  851):  packet count Tx=1833284 Rx=5926166
05-18 10:20:20.778 E/CoreDaemonUtils(28675): getLibDir/data/app/com.qihoo.appstore-2/lib/arm
05-18 10:20:20.971 E/appium  (28402): Element not found: 
05-18 10:20:20.971 E/appium  (28402): io.appium.uiautomator2.common.exceptions.ElementNotFoundException: Could not find an element using supplied strategy. 
05-18 10:20:20.971 E/appium  (28402): 	at io.appium.uiautomator2.handler.FindElement.getXPathUiObject(FindElement.java:80)
05-18 10:20:20.971 E/appium  (28402): 	at io.appium.uiautomator2.handler.FindElement.findElement(FindElement.java:153)
05-18 10:20:20.971 E/appium  (28402): 	at io.appium.uiautomator2.handler.FindElement.safeHandle(FindElement.java:102)
05-18 10:20:20.971 E/appium  (28402): 	at io.appium.uiautomator2.handler.request.SafeRequestHandler.handle(SafeRequestHandler.java:56)
05-18 10:20:20.971 E/appium  (28402): 	at io.appium.uiautomator2.server.AppiumServlet.handleRequest(AppiumServlet.java:202)
05-18 10:20:20.971 E/appium  (28402): 	at io.appium.uiautomator2.server.AppiumServlet.handleHttpRequest(AppiumServlet.java:193)
05-18 10:20:20.971 E/appium  (28402): 	at io.appium.uiautomator2.http.ServerHandler.channelRead(ServerHandler.java:44)
05-18 10:20:20.971 E/appium  (28402): 	at io.netty.channel.AbstractChannelHandlerContext.invokeChannelRead(AbstractChannelHandlerContext.java:366)
05-18 10:20:20.971 E/appium  (28402): 	at io.netty.channel.AbstractChannelHandlerContext.invokeChannelRead(AbstractChannelHandlerContext.java:352)
05-18 10:20:20.971 E/appium  (28402): 	at io.netty.channel.AbstractChannelHandlerContext.fireChannelRead(AbstractChannelHandlerContext.java:345)
05-18 10:20:20.971 E/appium  (28402): 	at io.netty.handler.codec.MessageToMessageDecoder.channelRead(MessageToMessageDecoder.java:102)
05-18 10:20:20.971 E/appium  (28402): 	at io.netty.channel.AbstractChannelHandlerContext.invokeChannelRead(AbstractChannelHandlerContext.java:366)
05-18 10:20:20.971 E/appium  (28402): 	at io.netty.channel.AbstractChannelHandlerContext.invokeChannelRead(AbstractChannelHandlerContext.java:352)
05-18 10:20:20.971 E/appium  (28402): 	at io.netty.channel.AbstractChannelHandlerContext.fireChannelRead(AbstractChannelHandlerContext.java:345)
05-18 10:20:20.971 E/appium  (28402): 	at io.netty.channel.CombinedChannelDuplexHandler$DelegatingChannelHandlerContext.fireChannelRead(CombinedChannelDuplexHandler.java:435)
05-18 10:20:20.971 E/appium  (28402): 	at io.netty.handler.codec.ByteToMessageDecoder.fireChannelRead(ByteToMessageDecoder.java:293)
05-18 10:20:20.971 E/appium  (28402): 	at io.netty.handler.codec.ByteToMessageDecoder.channelRead(ByteToMessageDecoder.java:267)
05-18 10:20:20.971 E/appium  (28402): 	at io.netty.channel.CombinedChannelDuplexHandler.channelRead(CombinedChannelDuplexHandler.java:250)
05-18 10:20:20.971 E/appium  (28402): 	at io.netty.channel.AbstractChannelHandlerContext.invokeChannelRead(AbstractChannelHandlerContext.java:366)
05-18 10:20:20.971 E/appium  (28402): 	at io.netty.channel.AbstractChannelHandlerContext.invokeChannelRead(AbstractChannelHandlerContext.java:352)
05-18 10:20:20.971 E/appium  (28402): 	at io.netty.channel.AbstractChannelHandlerContext.fireChannelRead(AbstractChannelHandlerContext.java:345)
05-18 10:20:20.971 E/appium  (28402): 	at io.netty.channel.DefaultChannelPipeline$HeadContext.channelRead(DefaultChannelPipeline.java:1294)
05-18 10:20:20.971 E/appium  (28402): 	at io.netty.channel.AbstractChannelHandlerContext.invokeChannelRead(AbstractChannelHandlerContext.java:366)
05-18 10:20:20.971 E/appium  (28402): 	at io.netty.channel.AbstractChannelHandlerContext.invokeChannelRead(AbstractChannelHandlerContext.java:352)
05-18 10:20:20.971 E/appium  (28402): 	at io.netty.channel.DefaultChannelPipeline.fireChannelRead(DefaultChannelPipeline.java:911)
05-18 10:20:20.971 E/appium  (28402): 	at io.netty.channel.nio.AbstractNioByteChannel$NioByteUnsafe.read(AbstractNioByteChannel.java:131)
05-18 10:20:20.971 E/appium  (28402): 	at io.netty.channel.nio.NioEventLoop.processSelectedKey(NioEventLoop.java:611)
05-18 10:20:20.971 E/appium  (28402): 	at io.netty.channel.nio.NioEventLoop.processSelectedKeysPlain(NioEventLoop.java:514)
05-18 10:20:20.971 E/appium  (28402): 	at io.netty.channel.nio.NioEventLoop.processSelectedKeys(NioEventLoop.java:468)
05-18 10:20:20.971 E/appium  (28402): 	at io.netty.channel.nio.NioEventLoop.run(NioEventLoop.java:438)
05-18 10:20:20.971 E/appium  (28402): 	at io.netty.util.concurrent.SingleThreadEventExecutor$2.run(SingleThreadEventExecutor.java:140)
05-18 10:20:20.971 E/appium  (28402): 	at io.netty.util.concurrent.DefaultThreadFactory$DefaultRunnableDecorator.run(DefaultThreadFactory.java:144)
05-18 10:20:20.971 E/appium  (28402): 	at java.lang.Thread.run(Thread.java:818)
05-18 10:20:21.477 E/WifiTrafficPoller(  851): TRAFFIC_STATS_POLL true Token 2644 num clients 18
05-18 10:20:21.478 E/WifiTrafficPoller(  851):  packet count Tx=1833287 Rx=5926177
05-18 10:20:21.559 E/lowmemorykiller(  277): Error writing /proc/27209/oom_score_adj; errno=22
05-18 10:20:21.633 E/SQLiteLog( 2186): (2067) abort at 16 in [INSERT INTO read_installed_apps(pkgname,is_force,status,last_server_status) VALUES (?,?,?,?)]: UNIQUE constraint failed: read_installed_apps.pkgname
05-18 10:20:21.634 E/SQLiteDatabase( 2186): Error inserting pkgname=inIJQ61dlbGt72mPRbeyEQ==
05-18 10:20:21.634 E/SQLiteDatabase( 2186):  is_force=0 status=2 last_server_status=2
05-18 10:20:21.634 E/SQLiteDatabase( 2186): android.database.sqlite.SQLiteConstraintException: UNIQUE constraint failed: read_installed_apps.pkgname (code 2067)
05-18 10:20:21.634 E/SQLiteDatabase( 2186): 	at android.database.sqlite.SQLiteConnection.nativeExecuteForLastInsertedRowId(Native Method)
05-18 10:20:21.634 E/SQLiteDatabase( 2186): 	at android.database.sqlite.SQLiteConnection.executeForLastInsertedRowId(SQLiteConnection.java:791)
05-18 10:20:21.634 E/SQLiteDatabase( 2186): 	at android.database.sqlite.SQLiteSession.executeForLastInsertedRowId(SQLiteSession.java:788)
05-18 10:20:21.634 E/SQLiteDatabase( 2186): 	at android.database.sqlite.SQLiteStatement.executeInsert(SQLiteStatement.java:86)
05-18 10:20:21.634 E/SQLiteDatabase( 2186): 	at android.database.sqlite.SQLiteDatabase.insertWithOnConflict(SQLiteDatabase.java:1501)
05-18 10:20:21.634 E/SQLiteDatabase( 2186): 	at android.database.sqlite.SQLiteDatabase.insert(SQLiteDatabase.java:1371)
05-18 10:20:21.634 E/SQLiteDatabase( 2186): 	at com.iqoo.secure.provider.SecureProvider.insert(SecureProvider.java:655)
05-18 10:20:21.634 E/SQLiteDatabase( 2186): 	at android.content.ContentProvider$Transport.insert(ContentProvider.java:279)
05-18 10:20:21.634 E/SQLiteDatabase( 2186): 	at android.content.ContentResolver.insert(ContentResolver.java:1256)
05-18 10:20:21.634 E/SQLiteDatabase( 2186): 	at com.iqoo.secure.safeguard.ReadInstalledAppsService.insertXmlInfoDB(ReadInstalledAppsService.java:424)
05-18 10:20:21.634 E/SQLiteDatabase( 2186): 	at com.iqoo.secure.safeguard.ReadInstalledAppsService.onAppAdded(ReadInstalledAppsService.java:220)
05-18 10:20:21.634 E/SQLiteDatabase( 2186): 	at com.iqoo.secure.safeguard.ReadInstalledAppsService.onHandleIntent(ReadInstalledAppsService.java:147)
05-18 10:20:21.634 E/SQLiteDatabase( 2186): 	at com.iqoo.secure.safeguard.ReadInstalledAppsService.access$100(ReadInstalledAppsService.java:26)
05-18 10:20:21.634 E/SQLiteDatabase( 2186): 	at com.iqoo.secure.safeguard.ReadInstalledAppsService$ServiceHandler.handleMessage(ReadInstalledAppsService.java:63)
05-18 10:20:21.634 E/SQLiteDatabase( 2186): 	at android.os.Handler.dispatchMessage(Handler.java:111)
05-18 10:20:21.634 E/SQLiteDatabase( 2186): 	at android.os.Looper.loop(Looper.java:194)
05-18 10:20:21.634 E/SQLiteDatabase( 2186): 	at android.os.HandlerThread.run(HandlerThread.java:61)
05-18 10:20:21.688 E/NotificationService(  851): Suppressing notification from package com.qihoo.appstore by user request.
05-18 10:20:21.698 E/NotificationService(  851): Suppressing notification from package com.qihoo.appstore by user request.
05-18 10:20:21.797 E/NotificationService(  851): Suppressing notification from package com.qihoo.appstore by user request.
05-18 10:20:21.819 E/NotificationService(  851): Suppressing notification from package com.qihoo.appstore by user request.
05-18 10:20:21.899 E/NotificationService(  851): Suppressing notification from package com.qihoo.appstore by user request.
05-18 10:20:21.901 E/NotificationService(  851): Suppressing notification from package com.qihoo.appstore by user request.
05-18 10:20:22.000 E/WifiStateMachine(  851):  ConnectedState (when=-1ms what=131155 arg1=591!CMD_RSSI_POLL 591 0 "BOCO-office" 94:b4:0f:68:a4:b1 rssi=-50 f=5785 sc=80 link=135 tx=11.4, 0.0, 0.0  rx=22.5 bcn=0 [on:0 tx:0 rx:0 period:2171] from screen [on:0 period:612581072] gl rssi=-50 ag=0 hr ticks 314,77,49 ls-=0 [56,56,60,60,65] brc=0 lrc=0
05-18 10:20:22.000 E/WifiStateMachine(  851):  L2ConnectedState (when=-2ms what=131155 arg1=591!CMD_RSSI_POLL 591 0 "BOCO-office" 94:b4:0f:68:a4:b1 rssi=-50 f=5785 sc=80 link=135 tx=11.4, 0.0, 0.0  rx=22.5 bcn=0 [on:0 tx:0 rx:0 period:0] from screen [on:0 period:612581072] gl rssi=-50 ag=0 hr ticks 314,77,49 ls-=0 [56,56,60,60,65] brc=0 lrc=0
05-18 10:20:22.001 E/WifiStateMachine(  851):  get link layer stats 0
05-18 10:20:22.003 E/WifiStateMachine(  851): calculateWifiScore() we set wifi's score to 1000, so will always set wifi as a default network.
05-18 10:20:22.233 E/SurfaceFlinger(  285): onDraw: bindTextureImage test
05-18 10:20:22.250 E/SurfaceFlinger(  285): onDraw: bindTextureImage test
05-18 10:20:22.257 E/NotificationService(  851): Suppressing notification from package com.qihoo.appstore by user request.
05-18 10:20:22.259 E/NotificationService(  851): Suppressing notification from package com.qihoo.appstore by user request.
05-18 10:20:22.267 E/SurfaceFlinger(  285): onDraw: bindTextureImage test
05-18 10:20:22.283 E/SurfaceFlinger(  285): onDraw: bindTextureImage test
05-18 10:20:22.300 E/SurfaceFlinger(  285): onDraw: bindTextureImage test
05-18 10:20:22.317 E/SurfaceFlinger(  285): onDraw: bindTextureImage test
05-18 10:20:22.334 E/SurfaceFlinger(  285): onDraw: bindTextureImage test
05-18 10:20:22.351 E/SurfaceFlinger(  285): onDraw: bindTextureImage test
05-18 10:20:22.367 E/SurfaceFlinger(  285): onDraw: bindTextureImage test
05-18 10:20:22.384 E/SurfaceFlinger(  285): onDraw: bindTextureImage test
05-18 10:20:22.402 E/SurfaceFlinger(  285): onDraw: bindTextureImage test
05-18 10:20:22.418 E/SurfaceFlinger(  285): onDraw: bindTextureImage test
05-18 10:20:22.435 E/SurfaceFlinger(  285): onDraw: bindTextureImage test
05-18 10:20:22.452 E/SurfaceFlinger(  285): onDraw: bindTextureImage test
05-18 10:20:22.468 E/SurfaceFlinger(  285): onDraw: bindTextureImage test
05-18 10:20:22.477 E/WifiTrafficPoller(  851): TRAFFIC_STATS_POLL true Token 2644 num clients 18
05-18 10:20:22.478 E/WifiTrafficPoller(  851):  packet count Tx=1833295 Rx=5926198
05-18 10:20:22.485 E/SurfaceFlinger(  285): onDraw: bindTextureImage test
05-18 10:20:22.504 E/SurfaceFlinger(  285): onDraw: bindTextureImage test
05-18 10:20:22.726 E/memtrack(29062): Couldn't load memtrack module (No such file or directory)
05-18 10:20:22.726 E/android.os.Debug(29062): failed to load memtrack module: -2
05-18 10:20:23.011 E/NotificationService(  851): Suppressing notification from package com.qihoo.appstore by user request.
05-18 10:20:23.014 E/NotificationService(  851): Suppressing notification from package com.qihoo.appstore by user request.
05-18 10:20:23.070 E/DaemonThread(28675): countProcess => 0
05-18 10:20:23.479 E/WifiTrafficPoller(  851): TRAFFIC_STATS_POLL true Token 2644 num clients 18
05-18 10:20:23.479 E/WifiTrafficPoller(  851):  packet count Tx=1833302 Rx=5926215
05-18 10:20:23.499 E/NativeCrypto(28713): ssl=0xe0d04c00 cert_verify_callback x509_store_ctx=0xddaf8170 arg=0x0
05-18 10:20:23.499 E/NativeCrypto(28713): ssl=0xe0d04c00 cert_verify_callback calling verifyCertificateChain authMethod=ECDHE_RSA
05-18 10:20:23.680 E/SurfaceFlinger(  285): onDraw: bindTextureImage test
05-18 10:20:23.697 E/SurfaceFlinger(  285): onDraw: bindTextureImage test
05-18 10:20:23.714 E/SurfaceFlinger(  285): onDraw: bindTextureImage test
05-18 10:20:23.731 E/SurfaceFlinger(  285): onDraw: bindTextureImage test
05-18 10:20:23.747 E/SurfaceFlinger(  285): onDraw: bindTextureImage test
05-18 10:20:23.759 E/fpc_jni ( 1924): abortNative()
05-18 10:20:23.764 E/SurfaceFlinger(  285): onDraw: bindTextureImage test
05-18 10:20:23.782 E/SurfaceFlinger(  285): onDraw: bindTextureImage test
05-18 10:20:23.848 E/SurfaceFlinger(  285): onDraw: bindTextureImage test
05-18 10:20:23.865 E/SurfaceFlinger(  285): onDraw: bindTextureImage test
05-18 10:20:23.882 E/SurfaceFlinger(  285): onDraw: bindTextureImage test
05-18 10:20:23.899 E/SurfaceFlinger(  285): onDraw: bindTextureImage test
05-18 10:20:23.916 E/SurfaceFlinger(  285): onDraw: bindTextureImage test
05-18 10:20:23.933 E/SurfaceFlinger(  285): onDraw: bindTextureImage test
05-18 10:20:23.949 E/SurfaceFlinger(  285): onDraw: bindTextureImage test
05-18 10:20:24.321 E/memtrack(28942): Couldn't load memtrack module (No such file or directory)
05-18 10:20:24.321 E/android.os.Debug(28942): failed to load memtrack module: -2
05-18 10:20:24.480 E/WifiTrafficPoller(  851): TRAFFIC_STATS_POLL true Token 2644 num clients 18
05-18 10:20:24.480 E/WifiTrafficPoller(  851):  packet count Tx=1833316 Rx=5926239
05-18 10:20:24.715 E/CoreDaemon(29117): getProcessName com.qihoo.appstore_CoreDaemon
05-18 10:20:24.728 E/CoreDaemon(29118): getProcessName com.qihoo.appstore_CoreDaemon
05-18 10:20:25.006 E/WifiStateMachine(  851):  ConnectedState (when=-2ms what=131155 arg1=591!CMD_RSSI_POLL 591 0 "BOCO-office" 94:b4:0f:68:a4:b1 rssi=-51 f=5785 sc=80 link=135 tx=9.7, 0.0, 0.0  rx=27.3 bcn=0 [on:0 tx:0 rx:0 period:3001] from screen [on:0 period:612584078] gl rssi=-51 ag=0 hr ticks 314,77,49 ls-=0 [56,56,60,60,65] brc=0 lrc=0
05-18 10:20:25.007 E/WifiStateMachine(  851):  L2ConnectedState (when=-3ms what=131155 arg1=591!CMD_RSSI_POLL 591 0 "BOCO-office" 94:b4:0f:68:a4:b1 rssi=-51 f=5785 sc=80 link=135 tx=9.7, 0.0, 0.0  rx=27.3 bcn=0 [on:0 tx:0 rx:0 period:1] from screen [on:0 period:612584079] gl rssi=-51 ag=0 hr ticks 314,77,49 ls-=0 [56,56,60,60,65] brc=0 lrc=0
05-18 10:20:25.007 E/WifiStateMachine(  851):  get link layer stats 0
05-18 10:20:25.009 E/WifiStateMachine(  851): calculateWifiScore() we set wifi's score to 1000, so will always set wifi as a default network.
05-18 10:20:25.481 E/WifiTrafficPoller(  851): TRAFFIC_STATS_POLL true Token 2644 num clients 18
05-18 10:20:25.482 E/WifiTrafficPoller(  851):  packet count Tx=1833320 Rx=5926264
05-18 10:20:26.482 E/WifiTrafficPoller(  851): TRAFFIC_STATS_POLL true Token 2644 num clients 18
05-18 10:20:26.482 E/WifiTrafficPoller(  851):  packet count Tx=1833321 Rx=5926275
05-18 10:20:26.544 E/---RankingListAppFragment---(28448): onResume
05-18 10:20:27.483 E/WifiTrafficPoller(  851): TRAFFIC_STATS_POLL true Token 2644 num clients 18
05-18 10:20:27.483 E/WifiTrafficPoller(  851):  packet count Tx=1833323 Rx=5926287
05-18 10:20:28.014 E/WifiStateMachine(  851):  ConnectedState (when=-4ms what=131155 arg1=591!CMD_RSSI_POLL 591 0 "BOCO-office" 94:b4:0f:68:a4:b1 rssi=-51 f=5785 sc=80 link=135 tx=20.3, 0.0, 0.0  rx=46.6 bcn=0 [on:0 tx:0 rx:0 period:3003] from screen [on:0 period:612587086] gl rssi=-51 ag=0 hr ticks 314,77,49 ls-=0 [56,56,60,60,65] brc=0 lrc=0
05-18 10:20:28.015 E/WifiStateMachine(  851):  L2ConnectedState (when=-5ms what=131155 arg1=591!CMD_RSSI_POLL 591 0 "BOCO-office" 94:b4:0f:68:a4:b1 rssi=-51 f=5785 sc=80 link=135 tx=20.3, 0.0, 0.0  rx=46.6 bcn=0 [on:0 tx:0 rx:0 period:1] from screen [on:0 period:612587087] gl rssi=-51 ag=0 hr ticks 314,77,49 ls-=0 [56,56,60,60,65] brc=0 lrc=0
05-18 10:20:28.015 E/WifiStateMachine(  851):  get link layer stats 0
05-18 10:20:28.030 E/WifiStateMachine(  851): calculateWifiScore() we set wifi's score to 1000, so will always set wifi as a default network.
05-18 10:20:28.484 E/WifiTrafficPoller(  851): TRAFFIC_STATS_POLL true Token 2644 num clients 18
05-18 10:20:28.485 E/WifiTrafficPoller(  851):  packet count Tx=1833324 Rx=5926303
05-18 10:20:29.486 E/WifiTrafficPoller(  851): TRAFFIC_STATS_POLL true Token 2644 num clients 18
05-18 10:20:29.486 E/WifiTrafficPoller(  851):  packet count Tx=1833324 Rx=5926309
05-18 10:20:29.486 E/WifiTrafficPoller(  851): notifying of data activity 1
05-18 10:20:30.488 E/WifiTrafficPoller(  851): TRAFFIC_STATS_POLL true Token 2644 num clients 18
05-18 10:20:30.489 E/WifiTrafficPoller(  851):  packet count Tx=1833334 Rx=5926328
05-18 10:20:30.489 E/WifiTrafficPoller(  851): notifying of data activity 3
05-18 10:20:30.749 E/SurfaceFlinger(  285): onDraw: bindTextureImage test
05-18 10:20:30.765 E/SurfaceFlinger(  285): onDraw: bindTextureImage test
05-18 10:20:30.782 E/SurfaceFlinger(  285): onDraw: bindTextureImage test
05-18 10:20:30.799 E/SurfaceFlinger(  285): onDraw: bindTextureImage test
05-18 10:20:30.816 E/SurfaceFlinger(  285): onDraw: bindTextureImage test
05-18 10:20:30.833 E/SurfaceFlinger(  285): onDraw: bindTextureImage test
05-18 10:20:31.034 E/WifiStateMachine(  851):  ConnectedState (when=-3ms what=131155 arg1=591!CMD_RSSI_POLL 591 0 "BOCO-office" 94:b4:0f:68:a4:b1 rssi=-49 f=5785 sc=80 link=135 tx=12.7, 0.0, 0.0  rx=43.3 bcn=0 [on:0 tx:0 rx:0 period:3002] from screen [on:0 period:612590106] gl rssi=-49 ag=0 hr ticks 314,77,49 ls-=0 [56,56,60,60,65] brc=0 lrc=0
05-18 10:20:31.035 E/WifiStateMachine(  851):  L2ConnectedState (when=-4ms what=131155 arg1=591!CMD_RSSI_POLL 591 0 "BOCO-office" 94:b4:0f:68:a4:b1 rssi=-49 f=5785 sc=80 link=135 tx=12.7, 0.0, 0.0  rx=43.3 bcn=0 [on:0 tx:0 rx:0 period:1] from screen [on:0 period:612590107] gl rssi=-49 ag=0 hr ticks 314,77,49 ls-=0 [56,56,60,60,65] brc=0 lrc=0
05-18 10:20:31.035 E/WifiStateMachine(  851):  get link layer stats 0
05-18 10:20:31.038 E/WifiStateMachine(  851): calculateWifiScore() we set wifi's score to 1000, so will always set wifi as a default network.
05-18 10:20:31.490 E/WifiTrafficPoller(  851): TRAFFIC_STATS_POLL true Token 2644 num clients 18
05-18 10:20:31.490 E/WifiTrafficPoller(  851):  packet count Tx=1833335 Rx=5926344
05-18 10:20:32.491 E/WifiTrafficPoller(  851): TRAFFIC_STATS_POLL true Token 2644 num clients 18
05-18 10:20:32.491 E/WifiTrafficPoller(  851):  packet count Tx=1833335 Rx=5926358
05-18 10:20:32.491 E/WifiTrafficPoller(  851): notifying of data activity 1
05-18 10:20:32.695 E/MPlugin (29142): Unsupported class: com.mediatek.common.telephony.IOnlyOwnerSimSupport
05-18 10:20:33.221 E/SurfaceFlinger(  285): onDraw: bindTextureImage test
05-18 10:20:33.238 E/SurfaceFlinger(  285): onDraw: bindTextureImage test
05-18 10:20:33.255 E/SurfaceFlinger(  285): onDraw: bindTextureImage test
05-18 10:20:33.272 E/SurfaceFlinger(  285): onDraw: bindTextureImage test
05-18 10:20:33.493 E/WifiTrafficPoller(  851): TRAFFIC_STATS_POLL true Token 2644 num clients 18
05-18 10:20:33.495 E/WifiTrafficPoller(  851):  packet count Tx=1833348 Rx=5926381
05-18 10:20:33.495 E/WifiTrafficPoller(  851): notifying of data activity 3
05-18 10:20:33.709 E/SurfaceFlinger(  285): onDraw: bindTextureImage test
05-18 10:20:33.726 E/SurfaceFlinger(  285): onDraw: bindTextureImage test
05-18 10:20:33.743 E/SurfaceFlinger(  285): onDraw: bindTextureImage test
05-18 10:20:33.760 E/SurfaceFlinger(  285): onDraw: bindTextureImage test
05-18 10:20:33.777 E/SurfaceFlinger(  285): onDraw: bindTextureImage test
05-18 10:20:33.794 E/SurfaceFlinger(  285): onDraw: bindTextureImage test
05-18 10:20:33.811 E/SurfaceFlinger(  285): onDraw: bindTextureImage test
05-18 10:20:33.884 E/MPlugin (29142): Unsupported class: com.mediatek.common.telephony.IOnlyOwnerSimSupport
05-18 10:20:34.043 E/WifiStateMachine(  851):  ConnectedState (when=-4ms what=131155 arg1=591!CMD_RSSI_POLL 591 0 "BOCO-office" 94:b4:0f:68:a4:b1 rssi=-49 f=5785 sc=80 link=135 tx=11.8, 0.0, 0.0  rx=42.7 bcn=0 [on:0 tx:0 rx:0 period:3002] from screen [on:0 period:612593114] gl rssi=-49 ag=0 hr ticks 314,77,49 ls-=0 [56,56,60,60,65] brc=0 lrc=0
05-18 10:20:34.043 E/WifiStateMachine(  851):  L2ConnectedState (when=-5ms what=131155 arg1=591!CMD_RSSI_POLL 591 0 "BOCO-office" 94:b4:0f:68:a4:b1 rssi=-49 f=5785 sc=80 link=135 tx=11.8, 0.0, 0.0  rx=42.7 bcn=0 [on:0 tx:0 rx:0 period:1] from screen [on:0 period:612593115] gl rssi=-49 ag=0 hr ticks 314,77,49 ls-=0 [56,56,60,60,65] brc=0 lrc=0
05-18 10:20:34.043 E/WifiStateMachine(  851):  get link layer stats 0
05-18 10:20:34.046 E/WifiStateMachine(  851): calculateWifiScore() we set wifi's score to 1000, so will always set wifi as a default network.
05-18 10:20:34.113 E/SurfaceFlinger(  285): onDraw: bindTextureImage test
05-18 10:20:34.497 E/WifiTrafficPoller(  851): TRAFFIC_STATS_POLL true Token 2644 num clients 18
05-18 10:20:34.498 E/WifiTrafficPoller(  851):  packet count Tx=1833358 Rx=5926408
05-18 10:20:35.498 E/WifiTrafficPoller(  851): TRAFFIC_STATS_POLL true Token 2644 num clients 18
05-18 10:20:35.498 E/WifiTrafficPoller(  851):  packet count Tx=1833359 Rx=5926420
05-18 10:20:36.499 E/WifiTrafficPoller(  851): TRAFFIC_STATS_POLL true Token 2644 num clients 18
05-18 10:20:36.500 E/WifiTrafficPoller(  851):  packet count Tx=1833359 Rx=5926438
05-18 10:20:36.500 E/WifiTrafficPoller(  851): notifying of data activity 1
05-18 10:20:37.049 E/WifiStateMachine(  851):  ConnectedState (when=-2ms what=131155 arg1=591!CMD_RSSI_POLL 591 0 "BOCO-office" 94:b4:0f:68:a4:b1 rssi=-49 f=5785 sc=80 link=135 tx=16.4, 0.0, 0.0  rx=51.8 bcn=0 [on:0 tx:0 rx:0 period:2999] from screen [on:0 period:612596121] gl rssi=-49 ag=0 hr ticks 314,77,49 ls-=0 [56,56,60,60,65] brc=0 lrc=0
05-18 10:20:37.052 E/WifiStateMachine(  851):  L2ConnectedState (when=-4ms what=131155 arg1=591!CMD_RSSI_POLL 591 0 "BOCO-office" 94:b4:0f:68:a4:b1 rssi=-49 f=5785 sc=80 link=135 tx=16.4, 0.0, 0.0  rx=51.8 bcn=0 [on:0 tx:0 rx:0 period:2] from screen [on:0 period:612596123] gl rssi=-49 ag=0 hr ticks 314,77,49 ls-=0 [56,56,60,60,65] brc=0 lrc=0
05-18 10:20:37.052 E/WifiStateMachine(  851):  get link layer stats 0
05-18 10:20:37.058 E/WifiStateMachine(  851): calculateWifiScore() we set wifi's score to 1000, so will always set wifi as a default network.
05-18 10:20:37.507 E/WifiTrafficPoller(  851): TRAFFIC_STATS_POLL true Token 2644 num clients 18
05-18 10:20:37.508 E/WifiTrafficPoller(  851):  packet count Tx=1833359 Rx=5926451
05-18 10:20:37.801 E/getServiceXML(29142): http://211.138.252.146:18060/MOBILE/rest/mobileService/directserv/SERVICE_CODE_620
05-18 10:20:37.999 E/SurfaceFlinger(  285): onDraw: bindTextureImage test
05-18 10:20:38.015 E/SurfaceFlinger(  285): onDraw: bindTextureImage test
05-18 10:20:38.029 E/ProxyApplyCancleActivity(29142): <?xml version="1.0" encoding="UTF-8"?><SERVICE><RETURNCODE>1</RETURNCODE><MESSAGE>6</MESSAGE><recordList><record><ID>586</ID><APPLY_STAFNAME></APPLY_STAFNAME><APPLY_DATE>2017-05-16 11:06:42.0</APPLY_DATE><APPLYREASON>1212121212</APPLYREASON><BEGIN_DATE>2015-08-13 11:16:00.0</BEGIN_DATE><END_DATE>2018-08-14 11:16:00.0</END_DATE><PROXY_STAFFNAME>test</PROXY_STAFFNAME></record><record><ID>582</ID><APPLY_STAFNAME></APPLY_STAFNAME><APPLY_DATE>2017-05-15 17:34:44.0</APPLY_DATE><APPLYREASON>4223</APPLYREASON><BEGIN_DATE>2017-05-15 17:34:00.0</BEGIN_DATE><END_DATE>2017-05-15 17:34:00.0</END_DATE><PROXY_STAFFNAME>test</PROXY_STAFFNAME></record><record><ID>583</ID><APPLY_STAFNAME></APPLY_STAFNAME><APPLY_DATE>2017-05-15 17:35:26.0</APPLY_DATE><APPLYREASON>122</APPLYREASON><BEGIN_DATE>2017-05-15 17:35:00.0</BEGIN_DATE><END_DATE>2017-05-15 17:35:00.0</END_DATE><PROXY_STAFFNAME>test</PROXY_STAFFNAME></record><record><ID>585</ID><APPLY_STAFNAME></APPLY_STAFNAME><APPLY_DATE>2017-05-16 10:37:26.0</APPLY_DATE><APPLYREASON>121222121</APPLYREASON><BEGIN_DATE>2014-09-13 11:13:00.0</BEGIN_DATE><END_DATE>2017-05-16 10:37:00.0</END_DATE><PROXY_STAFFNAME>test</PROXY_STAFFNAME></record><record><ID>584</ID><APPLY_STAFNAME></APPLY_STAFNAME><APPLY_DATE>2017-05-16 10:20:16.0</APPLY_DATE><APPLYREASON>122</APPLYREASON><BEGIN_DATE>2014-09-13 11:15:00.0</BEGIN_DATE><END_DATE>2018-09-13 11:15:00.0</END_DATE><PROXY_STAFFNAME>test</PROXY_STAFFNAME></record><record><ID>590</ID><APPLY_STAFNAME></APPLY_STAFNAME><APPLY_DATE>2017-05-18 10:15:44.0</APPLY_DATE><APPLYREASON></APPLYREASON><BEGIN_DATE>2015-08-13 11:16:00.0</BEGIN_DATE><END_DATE>2018-08-13 11:16:00.0</END_DATE><PROXY_STAFFNAME>test</PROXY_STAFFNAME></record></recordList></SERVICE>
05-18 10:20:38.032 E/SurfaceFlinger(  285): onDraw: bindTextureImage test
05-18 10:20:38.049 E/SurfaceFlinger(  285): onDraw: bindTextureImage test
05-18 10:20:38.083 E/SurfaceFlinger(  285): onDraw: bindTextureImage test
05-18 10:20:38.099 E/SurfaceFlinger(  285): onDraw: bindTextureImage test
05-18 10:20:38.116 E/SurfaceFlinger(  285): onDraw: bindTextureImage test
05-18 10:20:38.133 E/SurfaceFlinger(  285): onDraw: bindTextureImage test
05-18 10:20:38.150 E/SurfaceFlinger(  285): onDraw: bindTextureImage test
05-18 10:20:38.167 E/SurfaceFlinger(  285): onDraw: bindTextureImage test
05-18 10:20:38.184 E/SurfaceFlinger(  285): onDraw: bindTextureImage test
05-18 10:20:38.509 E/WifiTrafficPoller(  851): TRAFFIC_STATS_POLL true Token 2644 num clients 18
05-18 10:20:38.510 E/WifiTrafficPoller(  851):  packet count Tx=1833365 Rx=5926470
05-18 10:20:38.510 E/WifiTrafficPoller(  851): notifying of data activity 3
05-18 10:20:39.512 E/WifiTrafficPoller(  851): TRAFFIC_STATS_POLL true Token 2644 num clients 18
05-18 10:20:39.512 E/WifiTrafficPoller(  851):  packet count Tx=1833367 Rx=5926479
05-18 10:20:40.062 E/WifiStateMachine(  851):  ConnectedState (when=-3ms what=131155 arg1=591!CMD_RSSI_POLL 591 0 "BOCO-office" 94:b4:0f:68:a4:b1 rssi=-48 f=5785 sc=80 link=135 tx=9.7, 0.0, 0.0  rx=51.4 bcn=0 [on:0 tx:0 rx:0 period:2999] from screen [on:0 period:612599134] gl rssi=-48 ag=0 hr ticks 314,77,49 ls-=0 [56,56,60,60,65] brc=0 lrc=0
05-18 10:20:40.063 E/WifiStateMachine(  851):  L2ConnectedState (when=-4ms what=131155 arg1=591!CMD_RSSI_POLL 591 0 "BOCO-office" 94:b4:0f:68:a4:b1 rssi=-48 f=5785 sc=80 link=135 tx=9.7, 0.0, 0.0  rx=51.4 bcn=0 [on:0 tx:0 rx:0 period:1] from screen [on:0 period:612599135] gl rssi=-48 ag=0 hr ticks 314,77,49 ls-=0 [56,56,60,60,65] brc=0 lrc=0
05-18 10:20:40.063 E/WifiStateMachine(  851):  get link layer stats 0
05-18 10:20:40.080 E/WifiStateMachine(  851): calculateWifiScore() we set wifi's score to 1000, so will always set wifi as a default network.
05-18 10:20:40.513 E/WifiTrafficPoller(  851): TRAFFIC_STATS_POLL true Token 2644 num clients 18
05-18 10:20:40.513 E/WifiTrafficPoller(  851):  packet count Tx=1833369 Rx=5926491
05-18 10:20:41.514 E/WifiTrafficPoller(  851): TRAFFIC_STATS_POLL true Token 2644 num clients 18
05-18 10:20:41.515 E/WifiTrafficPoller(  851):  packet count Tx=1833371 Rx=5926505
05-18 10:20:42.515 E/WifiTrafficPoller(  851): TRAFFIC_STATS_POLL true Token 2644 num clients 18
05-18 10:20:42.516 E/WifiTrafficPoller(  851):  packet count Tx=1833371 Rx=5926518
05-18 10:20:42.516 E/WifiTrafficPoller(  851): notifying of data activity 1
05-18 10:20:43.084 E/WifiStateMachine(  851):  ConnectedState (when=-4ms what=131155 arg1=591!CMD_RSSI_POLL 591 0 "BOCO-office" 94:b4:0f:68:a4:b1 rssi=-48 f=5785 sc=80 link=135 tx=8.9, 0.0, 0.0  rx=45.7 bcn=0 [on:0 tx:0 rx:0 period:3000] from screen [on:0 period:612602156] gl rssi=-48 ag=0 hr ticks 314,77,49 ls-=0 [56,56,60,60,65] brc=0 lrc=0
05-18 10:20:43.087 E/WifiStateMachine(  851):  L2ConnectedState (when=-6ms what=131155 arg1=591!CMD_RSSI_POLL 591 0 "BOCO-office" 94:b4:0f:68:a4:b1 rssi=-48 f=5785 sc=80 link=135 tx=8.9, 0.0, 0.0  rx=45.7 bcn=0 [on:0 tx:0 rx:0 period:2] from screen [on:0 period:612602158] gl rssi=-48 ag=0 hr ticks 314,77,49 ls-=0 [56,56,60,60,65] brc=0 lrc=0
05-18 10:20:43.087 E/WifiStateMachine(  851):  get link layer stats 0
05-18 10:20:43.111 E/WifiStateMachine(  851): calculateWifiScore() we set wifi's score to 1000, so will always set wifi as a default network.
05-18 10:20:43.516 E/WifiTrafficPoller(  851): TRAFFIC_STATS_POLL true Token 2644 num clients 18
05-18 10:20:43.518 E/WifiTrafficPoller(  851):  packet count Tx=1833373 Rx=5926529
05-18 10:20:43.518 E/WifiTrafficPoller(  851): notifying of data activity 3
05-18 10:20:44.526 E/WifiTrafficPoller(  851): TRAFFIC_STATS_POLL true Token 2644 num clients 18
05-18 10:20:44.527 E/WifiTrafficPoller(  851):  packet count Tx=1833373 Rx=5926540
05-18 10:20:44.527 E/WifiTrafficPoller(  851): notifying of data activity 1
05-18 10:20:45.546 E/WifiTrafficPoller(  851): TRAFFIC_STATS_POLL true Token 2644 num clients 18
05-18 10:20:45.546 E/WifiTrafficPoller(  851):  packet count Tx=1833373 Rx=5926555
05-18 10:20:45.565 E/getServiceXML(29142): http://211.138.252.146:18060/MOBILE/rest/mobileService/directserv/SERVICE_CODE_620
05-18 10:20:45.651 E/SurfaceFlinger(  285): onDraw: bindTextureImage test
05-18 10:20:45.667 E/SurfaceFlinger(  285): onDraw: bindTextureImage test
05-18 10:20:45.684 E/SurfaceFlinger(  285): onDraw: bindTextureImage test
05-18 10:20:45.701 E/SurfaceFlinger(  285): onDraw: bindTextureImage test
05-18 10:20:45.719 E/SurfaceFlinger(  285): onDraw: bindTextureImage test
05-18 10:20:45.735 E/SurfaceFlinger(  285): onDraw: bindTextureImage test
05-18 10:20:45.752 E/SurfaceFlinger(  285): onDraw: bindTextureImage test
05-18 10:20:45.769 E/SurfaceFlinger(  285): onDraw: bindTextureImage test
05-18 10:20:45.786 E/SurfaceFlinger(  285): onDraw: bindTextureImage test
05-18 10:20:45.831 E/ProxyApplyCancleActivity(29142): <?xml version="1.0" encoding="UTF-8"?><SERVICE><RETURNCODE>1</RETURNCODE><MESSAGE></MESSAGE></SERVICE>
05-18 10:20:45.887 E/SurfaceFlinger(  285): onDraw: bindTextureImage test
05-18 10:20:45.903 E/SurfaceFlinger(  285): onDraw: bindTextureImage test
05-18 10:20:45.920 E/SurfaceFlinger(  285): onDraw: bindTextureImage test
05-18 10:20:45.937 E/SurfaceFlinger(  285): onDraw: bindTextureImage test
05-18 10:20:45.953 E/SurfaceFlinger(  285): onDraw: bindTextureImage test
05-18 10:20:45.970 E/SurfaceFlinger(  285): onDraw: bindTextureImage test
05-18 10:20:45.987 E/SurfaceFlinger(  285): onDraw: bindTextureImage test
05-18 10:20:46.004 E/SurfaceFlinger(  285): onDraw: bindTextureImage test
05-18 10:20:46.114 E/WifiStateMachine(  851):  ConnectedState (when=-2ms what=131155 arg1=591!CMD_RSSI_POLL 591 0 "BOCO-office" 94:b4:0f:68:a4:b1 rssi=-47 f=5785 sc=80 link=135 tx=6.4, 0.0, 0.0  rx=41.9 bcn=0 [on:0 tx:0 rx:0 period:2997] from screen [on:0 period:612605186] gl rssi=-47 ag=0 hr ticks 314,77,49 ls-=0 [56,56,60,60,65] brc=0 lrc=0
05-18 10:20:46.115 E/WifiStateMachine(  851):  L2ConnectedState (when=-3ms what=131155 arg1=591!CMD_RSSI_POLL 591 0 "BOCO-office" 94:b4:0f:68:a4:b1 rssi=-47 f=5785 sc=80 link=135 tx=6.4, 0.0, 0.0  rx=41.9 bcn=0 [on:0 tx:0 rx:0 period:0] from screen [on:0 period:612605186] gl rssi=-47 ag=0 hr ticks 314,77,49 ls-=0 [56,56,60,60,65] brc=0 lrc=0
05-18 10:20:46.115 E/WifiStateMachine(  851):  get link layer stats 0
05-18 10:20:46.118 E/WifiStateMachine(  851): calculateWifiScore() we set wifi's score to 1000, so will always set wifi as a default network.
05-18 10:20:46.125 E/SurfaceFlinger(  285): onDraw: bindTextureImage test
05-18 10:20:46.138 E/SurfaceFlinger(  285): onDraw: bindTextureImage test
05-18 10:20:46.155 E/SurfaceFlinger(  285): onDraw: bindTextureImage test
05-18 10:20:46.172 E/SurfaceFlinger(  285): onDraw: bindTextureImage test
05-18 10:20:46.189 E/SurfaceFlinger(  285): onDraw: bindTextureImage test
05-18 10:20:46.206 E/SurfaceFlinger(  285): onDraw: bindTextureImage test
05-18 10:20:46.222 E/SurfaceFlinger(  285): onDraw: bindTextureImage test
05-18 10:20:46.241 E/SurfaceFlinger(  285): onDraw: bindTextureImage test
05-18 10:20:46.258 E/SurfaceFlinger(  285): onDraw: bindTextureImage test
05-18 10:20:46.274 E/SurfaceFlinger(  285): onDraw: bindTextureImage test
05-18 10:20:46.290 E/SurfaceFlinger(  285): onDraw: bindTextureImage test
05-18 10:20:46.307 E/SurfaceFlinger(  285): onDraw: bindTextureImage test
05-18 10:20:46.324 E/SurfaceFlinger(  285): onDraw: bindTextureImage test
05-18 10:20:46.340 E/SurfaceFlinger(  285): onDraw: bindTextureImage test
05-18 10:20:46.357 E/SurfaceFlinger(  285): onDraw: bindTextureImage test
05-18 10:20:46.374 E/SurfaceFlinger(  285): onDraw: bindTextureImage test
05-18 10:20:46.390 E/SurfaceFlinger(  285): onDraw: bindTextureImage test
05-18 10:20:46.407 E/SurfaceFlinger(  285): onDraw: bindTextureImage test
05-18 10:20:46.424 E/SurfaceFlinger(  285): onDraw: bindTextureImage test
05-18 10:20:46.440 E/SurfaceFlinger(  285): onDraw: bindTextureImage test
05-18 10:20:46.457 E/SurfaceFlinger(  285): onDraw: bindTextureImage test
05-18 10:20:46.474 E/SurfaceFlinger(  285): onDraw: bindTextureImage test
05-18 10:20:46.492 E/SurfaceFlinger(  285): onDraw: bindTextureImage test
05-18 10:20:46.509 E/SurfaceFlinger(  285): onDraw: bindTextureImage test
05-18 10:20:46.526 E/SurfaceFlinger(  285): onDraw: bindTextureImage test
05-18 10:20:46.543 E/SurfaceFlinger(  285): onDraw: bindTextureImage test
05-18 10:20:46.547 E/WifiTrafficPoller(  851): TRAFFIC_STATS_POLL true Token 2644 num clients 18
05-18 10:20:46.549 E/WifiTrafficPoller(  851):  packet count Tx=1833378 Rx=5926568
05-18 10:20:46.549 E/WifiTrafficPoller(  851): notifying of data activity 3
05-18 10:20:46.561 E/SurfaceFlinger(  285): onDraw: bindTextureImage test
05-18 10:20:46.575 E/SurfaceFlinger(  285): onDraw: bindTextureImage test
05-18 10:20:47.559 E/WifiTrafficPoller(  851): TRAFFIC_STATS_POLL true Token 2644 num clients 18
05-18 10:20:47.560 E/WifiTrafficPoller(  851):  packet count Tx=1833380 Rx=5926579
05-18 10:20:48.230 E/CellLocation(28713): create GsmCellLocation
05-18 10:20:48.242 E/CellLocation(28713): create GsmCellLocation
05-18 10:20:48.309 E/memtrack(29191): Couldn't load memtrack module (No such file or directory)
05-18 10:20:48.309 E/android.os.Debug(29191): failed to load memtrack module: -2
05-18 10:20:48.555 E/libprocessgroup(  851): failed to kill 1 processes for processgroup 28448
05-18 10:20:48.562 E/WifiTrafficPoller(  851): TRAFFIC_STATS_POLL true Token 2644 num clients 18
05-18 10:20:48.563 E/WifiTrafficPoller(  851):  packet count Tx=1833405 Rx=5926598
05-18 10:20:49.071 E/ztesoft_andorid_pn_XmppManager(29142): Unknown error while registering XMPP account! internal-server-error
05-18 10:20:49.123 E/WifiStateMachine(  851):  ConnectedState (when=-3ms what=131155 arg1=591!CMD_RSSI_POLL 591 0 "BOCO-office" 94:b4:0f:68:a4:b1 rssi=-48 f=5785 sc=80 link=135 tx=6.7, 0.0, 0.0  rx=40.4 bcn=0 [on:0 tx:0 rx:0 period:3001] from screen [on:0 period:612608194] gl rssi=-48 ag=0 hr ticks 314,77,49 ls-=0 [56,56,60,60,65] brc=0 lrc=0
05-18 10:20:49.126 E/WifiStateMachine(  851):  L2ConnectedState (when=-6ms what=131155 arg1=591!CMD_RSSI_POLL 591 0 "BOCO-office" 94:b4:0f:68:a4:b1 rssi=-48 f=5785 sc=80 link=135 tx=6.7, 0.0, 0.0  rx=40.4 bcn=0 [on:0 tx:0 rx:0 period:4] from screen [on:0 period:612608198] gl rssi=-48 ag=0 hr ticks 314,77,49 ls-=0 [56,56,60,60,65] brc=0 lrc=0
05-18 10:20:49.126 E/WifiStateMachine(  851):  get link layer stats 0
05-18 10:20:49.131 E/WifiStateMachine(  851): calculateWifiScore() we set wifi's score to 1000, so will always set wifi as a default network.
05-18 10:20:49.453 E/SurfaceFlinger(  285): onDraw: bindTextureImage test
05-18 10:20:49.469 E/SurfaceFlinger(  285): onDraw: bindTextureImage test
05-18 10:20:49.485 E/SurfaceFlinger(  285): onDraw: bindTextureImage test
05-18 10:20:49.504 E/SurfaceFlinger(  285): onDraw: bindTextureImage test
05-18 10:20:49.520 E/SurfaceFlinger(  285): onDraw: bindTextureImage test
05-18 10:20:49.537 E/SurfaceFlinger(  285): onDraw: bindTextureImage test
05-18 10:20:49.554 E/SurfaceFlinger(  285): onDraw: bindTextureImage test
05-18 10:20:49.564 E/WifiTrafficPoller(  851): TRAFFIC_STATS_POLL true Token 2644 num clients 18
05-18 10:20:49.565 E/WifiTrafficPoller(  851):  packet count Tx=1833428 Rx=5926615
05-18 10:20:49.571 E/SurfaceFlinger(  285): onDraw: bindTextureImage test
05-18 10:20:49.588 E/SurfaceFlinger(  285): onDraw: bindTextureImage test
05-18 10:20:49.604 E/SurfaceFlinger(  285): onDraw: bindTextureImage test
05-18 10:20:49.621 E/SurfaceFlinger(  285): onDraw: bindTextureImage test
05-18 10:20:49.638 E/SurfaceFlinger(  285): onDraw: bindTextureImage test
05-18 10:20:49.655 E/SurfaceFlinger(  285): onDraw: bindTextureImage test
05-18 10:20:49.672 E/SurfaceFlinger(  285): onDraw: bindTextureImage test
