05-19 17:01:09.172 E/android.os.Debug(21393): failed to load memtrack module: -2
05-19 17:01:09.202 E/cutils-trace(21393): Error opening trace file: No such file or directory (2)
05-19 17:01:10.542 E/memtrack(21408): Couldn't load memtrack module (No such file or directory)
05-19 17:01:10.542 E/android.os.Debug(21408): failed to load memtrack module: -2
05-19 17:01:10.562 E/cutils-trace(21408): Error opening trace file: No such file or directory (2)
05-19 17:01:12.062 E/memtrack(21422): Couldn't load memtrack module (No such file or directory)
05-19 17:01:12.062 E/android.os.Debug(21422): failed to load memtrack module: -2
05-19 17:01:12.082 E/cutils-trace(21422): Error opening trace file: No such file or directory (2)
05-19 17:01:13.342 E/memtrack(21438): Couldn't load memtrack module (No such file or directory)
05-19 17:01:13.342 E/android.os.Debug(21438): failed to load memtrack module: -2
05-19 17:01:13.372 E/cutils-trace(21438): Error opening trace file: No such file or directory (2)
05-19 17:01:14.542 E/memtrack(21454): Couldn't load memtrack module (No such file or directory)
05-19 17:01:14.542 E/android.os.Debug(21454): failed to load memtrack module: -2
05-19 17:01:14.582 E/cutils-trace(21454): Error opening trace file: No such file or directory (2)
05-19 17:01:15.272 E/memtrack(21466): Couldn't load memtrack module (No such file or directory)
05-19 17:01:15.272 E/android.os.Debug(21466): failed to load memtrack module: -2
05-19 17:01:15.292 E/cutils-trace(21466): Error opening trace file: No such file or directory (2)
05-19 17:01:16.082 E/memtrack(21478): Couldn't load memtrack module (No such file or directory)
05-19 17:01:16.082 E/android.os.Debug(21478): failed to load memtrack module: -2
05-19 17:01:16.102 E/cutils-trace(21478): Error opening trace file: No such file or directory (2)
05-19 17:01:16.982 E/memtrack(21490): Couldn't load memtrack module (No such file or directory)
05-19 17:01:16.982 E/android.os.Debug(21490): failed to load memtrack module: -2
05-19 17:01:17.002 E/cutils-trace(21490): Error opening trace file: No such file or directory (2)
05-19 17:01:17.762 E/memtrack(21502): Couldn't load memtrack module (No such file or directory)
05-19 17:01:17.762 E/android.os.Debug(21502): failed to load memtrack module: -2
05-19 17:01:17.792 E/cutils-trace(21502): Error opening trace file: No such file or directory (2)
05-19 17:01:18.932 E/memtrack(21518): Couldn't load memtrack module (No such file or directory)
05-19 17:01:18.932 E/android.os.Debug(21518): failed to load memtrack module: -2
05-19 17:01:18.962 E/cutils-trace(21518): Error opening trace file: No such file or directory (2)
05-19 17:01:19.642 E/memtrack(21532): Couldn't load memtrack module (No such file or directory)
05-19 17:01:19.642 E/android.os.Debug(21532): failed to load memtrack module: -2
05-19 17:01:19.662 E/cutils-trace(21532): Error opening trace file: No such file or directory (2)
05-19 17:01:23.662 E/memtrack(21551): Couldn't load memtrack module (No such file or directory)
05-19 17:01:23.662 E/android.os.Debug(21551): failed to load memtrack module: -2
05-19 17:01:23.702 E/cutils-trace(21551): Error opening trace file: No such file or directory (2)
05-19 17:01:24.622 E/memtrack(21563): Couldn't load memtrack module (No such file or directory)
05-19 17:01:24.622 E/android.os.Debug(21563): failed to load memtrack module: -2
05-19 17:01:24.642 E/cutils-trace(21563): Error opening trace file: No such file or directory (2)
05-19 17:01:25.422 E/memtrack(21575): Couldn't load memtrack module (No such file or directory)
05-19 17:01:25.422 E/android.os.Debug(21575): failed to load memtrack module: -2
05-19 17:01:25.482 E/Cataloger( 1207): syncFile:/storage/emulated/0/Android/data/com.boco.apphall/cache
05-19 17:01:25.482 E/Cataloger( 1207): syncFile:/storage/emulated/0/Android/data/com.boco.apphall
05-19 17:01:25.492 E/cutils-trace(21575): Error opening trace file: No such file or directory (2)
05-19 17:01:26.342 E/memtrack(21599): Couldn't load memtrack module (No such file or directory)
05-19 17:01:26.342 E/android.os.Debug(21599): failed to load memtrack module: -2
05-19 17:01:26.372 E/cutils-trace(21599): Error opening trace file: No such file or directory (2)
05-19 17:01:27.122 E/memtrack(21611): Couldn't load memtrack module (No such file or directory)
05-19 17:01:27.122 E/android.os.Debug(21611): failed to load memtrack module: -2
05-19 17:01:27.152 E/cutils-trace(21611): Error opening trace file: No such file or directory (2)
05-19 17:01:28.132 E/memtrack(21625): Couldn't load memtrack module (No such file or directory)
05-19 17:01:28.132 E/android.os.Debug(21625): failed to load memtrack module: -2
05-19 17:01:28.152 E/cutils-trace(21625): Error opening trace file: No such file or directory (2)
05-19 17:01:28.732 E/memtrack(21637): Couldn't load memtrack module (No such file or directory)
05-19 17:01:28.732 E/android.os.Debug(21637): failed to load memtrack module: -2
05-19 17:01:31.062 E/memtrack(21668): Couldn't load memtrack module (No such file or directory)
05-19 17:01:31.062 E/android.os.Debug(21668): failed to load memtrack module: -2
05-19 17:01:31.382 E/Cataloger( 1207): syncFile:/storage/emulated/0/Android/data/com.boco.apphall
05-19 17:01:31.382 E/Cataloger( 1207): 创建一个目录:/storage/emulated/0/Android/data/com.boco.apphall
05-19 17:01:31.382 E/Cataloger( 1207): 扫描新建目录：/storage/emulated/0/Android/data/com.boco.apphall
05-19 17:01:31.412 E/Cataloger( 1207): syncFile:/storage/emulated/0/Android/data/com.boco.apphall/cache
05-19 17:01:31.412 E/Cataloger( 1207): 创建一个目录:/storage/emulated/0/Android/data/com.boco.apphall/cache
05-19 17:01:31.412 E/Cataloger( 1207): 扫描新建目录：/storage/emulated/0/Android/data/com.boco.apphall/cache
05-19 17:01:31.412 E/Cataloger( 1207): syncFile:/storage/emulated/0/Android/data/com.boco.apphall/cache/.nomedia
05-19 17:01:31.412 E/Cataloger( 1207): need not sync path:/storage/emulated/0/Android/data/com.boco.apphall/cache/.nomedia
05-19 17:01:31.412 E/Cataloger( 1207): syncFile:/storage/emulated/0/Android/data/com.boco.apphall/cache/.nomedia
05-19 17:01:31.412 E/Cataloger( 1207): need not sync path:/storage/emulated/0/Android/data/com.boco.apphall/cache/.nomedia
05-19 17:01:31.412 E/Cataloger( 1207): 重复创建命令
05-19 17:01:31.422 E/Cataloger( 1207): syncFile:/storage/emulated/0/Android/data/com.boco.apphall/cache/uil-images/journal.tmp
05-19 17:01:31.422 E/Cataloger( 1207): need not sync path:/storage/emulated/0/Android/data/com.boco.apphall/cache/uil-images/journal.tmp
05-19 17:01:31.422 E/Cataloger( 1207): syncFile:/storage/emulated/0/Android/data/com.boco.apphall/cache/uil-images/journal.tmp
05-19 17:01:31.422 E/Cataloger( 1207): need not sync path:/storage/emulated/0/Android/data/com.boco.apphall/cache/uil-images/journal.tmp
05-19 17:01:31.422 E/Cataloger( 1207): syncFile:/storage/emulated/0/Android/data/com.boco.apphall/cache/uil-images/journal.tmp
05-19 17:01:31.422 E/Cataloger( 1207): need not sync path:/storage/emulated/0/Android/data/com.boco.apphall/cache/uil-images/journal.tmp
05-19 17:01:31.422 E/Cataloger( 1207): 重复创建命令
05-19 17:01:31.982 E/cutils-trace(21668): Error opening trace file: No such file or directory (2)
05-19 17:02:14.211 E/memtrack(21701): Couldn't load memtrack module (No such file or directory)
05-19 17:02:14.211 E/android.os.Debug(21701): failed to load memtrack module: -2
05-19 17:02:14.231 E/InputDispatcher(  477): channel '4aa55bc4 com.boco.apphall/com.boco.apphall.guangxi.mix.login.WelcomActivity (server)' ~ Channel is unrecoverably broken and will be disposed!
05-19 17:02:14.241 E/Cataloger( 1207): syncFile:/storage/emulated/0/Android/data/com.boco.apphall/cache/uil-images/journal
05-19 17:02:14.241 E/Cataloger( 1207): need not sync path:/storage/emulated/0/Android/data/com.boco.apphall/cache/uil-images/journal
05-19 17:02:14.241 E/JavaBinder(  477): !!! FAILED BINDER TRANSACTION !!!
05-19 17:02:14.241 E/JavaBinder(  477): !!! FAILED BINDER TRANSACTION !!!
05-19 17:02:14.241 E/InputDispatcher(  477): channel '4a9c0dc0 com.boco.apphall/com.boco.apphall.guangxi.mix.login.LoginActivityNormal (server)' ~ Channel is unrecoverably broken and will be disposed!
05-19 17:02:14.391 E/cutils-trace(21701): Error opening trace file: No such file or directory (2)
05-19 17:02:14.621 E/cutils-trace(21637): Error opening trace file: No such file or directory (2)
05-19 17:02:16.441 E/memtrack(21725): Couldn't load memtrack module (No such file or directory)
05-19 17:02:16.441 E/android.os.Debug(21725): failed to load memtrack module: -2
05-19 17:02:16.471 E/cutils-trace(21725): Error opening trace file: No such file or directory (2)
05-19 17:02:17.211 E/memtrack(21737): Couldn't load memtrack module (No such file or directory)
05-19 17:02:17.211 E/android.os.Debug(21737): failed to load memtrack module: -2
05-19 17:02:17.241 E/cutils-trace(21737): Error opening trace file: No such file or directory (2)
05-19 17:02:18.091 E/memtrack(21749): Couldn't load memtrack module (No such file or directory)
05-19 17:02:18.091 E/android.os.Debug(21749): failed to load memtrack module: -2
05-19 17:02:18.161 E/cutils-trace(21749): Error opening trace file: No such file or directory (2)
05-19 17:02:19.111 E/memtrack(21761): Couldn't load memtrack module (No such file or directory)
05-19 17:02:19.111 E/android.os.Debug(21761): failed to load memtrack module: -2
05-19 17:02:19.141 E/cutils-trace(21761): Error opening trace file: No such file or directory (2)
05-19 17:02:19.611 E/PlayCommon(11759): [220] com.google.android.play.a.g.a(1054): Failed to connect to server: javax.net.ssl.SSLHandshakeException: javax.net.ssl.SSLProtocolException: SSL handshake aborted: ssl=0xb9634b90: Failure in SSL library, usually a protocol error
05-19 17:02:19.611 E/PlayCommon(11759): error:14077102:SSL routines:SSL23_GET_SERVER_HELLO:unsupported protocol (external/openssl/ssl/s23_clnt.c:714 0x848df770:0x00000000)
05-19 17:02:19.981 E/memtrack(21773): Couldn't load memtrack module (No such file or directory)
05-19 17:02:19.981 E/android.os.Debug(21773): failed to load memtrack module: -2
05-19 17:02:20.011 E/cutils-trace(21773): Error opening trace file: No such file or directory (2)
05-19 17:02:21.141 E/memtrack(21789): Couldn't load memtrack module (No such file or directory)
05-19 17:02:21.141 E/android.os.Debug(21789): failed to load memtrack module: -2
05-19 17:02:21.161 E/cutils-trace(21789): Error opening trace file: No such file or directory (2)
05-19 17:02:21.841 E/memtrack(21801): Couldn't load memtrack module (No such file or directory)
05-19 17:02:21.841 E/android.os.Debug(21801): failed to load memtrack module: -2
05-19 17:02:21.861 E/cutils-trace(21801): Error opening trace file: No such file or directory (2)
05-19 17:02:22.681 E/memtrack(21815): Couldn't load memtrack module (No such file or directory)
05-19 17:02:22.681 E/android.os.Debug(21815): failed to load memtrack module: -2
05-19 17:02:22.701 E/cutils-trace(21815): Error opening trace file: No such file or directory (2)
05-19 17:02:24.441 E/memtrack(21833): Couldn't load memtrack module (No such file or directory)
05-19 17:02:24.441 E/android.os.Debug(21833): failed to load memtrack module: -2
05-19 17:02:24.461 E/cutils-trace(21833): Error opening trace file: No such file or directory (2)
05-19 17:02:25.211 E/memtrack(21845): Couldn't load memtrack module (No such file or directory)
05-19 17:02:25.211 E/android.os.Debug(21845): failed to load memtrack module: -2
05-19 17:02:25.241 E/cutils-trace(21845): Error opening trace file: No such file or directory (2)
05-19 17:02:25.901 E/memtrack(21857): Couldn't load memtrack module (No such file or directory)
05-19 17:02:25.901 E/android.os.Debug(21857): failed to load memtrack module: -2
05-19 17:02:25.921 E/Cataloger( 1207): syncFile:/storage/emulated/0/Android/data/com.boco.apphall/cache/.nomedia
05-19 17:02:25.921 E/Cataloger( 1207): need not sync path:/storage/emulated/0/Android/data/com.boco.apphall/cache/.nomedia
05-19 17:02:25.931 E/Cataloger( 1207): 重复删除命令
05-19 17:02:25.931 E/Cataloger( 1207): syncFile:/storage/emulated/0/Android/data/com.boco.apphall/cache/uil-images
05-19 17:02:25.931 E/Cataloger( 1207): 重复删除命令
05-19 17:02:25.931 E/Cataloger( 1207): 重复删除命令
05-19 17:02:25.931 E/cutils-trace(21857): Error opening trace file: No such file or directory (2)
05-19 17:02:29.511 E/memtrack(21888): Couldn't load memtrack module (No such file or directory)
05-19 17:02:29.511 E/android.os.Debug(21888): failed to load memtrack module: -2
05-19 17:02:30.441 E/memtrack(21905): Couldn't load memtrack module (No such file or directory)
05-19 17:02:30.441 E/android.os.Debug(21905): failed to load memtrack module: -2
05-19 17:02:30.771 E/QueryController(21888): Got null root node from accessibility - Retrying...
05-19 17:02:30.771 E/Cataloger( 1207): syncFile:/storage/emulated/0/Android/data/com.boco.apphall
05-19 17:02:30.771 E/Cataloger( 1207): 创建一个目录:/storage/emulated/0/Android/data/com.boco.apphall
05-19 17:02:30.771 E/Cataloger( 1207): 扫描新建目录：/storage/emulated/0/Android/data/com.boco.apphall
05-19 17:02:30.791 E/Cataloger( 1207): syncFile:/storage/emulated/0/Android/data/com.boco.apphall/cache
05-19 17:02:30.791 E/Cataloger( 1207): 创建一个目录:/storage/emulated/0/Android/data/com.boco.apphall/cache
05-19 17:02:30.791 E/Cataloger( 1207): 扫描新建目录：/storage/emulated/0/Android/data/com.boco.apphall/cache
05-19 17:02:30.801 E/Cataloger( 1207): syncFile:/storage/emulated/0/Android/data/com.boco.apphall/cache/.nomedia
05-19 17:02:30.801 E/Cataloger( 1207): need not sync path:/storage/emulated/0/Android/data/com.boco.apphall/cache/.nomedia
05-19 17:02:30.801 E/Cataloger( 1207): syncFile:/storage/emulated/0/Android/data/com.boco.apphall/cache/.nomedia
05-19 17:02:30.801 E/Cataloger( 1207): need not sync path:/storage/emulated/0/Android/data/com.boco.apphall/cache/.nomedia
05-19 17:02:30.801 E/Cataloger( 1207): syncFile:/storage/emulated/0/Android/data/com.boco.apphall/cache/uil-images
05-19 17:02:30.801 E/Cataloger( 1207): 创建一个目录:/storage/emulated/0/Android/data/com.boco.apphall/cache/uil-images
05-19 17:02:30.801 E/Cataloger( 1207): 扫描新建目录：/storage/emulated/0/Android/data/com.boco.apphall/cache/uil-images
05-19 17:02:30.801 E/Cataloger( 1207): syncFile:/storage/emulated/0/Android/data/com.boco.apphall/cache/uil-images/journal.tmp
05-19 17:02:30.801 E/Cataloger( 1207): need not sync path:/storage/emulated/0/Android/data/com.boco.apphall/cache/uil-images/journal.tmp
05-19 17:02:30.801 E/Cataloger( 1207): syncFile:/storage/emulated/0/Android/data/com.boco.apphall/cache/uil-images/journal.tmp
05-19 17:02:30.801 E/Cataloger( 1207): need not sync path:/storage/emulated/0/Android/data/com.boco.apphall/cache/uil-images/journal.tmp
05-19 17:02:30.801 E/Cataloger( 1207): 重复删除命令
05-19 17:02:30.801 E/Cataloger( 1207): syncFile:/storage/emulated/0/Android/data/com.boco.apphall/cache/uil-images/journal
05-19 17:02:30.801 E/Cataloger( 1207): need not sync path:/storage/emulated/0/Android/data/com.boco.apphall/cache/uil-images/journal
05-19 17:02:31.021 E/QueryController(21888): Got null root node from accessibility - Retrying...
05-19 17:02:31.181 E/cutils-trace(21905): Error opening trace file: No such file or directory (2)
05-19 17:02:33.811 E/SQLiteDatabase( 1207): Error inserting path=/storage/emulated/0/Android/data/com.boco.apphall/ lastmodified=1495184550000 pathtype=3 _id=355 isLogPath=0 name=com.boco.apphall
05-19 17:02:33.811 E/SQLiteDatabase( 1207): android.database.sqlite.SQLiteConstraintException: column path is not unique (code 19)
05-19 17:02:33.811 E/SQLiteDatabase( 1207): 	at android.database.sqlite.SQLiteConnection.nativeExecuteForLastInsertedRowId(Native Method)
05-19 17:02:33.811 E/SQLiteDatabase( 1207): 	at android.database.sqlite.SQLiteConnection.executeForLastInsertedRowId(SQLiteConnection.java:782)
05-19 17:02:33.811 E/SQLiteDatabase( 1207): 	at android.database.sqlite.SQLiteSession.executeForLastInsertedRowId(SQLiteSession.java:788)
05-19 17:02:33.811 E/SQLiteDatabase( 1207): 	at android.database.sqlite.SQLiteStatement.executeInsert(SQLiteStatement.java:86)
05-19 17:02:33.811 E/SQLiteDatabase( 1207): 	at android.database.sqlite.SQLiteDatabase.insertWithOnConflict(SQLiteDatabase.java:1469)
05-19 17:02:33.811 E/SQLiteDatabase( 1207): 	at android.database.sqlite.SQLiteDatabase.insert(SQLiteDatabase.java:1339)
05-19 17:02:33.811 E/SQLiteDatabase( 1207): 	at com.estrongs.android.scanner.d.e.a(Unknown Source)
05-19 17:02:33.811 E/SQLiteDatabase( 1207): 	at com.estrongs.android.scanner.d.a.a(Unknown Source)
05-19 17:02:33.811 E/SQLiteDatabase( 1207): 	at com.estrongs.android.scanner.d.a.a(Unknown Source)
05-19 17:02:33.811 E/SQLiteDatabase( 1207): 	at com.estrongs.android.scanner.d.r.run(Unknown Source)
05-19 17:02:33.811 E/SQLiteDatabase( 1207): 	at java.util.concurrent.ThreadPoolExecutor.runWorker(ThreadPoolExecutor.java:1112)
05-19 17:02:33.811 E/SQLiteDatabase( 1207): 	at java.util.concurrent.ThreadPoolExecutor$Worker.run(ThreadPoolExecutor.java:587)
05-19 17:02:33.811 E/SQLiteDatabase( 1207): 	at java.lang.Thread.run(Thread.java:841)
05-19 17:02:36.531 E/QueryController(21888): Got null root node from accessibility - Retrying...
