--------- beginning of /dev/log/system
--------- beginning of /dev/log/main
05-19 17:21:39.536 E/AccessibilityNodeInfoCache(26166): Disconneced node: android.view.accessibility.AccessibilityNodeInfo@4ecb7; boundsInParent: Rect(0, 0 - 144, 33); boundsInScreen: Rect(655, 592 - 799, 625); packageName: com.boco.apphall; className: android.widget.TextView; text: 电子运维系统; contentDescription: null; viewIdResName: com.boco.apphall:id/app_detail_category; checkable: false; checked: false; focusable: false; focused: false; selected: false; clickable: false; longClickable: false; enabled: true; password: false; scrollable: false; [ACTION_SELECT, ACTION_CLEAR_SELECTION, ACTION_ACCESSIBILITY_FOCUS, ACTION_NEXT_AT_MOVEMENT_GRANULARITY, ACTION_PREVIOUS_AT_MOVEMENT_GRANULARITY, ACTION_SET_SELECTION]
05-19 17:21:39.536 E/AccessibilityNodeInfoCache(26166): Disconneced node: android.view.accessibility.AccessibilityNodeInfo@4f078; boundsInParent: Rect(0, 0 - 812, 41); boundsInScreen: Rect(54, 656 - 866, 697); packageName: com.boco.apphall; className: android.widget.TextView; text: 应用描述; contentDescription: null; viewIdResName: com.boco.apphall:id/app_detail_til; checkable: false; checked: false; focusable: false; focused: false; selected: false; clickable: false; longClickable: false; enabled: true; password: false; scrollable: false; [ACTION_SELECT, ACTION_CLEAR_SELECTION, ACTION_ACCESSIBILITY_FOCUS, ACTION_NEXT_AT_MOVEMENT_GRANULARITY, ACTION_PREVIOUS_AT_MOVEMENT_GRANULARITY, ACTION_SET_SELECTION]
05-19 17:21:39.536 E/AccessibilityNodeInfoCache(26166): Disconneced node: android.view.accessibility.AccessibilityNodeInfo@56898; boundsInParent: Rect(0, 0 - 872, 1); boundsInScreen: Rect(14, 645 - 886, 646); packageName: com.boco.apphall; className: android.view.View; text: null; contentDescription: null; viewIdResName: null; checkable: false; checked: false; focusable: false; focused: false; selected: false; clickable: false; longClickable: false; enabled: true; password: false; scrollable: false; [ACTION_SELECT, ACTION_CLEAR_SELECTION, ACTION_ACCESSIBILITY_FOCUS]
05-19 17:21:39.536 E/AccessibilityNodeInfoCache(26166): Disconneced node: android.view.accessibility.AccessibilityNodeInfo@4d631; boundsInParent: Rect(0, 0 - 792, 60); boundsInScreen: Rect(54, 707 - 846, 767); packageName: com.boco.apphall; className: android.widget.TextView; text: 光缆断点; contentDescription: null; viewIdResName: com.boco.apphall:id/app_detail_desc; checkable: false; checked: false; focusable: false; focused: false; selected: false; clickable: false; longClickable: false; enabled: true; password: false; scrollable: false; [ACTION_SELECT, ACTION_CLEAR_SELECTION, ACTION_ACCESSIBILITY_FOCUS, ACTION_NEXT_AT_MOVEMENT_GRANULARITY, ACTION_PREVIOUS_AT_MOVEMENT_GRANULARITY, ACTION_SET_SELECTION]
05-19 17:21:39.536 E/AccessibilityNodeInfoCache(26166): Disconneced node: android.view.accessibility.AccessibilityNodeInfo@4e8f6; boundsInParent: Rect(0, 0 - 171, 171); boundsInScreen: Rect(641, 411 - 812, 582); packageName: com.boco.apphall; className: android.widget.TextView; text: null; contentDescription: null; viewIdResName: com.boco.apphall:id/app_detail_app_type_img; checkable: false; checked: false; focusable: false; focused: false; selected: false; clickable: false; longClickable: false; enabled: true; password: false; scrollable: false; [ACTION_SELECT, ACTION_CLEAR_SELECTION, ACTION_ACCESSIBILITY_FOCUS]
05-19 17:21:39.536 E/AccessibilityNodeInfoCache(26166): Disconneced node: android.view.accessibility.AccessibilityNodeInfo@4ecb7; boundsInParent: Rect(0, 0 - 144, 33); boundsInScreen: Rect(655, 592 - 799, 625); packageName: com.boco.apphall; className: android.widget.TextView; text: 电子运维系统; contentDescription: null; viewIdResName: com.boco.apphall:id/app_detail_category; checkable: false; checked: false; focusable: false; focused: false; selected: false; clickable: false; longClickable: false; enabled: true; password: false; scrollable: false; [ACTION_SELECT, ACTION_CLEAR_SELECTION, ACTION_ACCESSIBILITY_FOCUS, ACTION_NEXT_AT_MOVEMENT_GRANULARITY, ACTION_PREVIOUS_AT_MOVEMENT_GRANULARITY, ACTION_SET_SELECTION]
05-19 17:21:39.536 E/AccessibilityNodeInfoCache(26166): Disconneced node: android.view.accessibility.AccessibilityNodeInfo@4f078; boundsInParent: Rect(0, 0 - 812, 41); boundsInScreen: Rect(54, 656 - 866, 697); packageName: com.boco.apphall; className: android.widget.TextView; text: 应用描述; contentDescription: null; viewIdResName: com.boco.apphall:id/app_detail_til; checkable: false; checked: false; focusable: false; focused: false; selected: false; clickable: false; longClickable: false; enabled: true; password: false; scrollable: false; [ACTION_SELECT, ACTION_CLEAR_SELECTION, ACTION_ACCESSIBILITY_FOCUS, ACTION_NEXT_AT_MOVEMENT_GRANULARITY, ACTION_PREVIOUS_AT_MOVEMENT_GRANULARITY, ACTION_SET_SELECTION]
05-19 17:21:39.536 E/AccessibilityNodeInfoCache(26166): Disconneced node: android.view.accessibility.AccessibilityNodeInfo@56898; boundsInParent: Rect(0, 0 - 872, 1); boundsInScreen: Rect(14, 645 - 886, 646); packageName: com.boco.apphall; className: android.view.View; text: null; contentDescription: null; viewIdResName: null; checkable: false; checked: false; focusable: false; focused: false; selected: false; clickable: false; longClickable: false; enabled: true; password: false; scrollable: false; [ACTION_SELECT, ACTION_CLEAR_SELECTION, ACTION_ACCESSIBILITY_FOCUS]
05-19 17:21:39.536 E/AccessibilityNodeInfoCache(26166): Disconneced node: android.view.accessibility.AccessibilityNodeInfo@4d631; boundsInParent: Rect(0, 0 - 792, 60); boundsInScreen: Rect(54, 707 - 846, 767); packageName: com.boco.apphall; className: android.widget.TextView; text: 光缆断点; contentDescription: null; viewIdResName: com.boco.apphall:id/app_detail_desc; checkable: false; checked: false; focusable: false; focused: false; selected: false; clickable: false; longClickable: false; enabled: true; password: false; scrollable: false; [ACTION_SELECT, ACTION_CLEAR_SELECTION, ACTION_ACCESSIBILITY_FOCUS, ACTION_NEXT_AT_MOVEMENT_GRANULARITY, ACTION_PREVIOUS_AT_MOVEMENT_GRANULARITY, ACTION_SET_SELECTION]
05-19 17:21:39.536 E/AccessibilityNodeInfoCache(26166): Disconneced node: android.view.accessibility.AccessibilityNodeInfo@4e8f6; boundsInParent: Rect(0, 0 - 171, 171); boundsInScreen: Rect(641, 411 - 812, 582); packageName: com.boco.apphall; className: android.widget.TextView; text: null; contentDescription: null; viewIdResName: com.boco.apphall:id/app_detail_app_type_img; checkable: false; checked: false; focusable: false; focused: false; selected: false; clickable: false; longClickable: false; enabled: true; password: false; scrollable: false; [ACTION_SELECT, ACTION_CLEAR_SELECTION, ACTION_ACCESSIBILITY_FOCUS]
05-19 17:21:39.536 E/AccessibilityNodeInfoCache(26166): Disconneced node: android.view.accessibility.AccessibilityNodeInfo@4ecb7; boundsInParent: Rect(0, 0 - 144, 33); boundsInScreen: Rect(655, 592 - 799, 625); packageName: com.boco.apphall; className: android.widget.TextView; text: 电子运维系统; contentDescription: null; viewIdResName: com.boco.apphall:id/app_detail_category; checkable: false; checked: false; focusable: false; focused: false; selected: false; clickable: false; longClickable: false; enabled: true; password: false; scrollable: false; [ACTION_SELECT, ACTION_CLEAR_SELECTION, ACTION_ACCESSIBILITY_FOCUS, ACTION_NEXT_AT_MOVEMENT_GRANULARITY, ACTION_PREVIOUS_AT_MOVEMENT_GRANULARITY, ACTION_SET_SELECTION]
05-19 17:21:39.536 E/AccessibilityNodeInfoCache(26166): Disconneced node: android.view.accessibility.AccessibilityNodeInfo@4f078; boundsInParent: Rect(0, 0 - 812, 41); boundsInScreen: Rect(54, 656 - 866, 697); packageName: com.boco.apphall; className: android.widget.TextView; text: 应用描述; contentDescription: null; viewIdResName: com.boco.apphall:id/app_detail_til; checkable: false; checked: false; focusable: false; focused: false; selected: false; clickable: false; longClickable: false; enabled: true; password: false; scrollable: false; [ACTION_SELECT, ACTION_CLEAR_SELECTION, ACTION_ACCESSIBILITY_FOCUS, ACTION_NEXT_AT_MOVEMENT_GRANULARITY, ACTION_PREVIOUS_AT_MOVEMENT_GRANULARITY, ACTION_SET_SELECTION]
05-19 17:21:39.536 E/AccessibilityNodeInfoCache(26166): Disconneced node: android.view.accessibility.AccessibilityNodeInfo@56898; boundsInParent: Rect(0, 0 - 872, 1); boundsInScreen: Rect(14, 645 - 886, 646); packageName: com.boco.apphall; className: android.view.View; text: null; contentDescription: null; viewIdResName: null; checkable: false; checked: false; focusable: false; focused: false; selected: false; clickable: false; longClickable: false; enabled: true; password: false; scrollable: false; [ACTION_SELECT, ACTION_CLEAR_SELECTION, ACTION_ACCESSIBILITY_FOCUS]
05-19 17:21:39.536 E/AccessibilityNodeInfoCache(26166): Disconneced node: android.view.accessibility.AccessibilityNodeInfo@4d631; boundsInParent: Rect(0, 0 - 792, 60); boundsInScreen: Rect(54, 707 - 846, 767); packageName: com.boco.apphall; className: android.widget.TextView; text: 光缆断点; contentDescription: null; viewIdResName: com.boco.apphall:id/app_detail_desc; checkable: false; checked: false; focusable: false; focused: false; selected: false; clickable: false; longClickable: false; enabled: true; password: false; scrollable: false; [ACTION_SELECT, ACTION_CLEAR_SELECTION, ACTION_ACCESSIBILITY_FOCUS, ACTION_NEXT_AT_MOVEMENT_GRANULARITY, ACTION_PREVIOUS_AT_MOVEMENT_GRANULARITY, ACTION_SET_SELECTION]
05-19 17:21:39.536 E/AccessibilityNodeInfoCache(26166): Disconneced node: android.view.accessibility.AccessibilityNodeInfo@4e8f6; boundsInParent: Rect(0, 0 - 171, 171); boundsInScreen: Rect(641, 411 - 812, 582); packageName: com.boco.apphall; className: android.widget.TextView; text: null; contentDescription: null; viewIdResName: com.boco.apphall:id/app_detail_app_type_img; checkable: false; checked: false; focusable: false; focused: false; selected: false; clickable: false; longClickable: false; enabled: true; password: false; scrollable: false; [ACTION_SELECT, ACTION_CLEAR_SELECTION, ACTION_ACCESSIBILITY_FOCUS]
05-19 17:21:39.536 E/AccessibilityNodeInfoCache(26166): Disconneced node: android.view.accessibility.AccessibilityNodeInfo@4ecb7; boundsInParent: Rect(0, 0 - 144, 33); boundsInScreen: Rect(655, 592 - 799, 625); packageName: com.boco.apphall; className: android.widget.TextView; text: 电子运维系统; contentDescription: null; viewIdResName: com.boco.apphall:id/app_detail_category; checkable: false; checked: false; focusable: false; focused: false; selected: false; clickable: false; longClickable: false; enabled: true; password: false; scrollable: false; [ACTION_SELECT, ACTION_CLEAR_SELECTION, ACTION_ACCESSIBILITY_FOCUS, ACTION_NEXT_AT_MOVEMENT_GRANULARITY, ACTION_PREVIOUS_AT_MOVEMENT_GRANULARITY, ACTION_SET_SELECTION]
05-19 17:21:39.536 E/AccessibilityNodeInfoCache(26166): Disconneced node: android.view.accessibility.AccessibilityNodeInfo@4f078; boundsInParent: Rect(0, 0 - 812, 41); boundsInScreen: Rect(54, 656 - 866, 697); packageName: com.boco.apphall; className: android.widget.TextView; text: 应用描述; contentDescription: null; viewIdResName: com.boco.apphall:id/app_detail_til; checkable: false; checked: false; focusable: false; focused: false; selected: false; clickable: false; longClickable: false; enabled: true; password: false; scrollable: false; [ACTION_SELECT, ACTION_CLEAR_SELECTION, ACTION_ACCESSIBILITY_FOCUS, ACTION_NEXT_AT_MOVEMENT_GRANULARITY, ACTION_PREVIOUS_AT_MOVEMENT_GRANULARITY, ACTION_SET_SELECTION]
05-19 17:21:39.536 E/AccessibilityNodeInfoCache(26166): Disconneced node: android.view.accessibility.AccessibilityNodeInfo@56898; boundsInParent: Rect(0, 0 - 872, 1); boundsInScreen: Rect(14, 645 - 886, 646); packageName: com.boco.apphall; className: android.view.View; text: null; contentDescription: null; viewIdResName: null; checkable: false; checked: false; focusable: false; focused: false; selected: false; clickable: false; longClickable: false; enabled: true; password: false; scrollable: false; [ACTION_SELECT, ACTION_CLEAR_SELECTION, ACTION_ACCESSIBILITY_FOCUS]
05-19 17:21:39.536 E/AccessibilityNodeInfoCache(26166): Disconneced node: android.view.accessibility.AccessibilityNodeInfo@4d631; boundsInParent: Rect(0, 0 - 792, 60); boundsInScreen: Rect(54, 707 - 846, 767); packageName: com.boco.apphall; className: android.widget.TextView; text: 光缆断点; contentDescription: null; viewIdResName: com.boco.apphall:id/app_detail_desc; checkable: false; checked: false; focusable: false; focused: false; selected: false; clickable: false; longClickable: false; enabled: true; password: false; scrollable: false; [ACTION_SELECT, ACTION_CLEAR_SELECTION, ACTION_ACCESSIBILITY_FOCUS, ACTION_NEXT_AT_MOVEMENT_GRANULARITY, ACTION_PREVIOUS_AT_MOVEMENT_GRANULARITY, ACTION_SET_SELECTION]
05-19 17:21:39.536 E/AccessibilityNodeInfoCache(26166): Disconneced node: android.view.accessibility.AccessibilityNodeInfo@4e8f6; boundsInParent: Rect(0, 0 - 171, 171); boundsInScreen: Rect(641, 411 - 812, 582); packageName: com.boco.apphall; className: android.widget.TextView; text: null; contentDescription: null; viewIdResName: com.boco.apphall:id/app_detail_app_type_img; checkable: false; checked: false; focusable: false; focused: false; selected: false; clickable: false; longClickable: false; enabled: true; password: false; scrollable: false; [ACTION_SELECT, ACTION_CLEAR_SELECTION, ACTION_ACCESSIBILITY_FOCUS]
05-19 17:21:39.536 E/AccessibilityNodeInfoCache(26166): Disconneced node: android.view.accessibility.AccessibilityNodeInfo@4ecb7; boundsInParent: Rect(0, 0 - 144, 33); boundsInScreen: Rect(655, 592 - 799, 625); packageName: com.boco.apphall; className: android.widget.TextView; text: 电子运维系统; contentDescription: null; viewIdResName: com.boco.apphall:id/app_detail_category; checkable: false; checked: false; focusable: false; focused: false; selected: false; clickable: false; longClickable: false; enabled: true; password: false; scrollable: false; [ACTION_SELECT, ACTION_CLEAR_SELECTION, ACTION_ACCESSIBILITY_FOCUS, ACTION_NEXT_AT_MOVEMENT_GRANULARITY, ACTION_PREVIOUS_AT_MOVEMENT_GRANULARITY, ACTION_SET_SELECTION]
05-19 17:21:39.536 E/AccessibilityNodeInfoCache(26166): Disconneced node: android.view.accessibility.AccessibilityNodeInfo@4f078; boundsInParent: Rect(0, 0 - 812, 41); boundsInScreen: Rect(54, 656 - 866, 697); packageName: com.boco.apphall; className: android.widget.TextView; text: 应用描述; contentDescription: null; viewIdResName: com.boco.apphall:id/app_detail_til; checkable: false; checked: false; focusable: false; focused: false; selected: false; clickable: false; longClickable: false; enabled: true; password: false; scrollable: false; [ACTION_SELECT, ACTION_CLEAR_SELECTION, ACTION_ACCESSIBILITY_FOCUS, ACTION_NEXT_AT_MOVEMENT_GRANULARITY, ACTION_PREVIOUS_AT_MOVEMENT_GRANULARITY, ACTION_SET_SELECTION]
05-19 17:21:39.536 E/AccessibilityNodeInfoCache(26166): Disconneced node: android.view.accessibility.AccessibilityNodeInfo@56898; boundsInParent: Rect(0, 0 - 872, 1); boundsInScreen: Rect(14, 645 - 886, 646); packageName: com.boco.apphall; className: android.view.View; text: null; contentDescription: null; viewIdResName: null; checkable: false; checked: false; focusable: false; focused: false; selected: false; clickable: false; longClickable: false; enabled: true; password: false; scrollable: false; [ACTION_SELECT, ACTION_CLEAR_SELECTION, ACTION_ACCESSIBILITY_FOCUS]
05-19 17:21:40.806 E/AccessibilityNodeInfoCache(26166): Disconneced node: android.view.accessibility.AccessibilityNodeInfo@961e7; boundsInParent: Rect(0, 0 - 280, 460); boundsInScreen: Rect(14, 767 - 294, 1227); packageName: com.boco.apphall; className: android.widget.RelativeLayout; text: null; contentDescription: null; viewIdResName: null; checkable: false; checked: false; focusable: false; focused: false; selected: false; clickable: true; longClickable: false; enabled: true; password: false; scrollable: false; [ACTION_SELECT, ACTION_CLEAR_SELECTION, ACTION_CLICK, ACTION_ACCESSIBILITY_FOCUS]
05-19 17:21:43.436 E/Cataloger( 1207): syncFile:/storage/emulated/0/appHall_guangxi_folder/download/1495185682234BOCO_GX_GLDD_V1.4_1705081830_9292_D.apk
05-19 17:22:23.836 E/QueryController(26166): Got null root node from accessibility - Retrying...
05-19 17:22:27.826 E/QueryController(26166): Got null root node from accessibility - Retrying...
05-19 17:22:31.406 E/Finsky  (11759): [1] com.google.android.finsky.wear.bl.a(847): onConnectionFailed: ConnectionResult{statusCode=API_UNAVAILABLE, resolution=null, message=null}
05-19 17:22:31.536 E/Cataloger( 1207): syncFile:/storage/emulated/0/appHall_guangxi_folder/download/1495185682234BOCO_GX_GLDD_V1.4_1705081830_9292_D.apk
05-19 17:22:31.556 E/Cataloger( 1207): syncFile:/storage/emulated/0/Android/data/com.estrongs.android.pop/recomm/setting.download.tmp.tmp
05-19 17:22:31.556 E/Cataloger( 1207): need not sync path:/storage/emulated/0/Android/data/com.estrongs.android.pop/recomm/setting.download.tmp.tmp
05-19 17:22:31.556 E/Cataloger( 1207): syncFile:/storage/emulated/0/Android/data/com.estrongs.android.pop/recomm/setting.download.tmp.tmp
05-19 17:22:31.556 E/Cataloger( 1207): need not sync path:/storage/emulated/0/Android/data/com.estrongs.android.pop/recomm/setting.download.tmp.tmp
05-19 17:22:31.626 E/Cataloger( 1207): syncFile:/storage/emulated/0/Android/data/com.estrongs.android.pop/recomm/setting.download.tmp.tmp
05-19 17:22:31.626 E/Cataloger( 1207): need not sync path:/storage/emulated/0/Android/data/com.estrongs.android.pop/recomm/setting.download.tmp.tmp
05-19 17:22:31.636 E/Cataloger( 1207): syncFile:/storage/emulated/0/Android/data/com.estrongs.android.pop/recomm/setting.download.tmp.tmp
05-19 17:22:31.636 E/Cataloger( 1207): need not sync path:/storage/emulated/0/Android/data/com.estrongs.android.pop/recomm/setting.download.tmp.tmp
05-19 17:22:31.636 E/Cataloger( 1207): syncFile:/storage/emulated/0/Android/data/com.estrongs.android.pop/recomm/setting.download.tmp.tmp
05-19 17:22:31.636 E/Cataloger( 1207): need not sync path:/storage/emulated/0/Android/data/com.estrongs.android.pop/recomm/setting.download.tmp.tmp
05-19 17:22:31.636 E/Cataloger( 1207): syncFile:/storage/emulated/0/Android/data/com.estrongs.android.pop/recomm/setting.download.tmp.tmp
05-19 17:22:31.636 E/Cataloger( 1207): need not sync path:/storage/emulated/0/Android/data/com.estrongs.android.pop/recomm/setting.download.tmp.tmp
05-19 17:22:31.776 E/Cataloger( 1207): syncFile:/storage/emulated/0/Android/data/com.estrongs.android.pop/recomm/setting.download.tmp.tmp
05-19 17:22:31.776 E/Cataloger( 1207): need not sync path:/storage/emulated/0/Android/data/com.estrongs.android.pop/recomm/setting.download.tmp.tmp
05-19 17:22:31.776 E/Cataloger( 1207): 重复删除命令
05-19 17:22:31.776 E/Cataloger( 1207): syncFile:/storage/emulated/0/Android/data/com.estrongs.android.pop/recomm/setting.download.tmp
05-19 17:22:31.776 E/Cataloger( 1207): need not sync path:/storage/emulated/0/Android/data/com.estrongs.android.pop/recomm/setting.download.tmp
05-19 17:22:31.776 E/Cataloger( 1207): 重复删除命令
05-19 17:22:44.636 E/memtrack(26352): Couldn't load memtrack module (No such file or directory)
05-19 17:22:44.646 E/android.os.Debug(26352): failed to load memtrack module: -2
05-19 17:22:44.666 E/cutils-trace(26352): Error opening trace file: No such file or directory (2)
05-19 17:22:45.466 E/memtrack(26364): Couldn't load memtrack module (No such file or directory)
05-19 17:22:45.466 E/android.os.Debug(26364): failed to load memtrack module: -2
05-19 17:22:45.486 E/cutils-trace(26364): Error opening trace file: No such file or directory (2)
05-19 17:22:45.526 E/Cataloger( 1207): syncFile:/storage/emulated/0/Android/data/com.boco.apphall/cache/uil-images/journal
05-19 17:22:45.526 E/Cataloger( 1207): need not sync path:/storage/emulated/0/Android/data/com.boco.apphall/cache/uil-images/journal
05-19 17:22:46.256 E/memtrack(26376): Couldn't load memtrack module (No such file or directory)
05-19 17:22:46.256 E/android.os.Debug(26376): failed to load memtrack module: -2
05-19 17:22:46.286 E/cutils-trace(26376): Error opening trace file: No such file or directory (2)
05-19 17:22:47.236 E/memtrack(26397): Couldn't load memtrack module (No such file or directory)
05-19 17:22:47.236 E/android.os.Debug(26397): failed to load memtrack module: -2
05-19 17:22:47.256 E/cutils-trace(26397): Error opening trace file: No such file or directory (2)
05-19 17:22:48.656 E/memtrack(26413): Couldn't load memtrack module (No such file or directory)
05-19 17:22:48.656 E/android.os.Debug(26413): failed to load memtrack module: -2
05-19 17:22:48.686 E/cutils-trace(26413): Error opening trace file: No such file or directory (2)
05-19 17:22:49.386 E/memtrack(26425): Couldn't load memtrack module (No such file or directory)
05-19 17:22:49.386 E/android.os.Debug(26425): failed to load memtrack module: -2
05-19 17:22:49.406 E/cutils-trace(26425): Error opening trace file: No such file or directory (2)
05-19 17:22:50.196 E/memtrack(26437): Couldn't load memtrack module (No such file or directory)
05-19 17:22:50.196 E/android.os.Debug(26437): failed to load memtrack module: -2
05-19 17:22:50.216 E/cutils-trace(26437): Error opening trace file: No such file or directory (2)
05-19 17:22:51.016 E/memtrack(26449): Couldn't load memtrack module (No such file or directory)
05-19 17:22:51.016 E/android.os.Debug(26449): failed to load memtrack module: -2
05-19 17:22:51.036 E/cutils-trace(26449): Error opening trace file: No such file or directory (2)
05-19 17:22:51.776 E/memtrack(26461): Couldn't load memtrack module (No such file or directory)
05-19 17:22:51.776 E/android.os.Debug(26461): failed to load memtrack module: -2
05-19 17:22:51.806 E/cutils-trace(26461): Error opening trace file: No such file or directory (2)
05-19 17:22:52.936 E/memtrack(26477): Couldn't load memtrack module (No such file or directory)
05-19 17:22:52.936 E/android.os.Debug(26477): failed to load memtrack module: -2
05-19 17:22:52.966 E/cutils-trace(26477): Error opening trace file: No such file or directory (2)
05-19 17:22:53.646 E/memtrack(26489): Couldn't load memtrack module (No such file or directory)
05-19 17:22:53.646 E/android.os.Debug(26489): failed to load memtrack module: -2
05-19 17:22:53.666 E/cutils-trace(26489): Error opening trace file: No such file or directory (2)
05-19 17:22:54.496 E/memtrack(26503): Couldn't load memtrack module (No such file or directory)
05-19 17:22:54.496 E/android.os.Debug(26503): failed to load memtrack module: -2
05-19 17:22:54.516 E/cutils-trace(26503): Error opening trace file: No such file or directory (2)
05-19 17:22:55.686 E/memtrack(26521): Couldn't load memtrack module (No such file or directory)
05-19 17:22:55.686 E/android.os.Debug(26521): failed to load memtrack module: -2
05-19 17:22:55.706 E/cutils-trace(26521): Error opening trace file: No such file or directory (2)
05-19 17:22:56.366 E/memtrack(26533): Couldn't load memtrack module (No such file or directory)
05-19 17:22:56.366 E/android.os.Debug(26533): failed to load memtrack module: -2
05-19 17:22:56.386 E/cutils-trace(26533): Error opening trace file: No such file or directory (2)
05-19 17:22:57.066 E/memtrack(26545): Couldn't load memtrack module (No such file or directory)
05-19 17:22:57.066 E/android.os.Debug(26545): failed to load memtrack module: -2
05-19 17:22:57.096 E/Cataloger( 1207): syncFile:/storage/emulated/0/Android/data/com.boco.apphall/cache/.nomedia
05-19 17:22:57.096 E/Cataloger( 1207): need not sync path:/storage/emulated/0/Android/data/com.boco.apphall/cache/.nomedia
05-19 17:22:57.096 E/Cataloger( 1207): syncFile:/storage/emulated/0/Android/data/com.boco.apphall/cache/uil-images/6y2s1skl9q9rq1qvqzwoem6xk0
05-19 17:22:57.106 E/Cataloger( 1207): need not sync path:/storage/emulated/0/Android/data/com.boco.apphall/cache/uil-images/6y2s1skl9q9rq1qvqzwoem6xk0
05-19 17:22:57.106 E/Cataloger( 1207): 重复删除命令
05-19 17:22:57.106 E/Cataloger( 1207): 重复删除命令
05-19 17:22:57.106 E/Cataloger( 1207): 重复删除命令
05-19 17:22:57.106 E/Cataloger( 1207): 重复删除命令
05-19 17:22:57.116 E/Cataloger( 1207): 重复删除命令
05-19 17:22:57.116 E/Cataloger( 1207): 重复删除命令
05-19 17:22:57.126 E/Cataloger( 1207): syncFile:/storage/emulated/0/Android/data/com.boco.apphall/cache/uil-images/3r8tdz39r88343lyjjbzac0np0
05-19 17:22:57.126 E/Cataloger( 1207): need not sync path:/storage/emulated/0/Android/data/com.boco.apphall/cache/uil-images/3r8tdz39r88343lyjjbzac0np0
05-19 17:22:57.136 E/Cataloger( 1207): 重复删除命令
05-19 17:22:57.136 E/Cataloger( 1207): 重复删除命令
05-19 17:22:57.136 E/Cataloger( 1207): 重复删除命令
05-19 17:22:57.146 E/Cataloger( 1207): syncFile:/storage/emulated/0/Android/data/com.boco.apphall/cache/uil-images/4v3d4a3umnefhyx7zalpef08r0
05-19 17:22:57.146 E/Cataloger( 1207): need not sync path:/storage/emulated/0/Android/data/com.boco.apphall/cache/uil-images/4v3d4a3umnefhyx7zalpef08r0
05-19 17:22:57.156 E/Cataloger( 1207): syncFile:/storage/emulated/0/Android/data/com.boco.apphall/cache/uil-images/5qogu4mrdxf85pkbk8yy8tu40
05-19 17:22:57.156 E/Cataloger( 1207): need not sync path:/storage/emulated/0/Android/data/com.boco.apphall/cache/uil-images/5qogu4mrdxf85pkbk8yy8tu40
05-19 17:22:57.156 E/Cataloger( 1207): 重复删除命令
05-19 17:22:57.156 E/Cataloger( 1207): 重复删除命令
05-19 17:22:57.156 E/Cataloger( 1207): 重复删除命令
05-19 17:22:57.166 E/Cataloger( 1207): syncFile:/storage/emulated/0/Android/data/com.boco.apphall/cache/uil-images/47spu737qqo3qmchhldzpvdiy0
05-19 17:22:57.166 E/Cataloger( 1207): need not sync path:/storage/emulated/0/Android/data/com.boco.apphall/cache/uil-images/47spu737qqo3qmchhldzpvdiy0
05-19 17:22:57.166 E/Cataloger( 1207): syncFile:/storage/emulated/0/Android/data/com.boco.apphall/cache/uil-images
05-19 17:22:57.176 E/Cataloger( 1207): syncFile:/storage/emulated/0/Android/data/com.boco.apphall/cache
05-19 17:22:57.176 E/Cataloger( 1207): syncFile:/storage/emulated/0/Android/data/com.boco.apphall
05-19 17:22:57.176 E/cutils-trace(26545): Error opening trace file: No such file or directory (2)
05-19 17:23:00.915 E/memtrack(26575): Couldn't load memtrack module (No such file or directory)
05-19 17:23:00.915 E/android.os.Debug(26575): failed to load memtrack module: -2
05-19 17:23:01.785 E/memtrack(26592): Couldn't load memtrack module (No such file or directory)
05-19 17:23:01.785 E/android.os.Debug(26592): failed to load memtrack module: -2
05-19 17:23:02.145 E/QueryController(26575): Got null root node from accessibility - Retrying...
05-19 17:23:02.415 E/QueryController(26575): Got null root node from accessibility - Retrying...
05-19 17:23:02.415 E/Cataloger( 1207): syncFile:/storage/emulated/0/Android/data/com.boco.apphall
05-19 17:23:02.415 E/Cataloger( 1207): 创建一个目录:/storage/emulated/0/Android/data/com.boco.apphall
05-19 17:23:02.415 E/Cataloger( 1207): 扫描新建目录：/storage/emulated/0/Android/data/com.boco.apphall
05-19 17:23:02.425 E/Cataloger( 1207): syncFile:/storage/emulated/0/Android/data/com.boco.apphall/cache
05-19 17:23:02.425 E/Cataloger( 1207): 创建一个目录:/storage/emulated/0/Android/data/com.boco.apphall/cache
05-19 17:23:02.425 E/Cataloger( 1207): 扫描新建目录：/storage/emulated/0/Android/data/com.boco.apphall/cache
05-19 17:23:02.435 E/Cataloger( 1207): syncFile:/storage/emulated/0/Android/data/com.boco.apphall/cache/.nomedia
05-19 17:23:02.435 E/Cataloger( 1207): need not sync path:/storage/emulated/0/Android/data/com.boco.apphall/cache/.nomedia
05-19 17:23:02.435 E/Cataloger( 1207): syncFile:/storage/emulated/0/Android/data/com.boco.apphall/cache/.nomedia
05-19 17:23:02.435 E/Cataloger( 1207): need not sync path:/storage/emulated/0/Android/data/com.boco.apphall/cache/.nomedia
05-19 17:23:02.435 E/Cataloger( 1207): syncFile:/storage/emulated/0/Android/data/com.boco.apphall/cache/uil-images
05-19 17:23:02.435 E/Cataloger( 1207): 创建一个目录:/storage/emulated/0/Android/data/com.boco.apphall/cache/uil-images
05-19 17:23:02.435 E/Cataloger( 1207): 扫描新建目录：/storage/emulated/0/Android/data/com.boco.apphall/cache/uil-images
05-19 17:23:02.445 E/Cataloger( 1207): syncFile:/storage/emulated/0/Android/data/com.boco.apphall/cache/uil-images/journal.tmp
05-19 17:23:02.445 E/Cataloger( 1207): need not sync path:/storage/emulated/0/Android/data/com.boco.apphall/cache/uil-images/journal.tmp
05-19 17:23:02.445 E/Cataloger( 1207): syncFile:/storage/emulated/0/Android/data/com.boco.apphall/cache/uil-images/journal.tmp
05-19 17:23:02.445 E/Cataloger( 1207): need not sync path:/storage/emulated/0/Android/data/com.boco.apphall/cache/uil-images/journal.tmp
05-19 17:23:02.455 E/Cataloger( 1207): syncFile:/storage/emulated/0/Android/data/com.boco.apphall/cache/uil-images/journal.tmp
05-19 17:23:02.455 E/Cataloger( 1207): need not sync path:/storage/emulated/0/Android/data/com.boco.apphall/cache/uil-images/journal.tmp
05-19 17:23:02.455 E/Cataloger( 1207): syncFile:/storage/emulated/0/Android/data/com.boco.apphall/cache/uil-images/journal
05-19 17:23:02.455 E/Cataloger( 1207): need not sync path:/storage/emulated/0/Android/data/com.boco.apphall/cache/uil-images/journal
05-19 17:23:02.665 E/QueryController(26575): Got null root node from accessibility - Retrying...
05-19 17:23:02.785 E/cutils-trace(26592): Error opening trace file: No such file or directory (2)
05-19 17:23:04.575 E/QueryController(26575): Got null root node from accessibility - Retrying...
05-19 17:23:06.595 E/cutils-trace(26575): Error opening trace file: No such file or directory (2)
05-19 17:23:08.955 E/memtrack(26635): Couldn't load memtrack module (No such file or directory)
05-19 17:23:08.955 E/android.os.Debug(26635): failed to load memtrack module: -2
05-19 17:23:09.045 E/cutils-trace(26635): Error opening trace file: No such file or directory (2)
05-19 17:23:15.595 E/memtrack(26647): Couldn't load memtrack module (No such file or directory)
05-19 17:23:15.595 E/android.os.Debug(26647): failed to load memtrack module: -2
05-19 17:23:16.845 E/cutils-trace(26647): Error opening trace file: No such file or directory (2)
05-19 17:23:29.835 E/---RankingListAppFragment---(26605): onResume
05-19 17:23:30.075 E/Cataloger( 1207): syncFile:/storage/emulated/0/Android/data/com.boco.apphall/cache/uil-images/mk3hplefdtlqmx38m1iwlp2r0.tmp
05-19 17:23:30.075 E/Cataloger( 1207): need not sync path:/storage/emulated/0/Android/data/com.boco.apphall/cache/uil-images/mk3hplefdtlqmx38m1iwlp2r0.tmp
05-19 17:23:30.105 E/Cataloger( 1207): syncFile:/storage/emulated/0/Android/data/com.boco.apphall/cache/uil-images/3205omy4td9oxw05yijfjsa900.tmp
05-19 17:23:30.105 E/Cataloger( 1207): need not sync path:/storage/emulated/0/Android/data/com.boco.apphall/cache/uil-images/3205omy4td9oxw05yijfjsa900.tmp
05-19 17:23:30.115 E/Cataloger( 1207): syncFile:/storage/emulated/0/Android/data/com.boco.apphall/cache/uil-images/3205omy4td9oxw05yijfjsa900.tmp
05-19 17:23:30.115 E/Cataloger( 1207): need not sync path:/storage/emulated/0/Android/data/com.boco.apphall/cache/uil-images/3205omy4td9oxw05yijfjsa900.tmp
05-19 17:23:30.125 E/Cataloger( 1207): syncFile:/storage/emulated/0/Android/data/com.boco.apphall/cache/uil-images/3205omy4td9oxw05yijfjsa900.tmp
05-19 17:23:30.125 E/Cataloger( 1207): need not sync path:/storage/emulated/0/Android/data/com.boco.apphall/cache/uil-images/3205omy4td9oxw05yijfjsa900.tmp
05-19 17:23:30.125 E/Cataloger( 1207): syncFile:/storage/emulated/0/Android/data/com.boco.apphall/cache/uil-images/3205omy4td9oxw05yijfjsa900
05-19 17:23:30.125 E/Cataloger( 1207): need not sync path:/storage/emulated/0/Android/data/com.boco.apphall/cache/uil-images/3205omy4td9oxw05yijfjsa900
05-19 17:23:30.145 E/Cataloger( 1207): syncFile:/storage/emulated/0/Android/data/com.boco.apphall/cache/uil-images/mk3hplefdtlqmx38m1iwlp2r0.tmp
05-19 17:23:30.145 E/Cataloger( 1207): need not sync path:/storage/emulated/0/Android/data/com.boco.apphall/cache/uil-images/mk3hplefdtlqmx38m1iwlp2r0.tmp
05-19 17:23:30.145 E/Cataloger( 1207): syncFile:/storage/emulated/0/Android/data/com.boco.apphall/cache/uil-images/mk3hplefdtlqmx38m1iwlp2r0.tmp
05-19 17:23:30.145 E/Cataloger( 1207): need not sync path:/storage/emulated/0/Android/data/com.boco.apphall/cache/uil-images/mk3hplefdtlqmx38m1iwlp2r0.tmp
05-19 17:23:30.145 E/Cataloger( 1207): syncFile:/storage/emulated/0/Android/data/com.boco.apphall/cache/uil-images/mk3hplefdtlqmx38m1iwlp2r0
05-19 17:23:30.145 E/Cataloger( 1207): need not sync path:/storage/emulated/0/Android/data/com.boco.apphall/cache/uil-images/mk3hplefdtlqmx38m1iwlp2r0
05-19 17:23:30.165 E/Cataloger( 1207): syncFile:/storage/emulated/0/Android/data/com.boco.apphall/cache/uil-images/3zj5e7agc5dxrx9zld8s8tazk0.tmp
05-19 17:23:30.165 E/Cataloger( 1207): need not sync path:/storage/emulated/0/Android/data/com.boco.apphall/cache/uil-images/3zj5e7agc5dxrx9zld8s8tazk0.tmp
05-19 17:23:30.165 E/Cataloger( 1207): syncFile:/storage/emulated/0/Android/data/com.boco.apphall/cache/uil-images/3zj5e7agc5dxrx9zld8s8tazk0.tmp
05-19 17:23:30.165 E/Cataloger( 1207): need not sync path:/storage/emulated/0/Android/data/com.boco.apphall/cache/uil-images/3zj5e7agc5dxrx9zld8s8tazk0.tmp
05-19 17:23:30.165 E/Cataloger( 1207): syncFile:/storage/emulated/0/Android/data/com.boco.apphall/cache/uil-images/3zj5e7agc5dxrx9zld8s8tazk0.tmp
05-19 17:23:30.175 E/Cataloger( 1207): need not sync path:/storage/emulated/0/Android/data/com.boco.apphall/cache/uil-images/3zj5e7agc5dxrx9zld8s8tazk0.tmp
05-19 17:23:30.175 E/Cataloger( 1207): syncFile:/storage/emulated/0/Android/data/com.boco.apphall/cache/uil-images/3zj5e7agc5dxrx9zld8s8tazk0
05-19 17:23:30.175 E/Cataloger( 1207): need not sync path:/storage/emulated/0/Android/data/com.boco.apphall/cache/uil-images/3zj5e7agc5dxrx9zld8s8tazk0
05-19 17:23:30.205 E/Cataloger( 1207): syncFile:/storage/emulated/0/Android/data/com.boco.apphall/cache/uil-images/4kxgwmqh15kqpdwvd91ok1rs00.tmp
05-19 17:23:30.205 E/Cataloger( 1207): need not sync path:/storage/emulated/0/Android/data/com.boco.apphall/cache/uil-images/4kxgwmqh15kqpdwvd91ok1rs00.tmp
05-19 17:23:30.205 E/Cataloger( 1207): syncFile:/storage/emulated/0/Android/data/com.boco.apphall/cache/uil-images/4kxgwmqh15kqpdwvd91ok1rs00.tmp
05-19 17:23:30.205 E/Cataloger( 1207): need not sync path:/storage/emulated/0/Android/data/com.boco.apphall/cache/uil-images/4kxgwmqh15kqpdwvd91ok1rs00.tmp
05-19 17:23:30.205 E/Cataloger( 1207): syncFile:/storage/emulated/0/Android/data/com.boco.apphall/cache/uil-images/4kxgwmqh15kqpdwvd91ok1rs00.tmp
05-19 17:23:30.205 E/Cataloger( 1207): need not sync path:/storage/emulated/0/Android/data/com.boco.apphall/cache/uil-images/4kxgwmqh15kqpdwvd91ok1rs00.tmp
05-19 17:23:30.205 E/Cataloger( 1207): syncFile:/storage/emulated/0/Android/data/com.boco.apphall/cache/uil-images/4kxgwmqh15kqpdwvd91ok1rs00
05-19 17:23:30.215 E/Cataloger( 1207): need not sync path:/storage/emulated/0/Android/data/com.boco.apphall/cache/uil-images/4kxgwmqh15kqpdwvd91ok1rs00
05-19 17:23:30.215 E/Cataloger( 1207): syncFile:/storage/emulated/0/Android/data/com.boco.apphall/cache/uil-images/2dw14j6zx8fuf59l70lizvt710.tmp
05-19 17:23:30.215 E/Cataloger( 1207): need not sync path:/storage/emulated/0/Android/data/com.boco.apphall/cache/uil-images/2dw14j6zx8fuf59l70lizvt710.tmp
05-19 17:23:30.215 E/Cataloger( 1207): syncFile:/storage/emulated/0/Android/data/com.boco.apphall/cache/uil-images/2dw14j6zx8fuf59l70lizvt710.tmp
05-19 17:23:30.215 E/Cataloger( 1207): need not sync path:/storage/emulated/0/Android/data/com.boco.apphall/cache/uil-images/2dw14j6zx8fuf59l70lizvt710.tmp
05-19 17:23:30.215 E/Cataloger( 1207): syncFile:/storage/emulated/0/Android/data/com.boco.apphall/cache/uil-images/2dw14j6zx8fuf59l70lizvt710.tmp
05-19 17:23:30.215 E/Cataloger( 1207): need not sync path:/storage/emulated/0/Android/data/com.boco.apphall/cache/uil-images/2dw14j6zx8fuf59l70lizvt710.tmp
05-19 17:23:30.215 E/Cataloger( 1207): syncFile:/storage/emulated/0/Android/data/com.boco.apphall/cache/uil-images/2dw14j6zx8fuf59l70lizvt710
05-19 17:23:30.215 E/Cataloger( 1207): need not sync path:/storage/emulated/0/Android/data/com.boco.apphall/cache/uil-images/2dw14j6zx8fuf59l70lizvt710
05-19 17:23:30.245 E/Cataloger( 1207): syncFile:/storage/emulated/0/Android/data/com.boco.apphall/cache/uil-images/5252683xnrtcrm7o65y7uirsl0.tmp
05-19 17:23:30.245 E/Cataloger( 1207): need not sync path:/storage/emulated/0/Android/data/com.boco.apphall/cache/uil-images/5252683xnrtcrm7o65y7uirsl0.tmp
05-19 17:23:30.245 E/Cataloger( 1207): syncFile:/storage/emulated/0/Android/data/com.boco.apphall/cache/uil-images/5252683xnrtcrm7o65y7uirsl0.tmp
05-19 17:23:30.245 E/Cataloger( 1207): need not sync path:/storage/emulated/0/Android/data/com.boco.apphall/cache/uil-images/5252683xnrtcrm7o65y7uirsl0.tmp
05-19 17:23:30.245 E/Cataloger( 1207): syncFile:/storage/emulated/0/Android/data/com.boco.apphall/cache/uil-images/5252683xnrtcrm7o65y7uirsl0.tmp
05-19 17:23:30.255 E/Cataloger( 1207): need not sync path:/storage/emulated/0/Android/data/com.boco.apphall/cache/uil-images/5252683xnrtcrm7o65y7uirsl0.tmp
05-19 17:23:30.255 E/Cataloger( 1207): syncFile:/storage/emulated/0/Android/data/com.boco.apphall/cache/uil-images/5252683xnrtcrm7o65y7uirsl0
05-19 17:23:30.255 E/Cataloger( 1207): need not sync path:/storage/emulated/0/Android/data/com.boco.apphall/cache/uil-images/5252683xnrtcrm7o65y7uirsl0
05-19 17:23:30.285 E/Cataloger( 1207): syncFile:/storage/emulated/0/Android/data/com.boco.apphall/cache/uil-images/5qxqvdbogs92lp9xsu05v4d050.tmp
05-19 17:23:30.285 E/Cataloger( 1207): need not sync path:/storage/emulated/0/Android/data/com.boco.apphall/cache/uil-images/5qxqvdbogs92lp9xsu05v4d050.tmp
05-19 17:23:30.285 E/Cataloger( 1207): syncFile:/storage/emulated/0/Android/data/com.boco.apphall/cache/uil-images/5qxqvdbogs92lp9xsu05v4d050.tmp
05-19 17:23:30.285 E/Cataloger( 1207): need not sync path:/storage/emulated/0/Android/data/com.boco.apphall/cache/uil-images/5qxqvdbogs92lp9xsu05v4d050.tmp
05-19 17:23:30.285 E/Cataloger( 1207): syncFile:/storage/emulated/0/Android/data/com.boco.apphall/cache/uil-images/5qxqvdbogs92lp9xsu05v4d050.tmp
05-19 17:23:30.285 E/Cataloger( 1207): need not sync path:/storage/emulated/0/Android/data/com.boco.apphall/cache/uil-images/5qxqvdbogs92lp9xsu05v4d050.tmp
05-19 17:23:30.295 E/Cataloger( 1207): syncFile:/storage/emulated/0/Android/data/com.boco.apphall/cache/uil-images/5qxqvdbogs92lp9xsu05v4d050
05-19 17:23:30.295 E/Cataloger( 1207): need not sync path:/storage/emulated/0/Android/data/com.boco.apphall/cache/uil-images/5qxqvdbogs92lp9xsu05v4d050
05-19 17:23:30.295 E/Cataloger( 1207): syncFile:/storage/emulated/0/Android/data/com.boco.apphall/cache/uil-images/5wanmv7yu4hzfio3426l5dfqd0.tmp
05-19 17:23:30.295 E/Cataloger( 1207): need not sync path:/storage/emulated/0/Android/data/com.boco.apphall/cache/uil-images/5wanmv7yu4hzfio3426l5dfqd0.tmp
05-19 17:23:30.335 E/Cataloger( 1207): syncFile:/storage/emulated/0/Android/data/com.boco.apphall/cache/uil-images/1yr55s6idym5vmr2kp828kc730.tmp
05-19 17:23:30.335 E/Cataloger( 1207): need not sync path:/storage/emulated/0/Android/data/com.boco.apphall/cache/uil-images/1yr55s6idym5vmr2kp828kc730.tmp
05-19 17:23:30.365 E/Cataloger( 1207): syncFile:/storage/emulated/0/Android/data/com.boco.apphall/cache/uil-images/64u2kf0bfy71nodbxsvrwaoat0.tmp
05-19 17:23:30.365 E/Cataloger( 1207): need not sync path:/storage/emulated/0/Android/data/com.boco.apphall/cache/uil-images/64u2kf0bfy71nodbxsvrwaoat0.tmp
05-19 17:23:30.375 E/Cataloger( 1207): syncFile:/storage/emulated/0/Android/data/com.boco.apphall/cache/uil-images/5wanmv7yu4hzfio3426l5dfqd0.tmp
05-19 17:23:30.375 E/Cataloger( 1207): need not sync path:/storage/emulated/0/Android/data/com.boco.apphall/cache/uil-images/5wanmv7yu4hzfio3426l5dfqd0.tmp
05-19 17:23:30.375 E/Cataloger( 1207): syncFile:/storage/emulated/0/Android/data/com.boco.apphall/cache/uil-images/5wanmv7yu4hzfio3426l5dfqd0.tmp
05-19 17:23:30.385 E/Cataloger( 1207): need not sync path:/storage/emulated/0/Android/data/com.boco.apphall/cache/uil-images/5wanmv7yu4hzfio3426l5dfqd0.tmp
05-19 17:23:30.385 E/Cataloger( 1207): syncFile:/storage/emulated/0/Android/data/com.boco.apphall/cache/uil-images/5wanmv7yu4hzfio3426l5dfqd0
05-19 17:23:30.385 E/Cataloger( 1207): need not sync path:/storage/emulated/0/Android/data/com.boco.apphall/cache/uil-images/5wanmv7yu4hzfio3426l5dfqd0
05-19 17:23:30.405 E/Cataloger( 1207): syncFile:/storage/emulated/0/Android/data/com.boco.apphall/cache/uil-images/64u2kf0bfy71nodbxsvrwaoat0.tmp
05-19 17:23:30.405 E/Cataloger( 1207): need not sync path:/storage/emulated/0/Android/data/com.boco.apphall/cache/uil-images/64u2kf0bfy71nodbxsvrwaoat0.tmp
05-19 17:23:30.405 E/Cataloger( 1207): syncFile:/storage/emulated/0/Android/data/com.boco.apphall/cache/uil-images/64u2kf0bfy71nodbxsvrwaoat0.tmp
05-19 17:23:30.415 E/Cataloger( 1207): need not sync path:/storage/emulated/0/Android/data/com.boco.apphall/cache/uil-images/64u2kf0bfy71nodbxsvrwaoat0.tmp
05-19 17:23:30.415 E/Cataloger( 1207): syncFile:/storage/emulated/0/Android/data/com.boco.apphall/cache/uil-images/64u2kf0bfy71nodbxsvrwaoat0
05-19 17:23:30.415 E/Cataloger( 1207): need not sync path:/storage/emulated/0/Android/data/com.boco.apphall/cache/uil-images/64u2kf0bfy71nodbxsvrwaoat0
05-19 17:23:30.415 E/Cataloger( 1207): syncFile:/storage/emulated/0/Android/data/com.boco.apphall/cache/uil-images/1yr55s6idym5vmr2kp828kc730.tmp
05-19 17:23:30.425 E/Cataloger( 1207): need not sync path:/storage/emulated/0/Android/data/com.boco.apphall/cache/uil-images/1yr55s6idym5vmr2kp828kc730.tmp
05-19 17:23:30.425 E/Cataloger( 1207): syncFile:/storage/emulated/0/Android/data/com.boco.apphall/cache/uil-images/1yr55s6idym5vmr2kp828kc730.tmp
05-19 17:23:30.425 E/Cataloger( 1207): need not sync path:/storage/emulated/0/Android/data/com.boco.apphall/cache/uil-images/1yr55s6idym5vmr2kp828kc730.tmp
05-19 17:23:30.425 E/Cataloger( 1207): syncFile:/storage/emulated/0/Android/data/com.boco.apphall/cache/uil-images/1yr55s6idym5vmr2kp828kc730
05-19 17:23:30.425 E/Cataloger( 1207): need not sync path:/storage/emulated/0/Android/data/com.boco.apphall/cache/uil-images/1yr55s6idym5vmr2kp828kc730
05-19 17:23:30.475 E/Cataloger( 1207): syncFile:/storage/emulated/0/Android/data/com.boco.apphall/cache/uil-images/5qk5ab5bpi8w4etc52xne53rs0.tmp
05-19 17:23:30.475 E/Cataloger( 1207): need not sync path:/storage/emulated/0/Android/data/com.boco.apphall/cache/uil-images/5qk5ab5bpi8w4etc52xne53rs0.tmp
05-19 17:23:30.505 E/Cataloger( 1207): syncFile:/storage/emulated/0/Android/data/com.boco.apphall/cache/uil-images/5qk5ab5bpi8w4etc52xne53rs0.tmp
05-19 17:23:30.505 E/Cataloger( 1207): need not sync path:/storage/emulated/0/Android/data/com.boco.apphall/cache/uil-images/5qk5ab5bpi8w4etc52xne53rs0.tmp
05-19 17:23:30.505 E/Cataloger( 1207): syncFile:/storage/emulated/0/Android/data/com.boco.apphall/cache/uil-images/5qk5ab5bpi8w4etc52xne53rs0.tmp
05-19 17:23:30.515 E/Cataloger( 1207): need not sync path:/storage/emulated/0/Android/data/com.boco.apphall/cache/uil-images/5qk5ab5bpi8w4etc52xne53rs0.tmp
05-19 17:23:30.515 E/Cataloger( 1207): syncFile:/storage/emulated/0/Android/data/com.boco.apphall/cache/uil-images/5qk5ab5bpi8w4etc52xne53rs0
05-19 17:23:30.515 E/Cataloger( 1207): need not sync path:/storage/emulated/0/Android/data/com.boco.apphall/cache/uil-images/5qk5ab5bpi8w4etc52xne53rs0
05-19 17:23:32.485 E/Cataloger( 1207): syncFile:/storage/emulated/0/Android/data/com.boco.apphall/cache/uil-images/3r8tdz39r88343lyjjbzac0np0.tmp
05-19 17:23:32.485 E/Cataloger( 1207): need not sync path:/storage/emulated/0/Android/data/com.boco.apphall/cache/uil-images/3r8tdz39r88343lyjjbzac0np0.tmp
05-19 17:23:32.545 E/Cataloger( 1207): syncFile:/storage/emulated/0/Android/data/com.boco.apphall/cache/uil-images/3r8tdz39r88343lyjjbzac0np0.tmp
05-19 17:23:32.545 E/Cataloger( 1207): need not sync path:/storage/emulated/0/Android/data/com.boco.apphall/cache/uil-images/3r8tdz39r88343lyjjbzac0np0.tmp
05-19 17:23:32.555 E/Cataloger( 1207): 重复删除命令
05-19 17:23:32.555 E/Cataloger( 1207): syncFile:/storage/emulated/0/Android/data/com.boco.apphall/cache/uil-images/3r8tdz39r88343lyjjbzac0np0
05-19 17:23:32.555 E/Cataloger( 1207): need not sync path:/storage/emulated/0/Android/data/com.boco.apphall/cache/uil-images/3r8tdz39r88343lyjjbzac0np0
05-19 17:23:32.635 E/Cataloger( 1207): syncFile:/storage/emulated/0/Android/data/com.boco.apphall/cache/uil-images/5qogu4mrdxf85pkbk8yy8tu40.tmp
05-19 17:23:32.635 E/Cataloger( 1207): need not sync path:/storage/emulated/0/Android/data/com.boco.apphall/cache/uil-images/5qogu4mrdxf85pkbk8yy8tu40.tmp
05-19 17:23:32.645 E/Cataloger( 1207): syncFile:/storage/emulated/0/Android/data/com.boco.apphall/cache/uil-images/4v3d4a3umnefhyx7zalpef08r0.tmp
05-19 17:23:32.645 E/Cataloger( 1207): need not sync path:/storage/emulated/0/Android/data/com.boco.apphall/cache/uil-images/4v3d4a3umnefhyx7zalpef08r0.tmp
05-19 17:23:32.645 E/Cataloger( 1207): syncFile:/storage/emulated/0/Android/data/com.boco.apphall/cache/uil-images/47spu737qqo3qmchhldzpvdiy0.tmp
05-19 17:23:32.645 E/Cataloger( 1207): need not sync path:/storage/emulated/0/Android/data/com.boco.apphall/cache/uil-images/47spu737qqo3qmchhldzpvdiy0.tmp
05-19 17:23:32.855 E/Cataloger( 1207): syncFile:/storage/emulated/0/Android/data/com.boco.apphall/cache/uil-images/5qogu4mrdxf85pkbk8yy8tu40.tmp
05-19 17:23:32.855 E/Cataloger( 1207): need not sync path:/storage/emulated/0/Android/data/com.boco.apphall/cache/uil-images/5qogu4mrdxf85pkbk8yy8tu40.tmp
05-19 17:23:32.855 E/Cataloger( 1207): 重复删除命令
05-19 17:23:32.855 E/Cataloger( 1207): syncFile:/storage/emulated/0/Android/data/com.boco.apphall/cache/uil-images/5qogu4mrdxf85pkbk8yy8tu40
05-19 17:23:32.855 E/Cataloger( 1207): need not sync path:/storage/emulated/0/Android/data/com.boco.apphall/cache/uil-images/5qogu4mrdxf85pkbk8yy8tu40
05-19 17:23:32.865 E/Cataloger( 1207): syncFile:/storage/emulated/0/Android/data/com.boco.apphall/cache/uil-images/47spu737qqo3qmchhldzpvdiy0.tmp
05-19 17:23:32.865 E/Cataloger( 1207): need not sync path:/storage/emulated/0/Android/data/com.boco.apphall/cache/uil-images/47spu737qqo3qmchhldzpvdiy0.tmp
05-19 17:23:32.865 E/Cataloger( 1207): 重复删除命令
05-19 17:23:32.865 E/Cataloger( 1207): syncFile:/storage/emulated/0/Android/data/com.boco.apphall/cache/uil-images/47spu737qqo3qmchhldzpvdiy0
05-19 17:23:32.865 E/Cataloger( 1207): need not sync path:/storage/emulated/0/Android/data/com.boco.apphall/cache/uil-images/47spu737qqo3qmchhldzpvdiy0
05-19 17:23:32.875 E/Cataloger( 1207): syncFile:/storage/emulated/0/Android/data/com.boco.apphall/cache/uil-images/4v3d4a3umnefhyx7zalpef08r0.tmp
05-19 17:23:32.875 E/Cataloger( 1207): need not sync path:/storage/emulated/0/Android/data/com.boco.apphall/cache/uil-images/4v3d4a3umnefhyx7zalpef08r0.tmp
05-19 17:23:32.875 E/Cataloger( 1207): 重复删除命令
05-19 17:23:32.875 E/Cataloger( 1207): syncFile:/storage/emulated/0/Android/data/com.boco.apphall/cache/uil-images/4v3d4a3umnefhyx7zalpef08r0
05-19 17:23:32.875 E/Cataloger( 1207): need not sync path:/storage/emulated/0/Android/data/com.boco.apphall/cache/uil-images/4v3d4a3umnefhyx7zalpef08r0
05-19 17:23:32.975 E/Cataloger( 1207): syncFile:/storage/emulated/0/Android/data/com.boco.apphall/cache/uil-images/6y2s1skl9q9rq1qvqzwoem6xk0.tmp
05-19 17:23:32.975 E/Cataloger( 1207): need not sync path:/storage/emulated/0/Android/data/com.boco.apphall/cache/uil-images/6y2s1skl9q9rq1qvqzwoem6xk0.tmp
05-19 17:23:33.065 E/Cataloger( 1207): syncFile:/storage/emulated/0/Android/data/com.boco.apphall/cache/uil-images/6y2s1skl9q9rq1qvqzwoem6xk0.tmp
05-19 17:23:33.065 E/Cataloger( 1207): need not sync path:/storage/emulated/0/Android/data/com.boco.apphall/cache/uil-images/6y2s1skl9q9rq1qvqzwoem6xk0.tmp
05-19 17:23:33.065 E/Cataloger( 1207): 重复删除命令
05-19 17:23:33.075 E/Cataloger( 1207): syncFile:/storage/emulated/0/Android/data/com.boco.apphall/cache/uil-images/6y2s1skl9q9rq1qvqzwoem6xk0
05-19 17:23:33.075 E/Cataloger( 1207): need not sync path:/storage/emulated/0/Android/data/com.boco.apphall/cache/uil-images/6y2s1skl9q9rq1qvqzwoem6xk0
05-19 17:23:42.445 E/Cataloger( 1207): syncFile:/storage/emulated/0/appHall_guangxi_folder/download/1495185822272BOCO_GX_GLDD_V1.4_1705081830_9292_D.apk
05-19 17:23:42.445 E/Cataloger( 1207): syncFile:/storage/emulated/0/appHall_guangxi_folder/download/1495185822272BOCO_GX_GLDD_V1.4_1705081830_9292_D.apk
05-19 17:24:01.555 E/AccessibilityNodeInfoCache(26575): Disconneced node: android.view.accessibility.AccessibilityNodeInfo@50ad7; boundsInParent: Rect(0, 0 - 120, 41); boundsInScreen: Rect(54, 1499 - 174, 1540); packageName: com.boco.apphall; className: android.widget.TextView; text: 其他信息; contentDescription: null; viewIdResName: com.boco.apphall:id/app_other_desc; checkable: false; checked: false; focusable: false; focused: false; selected: false; clickable: false; longClickable: false; enabled: true; password: false; scrollable: false; [ACTION_SELECT, ACTION_CLEAR_SELECTION, ACTION_ACCESSIBILITY_FOCUS, ACTION_NEXT_AT_MOVEMENT_GRANULARITY, ACTION_PREVIOUS_AT_MOVEMENT_GRANULARITY, ACTION_SET_SELECTION]
05-19 17:24:01.555 E/AccessibilityNodeInfoCache(26575): Disconneced node: android.view.accessibility.AccessibilityNodeInfo@50e98; boundsInParent: Rect(0, 0 - 104, 36); boundsInScreen: Rect(54, 1560 - 158, 1596); packageName: com.boco.apphall; className: android.widget.TextView; text: 当前版本; contentDescription: null; viewIdResName: com.boco.apphall:id/curversion_title; checkable: false; checked: false; focusable: false; focused: false; selected: false; clickable: false; longClickable: false; enabled: true; password: false; scrollable: false; [ACTION_SELECT, ACTION_CLEAR_SELECTION, ACTION_ACCESSIBILITY_FOCUS, ACTION_NEXT_AT_MOVEMENT_GRANULARITY, ACTION_PREVIOUS_AT_MOVEMENT_GRANULARITY, ACTION_SET_SELECTION]
