--------- beginning of /dev/log/system
--------- beginning of /dev/log/main
05-19 17:28:52.691 E/Finsky  (11759): [1] com.google.android.finsky.wear.bl.a(847): onConnectionFailed: ConnectionResult{statusCode=API_UNAVAILABLE, resolution=null, message=null}
05-19 17:28:52.751 E/Cataloger( 1207): syncFile:/storage/emulated/0/appHall_guangxi_folder/download/1495186104770BOCO_GX_GLDD_V1.4_1705081830_9292_D.apk
05-19 17:28:52.831 E/Cataloger( 1207): syncFile:/storage/emulated/0/Android/data/com.estrongs.android.pop/recomm/setting.download.tmp.tmp
05-19 17:28:52.831 E/Cataloger( 1207): need not sync path:/storage/emulated/0/Android/data/com.estrongs.android.pop/recomm/setting.download.tmp.tmp
05-19 17:28:52.831 E/Cataloger( 1207): syncFile:/storage/emulated/0/Android/data/com.estrongs.android.pop/recomm/setting.download.tmp.tmp
05-19 17:28:52.831 E/Cataloger( 1207): need not sync path:/storage/emulated/0/Android/data/com.estrongs.android.pop/recomm/setting.download.tmp.tmp
05-19 17:28:52.891 E/Cataloger( 1207): syncFile:/storage/emulated/0/Android/data/com.estrongs.android.pop/recomm/setting.download.tmp.tmp
05-19 17:28:52.891 E/Cataloger( 1207): need not sync path:/storage/emulated/0/Android/data/com.estrongs.android.pop/recomm/setting.download.tmp.tmp
05-19 17:28:52.891 E/Cataloger( 1207): 重复删除命令
05-19 17:28:52.891 E/Cataloger( 1207): syncFile:/storage/emulated/0/Android/data/com.estrongs.android.pop/recomm/setting.download.tmp.tmp
05-19 17:28:52.891 E/Cataloger( 1207): need not sync path:/storage/emulated/0/Android/data/com.estrongs.android.pop/recomm/setting.download.tmp.tmp
05-19 17:28:52.891 E/Cataloger( 1207): syncFile:/storage/emulated/0/Android/data/com.estrongs.android.pop/recomm/setting.download.tmp.tmp
05-19 17:28:52.891 E/Cataloger( 1207): need not sync path:/storage/emulated/0/Android/data/com.estrongs.android.pop/recomm/setting.download.tmp.tmp
05-19 17:28:52.991 E/Cataloger( 1207): syncFile:/storage/emulated/0/Android/data/com.estrongs.android.pop/recomm/setting.download.tmp.tmp
05-19 17:28:52.991 E/Cataloger( 1207): need not sync path:/storage/emulated/0/Android/data/com.estrongs.android.pop/recomm/setting.download.tmp.tmp
05-19 17:28:52.991 E/Cataloger( 1207): syncFile:/storage/emulated/0/Android/data/com.estrongs.android.pop/recomm/setting.download.tmp.tmp
05-19 17:28:52.991 E/Cataloger( 1207): need not sync path:/storage/emulated/0/Android/data/com.estrongs.android.pop/recomm/setting.download.tmp.tmp
05-19 17:28:52.991 E/Cataloger( 1207): syncFile:/storage/emulated/0/Android/data/com.estrongs.android.pop/recomm/setting.download.tmp
05-19 17:28:52.991 E/Cataloger( 1207): need not sync path:/storage/emulated/0/Android/data/com.estrongs.android.pop/recomm/setting.download.tmp
05-19 17:28:52.991 E/Cataloger( 1207): 重复删除命令
05-19 17:28:54.371 E/Cataloger( 1207): syncFile:/storage/emulated/0/Android/data/com.estrongs.android.pop/recomm/setting.download.tmp.tmp
05-19 17:28:54.371 E/Cataloger( 1207): need not sync path:/storage/emulated/0/Android/data/com.estrongs.android.pop/recomm/setting.download.tmp.tmp
05-19 17:28:54.371 E/Cataloger( 1207): syncFile:/storage/emulated/0/Android/data/com.estrongs.android.pop/recomm/setting.download.tmp.tmp
05-19 17:28:54.371 E/Cataloger( 1207): need not sync path:/storage/emulated/0/Android/data/com.estrongs.android.pop/recomm/setting.download.tmp.tmp
05-19 17:28:54.371 E/Cataloger( 1207): syncFile:/storage/emulated/0/Android/data/com.estrongs.android.pop/recomm/setting.download.tmp.tmp
05-19 17:28:54.371 E/Cataloger( 1207): need not sync path:/storage/emulated/0/Android/data/com.estrongs.android.pop/recomm/setting.download.tmp.tmp
05-19 17:28:54.461 E/Cataloger( 1207): syncFile:/storage/emulated/0/Android/data/com.estrongs.android.pop/recomm/setting.download.tmp.tmp
05-19 17:28:54.461 E/Cataloger( 1207): need not sync path:/storage/emulated/0/Android/data/com.estrongs.android.pop/recomm/setting.download.tmp.tmp
05-19 17:28:54.461 E/Cataloger( 1207): 重复删除命令
05-19 17:28:54.461 E/Cataloger( 1207): syncFile:/storage/emulated/0/Android/data/com.estrongs.android.pop/recomm/setting.download.tmp
05-19 17:28:54.461 E/Cataloger( 1207): need not sync path:/storage/emulated/0/Android/data/com.estrongs.android.pop/recomm/setting.download.tmp
05-19 17:28:54.461 E/Cataloger( 1207): syncFile:/storage/emulated/0/Android/data/com.estrongs.android.pop/recomm/setting.download.tmp
05-19 17:28:54.461 E/Cataloger( 1207): need not sync path:/storage/emulated/0/Android/data/com.estrongs.android.pop/recomm/setting.download.tmp
05-19 17:28:59.631 E/memtrack(27929): Couldn't load memtrack module (No such file or directory)
05-19 17:28:59.631 E/android.os.Debug(27929): failed to load memtrack module: -2
05-19 17:28:59.661 E/cutils-trace(27929): Error opening trace file: No such file or directory (2)
05-19 17:29:01.031 E/memtrack(27941): Couldn't load memtrack module (No such file or directory)
05-19 17:29:01.031 E/android.os.Debug(27941): failed to load memtrack module: -2
05-19 17:29:01.071 E/cutils-trace(27941): Error opening trace file: No such file or directory (2)
05-19 17:29:01.841 E/memtrack(27960): Couldn't load memtrack module (No such file or directory)
05-19 17:29:01.841 E/android.os.Debug(27960): failed to load memtrack module: -2
05-19 17:29:01.861 E/cutils-trace(27960): Error opening trace file: No such file or directory (2)
05-19 17:29:02.861 E/memtrack(27976): Couldn't load memtrack module (No such file or directory)
05-19 17:29:02.861 E/android.os.Debug(27976): failed to load memtrack module: -2
05-19 17:29:02.881 E/cutils-trace(27976): Error opening trace file: No such file or directory (2)
05-19 17:29:04.291 E/memtrack(27994): Couldn't load memtrack module (No such file or directory)
05-19 17:29:04.291 E/android.os.Debug(27994): failed to load memtrack module: -2
05-19 17:29:04.311 E/cutils-trace(27994): Error opening trace file: No such file or directory (2)
05-19 17:29:05.001 E/memtrack(28006): Couldn't load memtrack module (No such file or directory)
05-19 17:29:05.001 E/android.os.Debug(28006): failed to load memtrack module: -2
05-19 17:29:05.021 E/cutils-trace(28006): Error opening trace file: No such file or directory (2)
05-19 17:29:05.821 E/memtrack(28018): Couldn't load memtrack module (No such file or directory)
05-19 17:29:05.821 E/android.os.Debug(28018): failed to load memtrack module: -2
05-19 17:29:05.841 E/cutils-trace(28018): Error opening trace file: No such file or directory (2)
05-19 17:29:06.661 E/memtrack(28030): Couldn't load memtrack module (No such file or directory)
05-19 17:29:06.661 E/android.os.Debug(28030): failed to load memtrack module: -2
05-19 17:29:06.681 E/cutils-trace(28030): Error opening trace file: No such file or directory (2)
05-19 17:29:07.401 E/memtrack(28042): Couldn't load memtrack module (No such file or directory)
05-19 17:29:07.411 E/android.os.Debug(28042): failed to load memtrack module: -2
05-19 17:29:07.431 E/cutils-trace(28042): Error opening trace file: No such file or directory (2)
05-19 17:29:08.581 E/memtrack(28058): Couldn't load memtrack module (No such file or directory)
05-19 17:29:08.581 E/android.os.Debug(28058): failed to load memtrack module: -2
05-19 17:29:08.611 E/cutils-trace(28058): Error opening trace file: No such file or directory (2)
05-19 17:29:09.291 E/memtrack(28070): Couldn't load memtrack module (No such file or directory)
05-19 17:29:09.291 E/android.os.Debug(28070): failed to load memtrack module: -2
05-19 17:29:09.321 E/cutils-trace(28070): Error opening trace file: No such file or directory (2)
05-19 17:29:10.161 E/memtrack(28084): Couldn't load memtrack module (No such file or directory)
05-19 17:29:10.161 E/android.os.Debug(28084): failed to load memtrack module: -2
05-19 17:29:10.181 E/cutils-trace(28084): Error opening trace file: No such file or directory (2)
05-19 17:29:11.391 E/memtrack(28102): Couldn't load memtrack module (No such file or directory)
05-19 17:29:11.391 E/android.os.Debug(28102): failed to load memtrack module: -2
05-19 17:29:11.421 E/cutils-trace(28102): Error opening trace file: No such file or directory (2)
05-19 17:29:12.101 E/memtrack(28114): Couldn't load memtrack module (No such file or directory)
05-19 17:29:12.101 E/android.os.Debug(28114): failed to load memtrack module: -2
05-19 17:29:12.121 E/cutils-trace(28114): Error opening trace file: No such file or directory (2)
05-19 17:29:12.791 E/memtrack(28126): Couldn't load memtrack module (No such file or directory)
05-19 17:29:12.791 E/android.os.Debug(28126): failed to load memtrack module: -2
05-19 17:29:12.841 E/Cataloger( 1207): syncFile:/storage/emulated/0/Android/data/com.boco.apphall/cache
05-19 17:29:12.841 E/Cataloger( 1207): syncFile:/storage/emulated/0/Android/data/com.boco.apphall
05-19 17:29:12.851 E/cutils-trace(28126): Error opening trace file: No such file or directory (2)
05-19 17:29:16.191 E/memtrack(28156): Couldn't load memtrack module (No such file or directory)
05-19 17:29:16.191 E/android.os.Debug(28156): failed to load memtrack module: -2
05-19 17:29:17.111 E/memtrack(28173): Couldn't load memtrack module (No such file or directory)
05-19 17:29:17.111 E/android.os.Debug(28173): failed to load memtrack module: -2
05-19 17:29:17.491 E/QueryController(28156): Got null root node from accessibility - Retrying...
05-19 17:29:17.751 E/QueryController(28156): Got null root node from accessibility - Retrying...
05-19 17:29:17.761 E/Cataloger( 1207): syncFile:/storage/emulated/0/Android/data/com.boco.apphall
05-19 17:29:17.761 E/Cataloger( 1207): 创建一个目录:/storage/emulated/0/Android/data/com.boco.apphall
05-19 17:29:17.761 E/Cataloger( 1207): 扫描新建目录：/storage/emulated/0/Android/data/com.boco.apphall
05-19 17:29:17.781 E/Cataloger( 1207): syncFile:/storage/emulated/0/Android/data/com.boco.apphall/cache
05-19 17:29:17.781 E/Cataloger( 1207): 创建一个目录:/storage/emulated/0/Android/data/com.boco.apphall/cache
05-19 17:29:17.781 E/Cataloger( 1207): 扫描新建目录：/storage/emulated/0/Android/data/com.boco.apphall/cache
05-19 17:29:17.811 E/Cataloger( 1207): syncFile:/storage/emulated/0/Android/data/com.boco.apphall/cache/.nomedia
05-19 17:29:17.811 E/Cataloger( 1207): need not sync path:/storage/emulated/0/Android/data/com.boco.apphall/cache/.nomedia
05-19 17:29:17.811 E/Cataloger( 1207): syncFile:/storage/emulated/0/Android/data/com.boco.apphall/cache/.nomedia
05-19 17:29:17.811 E/Cataloger( 1207): need not sync path:/storage/emulated/0/Android/data/com.boco.apphall/cache/.nomedia
05-19 17:29:17.811 E/Cataloger( 1207): 重复创建命令
05-19 17:29:17.811 E/Cataloger( 1207): syncFile:/storage/emulated/0/Android/data/com.boco.apphall/cache/uil-images/journal.tmp
05-19 17:29:17.811 E/Cataloger( 1207): need not sync path:/storage/emulated/0/Android/data/com.boco.apphall/cache/uil-images/journal.tmp
05-19 17:29:17.811 E/Cataloger( 1207): syncFile:/storage/emulated/0/Android/data/com.boco.apphall/cache/uil-images/journal.tmp
05-19 17:29:17.811 E/Cataloger( 1207): need not sync path:/storage/emulated/0/Android/data/com.boco.apphall/cache/uil-images/journal.tmp
05-19 17:29:17.811 E/Cataloger( 1207): syncFile:/storage/emulated/0/Android/data/com.boco.apphall/cache/uil-images/journal.tmp
05-19 17:29:17.811 E/Cataloger( 1207): need not sync path:/storage/emulated/0/Android/data/com.boco.apphall/cache/uil-images/journal.tmp
05-19 17:29:17.811 E/Cataloger( 1207): 重复创建命令
05-19 17:29:18.011 E/QueryController(28156): Got null root node from accessibility - Retrying...
05-19 17:29:18.201 E/cutils-trace(28173): Error opening trace file: No such file or directory (2)
05-19 17:29:19.871 E/QueryController(28156): Got null root node from accessibility - Retrying...
05-19 17:29:21.891 E/cutils-trace(28156): Error opening trace file: No such file or directory (2)
05-19 17:29:24.261 E/memtrack(28214): Couldn't load memtrack module (No such file or directory)
05-19 17:29:24.261 E/android.os.Debug(28214): failed to load memtrack module: -2
05-19 17:29:24.331 E/cutils-trace(28214): Error opening trace file: No such file or directory (2)
05-19 17:29:30.951 E/memtrack(28227): Couldn't load memtrack module (No such file or directory)
05-19 17:29:30.951 E/android.os.Debug(28227): failed to load memtrack module: -2
05-19 17:29:32.281 E/cutils-trace(28227): Error opening trace file: No such file or directory (2)
05-19 17:29:59.750 E/memtrack(28340): Couldn't load memtrack module (No such file or directory)
05-19 17:29:59.750 E/android.os.Debug(28340): failed to load memtrack module: -2
05-19 17:29:59.770 E/cutils-trace(28340): Error opening trace file: No such file or directory (2)
05-19 17:30:00.970 E/memtrack(28351): Couldn't load memtrack module (No such file or directory)
05-19 17:30:00.970 E/android.os.Debug(28351): failed to load memtrack module: -2
05-19 17:30:01.010 E/cutils-trace(28351): Error opening trace file: No such file or directory (2)
05-19 17:30:01.020 E/Cataloger( 1207): syncFile:/storage/emulated/0/Android/data/com.boco.apphall/cache/uil-images/journal
05-19 17:30:01.020 E/Cataloger( 1207): need not sync path:/storage/emulated/0/Android/data/com.boco.apphall/cache/uil-images/journal
05-19 17:30:01.060 E/QueryController(28156): Got null root node from accessibility - Retrying...
05-19 17:30:01.840 E/memtrack(28368): Couldn't load memtrack module (No such file or directory)
05-19 17:30:01.840 E/android.os.Debug(28368): failed to load memtrack module: -2
05-19 17:30:01.870 E/cutils-trace(28368): Error opening trace file: No such file or directory (2)
05-19 17:30:02.910 E/memtrack(28384): Couldn't load memtrack module (No such file or directory)
05-19 17:30:02.910 E/android.os.Debug(28384): failed to load memtrack module: -2
05-19 17:30:02.930 E/cutils-trace(28384): Error opening trace file: No such file or directory (2)
05-19 17:30:04.360 E/memtrack(28400): Couldn't load memtrack module (No such file or directory)
05-19 17:30:04.360 E/android.os.Debug(28400): failed to load memtrack module: -2
05-19 17:30:04.390 E/cutils-trace(28400): Error opening trace file: No such file or directory (2)
05-19 17:30:05.070 E/memtrack(28412): Couldn't load memtrack module (No such file or directory)
05-19 17:30:05.070 E/android.os.Debug(28412): failed to load memtrack module: -2
05-19 17:30:05.090 E/cutils-trace(28412): Error opening trace file: No such file or directory (2)
05-19 17:30:05.910 E/memtrack(28424): Couldn't load memtrack module (No such file or directory)
05-19 17:30:05.910 E/android.os.Debug(28424): failed to load memtrack module: -2
05-19 17:30:05.930 E/cutils-trace(28424): Error opening trace file: No such file or directory (2)
05-19 17:30:06.770 E/memtrack(28436): Couldn't load memtrack module (No such file or directory)
05-19 17:30:06.780 E/android.os.Debug(28436): failed to load memtrack module: -2
05-19 17:30:06.790 E/cutils-trace(28436): Error opening trace file: No such file or directory (2)
05-19 17:30:07.520 E/memtrack(28448): Couldn't load memtrack module (No such file or directory)
05-19 17:30:07.530 E/android.os.Debug(28448): failed to load memtrack module: -2
05-19 17:30:07.550 E/cutils-trace(28448): Error opening trace file: No such file or directory (2)
05-19 17:30:08.650 E/memtrack(28464): Couldn't load memtrack module (No such file or directory)
05-19 17:30:08.650 E/android.os.Debug(28464): failed to load memtrack module: -2
05-19 17:30:08.670 E/cutils-trace(28464): Error opening trace file: No such file or directory (2)
05-19 17:30:09.350 E/memtrack(28476): Couldn't load memtrack module (No such file or directory)
05-19 17:30:09.350 E/android.os.Debug(28476): failed to load memtrack module: -2
05-19 17:30:09.370 E/cutils-trace(28476): Error opening trace file: No such file or directory (2)
05-19 17:30:10.190 E/memtrack(28490): Couldn't load memtrack module (No such file or directory)
05-19 17:30:10.190 E/android.os.Debug(28490): failed to load memtrack module: -2
05-19 17:30:10.210 E/cutils-trace(28490): Error opening trace file: No such file or directory (2)
05-19 17:30:11.370 E/memtrack(28508): Couldn't load memtrack module (No such file or directory)
05-19 17:30:11.370 E/android.os.Debug(28508): failed to load memtrack module: -2
05-19 17:30:11.400 E/cutils-trace(28508): Error opening trace file: No such file or directory (2)
05-19 17:30:12.070 E/memtrack(28520): Couldn't load memtrack module (No such file or directory)
05-19 17:30:12.070 E/android.os.Debug(28520): failed to load memtrack module: -2
05-19 17:30:12.090 E/cutils-trace(28520): Error opening trace file: No such file or directory (2)
05-19 17:30:12.770 E/memtrack(28532): Couldn't load memtrack module (No such file or directory)
05-19 17:30:12.770 E/android.os.Debug(28532): failed to load memtrack module: -2
05-19 17:30:12.810 E/Cataloger( 1207): 重复删除命令
05-19 17:30:12.810 E/Cataloger( 1207): 重复删除命令
05-19 17:30:12.810 E/Cataloger( 1207): 重复删除命令
05-19 17:30:12.810 E/Cataloger( 1207): 重复删除命令
05-19 17:30:12.810 E/Cataloger( 1207): 重复删除命令
05-19 17:30:12.810 E/cutils-trace(28532): Error opening trace file: No such file or directory (2)
05-19 17:30:16.010 E/memtrack(28561): Couldn't load memtrack module (No such file or directory)
05-19 17:30:16.010 E/android.os.Debug(28561): failed to load memtrack module: -2
05-19 17:30:16.900 E/memtrack(28578): Couldn't load memtrack module (No such file or directory)
05-19 17:30:16.900 E/android.os.Debug(28578): failed to load memtrack module: -2
05-19 17:30:17.230 E/QueryController(28561): Got null root node from accessibility - Retrying...
05-19 17:30:17.490 E/QueryController(28561): Got null root node from accessibility - Retrying...
05-19 17:30:17.580 E/Cataloger( 1207): syncFile:/storage/emulated/0/Android/data/com.boco.apphall
05-19 17:30:17.580 E/Cataloger( 1207): 创建一个目录:/storage/emulated/0/Android/data/com.boco.apphall
05-19 17:30:17.580 E/Cataloger( 1207): 扫描新建目录：/storage/emulated/0/Android/data/com.boco.apphall
05-19 17:30:17.590 E/Cataloger( 1207): syncFile:/storage/emulated/0/Android/data/com.boco.apphall/cache/uil-images/journal.tmp
05-19 17:30:17.590 E/Cataloger( 1207): need not sync path:/storage/emulated/0/Android/data/com.boco.apphall/cache/uil-images/journal.tmp
05-19 17:30:17.590 E/Cataloger( 1207): syncFile:/storage/emulated/0/Android/data/com.boco.apphall/cache/uil-images/journal.tmp
05-19 17:30:17.590 E/Cataloger( 1207): need not sync path:/storage/emulated/0/Android/data/com.boco.apphall/cache/uil-images/journal.tmp
05-19 17:30:17.600 E/Cataloger( 1207): 重复删除命令
05-19 17:30:17.600 E/Cataloger( 1207): syncFile:/storage/emulated/0/Android/data/com.boco.apphall/cache/uil-images/journal
05-19 17:30:17.600 E/Cataloger( 1207): need not sync path:/storage/emulated/0/Android/data/com.boco.apphall/cache/uil-images/journal
05-19 17:30:17.740 E/QueryController(28561): Got null root node from accessibility - Retrying...
05-19 17:30:17.990 E/cutils-trace(28578): Error opening trace file: No such file or directory (2)
05-19 17:30:19.770 E/QueryController(28561): Got null root node from accessibility - Retrying...
05-19 17:30:20.600 E/SQLiteDatabase( 1207): Error inserting path=/storage/emulated/0/Android/data/com.boco.apphall/ lastmodified=1495186217000 pathtype=3 _id=437 isLogPath=0 name=com.boco.apphall
05-19 17:30:20.600 E/SQLiteDatabase( 1207): android.database.sqlite.SQLiteConstraintException: column path is not unique (code 19)
05-19 17:30:20.600 E/SQLiteDatabase( 1207): 	at android.database.sqlite.SQLiteConnection.nativeExecuteForLastInsertedRowId(Native Method)
05-19 17:30:20.600 E/SQLiteDatabase( 1207): 	at android.database.sqlite.SQLiteConnection.executeForLastInsertedRowId(SQLiteConnection.java:782)
05-19 17:30:20.600 E/SQLiteDatabase( 1207): 	at android.database.sqlite.SQLiteSession.executeForLastInsertedRowId(SQLiteSession.java:788)
05-19 17:30:20.600 E/SQLiteDatabase( 1207): 	at android.database.sqlite.SQLiteStatement.executeInsert(SQLiteStatement.java:86)
05-19 17:30:20.600 E/SQLiteDatabase( 1207): 	at android.database.sqlite.SQLiteDatabase.insertWithOnConflict(SQLiteDatabase.java:1469)
05-19 17:30:20.600 E/SQLiteDatabase( 1207): 	at android.database.sqlite.SQLiteDatabase.insert(SQLiteDatabase.java:1339)
05-19 17:30:20.600 E/SQLiteDatabase( 1207): 	at com.estrongs.android.scanner.d.e.a(Unknown Source)
05-19 17:30:20.600 E/SQLiteDatabase( 1207): 	at com.estrongs.android.scanner.d.a.a(Unknown Source)
05-19 17:30:20.600 E/SQLiteDatabase( 1207): 	at com.estrongs.android.scanner.d.a.a(Unknown Source)
05-19 17:30:20.600 E/SQLiteDatabase( 1207): 	at com.estrongs.android.scanner.d.r.run(Unknown Source)
05-19 17:30:20.600 E/SQLiteDatabase( 1207): 	at java.util.concurrent.ThreadPoolExecutor.runWorker(ThreadPoolExecutor.java:1112)
05-19 17:30:20.600 E/SQLiteDatabase( 1207): 	at java.util.concurrent.ThreadPoolExecutor$Worker.run(ThreadPoolExecutor.java:587)
05-19 17:30:20.600 E/SQLiteDatabase( 1207): 	at java.lang.Thread.run(Thread.java:841)
05-19 17:30:21.730 E/cutils-trace(28561): Error opening trace file: No such file or directory (2)
05-19 17:30:24.180 E/memtrack(28618): Couldn't load memtrack module (No such file or directory)
05-19 17:30:24.180 E/android.os.Debug(28618): failed to load memtrack module: -2
05-19 17:30:24.270 E/cutils-trace(28618): Error opening trace file: No such file or directory (2)
05-19 17:30:30.820 E/memtrack(28630): Couldn't load memtrack module (No such file or directory)
05-19 17:30:30.820 E/android.os.Debug(28630): failed to load memtrack module: -2
05-19 17:30:32.130 E/cutils-trace(28630): Error opening trace file: No such file or directory (2)
05-19 17:30:45.050 E/---RankingListAppFragment---(28590): onResume
05-19 17:30:45.310 E/Cataloger( 1207): syncFile:/storage/emulated/0/Android/data/com.boco.apphall/cache/uil-images/3205omy4td9oxw05yijfjsa900.tmp
05-19 17:30:45.310 E/Cataloger( 1207): need not sync path:/storage/emulated/0/Android/data/com.boco.apphall/cache/uil-images/3205omy4td9oxw05yijfjsa900.tmp
05-19 17:30:45.320 E/Cataloger( 1207): syncFile:/storage/emulated/0/Android/data/com.boco.apphall/cache/uil-images/3205omy4td9oxw05yijfjsa900.tmp
05-19 17:30:45.320 E/Cataloger( 1207): need not sync path:/storage/emulated/0/Android/data/com.boco.apphall/cache/uil-images/3205omy4td9oxw05yijfjsa900.tmp
05-19 17:30:45.330 E/Cataloger( 1207): 重复删除命令
05-19 17:30:45.330 E/Cataloger( 1207): 重复创建命令
05-19 17:30:45.380 E/Cataloger( 1207): syncFile:/storage/emulated/0/Android/data/com.boco.apphall/cache/uil-images/3zj5e7agc5dxrx9zld8s8tazk0.tmp
05-19 17:30:45.380 E/Cataloger( 1207): need not sync path:/storage/emulated/0/Android/data/com.boco.apphall/cache/uil-images/3zj5e7agc5dxrx9zld8s8tazk0.tmp
05-19 17:30:45.380 E/Cataloger( 1207): syncFile:/storage/emulated/0/Android/data/com.boco.apphall/cache/uil-images/3zj5e7agc5dxrx9zld8s8tazk0.tmp
05-19 17:30:45.380 E/Cataloger( 1207): need not sync path:/storage/emulated/0/Android/data/com.boco.apphall/cache/uil-images/3zj5e7agc5dxrx9zld8s8tazk0.tmp
05-19 17:30:45.380 E/Cataloger( 1207): syncFile:/storage/emulated/0/Android/data/com.boco.apphall/cache/uil-images/3zj5e7agc5dxrx9zld8s8tazk0.tmp
05-19 17:30:45.380 E/Cataloger( 1207): need not sync path:/storage/emulated/0/Android/data/com.boco.apphall/cache/uil-images/3zj5e7agc5dxrx9zld8s8tazk0.tmp
05-19 17:30:45.380 E/Cataloger( 1207): syncFile:/storage/emulated/0/Android/data/com.boco.apphall/cache/uil-images/3zj5e7agc5dxrx9zld8s8tazk0
05-19 17:30:45.380 E/Cataloger( 1207): need not sync path:/storage/emulated/0/Android/data/com.boco.apphall/cache/uil-images/3zj5e7agc5dxrx9zld8s8tazk0
05-19 17:30:45.390 E/Cataloger( 1207): syncFile:/storage/emulated/0/Android/data/com.boco.apphall/cache/uil-images/mk3hplefdtlqmx38m1iwlp2r0.tmp
05-19 17:30:45.390 E/Cataloger( 1207): need not sync path:/storage/emulated/0/Android/data/com.boco.apphall/cache/uil-images/mk3hplefdtlqmx38m1iwlp2r0.tmp
05-19 17:30:45.400 E/Cataloger( 1207): syncFile:/storage/emulated/0/Android/data/com.boco.apphall/cache/uil-images/4kxgwmqh15kqpdwvd91ok1rs00.tmp
05-19 17:30:45.400 E/Cataloger( 1207): need not sync path:/storage/emulated/0/Android/data/com.boco.apphall/cache/uil-images/4kxgwmqh15kqpdwvd91ok1rs00.tmp
05-19 17:30:45.450 E/Cataloger( 1207): syncFile:/storage/emulated/0/Android/data/com.boco.apphall/cache/uil-images/2dw14j6zx8fuf59l70lizvt710.tmp
05-19 17:30:45.450 E/Cataloger( 1207): need not sync path:/storage/emulated/0/Android/data/com.boco.apphall/cache/uil-images/2dw14j6zx8fuf59l70lizvt710.tmp
05-19 17:30:45.450 E/Cataloger( 1207): syncFile:/storage/emulated/0/Android/data/com.boco.apphall/cache/uil-images/2dw14j6zx8fuf59l70lizvt710.tmp
05-19 17:30:45.450 E/Cataloger( 1207): need not sync path:/storage/emulated/0/Android/data/com.boco.apphall/cache/uil-images/2dw14j6zx8fuf59l70lizvt710.tmp
05-19 17:30:45.450 E/Cataloger( 1207): syncFile:/storage/emulated/0/Android/data/com.boco.apphall/cache/uil-images/2dw14j6zx8fuf59l70lizvt710.tmp
05-19 17:30:45.450 E/Cataloger( 1207): need not sync path:/storage/emulated/0/Android/data/com.boco.apphall/cache/uil-images/2dw14j6zx8fuf59l70lizvt710.tmp
05-19 17:30:45.460 E/Cataloger( 1207): syncFile:/storage/emulated/0/Android/data/com.boco.apphall/cache/uil-images/2dw14j6zx8fuf59l70lizvt710
05-19 17:30:45.460 E/Cataloger( 1207): need not sync path:/storage/emulated/0/Android/data/com.boco.apphall/cache/uil-images/2dw14j6zx8fuf59l70lizvt710
05-19 17:30:45.460 E/Cataloger( 1207): syncFile:/storage/emulated/0/Android/data/com.boco.apphall/cache/uil-images/mk3hplefdtlqmx38m1iwlp2r0.tmp
05-19 17:30:45.460 E/Cataloger( 1207): need not sync path:/storage/emulated/0/Android/data/com.boco.apphall/cache/uil-images/mk3hplefdtlqmx38m1iwlp2r0.tmp
05-19 17:30:45.460 E/Cataloger( 1207): syncFile:/storage/emulated/0/Android/data/com.boco.apphall/cache/uil-images/mk3hplefdtlqmx38m1iwlp2r0.tmp
05-19 17:30:45.460 E/Cataloger( 1207): need not sync path:/storage/emulated/0/Android/data/com.boco.apphall/cache/uil-images/mk3hplefdtlqmx38m1iwlp2r0.tmp
05-19 17:30:45.460 E/Cataloger( 1207): syncFile:/storage/emulated/0/Android/data/com.boco.apphall/cache/uil-images/mk3hplefdtlqmx38m1iwlp2r0
05-19 17:30:45.470 E/Cataloger( 1207): need not sync path:/storage/emulated/0/Android/data/com.boco.apphall/cache/uil-images/mk3hplefdtlqmx38m1iwlp2r0
05-19 17:30:45.510 E/Cataloger( 1207): syncFile:/storage/emulated/0/Android/data/com.boco.apphall/cache/uil-images/5252683xnrtcrm7o65y7uirsl0.tmp
05-19 17:30:45.510 E/Cataloger( 1207): need not sync path:/storage/emulated/0/Android/data/com.boco.apphall/cache/uil-images/5252683xnrtcrm7o65y7uirsl0.tmp
05-19 17:30:45.520 E/Cataloger( 1207): syncFile:/storage/emulated/0/Android/data/com.boco.apphall/cache/uil-images/5252683xnrtcrm7o65y7uirsl0.tmp
05-19 17:30:45.520 E/Cataloger( 1207): need not sync path:/storage/emulated/0/Android/data/com.boco.apphall/cache/uil-images/5252683xnrtcrm7o65y7uirsl0.tmp
05-19 17:30:45.520 E/Cataloger( 1207): syncFile:/storage/emulated/0/Android/data/com.boco.apphall/cache/uil-images/5252683xnrtcrm7o65y7uirsl0.tmp
05-19 17:30:45.520 E/Cataloger( 1207): need not sync path:/storage/emulated/0/Android/data/com.boco.apphall/cache/uil-images/5252683xnrtcrm7o65y7uirsl0.tmp
05-19 17:30:45.520 E/Cataloger( 1207): syncFile:/storage/emulated/0/Android/data/com.boco.apphall/cache/uil-images/5252683xnrtcrm7o65y7uirsl0
05-19 17:30:45.520 E/Cataloger( 1207): need not sync path:/storage/emulated/0/Android/data/com.boco.apphall/cache/uil-images/5252683xnrtcrm7o65y7uirsl0
05-19 17:30:45.720 E/Cataloger( 1207): syncFile:/storage/emulated/0/Android/data/com.boco.apphall/cache/uil-images/4kxgwmqh15kqpdwvd91ok1rs00.tmp
05-19 17:30:45.720 E/Cataloger( 1207): need not sync path:/storage/emulated/0/Android/data/com.boco.apphall/cache/uil-images/4kxgwmqh15kqpdwvd91ok1rs00.tmp
05-19 17:30:45.720 E/Cataloger( 1207): syncFile:/storage/emulated/0/Android/data/com.boco.apphall/cache/uil-images/4kxgwmqh15kqpdwvd91ok1rs00.tmp
05-19 17:30:45.730 E/Cataloger( 1207): need not sync path:/storage/emulated/0/Android/data/com.boco.apphall/cache/uil-images/4kxgwmqh15kqpdwvd91ok1rs00.tmp
05-19 17:30:45.730 E/Cataloger( 1207): syncFile:/storage/emulated/0/Android/data/com.boco.apphall/cache/uil-images/4kxgwmqh15kqpdwvd91ok1rs00
05-19 17:30:45.730 E/Cataloger( 1207): need not sync path:/storage/emulated/0/Android/data/com.boco.apphall/cache/uil-images/4kxgwmqh15kqpdwvd91ok1rs00
05-19 17:30:45.770 E/Cataloger( 1207): syncFile:/storage/emulated/0/Android/data/com.boco.apphall/cache/uil-images/5qxqvdbogs92lp9xsu05v4d050.tmp
05-19 17:30:45.770 E/Cataloger( 1207): need not sync path:/storage/emulated/0/Android/data/com.boco.apphall/cache/uil-images/5qxqvdbogs92lp9xsu05v4d050.tmp
05-19 17:30:45.780 E/Cataloger( 1207): syncFile:/storage/emulated/0/Android/data/com.boco.apphall/cache/uil-images/5qxqvdbogs92lp9xsu05v4d050.tmp
05-19 17:30:45.780 E/Cataloger( 1207): need not sync path:/storage/emulated/0/Android/data/com.boco.apphall/cache/uil-images/5qxqvdbogs92lp9xsu05v4d050.tmp
05-19 17:30:45.780 E/Cataloger( 1207): 重复删除命令
05-19 17:30:45.780 E/Cataloger( 1207): 重复创建命令
05-19 17:30:45.790 E/Cataloger( 1207): syncFile:/storage/emulated/0/Android/data/com.boco.apphall/cache/uil-images/5wanmv7yu4hzfio3426l5dfqd0.tmp
05-19 17:30:45.790 E/Cataloger( 1207): need not sync path:/storage/emulated/0/Android/data/com.boco.apphall/cache/uil-images/5wanmv7yu4hzfio3426l5dfqd0.tmp
05-19 17:30:45.850 E/Cataloger( 1207): syncFile:/storage/emulated/0/Android/data/com.boco.apphall/cache/uil-images/64u2kf0bfy71nodbxsvrwaoat0.tmp
05-19 17:30:45.850 E/Cataloger( 1207): need not sync path:/storage/emulated/0/Android/data/com.boco.apphall/cache/uil-images/64u2kf0bfy71nodbxsvrwaoat0.tmp
05-19 17:30:45.880 E/Cataloger( 1207): syncFile:/storage/emulated/0/Android/data/com.boco.apphall/cache/uil-images/5wanmv7yu4hzfio3426l5dfqd0.tmp
05-19 17:30:45.880 E/Cataloger( 1207): need not sync path:/storage/emulated/0/Android/data/com.boco.apphall/cache/uil-images/5wanmv7yu4hzfio3426l5dfqd0.tmp
05-19 17:30:45.890 E/Cataloger( 1207): 重复删除命令
05-19 17:30:45.890 E/Cataloger( 1207): 重复创建命令
05-19 17:30:45.950 E/Cataloger( 1207): 重复创建命令
05-19 17:30:46.010 E/Cataloger( 1207): syncFile:/storage/emulated/0/Android/data/com.boco.apphall/cache/uil-images/5qk5ab5bpi8w4etc52xne53rs0.tmp
05-19 17:30:46.010 E/Cataloger( 1207): need not sync path:/storage/emulated/0/Android/data/com.boco.apphall/cache/uil-images/5qk5ab5bpi8w4etc52xne53rs0.tmp
05-19 17:30:46.010 E/Cataloger( 1207): syncFile:/storage/emulated/0/Android/data/com.boco.apphall/cache/uil-images/5qk5ab5bpi8w4etc52xne53rs0.tmp
05-19 17:30:46.020 E/Cataloger( 1207): need not sync path:/storage/emulated/0/Android/data/com.boco.apphall/cache/uil-images/5qk5ab5bpi8w4etc52xne53rs0.tmp
05-19 17:30:46.020 E/Cataloger( 1207): syncFile:/storage/emulated/0/Android/data/com.boco.apphall/cache/uil-images/5qk5ab5bpi8w4etc52xne53rs0
05-19 17:30:46.020 E/Cataloger( 1207): need not sync path:/storage/emulated/0/Android/data/com.boco.apphall/cache/uil-images/5qk5ab5bpi8w4etc52xne53rs0
05-19 17:30:46.170 E/Cataloger( 1207): syncFile:/storage/emulated/0/Android/data/com.boco.apphall/cache/uil-images/64u2kf0bfy71nodbxsvrwaoat0.tmp
05-19 17:30:46.180 E/Cataloger( 1207): need not sync path:/storage/emulated/0/Android/data/com.boco.apphall/cache/uil-images/64u2kf0bfy71nodbxsvrwaoat0.tmp
05-19 17:30:46.180 E/Cataloger( 1207): 重复删除命令
05-19 17:30:46.180 E/Cataloger( 1207): 重复创建命令
05-19 17:30:46.320 E/Cataloger( 1207): syncFile:/storage/emulated/0/Android/data/com.boco.apphall/cache/uil-images/1yr55s6idym5vmr2kp828kc730.tmp
05-19 17:30:46.320 E/Cataloger( 1207): need not sync path:/storage/emulated/0/Android/data/com.boco.apphall/cache/uil-images/1yr55s6idym5vmr2kp828kc730.tmp
05-19 17:30:46.660 E/Cataloger( 1207): syncFile:/storage/emulated/0/Android/data/com.boco.apphall/cache/uil-images/1yr55s6idym5vmr2kp828kc730.tmp
05-19 17:30:46.660 E/Cataloger( 1207): need not sync path:/storage/emulated/0/Android/data/com.boco.apphall/cache/uil-images/1yr55s6idym5vmr2kp828kc730.tmp
05-19 17:30:46.670 E/Cataloger( 1207): 重复删除命令
05-19 17:30:46.670 E/Cataloger( 1207): 重复创建命令
05-19 17:30:48.810 E/Cataloger( 1207): syncFile:/storage/emulated/0/Android/data/com.boco.apphall/cache/uil-images/3r8tdz39r88343lyjjbzac0np0.tmp
05-19 17:30:48.810 E/Cataloger( 1207): need not sync path:/storage/emulated/0/Android/data/com.boco.apphall/cache/uil-images/3r8tdz39r88343lyjjbzac0np0.tmp
05-19 17:30:48.860 E/Cataloger( 1207): syncFile:/storage/emulated/0/Android/data/com.boco.apphall/cache/uil-images/3r8tdz39r88343lyjjbzac0np0.tmp
05-19 17:30:48.860 E/Cataloger( 1207): need not sync path:/storage/emulated/0/Android/data/com.boco.apphall/cache/uil-images/3r8tdz39r88343lyjjbzac0np0.tmp
05-19 17:30:48.860 E/Cataloger( 1207): 重复删除命令
05-19 17:30:48.870 E/Cataloger( 1207): syncFile:/storage/emulated/0/Android/data/com.boco.apphall/cache/uil-images/3r8tdz39r88343lyjjbzac0np0
05-19 17:30:48.870 E/Cataloger( 1207): need not sync path:/storage/emulated/0/Android/data/com.boco.apphall/cache/uil-images/3r8tdz39r88343lyjjbzac0np0
05-19 17:30:49.000 E/Cataloger( 1207): syncFile:/storage/emulated/0/Android/data/com.boco.apphall/cache/uil-images/47spu737qqo3qmchhldzpvdiy0.tmp
05-19 17:30:49.000 E/Cataloger( 1207): need not sync path:/storage/emulated/0/Android/data/com.boco.apphall/cache/uil-images/47spu737qqo3qmchhldzpvdiy0.tmp
05-19 17:30:49.030 E/Cataloger( 1207): syncFile:/storage/emulated/0/Android/data/com.boco.apphall/cache/uil-images/5qogu4mrdxf85pkbk8yy8tu40.tmp
05-19 17:30:49.030 E/Cataloger( 1207): need not sync path:/storage/emulated/0/Android/data/com.boco.apphall/cache/uil-images/5qogu4mrdxf85pkbk8yy8tu40.tmp
05-19 17:30:49.030 E/Cataloger( 1207): syncFile:/storage/emulated/0/Android/data/com.boco.apphall/cache/uil-images/4v3d4a3umnefhyx7zalpef08r0.tmp
05-19 17:30:49.030 E/Cataloger( 1207): need not sync path:/storage/emulated/0/Android/data/com.boco.apphall/cache/uil-images/4v3d4a3umnefhyx7zalpef08r0.tmp
05-19 17:30:49.160 E/Cataloger( 1207): syncFile:/storage/emulated/0/Android/data/com.boco.apphall/cache/uil-images/4v3d4a3umnefhyx7zalpef08r0.tmp
05-19 17:30:49.160 E/Cataloger( 1207): need not sync path:/storage/emulated/0/Android/data/com.boco.apphall/cache/uil-images/4v3d4a3umnefhyx7zalpef08r0.tmp
05-19 17:30:49.160 E/Cataloger( 1207): 重复删除命令
05-19 17:30:49.170 E/Cataloger( 1207): syncFile:/storage/emulated/0/Android/data/com.boco.apphall/cache/uil-images/4v3d4a3umnefhyx7zalpef08r0
05-19 17:30:49.170 E/Cataloger( 1207): need not sync path:/storage/emulated/0/Android/data/com.boco.apphall/cache/uil-images/4v3d4a3umnefhyx7zalpef08r0
05-19 17:30:49.230 E/QueryController(28561): Got null root node from accessibility - Retrying...
05-19 17:30:49.260 E/Cataloger( 1207): syncFile:/storage/emulated/0/Android/data/com.boco.apphall/cache/uil-images/6y2s1skl9q9rq1qvqzwoem6xk0.tmp
05-19 17:30:49.260 E/Cataloger( 1207): need not sync path:/storage/emulated/0/Android/data/com.boco.apphall/cache/uil-images/6y2s1skl9q9rq1qvqzwoem6xk0.tmp
05-19 17:30:49.380 E/Cataloger( 1207): syncFile:/storage/emulated/0/Android/data/com.boco.apphall/cache/uil-images/6y2s1skl9q9rq1qvqzwoem6xk0.tmp
05-19 17:30:49.380 E/Cataloger( 1207): need not sync path:/storage/emulated/0/Android/data/com.boco.apphall/cache/uil-images/6y2s1skl9q9rq1qvqzwoem6xk0.tmp
05-19 17:30:49.380 E/Cataloger( 1207): 重复删除命令
05-19 17:30:49.380 E/Cataloger( 1207): syncFile:/storage/emulated/0/Android/data/com.boco.apphall/cache/uil-images/6y2s1skl9q9rq1qvqzwoem6xk0
05-19 17:30:49.380 E/Cataloger( 1207): need not sync path:/storage/emulated/0/Android/data/com.boco.apphall/cache/uil-images/6y2s1skl9q9rq1qvqzwoem6xk0
05-19 17:31:09.089 E/Cataloger( 1207): syncFile:/storage/emulated/0/Android/data/com.boco.apphall/cache/uil-images/47spu737qqo3qmchhldzpvdiy0.tmp
05-19 17:31:09.089 E/Cataloger( 1207): need not sync path:/storage/emulated/0/Android/data/com.boco.apphall/cache/uil-images/47spu737qqo3qmchhldzpvdiy0.tmp
05-19 17:31:09.089 E/Cataloger( 1207): 重复删除命令
05-19 17:31:09.139 E/Cataloger( 1207): syncFile:/storage/emulated/0/Android/data/com.boco.apphall/cache/uil-images/5qogu4mrdxf85pkbk8yy8tu40.tmp
05-19 17:31:09.139 E/Cataloger( 1207): need not sync path:/storage/emulated/0/Android/data/com.boco.apphall/cache/uil-images/5qogu4mrdxf85pkbk8yy8tu40.tmp
05-19 17:31:09.139 E/Cataloger( 1207): 重复删除命令
05-19 17:31:09.189 E/ImageLoader(28590): null
05-19 17:31:09.189 E/ImageLoader(28590): java.net.SocketTimeoutException
05-19 17:31:09.189 E/ImageLoader(28590): 	at java.net.PlainSocketImpl.read(PlainSocketImpl.java:491)
05-19 17:31:09.189 E/ImageLoader(28590): 	at java.net.PlainSocketImpl.access$000(PlainSocketImpl.java:46)
05-19 17:31:09.189 E/ImageLoader(28590): 	at java.net.PlainSocketImpl$PlainSocketInputStream.read(PlainSocketImpl.java:240)
05-19 17:31:09.189 E/ImageLoader(28590): 	at java.io.BufferedInputStream.read(BufferedInputStream.java:283)
05-19 17:31:09.189 E/ImageLoader(28590): 	at com.android.okhttp.internal.http.HttpTransport$ChunkedInputStream.read(HttpTransport.java:441)
05-19 17:31:09.189 E/ImageLoader(28590): 	at java.io.BufferedInputStream.read(BufferedInputStream.java:283)
05-19 17:31:09.189 E/ImageLoader(28590): 	at com.nostra13.universalimageloader.core.assist.ContentLengthInputStream.read(ContentLengthInputStream.java:65)
05-19 17:31:09.189 E/ImageLoader(28590): 	at com.nostra13.universalimageloader.utils.IoUtils.copyStream(IoUtils.java:77)
05-19 17:31:09.189 E/ImageLoader(28590): 	at com.nostra13.universalimageloader.cache.disc.impl.ext.LruDiskCache.save(LruDiskCache.java:155)
05-19 17:31:09.189 E/ImageLoader(28590): 	at com.nostra13.universalimageloader.core.LoadAndDisplayImageTask.downloadImage(LoadAndDisplayImageTask.java:297)
05-19 17:31:09.189 E/ImageLoader(28590): 	at com.nostra13.universalimageloader.core.LoadAndDisplayImageTask.tryCacheImageOnDisk(LoadAndDisplayImageTask.java:274)
05-19 17:31:09.189 E/ImageLoader(28590): 	at com.nostra13.universalimageloader.core.LoadAndDisplayImageTask.tryLoadBitmap(LoadAndDisplayImageTask.java:230)
05-19 17:31:09.189 E/ImageLoader(28590): 	at com.nostra13.universalimageloader.core.LoadAndDisplayImageTask.run(LoadAndDisplayImageTask.java:136)
05-19 17:31:09.189 E/ImageLoader(28590): 	at java.util.concurrent.ThreadPoolExecutor.runWorker(ThreadPoolExecutor.java:1112)
05-19 17:31:09.189 E/ImageLoader(28590): 	at java.util.concurrent.ThreadPoolExecutor$Worker.run(ThreadPoolExecutor.java:587)
05-19 17:31:09.189 E/ImageLoader(28590): 	at java.lang.Thread.run(Thread.java:841)
05-19 17:31:09.239 E/ImageLoader(28590): null
05-19 17:31:09.239 E/ImageLoader(28590): java.net.SocketTimeoutException
05-19 17:31:09.239 E/ImageLoader(28590): 	at java.net.PlainSocketImpl.read(PlainSocketImpl.java:491)
05-19 17:31:09.239 E/ImageLoader(28590): 	at java.net.PlainSocketImpl.access$000(PlainSocketImpl.java:46)
05-19 17:31:09.239 E/ImageLoader(28590): 	at java.net.PlainSocketImpl$PlainSocketInputStream.read(PlainSocketImpl.java:240)
05-19 17:31:09.239 E/ImageLoader(28590): 	at java.io.BufferedInputStream.read(BufferedInputStream.java:283)
05-19 17:31:09.239 E/ImageLoader(28590): 	at com.android.okhttp.internal.http.HttpTransport$ChunkedInputStream.read(HttpTransport.java:441)
05-19 17:31:09.239 E/ImageLoader(28590): 	at java.io.BufferedInputStream.read(BufferedInputStream.java:283)
05-19 17:31:09.239 E/ImageLoader(28590): 	at com.nostra13.universalimageloader.core.assist.ContentLengthInputStream.read(ContentLengthInputStream.java:65)
05-19 17:31:09.239 E/ImageLoader(28590): 	at com.nostra13.universalimageloader.utils.IoUtils.copyStream(IoUtils.java:77)
05-19 17:31:09.239 E/ImageLoader(28590): 	at com.nostra13.universalimageloader.cache.disc.impl.ext.LruDiskCache.save(LruDiskCache.java:155)
05-19 17:31:09.239 E/ImageLoader(28590): 	at com.nostra13.universalimageloader.core.LoadAndDisplayImageTask.downloadImage(LoadAndDisplayImageTask.java:297)
05-19 17:31:09.239 E/ImageLoader(28590): 	at com.nostra13.universalimageloader.core.LoadAndDisplayImageTask.tryCacheImageOnDisk(LoadAndDisplayImageTask.java:274)
05-19 17:31:09.239 E/ImageLoader(28590): 	at com.nostra13.universalimageloader.core.LoadAndDisplayImageTask.tryLoadBitmap(LoadAndDisplayImageTask.java:230)
05-19 17:31:09.239 E/ImageLoader(28590): 	at com.nostra13.universalimageloader.core.LoadAndDisplayImageTask.run(LoadAndDisplayImageTask.java:136)
05-19 17:31:09.239 E/ImageLoader(28590): 	at java.util.concurrent.ThreadPoolExecutor.runWorker(ThreadPoolExecutor.java:1112)
05-19 17:31:09.239 E/ImageLoader(28590): 	at java.util.concurrent.ThreadPoolExecutor$Worker.run(ThreadPoolExecutor.java:587)
05-19 17:31:09.239 E/ImageLoader(28590): 	at java.lang.Thread.run(Thread.java:841)
05-19 17:31:18.629 E/Cataloger( 1207): syncFile:/storage/emulated/0/appHall_guangxi_folder/download/1495186278430BOCO_GX_GLDD_V1.4_1705081830_9292_D.apk
05-19 17:31:18.629 E/Cataloger( 1207): syncFile:/storage/emulated/0/appHall_guangxi_folder/download/1495186278430BOCO_GX_GLDD_V1.4_1705081830_9292_D.apk
05-19 17:31:36.179 E/AccessibilityNodeInfoCache(28561): Disconneced node: android.view.accessibility.AccessibilityNodeInfo@866cf; boundsInParent: Rect(0, 0 - 280, 460); boundsInScreen: Rect(294, 767 - 574, 1227); packageName: com.boco.apphall; className: android.widget.RelativeLayout; text: null; contentDescription: null; viewIdResName: null; checkable: false; checked: false; focusable: false; focused: false; selected: false; clickable: true; longClickable: false; enabled: true; password: false; scrollable: false; [ACTION_SELECT, ACTION_CLEAR_SELECTION, ACTION_CLICK, ACTION_ACCESSIBILITY_FOCUS]
05-19 17:31:36.179 E/AccessibilityNodeInfoCache(28561): Disconneced node: android.view.accessibility.AccessibilityNodeInfo@87994; boundsInParent: Rect(0, 0 - 260, 440); boundsInScreen: Rect(304, 777 - 564, 1217); packageName: com.boco.apphall; className: android.view.View; text: null; contentDescription: null; viewIdResName: com.boco.apphall:id/id_index_gallery_item_image_bg; checkable: false; checked: false; focusable: false; focused: false; selected: false; clickable: false; longClickable: false; enabled: true; password: false; scrollable: false; [ACTION_SELECT, ACTION_CLEAR_SELECTION, ACTION_ACCESSIBILITY_FOCUS]
05-19 17:31:36.179 E/AccessibilityNodeInfoCache(28561): Disconneced node: android.view.accessibility.AccessibilityNodeInfo@87d55; boundsInParent: Rect(0, 0 - 260, 440); boundsInScreen: Rect(304, 777 - 564, 1217); packageName: com.boco.apphall; className: android.widget.ImageView; text: null; contentDescription: null; viewIdResName: com.boco.apphall:id/id_index_gallery_item_image; checkable: false; checked: false; focusable: false; focused: false; selected: false; clickable: false; longClickable: false; enabled: true; password: false; scrollable: false; [ACTION_SELECT, ACTION_CLEAR_SELECTION, ACTION_ACCESSIBILITY_FOCUS]
05-19 17:31:36.179 E/AccessibilityNodeInfoCache(28561): Disconneced node: android.view.accessibility.AccessibilityNodeInfo@866cf; boundsInParent: Rect(0, 0 - 280, 460); boundsInScreen: Rect(294, 767 - 574, 1227); packageName: com.boco.apphall; className: android.widget.RelativeLayout; text: null; contentDescription: null; viewIdResName: null; checkable: false; checked: false; focusable: false; focused: false; selected: false; clickable: true; longClickable: false; enabled: true; password: false; scrollable: false; [ACTION_SELECT, ACTION_CLEAR_SELECTION, ACTION_CLICK, ACTION_ACCESSIBILITY_FOCUS]
05-19 17:31:36.179 E/AccessibilityNodeInfoCache(28561): Disconneced node: android.view.accessibility.AccessibilityNodeInfo@87994; boundsInParent: Rect(0, 0 - 260, 440); boundsInScreen: Rect(304, 777 - 564, 1217); packageName: com.boco.apphall; className: android.view.View; text: null; contentDescription: null; viewIdResName: com.boco.apphall:id/id_index_gallery_item_image_bg; checkable: false; checked: false; focusable: false; focused: false; selected: false; clickable: false; longClickable: false; enabled: true; password: false; scrollable: false; [ACTION_SELECT, ACTION_CLEAR_SELECTION, ACTION_ACCESSIBILITY_FOCUS]
05-19 17:31:36.179 E/AccessibilityNodeInfoCache(28561): Disconneced node: android.view.accessibility.AccessibilityNodeInfo@87d55; boundsInParent: Rect(0, 0 - 260, 440); boundsInScreen: Rect(304, 777 - 564, 1217); packageName: com.boco.apphall; className: android.widget.ImageView; text: null; contentDescription: null; viewIdResName: com.boco.apphall:id/id_index_gallery_item_image; checkable: false; checked: false; focusable: false; focused: false; selected: false; clickable: false; longClickable: false; enabled: true; password: false; scrollable: false; [ACTION_SELECT, ACTION_CLEAR_SELECTION, ACTION_ACCESSIBILITY_FOCUS]
05-19 17:31:36.179 E/AccessibilityNodeInfoCache(28561): Disconneced node: android.view.accessibility.AccessibilityNodeInfo@866cf; boundsInParent: Rect(0, 0 - 280, 460); boundsInScreen: Rect(294, 767 - 574, 1227); packageName: com.boco.apphall; className: android.widget.RelativeLayout; text: null; contentDescription: null; viewIdResName: null; checkable: false; checked: false; focusable: false; focused: false; selected: false; clickable: true; longClickable: false; enabled: true; password: false; scrollable: false; [ACTION_SELECT, ACTION_CLEAR_SELECTION, ACTION_CLICK, ACTION_ACCESSIBILITY_FOCUS]
05-19 17:31:36.179 E/AccessibilityNodeInfoCache(28561): Disconneced node: android.view.accessibility.AccessibilityNodeInfo@87994; boundsInParent: Rect(0, 0 - 260, 440); boundsInScreen: Rect(304, 777 - 564, 1217); packageName: com.boco.apphall; className: android.view.View; text: null; contentDescription: null; viewIdResName: com.boco.apphall:id/id_index_gallery_item_image_bg; checkable: false; checked: false; focusable: false; focused: false; selected: false; clickable: false; longClickable: false; enabled: true; password: false; scrollable: false; [ACTION_SELECT, ACTION_CLEAR_SELECTION, ACTION_ACCESSIBILITY_FOCUS]
05-19 17:31:36.179 E/AccessibilityNodeInfoCache(28561): Disconneced node: android.view.accessibility.AccessibilityNodeInfo@87d55; boundsInParent: Rect(0, 0 - 260, 440); boundsInScreen: Rect(304, 777 - 564, 1217); packageName: com.boco.apphall; className: android.widget.ImageView; text: null; contentDescription: null; viewIdResName: com.boco.apphall:id/id_index_gallery_item_image; checkable: false; checked: false; focusable: false; focused: false; selected: false; clickable: false; longClickable: false; enabled: true; password: false; scrollable: false; [ACTION_SELECT, ACTION_CLEAR_SELECTION, ACTION_ACCESSIBILITY_FOCUS]
05-19 17:31:36.179 E/AccessibilityNodeInfoCache(28561): Disconneced node: android.view.accessibility.AccessibilityNodeInfo@866cf; boundsInParent: Rect(0, 0 - 280, 460); boundsInScreen: Rect(294, 767 - 574, 1227); packageName: com.boco.apphall; className: android.widget.RelativeLayout; text: null; contentDescription: null; viewIdResName: null; checkable: false; checked: false; focusable: false; focused: false; selected: false; clickable: true; longClickable: false; enabled: true; password: false; scrollable: false; [ACTION_SELECT, ACTION_CLEAR_SELECTION, ACTION_CLICK, ACTION_ACCESSIBILITY_FOCUS]
05-19 17:31:36.179 E/AccessibilityNodeInfoCache(28561): Disconneced node: android.view.accessibility.AccessibilityNodeInfo@87994; boundsInParent: Rect(0, 0 - 260, 440); boundsInScreen: Rect(304, 777 - 564, 1217); packageName: com.boco.apphall; className: android.view.View; text: null; contentDescription: null; viewIdResName: com.boco.apphall:id/id_index_gallery_item_image_bg; checkable: false; checked: false; focusable: false; focused: false; selected: false; clickable: false; longClickable: false; enabled: true; password: false; scrollable: false; [ACTION_SELECT, ACTION_CLEAR_SELECTION, ACTION_ACCESSIBILITY_FOCUS]
05-19 17:31:36.179 E/AccessibilityNodeInfoCache(28561): Disconneced node: android.view.accessibility.AccessibilityNodeInfo@87d55; boundsInParent: Rect(0, 0 - 260, 440); boundsInScreen: Rect(304, 777 - 564, 1217); packageName: com.boco.apphall; className: android.widget.ImageView; text: null; contentDescription: null; viewIdResName: com.boco.apphall:id/id_index_gallery_item_image; checkable: false; checked: false; focusable: false; focused: false; selected: false; clickable: false; longClickable: false; enabled: true; password: false; scrollable: false; [ACTION_SELECT, ACTION_CLEAR_SELECTION, ACTION_ACCESSIBILITY_FOCUS]
05-19 17:31:36.179 E/AccessibilityNodeInfoCache(28561): Disconneced node: android.view.accessibility.AccessibilityNodeInfo@866cf; boundsInParent: Rect(0, 0 - 280, 460); boundsInScreen: Rect(294, 767 - 574, 1227); packageName: com.boco.apphall; className: android.widget.RelativeLayout; text: null; contentDescription: null; viewIdResName: null; checkable: false; checked: false; focusable: false; focused: false; selected: false; clickable: true; longClickable: false; enabled: true; password: false; scrollable: false; [ACTION_SELECT, ACTION_CLEAR_SELECTION, ACTION_CLICK, ACTION_ACCESSIBILITY_FOCUS]
05-19 17:31:36.179 E/AccessibilityNodeInfoCache(28561): Disconneced node: android.view.accessibility.AccessibilityNodeInfo@87994; boundsInParent: Rect(0, 0 - 260, 440); boundsInScreen: Rect(304, 777 - 564, 1217); packageName: com.boco.apphall; className: android.view.View; text: null; contentDescription: null; viewIdResName: com.boco.apphall:id/id_index_gallery_item_image_bg; checkable: false; checked: false; focusable: false; focused: false; selected: false; clickable: false; longClickable: false; enabled: true; password: false; scrollable: false; [ACTION_SELECT, ACTION_CLEAR_SELECTION, ACTION_ACCESSIBILITY_FOCUS]
