05-18 16:12:11.375 E/appium  ( 3717): 	at io.netty.channel.AbstractChannelHandlerContext.fireChannelRead(AbstractChannelHandlerContext.java:345)
05-18 16:12:11.375 E/appium  ( 3717): 	at io.netty.handler.codec.MessageToMessageDecoder.channelRead(MessageToMessageDecoder.java:102)
05-18 16:12:11.375 E/appium  ( 3717): 	at io.netty.channel.AbstractChannelHandlerContext.invokeChannelRead(AbstractChannelHandlerContext.java:366)
05-18 16:12:11.375 E/appium  ( 3717): 	at io.netty.channel.AbstractChannelHandlerContext.invokeChannelRead(AbstractChannelHandlerContext.java:352)
05-18 16:12:11.375 E/appium  ( 3717): 	at io.netty.channel.AbstractChannelHandlerContext.fireChannelRead(AbstractChannelHandlerContext.java:345)
05-18 16:12:11.375 E/appium  ( 3717): 	at io.netty.channel.CombinedChannelDuplexHandler$DelegatingChannelHandlerContext.fireChannelRead(CombinedChannelDuplexHandler.java:435)
05-18 16:12:11.375 E/appium  ( 3717): 	at io.netty.handler.codec.ByteToMessageDecoder.fireChannelRead(ByteToMessageDecoder.java:293)
05-18 16:12:11.375 E/appium  ( 3717): 	at io.netty.handler.codec.ByteToMessageDecoder.channelRead(ByteToMessageDecoder.java:267)
05-18 16:12:11.375 E/appium  ( 3717): 	at io.netty.channel.CombinedChannelDuplexHandler.channelRead(CombinedChannelDuplexHandler.java:250)
05-18 16:12:11.375 E/appium  ( 3717): 	at io.netty.channel.AbstractChannelHandlerContext.invokeChannelRead(AbstractChannelHandlerContext.java:366)
05-18 16:12:11.375 E/appium  ( 3717): 	at io.netty.channel.AbstractChannelHandlerContext.invokeChannelRead(AbstractChannelHandlerContext.java:352)
05-18 16:12:11.375 E/appium  ( 3717): 	at io.netty.channel.AbstractChannelHandlerContext.fireChannelRead(AbstractChannelHandlerContext.java:345)
05-18 16:12:11.375 E/appium  ( 3717): 	at io.netty.channel.DefaultChannelPipeline$HeadContext.channelRead(DefaultChannelPipeline.java:1294)
05-18 16:12:11.375 E/appium  ( 3717): 	at io.netty.channel.AbstractChannelHandlerContext.invokeChannelRead(AbstractChannelHandlerContext.java:366)
05-18 16:12:11.375 E/appium  ( 3717): 	at io.netty.channel.AbstractChannelHandlerContext.invokeChannelRead(AbstractChannelHandlerContext.java:352)
05-18 16:12:11.375 E/appium  ( 3717): 	at io.netty.channel.DefaultChannelPipeline.fireChannelRead(DefaultChannelPipeline.java:911)
05-18 16:12:11.375 E/appium  ( 3717): 	at io.netty.channel.nio.AbstractNioByteChannel$NioByteUnsafe.read(AbstractNioByteChannel.java:131)
05-18 16:12:11.375 E/appium  ( 3717): 	at io.netty.channel.nio.NioEventLoop.processSelectedKey(NioEventLoop.java:611)
05-18 16:12:11.375 E/appium  ( 3717): 	at io.netty.channel.nio.NioEventLoop.processSelectedKeysPlain(NioEventLoop.java:514)
05-18 16:12:11.375 E/appium  ( 3717): 	at io.netty.channel.nio.NioEventLoop.processSelectedKeys(NioEventLoop.java:468)
05-18 16:12:11.375 E/appium  ( 3717): 	at io.netty.channel.nio.NioEventLoop.run(NioEventLoop.java:438)
05-18 16:12:11.375 E/appium  ( 3717): 	at io.netty.util.concurrent.SingleThreadEventExecutor$2.run(SingleThreadEventExecutor.java:140)
05-18 16:12:11.375 E/appium  ( 3717): 	at io.netty.util.concurrent.DefaultThreadFactory$DefaultRunnableDecorator.run(DefaultThreadFactory.java:144)
05-18 16:12:11.375 E/appium  ( 3717): 	at java.lang.Thread.run(Thread.java:841)
05-18 16:12:11.385 E/appium  ( 3717): Exception while handling action in: io.appium.uiautomator2.handler.SendKeysToElement
05-18 16:12:11.385 E/appium  ( 3717): java.lang.NullPointerException
05-18 16:12:11.385 E/appium  ( 3717): 	at android.support.test.uiautomator.UiObject2.setText(UiObject2.java:601)
05-18 16:12:11.385 E/appium  ( 3717): 	at io.appium.uiautomator2.model.UiObject2Element.setText(UiObject2Element.java:129)
05-18 16:12:11.385 E/appium  ( 3717): 	at io.appium.uiautomator2.handler.SendKeysToElement.safeHandle(SendKeysToElement.java:83)
05-18 16:12:11.385 E/appium  ( 3717): 	at io.appium.uiautomator2.handler.request.SafeRequestHandler.handle(SafeRequestHandler.java:56)
05-18 16:12:11.385 E/appium  ( 3717): 	at io.appium.uiautomator2.server.AppiumServlet.handleRequest(AppiumServlet.java:202)
05-18 16:12:11.385 E/appium  ( 3717): 	at io.appium.uiautomator2.server.AppiumServlet.handleHttpRequest(AppiumServlet.java:193)
05-18 16:12:11.385 E/appium  ( 3717): 	at io.appium.uiautomator2.http.ServerHandler.channelRead(ServerHandler.java:44)
05-18 16:12:11.385 E/appium  ( 3717): 	at io.netty.channel.AbstractChannelHandlerContext.invokeChannelRead(AbstractChannelHandlerContext.java:366)
05-18 16:12:11.385 E/appium  ( 3717): 	at io.netty.channel.AbstractChannelHandlerContext.invokeChannelRead(AbstractChannelHandlerContext.java:352)
05-18 16:12:11.385 E/appium  ( 3717): 	at io.netty.channel.AbstractChannelHandlerContext.fireChannelRead(AbstractChannelHandlerContext.java:345)
05-18 16:12:11.385 E/appium  ( 3717): 	at io.netty.handler.codec.MessageToMessageDecoder.channelRead(MessageToMessageDecoder.java:102)
05-18 16:12:11.385 E/appium  ( 3717): 	at io.netty.channel.AbstractChannelHandlerContext.invokeChannelRead(AbstractChannelHandlerContext.java:366)
05-18 16:12:11.385 E/appium  ( 3717): 	at io.netty.channel.AbstractChannelHandlerContext.invokeChannelRead(AbstractChannelHandlerContext.java:352)
05-18 16:12:11.385 E/appium  ( 3717): 	at io.netty.channel.AbstractChannelHandlerContext.fireChannelRead(AbstractChannelHandlerContext.java:345)
05-18 16:12:11.385 E/appium  ( 3717): 	at io.netty.channel.CombinedChannelDuplexHandler$DelegatingChannelHandlerContext.fireChannelRead(CombinedChannelDuplexHandler.java:435)
05-18 16:12:11.385 E/appium  ( 3717): 	at io.netty.handler.codec.ByteToMessageDecoder.fireChannelRead(ByteToMessageDecoder.java:293)
05-18 16:12:11.385 E/appium  ( 3717): 	at io.netty.handler.codec.ByteToMessageDecoder.channelRead(ByteToMessageDecoder.java:267)
05-18 16:12:11.385 E/appium  ( 3717): 	at io.netty.channel.CombinedChannelDuplexHandler.channelRead(CombinedChannelDuplexHandler.java:250)
05-18 16:12:11.385 E/appium  ( 3717): 	at io.netty.channel.AbstractChannelHandlerContext.invokeChannelRead(AbstractChannelHandlerContext.java:366)
05-18 16:12:11.385 E/appium  ( 3717): 	at io.netty.channel.AbstractChannelHandlerContext.invokeChannelRead(AbstractChannelHandlerContext.java:352)
05-18 16:12:11.385 E/appium  ( 3717): 	at io.netty.channel.AbstractChannelHandlerContext.fireChannelRead(AbstractChannelHandlerContext.java:345)
05-18 16:12:11.385 E/appium  ( 3717): 	at io.netty.channel.DefaultChannelPipeline$HeadContext.channelRead(DefaultChannelPipeline.java:1294)
05-18 16:12:11.385 E/appium  ( 3717): 	at io.netty.channel.AbstractChannelHandlerContext.invokeChannelRead(AbstractChannelHandlerContext.java:366)
05-18 16:12:11.385 E/appium  ( 3717): 	at io.netty.channel.AbstractChannelHandlerContext.invokeChannelRead(AbstractChannelHandlerContext.java:352)
05-18 16:12:11.385 E/appium  ( 3717): 	at io.netty.channel.DefaultChannelPipeline.fireChannelRead(DefaultChannelPipeline.java:911)
05-18 16:12:11.385 E/appium  ( 3717): 	at io.netty.channel.nio.AbstractNioByteChannel$NioByteUnsafe.read(AbstractNioByteChannel.java:131)
05-18 16:12:11.385 E/appium  ( 3717): 	at io.netty.channel.nio.NioEventLoop.processSelectedKey(NioEventLoop.java:611)
05-18 16:12:11.385 E/appium  ( 3717): 	at io.netty.channel.nio.NioEventLoop.processSelectedKeysPlain(NioEventLoop.java:514)
05-18 16:12:11.385 E/appium  ( 3717): 	at io.netty.channel.nio.NioEventLoop.processSelectedKeys(NioEventLoop.java:468)
05-18 16:12:11.385 E/appium  ( 3717): 	at io.netty.channel.nio.NioEventLoop.run(NioEventLoop.java:438)
05-18 16:12:11.385 E/appium  ( 3717): 	at io.netty.util.concurrent.SingleThreadEventExecutor$2.run(SingleThreadEventExecutor.java:140)
05-18 16:12:11.385 E/appium  ( 3717): 	at io.netty.util.concurrent.DefaultThreadFactory$DefaultRunnableDecorator.run(DefaultThreadFactory.java:144)
05-18 16:12:11.385 E/appium  ( 3717): 	at java.lang.Thread.run(Thread.java:841)
05-18 16:12:11.485 E/GPSManager( 3292): Location changed : Lat: 40.00125 Lng: 105.56358166666665
05-18 16:12:12.345 E/memtrack( 3800): Couldn't load memtrack module (No such file or directory)
05-18 16:12:12.345 E/android.os.Debug( 3800): failed to load memtrack module: -2
05-18 16:12:12.435 E/GPSManager( 3292): Location changed : Lat: 40.00125 Lng: 105.56358166666665
05-18 16:12:12.585 E/cutils-trace( 3800): Error opening trace file: No such file or directory (2)
05-18 16:12:13.445 E/GPSManager( 3292): Location changed : Lat: 40.00125 Lng: 105.56358166666665
05-18 16:12:14.025 E/FastMixer(  167): did not receive expected priority boost
05-18 16:12:14.445 E/GPSManager( 3292): Location changed : Lat: 40.00125 Lng: 105.56358166666665
05-18 16:12:15.475 E/GPSManager( 3292): Location changed : Lat: 40.00125 Lng: 105.56358166666665
05-18 16:12:16.465 E/GPSManager( 3292): Location changed : Lat: 40.00125 Lng: 105.56358166666665
05-18 16:12:17.465 E/GPSManager( 3292): Location changed : Lat: 40.00125 Lng: 105.56358166666665
05-18 16:12:18.485 E/GPSManager( 3292): Location changed : Lat: 40.00125 Lng: 105.56358166666665
05-18 16:12:19.475 E/GPSManager( 3292): Location changed : Lat: 40.00125 Lng: 105.56358166666665
05-18 16:12:19.555 E/---RankingListAppFragment---( 3748): onResume
05-18 16:12:19.985 E/Cataloger( 1238): syncFile:/storage/emulated/0/Android/data/com.boco.apphall/cache/uil-images/3205omy4td9oxw05yijfjsa900.tmp
05-18 16:12:19.985 E/Cataloger( 1238): need not sync path:/storage/emulated/0/Android/data/com.boco.apphall/cache/uil-images/3205omy4td9oxw05yijfjsa900.tmp
05-18 16:12:19.995 E/Cataloger( 1238): syncFile:/storage/emulated/0/Android/data/com.boco.apphall/cache/uil-images/3205omy4td9oxw05yijfjsa900.tmp
05-18 16:12:19.995 E/Cataloger( 1238): need not sync path:/storage/emulated/0/Android/data/com.boco.apphall/cache/uil-images/3205omy4td9oxw05yijfjsa900.tmp
05-18 16:12:19.995 E/Cataloger( 1238): syncFile:/storage/emulated/0/Android/data/com.boco.apphall/cache/uil-images/3205omy4td9oxw05yijfjsa900.tmp
05-18 16:12:20.005 E/Cataloger( 1238): need not sync path:/storage/emulated/0/Android/data/com.boco.apphall/cache/uil-images/3205omy4td9oxw05yijfjsa900.tmp
05-18 16:12:20.005 E/Cataloger( 1238): syncFile:/storage/emulated/0/Android/data/com.boco.apphall/cache/uil-images/3205omy4td9oxw05yijfjsa900
05-18 16:12:20.005 E/Cataloger( 1238): need not sync path:/storage/emulated/0/Android/data/com.boco.apphall/cache/uil-images/3205omy4td9oxw05yijfjsa900
05-18 16:12:20.045 E/Cataloger( 1238): syncFile:/storage/emulated/0/Android/data/com.boco.apphall/cache/uil-images/mk3hplefdtlqmx38m1iwlp2r0.tmp
05-18 16:12:20.045 E/Cataloger( 1238): need not sync path:/storage/emulated/0/Android/data/com.boco.apphall/cache/uil-images/mk3hplefdtlqmx38m1iwlp2r0.tmp
05-18 16:12:20.095 E/Cataloger( 1238): syncFile:/storage/emulated/0/Android/data/com.boco.apphall/cache/uil-images/3zj5e7agc5dxrx9zld8s8tazk0.tmp
05-18 16:12:20.095 E/Cataloger( 1238): need not sync path:/storage/emulated/0/Android/data/com.boco.apphall/cache/uil-images/3zj5e7agc5dxrx9zld8s8tazk0.tmp
05-18 16:12:20.105 E/Cataloger( 1238): syncFile:/storage/emulated/0/Android/data/com.boco.apphall/cache/uil-images/4kxgwmqh15kqpdwvd91ok1rs00.tmp
05-18 16:12:20.105 E/Cataloger( 1238): need not sync path:/storage/emulated/0/Android/data/com.boco.apphall/cache/uil-images/4kxgwmqh15kqpdwvd91ok1rs00.tmp
05-18 16:12:20.105 E/Cataloger( 1238): syncFile:/storage/emulated/0/Android/data/com.boco.apphall/cache/uil-images/4kxgwmqh15kqpdwvd91ok1rs00.tmp
05-18 16:12:20.105 E/Cataloger( 1238): need not sync path:/storage/emulated/0/Android/data/com.boco.apphall/cache/uil-images/4kxgwmqh15kqpdwvd91ok1rs00.tmp
05-18 16:12:20.115 E/Cataloger( 1238): syncFile:/storage/emulated/0/Android/data/com.boco.apphall/cache/uil-images/4kxgwmqh15kqpdwvd91ok1rs00.tmp
05-18 16:12:20.115 E/Cataloger( 1238): need not sync path:/storage/emulated/0/Android/data/com.boco.apphall/cache/uil-images/4kxgwmqh15kqpdwvd91ok1rs00.tmp
05-18 16:12:20.125 E/Cataloger( 1238): syncFile:/storage/emulated/0/Android/data/com.boco.apphall/cache/uil-images/4kxgwmqh15kqpdwvd91ok1rs00
05-18 16:12:20.125 E/Cataloger( 1238): need not sync path:/storage/emulated/0/Android/data/com.boco.apphall/cache/uil-images/4kxgwmqh15kqpdwvd91ok1rs00
05-18 16:12:20.125 E/Cataloger( 1238): syncFile:/storage/emulated/0/Android/data/com.boco.apphall/cache/uil-images/mk3hplefdtlqmx38m1iwlp2r0.tmp
05-18 16:12:20.125 E/Cataloger( 1238): need not sync path:/storage/emulated/0/Android/data/com.boco.apphall/cache/uil-images/mk3hplefdtlqmx38m1iwlp2r0.tmp
05-18 16:12:20.125 E/Cataloger( 1238): syncFile:/storage/emulated/0/Android/data/com.boco.apphall/cache/uil-images/3zj5e7agc5dxrx9zld8s8tazk0.tmp
05-18 16:12:20.125 E/Cataloger( 1238): need not sync path:/storage/emulated/0/Android/data/com.boco.apphall/cache/uil-images/3zj5e7agc5dxrx9zld8s8tazk0.tmp
05-18 16:12:20.145 E/Cataloger( 1238): syncFile:/storage/emulated/0/Android/data/com.boco.apphall/cache/uil-images/3zj5e7agc5dxrx9zld8s8tazk0.tmp
05-18 16:12:20.145 E/Cataloger( 1238): need not sync path:/storage/emulated/0/Android/data/com.boco.apphall/cache/uil-images/3zj5e7agc5dxrx9zld8s8tazk0.tmp
05-18 16:12:20.145 E/Cataloger( 1238): syncFile:/storage/emulated/0/Android/data/com.boco.apphall/cache/uil-images/3zj5e7agc5dxrx9zld8s8tazk0
05-18 16:12:20.145 E/Cataloger( 1238): need not sync path:/storage/emulated/0/Android/data/com.boco.apphall/cache/uil-images/3zj5e7agc5dxrx9zld8s8tazk0
05-18 16:12:20.155 E/Cataloger( 1238): syncFile:/storage/emulated/0/Android/data/com.boco.apphall/cache/uil-images/mk3hplefdtlqmx38m1iwlp2r0.tmp
05-18 16:12:20.155 E/Cataloger( 1238): need not sync path:/storage/emulated/0/Android/data/com.boco.apphall/cache/uil-images/mk3hplefdtlqmx38m1iwlp2r0.tmp
05-18 16:12:20.165 E/Cataloger( 1238): syncFile:/storage/emulated/0/Android/data/com.boco.apphall/cache/uil-images/mk3hplefdtlqmx38m1iwlp2r0
05-18 16:12:20.165 E/Cataloger( 1238): need not sync path:/storage/emulated/0/Android/data/com.boco.apphall/cache/uil-images/mk3hplefdtlqmx38m1iwlp2r0
05-18 16:12:20.245 E/Cataloger( 1238): syncFile:/storage/emulated/0/Android/data/com.boco.apphall/cache/uil-images/2dw14j6zx8fuf59l70lizvt710.tmp
05-18 16:12:20.245 E/Cataloger( 1238): need not sync path:/storage/emulated/0/Android/data/com.boco.apphall/cache/uil-images/2dw14j6zx8fuf59l70lizvt710.tmp
05-18 16:12:20.255 E/Cataloger( 1238): syncFile:/storage/emulated/0/Android/data/com.boco.apphall/cache/uil-images/5252683xnrtcrm7o65y7uirsl0.tmp
05-18 16:12:20.255 E/Cataloger( 1238): need not sync path:/storage/emulated/0/Android/data/com.boco.apphall/cache/uil-images/5252683xnrtcrm7o65y7uirsl0.tmp
05-18 16:12:20.255 E/Cataloger( 1238): syncFile:/storage/emulated/0/Android/data/com.boco.apphall/cache/uil-images/5252683xnrtcrm7o65y7uirsl0.tmp
05-18 16:12:20.255 E/Cataloger( 1238): need not sync path:/storage/emulated/0/Android/data/com.boco.apphall/cache/uil-images/5252683xnrtcrm7o65y7uirsl0.tmp
05-18 16:12:20.265 E/Cataloger( 1238): syncFile:/storage/emulated/0/Android/data/com.boco.apphall/cache/uil-images/5252683xnrtcrm7o65y7uirsl0.tmp
05-18 16:12:20.265 E/Cataloger( 1238): need not sync path:/storage/emulated/0/Android/data/com.boco.apphall/cache/uil-images/5252683xnrtcrm7o65y7uirsl0.tmp
05-18 16:12:20.265 E/Cataloger( 1238): syncFile:/storage/emulated/0/Android/data/com.boco.apphall/cache/uil-images/5252683xnrtcrm7o65y7uirsl0
05-18 16:12:20.265 E/Cataloger( 1238): need not sync path:/storage/emulated/0/Android/data/com.boco.apphall/cache/uil-images/5252683xnrtcrm7o65y7uirsl0
05-18 16:12:20.285 E/Cataloger( 1238): syncFile:/storage/emulated/0/Android/data/com.boco.apphall/cache/uil-images/5qxqvdbogs92lp9xsu05v4d050.tmp
05-18 16:12:20.285 E/Cataloger( 1238): need not sync path:/storage/emulated/0/Android/data/com.boco.apphall/cache/uil-images/5qxqvdbogs92lp9xsu05v4d050.tmp
05-18 16:12:20.285 E/Cataloger( 1238): syncFile:/storage/emulated/0/Android/data/com.boco.apphall/cache/uil-images/2dw14j6zx8fuf59l70lizvt710.tmp
05-18 16:12:20.285 E/Cataloger( 1238): need not sync path:/storage/emulated/0/Android/data/com.boco.apphall/cache/uil-images/2dw14j6zx8fuf59l70lizvt710.tmp
05-18 16:12:20.285 E/Cataloger( 1238): syncFile:/storage/emulated/0/Android/data/com.boco.apphall/cache/uil-images/5qxqvdbogs92lp9xsu05v4d050.tmp
05-18 16:12:20.285 E/Cataloger( 1238): need not sync path:/storage/emulated/0/Android/data/com.boco.apphall/cache/uil-images/5qxqvdbogs92lp9xsu05v4d050.tmp
05-18 16:12:20.295 E/Cataloger( 1238): syncFile:/storage/emulated/0/Android/data/com.boco.apphall/cache/uil-images/2dw14j6zx8fuf59l70lizvt710.tmp
05-18 16:12:20.305 E/Cataloger( 1238): need not sync path:/storage/emulated/0/Android/data/com.boco.apphall/cache/uil-images/2dw14j6zx8fuf59l70lizvt710.tmp
05-18 16:12:20.305 E/Cataloger( 1238): syncFile:/storage/emulated/0/Android/data/com.boco.apphall/cache/uil-images/2dw14j6zx8fuf59l70lizvt710
05-18 16:12:20.305 E/Cataloger( 1238): need not sync path:/storage/emulated/0/Android/data/com.boco.apphall/cache/uil-images/2dw14j6zx8fuf59l70lizvt710
05-18 16:12:20.305 E/Cataloger( 1238): syncFile:/storage/emulated/0/Android/data/com.boco.apphall/cache/uil-images/5qxqvdbogs92lp9xsu05v4d050.tmp
05-18 16:12:20.355 E/Cataloger( 1238): need not sync path:/storage/emulated/0/Android/data/com.boco.apphall/cache/uil-images/5qxqvdbogs92lp9xsu05v4d050.tmp
05-18 16:12:20.355 E/Cataloger( 1238): syncFile:/storage/emulated/0/Android/data/com.boco.apphall/cache/uil-images/5qxqvdbogs92lp9xsu05v4d050
05-18 16:12:20.355 E/Cataloger( 1238): need not sync path:/storage/emulated/0/Android/data/com.boco.apphall/cache/uil-images/5qxqvdbogs92lp9xsu05v4d050
05-18 16:12:20.395 E/Cataloger( 1238): syncFile:/storage/emulated/0/Android/data/com.boco.apphall/cache/uil-images/1yr55s6idym5vmr2kp828kc730.tmp
05-18 16:12:20.395 E/Cataloger( 1238): need not sync path:/storage/emulated/0/Android/data/com.boco.apphall/cache/uil-images/1yr55s6idym5vmr2kp828kc730.tmp
05-18 16:12:20.425 E/Cataloger( 1238): syncFile:/storage/emulated/0/Android/data/com.boco.apphall/cache/uil-images/1yr55s6idym5vmr2kp828kc730.tmp
05-18 16:12:20.425 E/Cataloger( 1238): need not sync path:/storage/emulated/0/Android/data/com.boco.apphall/cache/uil-images/1yr55s6idym5vmr2kp828kc730.tmp
05-18 16:12:20.425 E/Cataloger( 1238): syncFile:/storage/emulated/0/Android/data/com.boco.apphall/cache/uil-images/1yr55s6idym5vmr2kp828kc730.tmp
05-18 16:12:20.435 E/Cataloger( 1238): need not sync path:/storage/emulated/0/Android/data/com.boco.apphall/cache/uil-images/1yr55s6idym5vmr2kp828kc730.tmp
05-18 16:12:20.435 E/Cataloger( 1238): syncFile:/storage/emulated/0/Android/data/com.boco.apphall/cache/uil-images/1yr55s6idym5vmr2kp828kc730
05-18 16:12:20.435 E/Cataloger( 1238): need not sync path:/storage/emulated/0/Android/data/com.boco.apphall/cache/uil-images/1yr55s6idym5vmr2kp828kc730
05-18 16:12:20.435 E/Cataloger( 1238): syncFile:/storage/emulated/0/Android/data/com.boco.apphall/cache/uil-images/64u2kf0bfy71nodbxsvrwaoat0.tmp
05-18 16:12:20.435 E/Cataloger( 1238): need not sync path:/storage/emulated/0/Android/data/com.boco.apphall/cache/uil-images/64u2kf0bfy71nodbxsvrwaoat0.tmp
05-18 16:12:20.445 E/Cataloger( 1238): syncFile:/storage/emulated/0/Android/data/com.boco.apphall/cache/uil-images/64u2kf0bfy71nodbxsvrwaoat0.tmp
05-18 16:12:20.445 E/Cataloger( 1238): need not sync path:/storage/emulated/0/Android/data/com.boco.apphall/cache/uil-images/64u2kf0bfy71nodbxsvrwaoat0.tmp
05-18 16:12:20.445 E/Cataloger( 1238): syncFile:/storage/emulated/0/Android/data/com.boco.apphall/cache/uil-images/64u2kf0bfy71nodbxsvrwaoat0.tmp
05-18 16:12:20.445 E/Cataloger( 1238): need not sync path:/storage/emulated/0/Android/data/com.boco.apphall/cache/uil-images/64u2kf0bfy71nodbxsvrwaoat0.tmp
05-18 16:12:20.455 E/Cataloger( 1238): syncFile:/storage/emulated/0/Android/data/com.boco.apphall/cache/uil-images/64u2kf0bfy71nodbxsvrwaoat0
05-18 16:12:20.455 E/Cataloger( 1238): need not sync path:/storage/emulated/0/Android/data/com.boco.apphall/cache/uil-images/64u2kf0bfy71nodbxsvrwaoat0
05-18 16:12:20.475 E/GPSManager( 3292): Location changed : Lat: 40.00125 Lng: 105.56358166666665
05-18 16:12:20.495 E/Cataloger( 1238): syncFile:/storage/emulated/0/Android/data/com.boco.apphall/cache/uil-images/5qk5ab5bpi8w4etc52xne53rs0.tmp
05-18 16:12:20.495 E/Cataloger( 1238): need not sync path:/storage/emulated/0/Android/data/com.boco.apphall/cache/uil-images/5qk5ab5bpi8w4etc52xne53rs0.tmp
05-18 16:12:20.525 E/Cataloger( 1238): syncFile:/storage/emulated/0/Android/data/com.boco.apphall/cache/uil-images/5qk5ab5bpi8w4etc52xne53rs0.tmp
05-18 16:12:20.525 E/Cataloger( 1238): need not sync path:/storage/emulated/0/Android/data/com.boco.apphall/cache/uil-images/5qk5ab5bpi8w4etc52xne53rs0.tmp
05-18 16:12:20.535 E/Cataloger( 1238): syncFile:/storage/emulated/0/Android/data/com.boco.apphall/cache/uil-images/5qk5ab5bpi8w4etc52xne53rs0.tmp
05-18 16:12:20.535 E/Cataloger( 1238): need not sync path:/storage/emulated/0/Android/data/com.boco.apphall/cache/uil-images/5qk5ab5bpi8w4etc52xne53rs0.tmp
05-18 16:12:20.535 E/Cataloger( 1238): syncFile:/storage/emulated/0/Android/data/com.boco.apphall/cache/uil-images/5qk5ab5bpi8w4etc52xne53rs0
05-18 16:12:20.535 E/Cataloger( 1238): need not sync path:/storage/emulated/0/Android/data/com.boco.apphall/cache/uil-images/5qk5ab5bpi8w4etc52xne53rs0
05-18 16:12:21.485 E/GPSManager( 3292): Location changed : Lat: 40.00125 Lng: 105.56358166666665
05-18 16:12:22.295 E/FastMixer(  167): did not receive expected priority boost
05-18 16:12:22.485 E/GPSManager( 3292): Location changed : Lat: 40.00125 Lng: 105.56358166666665
05-18 16:12:23.495 E/GPSManager( 3292): Location changed : Lat: 40.00125 Lng: 105.56358166666665
05-18 16:12:24.495 E/GPSManager( 3292): Location changed : Lat: 40.00125 Lng: 105.56358166666665
05-18 16:12:25.495 E/GPSManager( 3292): Location changed : Lat: 40.00125 Lng: 105.56358166666665
05-18 16:12:26.525 E/GPSManager( 3292): Location changed : Lat: 40.00125 Lng: 105.56358166666665
05-18 16:12:27.525 E/GPSManager( 3292): Location changed : Lat: 40.00125 Lng: 105.56358166666665
05-18 16:12:28.215 E/FastMixer(  167): did not receive expected priority boost
05-18 16:12:28.795 E/Cataloger( 1238): syncFile:/storage/emulated/0/Android/data/com.boco.apphall/cache/uil-images/57gbxefr6ynwpq4ho1je8qmfo0.tmp
05-18 16:12:28.795 E/Cataloger( 1238): need not sync path:/storage/emulated/0/Android/data/com.boco.apphall/cache/uil-images/57gbxefr6ynwpq4ho1je8qmfo0.tmp
05-18 16:12:28.815 E/Cataloger( 1238): syncFile:/storage/emulated/0/Android/data/com.boco.apphall/cache/uil-images/57gbxefr6ynwpq4ho1je8qmfo0.tmp
05-18 16:12:28.815 E/Cataloger( 1238): need not sync path:/storage/emulated/0/Android/data/com.boco.apphall/cache/uil-images/57gbxefr6ynwpq4ho1je8qmfo0.tmp
05-18 16:12:28.835 E/Cataloger( 1238): 重复删除命令
05-18 16:12:28.835 E/Cataloger( 1238): syncFile:/storage/emulated/0/Android/data/com.boco.apphall/cache/uil-images/57gbxefr6ynwpq4ho1je8qmfo0
05-18 16:12:28.835 E/Cataloger( 1238): need not sync path:/storage/emulated/0/Android/data/com.boco.apphall/cache/uil-images/57gbxefr6ynwpq4ho1je8qmfo0
05-18 16:12:29.105 E/Cataloger( 1238): syncFile:/storage/emulated/0/Android/data/com.boco.apphall/cache/uil-images/692qxwcqm0v50o6d686e2v3o30.tmp
05-18 16:12:29.115 E/Cataloger( 1238): need not sync path:/storage/emulated/0/Android/data/com.boco.apphall/cache/uil-images/692qxwcqm0v50o6d686e2v3o30.tmp
05-18 16:12:29.365 E/GPSManager( 3292): Location changed : Lat: 40.00125 Lng: 105.56358166666665
05-18 16:12:29.835 E/Cataloger( 1238): syncFile:/storage/emulated/0/Android/data/com.boco.apphall/cache/uil-images/692qxwcqm0v50o6d686e2v3o30.tmp
05-18 16:12:29.835 E/Cataloger( 1238): need not sync path:/storage/emulated/0/Android/data/com.boco.apphall/cache/uil-images/692qxwcqm0v50o6d686e2v3o30.tmp
05-18 16:12:29.845 E/Cataloger( 1238): 重复删除命令
05-18 16:12:29.845 E/Cataloger( 1238): syncFile:/storage/emulated/0/Android/data/com.boco.apphall/cache/uil-images/692qxwcqm0v50o6d686e2v3o30
05-18 16:12:29.845 E/Cataloger( 1238): need not sync path:/storage/emulated/0/Android/data/com.boco.apphall/cache/uil-images/692qxwcqm0v50o6d686e2v3o30
05-18 16:12:30.025 E/GPSManager( 3292): Location changed : Lat: 40.00125 Lng: 105.56358166666665
05-18 16:12:30.825 E/AccessibilityNodeInfoCache( 3717): Disconneced node: android.view.accessibility.AccessibilityNodeInfo@6521c; boundsInParent: Rect(0, 0 - 120, 41); boundsInScreen: Rect(54, 1249 - 174, 1290); packageName: com.boco.apphall; className: android.widget.TextView; text: 更新说明; contentDescription: null; viewIdResName: com.boco.apphall:id/app_update_desc; checkable: false; checked: false; focusable: false; focused: false; selected: false; clickable: false; longClickable: false; enabled: true; password: false; scrollable: false; [ACTION_SELECT, ACTION_CLEAR_SELECTION, ACTION_ACCESSIBILITY_FOCUS, ACTION_NEXT_AT_MOVEMENT_GRANULARITY, ACTION_PREVIOUS_AT_MOVEMENT_GRANULARITY, ACTION_SET_SELECTION]
05-18 16:12:30.855 E/AccessibilityNodeInfoCache( 3717): Disconneced node: android.view.accessibility.AccessibilityNodeInfo@6521c; boundsInParent: Rect(0, 0 - 120, 41); boundsInScreen: Rect(54, 1249 - 174, 1290); packageName: com.boco.apphall; className: android.widget.TextView; text: 更新说明; contentDescription: null; viewIdResName: com.boco.apphall:id/app_update_desc; checkable: false; checked: false; focusable: false; focused: false; selected: false; clickable: false; longClickable: false; enabled: true; password: false; scrollable: false; [ACTION_SELECT, ACTION_CLEAR_SELECTION, ACTION_ACCESSIBILITY_FOCUS, ACTION_NEXT_AT_MOVEMENT_GRANULARITY, ACTION_PREVIOUS_AT_MOVEMENT_GRANULARITY, ACTION_SET_SELECTION]
05-18 16:12:30.855 E/AccessibilityNodeInfoCache( 3717): Disconneced node: android.view.accessibility.AccessibilityNodeInfo@655dd; boundsInParent: Rect(0, 0 - 792, 766); boundsInScreen: Rect(54, 1300 - 846, 2066); packageName: com.boco.apphall; className: android.widget.TextView; text: 版本更新
05-18 16:12:30.855 E/AccessibilityNodeInfoCache( 3717): 版本更新
05-18 16:12:30.855 E/AccessibilityNodeInfoCache( 3717): 版本更新
05-18 16:12:30.855 E/AccessibilityNodeInfoCache( 3717): 版本更新
05-18 16:12:30.855 E/AccessibilityNodeInfoCache( 3717): 版本更新
05-18 16:12:30.855 E/AccessibilityNodeInfoCache( 3717): 版本更新，易运营更名为家宽装维
05-18 16:12:30.855 E/AccessibilityNodeInfoCache( 3717): 版本更新
05-18 16:12:30.855 E/AccessibilityNodeInfoCache( 3717): 版本更新
05-18 16:12:30.855 E/AccessibilityNodeInfoCache( 3717): 版本更新
05-18 16:12:30.855 E/AccessibilityNodeInfoCache( 3717): 版本更新
05-18 16:12:30.855 E/AccessibilityNodeInfoCache( 3717): 版本更新
05-18 16:12:30.855 E/AccessibilityNodeInfoCache( 3717): 版本更新
05-18 16:12:30.855 E/AccessibilityNodeInfoCache( 3717): 新大厅上线
05-18 16:12:30.855 E/AccessibilityNodeInfoCache( 3717): 初始更; contentDescription: null; viewIdResName: com.boco.apphall:id/app_detail_update_desc; checkable: false; checked: false; focusable: false; focused: false; selected: false; clickable: false; longClickable: false; enabled: true; password: false; scrollable: false; [ACTION_SELECT, ACTION_CLEAR_SELECTION, ACTION_ACCESSIBILITY_FOCUS, ACTION_NEXT_AT_MOVEMENT_GRANULARITY, ACTION_PREVIOUS_AT_MOVEMENT_GRANULARITY, ACTION_SET_SELECTION]
05-18 16:12:30.885 E/AccessibilityNodeInfoCache( 3717): Disconneced node: android.view.accessibility.AccessibilityNodeInfo@6521c; boundsInParent: Rect(0, 0 - 120, 41); boundsInScreen: Rect(54, 1249 - 174, 1290); packageName: com.boco.apphall; className: android.widget.TextView; text: 更新说明; contentDescription: null; viewIdResName: com.boco.apphall:id/app_update_desc; checkable: false; checked: false; focusable: false; focused: false; selected: false; clickable: false; longClickable: false; enabled: true; password: false; scrollable: false; [ACTION_SELECT, ACTION_CLEAR_SELECTION, ACTION_ACCESSIBILITY_FOCUS, ACTION_NEXT_AT_MOVEMENT_GRANULARITY, ACTION_PREVIOUS_AT_MOVEMENT_GRANULARITY, ACTION_SET_SELECTION]
05-18 16:12:30.885 E/AccessibilityNodeInfoCache( 3717): Disconneced node: android.view.accessibility.AccessibilityNodeInfo@655dd; boundsInParent: Rect(0, 0 - 792, 766); boundsInScreen: Rect(54, 1300 - 846, 2066); packageName: com.boco.apphall; className: android.widget.TextView; text: 版本更新
05-18 16:12:30.885 E/AccessibilityNodeInfoCache( 3717): 版本更新
05-18 16:12:30.885 E/AccessibilityNodeInfoCache( 3717): 版本更新
05-18 16:12:30.885 E/AccessibilityNodeInfoCache( 3717): 版本更新
05-18 16:12:30.885 E/AccessibilityNodeInfoCache( 3717): 版本更新
05-18 16:12:30.885 E/AccessibilityNodeInfoCache( 3717): 版本更新，易运营更名为家宽装维
05-18 16:12:30.885 E/AccessibilityNodeInfoCache( 3717): 版本更新
05-18 16:12:30.885 E/AccessibilityNodeInfoCache( 3717): 版本更新
05-18 16:12:30.885 E/AccessibilityNodeInfoCache( 3717): 版本更新
05-18 16:12:30.885 E/AccessibilityNodeInfoCache( 3717): 版本更新
05-18 16:12:30.885 E/AccessibilityNodeInfoCache( 3717): 版本更新
05-18 16:12:30.885 E/AccessibilityNodeInfoCache( 3717): 版本更新
05-18 16:12:30.885 E/AccessibilityNodeInfoCache( 3717): 新大厅上线
05-18 16:12:30.885 E/AccessibilityNodeInfoCache( 3717): 初始更; contentDescription: null; viewIdResName: com.boco.apphall:id/app_detail_update_desc; checkable: false; checked: false; focusable: false; focused: false; selected: false; clickable: false; longClickable: false; enabled: true; password: false; scrollable: false; [ACTION_SELECT, ACTION_CLEAR_SELECTION, ACTION_ACCESSIBILITY_FOCUS, ACTION_NEXT_AT_MOVEMENT_GRANULARITY, ACTION_PREVIOUS_AT_MOVEMENT_GRANULARITY, ACTION_SET_SELECTION]
05-18 16:12:30.885 E/AccessibilityNodeInfoCache( 3717): Disconneced node: android.view.accessibility.AccessibilityNodeInfo@71550; boundsInParent: Rect(0, 0 - 872, 1); boundsInScreen: Rect(14, 2072 - 886, 2073); packageName: com.boco.apphall; className: android.view.View; text: null; contentDescription: null; viewIdResName: null; checkable: false; checked: false; focusable: false; focused: false; selected: false; clickable: false; longClickable: false; enabled: true; password: false; scrollable: false; [ACTION_SELECT, ACTION_CLEAR_SELECTION, ACTION_ACCESSIBILITY_FOCUS]
05-18 16:12:30.885 E/AccessibilityNodeInfoCache( 3717): Disconneced node: android.view.accessibility.AccessibilityNodeInfo@6521c; boundsInParent: Rect(0, 0 - 120, 41); boundsInScreen: Rect(54, 1249 - 174, 1290); packageName: com.boco.apphall; className: android.widget.TextView; text: 更新说明; contentDescription: null; viewIdResName: com.boco.apphall:id/app_update_desc; checkable: false; checked: false; focusable: false; focused: false; selected: false; clickable: false; longClickable: false; enabled: true; password: false; scrollable: false; [ACTION_SELECT, ACTION_CLEAR_SELECTION, ACTION_ACCESSIBILITY_FOCUS, ACTION_NEXT_AT_MOVEMENT_GRANULARITY, ACTION_PREVIOUS_AT_MOVEMENT_GRANULARITY, ACTION_SET_SELECTION]
05-18 16:12:30.885 E/AccessibilityNodeInfoCache( 3717): Disconneced node: android.view.accessibility.AccessibilityNodeInfo@655dd; boundsInParent: Rect(0, 0 - 792, 766); boundsInScreen: Rect(54, 1300 - 846, 2066); packageName: com.boco.apphall; className: android.widget.TextView; text: 版本更新
05-18 16:12:30.885 E/AccessibilityNodeInfoCache( 3717): 版本更新
05-18 16:12:30.885 E/AccessibilityNodeInfoCache( 3717): 版本更新
05-18 16:12:30.885 E/AccessibilityNodeInfoCache( 3717): 版本更新
05-18 16:12:30.885 E/AccessibilityNodeInfoCache( 3717): 版本更新
05-18 16:12:30.885 E/AccessibilityNodeInfoCache( 3717): 版本更新，易运营更名为家宽装维
05-18 16:12:30.885 E/AccessibilityNodeInfoCache( 3717): 版本更新
05-18 16:12:30.885 E/AccessibilityNodeInfoCache( 3717): 版本更新
05-18 16:12:30.885 E/AccessibilityNodeInfoCache( 3717): 版本更新
05-18 16:12:30.885 E/AccessibilityNodeInfoCache( 3717): 版本更新
05-18 16:12:30.885 E/AccessibilityNodeInfoCache( 3717): 版本更新
05-18 16:12:30.885 E/AccessibilityNodeInfoCache( 3717): 版本更新
05-18 16:12:30.885 E/AccessibilityNodeInfoCache( 3717): 新大厅上线
05-18 16:12:30.885 E/AccessibilityNodeInfoCache( 3717): 初始更; contentDescription: null; viewIdResName: com.boco.apphall:id/app_detail_update_desc; checkable: false; checked: false; focusable: false; focused: false; selected: false; clickable: false; longClickable: false; enabled: true; password: false; scrollable: false; [ACTION_SELECT, ACTION_CLEAR_SELECTION, ACTION_ACCESSIBILITY_FOCUS, ACTION_NEXT_AT_MOVEMENT_GRANULARITY, ACTION_PREVIOUS_AT_MOVEMENT_GRANULARITY, ACTION_SET_SELECTION]
05-18 16:12:30.885 E/AccessibilityNodeInfoCache( 3717): Disconneced node: android.view.accessibility.AccessibilityNodeInfo@6599e; boundsInParent: Rect(0, 0 - 120, 41); boundsInScreen: Rect(54, 2093 - 174, 2134); packageName: com.boco.apphall; className: android.widget.TextView; text: 其他信息; contentDescription: null; viewIdResName: com.boco.apphall:id/app_other_desc; checkable: false; checked: false; focusable: false; focused: false; selected: false; clickable: false; longClickable: false; enabled: true; password: false; scrollable: false; [ACTION_SELECT, ACTION_CLEAR_SELECTION, ACTION_ACCESSIBILITY_FOCUS, ACTION_NEXT_AT_MOVEMENT_GRANULARITY, ACTION_PREVIOUS_AT_MOVEMENT_GRANULARITY, ACTION_SET_SELECTION]
05-18 16:12:30.885 E/AccessibilityNodeInfoCache( 3717): Disconneced node: android.view.accessibility.AccessibilityNodeInfo@65d5f; boundsInParent: Rect(0, 0 - 104, 36); boundsInScreen: Rect(54, 2154 - 158, 2190); packageName: com.boco.apphall; className: android.widget.TextView; text: 当前版本; contentDescription: null; viewIdResName: com.boco.apphall:id/curversion_title; checkable: false; checked: false; focusable: false; focused: false; selected: false; clickable: false; longClickable: false; enabled: true; password: false; scrollable: false; [ACTION_SELECT, ACTION_CLEAR_SELECTION, ACTION_ACCESSIBILITY_FOCUS, ACTION_NEXT_AT_MOVEMENT_GRANULARITY, ACTION_PREVIOUS_AT_MOVEMENT_GRANULARITY, ACTION_SET_SELECTION]
05-18 16:12:30.885 E/AccessibilityNodeInfoCache( 3717): Disconneced node: android.view.accessibility.AccessibilityNodeInfo@66120; boundsInParent: Rect(0, 0 - 37, 36); boundsInScreen: Rect(178, 2154 - 215, 2190); packageName: com.boco.apphall; className: android.widget.TextView; text: 5.0; contentDescription: null; viewIdResName: com.boco.apphall:id/curversion_title_write; checkable: false; checked: false; focusable: false; focused: false; selected: false; clickable: false; longClickable: false; enabled: true; password: false; scrollable: false; [ACTION_SELECT, ACTION_CLEAR_SELECTION, ACTION_ACCESSIBILITY_FOCUS, ACTION_NEXT_AT_MOVEMENT_GRANULARITY, ACTION_PREVIOUS_AT_MOVEMENT_GRANULARITY, ACTION_SET_SELECTION]
05-18 16:12:30.885 E/AccessibilityNodeInfoCache( 3717): Disconneced node: android.view.accessibility.AccessibilityNodeInfo@664e1; boundsInParent: Rect(0, 0 - 104, 36); boundsInScreen: Rect(54, 2210 - 158, 2246); packageName: com.boco.apphall; className: android.widget.TextView; text: 支持系统; contentDescription: null; viewIdResName: com.boco.apphall:id/hold_system_title; checkable: false; checked: false; focusable: false; focused: false; selected: false; clickable: false; longClickable: false; enabled: true; password: false; scrollable: false; [ACTION_SELECT, ACTION_CLEAR_SELECTION, ACTION_ACCESSIBILITY_FOCUS, ACTION_NEXT_AT_MOVEMENT_GRANULARITY, ACTION_PREVIOUS_AT_MOVEMENT_GRANULARITY, ACTION_SET_SELECTION]
05-18 16:12:30.885 E/AccessibilityNodeInfoCache( 3717): Disconneced node: android.view.accessibility.AccessibilityNodeInfo@668a2; boundsInParent: Rect(0, 0 - 89, 36); boundsInScreen: Rect(178, 2210 - 267, 2246); packageName: com.boco.apphall; className: android.widget.TextView; text: android; contentDescription: null; viewIdResName: com.boco.apphall:id/hold_system_write; checkable: false; checked: false; focusable: false; focused: false; selected: false; clickable: false; longClickable: false; enabled: true; password: false; scrollable: false; [ACTION_SELECT, ACTION_CLEAR_SELECTION, ACTION_ACCESSIBILITY_FOCUS, ACTION_NEXT_AT_MOVEMENT_GRANULARITY, ACTION_PREVIOUS_AT_MOVEMENT_GRANULARITY, ACTION_SET_SELECTION]
05-18 16:12:30.885 E/AccessibilityNodeInfoCache( 3717): Disconneced node: android.view.accessibility.AccessibilityNodeInfo@66c63; boundsInParent: Rect(0, 0 - 78, 36); boundsInScreen: Rect(54, 2266 - 132, 2302); packageName: com.boco.apphall; className: android.widget.TextView; text: 开发者; contentDescription: null; viewIdResName: com.boco.apphall:id/developer_title; checkable: false; checked: false; focusable: false; focused: false; selected: false; clickable: false; longClickable: false; enabled: true; password: false; scrollable: false; [ACTION_SELECT, ACTION_CLEAR_SELECTION, ACTION_ACCESSIBILITY_FOCUS, ACTION_NEXT_AT_MOVEMENT_GRANULARITY, ACTION_PREVIOUS_AT_MOVEMENT_GRANULARITY, ACTION_SET_SELECTION]
05-18 16:12:30.885 E/AccessibilityNodeInfoCache( 3717): Disconneced node: android.view.accessibility.AccessibilityNodeInfo@67024; boundsInParent: Rect(0, 0 - 52, 36); boundsInScreen: Rect(152, 2266 - 204, 2302); packageName: com.boco.apphall; className: android.widget.TextView; text: 中兴; contentDescription: null; viewIdResName: com.boco.apphall:id/developer_title_write; checkable: false; checked: false; focusable: false; focused: false; selected: false; clickable: false; longClickable: false; enabled: true; password: false; scrollable: false; [ACTION_SELECT, ACTION_CLEAR_SELECTION, ACTION_ACCESSIBILITY_FOCUS, ACTION_NEXT_AT_MOVEMENT_GRANULARITY, ACTION_PREVIOUS_AT_MOVEMENT_GRANULARITY, ACTION_SET_SELECTION]
05-18 16:12:30.885 E/AccessibilityNodeInfoCache( 3717): Disconneced node: android.view.accessibility.AccessibilityNodeInfo@71550; boundsInParent: Rect(0, 0 - 872, 1); boundsInScreen: Rect(14, 2072 - 886, 2073); packageName: com.boco.apphall; className: android.view.View; text: null; contentDescription: null; viewIdResName: null; checkable: false; checked: false; focusable: false; focused: false; selected: false; clickable: false; longClickable: false; enabled: true; password: false; scrollable: false; [ACTION_SELECT, ACTION_CLEAR_SELECTION, ACTION_ACCESSIBILITY_FOCUS]
05-18 16:12:30.885 E/AccessibilityNodeInfoCache( 3717): Disconneced node: android.view.accessibility.AccessibilityNodeInfo@71911; boundsInParent: Rect(0, 0 - 872, 229); boundsInScreen: Rect(14, 2083 - 886, 2312); packageName: com.boco.apphall; className: android.widget.RelativeLayout; text: null; contentDescription: null; viewIdResName: com.boco.apphall:id/app_detail_layout4; checkable: false; checked: false; focusable: false; focused: false; selected: false; clickable: false; longClickable: false; enabled: true; password: false; scrollable: false; [ACTION_SELECT, ACTION_CLEAR_SELECTION, ACTION_ACCESSIBILITY_FOCUS]
05-18 16:12:30.915 E/AccessibilityNodeInfoCache( 3717): Disconneced node: android.view.accessibility.AccessibilityNodeInfo@6521c; boundsInParent: Rect(0, 0 - 120, 41); boundsInScreen: Rect(54, 1249 - 174, 1290); packageName: com.boco.apphall; className: android.widget.TextView; text: 更新说明; contentDescription: null; viewIdResName: com.boco.apphall:id/app_update_desc; checkable: false; checked: false; focusable: false; focused: false; selected: false; clickable: false; longClickable: false; enabled: true; password: false; scrollable: false; [ACTION_SELECT, ACTION_CLEAR_SELECTION, ACTION_ACCESSIBILITY_FOCUS, ACTION_NEXT_AT_MOVEMENT_GRANULARITY, ACTION_PREVIOUS_AT_MOVEMENT_GRANULARITY, ACTION_SET_SELECTION]
05-18 16:12:30.915 E/AccessibilityNodeInfoCache( 3717): Disconneced node: android.view.accessibility.AccessibilityNodeInfo@655dd; boundsInParent: Rect(0, 0 - 792, 766); boundsInScreen: Rect(54, 1300 - 846, 2066); packageName: com.boco.apphall; className: android.widget.TextView; text: 版本更新
05-18 16:12:30.915 E/AccessibilityNodeInfoCache( 3717): 版本更新
05-18 16:12:30.915 E/AccessibilityNodeInfoCache( 3717): 版本更新
05-18 16:12:30.915 E/AccessibilityNodeInfoCache( 3717): 版本更新
05-18 16:12:30.915 E/AccessibilityNodeInfoCache( 3717): 版本更新
05-18 16:12:30.915 E/AccessibilityNodeInfoCache( 3717): 版本更新，易运营更名为家宽装维
05-18 16:12:30.915 E/AccessibilityNodeInfoCache( 3717): 版本更新
05-18 16:12:30.915 E/AccessibilityNodeInfoCache( 3717): 版本更新
05-18 16:12:30.915 E/AccessibilityNodeInfoCache( 3717): 版本更新
05-18 16:12:30.915 E/AccessibilityNodeInfoCache( 3717): 版本更新
05-18 16:12:30.915 E/AccessibilityNodeInfoCache( 3717): 版本更新
05-18 16:12:30.915 E/AccessibilityNodeInfoCache( 3717): 版本更新
05-18 16:12:30.915 E/AccessibilityNodeInfoCache( 3717): 新大厅上线
05-18 16:12:30.915 E/AccessibilityNodeInfoCache( 3717): 初始更; contentDescription: null; viewIdResName: com.boco.apphall:id/app_detail_update_desc; checkable: false; checked: false; focusable: false; focused: false; selected: false; clickable: false; longClickable: false; enabled: true; password: false; scrollable: false; [ACTION_SELECT, ACTION_CLEAR_SELECTION, ACTION_ACCESSIBILITY_FOCUS, ACTION_NEXT_AT_MOVEMENT_GRANULARITY, ACTION_PREVIOUS_AT_MOVEMENT_GRANULARITY, ACTION_SET_SELECTION]
05-18 16:12:30.915 E/AccessibilityNodeInfoCache( 3717): Disconneced node: android.view.accessibility.AccessibilityNodeInfo@6599e; boundsInParent: Rect(0, 0 - 120, 41); boundsInScreen: Rect(54, 2093 - 174, 2134); packageName: com.boco.apphall; className: android.widget.TextView; text: 其他信息; contentDescription: null; viewIdResName: com.boco.apphall:id/app_other_desc; checkable: false; checked: false; focusable: false; focused: false; selected: false; clickable: false; longClickable: false; enabled: true; password: false; scrollable: false; [ACTION_SELECT, ACTION_CLEAR_SELECTION, ACTION_ACCESSIBILITY_FOCUS, ACTION_NEXT_AT_MOVEMENT_GRANULARITY, ACTION_PREVIOUS_AT_MOVEMENT_GRANULARITY, ACTION_SET_SELECTION]
05-18 16:12:30.915 E/AccessibilityNodeInfoCache( 3717): Disconneced node: android.view.accessibility.AccessibilityNodeInfo@65d5f; boundsInParent: Rect(0, 0 - 104, 36); boundsInScreen: Rect(54, 2154 - 158, 2190); packageName: com.boco.apphall; className: android.widget.TextView; text: 当前版本; contentDescription: null; viewIdResName: com.boco.apphall:id/curversion_title; checkable: false; checked: false; focusable: false; focused: false; selected: false; clickable: false; longClickable: false; enabled: true; password: false; scrollable: false; [ACTION_SELECT, ACTION_CLEAR_SELECTION, ACTION_ACCESSIBILITY_FOCUS, ACTION_NEXT_AT_MOVEMENT_GRANULARITY, ACTION_PREVIOUS_AT_MOVEMENT_GRANULARITY, ACTION_SET_SELECTION]
05-18 16:12:30.915 E/AccessibilityNodeInfoCache( 3717): Disconneced node: android.view.accessibility.AccessibilityNodeInfo@66120; boundsInParent: Rect(0, 0 - 37, 36); boundsInScreen: Rect(178, 2154 - 215, 2190); packageName: com.boco.apphall; className: android.widget.TextView; text: 5.0; contentDescription: null; viewIdResName: com.boco.apphall:id/curversion_title_write; checkable: false; checked: false; focusable: false; focused: false; selected: false; clickable: false; longClickable: false; enabled: true; password: false; scrollable: false; [ACTION_SELECT, ACTION_CLEAR_SELECTION, ACTION_ACCESSIBILITY_FOCUS, ACTION_NEXT_AT_MOVEMENT_GRANULARITY, ACTION_PREVIOUS_AT_MOVEMENT_GRANULARITY, ACTION_SET_SELECTION]
05-18 16:12:30.915 E/AccessibilityNodeInfoCache( 3717): Disconneced node: android.view.accessibility.AccessibilityNodeInfo@664e1; boundsInParent: Rect(0, 0 - 104, 36); boundsInScreen: Rect(54, 2210 - 158, 2246); packageName: com.boco.apphall; className: android.widget.TextView; text: 支持系统; contentDescription: null; viewIdResName: com.boco.apphall:id/hold_system_title; checkable: false; checked: false; focusable: false; focused: false; selected: false; clickable: false; longClickable: false; enabled: true; password: false; scrollable: false; [ACTION_SELECT, ACTION_CLEAR_SELECTION, ACTION_ACCESSIBILITY_FOCUS, ACTION_NEXT_AT_MOVEMENT_GRANULARITY, ACTION_PREVIOUS_AT_MOVEMENT_GRANULARITY, ACTION_SET_SELECTION]
05-18 16:12:30.915 E/AccessibilityNodeInfoCache( 3717): Disconneced node: android.view.accessibility.AccessibilityNodeInfo@668a2; boundsInParent: Rect(0, 0 - 89, 36); boundsInScreen: Rect(178, 2210 - 267, 2246); packageName: com.boco.apphall; className: android.widget.TextView; text: android; contentDescription: null; viewIdResName: com.boco.apphall:id/hold_system_write; checkable: false; checked: false; focusable: false; focused: false; selected: false; clickable: false; longClickable: false; enabled: true; password: false; scrollable: false; [ACTION_SELECT, ACTION_CLEAR_SELECTION, ACTION_ACCESSIBILITY_FOCUS, ACTION_NEXT_AT_MOVEMENT_GRANULARITY, ACTION_PREVIOUS_AT_MOVEMENT_GRANULARITY, ACTION_SET_SELECTION]
05-18 16:12:30.915 E/AccessibilityNodeInfoCache( 3717): Disconneced node: android.view.accessibility.AccessibilityNodeInfo@66c63; boundsInParent: Rect(0, 0 - 78, 36); boundsInScreen: Rect(54, 2266 - 132, 2302); packageName: com.boco.apphall; className: android.widget.TextView; text: 开发者; contentDescription: null; viewIdResName: com.boco.apphall:id/developer_title; checkable: false; checked: false; focusable: false; focused: false; selected: false; clickable: false; longClickable: false; enabled: true; password: false; scrollable: false; [ACTION_SELECT, ACTION_CLEAR_SELECTION, ACTION_ACCESSIBILITY_FOCUS, ACTION_NEXT_AT_MOVEMENT_GRANULARITY, ACTION_PREVIOUS_AT_MOVEMENT_GRANULARITY, ACTION_SET_SELECTION]
05-18 16:12:30.915 E/AccessibilityNodeInfoCache( 3717): Disconneced node: android.view.accessibility.AccessibilityNodeInfo@67024; boundsInParent: Rect(0, 0 - 52, 36); boundsInScreen: Rect(152, 2266 - 204, 2302); packageName: com.boco.apphall; className: android.widget.TextView; text: 中兴; contentDescription: null; viewIdResName: com.boco.apphall:id/developer_title_write; checkable: false; checked: false; focusable: false; focused: false; selected: false; clickable: false; longClickable: false; enabled: true; password: false; scrollable: false; [ACTION_SELECT, ACTION_CLEAR_SELECTION, ACTION_ACCESSIBILITY_FOCUS, ACTION_NEXT_AT_MOVEMENT_GRANULARITY, ACTION_PREVIOUS_AT_MOVEMENT_GRANULARITY, ACTION_SET_SELECTION]
05-18 16:12:30.915 E/AccessibilityNodeInfoCache( 3717): Disconneced node: android.view.accessibility.AccessibilityNodeInfo@71550; boundsInParent: Rect(0, 0 - 872, 1); boundsInScreen: Rect(14, 2072 - 886, 2073); packageName: com.boco.apphall; className: android.view.View; text: null; contentDescription: null; viewIdResName: null; checkable: false; checked: false; focusable: false; focused: false; selected: false; clickable: false; longClickable: false; enabled: true; password: false; scrollable: false; [ACTION_SELECT, ACTION_CLEAR_SELECTION, ACTION_ACCESSIBILITY_FOCUS]
05-18 16:12:30.915 E/AccessibilityNodeInfoCache( 3717): Disconneced node: android.view.accessibility.AccessibilityNodeInfo@71911; boundsInParent: Rect(0, 0 - 872, 229); boundsInScreen: Rect(14, 2083 - 886, 2312); packageName: com.boco.apphall; className: android.widget.RelativeLayout; text: null; contentDescription: null; viewIdResName: com.boco.apphall:id/app_detail_layout4; checkable: false; checked: false; focusable: false; focused: false; selected: false; clickable: false; longClickable: false; enabled: true; password: false; scrollable: false; [ACTION_SELECT, ACTION_CLEAR_SELECTION, ACTION_ACCESSIBILITY_FOCUS]
05-18 16:12:30.915 E/AccessibilityNodeInfoCache( 3717): Disconneced node: android.view.accessibility.AccessibilityNodeInfo@6521c; boundsInParent: Rect(0, 0 - 120, 41); boundsInScreen: Rect(54, 1249 - 174, 1290); packageName: com.boco.apphall; className: android.widget.TextView; text: 更新说明; contentDescription: null; viewIdResName: com.boco.apphall:id/app_update_desc; checkable: false; checked: false; focusable: false; focused: false; selected: false; clickable: false; longClickable: false; enabled: true; password: false; scrollable: false; [ACTION_SELECT, ACTION_CLEAR_SELECTION, ACTION_ACCESSIBILITY_FOCUS, ACTION_NEXT_AT_MOVEMENT_GRANULARITY, ACTION_PREVIOUS_AT_MOVEMENT_GRANULARITY, ACTION_SET_SELECTION]
05-18 16:12:30.915 E/AccessibilityNodeInfoCache( 3717): Disconneced node: android.view.accessibility.AccessibilityNodeInfo@655dd; boundsInParent: Rect(0, 0 - 792, 766); boundsInScreen: Rect(54, 1300 - 846, 2066); packageName: com.boco.apphall; className: android.widget.TextView; text: 版本更新
05-18 16:12:30.915 E/AccessibilityNodeInfoCache( 3717): 版本更新
05-18 16:12:30.915 E/AccessibilityNodeInfoCache( 3717): 版本更新
05-18 16:12:30.915 E/AccessibilityNodeInfoCache( 3717): 版本更新
05-18 16:12:30.915 E/AccessibilityNodeInfoCache( 3717): 版本更新
05-18 16:12:30.915 E/AccessibilityNodeInfoCache( 3717): 版本更新，易运营更名为家宽装维
05-18 16:12:30.915 E/AccessibilityNodeInfoCache( 3717): 版本更新
05-18 16:12:30.915 E/AccessibilityNodeInfoCache( 3717): 版本更新
05-18 16:12:30.915 E/AccessibilityNodeInfoCache( 3717): 版本更新
05-18 16:12:30.915 E/AccessibilityNodeInfoCache( 3717): 版本更新
05-18 16:12:30.915 E/AccessibilityNodeInfoCache( 3717): 版本更新
05-18 16:12:30.915 E/AccessibilityNodeInfoCache( 3717): 版本更新
05-18 16:12:30.915 E/AccessibilityNodeInfoCache( 3717): 新大厅上线
05-18 16:12:30.915 E/AccessibilityNodeInfoCache( 3717): 初始更; contentDescription: null; viewIdResName: com.boco.apphall:id/app_detail_update_desc; checkable: false; checked: false; focusable: false; focused: false; selected: false; clickable: false; longClickable: false; enabled: true; password: false; scrollable: false; [ACTION_SELECT, ACTION_CLEAR_SELECTION, ACTION_ACCESSIBILITY_FOCUS, ACTION_NEXT_AT_MOVEMENT_GRANULARITY, ACTION_PREVIOUS_AT_MOVEMENT_GRANULARITY, ACTION_SET_SELECTION]
