05-18 09:57:26.659 E/appium  (19919): 	at io.netty.channel.CombinedChannelDuplexHandler$DelegatingChannelHandlerContext.fireChannelRead(CombinedChannelDuplexHandler.java:435)
05-18 09:57:26.659 E/appium  (19919): 	at io.netty.handler.codec.ByteToMessageDecoder.fireChannelRead(ByteToMessageDecoder.java:293)
05-18 09:57:26.659 E/appium  (19919): 	at io.netty.handler.codec.ByteToMessageDecoder.channelRead(ByteToMessageDecoder.java:267)
05-18 09:57:26.659 E/appium  (19919): 	at io.netty.channel.CombinedChannelDuplexHandler.channelRead(CombinedChannelDuplexHandler.java:250)
05-18 09:57:26.659 E/appium  (19919): 	at io.netty.channel.AbstractChannelHandlerContext.invokeChannelRead(AbstractChannelHandlerContext.java:366)
05-18 09:57:26.659 E/appium  (19919): 	at io.netty.channel.AbstractChannelHandlerContext.invokeChannelRead(AbstractChannelHandlerContext.java:352)
05-18 09:57:26.659 E/appium  (19919): 	at io.netty.channel.AbstractChannelHandlerContext.fireChannelRead(AbstractChannelHandlerContext.java:345)
05-18 09:57:26.659 E/appium  (19919): 	at io.netty.channel.DefaultChannelPipeline$HeadContext.channelRead(DefaultChannelPipeline.java:1294)
05-18 09:57:26.659 E/appium  (19919): 	at io.netty.channel.AbstractChannelHandlerContext.invokeChannelRead(AbstractChannelHandlerContext.java:366)
05-18 09:57:26.659 E/appium  (19919): 	at io.netty.channel.AbstractChannelHandlerContext.invokeChannelRead(AbstractChannelHandlerContext.java:352)
05-18 09:57:26.659 E/appium  (19919): 	at io.netty.channel.DefaultChannelPipeline.fireChannelRead(DefaultChannelPipeline.java:911)
05-18 09:57:26.659 E/appium  (19919): 	at io.netty.channel.nio.AbstractNioByteChannel$NioByteUnsafe.read(AbstractNioByteChannel.java:131)
05-18 09:57:26.659 E/appium  (19919): 	at io.netty.channel.nio.NioEventLoop.processSelectedKey(NioEventLoop.java:611)
05-18 09:57:26.659 E/appium  (19919): 	at io.netty.channel.nio.NioEventLoop.processSelectedKeysPlain(NioEventLoop.java:514)
05-18 09:57:26.659 E/appium  (19919): 	at io.netty.channel.nio.NioEventLoop.processSelectedKeys(NioEventLoop.java:468)
05-18 09:57:26.659 E/appium  (19919): 	at io.netty.channel.nio.NioEventLoop.run(NioEventLoop.java:438)
05-18 09:57:26.659 E/appium  (19919): 	at io.netty.util.concurrent.SingleThreadEventExecutor$2.run(SingleThreadEventExecutor.java:140)
05-18 09:57:26.659 E/appium  (19919): 	at io.netty.util.concurrent.DefaultThreadFactory$DefaultRunnableDecorator.run(DefaultThreadFactory.java:144)
05-18 09:57:26.659 E/appium  (19919): 	at java.lang.Thread.run(Thread.java:818)
05-18 09:57:26.996 E/SurfaceFlinger(  285): onDraw: bindTextureImage test
05-18 09:57:27.012 E/SurfaceFlinger(  285): onDraw: bindTextureImage test
05-18 09:57:27.031 E/SurfaceFlinger(  285): onDraw: bindTextureImage test
05-18 09:57:27.046 E/SurfaceFlinger(  285): onDraw: bindTextureImage test
05-18 09:57:27.064 E/SurfaceFlinger(  285): onDraw: bindTextureImage test
05-18 09:57:27.080 E/SurfaceFlinger(  285): onDraw: bindTextureImage test
05-18 09:57:27.097 E/SurfaceFlinger(  285): onDraw: bindTextureImage test
05-18 09:57:27.114 E/SurfaceFlinger(  285): onDraw: bindTextureImage test
05-18 09:57:27.130 E/SurfaceFlinger(  285): onDraw: bindTextureImage test
05-18 09:57:27.148 E/SurfaceFlinger(  285): onDraw: bindTextureImage test
05-18 09:57:27.159 E/[PropSet](14909): connect fail
05-18 09:57:27.159 E/[PropSet](14909): send_prop_msg return err -1
05-18 09:57:27.164 E/SurfaceFlinger(  285): onDraw: bindTextureImage test
05-18 09:57:27.181 E/SurfaceFlinger(  285): onDraw: bindTextureImage test
05-18 09:57:27.198 E/SurfaceFlinger(  285): onDraw: bindTextureImage test
05-18 09:57:27.215 E/SurfaceFlinger(  285): onDraw: bindTextureImage test
05-18 09:57:27.232 E/SurfaceFlinger(  285): onDraw: bindTextureImage test
05-18 09:57:27.282 E/SurfaceFlinger(  285): onDraw: bindTextureImage test
05-18 09:57:27.299 E/SurfaceFlinger(  285): onDraw: bindTextureImage test
05-18 09:57:27.316 E/SurfaceFlinger(  285): onDraw: bindTextureImage test
05-18 09:57:27.333 E/SurfaceFlinger(  285): onDraw: bindTextureImage test
05-18 09:57:27.469 E/MPlugin (20224): Unsupported class: com.mediatek.common.telephony.IOnlyOwnerSimSupport
05-18 09:57:27.609 E/WifiTrafficPoller(  851): TRAFFIC_STATS_POLL true Token 2644 num clients 19
05-18 09:57:27.609 E/WifiTrafficPoller(  851):  packet count Tx=1753507 Rx=5781293
05-18 09:57:28.610 E/WifiTrafficPoller(  851): TRAFFIC_STATS_POLL true Token 2644 num clients 19
05-18 09:57:28.611 E/WifiTrafficPoller(  851):  packet count Tx=1753518 Rx=5781316
05-18 09:57:28.612 E/SurfaceFlinger(  285): onDraw: bindTextureImage test
05-18 09:57:28.627 E/SurfaceFlinger(  285): onDraw: bindTextureImage test
05-18 09:57:28.644 E/SurfaceFlinger(  285): onDraw: bindTextureImage test
05-18 09:57:28.661 E/SurfaceFlinger(  285): onDraw: bindTextureImage test
05-18 09:57:28.678 E/SurfaceFlinger(  285): onDraw: bindTextureImage test
05-18 09:57:28.695 E/SurfaceFlinger(  285): onDraw: bindTextureImage test
05-18 09:57:28.711 E/SurfaceFlinger(  285): onDraw: bindTextureImage test
05-18 09:57:28.728 E/SurfaceFlinger(  285): onDraw: bindTextureImage test
05-18 09:57:28.745 E/SurfaceFlinger(  285): onDraw: bindTextureImage test
05-18 09:57:28.762 E/SurfaceFlinger(  285): onDraw: bindTextureImage test
05-18 09:57:28.779 E/SurfaceFlinger(  285): onDraw: bindTextureImage test
05-18 09:57:28.795 E/SurfaceFlinger(  285): onDraw: bindTextureImage test
05-18 09:57:28.812 E/SurfaceFlinger(  285): onDraw: bindTextureImage test
05-18 09:57:28.829 E/SurfaceFlinger(  285): onDraw: bindTextureImage test
05-18 09:57:28.846 E/SurfaceFlinger(  285): onDraw: bindTextureImage test
05-18 09:57:29.568 E/WifiStateMachine(  851):  ConnectedState (when=-4ms what=131155 arg1=591!CMD_RSSI_POLL 591 0 "BOCO-office" 94:b4:0f:68:a4:b1 rssi=-51 f=5785 sc=80 link=135 tx=510.6, 0.0, 0.0  rx=983.8 bcn=0 [on:0 tx:0 rx:0 period:3001] from screen [on:0 period:611208640] gl rssi=-51 ag=0 hr ticks 314,77,49 ls-=0 [56,56,60,60,65] brc=0 lrc=0
05-18 09:57:29.569 E/WifiStateMachine(  851):  L2ConnectedState (when=-5ms what=131155 arg1=591!CMD_RSSI_POLL 591 0 "BOCO-office" 94:b4:0f:68:a4:b1 rssi=-51 f=5785 sc=80 link=135 tx=510.6, 0.0, 0.0  rx=983.8 bcn=0 [on:0 tx:0 rx:0 period:1] from screen [on:0 period:611208641] gl rssi=-51 ag=0 hr ticks 314,77,49 ls-=0 [56,56,60,60,65] brc=0 lrc=0
05-18 09:57:29.569 E/WifiStateMachine(  851):  get link layer stats 0
05-18 09:57:29.572 E/WifiStateMachine(  851): calculateWifiScore() we set wifi's score to 1000, so will always set wifi as a default network.
05-18 09:57:29.611 E/WifiTrafficPoller(  851): TRAFFIC_STATS_POLL true Token 2644 num clients 19
05-18 09:57:29.611 E/WifiTrafficPoller(  851):  packet count Tx=1753519 Rx=5781329
05-18 09:57:30.612 E/WifiTrafficPoller(  851): TRAFFIC_STATS_POLL true Token 2644 num clients 19
05-18 09:57:30.612 E/WifiTrafficPoller(  851):  packet count Tx=1753523 Rx=5781346
05-18 09:57:30.685 E/appium  (19919): Element not found: 
05-18 09:57:30.685 E/appium  (19919): io.appium.uiautomator2.common.exceptions.ElementNotFoundException: Could not find an element using supplied strategy. 
05-18 09:57:30.685 E/appium  (19919): 	at io.appium.uiautomator2.handler.FindElement.getXPathUiObject(FindElement.java:80)
05-18 09:57:30.685 E/appium  (19919): 	at io.appium.uiautomator2.handler.FindElement.findElement(FindElement.java:153)
05-18 09:57:30.685 E/appium  (19919): 	at io.appium.uiautomator2.handler.FindElement.safeHandle(FindElement.java:102)
05-18 09:57:30.685 E/appium  (19919): 	at io.appium.uiautomator2.handler.request.SafeRequestHandler.handle(SafeRequestHandler.java:56)
05-18 09:57:30.685 E/appium  (19919): 	at io.appium.uiautomator2.server.AppiumServlet.handleRequest(AppiumServlet.java:202)
05-18 09:57:30.685 E/appium  (19919): 	at io.appium.uiautomator2.server.AppiumServlet.handleHttpRequest(AppiumServlet.java:193)
05-18 09:57:30.685 E/appium  (19919): 	at io.appium.uiautomator2.http.ServerHandler.channelRead(ServerHandler.java:44)
05-18 09:57:30.685 E/appium  (19919): 	at io.netty.channel.AbstractChannelHandlerContext.invokeChannelRead(AbstractChannelHandlerContext.java:366)
05-18 09:57:30.685 E/appium  (19919): 	at io.netty.channel.AbstractChannelHandlerContext.invokeChannelRead(AbstractChannelHandlerContext.java:352)
05-18 09:57:30.685 E/appium  (19919): 	at io.netty.channel.AbstractChannelHandlerContext.fireChannelRead(AbstractChannelHandlerContext.java:345)
05-18 09:57:30.685 E/appium  (19919): 	at io.netty.handler.codec.MessageToMessageDecoder.channelRead(MessageToMessageDecoder.java:102)
05-18 09:57:30.685 E/appium  (19919): 	at io.netty.channel.AbstractChannelHandlerContext.invokeChannelRead(AbstractChannelHandlerContext.java:366)
05-18 09:57:30.685 E/appium  (19919): 	at io.netty.channel.AbstractChannelHandlerContext.invokeChannelRead(AbstractChannelHandlerContext.java:352)
05-18 09:57:30.685 E/appium  (19919): 	at io.netty.channel.AbstractChannelHandlerContext.fireChannelRead(AbstractChannelHandlerContext.java:345)
05-18 09:57:30.685 E/appium  (19919): 	at io.netty.channel.CombinedChannelDuplexHandler$DelegatingChannelHandlerContext.fireChannelRead(CombinedChannelDuplexHandler.java:435)
05-18 09:57:30.685 E/appium  (19919): 	at io.netty.handler.codec.ByteToMessageDecoder.fireChannelRead(ByteToMessageDecoder.java:293)
05-18 09:57:30.685 E/appium  (19919): 	at io.netty.handler.codec.ByteToMessageDecoder.channelRead(ByteToMessageDecoder.java:267)
05-18 09:57:30.685 E/appium  (19919): 	at io.netty.channel.CombinedChannelDuplexHandler.channelRead(CombinedChannelDuplexHandler.java:250)
05-18 09:57:30.685 E/appium  (19919): 	at io.netty.channel.AbstractChannelHandlerContext.invokeChannelRead(AbstractChannelHandlerContext.java:366)
05-18 09:57:30.685 E/appium  (19919): 	at io.netty.channel.AbstractChannelHandlerContext.invokeChannelRead(AbstractChannelHandlerContext.java:352)
05-18 09:57:30.685 E/appium  (19919): 	at io.netty.channel.AbstractChannelHandlerContext.fireChannelRead(AbstractChannelHandlerContext.java:345)
05-18 09:57:30.685 E/appium  (19919): 	at io.netty.channel.DefaultChannelPipeline$HeadContext.channelRead(DefaultChannelPipeline.java:1294)
05-18 09:57:30.685 E/appium  (19919): 	at io.netty.channel.AbstractChannelHandlerContext.invokeChannelRead(AbstractChannelHandlerContext.java:366)
05-18 09:57:30.685 E/appium  (19919): 	at io.netty.channel.AbstractChannelHandlerContext.invokeChannelRead(AbstractChannelHandlerContext.java:352)
05-18 09:57:30.685 E/appium  (19919): 	at io.netty.channel.DefaultChannelPipeline.fireChannelRead(DefaultChannelPipeline.java:911)
05-18 09:57:30.685 E/appium  (19919): 	at io.netty.channel.nio.AbstractNioByteChannel$NioByteUnsafe.read(AbstractNioByteChannel.java:131)
05-18 09:57:30.685 E/appium  (19919): 	at io.netty.channel.nio.NioEventLoop.processSelectedKey(NioEventLoop.java:611)
05-18 09:57:30.685 E/appium  (19919): 	at io.netty.channel.nio.NioEventLoop.processSelectedKeysPlain(NioEventLoop.java:514)
05-18 09:57:30.685 E/appium  (19919): 	at io.netty.channel.nio.NioEventLoop.processSelectedKeys(NioEventLoop.java:468)
05-18 09:57:30.685 E/appium  (19919): 	at io.netty.channel.nio.NioEventLoop.run(NioEventLoop.java:438)
05-18 09:57:30.685 E/appium  (19919): 	at io.netty.util.concurrent.SingleThreadEventExecutor$2.run(SingleThreadEventExecutor.java:140)
05-18 09:57:30.685 E/appium  (19919): 	at io.netty.util.concurrent.DefaultThreadFactory$DefaultRunnableDecorator.run(DefaultThreadFactory.java:144)
05-18 09:57:30.685 E/appium  (19919): 	at java.lang.Thread.run(Thread.java:818)
05-18 09:57:31.236 E/appium  (19919): Element not found: 
05-18 09:57:31.236 E/appium  (19919): io.appium.uiautomator2.common.exceptions.ElementNotFoundException: Could not find an element using supplied strategy. 
05-18 09:57:31.236 E/appium  (19919): 	at io.appium.uiautomator2.handler.FindElement.getXPathUiObject(FindElement.java:80)
05-18 09:57:31.236 E/appium  (19919): 	at io.appium.uiautomator2.handler.FindElement.findElement(FindElement.java:153)
05-18 09:57:31.236 E/appium  (19919): 	at io.appium.uiautomator2.handler.FindElement.safeHandle(FindElement.java:102)
05-18 09:57:31.236 E/appium  (19919): 	at io.appium.uiautomator2.handler.request.SafeRequestHandler.handle(SafeRequestHandler.java:56)
05-18 09:57:31.236 E/appium  (19919): 	at io.appium.uiautomator2.server.AppiumServlet.handleRequest(AppiumServlet.java:202)
05-18 09:57:31.236 E/appium  (19919): 	at io.appium.uiautomator2.server.AppiumServlet.handleHttpRequest(AppiumServlet.java:193)
05-18 09:57:31.236 E/appium  (19919): 	at io.appium.uiautomator2.http.ServerHandler.channelRead(ServerHandler.java:44)
05-18 09:57:31.236 E/appium  (19919): 	at io.netty.channel.AbstractChannelHandlerContext.invokeChannelRead(AbstractChannelHandlerContext.java:366)
05-18 09:57:31.236 E/appium  (19919): 	at io.netty.channel.AbstractChannelHandlerContext.invokeChannelRead(AbstractChannelHandlerContext.java:352)
05-18 09:57:31.236 E/appium  (19919): 	at io.netty.channel.AbstractChannelHandlerContext.fireChannelRead(AbstractChannelHandlerContext.java:345)
05-18 09:57:31.236 E/appium  (19919): 	at io.netty.handler.codec.MessageToMessageDecoder.channelRead(MessageToMessageDecoder.java:102)
05-18 09:57:31.236 E/appium  (19919): 	at io.netty.channel.AbstractChannelHandlerContext.invokeChannelRead(AbstractChannelHandlerContext.java:366)
05-18 09:57:31.236 E/appium  (19919): 	at io.netty.channel.AbstractChannelHandlerContext.invokeChannelRead(AbstractChannelHandlerContext.java:352)
05-18 09:57:31.236 E/appium  (19919): 	at io.netty.channel.AbstractChannelHandlerContext.fireChannelRead(AbstractChannelHandlerContext.java:345)
05-18 09:57:31.236 E/appium  (19919): 	at io.netty.channel.CombinedChannelDuplexHandler$DelegatingChannelHandlerContext.fireChannelRead(CombinedChannelDuplexHandler.java:435)
05-18 09:57:31.236 E/appium  (19919): 	at io.netty.handler.codec.ByteToMessageDecoder.fireChannelRead(ByteToMessageDecoder.java:293)
05-18 09:57:31.236 E/appium  (19919): 	at io.netty.handler.codec.ByteToMessageDecoder.channelRead(ByteToMessageDecoder.java:267)
05-18 09:57:31.236 E/appium  (19919): 	at io.netty.channel.CombinedChannelDuplexHandler.channelRead(CombinedChannelDuplexHandler.java:250)
05-18 09:57:31.236 E/appium  (19919): 	at io.netty.channel.AbstractChannelHandlerContext.invokeChannelRead(AbstractChannelHandlerContext.java:366)
05-18 09:57:31.236 E/appium  (19919): 	at io.netty.channel.AbstractChannelHandlerContext.invokeChannelRead(AbstractChannelHandlerContext.java:352)
05-18 09:57:31.236 E/appium  (19919): 	at io.netty.channel.AbstractChannelHandlerContext.fireChannelRead(AbstractChannelHandlerContext.java:345)
05-18 09:57:31.236 E/appium  (19919): 	at io.netty.channel.DefaultChannelPipeline$HeadContext.channelRead(DefaultChannelPipeline.java:1294)
05-18 09:57:31.236 E/appium  (19919): 	at io.netty.channel.AbstractChannelHandlerContext.invokeChannelRead(AbstractChannelHandlerContext.java:366)
05-18 09:57:31.236 E/appium  (19919): 	at io.netty.channel.AbstractChannelHandlerContext.invokeChannelRead(AbstractChannelHandlerContext.java:352)
05-18 09:57:31.236 E/appium  (19919): 	at io.netty.channel.DefaultChannelPipeline.fireChannelRead(DefaultChannelPipeline.java:911)
05-18 09:57:31.236 E/appium  (19919): 	at io.netty.channel.nio.AbstractNioByteChannel$NioByteUnsafe.read(AbstractNioByteChannel.java:131)
05-18 09:57:31.236 E/appium  (19919): 	at io.netty.channel.nio.NioEventLoop.processSelectedKey(NioEventLoop.java:611)
05-18 09:57:31.236 E/appium  (19919): 	at io.netty.channel.nio.NioEventLoop.processSelectedKeysPlain(NioEventLoop.java:514)
05-18 09:57:31.236 E/appium  (19919): 	at io.netty.channel.nio.NioEventLoop.processSelectedKeys(NioEventLoop.java:468)
05-18 09:57:31.236 E/appium  (19919): 	at io.netty.channel.nio.NioEventLoop.run(NioEventLoop.java:438)
05-18 09:57:31.236 E/appium  (19919): 	at io.netty.util.concurrent.SingleThreadEventExecutor$2.run(SingleThreadEventExecutor.java:140)
05-18 09:57:31.236 E/appium  (19919): 	at io.netty.util.concurrent.DefaultThreadFactory$DefaultRunnableDecorator.run(DefaultThreadFactory.java:144)
05-18 09:57:31.236 E/appium  (19919): 	at java.lang.Thread.run(Thread.java:818)
05-18 09:57:31.613 E/WifiTrafficPoller(  851): TRAFFIC_STATS_POLL true Token 2644 num clients 19
05-18 09:57:31.613 E/WifiTrafficPoller(  851):  packet count Tx=1753523 Rx=5781353
05-18 09:57:31.613 E/WifiTrafficPoller(  851): notifying of data activity 1
05-18 09:57:31.791 E/appium  (19919): Element not found: 
05-18 09:57:31.791 E/appium  (19919): io.appium.uiautomator2.common.exceptions.ElementNotFoundException: Could not find an element using supplied strategy. 
05-18 09:57:31.791 E/appium  (19919): 	at io.appium.uiautomator2.handler.FindElement.getXPathUiObject(FindElement.java:80)
05-18 09:57:31.791 E/appium  (19919): 	at io.appium.uiautomator2.handler.FindElement.findElement(FindElement.java:153)
05-18 09:57:31.791 E/appium  (19919): 	at io.appium.uiautomator2.handler.FindElement.safeHandle(FindElement.java:102)
05-18 09:57:31.791 E/appium  (19919): 	at io.appium.uiautomator2.handler.request.SafeRequestHandler.handle(SafeRequestHandler.java:56)
05-18 09:57:31.791 E/appium  (19919): 	at io.appium.uiautomator2.server.AppiumServlet.handleRequest(AppiumServlet.java:202)
05-18 09:57:31.791 E/appium  (19919): 	at io.appium.uiautomator2.server.AppiumServlet.handleHttpRequest(AppiumServlet.java:193)
05-18 09:57:31.791 E/appium  (19919): 	at io.appium.uiautomator2.http.ServerHandler.channelRead(ServerHandler.java:44)
05-18 09:57:31.791 E/appium  (19919): 	at io.netty.channel.AbstractChannelHandlerContext.invokeChannelRead(AbstractChannelHandlerContext.java:366)
05-18 09:57:31.791 E/appium  (19919): 	at io.netty.channel.AbstractChannelHandlerContext.invokeChannelRead(AbstractChannelHandlerContext.java:352)
05-18 09:57:31.791 E/appium  (19919): 	at io.netty.channel.AbstractChannelHandlerContext.fireChannelRead(AbstractChannelHandlerContext.java:345)
05-18 09:57:31.791 E/appium  (19919): 	at io.netty.handler.codec.MessageToMessageDecoder.channelRead(MessageToMessageDecoder.java:102)
05-18 09:57:31.791 E/appium  (19919): 	at io.netty.channel.AbstractChannelHandlerContext.invokeChannelRead(AbstractChannelHandlerContext.java:366)
05-18 09:57:31.791 E/appium  (19919): 	at io.netty.channel.AbstractChannelHandlerContext.invokeChannelRead(AbstractChannelHandlerContext.java:352)
05-18 09:57:31.791 E/appium  (19919): 	at io.netty.channel.AbstractChannelHandlerContext.fireChannelRead(AbstractChannelHandlerContext.java:345)
05-18 09:57:31.791 E/appium  (19919): 	at io.netty.channel.CombinedChannelDuplexHandler$DelegatingChannelHandlerContext.fireChannelRead(CombinedChannelDuplexHandler.java:435)
05-18 09:57:31.791 E/appium  (19919): 	at io.netty.handler.codec.ByteToMessageDecoder.fireChannelRead(ByteToMessageDecoder.java:293)
05-18 09:57:31.791 E/appium  (19919): 	at io.netty.handler.codec.ByteToMessageDecoder.channelRead(ByteToMessageDecoder.java:267)
05-18 09:57:31.791 E/appium  (19919): 	at io.netty.channel.CombinedChannelDuplexHandler.channelRead(CombinedChannelDuplexHandler.java:250)
05-18 09:57:31.791 E/appium  (19919): 	at io.netty.channel.AbstractChannelHandlerContext.invokeChannelRead(AbstractChannelHandlerContext.java:366)
05-18 09:57:31.791 E/appium  (19919): 	at io.netty.channel.AbstractChannelHandlerContext.invokeChannelRead(AbstractChannelHandlerContext.java:352)
05-18 09:57:31.791 E/appium  (19919): 	at io.netty.channel.AbstractChannelHandlerContext.fireChannelRead(AbstractChannelHandlerContext.java:345)
05-18 09:57:31.791 E/appium  (19919): 	at io.netty.channel.DefaultChannelPipeline$HeadContext.channelRead(DefaultChannelPipeline.java:1294)
05-18 09:57:31.791 E/appium  (19919): 	at io.netty.channel.AbstractChannelHandlerContext.invokeChannelRead(AbstractChannelHandlerContext.java:366)
05-18 09:57:31.791 E/appium  (19919): 	at io.netty.channel.AbstractChannelHandlerContext.invokeChannelRead(AbstractChannelHandlerContext.java:352)
05-18 09:57:31.791 E/appium  (19919): 	at io.netty.channel.DefaultChannelPipeline.fireChannelRead(DefaultChannelPipeline.java:911)
05-18 09:57:31.791 E/appium  (19919): 	at io.netty.channel.nio.AbstractNioByteChannel$NioByteUnsafe.read(AbstractNioByteChannel.java:131)
05-18 09:57:31.791 E/appium  (19919): 	at io.netty.channel.nio.NioEventLoop.processSelectedKey(NioEventLoop.java:611)
05-18 09:57:31.791 E/appium  (19919): 	at io.netty.channel.nio.NioEventLoop.processSelectedKeysPlain(NioEventLoop.java:514)
05-18 09:57:31.791 E/appium  (19919): 	at io.netty.channel.nio.NioEventLoop.processSelectedKeys(NioEventLoop.java:468)
05-18 09:57:31.791 E/appium  (19919): 	at io.netty.channel.nio.NioEventLoop.run(NioEventLoop.java:438)
05-18 09:57:31.791 E/appium  (19919): 	at io.netty.util.concurrent.SingleThreadEventExecutor$2.run(SingleThreadEventExecutor.java:140)
05-18 09:57:31.791 E/appium  (19919): 	at io.netty.util.concurrent.DefaultThreadFactory$DefaultRunnableDecorator.run(DefaultThreadFactory.java:144)
05-18 09:57:31.791 E/appium  (19919): 	at java.lang.Thread.run(Thread.java:818)
05-18 09:57:32.577 E/WifiStateMachine(  851):  ConnectedState (when=-5ms what=131155 arg1=591!CMD_RSSI_POLL 591 0 "BOCO-office" 94:b4:0f:68:a4:b1 rssi=-51 f=5785 sc=80 link=135 tx=279.3, 0.0, 0.0  rx=548.4 bcn=0 [on:0 tx:0 rx:0 period:3003] from screen [on:0 period:611211649] gl rssi=-51 ag=0 hr ticks 314,77,49 ls-=0 [56,56,60,60,65] brc=0 lrc=0
05-18 09:57:32.578 E/WifiStateMachine(  851):  L2ConnectedState (when=-5ms what=131155 arg1=591!CMD_RSSI_POLL 591 0 "BOCO-office" 94:b4:0f:68:a4:b1 rssi=-51 f=5785 sc=80 link=135 tx=279.3, 0.0, 0.0  rx=548.4 bcn=0 [on:0 tx:0 rx:0 period:1] from screen [on:0 period:611211650] gl rssi=-51 ag=0 hr ticks 314,77,49 ls-=0 [56,56,60,60,65] brc=0 lrc=0
05-18 09:57:32.578 E/WifiStateMachine(  851):  get link layer stats 0
05-18 09:57:32.580 E/WifiStateMachine(  851): calculateWifiScore() we set wifi's score to 1000, so will always set wifi as a default network.
05-18 09:57:32.614 E/WifiTrafficPoller(  851): TRAFFIC_STATS_POLL true Token 2644 num clients 19
05-18 09:57:32.615 E/WifiTrafficPoller(  851):  packet count Tx=1753524 Rx=5781362
05-18 09:57:32.615 E/WifiTrafficPoller(  851): notifying of data activity 3
05-18 09:57:32.682 E/appium  (19919): Element not found: 
05-18 09:57:32.682 E/appium  (19919): io.appium.uiautomator2.common.exceptions.ElementNotFoundException: Could not find an element using supplied strategy. 
05-18 09:57:32.682 E/appium  (19919): 	at io.appium.uiautomator2.handler.FindElement.getXPathUiObject(FindElement.java:80)
05-18 09:57:32.682 E/appium  (19919): 	at io.appium.uiautomator2.handler.FindElement.findElement(FindElement.java:153)
05-18 09:57:32.682 E/appium  (19919): 	at io.appium.uiautomator2.handler.FindElement.safeHandle(FindElement.java:102)
05-18 09:57:32.682 E/appium  (19919): 	at io.appium.uiautomator2.handler.request.SafeRequestHandler.handle(SafeRequestHandler.java:56)
05-18 09:57:32.682 E/appium  (19919): 	at io.appium.uiautomator2.server.AppiumServlet.handleRequest(AppiumServlet.java:202)
05-18 09:57:32.682 E/appium  (19919): 	at io.appium.uiautomator2.server.AppiumServlet.handleHttpRequest(AppiumServlet.java:193)
05-18 09:57:32.682 E/appium  (19919): 	at io.appium.uiautomator2.http.ServerHandler.channelRead(ServerHandler.java:44)
05-18 09:57:32.682 E/appium  (19919): 	at io.netty.channel.AbstractChannelHandlerContext.invokeChannelRead(AbstractChannelHandlerContext.java:366)
05-18 09:57:32.682 E/appium  (19919): 	at io.netty.channel.AbstractChannelHandlerContext.invokeChannelRead(AbstractChannelHandlerContext.java:352)
05-18 09:57:32.682 E/appium  (19919): 	at io.netty.channel.AbstractChannelHandlerContext.fireChannelRead(AbstractChannelHandlerContext.java:345)
05-18 09:57:32.682 E/appium  (19919): 	at io.netty.handler.codec.MessageToMessageDecoder.channelRead(MessageToMessageDecoder.java:102)
05-18 09:57:32.682 E/appium  (19919): 	at io.netty.channel.AbstractChannelHandlerContext.invokeChannelRead(AbstractChannelHandlerContext.java:366)
05-18 09:57:32.682 E/appium  (19919): 	at io.netty.channel.AbstractChannelHandlerContext.invokeChannelRead(AbstractChannelHandlerContext.java:352)
05-18 09:57:32.682 E/appium  (19919): 	at io.netty.channel.AbstractChannelHandlerContext.fireChannelRead(AbstractChannelHandlerContext.java:345)
05-18 09:57:32.682 E/appium  (19919): 	at io.netty.channel.CombinedChannelDuplexHandler$DelegatingChannelHandlerContext.fireChannelRead(CombinedChannelDuplexHandler.java:435)
05-18 09:57:32.682 E/appium  (19919): 	at io.netty.handler.codec.ByteToMessageDecoder.fireChannelRead(ByteToMessageDecoder.java:293)
05-18 09:57:32.682 E/appium  (19919): 	at io.netty.handler.codec.ByteToMessageDecoder.channelRead(ByteToMessageDecoder.java:267)
05-18 09:57:32.682 E/appium  (19919): 	at io.netty.channel.CombinedChannelDuplexHandler.channelRead(CombinedChannelDuplexHandler.java:250)
05-18 09:57:32.682 E/appium  (19919): 	at io.netty.channel.AbstractChannelHandlerContext.invokeChannelRead(AbstractChannelHandlerContext.java:366)
05-18 09:57:32.682 E/appium  (19919): 	at io.netty.channel.AbstractChannelHandlerContext.invokeChannelRead(AbstractChannelHandlerContext.java:352)
05-18 09:57:32.682 E/appium  (19919): 	at io.netty.channel.AbstractChannelHandlerContext.fireChannelRead(AbstractChannelHandlerContext.java:345)
05-18 09:57:32.682 E/appium  (19919): 	at io.netty.channel.DefaultChannelPipeline$HeadContext.channelRead(DefaultChannelPipeline.java:1294)
05-18 09:57:32.682 E/appium  (19919): 	at io.netty.channel.AbstractChannelHandlerContext.invokeChannelRead(AbstractChannelHandlerContext.java:366)
05-18 09:57:32.682 E/appium  (19919): 	at io.netty.channel.AbstractChannelHandlerContext.invokeChannelRead(AbstractChannelHandlerContext.java:352)
05-18 09:57:32.682 E/appium  (19919): 	at io.netty.channel.DefaultChannelPipeline.fireChannelRead(DefaultChannelPipeline.java:911)
05-18 09:57:32.682 E/appium  (19919): 	at io.netty.channel.nio.AbstractNioByteChannel$NioByteUnsafe.read(AbstractNioByteChannel.java:131)
05-18 09:57:32.682 E/appium  (19919): 	at io.netty.channel.nio.NioEventLoop.processSelectedKey(NioEventLoop.java:611)
05-18 09:57:32.682 E/appium  (19919): 	at io.netty.channel.nio.NioEventLoop.processSelectedKeysPlain(NioEventLoop.java:514)
05-18 09:57:32.682 E/appium  (19919): 	at io.netty.channel.nio.NioEventLoop.processSelectedKeys(NioEventLoop.java:468)
05-18 09:57:32.682 E/appium  (19919): 	at io.netty.channel.nio.NioEventLoop.run(NioEventLoop.java:438)
05-18 09:57:32.682 E/appium  (19919): 	at io.netty.util.concurrent.SingleThreadEventExecutor$2.run(SingleThreadEventExecutor.java:140)
05-18 09:57:32.682 E/appium  (19919): 	at io.netty.util.concurrent.DefaultThreadFactory$DefaultRunnableDecorator.run(DefaultThreadFactory.java:144)
05-18 09:57:32.682 E/appium  (19919): 	at java.lang.Thread.run(Thread.java:818)
05-18 09:57:33.233 E/appium  (19919): Element not found: 
05-18 09:57:33.233 E/appium  (19919): io.appium.uiautomator2.common.exceptions.ElementNotFoundException: Could not find an element using supplied strategy. 
05-18 09:57:33.233 E/appium  (19919): 	at io.appium.uiautomator2.handler.FindElement.getXPathUiObject(FindElement.java:80)
05-18 09:57:33.233 E/appium  (19919): 	at io.appium.uiautomator2.handler.FindElement.findElement(FindElement.java:153)
05-18 09:57:33.233 E/appium  (19919): 	at io.appium.uiautomator2.handler.FindElement.safeHandle(FindElement.java:102)
05-18 09:57:33.233 E/appium  (19919): 	at io.appium.uiautomator2.handler.request.SafeRequestHandler.handle(SafeRequestHandler.java:56)
05-18 09:57:33.233 E/appium  (19919): 	at io.appium.uiautomator2.server.AppiumServlet.handleRequest(AppiumServlet.java:202)
05-18 09:57:33.233 E/appium  (19919): 	at io.appium.uiautomator2.server.AppiumServlet.handleHttpRequest(AppiumServlet.java:193)
05-18 09:57:33.233 E/appium  (19919): 	at io.appium.uiautomator2.http.ServerHandler.channelRead(ServerHandler.java:44)
05-18 09:57:33.233 E/appium  (19919): 	at io.netty.channel.AbstractChannelHandlerContext.invokeChannelRead(AbstractChannelHandlerContext.java:366)
05-18 09:57:33.233 E/appium  (19919): 	at io.netty.channel.AbstractChannelHandlerContext.invokeChannelRead(AbstractChannelHandlerContext.java:352)
05-18 09:57:33.233 E/appium  (19919): 	at io.netty.channel.AbstractChannelHandlerContext.fireChannelRead(AbstractChannelHandlerContext.java:345)
05-18 09:57:33.233 E/appium  (19919): 	at io.netty.handler.codec.MessageToMessageDecoder.channelRead(MessageToMessageDecoder.java:102)
05-18 09:57:33.233 E/appium  (19919): 	at io.netty.channel.AbstractChannelHandlerContext.invokeChannelRead(AbstractChannelHandlerContext.java:366)
05-18 09:57:33.233 E/appium  (19919): 	at io.netty.channel.AbstractChannelHandlerContext.invokeChannelRead(AbstractChannelHandlerContext.java:352)
05-18 09:57:33.233 E/appium  (19919): 	at io.netty.channel.AbstractChannelHandlerContext.fireChannelRead(AbstractChannelHandlerContext.java:345)
05-18 09:57:33.233 E/appium  (19919): 	at io.netty.channel.CombinedChannelDuplexHandler$DelegatingChannelHandlerContext.fireChannelRead(CombinedChannelDuplexHandler.java:435)
05-18 09:57:33.233 E/appium  (19919): 	at io.netty.handler.codec.ByteToMessageDecoder.fireChannelRead(ByteToMessageDecoder.java:293)
05-18 09:57:33.233 E/appium  (19919): 	at io.netty.handler.codec.ByteToMessageDecoder.channelRead(ByteToMessageDecoder.java:267)
05-18 09:57:33.233 E/appium  (19919): 	at io.netty.channel.CombinedChannelDuplexHandler.channelRead(CombinedChannelDuplexHandler.java:250)
05-18 09:57:33.233 E/appium  (19919): 	at io.netty.channel.AbstractChannelHandlerContext.invokeChannelRead(AbstractChannelHandlerContext.java:366)
05-18 09:57:33.233 E/appium  (19919): 	at io.netty.channel.AbstractChannelHandlerContext.invokeChannelRead(AbstractChannelHandlerContext.java:352)
05-18 09:57:33.233 E/appium  (19919): 	at io.netty.channel.AbstractChannelHandlerContext.fireChannelRead(AbstractChannelHandlerContext.java:345)
05-18 09:57:33.233 E/appium  (19919): 	at io.netty.channel.DefaultChannelPipeline$HeadContext.channelRead(DefaultChannelPipeline.java:1294)
05-18 09:57:33.233 E/appium  (19919): 	at io.netty.channel.AbstractChannelHandlerContext.invokeChannelRead(AbstractChannelHandlerContext.java:366)
05-18 09:57:33.233 E/appium  (19919): 	at io.netty.channel.AbstractChannelHandlerContext.invokeChannelRead(AbstractChannelHandlerContext.java:352)
05-18 09:57:33.233 E/appium  (19919): 	at io.netty.channel.DefaultChannelPipeline.fireChannelRead(DefaultChannelPipeline.java:911)
05-18 09:57:33.233 E/appium  (19919): 	at io.netty.channel.nio.AbstractNioByteChannel$NioByteUnsafe.read(AbstractNioByteChannel.java:131)
05-18 09:57:33.233 E/appium  (19919): 	at io.netty.channel.nio.NioEventLoop.processSelectedKey(NioEventLoop.java:611)
05-18 09:57:33.233 E/appium  (19919): 	at io.netty.channel.nio.NioEventLoop.processSelectedKeysPlain(NioEventLoop.java:514)
05-18 09:57:33.233 E/appium  (19919): 	at io.netty.channel.nio.NioEventLoop.processSelectedKeys(NioEventLoop.java:468)
05-18 09:57:33.233 E/appium  (19919): 	at io.netty.channel.nio.NioEventLoop.run(NioEventLoop.java:438)
05-18 09:57:33.233 E/appium  (19919): 	at io.netty.util.concurrent.SingleThreadEventExecutor$2.run(SingleThreadEventExecutor.java:140)
05-18 09:57:33.233 E/appium  (19919): 	at io.netty.util.concurrent.DefaultThreadFactory$DefaultRunnableDecorator.run(DefaultThreadFactory.java:144)
05-18 09:57:33.233 E/appium  (19919): 	at java.lang.Thread.run(Thread.java:818)
05-18 09:57:33.617 E/WifiTrafficPoller(  851): TRAFFIC_STATS_POLL true Token 2644 num clients 19
05-18 09:57:33.618 E/WifiTrafficPoller(  851):  packet count Tx=1753524 Rx=5781372
05-18 09:57:33.618 E/WifiTrafficPoller(  851): notifying of data activity 1
05-18 09:57:33.819 E/appium  (19919): Element not found: 
05-18 09:57:33.819 E/appium  (19919): io.appium.uiautomator2.common.exceptions.ElementNotFoundException: Could not find an element using supplied strategy. 
05-18 09:57:33.819 E/appium  (19919): 	at io.appium.uiautomator2.handler.FindElement.getXPathUiObject(FindElement.java:80)
05-18 09:57:33.819 E/appium  (19919): 	at io.appium.uiautomator2.handler.FindElement.findElement(FindElement.java:153)
05-18 09:57:33.819 E/appium  (19919): 	at io.appium.uiautomator2.handler.FindElement.safeHandle(FindElement.java:102)
05-18 09:57:33.819 E/appium  (19919): 	at io.appium.uiautomator2.handler.request.SafeRequestHandler.handle(SafeRequestHandler.java:56)
05-18 09:57:33.819 E/appium  (19919): 	at io.appium.uiautomator2.server.AppiumServlet.handleRequest(AppiumServlet.java:202)
05-18 09:57:33.819 E/appium  (19919): 	at io.appium.uiautomator2.server.AppiumServlet.handleHttpRequest(AppiumServlet.java:193)
05-18 09:57:33.819 E/appium  (19919): 	at io.appium.uiautomator2.http.ServerHandler.channelRead(ServerHandler.java:44)
05-18 09:57:33.819 E/appium  (19919): 	at io.netty.channel.AbstractChannelHandlerContext.invokeChannelRead(AbstractChannelHandlerContext.java:366)
05-18 09:57:33.819 E/appium  (19919): 	at io.netty.channel.AbstractChannelHandlerContext.invokeChannelRead(AbstractChannelHandlerContext.java:352)
05-18 09:57:33.819 E/appium  (19919): 	at io.netty.channel.AbstractChannelHandlerContext.fireChannelRead(AbstractChannelHandlerContext.java:345)
05-18 09:57:33.819 E/appium  (19919): 	at io.netty.handler.codec.MessageToMessageDecoder.channelRead(MessageToMessageDecoder.java:102)
05-18 09:57:33.819 E/appium  (19919): 	at io.netty.channel.AbstractChannelHandlerContext.invokeChannelRead(AbstractChannelHandlerContext.java:366)
05-18 09:57:33.819 E/appium  (19919): 	at io.netty.channel.AbstractChannelHandlerContext.invokeChannelRead(AbstractChannelHandlerContext.java:352)
05-18 09:57:33.819 E/appium  (19919): 	at io.netty.channel.AbstractChannelHandlerContext.fireChannelRead(AbstractChannelHandlerContext.java:345)
05-18 09:57:33.819 E/appium  (19919): 	at io.netty.channel.CombinedChannelDuplexHandler$DelegatingChannelHandlerContext.fireChannelRead(CombinedChannelDuplexHandler.java:435)
05-18 09:57:33.819 E/appium  (19919): 	at io.netty.handler.codec.ByteToMessageDecoder.fireChannelRead(ByteToMessageDecoder.java:293)
05-18 09:57:33.819 E/appium  (19919): 	at io.netty.handler.codec.ByteToMessageDecoder.channelRead(ByteToMessageDecoder.java:267)
05-18 09:57:33.819 E/appium  (19919): 	at io.netty.channel.CombinedChannelDuplexHandler.channelRead(CombinedChannelDuplexHandler.java:250)
05-18 09:57:33.819 E/appium  (19919): 	at io.netty.channel.AbstractChannelHandlerContext.invokeChannelRead(AbstractChannelHandlerContext.java:366)
05-18 09:57:33.819 E/appium  (19919): 	at io.netty.channel.AbstractChannelHandlerContext.invokeChannelRead(AbstractChannelHandlerContext.java:352)
05-18 09:57:33.819 E/appium  (19919): 	at io.netty.channel.AbstractChannelHandlerContext.fireChannelRead(AbstractChannelHandlerContext.java:345)
05-18 09:57:33.819 E/appium  (19919): 	at io.netty.channel.DefaultChannelPipeline$HeadContext.channelRead(DefaultChannelPipeline.java:1294)
05-18 09:57:33.819 E/appium  (19919): 	at io.netty.channel.AbstractChannelHandlerContext.invokeChannelRead(AbstractChannelHandlerContext.java:366)
05-18 09:57:33.819 E/appium  (19919): 	at io.netty.channel.AbstractChannelHandlerContext.invokeChannelRead(AbstractChannelHandlerContext.java:352)
05-18 09:57:33.819 E/appium  (19919): 	at io.netty.channel.DefaultChannelPipeline.fireChannelRead(DefaultChannelPipeline.java:911)
05-18 09:57:33.819 E/appium  (19919): 	at io.netty.channel.nio.AbstractNioByteChannel$NioByteUnsafe.read(AbstractNioByteChannel.java:131)
05-18 09:57:33.819 E/appium  (19919): 	at io.netty.channel.nio.NioEventLoop.processSelectedKey(NioEventLoop.java:611)
05-18 09:57:33.819 E/appium  (19919): 	at io.netty.channel.nio.NioEventLoop.processSelectedKeysPlain(NioEventLoop.java:514)
05-18 09:57:33.819 E/appium  (19919): 	at io.netty.channel.nio.NioEventLoop.processSelectedKeys(NioEventLoop.java:468)
05-18 09:57:33.819 E/appium  (19919): 	at io.netty.channel.nio.NioEventLoop.run(NioEventLoop.java:438)
05-18 09:57:33.819 E/appium  (19919): 	at io.netty.util.concurrent.SingleThreadEventExecutor$2.run(SingleThreadEventExecutor.java:140)
05-18 09:57:33.819 E/appium  (19919): 	at io.netty.util.concurrent.DefaultThreadFactory$DefaultRunnableDecorator.run(DefaultThreadFactory.java:144)
05-18 09:57:33.819 E/appium  (19919): 	at java.lang.Thread.run(Thread.java:818)
05-18 09:57:34.401 E/appium  (19919): Element not found: 
05-18 09:57:34.401 E/appium  (19919): io.appium.uiautomator2.common.exceptions.ElementNotFoundException: Could not find an element using supplied strategy. 
05-18 09:57:34.401 E/appium  (19919): 	at io.appium.uiautomator2.handler.FindElement.getXPathUiObject(FindElement.java:80)
05-18 09:57:34.401 E/appium  (19919): 	at io.appium.uiautomator2.handler.FindElement.findElement(FindElement.java:153)
05-18 09:57:34.401 E/appium  (19919): 	at io.appium.uiautomator2.handler.FindElement.safeHandle(FindElement.java:102)
05-18 09:57:34.401 E/appium  (19919): 	at io.appium.uiautomator2.handler.request.SafeRequestHandler.handle(SafeRequestHandler.java:56)
05-18 09:57:34.401 E/appium  (19919): 	at io.appium.uiautomator2.server.AppiumServlet.handleRequest(AppiumServlet.java:202)
05-18 09:57:34.401 E/appium  (19919): 	at io.appium.uiautomator2.server.AppiumServlet.handleHttpRequest(AppiumServlet.java:193)
05-18 09:57:34.401 E/appium  (19919): 	at io.appium.uiautomator2.http.ServerHandler.channelRead(ServerHandler.java:44)
05-18 09:57:34.401 E/appium  (19919): 	at io.netty.channel.AbstractChannelHandlerContext.invokeChannelRead(AbstractChannelHandlerContext.java:366)
05-18 09:57:34.401 E/appium  (19919): 	at io.netty.channel.AbstractChannelHandlerContext.invokeChannelRead(AbstractChannelHandlerContext.java:352)
05-18 09:57:34.401 E/appium  (19919): 	at io.netty.channel.AbstractChannelHandlerContext.fireChannelRead(AbstractChannelHandlerContext.java:345)
05-18 09:57:34.401 E/appium  (19919): 	at io.netty.handler.codec.MessageToMessageDecoder.channelRead(MessageToMessageDecoder.java:102)
05-18 09:57:34.401 E/appium  (19919): 	at io.netty.channel.AbstractChannelHandlerContext.invokeChannelRead(AbstractChannelHandlerContext.java:366)
05-18 09:57:34.401 E/appium  (19919): 	at io.netty.channel.AbstractChannelHandlerContext.invokeChannelRead(AbstractChannelHandlerContext.java:352)
05-18 09:57:34.401 E/appium  (19919): 	at io.netty.channel.AbstractChannelHandlerContext.fireChannelRead(AbstractChannelHandlerContext.java:345)
05-18 09:57:34.401 E/appium  (19919): 	at io.netty.channel.CombinedChannelDuplexHandler$DelegatingChannelHandlerContext.fireChannelRead(CombinedChannelDuplexHandler.java:435)
05-18 09:57:34.401 E/appium  (19919): 	at io.netty.handler.codec.ByteToMessageDecoder.fireChannelRead(ByteToMessageDecoder.java:293)
05-18 09:57:34.401 E/appium  (19919): 	at io.netty.handler.codec.ByteToMessageDecoder.channelRead(ByteToMessageDecoder.java:267)
05-18 09:57:34.401 E/appium  (19919): 	at io.netty.channel.CombinedChannelDuplexHandler.channelRead(CombinedChannelDuplexHandler.java:250)
05-18 09:57:34.401 E/appium  (19919): 	at io.netty.channel.AbstractChannelHandlerContext.invokeChannelRead(AbstractChannelHandlerContext.java:366)
05-18 09:57:34.401 E/appium  (19919): 	at io.netty.channel.AbstractChannelHandlerContext.invokeChannelRead(AbstractChannelHandlerContext.java:352)
05-18 09:57:34.401 E/appium  (19919): 	at io.netty.channel.AbstractChannelHandlerContext.fireChannelRead(AbstractChannelHandlerContext.java:345)
05-18 09:57:34.401 E/appium  (19919): 	at io.netty.channel.DefaultChannelPipeline$HeadContext.channelRead(DefaultChannelPipeline.java:1294)
05-18 09:57:34.401 E/appium  (19919): 	at io.netty.channel.AbstractChannelHandlerContext.invokeChannelRead(AbstractChannelHandlerContext.java:366)
05-18 09:57:34.401 E/appium  (19919): 	at io.netty.channel.AbstractChannelHandlerContext.invokeChannelRead(AbstractChannelHandlerContext.java:352)
05-18 09:57:34.401 E/appium  (19919): 	at io.netty.channel.DefaultChannelPipeline.fireChannelRead(DefaultChannelPipeline.java:911)
05-18 09:57:34.401 E/appium  (19919): 	at io.netty.channel.nio.AbstractNioByteChannel$NioByteUnsafe.read(AbstractNioByteChannel.java:131)
05-18 09:57:34.401 E/appium  (19919): 	at io.netty.channel.nio.NioEventLoop.processSelectedKey(NioEventLoop.java:611)
05-18 09:57:34.401 E/appium  (19919): 	at io.netty.channel.nio.NioEventLoop.processSelectedKeysPlain(NioEventLoop.java:514)
05-18 09:57:34.401 E/appium  (19919): 	at io.netty.channel.nio.NioEventLoop.processSelectedKeys(NioEventLoop.java:468)
05-18 09:57:34.401 E/appium  (19919): 	at io.netty.channel.nio.NioEventLoop.run(NioEventLoop.java:438)
05-18 09:57:34.401 E/appium  (19919): 	at io.netty.util.concurrent.SingleThreadEventExecutor$2.run(SingleThreadEventExecutor.java:140)
05-18 09:57:34.401 E/appium  (19919): 	at io.netty.util.concurrent.DefaultThreadFactory$DefaultRunnableDecorator.run(DefaultThreadFactory.java:144)
05-18 09:57:34.401 E/appium  (19919): 	at java.lang.Thread.run(Thread.java:818)
05-18 09:57:34.622 E/WifiTrafficPoller(  851): TRAFFIC_STATS_POLL true Token 2644 num clients 19
05-18 09:57:34.623 E/WifiTrafficPoller(  851):  packet count Tx=1753524 Rx=5781383
05-18 09:57:34.981 E/appium  (19919): Element not found: 
05-18 09:57:34.981 E/appium  (19919): io.appium.uiautomator2.common.exceptions.ElementNotFoundException: Could not find an element using supplied strategy. 
05-18 09:57:34.981 E/appium  (19919): 	at io.appium.uiautomator2.handler.FindElement.getXPathUiObject(FindElement.java:80)
05-18 09:57:34.981 E/appium  (19919): 	at io.appium.uiautomator2.handler.FindElement.findElement(FindElement.java:153)
05-18 09:57:34.981 E/appium  (19919): 	at io.appium.uiautomator2.handler.FindElement.safeHandle(FindElement.java:102)
05-18 09:57:34.981 E/appium  (19919): 	at io.appium.uiautomator2.handler.request.SafeRequestHandler.handle(SafeRequestHandler.java:56)
05-18 09:57:34.981 E/appium  (19919): 	at io.appium.uiautomator2.server.AppiumServlet.handleRequest(AppiumServlet.java:202)
05-18 09:57:34.981 E/appium  (19919): 	at io.appium.uiautomator2.server.AppiumServlet.handleHttpRequest(AppiumServlet.java:193)
05-18 09:57:34.981 E/appium  (19919): 	at io.appium.uiautomator2.http.ServerHandler.channelRead(ServerHandler.java:44)
05-18 09:57:34.981 E/appium  (19919): 	at io.netty.channel.AbstractChannelHandlerContext.invokeChannelRead(AbstractChannelHandlerContext.java:366)
05-18 09:57:34.981 E/appium  (19919): 	at io.netty.channel.AbstractChannelHandlerContext.invokeChannelRead(AbstractChannelHandlerContext.java:352)
05-18 09:57:34.981 E/appium  (19919): 	at io.netty.channel.AbstractChannelHandlerContext.fireChannelRead(AbstractChannelHandlerContext.java:345)
05-18 09:57:34.981 E/appium  (19919): 	at io.netty.handler.codec.MessageToMessageDecoder.channelRead(MessageToMessageDecoder.java:102)
05-18 09:57:34.981 E/appium  (19919): 	at io.netty.channel.AbstractChannelHandlerContext.invokeChannelRead(AbstractChannelHandlerContext.java:366)
05-18 09:57:34.981 E/appium  (19919): 	at io.netty.channel.AbstractChannelHandlerContext.invokeChannelRead(AbstractChannelHandlerContext.java:352)
05-18 09:57:34.981 E/appium  (19919): 	at io.netty.channel.AbstractChannelHandlerContext.fireChannelRead(AbstractChannelHandlerContext.java:345)
05-18 09:57:34.981 E/appium  (19919): 	at io.netty.channel.CombinedChannelDuplexHandler$DelegatingChannelHandlerContext.fireChannelRead(CombinedChannelDuplexHandler.java:435)
05-18 09:57:34.981 E/appium  (19919): 	at io.netty.handler.codec.ByteToMessageDecoder.fireChannelRead(ByteToMessageDecoder.java:293)
05-18 09:57:34.981 E/appium  (19919): 	at io.netty.handler.codec.ByteToMessageDecoder.channelRead(ByteToMessageDecoder.java:267)
05-18 09:57:34.981 E/appium  (19919): 	at io.netty.channel.CombinedChannelDuplexHandler.channelRead(CombinedChannelDuplexHandler.java:250)
05-18 09:57:34.981 E/appium  (19919): 	at io.netty.channel.AbstractChannelHandlerContext.invokeChannelRead(AbstractChannelHandlerContext.java:366)
05-18 09:57:34.981 E/appium  (19919): 	at io.netty.channel.AbstractChannelHandlerContext.invokeChannelRead(AbstractChannelHandlerContext.java:352)
05-18 09:57:34.981 E/appium  (19919): 	at io.netty.channel.AbstractChannelHandlerContext.fireChannelRead(AbstractChannelHandlerContext.java:345)
05-18 09:57:34.981 E/appium  (19919): 	at io.netty.channel.DefaultChannelPipeline$HeadContext.channelRead(DefaultChannelPipeline.java:1294)
05-18 09:57:34.981 E/appium  (19919): 	at io.netty.channel.AbstractChannelHandlerContext.invokeChannelRead(AbstractChannelHandlerContext.java:366)
05-18 09:57:34.981 E/appium  (19919): 	at io.netty.channel.AbstractChannelHandlerContext.invokeChannelRead(AbstractChannelHandlerContext.java:352)
05-18 09:57:34.981 E/appium  (19919): 	at io.netty.channel.DefaultChannelPipeline.fireChannelRead(DefaultChannelPipeline.java:911)
05-18 09:57:34.981 E/appium  (19919): 	at io.netty.channel.nio.AbstractNioByteChannel$NioByteUnsafe.read(AbstractNioByteChannel.java:131)
05-18 09:57:34.981 E/appium  (19919): 	at io.netty.channel.nio.NioEventLoop.processSelectedKey(NioEventLoop.java:611)
05-18 09:57:34.981 E/appium  (19919): 	at io.netty.channel.nio.NioEventLoop.processSelectedKeysPlain(NioEventLoop.java:514)
05-18 09:57:34.981 E/appium  (19919): 	at io.netty.channel.nio.NioEventLoop.processSelectedKeys(NioEventLoop.java:468)
05-18 09:57:34.981 E/appium  (19919): 	at io.netty.channel.nio.NioEventLoop.run(NioEventLoop.java:438)
05-18 09:57:34.981 E/appium  (19919): 	at io.netty.util.concurrent.SingleThreadEventExecutor$2.run(SingleThreadEventExecutor.java:140)
05-18 09:57:34.981 E/appium  (19919): 	at io.netty.util.concurrent.DefaultThreadFactory$DefaultRunnableDecorator.run(DefaultThreadFactory.java:144)
05-18 09:57:34.981 E/appium  (19919): 	at java.lang.Thread.run(Thread.java:818)
05-18 09:57:35.583 E/WifiStateMachine(  851):  ConnectedState (when=-2ms what=131155 arg1=591!CMD_RSSI_POLL 591 0 "BOCO-office" 94:b4:0f:68:a4:b1 rssi=-50 f=5785 sc=80 link=135 tx=141.6, 0.0, 0.0  rx=290.2 bcn=0 [on:0 tx:0 rx:0 period:3001] from screen [on:0 period:611214655] gl rssi=-50 ag=0 hr ticks 314,77,49 ls-=0 [56,56,60,60,65] brc=0 lrc=0
05-18 09:57:35.584 E/WifiStateMachine(  851):  L2ConnectedState (when=-3ms what=131155 arg1=591!CMD_RSSI_POLL 591 0 "BOCO-office" 94:b4:0f:68:a4:b1 rssi=-50 f=5785 sc=80 link=135 tx=141.6, 0.0, 0.0  rx=290.2 bcn=0 [on:0 tx:0 rx:0 period:1] from screen [on:0 period:611214656] gl rssi=-50 ag=0 hr ticks 314,77,49 ls-=0 [56,56,60,60,65] brc=0 lrc=0
05-18 09:57:35.584 E/WifiStateMachine(  851):  get link layer stats 0
05-18 09:57:35.588 E/WifiStateMachine(  851): calculateWifiScore() we set wifi's score to 1000, so will always set wifi as a default network.
05-18 09:57:35.623 E/WifiTrafficPoller(  851): TRAFFIC_STATS_POLL true Token 2644 num clients 19
05-18 09:57:35.624 E/WifiTrafficPoller(  851):  packet count Tx=1753524 Rx=5781397
05-18 09:57:35.684 E/appium  (19919): Element not found: 
05-18 09:57:35.684 E/appium  (19919): io.appium.uiautomator2.common.exceptions.ElementNotFoundException: Could not find an element using supplied strategy. 
05-18 09:57:35.684 E/appium  (19919): 	at io.appium.uiautomator2.handler.FindElement.getXPathUiObject(FindElement.java:80)
05-18 09:57:35.684 E/appium  (19919): 	at io.appium.uiautomator2.handler.FindElement.findElement(FindElement.java:153)
05-18 09:57:35.684 E/appium  (19919): 	at io.appium.uiautomator2.handler.FindElement.safeHandle(FindElement.java:102)
05-18 09:57:35.684 E/appium  (19919): 	at io.appium.uiautomator2.handler.request.SafeRequestHandler.handle(SafeRequestHandler.java:56)
05-18 09:57:35.684 E/appium  (19919): 	at io.appium.uiautomator2.server.AppiumServlet.handleRequest(AppiumServlet.java:202)
05-18 09:57:35.684 E/appium  (19919): 	at io.appium.uiautomator2.server.AppiumServlet.handleHttpRequest(AppiumServlet.java:193)
05-18 09:57:35.684 E/appium  (19919): 	at io.appium.uiautomator2.http.ServerHandler.channelRead(ServerHandler.java:44)
05-18 09:57:35.684 E/appium  (19919): 	at io.netty.channel.AbstractChannelHandlerContext.invokeChannelRead(AbstractChannelHandlerContext.java:366)
05-18 09:57:35.684 E/appium  (19919): 	at io.netty.channel.AbstractChannelHandlerContext.invokeChannelRead(AbstractChannelHandlerContext.java:352)
05-18 09:57:35.684 E/appium  (19919): 	at io.netty.channel.AbstractChannelHandlerContext.fireChannelRead(AbstractChannelHandlerContext.java:345)
05-18 09:57:35.684 E/appium  (19919): 	at io.netty.handler.codec.MessageToMessageDecoder.channelRead(MessageToMessageDecoder.java:102)
05-18 09:57:35.684 E/appium  (19919): 	at io.netty.channel.AbstractChannelHandlerContext.invokeChannelRead(AbstractChannelHandlerContext.java:366)
05-18 09:57:35.684 E/appium  (19919): 	at io.netty.channel.AbstractChannelHandlerContext.invokeChannelRead(AbstractChannelHandlerContext.java:352)
05-18 09:57:35.684 E/appium  (19919): 	at io.netty.channel.AbstractChannelHandlerContext.fireChannelRead(AbstractChannelHandlerContext.java:345)
05-18 09:57:35.684 E/appium  (19919): 	at io.netty.channel.CombinedChannelDuplexHandler$DelegatingChannelHandlerContext.fireChannelRead(CombinedChannelDuplexHandler.java:435)
05-18 09:57:35.684 E/appium  (19919): 	at io.netty.handler.codec.ByteToMessageDecoder.fireChannelRead(ByteToMessageDecoder.java:293)
05-18 09:57:35.684 E/appium  (19919): 	at io.netty.handler.codec.ByteToMessageDecoder.channelRead(ByteToMessageDecoder.java:267)
