--------- beginning of system
05-19 15:15:02.251 E/WindowState(  851): getStack: Window{2fa50615 u0 Starting com.boco.sc.mobileom} couldn't find taskId=19066 Callers=com.android.server.wm.WindowState.getDisplayContent:855 com.android.server.wm.WindowState.getWindowList:1480 com.android.server.wm.WindowManagerService.removeWindowInnerLocked:3321 com.android.server.wm.WindowManagerService.removeWindowLocked:3187 
05-19 15:15:02.251 E/WindowState(  851): getStack: Window{2fa50615 u0 Starting com.boco.sc.mobileom} couldn't find taskId=19066 Callers=com.android.server.wm.WindowState.getDisplayContent:855 com.android.server.wm.WindowManagerService.removeWindowInnerLocked:3326 com.android.server.wm.WindowManagerService.removeWindowLocked:3187 com.android.server.wm.WindowManagerService.removeWindow:3109 
--------- beginning of main
05-19 15:15:03.434 E/WifiTrafficPoller(  851): TRAFFIC_STATS_POLL true Token 3077 num clients 17
05-19 15:15:03.435 E/WifiTrafficPoller(  851):  packet count Tx=2029063 Rx=6705614
05-19 15:15:03.943 E/MPlugin (15679): Unsupported class: com.mediatek.common.telephony.IOnlyOwnerSimSupport
05-19 15:15:03.966 E/WifiStateMachine(  851):  ConnectedState (when=0 what=131143 arg1=10066 arg2=4030) !CMD_START_SCAN 10066 4030 ic=0 proc(ms):1 dur:1657 cnt=1698 rssi=-49 f=5785 sc=80 link=135 tx=0.0, 0.0, 0.0  rx=66.7 fiv=20000 [on:0 tx:0 rx:0 period:1960] from screen [on:0 period:716663038]
05-19 15:15:03.967 E/WifiStateMachine(  851):  L2ConnectedState (when=-1ms what=131143 arg1=10066 arg2=4030) !CMD_START_SCAN 10066 4030 ic=0 proc(ms):1 dur:1657 cnt=1698 rssi=-49 f=5785 sc=80 link=135 tx=0.0, 0.0, 0.0  rx=66.7 fiv=20000 [on:0 tx:0 rx:0 period:1] from screen [on:0 period:716663039]
05-19 15:15:03.967 E/WifiStateMachine(  851): WifiStateMachine CMD_START_SCAN source 10066 txSuccessRate=0.04 rxSuccessRate=66.66 targetRoamBSSID=any RSSI=-49
05-19 15:15:03.967 E/WifiStateMachine(  851): stopReconnectWifi Wfd=false StopScan=false mDontReconnectAndScan=false
05-19 15:15:03.968 E/WifiStateMachine(  851): [1,495,178,103,968 ms] noteScanstart no scan source uid 10066
05-19 15:15:03.968 E/CellLocation( 1670): create GsmCellLocation
05-19 15:15:03.968 E/WifiMonitor(  851): handleEvent unknown: 15  CTRL-EVENT-SCAN-STARTED 
05-19 15:15:03.990 E/WifiStateMachine(  851):  ConnectedState (when=0 what=131143 arg1=10066 arg2=4031) !CMD_START_SCAN 10066 4031 ic=0 proc(ms):1 onGoing full started:1495178103968,22 cnt=1698 rssi=-49 f=5785 sc=80 link=135 tx=10.0, 0.0, 0.0  rx=63.8 fiv=20000 [on:0 tx:0 rx:0 period:22] from screen [on:0 period:716663062]
05-19 15:15:03.991 E/WifiStateMachine(  851):  L2ConnectedState (when=0 what=131143 arg1=10066 arg2=4031) !CMD_START_SCAN 10066 4031 ic=0 proc(ms):1 onGoing full started:1495178103968,22 cnt=1698 rssi=-49 f=5785 sc=80 link=135 tx=10.0, 0.0, 0.0  rx=63.8 fiv=20000 [on:0 tx:0 rx:0 period:0] from screen [on:0 period:716663062]
05-19 15:15:03.991 E/WifiStateMachine(  851): WifiStateMachine CMD_START_SCAN source 10066 txSuccessRate=10.02 rxSuccessRate=63.83 targetRoamBSSID=any RSSI=-49
05-19 15:15:04.435 E/WifiTrafficPoller(  851): TRAFFIC_STATS_POLL true Token 3077 num clients 17
05-19 15:15:04.436 E/WifiTrafficPoller(  851):  packet count Tx=2029064 Rx=6705638
05-19 15:15:04.788 E/memtrack(16442): Couldn't load memtrack module (No such file or directory)
05-19 15:15:04.788 E/android.os.Debug(16442): failed to load memtrack module: -2
05-19 15:15:05.007 E/WifiStateMachine(  851):  ConnectedState (when=-1ms what=131155 arg1=671!CMD_RSSI_POLL 671 0 "BOCO-office" 94:b4:0f:68:a4:b1 rssi=-49 f=5785 sc=80 link=135 tx=10.0, 0.0, 0.0  rx=63.8 bcn=0 [on:0 tx:0 rx:0 period:1016] from screen [on:0 period:716664079] gl rssi=-49 ag=0 hr ticks 28,286,43 ls-=0 [56,56,56,56,61] brc=0 lrc=0
05-19 15:15:05.009 E/WifiStateMachine(  851):  L2ConnectedState (when=-3ms what=131155 arg1=671!CMD_RSSI_POLL 671 0 "BOCO-office" 94:b4:0f:68:a4:b1 rssi=-49 f=5785 sc=80 link=135 tx=10.0, 0.0, 0.0  rx=63.8 bcn=0 [on:0 tx:0 rx:0 period:2] from screen [on:0 period:716664081] gl rssi=-49 ag=0 hr ticks 28,286,43 ls-=0 [56,56,56,56,61] brc=0 lrc=0
05-19 15:15:05.009 E/WifiStateMachine(  851):  get link layer stats 0
05-19 15:15:05.015 E/WifiStateMachine(  851): calculateWifiScore() we set wifi's score to 1000, so will always set wifi as a default network.
05-19 15:15:05.436 E/WifiTrafficPoller(  851): TRAFFIC_STATS_POLL true Token 3077 num clients 17
05-19 15:15:05.437 E/WifiTrafficPoller(  851):  packet count Tx=2029064 Rx=6705640
05-19 15:15:05.437 E/WifiTrafficPoller(  851): notifying of data activity 1
05-19 15:15:05.790 E/WifiStateMachine(  851):  ConnectedState (when=0 what=147461!SCAN_RESULTS_EVENT 0 0 found=79 known=0 got=79 bcn=0 con=0
05-19 15:15:05.791 E/WifiStateMachine(  851):  L2ConnectedState (when=-1ms what=147461!SCAN_RESULTS_EVENT 0 0 found=79 known=0 got=79 bcn=0 con=0
05-19 15:15:05.792 E/WifiStateMachine(  851):  ConnectModeState (when=-2ms what=147461!SCAN_RESULTS_EVENT 0 0 found=79 known=0 got=79 bcn=0 con=0
05-19 15:15:05.793 E/WifiStateMachine(  851):  DriverStartedState (when=-3ms what=147461!SCAN_RESULTS_EVENT 0 0 found=79 known=0 got=79 bcn=0 con=0
05-19 15:15:05.793 E/WifiStateMachine(  851):  SupplicantStartedState (when=-3ms what=147461!SCAN_RESULTS_EVENT 0 0 found=79 known=0 got=79 bcn=0 con=0
05-19 15:15:05.794 E/WifiStateMachine(  851): [1,495,178,105,794 ms] noteScanEnd WorkSource{10066} onTime=0
05-19 15:15:05.831 E/WifiStateMachine(  851): wifi setScanResults statecom.android.server.wifi.WifiStateMachine$ConnectedState@a5e02f3 sup_state=COMPLETED debouncing=false mConnectionRequests=0 selection=<none>
05-19 15:15:05.973 E/WifiStateMachine(  851):  ConnectedState (when=0 what=131143 arg1=10066 arg2=4032) !CMD_START_SCAN 10066 4032 ic=0 proc(ms):1 dur:1826 cnt=1698 rssi=-50 f=5785 sc=80 link=135 tx=3.0, 0.0, 0.0  rx=22.0 fiv=20000 [on:0 tx:0 rx:0 period:956] from screen [on:0 period:716665045]
05-19 15:15:05.974 E/WifiStateMachine(  851):  L2ConnectedState (when=-1ms what=131143 arg1=10066 arg2=4032) !CMD_START_SCAN 10066 4032 ic=0 proc(ms):2 dur:1826 cnt=1698 rssi=-50 f=5785 sc=80 link=135 tx=3.0, 0.0, 0.0  rx=22.0 fiv=20000 [on:0 tx:0 rx:0 period:1] from screen [on:0 period:716665046]
05-19 15:15:05.974 E/WifiStateMachine(  851): WifiStateMachine CMD_START_SCAN source 10066 txSuccessRate=3.00 rxSuccessRate=21.96 targetRoamBSSID=any RSSI=-50
05-19 15:15:06.442 E/WifiTrafficPoller(  851): TRAFFIC_STATS_POLL true Token 3077 num clients 17
05-19 15:15:06.442 E/WifiTrafficPoller(  851):  packet count Tx=2029065 Rx=6705671
05-19 15:15:06.442 E/WifiTrafficPoller(  851): notifying of data activity 3
05-19 15:15:07.443 E/WifiTrafficPoller(  851): TRAFFIC_STATS_POLL true Token 3077 num clients 17
05-19 15:15:07.444 E/WifiTrafficPoller(  851):  packet count Tx=2029070 Rx=6705710
05-19 15:15:08.017 E/WifiStateMachine(  851):  ConnectedState (when=-1ms what=131155 arg1=671!CMD_RSSI_POLL 671 0 "BOCO-office" 94:b4:0f:68:a4:b1 rssi=-50 f=5785 sc=80 link=135 tx=3.0, 0.0, 0.0  rx=22.0 bcn=0 [on:0 tx:0 rx:0 period:2043] from screen [on:0 period:716667089] gl rssi=-50 ag=0 hr ticks 28,286,43 ls-=0 [56,56,60,60,65] brc=0 lrc=0
05-19 15:15:08.019 E/WifiStateMachine(  851):  L2ConnectedState (when=-3ms what=131155 arg1=671!CMD_RSSI_POLL 671 0 "BOCO-office" 94:b4:0f:68:a4:b1 rssi=-50 f=5785 sc=80 link=135 tx=3.0, 0.0, 0.0  rx=22.0 bcn=0 [on:0 tx:0 rx:0 period:1] from screen [on:0 period:716667090] gl rssi=-50 ag=0 hr ticks 28,286,43 ls-=0 [56,56,60,60,65] brc=0 lrc=0
05-19 15:15:08.019 E/WifiStateMachine(  851):  get link layer stats 0
05-19 15:15:08.040 E/WifiStateMachine(  851): calculateWifiScore() we set wifi's score to 1000, so will always set wifi as a default network.
05-19 15:15:08.444 E/WifiTrafficPoller(  851): TRAFFIC_STATS_POLL true Token 3077 num clients 17
05-19 15:15:08.446 E/WifiTrafficPoller(  851):  packet count Tx=2029070 Rx=6705758
05-19 15:15:08.446 E/WifiTrafficPoller(  851): notifying of data activity 1
05-19 15:15:09.455 E/WifiTrafficPoller(  851): TRAFFIC_STATS_POLL true Token 3077 num clients 17
05-19 15:15:09.456 E/WifiTrafficPoller(  851):  packet count Tx=2029071 Rx=6705787
05-19 15:15:09.456 E/WifiTrafficPoller(  851): notifying of data activity 3
05-19 15:15:10.460 E/WifiTrafficPoller(  851): TRAFFIC_STATS_POLL true Token 3077 num clients 17
05-19 15:15:10.461 E/WifiTrafficPoller(  851):  packet count Tx=2029071 Rx=6705815
05-19 15:15:10.461 E/WifiTrafficPoller(  851): notifying of data activity 1
05-19 15:15:11.043 E/WifiStateMachine(  851):  ConnectedState (when=-3ms what=131155 arg1=671!CMD_RSSI_POLL 671 0 "BOCO-office" 94:b4:0f:68:a4:b1 rssi=-50 f=5785 sc=80 link=135 tx=4.0, 0.0, 0.0  rx=55.0 bcn=0 [on:0 tx:0 rx:0 period:3001] from screen [on:0 period:716670115] gl rssi=-50 ag=0 hr ticks 28,286,43 ls-=0 [56,56,56,56,61] brc=0 lrc=0
05-19 15:15:11.045 E/WifiStateMachine(  851):  L2ConnectedState (when=-5ms what=131155 arg1=671!CMD_RSSI_POLL 671 0 "BOCO-office" 94:b4:0f:68:a4:b1 rssi=-50 f=5785 sc=80 link=135 tx=4.0, 0.0, 0.0  rx=55.0 bcn=0 [on:0 tx:0 rx:0 period:2] from screen [on:0 period:716670117] gl rssi=-50 ag=0 hr ticks 28,286,43 ls-=0 [56,56,56,56,61] brc=0 lrc=0
05-19 15:15:11.045 E/WifiStateMachine(  851):  get link layer stats 0
05-19 15:15:11.070 E/WifiStateMachine(  851): calculateWifiScore() we set wifi's score to 1000, so will always set wifi as a default network.
05-19 15:15:11.462 E/WifiTrafficPoller(  851): TRAFFIC_STATS_POLL true Token 3077 num clients 17
05-19 15:15:11.463 E/WifiTrafficPoller(  851):  packet count Tx=2029071 Rx=6705862
05-19 15:15:12.463 E/WifiTrafficPoller(  851): TRAFFIC_STATS_POLL true Token 3077 num clients 17
05-19 15:15:12.464 E/WifiTrafficPoller(  851):  packet count Tx=2029071 Rx=6705890
05-19 15:15:13.464 E/WifiTrafficPoller(  851): TRAFFIC_STATS_POLL true Token 3077 num clients 17
05-19 15:15:13.465 E/WifiTrafficPoller(  851):  packet count Tx=2029071 Rx=6705906
05-19 15:15:14.075 E/WifiStateMachine(  851):  ConnectedState (when=-4ms what=131155 arg1=671!CMD_RSSI_POLL 671 0 "BOCO-office" 94:b4:0f:68:a4:b1 rssi=-49 f=5785 sc=80 link=135 tx=2.5, 0.0, 0.0  rx=81.0 bcn=0 [on:0 tx:0 rx:0 period:3003] from screen [on:0 period:716673147] gl rssi=-49 ag=0 hr ticks 28,286,43 ls-=0 [56,56,56,56,61] brc=0 lrc=0
05-19 15:15:14.077 E/WifiStateMachine(  851):  L2ConnectedState (when=-6ms what=131155 arg1=671!CMD_RSSI_POLL 671 0 "BOCO-office" 94:b4:0f:68:a4:b1 rssi=-49 f=5785 sc=80 link=135 tx=2.5, 0.0, 0.0  rx=81.0 bcn=0 [on:0 tx:0 rx:0 period:2] from screen [on:0 period:716673149] gl rssi=-49 ag=0 hr ticks 28,286,43 ls-=0 [56,56,56,56,61] brc=0 lrc=0
05-19 15:15:14.077 E/WifiStateMachine(  851):  get link layer stats 0
05-19 15:15:14.083 E/WifiStateMachine(  851): calculateWifiScore() we set wifi's score to 1000, so will always set wifi as a default network.
05-19 15:15:14.465 E/WifiTrafficPoller(  851): TRAFFIC_STATS_POLL true Token 3077 num clients 17
05-19 15:15:14.466 E/WifiTrafficPoller(  851):  packet count Tx=2029071 Rx=6705925
05-19 15:15:15.467 E/WifiTrafficPoller(  851): TRAFFIC_STATS_POLL true Token 3077 num clients 17
05-19 15:15:15.468 E/WifiTrafficPoller(  851):  packet count Tx=2029071 Rx=6705940
05-19 15:15:16.468 E/WifiTrafficPoller(  851): TRAFFIC_STATS_POLL true Token 3077 num clients 17
05-19 15:15:16.469 E/WifiTrafficPoller(  851):  packet count Tx=2029071 Rx=6705971
05-19 15:15:17.087 E/WifiStateMachine(  851):  ConnectedState (when=-3ms what=131155 arg1=671!CMD_RSSI_POLL 671 0 "BOCO-office" 94:b4:0f:68:a4:b1 rssi=-50 f=5785 sc=80 link=135 tx=1.3, 0.0, 0.0  rx=79.0 bcn=0 [on:0 tx:0 rx:0 period:3001] from screen [on:0 period:716676159] gl rssi=-50 ag=0 hr ticks 28,286,43 ls-=0 [56,56,56,56,61] brc=0 lrc=0
05-19 15:15:17.089 E/WifiStateMachine(  851):  L2ConnectedState (when=-5ms what=131155 arg1=671!CMD_RSSI_POLL 671 0 "BOCO-office" 94:b4:0f:68:a4:b1 rssi=-50 f=5785 sc=80 link=135 tx=1.3, 0.0, 0.0  rx=79.0 bcn=0 [on:0 tx:0 rx:0 period:2] from screen [on:0 period:716676161] gl rssi=-50 ag=0 hr ticks 28,286,43 ls-=0 [56,56,56,56,61] brc=0 lrc=0
05-19 15:15:17.089 E/WifiStateMachine(  851):  get link layer stats 0
05-19 15:15:17.110 E/WifiStateMachine(  851): calculateWifiScore() we set wifi's score to 1000, so will always set wifi as a default network.
05-19 15:15:17.470 E/WifiTrafficPoller(  851): TRAFFIC_STATS_POLL true Token 3077 num clients 17
05-19 15:15:17.471 E/WifiTrafficPoller(  851):  packet count Tx=2029071 Rx=6705986
05-19 15:15:18.471 E/WifiTrafficPoller(  851): TRAFFIC_STATS_POLL true Token 3077 num clients 17
05-19 15:15:18.472 E/WifiTrafficPoller(  851):  packet count Tx=2029073 Rx=6706014
05-19 15:15:18.472 E/WifiTrafficPoller(  851): notifying of data activity 3
05-19 15:15:19.475 E/WifiTrafficPoller(  851): TRAFFIC_STATS_POLL true Token 3077 num clients 17
05-19 15:15:19.477 E/WifiTrafficPoller(  851):  packet count Tx=2029073 Rx=6706052
05-19 15:15:19.477 E/WifiTrafficPoller(  851): notifying of data activity 1
05-19 15:15:20.115 E/WifiStateMachine(  851):  ConnectedState (when=-3ms what=131155 arg1=671!CMD_RSSI_POLL 671 0 "BOCO-office" 94:b4:0f:68:a4:b1 rssi=-50 f=5785 sc=80 link=135 tx=0.6, 0.0, 0.0  rx=67.5 bcn=0 [on:0 tx:0 rx:0 period:3001] from screen [on:0 period:716679186] gl rssi=-50 ag=0 hr ticks 28,286,43 ls-=0 [56,56,56,56,61] brc=0 lrc=0
05-19 15:15:20.118 E/WifiStateMachine(  851):  L2ConnectedState (when=-7ms what=131155 arg1=671!CMD_RSSI_POLL 671 0 "BOCO-office" 94:b4:0f:68:a4:b1 rssi=-50 f=5785 sc=80 link=135 tx=0.6, 0.0, 0.0  rx=67.5 bcn=0 [on:0 tx:0 rx:0 period:3] from screen [on:0 period:716679189] gl rssi=-50 ag=0 hr ticks 28,286,43 ls-=0 [56,56,56,56,61] brc=0 lrc=0
05-19 15:15:20.118 E/WifiStateMachine(  851):  get link layer stats 0
05-19 15:15:20.123 E/WifiStateMachine(  851): calculateWifiScore() we set wifi's score to 1000, so will always set wifi as a default network.
05-19 15:15:20.479 E/WifiTrafficPoller(  851): TRAFFIC_STATS_POLL true Token 3077 num clients 17
05-19 15:15:20.480 E/WifiTrafficPoller(  851):  packet count Tx=2029073 Rx=6706069
05-19 15:15:21.480 E/WifiTrafficPoller(  851): TRAFFIC_STATS_POLL true Token 3077 num clients 17
05-19 15:15:21.482 E/WifiTrafficPoller(  851):  packet count Tx=2029073 Rx=6706085
05-19 15:15:21.722 E/SurfaceFlinger(  285): onDraw: bindTextureImage test
05-19 15:15:21.723 E/SurfaceFlinger(  285): onDraw: bindTextureImage test
05-19 15:15:21.724 E/SurfaceFlinger(  285): onDraw: bindTextureImage test
05-19 15:15:22.482 E/WifiTrafficPoller(  851): TRAFFIC_STATS_POLL true Token 3077 num clients 17
05-19 15:15:22.483 E/WifiTrafficPoller(  851):  packet count Tx=2029073 Rx=6706110
05-19 15:15:23.127 E/WifiStateMachine(  851):  ConnectedState (when=-2ms what=131155 arg1=671!CMD_RSSI_POLL 671 0 "BOCO-office" 94:b4:0f:68:a4:b1 rssi=-50 f=5785 sc=80 link=135 tx=1.3, 0.0, 0.0  rx=78.2 bcn=0 [on:0 tx:0 rx:0 period:3001] from screen [on:0 period:716682199] gl rssi=-50 ag=0 hr ticks 28,286,43 ls-=0 [56,56,56,56,61] brc=0 lrc=0
05-19 15:15:23.129 E/WifiStateMachine(  851):  L2ConnectedState (when=-4ms what=131155 arg1=671!CMD_RSSI_POLL 671 0 "BOCO-office" 94:b4:0f:68:a4:b1 rssi=-50 f=5785 sc=80 link=135 tx=1.3, 0.0, 0.0  rx=78.2 bcn=0 [on:0 tx:0 rx:0 period:2] from screen [on:0 period:716682201] gl rssi=-50 ag=0 hr ticks 28,286,43 ls-=0 [56,56,56,56,61] brc=0 lrc=0
05-19 15:15:23.129 E/WifiStateMachine(  851):  get link layer stats 0
05-19 15:15:23.150 E/WifiStateMachine(  851): calculateWifiScore() we set wifi's score to 1000, so will always set wifi as a default network.
05-19 15:15:23.483 E/WifiTrafficPoller(  851): TRAFFIC_STATS_POLL true Token 3077 num clients 17
05-19 15:15:23.485 E/WifiTrafficPoller(  851):  packet count Tx=2029073 Rx=6706128
05-19 15:15:24.485 E/WifiTrafficPoller(  851): TRAFFIC_STATS_POLL true Token 3077 num clients 17
05-19 15:15:24.486 E/WifiTrafficPoller(  851):  packet count Tx=2029073 Rx=6706145
05-19 15:15:25.487 E/WifiTrafficPoller(  851): TRAFFIC_STATS_POLL true Token 3077 num clients 17
05-19 15:15:25.488 E/WifiTrafficPoller(  851):  packet count Tx=2029073 Rx=6706158
05-19 15:15:26.154 E/WifiStateMachine(  851):  ConnectedState (when=-3ms what=131155 arg1=671!CMD_RSSI_POLL 671 0 "BOCO-office" 94:b4:0f:68:a4:b1 rssi=-51 f=5785 sc=80 link=135 tx=0.7, 0.0, 0.0  rx=65.1 bcn=0 [on:0 tx:0 rx:0 period:3002] from screen [on:0 period:716685226] gl rssi=-51 ag=0 hr ticks 28,286,43 ls-=0 [56,56,56,56,61] brc=0 lrc=0
05-19 15:15:26.156 E/WifiStateMachine(  851):  L2ConnectedState (when=-5ms what=131155 arg1=671!CMD_RSSI_POLL 671 0 "BOCO-office" 94:b4:0f:68:a4:b1 rssi=-51 f=5785 sc=80 link=135 tx=0.7, 0.0, 0.0  rx=65.1 bcn=0 [on:0 tx:0 rx:0 period:2] from screen [on:0 period:716685228] gl rssi=-51 ag=0 hr ticks 28,286,43 ls-=0 [56,56,56,56,61] brc=0 lrc=0
05-19 15:15:26.156 E/WifiStateMachine(  851):  get link layer stats 0
05-19 15:15:26.163 E/WifiStateMachine(  851): calculateWifiScore() we set wifi's score to 1000, so will always set wifi as a default network.
05-19 15:15:26.488 E/WifiTrafficPoller(  851): TRAFFIC_STATS_POLL true Token 3077 num clients 17
05-19 15:15:26.489 E/WifiTrafficPoller(  851):  packet count Tx=2029073 Rx=6706198
05-19 15:15:27.489 E/WifiTrafficPoller(  851): TRAFFIC_STATS_POLL true Token 3077 num clients 17
05-19 15:15:27.491 E/WifiTrafficPoller(  851):  packet count Tx=2029073 Rx=6706213
05-19 15:15:28.491 E/WifiTrafficPoller(  851): TRAFFIC_STATS_POLL true Token 3077 num clients 17
05-19 15:15:28.492 E/WifiTrafficPoller(  851):  packet count Tx=2029073 Rx=6706225
05-19 15:15:29.167 E/WifiStateMachine(  851):  ConnectedState (when=-3ms what=131155 arg1=671!CMD_RSSI_POLL 671 0 "BOCO-office" 94:b4:0f:68:a4:b1 rssi=-50 f=5785 sc=80 link=135 tx=0.3, 0.0, 0.0  rx=69.1 bcn=0 [on:0 tx:0 rx:0 period:3002] from screen [on:0 period:716688239] gl rssi=-50 ag=0 hr ticks 28,286,43 ls-=0 [56,56,56,56,61] brc=0 lrc=0
05-19 15:15:29.168 E/WifiStateMachine(  851):  L2ConnectedState (when=-5ms what=131155 arg1=671!CMD_RSSI_POLL 671 0 "BOCO-office" 94:b4:0f:68:a4:b1 rssi=-50 f=5785 sc=80 link=135 tx=0.3, 0.0, 0.0  rx=69.1 bcn=0 [on:0 tx:0 rx:0 period:1] from screen [on:0 period:716688240] gl rssi=-50 ag=0 hr ticks 28,286,43 ls-=0 [56,56,56,56,61] brc=0 lrc=0
05-19 15:15:29.169 E/WifiStateMachine(  851):  get link layer stats 0
05-19 15:15:29.190 E/WifiStateMachine(  851): calculateWifiScore() we set wifi's score to 1000, so will always set wifi as a default network.
05-19 15:15:29.492 E/WifiTrafficPoller(  851): TRAFFIC_STATS_POLL true Token 3077 num clients 17
05-19 15:15:29.493 E/WifiTrafficPoller(  851):  packet count Tx=2029073 Rx=6706236
05-19 15:15:30.493 E/WifiTrafficPoller(  851): TRAFFIC_STATS_POLL true Token 3077 num clients 17
05-19 15:15:30.494 E/WifiTrafficPoller(  851):  packet count Tx=2029073 Rx=6706254
05-19 15:15:31.496 E/WifiTrafficPoller(  851): TRAFFIC_STATS_POLL true Token 3077 num clients 17
05-19 15:15:31.496 E/WifiTrafficPoller(  851):  packet count Tx=2029073 Rx=6706281
05-19 15:15:32.195 E/WifiStateMachine(  851):  ConnectedState (when=-4ms what=131155 arg1=671!CMD_RSSI_POLL 671 0 "BOCO-office" 94:b4:0f:68:a4:b1 rssi=-51 f=5785 sc=80 link=135 tx=0.2, 0.0, 0.0  rx=55.0 bcn=0 [on:0 tx:0 rx:0 period:3003] from screen [on:0 period:716691267] gl rssi=-51 ag=0 hr ticks 28,286,43 ls-=0 [56,56,56,56,61] brc=0 lrc=0
05-19 15:15:32.197 E/WifiStateMachine(  851):  L2ConnectedState (when=-6ms what=131155 arg1=671!CMD_RSSI_POLL 671 0 "BOCO-office" 94:b4:0f:68:a4:b1 rssi=-51 f=5785 sc=80 link=135 tx=0.2, 0.0, 0.0  rx=55.0 bcn=0 [on:0 tx:0 rx:0 period:2] from screen [on:0 period:716691269] gl rssi=-51 ag=0 hr ticks 28,286,43 ls-=0 [56,56,56,56,61] brc=0 lrc=0
05-19 15:15:32.198 E/WifiStateMachine(  851):  get link layer stats 0
05-19 15:15:32.210 E/WifiStateMachine(  851): calculateWifiScore() we set wifi's score to 1000, so will always set wifi as a default network.
05-19 15:15:32.497 E/WifiTrafficPoller(  851): TRAFFIC_STATS_POLL true Token 3077 num clients 17
05-19 15:15:32.498 E/WifiTrafficPoller(  851):  packet count Tx=2029073 Rx=6706297
05-19 15:15:33.499 E/WifiTrafficPoller(  851): TRAFFIC_STATS_POLL true Token 3077 num clients 17
05-19 15:15:33.501 E/WifiTrafficPoller(  851):  packet count Tx=2029073 Rx=6706307
05-19 15:15:34.501 E/WifiTrafficPoller(  851): TRAFFIC_STATS_POLL true Token 3077 num clients 17
05-19 15:15:34.502 E/WifiTrafficPoller(  851):  packet count Tx=2029073 Rx=6706322
05-19 15:15:35.215 E/WifiStateMachine(  851):  ConnectedState (when=-3ms what=131155 arg1=671!CMD_RSSI_POLL 671 0 "BOCO-office" 94:b4:0f:68:a4:b1 rssi=-51 f=5785 sc=80 link=135 tx=0.1, 0.0, 0.0  rx=56.5 bcn=0 [on:0 tx:0 rx:0 period:3001] from screen [on:0 period:716694286] gl rssi=-51 ag=0 hr ticks 28,286,43 ls-=0 [56,56,56,56,61] brc=0 lrc=0
05-19 15:15:35.217 E/WifiStateMachine(  851):  L2ConnectedState (when=-6ms what=131155 arg1=671!CMD_RSSI_POLL 671 0 "BOCO-office" 94:b4:0f:68:a4:b1 rssi=-51 f=5785 sc=80 link=135 tx=0.1, 0.0, 0.0  rx=56.5 bcn=0 [on:0 tx:0 rx:0 period:2] from screen [on:0 period:716694288] gl rssi=-51 ag=0 hr ticks 28,286,43 ls-=0 [56,56,56,56,61] brc=0 lrc=0
05-19 15:15:35.217 E/WifiStateMachine(  851):  get link layer stats 0
05-19 15:15:35.240 E/WifiStateMachine(  851): calculateWifiScore() we set wifi's score to 1000, so will always set wifi as a default network.
05-19 15:15:35.502 E/WifiTrafficPoller(  851): TRAFFIC_STATS_POLL true Token 3077 num clients 17
05-19 15:15:35.503 E/WifiTrafficPoller(  851):  packet count Tx=2029073 Rx=6706335
05-19 15:15:36.503 E/WifiTrafficPoller(  851): TRAFFIC_STATS_POLL true Token 3077 num clients 17
05-19 15:15:36.504 E/WifiTrafficPoller(  851):  packet count Tx=2029073 Rx=6706369
05-19 15:15:37.504 E/WifiTrafficPoller(  851): TRAFFIC_STATS_POLL true Token 3077 num clients 17
05-19 15:15:37.506 E/WifiTrafficPoller(  851):  packet count Tx=2029076 Rx=6706407
05-19 15:15:37.506 E/WifiTrafficPoller(  851): notifying of data activity 3
05-19 15:15:38.245 E/WifiStateMachine(  851):  ConnectedState (when=-4ms what=131155 arg1=671!CMD_RSSI_POLL 671 0 "BOCO-office" 94:b4:0f:68:a4:b1 rssi=-50 f=5785 sc=80 link=135 tx=0.0, 0.0, 0.0  rx=48.8 bcn=0 [on:0 tx:0 rx:0 period:3001] from screen [on:0 period:716697316] gl rssi=-50 ag=0 hr ticks 28,286,43 ls-=0 [56,56,56,56,61] brc=0 lrc=0
05-19 15:15:38.246 E/WifiStateMachine(  851):  L2ConnectedState (when=-6ms what=131155 arg1=671!CMD_RSSI_POLL 671 0 "BOCO-office" 94:b4:0f:68:a4:b1 rssi=-50 f=5785 sc=80 link=135 tx=0.0, 0.0, 0.0  rx=48.8 bcn=0 [on:0 tx:0 rx:0 period:2] from screen [on:0 period:716697318] gl rssi=-50 ag=0 hr ticks 28,286,43 ls-=0 [56,56,56,56,61] brc=0 lrc=0
05-19 15:15:38.246 E/WifiStateMachine(  851):  get link layer stats 0
05-19 15:15:38.252 E/WifiStateMachine(  851): calculateWifiScore() we set wifi's score to 1000, so will always set wifi as a default network.
05-19 15:15:38.509 E/WifiTrafficPoller(  851): TRAFFIC_STATS_POLL true Token 3077 num clients 17
05-19 15:15:38.510 E/WifiTrafficPoller(  851):  packet count Tx=2029076 Rx=6706418
05-19 15:15:38.510 E/WifiTrafficPoller(  851): notifying of data activity 1
05-19 15:15:39.514 E/WifiTrafficPoller(  851): TRAFFIC_STATS_POLL true Token 3077 num clients 17
05-19 15:15:39.515 E/WifiTrafficPoller(  851):  packet count Tx=2029076 Rx=6706435
05-19 15:15:40.515 E/WifiTrafficPoller(  851): TRAFFIC_STATS_POLL true Token 3077 num clients 17
05-19 15:15:40.516 E/WifiTrafficPoller(  851):  packet count Tx=2029076 Rx=6706461
05-19 15:15:41.256 E/WifiStateMachine(  851):  ConnectedState (when=-4ms what=131155 arg1=671!CMD_RSSI_POLL 671 0 "BOCO-office" 94:b4:0f:68:a4:b1 rssi=-51 f=5785 sc=80 link=135 tx=1.5, 0.0, 0.0  rx=66.9 bcn=0 [on:0 tx:0 rx:0 period:3001] from screen [on:0 period:716700328] gl rssi=-51 ag=0 hr ticks 28,286,43 ls-=0 [56,56,56,56,61] brc=0 lrc=0
05-19 15:15:41.257 E/WifiStateMachine(  851):  L2ConnectedState (when=-4ms what=131155 arg1=671!CMD_RSSI_POLL 671 0 "BOCO-office" 94:b4:0f:68:a4:b1 rssi=-51 f=5785 sc=80 link=135 tx=1.5, 0.0, 0.0  rx=66.9 bcn=0 [on:0 tx:0 rx:0 period:0] from screen [on:0 period:716700328] gl rssi=-51 ag=0 hr ticks 28,286,43 ls-=0 [56,56,56,56,61] brc=0 lrc=0
05-19 15:15:41.257 E/WifiStateMachine(  851):  get link layer stats 0
05-19 15:15:41.278 E/WifiStateMachine(  851): calculateWifiScore() we set wifi's score to 1000, so will always set wifi as a default network.
05-19 15:15:41.516 E/WifiTrafficPoller(  851): TRAFFIC_STATS_POLL true Token 3077 num clients 17
05-19 15:15:41.518 E/WifiTrafficPoller(  851):  packet count Tx=2029076 Rx=6706496
05-19 15:15:42.518 E/WifiTrafficPoller(  851): TRAFFIC_STATS_POLL true Token 3077 num clients 17
05-19 15:15:42.519 E/WifiTrafficPoller(  851):  packet count Tx=2029076 Rx=6706547
05-19 15:15:43.519 E/WifiTrafficPoller(  851): TRAFFIC_STATS_POLL true Token 3077 num clients 17
05-19 15:15:43.520 E/WifiTrafficPoller(  851):  packet count Tx=2029076 Rx=6706562
05-19 15:15:44.283 E/WifiStateMachine(  851):  ConnectedState (when=-4ms what=131155 arg1=671!CMD_RSSI_POLL 671 0 "BOCO-office" 94:b4:0f:68:a4:b1 rssi=-50 f=5785 sc=80 link=135 tx=0.8, 0.0, 0.0  rx=70.4 bcn=0 [on:0 tx:0 rx:0 period:3004] from screen [on:0 period:716703355] gl rssi=-50 ag=0 hr ticks 28,286,43 ls-=0 [56,56,56,56,61] brc=0 lrc=0
05-19 15:15:44.285 E/WifiStateMachine(  851):  L2ConnectedState (when=-6ms what=131155 arg1=671!CMD_RSSI_POLL 671 0 "BOCO-office" 94:b4:0f:68:a4:b1 rssi=-50 f=5785 sc=80 link=135 tx=0.8, 0.0, 0.0  rx=70.4 bcn=0 [on:0 tx:0 rx:0 period:2] from screen [on:0 period:716703357] gl rssi=-50 ag=0 hr ticks 28,286,43 ls-=0 [56,56,56,56,61] brc=0 lrc=0
05-19 15:15:44.285 E/WifiStateMachine(  851):  get link layer stats 0
05-19 15:15:44.290 E/WifiStateMachine(  851): calculateWifiScore() we set wifi's score to 1000, so will always set wifi as a default network.
05-19 15:15:44.520 E/WifiTrafficPoller(  851): TRAFFIC_STATS_POLL true Token 3077 num clients 17
05-19 15:15:44.521 E/WifiTrafficPoller(  851):  packet count Tx=2029076 Rx=6706578
05-19 15:15:45.521 E/WifiTrafficPoller(  851): TRAFFIC_STATS_POLL true Token 3077 num clients 17
05-19 15:15:45.523 E/WifiTrafficPoller(  851):  packet count Tx=2029076 Rx=6706596
05-19 15:15:46.523 E/WifiTrafficPoller(  851): TRAFFIC_STATS_POLL true Token 3077 num clients 17
05-19 15:15:46.524 E/WifiTrafficPoller(  851):  packet count Tx=2029076 Rx=6706632
05-19 15:15:47.294 E/WifiStateMachine(  851):  ConnectedState (when=-4ms what=131155 arg1=671!CMD_RSSI_POLL 671 0 "BOCO-office" 94:b4:0f:68:a4:b1 rssi=-51 f=5785 sc=80 link=135 tx=0.4, 0.0, 0.0  rx=77.7 bcn=0 [on:0 tx:0 rx:0 period:3002] from screen [on:0 period:716706366] gl rssi=-51 ag=0 hr ticks 28,286,43 ls-=0 [56,56,56,56,61] brc=0 lrc=0
05-19 15:15:47.296 E/WifiStateMachine(  851):  L2ConnectedState (when=-5ms what=131155 arg1=671!CMD_RSSI_POLL 671 0 "BOCO-office" 94:b4:0f:68:a4:b1 rssi=-51 f=5785 sc=80 link=135 tx=0.4, 0.0, 0.0  rx=77.7 bcn=0 [on:0 tx:0 rx:0 period:2] from screen [on:0 period:716706368] gl rssi=-51 ag=0 hr ticks 28,286,43 ls-=0 [56,56,56,56,61] brc=0 lrc=0
05-19 15:15:47.296 E/WifiStateMachine(  851):  get link layer stats 0
05-19 15:15:47.320 E/WifiStateMachine(  851): calculateWifiScore() we set wifi's score to 1000, so will always set wifi as a default network.
05-19 15:15:47.524 E/WifiTrafficPoller(  851): TRAFFIC_STATS_POLL true Token 3077 num clients 17
05-19 15:15:47.525 E/WifiTrafficPoller(  851):  packet count Tx=2029076 Rx=6706654
05-19 15:15:48.525 E/WifiTrafficPoller(  851): TRAFFIC_STATS_POLL true Token 3077 num clients 17
05-19 15:15:48.526 E/WifiTrafficPoller(  851):  packet count Tx=2029076 Rx=6706684
05-19 15:15:49.526 E/WifiTrafficPoller(  851): TRAFFIC_STATS_POLL true Token 3077 num clients 17
05-19 15:15:49.527 E/WifiTrafficPoller(  851):  packet count Tx=2029076 Rx=6706734
05-19 15:15:50.325 E/WifiStateMachine(  851):  ConnectedState (when=-4ms what=131155 arg1=671!CMD_RSSI_POLL 671 0 "BOCO-office" 94:b4:0f:68:a4:b1 rssi=-51 f=5785 sc=80 link=135 tx=0.2, 0.0, 0.0  rx=75.9 bcn=0 [on:0 tx:0 rx:0 period:3003] from screen [on:0 period:716709397] gl rssi=-51 ag=0 hr ticks 28,286,43 ls-=0 [56,56,56,56,61] brc=0 lrc=0
05-19 15:15:50.327 E/WifiStateMachine(  851):  L2ConnectedState (when=-6ms what=131155 arg1=671!CMD_RSSI_POLL 671 0 "BOCO-office" 94:b4:0f:68:a4:b1 rssi=-51 f=5785 sc=80 link=135 tx=0.2, 0.0, 0.0  rx=75.9 bcn=0 [on:0 tx:0 rx:0 period:1] from screen [on:0 period:716709398] gl rssi=-51 ag=0 hr ticks 28,286,43 ls-=0 [56,56,56,56,61] brc=0 lrc=0
05-19 15:15:50.327 E/WifiStateMachine(  851):  get link layer stats 0
05-19 15:15:50.332 E/WifiStateMachine(  851): calculateWifiScore() we set wifi's score to 1000, so will always set wifi as a default network.
05-19 15:15:50.527 E/WifiTrafficPoller(  851): TRAFFIC_STATS_POLL true Token 3077 num clients 17
05-19 15:15:50.528 E/WifiTrafficPoller(  851):  packet count Tx=2029076 Rx=6706749
05-19 15:15:51.528 E/WifiTrafficPoller(  851): TRAFFIC_STATS_POLL true Token 3077 num clients 17
05-19 15:15:51.529 E/WifiTrafficPoller(  851):  packet count Tx=2029076 Rx=6706771
05-19 15:15:52.529 E/WifiTrafficPoller(  851): TRAFFIC_STATS_POLL true Token 3077 num clients 17
05-19 15:15:52.529 E/WifiTrafficPoller(  851):  packet count Tx=2029076 Rx=6706808
05-19 15:15:53.338 E/WifiStateMachine(  851):  ConnectedState (when=-3ms what=131155 arg1=671!CMD_RSSI_POLL 671 0 "BOCO-office" 94:b4:0f:68:a4:b1 rssi=-50 f=5785 sc=80 link=135 tx=0.1, 0.0, 0.0  rx=87.4 bcn=0 [on:0 tx:0 rx:0 period:3000] from screen [on:0 period:716712409] gl rssi=-50 ag=0 hr ticks 28,286,43 ls-=0 [56,56,56,56,61] brc=0 lrc=0
05-19 15:15:53.344 E/WifiStateMachine(  851):  L2ConnectedState (when=-5ms what=131155 arg1=671!CMD_RSSI_POLL 671 0 "BOCO-office" 94:b4:0f:68:a4:b1 rssi=-50 f=5785 sc=80 link=135 tx=0.1, 0.0, 0.0  rx=87.4 bcn=0 [on:0 tx:0 rx:0 period:7] from screen [on:0 period:716712416] gl rssi=-50 ag=0 hr ticks 28,286,43 ls-=0 [56,56,56,56,61] brc=0 lrc=0
05-19 15:15:53.344 E/WifiStateMachine(  851):  get link layer stats 0
05-19 15:15:53.370 E/WifiStateMachine(  851): calculateWifiScore() we set wifi's score to 1000, so will always set wifi as a default network.
05-19 15:15:53.530 E/WifiTrafficPoller(  851): TRAFFIC_STATS_POLL true Token 3077 num clients 17
05-19 15:15:53.531 E/WifiTrafficPoller(  851):  packet count Tx=2029076 Rx=6706853
05-19 15:15:54.531 E/WifiTrafficPoller(  851): TRAFFIC_STATS_POLL true Token 3077 num clients 17
05-19 15:15:54.532 E/WifiTrafficPoller(  851):  packet count Tx=2029076 Rx=6706878
05-19 15:15:55.533 E/WifiTrafficPoller(  851): TRAFFIC_STATS_POLL true Token 3077 num clients 17
05-19 15:15:55.534 E/WifiTrafficPoller(  851):  packet count Tx=2029076 Rx=6706890
05-19 15:15:56.376 E/WifiStateMachine(  851):  ConnectedState (when=-4ms what=131155 arg1=671!CMD_RSSI_POLL 671 0 "BOCO-office" 94:b4:0f:68:a4:b1 rssi=-51 f=5785 sc=80 link=135 tx=0.0, 0.0, 0.0  rx=90.7 bcn=0 [on:0 tx:0 rx:0 period:2996] from screen [on:0 period:716715448] gl rssi=-51 ag=0 hr ticks 28,286,43 ls-=0 [56,56,56,56,61] brc=0 lrc=0
05-19 15:15:56.378 E/WifiStateMachine(  851):  L2ConnectedState (when=-6ms what=131155 arg1=671!CMD_RSSI_POLL 671 0 "BOCO-office" 94:b4:0f:68:a4:b1 rssi=-51 f=5785 sc=80 link=135 tx=0.0, 0.0, 0.0  rx=90.7 bcn=0 [on:0 tx:0 rx:0 period:2] from screen [on:0 period:716715450] gl rssi=-51 ag=0 hr ticks 28,286,43 ls-=0 [56,56,56,56,61] brc=0 lrc=0
05-19 15:15:56.378 E/WifiStateMachine(  851):  get link layer stats 0
05-19 15:15:56.384 E/WifiStateMachine(  851): calculateWifiScore() we set wifi's score to 1000, so will always set wifi as a default network.
05-19 15:15:56.534 E/WifiTrafficPoller(  851): TRAFFIC_STATS_POLL true Token 3077 num clients 17
05-19 15:15:56.535 E/WifiTrafficPoller(  851):  packet count Tx=2029076 Rx=6706932
05-19 15:15:57.535 E/WifiTrafficPoller(  851): TRAFFIC_STATS_POLL true Token 3077 num clients 17
05-19 15:15:57.536 E/WifiTrafficPoller(  851):  packet count Tx=2029076 Rx=6706980
05-19 15:15:58.537 E/WifiTrafficPoller(  851): TRAFFIC_STATS_POLL true Token 3077 num clients 17
05-19 15:15:58.538 E/WifiTrafficPoller(  851):  packet count Tx=2029076 Rx=6706996
05-19 15:15:59.387 E/WifiStateMachine(  851):  ConnectedState (when=-2ms what=131155 arg1=671!CMD_RSSI_POLL 671 0 "BOCO-office" 94:b4:0f:68:a4:b1 rssi=-50 f=5785 sc=80 link=135 tx=0.0, 0.0, 0.0  rx=89.4 bcn=0 [on:0 tx:0 rx:0 period:3000] from screen [on:0 period:716718459] gl rssi=-50 ag=0 hr ticks 28,286,43 ls-=0 [56,56,56,56,61] brc=0 lrc=0
05-19 15:15:59.389 E/WifiStateMachine(  851):  L2ConnectedState (when=-5ms what=131155 arg1=671!CMD_RSSI_POLL 671 0 "BOCO-office" 94:b4:0f:68:a4:b1 rssi=-50 f=5785 sc=80 link=135 tx=0.0, 0.0, 0.0  rx=89.4 bcn=0 [on:0 tx:0 rx:0 period:2] from screen [on:0 period:716718461] gl rssi=-50 ag=0 hr ticks 28,286,43 ls-=0 [56,56,56,56,61] brc=0 lrc=0
05-19 15:15:59.389 E/WifiStateMachine(  851):  get link layer stats 0
05-19 15:15:59.410 E/WifiStateMachine(  851): calculateWifiScore() we set wifi's score to 1000, so will always set wifi as a default network.
05-19 15:15:59.538 E/WifiTrafficPoller(  851): TRAFFIC_STATS_POLL true Token 3077 num clients 17
05-19 15:15:59.539 E/WifiTrafficPoller(  851):  packet count Tx=2029076 Rx=6707016
05-19 15:16:00.539 E/WifiTrafficPoller(  851): TRAFFIC_STATS_POLL true Token 3077 num clients 17
05-19 15:16:00.539 E/WifiTrafficPoller(  851):  packet count Tx=2029076 Rx=6707041
05-19 15:16:01.125 E/memtrack(16492): Couldn't load memtrack module (No such file or directory)
05-19 15:16:01.125 E/android.os.Debug(16492): failed to load memtrack module: -2
05-19 15:16:01.539 E/WifiTrafficPoller(  851): TRAFFIC_STATS_POLL true Token 3077 num clients 17
05-19 15:16:01.540 E/WifiTrafficPoller(  851):  packet count Tx=2029076 Rx=6707064
05-19 15:16:01.775 E/memtrack(16510): Couldn't load memtrack module (No such file or directory)
05-19 15:16:01.775 E/android.os.Debug(16510): failed to load memtrack module: -2
05-19 15:16:02.411 E/WifiStateMachine(  851):  ConnectedState (when=-1ms what=131155 arg1=671!CMD_RSSI_POLL 671 0 "BOCO-office" 94:b4:0f:68:a4:b1 rssi=-51 f=5785 sc=80 link=135 tx=0.0, 0.0, 0.0  rx=85.7 bcn=0 [on:0 tx:0 rx:0 period:2999] from screen [on:0 period:716721483] gl rssi=-51 ag=0 hr ticks 28,286,43 ls-=0 [56,56,56,56,61] brc=0 lrc=0
05-19 15:16:02.412 E/WifiStateMachine(  851):  L2ConnectedState (when=-2ms what=131155 arg1=671!CMD_RSSI_POLL 671 0 "BOCO-office" 94:b4:0f:68:a4:b1 rssi=-51 f=5785 sc=80 link=135 tx=0.0, 0.0, 0.0  rx=85.7 bcn=0 [on:0 tx:0 rx:0 period:1] from screen [on:0 period:716721484] gl rssi=-51 ag=0 hr ticks 28,286,43 ls-=0 [56,56,56,56,61] brc=0 lrc=0
05-19 15:16:02.412 E/WifiStateMachine(  851):  get link layer stats 0
05-19 15:16:02.418 E/WifiStateMachine(  851): calculateWifiScore() we set wifi's score to 1000, so will always set wifi as a default network.
05-19 15:16:02.541 E/WifiTrafficPoller(  851): TRAFFIC_STATS_POLL true Token 3077 num clients 17
05-19 15:16:02.541 E/WifiTrafficPoller(  851):  packet count Tx=2029076 Rx=6707079
05-19 15:16:02.740 E/memtrack(16526): Couldn't load memtrack module (No such file or directory)
05-19 15:16:02.740 E/android.os.Debug(16526): failed to load memtrack module: -2
05-19 15:16:03.541 E/WifiTrafficPoller(  851): TRAFFIC_STATS_POLL true Token 3077 num clients 17
05-19 15:16:03.541 E/WifiTrafficPoller(  851):  packet count Tx=2029076 Rx=6707096
05-19 15:16:03.737 E/memtrack(16543): Couldn't load memtrack module (No such file or directory)
05-19 15:16:03.737 E/android.os.Debug(16543): failed to load memtrack module: -2
05-19 15:16:03.769 E/SQLiteLog(  851): (28) attempt to open "/data/data/com.android.providers.settings/databases/settings.db-journal" as file descriptor 0
05-19 15:16:04.541 E/WifiTrafficPoller(  851): TRAFFIC_STATS_POLL true Token 3077 num clients 17
05-19 15:16:04.542 E/WifiTrafficPoller(  851):  packet count Tx=2029076 Rx=6707112
05-19 15:16:04.652 E/memtrack(16559): Couldn't load memtrack module (No such file or directory)
05-19 15:16:04.652 E/android.os.Debug(16559): failed to load memtrack module: -2
05-19 15:16:05.423 E/WifiStateMachine(  851):  ConnectedState (when=-4ms what=131155 arg1=671!CMD_RSSI_POLL 671 0 "BOCO-office" 94:b4:0f:68:a4:b1 rssi=-51 f=5785 sc=80 link=135 tx=0.0, 0.0, 0.0  rx=75.3 bcn=0 [on:0 tx:0 rx:0 period:3004] from screen [on:0 period:716724495] gl rssi=-51 ag=0 hr ticks 28,286,43 ls-=0 [56,56,56,56,61] brc=0 lrc=0
05-19 15:16:05.425 E/WifiStateMachine(  851):  L2ConnectedState (when=-6ms what=131155 arg1=671!CMD_RSSI_POLL 671 0 "BOCO-office" 94:b4:0f:68:a4:b1 rssi=-51 f=5785 sc=80 link=135 tx=0.0, 0.0, 0.0  rx=75.3 bcn=0 [on:0 tx:0 rx:0 period:2] from screen [on:0 period:716724497] gl rssi=-51 ag=0 hr ticks 28,286,43 ls-=0 [56,56,56,56,61] brc=0 lrc=0
05-19 15:16:05.425 E/WifiStateMachine(  851):  get link layer stats 0
05-19 15:16:05.448 E/WifiStateMachine(  851): calculateWifiScore() we set wifi's score to 1000, so will always set wifi as a default network.
05-19 15:16:05.542 E/WifiTrafficPoller(  851): TRAFFIC_STATS_POLL true Token 3077 num clients 17
05-19 15:16:05.542 E/WifiTrafficPoller(  851):  packet count Tx=2029076 Rx=6707155
05-19 15:16:05.787 E/memtrack(16578): Couldn't load memtrack module (No such file or directory)
05-19 15:16:05.787 E/android.os.Debug(16578): failed to load memtrack module: -2
05-19 15:16:06.439 E/memtrack(16595): Couldn't load memtrack module (No such file or directory)
05-19 15:16:06.439 E/android.os.Debug(16595): failed to load memtrack module: -2
05-19 15:16:06.543 E/WifiTrafficPoller(  851): TRAFFIC_STATS_POLL true Token 3077 num clients 17
05-19 15:16:06.544 E/WifiTrafficPoller(  851):  packet count Tx=2029076 Rx=6707224
05-19 15:16:07.545 E/WifiTrafficPoller(  851): TRAFFIC_STATS_POLL true Token 3077 num clients 17
05-19 15:16:07.548 E/WifiTrafficPoller(  851):  packet count Tx=2029076 Rx=6707243
05-19 15:16:07.926 E/memtrack(16612): Couldn't load memtrack module (No such file or directory)
05-19 15:16:07.926 E/android.os.Debug(16612): failed to load memtrack module: -2
05-19 15:16:08.453 E/WifiStateMachine(  851):  ConnectedState (when=-4ms what=131155 arg1=671!CMD_RSSI_POLL 671 0 "BOCO-office" 94:b4:0f:68:a4:b1 rssi=-50 f=5785 sc=80 link=135 tx=0.0, 0.0, 0.0  rx=72.7 bcn=0 [on:0 tx:0 rx:0 period:3003] from screen [on:0 period:716727525] gl rssi=-50 ag=0 hr ticks 28,286,43 ls-=0 [56,56,56,56,61] brc=0 lrc=0
05-19 15:16:08.455 E/WifiStateMachine(  851):  L2ConnectedState (when=-6ms what=131155 arg1=671!CMD_RSSI_POLL 671 0 "BOCO-office" 94:b4:0f:68:a4:b1 rssi=-50 f=5785 sc=80 link=135 tx=0.0, 0.0, 0.0  rx=72.7 bcn=0 [on:0 tx:0 rx:0 period:2] from screen [on:0 period:716727527] gl rssi=-50 ag=0 hr ticks 28,286,43 ls-=0 [56,56,56,56,61] brc=0 lrc=0
05-19 15:16:08.455 E/WifiStateMachine(  851):  get link layer stats 0
05-19 15:16:08.460 E/WifiStateMachine(  851): calculateWifiScore() we set wifi's score to 1000, so will always set wifi as a default network.
05-19 15:16:08.549 E/WifiTrafficPoller(  851): TRAFFIC_STATS_POLL true Token 3077 num clients 17
05-19 15:16:08.550 E/WifiTrafficPoller(  851):  packet count Tx=2029076 Rx=6707271
05-19 15:16:09.551 E/WifiTrafficPoller(  851): TRAFFIC_STATS_POLL true Token 3077 num clients 17
05-19 15:16:09.551 E/WifiTrafficPoller(  851):  packet count Tx=2029076 Rx=6707316
05-19 15:16:09.721 E/memtrack(16632): Couldn't load memtrack module (No such file or directory)
05-19 15:16:09.721 E/android.os.Debug(16632): failed to load memtrack module: -2
05-19 15:16:10.427 E/memtrack(16649): Couldn't load memtrack module (No such file or directory)
05-19 15:16:10.427 E/android.os.Debug(16649): failed to load memtrack module: -2
05-19 15:16:10.552 E/WifiTrafficPoller(  851): TRAFFIC_STATS_POLL true Token 3077 num clients 17
05-19 15:16:10.553 E/WifiTrafficPoller(  851):  packet count Tx=2029077 Rx=6707338
05-19 15:16:10.553 E/WifiTrafficPoller(  851): notifying of data activity 3
05-19 15:16:11.435 E/memtrack(16666): Couldn't load memtrack module (No such file or directory)
05-19 15:16:11.435 E/android.os.Debug(16666): failed to load memtrack module: -2
05-19 15:16:11.464 E/WifiStateMachine(  851):  ConnectedState (when=-3ms what=131155 arg1=671!CMD_RSSI_POLL 671 0 "BOCO-office" 94:b4:0f:68:a4:b1 rssi=-51 f=5785 sc=80 link=135 tx=0.0, 0.0, 0.0  rx=96.3 bcn=0 [on:0 tx:0 rx:0 period:3000] from screen [on:0 period:716730536] gl rssi=-51 ag=0 hr ticks 28,286,43 ls-=0 [56,56,56,56,61] brc=0 lrc=0
05-19 15:16:11.469 E/WifiStateMachine(  851):  L2ConnectedState (when=-5ms what=131155 arg1=671!CMD_RSSI_POLL 671 0 "BOCO-office" 94:b4:0f:68:a4:b1 rssi=-51 f=5785 sc=80 link=135 tx=0.0, 0.0, 0.0  rx=96.3 bcn=0 [on:0 tx:0 rx:0 period:5] from screen [on:0 period:716730541] gl rssi=-51 ag=0 hr ticks 28,286,43 ls-=0 [56,56,56,56,61] brc=0 lrc=0
05-19 15:16:11.470 E/WifiStateMachine(  851):  get link layer stats 0
05-19 15:16:11.490 E/WifiStateMachine(  851): calculateWifiScore() we set wifi's score to 1000, so will always set wifi as a default network.
05-19 15:16:11.568 E/WifiTrafficPoller(  851): TRAFFIC_STATS_POLL true Token 3077 num clients 17
05-19 15:16:11.569 E/WifiTrafficPoller(  851):  packet count Tx=2029077 Rx=6707362
05-19 15:16:11.569 E/WifiTrafficPoller(  851): notifying of data activity 1
05-19 15:16:12.570 E/WifiTrafficPoller(  851): TRAFFIC_STATS_POLL true Token 3077 num clients 17
05-19 15:16:12.572 E/WifiTrafficPoller(  851):  packet count Tx=2029077 Rx=6707411
05-19 15:16:13.573 E/WifiTrafficPoller(  851): TRAFFIC_STATS_POLL true Token 3077 num clients 17
05-19 15:16:13.577 E/WifiTrafficPoller(  851):  packet count Tx=2029077 Rx=6707440
05-19 15:16:14.495 E/WifiStateMachine(  851):  ConnectedState (when=-4ms what=131155 arg1=671!CMD_RSSI_POLL 671 0 "BOCO-office" 94:b4:0f:68:a4:b1 rssi=-49 f=5785 sc=80 link=135 tx=0.5, 0.0, 0.0  rx=92.2 bcn=0 [on:0 tx:0 rx:0 period:3000] from screen [on:0 period:716733567] gl rssi=-49 ag=0 hr ticks 28,286,43 ls-=0 [56,56,56,56,61] brc=0 lrc=0
05-19 15:16:14.501 E/WifiStateMachine(  851):  L2ConnectedState (when=-6ms what=131155 arg1=671!CMD_RSSI_POLL 671 0 "BOCO-office" 94:b4:0f:68:a4:b1 rssi=-49 f=5785 sc=80 link=135 tx=0.5, 0.0, 0.0  rx=92.2 bcn=0 [on:0 tx:0 rx:0 period:6] from screen [on:0 period:716733573] gl rssi=-49 ag=0 hr ticks 28,286,43 ls-=0 [56,56,56,56,61] brc=0 lrc=0
05-19 15:16:14.501 E/WifiStateMachine(  851):  get link layer stats 0
05-19 15:16:14.509 E/WifiStateMachine(  851): calculateWifiScore() we set wifi's score to 1000, so will always set wifi as a default network.
05-19 15:16:14.577 E/WifiTrafficPoller(  851): TRAFFIC_STATS_POLL true Token 3077 num clients 17
05-19 15:16:14.578 E/WifiTrafficPoller(  851):  packet count Tx=2029077 Rx=6707456
05-19 15:16:15.578 E/WifiTrafficPoller(  851): TRAFFIC_STATS_POLL true Token 3077 num clients 17
05-19 15:16:15.579 E/WifiTrafficPoller(  851):  packet count Tx=2029077 Rx=6707474
05-19 15:16:15.764 E/memtrack(16691): Couldn't load memtrack module (No such file or directory)
05-19 15:16:15.764 E/android.os.Debug(16691): failed to load memtrack module: -2
05-19 15:16:16.579 E/WifiTrafficPoller(  851): TRAFFIC_STATS_POLL true Token 3077 num clients 17
05-19 15:16:16.579 E/WifiTrafficPoller(  851):  packet count Tx=2029077 Rx=6707497
05-19 15:16:16.962 E/memtrack(16711): Couldn't load memtrack module (No such file or directory)
05-19 15:16:16.962 E/android.os.Debug(16711): failed to load memtrack module: -2
05-19 15:16:17.440 E/SurfaceFlinger(  285): onDraw: bindTextureImage test
05-19 15:16:17.455 E/VMSG    (16727): RegisterNatives OnUserCommand1
05-19 15:16:17.458 E/SurfaceFlinger(  285): onDraw: bindTextureImage test
05-19 15:16:17.475 E/SurfaceFlinger(  285): onDraw: bindTextureImage test
05-19 15:16:17.491 E/SurfaceFlinger(  285): onDraw: bindTextureImage test
05-19 15:16:17.507 E/SurfaceFlinger(  285): onDraw: bindTextureImage test
05-19 15:16:17.514 E/WifiStateMachine(  851):  ConnectedState (when=-4ms what=131155 arg1=671!CMD_RSSI_POLL 671 0 "BOCO-office" 94:b4:0f:68:a4:b1 rssi=-49 f=5785 sc=80 link=135 tx=0.3, 0.0, 0.0  rx=96.1 bcn=0 [on:0 tx:0 rx:0 period:2999] from screen [on:0 period:716736585] gl rssi=-49 ag=0 hr ticks 28,286,43 ls-=0 [56,56,56,56,61] brc=0 lrc=0
05-19 15:16:17.515 E/WifiStateMachine(  851):  L2ConnectedState (when=-5ms what=131155 arg1=671!CMD_RSSI_POLL 671 0 "BOCO-office" 94:b4:0f:68:a4:b1 rssi=-49 f=5785 sc=80 link=135 tx=0.3, 0.0, 0.0  rx=96.1 bcn=0 [on:0 tx:0 rx:0 period:2] from screen [on:0 period:716736587] gl rssi=-49 ag=0 hr ticks 28,286,43 ls-=0 [56,56,56,56,61] brc=0 lrc=0
05-19 15:16:17.515 E/WifiStateMachine(  851):  get link layer stats 0
05-19 15:16:17.524 E/SurfaceFlinger(  285): onDraw: bindTextureImage test
05-19 15:16:17.538 E/WifiStateMachine(  851): calculateWifiScore() we set wifi's score to 1000, so will always set wifi as a default network.
05-19 15:16:17.539 E/WifiTrafficPoller(  851): ADD_CLIENT: 18
05-19 15:16:17.541 E/SurfaceFlinger(  285): onDraw: bindTextureImage test
05-19 15:16:17.560 E/SurfaceFlinger(  285): onDraw: bindTextureImage test
05-19 15:16:17.574 E/SurfaceFlinger(  285): onDraw: bindTextureImage test
05-19 15:16:17.580 E/WifiTrafficPoller(  851): TRAFFIC_STATS_POLL true Token 3077 num clients 18
05-19 15:16:17.581 E/WifiTrafficPoller(  851):  packet count Tx=2029078 Rx=6707522
05-19 15:16:17.581 E/WifiTrafficPoller(  851): notifying of data activity 3
05-19 15:16:17.591 E/SurfaceFlinger(  285): onDraw: bindTextureImage test
05-19 15:16:17.609 E/SurfaceFlinger(  285): onDraw: bindTextureImage test
05-19 15:16:17.625 E/SurfaceFlinger(  285): onDraw: bindTextureImage test
05-19 15:16:17.642 E/SurfaceFlinger(  285): onDraw: bindTextureImage test
05-19 15:16:17.658 E/SurfaceFlinger(  285): onDraw: bindTextureImage test
05-19 15:16:17.667 E/NativeCrypto(16727): ssl=0x7faa202e00 cert_verify_callback x509_store_ctx=0x7f9e5f6e88 arg=0x0
05-19 15:16:17.667 E/NativeCrypto(16727): ssl=0x7faa202e00 cert_verify_callback calling verifyCertificateChain authMethod=ECDHE_RSA
05-19 15:16:17.675 E/SurfaceFlinger(  285): onDraw: bindTextureImage test
05-19 15:16:17.692 E/SurfaceFlinger(  285): onDraw: bindTextureImage test
05-19 15:16:17.709 E/SurfaceFlinger(  285): onDraw: bindTextureImage test
05-19 15:16:17.821 E/[PropSet](16727): connect fail
05-19 15:16:17.821 E/[PropSet](16727): send_prop_msg return err -1
05-19 15:16:17.877 E/QueryController(16691): Got null root node from accessibility - Retrying...
05-19 15:16:17.903 E/baidumapsdk(16727): Authentication Error errorcode: 230 uid: -1 appid -1 msg: APP Scode码校验失败
05-19 15:16:17.961 E/SurfaceFlinger(  285): onDraw: bindTextureImage test
05-19 15:16:17.978 E/SurfaceFlinger(  285): onDraw: bindTextureImage test
05-19 15:16:17.994 E/SurfaceFlinger(  285): onDraw: bindTextureImage test
05-19 15:16:18.011 E/SurfaceFlinger(  285): onDraw: bindTextureImage test
05-19 15:16:18.583 E/WifiTrafficPoller(  851): TRAFFIC_STATS_POLL true Token 3077 num clients 18
05-19 15:16:18.584 E/WifiTrafficPoller(  851):  packet count Tx=2029091 Rx=6707555
05-19 15:16:19.584 E/WifiTrafficPoller(  851): TRAFFIC_STATS_POLL true Token 3077 num clients 18
05-19 15:16:19.584 E/WifiTrafficPoller(  851):  packet count Tx=2029091 Rx=6707568
05-19 15:16:19.584 E/WifiTrafficPoller(  851): notifying of data activity 1
05-19 15:16:20.541 E/WifiStateMachine(  851):  ConnectedState (when=-3ms what=131155 arg1=671!CMD_RSSI_POLL 671 0 "BOCO-office" 94:b4:0f:68:a4:b1 rssi=-49 f=5785 sc=80 link=135 tx=0.1, 0.0, 0.0  rx=80.0 bcn=0 [on:0 tx:0 rx:0 period:2993] from screen [on:0 period:716739613] gl rssi=-49 ag=0 hr ticks 28,286,43 ls-=0 [56,56,56,56,61] brc=0 lrc=0
05-19 15:16:20.542 E/WifiStateMachine(  851):  L2ConnectedState (when=-4ms what=131155 arg1=671!CMD_RSSI_POLL 671 0 "BOCO-office" 94:b4:0f:68:a4:b1 rssi=-49 f=5785 sc=80 link=135 tx=0.1, 0.0, 0.0  rx=80.0 bcn=0 [on:0 tx:0 rx:0 period:1] from screen [on:0 period:716739614] gl rssi=-49 ag=0 hr ticks 28,286,43 ls-=0 [56,56,56,56,61] brc=0 lrc=0
05-19 15:16:20.542 E/WifiStateMachine(  851):  get link layer stats 0
05-19 15:16:20.545 E/WifiStateMachine(  851): calculateWifiScore() we set wifi's score to 1000, so will always set wifi as a default network.
05-19 15:16:20.586 E/WifiTrafficPoller(  851): TRAFFIC_STATS_POLL true Token 3077 num clients 18
05-19 15:16:20.586 E/WifiTrafficPoller(  851):  packet count Tx=2029091 Rx=6707592
05-19 15:16:21.587 E/WifiTrafficPoller(  851): TRAFFIC_STATS_POLL true Token 3077 num clients 18
05-19 15:16:21.588 E/WifiTrafficPoller(  851):  packet count Tx=2029091 Rx=6707606
05-19 15:16:22.342 E/memtrack(16779): Couldn't load memtrack module (No such file or directory)
05-19 15:16:22.342 E/android.os.Debug(16779): failed to load memtrack module: -2
05-19 15:16:22.588 E/WifiTrafficPoller(  851): TRAFFIC_STATS_POLL true Token 3077 num clients 18
05-19 15:16:22.588 E/WifiTrafficPoller(  851):  packet count Tx=2029091 Rx=6707623
05-19 15:16:23.550 E/WifiStateMachine(  851):  ConnectedState (when=-5ms what=131155 arg1=671!CMD_RSSI_POLL 671 0 "BOCO-office" 94:b4:0f:68:a4:b1 rssi=-49 f=5785 sc=80 link=135 tx=7.1, 0.0, 0.0  rx=76.0 bcn=0 [on:0 tx:0 rx:0 period:3003] from screen [on:0 period:716742622] gl rssi=-49 ag=0 hr ticks 28,286,43 ls-=0 [56,56,60,60,65] brc=0 lrc=0
05-19 15:16:23.551 E/WifiStateMachine(  851):  L2ConnectedState (when=-6ms what=131155 arg1=671!CMD_RSSI_POLL 671 0 "BOCO-office" 94:b4:0f:68:a4:b1 rssi=-49 f=5785 sc=80 link=135 tx=7.1, 0.0, 0.0  rx=76.0 bcn=0 [on:0 tx:0 rx:0 period:1] from screen [on:0 period:716742623] gl rssi=-49 ag=0 hr ticks 28,286,43 ls-=0 [56,56,60,60,65] brc=0 lrc=0
05-19 15:16:23.551 E/WifiStateMachine(  851):  get link layer stats 0
