--------- beginning of /dev/log/system
05-22 16:36:34.330 E/ActivityThread(  971): Failed to find provider info for com.google.android.wearable.settings
05-22 16:53:31.240 E/ActivityThread(  971): Failed to find provider info for com.google.android.wearable.settings
05-22 17:13:13.080 E/ActivityThread(  971): Failed to find provider info for com.google.android.wearable.settings
05-22 17:29:52.620 E/ActivityThread(  971): Failed to find provider info for com.google.android.wearable.settings
05-22 17:45:15.420 E/ActivityThread( 6902): Performing pause of activity that is not resumed: {com.boco.apphall/com.boco.apphall.home.MainActivity}
05-22 17:45:15.420 E/ActivityThread( 6902): java.lang.RuntimeException: Performing pause of activity that is not resumed: {com.boco.apphall/com.boco.apphall.home.MainActivity}
05-22 17:45:15.420 E/ActivityThread( 6902): 	at android.app.ActivityThread.performPauseActivity(ActivityThread.java:3027)
05-22 17:45:15.420 E/ActivityThread( 6902): 	at android.app.ActivityThread.performPauseActivity(ActivityThread.java:3015)
05-22 17:45:15.420 E/ActivityThread( 6902): 	at android.app.ActivityThread.handlePauseActivity(ActivityThread.java:2993)
05-22 17:45:15.420 E/ActivityThread( 6902): 	at android.app.ActivityThread.access$1000(ActivityThread.java:135)
05-22 17:45:15.420 E/ActivityThread( 6902): 	at android.app.ActivityThread$H.handleMessage(ActivityThread.java:1207)
05-22 17:45:15.420 E/ActivityThread( 6902): 	at android.os.Handler.dispatchMessage(Handler.java:102)
05-22 17:45:15.420 E/ActivityThread( 6902): 	at android.os.Looper.loop(Looper.java:136)
05-22 17:45:15.420 E/ActivityThread( 6902): 	at android.app.ActivityThread.main(ActivityThread.java:5019)
05-22 17:45:15.420 E/ActivityThread( 6902): 	at java.lang.reflect.Method.invokeNative(Native Method)
05-22 17:45:15.420 E/ActivityThread( 6902): 	at java.lang.reflect.Method.invoke(Method.java:515)
05-22 17:45:15.420 E/ActivityThread( 6902): 	at com.android.internal.os.ZygoteInit$MethodAndArgsCaller.run(ZygoteInit.java:779)
05-22 17:45:15.420 E/ActivityThread( 6902): 	at com.android.internal.os.ZygoteInit.main(ZygoteInit.java:595)
05-22 17:45:15.420 E/ActivityThread( 6902): 	at dalvik.system.NativeStart.main(Native Method)
05-22 17:45:16.040 E/ActivityThread( 6902): Performing stop of activity that is not resumed: {com.boco.apphall/com.boco.apphall.home.MainActivity}
05-22 17:45:16.040 E/ActivityThread( 6902): java.lang.RuntimeException: Performing stop of activity that is not resumed: {com.boco.apphall/com.boco.apphall.home.MainActivity}
05-22 17:45:16.040 E/ActivityThread( 6902): 	at android.app.ActivityThread.performStopActivityInner(ActivityThread.java:3145)
05-22 17:45:16.040 E/ActivityThread( 6902): 	at android.app.ActivityThread.handleStopActivity(ActivityThread.java:3232)
05-22 17:45:16.040 E/ActivityThread( 6902): 	at android.app.ActivityThread.access$1100(ActivityThread.java:135)
05-22 17:45:16.040 E/ActivityThread( 6902): 	at android.app.ActivityThread$H.handleMessage(ActivityThread.java:1223)
05-22 17:45:16.040 E/ActivityThread( 6902): 	at android.os.Handler.dispatchMessage(Handler.java:102)
05-22 17:45:16.040 E/ActivityThread( 6902): 	at android.os.Looper.loop(Looper.java:136)
05-22 17:45:16.040 E/ActivityThread( 6902): 	at android.app.ActivityThread.main(ActivityThread.java:5019)
05-22 17:45:16.040 E/ActivityThread( 6902): 	at java.lang.reflect.Method.invokeNative(Native Method)
05-22 17:45:16.040 E/ActivityThread( 6902): 	at java.lang.reflect.Method.invoke(Method.java:515)
05-22 17:45:16.040 E/ActivityThread( 6902): 	at com.android.internal.os.ZygoteInit$MethodAndArgsCaller.run(ZygoteInit.java:779)
05-22 17:45:16.040 E/ActivityThread( 6902): 	at com.android.internal.os.ZygoteInit.main(ZygoteInit.java:595)
05-22 17:45:16.040 E/ActivityThread( 6902): 	at dalvik.system.NativeStart.main(Native Method)
05-22 17:45:20.320 E/ActivityThread(  971): Failed to find provider info for com.google.android.wearable.settings
--------- beginning of /dev/log/main
05-22 17:48:13.090 E/InputDispatcher(  477): channel '4a9eca70 com.ztesoft/com.ztesoft.manager.ui.MainLayout (server)' ~ Channel is unrecoverably broken and will be disposed!
05-22 17:48:13.090 E/InputDispatcher(  477): channel '4a9f89dc com.ztesoft/com.ztesoft.res.activity.ProxyApplayMainActivity (server)' ~ Channel is unrecoverably broken and will be disposed!
05-22 17:48:13.090 E/Cataloger( 1200): syncFile:/storage/emulated/0/log/ztesoft_mobile.log
05-22 17:48:13.090 E/Cataloger( 1200): need not sync path:/storage/emulated/0/log/ztesoft_mobile.log
05-22 17:48:13.210 E/appium  ( 7402): Element not found: 
05-22 17:48:13.210 E/appium  ( 7402): io.appium.uiautomator2.common.exceptions.ElementNotFoundException: Could not find an element using supplied strategy. 
05-22 17:48:13.210 E/appium  ( 7402): 	at io.appium.uiautomator2.handler.FindElement.getXPathUiObject(FindElement.java:80)
05-22 17:48:13.210 E/appium  ( 7402): 	at io.appium.uiautomator2.handler.FindElement.findElement(FindElement.java:153)
05-22 17:48:13.210 E/appium  ( 7402): 	at io.appium.uiautomator2.handler.FindElement.safeHandle(FindElement.java:102)
05-22 17:48:13.210 E/appium  ( 7402): 	at io.appium.uiautomator2.handler.request.SafeRequestHandler.handle(SafeRequestHandler.java:56)
05-22 17:48:13.210 E/appium  ( 7402): 	at io.appium.uiautomator2.server.AppiumServlet.handleRequest(AppiumServlet.java:202)
05-22 17:48:13.210 E/appium  ( 7402): 	at io.appium.uiautomator2.server.AppiumServlet.handleHttpRequest(AppiumServlet.java:193)
05-22 17:48:13.210 E/appium  ( 7402): 	at io.appium.uiautomator2.http.ServerHandler.channelRead(ServerHandler.java:44)
05-22 17:48:13.210 E/appium  ( 7402): 	at io.netty.channel.AbstractChannelHandlerContext.invokeChannelRead(AbstractChannelHandlerContext.java:366)
05-22 17:48:13.210 E/appium  ( 7402): 	at io.netty.channel.AbstractChannelHandlerContext.invokeChannelRead(AbstractChannelHandlerContext.java:352)
05-22 17:48:13.210 E/appium  ( 7402): 	at io.netty.channel.AbstractChannelHandlerContext.fireChannelRead(AbstractChannelHandlerContext.java:345)
05-22 17:48:13.210 E/appium  ( 7402): 	at io.netty.handler.codec.MessageToMessageDecoder.channelRead(MessageToMessageDecoder.java:102)
05-22 17:48:13.210 E/appium  ( 7402): 	at io.netty.channel.AbstractChannelHandlerContext.invokeChannelRead(AbstractChannelHandlerContext.java:366)
05-22 17:48:13.210 E/appium  ( 7402): 	at io.netty.channel.AbstractChannelHandlerContext.invokeChannelRead(AbstractChannelHandlerContext.java:352)
05-22 17:48:13.210 E/appium  ( 7402): 	at io.netty.channel.AbstractChannelHandlerContext.fireChannelRead(AbstractChannelHandlerContext.java:345)
05-22 17:48:13.210 E/appium  ( 7402): 	at io.netty.channel.CombinedChannelDuplexHandler$DelegatingChannelHandlerContext.fireChannelRead(CombinedChannelDuplexHandler.java:435)
05-22 17:48:13.210 E/appium  ( 7402): 	at io.netty.handler.codec.ByteToMessageDecoder.fireChannelRead(ByteToMessageDecoder.java:293)
05-22 17:48:13.210 E/appium  ( 7402): 	at io.netty.handler.codec.ByteToMessageDecoder.channelRead(ByteToMessageDecoder.java:267)
05-22 17:48:13.210 E/appium  ( 7402): 	at io.netty.channel.CombinedChannelDuplexHandler.channelRead(CombinedChannelDuplexHandler.java:250)
05-22 17:48:13.210 E/appium  ( 7402): 	at io.netty.channel.AbstractChannelHandlerContext.invokeChannelRead(AbstractChannelHandlerContext.java:366)
05-22 17:48:13.210 E/appium  ( 7402): 	at io.netty.channel.AbstractChannelHandlerContext.invokeChannelRead(AbstractChannelHandlerContext.java:352)
05-22 17:48:13.210 E/appium  ( 7402): 	at io.netty.channel.AbstractChannelHandlerContext.fireChannelRead(AbstractChannelHandlerContext.java:345)
05-22 17:48:13.210 E/appium  ( 7402): 	at io.netty.channel.DefaultChannelPipeline$HeadContext.channelRead(DefaultChannelPipeline.java:1294)
05-22 17:48:13.210 E/appium  ( 7402): 	at io.netty.channel.AbstractChannelHandlerContext.invokeChannelRead(AbstractChannelHandlerContext.java:366)
05-22 17:48:13.210 E/appium  ( 7402): 	at io.netty.channel.AbstractChannelHandlerContext.invokeChannelRead(AbstractChannelHandlerContext.java:352)
05-22 17:48:13.210 E/appium  ( 7402): 	at io.netty.channel.DefaultChannelPipeline.fireChannelRead(DefaultChannelPipeline.java:911)
05-22 17:48:13.210 E/appium  ( 7402): 	at io.netty.channel.nio.AbstractNioByteChannel$NioByteUnsafe.read(AbstractNioByteChannel.java:131)
05-22 17:48:13.210 E/appium  ( 7402): 	at io.netty.channel.nio.NioEventLoop.processSelectedKey(NioEventLoop.java:611)
05-22 17:48:13.210 E/appium  ( 7402): 	at io.netty.channel.nio.NioEventLoop.processSelectedKeysPlain(NioEventLoop.java:514)
05-22 17:48:13.210 E/appium  ( 7402): 	at io.netty.channel.nio.NioEventLoop.processSelectedKeys(NioEventLoop.java:468)
05-22 17:48:13.210 E/appium  ( 7402): 	at io.netty.channel.nio.NioEventLoop.run(NioEventLoop.java:438)
05-22 17:48:13.210 E/appium  ( 7402): 	at io.netty.util.concurrent.SingleThreadEventExecutor$2.run(SingleThreadEventExecutor.java:140)
05-22 17:48:13.210 E/appium  ( 7402): 	at io.netty.util.concurrent.DefaultThreadFactory$DefaultRunnableDecorator.run(DefaultThreadFactory.java:144)
05-22 17:48:13.210 E/appium  ( 7402): 	at java.lang.Thread.run(Thread.java:841)
05-22 17:48:13.730 E/appium  ( 7402): Element not found: 
05-22 17:48:13.730 E/appium  ( 7402): io.appium.uiautomator2.common.exceptions.ElementNotFoundException: Could not find an element using supplied strategy. 
05-22 17:48:13.730 E/appium  ( 7402): 	at io.appium.uiautomator2.handler.FindElement.getXPathUiObject(FindElement.java:80)
05-22 17:48:13.730 E/appium  ( 7402): 	at io.appium.uiautomator2.handler.FindElement.findElement(FindElement.java:153)
05-22 17:48:13.730 E/appium  ( 7402): 	at io.appium.uiautomator2.handler.FindElement.safeHandle(FindElement.java:102)
05-22 17:48:13.730 E/appium  ( 7402): 	at io.appium.uiautomator2.handler.request.SafeRequestHandler.handle(SafeRequestHandler.java:56)
05-22 17:48:13.730 E/appium  ( 7402): 	at io.appium.uiautomator2.server.AppiumServlet.handleRequest(AppiumServlet.java:202)
05-22 17:48:13.730 E/appium  ( 7402): 	at io.appium.uiautomator2.server.AppiumServlet.handleHttpRequest(AppiumServlet.java:193)
05-22 17:48:13.730 E/appium  ( 7402): 	at io.appium.uiautomator2.http.ServerHandler.channelRead(ServerHandler.java:44)
05-22 17:48:13.730 E/appium  ( 7402): 	at io.netty.channel.AbstractChannelHandlerContext.invokeChannelRead(AbstractChannelHandlerContext.java:366)
05-22 17:48:13.730 E/appium  ( 7402): 	at io.netty.channel.AbstractChannelHandlerContext.invokeChannelRead(AbstractChannelHandlerContext.java:352)
05-22 17:48:13.730 E/appium  ( 7402): 	at io.netty.channel.AbstractChannelHandlerContext.fireChannelRead(AbstractChannelHandlerContext.java:345)
05-22 17:48:13.730 E/appium  ( 7402): 	at io.netty.handler.codec.MessageToMessageDecoder.channelRead(MessageToMessageDecoder.java:102)
05-22 17:48:13.730 E/appium  ( 7402): 	at io.netty.channel.AbstractChannelHandlerContext.invokeChannelRead(AbstractChannelHandlerContext.java:366)
05-22 17:48:13.730 E/appium  ( 7402): 	at io.netty.channel.AbstractChannelHandlerContext.invokeChannelRead(AbstractChannelHandlerContext.java:352)
05-22 17:48:13.730 E/appium  ( 7402): 	at io.netty.channel.AbstractChannelHandlerContext.fireChannelRead(AbstractChannelHandlerContext.java:345)
05-22 17:48:13.730 E/appium  ( 7402): 	at io.netty.channel.CombinedChannelDuplexHandler$DelegatingChannelHandlerContext.fireChannelRead(CombinedChannelDuplexHandler.java:435)
05-22 17:48:13.730 E/appium  ( 7402): 	at io.netty.handler.codec.ByteToMessageDecoder.fireChannelRead(ByteToMessageDecoder.java:293)
05-22 17:48:13.730 E/appium  ( 7402): 	at io.netty.handler.codec.ByteToMessageDecoder.channelRead(ByteToMessageDecoder.java:267)
05-22 17:48:13.730 E/appium  ( 7402): 	at io.netty.channel.CombinedChannelDuplexHandler.channelRead(CombinedChannelDuplexHandler.java:250)
05-22 17:48:13.730 E/appium  ( 7402): 	at io.netty.channel.AbstractChannelHandlerContext.invokeChannelRead(AbstractChannelHandlerContext.java:366)
05-22 17:48:13.730 E/appium  ( 7402): 	at io.netty.channel.AbstractChannelHandlerContext.invokeChannelRead(AbstractChannelHandlerContext.java:352)
05-22 17:48:13.730 E/appium  ( 7402): 	at io.netty.channel.AbstractChannelHandlerContext.fireChannelRead(AbstractChannelHandlerContext.java:345)
05-22 17:48:13.730 E/appium  ( 7402): 	at io.netty.channel.DefaultChannelPipeline$HeadContext.channelRead(DefaultChannelPipeline.java:1294)
05-22 17:48:13.730 E/appium  ( 7402): 	at io.netty.channel.AbstractChannelHandlerContext.invokeChannelRead(AbstractChannelHandlerContext.java:366)
05-22 17:48:13.730 E/appium  ( 7402): 	at io.netty.channel.AbstractChannelHandlerContext.invokeChannelRead(AbstractChannelHandlerContext.java:352)
05-22 17:48:13.730 E/appium  ( 7402): 	at io.netty.channel.DefaultChannelPipeline.fireChannelRead(DefaultChannelPipeline.java:911)
05-22 17:48:13.730 E/appium  ( 7402): 	at io.netty.channel.nio.AbstractNioByteChannel$NioByteUnsafe.read(AbstractNioByteChannel.java:131)
05-22 17:48:13.730 E/appium  ( 7402): 	at io.netty.channel.nio.NioEventLoop.processSelectedKey(NioEventLoop.java:611)
05-22 17:48:13.730 E/appium  ( 7402): 	at io.netty.channel.nio.NioEventLoop.processSelectedKeysPlain(NioEventLoop.java:514)
05-22 17:48:13.730 E/appium  ( 7402): 	at io.netty.channel.nio.NioEventLoop.processSelectedKeys(NioEventLoop.java:468)
05-22 17:48:13.730 E/appium  ( 7402): 	at io.netty.channel.nio.NioEventLoop.run(NioEventLoop.java:438)
05-22 17:48:13.730 E/appium  ( 7402): 	at io.netty.util.concurrent.SingleThreadEventExecutor$2.run(SingleThreadEventExecutor.java:140)
05-22 17:48:13.730 E/appium  ( 7402): 	at io.netty.util.concurrent.DefaultThreadFactory$DefaultRunnableDecorator.run(DefaultThreadFactory.java:144)
05-22 17:48:13.730 E/appium  ( 7402): 	at java.lang.Thread.run(Thread.java:841)
05-22 17:48:14.260 E/appium  ( 7402): Element not found: 
05-22 17:48:14.260 E/appium  ( 7402): io.appium.uiautomator2.common.exceptions.ElementNotFoundException: Could not find an element using supplied strategy. 
05-22 17:48:14.260 E/appium  ( 7402): 	at io.appium.uiautomator2.handler.FindElement.getXPathUiObject(FindElement.java:80)
05-22 17:48:14.260 E/appium  ( 7402): 	at io.appium.uiautomator2.handler.FindElement.findElement(FindElement.java:153)
05-22 17:48:14.260 E/appium  ( 7402): 	at io.appium.uiautomator2.handler.FindElement.safeHandle(FindElement.java:102)
05-22 17:48:14.260 E/appium  ( 7402): 	at io.appium.uiautomator2.handler.request.SafeRequestHandler.handle(SafeRequestHandler.java:56)
05-22 17:48:14.260 E/appium  ( 7402): 	at io.appium.uiautomator2.server.AppiumServlet.handleRequest(AppiumServlet.java:202)
05-22 17:48:14.260 E/appium  ( 7402): 	at io.appium.uiautomator2.server.AppiumServlet.handleHttpRequest(AppiumServlet.java:193)
05-22 17:48:14.260 E/appium  ( 7402): 	at io.appium.uiautomator2.http.ServerHandler.channelRead(ServerHandler.java:44)
05-22 17:48:14.260 E/appium  ( 7402): 	at io.netty.channel.AbstractChannelHandlerContext.invokeChannelRead(AbstractChannelHandlerContext.java:366)
05-22 17:48:14.260 E/appium  ( 7402): 	at io.netty.channel.AbstractChannelHandlerContext.invokeChannelRead(AbstractChannelHandlerContext.java:352)
05-22 17:48:14.260 E/appium  ( 7402): 	at io.netty.channel.AbstractChannelHandlerContext.fireChannelRead(AbstractChannelHandlerContext.java:345)
05-22 17:48:14.260 E/appium  ( 7402): 	at io.netty.handler.codec.MessageToMessageDecoder.channelRead(MessageToMessageDecoder.java:102)
05-22 17:48:14.260 E/appium  ( 7402): 	at io.netty.channel.AbstractChannelHandlerContext.invokeChannelRead(AbstractChannelHandlerContext.java:366)
05-22 17:48:14.260 E/appium  ( 7402): 	at io.netty.channel.AbstractChannelHandlerContext.invokeChannelRead(AbstractChannelHandlerContext.java:352)
05-22 17:48:14.260 E/appium  ( 7402): 	at io.netty.channel.AbstractChannelHandlerContext.fireChannelRead(AbstractChannelHandlerContext.java:345)
05-22 17:48:14.260 E/appium  ( 7402): 	at io.netty.channel.CombinedChannelDuplexHandler$DelegatingChannelHandlerContext.fireChannelRead(CombinedChannelDuplexHandler.java:435)
05-22 17:48:14.260 E/appium  ( 7402): 	at io.netty.handler.codec.ByteToMessageDecoder.fireChannelRead(ByteToMessageDecoder.java:293)
05-22 17:48:14.260 E/appium  ( 7402): 	at io.netty.handler.codec.ByteToMessageDecoder.channelRead(ByteToMessageDecoder.java:267)
05-22 17:48:14.260 E/appium  ( 7402): 	at io.netty.channel.CombinedChannelDuplexHandler.channelRead(CombinedChannelDuplexHandler.java:250)
05-22 17:48:14.260 E/appium  ( 7402): 	at io.netty.channel.AbstractChannelHandlerContext.invokeChannelRead(AbstractChannelHandlerContext.java:366)
05-22 17:48:14.260 E/appium  ( 7402): 	at io.netty.channel.AbstractChannelHandlerContext.invokeChannelRead(AbstractChannelHandlerContext.java:352)
05-22 17:48:14.260 E/appium  ( 7402): 	at io.netty.channel.AbstractChannelHandlerContext.fireChannelRead(AbstractChannelHandlerContext.java:345)
05-22 17:48:14.260 E/appium  ( 7402): 	at io.netty.channel.DefaultChannelPipeline$HeadContext.channelRead(DefaultChannelPipeline.java:1294)
05-22 17:48:14.260 E/appium  ( 7402): 	at io.netty.channel.AbstractChannelHandlerContext.invokeChannelRead(AbstractChannelHandlerContext.java:366)
05-22 17:48:14.260 E/appium  ( 7402): 	at io.netty.channel.AbstractChannelHandlerContext.invokeChannelRead(AbstractChannelHandlerContext.java:352)
05-22 17:48:14.260 E/appium  ( 7402): 	at io.netty.channel.DefaultChannelPipeline.fireChannelRead(DefaultChannelPipeline.java:911)
05-22 17:48:14.260 E/appium  ( 7402): 	at io.netty.channel.nio.AbstractNioByteChannel$NioByteUnsafe.read(AbstractNioByteChannel.java:131)
05-22 17:48:14.260 E/appium  ( 7402): 	at io.netty.channel.nio.NioEventLoop.processSelectedKey(NioEventLoop.java:611)
05-22 17:48:14.260 E/appium  ( 7402): 	at io.netty.channel.nio.NioEventLoop.processSelectedKeysPlain(NioEventLoop.java:514)
05-22 17:48:14.260 E/appium  ( 7402): 	at io.netty.channel.nio.NioEventLoop.processSelectedKeys(NioEventLoop.java:468)
05-22 17:48:14.260 E/appium  ( 7402): 	at io.netty.channel.nio.NioEventLoop.run(NioEventLoop.java:438)
05-22 17:48:14.260 E/appium  ( 7402): 	at io.netty.util.concurrent.SingleThreadEventExecutor$2.run(SingleThreadEventExecutor.java:140)
05-22 17:48:14.260 E/appium  ( 7402): 	at io.netty.util.concurrent.DefaultThreadFactory$DefaultRunnableDecorator.run(DefaultThreadFactory.java:144)
05-22 17:48:14.260 E/appium  ( 7402): 	at java.lang.Thread.run(Thread.java:841)
05-22 17:48:14.320 E/NetworkScheduler.SR(  742): Invalid parameter app
05-22 17:48:14.320 E/NetworkScheduler.SR(  742): Invalid package name : Perhaps you didn't include a PendingIntent in the extras?
05-22 17:48:14.350 E/Drive.UninstallOperation(  971): Package still installed com.ztesoft
05-22 17:48:15.970 E/Finsky  (  878): [1] com.google.android.finsky.wear.bl.a(847): onConnectionFailed: ConnectionResult{statusCode=API_UNAVAILABLE, resolution=null, message=null}
05-22 17:48:16.080 E/Cataloger( 1200): syncFile:/storage/emulated/0/appHall_guangxi_folder/download/1495446435772ZteAndrProjZq5.0.apk
05-22 17:48:16.120 E/Cataloger( 1200): syncFile:/storage/emulated/0/Android/data/com.estrongs.android.pop/recomm/setting.download.tmp.tmp
05-22 17:48:16.120 E/Cataloger( 1200): need not sync path:/storage/emulated/0/Android/data/com.estrongs.android.pop/recomm/setting.download.tmp.tmp
05-22 17:48:16.120 E/Cataloger( 1200): syncFile:/storage/emulated/0/Android/data/com.estrongs.android.pop/recomm/setting.download.tmp.tmp
05-22 17:48:16.120 E/Cataloger( 1200): need not sync path:/storage/emulated/0/Android/data/com.estrongs.android.pop/recomm/setting.download.tmp.tmp
05-22 17:48:17.120 E/---RankingListAppFragment---( 7435): onResume
05-22 17:48:17.140 E/NetworkScheduler.SR(  742): Invalid parameter app
05-22 17:48:17.140 E/NetworkScheduler.SR(  742): Invalid package name : Perhaps you didn't include a PendingIntent in the extras?
05-22 17:48:33.310 E/Cataloger( 1200): syncFile:/storage/emulated/0/log/ztesoft_mobile.log
05-22 17:48:33.310 E/Cataloger( 1200): need not sync path:/storage/emulated/0/log/ztesoft_mobile.log
05-22 17:48:36.260 E/AccessibilityInteractionClient( 7402): 8 Disconnected nodes.
05-22 17:48:38.370 E/getServiceXML( 7596): http://211.138.252.146:18060/MOBILE/rest/mobileService/directserv/SERVICE_CODE_620
05-22 17:48:38.570 E/ProxyApplySubmitActivity( 7596): <?xml version="1.0" encoding="UTF-8"?><SERVICE><RETURNCODE>1</RETURNCODE><MESSAGE>一共查询到43个人员</MESSAGE><staffList><staff><staffName>邓昭礼</staffName><staffId>237662</staffId></staff><staff><staffName>张虹</staffName><staffId>238838</staffId></staff><staff><staffName>css</staffName><staffId>203242</staffId></staff><staff><staffName>中兴工号</staffName><staffId>1</staffId></staff><staff><staffName>admin</staffName><staffId>1529</staffId></staff><staff><staffName>test</staffName><staffId>3045</staffId></staff><staff><staffName>岳伟鹏</staffName><staffId>3913</staffId></staff><staff><staffName>黄文侠</staffName><staffId>223911</staffId></staff><staff><staffName>许承海</staffName><staffId>236850</staffId></staff><staff><staffName>调度-test</staffName><staffId>203203</staffId></staff><staff><staffName>姬柳静</staffName><staffId>240725</staffId></staff><staff><staffName>韦昌周</staffName><staffId>203564</staffId></staff><staff><staffName>邓远芬</staffName><staffId>1166</staffId></staff><staff><staffName>吴庆天</staffName><staffId>442</staffId></staff><staff><staffName>唐巍</staffName><staffId>4185</staffId></staff><staff><staffName>麻蓝特</staffName><staffId>241812</staffId></staff><staff><staffName>libing</staffName><staffId>242174</staffId></staff><staff><staffName>黄秋兰</staffName><staffId>242493</staffId></staff><staff><staffName>liuquanyunTT</staffName><staffId>242176</staffId></staff><staff><staffName>高峰</staffName><staffId>236986</staffId></staff><staff><staffName>陈清元</staffName><staffId>1416</staffId></staff><staff><staffName>houliang</staffName><staffId>237469</staffId></staff><staff><staffName>黄新福</staffName><staffId>215494</staffId></staff><staff><staffName>王浩然</staffName><staffId>236960</staffId></staff><staff><staffName>亿阳</staffName><staffId>237845</staffId></staff><staff><staffName>莫娟</staffName><staffId>233750</staffId></staff><staff><staffName>网络故障单</staffName><staffId>233751</staffId></staff><staff><staffName>杨子将</staffName><staffId>236970</staffId></staff><staff><staffName>区网运</staffName><staffId>242047</staffId></staff><staff><staffName>陈迪聪</staffName><staffId>237566</staffId></staff><staff><staffName>袁焕鑫</staffName><staffId>238314</staffId></staff><staff><staffName>张延毅</staffName><staffId>241934</staffId></staff><staff><staffName>10086</staffName><staffId>239849</staffId></staff><staff><staffName>柴莹</staffName><staffId>242490</staffId></staff><staff><staffName>宋俊杰</staffName><staffId>242494</staffId></staff><staff><staffName>热线运营一部工单组 </staffName><staffId>240693</staffId></staff><staff><staffName>卢娴</staffName><staffId>242491</staffId></staff><staff><staffName>梁军</staffName><staffId>242492</staffId></staff><staff><staffName>林翠玲</staffName><staffId>242332</staffId></staff><staff><staffName>谈玲玲</staffName><staffId>242333</staffId></staff><staff><staffName>玉林来宾工单查询</staffName><staffId>242638</staffId></staff><staff><staffName>王品雯</staffName><staffId>241440</staffId></staff><staff><staffName>方伟翔</staffName><staffId>237023</staffId></staff></staffList></SERVICE>
05-22 17:48:43.970 E/AccessibilityInteractionClient( 7402): 12 Disconnected nodes.
05-22 17:48:43.970 E/AccessibilityInteractionClient( 7402): 1 Disconnected nodes.
05-22 17:48:49.560 E/ztesoft_andorid_pn_XmppManager( 7596): Unknown error while registering XMPP account! internal-server-error
05-22 17:49:12.340 E/memtrack( 7633): Couldn't load memtrack module (No such file or directory)
05-22 17:49:12.340 E/android.os.Debug( 7633): failed to load memtrack module: -2
05-22 17:49:12.440 E/cutils-trace( 7633): Error opening trace file: No such file or directory (2)
05-22 17:49:14.320 E/getServiceXML( 7596): http://211.138.252.146:18060/MOBILE/rest/mobileService/directserv/SERVICE_CODE_620
05-22 17:49:14.490 E/ProxyApplySubmitActivity( 7596): <?xml version="1.0" encoding="UTF-8"?><SERVICE><RETURNCODE>1</RETURNCODE><MESSAGE>代理申请提交成功</MESSAGE></SERVICE>
05-22 17:49:15.410 E/cutils-trace( 7649): Error opening trace file: No such file or directory (2)
05-22 17:49:16.120 E/Cataloger( 1200): syncFile:/storage/emulated/0/Android/data/com.estrongs.android.pop/recomm/setting.download.tmp.tmp
05-22 17:49:16.120 E/Cataloger( 1200): need not sync path:/storage/emulated/0/Android/data/com.estrongs.android.pop/recomm/setting.download.tmp.tmp
05-22 17:49:16.120 E/Cataloger( 1200): syncFile:/storage/emulated/0/Android/data/com.estrongs.android.pop/recomm/setting.download.tmp.tmp
05-22 17:49:16.120 E/Cataloger( 1200): need not sync path:/storage/emulated/0/Android/data/com.estrongs.android.pop/recomm/setting.download.tmp.tmp
05-22 17:49:16.120 E/Cataloger( 1200): syncFile:/storage/emulated/0/Android/data/com.estrongs.android.pop/recomm/setting.download.tmp.tmp
05-22 17:49:16.120 E/Cataloger( 1200): need not sync path:/storage/emulated/0/Android/data/com.estrongs.android.pop/recomm/setting.download.tmp.tmp
05-22 17:49:16.130 E/Cataloger( 1200): syncFile:/storage/emulated/0/Android/data/com.estrongs.android.pop/recomm/setting.download.tmp.tmp
05-22 17:49:16.130 E/Cataloger( 1200): need not sync path:/storage/emulated/0/Android/data/com.estrongs.android.pop/recomm/setting.download.tmp.tmp
05-22 17:49:16.250 E/Cataloger( 1200): syncFile:/storage/emulated/0/Android/data/com.estrongs.android.pop/recomm/setting.download.tmp.tmp
05-22 17:49:16.250 E/Cataloger( 1200): need not sync path:/storage/emulated/0/Android/data/com.estrongs.android.pop/recomm/setting.download.tmp.tmp
05-22 17:49:16.250 E/Cataloger( 1200): 重复删除命令
05-22 17:49:16.250 E/Cataloger( 1200): syncFile:/storage/emulated/0/Android/data/com.estrongs.android.pop/recomm/setting.download.tmp
05-22 17:49:16.250 E/Cataloger( 1200): need not sync path:/storage/emulated/0/Android/data/com.estrongs.android.pop/recomm/setting.download.tmp
05-22 17:49:16.250 E/Cataloger( 1200): syncFile:/storage/emulated/0/Android/data/com.estrongs.android.pop/recomm/setting.download.tmp
05-22 17:49:16.250 E/Cataloger( 1200): need not sync path:/storage/emulated/0/Android/data/com.estrongs.android.pop/recomm/setting.download.tmp
05-22 17:52:19.210 E/memtrack( 7662): Couldn't load memtrack module (No such file or directory)
05-22 17:52:19.210 E/android.os.Debug( 7662): failed to load memtrack module: -2
05-22 17:52:19.220 E/cutils-trace( 7662): Error opening trace file: No such file or directory (2)
05-22 17:52:19.270 E/Cataloger( 1200): syncFile:/storage/emulated/0/Android/data/com.boco.apphall/cache/uil-images/journal
05-22 17:52:19.270 E/Cataloger( 1200): need not sync path:/storage/emulated/0/Android/data/com.boco.apphall/cache/uil-images/journal
05-22 17:52:19.290 E/cutils-trace( 7390): Error opening trace file: No such file or directory (2)
05-22 17:53:21.340 E/memtrack( 7681): Couldn't load memtrack module (No such file or directory)
05-22 17:53:21.340 E/android.os.Debug( 7681): failed to load memtrack module: -2
05-22 17:53:21.360 E/cutils-trace( 7681): Error opening trace file: No such file or directory (2)
05-22 17:57:01.220 E/BandwidthController(  155): Updating quota globalAlert failed (No such file or directory)
05-22 17:57:59.230 E/CheckinTask(  971): Checkin failed: https://android.clients.google.com/checkin (request #0): java.net.SocketTimeoutException: failed to connect to android.clients.google.com/74.125.204.100 (port 443) after 120000ms: isConnected failed: ETIMEDOUT (Connection timed out)
05-22 18:02:01.150 E/ActivityThread(  971): Failed to find provider info for com.google.android.wearable.settings
05-22 18:02:01.200 E/Drm     (  162): Failed to open plugin directory /vendor/lib/mediadrm
05-22 18:02:01.420 E/Drm     (  162): Failed to open plugin directory /vendor/lib/mediadrm
05-22 18:04:02.440 E/NetworkScheduler.ATC(  742): Trying to release unacquired lock: com.google.android.gms/.clearcut.uploader.QosUploaderService
05-22 18:04:02.440 E/NetworkScheduler(  742): Called closeAndCleanupTask for already completed task [com.google.android.gms/.clearcut.uploader.QosUploaderService:qos_oneoff,u0]' :TIMED_OUT
05-22 18:04:02.450 E/NetworkScheduler.ATC(  742): Trying to release unacquired lock: com.google.android.gms/.clearcut.uploader.QosUploaderService
05-22 18:04:02.460 E/NetworkScheduler(  742): Received callback from client for task that is already complete. ComponentInfo{com.google.android.gms/com.google.android.gms.clearcut.uploader.QosUploaderService} qos_unmetered_periodic
05-22 18:04:02.500 E/NetworkScheduler(  742): Task completed but with no record in list of active tasks: [com.google.android.gms/.clearcut.uploader.QosUploaderService:qos_oneoff,u0]
05-22 18:05:17.980 E/memtrack( 7833): Couldn't load memtrack module (No such file or directory)
05-22 18:05:17.980 E/android.os.Debug( 7833): failed to load memtrack module: -2
05-22 18:05:18.000 E/cutils-trace( 7833): Error opening trace file: No such file or directory (2)
05-22 18:05:18.970 E/memtrack( 7849): Couldn't load memtrack module (No such file or directory)
05-22 18:05:18.970 E/android.os.Debug( 7849): failed to load memtrack module: -2
05-22 18:05:18.990 E/cutils-trace( 7849): Error opening trace file: No such file or directory (2)
05-22 18:05:20.080 E/memtrack( 7865): Couldn't load memtrack module (No such file or directory)
05-22 18:05:20.080 E/android.os.Debug( 7865): failed to load memtrack module: -2
05-22 18:05:20.110 E/cutils-trace( 7865): Error opening trace file: No such file or directory (2)
05-22 18:05:20.820 E/memtrack( 7877): Couldn't load memtrack module (No such file or directory)
05-22 18:05:20.820 E/android.os.Debug( 7877): failed to load memtrack module: -2
05-22 18:05:20.840 E/cutils-trace( 7877): Error opening trace file: No such file or directory (2)
05-22 18:05:21.690 E/memtrack( 7889): Couldn't load memtrack module (No such file or directory)
05-22 18:05:21.690 E/android.os.Debug( 7889): failed to load memtrack module: -2
05-22 18:05:21.710 E/cutils-trace( 7889): Error opening trace file: No such file or directory (2)
05-22 18:05:22.500 E/memtrack( 7901): Couldn't load memtrack module (No such file or directory)
05-22 18:05:22.500 E/android.os.Debug( 7901): failed to load memtrack module: -2
05-22 18:05:22.520 E/cutils-trace( 7901): Error opening trace file: No such file or directory (2)
05-22 18:05:23.220 E/memtrack( 7913): Couldn't load memtrack module (No such file or directory)
05-22 18:05:23.220 E/android.os.Debug( 7913): failed to load memtrack module: -2
05-22 18:05:23.250 E/cutils-trace( 7913): Error opening trace file: No such file or directory (2)
05-22 18:05:24.300 E/memtrack( 7929): Couldn't load memtrack module (No such file or directory)
05-22 18:05:24.300 E/android.os.Debug( 7929): failed to load memtrack module: -2
05-22 18:05:24.320 E/cutils-trace( 7929): Error opening trace file: No such file or directory (2)
05-22 18:05:25.010 E/memtrack( 7941): Couldn't load memtrack module (No such file or directory)
05-22 18:05:25.010 E/android.os.Debug( 7941): failed to load memtrack module: -2
05-22 18:05:25.030 E/cutils-trace( 7941): Error opening trace file: No such file or directory (2)
05-22 18:05:28.310 E/memtrack( 7960): Couldn't load memtrack module (No such file or directory)
05-22 18:05:28.310 E/android.os.Debug( 7960): failed to load memtrack module: -2
05-22 18:05:28.330 E/cutils-trace( 7960): Error opening trace file: No such file or directory (2)
05-22 18:05:29.060 E/memtrack( 7972): Couldn't load memtrack module (No such file or directory)
05-22 18:05:29.060 E/android.os.Debug( 7972): failed to load memtrack module: -2
05-22 18:05:29.080 E/cutils-trace( 7972): Error opening trace file: No such file or directory (2)
05-22 18:05:29.750 E/memtrack( 7984): Couldn't load memtrack module (No such file or directory)
05-22 18:05:29.750 E/android.os.Debug( 7984): failed to load memtrack module: -2
05-22 18:05:29.780 E/Cataloger( 1200): 重复删除命令
05-22 18:05:29.780 E/Cataloger( 1200): syncFile:/storage/emulated/0/Android/data/com.boco.apphall/cache/uil-images/57gbxefr6ynwpq4ho1je8qmfo0
05-22 18:05:29.780 E/Cataloger( 1200): need not sync path:/storage/emulated/0/Android/data/com.boco.apphall/cache/uil-images/57gbxefr6ynwpq4ho1je8qmfo0
05-22 18:05:29.780 E/Cataloger( 1200): syncFile:/storage/emulated/0/Android/data/com.boco.apphall/cache/uil-images/5252683xnrtcrm7o65y7uirsl0
05-22 18:05:29.780 E/Cataloger( 1200): need not sync path:/storage/emulated/0/Android/data/com.boco.apphall/cache/uil-images/5252683xnrtcrm7o65y7uirsl0
05-22 18:05:29.780 E/Cataloger( 1200): syncFile:/storage/emulated/0/Android/data/com.boco.apphall/cache/uil-images/2dw14j6zx8fuf59l70lizvt710
05-22 18:05:29.790 E/Cataloger( 1200): need not sync path:/storage/emulated/0/Android/data/com.boco.apphall/cache/uil-images/2dw14j6zx8fuf59l70lizvt710
05-22 18:05:29.790 E/Cataloger( 1200): syncFile:/storage/emulated/0/Android/data/com.boco.apphall/cache/uil-images/64u2kf0bfy71nodbxsvrwaoat0
05-22 18:05:29.790 E/cutils-trace( 7984): Error opening trace file: No such file or directory (2)
05-22 18:05:29.790 E/Cataloger( 1200): need not sync path:/storage/emulated/0/Android/data/com.boco.apphall/cache/uil-images/64u2kf0bfy71nodbxsvrwaoat0
05-22 18:05:29.790 E/Cataloger( 1200): syncFile:/storage/emulated/0/Android/data/com.boco.apphall/cache/uil-images/3205omy4td9oxw05yijfjsa900
05-22 18:05:29.790 E/Cataloger( 1200): need not sync path:/storage/emulated/0/Android/data/com.boco.apphall/cache/uil-images/3205omy4td9oxw05yijfjsa900
05-22 18:05:29.790 E/Cataloger( 1200): 重复删除命令
05-22 18:05:29.790 E/Cataloger( 1200): syncFile:/storage/emulated/0/Android/data/com.boco.apphall/cache/uil-images/1yr55s6idym5vmr2kp828kc730
05-22 18:05:29.800 E/Cataloger( 1200): need not sync path:/storage/emulated/0/Android/data/com.boco.apphall/cache/uil-images/1yr55s6idym5vmr2kp828kc730
05-22 18:05:29.800 E/Cataloger( 1200): syncFile:/storage/emulated/0/Android/data/com.boco.apphall/cache/uil-images/5qxqvdbogs92lp9xsu05v4d050
05-22 18:05:29.800 E/Cataloger( 1200): need not sync path:/storage/emulated/0/Android/data/com.boco.apphall/cache/uil-images/5qxqvdbogs92lp9xsu05v4d050
05-22 18:05:29.800 E/Cataloger( 1200): syncFile:/storage/emulated/0/Android/data/com.boco.apphall/cache/uil-images/4kxgwmqh15kqpdwvd91ok1rs00
05-22 18:05:29.810 E/Cataloger( 1200): need not sync path:/storage/emulated/0/Android/data/com.boco.apphall/cache/uil-images/4kxgwmqh15kqpdwvd91ok1rs00
05-22 18:05:29.810 E/Cataloger( 1200): syncFile:/storage/emulated/0/Android/data/com.boco.apphall/cache/uil-images/5qk5ab5bpi8w4etc52xne53rs0
05-22 18:05:29.810 E/Cataloger( 1200): need not sync path:/storage/emulated/0/Android/data/com.boco.apphall/cache/uil-images/5qk5ab5bpi8w4etc52xne53rs0
05-22 18:05:29.810 E/Cataloger( 1200): syncFile:/storage/emulated/0/Android/data/com.boco.apphall/cache/uil-images/5wanmv7yu4hzfio3426l5dfqd0
05-22 18:05:29.810 E/Cataloger( 1200): need not sync path:/storage/emulated/0/Android/data/com.boco.apphall/cache/uil-images/5wanmv7yu4hzfio3426l5dfqd0
05-22 18:05:29.810 E/Cataloger( 1200): syncFile:/storage/emulated/0/Android/data/com.boco.apphall/cache/uil-images/3zj5e7agc5dxrx9zld8s8tazk0
05-22 18:05:29.810 E/Cataloger( 1200): need not sync path:/storage/emulated/0/Android/data/com.boco.apphall/cache/uil-images/3zj5e7agc5dxrx9zld8s8tazk0
05-22 18:05:29.810 E/Cataloger( 1200): syncFile:/storage/emulated/0/Android/data/com.boco.apphall/cache/uil-images/692qxwcqm0v50o6d686e2v3o30
05-22 18:05:29.820 E/Cataloger( 1200): need not sync path:/storage/emulated/0/Android/data/com.boco.apphall/cache/uil-images/692qxwcqm0v50o6d686e2v3o30
05-22 18:05:29.830 E/Cataloger( 1200): syncFile:/storage/emulated/0/Android/data/com.boco.apphall/cache/uil-images/mk3hplefdtlqmx38m1iwlp2r0
05-22 18:05:29.840 E/Cataloger( 1200): need not sync path:/storage/emulated/0/Android/data/com.boco.apphall/cache/uil-images/mk3hplefdtlqmx38m1iwlp2r0
05-22 18:05:29.840 E/Cataloger( 1200): 重复删除命令
05-22 18:05:29.840 E/Cataloger( 1200): syncFile:/storage/emulated/0/Android/data/com.boco.apphall/cache
05-22 18:05:29.840 E/Cataloger( 1200): syncFile:/storage/emulated/0/Android/data/com.boco.apphall
05-22 18:05:30.530 E/memtrack( 8010): Couldn't load memtrack module (No such file or directory)
05-22 18:05:30.530 E/android.os.Debug( 8010): failed to load memtrack module: -2
05-22 18:05:30.550 E/cutils-trace( 8010): Error opening trace file: No such file or directory (2)
05-22 18:05:31.220 E/memtrack( 8022): Couldn't load memtrack module (No such file or directory)
05-22 18:05:31.220 E/android.os.Debug( 8022): failed to load memtrack module: -2
05-22 18:05:31.240 E/cutils-trace( 8022): Error opening trace file: No such file or directory (2)
05-22 18:05:32.120 E/memtrack( 8036): Couldn't load memtrack module (No such file or directory)
05-22 18:05:32.120 E/android.os.Debug( 8036): failed to load memtrack module: -2
05-22 18:05:32.140 E/cutils-trace( 8036): Error opening trace file: No such file or directory (2)
05-22 18:05:32.680 E/memtrack( 8048): Couldn't load memtrack module (No such file or directory)
05-22 18:05:32.680 E/android.os.Debug( 8048): failed to load memtrack module: -2
05-22 18:05:34.970 E/memtrack( 8079): Couldn't load memtrack module (No such file or directory)
05-22 18:05:34.970 E/android.os.Debug( 8079): failed to load memtrack module: -2
05-22 18:05:35.600 E/Cataloger( 1200): syncFile:/storage/emulated/0/Android/data/com.boco.apphall
05-22 18:05:35.600 E/Cataloger( 1200): 创建一个目录:/storage/emulated/0/Android/data/com.boco.apphall
05-22 18:05:35.600 E/Cataloger( 1200): 扫描新建目录：/storage/emulated/0/Android/data/com.boco.apphall
05-22 18:05:35.600 E/Cataloger( 1200): syncFile:/storage/emulated/0/Android/data/com.boco.apphall/cache
05-22 18:05:35.600 E/Cataloger( 1200): 创建一个目录:/storage/emulated/0/Android/data/com.boco.apphall/cache
05-22 18:05:35.600 E/Cataloger( 1200): 扫描新建目录：/storage/emulated/0/Android/data/com.boco.apphall/cache
05-22 18:05:35.610 E/Cataloger( 1200): syncFile:/storage/emulated/0/Android/data/com.boco.apphall/cache/.nomedia
05-22 18:05:35.610 E/Cataloger( 1200): need not sync path:/storage/emulated/0/Android/data/com.boco.apphall/cache/.nomedia
05-22 18:05:35.610 E/Cataloger( 1200): syncFile:/storage/emulated/0/Android/data/com.boco.apphall/cache/.nomedia
05-22 18:05:35.610 E/Cataloger( 1200): need not sync path:/storage/emulated/0/Android/data/com.boco.apphall/cache/.nomedia
05-22 18:05:35.610 E/Cataloger( 1200): syncFile:/storage/emulated/0/Android/data/com.boco.apphall/cache/uil-images
05-22 18:05:35.610 E/Cataloger( 1200): 创建一个目录:/storage/emulated/0/Android/data/com.boco.apphall/cache/uil-images
05-22 18:05:35.610 E/Cataloger( 1200): 扫描新建目录：/storage/emulated/0/Android/data/com.boco.apphall/cache/uil-images
05-22 18:05:35.620 E/Cataloger( 1200): syncFile:/storage/emulated/0/Android/data/com.boco.apphall/cache/uil-images/journal.tmp
05-22 18:05:35.620 E/Cataloger( 1200): need not sync path:/storage/emulated/0/Android/data/com.boco.apphall/cache/uil-images/journal.tmp
05-22 18:05:35.620 E/Cataloger( 1200): syncFile:/storage/emulated/0/Android/data/com.boco.apphall/cache/uil-images/journal.tmp
05-22 18:05:35.620 E/Cataloger( 1200): need not sync path:/storage/emulated/0/Android/data/com.boco.apphall/cache/uil-images/journal.tmp
05-22 18:05:35.620 E/Cataloger( 1200): syncFile:/storage/emulated/0/Android/data/com.boco.apphall/cache/uil-images/journal.tmp
05-22 18:05:35.620 E/Cataloger( 1200): need not sync path:/storage/emulated/0/Android/data/com.boco.apphall/cache/uil-images/journal.tmp
05-22 18:05:35.620 E/Cataloger( 1200): syncFile:/storage/emulated/0/Android/data/com.boco.apphall/cache/uil-images/journal
05-22 18:05:35.620 E/Cataloger( 1200): need not sync path:/storage/emulated/0/Android/data/com.boco.apphall/cache/uil-images/journal
05-22 18:05:36.290 E/cutils-trace( 8079): Error opening trace file: No such file or directory (2)
05-22 18:05:39.490 E/memtrack( 8123): Couldn't load memtrack module (No such file or directory)
05-22 18:05:39.490 E/android.os.Debug( 8123): failed to load memtrack module: -2
05-22 18:05:39.560 E/cutils-trace( 8123): Error opening trace file: No such file or directory (2)
05-22 18:05:40.900 E/memtrack( 8135): Couldn't load memtrack module (No such file or directory)
05-22 18:05:40.900 E/android.os.Debug( 8135): failed to load memtrack module: -2
05-22 18:05:41.800 E/cutils-trace( 8135): Error opening trace file: No such file or directory (2)
05-22 18:05:42.020 E/appium  ( 8060): Exception while handling action in: io.appium.uiautomator2.handler.Clear
05-22 18:05:42.020 E/appium  ( 8060): java.lang.NullPointerException
05-22 18:05:42.020 E/appium  ( 8060): 	at android.support.test.uiautomator.UiObject2.setText(UiObject2.java:601)
05-22 18:05:42.020 E/appium  ( 8060): 	at android.support.test.uiautomator.UiObject2.clear(UiObject2.java:338)
05-22 18:05:42.020 E/appium  ( 8060): 	at io.appium.uiautomator2.model.UiObject2Element.clear(UiObject2Element.java:138)
05-22 18:05:42.020 E/appium  ( 8060): 	at io.appium.uiautomator2.handler.Clear.safeHandle(Clear.java:51)
05-22 18:05:42.020 E/appium  ( 8060): 	at io.appium.uiautomator2.handler.request.SafeRequestHandler.handle(SafeRequestHandler.java:56)
05-22 18:05:42.020 E/appium  ( 8060): 	at io.appium.uiautomator2.handler.SendKeysToElement.safeHandle(SendKeysToElement.java:73)
05-22 18:05:42.020 E/appium  ( 8060): 	at io.appium.uiautomator2.handler.request.SafeRequestHandler.handle(SafeRequestHandler.java:56)
05-22 18:05:42.020 E/appium  ( 8060): 	at io.appium.uiautomator2.server.AppiumServlet.handleRequest(AppiumServlet.java:202)
05-22 18:05:42.020 E/appium  ( 8060): 	at io.appium.uiautomator2.server.AppiumServlet.handleHttpRequest(AppiumServlet.java:193)
05-22 18:05:42.020 E/appium  ( 8060): 	at io.appium.uiautomator2.http.ServerHandler.channelRead(ServerHandler.java:44)
05-22 18:05:42.020 E/appium  ( 8060): 	at io.netty.channel.AbstractChannelHandlerContext.invokeChannelRead(AbstractChannelHandlerContext.java:366)
05-22 18:05:42.020 E/appium  ( 8060): 	at io.netty.channel.AbstractChannelHandlerContext.invokeChannelRead(AbstractChannelHandlerContext.java:352)
05-22 18:05:42.020 E/appium  ( 8060): 	at io.netty.channel.AbstractChannelHandlerContext.fireChannelRead(AbstractChannelHandlerContext.java:345)
05-22 18:05:42.020 E/appium  ( 8060): 	at io.netty.handler.codec.MessageToMessageDecoder.channelRead(MessageToMessageDecoder.java:102)
05-22 18:05:42.020 E/appium  ( 8060): 	at io.netty.channel.AbstractChannelHandlerContext.invokeChannelRead(AbstractChannelHandlerContext.java:366)
05-22 18:05:42.020 E/appium  ( 8060): 	at io.netty.channel.AbstractChannelHandlerContext.invokeChannelRead(AbstractChannelHandlerContext.java:352)
05-22 18:05:42.020 E/appium  ( 8060): 	at io.netty.channel.AbstractChannelHandlerContext.fireChannelRead(AbstractChannelHandlerContext.java:345)
05-22 18:05:42.020 E/appium  ( 8060): 	at io.netty.channel.CombinedChannelDuplexHandler$DelegatingChannelHandlerContext.fireChannelRead(CombinedChannelDuplexHandler.java:435)
05-22 18:05:42.020 E/appium  ( 8060): 	at io.netty.handler.codec.ByteToMessageDecoder.fireChannelRead(ByteToMessageDecoder.java:293)
05-22 18:05:42.020 E/appium  ( 8060): 	at io.netty.handler.codec.ByteToMessageDecoder.channelRead(ByteToMessageDecoder.java:267)
05-22 18:05:42.020 E/appium  ( 8060): 	at io.netty.channel.CombinedChannelDuplexHandler.channelRead(CombinedChannelDuplexHandler.java:250)
05-22 18:05:42.020 E/appium  ( 8060): 	at io.netty.channel.AbstractChannelHandlerContext.invokeChannelRead(AbstractChannelHandlerContext.java:366)
05-22 18:05:42.020 E/appium  ( 8060): 	at io.netty.channel.AbstractChannelHandlerContext.invokeChannelRead(AbstractChannelHandlerContext.java:352)
05-22 18:05:42.020 E/appium  ( 8060): 	at io.netty.channel.AbstractChannelHandlerContext.fireChannelRead(AbstractChannelHandlerContext.java:345)
05-22 18:05:42.020 E/appium  ( 8060): 	at io.netty.channel.DefaultChannelPipeline$HeadContext.channelRead(DefaultChannelPipeline.java:1294)
05-22 18:05:42.020 E/appium  ( 8060): 	at io.netty.channel.AbstractChannelHandlerContext.invokeChannelRead(AbstractChannelHandlerContext.java:366)
05-22 18:05:42.020 E/appium  ( 8060): 	at io.netty.channel.AbstractChannelHandlerContext.invokeChannelRead(AbstractChannelHandlerContext.java:352)
05-22 18:05:42.020 E/appium  ( 8060): 	at io.netty.channel.DefaultChannelPipeline.fireChannelRead(DefaultChannelPipeline.java:911)
05-22 18:05:42.020 E/appium  ( 8060): 	at io.netty.channel.nio.AbstractNioByteChannel$NioByteUnsafe.read(AbstractNioByteChannel.java:131)
05-22 18:05:42.020 E/appium  ( 8060): 	at io.netty.channel.nio.NioEventLoop.processSelectedKey(NioEventLoop.java:611)
05-22 18:05:42.020 E/appium  ( 8060): 	at io.netty.channel.nio.NioEventLoop.processSelectedKeysPlain(NioEventLoop.java:514)
05-22 18:05:42.020 E/appium  ( 8060): 	at io.netty.channel.nio.NioEventLoop.processSelectedKeys(NioEventLoop.java:468)
05-22 18:05:42.020 E/appium  ( 8060): 	at io.netty.channel.nio.NioEventLoop.run(NioEventLoop.java:438)
05-22 18:05:42.020 E/appium  ( 8060): 	at io.netty.util.concurrent.SingleThreadEventExecutor$2.run(SingleThreadEventExecutor.java:140)
05-22 18:05:42.020 E/appium  ( 8060): 	at io.netty.util.concurrent.DefaultThreadFactory$DefaultRunnableDecorator.run(DefaultThreadFactory.java:144)
05-22 18:05:42.020 E/appium  ( 8060): 	at java.lang.Thread.run(Thread.java:841)
05-22 18:05:42.040 E/appium  ( 8060): Exception while handling action in: io.appium.uiautomator2.handler.SendKeysToElement
05-22 18:05:42.040 E/appium  ( 8060): java.lang.NullPointerException
05-22 18:05:42.040 E/appium  ( 8060): 	at android.support.test.uiautomator.UiObject2.setText(UiObject2.java:601)
05-22 18:05:42.040 E/appium  ( 8060): 	at io.appium.uiautomator2.model.UiObject2Element.setText(UiObject2Element.java:129)
05-22 18:05:42.040 E/appium  ( 8060): 	at io.appium.uiautomator2.handler.SendKeysToElement.safeHandle(SendKeysToElement.java:83)
05-22 18:05:42.040 E/appium  ( 8060): 	at io.appium.uiautomator2.handler.request.SafeRequestHandler.handle(SafeRequestHandler.java:56)
05-22 18:05:42.040 E/appium  ( 8060): 	at io.appium.uiautomator2.server.AppiumServlet.handleRequest(AppiumServlet.java:202)
05-22 18:05:42.040 E/appium  ( 8060): 	at io.appium.uiautomator2.server.AppiumServlet.handleHttpRequest(AppiumServlet.java:193)
05-22 18:05:42.040 E/appium  ( 8060): 	at io.appium.uiautomator2.http.ServerHandler.channelRead(ServerHandler.java:44)
05-22 18:05:42.040 E/appium  ( 8060): 	at io.netty.channel.AbstractChannelHandlerContext.invokeChannelRead(AbstractChannelHandlerContext.java:366)
05-22 18:05:42.040 E/appium  ( 8060): 	at io.netty.channel.AbstractChannelHandlerContext.invokeChannelRead(AbstractChannelHandlerContext.java:352)
05-22 18:05:42.040 E/appium  ( 8060): 	at io.netty.channel.AbstractChannelHandlerContext.fireChannelRead(AbstractChannelHandlerContext.java:345)
05-22 18:05:42.040 E/appium  ( 8060): 	at io.netty.handler.codec.MessageToMessageDecoder.channelRead(MessageToMessageDecoder.java:102)
05-22 18:05:42.040 E/appium  ( 8060): 	at io.netty.channel.AbstractChannelHandlerContext.invokeChannelRead(AbstractChannelHandlerContext.java:366)
05-22 18:05:42.040 E/appium  ( 8060): 	at io.netty.channel.AbstractChannelHandlerContext.invokeChannelRead(AbstractChannelHandlerContext.java:352)
05-22 18:05:42.040 E/appium  ( 8060): 	at io.netty.channel.AbstractChannelHandlerContext.fireChannelRead(AbstractChannelHandlerContext.java:345)
05-22 18:05:42.040 E/appium  ( 8060): 	at io.netty.channel.CombinedChannelDuplexHandler$DelegatingChannelHandlerContext.fireChannelRead(CombinedChannelDuplexHandler.java:435)
05-22 18:05:42.040 E/appium  ( 8060): 	at io.netty.handler.codec.ByteToMessageDecoder.fireChannelRead(ByteToMessageDecoder.java:293)
05-22 18:05:42.040 E/appium  ( 8060): 	at io.netty.handler.codec.ByteToMessageDecoder.channelRead(ByteToMessageDecoder.java:267)
05-22 18:05:42.040 E/appium  ( 8060): 	at io.netty.channel.CombinedChannelDuplexHandler.channelRead(CombinedChannelDuplexHandler.java:250)
05-22 18:05:42.040 E/appium  ( 8060): 	at io.netty.channel.AbstractChannelHandlerContext.invokeChannelRead(AbstractChannelHandlerContext.java:366)
05-22 18:05:42.040 E/appium  ( 8060): 	at io.netty.channel.AbstractChannelHandlerContext.invokeChannelRead(AbstractChannelHandlerContext.java:352)
05-22 18:05:42.040 E/appium  ( 8060): 	at io.netty.channel.AbstractChannelHandlerContext.fireChannelRead(AbstractChannelHandlerContext.java:345)
05-22 18:05:42.040 E/appium  ( 8060): 	at io.netty.channel.DefaultChannelPipeline$HeadContext.channelRead(DefaultChannelPipeline.java:1294)
05-22 18:05:42.040 E/appium  ( 8060): 	at io.netty.channel.AbstractChannelHandlerContext.invokeChannelRead(AbstractChannelHandlerContext.java:366)
05-22 18:05:42.040 E/appium  ( 8060): 	at io.netty.channel.AbstractChannelHandlerContext.invokeChannelRead(AbstractChannelHandlerContext.java:352)
05-22 18:05:42.040 E/appium  ( 8060): 	at io.netty.channel.DefaultChannelPipeline.fireChannelRead(DefaultChannelPipeline.java:911)
05-22 18:05:42.040 E/appium  ( 8060): 	at io.netty.channel.nio.AbstractNioByteChannel$NioByteUnsafe.read(AbstractNioByteChannel.java:131)
05-22 18:05:42.040 E/appium  ( 8060): 	at io.netty.channel.nio.NioEventLoop.processSelectedKey(NioEventLoop.java:611)
05-22 18:05:42.040 E/appium  ( 8060): 	at io.netty.channel.nio.NioEventLoop.processSelectedKeysPlain(NioEventLoop.java:514)
