05-18 09:10:16.015 E/WifiTrafficPoller(  851): TRAFFIC_STATS_POLL true Token 2644 num clients 16
05-18 09:10:16.015 E/WifiTrafficPoller(  851):  packet count Tx=1745297 Rx=5732399
05-18 09:10:16.015 E/WifiTrafficPoller(  851): notifying of data activity 3
05-18 09:10:16.208 E/memtrack( 7510): Couldn't load memtrack module (No such file or directory)
05-18 09:10:16.208 E/android.os.Debug( 7510): failed to load memtrack module: -2
05-18 09:10:17.017 E/WifiTrafficPoller(  851): TRAFFIC_STATS_POLL true Token 2644 num clients 16
05-18 09:10:17.017 E/WifiTrafficPoller(  851):  packet count Tx=1745299 Rx=5732413
05-18 09:10:17.168 E/memtrack( 7529): Couldn't load memtrack module (No such file or directory)
05-18 09:10:17.168 E/android.os.Debug( 7529): failed to load memtrack module: -2
05-18 09:10:17.904 E/WifiStateMachine(  851):  ConnectedState (when=-3ms what=131155 arg1=591!CMD_RSSI_POLL 591 0 "BOCO-office" 94:b4:0f:68:a4:b1 rssi=-52 f=5785 sc=80 link=135 tx=3.1, 0.0, 0.0  rx=44.9 bcn=0 [on:0 tx:0 rx:0 period:3001] from screen [on:0 period:608376976] gl rssi=-52 ag=0 hr ticks 314,77,49 ls-=0 [56,56,56,56,61] brc=0 lrc=0
05-18 09:10:17.905 E/WifiStateMachine(  851):  L2ConnectedState (when=-4ms what=131155 arg1=591!CMD_RSSI_POLL 591 0 "BOCO-office" 94:b4:0f:68:a4:b1 rssi=-52 f=5785 sc=80 link=135 tx=3.1, 0.0, 0.0  rx=44.9 bcn=0 [on:0 tx:0 rx:0 period:1] from screen [on:0 period:608376977] gl rssi=-52 ag=0 hr ticks 314,77,49 ls-=0 [56,56,56,56,61] brc=0 lrc=0
05-18 09:10:17.906 E/WifiStateMachine(  851):  get link layer stats 0
05-18 09:10:17.920 E/WifiStateMachine(  851): calculateWifiScore() we set wifi's score to 1000, so will always set wifi as a default network.
05-18 09:10:17.941 E/memtrack( 7546): Couldn't load memtrack module (No such file or directory)
05-18 09:10:17.941 E/android.os.Debug( 7546): failed to load memtrack module: -2
05-18 09:10:18.018 E/WifiTrafficPoller(  851): TRAFFIC_STATS_POLL true Token 2644 num clients 16
05-18 09:10:18.019 E/WifiTrafficPoller(  851):  packet count Tx=1745299 Rx=5732423
05-18 09:10:18.019 E/WifiTrafficPoller(  851): notifying of data activity 1
05-18 09:10:18.277 E/NotificationService(  851): Suppressing notification from package com.qihoo.appstore by user request.
05-18 09:10:18.618 E/NotificationService(  851): Suppressing notification from package com.qihoo.appstore by user request.
05-18 09:10:18.928 E/AppStore.AppstoreProvider( 7660): AppstoreProvider:delete:160128-358=>delete failed PACKAGE_REPLACE
05-18 09:10:19.020 E/WifiTrafficPoller(  851): TRAFFIC_STATS_POLL true Token 2644 num clients 15
05-18 09:10:19.020 E/WifiTrafficPoller(  851):  packet count Tx=1745299 Rx=5732433
05-18 09:10:19.296 E/memtrack( 7739): Couldn't load memtrack module (No such file or directory)
05-18 09:10:19.296 E/android.os.Debug( 7739): failed to load memtrack module: -2
05-18 09:10:19.578 E/NativeCrypto( 2186): ssl=0x7f8ddd5b00 cert_verify_callback x509_store_ctx=0x7f8cdf6ce8 arg=0x0
05-18 09:10:19.578 E/NativeCrypto( 2186): ssl=0x7f8ddd5b00 cert_verify_callback calling verifyCertificateChain authMethod=ECDHE_RSA
05-18 09:10:19.594 E/NativeCrypto( 2186): ssl=0x7f8ddd6900 cert_verify_callback x509_store_ctx=0x7f911ffce8 arg=0x0
05-18 09:10:19.594 E/NativeCrypto( 2186): ssl=0x7f8ddd6900 cert_verify_callback calling verifyCertificateChain authMethod=ECDHE_RSA
05-18 09:10:19.599 E/NativeCrypto( 2186): ssl=0x7f9ea88d00 cert_verify_callback x509_store_ctx=0x7f89dfec78 arg=0x0
05-18 09:10:19.600 E/NativeCrypto( 2186): ssl=0x7f9ea88d00 cert_verify_callback calling verifyCertificateChain authMethod=ECDHE_RSA
05-18 09:10:19.610 E/NativeCrypto( 2186): ssl=0x7f9ea8a580 cert_verify_callback x509_store_ctx=0x7f8cffebd8 arg=0x0
05-18 09:10:19.614 E/NativeCrypto( 2186): ssl=0x7f9ea8a580 cert_verify_callback calling verifyCertificateChain authMethod=ECDHE_RSA
05-18 09:10:19.991 E/MPlugin ( 7613): Unsupported class: com.mediatek.common.telephony.IOnlyOwnerSimSupport
05-18 09:10:20.006 E/NativeCrypto( 2186): ssl=0x7f9ea8a580 cert_verify_callback x509_store_ctx=0x7f8cffec78 arg=0x0
05-18 09:10:20.012 E/NativeCrypto( 2186): ssl=0x7f9ea88d00 cert_verify_callback x509_store_ctx=0x7f89dfec78 arg=0x0
05-18 09:10:20.013 E/NativeCrypto( 2186): ssl=0x7f9ea88d00 cert_verify_callback calling verifyCertificateChain authMethod=ECDHE_RSA
05-18 09:10:20.014 E/NativeCrypto( 2186): ssl=0x7f9ea8a580 cert_verify_callback calling verifyCertificateChain authMethod=ECDHE_RSA
05-18 09:10:20.021 E/WifiTrafficPoller(  851): TRAFFIC_STATS_POLL true Token 2644 num clients 15
05-18 09:10:20.022 E/WifiTrafficPoller(  851):  packet count Tx=1745375 Rx=5732519
05-18 09:10:20.022 E/WifiTrafficPoller(  851): notifying of data activity 3
05-18 09:10:20.042 E/UpdateManager( 2186): onFinish() null == resp
05-18 09:10:20.090 E/memtrack( 7829): Couldn't load memtrack module (No such file or directory)
05-18 09:10:20.090 E/android.os.Debug( 7829): failed to load memtrack module: -2
05-18 09:10:20.325 E/NotificationService(  851): Suppressing notification from package com.qihoo.appstore by user request.
05-18 09:10:20.418 E/AppFeature( 7947): gyroscope_check2_delay_game_support--false
05-18 09:10:20.418 E/AppFeature( 7947): ktv_sound_support--true
05-18 09:10:20.418 E/AppFeature( 7947): flashlight_calibration_support--true
05-18 09:10:20.418 E/AppFeature( 7947): flashlight_support--false
05-18 09:10:20.418 E/AppFeature( 7947): fm_support--true
05-18 09:10:20.418 E/AppFeature( 7947): hardware_adc_version_support--true
05-18 09:10:20.418 E/AppFeature( 7947): camera_noi_red_support--false
05-18 09:10:20.418 E/AppFeature( 7947): new_camera_support--false
05-18 09:10:20.418 E/AppFeature( 7947): new_hand_write_test_support--true
05-18 09:10:20.418 E/AppFeature( 7947): smart_amprifier_support--true
05-18 09:10:20.418 E/AppFeature( 7947): udisk_cali_support--false
05-18 09:10:20.418 E/AppFeature( 7947): electronic_compass_support--true
05-18 09:10:20.418 E/AppFeature( 7947): gyroscope_support--false
05-18 09:10:20.418 E/AppFeature( 7947): camera_and_focus_key_test_support--false
05-18 09:10:20.418 E/AppFeature( 7947): gesture_cali_support--false
05-18 09:10:20.418 E/AppFeature( 7947): dual_speaker_support--false
05-18 09:10:20.418 E/AppFeature( 7947): smart_spearker_amplifier_cali_support--true
05-18 09:10:20.418 E/AppFeature( 7947): right_speaker_support--false
05-18 09:10:20.418 E/AppFeature( 7947): sub_echo_support--false
05-18 09:10:20.418 E/AppFeature( 7947): fingercoverage_support--true
05-18 09:10:20.418 E/AppFeature( 7947): speaker_resdetect_support--true
05-18 09:10:20.418 E/AppFeature( 7947): hifi_support--true
05-18 09:10:20.418 E/AppFeature( 7947): phone_type_support--false
05-18 09:10:20.422 E/AppFeature( 7947): sdcard_hot_plug_support--true
05-18 09:10:20.422 E/AppFeature( 7947): flash_light_cali_support--true
05-18 09:10:20.422 E/AppFeature( 7947): fingerprint_support--true
05-18 09:10:20.422 E/AppFeature( 7947): qcom_modem_version_support--false
05-18 09:10:20.422 E/AppFeature( 7947): charger_test_support--true
05-18 09:10:20.422 E/AppFeature( 7947): battery_info_support--true
05-18 09:10:20.423 E/AppFeature( 7947): 3g_test_support--false
05-18 09:10:20.423 E/AppFeature( 7947): dual_light_support--false
05-18 09:10:20.423 E/AppFeature( 7947): button_light_support--false
05-18 09:10:20.423 E/AppFeature( 7947): virtual_sim--true
05-18 09:10:20.423 E/AppFeature( 7947): camera_pdaf--true
05-18 09:10:20.423 E/AppFeature( 7947): gsensor_lis3dh_support--false
05-18 09:10:20.423 E/AppFeature( 7947): touch_panel_devices_support--true
05-18 09:10:20.423 E/AppFeature( 7947): em_proximity_gesture_support--false
05-18 09:10:20.423 E/AppFeature( 7947): double_flashlight_verify_support--false
05-18 09:10:20.423 E/AppFeature( 7947): lcd_color_cali_support--false
05-18 09:10:20.423 E/AppFeature( 7947): double_hifi_support--false
05-18 09:10:20.423 E/AppFeature( 7947): music_test_rom1_0_ex_support--false
05-18 09:10:20.423 E/AppFeature( 7947): version_info_support--false
05-18 09:10:20.423 E/AppFeature( 7947): net_banding_set_support--false
05-18 09:10:20.423 E/AppFeature( 7947): kernel_accelerometer_support--
05-18 09:10:20.423 E/AppFeature( 7947): lcm_chroma_adjust_support--false
05-18 09:10:20.423 E/AppFeature( 7947): left_speaker_support--false
05-18 09:10:20.441 E/NativeCrypto( 2186): ssl=0x7f8ddd6200 cert_verify_callback x509_store_ctx=0x7f8cdf6cc8 arg=0x0
05-18 09:10:20.441 E/NativeCrypto( 2186): ssl=0x7f8ddd6200 cert_verify_callback calling verifyCertificateChain authMethod=ECDHE_RSA
05-18 09:10:20.447 E/NativeCrypto( 2186): ssl=0x7f8ddd7700 cert_verify_callback x509_store_ctx=0x7f911ffcc8 arg=0x0
05-18 09:10:20.449 E/NativeCrypto( 2186): ssl=0x7f8ddd7700 cert_verify_callback calling verifyCertificateChain authMethod=ECDHE_RSA
05-18 09:10:20.515 E/NativeCrypto( 2186): ssl=0x7f9ea8a580 cert_verify_callback x509_store_ctx=0x7f8cffec78 arg=0x0
05-18 09:10:20.515 E/NativeCrypto( 2186): ssl=0x7f9ea8a580 cert_verify_callback calling verifyCertificateChain authMethod=ECDHE_RSA
05-18 09:10:20.520 E/NotificationService(  851): Suppressing notification from package com.qihoo.appstore by user request.
05-18 09:10:20.522 E/NativeCrypto( 2186): ssl=0x7f9ea88d00 cert_verify_callback x509_store_ctx=0x7f89dfec78 arg=0x0
05-18 09:10:20.522 E/NativeCrypto( 2186): ssl=0x7f9ea88d00 cert_verify_callback calling verifyCertificateChain authMethod=ECDHE_RSA
05-18 09:10:20.916 E/PluginFramework( 7613): Didn't find class "com.qihoo360.mobilesafe.api.IPC" on path: DexPathList[[zip file "/data/data/com.qihoo.appstore/Plugin/com.qihoo360.mobilesafe.clean/apk/base-1.apk"],nativeLibraryDirectories=[/data/data/com.qihoo.appstore/Plugin/com.qihoo360.mobilesafe.clean/lib, /vendor/lib, /system/lib]]
05-18 09:10:20.916 E/PluginFramework( 7613): java.lang.ClassNotFoundException: Didn't find class "com.qihoo360.mobilesafe.api.IPC" on path: DexPathList[[zip file "/data/data/com.qihoo.appstore/Plugin/com.qihoo360.mobilesafe.clean/apk/base-1.apk"],nativeLibraryDirectories=[/data/data/com.qihoo.appstore/Plugin/com.qihoo360.mobilesafe.clean/lib, /vendor/lib, /system/lib]]
05-18 09:10:20.916 E/PluginFramework( 7613): 	at dalvik.system.BaseDexClassLoader.findClass(BaseDexClassLoader.java:56)
05-18 09:10:20.916 E/PluginFramework( 7613): 	at java.lang.ClassLoader.loadClass(ClassLoader.java:511)
05-18 09:10:20.916 E/PluginFramework( 7613): 	at com.morgoo.droidplugin.b.a.loadClass(AppStore:74)
05-18 09:10:20.916 E/PluginFramework( 7613): 	at java.lang.ClassLoader.loadClass(ClassLoader.java:469)
05-18 09:10:20.916 E/PluginFramework( 7613): 	at com.qihoo360.i.PluginFramework.a(Clean:71)
05-18 09:10:20.916 E/PluginFramework( 7613): 	at com.qihoo360.i.PluginFramework.init(Clean:49)
05-18 09:10:20.916 E/PluginFramework( 7613): 	at clean.jj.<init>(Clean:500)
05-18 09:10:20.916 E/PluginFramework( 7613): 	at com.qihoo360.mobilesafe.clean.rely.PluginService.onBind(Clean:63)
05-18 09:10:20.916 E/PluginFramework( 7613): 	at com.morgoo.droidplugin.stub.h.c(AppStore:207)
05-18 09:10:20.916 E/PluginFramework( 7613): 	at com.morgoo.droidplugin.stub.h.b(AppStore:275)
05-18 09:10:20.916 E/PluginFramework( 7613): 	at com.morgoo.droidplugin.stub.AbstractServiceStub.onBind(AppStore:145)
05-18 09:10:20.916 E/PluginFramework( 7613): 	at android.app.ActivityThread.handleBindService(ActivityThread.java:3073)
05-18 09:10:20.916 E/PluginFramework( 7613): 	at android.app.ActivityThread.access$2000(ActivityThread.java:188)
05-18 09:10:20.916 E/PluginFramework( 7613): 	at android.app.ActivityThread$H.handleMessage(ActivityThread.java:1609)
05-18 09:10:20.916 E/PluginFramework( 7613): 	at android.os.Handler.dispatchMessage(Handler.java:111)
05-18 09:10:20.916 E/PluginFramework( 7613): 	at android.os.Looper.loop(Looper.java:194)
05-18 09:10:20.916 E/PluginFramework( 7613): 	at android.app.ActivityThread.main(ActivityThread.java:5714)
05-18 09:10:20.916 E/PluginFramework( 7613): 	at java.lang.reflect.Method.invoke(Native Method)
05-18 09:10:20.916 E/PluginFramework( 7613): 	at java.lang.reflect.Method.invoke(Method.java:372)
05-18 09:10:20.916 E/PluginFramework( 7613): 	at com.android.internal.os.ZygoteInit$MethodAndArgsCaller.run(ZygoteInit.java:984)
05-18 09:10:20.916 E/PluginFramework( 7613): 	at com.android.internal.os.ZygoteInit.main(ZygoteInit.java:779)
05-18 09:10:20.916 E/PluginFramework( 7613): 	Suppressed: java.lang.ClassNotFoundException: Didn't find class "com.qihoo360.mobilesafe.api.IPC" on path: DexPathList[[directory "."],nativeLibraryDirectories=[/vendor/lib, /system/lib]]
05-18 09:10:20.916 E/PluginFramework( 7613): 		at dalvik.system.BaseDexClassLoader.findClass(BaseDexClassLoader.java:56)
05-18 09:10:20.916 E/PluginFramework( 7613): 		at java.lang.ClassLoader.loadClass(ClassLoader.java:511)
05-18 09:10:20.916 E/PluginFramework( 7613): 		at java.lang.ClassLoader.loadClass(ClassLoader.java:504)
05-18 09:10:20.916 E/PluginFramework( 7613): 		... 19 more
05-18 09:10:20.916 E/PluginFramework( 7613): 		Suppressed: java.lang.ClassNotFoundException: com.qihoo360.mobilesafe.api.IPC
05-18 09:10:20.916 E/PluginFramework( 7613): 			at java.lang.Class.classForName(Native Method)
05-18 09:10:20.916 E/PluginFramework( 7613): 			at java.lang.BootClassLoader.findClass(ClassLoader.java:781)
05-18 09:10:20.916 E/PluginFramework( 7613): 			at java.lang.BootClassLoader.loadClass(ClassLoader.java:841)
05-18 09:10:20.916 E/PluginFramework( 7613): 			at java.lang.ClassLoader.loadClass(ClassLoader.java:504)
05-18 09:10:20.916 E/PluginFramework( 7613): 			... 20 more
05-18 09:10:20.916 E/PluginFramework( 7613): 		Caused by: java.lang.NoClassDefFoundError: Class not found using the boot class loader; no stack available
05-18 09:10:20.920 E/WifiStateMachine(  851):  ConnectedState (when=0 what=131155 arg1=591!CMD_RSSI_POLL 591 0 "BOCO-office" 94:b4:0f:68:a4:b1 rssi=-50 f=5785 sc=80 link=135 tx=3.1, 0.0, 0.0  rx=40.4 bcn=0 [on:0 tx:0 rx:0 period:2998] from screen [on:0 period:608379992] gl rssi=-50 ag=0 hr ticks 314,77,49 ls-=0 [56,56,56,56,61] brc=0 lrc=0
05-18 09:10:20.921 E/WifiStateMachine(  851):  L2ConnectedState (when=-1ms what=131155 arg1=591!CMD_RSSI_POLL 591 0 "BOCO-office" 94:b4:0f:68:a4:b1 rssi=-50 f=5785 sc=80 link=135 tx=3.1, 0.0, 0.0  rx=40.4 bcn=0 [on:0 tx:0 rx:0 period:1] from screen [on:0 period:608379993] gl rssi=-50 ag=0 hr ticks 314,77,49 ls-=0 [56,56,56,56,61] brc=0 lrc=0
05-18 09:10:20.921 E/WifiStateMachine(  851):  get link layer stats 0
05-18 09:10:20.923 E/WifiStateMachine(  851): calculateWifiScore() we set wifi's score to 1000, so will always set wifi as a default network.
05-18 09:10:21.023 E/WifiTrafficPoller(  851): TRAFFIC_STATS_POLL true Token 2644 num clients 15
05-18 09:10:21.023 E/WifiTrafficPoller(  851):  packet count Tx=1745495 Rx=5732688
05-18 09:10:22.010 E/memtrack( 8107): Couldn't load memtrack module (No such file or directory)
05-18 09:10:22.010 E/android.os.Debug( 8107): failed to load memtrack module: -2
05-18 09:10:22.024 E/WifiTrafficPoller(  851): TRAFFIC_STATS_POLL true Token 2644 num clients 15
05-18 09:10:22.025 E/WifiTrafficPoller(  851):  packet count Tx=1745495 Rx=5732711
05-18 09:10:22.025 E/WifiTrafficPoller(  851): notifying of data activity 1
05-18 09:10:22.223 E/SurfaceFlinger(  285): onDraw: bindTextureImage test
05-18 09:10:22.240 E/SurfaceFlinger(  285): onDraw: bindTextureImage test
05-18 09:10:22.257 E/SurfaceFlinger(  285): onDraw: bindTextureImage test
05-18 09:10:22.274 E/SurfaceFlinger(  285): onDraw: bindTextureImage test
05-18 09:10:22.291 E/SurfaceFlinger(  285): onDraw: bindTextureImage test
05-18 09:10:22.307 E/SurfaceFlinger(  285): onDraw: bindTextureImage test
05-18 09:10:22.324 E/SurfaceFlinger(  285): onDraw: bindTextureImage test
05-18 09:10:22.341 E/SurfaceFlinger(  285): onDraw: bindTextureImage test
05-18 09:10:22.790 E/MPlugin ( 8078): Unsupported class: com.mediatek.common.telephony.IOnlyOwnerSimSupport
05-18 09:10:23.026 E/WifiTrafficPoller(  851): TRAFFIC_STATS_POLL true Token 2644 num clients 15
05-18 09:10:23.027 E/WifiTrafficPoller(  851):  packet count Tx=1745495 Rx=5732725
05-18 09:10:23.799 E/AppStore.AppstoreProvider( 7660): AppstoreProvider:delete:160128-358=>delete failed PACKAGE_REPLACE
05-18 09:10:23.927 E/WifiStateMachine(  851):  ConnectedState (when=-3ms what=131155 arg1=591!CMD_RSSI_POLL 591 0 "BOCO-office" 94:b4:0f:68:a4:b1 rssi=-51 f=5785 sc=80 link=135 tx=99.5, 0.0, 0.0  rx=151.7 bcn=0 [on:0 tx:0 rx:0 period:3002] from screen [on:0 period:608382999] gl rssi=-51 ag=0 hr ticks 314,77,49 ls-=0 [56,56,60,60,65] brc=0 lrc=0
05-18 09:10:23.928 E/WifiStateMachine(  851):  L2ConnectedState (when=-4ms what=131155 arg1=591!CMD_RSSI_POLL 591 0 "BOCO-office" 94:b4:0f:68:a4:b1 rssi=-51 f=5785 sc=80 link=135 tx=99.5, 0.0, 0.0  rx=151.7 bcn=0 [on:0 tx:0 rx:0 period:1] from screen [on:0 period:608383000] gl rssi=-51 ag=0 hr ticks 314,77,49 ls-=0 [56,56,60,60,65] brc=0 lrc=0
05-18 09:10:23.928 E/WifiStateMachine(  851):  get link layer stats 0
05-18 09:10:23.949 E/WifiStateMachine(  851): calculateWifiScore() we set wifi's score to 1000, so will always set wifi as a default network.
05-18 09:10:24.027 E/WifiTrafficPoller(  851): TRAFFIC_STATS_POLL true Token 2644 num clients 15
05-18 09:10:24.028 E/WifiTrafficPoller(  851):  packet count Tx=1745495 Rx=5732741
05-18 09:10:24.663 E/SurfaceFlinger(  285): onDraw: bindTextureImage test
05-18 09:10:24.679 E/SurfaceFlinger(  285): onDraw: bindTextureImage test
05-18 09:10:24.696 E/SurfaceFlinger(  285): onDraw: bindTextureImage test
05-18 09:10:24.713 E/SurfaceFlinger(  285): onDraw: bindTextureImage test
05-18 09:10:24.730 E/SurfaceFlinger(  285): onDraw: bindTextureImage test
05-18 09:10:24.764 E/SurfaceFlinger(  285): onDraw: bindTextureImage test
05-18 09:10:24.866 E/SurfaceFlinger(  285): onDraw: bindTextureImage test
05-18 09:10:24.886 E/SurfaceFlinger(  285): onDraw: bindTextureImage test
05-18 09:10:24.900 E/SurfaceFlinger(  285): onDraw: bindTextureImage test
05-18 09:10:24.918 E/SurfaceFlinger(  285): onDraw: bindTextureImage test
05-18 09:10:24.933 E/SurfaceFlinger(  285): onDraw: bindTextureImage test
05-18 09:10:24.950 E/SurfaceFlinger(  285): onDraw: bindTextureImage test
05-18 09:10:24.966 E/SurfaceFlinger(  285): onDraw: bindTextureImage test
05-18 09:10:24.985 E/SurfaceFlinger(  285): onDraw: bindTextureImage test
05-18 09:10:25.002 E/SurfaceFlinger(  285): onDraw: bindTextureImage test
05-18 09:10:25.019 E/SurfaceFlinger(  285): onDraw: bindTextureImage test
05-18 09:10:25.028 E/WifiTrafficPoller(  851): TRAFFIC_STATS_POLL true Token 2644 num clients 15
05-18 09:10:25.029 E/WifiTrafficPoller(  851):  packet count Tx=1745495 Rx=5732755
05-18 09:10:25.040 E/SurfaceFlinger(  285): onDraw: bindTextureImage test
05-18 09:10:25.621 E/SurfaceFlinger(  285): onDraw: bindTextureImage test
05-18 09:10:25.638 E/SurfaceFlinger(  285): onDraw: bindTextureImage test
05-18 09:10:25.655 E/SurfaceFlinger(  285): onDraw: bindTextureImage test
05-18 09:10:25.671 E/SurfaceFlinger(  285): onDraw: bindTextureImage test
05-18 09:10:25.688 E/SurfaceFlinger(  285): onDraw: bindTextureImage test
05-18 09:10:25.705 E/SurfaceFlinger(  285): onDraw: bindTextureImage test
05-18 09:10:25.722 E/SurfaceFlinger(  285): onDraw: bindTextureImage test
05-18 09:10:25.739 E/SurfaceFlinger(  285): onDraw: bindTextureImage test
05-18 09:10:25.756 E/SurfaceFlinger(  285): onDraw: bindTextureImage test
05-18 09:10:25.757 E/MPlugin ( 8057): Unsupported class: com.mediatek.common.telephony.IOnlyOwnerSimSupport
05-18 09:10:25.772 E/SurfaceFlinger(  285): onDraw: bindTextureImage test
05-18 09:10:25.789 E/SurfaceFlinger(  285): onDraw: bindTextureImage test
05-18 09:10:26.003 E/VivoGame.GameProvider( 8057): update table game_item failed
05-18 09:10:26.021 E/VivoGame.GameProvider( 8057): update table game_item failed
05-18 09:10:26.029 E/WifiTrafficPoller(  851): TRAFFIC_STATS_POLL true Token 2644 num clients 15
05-18 09:10:26.030 E/WifiTrafficPoller(  851):  packet count Tx=1745504 Rx=5732774
05-18 09:10:26.030 E/WifiTrafficPoller(  851): notifying of data activity 3
05-18 09:10:26.043 E/VivoGame.GameProvider( 8057): update table game_item failed
05-18 09:10:26.068 E/VivoGame.GameProvider( 8057): update table game_item failed
05-18 09:10:26.075 E/VivoGame.GameProvider( 8057): update table game_item failed
05-18 09:10:26.111 E/VivoGame.GameProvider( 8057): update table game_item failed
05-18 09:10:26.953 E/WifiStateMachine(  851):  ConnectedState (when=-3ms what=131155 arg1=591!CMD_RSSI_POLL 591 0 "BOCO-office" 94:b4:0f:68:a4:b1 rssi=-51 f=5785 sc=80 link=135 tx=49.8, 0.0, 0.0  rx=104.4 bcn=0 [on:0 tx:0 rx:0 period:3001] from screen [on:0 period:608386025] gl rssi=-51 ag=0 hr ticks 314,77,49 ls-=0 [56,56,60,60,65] brc=0 lrc=0
05-18 09:10:26.954 E/WifiStateMachine(  851):  L2ConnectedState (when=-4ms what=131155 arg1=591!CMD_RSSI_POLL 591 0 "BOCO-office" 94:b4:0f:68:a4:b1 rssi=-51 f=5785 sc=80 link=135 tx=49.8, 0.0, 0.0  rx=104.4 bcn=0 [on:0 tx:0 rx:0 period:1] from screen [on:0 period:608386026] gl rssi=-51 ag=0 hr ticks 314,77,49 ls-=0 [56,56,60,60,65] brc=0 lrc=0
05-18 09:10:26.954 E/WifiStateMachine(  851):  get link layer stats 0
05-18 09:10:26.958 E/WifiStateMachine(  851): calculateWifiScore() we set wifi's score to 1000, so will always set wifi as a default network.
05-18 09:10:27.030 E/WifiTrafficPoller(  851): TRAFFIC_STATS_POLL true Token 2644 num clients 15
05-18 09:10:27.031 E/WifiTrafficPoller(  851):  packet count Tx=1745516 Rx=5732798
05-18 09:10:28.033 E/WifiTrafficPoller(  851): TRAFFIC_STATS_POLL true Token 2644 num clients 15
05-18 09:10:28.033 E/WifiTrafficPoller(  851):  packet count Tx=1745521 Rx=5732810
05-18 09:10:28.355 E/NotificationService(  851): Suppressing notification from package com.qihoo.appstore by user request.
05-18 09:10:28.357 E/NotificationService(  851): Suppressing notification from package com.qihoo.appstore by user request.
05-18 09:10:28.379 E/lowmemorykiller(  277): Error writing /proc/8078/oom_score_adj; errno=22
05-18 09:10:28.543 E/lowmemorykiller(  277): Error writing /proc/8078/oom_score_adj; errno=22
05-18 09:10:28.773 E/BCBPackageTask( 1118): Get serviceInfos Error!!
05-18 09:10:29.033 E/WifiTrafficPoller(  851): TRAFFIC_STATS_POLL true Token 2644 num clients 15
05-18 09:10:29.034 E/WifiTrafficPoller(  851):  packet count Tx=1745523 Rx=5732820
05-18 09:10:29.839 E/MPlugin ( 7714): Unsupported class: com.mediatek.common.telephony.IOnlyOwnerSimSupport
05-18 09:10:29.889 E/WifiTrafficPoller(  851): ADD_CLIENT: 16
05-18 09:10:29.962 E/WifiStateMachine(  851):  ConnectedState (when=-3ms what=131155 arg1=591!CMD_RSSI_POLL 591 0 "BOCO-office" 94:b4:0f:68:a4:b1 rssi=-51 f=5785 sc=80 link=135 tx=35.4, 0.0, 0.0  rx=81.2 bcn=0 [on:0 tx:0 rx:0 period:3002] from screen [on:0 period:608389034] gl rssi=-51 ag=0 hr ticks 314,77,49 ls-=0 [56,56,60,60,65] brc=0 lrc=0
05-18 09:10:29.963 E/WifiStateMachine(  851):  L2ConnectedState (when=-4ms what=131155 arg1=591!CMD_RSSI_POLL 591 0 "BOCO-office" 94:b4:0f:68:a4:b1 rssi=-51 f=5785 sc=80 link=135 tx=35.4, 0.0, 0.0  rx=81.2 bcn=0 [on:0 tx:0 rx:0 period:1] from screen [on:0 period:608389035] gl rssi=-51 ag=0 hr ticks 314,77,49 ls-=0 [56,56,60,60,65] brc=0 lrc=0
05-18 09:10:29.963 E/WifiStateMachine(  851):  get link layer stats 0
05-18 09:10:29.979 E/WifiStateMachine(  851): calculateWifiScore() we set wifi's score to 1000, so will always set wifi as a default network.
05-18 09:10:30.035 E/WifiTrafficPoller(  851): TRAFFIC_STATS_POLL true Token 2644 num clients 16
05-18 09:10:30.035 E/WifiTrafficPoller(  851):  packet count Tx=1745523 Rx=5732836
05-18 09:10:30.035 E/WifiTrafficPoller(  851): notifying of data activity 1
05-18 09:10:30.171 E/memtrack( 8477): Couldn't load memtrack module (No such file or directory)
05-18 09:10:30.171 E/android.os.Debug( 8477): failed to load memtrack module: -2
05-18 09:10:30.332 E/SurfaceFlinger(  285): onDraw: bindTextureImage test
05-18 09:10:30.349 E/SurfaceFlinger(  285): onDraw: bindTextureImage test
05-18 09:10:30.366 E/SurfaceFlinger(  285): onDraw: bindTextureImage test
05-18 09:10:30.382 E/SurfaceFlinger(  285): onDraw: bindTextureImage test
05-18 09:10:30.399 E/SurfaceFlinger(  285): onDraw: bindTextureImage test
05-18 09:10:30.417 E/SurfaceFlinger(  285): onDraw: bindTextureImage test
05-18 09:10:30.433 E/SurfaceFlinger(  285): onDraw: bindTextureImage test
05-18 09:10:30.450 E/SurfaceFlinger(  285): onDraw: bindTextureImage test
05-18 09:10:31.041 E/WifiTrafficPoller(  851): TRAFFIC_STATS_POLL true Token 2644 num clients 16
05-18 09:10:31.041 E/WifiTrafficPoller(  851):  packet count Tx=1745523 Rx=5732849
05-18 09:10:31.123 E/SurfaceFlinger(  285): onDraw: bindTextureImage test
05-18 09:10:31.156 E/SurfaceFlinger(  285): onDraw: bindTextureImage test
05-18 09:10:31.174 E/SurfaceFlinger(  285): onDraw: bindTextureImage test
05-18 09:10:31.190 E/SurfaceFlinger(  285): onDraw: bindTextureImage test
05-18 09:10:31.207 E/SurfaceFlinger(  285): onDraw: bindTextureImage test
05-18 09:10:31.224 E/SurfaceFlinger(  285): onDraw: bindTextureImage test
05-18 09:10:31.261 E/SurfaceFlinger(  285): onDraw: bindTextureImage test
05-18 09:10:31.275 E/SurfaceFlinger(  285): onDraw: bindTextureImage test
05-18 09:10:31.292 E/SurfaceFlinger(  285): onDraw: bindTextureImage test
05-18 09:10:31.308 E/SurfaceFlinger(  285): onDraw: bindTextureImage test
05-18 09:10:31.325 E/SurfaceFlinger(  285): onDraw: bindTextureImage test
05-18 09:10:31.342 E/SurfaceFlinger(  285): onDraw: bindTextureImage test
05-18 09:10:31.360 E/SurfaceFlinger(  285): onDraw: bindTextureImage test
05-18 09:10:31.376 E/SurfaceFlinger(  285): onDraw: bindTextureImage test
05-18 09:10:31.392 E/SurfaceFlinger(  285): onDraw: bindTextureImage test
05-18 09:10:31.409 E/SurfaceFlinger(  285): onDraw: bindTextureImage test
05-18 09:10:31.426 E/SurfaceFlinger(  285): onDraw: bindTextureImage test
05-18 09:10:31.879 E/SurfaceFlinger(  285): onDraw: bindTextureImage test
05-18 09:10:31.896 E/SurfaceFlinger(  285): onDraw: bindTextureImage test
05-18 09:10:31.912 E/SurfaceFlinger(  285): onDraw: bindTextureImage test
05-18 09:10:31.930 E/SurfaceFlinger(  285): onDraw: bindTextureImage test
05-18 09:10:31.946 E/SurfaceFlinger(  285): onDraw: bindTextureImage test
05-18 09:10:31.964 E/SurfaceFlinger(  285): onDraw: bindTextureImage test
05-18 09:10:31.980 E/SurfaceFlinger(  285): onDraw: bindTextureImage test
05-18 09:10:31.997 E/SurfaceFlinger(  285): onDraw: bindTextureImage test
05-18 09:10:32.014 E/SurfaceFlinger(  285): onDraw: bindTextureImage test
05-18 09:10:32.030 E/SurfaceFlinger(  285): onDraw: bindTextureImage test
05-18 09:10:32.042 E/WifiTrafficPoller(  851): TRAFFIC_STATS_POLL true Token 2644 num clients 16
05-18 09:10:32.043 E/WifiTrafficPoller(  851):  packet count Tx=1745528 Rx=5732873
05-18 09:10:32.043 E/WifiTrafficPoller(  851): notifying of data activity 3
05-18 09:10:32.047 E/SurfaceFlinger(  285): onDraw: bindTextureImage test
05-18 09:10:32.983 E/WifiStateMachine(  851):  ConnectedState (when=-3ms what=131155 arg1=591!CMD_RSSI_POLL 591 0 "BOCO-office" 94:b4:0f:68:a4:b1 rssi=-51 f=5785 sc=80 link=135 tx=21.2, 0.0, 0.0  rx=58.1 bcn=0 [on:0 tx:0 rx:0 period:3002] from screen [on:0 period:608392055] gl rssi=-51 ag=0 hr ticks 314,77,49 ls-=0 [56,56,60,60,65] brc=0 lrc=0
05-18 09:10:32.985 E/WifiStateMachine(  851):  L2ConnectedState (when=-4ms what=131155 arg1=591!CMD_RSSI_POLL 591 0 "BOCO-office" 94:b4:0f:68:a4:b1 rssi=-51 f=5785 sc=80 link=135 tx=21.2, 0.0, 0.0  rx=58.1 bcn=0 [on:0 tx:0 rx:0 period:2] from screen [on:0 period:608392057] gl rssi=-51 ag=0 hr ticks 314,77,49 ls-=0 [56,56,60,60,65] brc=0 lrc=0
05-18 09:10:32.985 E/WifiStateMachine(  851):  get link layer stats 0
05-18 09:10:32.989 E/WifiStateMachine(  851): calculateWifiScore() we set wifi's score to 1000, so will always set wifi as a default network.
05-18 09:10:33.044 E/WifiTrafficPoller(  851): TRAFFIC_STATS_POLL true Token 2644 num clients 16
05-18 09:10:33.045 E/WifiTrafficPoller(  851):  packet count Tx=1745544 Rx=5732920
05-18 09:10:34.045 E/WifiTrafficPoller(  851): TRAFFIC_STATS_POLL true Token 2644 num clients 16
05-18 09:10:34.045 E/WifiTrafficPoller(  851):  packet count Tx=1745544 Rx=5732945
05-18 09:10:34.045 E/WifiTrafficPoller(  851): notifying of data activity 1
05-18 09:10:34.606 E/NotificationService(  851): Suppressing notification from package com.qihoo.appstore by user request.
05-18 09:10:34.609 E/NotificationService(  851): Suppressing notification from package com.qihoo.appstore by user request.
05-18 09:10:35.018 E/BCBPackageTask( 1118): Get serviceInfos Error!!
05-18 09:10:35.047 E/WifiTrafficPoller(  851): TRAFFIC_STATS_POLL true Token 2644 num clients 16
05-18 09:10:35.048 E/WifiTrafficPoller(  851):  packet count Tx=1745544 Rx=5732962
05-18 09:10:35.496 E/memtrack( 8553): Couldn't load memtrack module (No such file or directory)
05-18 09:10:35.496 E/android.os.Debug( 8553): failed to load memtrack module: -2
05-18 09:10:35.990 E/WifiStateMachine(  851):  ConnectedState (when=-1ms what=131155 arg1=591!CMD_RSSI_POLL 591 0 "BOCO-office" 94:b4:0f:68:a4:b1 rssi=-51 f=5785 sc=80 link=135 tx=21.1, 0.0, 0.0  rx=72.5 bcn=0 [on:0 tx:0 rx:0 period:3000] from screen [on:0 period:608395062] gl rssi=-51 ag=0 hr ticks 314,77,49 ls-=0 [56,56,60,60,65] brc=0 lrc=0
05-18 09:10:35.990 E/WifiStateMachine(  851):  L2ConnectedState (when=-2ms what=131155 arg1=591!CMD_RSSI_POLL 591 0 "BOCO-office" 94:b4:0f:68:a4:b1 rssi=-51 f=5785 sc=80 link=135 tx=21.1, 0.0, 0.0  rx=72.5 bcn=0 [on:0 tx:0 rx:0 period:0] from screen [on:0 period:608395062] gl rssi=-51 ag=0 hr ticks 314,77,49 ls-=0 [56,56,60,60,65] brc=0 lrc=0
05-18 09:10:35.991 E/WifiStateMachine(  851):  get link layer stats 0
05-18 09:10:35.993 E/WifiStateMachine(  851): calculateWifiScore() we set wifi's score to 1000, so will always set wifi as a default network.
05-18 09:10:36.047 E/WifiTrafficPoller(  851): TRAFFIC_STATS_POLL true Token 2644 num clients 16
05-18 09:10:36.048 E/WifiTrafficPoller(  851):  packet count Tx=1745548 Rx=5732992
05-18 09:10:36.048 E/WifiTrafficPoller(  851): notifying of data activity 3
05-18 09:10:36.228 E/memtrack( 8569): Couldn't load memtrack module (No such file or directory)
05-18 09:10:36.228 E/android.os.Debug( 8569): failed to load memtrack module: -2
05-18 09:10:37.048 E/WifiTrafficPoller(  851): TRAFFIC_STATS_POLL true Token 2644 num clients 16
05-18 09:10:37.049 E/WifiTrafficPoller(  851):  packet count Tx=1745555 Rx=5733012
05-18 09:10:38.049 E/WifiTrafficPoller(  851): TRAFFIC_STATS_POLL true Token 2644 num clients 16
05-18 09:10:38.049 E/WifiTrafficPoller(  851):  packet count Tx=1745555 Rx=5733024
05-18 09:10:38.049 E/WifiTrafficPoller(  851): notifying of data activity 1
05-18 09:10:38.998 E/WifiStateMachine(  851):  ConnectedState (when=-4ms what=131155 arg1=591!CMD_RSSI_POLL 591 0 "BOCO-office" 94:b4:0f:68:a4:b1 rssi=-51 f=5785 sc=80 link=135 tx=12.5, 0.0, 0.0  rx=71.3 bcn=0 [on:0 tx:0 rx:0 period:3003] from screen [on:0 period:608398070] gl rssi=-51 ag=0 hr ticks 314,77,49 ls-=0 [56,56,60,60,65] brc=0 lrc=0
05-18 09:10:38.998 E/WifiStateMachine(  851):  L2ConnectedState (when=-5ms what=131155 arg1=591!CMD_RSSI_POLL 591 0 "BOCO-office" 94:b4:0f:68:a4:b1 rssi=-51 f=5785 sc=80 link=135 tx=12.5, 0.0, 0.0  rx=71.3 bcn=0 [on:0 tx:0 rx:0 period:0] from screen [on:0 period:608398070] gl rssi=-51 ag=0 hr ticks 314,77,49 ls-=0 [56,56,60,60,65] brc=0 lrc=0
05-18 09:10:38.999 E/WifiStateMachine(  851):  get link layer stats 0
05-18 09:10:39.020 E/WifiStateMachine(  851): calculateWifiScore() we set wifi's score to 1000, so will always set wifi as a default network.
05-18 09:10:39.050 E/WifiTrafficPoller(  851): TRAFFIC_STATS_POLL true Token 2644 num clients 16
05-18 09:10:39.051 E/WifiTrafficPoller(  851):  packet count Tx=1745555 Rx=5733042
05-18 09:10:39.724 E/memtrack( 8618): Couldn't load memtrack module (No such file or directory)
05-18 09:10:39.724 E/android.os.Debug( 8618): failed to load memtrack module: -2
05-18 09:10:40.051 E/WifiTrafficPoller(  851): TRAFFIC_STATS_POLL true Token 2644 num clients 16
05-18 09:10:40.052 E/WifiTrafficPoller(  851):  packet count Tx=1745555 Rx=5733056
05-18 09:10:40.483 E/[PropSet]( 8634): connect fail
05-18 09:10:40.483 E/[PropSet]( 8634): send_prop_msg return err -1
05-18 09:10:40.594 E/SurfaceFlinger(  285): onDraw: bindTextureImage test
05-18 09:10:40.610 E/SurfaceFlinger(  285): onDraw: bindTextureImage test
05-18 09:10:40.628 E/SurfaceFlinger(  285): onDraw: bindTextureImage test
05-18 09:10:40.644 E/SurfaceFlinger(  285): onDraw: bindTextureImage test
05-18 09:10:41.052 E/WifiTrafficPoller(  851): TRAFFIC_STATS_POLL true Token 2644 num clients 16
05-18 09:10:41.053 E/WifiTrafficPoller(  851):  packet count Tx=1745555 Rx=5733072
05-18 09:10:41.738 E/SurfaceFlinger(  285): onDraw: bindTextureImage test
05-18 09:10:41.754 E/SurfaceFlinger(  285): onDraw: bindTextureImage test
05-18 09:10:41.771 E/SurfaceFlinger(  285): onDraw: bindTextureImage test
05-18 09:10:41.788 E/SurfaceFlinger(  285): onDraw: bindTextureImage test
05-18 09:10:41.805 E/SurfaceFlinger(  285): onDraw: bindTextureImage test
05-18 09:10:41.822 E/SurfaceFlinger(  285): onDraw: bindTextureImage test
05-18 09:10:41.838 E/SurfaceFlinger(  285): onDraw: bindTextureImage test
05-18 09:10:41.855 E/SurfaceFlinger(  285): onDraw: bindTextureImage test
05-18 09:10:42.023 E/WifiStateMachine(  851):  ConnectedState (when=-3ms what=131155 arg1=591!CMD_RSSI_POLL 591 0 "BOCO-office" 94:b4:0f:68:a4:b1 rssi=-50 f=5785 sc=80 link=135 tx=9.8, 0.0, 0.0  rx=60.6 bcn=0 [on:0 tx:0 rx:0 period:3002] from screen [on:0 period:608401095] gl rssi=-50 ag=0 hr ticks 314,77,49 ls-=0 [56,56,60,60,65] brc=0 lrc=0
05-18 09:10:42.024 E/WifiStateMachine(  851):  L2ConnectedState (when=-4ms what=131155 arg1=591!CMD_RSSI_POLL 591 0 "BOCO-office" 94:b4:0f:68:a4:b1 rssi=-50 f=5785 sc=80 link=135 tx=9.8, 0.0, 0.0  rx=60.6 bcn=0 [on:0 tx:0 rx:0 period:1] from screen [on:0 period:608401096] gl rssi=-50 ag=0 hr ticks 314,77,49 ls-=0 [56,56,60,60,65] brc=0 lrc=0
05-18 09:10:42.024 E/WifiStateMachine(  851):  get link layer stats 0
05-18 09:10:42.039 E/WifiStateMachine(  851): calculateWifiScore() we set wifi's score to 1000, so will always set wifi as a default network.
05-18 09:10:42.053 E/WifiTrafficPoller(  851): TRAFFIC_STATS_POLL true Token 2644 num clients 16
05-18 09:10:42.053 E/WifiTrafficPoller(  851):  packet count Tx=1745555 Rx=5733093
05-18 09:10:42.197 E/MessageListAdapter( 6594): exception in MessageListAdapter cacheItem .....
05-18 09:10:43.054 E/WifiTrafficPoller(  851): TRAFFIC_STATS_POLL true Token 2644 num clients 16
05-18 09:10:43.055 E/WifiTrafficPoller(  851):  packet count Tx=1745555 Rx=5733105
05-18 09:10:43.535 E/memtrack( 8689): Couldn't load memtrack module (No such file or directory)
05-18 09:10:43.535 E/android.os.Debug( 8689): failed to load memtrack module: -2
05-18 09:10:44.055 E/WifiTrafficPoller(  851): TRAFFIC_STATS_POLL true Token 2644 num clients 16
05-18 09:10:44.056 E/WifiTrafficPoller(  851):  packet count Tx=1745555 Rx=5733119
05-18 09:10:45.043 E/WifiStateMachine(  851):  ConnectedState (when=-3ms what=131155 arg1=591!CMD_RSSI_POLL 591 0 "BOCO-office" 94:b4:0f:68:a4:b1 rssi=-51 f=5785 sc=80 link=135 tx=4.9, 0.0, 0.0  rx=56.8 bcn=0 [on:0 tx:0 rx:0 period:3001] from screen [on:0 period:608404115] gl rssi=-51 ag=0 hr ticks 314,77,49 ls-=0 [56,56,56,56,61] brc=0 lrc=0
05-18 09:10:45.044 E/WifiStateMachine(  851):  L2ConnectedState (when=-4ms what=131155 arg1=591!CMD_RSSI_POLL 591 0 "BOCO-office" 94:b4:0f:68:a4:b1 rssi=-51 f=5785 sc=80 link=135 tx=4.9, 0.0, 0.0  rx=56.8 bcn=0 [on:0 tx:0 rx:0 period:1] from screen [on:0 period:608404116] gl rssi=-51 ag=0 hr ticks 314,77,49 ls-=0 [56,56,56,56,61] brc=0 lrc=0
05-18 09:10:45.044 E/WifiStateMachine(  851):  get link layer stats 0
05-18 09:10:45.057 E/WifiTrafficPoller(  851): TRAFFIC_STATS_POLL true Token 2644 num clients 16
05-18 09:10:45.057 E/WifiTrafficPoller(  851):  packet count Tx=1745555 Rx=5733138
05-18 09:10:45.060 E/WifiStateMachine(  851): calculateWifiScore() we set wifi's score to 1000, so will always set wifi as a default network.
05-18 09:10:46.058 E/WifiTrafficPoller(  851): TRAFFIC_STATS_POLL true Token 2644 num clients 16
05-18 09:10:46.058 E/WifiTrafficPoller(  851):  packet count Tx=1745555 Rx=5733151
05-18 09:10:46.154 E/memtrack( 8713): Couldn't load memtrack module (No such file or directory)
05-18 09:10:46.154 E/android.os.Debug( 8713): failed to load memtrack module: -2
05-18 09:10:47.059 E/WifiTrafficPoller(  851): TRAFFIC_STATS_POLL true Token 2644 num clients 16
05-18 09:10:47.059 E/WifiTrafficPoller(  851):  packet count Tx=1745555 Rx=5733167
05-18 09:10:48.060 E/WifiTrafficPoller(  851): TRAFFIC_STATS_POLL true Token 2644 num clients 16
05-18 09:10:48.060 E/WifiTrafficPoller(  851):  packet count Tx=1745555 Rx=5733181
05-18 09:10:48.064 E/WifiStateMachine(  851):  ConnectedState (when=-3ms what=131155 arg1=591!CMD_RSSI_POLL 591 0 "BOCO-office" 94:b4:0f:68:a4:b1 rssi=-51 f=5785 sc=80 link=135 tx=2.4, 0.0, 0.0  rx=49.9 bcn=0 [on:0 tx:0 rx:0 period:3003] from screen [on:0 period:608407136] gl rssi=-51 ag=0 hr ticks 314,77,49 ls-=0 [56,56,56,56,61] brc=0 lrc=0
05-18 09:10:48.065 E/WifiStateMachine(  851):  L2ConnectedState (when=-4ms what=131155 arg1=591!CMD_RSSI_POLL 591 0 "BOCO-office" 94:b4:0f:68:a4:b1 rssi=-51 f=5785 sc=80 link=135 tx=2.4, 0.0, 0.0  rx=49.9 bcn=0 [on:0 tx:0 rx:0 period:1] from screen [on:0 period:608407137] gl rssi=-51 ag=0 hr ticks 314,77,49 ls-=0 [56,56,56,56,61] brc=0 lrc=0
05-18 09:10:48.065 E/WifiStateMachine(  851):  get link layer stats 0
05-18 09:10:48.079 E/WifiStateMachine(  851): calculateWifiScore() we set wifi's score to 1000, so will always set wifi as a default network.
05-18 09:10:49.061 E/WifiTrafficPoller(  851): TRAFFIC_STATS_POLL true Token 2644 num clients 16
05-18 09:10:49.061 E/WifiTrafficPoller(  851):  packet count Tx=1745555 Rx=5733188
05-18 09:10:50.061 E/WifiTrafficPoller(  851): TRAFFIC_STATS_POLL true Token 2644 num clients 16
05-18 09:10:50.062 E/WifiTrafficPoller(  851):  packet count Tx=1745562 Rx=5733205
05-18 09:10:50.062 E/WifiTrafficPoller(  851): notifying of data activity 3
05-18 09:10:50.585 E/MPlugin ( 8634): Unsupported class: com.mediatek.common.telephony.IOnlyOwnerSimSupport
05-18 09:10:51.030 E/libEGL  ( 8634): call to OpenGL ES API with no current context (logged once per thread)
05-18 09:10:51.062 E/WifiTrafficPoller(  851): TRAFFIC_STATS_POLL true Token 2644 num clients 16
05-18 09:10:51.063 E/WifiTrafficPoller(  851):  packet count Tx=1745600 Rx=5733251
05-18 09:10:51.084 E/WifiStateMachine(  851):  ConnectedState (when=-4ms what=131155 arg1=591!CMD_RSSI_POLL 591 0 "BOCO-office" 94:b4:0f:68:a4:b1 rssi=-51 f=5785 sc=80 link=135 tx=1.2, 0.0, 0.0  rx=47.5 bcn=0 [on:0 tx:0 rx:0 period:3003] from screen [on:0 period:608410156] gl rssi=-51 ag=0 hr ticks 314,77,49 ls-=0 [56,56,56,56,61] brc=0 lrc=0
05-18 09:10:51.086 E/WifiStateMachine(  851):  L2ConnectedState (when=-5ms what=131155 arg1=591!CMD_RSSI_POLL 591 0 "BOCO-office" 94:b4:0f:68:a4:b1 rssi=-51 f=5785 sc=80 link=135 tx=1.2, 0.0, 0.0  rx=47.5 bcn=0 [on:0 tx:0 rx:0 period:2] from screen [on:0 period:608410158] gl rssi=-51 ag=0 hr ticks 314,77,49 ls-=0 [56,56,56,56,61] brc=0 lrc=0
05-18 09:10:51.086 E/WifiStateMachine(  851):  get link layer stats 0
05-18 09:10:51.090 E/WifiStateMachine(  851): calculateWifiScore() we set wifi's score to 1000, so will always set wifi as a default network.
05-18 09:10:51.272 E/DemoPushService( 8634): Creating service
05-18 09:10:51.273 E/DemoPushService( 8634): Service started with intent=Intent { act=mqtt.START cmp=com.boco.apphall/.guangxi.mix.message.service.modify.PushService_Mq }
05-18 09:10:51.273 E/DemoPushService( 8634): Starting service...
05-18 09:10:51.273 E/DemoPushService( 8634): Connecting...
05-18 09:10:51.281 E/==========( 8634): 868964028542767
05-18 09:10:51.281 E/clientID==========( 8634): 868964028542767954209
05-18 09:10:51.546 E/SurfaceFlinger(  285): onDraw: bindTextureImage test
05-18 09:10:51.546 E/SurfaceFlinger(  285): onDraw: bindTextureImage test
05-18 09:10:51.547 E/SurfaceFlinger(  285): onDraw: bindTextureImage test
05-18 09:10:52.064 E/WifiTrafficPoller(  851): TRAFFIC_STATS_POLL true Token 2644 num clients 16
05-18 09:10:52.064 E/WifiTrafficPoller(  851):  packet count Tx=1745718 Rx=5733449
05-18 09:10:52.538 E/SurfaceFlinger(  285): onDraw: bindTextureImage test
05-18 09:10:52.555 E/SurfaceFlinger(  285): onDraw: bindTextureImage test
05-18 09:10:52.572 E/SurfaceFlinger(  285): onDraw: bindTextureImage test
05-18 09:10:52.590 E/SurfaceFlinger(  285): onDraw: bindTextureImage test
05-18 09:10:52.606 E/SurfaceFlinger(  285): onDraw: bindTextureImage test
05-18 09:10:52.623 E/SurfaceFlinger(  285): onDraw: bindTextureImage test
05-18 09:10:53.064 E/WifiTrafficPoller(  851): TRAFFIC_STATS_POLL true Token 2644 num clients 16
05-18 09:10:53.065 E/WifiTrafficPoller(  851):  packet count Tx=1745718 Rx=5733469
05-18 09:10:53.065 E/WifiTrafficPoller(  851): notifying of data activity 1
05-18 09:10:53.808 E/GpsXtraDownloader(  851): No XTRA servers were specified in the GPS configuration
05-18 09:10:54.066 E/WifiTrafficPoller(  851): TRAFFIC_STATS_POLL true Token 2644 num clients 16
05-18 09:10:54.066 E/WifiTrafficPoller(  851):  packet count Tx=1745718 Rx=5733492
05-18 09:10:54.093 E/WifiStateMachine(  851):  ConnectedState (when=-3ms what=131155 arg1=591!CMD_RSSI_POLL 591 0 "BOCO-office" 94:b4:0f:68:a4:b1 rssi=-52 f=5785 sc=80 link=135 tx=24.6, 0.0, 0.0  rx=62.7 bcn=0 [on:0 tx:0 rx:0 period:2999] from screen [on:0 period:608413165] gl rssi=-52 ag=0 hr ticks 314,77,49 ls-=0 [56,56,60,60,65] brc=0 lrc=0
05-18 09:10:54.094 E/WifiStateMachine(  851):  L2ConnectedState (when=-4ms what=131155 arg1=591!CMD_RSSI_POLL 591 0 "BOCO-office" 94:b4:0f:68:a4:b1 rssi=-52 f=5785 sc=80 link=135 tx=24.6, 0.0, 0.0  rx=62.7 bcn=0 [on:0 tx:0 rx:0 period:1] from screen [on:0 period:608413166] gl rssi=-52 ag=0 hr ticks 314,77,49 ls-=0 [56,56,60,60,65] brc=0 lrc=0
05-18 09:10:54.094 E/WifiStateMachine(  851):  get link layer stats 0
05-18 09:10:54.109 E/WifiStateMachine(  851): calculateWifiScore() we set wifi's score to 1000, so will always set wifi as a default network.
05-18 09:10:55.067 E/WifiTrafficPoller(  851): TRAFFIC_STATS_POLL true Token 2644 num clients 16
05-18 09:10:55.067 E/WifiTrafficPoller(  851):  packet count Tx=1745718 Rx=5733510
05-18 09:10:56.068 E/WifiTrafficPoller(  851): TRAFFIC_STATS_POLL true Token 2644 num clients 16
05-18 09:10:56.070 E/WifiTrafficPoller(  851):  packet count Tx=1745718 Rx=5733526
05-18 09:10:57.071 E/WifiTrafficPoller(  851): TRAFFIC_STATS_POLL true Token 2644 num clients 16
05-18 09:10:57.071 E/WifiTrafficPoller(  851):  packet count Tx=1745722 Rx=5733541
05-18 09:10:57.071 E/WifiTrafficPoller(  851): notifying of data activity 3
05-18 09:10:57.114 E/WifiStateMachine(  851):  ConnectedState (when=-3ms what=131155 arg1=591!CMD_RSSI_POLL 591 0 "BOCO-office" 94:b4:0f:68:a4:b1 rssi=-51 f=5785 sc=80 link=135 tx=69.8, 0.0, 0.0  rx=148.9 bcn=0 [on:0 tx:0 rx:0 period:3002] from screen [on:0 period:608416185] gl rssi=-51 ag=0 hr ticks 314,77,49 ls-=0 [56,56,60,60,65] brc=0 lrc=0
05-18 09:10:57.115 E/WifiStateMachine(  851):  L2ConnectedState (when=-5ms what=131155 arg1=591!CMD_RSSI_POLL 591 0 "BOCO-office" 94:b4:0f:68:a4:b1 rssi=-51 f=5785 sc=80 link=135 tx=69.8, 0.0, 0.0  rx=148.9 bcn=0 [on:0 tx:0 rx:0 period:2] from screen [on:0 period:608416187] gl rssi=-51 ag=0 hr ticks 314,77,49 ls-=0 [56,56,60,60,65] brc=0 lrc=0
05-18 09:10:57.115 E/WifiStateMachine(  851):  get link layer stats 0
05-18 09:10:57.118 E/WifiStateMachine(  851): calculateWifiScore() we set wifi's score to 1000, so will always set wifi as a default network.
05-18 09:10:58.072 E/WifiTrafficPoller(  851): TRAFFIC_STATS_POLL true Token 2644 num clients 16
05-18 09:10:58.072 E/WifiTrafficPoller(  851):  packet count Tx=1745723 Rx=5733560
05-18 09:10:59.073 E/WifiTrafficPoller(  851): TRAFFIC_STATS_POLL true Token 2644 num clients 16
05-18 09:10:59.073 E/WifiTrafficPoller(  851):  packet count Tx=1745723 Rx=5733572
05-18 09:10:59.073 E/WifiTrafficPoller(  851): notifying of data activity 1
05-18 09:11:00.058 E/SurfaceFlinger(  285): onDraw: bindTextureImage test
05-18 09:11:00.075 E/WifiTrafficPoller(  851): TRAFFIC_STATS_POLL true Token 2644 num clients 16
05-18 09:11:00.076 E/WifiTrafficPoller(  851):  packet count Tx=1745723 Rx=5733582
05-18 09:11:00.121 E/WifiStateMachine(  851):  ConnectedState (when=-3ms what=131155 arg1=591!CMD_RSSI_POLL 591 0 "BOCO-office" 94:b4:0f:68:a4:b1 rssi=-52 f=5785 sc=80 link=135 tx=37.4, 0.0, 0.0  rx=98.9 bcn=0 [on:0 tx:0 rx:0 period:3001] from screen [on:0 period:608419193] gl rssi=-52 ag=0 hr ticks 314,77,49 ls-=0 [56,56,60,60,65] brc=0 lrc=0
05-18 09:11:00.122 E/WifiStateMachine(  851):  L2ConnectedState (when=-4ms what=131155 arg1=591!CMD_RSSI_POLL 591 0 "BOCO-office" 94:b4:0f:68:a4:b1 rssi=-52 f=5785 sc=80 link=135 tx=37.4, 0.0, 0.0  rx=98.9 bcn=0 [on:0 tx:0 rx:0 period:1] from screen [on:0 period:608419194] gl rssi=-52 ag=0 hr ticks 314,77,49 ls-=0 [56,56,60,60,65] brc=0 lrc=0
05-18 09:11:00.122 E/WifiStateMachine(  851):  get link layer stats 0
05-18 09:11:00.125 E/WifiStateMachine(  851): calculateWifiScore() we set wifi's score to 1000, so will always set wifi as a default network.
05-18 09:11:01.075 E/WifiTrafficPoller(  851): TRAFFIC_STATS_POLL true Token 2644 num clients 16
05-18 09:11:01.076 E/WifiTrafficPoller(  851):  packet count Tx=1745723 Rx=5733591
05-18 09:11:02.075 E/WifiTrafficPoller(  851): TRAFFIC_STATS_POLL true Token 2644 num clients 16
05-18 09:11:02.076 E/WifiTrafficPoller(  851):  packet count Tx=1745723 Rx=5733604
05-18 09:11:03.076 E/WifiTrafficPoller(  851): TRAFFIC_STATS_POLL true Token 2644 num clients 16
05-18 09:11:03.077 E/WifiTrafficPoller(  851):  packet count Tx=1745723 Rx=5733615
05-18 09:11:03.128 E/WifiStateMachine(  851):  ConnectedState (when=-2ms what=131155 arg1=591!CMD_RSSI_POLL 591 0 "BOCO-office" 94:b4:0f:68:a4:b1 rssi=-51 f=5785 sc=80 link=135 tx=18.7, 0.0, 0.0  rx=69.5 bcn=0 [on:0 tx:0 rx:0 period:3002] from screen [on:0 period:608422200] gl rssi=-51 ag=0 hr ticks 314,77,49 ls-=0 [56,56,60,60,65] brc=0 lrc=0
05-18 09:11:03.129 E/WifiStateMachine(  851):  L2ConnectedState (when=-3ms what=131155 arg1=591!CMD_RSSI_POLL 591 0 "BOCO-office" 94:b4:0f:68:a4:b1 rssi=-51 f=5785 sc=80 link=135 tx=18.7, 0.0, 0.0  rx=69.5 bcn=0 [on:0 tx:0 rx:0 period:1] from screen [on:0 period:608422201] gl rssi=-51 ag=0 hr ticks 314,77,49 ls-=0 [56,56,60,60,65] brc=0 lrc=0
05-18 09:11:03.130 E/WifiStateMachine(  851):  get link layer stats 0
05-18 09:11:03.150 E/WifiStateMachine(  851): calculateWifiScore() we set wifi's score to 1000, so will always set wifi as a default network.
05-18 09:11:04.077 E/WifiTrafficPoller(  851): TRAFFIC_STATS_POLL true Token 2644 num clients 16
05-18 09:11:04.078 E/WifiTrafficPoller(  851):  packet count Tx=1745723 Rx=5733626
05-18 09:11:04.962 E/Mms/compose( 6594): ---------HAS NO RECIPIENTS-------
05-18 09:11:05.079 E/WifiTrafficPoller(  851): TRAFFIC_STATS_POLL true Token 2644 num clients 16
05-18 09:11:05.079 E/WifiTrafficPoller(  851):  packet count Tx=1745723 Rx=5733636
05-18 09:11:06.079 E/WifiTrafficPoller(  851): TRAFFIC_STATS_POLL true Token 2644 num clients 16
05-18 09:11:06.080 E/WifiTrafficPoller(  851):  packet count Tx=1745723 Rx=5733648
05-18 09:11:06.154 E/WifiStateMachine(  851):  ConnectedState (when=-3ms what=131155 arg1=591!CMD_RSSI_POLL 591 0 "BOCO-office" 94:b4:0f:68:a4:b1 rssi=-51 f=5785 sc=80 link=135 tx=9.4, 0.0, 0.0  rx=51.2 bcn=0 [on:0 tx:0 rx:0 period:3001] from screen [on:0 period:608425226] gl rssi=-51 ag=0 hr ticks 314,77,49 ls-=0 [56,56,60,60,65] brc=0 lrc=0
05-18 09:11:06.155 E/WifiStateMachine(  851):  L2ConnectedState (when=-4ms what=131155 arg1=591!CMD_RSSI_POLL 591 0 "BOCO-office" 94:b4:0f:68:a4:b1 rssi=-51 f=5785 sc=80 link=135 tx=9.4, 0.0, 0.0  rx=51.2 bcn=0 [on:0 tx:0 rx:0 period:0] from screen [on:0 period:608425226] gl rssi=-51 ag=0 hr ticks 314,77,49 ls-=0 [56,56,60,60,65] brc=0 lrc=0
05-18 09:11:06.155 E/WifiStateMachine(  851):  get link layer stats 0
05-18 09:11:06.170 E/WifiStateMachine(  851): calculateWifiScore() we set wifi's score to 1000, so will always set wifi as a default network.
05-18 09:11:06.677 E/memtrack( 8781): Couldn't load memtrack module (No such file or directory)
05-18 09:11:06.677 E/android.os.Debug( 8781): failed to load memtrack module: -2
05-18 09:11:07.081 E/WifiTrafficPoller(  851): TRAFFIC_STATS_POLL true Token 2644 num clients 16
05-18 09:11:07.081 E/WifiTrafficPoller(  851):  packet count Tx=1745723 Rx=5733659
05-18 09:11:07.190 E/SurfaceFlinger(  285): onDraw: bindTextureImage test
05-18 09:11:07.207 E/SurfaceFlinger(  285): onDraw: bindTextureImage test
05-18 09:11:07.225 E/SurfaceFlinger(  285): onDraw: bindTextureImage test
05-18 09:11:07.241 E/SurfaceFlinger(  285): onDraw: bindTextureImage test
05-18 09:11:07.258 E/SurfaceFlinger(  285): onDraw: bindTextureImage test
05-18 09:11:07.274 E/SurfaceFlinger(  285): onDraw: bindTextureImage test
05-18 09:11:07.308 E/SurfaceFlinger(  285): onDraw: bindTextureImage test
05-18 09:11:07.325 E/SurfaceFlinger(  285): onDraw: bindTextureImage test
05-18 09:11:07.342 E/SurfaceFlinger(  285): onDraw: bindTextureImage test
05-18 09:11:07.358 E/SurfaceFlinger(  285): onDraw: bindTextureImage test
05-18 09:11:07.375 E/SurfaceFlinger(  285): onDraw: bindTextureImage test
