--------- beginning of /dev/log/system
--------- beginning of /dev/log/main
05-19 17:24:01.555 E/AccessibilityNodeInfoCache(26575): Disconneced node: android.view.accessibility.AccessibilityNodeInfo@50ad7; boundsInParent: Rect(0, 0 - 120, 41); boundsInScreen: Rect(54, 1499 - 174, 1540); packageName: com.boco.apphall; className: android.widget.TextView; text: 其他信息; contentDescription: null; viewIdResName: com.boco.apphall:id/app_other_desc; checkable: false; checked: false; focusable: false; focused: false; selected: false; clickable: false; longClickable: false; enabled: true; password: false; scrollable: false; [ACTION_SELECT, ACTION_CLEAR_SELECTION, ACTION_ACCESSIBILITY_FOCUS, ACTION_NEXT_AT_MOVEMENT_GRANULARITY, ACTION_PREVIOUS_AT_MOVEMENT_GRANULARITY, ACTION_SET_SELECTION]
05-19 17:24:01.555 E/AccessibilityNodeInfoCache(26575): Disconneced node: android.view.accessibility.AccessibilityNodeInfo@50e98; boundsInParent: Rect(0, 0 - 104, 36); boundsInScreen: Rect(54, 1560 - 158, 1596); packageName: com.boco.apphall; className: android.widget.TextView; text: 当前版本; contentDescription: null; viewIdResName: com.boco.apphall:id/curversion_title; checkable: false; checked: false; focusable: false; focused: false; selected: false; clickable: false; longClickable: false; enabled: true; password: false; scrollable: false; [ACTION_SELECT, ACTION_CLEAR_SELECTION, ACTION_ACCESSIBILITY_FOCUS, ACTION_NEXT_AT_MOVEMENT_GRANULARITY, ACTION_PREVIOUS_AT_MOVEMENT_GRANULARITY, ACTION_SET_SELECTION]
05-19 17:24:01.555 E/AccessibilityNodeInfoCache(26575): Disconneced node: android.view.accessibility.AccessibilityNodeInfo@51259; boundsInParent: Rect(0, 0 - 37, 36); boundsInScreen: Rect(178, 1560 - 215, 1596); packageName: com.boco.apphall; className: android.widget.TextView; text: 1.4; contentDescription: null; viewIdResName: com.boco.apphall:id/curversion_title_write; checkable: false; checked: false; focusable: false; focused: false; selected: false; clickable: false; longClickable: false; enabled: true; password: false; scrollable: false; [ACTION_SELECT, ACTION_CLEAR_SELECTION, ACTION_ACCESSIBILITY_FOCUS, ACTION_NEXT_AT_MOVEMENT_GRANULARITY, ACTION_PREVIOUS_AT_MOVEMENT_GRANULARITY, ACTION_SET_SELECTION]
05-19 17:24:01.555 E/AccessibilityNodeInfoCache(26575): Disconneced node: android.view.accessibility.AccessibilityNodeInfo@5161a; boundsInParent: Rect(0, 0 - 104, 36); boundsInScreen: Rect(54, 1616 - 158, 1652); packageName: com.boco.apphall; className: android.widget.TextView; text: 支持系统; contentDescription: null; viewIdResName: com.boco.apphall:id/hold_system_title; checkable: false; checked: false; focusable: false; focused: false; selected: false; clickable: false; longClickable: false; enabled: true; password: false; scrollable: false; [ACTION_SELECT, ACTION_CLEAR_SELECTION, ACTION_ACCESSIBILITY_FOCUS, ACTION_NEXT_AT_MOVEMENT_GRANULARITY, ACTION_PREVIOUS_AT_MOVEMENT_GRANULARITY, ACTION_SET_SELECTION]
05-19 17:24:01.555 E/AccessibilityNodeInfoCache(26575): Disconneced node: android.view.accessibility.AccessibilityNodeInfo@519db; boundsInParent: Rect(0, 0 - 89, 36); boundsInScreen: Rect(178, 1616 - 267, 1652); packageName: com.boco.apphall; className: android.widget.TextView; text: android; contentDescription: null; viewIdResName: com.boco.apphall:id/hold_system_write; checkable: false; checked: false; focusable: false; focused: false; selected: false; clickable: false; longClickable: false; enabled: true; password: false; scrollable: false; [ACTION_SELECT, ACTION_CLEAR_SELECTION, ACTION_ACCESSIBILITY_FOCUS, ACTION_NEXT_AT_MOVEMENT_GRANULARITY, ACTION_PREVIOUS_AT_MOVEMENT_GRANULARITY, ACTION_SET_SELECTION]
05-19 17:24:01.555 E/AccessibilityNodeInfoCache(26575): Disconneced node: android.view.accessibility.AccessibilityNodeInfo@51d9c; boundsInParent: Rect(0, 0 - 78, 36); boundsInScreen: Rect(54, 1672 - 132, 1708); packageName: com.boco.apphall; className: android.widget.TextView; text: 开发者; contentDescription: null; viewIdResName: com.boco.apphall:id/developer_title; checkable: false; checked: false; focusable: false; focused: false; selected: false; clickable: false; longClickable: false; enabled: true; password: false; scrollable: false; [ACTION_SELECT, ACTION_CLEAR_SELECTION, ACTION_ACCESSIBILITY_FOCUS, ACTION_NEXT_AT_MOVEMENT_GRANULARITY, ACTION_PREVIOUS_AT_MOVEMENT_GRANULARITY, ACTION_SET_SELECTION]
05-19 17:24:01.555 E/AccessibilityNodeInfoCache(26575): Disconneced node: android.view.accessibility.AccessibilityNodeInfo@5215d; boundsInParent: Rect(0, 0 - 52, 36); boundsInScreen: Rect(152, 1672 - 204, 1708); packageName: com.boco.apphall; className: android.widget.TextView; text: 亿阳; contentDescription: null; viewIdResName: com.boco.apphall:id/developer_title_write; checkable: false; checked: false; focusable: false; focused: false; selected: false; clickable: false; longClickable: false; enabled: true; password: false; scrollable: false; [ACTION_SELECT, ACTION_CLEAR_SELECTION, ACTION_ACCESSIBILITY_FOCUS, ACTION_NEXT_AT_MOVEMENT_GRANULARITY, ACTION_PREVIOUS_AT_MOVEMENT_GRANULARITY, ACTION_SET_SELECTION]
05-19 17:24:01.555 E/AccessibilityNodeInfoCache(26575): Disconneced node: android.view.accessibility.AccessibilityNodeInfo@57f36; boundsInParent: Rect(0, 0 - 872, 229); boundsInScreen: Rect(14, 1489 - 886, 1718); packageName: com.boco.apphall; className: android.widget.RelativeLayout; text: null; contentDescription: null; viewIdResName: com.boco.apphall:id/app_detail_layout4; checkable: false; checked: false; focusable: false; focused: false; selected: false; clickable: false; longClickable: false; enabled: true; password: false; scrollable: false; [ACTION_SELECT, ACTION_CLEAR_SELECTION, ACTION_ACCESSIBILITY_FOCUS]
05-19 17:24:01.555 E/AccessibilityNodeInfoCache(26575): Disconneced node: android.view.accessibility.AccessibilityNodeInfo@50ad7; boundsInParent: Rect(0, 0 - 120, 41); boundsInScreen: Rect(54, 1499 - 174, 1540); packageName: com.boco.apphall; className: android.widget.TextView; text: 其他信息; contentDescription: null; viewIdResName: com.boco.apphall:id/app_other_desc; checkable: false; checked: false; focusable: false; focused: false; selected: false; clickable: false; longClickable: false; enabled: true; password: false; scrollable: false; [ACTION_SELECT, ACTION_CLEAR_SELECTION, ACTION_ACCESSIBILITY_FOCUS, ACTION_NEXT_AT_MOVEMENT_GRANULARITY, ACTION_PREVIOUS_AT_MOVEMENT_GRANULARITY, ACTION_SET_SELECTION]
05-19 17:24:01.555 E/AccessibilityNodeInfoCache(26575): Disconneced node: android.view.accessibility.AccessibilityNodeInfo@50e98; boundsInParent: Rect(0, 0 - 104, 36); boundsInScreen: Rect(54, 1560 - 158, 1596); packageName: com.boco.apphall; className: android.widget.TextView; text: 当前版本; contentDescription: null; viewIdResName: com.boco.apphall:id/curversion_title; checkable: false; checked: false; focusable: false; focused: false; selected: false; clickable: false; longClickable: false; enabled: true; password: false; scrollable: false; [ACTION_SELECT, ACTION_CLEAR_SELECTION, ACTION_ACCESSIBILITY_FOCUS, ACTION_NEXT_AT_MOVEMENT_GRANULARITY, ACTION_PREVIOUS_AT_MOVEMENT_GRANULARITY, ACTION_SET_SELECTION]
05-19 17:24:01.555 E/AccessibilityNodeInfoCache(26575): Disconneced node: android.view.accessibility.AccessibilityNodeInfo@51259; boundsInParent: Rect(0, 0 - 37, 36); boundsInScreen: Rect(178, 1560 - 215, 1596); packageName: com.boco.apphall; className: android.widget.TextView; text: 1.4; contentDescription: null; viewIdResName: com.boco.apphall:id/curversion_title_write; checkable: false; checked: false; focusable: false; focused: false; selected: false; clickable: false; longClickable: false; enabled: true; password: false; scrollable: false; [ACTION_SELECT, ACTION_CLEAR_SELECTION, ACTION_ACCESSIBILITY_FOCUS, ACTION_NEXT_AT_MOVEMENT_GRANULARITY, ACTION_PREVIOUS_AT_MOVEMENT_GRANULARITY, ACTION_SET_SELECTION]
05-19 17:24:01.555 E/AccessibilityNodeInfoCache(26575): Disconneced node: android.view.accessibility.AccessibilityNodeInfo@5161a; boundsInParent: Rect(0, 0 - 104, 36); boundsInScreen: Rect(54, 1616 - 158, 1652); packageName: com.boco.apphall; className: android.widget.TextView; text: 支持系统; contentDescription: null; viewIdResName: com.boco.apphall:id/hold_system_title; checkable: false; checked: false; focusable: false; focused: false; selected: false; clickable: false; longClickable: false; enabled: true; password: false; scrollable: false; [ACTION_SELECT, ACTION_CLEAR_SELECTION, ACTION_ACCESSIBILITY_FOCUS, ACTION_NEXT_AT_MOVEMENT_GRANULARITY, ACTION_PREVIOUS_AT_MOVEMENT_GRANULARITY, ACTION_SET_SELECTION]
05-19 17:24:01.555 E/AccessibilityNodeInfoCache(26575): Disconneced node: android.view.accessibility.AccessibilityNodeInfo@519db; boundsInParent: Rect(0, 0 - 89, 36); boundsInScreen: Rect(178, 1616 - 267, 1652); packageName: com.boco.apphall; className: android.widget.TextView; text: android; contentDescription: null; viewIdResName: com.boco.apphall:id/hold_system_write; checkable: false; checked: false; focusable: false; focused: false; selected: false; clickable: false; longClickable: false; enabled: true; password: false; scrollable: false; [ACTION_SELECT, ACTION_CLEAR_SELECTION, ACTION_ACCESSIBILITY_FOCUS, ACTION_NEXT_AT_MOVEMENT_GRANULARITY, ACTION_PREVIOUS_AT_MOVEMENT_GRANULARITY, ACTION_SET_SELECTION]
05-19 17:24:01.555 E/AccessibilityNodeInfoCache(26575): Disconneced node: android.view.accessibility.AccessibilityNodeInfo@51d9c; boundsInParent: Rect(0, 0 - 78, 36); boundsInScreen: Rect(54, 1672 - 132, 1708); packageName: com.boco.apphall; className: android.widget.TextView; text: 开发者; contentDescription: null; viewIdResName: com.boco.apphall:id/developer_title; checkable: false; checked: false; focusable: false; focused: false; selected: false; clickable: false; longClickable: false; enabled: true; password: false; scrollable: false; [ACTION_SELECT, ACTION_CLEAR_SELECTION, ACTION_ACCESSIBILITY_FOCUS, ACTION_NEXT_AT_MOVEMENT_GRANULARITY, ACTION_PREVIOUS_AT_MOVEMENT_GRANULARITY, ACTION_SET_SELECTION]
05-19 17:24:01.555 E/AccessibilityNodeInfoCache(26575): Disconneced node: android.view.accessibility.AccessibilityNodeInfo@5215d; boundsInParent: Rect(0, 0 - 52, 36); boundsInScreen: Rect(152, 1672 - 204, 1708); packageName: com.boco.apphall; className: android.widget.TextView; text: 亿阳; contentDescription: null; viewIdResName: com.boco.apphall:id/developer_title_write; checkable: false; checked: false; focusable: false; focused: false; selected: false; clickable: false; longClickable: false; enabled: true; password: false; scrollable: false; [ACTION_SELECT, ACTION_CLEAR_SELECTION, ACTION_ACCESSIBILITY_FOCUS, ACTION_NEXT_AT_MOVEMENT_GRANULARITY, ACTION_PREVIOUS_AT_MOVEMENT_GRANULARITY, ACTION_SET_SELECTION]
05-19 17:24:01.555 E/AccessibilityNodeInfoCache(26575): Disconneced node: android.view.accessibility.AccessibilityNodeInfo@57f36; boundsInParent: Rect(0, 0 - 872, 229); boundsInScreen: Rect(14, 1489 - 886, 1718); packageName: com.boco.apphall; className: android.widget.RelativeLayout; text: null; contentDescription: null; viewIdResName: com.boco.apphall:id/app_detail_layout4; checkable: false; checked: false; focusable: false; focused: false; selected: false; clickable: false; longClickable: false; enabled: true; password: false; scrollable: false; [ACTION_SELECT, ACTION_CLEAR_SELECTION, ACTION_ACCESSIBILITY_FOCUS]
05-19 17:24:01.555 E/AccessibilityNodeInfoCache(26575): Disconneced node: android.view.accessibility.AccessibilityNodeInfo@50ad7; boundsInParent: Rect(0, 0 - 120, 41); boundsInScreen: Rect(54, 1499 - 174, 1540); packageName: com.boco.apphall; className: android.widget.TextView; text: 其他信息; contentDescription: null; viewIdResName: com.boco.apphall:id/app_other_desc; checkable: false; checked: false; focusable: false; focused: false; selected: false; clickable: false; longClickable: false; enabled: true; password: false; scrollable: false; [ACTION_SELECT, ACTION_CLEAR_SELECTION, ACTION_ACCESSIBILITY_FOCUS, ACTION_NEXT_AT_MOVEMENT_GRANULARITY, ACTION_PREVIOUS_AT_MOVEMENT_GRANULARITY, ACTION_SET_SELECTION]
05-19 17:24:01.555 E/AccessibilityNodeInfoCache(26575): Disconneced node: android.view.accessibility.AccessibilityNodeInfo@50e98; boundsInParent: Rect(0, 0 - 104, 36); boundsInScreen: Rect(54, 1560 - 158, 1596); packageName: com.boco.apphall; className: android.widget.TextView; text: 当前版本; contentDescription: null; viewIdResName: com.boco.apphall:id/curversion_title; checkable: false; checked: false; focusable: false; focused: false; selected: false; clickable: false; longClickable: false; enabled: true; password: false; scrollable: false; [ACTION_SELECT, ACTION_CLEAR_SELECTION, ACTION_ACCESSIBILITY_FOCUS, ACTION_NEXT_AT_MOVEMENT_GRANULARITY, ACTION_PREVIOUS_AT_MOVEMENT_GRANULARITY, ACTION_SET_SELECTION]
05-19 17:24:01.555 E/AccessibilityNodeInfoCache(26575): Disconneced node: android.view.accessibility.AccessibilityNodeInfo@51259; boundsInParent: Rect(0, 0 - 37, 36); boundsInScreen: Rect(178, 1560 - 215, 1596); packageName: com.boco.apphall; className: android.widget.TextView; text: 1.4; contentDescription: null; viewIdResName: com.boco.apphall:id/curversion_title_write; checkable: false; checked: false; focusable: false; focused: false; selected: false; clickable: false; longClickable: false; enabled: true; password: false; scrollable: false; [ACTION_SELECT, ACTION_CLEAR_SELECTION, ACTION_ACCESSIBILITY_FOCUS, ACTION_NEXT_AT_MOVEMENT_GRANULARITY, ACTION_PREVIOUS_AT_MOVEMENT_GRANULARITY, ACTION_SET_SELECTION]
05-19 17:24:01.555 E/AccessibilityNodeInfoCache(26575): Disconneced node: android.view.accessibility.AccessibilityNodeInfo@5161a; boundsInParent: Rect(0, 0 - 104, 36); boundsInScreen: Rect(54, 1616 - 158, 1652); packageName: com.boco.apphall; className: android.widget.TextView; text: 支持系统; contentDescription: null; viewIdResName: com.boco.apphall:id/hold_system_title; checkable: false; checked: false; focusable: false; focused: false; selected: false; clickable: false; longClickable: false; enabled: true; password: false; scrollable: false; [ACTION_SELECT, ACTION_CLEAR_SELECTION, ACTION_ACCESSIBILITY_FOCUS, ACTION_NEXT_AT_MOVEMENT_GRANULARITY, ACTION_PREVIOUS_AT_MOVEMENT_GRANULARITY, ACTION_SET_SELECTION]
05-19 17:24:01.555 E/AccessibilityNodeInfoCache(26575): Disconneced node: android.view.accessibility.AccessibilityNodeInfo@519db; boundsInParent: Rect(0, 0 - 89, 36); boundsInScreen: Rect(178, 1616 - 267, 1652); packageName: com.boco.apphall; className: android.widget.TextView; text: android; contentDescription: null; viewIdResName: com.boco.apphall:id/hold_system_write; checkable: false; checked: false; focusable: false; focused: false; selected: false; clickable: false; longClickable: false; enabled: true; password: false; scrollable: false; [ACTION_SELECT, ACTION_CLEAR_SELECTION, ACTION_ACCESSIBILITY_FOCUS, ACTION_NEXT_AT_MOVEMENT_GRANULARITY, ACTION_PREVIOUS_AT_MOVEMENT_GRANULARITY, ACTION_SET_SELECTION]
05-19 17:24:01.555 E/AccessibilityNodeInfoCache(26575): Disconneced node: android.view.accessibility.AccessibilityNodeInfo@51d9c; boundsInParent: Rect(0, 0 - 78, 36); boundsInScreen: Rect(54, 1672 - 132, 1708); packageName: com.boco.apphall; className: android.widget.TextView; text: 开发者; contentDescription: null; viewIdResName: com.boco.apphall:id/developer_title; checkable: false; checked: false; focusable: false; focused: false; selected: false; clickable: false; longClickable: false; enabled: true; password: false; scrollable: false; [ACTION_SELECT, ACTION_CLEAR_SELECTION, ACTION_ACCESSIBILITY_FOCUS, ACTION_NEXT_AT_MOVEMENT_GRANULARITY, ACTION_PREVIOUS_AT_MOVEMENT_GRANULARITY, ACTION_SET_SELECTION]
05-19 17:24:01.555 E/AccessibilityNodeInfoCache(26575): Disconneced node: android.view.accessibility.AccessibilityNodeInfo@5215d; boundsInParent: Rect(0, 0 - 52, 36); boundsInScreen: Rect(152, 1672 - 204, 1708); packageName: com.boco.apphall; className: android.widget.TextView; text: 亿阳; contentDescription: null; viewIdResName: com.boco.apphall:id/developer_title_write; checkable: false; checked: false; focusable: false; focused: false; selected: false; clickable: false; longClickable: false; enabled: true; password: false; scrollable: false; [ACTION_SELECT, ACTION_CLEAR_SELECTION, ACTION_ACCESSIBILITY_FOCUS, ACTION_NEXT_AT_MOVEMENT_GRANULARITY, ACTION_PREVIOUS_AT_MOVEMENT_GRANULARITY, ACTION_SET_SELECTION]
05-19 17:24:01.555 E/AccessibilityNodeInfoCache(26575): Disconneced node: android.view.accessibility.AccessibilityNodeInfo@57f36; boundsInParent: Rect(0, 0 - 872, 229); boundsInScreen: Rect(14, 1489 - 886, 1718); packageName: com.boco.apphall; className: android.widget.RelativeLayout; text: null; contentDescription: null; viewIdResName: com.boco.apphall:id/app_detail_layout4; checkable: false; checked: false; focusable: false; focused: false; selected: false; clickable: false; longClickable: false; enabled: true; password: false; scrollable: false; [ACTION_SELECT, ACTION_CLEAR_SELECTION, ACTION_ACCESSIBILITY_FOCUS]
05-19 17:24:01.575 E/AccessibilityNodeInfoCache(26575): Disconneced node: android.view.accessibility.AccessibilityNodeInfo@50ad7; boundsInParent: Rect(0, 0 - 120, 41); boundsInScreen: Rect(54, 1499 - 174, 1540); packageName: com.boco.apphall; className: android.widget.TextView; text: 其他信息; contentDescription: null; viewIdResName: com.boco.apphall:id/app_other_desc; checkable: false; checked: false; focusable: false; focused: false; selected: false; clickable: false; longClickable: false; enabled: true; password: false; scrollable: false; [ACTION_SELECT, ACTION_CLEAR_SELECTION, ACTION_ACCESSIBILITY_FOCUS, ACTION_NEXT_AT_MOVEMENT_GRANULARITY, ACTION_PREVIOUS_AT_MOVEMENT_GRANULARITY, ACTION_SET_SELECTION]
05-19 17:24:01.575 E/AccessibilityNodeInfoCache(26575): Disconneced node: android.view.accessibility.AccessibilityNodeInfo@50e98; boundsInParent: Rect(0, 0 - 104, 36); boundsInScreen: Rect(54, 1560 - 158, 1596); packageName: com.boco.apphall; className: android.widget.TextView; text: 当前版本; contentDescription: null; viewIdResName: com.boco.apphall:id/curversion_title; checkable: false; checked: false; focusable: false; focused: false; selected: false; clickable: false; longClickable: false; enabled: true; password: false; scrollable: false; [ACTION_SELECT, ACTION_CLEAR_SELECTION, ACTION_ACCESSIBILITY_FOCUS, ACTION_NEXT_AT_MOVEMENT_GRANULARITY, ACTION_PREVIOUS_AT_MOVEMENT_GRANULARITY, ACTION_SET_SELECTION]
05-19 17:24:01.575 E/AccessibilityNodeInfoCache(26575): Disconneced node: android.view.accessibility.AccessibilityNodeInfo@51259; boundsInParent: Rect(0, 0 - 37, 36); boundsInScreen: Rect(178, 1560 - 215, 1596); packageName: com.boco.apphall; className: android.widget.TextView; text: 1.4; contentDescription: null; viewIdResName: com.boco.apphall:id/curversion_title_write; checkable: false; checked: false; focusable: false; focused: false; selected: false; clickable: false; longClickable: false; enabled: true; password: false; scrollable: false; [ACTION_SELECT, ACTION_CLEAR_SELECTION, ACTION_ACCESSIBILITY_FOCUS, ACTION_NEXT_AT_MOVEMENT_GRANULARITY, ACTION_PREVIOUS_AT_MOVEMENT_GRANULARITY, ACTION_SET_SELECTION]
05-19 17:24:01.575 E/AccessibilityNodeInfoCache(26575): Disconneced node: android.view.accessibility.AccessibilityNodeInfo@5161a; boundsInParent: Rect(0, 0 - 104, 36); boundsInScreen: Rect(54, 1616 - 158, 1652); packageName: com.boco.apphall; className: android.widget.TextView; text: 支持系统; contentDescription: null; viewIdResName: com.boco.apphall:id/hold_system_title; checkable: false; checked: false; focusable: false; focused: false; selected: false; clickable: false; longClickable: false; enabled: true; password: false; scrollable: false; [ACTION_SELECT, ACTION_CLEAR_SELECTION, ACTION_ACCESSIBILITY_FOCUS, ACTION_NEXT_AT_MOVEMENT_GRANULARITY, ACTION_PREVIOUS_AT_MOVEMENT_GRANULARITY, ACTION_SET_SELECTION]
05-19 17:24:01.575 E/AccessibilityNodeInfoCache(26575): Disconneced node: android.view.accessibility.AccessibilityNodeInfo@519db; boundsInParent: Rect(0, 0 - 89, 36); boundsInScreen: Rect(178, 1616 - 267, 1652); packageName: com.boco.apphall; className: android.widget.TextView; text: android; contentDescription: null; viewIdResName: com.boco.apphall:id/hold_system_write; checkable: false; checked: false; focusable: false; focused: false; selected: false; clickable: false; longClickable: false; enabled: true; password: false; scrollable: false; [ACTION_SELECT, ACTION_CLEAR_SELECTION, ACTION_ACCESSIBILITY_FOCUS, ACTION_NEXT_AT_MOVEMENT_GRANULARITY, ACTION_PREVIOUS_AT_MOVEMENT_GRANULARITY, ACTION_SET_SELECTION]
05-19 17:24:01.575 E/AccessibilityNodeInfoCache(26575): Disconneced node: android.view.accessibility.AccessibilityNodeInfo@51d9c; boundsInParent: Rect(0, 0 - 78, 36); boundsInScreen: Rect(54, 1672 - 132, 1708); packageName: com.boco.apphall; className: android.widget.TextView; text: 开发者; contentDescription: null; viewIdResName: com.boco.apphall:id/developer_title; checkable: false; checked: false; focusable: false; focused: false; selected: false; clickable: false; longClickable: false; enabled: true; password: false; scrollable: false; [ACTION_SELECT, ACTION_CLEAR_SELECTION, ACTION_ACCESSIBILITY_FOCUS, ACTION_NEXT_AT_MOVEMENT_GRANULARITY, ACTION_PREVIOUS_AT_MOVEMENT_GRANULARITY, ACTION_SET_SELECTION]
05-19 17:24:01.575 E/AccessibilityNodeInfoCache(26575): Disconneced node: android.view.accessibility.AccessibilityNodeInfo@5215d; boundsInParent: Rect(0, 0 - 52, 36); boundsInScreen: Rect(152, 1672 - 204, 1708); packageName: com.boco.apphall; className: android.widget.TextView; text: 亿阳; contentDescription: null; viewIdResName: com.boco.apphall:id/developer_title_write; checkable: false; checked: false; focusable: false; focused: false; selected: false; clickable: false; longClickable: false; enabled: true; password: false; scrollable: false; [ACTION_SELECT, ACTION_CLEAR_SELECTION, ACTION_ACCESSIBILITY_FOCUS, ACTION_NEXT_AT_MOVEMENT_GRANULARITY, ACTION_PREVIOUS_AT_MOVEMENT_GRANULARITY, ACTION_SET_SELECTION]
05-19 17:24:01.575 E/AccessibilityNodeInfoCache(26575): Disconneced node: android.view.accessibility.AccessibilityNodeInfo@57f36; boundsInParent: Rect(0, 0 - 872, 229); boundsInScreen: Rect(14, 1489 - 886, 1718); packageName: com.boco.apphall; className: android.widget.RelativeLayout; text: null; contentDescription: null; viewIdResName: com.boco.apphall:id/app_detail_layout4; checkable: false; checked: false; focusable: false; focused: false; selected: false; clickable: false; longClickable: false; enabled: true; password: false; scrollable: false; [ACTION_SELECT, ACTION_CLEAR_SELECTION, ACTION_ACCESSIBILITY_FOCUS]
05-19 17:24:03.205 E/Cataloger( 1207): syncFile:/storage/emulated/0/appHall_guangxi_folder/download/1495185822272BOCO_GX_GLDD_V1.4_1705081830_9292_D.apk
05-19 17:24:06.765 E/NetworkScheduler.SR(  703): Invalid parameter app
05-19 17:24:06.765 E/NetworkScheduler.SR(  703): Invalid package name : Perhaps you didn't include a PendingIntent in the extras?
05-19 17:24:06.785 E/Drive.UninstallOperation(23072): Package still installed com.boco.gx.breakpointsearch
05-19 17:24:14.405 E/Finsky  (11759): [1] com.google.android.finsky.wear.bl.a(847): onConnectionFailed: ConnectionResult{statusCode=API_UNAVAILABLE, resolution=null, message=null}
05-19 17:24:14.505 E/Cataloger( 1207): syncFile:/storage/emulated/0/appHall_guangxi_folder/download/1495185822272BOCO_GX_GLDD_V1.4_1705081830_9292_D.apk
05-19 17:24:14.515 E/Cataloger( 1207): syncFile:/storage/emulated/0/backups/system/.timestamp
05-19 17:24:14.515 E/Cataloger( 1207): need not sync path:/storage/emulated/0/backups/system/.timestamp
05-19 17:24:14.555 E/Cataloger( 1207): syncFile:/storage/emulated/0/Android/data/com.estrongs.android.pop/recomm/setting.download.tmp.tmp
05-19 17:24:14.555 E/Cataloger( 1207): need not sync path:/storage/emulated/0/Android/data/com.estrongs.android.pop/recomm/setting.download.tmp.tmp
05-19 17:24:14.555 E/Cataloger( 1207): syncFile:/storage/emulated/0/Android/data/com.estrongs.android.pop/recomm/setting.download.tmp.tmp
05-19 17:24:14.555 E/Cataloger( 1207): need not sync path:/storage/emulated/0/Android/data/com.estrongs.android.pop/recomm/setting.download.tmp.tmp
05-19 17:24:14.635 E/Cataloger( 1207): syncFile:/storage/emulated/0/Android/data/com.estrongs.android.pop/recomm/setting.download.tmp.tmp
05-19 17:24:14.635 E/Cataloger( 1207): need not sync path:/storage/emulated/0/Android/data/com.estrongs.android.pop/recomm/setting.download.tmp.tmp
05-19 17:24:14.635 E/Cataloger( 1207): syncFile:/storage/emulated/0/Android/data/com.estrongs.android.pop/recomm/setting.download.tmp.tmp
05-19 17:24:14.645 E/Cataloger( 1207): need not sync path:/storage/emulated/0/Android/data/com.estrongs.android.pop/recomm/setting.download.tmp.tmp
05-19 17:24:14.645 E/Cataloger( 1207): syncFile:/storage/emulated/0/Android/data/com.estrongs.android.pop/recomm/setting.download.tmp.tmp
05-19 17:24:14.645 E/Cataloger( 1207): need not sync path:/storage/emulated/0/Android/data/com.estrongs.android.pop/recomm/setting.download.tmp.tmp
05-19 17:24:14.645 E/Cataloger( 1207): syncFile:/storage/emulated/0/Android/data/com.estrongs.android.pop/recomm/setting.download.tmp.tmp
05-19 17:24:14.645 E/Cataloger( 1207): need not sync path:/storage/emulated/0/Android/data/com.estrongs.android.pop/recomm/setting.download.tmp.tmp
05-19 17:24:14.815 E/Cataloger( 1207): syncFile:/storage/emulated/0/Android/data/com.estrongs.android.pop/recomm/setting.download.tmp.tmp
05-19 17:24:14.815 E/Cataloger( 1207): need not sync path:/storage/emulated/0/Android/data/com.estrongs.android.pop/recomm/setting.download.tmp.tmp
05-19 17:24:14.825 E/Cataloger( 1207): 重复删除命令
05-19 17:24:14.835 E/Cataloger( 1207): syncFile:/storage/emulated/0/Android/data/com.estrongs.android.pop/recomm/setting.download.tmp
05-19 17:24:14.835 E/Cataloger( 1207): need not sync path:/storage/emulated/0/Android/data/com.estrongs.android.pop/recomm/setting.download.tmp
05-19 17:24:14.835 E/Cataloger( 1207): syncFile:/storage/emulated/0/Android/data/com.estrongs.android.pop/recomm/setting.download.tmp
05-19 17:24:14.835 E/Cataloger( 1207): need not sync path:/storage/emulated/0/Android/data/com.estrongs.android.pop/recomm/setting.download.tmp
05-19 17:24:15.605 E/NetworkScheduler.SR(  703): Invalid parameter app
05-19 17:24:15.605 E/NetworkScheduler.SR(  703): Invalid package name : Perhaps you didn't include a PendingIntent in the extras?
05-19 17:24:33.994 E/memtrack(26748): Couldn't load memtrack module (No such file or directory)
05-19 17:24:33.994 E/android.os.Debug(26748): failed to load memtrack module: -2
05-19 17:24:34.024 E/cutils-trace(26748): Error opening trace file: No such file or directory (2)
05-19 17:24:34.874 E/memtrack(26760): Couldn't load memtrack module (No such file or directory)
05-19 17:24:34.874 E/android.os.Debug(26760): failed to load memtrack module: -2
05-19 17:24:34.914 E/cutils-trace(26760): Error opening trace file: No such file or directory (2)
05-19 17:24:34.954 E/Cataloger( 1207): syncFile:/storage/emulated/0/Android/data/com.boco.apphall/cache/uil-images/journal
05-19 17:24:34.954 E/Cataloger( 1207): need not sync path:/storage/emulated/0/Android/data/com.boco.apphall/cache/uil-images/journal
05-19 17:24:35.854 E/memtrack(26772): Couldn't load memtrack module (No such file or directory)
05-19 17:24:35.854 E/android.os.Debug(26772): failed to load memtrack module: -2
05-19 17:24:35.914 E/cutils-trace(26772): Error opening trace file: No such file or directory (2)
05-19 17:24:37.644 E/memtrack(26795): Couldn't load memtrack module (No such file or directory)
05-19 17:24:37.644 E/android.os.Debug(26795): failed to load memtrack module: -2
05-19 17:24:37.674 E/cutils-trace(26795): Error opening trace file: No such file or directory (2)
05-19 17:24:38.384 E/memtrack(26807): Couldn't load memtrack module (No such file or directory)
05-19 17:24:38.394 E/android.os.Debug(26807): failed to load memtrack module: -2
05-19 17:24:38.414 E/cutils-trace(26807): Error opening trace file: No such file or directory (2)
05-19 17:24:39.214 E/memtrack(26819): Couldn't load memtrack module (No such file or directory)
05-19 17:24:39.214 E/android.os.Debug(26819): failed to load memtrack module: -2
05-19 17:24:39.234 E/cutils-trace(26819): Error opening trace file: No such file or directory (2)
05-19 17:24:40.094 E/memtrack(26831): Couldn't load memtrack module (No such file or directory)
05-19 17:24:40.094 E/android.os.Debug(26831): failed to load memtrack module: -2
05-19 17:24:40.114 E/cutils-trace(26831): Error opening trace file: No such file or directory (2)
05-19 17:24:40.884 E/memtrack(26843): Couldn't load memtrack module (No such file or directory)
05-19 17:24:40.884 E/android.os.Debug(26843): failed to load memtrack module: -2
05-19 17:24:40.914 E/cutils-trace(26843): Error opening trace file: No such file or directory (2)
05-19 17:24:42.064 E/memtrack(26860): Couldn't load memtrack module (No such file or directory)
05-19 17:24:42.064 E/android.os.Debug(26860): failed to load memtrack module: -2
05-19 17:24:42.094 E/cutils-trace(26860): Error opening trace file: No such file or directory (2)
05-19 17:24:42.814 E/memtrack(26872): Couldn't load memtrack module (No such file or directory)
05-19 17:24:42.814 E/android.os.Debug(26872): failed to load memtrack module: -2
05-19 17:24:42.834 E/cutils-trace(26872): Error opening trace file: No such file or directory (2)
05-19 17:24:43.724 E/memtrack(26886): Couldn't load memtrack module (No such file or directory)
05-19 17:24:43.724 E/android.os.Debug(26886): failed to load memtrack module: -2
05-19 17:24:43.754 E/cutils-trace(26886): Error opening trace file: No such file or directory (2)
05-19 17:24:45.014 E/memtrack(26904): Couldn't load memtrack module (No such file or directory)
05-19 17:24:45.014 E/android.os.Debug(26904): failed to load memtrack module: -2
05-19 17:24:45.044 E/cutils-trace(26904): Error opening trace file: No such file or directory (2)
05-19 17:24:45.764 E/memtrack(26916): Couldn't load memtrack module (No such file or directory)
05-19 17:24:45.764 E/android.os.Debug(26916): failed to load memtrack module: -2
05-19 17:24:45.784 E/cutils-trace(26916): Error opening trace file: No such file or directory (2)
05-19 17:24:46.504 E/memtrack(26928): Couldn't load memtrack module (No such file or directory)
05-19 17:24:46.504 E/android.os.Debug(26928): failed to load memtrack module: -2
05-19 17:24:46.534 E/Cataloger( 1207): 重复删除命令
05-19 17:24:46.534 E/Cataloger( 1207): syncFile:/storage/emulated/0/Android/data/com.boco.apphall/cache/uil-images/5252683xnrtcrm7o65y7uirsl0
05-19 17:24:46.544 E/Cataloger( 1207): need not sync path:/storage/emulated/0/Android/data/com.boco.apphall/cache/uil-images/5252683xnrtcrm7o65y7uirsl0
05-19 17:24:46.544 E/Cataloger( 1207): syncFile:/storage/emulated/0/Android/data/com.boco.apphall/cache/uil-images/2dw14j6zx8fuf59l70lizvt710
05-19 17:24:46.544 E/Cataloger( 1207): need not sync path:/storage/emulated/0/Android/data/com.boco.apphall/cache/uil-images/2dw14j6zx8fuf59l70lizvt710
05-19 17:24:46.544 E/Cataloger( 1207): syncFile:/storage/emulated/0/Android/data/com.boco.apphall/cache/uil-images/64u2kf0bfy71nodbxsvrwaoat0
05-19 17:24:46.554 E/Cataloger( 1207): need not sync path:/storage/emulated/0/Android/data/com.boco.apphall/cache/uil-images/64u2kf0bfy71nodbxsvrwaoat0
05-19 17:24:46.554 E/Cataloger( 1207): syncFile:/storage/emulated/0/Android/data/com.boco.apphall/cache/uil-images/3205omy4td9oxw05yijfjsa900
05-19 17:24:46.564 E/Cataloger( 1207): need not sync path:/storage/emulated/0/Android/data/com.boco.apphall/cache/uil-images/3205omy4td9oxw05yijfjsa900
05-19 17:24:46.564 E/Cataloger( 1207): syncFile:/storage/emulated/0/Android/data/com.boco.apphall/cache/uil-images/journal
05-19 17:24:46.574 E/Cataloger( 1207): need not sync path:/storage/emulated/0/Android/data/com.boco.apphall/cache/uil-images/journal
05-19 17:24:46.574 E/Cataloger( 1207): syncFile:/storage/emulated/0/Android/data/com.boco.apphall/cache/uil-images/1yr55s6idym5vmr2kp828kc730
05-19 17:24:46.574 E/Cataloger( 1207): need not sync path:/storage/emulated/0/Android/data/com.boco.apphall/cache/uil-images/1yr55s6idym5vmr2kp828kc730
05-19 17:24:46.584 E/Cataloger( 1207): 重复删除命令
05-19 17:24:46.584 E/Cataloger( 1207): syncFile:/storage/emulated/0/Android/data/com.boco.apphall/cache/uil-images/5qxqvdbogs92lp9xsu05v4d050
05-19 17:24:46.584 E/Cataloger( 1207): need not sync path:/storage/emulated/0/Android/data/com.boco.apphall/cache/uil-images/5qxqvdbogs92lp9xsu05v4d050
05-19 17:24:46.584 E/Cataloger( 1207): syncFile:/storage/emulated/0/Android/data/com.boco.apphall/cache/uil-images/4kxgwmqh15kqpdwvd91ok1rs00
05-19 17:24:46.594 E/Cataloger( 1207): need not sync path:/storage/emulated/0/Android/data/com.boco.apphall/cache/uil-images/4kxgwmqh15kqpdwvd91ok1rs00
05-19 17:24:46.594 E/Cataloger( 1207): syncFile:/storage/emulated/0/Android/data/com.boco.apphall/cache/uil-images/5qk5ab5bpi8w4etc52xne53rs0
05-19 17:24:46.594 E/Cataloger( 1207): need not sync path:/storage/emulated/0/Android/data/com.boco.apphall/cache/uil-images/5qk5ab5bpi8w4etc52xne53rs0
05-19 17:24:46.594 E/Cataloger( 1207): 重复删除命令
05-19 17:24:46.594 E/Cataloger( 1207): 重复删除命令
05-19 17:24:46.594 E/Cataloger( 1207): syncFile:/storage/emulated/0/Android/data/com.boco.apphall/cache/uil-images/5wanmv7yu4hzfio3426l5dfqd0
05-19 17:24:46.604 E/cutils-trace(26928): Error opening trace file: No such file or directory (2)
05-19 17:24:46.604 E/Cataloger( 1207): need not sync path:/storage/emulated/0/Android/data/com.boco.apphall/cache/uil-images/5wanmv7yu4hzfio3426l5dfqd0
05-19 17:24:46.604 E/Cataloger( 1207): syncFile:/storage/emulated/0/Android/data/com.boco.apphall/cache/uil-images/3zj5e7agc5dxrx9zld8s8tazk0
05-19 17:24:46.614 E/Cataloger( 1207): need not sync path:/storage/emulated/0/Android/data/com.boco.apphall/cache/uil-images/3zj5e7agc5dxrx9zld8s8tazk0
05-19 17:24:46.614 E/Cataloger( 1207): syncFile:/storage/emulated/0/Android/data/com.boco.apphall/cache/uil-images/mk3hplefdtlqmx38m1iwlp2r0
05-19 17:24:46.624 E/Cataloger( 1207): need not sync path:/storage/emulated/0/Android/data/com.boco.apphall/cache/uil-images/mk3hplefdtlqmx38m1iwlp2r0
05-19 17:24:46.624 E/Cataloger( 1207): 重复删除命令
05-19 17:24:46.624 E/Cataloger( 1207): 重复删除命令
05-19 17:24:46.624 E/Cataloger( 1207): 重复删除命令
05-19 17:24:49.914 E/memtrack(26958): Couldn't load memtrack module (No such file or directory)
05-19 17:24:49.914 E/android.os.Debug(26958): failed to load memtrack module: -2
05-19 17:24:50.784 E/memtrack(26975): Couldn't load memtrack module (No such file or directory)
05-19 17:24:50.784 E/android.os.Debug(26975): failed to load memtrack module: -2
05-19 17:24:51.164 E/QueryController(26958): Got null root node from accessibility - Retrying...
05-19 17:24:51.414 E/QueryController(26958): Got null root node from accessibility - Retrying...
05-19 17:24:51.464 E/Cataloger( 1207): syncFile:/storage/emulated/0/Android/data/com.boco.apphall
05-19 17:24:51.464 E/Cataloger( 1207): 创建一个目录:/storage/emulated/0/Android/data/com.boco.apphall
05-19 17:24:51.464 E/Cataloger( 1207): 扫描新建目录：/storage/emulated/0/Android/data/com.boco.apphall
05-19 17:24:51.464 E/Cataloger( 1207): syncFile:/storage/emulated/0/Android/data/com.boco.apphall/cache
05-19 17:24:51.464 E/Cataloger( 1207): 创建一个目录:/storage/emulated/0/Android/data/com.boco.apphall/cache
05-19 17:24:51.464 E/Cataloger( 1207): 扫描新建目录：/storage/emulated/0/Android/data/com.boco.apphall/cache
05-19 17:24:51.474 E/Cataloger( 1207): 重复创建命令
05-19 17:24:51.474 E/Cataloger( 1207): syncFile:/storage/emulated/0/Android/data/com.boco.apphall/cache/uil-images/journal.tmp
05-19 17:24:51.474 E/Cataloger( 1207): need not sync path:/storage/emulated/0/Android/data/com.boco.apphall/cache/uil-images/journal.tmp
05-19 17:24:51.474 E/Cataloger( 1207): syncFile:/storage/emulated/0/Android/data/com.boco.apphall/cache/uil-images/journal.tmp
05-19 17:24:51.474 E/Cataloger( 1207): need not sync path:/storage/emulated/0/Android/data/com.boco.apphall/cache/uil-images/journal.tmp
05-19 17:24:51.474 E/Cataloger( 1207): 重复删除命令
05-19 17:24:51.474 E/Cataloger( 1207): syncFile:/storage/emulated/0/Android/data/com.boco.apphall/cache/uil-images/journal
05-19 17:24:51.474 E/Cataloger( 1207): need not sync path:/storage/emulated/0/Android/data/com.boco.apphall/cache/uil-images/journal
05-19 17:24:51.684 E/QueryController(26958): Got null root node from accessibility - Retrying...
05-19 17:24:51.884 E/cutils-trace(26975): Error opening trace file: No such file or directory (2)
05-19 17:24:53.284 E/QueryController(26958): Got null root node from accessibility - Retrying...
05-19 17:24:54.484 E/SQLiteDatabase( 1207): Error inserting path=/storage/emulated/0/Android/data/com.boco.apphall/ lastmodified=1495185891000 pathtype=3 _id=418 isLogPath=0 name=com.boco.apphall
05-19 17:24:54.484 E/SQLiteDatabase( 1207): android.database.sqlite.SQLiteConstraintException: column path is not unique (code 19)
05-19 17:24:54.484 E/SQLiteDatabase( 1207): 	at android.database.sqlite.SQLiteConnection.nativeExecuteForLastInsertedRowId(Native Method)
05-19 17:24:54.484 E/SQLiteDatabase( 1207): 	at android.database.sqlite.SQLiteConnection.executeForLastInsertedRowId(SQLiteConnection.java:782)
05-19 17:24:54.484 E/SQLiteDatabase( 1207): 	at android.database.sqlite.SQLiteSession.executeForLastInsertedRowId(SQLiteSession.java:788)
05-19 17:24:54.484 E/SQLiteDatabase( 1207): 	at android.database.sqlite.SQLiteStatement.executeInsert(SQLiteStatement.java:86)
05-19 17:24:54.484 E/SQLiteDatabase( 1207): 	at android.database.sqlite.SQLiteDatabase.insertWithOnConflict(SQLiteDatabase.java:1469)
05-19 17:24:54.484 E/SQLiteDatabase( 1207): 	at android.database.sqlite.SQLiteDatabase.insert(SQLiteDatabase.java:1339)
05-19 17:24:54.484 E/SQLiteDatabase( 1207): 	at com.estrongs.android.scanner.d.e.a(Unknown Source)
05-19 17:24:54.484 E/SQLiteDatabase( 1207): 	at com.estrongs.android.scanner.d.a.a(Unknown Source)
05-19 17:24:54.484 E/SQLiteDatabase( 1207): 	at com.estrongs.android.scanner.d.a.a(Unknown Source)
05-19 17:24:54.484 E/SQLiteDatabase( 1207): 	at com.estrongs.android.scanner.d.r.run(Unknown Source)
05-19 17:24:54.484 E/SQLiteDatabase( 1207): 	at java.util.concurrent.ThreadPoolExecutor.runWorker(ThreadPoolExecutor.java:1112)
05-19 17:24:54.484 E/SQLiteDatabase( 1207): 	at java.util.concurrent.ThreadPoolExecutor$Worker.run(ThreadPoolExecutor.java:587)
05-19 17:24:54.484 E/SQLiteDatabase( 1207): 	at java.lang.Thread.run(Thread.java:841)
05-19 17:24:55.254 E/cutils-trace(26958): Error opening trace file: No such file or directory (2)
05-19 17:24:57.664 E/memtrack(27016): Couldn't load memtrack module (No such file or directory)
05-19 17:24:57.664 E/android.os.Debug(27016): failed to load memtrack module: -2
05-19 17:24:57.764 E/cutils-trace(27016): Error opening trace file: No such file or directory (2)
05-19 17:25:03.854 E/AccessibilityNodeInfoCache(26958): Duplicate input focus: android.view.accessibility.AccessibilityNodeInfo@a875; boundsInParent: Rect(0, 0 - 680, 121); boundsInScreen: Rect(150, 705 - 830, 826); packageName: com.boco.apphall; className: android.widget.EditText; text: null; contentDescription: null; viewIdResName: com.boco.apphall:id/password; checkable: false; checked: false; focusable: true; focused: true; selected: false; clickable: true; longClickable: true; enabled: true; password: true; scrollable: false; [ACTION_CLEAR_FOCUS, ACTION_SELECT, ACTION_CLEAR_SELECTION, ACTION_CLICK, ACTION_LONG_CLICK, ACTION_ACCESSIBILITY_FOCUS]
05-19 17:25:04.314 E/memtrack(27028): Couldn't load memtrack module (No such file or directory)
05-19 17:25:04.314 E/android.os.Debug(27028): failed to load memtrack module: -2
05-19 17:25:05.684 E/cutils-trace(27028): Error opening trace file: No such file or directory (2)
05-19 17:25:18.544 E/---RankingListAppFragment---(26987): onResume
05-19 17:25:18.834 E/Cataloger( 1207): syncFile:/storage/emulated/0/Android/data/com.boco.apphall/cache/uil-images/5wanmv7yu4hzfio3426l5dfqd0.tmp
05-19 17:25:18.834 E/Cataloger( 1207): need not sync path:/storage/emulated/0/Android/data/com.boco.apphall/cache/uil-images/5wanmv7yu4hzfio3426l5dfqd0.tmp
05-19 17:25:18.834 E/Cataloger( 1207): syncFile:/storage/emulated/0/Android/data/com.boco.apphall/cache/uil-images/3205omy4td9oxw05yijfjsa900.tmp
05-19 17:25:18.834 E/Cataloger( 1207): need not sync path:/storage/emulated/0/Android/data/com.boco.apphall/cache/uil-images/3205omy4td9oxw05yijfjsa900.tmp
05-19 17:25:18.854 E/Cataloger( 1207): syncFile:/storage/emulated/0/Android/data/com.boco.apphall/cache/uil-images/3205omy4td9oxw05yijfjsa900.tmp
05-19 17:25:18.854 E/Cataloger( 1207): need not sync path:/storage/emulated/0/Android/data/com.boco.apphall/cache/uil-images/3205omy4td9oxw05yijfjsa900.tmp
05-19 17:25:18.854 E/Cataloger( 1207): 重复删除命令
05-19 17:25:18.854 E/Cataloger( 1207): syncFile:/storage/emulated/0/Android/data/com.boco.apphall/cache/uil-images/3205omy4td9oxw05yijfjsa900
05-19 17:25:18.854 E/Cataloger( 1207): need not sync path:/storage/emulated/0/Android/data/com.boco.apphall/cache/uil-images/3205omy4td9oxw05yijfjsa900
05-19 17:25:18.904 E/Cataloger( 1207): syncFile:/storage/emulated/0/Android/data/com.boco.apphall/cache/uil-images/5wanmv7yu4hzfio3426l5dfqd0.tmp
05-19 17:25:18.904 E/Cataloger( 1207): need not sync path:/storage/emulated/0/Android/data/com.boco.apphall/cache/uil-images/5wanmv7yu4hzfio3426l5dfqd0.tmp
05-19 17:25:18.904 E/Cataloger( 1207): 重复删除命令
05-19 17:25:18.904 E/Cataloger( 1207): syncFile:/storage/emulated/0/Android/data/com.boco.apphall/cache/uil-images/5wanmv7yu4hzfio3426l5dfqd0
05-19 17:25:18.904 E/Cataloger( 1207): need not sync path:/storage/emulated/0/Android/data/com.boco.apphall/cache/uil-images/5wanmv7yu4hzfio3426l5dfqd0
05-19 17:25:18.924 E/Cataloger( 1207): syncFile:/storage/emulated/0/Android/data/com.boco.apphall/cache/uil-images/5qxqvdbogs92lp9xsu05v4d050.tmp
05-19 17:25:18.924 E/Cataloger( 1207): need not sync path:/storage/emulated/0/Android/data/com.boco.apphall/cache/uil-images/5qxqvdbogs92lp9xsu05v4d050.tmp
05-19 17:25:18.924 E/Cataloger( 1207): syncFile:/storage/emulated/0/Android/data/com.boco.apphall/cache/uil-images/5qxqvdbogs92lp9xsu05v4d050.tmp
05-19 17:25:18.924 E/Cataloger( 1207): need not sync path:/storage/emulated/0/Android/data/com.boco.apphall/cache/uil-images/5qxqvdbogs92lp9xsu05v4d050.tmp
05-19 17:25:18.924 E/Cataloger( 1207): 重复删除命令
05-19 17:25:18.924 E/Cataloger( 1207): syncFile:/storage/emulated/0/Android/data/com.boco.apphall/cache/uil-images/5qxqvdbogs92lp9xsu05v4d050
05-19 17:25:18.924 E/Cataloger( 1207): need not sync path:/storage/emulated/0/Android/data/com.boco.apphall/cache/uil-images/5qxqvdbogs92lp9xsu05v4d050
05-19 17:25:18.934 E/Cataloger( 1207): syncFile:/storage/emulated/0/Android/data/com.boco.apphall/cache/uil-images/1yr55s6idym5vmr2kp828kc730.tmp
05-19 17:25:18.934 E/Cataloger( 1207): need not sync path:/storage/emulated/0/Android/data/com.boco.apphall/cache/uil-images/1yr55s6idym5vmr2kp828kc730.tmp
05-19 17:25:18.974 E/Cataloger( 1207): syncFile:/storage/emulated/0/Android/data/com.boco.apphall/cache/uil-images/1yr55s6idym5vmr2kp828kc730.tmp
05-19 17:25:18.974 E/Cataloger( 1207): need not sync path:/storage/emulated/0/Android/data/com.boco.apphall/cache/uil-images/1yr55s6idym5vmr2kp828kc730.tmp
05-19 17:25:18.974 E/Cataloger( 1207): 重复删除命令
05-19 17:25:18.974 E/Cataloger( 1207): syncFile:/storage/emulated/0/Android/data/com.boco.apphall/cache/uil-images/1yr55s6idym5vmr2kp828kc730
05-19 17:25:18.974 E/Cataloger( 1207): need not sync path:/storage/emulated/0/Android/data/com.boco.apphall/cache/uil-images/1yr55s6idym5vmr2kp828kc730
05-19 17:25:18.974 E/Cataloger( 1207): syncFile:/storage/emulated/0/Android/data/com.boco.apphall/cache/uil-images/64u2kf0bfy71nodbxsvrwaoat0.tmp
05-19 17:25:18.974 E/Cataloger( 1207): need not sync path:/storage/emulated/0/Android/data/com.boco.apphall/cache/uil-images/64u2kf0bfy71nodbxsvrwaoat0.tmp
05-19 17:25:18.984 E/Cataloger( 1207): syncFile:/storage/emulated/0/Android/data/com.boco.apphall/cache/uil-images/64u2kf0bfy71nodbxsvrwaoat0.tmp
05-19 17:25:18.984 E/Cataloger( 1207): need not sync path:/storage/emulated/0/Android/data/com.boco.apphall/cache/uil-images/64u2kf0bfy71nodbxsvrwaoat0.tmp
05-19 17:25:18.984 E/Cataloger( 1207): 重复删除命令
05-19 17:25:18.984 E/Cataloger( 1207): syncFile:/storage/emulated/0/Android/data/com.boco.apphall/cache/uil-images/64u2kf0bfy71nodbxsvrwaoat0
05-19 17:25:18.984 E/Cataloger( 1207): need not sync path:/storage/emulated/0/Android/data/com.boco.apphall/cache/uil-images/64u2kf0bfy71nodbxsvrwaoat0
05-19 17:25:19.014 E/Cataloger( 1207): syncFile:/storage/emulated/0/Android/data/com.boco.apphall/cache/uil-images/5qk5ab5bpi8w4etc52xne53rs0.tmp
05-19 17:25:19.014 E/Cataloger( 1207): need not sync path:/storage/emulated/0/Android/data/com.boco.apphall/cache/uil-images/5qk5ab5bpi8w4etc52xne53rs0.tmp
05-19 17:25:19.054 E/Cataloger( 1207): syncFile:/storage/emulated/0/Android/data/com.boco.apphall/cache/uil-images/3zj5e7agc5dxrx9zld8s8tazk0.tmp
05-19 17:25:19.054 E/Cataloger( 1207): need not sync path:/storage/emulated/0/Android/data/com.boco.apphall/cache/uil-images/3zj5e7agc5dxrx9zld8s8tazk0.tmp
05-19 17:25:19.054 E/Cataloger( 1207): syncFile:/storage/emulated/0/Android/data/com.boco.apphall/cache/uil-images/3zj5e7agc5dxrx9zld8s8tazk0.tmp
05-19 17:25:19.054 E/Cataloger( 1207): need not sync path:/storage/emulated/0/Android/data/com.boco.apphall/cache/uil-images/3zj5e7agc5dxrx9zld8s8tazk0.tmp
05-19 17:25:19.054 E/Cataloger( 1207): 重复删除命令
05-19 17:25:19.064 E/Cataloger( 1207): syncFile:/storage/emulated/0/Android/data/com.boco.apphall/cache/uil-images/3zj5e7agc5dxrx9zld8s8tazk0
05-19 17:25:19.064 E/Cataloger( 1207): need not sync path:/storage/emulated/0/Android/data/com.boco.apphall/cache/uil-images/3zj5e7agc5dxrx9zld8s8tazk0
05-19 17:25:19.064 E/Cataloger( 1207): syncFile:/storage/emulated/0/Android/data/com.boco.apphall/cache/uil-images/mk3hplefdtlqmx38m1iwlp2r0.tmp
05-19 17:25:19.064 E/Cataloger( 1207): need not sync path:/storage/emulated/0/Android/data/com.boco.apphall/cache/uil-images/mk3hplefdtlqmx38m1iwlp2r0.tmp
05-19 17:25:19.104 E/Cataloger( 1207): syncFile:/storage/emulated/0/Android/data/com.boco.apphall/cache/uil-images/5qk5ab5bpi8w4etc52xne53rs0.tmp
05-19 17:25:19.104 E/Cataloger( 1207): need not sync path:/storage/emulated/0/Android/data/com.boco.apphall/cache/uil-images/5qk5ab5bpi8w4etc52xne53rs0.tmp
05-19 17:25:19.104 E/Cataloger( 1207): 重复删除命令
05-19 17:25:19.104 E/Cataloger( 1207): syncFile:/storage/emulated/0/Android/data/com.boco.apphall/cache/uil-images/5qk5ab5bpi8w4etc52xne53rs0
05-19 17:25:19.104 E/Cataloger( 1207): need not sync path:/storage/emulated/0/Android/data/com.boco.apphall/cache/uil-images/5qk5ab5bpi8w4etc52xne53rs0
05-19 17:25:19.114 E/Cataloger( 1207): syncFile:/storage/emulated/0/Android/data/com.boco.apphall/cache/uil-images/mk3hplefdtlqmx38m1iwlp2r0.tmp
05-19 17:25:19.114 E/Cataloger( 1207): need not sync path:/storage/emulated/0/Android/data/com.boco.apphall/cache/uil-images/mk3hplefdtlqmx38m1iwlp2r0.tmp
05-19 17:25:19.114 E/Cataloger( 1207): 重复删除命令
05-19 17:25:19.114 E/Cataloger( 1207): syncFile:/storage/emulated/0/Android/data/com.boco.apphall/cache/uil-images/mk3hplefdtlqmx38m1iwlp2r0
05-19 17:25:19.114 E/Cataloger( 1207): need not sync path:/storage/emulated/0/Android/data/com.boco.apphall/cache/uil-images/mk3hplefdtlqmx38m1iwlp2r0
05-19 17:25:19.134 E/Cataloger( 1207): syncFile:/storage/emulated/0/Android/data/com.boco.apphall/cache/uil-images/4kxgwmqh15kqpdwvd91ok1rs00.tmp
05-19 17:25:19.134 E/Cataloger( 1207): need not sync path:/storage/emulated/0/Android/data/com.boco.apphall/cache/uil-images/4kxgwmqh15kqpdwvd91ok1rs00.tmp
05-19 17:25:19.134 E/Cataloger( 1207): syncFile:/storage/emulated/0/Android/data/com.boco.apphall/cache/uil-images/4kxgwmqh15kqpdwvd91ok1rs00.tmp
05-19 17:25:19.134 E/Cataloger( 1207): need not sync path:/storage/emulated/0/Android/data/com.boco.apphall/cache/uil-images/4kxgwmqh15kqpdwvd91ok1rs00.tmp
05-19 17:25:19.134 E/Cataloger( 1207): 重复删除命令
05-19 17:25:19.134 E/Cataloger( 1207): syncFile:/storage/emulated/0/Android/data/com.boco.apphall/cache/uil-images/4kxgwmqh15kqpdwvd91ok1rs00
05-19 17:25:19.134 E/Cataloger( 1207): need not sync path:/storage/emulated/0/Android/data/com.boco.apphall/cache/uil-images/4kxgwmqh15kqpdwvd91ok1rs00
05-19 17:25:19.204 E/Cataloger( 1207): syncFile:/storage/emulated/0/Android/data/com.boco.apphall/cache/uil-images/2dw14j6zx8fuf59l70lizvt710.tmp
05-19 17:25:19.204 E/Cataloger( 1207): need not sync path:/storage/emulated/0/Android/data/com.boco.apphall/cache/uil-images/2dw14j6zx8fuf59l70lizvt710.tmp
05-19 17:25:19.204 E/Cataloger( 1207): syncFile:/storage/emulated/0/Android/data/com.boco.apphall/cache/uil-images/2dw14j6zx8fuf59l70lizvt710.tmp
05-19 17:25:19.204 E/Cataloger( 1207): need not sync path:/storage/emulated/0/Android/data/com.boco.apphall/cache/uil-images/2dw14j6zx8fuf59l70lizvt710.tmp
05-19 17:25:19.204 E/Cataloger( 1207): 重复删除命令
05-19 17:25:19.204 E/Cataloger( 1207): syncFile:/storage/emulated/0/Android/data/com.boco.apphall/cache/uil-images/2dw14j6zx8fuf59l70lizvt710
05-19 17:25:19.204 E/Cataloger( 1207): need not sync path:/storage/emulated/0/Android/data/com.boco.apphall/cache/uil-images/2dw14j6zx8fuf59l70lizvt710
05-19 17:25:19.214 E/Cataloger( 1207): syncFile:/storage/emulated/0/Android/data/com.boco.apphall/cache/uil-images/5252683xnrtcrm7o65y7uirsl0.tmp
05-19 17:25:19.214 E/Cataloger( 1207): need not sync path:/storage/emulated/0/Android/data/com.boco.apphall/cache/uil-images/5252683xnrtcrm7o65y7uirsl0.tmp
05-19 17:25:19.214 E/Cataloger( 1207): syncFile:/storage/emulated/0/Android/data/com.boco.apphall/cache/uil-images/5252683xnrtcrm7o65y7uirsl0.tmp
