05-17 16:05:57.420 E/appium  (16570): 	at java.lang.Thread.run(Thread.java:818)
05-17 16:05:57.778 E/WifiStateMachine(  851):  ConnectedState (when=-3ms what=131155 arg1=548!CMD_RSSI_POLL 548 0 "BOCO-office" 94:b4:0f:68:a4:b1 rssi=-54 f=5785 sc=80 link=150 tx=11.5, 0.0, 0.0  rx=74.4 bcn=0 [on:0 tx:0 rx:0 period:3001] from screen [on:0 period:546916850] gl rssi=-54 ag=0 hr ticks 0,0,28 ls-=0 [56,56,60,60,65] brc=0 lrc=0
05-17 16:05:57.779 E/WifiStateMachine(  851):  L2ConnectedState (when=-4ms what=131155 arg1=548!CMD_RSSI_POLL 548 0 "BOCO-office" 94:b4:0f:68:a4:b1 rssi=-54 f=5785 sc=80 link=150 tx=11.5, 0.0, 0.0  rx=74.4 bcn=0 [on:0 tx:0 rx:0 period:0] from screen [on:0 period:546916850] gl rssi=-54 ag=0 hr ticks 0,0,28 ls-=0 [56,56,60,60,65] brc=0 lrc=0
05-17 16:05:57.779 E/WifiStateMachine(  851):  get link layer stats 0
05-17 16:05:57.795 E/WifiStateMachine(  851): calculateWifiScore() we set wifi's score to 1000, so will always set wifi as a default network.
05-17 16:05:58.340 E/WifiTrafficPoller(  851): TRAFFIC_STATS_POLL true Token 2406 num clients 18
05-17 16:05:58.341 E/WifiTrafficPoller(  851):  packet count Tx=1618040 Rx=5390301
05-17 16:05:58.341 E/WifiTrafficPoller(  851): notifying of data activity 1
05-17 16:05:58.597 E/appium  (16570): Element not found: 
05-17 16:05:58.597 E/appium  (16570): io.appium.uiautomator2.common.exceptions.ElementNotFoundException: Could not find an element using supplied strategy. 
05-17 16:05:58.597 E/appium  (16570): 	at io.appium.uiautomator2.handler.FindElement.getXPathUiObject(FindElement.java:80)
05-17 16:05:58.597 E/appium  (16570): 	at io.appium.uiautomator2.handler.FindElement.findElement(FindElement.java:153)
05-17 16:05:58.597 E/appium  (16570): 	at io.appium.uiautomator2.handler.FindElement.safeHandle(FindElement.java:102)
05-17 16:05:58.597 E/appium  (16570): 	at io.appium.uiautomator2.handler.request.SafeRequestHandler.handle(SafeRequestHandler.java:56)
05-17 16:05:58.597 E/appium  (16570): 	at io.appium.uiautomator2.server.AppiumServlet.handleRequest(AppiumServlet.java:202)
05-17 16:05:58.597 E/appium  (16570): 	at io.appium.uiautomator2.server.AppiumServlet.handleHttpRequest(AppiumServlet.java:193)
05-17 16:05:58.597 E/appium  (16570): 	at io.appium.uiautomator2.http.ServerHandler.channelRead(ServerHandler.java:44)
05-17 16:05:58.597 E/appium  (16570): 	at io.netty.channel.AbstractChannelHandlerContext.invokeChannelRead(AbstractChannelHandlerContext.java:366)
05-17 16:05:58.597 E/appium  (16570): 	at io.netty.channel.AbstractChannelHandlerContext.invokeChannelRead(AbstractChannelHandlerContext.java:352)
05-17 16:05:58.597 E/appium  (16570): 	at io.netty.channel.AbstractChannelHandlerContext.fireChannelRead(AbstractChannelHandlerContext.java:345)
05-17 16:05:58.597 E/appium  (16570): 	at io.netty.handler.codec.MessageToMessageDecoder.channelRead(MessageToMessageDecoder.java:102)
05-17 16:05:58.597 E/appium  (16570): 	at io.netty.channel.AbstractChannelHandlerContext.invokeChannelRead(AbstractChannelHandlerContext.java:366)
05-17 16:05:58.597 E/appium  (16570): 	at io.netty.channel.AbstractChannelHandlerContext.invokeChannelRead(AbstractChannelHandlerContext.java:352)
05-17 16:05:58.597 E/appium  (16570): 	at io.netty.channel.AbstractChannelHandlerContext.fireChannelRead(AbstractChannelHandlerContext.java:345)
05-17 16:05:58.597 E/appium  (16570): 	at io.netty.channel.CombinedChannelDuplexHandler$DelegatingChannelHandlerContext.fireChannelRead(CombinedChannelDuplexHandler.java:435)
05-17 16:05:58.597 E/appium  (16570): 	at io.netty.handler.codec.ByteToMessageDecoder.fireChannelRead(ByteToMessageDecoder.java:293)
05-17 16:05:58.597 E/appium  (16570): 	at io.netty.handler.codec.ByteToMessageDecoder.channelRead(ByteToMessageDecoder.java:267)
05-17 16:05:58.597 E/appium  (16570): 	at io.netty.channel.CombinedChannelDuplexHandler.channelRead(CombinedChannelDuplexHandler.java:250)
05-17 16:05:58.597 E/appium  (16570): 	at io.netty.channel.AbstractChannelHandlerContext.invokeChannelRead(AbstractChannelHandlerContext.java:366)
05-17 16:05:58.597 E/appium  (16570): 	at io.netty.channel.AbstractChannelHandlerContext.invokeChannelRead(AbstractChannelHandlerContext.java:352)
05-17 16:05:58.597 E/appium  (16570): 	at io.netty.channel.AbstractChannelHandlerContext.fireChannelRead(AbstractChannelHandlerContext.java:345)
05-17 16:05:58.597 E/appium  (16570): 	at io.netty.channel.DefaultChannelPipeline$HeadContext.channelRead(DefaultChannelPipeline.java:1294)
05-17 16:05:58.597 E/appium  (16570): 	at io.netty.channel.AbstractChannelHandlerContext.invokeChannelRead(AbstractChannelHandlerContext.java:366)
05-17 16:05:58.597 E/appium  (16570): 	at io.netty.channel.AbstractChannelHandlerContext.invokeChannelRead(AbstractChannelHandlerContext.java:352)
05-17 16:05:58.597 E/appium  (16570): 	at io.netty.channel.DefaultChannelPipeline.fireChannelRead(DefaultChannelPipeline.java:911)
05-17 16:05:58.597 E/appium  (16570): 	at io.netty.channel.nio.AbstractNioByteChannel$NioByteUnsafe.read(AbstractNioByteChannel.java:131)
05-17 16:05:58.597 E/appium  (16570): 	at io.netty.channel.nio.NioEventLoop.processSelectedKey(NioEventLoop.java:611)
05-17 16:05:58.597 E/appium  (16570): 	at io.netty.channel.nio.NioEventLoop.processSelectedKeysPlain(NioEventLoop.java:514)
05-17 16:05:58.597 E/appium  (16570): 	at io.netty.channel.nio.NioEventLoop.processSelectedKeys(NioEventLoop.java:468)
05-17 16:05:58.597 E/appium  (16570): 	at io.netty.channel.nio.NioEventLoop.run(NioEventLoop.java:438)
05-17 16:05:58.597 E/appium  (16570): 	at io.netty.util.concurrent.SingleThreadEventExecutor$2.run(SingleThreadEventExecutor.java:140)
05-17 16:05:58.597 E/appium  (16570): 	at io.netty.util.concurrent.DefaultThreadFactory$DefaultRunnableDecorator.run(DefaultThreadFactory.java:144)
05-17 16:05:58.597 E/appium  (16570): 	at java.lang.Thread.run(Thread.java:818)
05-17 16:05:59.153 E/appium  (16570): Element not found: 
05-17 16:05:59.153 E/appium  (16570): io.appium.uiautomator2.common.exceptions.ElementNotFoundException: Could not find an element using supplied strategy. 
05-17 16:05:59.153 E/appium  (16570): 	at io.appium.uiautomator2.handler.FindElement.getXPathUiObject(FindElement.java:80)
05-17 16:05:59.153 E/appium  (16570): 	at io.appium.uiautomator2.handler.FindElement.findElement(FindElement.java:153)
05-17 16:05:59.153 E/appium  (16570): 	at io.appium.uiautomator2.handler.FindElement.safeHandle(FindElement.java:102)
05-17 16:05:59.153 E/appium  (16570): 	at io.appium.uiautomator2.handler.request.SafeRequestHandler.handle(SafeRequestHandler.java:56)
05-17 16:05:59.153 E/appium  (16570): 	at io.appium.uiautomator2.server.AppiumServlet.handleRequest(AppiumServlet.java:202)
05-17 16:05:59.153 E/appium  (16570): 	at io.appium.uiautomator2.server.AppiumServlet.handleHttpRequest(AppiumServlet.java:193)
05-17 16:05:59.153 E/appium  (16570): 	at io.appium.uiautomator2.http.ServerHandler.channelRead(ServerHandler.java:44)
05-17 16:05:59.153 E/appium  (16570): 	at io.netty.channel.AbstractChannelHandlerContext.invokeChannelRead(AbstractChannelHandlerContext.java:366)
05-17 16:05:59.153 E/appium  (16570): 	at io.netty.channel.AbstractChannelHandlerContext.invokeChannelRead(AbstractChannelHandlerContext.java:352)
05-17 16:05:59.153 E/appium  (16570): 	at io.netty.channel.AbstractChannelHandlerContext.fireChannelRead(AbstractChannelHandlerContext.java:345)
05-17 16:05:59.153 E/appium  (16570): 	at io.netty.handler.codec.MessageToMessageDecoder.channelRead(MessageToMessageDecoder.java:102)
05-17 16:05:59.153 E/appium  (16570): 	at io.netty.channel.AbstractChannelHandlerContext.invokeChannelRead(AbstractChannelHandlerContext.java:366)
05-17 16:05:59.153 E/appium  (16570): 	at io.netty.channel.AbstractChannelHandlerContext.invokeChannelRead(AbstractChannelHandlerContext.java:352)
05-17 16:05:59.153 E/appium  (16570): 	at io.netty.channel.AbstractChannelHandlerContext.fireChannelRead(AbstractChannelHandlerContext.java:345)
05-17 16:05:59.153 E/appium  (16570): 	at io.netty.channel.CombinedChannelDuplexHandler$DelegatingChannelHandlerContext.fireChannelRead(CombinedChannelDuplexHandler.java:435)
05-17 16:05:59.153 E/appium  (16570): 	at io.netty.handler.codec.ByteToMessageDecoder.fireChannelRead(ByteToMessageDecoder.java:293)
05-17 16:05:59.153 E/appium  (16570): 	at io.netty.handler.codec.ByteToMessageDecoder.channelRead(ByteToMessageDecoder.java:267)
05-17 16:05:59.153 E/appium  (16570): 	at io.netty.channel.CombinedChannelDuplexHandler.channelRead(CombinedChannelDuplexHandler.java:250)
05-17 16:05:59.153 E/appium  (16570): 	at io.netty.channel.AbstractChannelHandlerContext.invokeChannelRead(AbstractChannelHandlerContext.java:366)
05-17 16:05:59.153 E/appium  (16570): 	at io.netty.channel.AbstractChannelHandlerContext.invokeChannelRead(AbstractChannelHandlerContext.java:352)
05-17 16:05:59.153 E/appium  (16570): 	at io.netty.channel.AbstractChannelHandlerContext.fireChannelRead(AbstractChannelHandlerContext.java:345)
05-17 16:05:59.153 E/appium  (16570): 	at io.netty.channel.DefaultChannelPipeline$HeadContext.channelRead(DefaultChannelPipeline.java:1294)
05-17 16:05:59.153 E/appium  (16570): 	at io.netty.channel.AbstractChannelHandlerContext.invokeChannelRead(AbstractChannelHandlerContext.java:366)
05-17 16:05:59.153 E/appium  (16570): 	at io.netty.channel.AbstractChannelHandlerContext.invokeChannelRead(AbstractChannelHandlerContext.java:352)
05-17 16:05:59.153 E/appium  (16570): 	at io.netty.channel.DefaultChannelPipeline.fireChannelRead(DefaultChannelPipeline.java:911)
05-17 16:05:59.153 E/appium  (16570): 	at io.netty.channel.nio.AbstractNioByteChannel$NioByteUnsafe.read(AbstractNioByteChannel.java:131)
05-17 16:05:59.153 E/appium  (16570): 	at io.netty.channel.nio.NioEventLoop.processSelectedKey(NioEventLoop.java:611)
05-17 16:05:59.153 E/appium  (16570): 	at io.netty.channel.nio.NioEventLoop.processSelectedKeysPlain(NioEventLoop.java:514)
05-17 16:05:59.153 E/appium  (16570): 	at io.netty.channel.nio.NioEventLoop.processSelectedKeys(NioEventLoop.java:468)
05-17 16:05:59.153 E/appium  (16570): 	at io.netty.channel.nio.NioEventLoop.run(NioEventLoop.java:438)
05-17 16:05:59.153 E/appium  (16570): 	at io.netty.util.concurrent.SingleThreadEventExecutor$2.run(SingleThreadEventExecutor.java:140)
05-17 16:05:59.153 E/appium  (16570): 	at io.netty.util.concurrent.DefaultThreadFactory$DefaultRunnableDecorator.run(DefaultThreadFactory.java:144)
05-17 16:05:59.153 E/appium  (16570): 	at java.lang.Thread.run(Thread.java:818)
05-17 16:05:59.345 E/WifiTrafficPoller(  851): TRAFFIC_STATS_POLL true Token 2406 num clients 18
05-17 16:05:59.346 E/WifiTrafficPoller(  851):  packet count Tx=1618040 Rx=5390324
05-17 16:05:59.747 E/appium  (16570): Element not found: 
05-17 16:05:59.747 E/appium  (16570): io.appium.uiautomator2.common.exceptions.ElementNotFoundException: Could not find an element using supplied strategy. 
05-17 16:05:59.747 E/appium  (16570): 	at io.appium.uiautomator2.handler.FindElement.getXPathUiObject(FindElement.java:80)
05-17 16:05:59.747 E/appium  (16570): 	at io.appium.uiautomator2.handler.FindElement.findElement(FindElement.java:153)
05-17 16:05:59.747 E/appium  (16570): 	at io.appium.uiautomator2.handler.FindElement.safeHandle(FindElement.java:102)
05-17 16:05:59.747 E/appium  (16570): 	at io.appium.uiautomator2.handler.request.SafeRequestHandler.handle(SafeRequestHandler.java:56)
05-17 16:05:59.747 E/appium  (16570): 	at io.appium.uiautomator2.server.AppiumServlet.handleRequest(AppiumServlet.java:202)
05-17 16:05:59.747 E/appium  (16570): 	at io.appium.uiautomator2.server.AppiumServlet.handleHttpRequest(AppiumServlet.java:193)
05-17 16:05:59.747 E/appium  (16570): 	at io.appium.uiautomator2.http.ServerHandler.channelRead(ServerHandler.java:44)
05-17 16:05:59.747 E/appium  (16570): 	at io.netty.channel.AbstractChannelHandlerContext.invokeChannelRead(AbstractChannelHandlerContext.java:366)
05-17 16:05:59.747 E/appium  (16570): 	at io.netty.channel.AbstractChannelHandlerContext.invokeChannelRead(AbstractChannelHandlerContext.java:352)
05-17 16:05:59.747 E/appium  (16570): 	at io.netty.channel.AbstractChannelHandlerContext.fireChannelRead(AbstractChannelHandlerContext.java:345)
05-17 16:05:59.747 E/appium  (16570): 	at io.netty.handler.codec.MessageToMessageDecoder.channelRead(MessageToMessageDecoder.java:102)
05-17 16:05:59.747 E/appium  (16570): 	at io.netty.channel.AbstractChannelHandlerContext.invokeChannelRead(AbstractChannelHandlerContext.java:366)
05-17 16:05:59.747 E/appium  (16570): 	at io.netty.channel.AbstractChannelHandlerContext.invokeChannelRead(AbstractChannelHandlerContext.java:352)
05-17 16:05:59.747 E/appium  (16570): 	at io.netty.channel.AbstractChannelHandlerContext.fireChannelRead(AbstractChannelHandlerContext.java:345)
05-17 16:05:59.747 E/appium  (16570): 	at io.netty.channel.CombinedChannelDuplexHandler$DelegatingChannelHandlerContext.fireChannelRead(CombinedChannelDuplexHandler.java:435)
05-17 16:05:59.747 E/appium  (16570): 	at io.netty.handler.codec.ByteToMessageDecoder.fireChannelRead(ByteToMessageDecoder.java:293)
05-17 16:05:59.747 E/appium  (16570): 	at io.netty.handler.codec.ByteToMessageDecoder.channelRead(ByteToMessageDecoder.java:267)
05-17 16:05:59.747 E/appium  (16570): 	at io.netty.channel.CombinedChannelDuplexHandler.channelRead(CombinedChannelDuplexHandler.java:250)
05-17 16:05:59.747 E/appium  (16570): 	at io.netty.channel.AbstractChannelHandlerContext.invokeChannelRead(AbstractChannelHandlerContext.java:366)
05-17 16:05:59.747 E/appium  (16570): 	at io.netty.channel.AbstractChannelHandlerContext.invokeChannelRead(AbstractChannelHandlerContext.java:352)
05-17 16:05:59.747 E/appium  (16570): 	at io.netty.channel.AbstractChannelHandlerContext.fireChannelRead(AbstractChannelHandlerContext.java:345)
05-17 16:05:59.747 E/appium  (16570): 	at io.netty.channel.DefaultChannelPipeline$HeadContext.channelRead(DefaultChannelPipeline.java:1294)
05-17 16:05:59.747 E/appium  (16570): 	at io.netty.channel.AbstractChannelHandlerContext.invokeChannelRead(AbstractChannelHandlerContext.java:366)
05-17 16:05:59.747 E/appium  (16570): 	at io.netty.channel.AbstractChannelHandlerContext.invokeChannelRead(AbstractChannelHandlerContext.java:352)
05-17 16:05:59.747 E/appium  (16570): 	at io.netty.channel.DefaultChannelPipeline.fireChannelRead(DefaultChannelPipeline.java:911)
05-17 16:05:59.747 E/appium  (16570): 	at io.netty.channel.nio.AbstractNioByteChannel$NioByteUnsafe.read(AbstractNioByteChannel.java:131)
05-17 16:05:59.747 E/appium  (16570): 	at io.netty.channel.nio.NioEventLoop.processSelectedKey(NioEventLoop.java:611)
05-17 16:05:59.747 E/appium  (16570): 	at io.netty.channel.nio.NioEventLoop.processSelectedKeysPlain(NioEventLoop.java:514)
05-17 16:05:59.747 E/appium  (16570): 	at io.netty.channel.nio.NioEventLoop.processSelectedKeys(NioEventLoop.java:468)
05-17 16:05:59.747 E/appium  (16570): 	at io.netty.channel.nio.NioEventLoop.run(NioEventLoop.java:438)
05-17 16:05:59.747 E/appium  (16570): 	at io.netty.util.concurrent.SingleThreadEventExecutor$2.run(SingleThreadEventExecutor.java:140)
05-17 16:05:59.747 E/appium  (16570): 	at io.netty.util.concurrent.DefaultThreadFactory$DefaultRunnableDecorator.run(DefaultThreadFactory.java:144)
05-17 16:05:59.747 E/appium  (16570): 	at java.lang.Thread.run(Thread.java:818)
05-17 16:06:00.346 E/WifiTrafficPoller(  851): TRAFFIC_STATS_POLL true Token 2406 num clients 18
05-17 16:06:00.347 E/WifiTrafficPoller(  851):  packet count Tx=1618040 Rx=5390349
05-17 16:06:00.611 E/appium  (16570): Element not found: 
05-17 16:06:00.611 E/appium  (16570): io.appium.uiautomator2.common.exceptions.ElementNotFoundException: Could not find an element using supplied strategy. 
05-17 16:06:00.611 E/appium  (16570): 	at io.appium.uiautomator2.handler.FindElement.getXPathUiObject(FindElement.java:80)
05-17 16:06:00.611 E/appium  (16570): 	at io.appium.uiautomator2.handler.FindElement.findElement(FindElement.java:153)
05-17 16:06:00.611 E/appium  (16570): 	at io.appium.uiautomator2.handler.FindElement.safeHandle(FindElement.java:102)
05-17 16:06:00.611 E/appium  (16570): 	at io.appium.uiautomator2.handler.request.SafeRequestHandler.handle(SafeRequestHandler.java:56)
05-17 16:06:00.611 E/appium  (16570): 	at io.appium.uiautomator2.server.AppiumServlet.handleRequest(AppiumServlet.java:202)
05-17 16:06:00.611 E/appium  (16570): 	at io.appium.uiautomator2.server.AppiumServlet.handleHttpRequest(AppiumServlet.java:193)
05-17 16:06:00.611 E/appium  (16570): 	at io.appium.uiautomator2.http.ServerHandler.channelRead(ServerHandler.java:44)
05-17 16:06:00.611 E/appium  (16570): 	at io.netty.channel.AbstractChannelHandlerContext.invokeChannelRead(AbstractChannelHandlerContext.java:366)
05-17 16:06:00.611 E/appium  (16570): 	at io.netty.channel.AbstractChannelHandlerContext.invokeChannelRead(AbstractChannelHandlerContext.java:352)
05-17 16:06:00.611 E/appium  (16570): 	at io.netty.channel.AbstractChannelHandlerContext.fireChannelRead(AbstractChannelHandlerContext.java:345)
05-17 16:06:00.611 E/appium  (16570): 	at io.netty.handler.codec.MessageToMessageDecoder.channelRead(MessageToMessageDecoder.java:102)
05-17 16:06:00.611 E/appium  (16570): 	at io.netty.channel.AbstractChannelHandlerContext.invokeChannelRead(AbstractChannelHandlerContext.java:366)
05-17 16:06:00.611 E/appium  (16570): 	at io.netty.channel.AbstractChannelHandlerContext.invokeChannelRead(AbstractChannelHandlerContext.java:352)
05-17 16:06:00.611 E/appium  (16570): 	at io.netty.channel.AbstractChannelHandlerContext.fireChannelRead(AbstractChannelHandlerContext.java:345)
05-17 16:06:00.611 E/appium  (16570): 	at io.netty.channel.CombinedChannelDuplexHandler$DelegatingChannelHandlerContext.fireChannelRead(CombinedChannelDuplexHandler.java:435)
05-17 16:06:00.611 E/appium  (16570): 	at io.netty.handler.codec.ByteToMessageDecoder.fireChannelRead(ByteToMessageDecoder.java:293)
05-17 16:06:00.611 E/appium  (16570): 	at io.netty.handler.codec.ByteToMessageDecoder.channelRead(ByteToMessageDecoder.java:267)
05-17 16:06:00.611 E/appium  (16570): 	at io.netty.channel.CombinedChannelDuplexHandler.channelRead(CombinedChannelDuplexHandler.java:250)
05-17 16:06:00.611 E/appium  (16570): 	at io.netty.channel.AbstractChannelHandlerContext.invokeChannelRead(AbstractChannelHandlerContext.java:366)
05-17 16:06:00.611 E/appium  (16570): 	at io.netty.channel.AbstractChannelHandlerContext.invokeChannelRead(AbstractChannelHandlerContext.java:352)
05-17 16:06:00.611 E/appium  (16570): 	at io.netty.channel.AbstractChannelHandlerContext.fireChannelRead(AbstractChannelHandlerContext.java:345)
05-17 16:06:00.611 E/appium  (16570): 	at io.netty.channel.DefaultChannelPipeline$HeadContext.channelRead(DefaultChannelPipeline.java:1294)
05-17 16:06:00.611 E/appium  (16570): 	at io.netty.channel.AbstractChannelHandlerContext.invokeChannelRead(AbstractChannelHandlerContext.java:366)
05-17 16:06:00.611 E/appium  (16570): 	at io.netty.channel.AbstractChannelHandlerContext.invokeChannelRead(AbstractChannelHandlerContext.java:352)
05-17 16:06:00.611 E/appium  (16570): 	at io.netty.channel.DefaultChannelPipeline.fireChannelRead(DefaultChannelPipeline.java:911)
05-17 16:06:00.611 E/appium  (16570): 	at io.netty.channel.nio.AbstractNioByteChannel$NioByteUnsafe.read(AbstractNioByteChannel.java:131)
05-17 16:06:00.611 E/appium  (16570): 	at io.netty.channel.nio.NioEventLoop.processSelectedKey(NioEventLoop.java:611)
05-17 16:06:00.611 E/appium  (16570): 	at io.netty.channel.nio.NioEventLoop.processSelectedKeysPlain(NioEventLoop.java:514)
05-17 16:06:00.611 E/appium  (16570): 	at io.netty.channel.nio.NioEventLoop.processSelectedKeys(NioEventLoop.java:468)
05-17 16:06:00.611 E/appium  (16570): 	at io.netty.channel.nio.NioEventLoop.run(NioEventLoop.java:438)
05-17 16:06:00.611 E/appium  (16570): 	at io.netty.util.concurrent.SingleThreadEventExecutor$2.run(SingleThreadEventExecutor.java:140)
05-17 16:06:00.611 E/appium  (16570): 	at io.netty.util.concurrent.DefaultThreadFactory$DefaultRunnableDecorator.run(DefaultThreadFactory.java:144)
05-17 16:06:00.611 E/appium  (16570): 	at java.lang.Thread.run(Thread.java:818)
05-17 16:06:00.800 E/WifiStateMachine(  851):  ConnectedState (when=-3ms what=131155 arg1=548!CMD_RSSI_POLL 548 0 "BOCO-office" 94:b4:0f:68:a4:b1 rssi=-54 f=5785 sc=80 link=150 tx=7.2, 0.0, 0.0  rx=82.2 bcn=0 [on:0 tx:0 rx:0 period:3002] from screen [on:0 period:546919872] gl rssi=-54 ag=0 hr ticks 0,0,28 ls-=0 [56,56,60,60,65] brc=0 lrc=0
05-17 16:06:00.802 E/WifiStateMachine(  851):  L2ConnectedState (when=-5ms what=131155 arg1=548!CMD_RSSI_POLL 548 0 "BOCO-office" 94:b4:0f:68:a4:b1 rssi=-54 f=5785 sc=80 link=150 tx=7.2, 0.0, 0.0  rx=82.2 bcn=0 [on:0 tx:0 rx:0 period:2] from screen [on:0 period:546919874] gl rssi=-54 ag=0 hr ticks 0,0,28 ls-=0 [56,56,60,60,65] brc=0 lrc=0
05-17 16:06:00.802 E/WifiStateMachine(  851):  get link layer stats 0
05-17 16:06:00.825 E/WifiStateMachine(  851): calculateWifiScore() we set wifi's score to 1000, so will always set wifi as a default network.
05-17 16:06:01.348 E/WifiTrafficPoller(  851): TRAFFIC_STATS_POLL true Token 2406 num clients 18
05-17 16:06:01.350 E/WifiTrafficPoller(  851):  packet count Tx=1618040 Rx=5390366
05-17 16:06:01.607 E/appium  (16570): Element not found: 
05-17 16:06:01.607 E/appium  (16570): io.appium.uiautomator2.common.exceptions.ElementNotFoundException: Could not find an element using supplied strategy. 
05-17 16:06:01.607 E/appium  (16570): 	at io.appium.uiautomator2.handler.FindElement.getXPathUiObject(FindElement.java:80)
05-17 16:06:01.607 E/appium  (16570): 	at io.appium.uiautomator2.handler.FindElement.findElement(FindElement.java:153)
05-17 16:06:01.607 E/appium  (16570): 	at io.appium.uiautomator2.handler.FindElement.safeHandle(FindElement.java:102)
05-17 16:06:01.607 E/appium  (16570): 	at io.appium.uiautomator2.handler.request.SafeRequestHandler.handle(SafeRequestHandler.java:56)
05-17 16:06:01.607 E/appium  (16570): 	at io.appium.uiautomator2.server.AppiumServlet.handleRequest(AppiumServlet.java:202)
05-17 16:06:01.607 E/appium  (16570): 	at io.appium.uiautomator2.server.AppiumServlet.handleHttpRequest(AppiumServlet.java:193)
05-17 16:06:01.607 E/appium  (16570): 	at io.appium.uiautomator2.http.ServerHandler.channelRead(ServerHandler.java:44)
05-17 16:06:01.607 E/appium  (16570): 	at io.netty.channel.AbstractChannelHandlerContext.invokeChannelRead(AbstractChannelHandlerContext.java:366)
05-17 16:06:01.607 E/appium  (16570): 	at io.netty.channel.AbstractChannelHandlerContext.invokeChannelRead(AbstractChannelHandlerContext.java:352)
05-17 16:06:01.607 E/appium  (16570): 	at io.netty.channel.AbstractChannelHandlerContext.fireChannelRead(AbstractChannelHandlerContext.java:345)
05-17 16:06:01.607 E/appium  (16570): 	at io.netty.handler.codec.MessageToMessageDecoder.channelRead(MessageToMessageDecoder.java:102)
05-17 16:06:01.607 E/appium  (16570): 	at io.netty.channel.AbstractChannelHandlerContext.invokeChannelRead(AbstractChannelHandlerContext.java:366)
05-17 16:06:01.607 E/appium  (16570): 	at io.netty.channel.AbstractChannelHandlerContext.invokeChannelRead(AbstractChannelHandlerContext.java:352)
05-17 16:06:01.607 E/appium  (16570): 	at io.netty.channel.AbstractChannelHandlerContext.fireChannelRead(AbstractChannelHandlerContext.java:345)
05-17 16:06:01.607 E/appium  (16570): 	at io.netty.channel.CombinedChannelDuplexHandler$DelegatingChannelHandlerContext.fireChannelRead(CombinedChannelDuplexHandler.java:435)
05-17 16:06:01.607 E/appium  (16570): 	at io.netty.handler.codec.ByteToMessageDecoder.fireChannelRead(ByteToMessageDecoder.java:293)
05-17 16:06:01.607 E/appium  (16570): 	at io.netty.handler.codec.ByteToMessageDecoder.channelRead(ByteToMessageDecoder.java:267)
05-17 16:06:01.607 E/appium  (16570): 	at io.netty.channel.CombinedChannelDuplexHandler.channelRead(CombinedChannelDuplexHandler.java:250)
05-17 16:06:01.607 E/appium  (16570): 	at io.netty.channel.AbstractChannelHandlerContext.invokeChannelRead(AbstractChannelHandlerContext.java:366)
05-17 16:06:01.607 E/appium  (16570): 	at io.netty.channel.AbstractChannelHandlerContext.invokeChannelRead(AbstractChannelHandlerContext.java:352)
05-17 16:06:01.607 E/appium  (16570): 	at io.netty.channel.AbstractChannelHandlerContext.fireChannelRead(AbstractChannelHandlerContext.java:345)
05-17 16:06:01.607 E/appium  (16570): 	at io.netty.channel.DefaultChannelPipeline$HeadContext.channelRead(DefaultChannelPipeline.java:1294)
05-17 16:06:01.607 E/appium  (16570): 	at io.netty.channel.AbstractChannelHandlerContext.invokeChannelRead(AbstractChannelHandlerContext.java:366)
05-17 16:06:01.607 E/appium  (16570): 	at io.netty.channel.AbstractChannelHandlerContext.invokeChannelRead(AbstractChannelHandlerContext.java:352)
05-17 16:06:01.607 E/appium  (16570): 	at io.netty.channel.DefaultChannelPipeline.fireChannelRead(DefaultChannelPipeline.java:911)
05-17 16:06:01.607 E/appium  (16570): 	at io.netty.channel.nio.AbstractNioByteChannel$NioByteUnsafe.read(AbstractNioByteChannel.java:131)
05-17 16:06:01.607 E/appium  (16570): 	at io.netty.channel.nio.NioEventLoop.processSelectedKey(NioEventLoop.java:611)
05-17 16:06:01.607 E/appium  (16570): 	at io.netty.channel.nio.NioEventLoop.processSelectedKeysPlain(NioEventLoop.java:514)
05-17 16:06:01.607 E/appium  (16570): 	at io.netty.channel.nio.NioEventLoop.processSelectedKeys(NioEventLoop.java:468)
05-17 16:06:01.607 E/appium  (16570): 	at io.netty.channel.nio.NioEventLoop.run(NioEventLoop.java:438)
05-17 16:06:01.607 E/appium  (16570): 	at io.netty.util.concurrent.SingleThreadEventExecutor$2.run(SingleThreadEventExecutor.java:140)
05-17 16:06:01.607 E/appium  (16570): 	at io.netty.util.concurrent.DefaultThreadFactory$DefaultRunnableDecorator.run(DefaultThreadFactory.java:144)
05-17 16:06:01.607 E/appium  (16570): 	at java.lang.Thread.run(Thread.java:818)
05-17 16:06:02.202 E/appium  (16570): Element not found: 
05-17 16:06:02.202 E/appium  (16570): io.appium.uiautomator2.common.exceptions.ElementNotFoundException: Could not find an element using supplied strategy. 
05-17 16:06:02.202 E/appium  (16570): 	at io.appium.uiautomator2.handler.FindElement.getXPathUiObject(FindElement.java:80)
05-17 16:06:02.202 E/appium  (16570): 	at io.appium.uiautomator2.handler.FindElement.findElement(FindElement.java:153)
05-17 16:06:02.202 E/appium  (16570): 	at io.appium.uiautomator2.handler.FindElement.safeHandle(FindElement.java:102)
05-17 16:06:02.202 E/appium  (16570): 	at io.appium.uiautomator2.handler.request.SafeRequestHandler.handle(SafeRequestHandler.java:56)
05-17 16:06:02.202 E/appium  (16570): 	at io.appium.uiautomator2.server.AppiumServlet.handleRequest(AppiumServlet.java:202)
05-17 16:06:02.202 E/appium  (16570): 	at io.appium.uiautomator2.server.AppiumServlet.handleHttpRequest(AppiumServlet.java:193)
05-17 16:06:02.202 E/appium  (16570): 	at io.appium.uiautomator2.http.ServerHandler.channelRead(ServerHandler.java:44)
05-17 16:06:02.202 E/appium  (16570): 	at io.netty.channel.AbstractChannelHandlerContext.invokeChannelRead(AbstractChannelHandlerContext.java:366)
05-17 16:06:02.202 E/appium  (16570): 	at io.netty.channel.AbstractChannelHandlerContext.invokeChannelRead(AbstractChannelHandlerContext.java:352)
05-17 16:06:02.202 E/appium  (16570): 	at io.netty.channel.AbstractChannelHandlerContext.fireChannelRead(AbstractChannelHandlerContext.java:345)
05-17 16:06:02.202 E/appium  (16570): 	at io.netty.handler.codec.MessageToMessageDecoder.channelRead(MessageToMessageDecoder.java:102)
05-17 16:06:02.202 E/appium  (16570): 	at io.netty.channel.AbstractChannelHandlerContext.invokeChannelRead(AbstractChannelHandlerContext.java:366)
05-17 16:06:02.202 E/appium  (16570): 	at io.netty.channel.AbstractChannelHandlerContext.invokeChannelRead(AbstractChannelHandlerContext.java:352)
05-17 16:06:02.202 E/appium  (16570): 	at io.netty.channel.AbstractChannelHandlerContext.fireChannelRead(AbstractChannelHandlerContext.java:345)
05-17 16:06:02.202 E/appium  (16570): 	at io.netty.channel.CombinedChannelDuplexHandler$DelegatingChannelHandlerContext.fireChannelRead(CombinedChannelDuplexHandler.java:435)
05-17 16:06:02.202 E/appium  (16570): 	at io.netty.handler.codec.ByteToMessageDecoder.fireChannelRead(ByteToMessageDecoder.java:293)
05-17 16:06:02.202 E/appium  (16570): 	at io.netty.handler.codec.ByteToMessageDecoder.channelRead(ByteToMessageDecoder.java:267)
05-17 16:06:02.202 E/appium  (16570): 	at io.netty.channel.CombinedChannelDuplexHandler.channelRead(CombinedChannelDuplexHandler.java:250)
05-17 16:06:02.202 E/appium  (16570): 	at io.netty.channel.AbstractChannelHandlerContext.invokeChannelRead(AbstractChannelHandlerContext.java:366)
05-17 16:06:02.202 E/appium  (16570): 	at io.netty.channel.AbstractChannelHandlerContext.invokeChannelRead(AbstractChannelHandlerContext.java:352)
05-17 16:06:02.202 E/appium  (16570): 	at io.netty.channel.AbstractChannelHandlerContext.fireChannelRead(AbstractChannelHandlerContext.java:345)
05-17 16:06:02.202 E/appium  (16570): 	at io.netty.channel.DefaultChannelPipeline$HeadContext.channelRead(DefaultChannelPipeline.java:1294)
05-17 16:06:02.202 E/appium  (16570): 	at io.netty.channel.AbstractChannelHandlerContext.invokeChannelRead(AbstractChannelHandlerContext.java:366)
05-17 16:06:02.202 E/appium  (16570): 	at io.netty.channel.AbstractChannelHandlerContext.invokeChannelRead(AbstractChannelHandlerContext.java:352)
05-17 16:06:02.202 E/appium  (16570): 	at io.netty.channel.DefaultChannelPipeline.fireChannelRead(DefaultChannelPipeline.java:911)
05-17 16:06:02.202 E/appium  (16570): 	at io.netty.channel.nio.AbstractNioByteChannel$NioByteUnsafe.read(AbstractNioByteChannel.java:131)
05-17 16:06:02.202 E/appium  (16570): 	at io.netty.channel.nio.NioEventLoop.processSelectedKey(NioEventLoop.java:611)
05-17 16:06:02.202 E/appium  (16570): 	at io.netty.channel.nio.NioEventLoop.processSelectedKeysPlain(NioEventLoop.java:514)
05-17 16:06:02.202 E/appium  (16570): 	at io.netty.channel.nio.NioEventLoop.processSelectedKeys(NioEventLoop.java:468)
05-17 16:06:02.202 E/appium  (16570): 	at io.netty.channel.nio.NioEventLoop.run(NioEventLoop.java:438)
05-17 16:06:02.202 E/appium  (16570): 	at io.netty.util.concurrent.SingleThreadEventExecutor$2.run(SingleThreadEventExecutor.java:140)
05-17 16:06:02.202 E/appium  (16570): 	at io.netty.util.concurrent.DefaultThreadFactory$DefaultRunnableDecorator.run(DefaultThreadFactory.java:144)
05-17 16:06:02.202 E/appium  (16570): 	at java.lang.Thread.run(Thread.java:818)
05-17 16:06:02.350 E/WifiTrafficPoller(  851): TRAFFIC_STATS_POLL true Token 2406 num clients 18
05-17 16:06:02.350 E/WifiTrafficPoller(  851):  packet count Tx=1618040 Rx=5390396
05-17 16:06:03.040 E/appium  (16570): Element not found: 
05-17 16:06:03.040 E/appium  (16570): io.appium.uiautomator2.common.exceptions.ElementNotFoundException: Could not find an element using supplied strategy. 
05-17 16:06:03.040 E/appium  (16570): 	at io.appium.uiautomator2.handler.FindElement.getXPathUiObject(FindElement.java:80)
05-17 16:06:03.040 E/appium  (16570): 	at io.appium.uiautomator2.handler.FindElement.findElement(FindElement.java:153)
05-17 16:06:03.040 E/appium  (16570): 	at io.appium.uiautomator2.handler.FindElement.safeHandle(FindElement.java:102)
05-17 16:06:03.040 E/appium  (16570): 	at io.appium.uiautomator2.handler.request.SafeRequestHandler.handle(SafeRequestHandler.java:56)
05-17 16:06:03.040 E/appium  (16570): 	at io.appium.uiautomator2.server.AppiumServlet.handleRequest(AppiumServlet.java:202)
05-17 16:06:03.040 E/appium  (16570): 	at io.appium.uiautomator2.server.AppiumServlet.handleHttpRequest(AppiumServlet.java:193)
05-17 16:06:03.040 E/appium  (16570): 	at io.appium.uiautomator2.http.ServerHandler.channelRead(ServerHandler.java:44)
05-17 16:06:03.040 E/appium  (16570): 	at io.netty.channel.AbstractChannelHandlerContext.invokeChannelRead(AbstractChannelHandlerContext.java:366)
05-17 16:06:03.040 E/appium  (16570): 	at io.netty.channel.AbstractChannelHandlerContext.invokeChannelRead(AbstractChannelHandlerContext.java:352)
05-17 16:06:03.040 E/appium  (16570): 	at io.netty.channel.AbstractChannelHandlerContext.fireChannelRead(AbstractChannelHandlerContext.java:345)
05-17 16:06:03.040 E/appium  (16570): 	at io.netty.handler.codec.MessageToMessageDecoder.channelRead(MessageToMessageDecoder.java:102)
05-17 16:06:03.040 E/appium  (16570): 	at io.netty.channel.AbstractChannelHandlerContext.invokeChannelRead(AbstractChannelHandlerContext.java:366)
05-17 16:06:03.040 E/appium  (16570): 	at io.netty.channel.AbstractChannelHandlerContext.invokeChannelRead(AbstractChannelHandlerContext.java:352)
05-17 16:06:03.040 E/appium  (16570): 	at io.netty.channel.AbstractChannelHandlerContext.fireChannelRead(AbstractChannelHandlerContext.java:345)
05-17 16:06:03.040 E/appium  (16570): 	at io.netty.channel.CombinedChannelDuplexHandler$DelegatingChannelHandlerContext.fireChannelRead(CombinedChannelDuplexHandler.java:435)
05-17 16:06:03.040 E/appium  (16570): 	at io.netty.handler.codec.ByteToMessageDecoder.fireChannelRead(ByteToMessageDecoder.java:293)
05-17 16:06:03.040 E/appium  (16570): 	at io.netty.handler.codec.ByteToMessageDecoder.channelRead(ByteToMessageDecoder.java:267)
05-17 16:06:03.040 E/appium  (16570): 	at io.netty.channel.CombinedChannelDuplexHandler.channelRead(CombinedChannelDuplexHandler.java:250)
05-17 16:06:03.040 E/appium  (16570): 	at io.netty.channel.AbstractChannelHandlerContext.invokeChannelRead(AbstractChannelHandlerContext.java:366)
05-17 16:06:03.040 E/appium  (16570): 	at io.netty.channel.AbstractChannelHandlerContext.invokeChannelRead(AbstractChannelHandlerContext.java:352)
05-17 16:06:03.040 E/appium  (16570): 	at io.netty.channel.AbstractChannelHandlerContext.fireChannelRead(AbstractChannelHandlerContext.java:345)
05-17 16:06:03.040 E/appium  (16570): 	at io.netty.channel.DefaultChannelPipeline$HeadContext.channelRead(DefaultChannelPipeline.java:1294)
05-17 16:06:03.040 E/appium  (16570): 	at io.netty.channel.AbstractChannelHandlerContext.invokeChannelRead(AbstractChannelHandlerContext.java:366)
05-17 16:06:03.040 E/appium  (16570): 	at io.netty.channel.AbstractChannelHandlerContext.invokeChannelRead(AbstractChannelHandlerContext.java:352)
05-17 16:06:03.040 E/appium  (16570): 	at io.netty.channel.DefaultChannelPipeline.fireChannelRead(DefaultChannelPipeline.java:911)
05-17 16:06:03.040 E/appium  (16570): 	at io.netty.channel.nio.AbstractNioByteChannel$NioByteUnsafe.read(AbstractNioByteChannel.java:131)
05-17 16:06:03.040 E/appium  (16570): 	at io.netty.channel.nio.NioEventLoop.processSelectedKey(NioEventLoop.java:611)
05-17 16:06:03.040 E/appium  (16570): 	at io.netty.channel.nio.NioEventLoop.processSelectedKeysPlain(NioEventLoop.java:514)
05-17 16:06:03.040 E/appium  (16570): 	at io.netty.channel.nio.NioEventLoop.processSelectedKeys(NioEventLoop.java:468)
05-17 16:06:03.040 E/appium  (16570): 	at io.netty.channel.nio.NioEventLoop.run(NioEventLoop.java:438)
05-17 16:06:03.040 E/appium  (16570): 	at io.netty.util.concurrent.SingleThreadEventExecutor$2.run(SingleThreadEventExecutor.java:140)
05-17 16:06:03.040 E/appium  (16570): 	at io.netty.util.concurrent.DefaultThreadFactory$DefaultRunnableDecorator.run(DefaultThreadFactory.java:144)
05-17 16:06:03.040 E/appium  (16570): 	at java.lang.Thread.run(Thread.java:818)
05-17 16:06:03.353 E/WifiTrafficPoller(  851): TRAFFIC_STATS_POLL true Token 2406 num clients 18
05-17 16:06:03.354 E/WifiTrafficPoller(  851):  packet count Tx=1618040 Rx=5390421
05-17 16:06:03.635 E/appium  (16570): Element not found: 
05-17 16:06:03.635 E/appium  (16570): io.appium.uiautomator2.common.exceptions.ElementNotFoundException: Could not find an element using supplied strategy. 
05-17 16:06:03.635 E/appium  (16570): 	at io.appium.uiautomator2.handler.FindElement.getXPathUiObject(FindElement.java:80)
05-17 16:06:03.635 E/appium  (16570): 	at io.appium.uiautomator2.handler.FindElement.findElement(FindElement.java:153)
05-17 16:06:03.635 E/appium  (16570): 	at io.appium.uiautomator2.handler.FindElement.safeHandle(FindElement.java:102)
05-17 16:06:03.635 E/appium  (16570): 	at io.appium.uiautomator2.handler.request.SafeRequestHandler.handle(SafeRequestHandler.java:56)
05-17 16:06:03.635 E/appium  (16570): 	at io.appium.uiautomator2.server.AppiumServlet.handleRequest(AppiumServlet.java:202)
05-17 16:06:03.635 E/appium  (16570): 	at io.appium.uiautomator2.server.AppiumServlet.handleHttpRequest(AppiumServlet.java:193)
05-17 16:06:03.635 E/appium  (16570): 	at io.appium.uiautomator2.http.ServerHandler.channelRead(ServerHandler.java:44)
05-17 16:06:03.635 E/appium  (16570): 	at io.netty.channel.AbstractChannelHandlerContext.invokeChannelRead(AbstractChannelHandlerContext.java:366)
05-17 16:06:03.635 E/appium  (16570): 	at io.netty.channel.AbstractChannelHandlerContext.invokeChannelRead(AbstractChannelHandlerContext.java:352)
05-17 16:06:03.635 E/appium  (16570): 	at io.netty.channel.AbstractChannelHandlerContext.fireChannelRead(AbstractChannelHandlerContext.java:345)
05-17 16:06:03.635 E/appium  (16570): 	at io.netty.handler.codec.MessageToMessageDecoder.channelRead(MessageToMessageDecoder.java:102)
05-17 16:06:03.635 E/appium  (16570): 	at io.netty.channel.AbstractChannelHandlerContext.invokeChannelRead(AbstractChannelHandlerContext.java:366)
05-17 16:06:03.635 E/appium  (16570): 	at io.netty.channel.AbstractChannelHandlerContext.invokeChannelRead(AbstractChannelHandlerContext.java:352)
05-17 16:06:03.635 E/appium  (16570): 	at io.netty.channel.AbstractChannelHandlerContext.fireChannelRead(AbstractChannelHandlerContext.java:345)
05-17 16:06:03.635 E/appium  (16570): 	at io.netty.channel.CombinedChannelDuplexHandler$DelegatingChannelHandlerContext.fireChannelRead(CombinedChannelDuplexHandler.java:435)
05-17 16:06:03.635 E/appium  (16570): 	at io.netty.handler.codec.ByteToMessageDecoder.fireChannelRead(ByteToMessageDecoder.java:293)
05-17 16:06:03.635 E/appium  (16570): 	at io.netty.handler.codec.ByteToMessageDecoder.channelRead(ByteToMessageDecoder.java:267)
05-17 16:06:03.635 E/appium  (16570): 	at io.netty.channel.CombinedChannelDuplexHandler.channelRead(CombinedChannelDuplexHandler.java:250)
05-17 16:06:03.635 E/appium  (16570): 	at io.netty.channel.AbstractChannelHandlerContext.invokeChannelRead(AbstractChannelHandlerContext.java:366)
05-17 16:06:03.635 E/appium  (16570): 	at io.netty.channel.AbstractChannelHandlerContext.invokeChannelRead(AbstractChannelHandlerContext.java:352)
05-17 16:06:03.635 E/appium  (16570): 	at io.netty.channel.AbstractChannelHandlerContext.fireChannelRead(AbstractChannelHandlerContext.java:345)
05-17 16:06:03.635 E/appium  (16570): 	at io.netty.channel.DefaultChannelPipeline$HeadContext.channelRead(DefaultChannelPipeline.java:1294)
05-17 16:06:03.635 E/appium  (16570): 	at io.netty.channel.AbstractChannelHandlerContext.invokeChannelRead(AbstractChannelHandlerContext.java:366)
05-17 16:06:03.635 E/appium  (16570): 	at io.netty.channel.AbstractChannelHandlerContext.invokeChannelRead(AbstractChannelHandlerContext.java:352)
05-17 16:06:03.635 E/appium  (16570): 	at io.netty.channel.DefaultChannelPipeline.fireChannelRead(DefaultChannelPipeline.java:911)
05-17 16:06:03.635 E/appium  (16570): 	at io.netty.channel.nio.AbstractNioByteChannel$NioByteUnsafe.read(AbstractNioByteChannel.java:131)
05-17 16:06:03.635 E/appium  (16570): 	at io.netty.channel.nio.NioEventLoop.processSelectedKey(NioEventLoop.java:611)
05-17 16:06:03.635 E/appium  (16570): 	at io.netty.channel.nio.NioEventLoop.processSelectedKeysPlain(NioEventLoop.java:514)
05-17 16:06:03.635 E/appium  (16570): 	at io.netty.channel.nio.NioEventLoop.processSelectedKeys(NioEventLoop.java:468)
05-17 16:06:03.635 E/appium  (16570): 	at io.netty.channel.nio.NioEventLoop.run(NioEventLoop.java:438)
05-17 16:06:03.635 E/appium  (16570): 	at io.netty.util.concurrent.SingleThreadEventExecutor$2.run(SingleThreadEventExecutor.java:140)
05-17 16:06:03.635 E/appium  (16570): 	at io.netty.util.concurrent.DefaultThreadFactory$DefaultRunnableDecorator.run(DefaultThreadFactory.java:144)
05-17 16:06:03.635 E/appium  (16570): 	at java.lang.Thread.run(Thread.java:818)
05-17 16:06:03.831 E/WifiStateMachine(  851):  ConnectedState (when=-4ms what=131155 arg1=548!CMD_RSSI_POLL 548 0 "BOCO-office" 94:b4:0f:68:a4:b1 rssi=-53 f=5785 sc=80 link=150 tx=3.6, 0.0, 0.0  rx=75.1 bcn=0 [on:0 tx:0 rx:0 period:3001] from screen [on:0 period:546922902] gl rssi=-53 ag=0 hr ticks 0,0,28 ls-=0 [56,56,56,56,61] brc=0 lrc=0
05-17 16:06:03.833 E/WifiStateMachine(  851):  L2ConnectedState (when=-6ms what=131155 arg1=548!CMD_RSSI_POLL 548 0 "BOCO-office" 94:b4:0f:68:a4:b1 rssi=-53 f=5785 sc=80 link=150 tx=3.6, 0.0, 0.0  rx=75.1 bcn=0 [on:0 tx:0 rx:0 period:3] from screen [on:0 period:546922905] gl rssi=-53 ag=0 hr ticks 0,0,28 ls-=0 [56,56,56,56,61] brc=0 lrc=0
05-17 16:06:03.833 E/WifiStateMachine(  851):  get link layer stats 0
05-17 16:06:03.838 E/WifiStateMachine(  851): calculateWifiScore() we set wifi's score to 1000, so will always set wifi as a default network.
05-17 16:06:04.355 E/WifiTrafficPoller(  851): TRAFFIC_STATS_POLL true Token 2406 num clients 18
05-17 16:06:04.356 E/WifiTrafficPoller(  851):  packet count Tx=1618041 Rx=5390441
05-17 16:06:04.356 E/WifiTrafficPoller(  851): notifying of data activity 3
05-17 16:06:04.610 E/appium  (16570): Element not found: 
05-17 16:06:04.610 E/appium  (16570): io.appium.uiautomator2.common.exceptions.ElementNotFoundException: Could not find an element using supplied strategy. 
05-17 16:06:04.610 E/appium  (16570): 	at io.appium.uiautomator2.handler.FindElement.getXPathUiObject(FindElement.java:80)
05-17 16:06:04.610 E/appium  (16570): 	at io.appium.uiautomator2.handler.FindElement.findElement(FindElement.java:153)
05-17 16:06:04.610 E/appium  (16570): 	at io.appium.uiautomator2.handler.FindElement.safeHandle(FindElement.java:102)
05-17 16:06:04.610 E/appium  (16570): 	at io.appium.uiautomator2.handler.request.SafeRequestHandler.handle(SafeRequestHandler.java:56)
05-17 16:06:04.610 E/appium  (16570): 	at io.appium.uiautomator2.server.AppiumServlet.handleRequest(AppiumServlet.java:202)
05-17 16:06:04.610 E/appium  (16570): 	at io.appium.uiautomator2.server.AppiumServlet.handleHttpRequest(AppiumServlet.java:193)
05-17 16:06:04.610 E/appium  (16570): 	at io.appium.uiautomator2.http.ServerHandler.channelRead(ServerHandler.java:44)
05-17 16:06:04.610 E/appium  (16570): 	at io.netty.channel.AbstractChannelHandlerContext.invokeChannelRead(AbstractChannelHandlerContext.java:366)
05-17 16:06:04.610 E/appium  (16570): 	at io.netty.channel.AbstractChannelHandlerContext.invokeChannelRead(AbstractChannelHandlerContext.java:352)
05-17 16:06:04.610 E/appium  (16570): 	at io.netty.channel.AbstractChannelHandlerContext.fireChannelRead(AbstractChannelHandlerContext.java:345)
05-17 16:06:04.610 E/appium  (16570): 	at io.netty.handler.codec.MessageToMessageDecoder.channelRead(MessageToMessageDecoder.java:102)
05-17 16:06:04.610 E/appium  (16570): 	at io.netty.channel.AbstractChannelHandlerContext.invokeChannelRead(AbstractChannelHandlerContext.java:366)
05-17 16:06:04.610 E/appium  (16570): 	at io.netty.channel.AbstractChannelHandlerContext.invokeChannelRead(AbstractChannelHandlerContext.java:352)
05-17 16:06:04.610 E/appium  (16570): 	at io.netty.channel.AbstractChannelHandlerContext.fireChannelRead(AbstractChannelHandlerContext.java:345)
05-17 16:06:04.610 E/appium  (16570): 	at io.netty.channel.CombinedChannelDuplexHandler$DelegatingChannelHandlerContext.fireChannelRead(CombinedChannelDuplexHandler.java:435)
05-17 16:06:04.610 E/appium  (16570): 	at io.netty.handler.codec.ByteToMessageDecoder.fireChannelRead(ByteToMessageDecoder.java:293)
05-17 16:06:04.610 E/appium  (16570): 	at io.netty.handler.codec.ByteToMessageDecoder.channelRead(ByteToMessageDecoder.java:267)
05-17 16:06:04.610 E/appium  (16570): 	at io.netty.channel.CombinedChannelDuplexHandler.channelRead(CombinedChannelDuplexHandler.java:250)
05-17 16:06:04.610 E/appium  (16570): 	at io.netty.channel.AbstractChannelHandlerContext.invokeChannelRead(AbstractChannelHandlerContext.java:366)
05-17 16:06:04.610 E/appium  (16570): 	at io.netty.channel.AbstractChannelHandlerContext.invokeChannelRead(AbstractChannelHandlerContext.java:352)
05-17 16:06:04.610 E/appium  (16570): 	at io.netty.channel.AbstractChannelHandlerContext.fireChannelRead(AbstractChannelHandlerContext.java:345)
05-17 16:06:04.610 E/appium  (16570): 	at io.netty.channel.DefaultChannelPipeline$HeadContext.channelRead(DefaultChannelPipeline.java:1294)
05-17 16:06:04.610 E/appium  (16570): 	at io.netty.channel.AbstractChannelHandlerContext.invokeChannelRead(AbstractChannelHandlerContext.java:366)
05-17 16:06:04.610 E/appium  (16570): 	at io.netty.channel.AbstractChannelHandlerContext.invokeChannelRead(AbstractChannelHandlerContext.java:352)
05-17 16:06:04.610 E/appium  (16570): 	at io.netty.channel.DefaultChannelPipeline.fireChannelRead(DefaultChannelPipeline.java:911)
05-17 16:06:04.610 E/appium  (16570): 	at io.netty.channel.nio.AbstractNioByteChannel$NioByteUnsafe.read(AbstractNioByteChannel.java:131)
05-17 16:06:04.610 E/appium  (16570): 	at io.netty.channel.nio.NioEventLoop.processSelectedKey(NioEventLoop.java:611)
05-17 16:06:04.610 E/appium  (16570): 	at io.netty.channel.nio.NioEventLoop.processSelectedKeysPlain(NioEventLoop.java:514)
05-17 16:06:04.610 E/appium  (16570): 	at io.netty.channel.nio.NioEventLoop.processSelectedKeys(NioEventLoop.java:468)
05-17 16:06:04.610 E/appium  (16570): 	at io.netty.channel.nio.NioEventLoop.run(NioEventLoop.java:438)
05-17 16:06:04.610 E/appium  (16570): 	at io.netty.util.concurrent.SingleThreadEventExecutor$2.run(SingleThreadEventExecutor.java:140)
05-17 16:06:04.610 E/appium  (16570): 	at io.netty.util.concurrent.DefaultThreadFactory$DefaultRunnableDecorator.run(DefaultThreadFactory.java:144)
05-17 16:06:04.610 E/appium  (16570): 	at java.lang.Thread.run(Thread.java:818)
05-17 16:06:05.171 E/appium  (16570): Element not found: 
05-17 16:06:05.171 E/appium  (16570): io.appium.uiautomator2.common.exceptions.ElementNotFoundException: Could not find an element using supplied strategy. 
05-17 16:06:05.171 E/appium  (16570): 	at io.appium.uiautomator2.handler.FindElement.getXPathUiObject(FindElement.java:80)
05-17 16:06:05.171 E/appium  (16570): 	at io.appium.uiautomator2.handler.FindElement.findElement(FindElement.java:153)
05-17 16:06:05.171 E/appium  (16570): 	at io.appium.uiautomator2.handler.FindElement.safeHandle(FindElement.java:102)
05-17 16:06:05.171 E/appium  (16570): 	at io.appium.uiautomator2.handler.request.SafeRequestHandler.handle(SafeRequestHandler.java:56)
05-17 16:06:05.171 E/appium  (16570): 	at io.appium.uiautomator2.server.AppiumServlet.handleRequest(AppiumServlet.java:202)
05-17 16:06:05.171 E/appium  (16570): 	at io.appium.uiautomator2.server.AppiumServlet.handleHttpRequest(AppiumServlet.java:193)
05-17 16:06:05.171 E/appium  (16570): 	at io.appium.uiautomator2.http.ServerHandler.channelRead(ServerHandler.java:44)
05-17 16:06:05.171 E/appium  (16570): 	at io.netty.channel.AbstractChannelHandlerContext.invokeChannelRead(AbstractChannelHandlerContext.java:366)
05-17 16:06:05.171 E/appium  (16570): 	at io.netty.channel.AbstractChannelHandlerContext.invokeChannelRead(AbstractChannelHandlerContext.java:352)
05-17 16:06:05.171 E/appium  (16570): 	at io.netty.channel.AbstractChannelHandlerContext.fireChannelRead(AbstractChannelHandlerContext.java:345)
05-17 16:06:05.171 E/appium  (16570): 	at io.netty.handler.codec.MessageToMessageDecoder.channelRead(MessageToMessageDecoder.java:102)
05-17 16:06:05.171 E/appium  (16570): 	at io.netty.channel.AbstractChannelHandlerContext.invokeChannelRead(AbstractChannelHandlerContext.java:366)
05-17 16:06:05.171 E/appium  (16570): 	at io.netty.channel.AbstractChannelHandlerContext.invokeChannelRead(AbstractChannelHandlerContext.java:352)
05-17 16:06:05.171 E/appium  (16570): 	at io.netty.channel.AbstractChannelHandlerContext.fireChannelRead(AbstractChannelHandlerContext.java:345)
05-17 16:06:05.171 E/appium  (16570): 	at io.netty.channel.CombinedChannelDuplexHandler$DelegatingChannelHandlerContext.fireChannelRead(CombinedChannelDuplexHandler.java:435)
05-17 16:06:05.171 E/appium  (16570): 	at io.netty.handler.codec.ByteToMessageDecoder.fireChannelRead(ByteToMessageDecoder.java:293)
05-17 16:06:05.171 E/appium  (16570): 	at io.netty.handler.codec.ByteToMessageDecoder.channelRead(ByteToMessageDecoder.java:267)
05-17 16:06:05.171 E/appium  (16570): 	at io.netty.channel.CombinedChannelDuplexHandler.channelRead(CombinedChannelDuplexHandler.java:250)
05-17 16:06:05.171 E/appium  (16570): 	at io.netty.channel.AbstractChannelHandlerContext.invokeChannelRead(AbstractChannelHandlerContext.java:366)
05-17 16:06:05.171 E/appium  (16570): 	at io.netty.channel.AbstractChannelHandlerContext.invokeChannelRead(AbstractChannelHandlerContext.java:352)
05-17 16:06:05.171 E/appium  (16570): 	at io.netty.channel.AbstractChannelHandlerContext.fireChannelRead(AbstractChannelHandlerContext.java:345)
05-17 16:06:05.171 E/appium  (16570): 	at io.netty.channel.DefaultChannelPipeline$HeadContext.channelRead(DefaultChannelPipeline.java:1294)
05-17 16:06:05.171 E/appium  (16570): 	at io.netty.channel.AbstractChannelHandlerContext.invokeChannelRead(AbstractChannelHandlerContext.java:366)
05-17 16:06:05.171 E/appium  (16570): 	at io.netty.channel.AbstractChannelHandlerContext.invokeChannelRead(AbstractChannelHandlerContext.java:352)
05-17 16:06:05.171 E/appium  (16570): 	at io.netty.channel.DefaultChannelPipeline.fireChannelRead(DefaultChannelPipeline.java:911)
