05-18 09:44:51.083 E/WifiTrafficPoller(  851): notifying of data activity 3
05-18 09:44:51.206 E/WifiStateMachine(  851):  ConnectedState (when=-3ms what=131155 arg1=591!CMD_RSSI_POLL 591 0 "BOCO-office" 94:b4:0f:68:a4:b1 rssi=-49 f=5785 sc=80 link=135 tx=1.5, 0.0, 0.0  rx=36.7 bcn=0 [on:0 tx:0 rx:0 period:3002] from screen [on:0 period:610450278] gl rssi=-49 ag=0 hr ticks 314,77,49 ls-=0 [56,56,56,56,61] brc=0 lrc=0
05-18 09:44:51.208 E/WifiStateMachine(  851):  L2ConnectedState (when=-5ms what=131155 arg1=591!CMD_RSSI_POLL 591 0 "BOCO-office" 94:b4:0f:68:a4:b1 rssi=-49 f=5785 sc=80 link=135 tx=1.5, 0.0, 0.0  rx=36.7 bcn=0 [on:0 tx:0 rx:0 period:2] from screen [on:0 period:610450280] gl rssi=-49 ag=0 hr ticks 314,77,49 ls-=0 [56,56,56,56,61] brc=0 lrc=0
05-18 09:44:51.208 E/WifiStateMachine(  851):  get link layer stats 0
05-18 09:44:51.213 E/WifiStateMachine(  851): calculateWifiScore() we set wifi's score to 1000, so will always set wifi as a default network.
05-18 09:44:52.090 E/WifiTrafficPoller(  851): TRAFFIC_STATS_POLL true Token 2644 num clients 19
05-18 09:44:52.091 E/WifiTrafficPoller(  851):  packet count Tx=1749095 Rx=5764175
05-18 09:44:52.091 E/WifiTrafficPoller(  851): notifying of data activity 1
05-18 09:44:53.097 E/WifiTrafficPoller(  851): TRAFFIC_STATS_POLL true Token 2644 num clients 19
05-18 09:44:53.098 E/WifiTrafficPoller(  851):  packet count Tx=1749096 Rx=5764181
05-18 09:44:53.098 E/WifiTrafficPoller(  851): notifying of data activity 3
05-18 09:44:53.360 E/memtrack(15101): Couldn't load memtrack module (No such file or directory)
05-18 09:44:53.360 E/android.os.Debug(15101): failed to load memtrack module: -2
05-18 09:44:54.099 E/WifiTrafficPoller(  851): TRAFFIC_STATS_POLL true Token 2644 num clients 19
05-18 09:44:54.100 E/WifiTrafficPoller(  851):  packet count Tx=1749100 Rx=5764197
05-18 09:44:54.217 E/WifiStateMachine(  851):  ConnectedState (when=-3ms what=131155 arg1=591!CMD_RSSI_POLL 591 0 "BOCO-office" 94:b4:0f:68:a4:b1 rssi=-49 f=5785 sc=80 link=135 tx=2.2, 0.0, 0.0  rx=34.4 bcn=0 [on:0 tx:0 rx:0 period:3000] from screen [on:0 period:610453289] gl rssi=-49 ag=0 hr ticks 314,77,49 ls-=0 [56,56,56,56,61] brc=0 lrc=0
05-18 09:44:54.218 E/WifiStateMachine(  851):  L2ConnectedState (when=-4ms what=131155 arg1=591!CMD_RSSI_POLL 591 0 "BOCO-office" 94:b4:0f:68:a4:b1 rssi=-49 f=5785 sc=80 link=135 tx=2.2, 0.0, 0.0  rx=34.4 bcn=0 [on:0 tx:0 rx:0 period:1] from screen [on:0 period:610453290] gl rssi=-49 ag=0 hr ticks 314,77,49 ls-=0 [56,56,56,56,61] brc=0 lrc=0
05-18 09:44:54.218 E/WifiStateMachine(  851):  get link layer stats 0
05-18 09:44:54.220 E/WifiStateMachine(  851): calculateWifiScore() we set wifi's score to 1000, so will always set wifi as a default network.
05-18 09:44:54.676 E/memtrack(15122): Couldn't load memtrack module (No such file or directory)
05-18 09:44:54.676 E/android.os.Debug(15122): failed to load memtrack module: -2
05-18 09:44:55.101 E/WifiTrafficPoller(  851): TRAFFIC_STATS_POLL true Token 2644 num clients 19
05-18 09:44:55.102 E/WifiTrafficPoller(  851):  packet count Tx=1749100 Rx=5764207
05-18 09:44:55.102 E/WifiTrafficPoller(  851): notifying of data activity 1
05-18 09:44:56.094 E/memtrack(15141): Couldn't load memtrack module (No such file or directory)
05-18 09:44:56.094 E/android.os.Debug(15141): failed to load memtrack module: -2
05-18 09:44:56.108 E/WifiTrafficPoller(  851): TRAFFIC_STATS_POLL true Token 2644 num clients 19
05-18 09:44:56.109 E/WifiTrafficPoller(  851):  packet count Tx=1749100 Rx=5764219
05-18 09:44:56.776 E/memtrack(15158): Couldn't load memtrack module (No such file or directory)
05-18 09:44:56.776 E/android.os.Debug(15158): failed to load memtrack module: -2
05-18 09:44:57.109 E/WifiTrafficPoller(  851): TRAFFIC_STATS_POLL true Token 2644 num clients 19
05-18 09:44:57.110 E/WifiTrafficPoller(  851):  packet count Tx=1749100 Rx=5764233
05-18 09:44:57.226 E/WifiStateMachine(  851):  ConnectedState (when=-4ms what=131155 arg1=591!CMD_RSSI_POLL 591 0 "BOCO-office" 94:b4:0f:68:a4:b1 rssi=-49 f=5785 sc=80 link=135 tx=3.6, 0.0, 0.0  rx=34.2 bcn=0 [on:0 tx:0 rx:0 period:3004] from screen [on:0 period:610456297] gl rssi=-49 ag=0 hr ticks 314,77,49 ls-=0 [56,56,56,56,61] brc=0 lrc=0
05-18 09:44:57.228 E/WifiStateMachine(  851):  L2ConnectedState (when=-7ms what=131155 arg1=591!CMD_RSSI_POLL 591 0 "BOCO-office" 94:b4:0f:68:a4:b1 rssi=-49 f=5785 sc=80 link=135 tx=3.6, 0.0, 0.0  rx=34.2 bcn=0 [on:0 tx:0 rx:0 period:3] from screen [on:0 period:610456300] gl rssi=-49 ag=0 hr ticks 314,77,49 ls-=0 [56,56,56,56,61] brc=0 lrc=0
05-18 09:44:57.228 E/WifiStateMachine(  851):  get link layer stats 0
05-18 09:44:57.252 E/WifiStateMachine(  851): calculateWifiScore() we set wifi's score to 1000, so will always set wifi as a default network.
05-18 09:44:57.788 E/memtrack(15175): Couldn't load memtrack module (No such file or directory)
05-18 09:44:57.788 E/android.os.Debug(15175): failed to load memtrack module: -2
05-18 09:44:58.109 E/WifiTrafficPoller(  851): TRAFFIC_STATS_POLL true Token 2644 num clients 19
05-18 09:44:58.110 E/WifiTrafficPoller(  851):  packet count Tx=1749100 Rx=5764246
05-18 09:44:58.906 E/memtrack(15192): Couldn't load memtrack module (No such file or directory)
05-18 09:44:58.906 E/android.os.Debug(15192): failed to load memtrack module: -2
05-18 09:44:59.111 E/WifiTrafficPoller(  851): TRAFFIC_STATS_POLL true Token 2644 num clients 19
05-18 09:44:59.112 E/WifiTrafficPoller(  851):  packet count Tx=1749100 Rx=5764258
05-18 09:44:59.346 E/NotificationService(  851): Suppressing notification from package com.qihoo.appstore by user request.
05-18 09:44:59.348 E/NotificationService(  851): Suppressing notification from package com.qihoo.appstore by user request.
05-18 09:44:59.823 E/memtrack(15209): Couldn't load memtrack module (No such file or directory)
05-18 09:44:59.823 E/android.os.Debug(15209): failed to load memtrack module: -2
05-18 09:45:00.112 E/WifiTrafficPoller(  851): TRAFFIC_STATS_POLL true Token 2644 num clients 19
05-18 09:45:00.113 E/WifiTrafficPoller(  851):  packet count Tx=1749101 Rx=5764272
05-18 09:45:00.113 E/WifiTrafficPoller(  851): notifying of data activity 3
05-18 09:45:00.256 E/WifiStateMachine(  851):  ConnectedState (when=-3ms what=131155 arg1=591!CMD_RSSI_POLL 591 0 "BOCO-office" 94:b4:0f:68:a4:b1 rssi=-49 f=5785 sc=80 link=135 tx=1.8, 0.0, 0.0  rx=35.6 bcn=0 [on:0 tx:0 rx:0 period:3001] from screen [on:0 period:610459328] gl rssi=-49 ag=0 hr ticks 314,77,49 ls-=0 [56,56,56,56,61] brc=0 lrc=0
05-18 09:45:00.258 E/WifiStateMachine(  851):  L2ConnectedState (when=-6ms what=131155 arg1=591!CMD_RSSI_POLL 591 0 "BOCO-office" 94:b4:0f:68:a4:b1 rssi=-49 f=5785 sc=80 link=135 tx=1.8, 0.0, 0.0  rx=35.6 bcn=0 [on:0 tx:0 rx:0 period:2] from screen [on:0 period:610459330] gl rssi=-49 ag=0 hr ticks 314,77,49 ls-=0 [56,56,56,56,61] brc=0 lrc=0
05-18 09:45:00.259 E/WifiStateMachine(  851):  get link layer stats 0
05-18 09:45:00.279 E/WifiStateMachine(  851): calculateWifiScore() we set wifi's score to 1000, so will always set wifi as a default network.
05-18 09:45:01.000 E/memtrack(15231): Couldn't load memtrack module (No such file or directory)
05-18 09:45:01.000 E/android.os.Debug(15231): failed to load memtrack module: -2
05-18 09:45:01.115 E/WifiTrafficPoller(  851): TRAFFIC_STATS_POLL true Token 2644 num clients 19
05-18 09:45:01.115 E/WifiTrafficPoller(  851):  packet count Tx=1749101 Rx=5764280
05-18 09:45:01.115 E/WifiTrafficPoller(  851): notifying of data activity 1
05-18 09:45:01.688 E/memtrack(15248): Couldn't load memtrack module (No such file or directory)
05-18 09:45:01.688 E/android.os.Debug(15248): failed to load memtrack module: -2
05-18 09:45:02.116 E/WifiTrafficPoller(  851): TRAFFIC_STATS_POLL true Token 2644 num clients 19
05-18 09:45:02.117 E/WifiTrafficPoller(  851):  packet count Tx=1749101 Rx=5764293
05-18 09:45:03.116 E/WifiTrafficPoller(  851): TRAFFIC_STATS_POLL true Token 2644 num clients 19
05-18 09:45:03.121 E/WifiTrafficPoller(  851):  packet count Tx=1749102 Rx=5764309
05-18 09:45:03.122 E/WifiTrafficPoller(  851): notifying of data activity 3
05-18 09:45:03.281 E/WifiStateMachine(  851):  ConnectedState (when=-1ms what=131155 arg1=591!CMD_RSSI_POLL 591 0 "BOCO-office" 94:b4:0f:68:a4:b1 rssi=-48 f=5785 sc=80 link=135 tx=1.4, 0.0, 0.0  rx=38.3 bcn=0 [on:0 tx:0 rx:0 period:2998] from screen [on:0 period:610462352] gl rssi=-48 ag=0 hr ticks 314,77,49 ls-=0 [56,56,56,56,61] brc=0 lrc=0
05-18 09:45:03.283 E/WifiStateMachine(  851):  L2ConnectedState (when=-3ms what=131155 arg1=591!CMD_RSSI_POLL 591 0 "BOCO-office" 94:b4:0f:68:a4:b1 rssi=-48 f=5785 sc=80 link=135 tx=1.4, 0.0, 0.0  rx=38.3 bcn=0 [on:0 tx:0 rx:0 period:3] from screen [on:0 period:610462355] gl rssi=-48 ag=0 hr ticks 314,77,49 ls-=0 [56,56,56,56,61] brc=0 lrc=0
05-18 09:45:03.283 E/WifiStateMachine(  851):  get link layer stats 0
05-18 09:45:03.288 E/WifiStateMachine(  851): calculateWifiScore() we set wifi's score to 1000, so will always set wifi as a default network.
05-18 09:45:04.129 E/WifiTrafficPoller(  851): TRAFFIC_STATS_POLL true Token 2644 num clients 19
05-18 09:45:04.130 E/WifiTrafficPoller(  851):  packet count Tx=1749102 Rx=5764317
05-18 09:45:04.130 E/WifiTrafficPoller(  851): notifying of data activity 1
05-18 09:45:05.132 E/WifiTrafficPoller(  851): TRAFFIC_STATS_POLL true Token 2644 num clients 19
05-18 09:45:05.133 E/WifiTrafficPoller(  851):  packet count Tx=1749102 Rx=5764326
05-18 09:45:06.134 E/WifiTrafficPoller(  851): TRAFFIC_STATS_POLL true Token 2644 num clients 19
05-18 09:45:06.136 E/WifiTrafficPoller(  851):  packet count Tx=1749109 Rx=5764341
05-18 09:45:06.136 E/WifiTrafficPoller(  851): notifying of data activity 3
05-18 09:45:06.292 E/WifiStateMachine(  851):  ConnectedState (when=-4ms what=131155 arg1=591!CMD_RSSI_POLL 591 0 "BOCO-office" 94:b4:0f:68:a4:b1 rssi=-48 f=5785 sc=80 link=135 tx=1.2, 0.0, 0.0  rx=36.6 bcn=0 [on:0 tx:0 rx:0 period:3001] from screen [on:0 period:610465364] gl rssi=-48 ag=0 hr ticks 314,77,49 ls-=0 [56,56,56,56,61] brc=0 lrc=0
05-18 09:45:06.295 E/WifiStateMachine(  851):  L2ConnectedState (when=-6ms what=131155 arg1=591!CMD_RSSI_POLL 591 0 "BOCO-office" 94:b4:0f:68:a4:b1 rssi=-48 f=5785 sc=80 link=135 tx=1.2, 0.0, 0.0  rx=36.6 bcn=0 [on:0 tx:0 rx:0 period:3] from screen [on:0 period:610465367] gl rssi=-48 ag=0 hr ticks 314,77,49 ls-=0 [56,56,56,56,61] brc=0 lrc=0
05-18 09:45:06.295 E/WifiStateMachine(  851):  get link layer stats 0
05-18 09:45:06.301 E/WifiStateMachine(  851): calculateWifiScore() we set wifi's score to 1000, so will always set wifi as a default network.
05-18 09:45:07.140 E/WifiTrafficPoller(  851): TRAFFIC_STATS_POLL true Token 2644 num clients 19
05-18 09:45:07.140 E/WifiTrafficPoller(  851):  packet count Tx=1749110 Rx=5764348
05-18 09:45:07.428 E/memtrack(15275): Couldn't load memtrack module (No such file or directory)
05-18 09:45:07.428 E/android.os.Debug(15275): failed to load memtrack module: -2
05-18 09:45:08.140 E/WifiTrafficPoller(  851): TRAFFIC_STATS_POLL true Token 2644 num clients 19
05-18 09:45:08.142 E/WifiTrafficPoller(  851):  packet count Tx=1749110 Rx=5764358
05-18 09:45:08.142 E/WifiTrafficPoller(  851): notifying of data activity 1
05-18 09:45:09.144 E/WifiTrafficPoller(  851): TRAFFIC_STATS_POLL true Token 2644 num clients 19
05-18 09:45:09.145 E/WifiTrafficPoller(  851):  packet count Tx=1749111 Rx=5764368
05-18 09:45:09.145 E/WifiTrafficPoller(  851): notifying of data activity 3
05-18 09:45:09.306 E/WifiStateMachine(  851):  ConnectedState (when=-4ms what=131155 arg1=591!CMD_RSSI_POLL 591 0 "BOCO-office" 94:b4:0f:68:a4:b1 rssi=-50 f=5785 sc=80 link=135 tx=4.1, 0.0, 0.0  rx=34.3 bcn=0 [on:0 tx:0 rx:0 period:2995] from screen [on:0 period:610468378] gl rssi=-50 ag=0 hr ticks 314,77,49 ls-=0 [56,56,56,56,61] brc=0 lrc=0
05-18 09:45:09.308 E/WifiStateMachine(  851):  L2ConnectedState (when=-5ms what=131155 arg1=591!CMD_RSSI_POLL 591 0 "BOCO-office" 94:b4:0f:68:a4:b1 rssi=-50 f=5785 sc=80 link=135 tx=4.1, 0.0, 0.0  rx=34.3 bcn=0 [on:0 tx:0 rx:0 period:1] from screen [on:0 period:610468379] gl rssi=-50 ag=0 hr ticks 314,77,49 ls-=0 [56,56,56,56,61] brc=0 lrc=0
05-18 09:45:09.308 E/WifiStateMachine(  851):  get link layer stats 0
05-18 09:45:09.311 E/WifiStateMachine(  851): calculateWifiScore() we set wifi's score to 1000, so will always set wifi as a default network.
05-18 09:45:09.941 E/memtrack(15298): Couldn't load memtrack module (No such file or directory)
05-18 09:45:09.941 E/android.os.Debug(15298): failed to load memtrack module: -2
05-18 09:45:10.145 E/WifiTrafficPoller(  851): TRAFFIC_STATS_POLL true Token 2644 num clients 19
05-18 09:45:10.146 E/WifiTrafficPoller(  851):  packet count Tx=1749111 Rx=5764376
05-18 09:45:10.146 E/WifiTrafficPoller(  851): notifying of data activity 1
05-18 09:45:10.727 E/memtrack(15317): Couldn't load memtrack module (No such file or directory)
05-18 09:45:10.727 E/android.os.Debug(15317): failed to load memtrack module: -2
05-18 09:45:11.067 E/NotificationService(  851): Suppressing notification from package com.qihoo.appstore by user request.
05-18 09:45:11.115 E/NotificationService(  851): Suppressing notification from package com.qihoo.appstore by user request.
05-18 09:45:11.147 E/WifiTrafficPoller(  851): TRAFFIC_STATS_POLL true Token 2644 num clients 19
05-18 09:45:11.148 E/WifiTrafficPoller(  851):  packet count Tx=1749111 Rx=5764386
05-18 09:45:11.157 E/Launcher.FragmentLoader( 1966): Widget ComponentInfo{net.qihoo.launcher.widget.clockweather/net.qihoo.clockweather.widget.WidgetProvider52} can not fit on this device (1170, 438)
05-18 09:45:11.158 E/Launcher.FragmentLoader( 1966): Widget ComponentInfo{net.qihoo.launcher.widget.clockweather/net.qihoo.clockweather.widget.WidgetProvider51} can not fit on this device (1170, 210)
05-18 09:45:11.534 E/AppStore.AppstoreProvider(15348): AppstoreProvider:delete:160128-358=>delete failed PACKAGE_REPLACE
05-18 09:45:11.774 E/VivoGame.GameProvider(14691): update table game_item failed
05-18 09:45:11.803 E/VivoGame.GameProvider(14691): update table game_item failed
05-18 09:45:11.840 E/VivoGame.GameProvider(14691): update table game_item failed
05-18 09:45:12.090 E/MPlugin (15369): Unsupported class: com.mediatek.common.telephony.IOnlyOwnerSimSupport
05-18 09:45:12.102 E/memtrack(15449): Couldn't load memtrack module (No such file or directory)
05-18 09:45:12.102 E/android.os.Debug(15449): failed to load memtrack module: -2
05-18 09:45:12.147 E/WifiTrafficPoller(  851): TRAFFIC_STATS_POLL true Token 2644 num clients 19
05-18 09:45:12.148 E/WifiTrafficPoller(  851):  packet count Tx=1749111 Rx=5764399
05-18 09:45:12.282 E/PluginFramework(15369): Didn't find class "com.qihoo360.mobilesafe.api.IPC" on path: DexPathList[[zip file "/data/data/com.qihoo.appstore/Plugin/com.qihoo360.mobilesafe.clean/apk/base-1.apk"],nativeLibraryDirectories=[/data/data/com.qihoo.appstore/Plugin/com.qihoo360.mobilesafe.clean/lib, /vendor/lib, /system/lib]]
05-18 09:45:12.282 E/PluginFramework(15369): java.lang.ClassNotFoundException: Didn't find class "com.qihoo360.mobilesafe.api.IPC" on path: DexPathList[[zip file "/data/data/com.qihoo.appstore/Plugin/com.qihoo360.mobilesafe.clean/apk/base-1.apk"],nativeLibraryDirectories=[/data/data/com.qihoo.appstore/Plugin/com.qihoo360.mobilesafe.clean/lib, /vendor/lib, /system/lib]]
05-18 09:45:12.282 E/PluginFramework(15369): 	at dalvik.system.BaseDexClassLoader.findClass(BaseDexClassLoader.java:56)
05-18 09:45:12.282 E/PluginFramework(15369): 	at java.lang.ClassLoader.loadClass(ClassLoader.java:511)
05-18 09:45:12.282 E/PluginFramework(15369): 	at com.morgoo.droidplugin.b.a.loadClass(AppStore:74)
05-18 09:45:12.282 E/PluginFramework(15369): 	at java.lang.ClassLoader.loadClass(ClassLoader.java:469)
05-18 09:45:12.282 E/PluginFramework(15369): 	at com.qihoo360.i.PluginFramework.a(Clean:71)
05-18 09:45:12.282 E/PluginFramework(15369): 	at com.qihoo360.i.PluginFramework.init(Clean:49)
05-18 09:45:12.282 E/PluginFramework(15369): 	at clean.jj.<init>(Clean:500)
05-18 09:45:12.282 E/PluginFramework(15369): 	at com.qihoo360.mobilesafe.clean.rely.PluginService.onBind(Clean:63)
05-18 09:45:12.282 E/PluginFramework(15369): 	at com.morgoo.droidplugin.stub.h.c(AppStore:207)
05-18 09:45:12.282 E/PluginFramework(15369): 	at com.morgoo.droidplugin.stub.h.b(AppStore:275)
05-18 09:45:12.282 E/PluginFramework(15369): 	at com.morgoo.droidplugin.stub.AbstractServiceStub.onBind(AppStore:145)
05-18 09:45:12.282 E/PluginFramework(15369): 	at android.app.ActivityThread.handleBindService(ActivityThread.java:3073)
05-18 09:45:12.282 E/PluginFramework(15369): 	at android.app.ActivityThread.access$2000(ActivityThread.java:188)
05-18 09:45:12.282 E/PluginFramework(15369): 	at android.app.ActivityThread$H.handleMessage(ActivityThread.java:1609)
05-18 09:45:12.282 E/PluginFramework(15369): 	at android.os.Handler.dispatchMessage(Handler.java:111)
05-18 09:45:12.282 E/PluginFramework(15369): 	at android.os.Looper.loop(Looper.java:194)
05-18 09:45:12.282 E/PluginFramework(15369): 	at android.app.ActivityThread.main(ActivityThread.java:5714)
05-18 09:45:12.282 E/PluginFramework(15369): 	at java.lang.reflect.Method.invoke(Native Method)
05-18 09:45:12.282 E/PluginFramework(15369): 	at java.lang.reflect.Method.invoke(Method.java:372)
05-18 09:45:12.282 E/PluginFramework(15369): 	at com.android.internal.os.ZygoteInit$MethodAndArgsCaller.run(ZygoteInit.java:984)
05-18 09:45:12.282 E/PluginFramework(15369): 	at com.android.internal.os.ZygoteInit.main(ZygoteInit.java:779)
05-18 09:45:12.282 E/PluginFramework(15369): 	Suppressed: java.lang.ClassNotFoundException: Didn't find class "com.qihoo360.mobilesafe.api.IPC" on path: DexPathList[[directory "."],nativeLibraryDirectories=[/vendor/lib, /system/lib]]
05-18 09:45:12.282 E/PluginFramework(15369): 		at dalvik.system.BaseDexClassLoader.findClass(BaseDexClassLoader.java:56)
05-18 09:45:12.282 E/PluginFramework(15369): 		at java.lang.ClassLoader.loadClass(ClassLoader.java:511)
05-18 09:45:12.282 E/PluginFramework(15369): 		at java.lang.ClassLoader.loadClass(ClassLoader.java:504)
05-18 09:45:12.282 E/PluginFramework(15369): 		... 19 more
05-18 09:45:12.282 E/PluginFramework(15369): 		Suppressed: java.lang.ClassNotFoundException: com.qihoo360.mobilesafe.api.IPC
05-18 09:45:12.282 E/PluginFramework(15369): 			at java.lang.Class.classForName(Native Method)
05-18 09:45:12.282 E/PluginFramework(15369): 			at java.lang.BootClassLoader.findClass(ClassLoader.java:781)
05-18 09:45:12.282 E/PluginFramework(15369): 			at java.lang.BootClassLoader.loadClass(ClassLoader.java:841)
05-18 09:45:12.282 E/PluginFramework(15369): 			at java.lang.ClassLoader.loadClass(ClassLoader.java:504)
05-18 09:45:12.282 E/PluginFramework(15369): 			... 20 more
05-18 09:45:12.282 E/PluginFramework(15369): 		Caused by: java.lang.NoClassDefFoundError: Class not found using the boot class loader; no stack available
05-18 09:45:12.307 E/SurfaceFlinger(  285): onDraw: bindTextureImage test
05-18 09:45:12.314 E/WifiStateMachine(  851):  ConnectedState (when=-2ms what=131155 arg1=591!CMD_RSSI_POLL 591 0 "BOCO-office" 94:b4:0f:68:a4:b1 rssi=-50 f=5785 sc=80 link=135 tx=3.1, 0.0, 0.0  rx=30.7 bcn=0 [on:0 tx:0 rx:0 period:3000] from screen [on:0 period:610471386] gl rssi=-50 ag=0 hr ticks 314,77,49 ls-=0 [56,56,56,56,61] brc=0 lrc=0
05-18 09:45:12.314 E/WifiStateMachine(  851):  L2ConnectedState (when=-3ms what=131155 arg1=591!CMD_RSSI_POLL 591 0 "BOCO-office" 94:b4:0f:68:a4:b1 rssi=-50 f=5785 sc=80 link=135 tx=3.1, 0.0, 0.0  rx=30.7 bcn=0 [on:0 tx:0 rx:0 period:0] from screen [on:0 period:610471386] gl rssi=-50 ag=0 hr ticks 314,77,49 ls-=0 [56,56,56,56,61] brc=0 lrc=0
05-18 09:45:12.314 E/WifiStateMachine(  851):  get link layer stats 0
05-18 09:45:12.323 E/SurfaceFlinger(  285): onDraw: bindTextureImage test
05-18 09:45:12.329 E/WifiStateMachine(  851): calculateWifiScore() we set wifi's score to 1000, so will always set wifi as a default network.
05-18 09:45:12.340 E/SurfaceFlinger(  285): onDraw: bindTextureImage test
05-18 09:45:12.357 E/SurfaceFlinger(  285): onDraw: bindTextureImage test
05-18 09:45:12.373 E/SurfaceFlinger(  285): onDraw: bindTextureImage test
05-18 09:45:12.391 E/SurfaceFlinger(  285): onDraw: bindTextureImage test
05-18 09:45:12.409 E/SurfaceFlinger(  285): onDraw: bindTextureImage test
05-18 09:45:12.425 E/SurfaceFlinger(  285): onDraw: bindTextureImage test
05-18 09:45:13.149 E/WifiTrafficPoller(  851): TRAFFIC_STATS_POLL true Token 2644 num clients 19
05-18 09:45:13.150 E/WifiTrafficPoller(  851):  packet count Tx=1749111 Rx=5764411
05-18 09:45:14.151 E/WifiTrafficPoller(  851): TRAFFIC_STATS_POLL true Token 2644 num clients 19
05-18 09:45:14.152 E/WifiTrafficPoller(  851):  packet count Tx=1749111 Rx=5764434
05-18 09:45:14.677 E/SurfaceFlinger(  285): onDraw: bindTextureImage test
05-18 09:45:14.694 E/SurfaceFlinger(  285): onDraw: bindTextureImage test
05-18 09:45:14.711 E/SurfaceFlinger(  285): onDraw: bindTextureImage test
05-18 09:45:14.728 E/SurfaceFlinger(  285): onDraw: bindTextureImage test
05-18 09:45:14.745 E/SurfaceFlinger(  285): onDraw: bindTextureImage test
05-18 09:45:14.761 E/SurfaceFlinger(  285): onDraw: bindTextureImage test
05-18 09:45:14.778 E/SurfaceFlinger(  285): onDraw: bindTextureImage test
05-18 09:45:14.847 E/SurfaceFlinger(  285): onDraw: bindTextureImage test
05-18 09:45:14.863 E/SurfaceFlinger(  285): onDraw: bindTextureImage test
05-18 09:45:14.880 E/SurfaceFlinger(  285): onDraw: bindTextureImage test
05-18 09:45:14.898 E/SurfaceFlinger(  285): onDraw: bindTextureImage test
05-18 09:45:14.914 E/SurfaceFlinger(  285): onDraw: bindTextureImage test
05-18 09:45:14.931 E/SurfaceFlinger(  285): onDraw: bindTextureImage test
05-18 09:45:14.947 E/SurfaceFlinger(  285): onDraw: bindTextureImage test
05-18 09:45:14.964 E/SurfaceFlinger(  285): onDraw: bindTextureImage test
05-18 09:45:14.980 E/SurfaceFlinger(  285): onDraw: bindTextureImage test
05-18 09:45:14.998 E/SurfaceFlinger(  285): onDraw: bindTextureImage test
05-18 09:45:15.015 E/SurfaceFlinger(  285): onDraw: bindTextureImage test
05-18 09:45:15.153 E/WifiTrafficPoller(  851): TRAFFIC_STATS_POLL true Token 2644 num clients 19
05-18 09:45:15.153 E/WifiTrafficPoller(  851):  packet count Tx=1749112 Rx=5764451
05-18 09:45:15.153 E/WifiTrafficPoller(  851): notifying of data activity 3
05-18 09:45:15.334 E/WifiStateMachine(  851):  ConnectedState (when=-4ms what=131155 arg1=591!CMD_RSSI_POLL 591 0 "BOCO-office" 94:b4:0f:68:a4:b1 rssi=-50 f=5785 sc=80 link=135 tx=1.5, 0.0, 0.0  rx=30.3 bcn=0 [on:0 tx:0 rx:0 period:3003] from screen [on:0 period:610474406] gl rssi=-50 ag=0 hr ticks 314,77,49 ls-=0 [56,56,56,56,61] brc=0 lrc=0
05-18 09:45:15.335 E/WifiStateMachine(  851):  L2ConnectedState (when=-5ms what=131155 arg1=591!CMD_RSSI_POLL 591 0 "BOCO-office" 94:b4:0f:68:a4:b1 rssi=-50 f=5785 sc=80 link=135 tx=1.5, 0.0, 0.0  rx=30.3 bcn=0 [on:0 tx:0 rx:0 period:1] from screen [on:0 period:610474407] gl rssi=-50 ag=0 hr ticks 314,77,49 ls-=0 [56,56,56,56,61] brc=0 lrc=0
05-18 09:45:15.335 E/WifiStateMachine(  851):  get link layer stats 0
05-18 09:45:15.338 E/WifiStateMachine(  851): calculateWifiScore() we set wifi's score to 1000, so will always set wifi as a default network.
05-18 09:45:15.452 E/SurfaceFlinger(  285): onDraw: bindTextureImage test
05-18 09:45:15.468 E/SurfaceFlinger(  285): onDraw: bindTextureImage test
05-18 09:45:15.484 E/SurfaceFlinger(  285): onDraw: bindTextureImage test
05-18 09:45:15.501 E/SurfaceFlinger(  285): onDraw: bindTextureImage test
05-18 09:45:15.518 E/SurfaceFlinger(  285): onDraw: bindTextureImage test
05-18 09:45:15.535 E/SurfaceFlinger(  285): onDraw: bindTextureImage test
05-18 09:45:15.552 E/SurfaceFlinger(  285): onDraw: bindTextureImage test
05-18 09:45:15.569 E/SurfaceFlinger(  285): onDraw: bindTextureImage test
05-18 09:45:15.586 E/SurfaceFlinger(  285): onDraw: bindTextureImage test
05-18 09:45:15.602 E/SurfaceFlinger(  285): onDraw: bindTextureImage test
05-18 09:45:15.619 E/SurfaceFlinger(  285): onDraw: bindTextureImage test
05-18 09:45:16.230 E/WifiTrafficPoller(  851): TRAFFIC_STATS_POLL true Token 2644 num clients 19
05-18 09:45:16.231 E/WifiTrafficPoller(  851):  packet count Tx=1749121 Rx=5764482
05-18 09:45:16.247 E/NotificationService(  851): Suppressing notification from package com.qihoo.appstore by user request.
05-18 09:45:16.252 E/NotificationService(  851): Suppressing notification from package com.qihoo.appstore by user request.
05-18 09:45:16.277 E/Launcher.FragmentLoader( 1966): Widget ComponentInfo{net.qihoo.launcher.widget.clockweather/net.qihoo.clockweather.widget.WidgetProvider52} can not fit on this device (1170, 438)
05-18 09:45:16.278 E/Launcher.FragmentLoader( 1966): Widget ComponentInfo{net.qihoo.launcher.widget.clockweather/net.qihoo.clockweather.widget.WidgetProvider51} can not fit on this device (1170, 210)
05-18 09:45:17.230 E/WifiTrafficPoller(  851): TRAFFIC_STATS_POLL true Token 2644 num clients 19
05-18 09:45:17.231 E/WifiTrafficPoller(  851):  packet count Tx=1749128 Rx=5764507
05-18 09:45:17.238 E/memtrack(15661): Couldn't load memtrack module (No such file or directory)
05-18 09:45:17.238 E/android.os.Debug(15661): failed to load memtrack module: -2
05-18 09:45:17.915 E/memtrack(15679): Couldn't load memtrack module (No such file or directory)
05-18 09:45:17.915 E/android.os.Debug(15679): failed to load memtrack module: -2
05-18 09:45:18.230 E/WifiTrafficPoller(  851): TRAFFIC_STATS_POLL true Token 2644 num clients 19
05-18 09:45:18.231 E/WifiTrafficPoller(  851):  packet count Tx=1749136 Rx=5764528
05-18 09:45:18.343 E/WifiStateMachine(  851):  ConnectedState (when=-4ms what=131155 arg1=591!CMD_RSSI_POLL 591 0 "BOCO-office" 94:b4:0f:68:a4:b1 rssi=-50 f=5785 sc=80 link=135 tx=1.3, 0.0, 0.0  rx=43.7 bcn=0 [on:0 tx:0 rx:0 period:3002] from screen [on:0 period:610477415] gl rssi=-50 ag=0 hr ticks 314,77,49 ls-=0 [56,56,56,56,61] brc=0 lrc=0
05-18 09:45:18.346 E/WifiStateMachine(  851):  L2ConnectedState (when=-6ms what=131155 arg1=591!CMD_RSSI_POLL 591 0 "BOCO-office" 94:b4:0f:68:a4:b1 rssi=-50 f=5785 sc=80 link=135 tx=1.3, 0.0, 0.0  rx=43.7 bcn=0 [on:0 tx:0 rx:0 period:3] from screen [on:0 period:610477418] gl rssi=-50 ag=0 hr ticks 314,77,49 ls-=0 [56,56,56,56,61] brc=0 lrc=0
05-18 09:45:18.346 E/WifiStateMachine(  851):  get link layer stats 0
05-18 09:45:18.351 E/WifiStateMachine(  851): calculateWifiScore() we set wifi's score to 1000, so will always set wifi as a default network.
05-18 09:45:18.937 E/memtrack(15700): Couldn't load memtrack module (No such file or directory)
05-18 09:45:18.937 E/android.os.Debug(15700): failed to load memtrack module: -2
05-18 09:45:19.231 E/WifiTrafficPoller(  851): TRAFFIC_STATS_POLL true Token 2644 num clients 19
05-18 09:45:19.232 E/WifiTrafficPoller(  851):  packet count Tx=1749138 Rx=5764542
05-18 09:45:19.725 E/memtrack(15718): Couldn't load memtrack module (No such file or directory)
05-18 09:45:19.726 E/android.os.Debug(15718): failed to load memtrack module: -2
05-18 09:45:20.233 E/WifiTrafficPoller(  851): TRAFFIC_STATS_POLL true Token 2644 num clients 19
05-18 09:45:20.233 E/WifiTrafficPoller(  851):  packet count Tx=1749138 Rx=5764559
05-18 09:45:20.233 E/WifiTrafficPoller(  851): notifying of data activity 1
05-18 09:45:21.233 E/WifiTrafficPoller(  851): TRAFFIC_STATS_POLL true Token 2644 num clients 19
05-18 09:45:21.235 E/WifiTrafficPoller(  851):  packet count Tx=1749138 Rx=5764568
05-18 09:45:21.355 E/WifiStateMachine(  851):  ConnectedState (when=-3ms what=131155 arg1=591!CMD_RSSI_POLL 591 0 "BOCO-office" 94:b4:0f:68:a4:b1 rssi=-51 f=5785 sc=80 link=135 tx=12.6, 0.0, 0.0  rx=57.8 bcn=0 [on:0 tx:0 rx:0 period:3002] from screen [on:0 period:610480427] gl rssi=-51 ag=0 hr ticks 314,77,49 ls-=0 [56,56,60,60,65] brc=0 lrc=0
05-18 09:45:21.358 E/WifiStateMachine(  851):  L2ConnectedState (when=-5ms what=131155 arg1=591!CMD_RSSI_POLL 591 0 "BOCO-office" 94:b4:0f:68:a4:b1 rssi=-51 f=5785 sc=80 link=135 tx=12.6, 0.0, 0.0  rx=57.8 bcn=0 [on:0 tx:0 rx:0 period:3] from screen [on:0 period:610480430] gl rssi=-51 ag=0 hr ticks 314,77,49 ls-=0 [56,56,60,60,65] brc=0 lrc=0
05-18 09:45:21.358 E/WifiStateMachine(  851):  get link layer stats 0
05-18 09:45:21.378 E/WifiStateMachine(  851): calculateWifiScore() we set wifi's score to 1000, so will always set wifi as a default network.
05-18 09:45:22.234 E/WifiTrafficPoller(  851): TRAFFIC_STATS_POLL true Token 2644 num clients 19
05-18 09:45:22.236 E/WifiTrafficPoller(  851):  packet count Tx=1749139 Rx=5764579
05-18 09:45:22.236 E/WifiTrafficPoller(  851): notifying of data activity 3
05-18 09:45:23.182 E/memtrack(15765): Couldn't load memtrack module (No such file or directory)
05-18 09:45:23.182 E/android.os.Debug(15765): failed to load memtrack module: -2
05-18 09:45:23.243 E/WifiTrafficPoller(  851): TRAFFIC_STATS_POLL true Token 2644 num clients 19
05-18 09:45:23.244 E/WifiTrafficPoller(  851):  packet count Tx=1749139 Rx=5764587
05-18 09:45:23.244 E/WifiTrafficPoller(  851): notifying of data activity 1
05-18 09:45:23.710 E/SurfaceFlinger(  285): onDraw: bindTextureImage test
05-18 09:45:23.726 E/SurfaceFlinger(  285): onDraw: bindTextureImage test
05-18 09:45:23.742 E/SurfaceFlinger(  285): onDraw: bindTextureImage test
05-18 09:45:23.759 E/SurfaceFlinger(  285): onDraw: bindTextureImage test
05-18 09:45:23.762 E/MPlugin (15781): Unsupported class: com.mediatek.common.telephony.IOnlyOwnerSimSupport
05-18 09:45:23.773 E/WifiManager(15781): mWifiServiceMessenger == null
05-18 09:45:23.775 E/SurfaceFlinger(  285): onDraw: bindTextureImage test
05-18 09:45:23.792 E/SurfaceFlinger(  285): onDraw: bindTextureImage test
05-18 09:45:23.809 E/SurfaceFlinger(  285): onDraw: bindTextureImage test
05-18 09:45:23.826 E/SurfaceFlinger(  285): onDraw: bindTextureImage test
05-18 09:45:23.843 E/SurfaceFlinger(  285): onDraw: bindTextureImage test
05-18 09:45:23.860 E/SurfaceFlinger(  285): onDraw: bindTextureImage test
05-18 09:45:23.876 E/SurfaceFlinger(  285): onDraw: bindTextureImage test
05-18 09:45:23.893 E/SurfaceFlinger(  285): onDraw: bindTextureImage test
05-18 09:45:23.910 E/SurfaceFlinger(  285): onDraw: bindTextureImage test
05-18 09:45:23.927 E/SurfaceFlinger(  285): onDraw: bindTextureImage test
05-18 09:45:23.944 E/SurfaceFlinger(  285): onDraw: bindTextureImage test
05-18 09:45:23.960 E/SurfaceFlinger(  285): onDraw: bindTextureImage test
05-18 09:45:24.028 E/SurfaceFlinger(  285): onDraw: bindTextureImage test
05-18 09:45:24.044 E/SurfaceFlinger(  285): onDraw: bindTextureImage test
05-18 09:45:24.061 E/SurfaceFlinger(  285): onDraw: bindTextureImage test
05-18 09:45:24.078 E/SurfaceFlinger(  285): onDraw: bindTextureImage test
05-18 09:45:24.095 E/SurfaceFlinger(  285): onDraw: bindTextureImage test
05-18 09:45:24.112 E/SurfaceFlinger(  285): onDraw: bindTextureImage test
05-18 09:45:24.129 E/SurfaceFlinger(  285): onDraw: bindTextureImage test
05-18 09:45:24.245 E/WifiTrafficPoller(  851): TRAFFIC_STATS_POLL true Token 2644 num clients 19
05-18 09:45:24.246 E/WifiTrafficPoller(  851):  packet count Tx=1749146 Rx=5764600
05-18 09:45:24.246 E/WifiTrafficPoller(  851): notifying of data activity 3
05-18 09:45:24.381 E/WifiStateMachine(  851):  ConnectedState (when=-1ms what=131155 arg1=591!CMD_RSSI_POLL 591 0 "BOCO-office" 94:b4:0f:68:a4:b1 rssi=-49 f=5785 sc=80 link=135 tx=7.3, 0.0, 0.0  rx=49.4 bcn=0 [on:0 tx:0 rx:0 period:2999] from screen [on:0 period:610483453] gl rssi=-49 ag=0 hr ticks 314,77,49 ls-=0 [56,56,60,60,65] brc=0 lrc=0
05-18 09:45:24.383 E/WifiStateMachine(  851):  L2ConnectedState (when=-4ms what=131155 arg1=591!CMD_RSSI_POLL 591 0 "BOCO-office" 94:b4:0f:68:a4:b1 rssi=-49 f=5785 sc=80 link=135 tx=7.3, 0.0, 0.0  rx=49.4 bcn=0 [on:0 tx:0 rx:0 period:2] from screen [on:0 period:610483455] gl rssi=-49 ag=0 hr ticks 314,77,49 ls-=0 [56,56,60,60,65] brc=0 lrc=0
05-18 09:45:24.383 E/WifiStateMachine(  851):  get link layer stats 0
05-18 09:45:24.388 E/WifiStateMachine(  851): calculateWifiScore() we set wifi's score to 1000, so will always set wifi as a default network.
05-18 09:45:25.251 E/WifiTrafficPoller(  851): TRAFFIC_STATS_POLL true Token 2644 num clients 19
05-18 09:45:25.252 E/WifiTrafficPoller(  851):  packet count Tx=1749146 Rx=5764617
05-18 09:45:25.252 E/WifiTrafficPoller(  851): notifying of data activity 1
05-18 09:45:26.254 E/WifiTrafficPoller(  851): TRAFFIC_STATS_POLL true Token 2644 num clients 19
05-18 09:45:26.255 E/WifiTrafficPoller(  851):  packet count Tx=1749146 Rx=5764628
05-18 09:45:27.256 E/WifiTrafficPoller(  851): TRAFFIC_STATS_POLL true Token 2644 num clients 19
05-18 09:45:27.257 E/WifiTrafficPoller(  851):  packet count Tx=1749146 Rx=5764638
05-18 09:45:27.392 E/WifiStateMachine(  851):  ConnectedState (when=-3ms what=131155 arg1=591!CMD_RSSI_POLL 591 0 "BOCO-office" 94:b4:0f:68:a4:b1 rssi=-51 f=5785 sc=80 link=135 tx=7.7, 0.0, 0.0  rx=41.2 bcn=0 [on:0 tx:0 rx:0 period:3001] from screen [on:0 period:610486464] gl rssi=-51 ag=0 hr ticks 314,77,49 ls-=0 [56,56,60,60,65] brc=0 lrc=0
05-18 09:45:27.395 E/WifiStateMachine(  851):  L2ConnectedState (when=-5ms what=131155 arg1=591!CMD_RSSI_POLL 591 0 "BOCO-office" 94:b4:0f:68:a4:b1 rssi=-51 f=5785 sc=80 link=135 tx=7.7, 0.0, 0.0  rx=41.2 bcn=0 [on:0 tx:0 rx:0 period:3] from screen [on:0 period:610486467] gl rssi=-51 ag=0 hr ticks 314,77,49 ls-=0 [56,56,60,60,65] brc=0 lrc=0
05-18 09:45:27.395 E/WifiStateMachine(  851):  get link layer stats 0
05-18 09:45:27.402 E/WifiStateMachine(  851): calculateWifiScore() we set wifi's score to 1000, so will always set wifi as a default network.
05-18 09:45:28.257 E/WifiTrafficPoller(  851): TRAFFIC_STATS_POLL true Token 2644 num clients 19
05-18 09:45:28.258 E/WifiTrafficPoller(  851):  packet count Tx=1749146 Rx=5764649
