05-18 14:37:33.298 E/GPSManager( 4722): Location changed : Lat: 40.00125 Lng: 105.56358166666665
05-18 14:37:34.298 E/GPSManager( 4722): Location changed : Lat: 40.00125 Lng: 105.56358166666665
05-18 14:37:35.308 E/GPSManager( 4722): Location changed : Lat: 40.00125 Lng: 105.56358166666665
05-18 14:37:36.308 E/GPSManager( 4722): Location changed : Lat: 40.00125 Lng: 105.56358166666665
05-18 14:37:37.308 E/GPSManager( 4722): Location changed : Lat: 40.00125 Lng: 105.56358166666665
05-18 14:37:38.318 E/GPSManager( 4722): Location changed : Lat: 40.00125 Lng: 105.56358166666665
05-18 14:37:39.348 E/GPSManager( 4722): Location changed : Lat: 40.00125 Lng: 105.56358166666665
05-18 14:37:40.338 E/GPSManager( 4722): Location changed : Lat: 40.00125 Lng: 105.56358166666665
05-18 14:37:41.338 E/GPSManager( 4722): Location changed : Lat: 40.00125 Lng: 105.56358166666665
05-18 14:37:42.338 E/GPSManager( 4722): Location changed : Lat: 40.00125 Lng: 105.56358166666665
05-18 14:37:43.348 E/GPSManager( 4722): Location changed : Lat: 40.00125 Lng: 105.56358166666665
05-18 14:37:44.358 E/GPSManager( 4722): Location changed : Lat: 40.00125 Lng: 105.56358166666665
05-18 14:37:45.378 E/GPSManager( 4722): Location changed : Lat: 40.00125 Lng: 105.56358166666665
05-18 14:37:46.368 E/GPSManager( 4722): Location changed : Lat: 40.00125 Lng: 105.56358166666665
05-18 14:37:46.548 E/NetworkScheduler.ATC(  723): Trying to release unacquired lock: com.google.android.gms/.clearcut.uploader.UploaderService
05-18 14:37:46.568 E/NetworkScheduler(  723): Called closeAndCleanupTask for already completed task [com.google.android.gms/.clearcut.uploader.UploaderService:upload_periodic,u0]' :TIMED_OUT
05-18 14:37:46.608 E/NetworkScheduler(  723): Task completed but with no record in list of active tasks: [com.google.android.gms/.clearcut.uploader.UploaderService:upload_periodic,u0]
05-18 14:37:46.668 E/GCM     (  723): Missing checkin config file
05-18 14:37:47.388 E/GPSManager( 4722): Location changed : Lat: 40.00125 Lng: 105.56358166666665
05-18 14:37:48.388 E/GPSManager( 4722): Location changed : Lat: 40.00125 Lng: 105.56358166666665
05-18 14:37:49.388 E/GPSManager( 4722): Location changed : Lat: 40.00125 Lng: 105.56358166666665
05-18 14:37:50.388 E/GPSManager( 4722): Location changed : Lat: 40.00125 Lng: 105.56358166666665
05-18 14:37:51.418 E/GPSManager( 4722): Location changed : Lat: 40.00125 Lng: 105.56358166666665
05-18 14:37:52.438 E/GPSManager( 4722): Location changed : Lat: 40.00125 Lng: 105.56358166666665
05-18 14:37:53.458 E/GPSManager( 4722): Location changed : Lat: 40.00125 Lng: 105.56358166666665
05-18 14:37:54.478 E/GPSManager( 4722): Location changed : Lat: 40.00125 Lng: 105.56358166666665
05-18 14:37:55.448 E/GPSManager( 4722): Location changed : Lat: 40.00125 Lng: 105.56358166666665
05-18 14:37:56.498 E/GPSManager( 4722): Location changed : Lat: 40.00125 Lng: 105.56358166666665
05-18 14:37:57.508 E/GPSManager( 4722): Location changed : Lat: 40.00125 Lng: 105.56358166666665
05-18 14:37:58.508 E/GPSManager( 4722): Location changed : Lat: 40.00125 Lng: 105.56358166666665
05-18 14:37:59.518 E/GPSManager( 4722): Location changed : Lat: 40.00125 Lng: 105.56358166666665
05-18 14:38:00.528 E/GPSManager( 4722): Location changed : Lat: 40.00125 Lng: 105.56358166666665
05-18 14:38:01.518 E/GPSManager( 4722): Location changed : Lat: 40.00125 Lng: 105.56358166666665
05-18 14:38:02.538 E/GPSManager( 4722): Location changed : Lat: 40.00125 Lng: 105.56358166666665
05-18 14:38:03.558 E/GPSManager( 4722): Location changed : Lat: 40.00125 Lng: 105.56358166666665
05-18 14:38:04.558 E/GPSManager( 4722): Location changed : Lat: 40.00125 Lng: 105.56358166666665
05-18 14:38:05.558 E/GPSManager( 4722): Location changed : Lat: 40.00125 Lng: 105.56358166666665
05-18 14:38:06.588 E/GPSManager( 4722): Location changed : Lat: 40.00125 Lng: 105.56358166666665
05-18 14:38:07.598 E/GPSManager( 4722): Location changed : Lat: 40.00125 Lng: 105.56358166666665
05-18 14:38:08.638 E/GPSManager( 4722): Location changed : Lat: 40.00125 Lng: 105.56358166666665
05-18 14:38:09.648 E/GPSManager( 4722): Location changed : Lat: 40.00125 Lng: 105.56358166666665
05-18 14:38:10.618 E/GPSManager( 4722): Location changed : Lat: 40.00125 Lng: 105.56358166666665
05-18 14:38:11.638 E/GPSManager( 4722): Location changed : Lat: 40.00125 Lng: 105.56358166666665
05-18 14:38:12.658 E/GPSManager( 4722): Location changed : Lat: 40.00125 Lng: 105.56358166666665
05-18 14:38:13.708 E/GPSManager( 4722): Location changed : Lat: 40.00125 Lng: 105.56358166666665
05-18 14:38:14.658 E/GPSManager( 4722): Location changed : Lat: 40.00125 Lng: 105.56358166666665
05-18 14:38:15.678 E/GPSManager( 4722): Location changed : Lat: 40.00125 Lng: 105.56358166666665
05-18 14:38:16.748 E/GPSManager( 4722): Location changed : Lat: 40.00125 Lng: 105.56358166666665
05-18 14:38:17.728 E/GPSManager( 4722): Location changed : Lat: 40.00125 Lng: 105.56358166666665
05-18 14:38:18.758 E/GPSManager( 4722): Location changed : Lat: 40.00125 Lng: 105.56358166666665
05-18 14:38:19.778 E/GPSManager( 4722): Location changed : Lat: 40.00125 Lng: 105.56358166666665
05-18 14:38:20.778 E/GPSManager( 4722): Location changed : Lat: 40.00125 Lng: 105.56358166666665
05-18 14:38:21.758 E/GPSManager( 4722): Location changed : Lat: 40.00125 Lng: 105.56358166666665
05-18 14:38:22.798 E/GPSManager( 4722): Location changed : Lat: 40.00125 Lng: 105.56358166666665
05-18 14:38:23.768 E/GPSManager( 4722): Location changed : Lat: 40.00125 Lng: 105.56358166666665
05-18 14:38:24.828 E/GPSManager( 4722): Location changed : Lat: 40.00125 Lng: 105.56358166666665
05-18 14:38:25.808 E/GPSManager( 4722): Location changed : Lat: 40.00125 Lng: 105.56358166666665
05-18 14:38:26.868 E/GPSManager( 4722): Location changed : Lat: 40.00125 Lng: 105.56358166666665
05-18 14:38:27.858 E/GPSManager( 4722): Location changed : Lat: 40.00125 Lng: 105.56358166666665
05-18 14:38:28.828 E/GPSManager( 4722): Location changed : Lat: 40.00125 Lng: 105.56358166666665
05-18 14:38:29.838 E/GPSManager( 4722): Location changed : Lat: 40.00125 Lng: 105.56358166666665
05-18 14:38:30.858 E/GPSManager( 4722): Location changed : Lat: 40.00125 Lng: 105.56358166666665
05-18 14:38:31.858 E/GPSManager( 4722): Location changed : Lat: 40.00125 Lng: 105.56358166666665
05-18 14:38:32.858 E/GPSManager( 4722): Location changed : Lat: 40.00125 Lng: 105.56358166666665
05-18 14:38:33.878 E/GPSManager( 4722): Location changed : Lat: 40.00125 Lng: 105.56358166666665
05-18 14:38:34.918 E/GPSManager( 4722): Location changed : Lat: 40.00125 Lng: 105.56358166666665
05-18 14:38:35.928 E/GPSManager( 4722): Location changed : Lat: 40.00125 Lng: 105.56358166666665
05-18 14:38:36.908 E/GPSManager( 4722): Location changed : Lat: 40.00125 Lng: 105.56358166666665
05-18 14:38:37.908 E/GPSManager( 4722): Location changed : Lat: 40.00125 Lng: 105.56358166666665
05-18 14:38:38.928 E/GPSManager( 4722): Location changed : Lat: 40.00125 Lng: 105.56358166666665
05-18 14:38:39.918 E/GPSManager( 4722): Location changed : Lat: 40.00125 Lng: 105.56358166666665
05-18 14:38:40.938 E/GPSManager( 4722): Location changed : Lat: 40.00125 Lng: 105.56358166666665
05-18 14:38:41.968 E/GPSManager( 4722): Location changed : Lat: 40.00125 Lng: 105.56358166666665
05-18 14:38:42.958 E/GPSManager( 4722): Location changed : Lat: 40.00125 Lng: 105.56358166666665
05-18 14:38:43.948 E/GPSManager( 4722): Location changed : Lat: 40.00125 Lng: 105.56358166666665
05-18 14:38:44.958 E/GPSManager( 4722): Location changed : Lat: 40.00125 Lng: 105.56358166666665
05-18 14:38:45.968 E/GPSManager( 4722): Location changed : Lat: 40.00125 Lng: 105.56358166666665
05-18 14:38:46.968 E/GPSManager( 4722): Location changed : Lat: 40.00125 Lng: 105.56358166666665
05-18 14:38:47.988 E/GPSManager( 4722): Location changed : Lat: 40.00125 Lng: 105.56358166666665
05-18 14:38:48.998 E/GPSManager( 4722): Location changed : Lat: 40.00125 Lng: 105.56358166666665
05-18 14:38:49.288 E/GCM     (  723): Missing checkin config file
05-18 14:38:49.298 E/GCM     (  723): Missing checkin config file
05-18 14:38:49.998 E/GCM     (  723): Missing checkin config file
05-18 14:38:50.008 E/GCM     (  723): Missing checkin config file
05-18 14:38:50.028 E/GPSManager( 4722): Location changed : Lat: 40.00125 Lng: 105.56358166666665
05-18 14:38:51.018 E/GPSManager( 4722): Location changed : Lat: 40.00125 Lng: 105.56358166666665
05-18 14:38:52.018 E/GPSManager( 4722): Location changed : Lat: 40.00125 Lng: 105.56358166666665
05-18 14:38:53.048 E/GPSManager( 4722): Location changed : Lat: 40.00125 Lng: 105.56358166666665
05-18 14:38:54.048 E/GPSManager( 4722): Location changed : Lat: 40.00125 Lng: 105.56358166666665
05-18 14:38:54.188 E/PlayCommon(  852): [43] com.google.android.play.a.g.a(1054): Failed to connect to server: java.net.SocketTimeoutException: failed to connect to play.googleapis.com/172.217.24.10 (port 443) after 10000ms
05-18 14:38:55.028 E/GPSManager( 4722): Location changed : Lat: 40.00125 Lng: 105.56358166666665
05-18 14:38:56.038 E/GPSManager( 4722): Location changed : Lat: 40.00125 Lng: 105.56358166666665
05-18 14:38:57.038 E/GPSManager( 4722): Location changed : Lat: 40.00125 Lng: 105.56358166666665
05-18 14:38:58.058 E/GPSManager( 4722): Location changed : Lat: 40.00125 Lng: 105.56358166666665
05-18 14:38:59.088 E/GPSManager( 4722): Location changed : Lat: 40.00125 Lng: 105.56358166666665
05-18 14:39:00.068 E/GPSManager( 4722): Location changed : Lat: 40.00125 Lng: 105.56358166666665
05-18 14:39:01.078 E/GPSManager( 4722): Location changed : Lat: 40.00125 Lng: 105.56358166666665
05-18 14:39:02.108 E/GPSManager( 4722): Location changed : Lat: 40.00125 Lng: 105.56358166666665
05-18 14:39:03.078 E/GPSManager( 4722): Location changed : Lat: 40.00125 Lng: 105.56358166666665
05-18 14:39:04.098 E/GPSManager( 4722): Location changed : Lat: 40.00125 Lng: 105.56358166666665
05-18 14:39:05.088 E/GPSManager( 4722): Location changed : Lat: 40.00125 Lng: 105.56358166666665
05-18 14:39:06.088 E/GPSManager( 4722): Location changed : Lat: 40.00125 Lng: 105.56358166666665
05-18 14:39:07.088 E/GPSManager( 4722): Location changed : Lat: 40.00125 Lng: 105.56358166666665
05-18 14:39:08.118 E/GPSManager( 4722): Location changed : Lat: 40.00125 Lng: 105.56358166666665
05-18 14:39:09.108 E/GPSManager( 4722): Location changed : Lat: 40.00125 Lng: 105.56358166666665
05-18 14:39:10.108 E/GPSManager( 4722): Location changed : Lat: 40.00125 Lng: 105.56358166666665
05-18 14:39:11.118 E/GPSManager( 4722): Location changed : Lat: 40.00125 Lng: 105.56358166666665
05-18 14:39:12.138 E/GPSManager( 4722): Location changed : Lat: 40.00125 Lng: 105.56358166666665
05-18 14:39:13.128 E/GPSManager( 4722): Location changed : Lat: 40.00125 Lng: 105.56358166666665
05-18 14:39:14.148 E/GPSManager( 4722): Location changed : Lat: 40.00125 Lng: 105.56358166666665
05-18 14:39:15.168 E/GPSManager( 4722): Location changed : Lat: 40.00125 Lng: 105.56358166666665
05-18 14:39:16.188 E/GPSManager( 4722): Location changed : Lat: 40.00125 Lng: 105.56358166666665
05-18 14:39:17.178 E/GPSManager( 4722): Location changed : Lat: 40.00125 Lng: 105.56358166666665
05-18 14:39:18.198 E/GPSManager( 4722): Location changed : Lat: 40.00125 Lng: 105.56358166666665
05-18 14:39:19.208 E/GPSManager( 4722): Location changed : Lat: 40.00125 Lng: 105.56358166666665
05-18 14:39:20.198 E/GPSManager( 4722): Location changed : Lat: 40.00125 Lng: 105.56358166666665
05-18 14:39:21.208 E/GPSManager( 4722): Location changed : Lat: 40.00125 Lng: 105.56358166666665
05-18 14:39:22.228 E/GPSManager( 4722): Location changed : Lat: 40.00125 Lng: 105.56358166666665
05-18 14:39:23.218 E/GPSManager( 4722): Location changed : Lat: 40.00125 Lng: 105.56358166666665
05-18 14:39:24.228 E/GPSManager( 4722): Location changed : Lat: 40.00125 Lng: 105.56358166666665
05-18 14:39:25.248 E/GPSManager( 4722): Location changed : Lat: 40.00125 Lng: 105.56358166666665
05-18 14:39:26.248 E/GPSManager( 4722): Location changed : Lat: 40.00125 Lng: 105.56358166666665
05-18 14:39:27.318 E/GPSManager( 4722): Location changed : Lat: 40.00125 Lng: 105.56358166666665
05-18 14:39:28.258 E/GPSManager( 4722): Location changed : Lat: 40.00125 Lng: 105.56358166666665
05-18 14:39:29.268 E/GPSManager( 4722): Location changed : Lat: 40.00125 Lng: 105.56358166666665
05-18 14:39:30.278 E/GPSManager( 4722): Location changed : Lat: 40.00125 Lng: 105.56358166666665
05-18 14:39:31.288 E/GPSManager( 4722): Location changed : Lat: 40.00125 Lng: 105.56358166666665
05-18 14:39:32.288 E/GPSManager( 4722): Location changed : Lat: 40.00125 Lng: 105.56358166666665
05-18 14:39:33.298 E/GPSManager( 4722): Location changed : Lat: 40.00125 Lng: 105.56358166666665
05-18 14:39:34.298 E/GPSManager( 4722): Location changed : Lat: 40.00125 Lng: 105.56358166666665
05-18 14:39:35.298 E/GPSManager( 4722): Location changed : Lat: 40.00125 Lng: 105.56358166666665
05-18 14:39:36.318 E/GPSManager( 4722): Location changed : Lat: 40.00125 Lng: 105.56358166666665
05-18 14:39:37.338 E/GPSManager( 4722): Location changed : Lat: 40.00125 Lng: 105.56358166666665
05-18 14:39:38.328 E/GPSManager( 4722): Location changed : Lat: 40.00125 Lng: 105.56358166666665
05-18 14:39:39.358 E/GPSManager( 4722): Location changed : Lat: 40.00125 Lng: 105.56358166666665
05-18 14:39:40.378 E/GPSManager( 4722): Location changed : Lat: 40.00125 Lng: 105.56358166666665
05-18 14:39:41.378 E/GPSManager( 4722): Location changed : Lat: 40.00125 Lng: 105.56358166666665
05-18 14:39:42.398 E/GPSManager( 4722): Location changed : Lat: 40.00125 Lng: 105.56358166666665
05-18 14:39:43.388 E/GPSManager( 4722): Location changed : Lat: 40.00125 Lng: 105.56358166666665
05-18 14:39:44.388 E/GPSManager( 4722): Location changed : Lat: 40.00125 Lng: 105.56358166666665
05-18 14:39:45.398 E/GPSManager( 4722): Location changed : Lat: 40.00125 Lng: 105.56358166666665
05-18 14:39:46.418 E/GPSManager( 4722): Location changed : Lat: 40.00125 Lng: 105.56358166666665
05-18 14:39:47.408 E/GPSManager( 4722): Location changed : Lat: 40.00125 Lng: 105.56358166666665
05-18 14:39:48.438 E/GPSManager( 4722): Location changed : Lat: 40.00125 Lng: 105.56358166666665
05-18 14:39:49.428 E/GPSManager( 4722): Location changed : Lat: 40.00125 Lng: 105.56358166666665
05-18 14:39:50.448 E/GPSManager( 4722): Location changed : Lat: 40.00125 Lng: 105.56358166666665
05-18 14:39:51.448 E/GPSManager( 4722): Location changed : Lat: 40.00125 Lng: 105.56358166666665
05-18 14:39:52.448 E/GPSManager( 4722): Location changed : Lat: 40.00125 Lng: 105.56358166666665
05-18 14:39:53.458 E/GPSManager( 4722): Location changed : Lat: 40.00125 Lng: 105.56358166666665
05-18 14:39:54.468 E/GPSManager( 4722): Location changed : Lat: 40.00125 Lng: 105.56358166666665
05-18 14:39:55.468 E/GPSManager( 4722): Location changed : Lat: 40.00125 Lng: 105.56358166666665
05-18 14:39:56.498 E/GPSManager( 4722): Location changed : Lat: 40.00125 Lng: 105.56358166666665
05-18 14:39:57.488 E/GPSManager( 4722): Location changed : Lat: 40.00125 Lng: 105.56358166666665
05-18 14:39:58.488 E/GPSManager( 4722): Location changed : Lat: 40.00125 Lng: 105.56358166666665
05-18 14:39:59.498 E/GPSManager( 4722): Location changed : Lat: 40.00125 Lng: 105.56358166666665
05-18 14:40:00.518 E/GPSManager( 4722): Location changed : Lat: 40.00125 Lng: 105.56358166666665
05-18 14:40:01.528 E/GPSManager( 4722): Location changed : Lat: 40.00125 Lng: 105.56358166666665
05-18 14:40:02.538 E/GPSManager( 4722): Location changed : Lat: 40.00125 Lng: 105.56358166666665
05-18 14:40:03.548 E/GPSManager( 4722): Location changed : Lat: 40.00125 Lng: 105.56358166666665
05-18 14:40:04.558 E/GPSManager( 4722): Location changed : Lat: 40.00125 Lng: 105.56358166666665
05-18 14:40:05.538 E/GPSManager( 4722): Location changed : Lat: 40.00125 Lng: 105.56358166666665
05-18 14:40:06.568 E/GPSManager( 4722): Location changed : Lat: 40.00125 Lng: 105.56358166666665
05-18 14:40:07.578 E/GPSManager( 4722): Location changed : Lat: 40.00125 Lng: 105.56358166666665
05-18 14:40:08.588 E/GPSManager( 4722): Location changed : Lat: 40.00125 Lng: 105.56358166666665
05-18 14:40:09.598 E/GPSManager( 4722): Location changed : Lat: 40.00125 Lng: 105.56358166666665
05-18 14:40:10.598 E/GPSManager( 4722): Location changed : Lat: 40.00125 Lng: 105.56358166666665
05-18 14:40:11.588 E/GPSManager( 4722): Location changed : Lat: 40.00125 Lng: 105.56358166666665
05-18 14:40:12.618 E/GPSManager( 4722): Location changed : Lat: 40.00125 Lng: 105.56358166666665
05-18 14:40:13.608 E/GPSManager( 4722): Location changed : Lat: 40.00125 Lng: 105.56358166666665
05-18 14:40:14.608 E/GPSManager( 4722): Location changed : Lat: 40.00125 Lng: 105.56358166666665
05-18 14:40:15.608 E/GPSManager( 4722): Location changed : Lat: 40.00125 Lng: 105.56358166666665
05-18 14:40:16.628 E/GPSManager( 4722): Location changed : Lat: 40.00125 Lng: 105.56358166666665
05-18 14:40:17.628 E/GPSManager( 4722): Location changed : Lat: 40.00125 Lng: 105.56358166666665
05-18 14:40:18.638 E/GPSManager( 4722): Location changed : Lat: 40.00125 Lng: 105.56358166666665
05-18 14:40:19.638 E/GPSManager( 4722): Location changed : Lat: 40.00125 Lng: 105.56358166666665
05-18 14:40:20.648 E/GPSManager( 4722): Location changed : Lat: 40.00125 Lng: 105.56358166666665
05-18 14:40:21.648 E/GPSManager( 4722): Location changed : Lat: 40.00125 Lng: 105.56358166666665
05-18 14:40:22.658 E/GPSManager( 4722): Location changed : Lat: 40.00125 Lng: 105.56358166666665
05-18 14:40:23.668 E/GPSManager( 4722): Location changed : Lat: 40.00125 Lng: 105.56358166666665
05-18 14:40:24.688 E/GPSManager( 4722): Location changed : Lat: 40.00125 Lng: 105.56358166666665
05-18 14:40:25.688 E/GPSManager( 4722): Location changed : Lat: 40.00125 Lng: 105.56358166666665
05-18 14:40:26.688 E/GPSManager( 4722): Location changed : Lat: 40.00125 Lng: 105.56358166666665
05-18 14:40:27.698 E/GPSManager( 4722): Location changed : Lat: 40.00125 Lng: 105.56358166666665
05-18 14:40:28.708 E/GPSManager( 4722): Location changed : Lat: 40.00125 Lng: 105.56358166666665
05-18 14:40:29.698 E/GPSManager( 4722): Location changed : Lat: 40.00125 Lng: 105.56358166666665
05-18 14:40:30.708 E/GPSManager( 4722): Location changed : Lat: 40.00125 Lng: 105.56358166666665
05-18 14:40:31.728 E/GPSManager( 4722): Location changed : Lat: 40.00125 Lng: 105.56358166666665
05-18 14:40:32.728 E/GPSManager( 4722): Location changed : Lat: 40.00125 Lng: 105.56358166666665
05-18 14:40:33.718 E/GPSManager( 4722): Location changed : Lat: 40.00125 Lng: 105.56358166666665
05-18 14:40:34.728 E/GPSManager( 4722): Location changed : Lat: 40.00125 Lng: 105.56358166666665
05-18 14:40:35.728 E/GPSManager( 4722): Location changed : Lat: 40.00125 Lng: 105.56358166666665
05-18 14:40:36.728 E/GPSManager( 4722): Location changed : Lat: 40.00125 Lng: 105.56358166666665
05-18 14:40:37.728 E/GPSManager( 4722): Location changed : Lat: 40.00125 Lng: 105.56358166666665
05-18 14:40:38.738 E/GPSManager( 4722): Location changed : Lat: 40.00125 Lng: 105.56358166666665
05-18 14:40:39.768 E/GPSManager( 4722): Location changed : Lat: 40.00125 Lng: 105.56358166666665
05-18 14:40:40.778 E/GPSManager( 4722): Location changed : Lat: 40.00125 Lng: 105.56358166666665
05-18 14:40:41.768 E/GPSManager( 4722): Location changed : Lat: 40.00125 Lng: 105.56358166666665
05-18 14:40:42.768 E/GPSManager( 4722): Location changed : Lat: 40.00125 Lng: 105.56358166666665
05-18 14:40:43.768 E/GPSManager( 4722): Location changed : Lat: 40.00125 Lng: 105.56358166666665
05-18 14:40:44.778 E/GPSManager( 4722): Location changed : Lat: 40.00125 Lng: 105.56358166666665
05-18 14:40:45.808 E/GPSManager( 4722): Location changed : Lat: 40.00125 Lng: 105.56358166666665
05-18 14:40:46.818 E/GPSManager( 4722): Location changed : Lat: 40.00125 Lng: 105.56358166666665
05-18 14:40:47.838 E/GPSManager( 4722): Location changed : Lat: 40.00125 Lng: 105.56358166666665
05-18 14:40:48.848 E/GPSManager( 4722): Location changed : Lat: 40.00125 Lng: 105.56358166666665
05-18 14:40:49.838 E/GPSManager( 4722): Location changed : Lat: 40.00125 Lng: 105.56358166666665
05-18 14:40:50.858 E/GPSManager( 4722): Location changed : Lat: 40.00125 Lng: 105.56358166666665
05-18 14:40:51.868 E/GPSManager( 4722): Location changed : Lat: 40.00125 Lng: 105.56358166666665
05-18 14:40:52.868 E/GPSManager( 4722): Location changed : Lat: 40.00125 Lng: 105.56358166666665
05-18 14:40:53.868 E/GPSManager( 4722): Location changed : Lat: 40.00125 Lng: 105.56358166666665
05-18 14:40:54.888 E/GPSManager( 4722): Location changed : Lat: 40.00125 Lng: 105.56358166666665
05-18 14:40:55.908 E/GPSManager( 4722): Location changed : Lat: 40.00125 Lng: 105.56358166666665
05-18 14:40:56.888 E/GPSManager( 4722): Location changed : Lat: 40.00125 Lng: 105.56358166666665
05-18 14:40:57.898 E/GPSManager( 4722): Location changed : Lat: 40.00125 Lng: 105.56358166666665
05-18 14:40:58.908 E/GPSManager( 4722): Location changed : Lat: 40.00125 Lng: 105.56358166666665
05-18 14:40:59.928 E/GPSManager( 4722): Location changed : Lat: 40.00125 Lng: 105.56358166666665
05-18 14:41:00.918 E/GPSManager( 4722): Location changed : Lat: 40.00125 Lng: 105.56358166666665
05-18 14:41:01.938 E/GPSManager( 4722): Location changed : Lat: 40.00125 Lng: 105.56358166666665
05-18 14:41:02.958 E/GPSManager( 4722): Location changed : Lat: 40.00125 Lng: 105.56358166666665
05-18 14:41:03.958 E/GPSManager( 4722): Location changed : Lat: 40.00125 Lng: 105.56358166666665
05-18 14:41:04.958 E/GPSManager( 4722): Location changed : Lat: 40.00125 Lng: 105.56358166666665
05-18 14:41:05.968 E/GPSManager( 4722): Location changed : Lat: 40.00125 Lng: 105.56358166666665
05-18 14:41:06.958 E/GPSManager( 4722): Location changed : Lat: 40.00125 Lng: 105.56358166666665
05-18 14:41:07.968 E/GPSManager( 4722): Location changed : Lat: 40.00125 Lng: 105.56358166666665
05-18 14:41:08.988 E/GPSManager( 4722): Location changed : Lat: 40.00125 Lng: 105.56358166666665
05-18 14:41:09.978 E/GPSManager( 4722): Location changed : Lat: 40.00125 Lng: 105.56358166666665
05-18 14:41:10.988 E/GPSManager( 4722): Location changed : Lat: 40.00125 Lng: 105.56358166666665
05-18 14:41:12.008 E/GPSManager( 4722): Location changed : Lat: 40.00125 Lng: 105.56358166666665
05-18 14:41:13.018 E/GPSManager( 4722): Location changed : Lat: 40.00125 Lng: 105.56358166666665
05-18 14:41:14.008 E/GPSManager( 4722): Location changed : Lat: 40.00125 Lng: 105.56358166666665
05-18 14:41:15.008 E/GPSManager( 4722): Location changed : Lat: 40.00125 Lng: 105.56358166666665
05-18 14:41:16.018 E/GPSManager( 4722): Location changed : Lat: 40.00125 Lng: 105.56358166666665
05-18 14:41:17.028 E/GPSManager( 4722): Location changed : Lat: 40.00125 Lng: 105.56358166666665
05-18 14:41:18.028 E/GPSManager( 4722): Location changed : Lat: 40.00125 Lng: 105.56358166666665
05-18 14:41:19.038 E/GPSManager( 4722): Location changed : Lat: 40.00125 Lng: 105.56358166666665
05-18 14:41:20.098 E/GPSManager( 4722): Location changed : Lat: 40.00125 Lng: 105.56358166666665
05-18 14:41:21.108 E/GPSManager( 4722): Location changed : Lat: 40.00125 Lng: 105.56358166666665
05-18 14:41:22.078 E/GPSManager( 4722): Location changed : Lat: 40.00125 Lng: 105.56358166666665
05-18 14:41:23.088 E/GPSManager( 4722): Location changed : Lat: 40.00125 Lng: 105.56358166666665
05-18 14:41:24.088 E/GPSManager( 4722): Location changed : Lat: 40.00125 Lng: 105.56358166666665
05-18 14:41:25.098 E/GPSManager( 4722): Location changed : Lat: 40.00125 Lng: 105.56358166666665
05-18 14:41:26.098 E/GPSManager( 4722): Location changed : Lat: 40.00125 Lng: 105.56358166666665
05-18 14:41:27.108 E/GPSManager( 4722): Location changed : Lat: 40.00125 Lng: 105.56358166666665
05-18 14:41:28.108 E/GPSManager( 4722): Location changed : Lat: 40.00125 Lng: 105.56358166666665
05-18 14:41:29.128 E/GPSManager( 4722): Location changed : Lat: 40.00125 Lng: 105.56358166666665
05-18 14:41:30.148 E/GPSManager( 4722): Location changed : Lat: 40.00125 Lng: 105.56358166666665
05-18 14:41:31.158 E/GPSManager( 4722): Location changed : Lat: 40.00125 Lng: 105.56358166666665
05-18 14:41:32.158 E/GPSManager( 4722): Location changed : Lat: 40.00125 Lng: 105.56358166666665
05-18 14:41:33.138 E/GPSManager( 4722): Location changed : Lat: 40.00125 Lng: 105.56358166666665
05-18 14:41:34.188 E/GPSManager( 4722): Location changed : Lat: 40.00125 Lng: 105.56358166666665
05-18 14:41:35.208 E/GPSManager( 4722): Location changed : Lat: 40.00125 Lng: 105.56358166666665
05-18 14:41:36.188 E/GPSManager( 4722): Location changed : Lat: 40.00125 Lng: 105.56358166666665
05-18 14:41:37.228 E/GPSManager( 4722): Location changed : Lat: 40.00125 Lng: 105.56358166666665
05-18 14:41:38.198 E/GPSManager( 4722): Location changed : Lat: 40.00125 Lng: 105.56358166666665
05-18 14:41:39.208 E/GPSManager( 4722): Location changed : Lat: 40.00125 Lng: 105.56358166666665
05-18 14:41:40.208 E/GPSManager( 4722): Location changed : Lat: 40.00125 Lng: 105.56358166666665
05-18 14:41:41.208 E/GPSManager( 4722): Location changed : Lat: 40.00125 Lng: 105.56358166666665
05-18 14:41:42.228 E/GPSManager( 4722): Location changed : Lat: 40.00125 Lng: 105.56358166666665
05-18 14:41:43.248 E/GPSManager( 4722): Location changed : Lat: 40.00125 Lng: 105.56358166666665
05-18 14:41:44.258 E/GPSManager( 4722): Location changed : Lat: 40.00125 Lng: 105.56358166666665
05-18 14:41:45.258 E/GPSManager( 4722): Location changed : Lat: 40.00125 Lng: 105.56358166666665
05-18 14:41:46.258 E/GPSManager( 4722): Location changed : Lat: 40.00125 Lng: 105.56358166666665
05-18 14:41:47.268 E/GPSManager( 4722): Location changed : Lat: 40.00125 Lng: 105.56358166666665
05-18 14:41:48.268 E/GPSManager( 4722): Location changed : Lat: 40.00125 Lng: 105.56358166666665
05-18 14:41:49.278 E/GPSManager( 4722): Location changed : Lat: 40.00125 Lng: 105.56358166666665
05-18 14:41:50.278 E/GPSManager( 4722): Location changed : Lat: 40.00125 Lng: 105.56358166666665
05-18 14:41:51.288 E/GPSManager( 4722): Location changed : Lat: 40.00125 Lng: 105.56358166666665
05-18 14:41:52.288 E/GPSManager( 4722): Location changed : Lat: 40.00125 Lng: 105.56358166666665
05-18 14:41:53.318 E/GPSManager( 4722): Location changed : Lat: 40.00125 Lng: 105.56358166666665
05-18 14:41:54.308 E/GPSManager( 4722): Location changed : Lat: 40.00125 Lng: 105.56358166666665
05-18 14:41:55.308 E/GPSManager( 4722): Location changed : Lat: 40.00125 Lng: 105.56358166666665
05-18 14:41:56.328 E/GPSManager( 4722): Location changed : Lat: 40.00125 Lng: 105.56358166666665
05-18 14:41:57.328 E/GPSManager( 4722): Location changed : Lat: 40.00125 Lng: 105.56358166666665
05-18 14:41:58.328 E/GPSManager( 4722): Location changed : Lat: 40.00125 Lng: 105.56358166666665
05-18 14:41:59.338 E/GPSManager( 4722): Location changed : Lat: 40.00125 Lng: 105.56358166666665
05-18 14:42:00.328 E/GPSManager( 4722): Location changed : Lat: 40.00125 Lng: 105.56358166666665
05-18 14:42:01.348 E/GPSManager( 4722): Location changed : Lat: 40.00125 Lng: 105.56358166666665
05-18 14:42:02.348 E/GPSManager( 4722): Location changed : Lat: 40.00125 Lng: 105.56358166666665
05-18 14:42:03.348 E/GPSManager( 4722): Location changed : Lat: 40.00125 Lng: 105.56358166666665
05-18 14:42:04.368 E/GPSManager( 4722): Location changed : Lat: 40.00125 Lng: 105.56358166666665
05-18 14:42:05.358 E/GPSManager( 4722): Location changed : Lat: 40.00125 Lng: 105.56358166666665
05-18 14:42:06.358 E/GPSManager( 4722): Location changed : Lat: 40.00125 Lng: 105.56358166666665
05-18 14:42:07.368 E/GPSManager( 4722): Location changed : Lat: 40.00125 Lng: 105.56358166666665
05-18 14:42:08.378 E/GPSManager( 4722): Location changed : Lat: 40.00125 Lng: 105.56358166666665
05-18 14:42:09.378 E/GPSManager( 4722): Location changed : Lat: 40.00125 Lng: 105.56358166666665
05-18 14:42:09.548 E/CheckinTask(  913): Checkin failed: https://android.clients.google.com/checkin (request #0): java.net.SocketTimeoutException: failed to connect to android.clients.google.com/74.125.204.100 (port 443) after 120000ms: isConnected failed: ETIMEDOUT (Connection timed out)
05-18 14:42:10.388 E/GPSManager( 4722): Location changed : Lat: 40.00125 Lng: 105.56358166666665
05-18 14:42:11.398 E/GPSManager( 4722): Location changed : Lat: 40.00125 Lng: 105.56358166666665
05-18 14:42:12.388 E/GPSManager( 4722): Location changed : Lat: 40.00125 Lng: 105.56358166666665
05-18 14:42:13.398 E/GPSManager( 4722): Location changed : Lat: 40.00125 Lng: 105.56358166666665
05-18 14:42:14.408 E/GPSManager( 4722): Location changed : Lat: 40.00125 Lng: 105.56358166666665
05-18 14:42:15.398 E/GPSManager( 4722): Location changed : Lat: 40.00125 Lng: 105.56358166666665
05-18 14:42:16.398 E/GPSManager( 4722): Location changed : Lat: 40.00125 Lng: 105.56358166666665
05-18 14:42:17.438 E/GPSManager( 4722): Location changed : Lat: 40.00125 Lng: 105.56358166666665
05-18 14:42:18.418 E/GPSManager( 4722): Location changed : Lat: 40.00125 Lng: 105.56358166666665
05-18 14:42:19.448 E/GPSManager( 4722): Location changed : Lat: 40.00125 Lng: 105.56358166666665
05-18 14:42:20.438 E/GPSManager( 4722): Location changed : Lat: 40.00125 Lng: 105.56358166666665
05-18 14:42:21.448 E/GPSManager( 4722): Location changed : Lat: 40.00125 Lng: 105.56358166666665
05-18 14:42:22.458 E/GPSManager( 4722): Location changed : Lat: 40.00125 Lng: 105.56358166666665
05-18 14:42:23.468 E/GPSManager( 4722): Location changed : Lat: 40.00125 Lng: 105.56358166666665
05-18 14:42:24.478 E/GPSManager( 4722): Location changed : Lat: 40.00125 Lng: 105.56358166666665
05-18 14:42:25.488 E/GPSManager( 4722): Location changed : Lat: 40.00125 Lng: 105.56358166666665
05-18 14:42:26.498 E/GPSManager( 4722): Location changed : Lat: 40.00125 Lng: 105.56358166666665
05-18 14:42:27.508 E/GPSManager( 4722): Location changed : Lat: 40.00125 Lng: 105.56358166666665
05-18 14:42:28.518 E/GPSManager( 4722): Location changed : Lat: 40.00125 Lng: 105.56358166666665
05-18 14:42:29.528 E/GPSManager( 4722): Location changed : Lat: 40.00125 Lng: 105.56358166666665
05-18 14:42:30.528 E/GPSManager( 4722): Location changed : Lat: 40.00125 Lng: 105.56358166666665
05-18 14:42:31.538 E/GPSManager( 4722): Location changed : Lat: 40.00125 Lng: 105.56358166666665
05-18 14:42:32.558 E/GPSManager( 4722): Location changed : Lat: 40.00125 Lng: 105.56358166666665
05-18 14:42:33.548 E/GPSManager( 4722): Location changed : Lat: 40.00125 Lng: 105.56358166666665
05-18 14:42:34.568 E/GPSManager( 4722): Location changed : Lat: 40.00125 Lng: 105.56358166666665
05-18 14:42:35.558 E/GPSManager( 4722): Location changed : Lat: 40.00125 Lng: 105.56358166666665
05-18 14:42:36.558 E/GPSManager( 4722): Location changed : Lat: 40.00125 Lng: 105.56358166666665
05-18 14:42:37.588 E/GPSManager( 4722): Location changed : Lat: 40.00125 Lng: 105.56358166666665
05-18 14:42:38.598 E/GPSManager( 4722): Location changed : Lat: 40.00125 Lng: 105.56358166666665
05-18 14:42:39.608 E/GPSManager( 4722): Location changed : Lat: 40.00125 Lng: 105.56358166666665
05-18 14:42:40.608 E/GPSManager( 4722): Location changed : Lat: 40.00125 Lng: 105.56358166666665
05-18 14:42:41.608 E/GPSManager( 4722): Location changed : Lat: 40.00125 Lng: 105.56358166666665
05-18 14:42:42.628 E/GPSManager( 4722): Location changed : Lat: 40.00125 Lng: 105.56358166666665
05-18 14:42:43.628 E/GPSManager( 4722): Location changed : Lat: 40.00125 Lng: 105.56358166666665
05-18 14:42:44.638 E/GPSManager( 4722): Location changed : Lat: 40.00125 Lng: 105.56358166666665
05-18 14:42:45.638 E/GPSManager( 4722): Location changed : Lat: 40.00125 Lng: 105.56358166666665
05-18 14:42:46.648 E/GPSManager( 4722): Location changed : Lat: 40.00125 Lng: 105.56358166666665
05-18 14:42:47.648 E/GPSManager( 4722): Location changed : Lat: 40.00125 Lng: 105.56358166666665
05-18 14:42:48.648 E/GPSManager( 4722): Location changed : Lat: 40.00125 Lng: 105.56358166666665
05-18 14:42:49.658 E/GPSManager( 4722): Location changed : Lat: 40.00125 Lng: 105.56358166666665
05-18 14:42:50.658 E/GPSManager( 4722): Location changed : Lat: 40.00125 Lng: 105.56358166666665
05-18 14:42:51.668 E/GPSManager( 4722): Location changed : Lat: 40.00125 Lng: 105.56358166666665
05-18 14:42:52.678 E/GPSManager( 4722): Location changed : Lat: 40.00125 Lng: 105.56358166666665
05-18 14:42:53.728 E/GPSManager( 4722): Location changed : Lat: 40.00125 Lng: 105.56358166666665
05-18 14:42:54.688 E/GPSManager( 4722): Location changed : Lat: 40.00125 Lng: 105.56358166666665
05-18 14:42:55.708 E/GPSManager( 4722): Location changed : Lat: 40.00125 Lng: 105.56358166666665
05-18 14:42:56.728 E/GPSManager( 4722): Location changed : Lat: 40.00125 Lng: 105.56358166666665
05-18 14:42:57.718 E/GPSManager( 4722): Location changed : Lat: 40.00125 Lng: 105.56358166666665
05-18 14:42:58.728 E/GPSManager( 4722): Location changed : Lat: 40.00125 Lng: 105.56358166666665
05-18 14:42:59.728 E/GPSManager( 4722): Location changed : Lat: 40.00125 Lng: 105.56358166666665
05-18 14:43:00.738 E/GPSManager( 4722): Location changed : Lat: 40.00125 Lng: 105.56358166666665
05-18 14:43:01.748 E/GPSManager( 4722): Location changed : Lat: 40.00125 Lng: 105.56358166666665
05-18 14:43:02.758 E/GPSManager( 4722): Location changed : Lat: 40.00125 Lng: 105.56358166666665
05-18 14:43:03.758 E/GPSManager( 4722): Location changed : Lat: 40.00125 Lng: 105.56358166666665
05-18 14:43:04.778 E/GPSManager( 4722): Location changed : Lat: 40.00125 Lng: 105.56358166666665
05-18 14:43:05.768 E/GPSManager( 4722): Location changed : Lat: 40.00125 Lng: 105.56358166666665
05-18 14:43:06.768 E/GPSManager( 4722): Location changed : Lat: 40.00125 Lng: 105.56358166666665
05-18 14:43:07.808 E/GPSManager( 4722): Location changed : Lat: 40.00125 Lng: 105.56358166666665
05-18 14:43:08.808 E/GPSManager( 4722): Location changed : Lat: 40.00125 Lng: 105.56358166666665
05-18 14:43:09.798 E/GPSManager( 4722): Location changed : Lat: 40.00125 Lng: 105.56358166666665
05-18 14:43:10.808 E/GPSManager( 4722): Location changed : Lat: 40.00125 Lng: 105.56358166666665
05-18 14:43:11.838 E/GPSManager( 4722): Location changed : Lat: 40.00125 Lng: 105.56358166666665
05-18 14:43:12.848 E/GPSManager( 4722): Location changed : Lat: 40.00125 Lng: 105.56358166666665
05-18 14:43:13.858 E/GPSManager( 4722): Location changed : Lat: 40.00125 Lng: 105.56358166666665
05-18 14:43:14.858 E/GPSManager( 4722): Location changed : Lat: 40.00125 Lng: 105.56358166666665
05-18 14:43:15.858 E/GPSManager( 4722): Location changed : Lat: 40.00125 Lng: 105.56358166666665
05-18 14:43:16.858 E/GPSManager( 4722): Location changed : Lat: 40.00125 Lng: 105.56358166666665
05-18 14:43:17.888 E/GPSManager( 4722): Location changed : Lat: 40.00125 Lng: 105.56358166666665
05-18 14:43:18.898 E/GPSManager( 4722): Location changed : Lat: 40.00125 Lng: 105.56358166666665
05-18 14:43:19.918 E/GPSManager( 4722): Location changed : Lat: 40.00125 Lng: 105.56358166666665
05-18 14:43:20.918 E/GPSManager( 4722): Location changed : Lat: 40.00125 Lng: 105.56358166666665
05-18 14:43:21.918 E/GPSManager( 4722): Location changed : Lat: 40.00125 Lng: 105.56358166666665
05-18 14:43:22.938 E/GPSManager( 4722): Location changed : Lat: 40.00125 Lng: 105.56358166666665
05-18 14:43:23.938 E/GPSManager( 4722): Location changed : Lat: 40.00125 Lng: 105.56358166666665
05-18 14:43:24.928 E/GPSManager( 4722): Location changed : Lat: 40.00125 Lng: 105.56358166666665
05-18 14:43:25.928 E/GPSManager( 4722): Location changed : Lat: 40.00125 Lng: 105.56358166666665
05-18 14:43:26.938 E/GPSManager( 4722): Location changed : Lat: 40.00125 Lng: 105.56358166666665
05-18 14:43:27.948 E/GPSManager( 4722): Location changed : Lat: 40.00125 Lng: 105.56358166666665
05-18 14:43:28.948 E/GPSManager( 4722): Location changed : Lat: 40.00125 Lng: 105.56358166666665
05-18 14:43:29.968 E/GPSManager( 4722): Location changed : Lat: 40.00125 Lng: 105.56358166666665
05-18 14:43:30.968 E/GPSManager( 4722): Location changed : Lat: 40.00125 Lng: 105.56358166666665
05-18 14:43:31.968 E/GPSManager( 4722): Location changed : Lat: 40.00125 Lng: 105.56358166666665
05-18 14:43:32.978 E/GPSManager( 4722): Location changed : Lat: 40.00125 Lng: 105.56358166666665
05-18 14:43:33.988 E/GPSManager( 4722): Location changed : Lat: 40.00125 Lng: 105.56358166666665
05-18 14:43:35.028 E/GPSManager( 4722): Location changed : Lat: 40.00125 Lng: 105.56358166666665
05-18 14:43:36.048 E/GPSManager( 4722): Location changed : Lat: 40.00125 Lng: 105.56358166666665
05-18 14:43:37.068 E/GPSManager( 4722): Location changed : Lat: 40.00125 Lng: 105.56358166666665
05-18 14:43:38.038 E/GPSManager( 4722): Location changed : Lat: 40.00125 Lng: 105.56358166666665
05-18 14:43:39.048 E/GPSManager( 4722): Location changed : Lat: 40.00125 Lng: 105.56358166666665
05-18 14:43:40.048 E/GPSManager( 4722): Location changed : Lat: 40.00125 Lng: 105.56358166666665
05-18 14:43:41.058 E/GPSManager( 4722): Location changed : Lat: 40.00125 Lng: 105.56358166666665
05-18 14:43:42.058 E/GPSManager( 4722): Location changed : Lat: 40.00125 Lng: 105.56358166666665
05-18 14:43:43.058 E/GPSManager( 4722): Location changed : Lat: 40.00125 Lng: 105.56358166666665
05-18 14:43:44.088 E/GPSManager( 4722): Location changed : Lat: 40.00125 Lng: 105.56358166666665
05-18 14:43:45.088 E/GPSManager( 4722): Location changed : Lat: 40.00125 Lng: 105.56358166666665
05-18 14:43:46.108 E/GPSManager( 4722): Location changed : Lat: 40.00125 Lng: 105.56358166666665
05-18 14:43:47.118 E/GPSManager( 4722): Location changed : Lat: 40.00125 Lng: 105.56358166666665
05-18 14:43:48.138 E/GPSManager( 4722): Location changed : Lat: 40.00125 Lng: 105.56358166666665
05-18 14:43:49.128 E/GPSManager( 4722): Location changed : Lat: 40.00125 Lng: 105.56358166666665
05-18 14:43:50.138 E/GPSManager( 4722): Location changed : Lat: 40.00125 Lng: 105.56358166666665
05-18 14:43:51.158 E/GPSManager( 4722): Location changed : Lat: 40.00125 Lng: 105.56358166666665
05-18 14:43:52.168 E/GPSManager( 4722): Location changed : Lat: 40.00125 Lng: 105.56358166666665
05-18 14:43:53.158 E/GPSManager( 4722): Location changed : Lat: 40.00125 Lng: 105.56358166666665
05-18 14:43:54.158 E/GPSManager( 4722): Location changed : Lat: 40.00125 Lng: 105.56358166666665
05-18 14:43:55.168 E/GPSManager( 4722): Location changed : Lat: 40.00125 Lng: 105.56358166666665
05-18 14:43:56.168 E/GPSManager( 4722): Location changed : Lat: 40.00125 Lng: 105.56358166666665
05-18 14:43:57.178 E/GPSManager( 4722): Location changed : Lat: 40.00125 Lng: 105.56358166666665
05-18 14:43:58.178 E/GPSManager( 4722): Location changed : Lat: 40.00125 Lng: 105.56358166666665
05-18 14:43:59.178 E/GPSManager( 4722): Location changed : Lat: 40.00125 Lng: 105.56358166666665
05-18 14:44:00.188 E/GPSManager( 4722): Location changed : Lat: 40.00125 Lng: 105.56358166666665
05-18 14:44:01.208 E/GPSManager( 4722): Location changed : Lat: 40.00125 Lng: 105.56358166666665
05-18 14:44:02.218 E/GPSManager( 4722): Location changed : Lat: 40.00125 Lng: 105.56358166666665
05-18 14:44:03.268 E/GPSManager( 4722): Location changed : Lat: 40.00125 Lng: 105.56358166666665
05-18 14:44:03.668 E/memtrack( 4938): Couldn't load memtrack module (No such file or directory)
05-18 14:44:03.668 E/android.os.Debug( 4938): failed to load memtrack module: -2
05-18 14:44:03.708 E/cutils-trace( 4938): Error opening trace file: No such file or directory (2)
05-18 14:44:04.218 E/GPSManager( 4722): Location changed : Lat: 40.00125 Lng: 105.56358166666665
05-18 14:44:04.348 E/PlayCommon(  852): [43] com.google.android.play.a.g.a(1054): Failed to connect to server: javax.net.ssl.SSLException: Connection closed by peer
05-18 14:44:05.228 E/GPSManager( 4722): Location changed : Lat: 40.00125 Lng: 105.56358166666665
05-18 14:44:06.228 E/GPSManager( 4722): Location changed : Lat: 40.00125 Lng: 105.56358166666665
05-18 14:44:07.228 E/GPSManager( 4722): Location changed : Lat: 40.00125 Lng: 105.56358166666665
05-18 14:44:08.238 E/GPSManager( 4722): Location changed : Lat: 40.00125 Lng: 105.56358166666665
05-18 14:44:09.248 E/GPSManager( 4722): Location changed : Lat: 40.00125 Lng: 105.56358166666665
05-18 14:44:10.238 E/GPSManager( 4722): Location changed : Lat: 40.00125 Lng: 105.56358166666665
05-18 14:44:11.238 E/GPSManager( 4722): Location changed : Lat: 40.00125 Lng: 105.56358166666665
05-18 14:44:12.248 E/GPSManager( 4722): Location changed : Lat: 40.00125 Lng: 105.56358166666665
05-18 14:44:13.308 E/GPSManager( 4722): Location changed : Lat: 40.00125 Lng: 105.56358166666665
05-18 14:44:14.268 E/GPSManager( 4722): Location changed : Lat: 40.00125 Lng: 105.56358166666665
05-18 14:44:15.288 E/GPSManager( 4722): Location changed : Lat: 40.00125 Lng: 105.56358166666665
05-18 14:44:16.278 E/GPSManager( 4722): Location changed : Lat: 40.00125 Lng: 105.56358166666665
05-18 14:44:17.278 E/GPSManager( 4722): Location changed : Lat: 40.00125 Lng: 105.56358166666665
05-18 14:44:18.288 E/GPSManager( 4722): Location changed : Lat: 40.00125 Lng: 105.56358166666665
05-18 14:44:19.298 E/GPSManager( 4722): Location changed : Lat: 40.00125 Lng: 105.56358166666665
05-18 14:44:20.298 E/GPSManager( 4722): Location changed : Lat: 40.00125 Lng: 105.56358166666665
05-18 14:44:21.318 E/GPSManager( 4722): Location changed : Lat: 40.00125 Lng: 105.56358166666665
05-18 14:44:22.318 E/GPSManager( 4722): Location changed : Lat: 40.00125 Lng: 105.56358166666665
05-18 14:44:23.328 E/GPSManager( 4722): Location changed : Lat: 40.00125 Lng: 105.56358166666665
05-18 14:44:24.328 E/GPSManager( 4722): Location changed : Lat: 40.00125 Lng: 105.56358166666665
05-18 14:44:25.398 E/BandwidthController(  159): Updating quota globalAlert failed (No such file or directory)
05-18 14:44:25.408 E/GPSManager( 4722): Location changed : Lat: 40.00125 Lng: 105.56358166666665
05-18 14:44:25.498 E/ActivityThread(  913): Failed to find provider info for com.google.android.wearable.settings
05-18 14:44:26.378 E/GPSManager( 4722): Location changed : Lat: 40.00125 Lng: 105.56358166666665
05-18 14:44:27.388 E/GPSManager( 4722): Location changed : Lat: 40.00125 Lng: 105.56358166666665
05-18 14:44:28.378 E/GPSManager( 4722): Location changed : Lat: 40.00125 Lng: 105.56358166666665
05-18 14:44:29.378 E/GPSManager( 4722): Location changed : Lat: 40.00125 Lng: 105.56358166666665
05-18 14:44:30.398 E/GPSManager( 4722): Location changed : Lat: 40.00125 Lng: 105.56358166666665
05-18 14:44:31.388 E/GPSManager( 4722): Location changed : Lat: 40.00125 Lng: 105.56358166666665
05-18 14:44:32.398 E/GPSManager( 4722): Location changed : Lat: 40.00125 Lng: 105.56358166666665
05-18 14:44:33.418 E/GPSManager( 4722): Location changed : Lat: 40.00125 Lng: 105.56358166666665
05-18 14:44:34.408 E/GPSManager( 4722): Location changed : Lat: 40.00125 Lng: 105.56358166666665
05-18 14:44:35.408 E/GPSManager( 4722): Location changed : Lat: 40.00125 Lng: 105.56358166666665
05-18 14:44:36.428 E/GPSManager( 4722): Location changed : Lat: 40.00125 Lng: 105.56358166666665
05-18 14:44:37.438 E/GPSManager( 4722): Location changed : Lat: 40.00125 Lng: 105.56358166666665
05-18 14:44:38.438 E/GPSManager( 4722): Location changed : Lat: 40.00125 Lng: 105.56358166666665
05-18 14:44:39.458 E/GPSManager( 4722): Location changed : Lat: 40.00125 Lng: 105.56358166666665
05-18 14:44:40.558 E/GPSManager( 4722): Location changed : Lat: 40.00125 Lng: 105.56358166666665
05-18 14:44:41.468 E/GPSManager( 4722): Location changed : Lat: 40.00125 Lng: 105.56358166666665
05-18 14:44:42.528 E/GPSManager( 4722): Location changed : Lat: 40.00125 Lng: 105.56358166666665
05-18 14:44:43.478 E/GPSManager( 4722): Location changed : Lat: 40.00125 Lng: 105.56358166666665
05-18 14:44:44.538 E/GPSManager( 4722): Location changed : Lat: 40.00125 Lng: 105.56358166666665
05-18 14:44:45.528 E/GPSManager( 4722): Location changed : Lat: 40.00125 Lng: 105.56358166666665
05-18 14:44:46.508 E/GPSManager( 4722): Location changed : Lat: 40.00125 Lng: 105.56358166666665
05-18 14:44:47.528 E/GPSManager( 4722): Location changed : Lat: 40.00125 Lng: 105.56358166666665
05-18 14:44:48.508 E/GPSManager( 4722): Location changed : Lat: 40.00125 Lng: 105.56358166666665
05-18 14:44:49.518 E/GPSManager( 4722): Location changed : Lat: 40.00125 Lng: 105.56358166666665
05-18 14:44:50.548 E/GPSManager( 4722): Location changed : Lat: 40.00125 Lng: 105.56358166666665
05-18 14:44:51.528 E/GPSManager( 4722): Location changed : Lat: 40.00125 Lng: 105.56358166666665
05-18 14:44:52.538 E/GPSManager( 4722): Location changed : Lat: 40.00125 Lng: 105.56358166666665
05-18 14:44:53.548 E/GPSManager( 4722): Location changed : Lat: 40.00125 Lng: 105.56358166666665
05-18 14:44:54.578 E/GPSManager( 4722): Location changed : Lat: 40.00125 Lng: 105.56358166666665
05-18 14:44:55.578 E/GPSManager( 4722): Location changed : Lat: 40.00125 Lng: 105.56358166666665
05-18 14:44:56.568 E/GPSManager( 4722): Location changed : Lat: 40.00125 Lng: 105.56358166666665
05-18 14:44:57.598 E/GPSManager( 4722): Location changed : Lat: 40.00125 Lng: 105.56358166666665
05-18 14:44:58.588 E/GPSManager( 4722): Location changed : Lat: 40.00125 Lng: 105.56358166666665
05-18 14:44:59.608 E/GPSManager( 4722): Location changed : Lat: 40.00125 Lng: 105.56358166666665
05-18 14:45:00.598 E/GPSManager( 4722): Location changed : Lat: 40.00125 Lng: 105.56358166666665
05-18 14:45:01.598 E/GPSManager( 4722): Location changed : Lat: 40.00125 Lng: 105.56358166666665
05-18 14:45:02.628 E/GPSManager( 4722): Location changed : Lat: 40.00125 Lng: 105.56358166666665
05-18 14:45:03.618 E/GPSManager( 4722): Location changed : Lat: 40.00125 Lng: 105.56358166666665
05-18 14:45:04.728 E/GPSManager( 4722): Location changed : Lat: 40.00125 Lng: 105.56358166666665
05-18 14:45:05.668 E/GPSManager( 4722): Location changed : Lat: 40.00125 Lng: 105.56358166666665
05-18 14:45:06.678 E/GPSManager( 4722): Location changed : Lat: 40.00125 Lng: 105.56358166666665
05-18 14:45:07.688 E/GPSManager( 4722): Location changed : Lat: 40.00125 Lng: 105.56358166666665
05-18 14:45:08.698 E/GPSManager( 4722): Location changed : Lat: 40.00125 Lng: 105.56358166666665
05-18 14:45:09.688 E/GPSManager( 4722): Location changed : Lat: 40.00125 Lng: 105.56358166666665
05-18 14:45:10.688 E/GPSManager( 4722): Location changed : Lat: 40.00125 Lng: 105.56358166666665
05-18 14:45:11.708 E/GPSManager( 4722): Location changed : Lat: 40.00125 Lng: 105.56358166666665
05-18 14:45:12.698 E/GPSManager( 4722): Location changed : Lat: 40.00125 Lng: 105.56358166666665
05-18 14:45:13.718 E/GPSManager( 4722): Location changed : Lat: 40.00125 Lng: 105.56358166666665
05-18 14:45:14.728 E/GPSManager( 4722): Location changed : Lat: 40.00125 Lng: 105.56358166666665
05-18 14:45:15.748 E/GPSManager( 4722): Location changed : Lat: 40.00125 Lng: 105.56358166666665
05-18 14:45:16.738 E/GPSManager( 4722): Location changed : Lat: 40.00125 Lng: 105.56358166666665
05-18 14:45:17.748 E/GPSManager( 4722): Location changed : Lat: 40.00125 Lng: 105.56358166666665
05-18 14:45:18.768 E/GPSManager( 4722): Location changed : Lat: 40.00125 Lng: 105.56358166666665
05-18 14:45:19.758 E/GPSManager( 4722): Location changed : Lat: 40.00125 Lng: 105.56358166666665
05-18 14:45:20.758 E/GPSManager( 4722): Location changed : Lat: 40.00125 Lng: 105.56358166666665
05-18 14:45:21.758 E/GPSManager( 4722): Location changed : Lat: 40.00125 Lng: 105.56358166666665
05-18 14:45:22.768 E/GPSManager( 4722): Location changed : Lat: 40.00125 Lng: 105.56358166666665
05-18 14:45:23.798 E/GPSManager( 4722): Location changed : Lat: 40.00125 Lng: 105.56358166666665
05-18 14:45:24.798 E/GPSManager( 4722): Location changed : Lat: 40.00125 Lng: 105.56358166666665
05-18 14:45:25.788 E/GPSManager( 4722): Location changed : Lat: 40.00125 Lng: 105.56358166666665
05-18 14:45:26.798 E/GPSManager( 4722): Location changed : Lat: 40.00125 Lng: 105.56358166666665
05-18 14:45:27.828 E/GPSManager( 4722): Location changed : Lat: 40.00125 Lng: 105.56358166666665
05-18 14:45:28.818 E/GPSManager( 4722): Location changed : Lat: 40.00125 Lng: 105.56358166666665
05-18 14:45:29.838 E/GPSManager( 4722): Location changed : Lat: 40.00125 Lng: 105.56358166666665
05-18 14:45:30.878 E/GPSManager( 4722): Location changed : Lat: 40.00125 Lng: 105.56358166666665
05-18 14:45:31.878 E/GPSManager( 4722): Location changed : Lat: 40.00125 Lng: 105.56358166666665
05-18 14:45:32.888 E/GPSManager( 4722): Location changed : Lat: 40.00125 Lng: 105.56358166666665
05-18 14:45:33.898 E/GPSManager( 4722): Location changed : Lat: 40.00125 Lng: 105.56358166666665
05-18 14:45:34.898 E/GPSManager( 4722): Location changed : Lat: 40.00125 Lng: 105.56358166666665
05-18 14:45:35.928 E/GPSManager( 4722): Location changed : Lat: 40.00125 Lng: 105.56358166666665
05-18 14:45:36.928 E/GPSManager( 4722): Location changed : Lat: 40.00125 Lng: 105.56358166666665
05-18 14:45:37.948 E/GPSManager( 4722): Location changed : Lat: 40.00125 Lng: 105.56358166666665
05-18 14:45:38.938 E/GPSManager( 4722): Location changed : Lat: 40.00125 Lng: 105.56358166666665
05-18 14:45:39.968 E/GPSManager( 4722): Location changed : Lat: 40.00125 Lng: 105.56358166666665
05-18 14:45:40.978 E/GPSManager( 4722): Location changed : Lat: 40.00125 Lng: 105.56358166666665
05-18 14:45:41.968 E/GPSManager( 4722): Location changed : Lat: 40.00125 Lng: 105.56358166666665
05-18 14:45:42.978 E/GPSManager( 4722): Location changed : Lat: 40.00125 Lng: 105.56358166666665
05-18 14:45:43.998 E/GPSManager( 4722): Location changed : Lat: 40.00125 Lng: 105.56358166666665
05-18 14:45:44.988 E/GPSManager( 4722): Location changed : Lat: 40.00125 Lng: 105.56358166666665
