--------- beginning of system
--------- beginning of main
05-18 11:43:44.829 E/WifiTrafficPoller(  851): TRAFFIC_STATS_POLL true Token 2644 num clients 19
05-18 11:43:44.829 E/WifiTrafficPoller(  851):  packet count Tx=1842904 Rx=6022950
05-18 11:43:44.829 E/WifiTrafficPoller(  851): notifying of data activity 1
05-18 11:43:45.083 E/WifiStateMachine(  851):  ConnectedState (when=-3ms what=131155 arg1=591!CMD_RSSI_POLL 591 0 "BOCO-office" 94:b4:0f:68:a4:b1 rssi=-52 f=5785 sc=80 link=135 tx=1.9, 0.0, 0.0  rx=63.1 bcn=0 [on:0 tx:0 rx:0 period:3001] from screen [on:0 period:617584155] gl rssi=-52 ag=0 hr ticks 314,77,51 ls-=0 [56,56,56,56,61] brc=0 lrc=0
05-18 11:43:45.084 E/WifiStateMachine(  851):  L2ConnectedState (when=-4ms what=131155 arg1=591!CMD_RSSI_POLL 591 0 "BOCO-office" 94:b4:0f:68:a4:b1 rssi=-52 f=5785 sc=80 link=135 tx=1.9, 0.0, 0.0  rx=63.1 bcn=0 [on:0 tx:0 rx:0 period:1] from screen [on:0 period:617584156] gl rssi=-52 ag=0 hr ticks 314,77,51 ls-=0 [56,56,56,56,61] brc=0 lrc=0
05-18 11:43:45.085 E/WifiStateMachine(  851):  get link layer stats 0
05-18 11:43:45.087 E/WifiStateMachine(  851): calculateWifiScore() we set wifi's score to 1000, so will always set wifi as a default network.
05-18 11:43:45.831 E/WifiTrafficPoller(  851): TRAFFIC_STATS_POLL true Token 2644 num clients 19
05-18 11:43:45.832 E/WifiTrafficPoller(  851):  packet count Tx=1842905 Rx=6022968
05-18 11:43:45.832 E/WifiTrafficPoller(  851): notifying of data activity 3
05-18 11:43:46.353 E/SQLiteLog( 2161): (284) automatic index on sqlite_sq_7F92C09D00(raw_contact_id)
05-18 11:43:46.357 E/DrmMtkUtil/DrmUtil(  323): checkDcf: not dcf type, dcf version value [79]
05-18 11:43:46.357 E/Cta5File(  323): Cta5File::isCta5NormalFile false, bad magic:OggS
05-18 11:43:46.357 E/Cta5File(  323): Cta5File::isCta5MultimediaFile false, bad magic:1RПрв
05-18 11:43:46.357 E/DrmMtkUtil/DrmUtil(  323): checkDcf: not dcf type, dcf version value [79]
05-18 11:43:46.360 E/SQLiteLog( 2161): (284) automatic index on sqlite_sq_7F92C09C00(raw_contact_id)
05-18 11:43:46.362 E/DrmCtaPlugIn(  322): [ERROR]onOpenDecryptSession - The key is not set by user
05-18 11:43:46.362 E/DrmMtkUtil/DrmUtil(  322): parseDcf: not dcf type, dcf version value [79]
05-18 11:43:46.362 E/DrmMtkPlugIn(  322): onOpenDecryptSession() : failed to parse dcf file.
05-18 11:43:46.371 E/AsfParser(  323): unknown object: 5367674f-200-0-0000000000009c7e, 22240 bytes
05-18 11:43:46.371 E/AsfParser(  323): error parsing header: -6
05-18 11:43:46.375 E/SQLiteLog( 2161): (284) automatic index on sqlite_sq_7F930B5B80(raw_contact_id)
05-18 11:43:46.383 E/SQLiteLog( 2161): (284) automatic index on sqlite_sq_7F930B5880(raw_contact_id)
05-18 11:43:46.389 E/OMXNodeInstance(  323): getParameter(ae0:google.vorbis.decoder, ??(0x7f200406)) ERROR: UnsupportedIndex(0x8000101a)
05-18 11:43:46.402 E/SQLiteLog( 2161): (284) automatic index on sqlite_sq_7F930B5C80(raw_contact_id)
05-18 11:43:46.470 E/SQLiteLog( 2161): (284) automatic index on sqlite_sq_7F930B5480(raw_contact_id)
05-18 11:43:46.509 E/SQLiteLog( 2161): (284) automatic index on sqlite_sq_7F930E6500(raw_contact_id)
05-18 11:43:46.516 E/SQLiteLog( 2161): (284) automatic index on sqlite_sq_7F930E6500(raw_contact_id)
05-18 11:43:46.532 E/SQLiteLog( 2161): (284) automatic index on sqlite_sq_7F930E6B00(raw_contact_id)
05-18 11:43:46.539 E/SQLiteLog( 2161): (284) automatic index on sqlite_sq_7F930E7080(raw_contact_id)
05-18 11:43:46.553 E/SQLiteLog( 2161): (284) automatic index on sqlite_sq_7F92C38200(raw_contact_id)
05-18 11:43:46.560 E/SQLiteLog( 2161): (284) automatic index on sqlite_sq_7F92C38480(raw_contact_id)
05-18 11:43:46.576 E/SQLiteLog( 2161): (284) automatic index on sqlite_sq_7F92C38A80(raw_contact_id)
05-18 11:43:46.583 E/SQLiteLog( 2161): (284) automatic index on sqlite_sq_7F92C38280(raw_contact_id)
05-18 11:43:46.601 E/SQLiteLog( 2161): (284) automatic index on sqlite_sq_7F92C38E00(raw_contact_id)
05-18 11:43:46.609 E/SQLiteLog( 2161): (284) automatic index on sqlite_sq_7F92C38C80(raw_contact_id)
05-18 11:43:46.623 E/SQLiteLog( 2161): (284) automatic index on sqlite_sq_7F930E7980(raw_contact_id)
05-18 11:43:46.631 E/SQLiteLog( 2161): (284) automatic index on sqlite_sq_7F930E6F80(raw_contact_id)
05-18 11:43:46.648 E/SQLiteLog( 2161): (284) automatic index on sqlite_sq_7F92C39000(raw_contact_id)
05-18 11:43:46.657 E/SQLiteLog( 2161): (284) automatic index on sqlite_sq_7F92C38D00(raw_contact_id)
05-18 11:43:46.679 E/SQLiteLog( 2161): (284) automatic index on sqlite_sq_7F930E7E80(raw_contact_id)
05-18 11:43:46.711 E/SQLiteLog( 2161): (284) automatic index on sqlite_sq_7F930E7900(raw_contact_id)
05-18 11:43:46.719 E/SQLiteLog( 2161): (284) automatic index on sqlite_sq_7F930E6F80(raw_contact_id)
05-18 11:43:46.735 E/SQLiteLog( 2161): (284) automatic index on sqlite_sq_7F92C39100(raw_contact_id)
05-18 11:43:46.742 E/SQLiteLog( 2161): (284) automatic index on sqlite_sq_7F92C38C00(raw_contact_id)
05-18 11:43:46.757 E/SQLiteLog( 2161): (284) automatic index on sqlite_sq_7F92C38F00(raw_contact_id)
05-18 11:43:46.765 E/SQLiteLog( 2161): (284) automatic index on sqlite_sq_7F92C38480(raw_contact_id)
05-18 11:43:46.783 E/SQLiteLog( 2161): (284) automatic index on sqlite_sq_7F92C39700(raw_contact_id)
05-18 11:43:46.790 E/SQLiteLog( 2161): (284) automatic index on sqlite_sq_7F92C38480(raw_contact_id)
05-18 11:43:46.806 E/SQLiteLog( 2161): (284) automatic index on sqlite_sq_7F931B5480(raw_contact_id)
05-18 11:43:46.814 E/SQLiteLog( 2161): (284) automatic index on sqlite_sq_7F930E7480(raw_contact_id)
05-18 11:43:46.830 E/SQLiteLog( 2161): (284) automatic index on sqlite_sq_7F92C39D00(raw_contact_id)
05-18 11:43:46.833 E/WifiTrafficPoller(  851): TRAFFIC_STATS_POLL true Token 2644 num clients 19
05-18 11:43:46.834 E/WifiTrafficPoller(  851):  packet count Tx=1842906 Rx=6022984
05-18 11:43:46.839 E/SQLiteLog( 2161): (284) automatic index on sqlite_sq_7F92C39480(raw_contact_id)
05-18 11:43:46.856 E/SQLiteLog( 2161): (284) automatic index on sqlite_sq_7F931B5500(raw_contact_id)
05-18 11:43:46.863 E/SQLiteLog( 2161): (284) automatic index on sqlite_sq_7F930E7B00(raw_contact_id)
05-18 11:43:46.883 E/SQLiteLog( 2161): (284) automatic index on sqlite_sq_7F931B5700(raw_contact_id)
05-18 11:43:46.891 E/SQLiteLog( 2161): (284) automatic index on sqlite_sq_7F930E6D00(raw_contact_id)
05-18 11:43:46.907 E/SQLiteLog( 2161): (284) automatic index on sqlite_sq_7F931B5B00(raw_contact_id)
05-18 11:43:46.914 E/SQLiteLog( 2161): (284) automatic index on sqlite_sq_7F931B5680(raw_contact_id)
05-18 11:43:46.928 E/SQLiteLog( 2161): (284) automatic index on sqlite_sq_7F9EA9C380(raw_contact_id)
05-18 11:43:46.934 E/SQLiteLog( 2161): (284) automatic index on sqlite_sq_7F92C39E80(raw_contact_id)
05-18 11:43:46.947 E/SQLiteLog( 2161): (284) automatic index on sqlite_sq_7F9EA9C980(raw_contact_id)
05-18 11:43:46.954 E/SQLiteLog( 2161): (284) automatic index on sqlite_sq_7F9EA9C400(raw_contact_id)
05-18 11:43:46.966 E/SQLiteLog( 2161): (284) automatic index on sqlite_sq_7F9EA9CB80(raw_contact_id)
05-18 11:43:46.973 E/SQLiteLog( 2161): (284) automatic index on sqlite_sq_7F92C39F80(raw_contact_id)
05-18 11:43:46.986 E/SQLiteLog( 2161): (284) automatic index on sqlite_sq_7F931B6180(raw_contact_id)
05-18 11:43:46.993 E/SQLiteLog( 2161): (284) automatic index on sqlite_sq_7F931B5A80(raw_contact_id)
05-18 11:43:47.006 E/SQLiteLog( 2161): (284) automatic index on sqlite_sq_7F9EA9CD80(raw_contact_id)
05-18 11:43:47.012 E/SQLiteLog( 2161): (284) automatic index on sqlite_sq_7F9EA9CA00(raw_contact_id)
05-18 11:43:47.025 E/SQLiteLog( 2161): (284) automatic index on sqlite_sq_7F931B6300(raw_contact_id)
05-18 11:43:47.032 E/SQLiteLog( 2161): (284) automatic index on sqlite_sq_7F931B5F00(raw_contact_id)
05-18 11:43:47.045 E/SQLiteLog( 2161): (284) automatic index on sqlite_sq_7F931B6100(raw_contact_id)
05-18 11:43:47.052 E/SQLiteLog( 2161): (284) automatic index on sqlite_sq_7F931B5180(raw_contact_id)
05-18 11:43:47.064 E/SQLiteLog( 2161): (284) automatic index on sqlite_sq_7F931B6400(raw_contact_id)
05-18 11:43:47.071 E/SQLiteLog( 2161): (284) automatic index on sqlite_sq_7F931B5580(raw_contact_id)
05-18 11:43:47.084 E/SQLiteLog( 2161): (284) automatic index on sqlite_sq_7F9EA9CE00(raw_contact_id)
05-18 11:43:47.090 E/SQLiteLog( 2161): (284) automatic index on sqlite_sq_7F92C39C80(raw_contact_id)
05-18 11:43:47.103 E/SQLiteLog( 2161): (284) automatic index on sqlite_sq_7F9EA9D080(raw_contact_id)
05-18 11:43:47.109 E/SQLiteLog( 2161): (284) automatic index on sqlite_sq_7F9EA9C580(raw_contact_id)
05-18 11:43:47.123 E/SQLiteLog( 2161): (284) automatic index on sqlite_sq_7F9EA9D200(raw_contact_id)
05-18 11:43:47.130 E/SQLiteLog( 2161): (284) automatic index on sqlite_sq_7F9EA9CF00(raw_contact_id)
05-18 11:43:47.143 E/SQLiteLog( 2161): (284) automatic index on sqlite_sq_7F931B6580(raw_contact_id)
05-18 11:43:47.149 E/SQLiteLog( 2161): (284) automatic index on sqlite_sq_7F931B5780(raw_contact_id)
05-18 11:43:47.162 E/SQLiteLog( 2161): (284) automatic index on sqlite_sq_7F9EA9D380(raw_contact_id)
05-18 11:43:47.168 E/SQLiteLog( 2161): (284) automatic index on sqlite_sq_7F9EA9CC80(raw_contact_id)
05-18 11:43:47.181 E/SQLiteLog( 2161): (284) automatic index on sqlite_sq_7F931B6880(raw_contact_id)
05-18 11:43:47.188 E/SQLiteLog( 2161): (284) automatic index on sqlite_sq_7F931B6500(raw_contact_id)
05-18 11:43:47.200 E/SQLiteLog( 2161): (284) automatic index on sqlite_sq_7F931B6A80(raw_contact_id)
05-18 11:43:47.207 E/SQLiteLog( 2161): (284) automatic index on sqlite_sq_7F931B6600(raw_contact_id)
05-18 11:43:47.219 E/SQLiteLog( 2161): (284) automatic index on sqlite_sq_7F931B6D00(raw_contact_id)
05-18 11:43:47.226 E/SQLiteLog( 2161): (284) automatic index on sqlite_sq_7F931B6B00(raw_contact_id)
05-18 11:43:47.239 E/SQLiteLog( 2161): (284) automatic index on sqlite_sq_7F9EA9D400(raw_contact_id)
05-18 11:43:47.245 E/SQLiteLog( 2161): (284) automatic index on sqlite_sq_7F9EA9CC80(raw_contact_id)
05-18 11:43:47.258 E/SQLiteLog( 2161): (284) automatic index on sqlite_sq_7F9EA9D500(raw_contact_id)
05-18 11:43:47.264 E/SQLiteLog( 2161): (284) automatic index on sqlite_sq_7F9EA9C180(raw_contact_id)
05-18 11:43:47.277 E/SQLiteLog( 2161): (284) automatic index on sqlite_sq_7F9EA9D780(raw_contact_id)
05-18 11:43:47.284 E/SQLiteLog( 2161): (284) automatic index on sqlite_sq_7F9EA9D280(raw_contact_id)
05-18 11:43:47.296 E/SQLiteLog( 2161): (284) automatic index on sqlite_sq_7F931B6C00(raw_contact_id)
05-18 11:43:47.303 E/SQLiteLog( 2161): (284) automatic index on sqlite_sq_7F931B6600(raw_contact_id)
05-18 11:43:47.354 E/SQLiteLog( 2161): (284) automatic index on sqlite_sq_7F92C38100(raw_contact_id)
05-18 11:43:47.361 E/SQLiteLog( 2161): (284) automatic index on sqlite_sq_7F92C09080(raw_contact_id)
05-18 11:43:47.376 E/SQLiteLog( 2161): (284) automatic index on sqlite_sq_7F930B5380(raw_contact_id)
05-18 11:43:47.382 E/SQLiteLog( 2161): (284) automatic index on sqlite_sq_7F930B5380(raw_contact_id)
05-18 11:43:47.385 E/Mms/CacheDelay( 7538): -->preferences is not null, slotId = 0, retval = true
05-18 11:43:47.385 E/Mms/CacheDelay( 7538): -->sim1 ready state : true
05-18 11:43:47.396 E/SQLiteLog( 2161): (284) automatic index on sqlite_sq_7F930B4500(STAT_DATA_ID)
05-18 11:43:47.399 E/SQLiteLog( 2161): (284) automatic index on sqlite_sq_7F930B5080(STAT_DATA_ID)
05-18 11:43:47.402 E/SQLiteLog( 2161): (284) automatic index on sqlite_sq_7F930B5280(STAT_DATA_ID)
05-18 11:43:47.404 E/SQLiteLog( 2161): (284) automatic index on sqlite_sq_7F930B5580(STAT_DATA_ID)
05-18 11:43:47.677 E/SQLiteLog( 2161): (284) automatic index on sqlite_sq_7F930B5E00(raw_contact_id)
05-18 11:43:47.683 E/SQLiteLog( 2161): (284) automatic index on sqlite_sq_7F930B5900(raw_contact_id)
05-18 11:43:47.696 E/SQLiteLog( 2161): (284) automatic index on sqlite_sq_7F92C38480(raw_contact_id)
05-18 11:43:47.716 E/SQLiteLog( 2161): (284) automatic index on sqlite_sq_7F92C38700(raw_contact_id)
05-18 11:43:47.722 E/SQLiteLog( 2161): (284) automatic index on sqlite_sq_7F92C09E80(raw_contact_id)
05-18 11:43:47.734 E/SQLiteLog( 2161): (284) automatic index on sqlite_sq_7F92C38C80(raw_contact_id)
05-18 11:43:47.751 E/SQLiteLog( 2161): (284) automatic index on sqlite_sq_7F92C39000(raw_contact_id)
05-18 11:43:47.757 E/SQLiteLog( 2161): (284) automatic index on sqlite_sq_7F92C38C80(raw_contact_id)
05-18 11:43:47.771 E/SQLiteLog( 2161): (284) automatic index on sqlite_sq_7F92C39400(raw_contact_id)
05-18 11:43:47.777 E/SQLiteLog( 2161): (284) automatic index on sqlite_sq_7F92C38880(raw_contact_id)
05-18 11:43:47.790 E/SQLiteLog( 2161): (284) automatic index on sqlite_sq_7F92C39A00(raw_contact_id)
05-18 11:43:47.796 E/SQLiteLog( 2161): (284) automatic index on sqlite_sq_7F92C39580(raw_contact_id)
05-18 11:43:47.809 E/SQLiteLog( 2161): (284) automatic index on sqlite_sq_7F92C39D80(raw_contact_id)
05-18 11:43:47.815 E/SQLiteLog( 2161): (284) automatic index on sqlite_sq_7F92C39B00(raw_contact_id)
05-18 11:43:47.828 E/SQLiteLog( 2161): (284) automatic index on sqlite_sq_7F930E6600(raw_contact_id)
05-18 11:43:47.834 E/SQLiteLog( 2161): (284) automatic index on sqlite_sq_7F930B5A80(raw_contact_id)
05-18 11:43:47.835 E/WifiTrafficPoller(  851): TRAFFIC_STATS_POLL true Token 2644 num clients 19
05-18 11:43:47.835 E/WifiTrafficPoller(  851):  packet count Tx=1842906 Rx=6022994
05-18 11:43:47.835 E/WifiTrafficPoller(  851): notifying of data activity 1
05-18 11:43:47.889 E/SQLiteLog( 2161): (284) automatic index on sqlite_sq_7F930E6D80(raw_contact_id)
05-18 11:43:47.897 E/SQLiteLog( 2161): (284) automatic index on sqlite_sq_7F930E6B00(raw_contact_id)
05-18 11:43:47.910 E/SQLiteLog( 2161): (284) automatic index on sqlite_sq_7F9EA9C280(raw_contact_id)
05-18 11:43:47.917 E/SQLiteLog( 2161): (284) automatic index on sqlite_sq_7F92C39980(raw_contact_id)
05-18 11:43:47.929 E/SQLiteLog( 2161): (284) automatic index on sqlite_sq_7F930E7180(raw_contact_id)
05-18 11:43:47.940 E/SQLiteLog( 2161): (284) automatic index on sqlite_sq_7F930E6B00(raw_contact_id)
05-18 11:43:47.952 E/SQLiteLog( 2161): (284) automatic index on sqlite_sq_7F9EA9C500(raw_contact_id)
05-18 11:43:47.959 E/SQLiteLog( 2161): (284) automatic index on sqlite_sq_7F92C39C80(raw_contact_id)
05-18 11:43:47.972 E/SQLiteLog( 2161): (284) automatic index on sqlite_sq_7F930E7500(raw_contact_id)
05-18 11:43:47.978 E/SQLiteLog( 2161): (284) automatic index on sqlite_sq_7F930E6B00(raw_contact_id)
05-18 11:43:47.991 E/SQLiteLog( 2161): (284) automatic index on sqlite_sq_7F930E7980(raw_contact_id)
05-18 11:43:47.998 E/SQLiteLog( 2161): (284) automatic index on sqlite_sq_7F930E6C00(raw_contact_id)
05-18 11:43:48.012 E/SQLiteLog( 2161): (284) automatic index on sqlite_sq_7F9EA9C900(raw_contact_id)
05-18 11:43:48.019 E/SQLiteLog( 2161): (284) automatic index on sqlite_sq_7F9EA9C480(raw_contact_id)
05-18 11:43:48.031 E/SQLiteLog( 2161): (284) automatic index on sqlite_sq_7F9EA9CA00(raw_contact_id)
05-18 11:43:48.038 E/SQLiteLog( 2161): (284) automatic index on sqlite_sq_7F92C39F80(raw_contact_id)
05-18 11:43:48.050 E/SQLiteLog( 2161): (284) automatic index on sqlite_sq_7F930E7C80(raw_contact_id)
05-18 11:43:48.057 E/SQLiteLog( 2161): (284) automatic index on sqlite_sq_7F930E7A80(raw_contact_id)
05-18 11:43:48.069 E/SQLiteLog( 2161): (284) automatic index on sqlite_sq_7F9EA9CE00(raw_contact_id)
05-18 11:43:48.076 E/SQLiteLog( 2161): (284) automatic index on sqlite_sq_7F9EA9C980(raw_contact_id)
05-18 11:43:48.088 E/WifiStateMachine(  851):  ConnectedState (when=-1ms what=131155 arg1=591!CMD_RSSI_POLL 591 0 "BOCO-office" 94:b4:0f:68:a4:b1 rssi=-53 f=5785 sc=80 link=135 tx=2.0, 0.0, 0.0  rx=60.0 bcn=0 [on:0 tx:0 rx:0 period:3000] from screen [on:0 period:617587160] gl rssi=-53 ag=0 hr ticks 314,77,51 ls-=0 [56,56,56,56,61] brc=0 lrc=0
05-18 11:43:48.088 E/SQLiteLog( 2161): (284) automatic index on sqlite_sq_7F930E7E80(raw_contact_id)
05-18 11:43:48.089 E/WifiStateMachine(  851):  L2ConnectedState (when=-2ms what=131155 arg1=591!CMD_RSSI_POLL 591 0 "BOCO-office" 94:b4:0f:68:a4:b1 rssi=-53 f=5785 sc=80 link=135 tx=2.0, 0.0, 0.0  rx=60.0 bcn=0 [on:0 tx:0 rx:0 period:1] from screen [on:0 period:617587161] gl rssi=-53 ag=0 hr ticks 314,77,51 ls-=0 [56,56,56,56,61] brc=0 lrc=0
05-18 11:43:48.089 E/WifiStateMachine(  851):  get link layer stats 0
05-18 11:43:48.091 E/WifiStateMachine(  851): calculateWifiScore() we set wifi's score to 1000, so will always set wifi as a default network.
05-18 11:43:48.096 E/SQLiteLog( 2161): (284) automatic index on sqlite_sq_7F930E7680(raw_contact_id)
05-18 11:43:48.110 E/SQLiteLog( 2161): (284) automatic index on sqlite_sq_7F9EA9D180(raw_contact_id)
05-18 11:43:48.132 E/SQLiteLog( 2161): (284) automatic index on sqlite_sq_7F931B5280(raw_contact_id)
05-18 11:43:48.139 E/SQLiteLog( 2161): (284) automatic index on sqlite_sq_7F930E7400(raw_contact_id)
05-18 11:43:48.152 E/SQLiteLog( 2161): (284) automatic index on sqlite_sq_7F9EA9D680(raw_contact_id)
05-18 11:43:48.158 E/SQLiteLog( 2161): (284) automatic index on sqlite_sq_7F9EA9C400(raw_contact_id)
05-18 11:43:48.171 E/SQLiteLog( 2161): (284) automatic index on sqlite_sq_7F9EA9D800(raw_contact_id)
05-18 11:43:48.178 E/SQLiteLog( 2161): (284) automatic index on sqlite_sq_7F9EA9C980(raw_contact_id)
05-18 11:43:48.192 E/SQLiteLog( 2161): (284) automatic index on sqlite_sq_7F931B5500(raw_contact_id)
05-18 11:43:48.198 E/SQLiteLog( 2161): (284) automatic index on sqlite_sq_7F930E7F80(raw_contact_id)
05-18 11:43:48.211 E/SQLiteLog( 2161): (284) automatic index on sqlite_sq_7F9EA9DB80(raw_contact_id)
05-18 11:43:48.218 E/SQLiteLog( 2161): (284) automatic index on sqlite_sq_7F9EA9C480(raw_contact_id)
05-18 11:43:48.231 E/SQLiteLog( 2161): (284) automatic index on sqlite_sq_7F931B5680(raw_contact_id)
05-18 11:43:48.237 E/SQLiteLog( 2161): (284) automatic index on sqlite_sq_7F930E7B00(raw_contact_id)
05-18 11:43:48.250 E/SQLiteLog( 2161): (284) automatic index on sqlite_sq_7F9EA9DE00(raw_contact_id)
05-18 11:43:48.257 E/SQLiteLog( 2161): (284) automatic index on sqlite_sq_7F9EA9D280(raw_contact_id)
05-18 11:43:48.271 E/SQLiteLog( 2161): (284) automatic index on sqlite_sq_7F931B5900(raw_contact_id)
05-18 11:43:48.277 E/SQLiteLog( 2161): (284) automatic index on sqlite_sq_7F931B5380(raw_contact_id)
05-18 11:43:48.291 E/SQLiteLog( 2161): (284) automatic index on sqlite_sq_7F931B5A80(raw_contact_id)
05-18 11:43:48.298 E/SQLiteLog( 2161): (284) automatic index on sqlite_sq_7F931B5800(raw_contact_id)
05-18 11:43:48.312 E/SQLiteLog( 2161): (284) automatic index on sqlite_sq_7FAA297980(raw_contact_id)
05-18 11:43:48.319 E/SQLiteLog( 2161): (284) automatic index on sqlite_sq_7F9EA9DA80(raw_contact_id)
05-18 11:43:48.332 E/SQLiteLog( 2161): (284) automatic index on sqlite_sq_7FAA297F00(raw_contact_id)
05-18 11:43:48.338 E/SQLiteLog( 2161): (284) automatic index on sqlite_sq_7FAA053280(raw_contact_id)
05-18 11:43:48.351 E/SQLiteLog( 2161): (284) automatic index on sqlite_sq_7F931B5B00(raw_contact_id)
05-18 11:43:48.358 E/SQLiteLog( 2161): (284) automatic index on sqlite_sq_7F930E7D00(raw_contact_id)
05-18 11:43:48.373 E/SQLiteLog( 2161): (284) automatic index on sqlite_sq_7FAA297F80(raw_contact_id)
05-18 11:43:48.380 E/SQLiteLog( 2161): (284) automatic index on sqlite_sq_7FAA053280(raw_contact_id)
05-18 11:43:48.393 E/SQLiteLog( 2161): (284) automatic index on sqlite_sq_7F931B5E00(raw_contact_id)
05-18 11:43:48.401 E/SQLiteLog( 2161): (284) automatic index on sqlite_sq_7F931B5800(raw_contact_id)
05-18 11:43:48.414 E/SQLiteLog( 2161): (284) automatic index on sqlite_sq_7FAA297E00(raw_contact_id)
05-18 11:43:48.421 E/SQLiteLog( 2161): (284) automatic index on sqlite_sq_7F9EA9D980(raw_contact_id)
05-18 11:43:48.474 E/SQLiteLog( 2161): (284) automatic index on sqlite_sq_7F930B4E80(raw_contact_id)
05-18 11:43:48.480 E/SQLiteLog( 2161): (284) automatic index on sqlite_sq_7F930B5480(raw_contact_id)
05-18 11:43:48.493 E/SQLiteLog( 2161): (284) automatic index on sqlite_sq_7F930B5480(raw_contact_id)
05-18 11:43:48.500 E/SQLiteLog( 2161): (284) automatic index on sqlite_sq_7F930B5280(raw_contact_id)
05-18 11:43:48.513 E/SQLiteLog( 2161): (284) automatic index on sqlite_sq_7F92C08F00(raw_contact_id)
05-18 11:43:48.520 E/SQLiteLog( 2161): (284) automatic index on sqlite_sq_7F92C09800(raw_contact_id)
05-18 11:43:48.535 E/SQLiteLog( 2161): (284) automatic index on sqlite_sq_7F92C09780(raw_contact_id)
05-18 11:43:48.542 E/SQLiteLog( 2161): (284) automatic index on sqlite_sq_7F92C09780(raw_contact_id)
05-18 11:43:48.556 E/SQLiteLog( 2161): (284) automatic index on sqlite_sq_7F930B5E80(raw_contact_id)
05-18 11:43:48.563 E/SQLiteLog( 2161): (284) automatic index on sqlite_sq_7F930B5A80(raw_contact_id)
05-18 11:43:48.577 E/SQLiteLog( 2161): (284) automatic index on sqlite_sq_7F92C38380(raw_contact_id)
05-18 11:43:48.836 E/WifiTrafficPoller(  851): TRAFFIC_STATS_POLL true Token 2644 num clients 19
05-18 11:43:48.837 E/WifiTrafficPoller(  851):  packet count Tx=1842908 Rx=6023014
05-18 11:43:48.837 E/WifiTrafficPoller(  851): notifying of data activity 3
05-18 11:43:48.861 E/SQLiteLog( 2161): (284) automatic index on sqlite_sq_7F92C09F80(raw_contact_id)
05-18 11:43:48.874 E/SQLiteLog( 2161): (284) automatic index on sqlite_sq_7F930E6680(raw_contact_id)
05-18 11:43:48.880 E/SQLiteLog( 2161): (284) automatic index on sqlite_sq_7F930B5F00(raw_contact_id)
05-18 11:43:48.892 E/SQLiteLog( 2161): (284) automatic index on sqlite_sq_7F930E6D00(raw_contact_id)
05-18 11:43:48.900 E/SQLiteLog( 2161): (284) automatic index on sqlite_sq_7F930B5F00(raw_contact_id)
05-18 11:43:48.913 E/SQLiteLog( 2161): (284) automatic index on sqlite_sq_7F930E7300(raw_contact_id)
05-18 11:43:48.920 E/SQLiteLog( 2161): (284) automatic index on sqlite_sq_7F930B5F00(raw_contact_id)
05-18 11:43:48.933 E/SQLiteLog( 2161): (284) automatic index on sqlite_sq_7F92C38400(raw_contact_id)
05-18 11:43:48.939 E/SQLiteLog( 2161): (284) automatic index on sqlite_sq_7F92C38300(raw_contact_id)
05-18 11:43:48.952 E/SQLiteLog( 2161): (284) automatic index on sqlite_sq_7F92C38580(raw_contact_id)
05-18 11:43:48.958 E/SQLiteLog( 2161): (284) automatic index on sqlite_sq_7F92C38980(raw_contact_id)
05-18 11:43:48.971 E/SQLiteLog( 2161): (284) automatic index on sqlite_sq_7F92C38F80(raw_contact_id)
05-18 11:43:48.978 E/SQLiteLog( 2161): (284) automatic index on sqlite_sq_7F92C38900(raw_contact_id)
05-18 11:43:48.990 E/SQLiteLog( 2161): (284) automatic index on sqlite_sq_7F930E7500(raw_contact_id)
05-18 11:43:48.997 E/SQLiteLog( 2161): (284) automatic index on sqlite_sq_7F930B5780(raw_contact_id)
05-18 11:43:49.010 E/SQLiteLog( 2161): (284) automatic index on sqlite_sq_7F92C39280(raw_contact_id)
05-18 11:43:49.016 E/SQLiteLog( 2161): (284) automatic index on sqlite_sq_7F92C38C80(raw_contact_id)
05-18 11:43:49.029 E/SQLiteLog( 2161): (284) automatic index on sqlite_sq_7F930E7B00(raw_contact_id)
05-18 11:43:49.036 E/SQLiteLog( 2161): (284) automatic index on sqlite_sq_7F930E7800(raw_contact_id)
05-18 11:43:49.048 E/SQLiteLog( 2161): (284) automatic index on sqlite_sq_7F930E7E80(raw_contact_id)
05-18 11:43:49.055 E/SQLiteLog( 2161): (284) automatic index on sqlite_sq_7F930E7580(raw_contact_id)
05-18 11:43:49.068 E/SQLiteLog( 2161): (284) automatic index on sqlite_sq_7F931B5100(raw_contact_id)
05-18 11:43:49.074 E/SQLiteLog( 2161): (284) automatic index on sqlite_sq_7F930E6C00(raw_contact_id)
05-18 11:43:49.087 E/SQLiteLog( 2161): (284) automatic index on sqlite_sq_7F92C39680(raw_contact_id)
05-18 11:43:49.094 E/SQLiteLog( 2161): (284) automatic index on sqlite_sq_7F92C39180(raw_contact_id)
05-18 11:43:49.107 E/SQLiteLog( 2161): (284) automatic index on sqlite_sq_7F92C39700(raw_contact_id)
05-18 11:43:49.113 E/SQLiteLog( 2161): (284) automatic index on sqlite_sq_7F92C39180(raw_contact_id)
05-18 11:43:49.126 E/SQLiteLog( 2161): (284) automatic index on sqlite_sq_7F92C39780(raw_contact_id)
05-18 11:43:49.133 E/SQLiteLog( 2161): (284) automatic index on sqlite_sq_7F92C38600(raw_contact_id)
05-18 11:43:49.146 E/SQLiteLog( 2161): (284) automatic index on sqlite_sq_7F931B5280(raw_contact_id)
05-18 11:43:49.152 E/SQLiteLog( 2161): (284) automatic index on sqlite_sq_7F930E7D00(raw_contact_id)
05-18 11:43:49.165 E/SQLiteLog( 2161): (284) automatic index on sqlite_sq_7F92C39B00(raw_contact_id)
05-18 11:43:49.171 E/SQLiteLog( 2161): (284) automatic index on sqlite_sq_7F92C38B80(raw_contact_id)
05-18 11:43:49.183 E/SQLiteLog( 2161): (284) automatic index on sqlite_sq_7F931B5580(raw_contact_id)
05-18 11:43:49.190 E/SQLiteLog( 2161): (284) automatic index on sqlite_sq_7F930E7980(raw_contact_id)
05-18 11:43:49.202 E/SQLiteLog( 2161): (284) automatic index on sqlite_sq_7F931B5700(raw_contact_id)
05-18 11:43:49.209 E/SQLiteLog( 2161): (284) automatic index on sqlite_sq_7F930E7900(raw_contact_id)
05-18 11:43:49.222 E/SQLiteLog( 2161): (284) automatic index on sqlite_sq_7F931B5800(raw_contact_id)
05-18 11:43:49.228 E/SQLiteLog( 2161): (284) automatic index on sqlite_sq_7F931B5500(raw_contact_id)
05-18 11:43:49.241 E/SQLiteLog( 2161): (284) automatic index on sqlite_sq_7F9EA9C180(raw_contact_id)
05-18 11:43:49.248 E/SQLiteLog( 2161): (284) automatic index on sqlite_sq_7F92C39E00(raw_contact_id)
05-18 11:43:49.261 E/SQLiteLog( 2161): (284) automatic index on sqlite_sq_7F9EA9C480(raw_contact_id)
05-18 11:43:49.267 E/SQLiteLog( 2161): (284) automatic index on sqlite_sq_7F92C39E00(raw_contact_id)
05-18 11:43:49.281 E/SQLiteLog( 2161): (284) automatic index on sqlite_sq_7F9EA9C680(raw_contact_id)
05-18 11:43:49.287 E/SQLiteLog( 2161): (284) automatic index on sqlite_sq_7F9EA9C200(raw_contact_id)
05-18 11:43:49.300 E/SQLiteLog( 2161): (284) automatic index on sqlite_sq_7F931B5C00(raw_contact_id)
05-18 11:43:49.307 E/SQLiteLog( 2161): (284) automatic index on sqlite_sq_7F931B5200(raw_contact_id)
05-18 11:43:49.320 E/SQLiteLog( 2161): (284) automatic index on sqlite_sq_7F9EA9C900(raw_contact_id)
05-18 11:43:49.326 E/SQLiteLog( 2161): (284) automatic index on sqlite_sq_7F9EA9C580(raw_contact_id)
05-18 11:43:49.340 E/SQLiteLog( 2161): (284) automatic index on sqlite_sq_7F931B6000(raw_contact_id)
05-18 11:43:49.346 E/SQLiteLog( 2161): (284) automatic index on sqlite_sq_7F931B5200(raw_contact_id)
05-18 11:43:49.359 E/SQLiteLog( 2161): (284) automatic index on sqlite_sq_7F931B6200(raw_contact_id)
05-18 11:43:49.366 E/SQLiteLog( 2161): (284) automatic index on sqlite_sq_7F931B5C80(raw_contact_id)
05-18 11:43:49.379 E/SQLiteLog( 2161): (284) automatic index on sqlite_sq_7F931B6500(raw_contact_id)
05-18 11:43:49.386 E/SQLiteLog( 2161): (284) automatic index on sqlite_sq_7F931B6180(raw_contact_id)
05-18 11:43:49.399 E/SQLiteLog( 2161): (284) automatic index on sqlite_sq_7F9EA9CB80(raw_contact_id)
05-18 11:43:49.407 E/SQLiteLog( 2161): (284) automatic index on sqlite_sq_7F9EA9C600(raw_contact_id)
05-18 11:43:49.421 E/SQLiteLog( 2161): (284) automatic index on sqlite_sq_7F9EA9CD00(raw_contact_id)
05-18 11:43:49.427 E/SQLiteLog( 2161): (284) automatic index on sqlite_sq_7F92C39C80(raw_contact_id)
05-18 11:43:49.440 E/SQLiteLog( 2161): (284) automatic index on sqlite_sq_7F9EA9CF80(raw_contact_id)
05-18 11:43:49.447 E/SQLiteLog( 2161): (284) automatic index on sqlite_sq_7F9EA9C600(raw_contact_id)
05-18 11:43:49.460 E/SQLiteLog( 2161): (284) automatic index on sqlite_sq_7F931B6680(raw_contact_id)
05-18 11:43:49.467 E/SQLiteLog( 2161): (284) automatic index on sqlite_sq_7F931B5F80(raw_contact_id)
05-18 11:43:49.480 E/SQLiteLog( 2161): (284) automatic index on sqlite_sq_7F9EA9D580(raw_contact_id)
05-18 11:43:49.486 E/SQLiteLog( 2161): (284) automatic index on sqlite_sq_7F9EA9CE80(raw_contact_id)
05-18 11:43:49.499 E/SQLiteLog( 2161): (284) automatic index on sqlite_sq_7F931B6880(raw_contact_id)
05-18 11:43:49.520 E/SQLiteLog( 2161): (284) automatic index on sqlite_sq_7F931B6A80(raw_contact_id)
05-18 11:43:49.526 E/SQLiteLog( 2161): (284) automatic index on sqlite_sq_7F931B6100(raw_contact_id)
05-18 11:43:49.575 E/SQLiteLog( 2161): (284) automatic index on sqlite_sq_7F92C09F80(raw_contact_id)
05-18 11:43:49.582 E/SQLiteLog( 2161): (284) automatic index on sqlite_sq_7F92C09F80(raw_contact_id)
05-18 11:43:49.595 E/SQLiteLog( 2161): (284) automatic index on sqlite_sq_7F92C38200(raw_contact_id)
05-18 11:43:49.602 E/SQLiteLog( 2161): (284) automatic index on sqlite_sq_7F92C38780(raw_contact_id)
05-18 11:43:49.646 E/SQLiteLog( 2161): (284) automatic index on sqlite_sq_7F92C38A80(raw_contact_id)
05-18 11:43:49.652 E/SQLiteLog( 2161): (284) automatic index on sqlite_sq_7F92C09F80(raw_contact_id)
05-18 11:43:49.664 E/SQLiteLog( 2161): (284) automatic index on sqlite_sq_7F92C38E00(raw_contact_id)
05-18 11:43:49.671 E/SQLiteLog( 2161): (284) automatic index on sqlite_sq_7F92C38C80(raw_contact_id)
05-18 11:43:49.682 E/SQLiteLog( 2161): (284) automatic index on sqlite_sq_7F930B4D00(raw_contact_id)
05-18 11:43:49.689 E/SQLiteLog( 2161): (284) automatic index on sqlite_sq_7F930B4D00(raw_contact_id)
05-18 11:43:49.701 E/SQLiteLog( 2161): (284) automatic index on sqlite_sq_7F92C39280(raw_contact_id)
05-18 11:43:49.707 E/SQLiteLog( 2161): (284) automatic index on sqlite_sq_7F92C38F00(raw_contact_id)
05-18 11:43:49.719 E/SQLiteLog( 2161): (284) automatic index on sqlite_sq_7F92C39300(raw_contact_id)
05-18 11:43:49.725 E/SQLiteLog( 2161): (284) automatic index on sqlite_sq_7F92C38500(raw_contact_id)
05-18 11:43:49.839 E/WifiTrafficPoller(  851): TRAFFIC_STATS_POLL true Token 2644 num clients 19
05-18 11:43:49.840 E/WifiTrafficPoller(  851):  packet count Tx=1842908 Rx=6023031
05-18 11:43:49.840 E/WifiTrafficPoller(  851): notifying of data activity 1
05-18 11:43:50.010 E/SQLiteLog( 2161): (284) automatic index on sqlite_sq_7F930B5300(raw_contact_id)
05-18 11:43:50.016 E/SQLiteLog( 2161): (284) automatic index on sqlite_sq_7F930B4E80(raw_contact_id)
05-18 11:43:50.028 E/SQLiteLog( 2161): (284) automatic index on sqlite_sq_7F930B5500(raw_contact_id)
05-18 11:43:50.034 E/SQLiteLog( 2161): (284) automatic index on sqlite_sq_7F930B5880(raw_contact_id)
05-18 11:43:50.049 E/SQLiteLog( 2161): (284) automatic index on sqlite_sq_7F930B5B80(raw_contact_id)
05-18 11:43:50.055 E/SQLiteLog( 2161): (284) automatic index on sqlite_sq_7F930B5F80(raw_contact_id)
05-18 11:43:50.069 E/SQLiteLog( 2161): (284) automatic index on sqlite_sq_7F92C39600(raw_contact_id)
05-18 11:43:50.075 E/SQLiteLog( 2161): (284) automatic index on sqlite_sq_7F92C39080(raw_contact_id)
05-18 11:43:50.090 E/SQLiteLog( 2161): (284) automatic index on sqlite_sq_7F92C39680(raw_contact_id)
05-18 11:43:50.098 E/SQLiteLog( 2161): (284) automatic index on sqlite_sq_7F92C39900(raw_contact_id)
05-18 11:43:50.115 E/SQLiteLog( 2161): (284) automatic index on sqlite_sq_7F930E6D00(raw_contact_id)
05-18 11:43:50.123 E/SQLiteLog( 2161): (284) automatic index on sqlite_sq_7F930B5F80(raw_contact_id)
05-18 11:43:50.137 E/SQLiteLog( 2161): (284) automatic index on sqlite_sq_7F930E6E80(raw_contact_id)
05-18 11:43:50.144 E/SQLiteLog( 2161): (284) automatic index on sqlite_sq_7F930E7480(raw_contact_id)
05-18 11:43:50.157 E/SQLiteLog( 2161): (284) automatic index on sqlite_sq_7F92C39880(raw_contact_id)
05-18 11:43:50.164 E/SQLiteLog( 2161): (284) automatic index on sqlite_sq_7F92C38D00(raw_contact_id)
05-18 11:43:50.176 E/SQLiteLog( 2161): (284) automatic index on sqlite_sq_7F930E7900(raw_contact_id)
05-18 11:43:50.183 E/SQLiteLog( 2161): (284) automatic index on sqlite_sq_7F930E6C00(raw_contact_id)
05-18 11:43:50.196 E/SQLiteLog( 2161): (284) automatic index on sqlite_sq_7F930E7A80(raw_contact_id)
05-18 11:43:50.203 E/SQLiteLog( 2161): (284) automatic index on sqlite_sq_7F930E7300(raw_contact_id)
05-18 11:43:50.218 E/SQLiteLog( 2161): (284) automatic index on sqlite_sq_7F930E7880(raw_contact_id)
05-18 11:43:50.225 E/SQLiteLog( 2161): (284) automatic index on sqlite_sq_7F930E6600(raw_contact_id)
05-18 11:43:50.238 E/SQLiteLog( 2161): (284) automatic index on sqlite_sq_7F92C39C00(raw_contact_id)
05-18 11:43:50.245 E/SQLiteLog( 2161): (284) automatic index on sqlite_sq_7F92C39500(raw_contact_id)
05-18 11:43:50.258 E/SQLiteLog( 2161): (284) automatic index on sqlite_sq_7F92C39E80(raw_contact_id)
05-18 11:43:50.264 E/SQLiteLog( 2161): (284) automatic index on sqlite_sq_7F92C39B00(raw_contact_id)
05-18 11:43:50.277 E/SQLiteLog( 2161): (284) automatic index on sqlite_sq_7F930E7C00(raw_contact_id)
05-18 11:43:50.283 E/SQLiteLog( 2161): (284) automatic index on sqlite_sq_7F930B5C00(raw_contact_id)
05-18 11:43:50.296 E/SQLiteLog( 2161): (284) automatic index on sqlite_sq_7F930E7D00(raw_contact_id)
05-18 11:43:50.303 E/SQLiteLog( 2161): (284) automatic index on sqlite_sq_7F930E6F80(raw_contact_id)
05-18 11:43:50.315 E/SQLiteLog( 2161): (284) automatic index on sqlite_sq_7F92C39F80(raw_contact_id)
05-18 11:43:50.322 E/SQLiteLog( 2161): (284) automatic index on sqlite_sq_7F92C39580(raw_contact_id)
05-18 11:43:50.335 E/SQLiteLog( 2161): (284) automatic index on sqlite_sq_7F930E7E00(raw_contact_id)
05-18 11:43:50.342 E/SQLiteLog( 2161): (284) automatic index on sqlite_sq_7F930B5F80(raw_contact_id)
05-18 11:43:50.355 E/SQLiteLog( 2161): (284) automatic index on sqlite_sq_7F931B5300(raw_contact_id)
05-18 11:43:50.362 E/SQLiteLog( 2161): (284) automatic index on sqlite_sq_7F930E7B00(raw_contact_id)
05-18 11:43:50.376 E/SQLiteLog( 2161): (284) automatic index on sqlite_sq_7F931B5700(raw_contact_id)
05-18 11:43:50.383 E/SQLiteLog( 2161): (284) automatic index on sqlite_sq_7F930E7E80(raw_contact_id)
05-18 11:43:50.400 E/SQLiteLog( 2161): (284) automatic index on sqlite_sq_7F9EA9C480(raw_contact_id)
05-18 11:43:50.406 E/SQLiteLog( 2161): (284) automatic index on sqlite_sq_7F9EA9C280(raw_contact_id)
05-18 11:43:50.421 E/SQLiteLog( 2161): (284) automatic index on sqlite_sq_7F9EA9C580(raw_contact_id)
05-18 11:43:50.427 E/SQLiteLog( 2161): (284) automatic index on sqlite_sq_7F92C39D80(raw_contact_id)
05-18 11:43:50.440 E/SQLiteLog( 2161): (284) automatic index on sqlite_sq_7F931B5B00(raw_contact_id)
05-18 11:43:50.447 E/SQLiteLog( 2161): (284) automatic index on sqlite_sq_7F931B5380(raw_contact_id)
05-18 11:43:50.460 E/SQLiteLog( 2161): (284) automatic index on sqlite_sq_7F931B5F80(raw_contact_id)
05-18 11:43:50.467 E/SQLiteLog( 2161): (284) automatic index on sqlite_sq_7F931B5A00(raw_contact_id)
05-18 11:43:50.480 E/SQLiteLog( 2161): (284) automatic index on sqlite_sq_7F9EA9C700(raw_contact_id)
05-18 11:43:50.486 E/SQLiteLog( 2161): (284) automatic index on sqlite_sq_7F9EA9C280(raw_contact_id)
05-18 11:43:50.500 E/SQLiteLog( 2161): (284) automatic index on sqlite_sq_7F931B6000(raw_contact_id)
05-18 11:43:50.506 E/SQLiteLog( 2161): (284) automatic index on sqlite_sq_7F931B5A00(raw_contact_id)
05-18 11:43:50.524 E/SQLiteLog( 2161): (284) automatic index on sqlite_sq_7F931B6100(raw_contact_id)
05-18 11:43:50.532 E/SQLiteLog( 2161): (284) automatic index on sqlite_sq_7F930E7980(raw_contact_id)
05-18 11:43:50.547 E/SQLiteLog( 2161): (284) automatic index on sqlite_sq_7F931B6480(raw_contact_id)
05-18 11:43:50.554 E/SQLiteLog( 2161): (284) automatic index on sqlite_sq_7F931B5600(raw_contact_id)
05-18 11:43:50.567 E/SQLiteLog( 2161): (284) automatic index on sqlite_sq_7F9EA9CA00(raw_contact_id)
05-18 11:43:50.574 E/SQLiteLog( 2161): (284) automatic index on sqlite_sq_7F9EA9C280(raw_contact_id)
05-18 11:43:50.587 E/SQLiteLog( 2161): (284) automatic index on sqlite_sq_7F9EA9CC00(raw_contact_id)
05-18 11:43:50.593 E/SQLiteLog( 2161): (284) automatic index on sqlite_sq_7F92C39B00(raw_contact_id)
05-18 11:43:50.607 E/SQLiteLog( 2161): (284) automatic index on sqlite_sq_7F931B6600(raw_contact_id)
05-18 11:43:50.613 E/SQLiteLog( 2161): (284) automatic index on sqlite_sq_7F931B6300(raw_contact_id)
05-18 11:43:50.626 E/SQLiteLog( 2161): (284) automatic index on sqlite_sq_7F931B6780(raw_contact_id)
05-18 11:43:50.633 E/SQLiteLog( 2161): (284) automatic index on sqlite_sq_7F931B5800(raw_contact_id)
05-18 11:43:50.646 E/SQLiteLog( 2161): (284) automatic index on sqlite_sq_7F9EA9D300(raw_contact_id)
05-18 11:43:50.653 E/SQLiteLog( 2161): (284) automatic index on sqlite_sq_7F9EA9CA80(raw_contact_id)
05-18 11:43:50.666 E/SQLiteLog( 2161): (284) automatic index on sqlite_sq_7F931B6B80(raw_contact_id)
05-18 11:43:50.673 E/SQLiteLog( 2161): (284) automatic index on sqlite_sq_7F931B6400(raw_contact_id)
05-18 11:43:50.686 E/SQLiteLog( 2161): (284) automatic index on sqlite_sq_7F931B6C80(raw_contact_id)
05-18 11:43:50.692 E/SQLiteLog( 2161): (284) automatic index on sqlite_sq_7F931B5600(raw_contact_id)
05-18 11:43:50.744 E/SQLiteLog( 2161): (284) automatic index on sqlite_sq_7F930B4F00(raw_contact_id)
05-18 11:43:50.751 E/SQLiteLog( 2161): (284) automatic index on sqlite_sq_7F930B5380(raw_contact_id)
05-18 11:43:50.764 E/SQLiteLog( 2161): (284) automatic index on sqlite_sq_7F92C09F80(raw_contact_id)
05-18 11:43:50.775 E/SQLiteLog( 2161): (284) automatic index on sqlite_sq_7F92C09F80(raw_contact_id)
05-18 11:43:50.790 E/SQLiteLog( 2161): (284) automatic index on sqlite_sq_7F92C38900(raw_contact_id)
05-18 11:43:50.797 E/SQLiteLog( 2161): (284) automatic index on sqlite_sq_7F92C38500(raw_contact_id)
05-18 11:43:50.810 E/SQLiteLog( 2161): (284) automatic index on sqlite_sq_7F930B5880(raw_contact_id)
05-18 11:43:50.816 E/SQLiteLog( 2161): (284) automatic index on sqlite_sq_7F930B5380(raw_contact_id)
05-18 11:43:50.829 E/SQLiteLog( 2161): (284) automatic index on sqlite_sq_7F930B5D00(raw_contact_id)
05-18 11:43:50.836 E/SQLiteLog( 2161): (284) automatic index on sqlite_sq_7F930B5980(raw_contact_id)
05-18 11:43:50.841 E/WifiTrafficPoller(  851): TRAFFIC_STATS_POLL true Token 2644 num clients 19
05-18 11:43:50.842 E/WifiTrafficPoller(  851):  packet count Tx=1842908 Rx=6023063
05-18 11:43:50.850 E/SQLiteLog( 2161): (284) automatic index on sqlite_sq_7F92C38F00(raw_contact_id)
05-18 11:43:50.857 E/SQLiteLog( 2161): (284) automatic index on sqlite_sq_7F92C38F00(raw_contact_id)
05-18 11:43:51.095 E/WifiStateMachine(  851):  ConnectedState (when=-3ms what=131155 arg1=591!CMD_RSSI_POLL 591 0 "BOCO-office" 94:b4:0f:68:a4:b1 rssi=-53 f=5785 sc=80 link=135 tx=2.0, 0.0, 0.0  rx=53.0 bcn=0 [on:0 tx:0 rx:0 period:3003] from screen [on:0 period:617590167] gl rssi=-53 ag=0 hr ticks 314,77,51 ls-=0 [56,56,56,56,61] brc=0 lrc=0
05-18 11:43:51.096 E/WifiStateMachine(  851):  L2ConnectedState (when=-4ms what=131155 arg1=591!CMD_RSSI_POLL 591 0 "BOCO-office" 94:b4:0f:68:a4:b1 rssi=-53 f=5785 sc=80 link=135 tx=2.0, 0.0, 0.0  rx=53.0 bcn=0 [on:0 tx:0 rx:0 period:1] from screen [on:0 period:617590168] gl rssi=-53 ag=0 hr ticks 314,77,51 ls-=0 [56,56,56,56,61] brc=0 lrc=0
05-18 11:43:51.096 E/WifiStateMachine(  851):  get link layer stats 0
05-18 11:43:51.109 E/WifiStateMachine(  851): calculateWifiScore() we set wifi's score to 1000, so will always set wifi as a default network.
05-18 11:43:51.142 E/SQLiteLog( 2161): (284) automatic index on sqlite_sq_7F930B5A00(raw_contact_id)
05-18 11:43:51.150 E/SQLiteLog( 2161): (284) automatic index on sqlite_sq_7F930E6680(raw_contact_id)
05-18 11:43:51.164 E/SQLiteLog( 2161): (284) automatic index on sqlite_sq_7F92C39600(raw_contact_id)
05-18 11:43:51.171 E/SQLiteLog( 2161): (284) automatic index on sqlite_sq_7F92C39000(raw_contact_id)
05-18 11:43:51.184 E/SQLiteLog( 2161): (284) automatic index on sqlite_sq_7F930E6D80(raw_contact_id)
05-18 11:43:51.191 E/SQLiteLog( 2161): (284) automatic index on sqlite_sq_7F930B5900(raw_contact_id)
05-18 11:43:51.205 E/SQLiteLog( 2161): (284) automatic index on sqlite_sq_7F930E7200(raw_contact_id)
05-18 11:43:51.212 E/SQLiteLog( 2161): (284) automatic index on sqlite_sq_7F930B5F00(raw_contact_id)
05-18 11:43:51.225 E/SQLiteLog( 2161): (284) automatic index on sqlite_sq_7F92C39700(raw_contact_id)
05-18 11:43:51.232 E/SQLiteLog( 2161): (284) automatic index on sqlite_sq_7F92C39480(raw_contact_id)
05-18 11:43:51.246 E/SQLiteLog( 2161): (284) automatic index on sqlite_sq_7F930E7680(raw_contact_id)
05-18 11:43:51.253 E/SQLiteLog( 2161): (284) automatic index on sqlite_sq_7F930E7100(raw_contact_id)
05-18 11:43:51.266 E/SQLiteLog( 2161): (284) automatic index on sqlite_sq_7F930E7900(raw_contact_id)
05-18 11:43:51.273 E/SQLiteLog( 2161): (284) automatic index on sqlite_sq_7F930E6D00(raw_contact_id)
05-18 11:43:51.310 E/SQLiteLog( 2161): (284) automatic index on sqlite_sq_7F92C39580(raw_contact_id)
05-18 11:43:51.317 E/SQLiteLog( 2161): (284) automatic index on sqlite_sq_7F92C39A00(raw_contact_id)
05-18 11:43:51.329 E/SQLiteLog( 2161): (284) automatic index on sqlite_sq_7F930E7C00(raw_contact_id)
05-18 11:43:51.336 E/SQLiteLog( 2161): (284) automatic index on sqlite_sq_7F930E7800(raw_contact_id)
05-18 11:43:51.351 E/SQLiteLog( 2161): (284) automatic index on sqlite_sq_7F92C39C00(raw_contact_id)
05-18 11:43:51.358 E/SQLiteLog( 2161): (284) automatic index on sqlite_sq_7F92C39880(raw_contact_id)
05-18 11:43:51.372 E/SQLiteLog( 2161): (284) automatic index on sqlite_sq_7F930E7E00(raw_contact_id)
05-18 11:43:51.379 E/SQLiteLog( 2161): (284) automatic index on sqlite_sq_7F930E6680(raw_contact_id)
05-18 11:43:51.393 E/SQLiteLog( 2161): (284) automatic index on sqlite_sq_7F931B5180(raw_contact_id)
05-18 11:43:51.400 E/SQLiteLog( 2161): (284) automatic index on sqlite_sq_7F930E7D00(raw_contact_id)
05-18 11:43:51.415 E/SQLiteLog( 2161): (284) automatic index on sqlite_sq_7F931B5300(raw_contact_id)
05-18 11:43:51.422 E/SQLiteLog( 2161): (284) automatic index on sqlite_sq_7F930E7A80(raw_contact_id)
05-18 11:43:51.436 E/SQLiteLog( 2161): (284) automatic index on sqlite_sq_7F92C39E00(raw_contact_id)
05-18 11:43:51.443 E/SQLiteLog( 2161): (284) automatic index on sqlite_sq_7F92C39880(raw_contact_id)
05-18 11:43:51.456 E/SQLiteLog( 2161): (284) automatic index on sqlite_sq_7F931B5500(raw_contact_id)
05-18 11:43:51.463 E/SQLiteLog( 2161): (284) automatic index on sqlite_sq_7F931B5500(raw_contact_id)
05-18 11:43:51.476 E/SQLiteLog( 2161): (284) automatic index on sqlite_sq_7F92C39F00(raw_contact_id)
05-18 11:43:51.483 E/SQLiteLog( 2161): (284) automatic index on sqlite_sq_7F92C38400(raw_contact_id)
05-18 11:43:51.496 E/SQLiteLog( 2161): (284) automatic index on sqlite_sq_7F9EA9C500(raw_contact_id)
05-18 11:43:51.503 E/SQLiteLog( 2161): (284) automatic index on sqlite_sq_7F92C39E80(raw_contact_id)
05-18 11:43:51.516 E/SQLiteLog( 2161): (284) automatic index on sqlite_sq_7F931B5980(raw_contact_id)
05-18 11:43:51.523 E/SQLiteLog( 2161): (284) automatic index on sqlite_sq_7F931B5280(raw_contact_id)
05-18 11:43:51.536 E/SQLiteLog( 2161): (284) automatic index on sqlite_sq_7F931B5B00(raw_contact_id)
05-18 11:43:51.543 E/SQLiteLog( 2161): (284) automatic index on sqlite_sq_7F931B5580(raw_contact_id)
05-18 11:43:51.557 E/SQLiteLog( 2161): (284) automatic index on sqlite_sq_7F931B5E00(raw_contact_id)
05-18 11:43:51.563 E/SQLiteLog( 2161): (284) automatic index on sqlite_sq_7F931B5280(raw_contact_id)
05-18 11:43:51.579 E/SQLiteLog( 2161): (284) automatic index on sqlite_sq_7F931B6000(raw_contact_id)
05-18 11:43:51.586 E/SQLiteLog( 2161): (284) automatic index on sqlite_sq_7F931B5480(raw_contact_id)
05-18 11:43:51.601 E/SQLiteLog( 2161): (284) automatic index on sqlite_sq_7F9EA9C800(raw_contact_id)
05-18 11:43:51.609 E/SQLiteLog( 2161): (284) automatic index on sqlite_sq_7F9EA9C580(raw_contact_id)
05-18 11:43:51.624 E/SQLiteLog( 2161): (284) automatic index on sqlite_sq_7F931B6300(raw_contact_id)
05-18 11:43:51.631 E/SQLiteLog( 2161): (284) automatic index on sqlite_sq_7F931B6080(raw_contact_id)
05-18 11:43:51.646 E/SQLiteLog( 2161): (284) automatic index on sqlite_sq_7F9EA9C700(raw_contact_id)
05-18 11:43:51.653 E/SQLiteLog( 2161): (284) automatic index on sqlite_sq_7F92C39E80(raw_contact_id)
05-18 11:43:51.668 E/SQLiteLog( 2161): (284) automatic index on sqlite_sq_7F9EA9C980(raw_contact_id)
05-18 11:43:51.675 E/SQLiteLog( 2161): (284) automatic index on sqlite_sq_7F92C39C80(raw_contact_id)
05-18 11:43:51.689 E/SQLiteLog( 2161): (284) automatic index on sqlite_sq_7F931B6400(raw_contact_id)
05-18 11:43:51.697 E/SQLiteLog( 2161): (284) automatic index on sqlite_sq_7F930E7480(raw_contact_id)
05-18 11:43:51.711 E/SQLiteLog( 2161): (284) automatic index on sqlite_sq_7F931B6900(raw_contact_id)
05-18 11:43:51.719 E/SQLiteLog( 2161): (284) automatic index on sqlite_sq_7F931B6180(raw_contact_id)
05-18 11:43:51.733 E/SQLiteLog( 2161): (284) automatic index on sqlite_sq_7F931B6A80(raw_contact_id)
05-18 11:43:51.742 E/SQLiteLog( 2161): (284) automatic index on sqlite_sq_7F931B5F00(raw_contact_id)
05-18 11:43:51.756 E/SQLiteLog( 2161): (284) automatic index on sqlite_sq_7F931B6D80(raw_contact_id)
05-18 11:43:51.763 E/SQLiteLog( 2161): (284) automatic index on sqlite_sq_7F931B6500(raw_contact_id)
05-18 11:43:51.842 E/WifiTrafficPoller(  851): TRAFFIC_STATS_POLL true Token 2644 num clients 19
05-18 11:43:51.843 E/WifiTrafficPoller(  851):  packet count Tx=1842908 Rx=6023073
05-18 11:43:51.986 E/memtrack( 7586): Couldn't load memtrack module (No such file or directory)
05-18 11:43:51.986 E/android.os.Debug( 7586): failed to load memtrack module: -2
05-18 11:43:52.844 E/WifiTrafficPoller(  851): TRAFFIC_STATS_POLL true Token 2644 num clients 19
05-18 11:43:52.845 E/WifiTrafficPoller(  851):  packet count Tx=1842908 Rx=6023082
05-18 11:43:53.338 E/memtrack( 7632): Couldn't load memtrack module (No such file or directory)
05-18 11:43:53.338 E/android.os.Debug( 7632): failed to load memtrack module: -2
05-18 11:43:53.845 E/WifiTrafficPoller(  851): TRAFFIC_STATS_POLL true Token 2644 num clients 19
05-18 11:43:53.846 E/WifiTrafficPoller(  851):  packet count Tx=1842908 Rx=6023089
05-18 11:43:54.116 E/WifiStateMachine(  851):  ConnectedState (when=-5ms what=131155 arg1=591!CMD_RSSI_POLL 591 0 "BOCO-office" 94:b4:0f:68:a4:b1 rssi=-53 f=5785 sc=80 link=135 tx=1.5, 0.0, 0.0  rx=57.5 bcn=0 [on:0 tx:0 rx:0 period:3004] from screen [on:0 period:617593187] gl rssi=-53 ag=0 hr ticks 314,77,51 ls-=0 [56,56,56,56,61] brc=0 lrc=0
05-18 11:43:54.119 E/WifiStateMachine(  851):  L2ConnectedState (when=-9ms what=131155 arg1=591!CMD_RSSI_POLL 591 0 "BOCO-office" 94:b4:0f:68:a4:b1 rssi=-53 f=5785 sc=80 link=135 tx=1.5, 0.0, 0.0  rx=57.5 bcn=0 [on:0 tx:0 rx:0 period:4] from screen [on:0 period:617593191] gl rssi=-53 ag=0 hr ticks 314,77,51 ls-=0 [56,56,56,56,61] brc=0 lrc=0
05-18 11:43:54.121 E/WifiStateMachine(  851):  get link layer stats 0
05-18 11:43:54.129 E/WifiStateMachine(  851): calculateWifiScore() we set wifi's score to 1000, so will always set wifi as a default network.
05-18 11:43:54.708 E/memtrack( 7650): Couldn't load memtrack module (No such file or directory)
05-18 11:43:54.708 E/android.os.Debug( 7650): failed to load memtrack module: -2
05-18 11:43:54.847 E/WifiTrafficPoller(  851): TRAFFIC_STATS_POLL true Token 2644 num clients 19
05-18 11:43:54.847 E/WifiTrafficPoller(  851):  packet count Tx=1842909 Rx=6023101
05-18 11:43:54.847 E/WifiTrafficPoller(  851): notifying of data activity 3
05-18 11:43:55.333 E/memtrack( 7667): Couldn't load memtrack module (No such file or directory)
05-18 11:43:55.333 E/android.os.Debug( 7667): failed to load memtrack module: -2
05-18 11:43:55.849 E/WifiTrafficPoller(  851): TRAFFIC_STATS_POLL true Token 2644 num clients 19
05-18 11:43:55.850 E/WifiTrafficPoller(  851):  packet count Tx=1842910 Rx=6023122
05-18 11:43:56.433 E/memtrack( 7684): Couldn't load memtrack module (No such file or directory)
05-18 11:43:56.433 E/android.os.Debug( 7684): failed to load memtrack module: -2
05-18 11:43:56.851 E/WifiTrafficPoller(  851): TRAFFIC_STATS_POLL true Token 2644 num clients 19
05-18 11:43:56.852 E/WifiTrafficPoller(  851):  packet count Tx=1842912 Rx=6023136
05-18 11:43:57.134 E/WifiStateMachine(  851):  ConnectedState (when=-4ms what=131155 arg1=591!CMD_RSSI_POLL 591 0 "BOCO-office" 94:b4:0f:68:a4:b1 rssi=-49 f=5785 sc=80 link=135 tx=0.7, 0.0, 0.0  rx=43.3 bcn=0 [on:0 tx:0 rx:0 period:3001] from screen [on:0 period:617596206] gl rssi=-49 ag=0 hr ticks 314,77,51 ls-=0 [56,56,56,56,61] brc=0 lrc=0
05-18 11:43:57.136 E/WifiStateMachine(  851):  L2ConnectedState (when=-5ms what=131155 arg1=591!CMD_RSSI_POLL 591 0 "BOCO-office" 94:b4:0f:68:a4:b1 rssi=-49 f=5785 sc=80 link=135 tx=0.7, 0.0, 0.0  rx=43.3 bcn=0 [on:0 tx:0 rx:0 period:2] from screen [on:0 period:617596208] gl rssi=-49 ag=0 hr ticks 314,77,51 ls-=0 [56,56,56,56,61] brc=0 lrc=0
05-18 11:43:57.136 E/WifiStateMachine(  851):  get link layer stats 0
05-18 11:43:57.145 E/WifiStateMachine(  851): calculateWifiScore() we set wifi's score to 1000, so will always set wifi as a default network.
05-18 11:43:57.499 E/memtrack( 7700): Couldn't load memtrack module (No such file or directory)
05-18 11:43:57.499 E/android.os.Debug( 7700): failed to load memtrack module: -2
05-18 11:43:57.853 E/WifiTrafficPoller(  851): TRAFFIC_STATS_POLL true Token 2644 num clients 19
05-18 11:43:57.853 E/WifiTrafficPoller(  851):  packet count Tx=1842912 Rx=6023148
05-18 11:43:57.853 E/WifiTrafficPoller(  851): notifying of data activity 1
05-18 11:43:58.373 E/memtrack( 7739): Couldn't load memtrack module (No such file or directory)
05-18 11:43:58.374 E/android.os.Debug( 7739): failed to load memtrack module: -2
05-18 11:43:58.855 E/WifiTrafficPoller(  851): TRAFFIC_STATS_POLL true Token 2644 num clients 19
05-18 11:43:58.855 E/WifiTrafficPoller(  851):  packet count Tx=1842912 Rx=6023163
05-18 11:43:59.667 E/memtrack( 7759): Couldn't load memtrack module (No such file or directory)
05-18 11:43:59.667 E/android.os.Debug( 7759): failed to load memtrack module: -2
05-18 11:43:59.857 E/WifiTrafficPoller(  851): TRAFFIC_STATS_POLL true Token 2644 num clients 19
