05-17 15:46:53.309 E/appium  (13279): 	at io.appium.uiautomator2.handler.FindElement.safeHandle(FindElement.java:102)
05-17 15:46:53.309 E/appium  (13279): 	at io.appium.uiautomator2.handler.request.SafeRequestHandler.handle(SafeRequestHandler.java:56)
05-17 15:46:53.309 E/appium  (13279): 	at io.appium.uiautomator2.server.AppiumServlet.handleRequest(AppiumServlet.java:202)
05-17 15:46:53.309 E/appium  (13279): 	at io.appium.uiautomator2.server.AppiumServlet.handleHttpRequest(AppiumServlet.java:193)
05-17 15:46:53.309 E/appium  (13279): 	at io.appium.uiautomator2.http.ServerHandler.channelRead(ServerHandler.java:44)
05-17 15:46:53.309 E/appium  (13279): 	at io.netty.channel.AbstractChannelHandlerContext.invokeChannelRead(AbstractChannelHandlerContext.java:366)
05-17 15:46:53.309 E/appium  (13279): 	at io.netty.channel.AbstractChannelHandlerContext.invokeChannelRead(AbstractChannelHandlerContext.java:352)
05-17 15:46:53.309 E/appium  (13279): 	at io.netty.channel.AbstractChannelHandlerContext.fireChannelRead(AbstractChannelHandlerContext.java:345)
05-17 15:46:53.309 E/appium  (13279): 	at io.netty.handler.codec.MessageToMessageDecoder.channelRead(MessageToMessageDecoder.java:102)
05-17 15:46:53.309 E/appium  (13279): 	at io.netty.channel.AbstractChannelHandlerContext.invokeChannelRead(AbstractChannelHandlerContext.java:366)
05-17 15:46:53.309 E/appium  (13279): 	at io.netty.channel.AbstractChannelHandlerContext.invokeChannelRead(AbstractChannelHandlerContext.java:352)
05-17 15:46:53.309 E/appium  (13279): 	at io.netty.channel.AbstractChannelHandlerContext.fireChannelRead(AbstractChannelHandlerContext.java:345)
05-17 15:46:53.309 E/appium  (13279): 	at io.netty.channel.CombinedChannelDuplexHandler$DelegatingChannelHandlerContext.fireChannelRead(CombinedChannelDuplexHandler.java:435)
05-17 15:46:53.309 E/appium  (13279): 	at io.netty.handler.codec.ByteToMessageDecoder.fireChannelRead(ByteToMessageDecoder.java:293)
05-17 15:46:53.309 E/appium  (13279): 	at io.netty.handler.codec.ByteToMessageDecoder.channelRead(ByteToMessageDecoder.java:267)
05-17 15:46:53.309 E/appium  (13279): 	at io.netty.channel.CombinedChannelDuplexHandler.channelRead(CombinedChannelDuplexHandler.java:250)
05-17 15:46:53.309 E/appium  (13279): 	at io.netty.channel.AbstractChannelHandlerContext.invokeChannelRead(AbstractChannelHandlerContext.java:366)
05-17 15:46:53.309 E/appium  (13279): 	at io.netty.channel.AbstractChannelHandlerContext.invokeChannelRead(AbstractChannelHandlerContext.java:352)
05-17 15:46:53.309 E/appium  (13279): 	at io.netty.channel.AbstractChannelHandlerContext.fireChannelRead(AbstractChannelHandlerContext.java:345)
05-17 15:46:53.309 E/appium  (13279): 	at io.netty.channel.DefaultChannelPipeline$HeadContext.channelRead(DefaultChannelPipeline.java:1294)
05-17 15:46:53.309 E/appium  (13279): 	at io.netty.channel.AbstractChannelHandlerContext.invokeChannelRead(AbstractChannelHandlerContext.java:366)
05-17 15:46:53.309 E/appium  (13279): 	at io.netty.channel.AbstractChannelHandlerContext.invokeChannelRead(AbstractChannelHandlerContext.java:352)
05-17 15:46:53.309 E/appium  (13279): 	at io.netty.channel.DefaultChannelPipeline.fireChannelRead(DefaultChannelPipeline.java:911)
05-17 15:46:53.309 E/appium  (13279): 	at io.netty.channel.nio.AbstractNioByteChannel$NioByteUnsafe.read(AbstractNioByteChannel.java:131)
05-17 15:46:53.309 E/appium  (13279): 	at io.netty.channel.nio.NioEventLoop.processSelectedKey(NioEventLoop.java:611)
05-17 15:46:53.309 E/appium  (13279): 	at io.netty.channel.nio.NioEventLoop.processSelectedKeysPlain(NioEventLoop.java:514)
05-17 15:46:53.309 E/appium  (13279): 	at io.netty.channel.nio.NioEventLoop.processSelectedKeys(NioEventLoop.java:468)
05-17 15:46:53.309 E/appium  (13279): 	at io.netty.channel.nio.NioEventLoop.run(NioEventLoop.java:438)
05-17 15:46:53.309 E/appium  (13279): 	at io.netty.util.concurrent.SingleThreadEventExecutor$2.run(SingleThreadEventExecutor.java:140)
05-17 15:46:53.309 E/appium  (13279): 	at io.netty.util.concurrent.DefaultThreadFactory$DefaultRunnableDecorator.run(DefaultThreadFactory.java:144)
05-17 15:46:53.309 E/appium  (13279): 	at java.lang.Thread.run(Thread.java:818)
05-17 15:46:53.859 E/appium  (13279): Element not found: 
05-17 15:46:53.859 E/appium  (13279): io.appium.uiautomator2.common.exceptions.ElementNotFoundException: Could not find an element using supplied strategy. 
05-17 15:46:53.859 E/appium  (13279): 	at io.appium.uiautomator2.handler.FindElement.getXPathUiObject(FindElement.java:80)
05-17 15:46:53.859 E/appium  (13279): 	at io.appium.uiautomator2.handler.FindElement.findElement(FindElement.java:153)
05-17 15:46:53.859 E/appium  (13279): 	at io.appium.uiautomator2.handler.FindElement.safeHandle(FindElement.java:102)
05-17 15:46:53.859 E/appium  (13279): 	at io.appium.uiautomator2.handler.request.SafeRequestHandler.handle(SafeRequestHandler.java:56)
05-17 15:46:53.859 E/appium  (13279): 	at io.appium.uiautomator2.server.AppiumServlet.handleRequest(AppiumServlet.java:202)
05-17 15:46:53.859 E/appium  (13279): 	at io.appium.uiautomator2.server.AppiumServlet.handleHttpRequest(AppiumServlet.java:193)
05-17 15:46:53.859 E/appium  (13279): 	at io.appium.uiautomator2.http.ServerHandler.channelRead(ServerHandler.java:44)
05-17 15:46:53.859 E/appium  (13279): 	at io.netty.channel.AbstractChannelHandlerContext.invokeChannelRead(AbstractChannelHandlerContext.java:366)
05-17 15:46:53.859 E/appium  (13279): 	at io.netty.channel.AbstractChannelHandlerContext.invokeChannelRead(AbstractChannelHandlerContext.java:352)
05-17 15:46:53.859 E/appium  (13279): 	at io.netty.channel.AbstractChannelHandlerContext.fireChannelRead(AbstractChannelHandlerContext.java:345)
05-17 15:46:53.859 E/appium  (13279): 	at io.netty.handler.codec.MessageToMessageDecoder.channelRead(MessageToMessageDecoder.java:102)
05-17 15:46:53.859 E/appium  (13279): 	at io.netty.channel.AbstractChannelHandlerContext.invokeChannelRead(AbstractChannelHandlerContext.java:366)
05-17 15:46:53.859 E/appium  (13279): 	at io.netty.channel.AbstractChannelHandlerContext.invokeChannelRead(AbstractChannelHandlerContext.java:352)
05-17 15:46:53.859 E/appium  (13279): 	at io.netty.channel.AbstractChannelHandlerContext.fireChannelRead(AbstractChannelHandlerContext.java:345)
05-17 15:46:53.859 E/appium  (13279): 	at io.netty.channel.CombinedChannelDuplexHandler$DelegatingChannelHandlerContext.fireChannelRead(CombinedChannelDuplexHandler.java:435)
05-17 15:46:53.859 E/appium  (13279): 	at io.netty.handler.codec.ByteToMessageDecoder.fireChannelRead(ByteToMessageDecoder.java:293)
05-17 15:46:53.859 E/appium  (13279): 	at io.netty.handler.codec.ByteToMessageDecoder.channelRead(ByteToMessageDecoder.java:267)
05-17 15:46:53.859 E/appium  (13279): 	at io.netty.channel.CombinedChannelDuplexHandler.channelRead(CombinedChannelDuplexHandler.java:250)
05-17 15:46:53.859 E/appium  (13279): 	at io.netty.channel.AbstractChannelHandlerContext.invokeChannelRead(AbstractChannelHandlerContext.java:366)
05-17 15:46:53.859 E/appium  (13279): 	at io.netty.channel.AbstractChannelHandlerContext.invokeChannelRead(AbstractChannelHandlerContext.java:352)
05-17 15:46:53.859 E/appium  (13279): 	at io.netty.channel.AbstractChannelHandlerContext.fireChannelRead(AbstractChannelHandlerContext.java:345)
05-17 15:46:53.859 E/appium  (13279): 	at io.netty.channel.DefaultChannelPipeline$HeadContext.channelRead(DefaultChannelPipeline.java:1294)
05-17 15:46:53.859 E/appium  (13279): 	at io.netty.channel.AbstractChannelHandlerContext.invokeChannelRead(AbstractChannelHandlerContext.java:366)
05-17 15:46:53.859 E/appium  (13279): 	at io.netty.channel.AbstractChannelHandlerContext.invokeChannelRead(AbstractChannelHandlerContext.java:352)
05-17 15:46:53.859 E/appium  (13279): 	at io.netty.channel.DefaultChannelPipeline.fireChannelRead(DefaultChannelPipeline.java:911)
05-17 15:46:53.859 E/appium  (13279): 	at io.netty.channel.nio.AbstractNioByteChannel$NioByteUnsafe.read(AbstractNioByteChannel.java:131)
05-17 15:46:53.859 E/appium  (13279): 	at io.netty.channel.nio.NioEventLoop.processSelectedKey(NioEventLoop.java:611)
05-17 15:46:53.859 E/appium  (13279): 	at io.netty.channel.nio.NioEventLoop.processSelectedKeysPlain(NioEventLoop.java:514)
05-17 15:46:53.859 E/appium  (13279): 	at io.netty.channel.nio.NioEventLoop.processSelectedKeys(NioEventLoop.java:468)
05-17 15:46:53.859 E/appium  (13279): 	at io.netty.channel.nio.NioEventLoop.run(NioEventLoop.java:438)
05-17 15:46:53.859 E/appium  (13279): 	at io.netty.util.concurrent.SingleThreadEventExecutor$2.run(SingleThreadEventExecutor.java:140)
05-17 15:46:53.859 E/appium  (13279): 	at io.netty.util.concurrent.DefaultThreadFactory$DefaultRunnableDecorator.run(DefaultThreadFactory.java:144)
05-17 15:46:53.859 E/appium  (13279): 	at java.lang.Thread.run(Thread.java:818)
05-17 15:46:54.293 E/WifiTrafficPoller(  851): TRAFFIC_STATS_POLL true Token 2406 num clients 19
05-17 15:46:54.294 E/WifiTrafficPoller(  851):  packet count Tx=1615420 Rx=5361006
05-17 15:46:54.294 E/WifiTrafficPoller(  851): notifying of data activity 3
05-17 15:46:54.410 E/appium  (13279): Element not found: 
05-17 15:46:54.410 E/appium  (13279): io.appium.uiautomator2.common.exceptions.ElementNotFoundException: Could not find an element using supplied strategy. 
05-17 15:46:54.410 E/appium  (13279): 	at io.appium.uiautomator2.handler.FindElement.getXPathUiObject(FindElement.java:80)
05-17 15:46:54.410 E/appium  (13279): 	at io.appium.uiautomator2.handler.FindElement.findElement(FindElement.java:153)
05-17 15:46:54.410 E/appium  (13279): 	at io.appium.uiautomator2.handler.FindElement.safeHandle(FindElement.java:102)
05-17 15:46:54.410 E/appium  (13279): 	at io.appium.uiautomator2.handler.request.SafeRequestHandler.handle(SafeRequestHandler.java:56)
05-17 15:46:54.410 E/appium  (13279): 	at io.appium.uiautomator2.server.AppiumServlet.handleRequest(AppiumServlet.java:202)
05-17 15:46:54.410 E/appium  (13279): 	at io.appium.uiautomator2.server.AppiumServlet.handleHttpRequest(AppiumServlet.java:193)
05-17 15:46:54.410 E/appium  (13279): 	at io.appium.uiautomator2.http.ServerHandler.channelRead(ServerHandler.java:44)
05-17 15:46:54.410 E/appium  (13279): 	at io.netty.channel.AbstractChannelHandlerContext.invokeChannelRead(AbstractChannelHandlerContext.java:366)
05-17 15:46:54.410 E/appium  (13279): 	at io.netty.channel.AbstractChannelHandlerContext.invokeChannelRead(AbstractChannelHandlerContext.java:352)
05-17 15:46:54.410 E/appium  (13279): 	at io.netty.channel.AbstractChannelHandlerContext.fireChannelRead(AbstractChannelHandlerContext.java:345)
05-17 15:46:54.410 E/appium  (13279): 	at io.netty.handler.codec.MessageToMessageDecoder.channelRead(MessageToMessageDecoder.java:102)
05-17 15:46:54.410 E/appium  (13279): 	at io.netty.channel.AbstractChannelHandlerContext.invokeChannelRead(AbstractChannelHandlerContext.java:366)
05-17 15:46:54.410 E/appium  (13279): 	at io.netty.channel.AbstractChannelHandlerContext.invokeChannelRead(AbstractChannelHandlerContext.java:352)
05-17 15:46:54.410 E/appium  (13279): 	at io.netty.channel.AbstractChannelHandlerContext.fireChannelRead(AbstractChannelHandlerContext.java:345)
05-17 15:46:54.410 E/appium  (13279): 	at io.netty.channel.CombinedChannelDuplexHandler$DelegatingChannelHandlerContext.fireChannelRead(CombinedChannelDuplexHandler.java:435)
05-17 15:46:54.410 E/appium  (13279): 	at io.netty.handler.codec.ByteToMessageDecoder.fireChannelRead(ByteToMessageDecoder.java:293)
05-17 15:46:54.410 E/appium  (13279): 	at io.netty.handler.codec.ByteToMessageDecoder.channelRead(ByteToMessageDecoder.java:267)
05-17 15:46:54.410 E/appium  (13279): 	at io.netty.channel.CombinedChannelDuplexHandler.channelRead(CombinedChannelDuplexHandler.java:250)
05-17 15:46:54.410 E/appium  (13279): 	at io.netty.channel.AbstractChannelHandlerContext.invokeChannelRead(AbstractChannelHandlerContext.java:366)
05-17 15:46:54.410 E/appium  (13279): 	at io.netty.channel.AbstractChannelHandlerContext.invokeChannelRead(AbstractChannelHandlerContext.java:352)
05-17 15:46:54.410 E/appium  (13279): 	at io.netty.channel.AbstractChannelHandlerContext.fireChannelRead(AbstractChannelHandlerContext.java:345)
05-17 15:46:54.410 E/appium  (13279): 	at io.netty.channel.DefaultChannelPipeline$HeadContext.channelRead(DefaultChannelPipeline.java:1294)
05-17 15:46:54.410 E/appium  (13279): 	at io.netty.channel.AbstractChannelHandlerContext.invokeChannelRead(AbstractChannelHandlerContext.java:366)
05-17 15:46:54.410 E/appium  (13279): 	at io.netty.channel.AbstractChannelHandlerContext.invokeChannelRead(AbstractChannelHandlerContext.java:352)
05-17 15:46:54.410 E/appium  (13279): 	at io.netty.channel.DefaultChannelPipeline.fireChannelRead(DefaultChannelPipeline.java:911)
05-17 15:46:54.410 E/appium  (13279): 	at io.netty.channel.nio.AbstractNioByteChannel$NioByteUnsafe.read(AbstractNioByteChannel.java:131)
05-17 15:46:54.410 E/appium  (13279): 	at io.netty.channel.nio.NioEventLoop.processSelectedKey(NioEventLoop.java:611)
05-17 15:46:54.410 E/appium  (13279): 	at io.netty.channel.nio.NioEventLoop.processSelectedKeysPlain(NioEventLoop.java:514)
05-17 15:46:54.410 E/appium  (13279): 	at io.netty.channel.nio.NioEventLoop.processSelectedKeys(NioEventLoop.java:468)
05-17 15:46:54.410 E/appium  (13279): 	at io.netty.channel.nio.NioEventLoop.run(NioEventLoop.java:438)
05-17 15:46:54.410 E/appium  (13279): 	at io.netty.util.concurrent.SingleThreadEventExecutor$2.run(SingleThreadEventExecutor.java:140)
05-17 15:46:54.410 E/appium  (13279): 	at io.netty.util.concurrent.DefaultThreadFactory$DefaultRunnableDecorator.run(DefaultThreadFactory.java:144)
05-17 15:46:54.410 E/appium  (13279): 	at java.lang.Thread.run(Thread.java:818)
05-17 15:46:54.581 E/WifiStateMachine(  851):  ConnectedState (when=-3ms what=131155 arg1=548!CMD_RSSI_POLL 548 0 "BOCO-office" 94:b4:0f:68:a4:b1 rssi=-48 f=5785 sc=80 link=150 tx=6.7, 0.0, 0.0  rx=79.7 bcn=0 [on:0 tx:0 rx:0 period:2996] from screen [on:0 period:545773653] gl rssi=-48 ag=0 hr ticks 0,0,24 ls-=0 [56,56,60,60,65] brc=0 lrc=0
05-17 15:46:54.588 E/WifiStateMachine(  851):  L2ConnectedState (when=-9ms what=131155 arg1=548!CMD_RSSI_POLL 548 0 "BOCO-office" 94:b4:0f:68:a4:b1 rssi=-48 f=5785 sc=80 link=150 tx=6.7, 0.0, 0.0  rx=79.7 bcn=0 [on:0 tx:0 rx:0 period:6] from screen [on:0 period:545773659] gl rssi=-48 ag=0 hr ticks 0,0,24 ls-=0 [56,56,60,60,65] brc=0 lrc=0
05-17 15:46:54.618 E/WifiStateMachine(  851):  get link layer stats 0
05-17 15:46:54.635 E/WifiStateMachine(  851): calculateWifiScore() we set wifi's score to 1000, so will always set wifi as a default network.
05-17 15:46:54.671 E/MPlugin (21445): Unsupported class: com.mediatek.common.telephony.IOnlyOwnerSimSupport
05-17 15:46:54.966 E/appium  (13279): Element not found: 
05-17 15:46:54.966 E/appium  (13279): io.appium.uiautomator2.common.exceptions.ElementNotFoundException: Could not find an element using supplied strategy. 
05-17 15:46:54.966 E/appium  (13279): 	at io.appium.uiautomator2.handler.FindElement.getXPathUiObject(FindElement.java:80)
05-17 15:46:54.966 E/appium  (13279): 	at io.appium.uiautomator2.handler.FindElement.findElement(FindElement.java:153)
05-17 15:46:54.966 E/appium  (13279): 	at io.appium.uiautomator2.handler.FindElement.safeHandle(FindElement.java:102)
05-17 15:46:54.966 E/appium  (13279): 	at io.appium.uiautomator2.handler.request.SafeRequestHandler.handle(SafeRequestHandler.java:56)
05-17 15:46:54.966 E/appium  (13279): 	at io.appium.uiautomator2.server.AppiumServlet.handleRequest(AppiumServlet.java:202)
05-17 15:46:54.966 E/appium  (13279): 	at io.appium.uiautomator2.server.AppiumServlet.handleHttpRequest(AppiumServlet.java:193)
05-17 15:46:54.966 E/appium  (13279): 	at io.appium.uiautomator2.http.ServerHandler.channelRead(ServerHandler.java:44)
05-17 15:46:54.966 E/appium  (13279): 	at io.netty.channel.AbstractChannelHandlerContext.invokeChannelRead(AbstractChannelHandlerContext.java:366)
05-17 15:46:54.966 E/appium  (13279): 	at io.netty.channel.AbstractChannelHandlerContext.invokeChannelRead(AbstractChannelHandlerContext.java:352)
05-17 15:46:54.966 E/appium  (13279): 	at io.netty.channel.AbstractChannelHandlerContext.fireChannelRead(AbstractChannelHandlerContext.java:345)
05-17 15:46:54.966 E/appium  (13279): 	at io.netty.handler.codec.MessageToMessageDecoder.channelRead(MessageToMessageDecoder.java:102)
05-17 15:46:54.966 E/appium  (13279): 	at io.netty.channel.AbstractChannelHandlerContext.invokeChannelRead(AbstractChannelHandlerContext.java:366)
05-17 15:46:54.966 E/appium  (13279): 	at io.netty.channel.AbstractChannelHandlerContext.invokeChannelRead(AbstractChannelHandlerContext.java:352)
05-17 15:46:54.966 E/appium  (13279): 	at io.netty.channel.AbstractChannelHandlerContext.fireChannelRead(AbstractChannelHandlerContext.java:345)
05-17 15:46:54.966 E/appium  (13279): 	at io.netty.channel.CombinedChannelDuplexHandler$DelegatingChannelHandlerContext.fireChannelRead(CombinedChannelDuplexHandler.java:435)
05-17 15:46:54.966 E/appium  (13279): 	at io.netty.handler.codec.ByteToMessageDecoder.fireChannelRead(ByteToMessageDecoder.java:293)
05-17 15:46:54.966 E/appium  (13279): 	at io.netty.handler.codec.ByteToMessageDecoder.channelRead(ByteToMessageDecoder.java:267)
05-17 15:46:54.966 E/appium  (13279): 	at io.netty.channel.CombinedChannelDuplexHandler.channelRead(CombinedChannelDuplexHandler.java:250)
05-17 15:46:54.966 E/appium  (13279): 	at io.netty.channel.AbstractChannelHandlerContext.invokeChannelRead(AbstractChannelHandlerContext.java:366)
05-17 15:46:54.966 E/appium  (13279): 	at io.netty.channel.AbstractChannelHandlerContext.invokeChannelRead(AbstractChannelHandlerContext.java:352)
05-17 15:46:54.966 E/appium  (13279): 	at io.netty.channel.AbstractChannelHandlerContext.fireChannelRead(AbstractChannelHandlerContext.java:345)
05-17 15:46:54.966 E/appium  (13279): 	at io.netty.channel.DefaultChannelPipeline$HeadContext.channelRead(DefaultChannelPipeline.java:1294)
05-17 15:46:54.966 E/appium  (13279): 	at io.netty.channel.AbstractChannelHandlerContext.invokeChannelRead(AbstractChannelHandlerContext.java:366)
05-17 15:46:54.966 E/appium  (13279): 	at io.netty.channel.AbstractChannelHandlerContext.invokeChannelRead(AbstractChannelHandlerContext.java:352)
05-17 15:46:54.966 E/appium  (13279): 	at io.netty.channel.DefaultChannelPipeline.fireChannelRead(DefaultChannelPipeline.java:911)
05-17 15:46:54.966 E/appium  (13279): 	at io.netty.channel.nio.AbstractNioByteChannel$NioByteUnsafe.read(AbstractNioByteChannel.java:131)
05-17 15:46:54.966 E/appium  (13279): 	at io.netty.channel.nio.NioEventLoop.processSelectedKey(NioEventLoop.java:611)
05-17 15:46:54.966 E/appium  (13279): 	at io.netty.channel.nio.NioEventLoop.processSelectedKeysPlain(NioEventLoop.java:514)
05-17 15:46:54.966 E/appium  (13279): 	at io.netty.channel.nio.NioEventLoop.processSelectedKeys(NioEventLoop.java:468)
05-17 15:46:54.966 E/appium  (13279): 	at io.netty.channel.nio.NioEventLoop.run(NioEventLoop.java:438)
05-17 15:46:54.966 E/appium  (13279): 	at io.netty.util.concurrent.SingleThreadEventExecutor$2.run(SingleThreadEventExecutor.java:140)
05-17 15:46:54.966 E/appium  (13279): 	at io.netty.util.concurrent.DefaultThreadFactory$DefaultRunnableDecorator.run(DefaultThreadFactory.java:144)
05-17 15:46:54.966 E/appium  (13279): 	at java.lang.Thread.run(Thread.java:818)
05-17 15:46:55.295 E/WifiTrafficPoller(  851): TRAFFIC_STATS_POLL true Token 2406 num clients 19
05-17 15:46:55.296 E/WifiTrafficPoller(  851):  packet count Tx=1615427 Rx=5361037
05-17 15:46:55.494 E/appium  (13279): Element not found: 
05-17 15:46:55.494 E/appium  (13279): io.appium.uiautomator2.common.exceptions.ElementNotFoundException: Could not find an element using supplied strategy. 
05-17 15:46:55.494 E/appium  (13279): 	at io.appium.uiautomator2.handler.FindElement.getXPathUiObject(FindElement.java:80)
05-17 15:46:55.494 E/appium  (13279): 	at io.appium.uiautomator2.handler.FindElement.findElement(FindElement.java:153)
05-17 15:46:55.494 E/appium  (13279): 	at io.appium.uiautomator2.handler.FindElement.safeHandle(FindElement.java:102)
05-17 15:46:55.494 E/appium  (13279): 	at io.appium.uiautomator2.handler.request.SafeRequestHandler.handle(SafeRequestHandler.java:56)
05-17 15:46:55.494 E/appium  (13279): 	at io.appium.uiautomator2.server.AppiumServlet.handleRequest(AppiumServlet.java:202)
05-17 15:46:55.494 E/appium  (13279): 	at io.appium.uiautomator2.server.AppiumServlet.handleHttpRequest(AppiumServlet.java:193)
05-17 15:46:55.494 E/appium  (13279): 	at io.appium.uiautomator2.http.ServerHandler.channelRead(ServerHandler.java:44)
05-17 15:46:55.494 E/appium  (13279): 	at io.netty.channel.AbstractChannelHandlerContext.invokeChannelRead(AbstractChannelHandlerContext.java:366)
05-17 15:46:55.494 E/appium  (13279): 	at io.netty.channel.AbstractChannelHandlerContext.invokeChannelRead(AbstractChannelHandlerContext.java:352)
05-17 15:46:55.494 E/appium  (13279): 	at io.netty.channel.AbstractChannelHandlerContext.fireChannelRead(AbstractChannelHandlerContext.java:345)
05-17 15:46:55.494 E/appium  (13279): 	at io.netty.handler.codec.MessageToMessageDecoder.channelRead(MessageToMessageDecoder.java:102)
05-17 15:46:55.494 E/appium  (13279): 	at io.netty.channel.AbstractChannelHandlerContext.invokeChannelRead(AbstractChannelHandlerContext.java:366)
05-17 15:46:55.494 E/appium  (13279): 	at io.netty.channel.AbstractChannelHandlerContext.invokeChannelRead(AbstractChannelHandlerContext.java:352)
05-17 15:46:55.494 E/appium  (13279): 	at io.netty.channel.AbstractChannelHandlerContext.fireChannelRead(AbstractChannelHandlerContext.java:345)
05-17 15:46:55.494 E/appium  (13279): 	at io.netty.channel.CombinedChannelDuplexHandler$DelegatingChannelHandlerContext.fireChannelRead(CombinedChannelDuplexHandler.java:435)
05-17 15:46:55.494 E/appium  (13279): 	at io.netty.handler.codec.ByteToMessageDecoder.fireChannelRead(ByteToMessageDecoder.java:293)
05-17 15:46:55.494 E/appium  (13279): 	at io.netty.handler.codec.ByteToMessageDecoder.channelRead(ByteToMessageDecoder.java:267)
05-17 15:46:55.494 E/appium  (13279): 	at io.netty.channel.CombinedChannelDuplexHandler.channelRead(CombinedChannelDuplexHandler.java:250)
05-17 15:46:55.494 E/appium  (13279): 	at io.netty.channel.AbstractChannelHandlerContext.invokeChannelRead(AbstractChannelHandlerContext.java:366)
05-17 15:46:55.494 E/appium  (13279): 	at io.netty.channel.AbstractChannelHandlerContext.invokeChannelRead(AbstractChannelHandlerContext.java:352)
05-17 15:46:55.494 E/appium  (13279): 	at io.netty.channel.AbstractChannelHandlerContext.fireChannelRead(AbstractChannelHandlerContext.java:345)
05-17 15:46:55.494 E/appium  (13279): 	at io.netty.channel.DefaultChannelPipeline$HeadContext.channelRead(DefaultChannelPipeline.java:1294)
05-17 15:46:55.494 E/appium  (13279): 	at io.netty.channel.AbstractChannelHandlerContext.invokeChannelRead(AbstractChannelHandlerContext.java:366)
05-17 15:46:55.494 E/appium  (13279): 	at io.netty.channel.AbstractChannelHandlerContext.invokeChannelRead(AbstractChannelHandlerContext.java:352)
05-17 15:46:55.494 E/appium  (13279): 	at io.netty.channel.DefaultChannelPipeline.fireChannelRead(DefaultChannelPipeline.java:911)
05-17 15:46:55.494 E/appium  (13279): 	at io.netty.channel.nio.AbstractNioByteChannel$NioByteUnsafe.read(AbstractNioByteChannel.java:131)
05-17 15:46:55.494 E/appium  (13279): 	at io.netty.channel.nio.NioEventLoop.processSelectedKey(NioEventLoop.java:611)
05-17 15:46:55.494 E/appium  (13279): 	at io.netty.channel.nio.NioEventLoop.processSelectedKeysPlain(NioEventLoop.java:514)
05-17 15:46:55.494 E/appium  (13279): 	at io.netty.channel.nio.NioEventLoop.processSelectedKeys(NioEventLoop.java:468)
05-17 15:46:55.494 E/appium  (13279): 	at io.netty.channel.nio.NioEventLoop.run(NioEventLoop.java:438)
05-17 15:46:55.494 E/appium  (13279): 	at io.netty.util.concurrent.SingleThreadEventExecutor$2.run(SingleThreadEventExecutor.java:140)
05-17 15:46:55.494 E/appium  (13279): 	at io.netty.util.concurrent.DefaultThreadFactory$DefaultRunnableDecorator.run(DefaultThreadFactory.java:144)
05-17 15:46:55.494 E/appium  (13279): 	at java.lang.Thread.run(Thread.java:818)
05-17 15:46:56.297 E/WifiTrafficPoller(  851): TRAFFIC_STATS_POLL true Token 2406 num clients 19
05-17 15:46:56.297 E/appium  (13279): Element not found: 
05-17 15:46:56.297 E/appium  (13279): io.appium.uiautomator2.common.exceptions.ElementNotFoundException: Could not find an element using supplied strategy. 
05-17 15:46:56.297 E/appium  (13279): 	at io.appium.uiautomator2.handler.FindElement.getXPathUiObject(FindElement.java:80)
05-17 15:46:56.297 E/appium  (13279): 	at io.appium.uiautomator2.handler.FindElement.findElement(FindElement.java:153)
05-17 15:46:56.297 E/appium  (13279): 	at io.appium.uiautomator2.handler.FindElement.safeHandle(FindElement.java:102)
05-17 15:46:56.297 E/appium  (13279): 	at io.appium.uiautomator2.handler.request.SafeRequestHandler.handle(SafeRequestHandler.java:56)
05-17 15:46:56.297 E/appium  (13279): 	at io.appium.uiautomator2.server.AppiumServlet.handleRequest(AppiumServlet.java:202)
05-17 15:46:56.297 E/appium  (13279): 	at io.appium.uiautomator2.server.AppiumServlet.handleHttpRequest(AppiumServlet.java:193)
05-17 15:46:56.297 E/appium  (13279): 	at io.appium.uiautomator2.http.ServerHandler.channelRead(ServerHandler.java:44)
05-17 15:46:56.297 E/appium  (13279): 	at io.netty.channel.AbstractChannelHandlerContext.invokeChannelRead(AbstractChannelHandlerContext.java:366)
05-17 15:46:56.297 E/appium  (13279): 	at io.netty.channel.AbstractChannelHandlerContext.invokeChannelRead(AbstractChannelHandlerContext.java:352)
05-17 15:46:56.297 E/appium  (13279): 	at io.netty.channel.AbstractChannelHandlerContext.fireChannelRead(AbstractChannelHandlerContext.java:345)
05-17 15:46:56.297 E/appium  (13279): 	at io.netty.handler.codec.MessageToMessageDecoder.channelRead(MessageToMessageDecoder.java:102)
05-17 15:46:56.297 E/appium  (13279): 	at io.netty.channel.AbstractChannelHandlerContext.invokeChannelRead(AbstractChannelHandlerContext.java:366)
05-17 15:46:56.297 E/appium  (13279): 	at io.netty.channel.AbstractChannelHandlerContext.invokeChannelRead(AbstractChannelHandlerContext.java:352)
05-17 15:46:56.297 E/appium  (13279): 	at io.netty.channel.AbstractChannelHandlerContext.fireChannelRead(AbstractChannelHandlerContext.java:345)
05-17 15:46:56.297 E/appium  (13279): 	at io.netty.channel.CombinedChannelDuplexHandler$DelegatingChannelHandlerContext.fireChannelRead(CombinedChannelDuplexHandler.java:435)
05-17 15:46:56.297 E/appium  (13279): 	at io.netty.handler.codec.ByteToMessageDecoder.fireChannelRead(ByteToMessageDecoder.java:293)
05-17 15:46:56.297 E/appium  (13279): 	at io.netty.handler.codec.ByteToMessageDecoder.channelRead(ByteToMessageDecoder.java:267)
05-17 15:46:56.297 E/appium  (13279): 	at io.netty.channel.CombinedChannelDuplexHandler.channelRead(CombinedChannelDuplexHandler.java:250)
05-17 15:46:56.297 E/appium  (13279): 	at io.netty.channel.AbstractChannelHandlerContext.invokeChannelRead(AbstractChannelHandlerContext.java:366)
05-17 15:46:56.297 E/appium  (13279): 	at io.netty.channel.AbstractChannelHandlerContext.invokeChannelRead(AbstractChannelHandlerContext.java:352)
05-17 15:46:56.297 E/appium  (13279): 	at io.netty.channel.AbstractChannelHandlerContext.fireChannelRead(AbstractChannelHandlerContext.java:345)
05-17 15:46:56.297 E/appium  (13279): 	at io.netty.channel.DefaultChannelPipeline$HeadContext.channelRead(DefaultChannelPipeline.java:1294)
05-17 15:46:56.297 E/appium  (13279): 	at io.netty.channel.AbstractChannelHandlerContext.invokeChannelRead(AbstractChannelHandlerContext.java:366)
05-17 15:46:56.297 E/appium  (13279): 	at io.netty.channel.AbstractChannelHandlerContext.invokeChannelRead(AbstractChannelHandlerContext.java:352)
05-17 15:46:56.297 E/appium  (13279): 	at io.netty.channel.DefaultChannelPipeline.fireChannelRead(DefaultChannelPipeline.java:911)
05-17 15:46:56.297 E/appium  (13279): 	at io.netty.channel.nio.AbstractNioByteChannel$NioByteUnsafe.read(AbstractNioByteChannel.java:131)
05-17 15:46:56.297 E/appium  (13279): 	at io.netty.channel.nio.NioEventLoop.processSelectedKey(NioEventLoop.java:611)
05-17 15:46:56.297 E/appium  (13279): 	at io.netty.channel.nio.NioEventLoop.processSelectedKeysPlain(NioEventLoop.java:514)
05-17 15:46:56.297 E/appium  (13279): 	at io.netty.channel.nio.NioEventLoop.processSelectedKeys(NioEventLoop.java:468)
05-17 15:46:56.297 E/appium  (13279): 	at io.netty.channel.nio.NioEventLoop.run(NioEventLoop.java:438)
05-17 15:46:56.297 E/appium  (13279): 	at io.netty.util.concurrent.SingleThreadEventExecutor$2.run(SingleThreadEventExecutor.java:140)
05-17 15:46:56.297 E/appium  (13279): 	at io.netty.util.concurrent.DefaultThreadFactory$DefaultRunnableDecorator.run(DefaultThreadFactory.java:144)
05-17 15:46:56.297 E/appium  (13279): 	at java.lang.Thread.run(Thread.java:818)
05-17 15:46:56.298 E/WifiTrafficPoller(  851):  packet count Tx=1615427 Rx=5361053
05-17 15:46:56.298 E/WifiTrafficPoller(  851): notifying of data activity 1
05-17 15:46:56.824 E/appium  (13279): Element not found: 
05-17 15:46:56.824 E/appium  (13279): io.appium.uiautomator2.common.exceptions.ElementNotFoundException: Could not find an element using supplied strategy. 
05-17 15:46:56.824 E/appium  (13279): 	at io.appium.uiautomator2.handler.FindElement.getXPathUiObject(FindElement.java:80)
05-17 15:46:56.824 E/appium  (13279): 	at io.appium.uiautomator2.handler.FindElement.findElement(FindElement.java:153)
05-17 15:46:56.824 E/appium  (13279): 	at io.appium.uiautomator2.handler.FindElement.safeHandle(FindElement.java:102)
05-17 15:46:56.824 E/appium  (13279): 	at io.appium.uiautomator2.handler.request.SafeRequestHandler.handle(SafeRequestHandler.java:56)
05-17 15:46:56.824 E/appium  (13279): 	at io.appium.uiautomator2.server.AppiumServlet.handleRequest(AppiumServlet.java:202)
05-17 15:46:56.824 E/appium  (13279): 	at io.appium.uiautomator2.server.AppiumServlet.handleHttpRequest(AppiumServlet.java:193)
05-17 15:46:56.824 E/appium  (13279): 	at io.appium.uiautomator2.http.ServerHandler.channelRead(ServerHandler.java:44)
05-17 15:46:56.824 E/appium  (13279): 	at io.netty.channel.AbstractChannelHandlerContext.invokeChannelRead(AbstractChannelHandlerContext.java:366)
05-17 15:46:56.824 E/appium  (13279): 	at io.netty.channel.AbstractChannelHandlerContext.invokeChannelRead(AbstractChannelHandlerContext.java:352)
05-17 15:46:56.824 E/appium  (13279): 	at io.netty.channel.AbstractChannelHandlerContext.fireChannelRead(AbstractChannelHandlerContext.java:345)
05-17 15:46:56.824 E/appium  (13279): 	at io.netty.handler.codec.MessageToMessageDecoder.channelRead(MessageToMessageDecoder.java:102)
05-17 15:46:56.824 E/appium  (13279): 	at io.netty.channel.AbstractChannelHandlerContext.invokeChannelRead(AbstractChannelHandlerContext.java:366)
05-17 15:46:56.824 E/appium  (13279): 	at io.netty.channel.AbstractChannelHandlerContext.invokeChannelRead(AbstractChannelHandlerContext.java:352)
05-17 15:46:56.824 E/appium  (13279): 	at io.netty.channel.AbstractChannelHandlerContext.fireChannelRead(AbstractChannelHandlerContext.java:345)
05-17 15:46:56.824 E/appium  (13279): 	at io.netty.channel.CombinedChannelDuplexHandler$DelegatingChannelHandlerContext.fireChannelRead(CombinedChannelDuplexHandler.java:435)
05-17 15:46:56.824 E/appium  (13279): 	at io.netty.handler.codec.ByteToMessageDecoder.fireChannelRead(ByteToMessageDecoder.java:293)
05-17 15:46:56.824 E/appium  (13279): 	at io.netty.handler.codec.ByteToMessageDecoder.channelRead(ByteToMessageDecoder.java:267)
05-17 15:46:56.824 E/appium  (13279): 	at io.netty.channel.CombinedChannelDuplexHandler.channelRead(CombinedChannelDuplexHandler.java:250)
05-17 15:46:56.824 E/appium  (13279): 	at io.netty.channel.AbstractChannelHandlerContext.invokeChannelRead(AbstractChannelHandlerContext.java:366)
05-17 15:46:56.824 E/appium  (13279): 	at io.netty.channel.AbstractChannelHandlerContext.invokeChannelRead(AbstractChannelHandlerContext.java:352)
05-17 15:46:56.824 E/appium  (13279): 	at io.netty.channel.AbstractChannelHandlerContext.fireChannelRead(AbstractChannelHandlerContext.java:345)
05-17 15:46:56.824 E/appium  (13279): 	at io.netty.channel.DefaultChannelPipeline$HeadContext.channelRead(DefaultChannelPipeline.java:1294)
05-17 15:46:56.824 E/appium  (13279): 	at io.netty.channel.AbstractChannelHandlerContext.invokeChannelRead(AbstractChannelHandlerContext.java:366)
05-17 15:46:56.824 E/appium  (13279): 	at io.netty.channel.AbstractChannelHandlerContext.invokeChannelRead(AbstractChannelHandlerContext.java:352)
05-17 15:46:56.824 E/appium  (13279): 	at io.netty.channel.DefaultChannelPipeline.fireChannelRead(DefaultChannelPipeline.java:911)
05-17 15:46:56.824 E/appium  (13279): 	at io.netty.channel.nio.AbstractNioByteChannel$NioByteUnsafe.read(AbstractNioByteChannel.java:131)
05-17 15:46:56.824 E/appium  (13279): 	at io.netty.channel.nio.NioEventLoop.processSelectedKey(NioEventLoop.java:611)
05-17 15:46:56.824 E/appium  (13279): 	at io.netty.channel.nio.NioEventLoop.processSelectedKeysPlain(NioEventLoop.java:514)
05-17 15:46:56.824 E/appium  (13279): 	at io.netty.channel.nio.NioEventLoop.processSelectedKeys(NioEventLoop.java:468)
05-17 15:46:56.824 E/appium  (13279): 	at io.netty.channel.nio.NioEventLoop.run(NioEventLoop.java:438)
05-17 15:46:56.824 E/appium  (13279): 	at io.netty.util.concurrent.SingleThreadEventExecutor$2.run(SingleThreadEventExecutor.java:140)
05-17 15:46:56.824 E/appium  (13279): 	at io.netty.util.concurrent.DefaultThreadFactory$DefaultRunnableDecorator.run(DefaultThreadFactory.java:144)
05-17 15:46:56.824 E/appium  (13279): 	at java.lang.Thread.run(Thread.java:818)
05-17 15:46:57.301 E/WifiTrafficPoller(  851): TRAFFIC_STATS_POLL true Token 2406 num clients 19
05-17 15:46:57.302 E/WifiTrafficPoller(  851):  packet count Tx=1615427 Rx=5361068
