--------- beginning of system
--------- beginning of main
05-17 14:01:49.493 E/WifiTrafficPoller(  851): TRAFFIC_STATS_POLL true Token 2402 num clients 18
05-17 14:01:49.494 E/WifiTrafficPoller(  851):  packet count Tx=1595918 Rx=5234184
05-17 14:01:49.494 E/WifiTrafficPoller(  851): notifying of data activity 3
05-17 14:01:49.596 E/SurfaceFlinger(  285): onDraw: bindTextureImage test
05-17 14:01:49.612 E/SurfaceFlinger(  285): onDraw: bindTextureImage test
05-17 14:01:49.629 E/SurfaceFlinger(  285): onDraw: bindTextureImage test
05-17 14:01:49.646 E/SurfaceFlinger(  285): onDraw: bindTextureImage test
05-17 14:01:49.957 E/WifiStateMachine(  851):  ConnectedState (when=-1ms what=131155 arg1=544!CMD_RSSI_POLL 544 0 "BOCO-office" 94:b4:0f:68:a4:b1 rssi=-46 f=5785 sc=80 link=135 tx=2.1, 0.0, 0.0  rx=50.1 bcn=0 [on:0 tx:0 rx:0 period:2999] from screen [on:0 period:539469029] gl rssi=-46 ag=0 hr ticks 0,0,21 ls-=0 [56,56,56,56,61] brc=0 lrc=0
05-17 14:01:49.958 E/WifiStateMachine(  851):  L2ConnectedState (when=-2ms what=131155 arg1=544!CMD_RSSI_POLL 544 0 "BOCO-office" 94:b4:0f:68:a4:b1 rssi=-46 f=5785 sc=80 link=135 tx=2.1, 0.0, 0.0  rx=50.1 bcn=0 [on:0 tx:0 rx:0 period:1] from screen [on:0 period:539469030] gl rssi=-46 ag=0 hr ticks 0,0,21 ls-=0 [56,56,56,56,61] brc=0 lrc=0
05-17 14:01:49.958 E/WifiStateMachine(  851):  get link layer stats 0
05-17 14:01:49.961 E/WifiStateMachine(  851): calculateWifiScore() we set wifi's score to 1000, so will always set wifi as a default network.
05-17 14:01:50.116 E/SurfaceFlinger(  285): onDraw: bindTextureImage test
05-17 14:01:50.134 E/SurfaceFlinger(  285): onDraw: bindTextureImage test
05-17 14:01:50.150 E/SurfaceFlinger(  285): onDraw: bindTextureImage test
05-17 14:01:50.167 E/SurfaceFlinger(  285): onDraw: bindTextureImage test
05-17 14:01:50.183 E/SurfaceFlinger(  285): onDraw: bindTextureImage test
05-17 14:01:50.200 E/SurfaceFlinger(  285): onDraw: bindTextureImage test
05-17 14:01:50.217 E/SurfaceFlinger(  285): onDraw: bindTextureImage test
05-17 14:01:50.494 E/WifiTrafficPoller(  851): TRAFFIC_STATS_POLL true Token 2402 num clients 18
05-17 14:01:50.495 E/WifiTrafficPoller(  851):  packet count Tx=1595920 Rx=5234197
05-17 14:01:50.991 E/SurfaceFlinger(  285): onDraw: bindTextureImage test
05-17 14:01:51.008 E/SurfaceFlinger(  285): onDraw: bindTextureImage test
05-17 14:01:51.025 E/SurfaceFlinger(  285): onDraw: bindTextureImage test
05-17 14:01:51.042 E/SurfaceFlinger(  285): onDraw: bindTextureImage test
05-17 14:01:51.059 E/SurfaceFlinger(  285): onDraw: bindTextureImage test
05-17 14:01:51.076 E/SurfaceFlinger(  285): onDraw: bindTextureImage test
05-17 14:01:51.092 E/SurfaceFlinger(  285): onDraw: bindTextureImage test
05-17 14:01:51.109 E/SurfaceFlinger(  285): onDraw: bindTextureImage test
05-17 14:01:51.495 E/WifiTrafficPoller(  851): TRAFFIC_STATS_POLL true Token 2402 num clients 18
05-17 14:01:51.496 E/WifiTrafficPoller(  851):  packet count Tx=1595921 Rx=5234216
05-17 14:01:52.255 E/SurfaceFlinger(  285): onDraw: bindTextureImage test
05-17 14:01:52.270 E/SurfaceFlinger(  285): onDraw: bindTextureImage test
05-17 14:01:52.286 E/SurfaceFlinger(  285): onDraw: bindTextureImage test
05-17 14:01:52.303 E/SurfaceFlinger(  285): onDraw: bindTextureImage test
05-17 14:01:52.320 E/SurfaceFlinger(  285): onDraw: bindTextureImage test
05-17 14:01:52.337 E/SurfaceFlinger(  285): onDraw: bindTextureImage test
05-17 14:01:52.354 E/SurfaceFlinger(  285): onDraw: bindTextureImage test
05-17 14:01:52.497 E/WifiTrafficPoller(  851): TRAFFIC_STATS_POLL true Token 2402 num clients 18
05-17 14:01:52.497 E/WifiTrafficPoller(  851):  packet count Tx=1595923 Rx=5234231
05-17 14:01:52.967 E/WifiStateMachine(  851):  ConnectedState (when=-4ms what=131155 arg1=544!CMD_RSSI_POLL 544 0 "BOCO-office" 94:b4:0f:68:a4:b1 rssi=-47 f=5785 sc=80 link=135 tx=4.5, 0.0, 0.0  rx=48.6 bcn=0 [on:0 tx:0 rx:0 period:3005] from screen [on:0 period:539472039] gl rssi=-47 ag=0 hr ticks 0,0,21 ls-=0 [56,56,56,56,61] brc=0 lrc=0
05-17 14:01:52.969 E/WifiStateMachine(  851):  L2ConnectedState (when=-6ms what=131155 arg1=544!CMD_RSSI_POLL 544 0 "BOCO-office" 94:b4:0f:68:a4:b1 rssi=-47 f=5785 sc=80 link=135 tx=4.5, 0.0, 0.0  rx=48.6 bcn=0 [on:0 tx:0 rx:0 period:2] from screen [on:0 period:539472041] gl rssi=-47 ag=0 hr ticks 0,0,21 ls-=0 [56,56,56,56,61] brc=0 lrc=0
05-17 14:01:52.969 E/WifiStateMachine(  851):  get link layer stats 0
05-17 14:01:52.974 E/WifiStateMachine(  851): calculateWifiScore() we set wifi's score to 1000, so will always set wifi as a default network.
05-17 14:01:53.499 E/WifiTrafficPoller(  851): TRAFFIC_STATS_POLL true Token 2402 num clients 18
05-17 14:01:53.500 E/WifiTrafficPoller(  851):  packet count Tx=1595924 Rx=5234245
05-17 14:01:53.650 E/SurfaceFlinger(  285): onDraw: bindTextureImage test
05-17 14:01:53.666 E/SurfaceFlinger(  285): onDraw: bindTextureImage test
05-17 14:01:53.684 E/SurfaceFlinger(  285): onDraw: bindTextureImage test
05-17 14:01:53.717 E/SurfaceFlinger(  285): onDraw: bindTextureImage test
05-17 14:01:53.951 E/SurfaceFlinger(  285): onDraw: bindTextureImage test
05-17 14:01:53.968 E/SurfaceFlinger(  285): onDraw: bindTextureImage test
05-17 14:01:53.985 E/SurfaceFlinger(  285): onDraw: bindTextureImage test
05-17 14:01:54.001 E/SurfaceFlinger(  285): onDraw: bindTextureImage test
05-17 14:01:54.018 E/SurfaceFlinger(  285): onDraw: bindTextureImage test
05-17 14:01:54.035 E/SurfaceFlinger(  285): onDraw: bindTextureImage test
05-17 14:01:54.052 E/SurfaceFlinger(  285): onDraw: bindTextureImage test
05-17 14:01:54.068 E/SurfaceFlinger(  285): onDraw: bindTextureImage test
05-17 14:01:54.500 E/WifiTrafficPoller(  851): TRAFFIC_STATS_POLL true Token 2402 num clients 18
05-17 14:01:54.502 E/WifiTrafficPoller(  851):  packet count Tx=1595930 Rx=5234279
05-17 14:01:55.502 E/WifiTrafficPoller(  851): TRAFFIC_STATS_POLL true Token 2402 num clients 18
05-17 14:01:55.503 E/WifiTrafficPoller(  851):  packet count Tx=1595932 Rx=5234294
05-17 14:01:55.566 E/SurfaceFlinger(  285): onDraw: bindTextureImage test
05-17 14:01:55.584 E/SurfaceFlinger(  285): onDraw: bindTextureImage test
05-17 14:01:55.600 E/SurfaceFlinger(  285): onDraw: bindTextureImage test
05-17 14:01:55.617 E/SurfaceFlinger(  285): onDraw: bindTextureImage test
05-17 14:01:55.633 E/SurfaceFlinger(  285): onDraw: bindTextureImage test
05-17 14:01:55.651 E/SurfaceFlinger(  285): onDraw: bindTextureImage test
05-17 14:01:55.667 E/SurfaceFlinger(  285): onDraw: bindTextureImage test
05-17 14:01:55.684 E/SurfaceFlinger(  285): onDraw: bindTextureImage test
05-17 14:01:55.979 E/WifiStateMachine(  851):  ConnectedState (when=-3ms what=131155 arg1=544!CMD_RSSI_POLL 544 0 "BOCO-office" 94:b4:0f:68:a4:b1 rssi=-48 f=5785 sc=80 link=135 tx=4.8, 0.0, 0.0  rx=45.3 bcn=0 [on:0 tx:0 rx:0 period:3001] from screen [on:0 period:539475051] gl rssi=-48 ag=0 hr ticks 0,0,21 ls-=0 [56,56,56,56,61] brc=0 lrc=0
05-17 14:01:55.981 E/WifiStateMachine(  851):  L2ConnectedState (when=-6ms what=131155 arg1=544!CMD_RSSI_POLL 544 0 "BOCO-office" 94:b4:0f:68:a4:b1 rssi=-48 f=5785 sc=80 link=135 tx=4.8, 0.0, 0.0  rx=45.3 bcn=0 [on:0 tx:0 rx:0 period:2] from screen [on:0 period:539475053] gl rssi=-48 ag=0 hr ticks 0,0,21 ls-=0 [56,56,56,56,61] brc=0 lrc=0
05-17 14:01:55.982 E/WifiStateMachine(  851):  get link layer stats 0
05-17 14:01:55.989 E/WifiStateMachine(  851): calculateWifiScore() we set wifi's score to 1000, so will always set wifi as a default network.
05-17 14:01:56.105 E/SurfaceFlinger(  285): onDraw: bindTextureImage test
05-17 14:01:56.121 E/SurfaceFlinger(  285): onDraw: bindTextureImage test
05-17 14:01:56.138 E/SurfaceFlinger(  285): onDraw: bindTextureImage test
05-17 14:01:56.155 E/SurfaceFlinger(  285): onDraw: bindTextureImage test
05-17 14:01:56.172 E/SurfaceFlinger(  285): onDraw: bindTextureImage test
05-17 14:01:56.188 E/SurfaceFlinger(  285): onDraw: bindTextureImage test
05-17 14:01:56.205 E/SurfaceFlinger(  285): onDraw: bindTextureImage test
05-17 14:01:56.503 E/WifiTrafficPoller(  851): TRAFFIC_STATS_POLL true Token 2402 num clients 18
05-17 14:01:56.504 E/WifiTrafficPoller(  851):  packet count Tx=1595936 Rx=5234317
05-17 14:01:57.505 E/WifiTrafficPoller(  851): TRAFFIC_STATS_POLL true Token 2402 num clients 18
05-17 14:01:57.505 E/WifiTrafficPoller(  851):  packet count Tx=1595936 Rx=5234333
05-17 14:01:57.505 E/WifiTrafficPoller(  851): notifying of data activity 1
05-17 14:01:58.506 E/WifiTrafficPoller(  851): TRAFFIC_STATS_POLL true Token 2402 num clients 18
05-17 14:01:58.507 E/WifiTrafficPoller(  851):  packet count Tx=1595936 Rx=5234349
05-17 14:01:58.994 E/WifiStateMachine(  851):  ConnectedState (when=-4ms what=131155 arg1=544!CMD_RSSI_POLL 544 0 "BOCO-office" 94:b4:0f:68:a4:b1 rssi=-48 f=5785 sc=80 link=135 tx=7.4, 0.0, 0.0  rx=59.1 bcn=0 [on:0 tx:0 rx:0 period:3002] from screen [on:0 period:539478066] gl rssi=-48 ag=0 hr ticks 0,0,21 ls-=0 [56,56,60,60,65] brc=0 lrc=0
05-17 14:01:59.000 E/WifiStateMachine(  851):  L2ConnectedState (when=-10ms what=131155 arg1=544!CMD_RSSI_POLL 544 0 "BOCO-office" 94:b4:0f:68:a4:b1 rssi=-48 f=5785 sc=80 link=135 tx=7.4, 0.0, 0.0  rx=59.1 bcn=0 [on:0 tx:0 rx:0 period:5] from screen [on:0 period:539478071] gl rssi=-48 ag=0 hr ticks 0,0,21 ls-=0 [56,56,60,60,65] brc=0 lrc=0
05-17 14:01:59.002 E/WifiStateMachine(  851):  get link layer stats 0
05-17 14:01:59.028 E/WifiStateMachine(  851): calculateWifiScore() we set wifi's score to 1000, so will always set wifi as a default network.
05-17 14:01:59.507 E/WifiTrafficPoller(  851): TRAFFIC_STATS_POLL true Token 2402 num clients 18
05-17 14:01:59.511 E/WifiTrafficPoller(  851):  packet count Tx=1595936 Rx=5234367
05-17 14:02:00.514 E/WifiTrafficPoller(  851): TRAFFIC_STATS_POLL true Token 2402 num clients 18
05-17 14:02:00.516 E/WifiTrafficPoller(  851):  packet count Tx=1595936 Rx=5234380
05-17 14:02:01.516 E/WifiTrafficPoller(  851): TRAFFIC_STATS_POLL true Token 2402 num clients 18
05-17 14:02:01.516 E/WifiTrafficPoller(  851):  packet count Tx=1595936 Rx=5234399
05-17 14:02:02.039 E/WifiStateMachine(  851):  ConnectedState (when=-3ms what=131155 arg1=544!CMD_RSSI_POLL 544 0 "BOCO-office" 94:b4:0f:68:a4:b1 rssi=-47 f=5785 sc=80 link=135 tx=5.2, 0.0, 0.0  rx=55.6 bcn=0 [on:0 tx:0 rx:0 period:2991] from screen [on:0 period:539481110] gl rssi=-47 ag=0 hr ticks 0,0,21 ls-=0 [56,56,60,60,65] brc=0 lrc=0
05-17 14:02:02.041 E/WifiStateMachine(  851):  L2ConnectedState (when=-5ms what=131155 arg1=544!CMD_RSSI_POLL 544 0 "BOCO-office" 94:b4:0f:68:a4:b1 rssi=-47 f=5785 sc=80 link=135 tx=5.2, 0.0, 0.0  rx=55.6 bcn=0 [on:0 tx:0 rx:0 period:3] from screen [on:0 period:539481113] gl rssi=-47 ag=0 hr ticks 0,0,21 ls-=0 [56,56,60,60,65] brc=0 lrc=0
05-17 14:02:02.041 E/WifiStateMachine(  851):  get link layer stats 0
05-17 14:02:02.065 E/WifiStateMachine(  851): calculateWifiScore() we set wifi's score to 1000, so will always set wifi as a default network.
05-17 14:02:02.517 E/WifiTrafficPoller(  851): TRAFFIC_STATS_POLL true Token 2402 num clients 18
05-17 14:02:02.518 E/WifiTrafficPoller(  851):  packet count Tx=1595936 Rx=5234414
05-17 14:02:03.518 E/WifiTrafficPoller(  851): TRAFFIC_STATS_POLL true Token 2402 num clients 18
05-17 14:02:03.520 E/WifiTrafficPoller(  851):  packet count Tx=1595936 Rx=5234431
05-17 14:02:04.520 E/WifiTrafficPoller(  851): TRAFFIC_STATS_POLL true Token 2402 num clients 18
05-17 14:02:04.521 E/WifiTrafficPoller(  851):  packet count Tx=1595936 Rx=5234451
05-17 14:02:04.886 E/memtrack(26207): Couldn't load memtrack module (No such file or directory)
05-17 14:02:04.886 E/android.os.Debug(26207): failed to load memtrack module: -2
05-17 14:02:05.051 E/InputDispatcher(  851): channel '39abef8c com.boco.sc.mobileom/com.boco.sc.mobileom.comm_tree.TreeList (server)' ~ Channel is unrecoverably broken and will be disposed!
05-17 14:02:05.069 E/WifiStateMachine(  851):  ConnectedState (when=-2ms what=131155 arg1=544!CMD_RSSI_POLL 544 0 "BOCO-office" 94:b4:0f:68:a4:b1 rssi=-47 f=5785 sc=80 link=135 tx=2.6, 0.0, 0.0  rx=52.3 bcn=0 [on:0 tx:0 rx:0 period:3000] from screen [on:0 period:539484140] gl rssi=-47 ag=0 hr ticks 0,0,21 ls-=0 [56,56,56,56,61] brc=0 lrc=0
05-17 14:02:05.070 E/WifiStateMachine(  851):  L2ConnectedState (when=-3ms what=131155 arg1=544!CMD_RSSI_POLL 544 0 "BOCO-office" 94:b4:0f:68:a4:b1 rssi=-47 f=5785 sc=80 link=135 tx=2.6, 0.0, 0.0  rx=52.3 bcn=0 [on:0 tx:0 rx:0 period:2] from screen [on:0 period:539484142] gl rssi=-47 ag=0 hr ticks 0,0,21 ls-=0 [56,56,56,56,61] brc=0 lrc=0
05-17 14:02:05.070 E/WifiStateMachine(  851):  get link layer stats 0
05-17 14:02:05.075 E/WifiStateMachine(  851): calculateWifiScore() we set wifi's score to 1000, so will always set wifi as a default network.
05-17 14:02:05.520 E/WifiTrafficPoller(  851): TRAFFIC_STATS_POLL true Token 2402 num clients 17
05-17 14:02:05.521 E/WifiTrafficPoller(  851):  packet count Tx=1595938 Rx=5234467
05-17 14:02:05.521 E/WifiTrafficPoller(  851): notifying of data activity 3
05-17 14:02:06.522 E/WifiTrafficPoller(  851): TRAFFIC_STATS_POLL true Token 2402 num clients 17
05-17 14:02:06.523 E/WifiTrafficPoller(  851):  packet count Tx=1595938 Rx=5234483
05-17 14:02:06.524 E/WifiTrafficPoller(  851): notifying of data activity 1
05-17 14:02:07.526 E/WifiTrafficPoller(  851): TRAFFIC_STATS_POLL true Token 2402 num clients 17
05-17 14:02:07.526 E/WifiTrafficPoller(  851):  packet count Tx=1595938 Rx=5234496
05-17 14:02:08.084 E/WifiStateMachine(  851):  ConnectedState (when=-8ms what=131155 arg1=544!CMD_RSSI_POLL 544 0 "BOCO-office" 94:b4:0f:68:a4:b1 rssi=-47 f=5785 sc=80 link=135 tx=2.3, 0.0, 0.0  rx=50.6 bcn=0 [on:0 tx:0 rx:0 period:2933] from screen [on:0 period:539487156] gl rssi=-47 ag=0 hr ticks 0,0,21 ls-=0 [56,56,56,56,61] brc=0 lrc=0
05-17 14:02:08.087 E/WifiStateMachine(  851):  L2ConnectedState (when=-11ms what=131155 arg1=544!CMD_RSSI_POLL 544 0 "BOCO-office" 94:b4:0f:68:a4:b1 rssi=-47 f=5785 sc=80 link=135 tx=2.3, 0.0, 0.0  rx=50.6 bcn=0 [on:0 tx:0 rx:0 period:3] from screen [on:0 period:539487159] gl rssi=-47 ag=0 hr ticks 0,0,21 ls-=0 [56,56,56,56,61] brc=0 lrc=0
05-17 14:02:08.087 E/WifiStateMachine(  851):  get link layer stats 0
05-17 14:02:08.106 E/WifiStateMachine(  851): calculateWifiScore() we set wifi's score to 1000, so will always set wifi as a default network.
05-17 14:02:08.526 E/WifiTrafficPoller(  851): TRAFFIC_STATS_POLL true Token 2402 num clients 17
05-17 14:02:08.529 E/WifiTrafficPoller(  851):  packet count Tx=1595938 Rx=5234512
05-17 14:02:09.529 E/WifiTrafficPoller(  851): TRAFFIC_STATS_POLL true Token 2402 num clients 17
05-17 14:02:09.530 E/WifiTrafficPoller(  851):  packet count Tx=1595938 Rx=5234530
05-17 14:02:10.531 E/WifiTrafficPoller(  851): TRAFFIC_STATS_POLL true Token 2402 num clients 17
05-17 14:02:10.532 E/WifiTrafficPoller(  851):  packet count Tx=1595938 Rx=5234545
05-17 14:02:11.111 E/WifiStateMachine(  851):  ConnectedState (when=-4ms what=131155 arg1=544!CMD_RSSI_POLL 544 0 "BOCO-office" 94:b4:0f:68:a4:b1 rssi=-47 f=5785 sc=80 link=135 tx=1.1, 0.0, 0.0  rx=48.8 bcn=0 [on:0 tx:0 rx:0 period:3002] from screen [on:0 period:539490183] gl rssi=-47 ag=0 hr ticks 0,0,21 ls-=0 [56,56,56,56,61] brc=0 lrc=0
05-17 14:02:11.114 E/WifiStateMachine(  851):  L2ConnectedState (when=-7ms what=131155 arg1=544!CMD_RSSI_POLL 544 0 "BOCO-office" 94:b4:0f:68:a4:b1 rssi=-47 f=5785 sc=80 link=135 tx=1.1, 0.0, 0.0  rx=48.8 bcn=0 [on:0 tx:0 rx:0 period:3] from screen [on:0 period:539490186] gl rssi=-47 ag=0 hr ticks 0,0,21 ls-=0 [56,56,56,56,61] brc=0 lrc=0
05-17 14:02:11.114 E/WifiStateMachine(  851):  get link layer stats 0
05-17 14:02:11.120 E/WifiStateMachine(  851): calculateWifiScore() we set wifi's score to 1000, so will always set wifi as a default network.
05-17 14:02:11.532 E/WifiTrafficPoller(  851): TRAFFIC_STATS_POLL true Token 2402 num clients 17
05-17 14:02:11.534 E/WifiTrafficPoller(  851):  packet count Tx=1595938 Rx=5234570
05-17 14:02:12.534 E/WifiTrafficPoller(  851): TRAFFIC_STATS_POLL true Token 2402 num clients 17
05-17 14:02:12.535 E/WifiTrafficPoller(  851):  packet count Tx=1595938 Rx=5234596
05-17 14:02:13.536 E/WifiTrafficPoller(  851): TRAFFIC_STATS_POLL true Token 2402 num clients 17
05-17 14:02:13.538 E/WifiTrafficPoller(  851):  packet count Tx=1595938 Rx=5234624
05-17 14:02:14.126 E/WifiStateMachine(  851):  ConnectedState (when=-4ms what=131155 arg1=544!CMD_RSSI_POLL 544 0 "BOCO-office" 94:b4:0f:68:a4:b1 rssi=-46 f=5785 sc=80 link=135 tx=0.6, 0.0, 0.0  rx=50.4 bcn=0 [on:0 tx:0 rx:0 period:3001] from screen [on:0 period:539493197] gl rssi=-46 ag=0 hr ticks 0,0,21 ls-=0 [56,56,56,56,61] brc=0 lrc=0
05-17 14:02:14.128 E/WifiStateMachine(  851):  L2ConnectedState (when=-7ms what=131155 arg1=544!CMD_RSSI_POLL 544 0 "BOCO-office" 94:b4:0f:68:a4:b1 rssi=-46 f=5785 sc=80 link=135 tx=0.6, 0.0, 0.0  rx=50.4 bcn=0 [on:0 tx:0 rx:0 period:3] from screen [on:0 period:539493200] gl rssi=-46 ag=0 hr ticks 0,0,21 ls-=0 [56,56,56,56,61] brc=0 lrc=0
05-17 14:02:14.129 E/WifiStateMachine(  851):  get link layer stats 0
05-17 14:02:14.145 E/WifiStateMachine(  851): calculateWifiScore() we set wifi's score to 1000, so will always set wifi as a default network.
05-17 14:02:14.538 E/WifiTrafficPoller(  851): TRAFFIC_STATS_POLL true Token 2402 num clients 17
05-17 14:02:14.539 E/WifiTrafficPoller(  851):  packet count Tx=1595938 Rx=5234691
05-17 14:02:15.538 E/WifiTrafficPoller(  851): TRAFFIC_STATS_POLL true Token 2402 num clients 17
05-17 14:02:15.540 E/WifiTrafficPoller(  851):  packet count Tx=1595938 Rx=5234714
05-17 14:02:16.539 E/WifiTrafficPoller(  851): TRAFFIC_STATS_POLL true Token 2402 num clients 17
05-17 14:02:16.541 E/WifiTrafficPoller(  851):  packet count Tx=1595938 Rx=5234742
05-17 14:02:17.151 E/WifiStateMachine(  851):  ConnectedState (when=-4ms what=131155 arg1=544!CMD_RSSI_POLL 544 0 "BOCO-office" 94:b4:0f:68:a4:b1 rssi=-44 f=5785 sc=80 link=135 tx=0.3, 0.0, 0.0  rx=77.2 bcn=0 [on:0 tx:0 rx:0 period:3001] from screen [on:0 period:539496223] gl rssi=-44 ag=0 hr ticks 0,0,21 ls-=0 [56,56,56,56,61] brc=0 lrc=0
05-17 14:02:17.154 E/WifiStateMachine(  851):  L2ConnectedState (when=-7ms what=131155 arg1=544!CMD_RSSI_POLL 544 0 "BOCO-office" 94:b4:0f:68:a4:b1 rssi=-44 f=5785 sc=80 link=135 tx=0.3, 0.0, 0.0  rx=77.2 bcn=0 [on:0 tx:0 rx:0 period:3] from screen [on:0 period:539496226] gl rssi=-44 ag=0 hr ticks 0,0,21 ls-=0 [56,56,56,56,61] brc=0 lrc=0
05-17 14:02:17.154 E/WifiStateMachine(  851):  get link layer stats 0
05-17 14:02:17.161 E/WifiStateMachine(  851): calculateWifiScore() we set wifi's score to 1000, so will always set wifi as a default network.
05-17 14:02:17.542 E/WifiTrafficPoller(  851): TRAFFIC_STATS_POLL true Token 2402 num clients 17
05-17 14:02:17.543 E/WifiTrafficPoller(  851):  packet count Tx=1595938 Rx=5234763
05-17 14:02:18.543 E/WifiTrafficPoller(  851): TRAFFIC_STATS_POLL true Token 2402 num clients 17
05-17 14:02:18.545 E/WifiTrafficPoller(  851):  packet count Tx=1595938 Rx=5234783
05-17 14:02:19.545 E/WifiTrafficPoller(  851): TRAFFIC_STATS_POLL true Token 2402 num clients 17
05-17 14:02:19.546 E/WifiTrafficPoller(  851):  packet count Tx=1595938 Rx=5234803
05-17 14:02:19.961 E/memtrack(26226): Couldn't load memtrack module (No such file or directory)
05-17 14:02:19.961 E/android.os.Debug(26226): failed to load memtrack module: -2
05-17 14:02:20.163 E/WifiStateMachine(  851):  ConnectedState (when=-2ms what=131155 arg1=544!CMD_RSSI_POLL 544 0 "BOCO-office" 94:b4:0f:68:a4:b1 rssi=-44 f=5785 sc=80 link=135 tx=0.1, 0.0, 0.0  rx=87.6 bcn=0 [on:0 tx:0 rx:0 period:2998] from screen [on:0 period:539499235] gl rssi=-44 ag=0 hr ticks 0,0,21 ls-=0 [56,56,56,56,61] brc=0 lrc=0
05-17 14:02:20.164 E/WifiStateMachine(  851):  L2ConnectedState (when=-3ms what=131155 arg1=544!CMD_RSSI_POLL 544 0 "BOCO-office" 94:b4:0f:68:a4:b1 rssi=-44 f=5785 sc=80 link=135 tx=0.1, 0.0, 0.0  rx=87.6 bcn=0 [on:0 tx:0 rx:0 period:1] from screen [on:0 period:539499236] gl rssi=-44 ag=0 hr ticks 0,0,21 ls-=0 [56,56,56,56,61] brc=0 lrc=0
05-17 14:02:20.164 E/WifiStateMachine(  851):  get link layer stats 0
05-17 14:02:20.166 E/WifiStateMachine(  851): calculateWifiScore() we set wifi's score to 1000, so will always set wifi as a default network.
05-17 14:02:20.547 E/WifiTrafficPoller(  851): TRAFFIC_STATS_POLL true Token 2402 num clients 17
05-17 14:02:20.549 E/WifiTrafficPoller(  851):  packet count Tx=1595944 Rx=5234824
05-17 14:02:20.549 E/WifiTrafficPoller(  851): notifying of data activity 3
05-17 14:02:21.551 E/WifiTrafficPoller(  851): TRAFFIC_STATS_POLL true Token 2402 num clients 17
05-17 14:02:21.553 E/WifiTrafficPoller(  851):  packet count Tx=1595944 Rx=5234837
05-17 14:02:21.553 E/WifiTrafficPoller(  851): notifying of data activity 1
05-17 14:02:21.945 E/memtrack(26245): Couldn't load memtrack module (No such file or directory)
05-17 14:02:21.945 E/android.os.Debug(26245): failed to load memtrack module: -2
05-17 14:02:22.556 E/WifiTrafficPoller(  851): TRAFFIC_STATS_POLL true Token 2402 num clients 17
05-17 14:02:22.557 E/WifiTrafficPoller(  851):  packet count Tx=1595944 Rx=5234849
05-17 14:02:23.170 E/WifiStateMachine(  851):  ConnectedState (when=-3ms what=131155 arg1=544!CMD_RSSI_POLL 544 0 "BOCO-office" 94:b4:0f:68:a4:b1 rssi=-47 f=5785 sc=80 link=135 tx=3.1, 0.0, 0.0  rx=70.3 bcn=0 [on:0 tx:0 rx:0 period:3002] from screen [on:0 period:539502242] gl rssi=-47 ag=0 hr ticks 0,0,21 ls-=0 [56,56,56,56,61] brc=0 lrc=0
05-17 14:02:23.171 E/WifiStateMachine(  851):  L2ConnectedState (when=-4ms what=131155 arg1=544!CMD_RSSI_POLL 544 0 "BOCO-office" 94:b4:0f:68:a4:b1 rssi=-47 f=5785 sc=80 link=135 tx=3.1, 0.0, 0.0  rx=70.3 bcn=0 [on:0 tx:0 rx:0 period:1] from screen [on:0 period:539502243] gl rssi=-47 ag=0 hr ticks 0,0,21 ls-=0 [56,56,56,56,61] brc=0 lrc=0
05-17 14:02:23.171 E/WifiStateMachine(  851):  get link layer stats 0
05-17 14:02:23.193 E/WifiStateMachine(  851): calculateWifiScore() we set wifi's score to 1000, so will always set wifi as a default network.
05-17 14:02:23.398 E/memtrack(26263): Couldn't load memtrack module (No such file or directory)
05-17 14:02:23.398 E/android.os.Debug(26263): failed to load memtrack module: -2
05-17 14:02:23.557 E/WifiTrafficPoller(  851): TRAFFIC_STATS_POLL true Token 2402 num clients 17
05-17 14:02:23.559 E/WifiTrafficPoller(  851):  packet count Tx=1595944 Rx=5234867
05-17 14:02:24.559 E/WifiTrafficPoller(  851): TRAFFIC_STATS_POLL true Token 2402 num clients 17
05-17 14:02:24.560 E/WifiTrafficPoller(  851):  packet count Tx=1595944 Rx=5234886
05-17 14:02:25.051 E/memtrack(26281): Couldn't load memtrack module (No such file or directory)
05-17 14:02:25.051 E/android.os.Debug(26281): failed to load memtrack module: -2
05-17 14:02:25.559 E/WifiTrafficPoller(  851): TRAFFIC_STATS_POLL true Token 2402 num clients 17
05-17 14:02:25.560 E/WifiTrafficPoller(  851):  packet count Tx=1595944 Rx=5234897
05-17 14:02:25.794 E/memtrack(26298): Couldn't load memtrack module (No such file or directory)
05-17 14:02:25.794 E/android.os.Debug(26298): failed to load memtrack module: -2
05-17 14:02:26.198 E/WifiStateMachine(  851):  ConnectedState (when=-4ms what=131155 arg1=544!CMD_RSSI_POLL 544 0 "BOCO-office" 94:b4:0f:68:a4:b1 rssi=-46 f=5785 sc=80 link=135 tx=1.5, 0.0, 0.0  rx=57.7 bcn=0 [on:0 tx:0 rx:0 period:3001] from screen [on:0 period:539505270] gl rssi=-46 ag=0 hr ticks 0,0,21 ls-=0 [56,56,56,56,61] brc=0 lrc=0
05-17 14:02:26.201 E/WifiStateMachine(  851):  L2ConnectedState (when=-7ms what=131155 arg1=544!CMD_RSSI_POLL 544 0 "BOCO-office" 94:b4:0f:68:a4:b1 rssi=-46 f=5785 sc=80 link=135 tx=1.5, 0.0, 0.0  rx=57.7 bcn=0 [on:0 tx:0 rx:0 period:3] from screen [on:0 period:539505273] gl rssi=-46 ag=0 hr ticks 0,0,21 ls-=0 [56,56,56,56,61] brc=0 lrc=0
05-17 14:02:26.201 E/WifiStateMachine(  851):  get link layer stats 0
05-17 14:02:26.226 E/WifiStateMachine(  851): calculateWifiScore() we set wifi's score to 1000, so will always set wifi as a default network.
05-17 14:02:26.560 E/WifiTrafficPoller(  851): TRAFFIC_STATS_POLL true Token 2402 num clients 17
05-17 14:02:26.560 E/WifiTrafficPoller(  851):  packet count Tx=1595944 Rx=5234917
05-17 14:02:26.693 E/memtrack(26314): Couldn't load memtrack module (No such file or directory)
05-17 14:02:26.693 E/android.os.Debug(26314): failed to load memtrack module: -2
05-17 14:02:27.561 E/WifiTrafficPoller(  851): TRAFFIC_STATS_POLL true Token 2402 num clients 17
05-17 14:02:27.562 E/WifiTrafficPoller(  851):  packet count Tx=1595944 Rx=5234934
05-17 14:02:27.625 E/memtrack(26330): Couldn't load memtrack module (No such file or directory)
05-17 14:02:27.625 E/android.os.Debug(26330): failed to load memtrack module: -2
05-17 14:02:28.541 E/memtrack(26346): Couldn't load memtrack module (No such file or directory)
05-17 14:02:28.541 E/android.os.Debug(26346): failed to load memtrack module: -2
05-17 14:02:28.561 E/WifiTrafficPoller(  851): TRAFFIC_STATS_POLL true Token 2402 num clients 17
05-17 14:02:28.562 E/WifiTrafficPoller(  851):  packet count Tx=1595944 Rx=5234947
05-17 14:02:29.232 E/WifiStateMachine(  851):  ConnectedState (when=-4ms what=131155 arg1=544!CMD_RSSI_POLL 544 0 "BOCO-office" 94:b4:0f:68:a4:b1 rssi=-48 f=5785 sc=80 link=135 tx=0.8, 0.0, 0.0  rx=54.8 bcn=0 [on:0 tx:0 rx:0 period:3003] from screen [on:0 period:539508304] gl rssi=-48 ag=0 hr ticks 0,0,21 ls-=0 [56,56,56,56,61] brc=0 lrc=0
05-17 14:02:29.238 E/WifiStateMachine(  851):  L2ConnectedState (when=-8ms what=131155 arg1=544!CMD_RSSI_POLL 544 0 "BOCO-office" 94:b4:0f:68:a4:b1 rssi=-48 f=5785 sc=80 link=135 tx=0.8, 0.0, 0.0  rx=54.8 bcn=0 [on:0 tx:0 rx:0 period:6] from screen [on:0 period:539508310] gl rssi=-48 ag=0 hr ticks 0,0,21 ls-=0 [56,56,56,56,61] brc=0 lrc=0
05-17 14:02:29.238 E/WifiStateMachine(  851):  get link layer stats 0
05-17 14:02:29.256 E/WifiStateMachine(  851): calculateWifiScore() we set wifi's score to 1000, so will always set wifi as a default network.
05-17 14:02:29.562 E/WifiTrafficPoller(  851): TRAFFIC_STATS_POLL true Token 2402 num clients 17
05-17 14:02:29.563 E/WifiTrafficPoller(  851):  packet count Tx=1595944 Rx=5234960
05-17 14:02:29.853 E/memtrack(26365): Couldn't load memtrack module (No such file or directory)
05-17 14:02:29.853 E/android.os.Debug(26365): failed to load memtrack module: -2
05-17 14:02:30.563 E/WifiTrafficPoller(  851): TRAFFIC_STATS_POLL true Token 2402 num clients 17
05-17 14:02:30.563 E/WifiTrafficPoller(  851):  packet count Tx=1595944 Rx=5234969
05-17 14:02:30.594 E/memtrack(26382): Couldn't load memtrack module (No such file or directory)
05-17 14:02:30.594 E/android.os.Debug(26382): failed to load memtrack module: -2
05-17 14:02:31.564 E/WifiTrafficPoller(  851): TRAFFIC_STATS_POLL true Token 2402 num clients 17
05-17 14:02:31.565 E/WifiTrafficPoller(  851):  packet count Tx=1595944 Rx=5234984
05-17 14:02:32.261 E/WifiStateMachine(  851):  ConnectedState (when=-4ms what=131155 arg1=544!CMD_RSSI_POLL 544 0 "BOCO-office" 94:b4:0f:68:a4:b1 rssi=-47 f=5785 sc=80 link=135 tx=0.4, 0.0, 0.0  rx=51.9 bcn=0 [on:0 tx:0 rx:0 period:3000] from screen [on:0 period:539511332] gl rssi=-47 ag=0 hr ticks 0,0,21 ls-=0 [56,56,56,56,61] brc=0 lrc=0
05-17 14:02:32.264 E/WifiStateMachine(  851):  L2ConnectedState (when=-6ms what=131155 arg1=544!CMD_RSSI_POLL 544 0 "BOCO-office" 94:b4:0f:68:a4:b1 rssi=-47 f=5785 sc=80 link=135 tx=0.4, 0.0, 0.0  rx=51.9 bcn=0 [on:0 tx:0 rx:0 period:3] from screen [on:0 period:539511335] gl rssi=-47 ag=0 hr ticks 0,0,21 ls-=0 [56,56,56,56,61] brc=0 lrc=0
05-17 14:02:32.264 E/WifiStateMachine(  851):  get link layer stats 0
05-17 14:02:32.286 E/WifiStateMachine(  851): calculateWifiScore() we set wifi's score to 1000, so will always set wifi as a default network.
05-17 14:02:32.564 E/WifiTrafficPoller(  851): TRAFFIC_STATS_POLL true Token 2402 num clients 17
05-17 14:02:32.565 E/WifiTrafficPoller(  851):  packet count Tx=1595944 Rx=5234998
05-17 14:02:33.566 E/WifiTrafficPoller(  851): TRAFFIC_STATS_POLL true Token 2402 num clients 17
05-17 14:02:33.567 E/WifiTrafficPoller(  851):  packet count Tx=1595944 Rx=5235012
05-17 14:02:34.568 E/WifiTrafficPoller(  851): TRAFFIC_STATS_POLL true Token 2402 num clients 17
05-17 14:02:34.570 E/WifiTrafficPoller(  851):  packet count Tx=1595944 Rx=5235043
05-17 14:02:35.289 E/WifiStateMachine(  851):  ConnectedState (when=-3ms what=131155 arg1=544!CMD_RSSI_POLL 544 0 "BOCO-office" 94:b4:0f:68:a4:b1 rssi=-47 f=5785 sc=80 link=135 tx=0.2, 0.0, 0.0  rx=44.0 bcn=0 [on:0 tx:0 rx:0 period:3000] from screen [on:0 period:539514361] gl rssi=-47 ag=0 hr ticks 0,0,21 ls-=0 [56,56,56,56,61] brc=0 lrc=0
05-17 14:02:35.290 E/WifiStateMachine(  851):  L2ConnectedState (when=-4ms what=131155 arg1=544!CMD_RSSI_POLL 544 0 "BOCO-office" 94:b4:0f:68:a4:b1 rssi=-47 f=5785 sc=80 link=135 tx=0.2, 0.0, 0.0  rx=44.0 bcn=0 [on:0 tx:0 rx:0 period:1] from screen [on:0 period:539514362] gl rssi=-47 ag=0 hr ticks 0,0,21 ls-=0 [56,56,56,56,61] brc=0 lrc=0
05-17 14:02:35.290 E/WifiStateMachine(  851):  get link layer stats 0
05-17 14:02:35.304 E/WifiStateMachine(  851): calculateWifiScore() we set wifi's score to 1000, so will always set wifi as a default network.
05-17 14:02:35.571 E/WifiTrafficPoller(  851): TRAFFIC_STATS_POLL true Token 2402 num clients 17
05-17 14:02:35.573 E/WifiTrafficPoller(  851):  packet count Tx=1595944 Rx=5235051
05-17 14:02:36.018 E/memtrack(26402): Couldn't load memtrack module (No such file or directory)
05-17 14:02:36.018 E/android.os.Debug(26402): failed to load memtrack module: -2
05-17 14:02:36.574 E/WifiTrafficPoller(  851): TRAFFIC_STATS_POLL true Token 2402 num clients 17
05-17 14:02:36.574 E/WifiTrafficPoller(  851):  packet count Tx=1595944 Rx=5235076
05-17 14:02:36.747 E/memtrack(26419): Couldn't load memtrack module (No such file or directory)
05-17 14:02:36.747 E/android.os.Debug(26419): failed to load memtrack module: -2
05-17 14:02:37.575 E/WifiTrafficPoller(  851): TRAFFIC_STATS_POLL true Token 2402 num clients 17
05-17 14:02:37.575 E/WifiTrafficPoller(  851):  packet count Tx=1595944 Rx=5235092
05-17 14:02:37.663 E/memtrack(26435): Couldn't load memtrack module (No such file or directory)
05-17 14:02:37.663 E/android.os.Debug(26435): failed to load memtrack module: -2
05-17 14:02:38.308 E/WifiStateMachine(  851):  ConnectedState (when=-3ms what=131155 arg1=544!CMD_RSSI_POLL 544 0 "BOCO-office" 94:b4:0f:68:a4:b1 rssi=-47 f=5785 sc=80 link=135 tx=0.1, 0.0, 0.0  rx=50.5 bcn=0 [on:0 tx:0 rx:0 period:3000] from screen [on:0 period:539517380] gl rssi=-47 ag=0 hr ticks 0,0,21 ls-=0 [56,56,56,56,61] brc=0 lrc=0
05-17 14:02:38.309 E/WifiStateMachine(  851):  L2ConnectedState (when=-4ms what=131155 arg1=544!CMD_RSSI_POLL 544 0 "BOCO-office" 94:b4:0f:68:a4:b1 rssi=-47 f=5785 sc=80 link=135 tx=0.1, 0.0, 0.0  rx=50.5 bcn=0 [on:0 tx:0 rx:0 period:1] from screen [on:0 period:539517381] gl rssi=-47 ag=0 hr ticks 0,0,21 ls-=0 [56,56,56,56,61] brc=0 lrc=0
05-17 14:02:38.309 E/WifiStateMachine(  851):  get link layer stats 0
05-17 14:02:38.323 E/WifiStateMachine(  851): calculateWifiScore() we set wifi's score to 1000, so will always set wifi as a default network.
05-17 14:02:38.466 E/memtrack(26455): Couldn't load memtrack module (No such file or directory)
05-17 14:02:38.466 E/android.os.Debug(26455): failed to load memtrack module: -2
05-17 14:02:38.575 E/WifiTrafficPoller(  851): TRAFFIC_STATS_POLL true Token 2402 num clients 17
05-17 14:02:38.575 E/WifiTrafficPoller(  851):  packet count Tx=1595944 Rx=5235108
05-17 14:02:39.164 E/memtrack(26472): Couldn't load memtrack module (No such file or directory)
05-17 14:02:39.164 E/android.os.Debug(26472): failed to load memtrack module: -2
05-17 14:02:39.576 E/WifiTrafficPoller(  851): TRAFFIC_STATS_POLL true Token 2402 num clients 17
05-17 14:02:39.577 E/WifiTrafficPoller(  851):  packet count Tx=1595944 Rx=5235127
05-17 14:02:40.269 E/memtrack(26491): Couldn't load memtrack module (No such file or directory)
05-17 14:02:40.269 E/android.os.Debug(26491): failed to load memtrack module: -2
05-17 14:02:40.578 E/WifiTrafficPoller(  851): TRAFFIC_STATS_POLL true Token 2402 num clients 17
05-17 14:02:40.579 E/WifiTrafficPoller(  851):  packet count Tx=1595944 Rx=5235154
05-17 14:02:40.981 E/memtrack(26507): Couldn't load memtrack module (No such file or directory)
05-17 14:02:40.982 E/android.os.Debug(26507): failed to load memtrack module: -2
05-17 14:02:41.328 E/WifiStateMachine(  851):  ConnectedState (when=-4ms what=131155 arg1=544!CMD_RSSI_POLL 544 0 "BOCO-office" 94:b4:0f:68:a4:b1 rssi=-47 f=5785 sc=80 link=135 tx=0.0, 0.0, 0.0  rx=49.7 bcn=0 [on:0 tx:0 rx:0 period:3002] from screen [on:0 period:539520399] gl rssi=-47 ag=0 hr ticks 0,0,21 ls-=0 [56,56,56,56,61] brc=0 lrc=0
05-17 14:02:41.329 E/WifiStateMachine(  851):  L2ConnectedState (when=-4ms what=131155 arg1=544!CMD_RSSI_POLL 544 0 "BOCO-office" 94:b4:0f:68:a4:b1 rssi=-47 f=5785 sc=80 link=135 tx=0.0, 0.0, 0.0  rx=49.7 bcn=0 [on:0 tx:0 rx:0 period:2] from screen [on:0 period:539520401] gl rssi=-47 ag=0 hr ticks 0,0,21 ls-=0 [56,56,56,56,61] brc=0 lrc=0
05-17 14:02:41.329 E/WifiStateMachine(  851):  get link layer stats 0
05-17 14:02:41.332 E/WifiStateMachine(  851): calculateWifiScore() we set wifi's score to 1000, so will always set wifi as a default network.
05-17 14:02:41.579 E/WifiTrafficPoller(  851): TRAFFIC_STATS_POLL true Token 2402 num clients 17
05-17 14:02:41.581 E/WifiTrafficPoller(  851):  packet count Tx=1595944 Rx=5235193
05-17 14:02:42.581 E/WifiTrafficPoller(  851): TRAFFIC_STATS_POLL true Token 2402 num clients 17
05-17 14:02:42.583 E/WifiTrafficPoller(  851):  packet count Tx=1595944 Rx=5235240
05-17 14:02:43.584 E/WifiTrafficPoller(  851): TRAFFIC_STATS_POLL true Token 2402 num clients 17
05-17 14:02:43.584 E/WifiTrafficPoller(  851):  packet count Tx=1595944 Rx=5235267
05-17 14:02:44.220 E/memtrack(26553): Couldn't load memtrack module (No such file or directory)
05-17 14:02:44.220 E/android.os.Debug(26553): failed to load memtrack module: -2
05-17 14:02:44.336 E/WifiStateMachine(  851):  ConnectedState (when=-3ms what=131155 arg1=544!CMD_RSSI_POLL 544 0 "BOCO-office" 94:b4:0f:68:a4:b1 rssi=-48 f=5785 sc=80 link=135 tx=0.0, 0.0, 0.0  rx=67.9 bcn=0 [on:0 tx:0 rx:0 period:3001] from screen [on:0 period:539523408] gl rssi=-48 ag=0 hr ticks 0,0,21 ls-=0 [56,56,56,56,61] brc=0 lrc=0
05-17 14:02:44.337 E/WifiStateMachine(  851):  L2ConnectedState (when=-4ms what=131155 arg1=544!CMD_RSSI_POLL 544 0 "BOCO-office" 94:b4:0f:68:a4:b1 rssi=-48 f=5785 sc=80 link=135 tx=0.0, 0.0, 0.0  rx=67.9 bcn=0 [on:0 tx:0 rx:0 period:1] from screen [on:0 period:539523409] gl rssi=-48 ag=0 hr ticks 0,0,21 ls-=0 [56,56,56,56,61] brc=0 lrc=0
05-17 14:02:44.337 E/WifiStateMachine(  851):  get link layer stats 0
05-17 14:02:44.356 E/WifiStateMachine(  851): calculateWifiScore() we set wifi's score to 1000, so will always set wifi as a default network.
05-17 14:02:44.585 E/WifiTrafficPoller(  851): TRAFFIC_STATS_POLL true Token 2402 num clients 17
05-17 14:02:44.586 E/WifiTrafficPoller(  851):  packet count Tx=1595944 Rx=5235303
05-17 14:02:44.694 E/SurfaceFlinger(  285): onDraw: bindTextureImage test
05-17 14:02:44.711 E/SurfaceFlinger(  285): onDraw: bindTextureImage test
05-17 14:02:44.729 E/SurfaceFlinger(  285): onDraw: bindTextureImage test
05-17 14:02:44.737 E/VMSG    (26569): RegisterNatives OnUserCommand1
05-17 14:02:44.745 E/SurfaceFlinger(  285): onDraw: bindTextureImage test
05-17 14:02:44.761 E/SurfaceFlinger(  285): onDraw: bindTextureImage test
05-17 14:02:44.778 E/SurfaceFlinger(  285): onDraw: bindTextureImage test
05-17 14:02:44.795 E/SurfaceFlinger(  285): onDraw: bindTextureImage test
05-17 14:02:44.812 E/SurfaceFlinger(  285): onDraw: bindTextureImage test
05-17 14:02:44.818 E/WifiTrafficPoller(  851): ADD_CLIENT: 18
05-17 14:02:44.829 E/SurfaceFlinger(  285): onDraw: bindTextureImage test
05-17 14:02:44.845 E/SurfaceFlinger(  285): onDraw: bindTextureImage test
05-17 14:02:44.862 E/SurfaceFlinger(  285): onDraw: bindTextureImage test
05-17 14:02:44.879 E/SurfaceFlinger(  285): onDraw: bindTextureImage test
05-17 14:02:44.896 E/SurfaceFlinger(  285): onDraw: bindTextureImage test
05-17 14:02:44.913 E/SurfaceFlinger(  285): onDraw: bindTextureImage test
05-17 14:02:44.930 E/SurfaceFlinger(  285): onDraw: bindTextureImage test
05-17 14:02:44.946 E/SurfaceFlinger(  285): onDraw: bindTextureImage test
05-17 14:02:44.962 E/NativeCrypto(26569): ssl=0x7faa202e00 cert_verify_callback x509_store_ctx=0x7f9e5f6de8 arg=0x0
05-17 14:02:44.962 E/NativeCrypto(26569): ssl=0x7faa202e00 cert_verify_callback calling verifyCertificateChain authMethod=ECDHE_RSA
05-17 14:02:44.964 E/SurfaceFlinger(  285): onDraw: bindTextureImage test
05-17 14:02:45.086 E/[PropSet](26569): connect fail
05-17 14:02:45.086 E/[PropSet](26569): send_prop_msg return err -1
05-17 14:02:45.204 E/baidumapsdk(26569): Authentication Error errorcode: 230 uid: -1 appid -1 msg: APP Scode码校验失败
05-17 14:02:45.216 E/SurfaceFlinger(  285): onDraw: bindTextureImage test
05-17 14:02:45.233 E/SurfaceFlinger(  285): onDraw: bindTextureImage test
05-17 14:02:45.249 E/SurfaceFlinger(  285): onDraw: bindTextureImage test
05-17 14:02:45.265 E/SurfaceFlinger(  285): onDraw: bindTextureImage test
05-17 14:02:45.586 E/WifiTrafficPoller(  851): TRAFFIC_STATS_POLL true Token 2402 num clients 18
05-17 14:02:45.587 E/WifiTrafficPoller(  851):  packet count Tx=1595961 Rx=5235347
05-17 14:02:45.587 E/WifiTrafficPoller(  851): notifying of data activity 3
05-17 14:02:46.485 E/memtrack(26624): Couldn't load memtrack module (No such file or directory)
05-17 14:02:46.485 E/android.os.Debug(26624): failed to load memtrack module: -2
05-17 14:02:46.590 E/WifiTrafficPoller(  851): TRAFFIC_STATS_POLL true Token 2402 num clients 18
05-17 14:02:46.591 E/WifiTrafficPoller(  851):  packet count Tx=1595961 Rx=5235377
05-17 14:02:46.591 E/WifiTrafficPoller(  851): notifying of data activity 1
05-17 14:02:47.358 E/WifiStateMachine(  851):  ConnectedState (when=-2ms what=131155 arg1=544!CMD_RSSI_POLL 544 0 "BOCO-office" 94:b4:0f:68:a4:b1 rssi=-47 f=5785 sc=80 link=135 tx=0.0, 0.0, 0.0  rx=88.4 bcn=0 [on:0 tx:0 rx:0 period:2999] from screen [on:0 period:539526430] gl rssi=-47 ag=0 hr ticks 0,0,21 ls-=0 [56,56,56,56,61] brc=0 lrc=0
05-17 14:02:47.359 E/WifiStateMachine(  851):  L2ConnectedState (when=-3ms what=131155 arg1=544!CMD_RSSI_POLL 544 0 "BOCO-office" 94:b4:0f:68:a4:b1 rssi=-47 f=5785 sc=80 link=135 tx=0.0, 0.0, 0.0  rx=88.4 bcn=0 [on:0 tx:0 rx:0 period:1] from screen [on:0 period:539526431] gl rssi=-47 ag=0 hr ticks 0,0,21 ls-=0 [56,56,56,56,61] brc=0 lrc=0
05-17 14:02:47.359 E/WifiStateMachine(  851):  get link layer stats 0
05-17 14:02:47.375 E/WifiStateMachine(  851): calculateWifiScore() we set wifi's score to 1000, so will always set wifi as a default network.
05-17 14:02:47.593 E/WifiTrafficPoller(  851): TRAFFIC_STATS_POLL true Token 2402 num clients 18
05-17 14:02:47.594 E/WifiTrafficPoller(  851):  packet count Tx=1595961 Rx=5235393
05-17 14:02:48.594 E/WifiTrafficPoller(  851): TRAFFIC_STATS_POLL true Token 2402 num clients 18
05-17 14:02:48.595 E/WifiTrafficPoller(  851):  packet count Tx=1595961 Rx=5235410
05-17 14:02:49.596 E/WifiTrafficPoller(  851): TRAFFIC_STATS_POLL true Token 2402 num clients 18
05-17 14:02:49.597 E/WifiTrafficPoller(  851):  packet count Tx=1595961 Rx=5235430
05-17 14:02:49.742 E/memtrack(26649): Couldn't load memtrack module (No such file or directory)
05-17 14:02:49.742 E/android.os.Debug(26649): failed to load memtrack module: -2
05-17 14:02:50.377 E/WifiStateMachine(  851):  ConnectedState (when=-2ms what=131155 arg1=544!CMD_RSSI_POLL 544 0 "BOCO-office" 94:b4:0f:68:a4:b1 rssi=-47 f=5785 sc=80 link=135 tx=8.5, 0.0, 0.0  rx=91.2 bcn=0 [on:0 tx:0 rx:0 period:3001] from screen [on:0 period:539529449] gl rssi=-47 ag=0 hr ticks 0,0,21 ls-=0 [56,56,60,60,65] brc=0 lrc=0
05-17 14:02:50.378 E/WifiStateMachine(  851):  L2ConnectedState (when=-3ms what=131155 arg1=544!CMD_RSSI_POLL 544 0 "BOCO-office" 94:b4:0f:68:a4:b1 rssi=-47 f=5785 sc=80 link=135 tx=8.5, 0.0, 0.0  rx=91.2 bcn=0 [on:0 tx:0 rx:0 period:1] from screen [on:0 period:539529450] gl rssi=-47 ag=0 hr ticks 0,0,21 ls-=0 [56,56,60,60,65] brc=0 lrc=0
05-17 14:02:50.378 E/WifiStateMachine(  851):  get link layer stats 0
05-17 14:02:50.395 E/WifiStateMachine(  851): calculateWifiScore() we set wifi's score to 1000, so will always set wifi as a default network.
05-17 14:02:50.598 E/WifiTrafficPoller(  851): TRAFFIC_STATS_POLL true Token 2402 num clients 18
05-17 14:02:50.599 E/WifiTrafficPoller(  851):  packet count Tx=1595961 Rx=5235448
05-17 14:02:51.599 E/WifiTrafficPoller(  851): TRAFFIC_STATS_POLL true Token 2402 num clients 18
05-17 14:02:51.600 E/WifiTrafficPoller(  851):  packet count Tx=1595961 Rx=5235464
05-17 14:02:52.599 E/WifiTrafficPoller(  851): TRAFFIC_STATS_POLL true Token 2402 num clients 18
05-17 14:02:52.601 E/WifiTrafficPoller(  851):  packet count Tx=1595961 Rx=5235478
05-17 14:02:53.393 E/SurfaceFlinger(  285): onDraw: bindTextureImage test
05-17 14:02:53.398 E/WifiStateMachine(  851):  ConnectedState (when=-2ms what=131155 arg1=544!CMD_RSSI_POLL 544 0 "BOCO-office" 94:b4:0f:68:a4:b1 rssi=-47 f=5785 sc=80 link=135 tx=4.3, 0.0, 0.0  rx=72.6 bcn=0 [on:0 tx:0 rx:0 period:3001] from screen [on:0 period:539532470] gl rssi=-47 ag=0 hr ticks 0,0,21 ls-=0 [56,56,56,56,61] brc=0 lrc=0
05-17 14:02:53.399 E/WifiStateMachine(  851):  L2ConnectedState (when=-3ms what=131155 arg1=544!CMD_RSSI_POLL 544 0 "BOCO-office" 94:b4:0f:68:a4:b1 rssi=-47 f=5785 sc=80 link=135 tx=4.3, 0.0, 0.0  rx=72.6 bcn=0 [on:0 tx:0 rx:0 period:1] from screen [on:0 period:539532471] gl rssi=-47 ag=0 hr ticks 0,0,21 ls-=0 [56,56,56,56,61] brc=0 lrc=0
05-17 14:02:53.399 E/WifiStateMachine(  851):  get link layer stats 0
05-17 14:02:53.405 E/WifiStateMachine(  851): calculateWifiScore() we set wifi's score to 1000, so will always set wifi as a default network.
05-17 14:02:53.410 E/SurfaceFlinger(  285): onDraw: bindTextureImage test
05-17 14:02:53.426 E/SurfaceFlinger(  285): onDraw: bindTextureImage test
05-17 14:02:53.443 E/SurfaceFlinger(  285): onDraw: bindTextureImage test
05-17 14:02:53.460 E/SurfaceFlinger(  285): onDraw: bindTextureImage test
05-17 14:02:53.477 E/SurfaceFlinger(  285): onDraw: bindTextureImage test
05-17 14:02:53.494 E/SurfaceFlinger(  285): onDraw: bindTextureImage test
05-17 14:02:53.510 E/SurfaceFlinger(  285): onDraw: bindTextureImage test
05-17 14:02:53.601 E/WifiTrafficPoller(  851): TRAFFIC_STATS_POLL true Token 2402 num clients 18
05-17 14:02:53.602 E/WifiTrafficPoller(  851):  packet count Tx=1595967 Rx=5235497
05-17 14:02:53.602 E/WifiTrafficPoller(  851): notifying of data activity 3
05-17 14:02:53.662 E/SurfaceFlinger(  285): onDraw: bindTextureImage test
05-17 14:02:53.679 E/SurfaceFlinger(  285): onDraw: bindTextureImage test
05-17 14:02:53.695 E/SurfaceFlinger(  285): onDraw: bindTextureImage test
05-17 14:02:53.713 E/SurfaceFlinger(  285): onDraw: bindTextureImage test
05-17 14:02:53.729 E/SurfaceFlinger(  285): onDraw: bindTextureImage test
05-17 14:02:53.746 E/SurfaceFlinger(  285): onDraw: bindTextureImage test
05-17 14:02:53.763 E/SurfaceFlinger(  285): onDraw: bindTextureImage test
05-17 14:02:54.066 E/SurfaceFlinger(  285): onDraw: bindTextureImage test
05-17 14:02:54.083 E/SurfaceFlinger(  285): onDraw: bindTextureImage test
05-17 14:02:54.099 E/SurfaceFlinger(  285): onDraw: bindTextureImage test
05-17 14:02:54.116 E/SurfaceFlinger(  285): onDraw: bindTextureImage test
05-17 14:02:54.133 E/SurfaceFlinger(  285): onDraw: bindTextureImage test
05-17 14:02:54.268 E/SurfaceFlinger(  285): onDraw: bindTextureImage test
05-17 14:02:54.284 E/SurfaceFlinger(  285): onDraw: bindTextureImage test
05-17 14:02:54.301 E/SurfaceFlinger(  285): onDraw: bindTextureImage test
05-17 14:02:54.318 E/SurfaceFlinger(  285): onDraw: bindTextureImage test
05-17 14:02:54.335 E/SurfaceFlinger(  285): onDraw: bindTextureImage test
05-17 14:02:54.352 E/SurfaceFlinger(  285): onDraw: bindTextureImage test
05-17 14:02:54.369 E/SurfaceFlinger(  285): onDraw: bindTextureImage test
05-17 14:02:54.602 E/WifiTrafficPoller(  851): TRAFFIC_STATS_POLL true Token 2402 num clients 18
05-17 14:02:54.603 E/WifiTrafficPoller(  851):  packet count Tx=1595970 Rx=5235532
05-17 14:02:55.603 E/WifiTrafficPoller(  851): TRAFFIC_STATS_POLL true Token 2402 num clients 18
05-17 14:02:55.604 E/WifiTrafficPoller(  851):  packet count Tx=1595970 Rx=5235559
05-17 14:02:55.604 E/WifiTrafficPoller(  851): notifying of data activity 1
05-17 14:02:56.409 E/WifiStateMachine(  851):  ConnectedState (when=-2ms what=131155 arg1=544!CMD_RSSI_POLL 544 0 "BOCO-office" 94:b4:0f:68:a4:b1 rssi=-47 f=5785 sc=80 link=135 tx=2.1, 0.0, 0.0  rx=57.8 bcn=0 [on:0 tx:0 rx:0 period:3001] from screen [on:0 period:539535480] gl rssi=-47 ag=0 hr ticks 0,0,21 ls-=0 [56,56,56,56,61] brc=0 lrc=0
05-17 14:02:56.410 E/WifiStateMachine(  851):  L2ConnectedState (when=-4ms what=131155 arg1=544!CMD_RSSI_POLL 544 0 "BOCO-office" 94:b4:0f:68:a4:b1 rssi=-47 f=5785 sc=80 link=135 tx=2.1, 0.0, 0.0  rx=57.8 bcn=0 [on:0 tx:0 rx:0 period:2] from screen [on:0 period:539535482] gl rssi=-47 ag=0 hr ticks 0,0,21 ls-=0 [56,56,56,56,61] brc=0 lrc=0
05-17 14:02:56.411 E/WifiStateMachine(  851):  get link layer stats 0
05-17 14:02:56.434 E/WifiStateMachine(  851): calculateWifiScore() we set wifi's score to 1000, so will always set wifi as a default network.
05-17 14:02:56.556 E/SurfaceFlinger(  285): onDraw: bindTextureImage test
05-17 14:02:56.573 E/SurfaceFlinger(  285): onDraw: bindTextureImage test
05-17 14:02:56.590 E/SurfaceFlinger(  285): onDraw: bindTextureImage test
05-17 14:02:56.607 E/WifiTrafficPoller(  851): TRAFFIC_STATS_POLL true Token 2402 num clients 18
05-17 14:02:56.607 E/SurfaceFlinger(  285): onDraw: bindTextureImage test
05-17 14:02:56.608 E/WifiTrafficPoller(  851):  packet count Tx=1595971 Rx=5235578
05-17 14:02:56.608 E/WifiTrafficPoller(  851): notifying of data activity 3
05-17 14:02:56.624 E/SurfaceFlinger(  285): onDraw: bindTextureImage test
05-17 14:02:56.642 E/SurfaceFlinger(  285): onDraw: bindTextureImage test
05-17 14:02:56.658 E/SurfaceFlinger(  285): onDraw: bindTextureImage test
05-17 14:02:57.262 E/SurfaceFlinger(  285): onDraw: bindTextureImage test
05-17 14:02:57.280 E/SurfaceFlinger(  285): onDraw: bindTextureImage test
05-17 14:02:57.296 E/SurfaceFlinger(  285): onDraw: bindTextureImage test
05-17 14:02:57.312 E/SurfaceFlinger(  285): onDraw: bindTextureImage test
05-17 14:02:57.329 E/SurfaceFlinger(  285): onDraw: bindTextureImage test
05-17 14:02:57.346 E/SurfaceFlinger(  285): onDraw: bindTextureImage test
05-17 14:02:57.363 E/SurfaceFlinger(  285): onDraw: bindTextureImage test
05-17 14:02:57.614 E/WifiTrafficPoller(  851): TRAFFIC_STATS_POLL true Token 2402 num clients 18
05-17 14:02:57.614 E/WifiTrafficPoller(  851):  packet count Tx=1595973 Rx=5235593
05-17 14:02:58.615 E/WifiTrafficPoller(  851): TRAFFIC_STATS_POLL true Token 2402 num clients 18
05-17 14:02:58.615 E/WifiTrafficPoller(  851):  packet count Tx=1595973 Rx=5235613
05-17 14:02:58.615 E/WifiTrafficPoller(  851): notifying of data activity 1
05-17 14:02:59.437 E/WifiStateMachine(  851):  ConnectedState (when=-3ms what=131155 arg1=544!CMD_RSSI_POLL 544 0 "BOCO-office" 94:b4:0f:68:a4:b1 rssi=-47 f=5785 sc=80 link=135 tx=5.6, 0.0, 0.0  rx=74.4 bcn=0 [on:0 tx:0 rx:0 period:3001] from screen [on:0 period:539538509] gl rssi=-47 ag=0 hr ticks 0,0,21 ls-=0 [56,56,60,60,65] brc=0 lrc=0
05-17 14:02:59.438 E/WifiStateMachine(  851):  L2ConnectedState (when=-4ms what=131155 arg1=544!CMD_RSSI_POLL 544 0 "BOCO-office" 94:b4:0f:68:a4:b1 rssi=-47 f=5785 sc=80 link=135 tx=5.6, 0.0, 0.0  rx=74.4 bcn=0 [on:0 tx:0 rx:0 period:1] from screen [on:0 period:539538510] gl rssi=-47 ag=0 hr ticks 0,0,21 ls-=0 [56,56,60,60,65] brc=0 lrc=0
05-17 14:02:59.438 E/WifiStateMachine(  851):  get link layer stats 0
05-17 14:02:59.440 E/WifiStateMachine(  851): calculateWifiScore() we set wifi's score to 1000, so will always set wifi as a default network.
05-17 14:02:59.619 E/WifiTrafficPoller(  851): TRAFFIC_STATS_POLL true Token 2402 num clients 18
05-17 14:02:59.620 E/WifiTrafficPoller(  851):  packet count Tx=1595982 Rx=5235644
05-17 14:02:59.620 E/WifiTrafficPoller(  851): notifying of data activity 3
05-17 14:03:00.622 E/WifiTrafficPoller(  851): TRAFFIC_STATS_POLL true Token 2402 num clients 18
05-17 14:03:00.622 E/WifiTrafficPoller(  851):  packet count Tx=1595984 Rx=5235658
05-17 14:03:00.646 E/appium  (26523): Element not found: 
05-17 14:03:00.646 E/appium  (26523): io.appium.uiautomator2.common.exceptions.ElementNotFoundException: Could not find an element using supplied strategy. 
05-17 14:03:00.646 E/appium  (26523): 	at io.appium.uiautomator2.handler.FindElement.getXPathUiObject(FindElement.java:80)
05-17 14:03:00.646 E/appium  (26523): 	at io.appium.uiautomator2.handler.FindElement.findElement(FindElement.java:153)
05-17 14:03:00.646 E/appium  (26523): 	at io.appium.uiautomator2.handler.FindElement.safeHandle(FindElement.java:102)
05-17 14:03:00.646 E/appium  (26523): 	at io.appium.uiautomator2.handler.request.SafeRequestHandler.handle(SafeRequestHandler.java:56)
05-17 14:03:00.646 E/appium  (26523): 	at io.appium.uiautomator2.server.AppiumServlet.handleRequest(AppiumServlet.java:202)
05-17 14:03:00.646 E/appium  (26523): 	at io.appium.uiautomator2.server.AppiumServlet.handleHttpRequest(AppiumServlet.java:193)
