05-17 16:10:03.319 E/WifiTrafficPoller(  851): TRAFFIC_STATS_POLL true Token 2406 num clients 17
05-17 16:10:03.320 E/WifiTrafficPoller(  851):  packet count Tx=1618979 Rx=5396303
05-17 16:10:03.320 E/WifiTrafficPoller(  851): notifying of data activity 3
05-17 16:10:03.728 E/memtrack(19194): Couldn't load memtrack module (No such file or directory)
05-17 16:10:03.728 E/android.os.Debug(19194): failed to load memtrack module: -2
05-17 16:10:04.321 E/WifiTrafficPoller(  851): TRAFFIC_STATS_POLL true Token 2406 num clients 17
05-17 16:10:04.322 E/WifiTrafficPoller(  851):  packet count Tx=1618979 Rx=5396323
05-17 16:10:04.322 E/WifiTrafficPoller(  851): notifying of data activity 1
05-17 16:10:05.323 E/WifiTrafficPoller(  851): TRAFFIC_STATS_POLL true Token 2406 num clients 17
05-17 16:10:05.324 E/WifiTrafficPoller(  851):  packet count Tx=1618979 Rx=5396347
05-17 16:10:05.787 E/WifiStateMachine(  851):  ConnectedState (when=-4ms what=131155 arg1=548!CMD_RSSI_POLL 548 0 "BOCO-office" 94:b4:0f:68:a4:b1 rssi=-53 f=5785 sc=80 link=150 tx=4.3, 0.0, 0.0  rx=75.2 bcn=0 [on:0 tx:0 rx:0 period:3001] from screen [on:0 period:547164859] gl rssi=-53 ag=0 hr ticks 0,0,28 ls-=0 [56,56,56,56,61] brc=0 lrc=0
05-17 16:10:05.789 E/WifiStateMachine(  851):  L2ConnectedState (when=-6ms what=131155 arg1=548!CMD_RSSI_POLL 548 0 "BOCO-office" 94:b4:0f:68:a4:b1 rssi=-53 f=5785 sc=80 link=150 tx=4.3, 0.0, 0.0  rx=75.2 bcn=0 [on:0 tx:0 rx:0 period:2] from screen [on:0 period:547164861] gl rssi=-53 ag=0 hr ticks 0,0,28 ls-=0 [56,56,56,56,61] brc=0 lrc=0
05-17 16:10:05.790 E/WifiStateMachine(  851):  get link layer stats 0
05-17 16:10:05.816 E/WifiStateMachine(  851): calculateWifiScore() we set wifi's score to 1000, so will always set wifi as a default network.
05-17 16:10:06.324 E/WifiTrafficPoller(  851): TRAFFIC_STATS_POLL true Token 2406 num clients 17
05-17 16:10:06.325 E/WifiTrafficPoller(  851):  packet count Tx=1618981 Rx=5396388
05-17 16:10:06.325 E/WifiTrafficPoller(  851): notifying of data activity 3
05-17 16:10:07.255 E/memtrack(19243): Couldn't load memtrack module (No such file or directory)
05-17 16:10:07.256 E/android.os.Debug(19243): failed to load memtrack module: -2
05-17 16:10:07.326 E/WifiTrafficPoller(  851): TRAFFIC_STATS_POLL true Token 2406 num clients 17
05-17 16:10:07.327 E/WifiTrafficPoller(  851):  packet count Tx=1618981 Rx=5396425
05-17 16:10:07.327 E/WifiTrafficPoller(  851): notifying of data activity 1
05-17 16:10:07.766 E/VMSG    (19260): RegisterNatives OnUserCommand1
05-17 16:10:07.836 E/WifiTrafficPoller(  851): ADD_CLIENT: 18
05-17 16:10:07.971 E/NativeCrypto(19260): ssl=0x7faa202e00 cert_verify_callback x509_store_ctx=0x7f9e5f6e88 arg=0x0
05-17 16:10:07.972 E/NativeCrypto(19260): ssl=0x7faa202e00 cert_verify_callback calling verifyCertificateChain authMethod=ECDHE_RSA
05-17 16:10:08.097 E/[PropSet](19260): connect fail
05-17 16:10:08.097 E/[PropSet](19260): send_prop_msg return err -1
05-17 16:10:08.197 E/baidumapsdk(19260): Authentication Error errorcode: 230 uid: -1 appid -1 msg: APP Scode
05-17 16:10:08.238 E/SurfaceFlinger(  285): onDraw: bindTextureImage test
05-17 16:10:08.255 E/SurfaceFlinger(  285): onDraw: bindTextureImage test
05-17 16:10:08.271 E/SurfaceFlinger(  285): onDraw: bindTextureImage test
05-17 16:10:08.288 E/SurfaceFlinger(  285): onDraw: bindTextureImage test
05-17 16:10:08.328 E/WifiTrafficPoller(  851): TRAFFIC_STATS_POLL true Token 2406 num clients 18
05-17 16:10:08.329 E/WifiTrafficPoller(  851):  packet count Tx=1618995 Rx=5396468
05-17 16:10:08.329 E/WifiTrafficPoller(  851): notifying of data activity 3
05-17 16:10:08.821 E/WifiStateMachine(  851):  ConnectedState (when=-4ms what=131155 arg1=548!CMD_RSSI_POLL 548 0 "BOCO-office" 94:b4:0f:68:a4:b1 rssi=-52 f=5785 sc=80 link=150 tx=2.1, 0.0, 0.0  rx=73.1 bcn=0 [on:0 tx:0 rx:0 period:3002] from screen [on:0 period:547167893] gl rssi=-52 ag=0 hr ticks 0,0,28 ls-=0 [56,56,56,56,61] brc=0 lrc=0
05-17 16:10:08.823 E/WifiStateMachine(  851):  L2ConnectedState (when=-6ms what=131155 arg1=548!CMD_RSSI_POLL 548 0 "BOCO-office" 94:b4:0f:68:a4:b1 rssi=-52 f=5785 sc=80 link=150 tx=2.1, 0.0, 0.0  rx=73.1 bcn=0 [on:0 tx:0 rx:0 period:2] from screen [on:0 period:547167895] gl rssi=-52 ag=0 hr ticks 0,0,28 ls-=0 [56,56,56,56,61] brc=0 lrc=0
05-17 16:10:08.823 E/WifiStateMachine(  851):  get link layer stats 0
05-17 16:10:08.828 E/WifiStateMachine(  851): calculateWifiScore() we set wifi's score to 1000, so will always set wifi as a default network.
05-17 16:10:09.330 E/WifiTrafficPoller(  851): TRAFFIC_STATS_POLL true Token 2406 num clients 18
05-17 16:10:09.331 E/WifiTrafficPoller(  851):  packet count Tx=1618995 Rx=5396491
05-17 16:10:09.331 E/WifiTrafficPoller(  851): notifying of data activity 1
05-17 16:10:09.882 E/memtrack(19320): Couldn't load memtrack module (No such file or directory)
05-17 16:10:09.882 E/android.os.Debug(19320): failed to load memtrack module: -2
05-17 16:10:10.334 E/WifiTrafficPoller(  851): TRAFFIC_STATS_POLL true Token 2406 num clients 18
05-17 16:10:10.335 E/WifiTrafficPoller(  851):  packet count Tx=1618995 Rx=5396526
05-17 16:10:11.338 E/WifiTrafficPoller(  851): TRAFFIC_STATS_POLL true Token 2406 num clients 18
05-17 16:10:11.342 E/WifiTrafficPoller(  851):  packet count Tx=1618995 Rx=5396544
05-17 16:10:11.833 E/WifiStateMachine(  851):  ConnectedState (when=-4ms what=131155 arg1=548!CMD_RSSI_POLL 548 0 "BOCO-office" 94:b4:0f:68:a4:b1 rssi=-54 f=5785 sc=80 link=150 tx=9.1, 0.0, 0.0  rx=95.5 bcn=0 [on:0 tx:0 rx:0 period:3002] from screen [on:0 period:547170905] gl rssi=-54 ag=0 hr ticks 0,0,28 ls-=0 [56,56,60,60,65] brc=0 lrc=0
05-17 16:10:11.835 E/WifiStateMachine(  851):  L2ConnectedState (when=-6ms what=131155 arg1=548!CMD_RSSI_POLL 548 0 "BOCO-office" 94:b4:0f:68:a4:b1 rssi=-54 f=5785 sc=80 link=150 tx=9.1, 0.0, 0.0  rx=95.5 bcn=0 [on:0 tx:0 rx:0 period:2] from screen [on:0 period:547170907] gl rssi=-54 ag=0 hr ticks 0,0,28 ls-=0 [56,56,60,60,65] brc=0 lrc=0
05-17 16:10:11.835 E/WifiStateMachine(  851):  get link layer stats 0
05-17 16:10:11.856 E/WifiStateMachine(  851): calculateWifiScore() we set wifi's score to 1000, so will always set wifi as a default network.
05-17 16:10:12.342 E/WifiTrafficPoller(  851): TRAFFIC_STATS_POLL true Token 2406 num clients 18
05-17 16:10:12.343 E/WifiTrafficPoller(  851):  packet count Tx=1618995 Rx=5396573
05-17 16:10:13.198 E/memtrack(19344): Couldn't load memtrack module (No such file or directory)
05-17 16:10:13.198 E/android.os.Debug(19344): failed to load memtrack module: -2
05-17 16:10:13.344 E/WifiTrafficPoller(  851): TRAFFIC_STATS_POLL true Token 2406 num clients 18
05-17 16:10:13.344 E/WifiTrafficPoller(  851):  packet count Tx=1618995 Rx=5396589
05-17 16:10:14.345 E/WifiTrafficPoller(  851): TRAFFIC_STATS_POLL true Token 2406 num clients 18
05-17 16:10:14.345 E/WifiTrafficPoller(  851):  packet count Tx=1618997 Rx=5396613
05-17 16:10:14.345 E/WifiTrafficPoller(  851): notifying of data activity 3
05-17 16:10:14.860 E/WifiStateMachine(  851):  ConnectedState (when=-3ms what=131155 arg1=548!CMD_RSSI_POLL 548 0 "BOCO-office" 94:b4:0f:68:a4:b1 rssi=-52 f=5785 sc=80 link=150 tx=4.5, 0.0, 0.0  rx=83.8 bcn=0 [on:0 tx:0 rx:0 period:3002] from screen [on:0 period:547173932] gl rssi=-52 ag=0 hr ticks 0,0,28 ls-=0 [56,56,56,56,61] brc=0 lrc=0
05-17 16:10:14.862 E/WifiStateMachine(  851):  L2ConnectedState (when=-5ms what=131155 arg1=548!CMD_RSSI_POLL 548 0 "BOCO-office" 94:b4:0f:68:a4:b1 rssi=-52 f=5785 sc=80 link=150 tx=4.5, 0.0, 0.0  rx=83.8 bcn=0 [on:0 tx:0 rx:0 period:2] from screen [on:0 period:547173934] gl rssi=-52 ag=0 hr ticks 0,0,28 ls-=0 [56,56,56,56,61] brc=0 lrc=0
05-17 16:10:14.862 E/WifiStateMachine(  851):  get link layer stats 0
05-17 16:10:14.866 E/WifiStateMachine(  851): calculateWifiScore() we set wifi's score to 1000, so will always set wifi as a default network.
05-17 16:10:15.347 E/WifiTrafficPoller(  851): TRAFFIC_STATS_POLL true Token 2406 num clients 18
05-17 16:10:15.348 E/WifiTrafficPoller(  851):  packet count Tx=1618997 Rx=5396636
05-17 16:10:15.348 E/WifiTrafficPoller(  851): notifying of data activity 1
05-17 16:10:16.351 E/WifiTrafficPoller(  851): TRAFFIC_STATS_POLL true Token 2406 num clients 18
05-17 16:10:16.352 E/WifiTrafficPoller(  851):  packet count Tx=1618997 Rx=5396659
05-17 16:10:16.514 E/SurfaceFlinger(  285): onDraw: bindTextureImage test
05-17 16:10:16.532 E/SurfaceFlinger(  285): onDraw: bindTextureImage test
05-17 16:10:16.548 E/SurfaceFlinger(  285): onDraw: bindTextureImage test
05-17 16:10:16.565 E/SurfaceFlinger(  285): onDraw: bindTextureImage test
05-17 16:10:16.582 E/SurfaceFlinger(  285): onDraw: bindTextureImage test
05-17 16:10:16.598 E/SurfaceFlinger(  285): onDraw: bindTextureImage test
05-17 16:10:16.615 E/SurfaceFlinger(  285): onDraw: bindTextureImage test
05-17 16:10:16.767 E/SurfaceFlinger(  285): onDraw: bindTextureImage test
05-17 16:10:16.783 E/SurfaceFlinger(  285): onDraw: bindTextureImage test
05-17 16:10:16.800 E/SurfaceFlinger(  285): onDraw: bindTextureImage test
05-17 16:10:16.817 E/SurfaceFlinger(  285): onDraw: bindTextureImage test
05-17 16:10:16.834 E/SurfaceFlinger(  285): onDraw: bindTextureImage test
05-17 16:10:16.851 E/SurfaceFlinger(  285): onDraw: bindTextureImage test
05-17 16:10:16.868 E/SurfaceFlinger(  285): onDraw: bindTextureImage test
05-17 16:10:16.885 E/SurfaceFlinger(  285): onDraw: bindTextureImage test
05-17 16:10:17.153 E/SurfaceFlinger(  285): onDraw: bindTextureImage test
05-17 16:10:17.170 E/SurfaceFlinger(  285): onDraw: bindTextureImage test
05-17 16:10:17.187 E/SurfaceFlinger(  285): onDraw: bindTextureImage test
05-17 16:10:17.204 E/SurfaceFlinger(  285): onDraw: bindTextureImage test
05-17 16:10:17.339 E/SurfaceFlinger(  285): onDraw: bindTextureImage test
05-17 16:10:17.351 E/WifiTrafficPoller(  851): TRAFFIC_STATS_POLL true Token 2406 num clients 18
05-17 16:10:17.352 E/WifiTrafficPoller(  851):  packet count Tx=1619006 Rx=5396689
05-17 16:10:17.352 E/WifiTrafficPoller(  851): notifying of data activity 3
05-17 16:10:17.355 E/SurfaceFlinger(  285): onDraw: bindTextureImage test
05-17 16:10:17.372 E/SurfaceFlinger(  285): onDraw: bindTextureImage test
05-17 16:10:17.389 E/SurfaceFlinger(  285): onDraw: bindTextureImage test
05-17 16:10:17.406 E/SurfaceFlinger(  285): onDraw: bindTextureImage test
05-17 16:10:17.423 E/SurfaceFlinger(  285): onDraw: bindTextureImage test
05-17 16:10:17.440 E/SurfaceFlinger(  285): onDraw: bindTextureImage test
05-17 16:10:17.872 E/WifiStateMachine(  851):  ConnectedState (when=-4ms what=131155 arg1=548!CMD_RSSI_POLL 548 0 "BOCO-office" 94:b4:0f:68:a4:b1 rssi=-53 f=5785 sc=80 link=150 tx=3.3, 0.0, 0.0  rx=76.4 bcn=0 [on:0 tx:0 rx:0 period:3002] from screen [on:0 period:547176944] gl rssi=-53 ag=0 hr ticks 0,0,28 ls-=0 [56,56,56,56,61] brc=0 lrc=0
05-17 16:10:17.874 E/WifiStateMachine(  851):  L2ConnectedState (when=-6ms what=131155 arg1=548!CMD_RSSI_POLL 548 0 "BOCO-office" 94:b4:0f:68:a4:b1 rssi=-53 f=5785 sc=80 link=150 tx=3.3, 0.0, 0.0  rx=76.4 bcn=0 [on:0 tx:0 rx:0 period:2] from screen [on:0 period:547176946] gl rssi=-53 ag=0 hr ticks 0,0,28 ls-=0 [56,56,56,56,61] brc=0 lrc=0
05-17 16:10:17.874 E/WifiStateMachine(  851):  get link layer stats 0
05-17 16:10:17.880 E/WifiStateMachine(  851): calculateWifiScore() we set wifi's score to 1000, so will always set wifi as a default network.
05-17 16:10:18.353 E/WifiTrafficPoller(  851): TRAFFIC_STATS_POLL true Token 2406 num clients 18
05-17 16:10:18.353 E/WifiTrafficPoller(  851):  packet count Tx=1619006 Rx=5396714
05-17 16:10:18.353 E/WifiTrafficPoller(  851): notifying of data activity 1
05-17 16:10:19.355 E/WifiTrafficPoller(  851): TRAFFIC_STATS_POLL true Token 2406 num clients 18
05-17 16:10:19.356 E/WifiTrafficPoller(  851):  packet count Tx=1619006 Rx=5396738
05-17 16:10:19.710 E/SurfaceFlinger(  285): onDraw: bindTextureImage test
05-17 16:10:19.728 E/SurfaceFlinger(  285): onDraw: bindTextureImage test
05-17 16:10:19.744 E/SurfaceFlinger(  285): onDraw: bindTextureImage test
05-17 16:10:19.761 E/SurfaceFlinger(  285): onDraw: bindTextureImage test
05-17 16:10:19.778 E/SurfaceFlinger(  285): onDraw: bindTextureImage test
05-17 16:10:19.795 E/SurfaceFlinger(  285): onDraw: bindTextureImage test
05-17 16:10:19.811 E/SurfaceFlinger(  285): onDraw: bindTextureImage test
05-17 16:10:19.828 E/SurfaceFlinger(  285): onDraw: bindTextureImage test
05-17 16:10:20.097 E/SurfaceFlinger(  285): onDraw: bindTextureImage test
05-17 16:10:20.114 E/SurfaceFlinger(  285): onDraw: bindTextureImage test
05-17 16:10:20.131 E/SurfaceFlinger(  285): onDraw: bindTextureImage test
05-17 16:10:20.147 E/SurfaceFlinger(  285): onDraw: bindTextureImage test
05-17 16:10:20.164 E/SurfaceFlinger(  285): onDraw: bindTextureImage test
05-17 16:10:20.181 E/SurfaceFlinger(  285): onDraw: bindTextureImage test
05-17 16:10:20.198 E/SurfaceFlinger(  285): onDraw: bindTextureImage test
05-17 16:10:20.357 E/WifiTrafficPoller(  851): TRAFFIC_STATS_POLL true Token 2406 num clients 18
05-17 16:10:20.357 E/WifiTrafficPoller(  851):  packet count Tx=1619009 Rx=5396780
05-17 16:10:20.357 E/WifiTrafficPoller(  851): notifying of data activity 3
05-17 16:10:20.882 E/WifiStateMachine(  851):  ConnectedState (when=-2ms what=131155 arg1=548!CMD_RSSI_POLL 548 0 "BOCO-office" 94:b4:0f:68:a4:b1 rssi=-52 f=5785 sc=80 link=150 tx=6.1, 0.0, 0.0  rx=78.2 bcn=0 [on:0 tx:0 rx:0 period:2999] from screen [on:0 period:547179954] gl rssi=-52 ag=0 hr ticks 0,0,28 ls-=0 [56,56,60,60,65] brc=0 lrc=0
05-17 16:10:20.883 E/WifiStateMachine(  851):  L2ConnectedState (when=-3ms what=131155 arg1=548!CMD_RSSI_POLL 548 0 "BOCO-office" 94:b4:0f:68:a4:b1 rssi=-52 f=5785 sc=80 link=150 tx=6.1, 0.0, 0.0  rx=78.2 bcn=0 [on:0 tx:0 rx:0 period:1] from screen [on:0 period:547179955] gl rssi=-52 ag=0 hr ticks 0,0,28 ls-=0 [56,56,60,60,65] brc=0 lrc=0
05-17 16:10:20.883 E/WifiStateMachine(  851):  get link layer stats 0
05-17 16:10:20.903 E/WifiStateMachine(  851): calculateWifiScore() we set wifi's score to 1000, so will always set wifi as a default network.
05-17 16:10:21.358 E/WifiTrafficPoller(  851): TRAFFIC_STATS_POLL true Token 2406 num clients 18
05-17 16:10:21.359 E/WifiTrafficPoller(  851):  packet count Tx=1619011 Rx=5396803
05-17 16:10:22.359 E/WifiTrafficPoller(  851): TRAFFIC_STATS_POLL true Token 2406 num clients 18
05-17 16:10:22.360 E/WifiTrafficPoller(  851):  packet count Tx=1619012 Rx=5396820
05-17 16:10:23.361 E/WifiTrafficPoller(  851): TRAFFIC_STATS_POLL true Token 2406 num clients 18
05-17 16:10:23.362 E/WifiTrafficPoller(  851):  packet count Tx=1619014 Rx=5396847
05-17 16:10:23.909 E/WifiStateMachine(  851):  ConnectedState (when=-4ms what=131155 arg1=548!CMD_RSSI_POLL 548 0 "BOCO-office" 94:b4:0f:68:a4:b1 rssi=-53 f=5785 sc=80 link=150 tx=4.6, 0.0, 0.0  rx=84.6 bcn=0 [on:0 tx:0 rx:0 period:3004] from screen [on:0 period:547182981] gl rssi=-53 ag=0 hr ticks 0,0,28 ls-=0 [56,56,56,56,61] brc=0 lrc=0
05-17 16:10:23.911 E/WifiStateMachine(  851):  L2ConnectedState (when=-6ms what=131155 arg1=548!CMD_RSSI_POLL 548 0 "BOCO-office" 94:b4:0f:68:a4:b1 rssi=-53 f=5785 sc=80 link=150 tx=4.6, 0.0, 0.0  rx=84.6 bcn=0 [on:0 tx:0 rx:0 period:2] from screen [on:0 period:547182983] gl rssi=-53 ag=0 hr ticks 0,0,28 ls-=0 [56,56,56,56,61] brc=0 lrc=0
05-17 16:10:23.911 E/WifiStateMachine(  851):  get link layer stats 0
05-17 16:10:23.916 E/WifiStateMachine(  851): calculateWifiScore() we set wifi's score to 1000, so will always set wifi as a default network.
05-17 16:10:24.363 E/WifiTrafficPoller(  851): TRAFFIC_STATS_POLL true Token 2406 num clients 18
05-17 16:10:24.364 E/WifiTrafficPoller(  851):  packet count Tx=1619022 Rx=5396875
05-17 16:10:25.365 E/WifiTrafficPoller(  851): TRAFFIC_STATS_POLL true Token 2406 num clients 18
05-17 16:10:25.367 E/WifiTrafficPoller(  851):  packet count Tx=1619023 Rx=5396897
05-17 16:10:26.367 E/WifiTrafficPoller(  851): TRAFFIC_STATS_POLL true Token 2406 num clients 18
05-17 16:10:26.367 E/WifiTrafficPoller(  851):  packet count Tx=1619034 Rx=5396939
05-17 16:10:26.921 E/WifiStateMachine(  851):  ConnectedState (when=-4ms what=131155 arg1=548!CMD_RSSI_POLL 548 0 "BOCO-office" 94:b4:0f:68:a4:b1 rssi=-54 f=5785 sc=80 link=150 tx=8.8, 0.0, 0.0  rx=75.3 bcn=0 [on:0 tx:0 rx:0 period:2996] from screen [on:0 period:547185993] gl rssi=-54 ag=0 hr ticks 0,0,28 ls-=0 [56,56,60,60,65] brc=0 lrc=0
05-17 16:10:26.925 E/WifiStateMachine(  851):  L2ConnectedState (when=-6ms what=131155 arg1=548!CMD_RSSI_POLL 548 0 "BOCO-office" 94:b4:0f:68:a4:b1 rssi=-54 f=5785 sc=80 link=150 tx=8.8, 0.0, 0.0  rx=75.3 bcn=0 [on:0 tx:0 rx:0 period:4] from screen [on:0 period:547185997] gl rssi=-54 ag=0 hr ticks 0,0,28 ls-=0 [56,56,60,60,65] brc=0 lrc=0
05-17 16:10:26.925 E/WifiStateMachine(  851):  get link layer stats 0
05-17 16:10:26.943 E/WifiStateMachine(  851): calculateWifiScore() we set wifi's score to 1000, so will always set wifi as a default network.
05-17 16:10:27.368 E/WifiTrafficPoller(  851): TRAFFIC_STATS_POLL true Token 2406 num clients 18
05-17 16:10:27.369 E/WifiTrafficPoller(  851):  packet count Tx=1619034 Rx=5396970
05-17 16:10:27.370 E/WifiTrafficPoller(  851): notifying of data activity 1
05-17 16:10:27.938 E/appium  (19210): Element not found: 
05-17 16:10:27.938 E/appium  (19210): io.appium.uiautomator2.common.exceptions.ElementNotFoundException: Could not find an element using supplied strategy. 
05-17 16:10:27.938 E/appium  (19210): 	at io.appium.uiautomator2.handler.FindElement.getXPathUiObject(FindElement.java:80)
05-17 16:10:27.938 E/appium  (19210): 	at io.appium.uiautomator2.handler.FindElement.findElement(FindElement.java:153)
05-17 16:10:27.938 E/appium  (19210): 	at io.appium.uiautomator2.handler.FindElement.safeHandle(FindElement.java:102)
05-17 16:10:27.938 E/appium  (19210): 	at io.appium.uiautomator2.handler.request.SafeRequestHandler.handle(SafeRequestHandler.java:56)
05-17 16:10:27.938 E/appium  (19210): 	at io.appium.uiautomator2.server.AppiumServlet.handleRequest(AppiumServlet.java:202)
05-17 16:10:27.938 E/appium  (19210): 	at io.appium.uiautomator2.server.AppiumServlet.handleHttpRequest(AppiumServlet.java:193)
05-17 16:10:27.938 E/appium  (19210): 	at io.appium.uiautomator2.http.ServerHandler.channelRead(ServerHandler.java:44)
05-17 16:10:27.938 E/appium  (19210): 	at io.netty.channel.AbstractChannelHandlerContext.invokeChannelRead(AbstractChannelHandlerContext.java:366)
05-17 16:10:27.938 E/appium  (19210): 	at io.netty.channel.AbstractChannelHandlerContext.invokeChannelRead(AbstractChannelHandlerContext.java:352)
05-17 16:10:27.938 E/appium  (19210): 	at io.netty.channel.AbstractChannelHandlerContext.fireChannelRead(AbstractChannelHandlerContext.java:345)
05-17 16:10:27.938 E/appium  (19210): 	at io.netty.handler.codec.MessageToMessageDecoder.channelRead(MessageToMessageDecoder.java:102)
05-17 16:10:27.938 E/appium  (19210): 	at io.netty.channel.AbstractChannelHandlerContext.invokeChannelRead(AbstractChannelHandlerContext.java:366)
05-17 16:10:27.938 E/appium  (19210): 	at io.netty.channel.AbstractChannelHandlerContext.invokeChannelRead(AbstractChannelHandlerContext.java:352)
05-17 16:10:27.938 E/appium  (19210): 	at io.netty.channel.AbstractChannelHandlerContext.fireChannelRead(AbstractChannelHandlerContext.java:345)
05-17 16:10:27.938 E/appium  (19210): 	at io.netty.channel.CombinedChannelDuplexHandler$DelegatingChannelHandlerContext.fireChannelRead(CombinedChannelDuplexHandler.java:435)
05-17 16:10:27.938 E/appium  (19210): 	at io.netty.handler.codec.ByteToMessageDecoder.fireChannelRead(ByteToMessageDecoder.java:293)
05-17 16:10:27.938 E/appium  (19210): 	at io.netty.handler.codec.ByteToMessageDecoder.channelRead(ByteToMessageDecoder.java:267)
05-17 16:10:27.938 E/appium  (19210): 	at io.netty.channel.CombinedChannelDuplexHandler.channelRead(CombinedChannelDuplexHandler.java:250)
05-17 16:10:27.938 E/appium  (19210): 	at io.netty.channel.AbstractChannelHandlerContext.invokeChannelRead(AbstractChannelHandlerContext.java:366)
05-17 16:10:27.938 E/appium  (19210): 	at io.netty.channel.AbstractChannelHandlerContext.invokeChannelRead(AbstractChannelHandlerContext.java:352)
05-17 16:10:27.938 E/appium  (19210): 	at io.netty.channel.AbstractChannelHandlerContext.fireChannelRead(AbstractChannelHandlerContext.java:345)
05-17 16:10:27.938 E/appium  (19210): 	at io.netty.channel.DefaultChannelPipeline$HeadContext.channelRead(DefaultChannelPipeline.java:1294)
05-17 16:10:27.938 E/appium  (19210): 	at io.netty.channel.AbstractChannelHandlerContext.invokeChannelRead(AbstractChannelHandlerContext.java:366)
05-17 16:10:27.938 E/appium  (19210): 	at io.netty.channel.AbstractChannelHandlerContext.invokeChannelRead(AbstractChannelHandlerContext.java:352)
05-17 16:10:27.938 E/appium  (19210): 	at io.netty.channel.DefaultChannelPipeline.fireChannelRead(DefaultChannelPipeline.java:911)
05-17 16:10:27.938 E/appium  (19210): 	at io.netty.channel.nio.AbstractNioByteChannel$NioByteUnsafe.read(AbstractNioByteChannel.java:131)
05-17 16:10:27.938 E/appium  (19210): 	at io.netty.channel.nio.NioEventLoop.processSelectedKey(NioEventLoop.java:611)
05-17 16:10:27.938 E/appium  (19210): 	at io.netty.channel.nio.NioEventLoop.processSelectedKeysPlain(NioEventLoop.java:514)
05-17 16:10:27.938 E/appium  (19210): 	at io.netty.channel.nio.NioEventLoop.processSelectedKeys(NioEventLoop.java:468)
05-17 16:10:27.938 E/appium  (19210): 	at io.netty.channel.nio.NioEventLoop.run(NioEventLoop.java:438)
05-17 16:10:27.938 E/appium  (19210): 	at io.netty.util.concurrent.SingleThreadEventExecutor$2.run(SingleThreadEventExecutor.java:140)
05-17 16:10:27.938 E/appium  (19210): 	at io.netty.util.concurrent.DefaultThreadFactory$DefaultRunnableDecorator.run(DefaultThreadFactory.java:144)
05-17 16:10:27.938 E/appium  (19210): 	at java.lang.Thread.run(Thread.java:818)
05-17 16:10:28.372 E/WifiTrafficPoller(  851): TRAFFIC_STATS_POLL true Token 2406 num clients 18
05-17 16:10:28.374 E/WifiTrafficPoller(  851):  packet count Tx=1619034 Rx=5397001
05-17 16:10:28.537 E/appium  (19210): Element not found: 
05-17 16:10:28.537 E/appium  (19210): io.appium.uiautomator2.common.exceptions.ElementNotFoundException: Could not find an element using supplied strategy. 
05-17 16:10:28.537 E/appium  (19210): 	at io.appium.uiautomator2.handler.FindElement.getXPathUiObject(FindElement.java:80)
05-17 16:10:28.537 E/appium  (19210): 	at io.appium.uiautomator2.handler.FindElement.findElement(FindElement.java:153)
05-17 16:10:28.537 E/appium  (19210): 	at io.appium.uiautomator2.handler.FindElement.safeHandle(FindElement.java:102)
05-17 16:10:28.537 E/appium  (19210): 	at io.appium.uiautomator2.handler.request.SafeRequestHandler.handle(SafeRequestHandler.java:56)
05-17 16:10:28.537 E/appium  (19210): 	at io.appium.uiautomator2.server.AppiumServlet.handleRequest(AppiumServlet.java:202)
05-17 16:10:28.537 E/appium  (19210): 	at io.appium.uiautomator2.server.AppiumServlet.handleHttpRequest(AppiumServlet.java:193)
05-17 16:10:28.537 E/appium  (19210): 	at io.appium.uiautomator2.http.ServerHandler.channelRead(ServerHandler.java:44)
05-17 16:10:28.537 E/appium  (19210): 	at io.netty.channel.AbstractChannelHandlerContext.invokeChannelRead(AbstractChannelHandlerContext.java:366)
05-17 16:10:28.537 E/appium  (19210): 	at io.netty.channel.AbstractChannelHandlerContext.invokeChannelRead(AbstractChannelHandlerContext.java:352)
05-17 16:10:28.537 E/appium  (19210): 	at io.netty.channel.AbstractChannelHandlerContext.fireChannelRead(AbstractChannelHandlerContext.java:345)
05-17 16:10:28.537 E/appium  (19210): 	at io.netty.handler.codec.MessageToMessageDecoder.channelRead(MessageToMessageDecoder.java:102)
05-17 16:10:28.537 E/appium  (19210): 	at io.netty.channel.AbstractChannelHandlerContext.invokeChannelRead(AbstractChannelHandlerContext.java:366)
05-17 16:10:28.537 E/appium  (19210): 	at io.netty.channel.AbstractChannelHandlerContext.invokeChannelRead(AbstractChannelHandlerContext.java:352)
05-17 16:10:28.537 E/appium  (19210): 	at io.netty.channel.AbstractChannelHandlerContext.fireChannelRead(AbstractChannelHandlerContext.java:345)
05-17 16:10:28.537 E/appium  (19210): 	at io.netty.channel.CombinedChannelDuplexHandler$DelegatingChannelHandlerContext.fireChannelRead(CombinedChannelDuplexHandler.java:435)
05-17 16:10:28.537 E/appium  (19210): 	at io.netty.handler.codec.ByteToMessageDecoder.fireChannelRead(ByteToMessageDecoder.java:293)
05-17 16:10:28.537 E/appium  (19210): 	at io.netty.handler.codec.ByteToMessageDecoder.channelRead(ByteToMessageDecoder.java:267)
05-17 16:10:28.537 E/appium  (19210): 	at io.netty.channel.CombinedChannelDuplexHandler.channelRead(CombinedChannelDuplexHandler.java:250)
05-17 16:10:28.537 E/appium  (19210): 	at io.netty.channel.AbstractChannelHandlerContext.invokeChannelRead(AbstractChannelHandlerContext.java:366)
05-17 16:10:28.537 E/appium  (19210): 	at io.netty.channel.AbstractChannelHandlerContext.invokeChannelRead(AbstractChannelHandlerContext.java:352)
05-17 16:10:28.537 E/appium  (19210): 	at io.netty.channel.AbstractChannelHandlerContext.fireChannelRead(AbstractChannelHandlerContext.java:345)
05-17 16:10:28.537 E/appium  (19210): 	at io.netty.channel.DefaultChannelPipeline$HeadContext.channelRead(DefaultChannelPipeline.java:1294)
05-17 16:10:28.537 E/appium  (19210): 	at io.netty.channel.AbstractChannelHandlerContext.invokeChannelRead(AbstractChannelHandlerContext.java:366)
05-17 16:10:28.537 E/appium  (19210): 	at io.netty.channel.AbstractChannelHandlerContext.invokeChannelRead(AbstractChannelHandlerContext.java:352)
05-17 16:10:28.537 E/appium  (19210): 	at io.netty.channel.DefaultChannelPipeline.fireChannelRead(DefaultChannelPipeline.java:911)
05-17 16:10:28.537 E/appium  (19210): 	at io.netty.channel.nio.AbstractNioByteChannel$NioByteUnsafe.read(AbstractNioByteChannel.java:131)
05-17 16:10:28.537 E/appium  (19210): 	at io.netty.channel.nio.NioEventLoop.processSelectedKey(NioEventLoop.java:611)
05-17 16:10:28.537 E/appium  (19210): 	at io.netty.channel.nio.NioEventLoop.processSelectedKeysPlain(NioEventLoop.java:514)
05-17 16:10:28.537 E/appium  (19210): 	at io.netty.channel.nio.NioEventLoop.processSelectedKeys(NioEventLoop.java:468)
05-17 16:10:28.537 E/appium  (19210): 	at io.netty.channel.nio.NioEventLoop.run(NioEventLoop.java:438)
05-17 16:10:28.537 E/appium  (19210): 	at io.netty.util.concurrent.SingleThreadEventExecutor$2.run(SingleThreadEventExecutor.java:140)
05-17 16:10:28.537 E/appium  (19210): 	at io.netty.util.concurrent.DefaultThreadFactory$DefaultRunnableDecorator.run(DefaultThreadFactory.java:144)
05-17 16:10:28.537 E/appium  (19210): 	at java.lang.Thread.run(Thread.java:818)
05-17 16:10:29.374 E/WifiTrafficPoller(  851): TRAFFIC_STATS_POLL true Token 2406 num clients 18
05-17 16:10:29.375 E/WifiTrafficPoller(  851):  packet count Tx=1619034 Rx=5397027
05-17 16:10:29.517 E/appium  (19210): Element not found: 
05-17 16:10:29.517 E/appium  (19210): io.appium.uiautomator2.common.exceptions.ElementNotFoundException: Could not find an element using supplied strategy. 
05-17 16:10:29.517 E/appium  (19210): 	at io.appium.uiautomator2.handler.FindElement.getXPathUiObject(FindElement.java:80)
05-17 16:10:29.517 E/appium  (19210): 	at io.appium.uiautomator2.handler.FindElement.findElement(FindElement.java:153)
05-17 16:10:29.517 E/appium  (19210): 	at io.appium.uiautomator2.handler.FindElement.safeHandle(FindElement.java:102)
05-17 16:10:29.517 E/appium  (19210): 	at io.appium.uiautomator2.handler.request.SafeRequestHandler.handle(SafeRequestHandler.java:56)
05-17 16:10:29.517 E/appium  (19210): 	at io.appium.uiautomator2.server.AppiumServlet.handleRequest(AppiumServlet.java:202)
05-17 16:10:29.517 E/appium  (19210): 	at io.appium.uiautomator2.server.AppiumServlet.handleHttpRequest(AppiumServlet.java:193)
05-17 16:10:29.517 E/appium  (19210): 	at io.appium.uiautomator2.http.ServerHandler.channelRead(ServerHandler.java:44)
05-17 16:10:29.517 E/appium  (19210): 	at io.netty.channel.AbstractChannelHandlerContext.invokeChannelRead(AbstractChannelHandlerContext.java:366)
05-17 16:10:29.517 E/appium  (19210): 	at io.netty.channel.AbstractChannelHandlerContext.invokeChannelRead(AbstractChannelHandlerContext.java:352)
05-17 16:10:29.517 E/appium  (19210): 	at io.netty.channel.AbstractChannelHandlerContext.fireChannelRead(AbstractChannelHandlerContext.java:345)
05-17 16:10:29.517 E/appium  (19210): 	at io.netty.handler.codec.MessageToMessageDecoder.channelRead(MessageToMessageDecoder.java:102)
05-17 16:10:29.517 E/appium  (19210): 	at io.netty.channel.AbstractChannelHandlerContext.invokeChannelRead(AbstractChannelHandlerContext.java:366)
05-17 16:10:29.517 E/appium  (19210): 	at io.netty.channel.AbstractChannelHandlerContext.invokeChannelRead(AbstractChannelHandlerContext.java:352)
05-17 16:10:29.517 E/appium  (19210): 	at io.netty.channel.AbstractChannelHandlerContext.fireChannelRead(AbstractChannelHandlerContext.java:345)
05-17 16:10:29.517 E/appium  (19210): 	at io.netty.channel.CombinedChannelDuplexHandler$DelegatingChannelHandlerContext.fireChannelRead(CombinedChannelDuplexHandler.java:435)
05-17 16:10:29.517 E/appium  (19210): 	at io.netty.handler.codec.ByteToMessageDecoder.fireChannelRead(ByteToMessageDecoder.java:293)
05-17 16:10:29.517 E/appium  (19210): 	at io.netty.handler.codec.ByteToMessageDecoder.channelRead(ByteToMessageDecoder.java:267)
05-17 16:10:29.517 E/appium  (19210): 	at io.netty.channel.CombinedChannelDuplexHandler.channelRead(CombinedChannelDuplexHandler.java:250)
05-17 16:10:29.517 E/appium  (19210): 	at io.netty.channel.AbstractChannelHandlerContext.invokeChannelRead(AbstractChannelHandlerContext.java:366)
05-17 16:10:29.517 E/appium  (19210): 	at io.netty.channel.AbstractChannelHandlerContext.invokeChannelRead(AbstractChannelHandlerContext.java:352)
05-17 16:10:29.517 E/appium  (19210): 	at io.netty.channel.AbstractChannelHandlerContext.fireChannelRead(AbstractChannelHandlerContext.java:345)
05-17 16:10:29.517 E/appium  (19210): 	at io.netty.channel.DefaultChannelPipeline$HeadContext.channelRead(DefaultChannelPipeline.java:1294)
05-17 16:10:29.517 E/appium  (19210): 	at io.netty.channel.AbstractChannelHandlerContext.invokeChannelRead(AbstractChannelHandlerContext.java:366)
05-17 16:10:29.517 E/appium  (19210): 	at io.netty.channel.AbstractChannelHandlerContext.invokeChannelRead(AbstractChannelHandlerContext.java:352)
05-17 16:10:29.517 E/appium  (19210): 	at io.netty.channel.DefaultChannelPipeline.fireChannelRead(DefaultChannelPipeline.java:911)
05-17 16:10:29.517 E/appium  (19210): 	at io.netty.channel.nio.AbstractNioByteChannel$NioByteUnsafe.read(AbstractNioByteChannel.java:131)
05-17 16:10:29.517 E/appium  (19210): 	at io.netty.channel.nio.NioEventLoop.processSelectedKey(NioEventLoop.java:611)
05-17 16:10:29.517 E/appium  (19210): 	at io.netty.channel.nio.NioEventLoop.processSelectedKeysPlain(NioEventLoop.java:514)
05-17 16:10:29.517 E/appium  (19210): 	at io.netty.channel.nio.NioEventLoop.processSelectedKeys(NioEventLoop.java:468)
05-17 16:10:29.517 E/appium  (19210): 	at io.netty.channel.nio.NioEventLoop.run(NioEventLoop.java:438)
05-17 16:10:29.517 E/appium  (19210): 	at io.netty.util.concurrent.SingleThreadEventExecutor$2.run(SingleThreadEventExecutor.java:140)
05-17 16:10:29.517 E/appium  (19210): 	at io.netty.util.concurrent.DefaultThreadFactory$DefaultRunnableDecorator.run(DefaultThreadFactory.java:144)
05-17 16:10:29.517 E/appium  (19210): 	at java.lang.Thread.run(Thread.java:818)
05-17 16:10:29.949 E/WifiStateMachine(  851):  ConnectedState (when=-4ms what=131155 arg1=548!CMD_RSSI_POLL 548 0 "BOCO-office" 94:b4:0f:68:a4:b1 rssi=-53 f=5785 sc=80 link=150 tx=10.4, 0.0, 0.0  rx=86.6 bcn=0 [on:0 tx:0 rx:0 period:3003] from screen [on:0 period:547189020] gl rssi=-53 ag=0 hr ticks 0,0,28 ls-=0 [56,56,60,60,65] brc=0 lrc=0
05-17 16:10:29.951 E/WifiStateMachine(  851):  L2ConnectedState (when=-6ms what=131155 arg1=548!CMD_RSSI_POLL 548 0 "BOCO-office" 94:b4:0f:68:a4:b1 rssi=-53 f=5785 sc=80 link=150 tx=10.4, 0.0, 0.0  rx=86.6 bcn=0 [on:0 tx:0 rx:0 period:3] from screen [on:0 period:547189023] gl rssi=-53 ag=0 hr ticks 0,0,28 ls-=0 [56,56,60,60,65] brc=0 lrc=0
05-17 16:10:29.951 E/WifiStateMachine(  851):  get link layer stats 0
05-17 16:10:29.975 E/WifiStateMachine(  851): calculateWifiScore() we set wifi's score to 1000, so will always set wifi as a default network.
05-17 16:10:30.082 E/appium  (19210): Element not found: 
05-17 16:10:30.082 E/appium  (19210): io.appium.uiautomator2.common.exceptions.ElementNotFoundException: Could not find an element using supplied strategy. 
05-17 16:10:30.082 E/appium  (19210): 	at io.appium.uiautomator2.handler.FindElement.getXPathUiObject(FindElement.java:80)
05-17 16:10:30.082 E/appium  (19210): 	at io.appium.uiautomator2.handler.FindElement.findElement(FindElement.java:153)
05-17 16:10:30.082 E/appium  (19210): 	at io.appium.uiautomator2.handler.FindElement.safeHandle(FindElement.java:102)
05-17 16:10:30.082 E/appium  (19210): 	at io.appium.uiautomator2.handler.request.SafeRequestHandler.handle(SafeRequestHandler.java:56)
05-17 16:10:30.082 E/appium  (19210): 	at io.appium.uiautomator2.server.AppiumServlet.handleRequest(AppiumServlet.java:202)
05-17 16:10:30.082 E/appium  (19210): 	at io.appium.uiautomator2.server.AppiumServlet.handleHttpRequest(AppiumServlet.java:193)
05-17 16:10:30.082 E/appium  (19210): 	at io.appium.uiautomator2.http.ServerHandler.channelRead(ServerHandler.java:44)
05-17 16:10:30.082 E/appium  (19210): 	at io.netty.channel.AbstractChannelHandlerContext.invokeChannelRead(AbstractChannelHandlerContext.java:366)
05-17 16:10:30.082 E/appium  (19210): 	at io.netty.channel.AbstractChannelHandlerContext.invokeChannelRead(AbstractChannelHandlerContext.java:352)
05-17 16:10:30.082 E/appium  (19210): 	at io.netty.channel.AbstractChannelHandlerContext.fireChannelRead(AbstractChannelHandlerContext.java:345)
05-17 16:10:30.082 E/appium  (19210): 	at io.netty.handler.codec.MessageToMessageDecoder.channelRead(MessageToMessageDecoder.java:102)
05-17 16:10:30.082 E/appium  (19210): 	at io.netty.channel.AbstractChannelHandlerContext.invokeChannelRead(AbstractChannelHandlerContext.java:366)
05-17 16:10:30.082 E/appium  (19210): 	at io.netty.channel.AbstractChannelHandlerContext.invokeChannelRead(AbstractChannelHandlerContext.java:352)
05-17 16:10:30.082 E/appium  (19210): 	at io.netty.channel.AbstractChannelHandlerContext.fireChannelRead(AbstractChannelHandlerContext.java:345)
05-17 16:10:30.082 E/appium  (19210): 	at io.netty.channel.CombinedChannelDuplexHandler$DelegatingChannelHandlerContext.fireChannelRead(CombinedChannelDuplexHandler.java:435)
05-17 16:10:30.082 E/appium  (19210): 	at io.netty.handler.codec.ByteToMessageDecoder.fireChannelRead(ByteToMessageDecoder.java:293)
05-17 16:10:30.082 E/appium  (19210): 	at io.netty.handler.codec.ByteToMessageDecoder.channelRead(ByteToMessageDecoder.java:267)
05-17 16:10:30.082 E/appium  (19210): 	at io.netty.channel.CombinedChannelDuplexHandler.channelRead(CombinedChannelDuplexHandler.java:250)
05-17 16:10:30.082 E/appium  (19210): 	at io.netty.channel.AbstractChannelHandlerContext.invokeChannelRead(AbstractChannelHandlerContext.java:366)
05-17 16:10:30.082 E/appium  (19210): 	at io.netty.channel.AbstractChannelHandlerContext.invokeChannelRead(AbstractChannelHandlerContext.java:352)
05-17 16:10:30.082 E/appium  (19210): 	at io.netty.channel.AbstractChannelHandlerContext.fireChannelRead(AbstractChannelHandlerContext.java:345)
05-17 16:10:30.082 E/appium  (19210): 	at io.netty.channel.DefaultChannelPipeline$HeadContext.channelRead(DefaultChannelPipeline.java:1294)
05-17 16:10:30.082 E/appium  (19210): 	at io.netty.channel.AbstractChannelHandlerContext.invokeChannelRead(AbstractChannelHandlerContext.java:366)
05-17 16:10:30.082 E/appium  (19210): 	at io.netty.channel.AbstractChannelHandlerContext.invokeChannelRead(AbstractChannelHandlerContext.java:352)
05-17 16:10:30.082 E/appium  (19210): 	at io.netty.channel.DefaultChannelPipeline.fireChannelRead(DefaultChannelPipeline.java:911)
05-17 16:10:30.082 E/appium  (19210): 	at io.netty.channel.nio.AbstractNioByteChannel$NioByteUnsafe.read(AbstractNioByteChannel.java:131)
05-17 16:10:30.082 E/appium  (19210): 	at io.netty.channel.nio.NioEventLoop.processSelectedKey(NioEventLoop.java:611)
05-17 16:10:30.082 E/appium  (19210): 	at io.netty.channel.nio.NioEventLoop.processSelectedKeysPlain(NioEventLoop.java:514)
05-17 16:10:30.082 E/appium  (19210): 	at io.netty.channel.nio.NioEventLoop.processSelectedKeys(NioEventLoop.java:468)
05-17 16:10:30.082 E/appium  (19210): 	at io.netty.channel.nio.NioEventLoop.run(NioEventLoop.java:438)
05-17 16:10:30.082 E/appium  (19210): 	at io.netty.util.concurrent.SingleThreadEventExecutor$2.run(SingleThreadEventExecutor.java:140)
05-17 16:10:30.082 E/appium  (19210): 	at io.netty.util.concurrent.DefaultThreadFactory$DefaultRunnableDecorator.run(DefaultThreadFactory.java:144)
05-17 16:10:30.082 E/appium  (19210): 	at java.lang.Thread.run(Thread.java:818)
05-17 16:10:30.375 E/WifiTrafficPoller(  851): TRAFFIC_STATS_POLL true Token 2406 num clients 18
05-17 16:10:30.376 E/WifiTrafficPoller(  851):  packet count Tx=1619034 Rx=5397054
05-17 16:10:30.683 E/appium  (19210): Element not found: 
05-17 16:10:30.683 E/appium  (19210): io.appium.uiautomator2.common.exceptions.ElementNotFoundException: Could not find an element using supplied strategy. 
05-17 16:10:30.683 E/appium  (19210): 	at io.appium.uiautomator2.handler.FindElement.getXPathUiObject(FindElement.java:80)
05-17 16:10:30.683 E/appium  (19210): 	at io.appium.uiautomator2.handler.FindElement.findElement(FindElement.java:153)
05-17 16:10:30.683 E/appium  (19210): 	at io.appium.uiautomator2.handler.FindElement.safeHandle(FindElement.java:102)
05-17 16:10:30.683 E/appium  (19210): 	at io.appium.uiautomator2.handler.request.SafeRequestHandler.handle(SafeRequestHandler.java:56)
05-17 16:10:30.683 E/appium  (19210): 	at io.appium.uiautomator2.server.AppiumServlet.handleRequest(AppiumServlet.java:202)
05-17 16:10:30.683 E/appium  (19210): 	at io.appium.uiautomator2.server.AppiumServlet.handleHttpRequest(AppiumServlet.java:193)
05-17 16:10:30.683 E/appium  (19210): 	at io.appium.uiautomator2.http.ServerHandler.channelRead(ServerHandler.java:44)
05-17 16:10:30.683 E/appium  (19210): 	at io.netty.channel.AbstractChannelHandlerContext.invokeChannelRead(AbstractChannelHandlerContext.java:366)
05-17 16:10:30.683 E/appium  (19210): 	at io.netty.channel.AbstractChannelHandlerContext.invokeChannelRead(AbstractChannelHandlerContext.java:352)
05-17 16:10:30.683 E/appium  (19210): 	at io.netty.channel.AbstractChannelHandlerContext.fireChannelRead(AbstractChannelHandlerContext.java:345)
05-17 16:10:30.683 E/appium  (19210): 	at io.netty.handler.codec.MessageToMessageDecoder.channelRead(MessageToMessageDecoder.java:102)
05-17 16:10:30.683 E/appium  (19210): 	at io.netty.channel.AbstractChannelHandlerContext.invokeChannelRead(AbstractChannelHandlerContext.java:366)
05-17 16:10:30.683 E/appium  (19210): 	at io.netty.channel.AbstractChannelHandlerContext.invokeChannelRead(AbstractChannelHandlerContext.java:352)
05-17 16:10:30.683 E/appium  (19210): 	at io.netty.channel.AbstractChannelHandlerContext.fireChannelRead(AbstractChannelHandlerContext.java:345)
05-17 16:10:30.683 E/appium  (19210): 	at io.netty.channel.CombinedChannelDuplexHandler$DelegatingChannelHandlerContext.fireChannelRead(CombinedChannelDuplexHandler.java:435)
05-17 16:10:30.683 E/appium  (19210): 	at io.netty.handler.codec.ByteToMessageDecoder.fireChannelRead(ByteToMessageDecoder.java:293)
05-17 16:10:30.683 E/appium  (19210): 	at io.netty.handler.codec.ByteToMessageDecoder.channelRead(ByteToMessageDecoder.java:267)
05-17 16:10:30.683 E/appium  (19210): 	at io.netty.channel.CombinedChannelDuplexHandler.channelRead(CombinedChannelDuplexHandler.java:250)
05-17 16:10:30.683 E/appium  (19210): 	at io.netty.channel.AbstractChannelHandlerContext.invokeChannelRead(AbstractChannelHandlerContext.java:366)
05-17 16:10:30.683 E/appium  (19210): 	at io.netty.channel.AbstractChannelHandlerContext.invokeChannelRead(AbstractChannelHandlerContext.java:352)
05-17 16:10:30.683 E/appium  (19210): 	at io.netty.channel.AbstractChannelHandlerContext.fireChannelRead(AbstractChannelHandlerContext.java:345)
05-17 16:10:30.683 E/appium  (19210): 	at io.netty.channel.DefaultChannelPipeline$HeadContext.channelRead(DefaultChannelPipeline.java:1294)
05-17 16:10:30.683 E/appium  (19210): 	at io.netty.channel.AbstractChannelHandlerContext.invokeChannelRead(AbstractChannelHandlerContext.java:366)
05-17 16:10:30.683 E/appium  (19210): 	at io.netty.channel.AbstractChannelHandlerContext.invokeChannelRead(AbstractChannelHandlerContext.java:352)
05-17 16:10:30.683 E/appium  (19210): 	at io.netty.channel.DefaultChannelPipeline.fireChannelRead(DefaultChannelPipeline.java:911)
05-17 16:10:30.683 E/appium  (19210): 	at io.netty.channel.nio.AbstractNioByteChannel$NioByteUnsafe.read(AbstractNioByteChannel.java:131)
05-17 16:10:30.683 E/appium  (19210): 	at io.netty.channel.nio.NioEventLoop.processSelectedKey(NioEventLoop.java:611)
05-17 16:10:30.683 E/appium  (19210): 	at io.netty.channel.nio.NioEventLoop.processSelectedKeysPlain(NioEventLoop.java:514)
05-17 16:10:30.683 E/appium  (19210): 	at io.netty.channel.nio.NioEventLoop.processSelectedKeys(NioEventLoop.java:468)
05-17 16:10:30.683 E/appium  (19210): 	at io.netty.channel.nio.NioEventLoop.run(NioEventLoop.java:438)
05-17 16:10:30.683 E/appium  (19210): 	at io.netty.util.concurrent.SingleThreadEventExecutor$2.run(SingleThreadEventExecutor.java:140)
05-17 16:10:30.683 E/appium  (19210): 	at io.netty.util.concurrent.DefaultThreadFactory$DefaultRunnableDecorator.run(DefaultThreadFactory.java:144)
05-17 16:10:30.683 E/appium  (19210): 	at java.lang.Thread.run(Thread.java:818)
05-17 16:10:31.246 E/appium  (19210): Element not found: 
05-17 16:10:31.246 E/appium  (19210): io.appium.uiautomator2.common.exceptions.ElementNotFoundException: Could not find an element using supplied strategy. 
05-17 16:10:31.246 E/appium  (19210): 	at io.appium.uiautomator2.handler.FindElement.getXPathUiObject(FindElement.java:80)
05-17 16:10:31.246 E/appium  (19210): 	at io.appium.uiautomator2.handler.FindElement.findElement(FindElement.java:153)
05-17 16:10:31.246 E/appium  (19210): 	at io.appium.uiautomator2.handler.FindElement.safeHandle(FindElement.java:102)
05-17 16:10:31.246 E/appium  (19210): 	at io.appium.uiautomator2.handler.request.SafeRequestHandler.handle(SafeRequestHandler.java:56)
05-17 16:10:31.246 E/appium  (19210): 	at io.appium.uiautomator2.server.AppiumServlet.handleRequest(AppiumServlet.java:202)
05-17 16:10:31.246 E/appium  (19210): 	at io.appium.uiautomator2.server.AppiumServlet.handleHttpRequest(AppiumServlet.java:193)
05-17 16:10:31.246 E/appium  (19210): 	at io.appium.uiautomator2.http.ServerHandler.channelRead(ServerHandler.java:44)
05-17 16:10:31.246 E/appium  (19210): 	at io.netty.channel.AbstractChannelHandlerContext.invokeChannelRead(AbstractChannelHandlerContext.java:366)
05-17 16:10:31.246 E/appium  (19210): 	at io.netty.channel.AbstractChannelHandlerContext.invokeChannelRead(AbstractChannelHandlerContext.java:352)
05-17 16:10:31.246 E/appium  (19210): 	at io.netty.channel.AbstractChannelHandlerContext.fireChannelRead(AbstractChannelHandlerContext.java:345)
05-17 16:10:31.246 E/appium  (19210): 	at io.netty.handler.codec.MessageToMessageDecoder.channelRead(MessageToMessageDecoder.java:102)
05-17 16:10:31.246 E/appium  (19210): 	at io.netty.channel.AbstractChannelHandlerContext.invokeChannelRead(AbstractChannelHandlerContext.java:366)
05-17 16:10:31.246 E/appium  (19210): 	at io.netty.channel.AbstractChannelHandlerContext.invokeChannelRead(AbstractChannelHandlerContext.java:352)
05-17 16:10:31.246 E/appium  (19210): 	at io.netty.channel.AbstractChannelHandlerContext.fireChannelRead(AbstractChannelHandlerContext.java:345)
05-17 16:10:31.246 E/appium  (19210): 	at io.netty.channel.CombinedChannelDuplexHandler$DelegatingChannelHandlerContext.fireChannelRead(CombinedChannelDuplexHandler.java:435)
05-17 16:10:31.246 E/appium  (19210): 	at io.netty.handler.codec.ByteToMessageDecoder.fireChannelRead(ByteToMessageDecoder.java:293)
05-17 16:10:31.246 E/appium  (19210): 	at io.netty.handler.codec.ByteToMessageDecoder.channelRead(ByteToMessageDecoder.java:267)
05-17 16:10:31.246 E/appium  (19210): 	at io.netty.channel.CombinedChannelDuplexHandler.channelRead(CombinedChannelDuplexHandler.java:250)
05-17 16:10:31.246 E/appium  (19210): 	at io.netty.channel.AbstractChannelHandlerContext.invokeChannelRead(AbstractChannelHandlerContext.java:366)
05-17 16:10:31.246 E/appium  (19210): 	at io.netty.channel.AbstractChannelHandlerContext.invokeChannelRead(AbstractChannelHandlerContext.java:352)
05-17 16:10:31.246 E/appium  (19210): 	at io.netty.channel.AbstractChannelHandlerContext.fireChannelRead(AbstractChannelHandlerContext.java:345)
05-17 16:10:31.246 E/appium  (19210): 	at io.netty.channel.DefaultChannelPipeline$HeadContext.channelRead(DefaultChannelPipeline.java:1294)
05-17 16:10:31.246 E/appium  (19210): 	at io.netty.channel.AbstractChannelHandlerContext.invokeChannelRead(AbstractChannelHandlerContext.java:366)
05-17 16:10:31.246 E/appium  (19210): 	at io.netty.channel.AbstractChannelHandlerContext.invokeChannelRead(AbstractChannelHandlerContext.java:352)
05-17 16:10:31.246 E/appium  (19210): 	at io.netty.channel.DefaultChannelPipeline.fireChannelRead(DefaultChannelPipeline.java:911)
05-17 16:10:31.246 E/appium  (19210): 	at io.netty.channel.nio.AbstractNioByteChannel$NioByteUnsafe.read(AbstractNioByteChannel.java:131)
05-17 16:10:31.246 E/appium  (19210): 	at io.netty.channel.nio.NioEventLoop.processSelectedKey(NioEventLoop.java:611)
05-17 16:10:31.246 E/appium  (19210): 	at io.netty.channel.nio.NioEventLoop.processSelectedKeysPlain(NioEventLoop.java:514)
05-17 16:10:31.246 E/appium  (19210): 	at io.netty.channel.nio.NioEventLoop.processSelectedKeys(NioEventLoop.java:468)
05-17 16:10:31.246 E/appium  (19210): 	at io.netty.channel.nio.NioEventLoop.run(NioEventLoop.java:438)
05-17 16:10:31.246 E/appium  (19210): 	at io.netty.util.concurrent.SingleThreadEventExecutor$2.run(SingleThreadEventExecutor.java:140)
05-17 16:10:31.246 E/appium  (19210): 	at io.netty.util.concurrent.DefaultThreadFactory$DefaultRunnableDecorator.run(DefaultThreadFactory.java:144)
05-17 16:10:31.246 E/appium  (19210): 	at java.lang.Thread.run(Thread.java:818)
05-17 16:10:31.377 E/WifiTrafficPoller(  851): TRAFFIC_STATS_POLL true Token 2406 num clients 18
05-17 16:10:31.377 E/WifiTrafficPoller(  851):  packet count Tx=1619034 Rx=5397073
05-17 16:10:31.860 E/appium  (19210): Element not found: 
05-17 16:10:31.860 E/appium  (19210): io.appium.uiautomator2.common.exceptions.ElementNotFoundException: Could not find an element using supplied strategy. 
05-17 16:10:31.860 E/appium  (19210): 	at io.appium.uiautomator2.handler.FindElement.getXPathUiObject(FindElement.java:80)
05-17 16:10:31.860 E/appium  (19210): 	at io.appium.uiautomator2.handler.FindElement.findElement(FindElement.java:153)
05-17 16:10:31.860 E/appium  (19210): 	at io.appium.uiautomator2.handler.FindElement.safeHandle(FindElement.java:102)
05-17 16:10:31.860 E/appium  (19210): 	at io.appium.uiautomator2.handler.request.SafeRequestHandler.handle(SafeRequestHandler.java:56)
05-17 16:10:31.860 E/appium  (19210): 	at io.appium.uiautomator2.server.AppiumServlet.handleRequest(AppiumServlet.java:202)
05-17 16:10:31.860 E/appium  (19210): 	at io.appium.uiautomator2.server.AppiumServlet.handleHttpRequest(AppiumServlet.java:193)
05-17 16:10:31.860 E/appium  (19210): 	at io.appium.uiautomator2.http.ServerHandler.channelRead(ServerHandler.java:44)
05-17 16:10:31.860 E/appium  (19210): 	at io.netty.channel.AbstractChannelHandlerContext.invokeChannelRead(AbstractChannelHandlerContext.java:366)
05-17 16:10:31.860 E/appium  (19210): 	at io.netty.channel.AbstractChannelHandlerContext.invokeChannelRead(AbstractChannelHandlerContext.java:352)
05-17 16:10:31.860 E/appium  (19210): 	at io.netty.channel.AbstractChannelHandlerContext.fireChannelRead(AbstractChannelHandlerContext.java:345)
05-17 16:10:31.860 E/appium  (19210): 	at io.netty.handler.codec.MessageToMessageDecoder.channelRead(MessageToMessageDecoder.java:102)
05-17 16:10:31.860 E/appium  (19210): 	at io.netty.channel.AbstractChannelHandlerContext.invokeChannelRead(AbstractChannelHandlerContext.java:366)
05-17 16:10:31.860 E/appium  (19210): 	at io.netty.channel.AbstractChannelHandlerContext.invokeChannelRead(AbstractChannelHandlerContext.java:352)
05-17 16:10:31.860 E/appium  (19210): 	at io.netty.channel.AbstractChannelHandlerContext.fireChannelRead(AbstractChannelHandlerContext.java:345)
05-17 16:10:31.860 E/appium  (19210): 	at io.netty.channel.CombinedChannelDuplexHandler$DelegatingChannelHandlerContext.fireChannelRead(CombinedChannelDuplexHandler.java:435)
05-17 16:10:31.860 E/appium  (19210): 	at io.netty.handler.codec.ByteToMessageDecoder.fireChannelRead(ByteToMessageDecoder.java:293)
05-17 16:10:31.860 E/appium  (19210): 	at io.netty.handler.codec.ByteToMessageDecoder.channelRead(ByteToMessageDecoder.java:267)
05-17 16:10:31.860 E/appium  (19210): 	at io.netty.channel.CombinedChannelDuplexHandler.channelRead(CombinedChannelDuplexHandler.java:250)
05-17 16:10:31.860 E/appium  (19210): 	at io.netty.channel.AbstractChannelHandlerContext.invokeChannelRead(AbstractChannelHandlerContext.java:366)
