05-18 11:44:47.496 E/appium  ( 8012): 	at io.netty.channel.AbstractChannelHandlerContext.invokeChannelRead(AbstractChannelHandlerContext.java:366)
05-18 11:44:47.496 E/appium  ( 8012): 	at io.netty.channel.AbstractChannelHandlerContext.invokeChannelRead(AbstractChannelHandlerContext.java:352)
05-18 11:44:47.496 E/appium  ( 8012): 	at io.netty.channel.AbstractChannelHandlerContext.fireChannelRead(AbstractChannelHandlerContext.java:345)
05-18 11:44:47.496 E/appium  ( 8012): 	at io.netty.channel.CombinedChannelDuplexHandler$DelegatingChannelHandlerContext.fireChannelRead(CombinedChannelDuplexHandler.java:435)
05-18 11:44:47.496 E/appium  ( 8012): 	at io.netty.handler.codec.ByteToMessageDecoder.fireChannelRead(ByteToMessageDecoder.java:293)
05-18 11:44:47.496 E/appium  ( 8012): 	at io.netty.handler.codec.ByteToMessageDecoder.channelRead(ByteToMessageDecoder.java:267)
05-18 11:44:47.496 E/appium  ( 8012): 	at io.netty.channel.CombinedChannelDuplexHandler.channelRead(CombinedChannelDuplexHandler.java:250)
05-18 11:44:47.496 E/appium  ( 8012): 	at io.netty.channel.AbstractChannelHandlerContext.invokeChannelRead(AbstractChannelHandlerContext.java:366)
05-18 11:44:47.496 E/appium  ( 8012): 	at io.netty.channel.AbstractChannelHandlerContext.invokeChannelRead(AbstractChannelHandlerContext.java:352)
05-18 11:44:47.496 E/appium  ( 8012): 	at io.netty.channel.AbstractChannelHandlerContext.fireChannelRead(AbstractChannelHandlerContext.java:345)
05-18 11:44:47.496 E/appium  ( 8012): 	at io.netty.channel.DefaultChannelPipeline$HeadContext.channelRead(DefaultChannelPipeline.java:1294)
05-18 11:44:47.496 E/appium  ( 8012): 	at io.netty.channel.AbstractChannelHandlerContext.invokeChannelRead(AbstractChannelHandlerContext.java:366)
05-18 11:44:47.496 E/appium  ( 8012): 	at io.netty.channel.AbstractChannelHandlerContext.invokeChannelRead(AbstractChannelHandlerContext.java:352)
05-18 11:44:47.496 E/appium  ( 8012): 	at io.netty.channel.DefaultChannelPipeline.fireChannelRead(DefaultChannelPipeline.java:911)
05-18 11:44:47.496 E/appium  ( 8012): 	at io.netty.channel.nio.AbstractNioByteChannel$NioByteUnsafe.read(AbstractNioByteChannel.java:131)
05-18 11:44:47.496 E/appium  ( 8012): 	at io.netty.channel.nio.NioEventLoop.processSelectedKey(NioEventLoop.java:611)
05-18 11:44:47.496 E/appium  ( 8012): 	at io.netty.channel.nio.NioEventLoop.processSelectedKeysPlain(NioEventLoop.java:514)
05-18 11:44:47.496 E/appium  ( 8012): 	at io.netty.channel.nio.NioEventLoop.processSelectedKeys(NioEventLoop.java:468)
05-18 11:44:47.496 E/appium  ( 8012): 	at io.netty.channel.nio.NioEventLoop.run(NioEventLoop.java:438)
05-18 11:44:47.496 E/appium  ( 8012): 	at io.netty.util.concurrent.SingleThreadEventExecutor$2.run(SingleThreadEventExecutor.java:140)
05-18 11:44:47.496 E/appium  ( 8012): 	at io.netty.util.concurrent.DefaultThreadFactory$DefaultRunnableDecorator.run(DefaultThreadFactory.java:144)
05-18 11:44:47.496 E/appium  ( 8012): 	at java.lang.Thread.run(Thread.java:818)
05-18 11:44:47.961 E/WifiTrafficPoller(  851): TRAFFIC_STATS_POLL true Token 2644 num clients 19
05-18 11:44:47.962 E/WifiTrafficPoller(  851):  packet count Tx=1844725 Rx=6027235
05-18 11:44:48.391 E/WifiStateMachine(  851):  ConnectedState (when=-3ms what=131155 arg1=591!CMD_RSSI_POLL 591 0 "BOCO-office" 94:b4:0f:68:a4:b1 rssi=-51 f=5785 sc=80 link=135 tx=399.4, 0.0, 0.0  rx=794.3 bcn=0 [on:0 tx:0 rx:0 period:3001] from screen [on:0 period:617647463] gl rssi=-51 ag=0 hr ticks 314,77,51 ls-=0 [56,56,60,60,65] brc=0 lrc=0
05-18 11:44:48.392 E/WifiStateMachine(  851):  L2ConnectedState (when=-4ms what=131155 arg1=591!CMD_RSSI_POLL 591 0 "BOCO-office" 94:b4:0f:68:a4:b1 rssi=-51 f=5785 sc=80 link=135 tx=399.4, 0.0, 0.0  rx=794.3 bcn=0 [on:0 tx:0 rx:0 period:1] from screen [on:0 period:617647464] gl rssi=-51 ag=0 hr ticks 314,77,51 ls-=0 [56,56,60,60,65] brc=0 lrc=0
05-18 11:44:48.393 E/WifiStateMachine(  851):  get link layer stats 0
05-18 11:44:48.396 E/WifiStateMachine(  851): calculateWifiScore() we set wifi's score to 1000, so will always set wifi as a default network.
05-18 11:44:48.963 E/WifiTrafficPoller(  851): TRAFFIC_STATS_POLL true Token 2644 num clients 19
05-18 11:44:48.963 E/WifiTrafficPoller(  851):  packet count Tx=1844881 Rx=6027559
05-18 11:44:49.516 E/appium  ( 8012): Element not found: 
05-18 11:44:49.516 E/appium  ( 8012): io.appium.uiautomator2.common.exceptions.ElementNotFoundException: Could not find an element using supplied strategy. 
05-18 11:44:49.516 E/appium  ( 8012): 	at io.appium.uiautomator2.handler.FindElement.getXPathUiObject(FindElement.java:80)
05-18 11:44:49.516 E/appium  ( 8012): 	at io.appium.uiautomator2.handler.FindElement.findElement(FindElement.java:153)
05-18 11:44:49.516 E/appium  ( 8012): 	at io.appium.uiautomator2.handler.FindElement.safeHandle(FindElement.java:102)
05-18 11:44:49.516 E/appium  ( 8012): 	at io.appium.uiautomator2.handler.request.SafeRequestHandler.handle(SafeRequestHandler.java:56)
05-18 11:44:49.516 E/appium  ( 8012): 	at io.appium.uiautomator2.server.AppiumServlet.handleRequest(AppiumServlet.java:202)
05-18 11:44:49.516 E/appium  ( 8012): 	at io.appium.uiautomator2.server.AppiumServlet.handleHttpRequest(AppiumServlet.java:193)
05-18 11:44:49.516 E/appium  ( 8012): 	at io.appium.uiautomator2.http.ServerHandler.channelRead(ServerHandler.java:44)
05-18 11:44:49.516 E/appium  ( 8012): 	at io.netty.channel.AbstractChannelHandlerContext.invokeChannelRead(AbstractChannelHandlerContext.java:366)
05-18 11:44:49.516 E/appium  ( 8012): 	at io.netty.channel.AbstractChannelHandlerContext.invokeChannelRead(AbstractChannelHandlerContext.java:352)
05-18 11:44:49.516 E/appium  ( 8012): 	at io.netty.channel.AbstractChannelHandlerContext.fireChannelRead(AbstractChannelHandlerContext.java:345)
05-18 11:44:49.516 E/appium  ( 8012): 	at io.netty.handler.codec.MessageToMessageDecoder.channelRead(MessageToMessageDecoder.java:102)
05-18 11:44:49.516 E/appium  ( 8012): 	at io.netty.channel.AbstractChannelHandlerContext.invokeChannelRead(AbstractChannelHandlerContext.java:366)
05-18 11:44:49.516 E/appium  ( 8012): 	at io.netty.channel.AbstractChannelHandlerContext.invokeChannelRead(AbstractChannelHandlerContext.java:352)
05-18 11:44:49.516 E/appium  ( 8012): 	at io.netty.channel.AbstractChannelHandlerContext.fireChannelRead(AbstractChannelHandlerContext.java:345)
05-18 11:44:49.516 E/appium  ( 8012): 	at io.netty.channel.CombinedChannelDuplexHandler$DelegatingChannelHandlerContext.fireChannelRead(CombinedChannelDuplexHandler.java:435)
05-18 11:44:49.516 E/appium  ( 8012): 	at io.netty.handler.codec.ByteToMessageDecoder.fireChannelRead(ByteToMessageDecoder.java:293)
05-18 11:44:49.516 E/appium  ( 8012): 	at io.netty.handler.codec.ByteToMessageDecoder.channelRead(ByteToMessageDecoder.java:267)
05-18 11:44:49.516 E/appium  ( 8012): 	at io.netty.channel.CombinedChannelDuplexHandler.channelRead(CombinedChannelDuplexHandler.java:250)
05-18 11:44:49.516 E/appium  ( 8012): 	at io.netty.channel.AbstractChannelHandlerContext.invokeChannelRead(AbstractChannelHandlerContext.java:366)
05-18 11:44:49.516 E/appium  ( 8012): 	at io.netty.channel.AbstractChannelHandlerContext.invokeChannelRead(AbstractChannelHandlerContext.java:352)
05-18 11:44:49.516 E/appium  ( 8012): 	at io.netty.channel.AbstractChannelHandlerContext.fireChannelRead(AbstractChannelHandlerContext.java:345)
05-18 11:44:49.516 E/appium  ( 8012): 	at io.netty.channel.DefaultChannelPipeline$HeadContext.channelRead(DefaultChannelPipeline.java:1294)
05-18 11:44:49.516 E/appium  ( 8012): 	at io.netty.channel.AbstractChannelHandlerContext.invokeChannelRead(AbstractChannelHandlerContext.java:366)
05-18 11:44:49.516 E/appium  ( 8012): 	at io.netty.channel.AbstractChannelHandlerContext.invokeChannelRead(AbstractChannelHandlerContext.java:352)
05-18 11:44:49.516 E/appium  ( 8012): 	at io.netty.channel.DefaultChannelPipeline.fireChannelRead(DefaultChannelPipeline.java:911)
05-18 11:44:49.516 E/appium  ( 8012): 	at io.netty.channel.nio.AbstractNioByteChannel$NioByteUnsafe.read(AbstractNioByteChannel.java:131)
05-18 11:44:49.516 E/appium  ( 8012): 	at io.netty.channel.nio.NioEventLoop.processSelectedKey(NioEventLoop.java:611)
05-18 11:44:49.516 E/appium  ( 8012): 	at io.netty.channel.nio.NioEventLoop.processSelectedKeysPlain(NioEventLoop.java:514)
05-18 11:44:49.516 E/appium  ( 8012): 	at io.netty.channel.nio.NioEventLoop.processSelectedKeys(NioEventLoop.java:468)
05-18 11:44:49.516 E/appium  ( 8012): 	at io.netty.channel.nio.NioEventLoop.run(NioEventLoop.java:438)
05-18 11:44:49.516 E/appium  ( 8012): 	at io.netty.util.concurrent.SingleThreadEventExecutor$2.run(SingleThreadEventExecutor.java:140)
05-18 11:44:49.516 E/appium  ( 8012): 	at io.netty.util.concurrent.DefaultThreadFactory$DefaultRunnableDecorator.run(DefaultThreadFactory.java:144)
05-18 11:44:49.516 E/appium  ( 8012): 	at java.lang.Thread.run(Thread.java:818)
05-18 11:44:49.964 E/WifiTrafficPoller(  851): TRAFFIC_STATS_POLL true Token 2644 num clients 19
05-18 11:44:49.965 E/WifiTrafficPoller(  851):  packet count Tx=1845038 Rx=6027883
05-18 11:44:50.479 E/appium  ( 8012): Element not found: 
05-18 11:44:50.479 E/appium  ( 8012): io.appium.uiautomator2.common.exceptions.ElementNotFoundException: Could not find an element using supplied strategy. 
05-18 11:44:50.479 E/appium  ( 8012): 	at io.appium.uiautomator2.handler.FindElement.getXPathUiObject(FindElement.java:80)
05-18 11:44:50.479 E/appium  ( 8012): 	at io.appium.uiautomator2.handler.FindElement.findElement(FindElement.java:153)
05-18 11:44:50.479 E/appium  ( 8012): 	at io.appium.uiautomator2.handler.FindElement.safeHandle(FindElement.java:102)
05-18 11:44:50.479 E/appium  ( 8012): 	at io.appium.uiautomator2.handler.request.SafeRequestHandler.handle(SafeRequestHandler.java:56)
05-18 11:44:50.479 E/appium  ( 8012): 	at io.appium.uiautomator2.server.AppiumServlet.handleRequest(AppiumServlet.java:202)
05-18 11:44:50.479 E/appium  ( 8012): 	at io.appium.uiautomator2.server.AppiumServlet.handleHttpRequest(AppiumServlet.java:193)
05-18 11:44:50.479 E/appium  ( 8012): 	at io.appium.uiautomator2.http.ServerHandler.channelRead(ServerHandler.java:44)
05-18 11:44:50.479 E/appium  ( 8012): 	at io.netty.channel.AbstractChannelHandlerContext.invokeChannelRead(AbstractChannelHandlerContext.java:366)
05-18 11:44:50.479 E/appium  ( 8012): 	at io.netty.channel.AbstractChannelHandlerContext.invokeChannelRead(AbstractChannelHandlerContext.java:352)
05-18 11:44:50.479 E/appium  ( 8012): 	at io.netty.channel.AbstractChannelHandlerContext.fireChannelRead(AbstractChannelHandlerContext.java:345)
05-18 11:44:50.479 E/appium  ( 8012): 	at io.netty.handler.codec.MessageToMessageDecoder.channelRead(MessageToMessageDecoder.java:102)
05-18 11:44:50.479 E/appium  ( 8012): 	at io.netty.channel.AbstractChannelHandlerContext.invokeChannelRead(AbstractChannelHandlerContext.java:366)
05-18 11:44:50.479 E/appium  ( 8012): 	at io.netty.channel.AbstractChannelHandlerContext.invokeChannelRead(AbstractChannelHandlerContext.java:352)
05-18 11:44:50.479 E/appium  ( 8012): 	at io.netty.channel.AbstractChannelHandlerContext.fireChannelRead(AbstractChannelHandlerContext.java:345)
05-18 11:44:50.479 E/appium  ( 8012): 	at io.netty.channel.CombinedChannelDuplexHandler$DelegatingChannelHandlerContext.fireChannelRead(CombinedChannelDuplexHandler.java:435)
05-18 11:44:50.479 E/appium  ( 8012): 	at io.netty.handler.codec.ByteToMessageDecoder.fireChannelRead(ByteToMessageDecoder.java:293)
05-18 11:44:50.479 E/appium  ( 8012): 	at io.netty.handler.codec.ByteToMessageDecoder.channelRead(ByteToMessageDecoder.java:267)
05-18 11:44:50.479 E/appium  ( 8012): 	at io.netty.channel.CombinedChannelDuplexHandler.channelRead(CombinedChannelDuplexHandler.java:250)
05-18 11:44:50.479 E/appium  ( 8012): 	at io.netty.channel.AbstractChannelHandlerContext.invokeChannelRead(AbstractChannelHandlerContext.java:366)
05-18 11:44:50.479 E/appium  ( 8012): 	at io.netty.channel.AbstractChannelHandlerContext.invokeChannelRead(AbstractChannelHandlerContext.java:352)
05-18 11:44:50.479 E/appium  ( 8012): 	at io.netty.channel.AbstractChannelHandlerContext.fireChannelRead(AbstractChannelHandlerContext.java:345)
05-18 11:44:50.479 E/appium  ( 8012): 	at io.netty.channel.DefaultChannelPipeline$HeadContext.channelRead(DefaultChannelPipeline.java:1294)
05-18 11:44:50.479 E/appium  ( 8012): 	at io.netty.channel.AbstractChannelHandlerContext.invokeChannelRead(AbstractChannelHandlerContext.java:366)
05-18 11:44:50.479 E/appium  ( 8012): 	at io.netty.channel.AbstractChannelHandlerContext.invokeChannelRead(AbstractChannelHandlerContext.java:352)
05-18 11:44:50.479 E/appium  ( 8012): 	at io.netty.channel.DefaultChannelPipeline.fireChannelRead(DefaultChannelPipeline.java:911)
05-18 11:44:50.479 E/appium  ( 8012): 	at io.netty.channel.nio.AbstractNioByteChannel$NioByteUnsafe.read(AbstractNioByteChannel.java:131)
05-18 11:44:50.479 E/appium  ( 8012): 	at io.netty.channel.nio.NioEventLoop.processSelectedKey(NioEventLoop.java:611)
05-18 11:44:50.479 E/appium  ( 8012): 	at io.netty.channel.nio.NioEventLoop.processSelectedKeysPlain(NioEventLoop.java:514)
05-18 11:44:50.479 E/appium  ( 8012): 	at io.netty.channel.nio.NioEventLoop.processSelectedKeys(NioEventLoop.java:468)
05-18 11:44:50.479 E/appium  ( 8012): 	at io.netty.channel.nio.NioEventLoop.run(NioEventLoop.java:438)
05-18 11:44:50.479 E/appium  ( 8012): 	at io.netty.util.concurrent.SingleThreadEventExecutor$2.run(SingleThreadEventExecutor.java:140)
05-18 11:44:50.479 E/appium  ( 8012): 	at io.netty.util.concurrent.DefaultThreadFactory$DefaultRunnableDecorator.run(DefaultThreadFactory.java:144)
05-18 11:44:50.479 E/appium  ( 8012): 	at java.lang.Thread.run(Thread.java:818)
05-18 11:44:50.964 E/WifiTrafficPoller(  851): TRAFFIC_STATS_POLL true Token 2644 num clients 19
05-18 11:44:50.965 E/WifiTrafficPoller(  851):  packet count Tx=1845196 Rx=6028224
05-18 11:44:51.401 E/WifiStateMachine(  851):  ConnectedState (when=-3ms what=131155 arg1=591!CMD_RSSI_POLL 591 0 "BOCO-office" 94:b4:0f:68:a4:b1 rssi=-51 f=5785 sc=80 link=135 tx=438.2, 0.0, 0.0  rx=891.2 bcn=0 [on:0 tx:0 rx:0 period:2998] from screen [on:0 period:617650473] gl rssi=-51 ag=0 hr ticks 314,77,51 ls-=0 [56,56,60,60,65] brc=0 lrc=0
05-18 11:44:51.406 E/WifiStateMachine(  851):  L2ConnectedState (when=-6ms what=131155 arg1=591!CMD_RSSI_POLL 591 0 "BOCO-office" 94:b4:0f:68:a4:b1 rssi=-51 f=5785 sc=80 link=135 tx=438.2, 0.0, 0.0  rx=891.2 bcn=0 [on:0 tx:0 rx:0 period:5] from screen [on:0 period:617650478] gl rssi=-51 ag=0 hr ticks 314,77,51 ls-=0 [56,56,60,60,65] brc=0 lrc=0
05-18 11:44:51.406 E/WifiStateMachine(  851):  get link layer stats 0
05-18 11:44:51.411 E/WifiStateMachine(  851): calculateWifiScore() we set wifi's score to 1000, so will always set wifi as a default network.
05-18 11:44:51.965 E/WifiTrafficPoller(  851): TRAFFIC_STATS_POLL true Token 2644 num clients 19
05-18 11:44:51.966 E/WifiTrafficPoller(  851):  packet count Tx=1845353 Rx=6028550
05-18 11:44:52.505 E/appium  ( 8012): Element not found: 
05-18 11:44:52.505 E/appium  ( 8012): io.appium.uiautomator2.common.exceptions.ElementNotFoundException: Could not find an element using supplied strategy. 
05-18 11:44:52.505 E/appium  ( 8012): 	at io.appium.uiautomator2.handler.FindElement.getXPathUiObject(FindElement.java:80)
05-18 11:44:52.505 E/appium  ( 8012): 	at io.appium.uiautomator2.handler.FindElement.findElement(FindElement.java:153)
05-18 11:44:52.505 E/appium  ( 8012): 	at io.appium.uiautomator2.handler.FindElement.safeHandle(FindElement.java:102)
05-18 11:44:52.505 E/appium  ( 8012): 	at io.appium.uiautomator2.handler.request.SafeRequestHandler.handle(SafeRequestHandler.java:56)
05-18 11:44:52.505 E/appium  ( 8012): 	at io.appium.uiautomator2.server.AppiumServlet.handleRequest(AppiumServlet.java:202)
05-18 11:44:52.505 E/appium  ( 8012): 	at io.appium.uiautomator2.server.AppiumServlet.handleHttpRequest(AppiumServlet.java:193)
05-18 11:44:52.505 E/appium  ( 8012): 	at io.appium.uiautomator2.http.ServerHandler.channelRead(ServerHandler.java:44)
05-18 11:44:52.505 E/appium  ( 8012): 	at io.netty.channel.AbstractChannelHandlerContext.invokeChannelRead(AbstractChannelHandlerContext.java:366)
05-18 11:44:52.505 E/appium  ( 8012): 	at io.netty.channel.AbstractChannelHandlerContext.invokeChannelRead(AbstractChannelHandlerContext.java:352)
05-18 11:44:52.505 E/appium  ( 8012): 	at io.netty.channel.AbstractChannelHandlerContext.fireChannelRead(AbstractChannelHandlerContext.java:345)
05-18 11:44:52.505 E/appium  ( 8012): 	at io.netty.handler.codec.MessageToMessageDecoder.channelRead(MessageToMessageDecoder.java:102)
05-18 11:44:52.505 E/appium  ( 8012): 	at io.netty.channel.AbstractChannelHandlerContext.invokeChannelRead(AbstractChannelHandlerContext.java:366)
05-18 11:44:52.505 E/appium  ( 8012): 	at io.netty.channel.AbstractChannelHandlerContext.invokeChannelRead(AbstractChannelHandlerContext.java:352)
05-18 11:44:52.505 E/appium  ( 8012): 	at io.netty.channel.AbstractChannelHandlerContext.fireChannelRead(AbstractChannelHandlerContext.java:345)
05-18 11:44:52.505 E/appium  ( 8012): 	at io.netty.channel.CombinedChannelDuplexHandler$DelegatingChannelHandlerContext.fireChannelRead(CombinedChannelDuplexHandler.java:435)
05-18 11:44:52.505 E/appium  ( 8012): 	at io.netty.handler.codec.ByteToMessageDecoder.fireChannelRead(ByteToMessageDecoder.java:293)
05-18 11:44:52.505 E/appium  ( 8012): 	at io.netty.handler.codec.ByteToMessageDecoder.channelRead(ByteToMessageDecoder.java:267)
05-18 11:44:52.505 E/appium  ( 8012): 	at io.netty.channel.CombinedChannelDuplexHandler.channelRead(CombinedChannelDuplexHandler.java:250)
05-18 11:44:52.505 E/appium  ( 8012): 	at io.netty.channel.AbstractChannelHandlerContext.invokeChannelRead(AbstractChannelHandlerContext.java:366)
05-18 11:44:52.505 E/appium  ( 8012): 	at io.netty.channel.AbstractChannelHandlerContext.invokeChannelRead(AbstractChannelHandlerContext.java:352)
05-18 11:44:52.505 E/appium  ( 8012): 	at io.netty.channel.AbstractChannelHandlerContext.fireChannelRead(AbstractChannelHandlerContext.java:345)
05-18 11:44:52.505 E/appium  ( 8012): 	at io.netty.channel.DefaultChannelPipeline$HeadContext.channelRead(DefaultChannelPipeline.java:1294)
05-18 11:44:52.505 E/appium  ( 8012): 	at io.netty.channel.AbstractChannelHandlerContext.invokeChannelRead(AbstractChannelHandlerContext.java:366)
05-18 11:44:52.505 E/appium  ( 8012): 	at io.netty.channel.AbstractChannelHandlerContext.invokeChannelRead(AbstractChannelHandlerContext.java:352)
05-18 11:44:52.505 E/appium  ( 8012): 	at io.netty.channel.DefaultChannelPipeline.fireChannelRead(DefaultChannelPipeline.java:911)
05-18 11:44:52.505 E/appium  ( 8012): 	at io.netty.channel.nio.AbstractNioByteChannel$NioByteUnsafe.read(AbstractNioByteChannel.java:131)
05-18 11:44:52.505 E/appium  ( 8012): 	at io.netty.channel.nio.NioEventLoop.processSelectedKey(NioEventLoop.java:611)
05-18 11:44:52.505 E/appium  ( 8012): 	at io.netty.channel.nio.NioEventLoop.processSelectedKeysPlain(NioEventLoop.java:514)
05-18 11:44:52.505 E/appium  ( 8012): 	at io.netty.channel.nio.NioEventLoop.processSelectedKeys(NioEventLoop.java:468)
05-18 11:44:52.505 E/appium  ( 8012): 	at io.netty.channel.nio.NioEventLoop.run(NioEventLoop.java:438)
05-18 11:44:52.505 E/appium  ( 8012): 	at io.netty.util.concurrent.SingleThreadEventExecutor$2.run(SingleThreadEventExecutor.java:140)
05-18 11:44:52.505 E/appium  ( 8012): 	at io.netty.util.concurrent.DefaultThreadFactory$DefaultRunnableDecorator.run(DefaultThreadFactory.java:144)
05-18 11:44:52.505 E/appium  ( 8012): 	at java.lang.Thread.run(Thread.java:818)
05-18 11:44:52.967 E/WifiTrafficPoller(  851): TRAFFIC_STATS_POLL true Token 2644 num clients 19
05-18 11:44:52.968 E/WifiTrafficPoller(  851):  packet count Tx=1845510 Rx=6028875
05-18 11:44:53.513 E/appium  ( 8012): Element not found: 
05-18 11:44:53.513 E/appium  ( 8012): io.appium.uiautomator2.common.exceptions.ElementNotFoundException: Could not find an element using supplied strategy. 
05-18 11:44:53.513 E/appium  ( 8012): 	at io.appium.uiautomator2.handler.FindElement.getXPathUiObject(FindElement.java:80)
05-18 11:44:53.513 E/appium  ( 8012): 	at io.appium.uiautomator2.handler.FindElement.findElement(FindElement.java:153)
05-18 11:44:53.513 E/appium  ( 8012): 	at io.appium.uiautomator2.handler.FindElement.safeHandle(FindElement.java:102)
05-18 11:44:53.513 E/appium  ( 8012): 	at io.appium.uiautomator2.handler.request.SafeRequestHandler.handle(SafeRequestHandler.java:56)
05-18 11:44:53.513 E/appium  ( 8012): 	at io.appium.uiautomator2.server.AppiumServlet.handleRequest(AppiumServlet.java:202)
05-18 11:44:53.513 E/appium  ( 8012): 	at io.appium.uiautomator2.server.AppiumServlet.handleHttpRequest(AppiumServlet.java:193)
05-18 11:44:53.513 E/appium  ( 8012): 	at io.appium.uiautomator2.http.ServerHandler.channelRead(ServerHandler.java:44)
05-18 11:44:53.513 E/appium  ( 8012): 	at io.netty.channel.AbstractChannelHandlerContext.invokeChannelRead(AbstractChannelHandlerContext.java:366)
05-18 11:44:53.513 E/appium  ( 8012): 	at io.netty.channel.AbstractChannelHandlerContext.invokeChannelRead(AbstractChannelHandlerContext.java:352)
05-18 11:44:53.513 E/appium  ( 8012): 	at io.netty.channel.AbstractChannelHandlerContext.fireChannelRead(AbstractChannelHandlerContext.java:345)
05-18 11:44:53.513 E/appium  ( 8012): 	at io.netty.handler.codec.MessageToMessageDecoder.channelRead(MessageToMessageDecoder.java:102)
05-18 11:44:53.513 E/appium  ( 8012): 	at io.netty.channel.AbstractChannelHandlerContext.invokeChannelRead(AbstractChannelHandlerContext.java:366)
05-18 11:44:53.513 E/appium  ( 8012): 	at io.netty.channel.AbstractChannelHandlerContext.invokeChannelRead(AbstractChannelHandlerContext.java:352)
05-18 11:44:53.513 E/appium  ( 8012): 	at io.netty.channel.AbstractChannelHandlerContext.fireChannelRead(AbstractChannelHandlerContext.java:345)
05-18 11:44:53.513 E/appium  ( 8012): 	at io.netty.channel.CombinedChannelDuplexHandler$DelegatingChannelHandlerContext.fireChannelRead(CombinedChannelDuplexHandler.java:435)
05-18 11:44:53.513 E/appium  ( 8012): 	at io.netty.handler.codec.ByteToMessageDecoder.fireChannelRead(ByteToMessageDecoder.java:293)
05-18 11:44:53.513 E/appium  ( 8012): 	at io.netty.handler.codec.ByteToMessageDecoder.channelRead(ByteToMessageDecoder.java:267)
05-18 11:44:53.513 E/appium  ( 8012): 	at io.netty.channel.CombinedChannelDuplexHandler.channelRead(CombinedChannelDuplexHandler.java:250)
05-18 11:44:53.513 E/appium  ( 8012): 	at io.netty.channel.AbstractChannelHandlerContext.invokeChannelRead(AbstractChannelHandlerContext.java:366)
05-18 11:44:53.513 E/appium  ( 8012): 	at io.netty.channel.AbstractChannelHandlerContext.invokeChannelRead(AbstractChannelHandlerContext.java:352)
05-18 11:44:53.513 E/appium  ( 8012): 	at io.netty.channel.AbstractChannelHandlerContext.fireChannelRead(AbstractChannelHandlerContext.java:345)
05-18 11:44:53.513 E/appium  ( 8012): 	at io.netty.channel.DefaultChannelPipeline$HeadContext.channelRead(DefaultChannelPipeline.java:1294)
05-18 11:44:53.513 E/appium  ( 8012): 	at io.netty.channel.AbstractChannelHandlerContext.invokeChannelRead(AbstractChannelHandlerContext.java:366)
05-18 11:44:53.513 E/appium  ( 8012): 	at io.netty.channel.AbstractChannelHandlerContext.invokeChannelRead(AbstractChannelHandlerContext.java:352)
05-18 11:44:53.513 E/appium  ( 8012): 	at io.netty.channel.DefaultChannelPipeline.fireChannelRead(DefaultChannelPipeline.java:911)
05-18 11:44:53.513 E/appium  ( 8012): 	at io.netty.channel.nio.AbstractNioByteChannel$NioByteUnsafe.read(AbstractNioByteChannel.java:131)
05-18 11:44:53.513 E/appium  ( 8012): 	at io.netty.channel.nio.NioEventLoop.processSelectedKey(NioEventLoop.java:611)
05-18 11:44:53.513 E/appium  ( 8012): 	at io.netty.channel.nio.NioEventLoop.processSelectedKeysPlain(NioEventLoop.java:514)
05-18 11:44:53.513 E/appium  ( 8012): 	at io.netty.channel.nio.NioEventLoop.processSelectedKeys(NioEventLoop.java:468)
05-18 11:44:53.513 E/appium  ( 8012): 	at io.netty.channel.nio.NioEventLoop.run(NioEventLoop.java:438)
05-18 11:44:53.513 E/appium  ( 8012): 	at io.netty.util.concurrent.SingleThreadEventExecutor$2.run(SingleThreadEventExecutor.java:140)
05-18 11:44:53.513 E/appium  ( 8012): 	at io.netty.util.concurrent.DefaultThreadFactory$DefaultRunnableDecorator.run(DefaultThreadFactory.java:144)
05-18 11:44:53.513 E/appium  ( 8012): 	at java.lang.Thread.run(Thread.java:818)
05-18 11:44:53.968 E/WifiTrafficPoller(  851): TRAFFIC_STATS_POLL true Token 2644 num clients 19
05-18 11:44:53.969 E/WifiTrafficPoller(  851):  packet count Tx=1845666 Rx=6029198
05-18 11:44:54.414 E/WifiStateMachine(  851):  ConnectedState (when=-2ms what=131155 arg1=591!CMD_RSSI_POLL 591 0 "BOCO-office" 94:b4:0f:68:a4:b1 rssi=-51 f=5785 sc=80 link=135 tx=455.6, 0.0, 0.0  rx=940.1 bcn=0 [on:0 tx:0 rx:0 period:2996] from screen [on:0 period:617653486] gl rssi=-51 ag=0 hr ticks 314,77,51 ls-=0 [56,56,60,60,65] brc=0 lrc=0
05-18 11:44:54.415 E/WifiStateMachine(  851):  L2ConnectedState (when=-3ms what=131155 arg1=591!CMD_RSSI_POLL 591 0 "BOCO-office" 94:b4:0f:68:a4:b1 rssi=-51 f=5785 sc=80 link=135 tx=455.6, 0.0, 0.0  rx=940.1 bcn=0 [on:0 tx:0 rx:0 period:1] from screen [on:0 period:617653487] gl rssi=-51 ag=0 hr ticks 314,77,51 ls-=0 [56,56,60,60,65] brc=0 lrc=0
05-18 11:44:54.415 E/WifiStateMachine(  851):  get link layer stats 0
05-18 11:44:54.418 E/WifiStateMachine(  851): calculateWifiScore() we set wifi's score to 1000, so will always set wifi as a default network.
05-18 11:44:54.969 E/WifiTrafficPoller(  851): TRAFFIC_STATS_POLL true Token 2644 num clients 19
05-18 11:44:54.970 E/WifiTrafficPoller(  851):  packet count Tx=1845822 Rx=6029523
05-18 11:44:55.465 E/appium  ( 8012): Element not found: 
05-18 11:44:55.465 E/appium  ( 8012): io.appium.uiautomator2.common.exceptions.ElementNotFoundException: Could not find an element using supplied strategy. 
05-18 11:44:55.465 E/appium  ( 8012): 	at io.appium.uiautomator2.handler.FindElement.getXPathUiObject(FindElement.java:80)
05-18 11:44:55.465 E/appium  ( 8012): 	at io.appium.uiautomator2.handler.FindElement.findElement(FindElement.java:153)
05-18 11:44:55.465 E/appium  ( 8012): 	at io.appium.uiautomator2.handler.FindElement.safeHandle(FindElement.java:102)
05-18 11:44:55.465 E/appium  ( 8012): 	at io.appium.uiautomator2.handler.request.SafeRequestHandler.handle(SafeRequestHandler.java:56)
05-18 11:44:55.465 E/appium  ( 8012): 	at io.appium.uiautomator2.server.AppiumServlet.handleRequest(AppiumServlet.java:202)
05-18 11:44:55.465 E/appium  ( 8012): 	at io.appium.uiautomator2.server.AppiumServlet.handleHttpRequest(AppiumServlet.java:193)
05-18 11:44:55.465 E/appium  ( 8012): 	at io.appium.uiautomator2.http.ServerHandler.channelRead(ServerHandler.java:44)
05-18 11:44:55.465 E/appium  ( 8012): 	at io.netty.channel.AbstractChannelHandlerContext.invokeChannelRead(AbstractChannelHandlerContext.java:366)
05-18 11:44:55.465 E/appium  ( 8012): 	at io.netty.channel.AbstractChannelHandlerContext.invokeChannelRead(AbstractChannelHandlerContext.java:352)
05-18 11:44:55.465 E/appium  ( 8012): 	at io.netty.channel.AbstractChannelHandlerContext.fireChannelRead(AbstractChannelHandlerContext.java:345)
05-18 11:44:55.465 E/appium  ( 8012): 	at io.netty.handler.codec.MessageToMessageDecoder.channelRead(MessageToMessageDecoder.java:102)
05-18 11:44:55.465 E/appium  ( 8012): 	at io.netty.channel.AbstractChannelHandlerContext.invokeChannelRead(AbstractChannelHandlerContext.java:366)
05-18 11:44:55.465 E/appium  ( 8012): 	at io.netty.channel.AbstractChannelHandlerContext.invokeChannelRead(AbstractChannelHandlerContext.java:352)
05-18 11:44:55.465 E/appium  ( 8012): 	at io.netty.channel.AbstractChannelHandlerContext.fireChannelRead(AbstractChannelHandlerContext.java:345)
05-18 11:44:55.465 E/appium  ( 8012): 	at io.netty.channel.CombinedChannelDuplexHandler$DelegatingChannelHandlerContext.fireChannelRead(CombinedChannelDuplexHandler.java:435)
05-18 11:44:55.465 E/appium  ( 8012): 	at io.netty.handler.codec.ByteToMessageDecoder.fireChannelRead(ByteToMessageDecoder.java:293)
05-18 11:44:55.465 E/appium  ( 8012): 	at io.netty.handler.codec.ByteToMessageDecoder.channelRead(ByteToMessageDecoder.java:267)
05-18 11:44:55.465 E/appium  ( 8012): 	at io.netty.channel.CombinedChannelDuplexHandler.channelRead(CombinedChannelDuplexHandler.java:250)
05-18 11:44:55.465 E/appium  ( 8012): 	at io.netty.channel.AbstractChannelHandlerContext.invokeChannelRead(AbstractChannelHandlerContext.java:366)
05-18 11:44:55.465 E/appium  ( 8012): 	at io.netty.channel.AbstractChannelHandlerContext.invokeChannelRead(AbstractChannelHandlerContext.java:352)
05-18 11:44:55.465 E/appium  ( 8012): 	at io.netty.channel.AbstractChannelHandlerContext.fireChannelRead(AbstractChannelHandlerContext.java:345)
05-18 11:44:55.465 E/appium  ( 8012): 	at io.netty.channel.DefaultChannelPipeline$HeadContext.channelRead(DefaultChannelPipeline.java:1294)
05-18 11:44:55.465 E/appium  ( 8012): 	at io.netty.channel.AbstractChannelHandlerContext.invokeChannelRead(AbstractChannelHandlerContext.java:366)
05-18 11:44:55.465 E/appium  ( 8012): 	at io.netty.channel.AbstractChannelHandlerContext.invokeChannelRead(AbstractChannelHandlerContext.java:352)
05-18 11:44:55.465 E/appium  ( 8012): 	at io.netty.channel.DefaultChannelPipeline.fireChannelRead(DefaultChannelPipeline.java:911)
05-18 11:44:55.465 E/appium  ( 8012): 	at io.netty.channel.nio.AbstractNioByteChannel$NioByteUnsafe.read(AbstractNioByteChannel.java:131)
05-18 11:44:55.465 E/appium  ( 8012): 	at io.netty.channel.nio.NioEventLoop.processSelectedKey(NioEventLoop.java:611)
05-18 11:44:55.465 E/appium  ( 8012): 	at io.netty.channel.nio.NioEventLoop.processSelectedKeysPlain(NioEventLoop.java:514)
05-18 11:44:55.465 E/appium  ( 8012): 	at io.netty.channel.nio.NioEventLoop.processSelectedKeys(NioEventLoop.java:468)
05-18 11:44:55.465 E/appium  ( 8012): 	at io.netty.channel.nio.NioEventLoop.run(NioEventLoop.java:438)
05-18 11:44:55.465 E/appium  ( 8012): 	at io.netty.util.concurrent.SingleThreadEventExecutor$2.run(SingleThreadEventExecutor.java:140)
05-18 11:44:55.465 E/appium  ( 8012): 	at io.netty.util.concurrent.DefaultThreadFactory$DefaultRunnableDecorator.run(DefaultThreadFactory.java:144)
05-18 11:44:55.465 E/appium  ( 8012): 	at java.lang.Thread.run(Thread.java:818)
05-18 11:44:55.970 E/WifiTrafficPoller(  851): TRAFFIC_STATS_POLL true Token 2644 num clients 19
05-18 11:44:55.971 E/WifiTrafficPoller(  851):  packet count Tx=1845980 Rx=6029853
05-18 11:44:56.493 E/appium  ( 8012): Element not found: 
05-18 11:44:56.493 E/appium  ( 8012): io.appium.uiautomator2.common.exceptions.ElementNotFoundException: Could not find an element using supplied strategy. 
05-18 11:44:56.493 E/appium  ( 8012): 	at io.appium.uiautomator2.handler.FindElement.getXPathUiObject(FindElement.java:80)
05-18 11:44:56.493 E/appium  ( 8012): 	at io.appium.uiautomator2.handler.FindElement.findElement(FindElement.java:153)
05-18 11:44:56.493 E/appium  ( 8012): 	at io.appium.uiautomator2.handler.FindElement.safeHandle(FindElement.java:102)
05-18 11:44:56.493 E/appium  ( 8012): 	at io.appium.uiautomator2.handler.request.SafeRequestHandler.handle(SafeRequestHandler.java:56)
05-18 11:44:56.493 E/appium  ( 8012): 	at io.appium.uiautomator2.server.AppiumServlet.handleRequest(AppiumServlet.java:202)
05-18 11:44:56.493 E/appium  ( 8012): 	at io.appium.uiautomator2.server.AppiumServlet.handleHttpRequest(AppiumServlet.java:193)
05-18 11:44:56.493 E/appium  ( 8012): 	at io.appium.uiautomator2.http.ServerHandler.channelRead(ServerHandler.java:44)
05-18 11:44:56.493 E/appium  ( 8012): 	at io.netty.channel.AbstractChannelHandlerContext.invokeChannelRead(AbstractChannelHandlerContext.java:366)
05-18 11:44:56.493 E/appium  ( 8012): 	at io.netty.channel.AbstractChannelHandlerContext.invokeChannelRead(AbstractChannelHandlerContext.java:352)
05-18 11:44:56.493 E/appium  ( 8012): 	at io.netty.channel.AbstractChannelHandlerContext.fireChannelRead(AbstractChannelHandlerContext.java:345)
05-18 11:44:56.493 E/appium  ( 8012): 	at io.netty.handler.codec.MessageToMessageDecoder.channelRead(MessageToMessageDecoder.java:102)
05-18 11:44:56.493 E/appium  ( 8012): 	at io.netty.channel.AbstractChannelHandlerContext.invokeChannelRead(AbstractChannelHandlerContext.java:366)
05-18 11:44:56.493 E/appium  ( 8012): 	at io.netty.channel.AbstractChannelHandlerContext.invokeChannelRead(AbstractChannelHandlerContext.java:352)
05-18 11:44:56.493 E/appium  ( 8012): 	at io.netty.channel.AbstractChannelHandlerContext.fireChannelRead(AbstractChannelHandlerContext.java:345)
05-18 11:44:56.493 E/appium  ( 8012): 	at io.netty.channel.CombinedChannelDuplexHandler$DelegatingChannelHandlerContext.fireChannelRead(CombinedChannelDuplexHandler.java:435)
05-18 11:44:56.493 E/appium  ( 8012): 	at io.netty.handler.codec.ByteToMessageDecoder.fireChannelRead(ByteToMessageDecoder.java:293)
05-18 11:44:56.493 E/appium  ( 8012): 	at io.netty.handler.codec.ByteToMessageDecoder.channelRead(ByteToMessageDecoder.java:267)
05-18 11:44:56.493 E/appium  ( 8012): 	at io.netty.channel.CombinedChannelDuplexHandler.channelRead(CombinedChannelDuplexHandler.java:250)
05-18 11:44:56.493 E/appium  ( 8012): 	at io.netty.channel.AbstractChannelHandlerContext.invokeChannelRead(AbstractChannelHandlerContext.java:366)
05-18 11:44:56.493 E/appium  ( 8012): 	at io.netty.channel.AbstractChannelHandlerContext.invokeChannelRead(AbstractChannelHandlerContext.java:352)
05-18 11:44:56.493 E/appium  ( 8012): 	at io.netty.channel.AbstractChannelHandlerContext.fireChannelRead(AbstractChannelHandlerContext.java:345)
05-18 11:44:56.493 E/appium  ( 8012): 	at io.netty.channel.DefaultChannelPipeline$HeadContext.channelRead(DefaultChannelPipeline.java:1294)
05-18 11:44:56.493 E/appium  ( 8012): 	at io.netty.channel.AbstractChannelHandlerContext.invokeChannelRead(AbstractChannelHandlerContext.java:366)
05-18 11:44:56.493 E/appium  ( 8012): 	at io.netty.channel.AbstractChannelHandlerContext.invokeChannelRead(AbstractChannelHandlerContext.java:352)
05-18 11:44:56.493 E/appium  ( 8012): 	at io.netty.channel.DefaultChannelPipeline.fireChannelRead(DefaultChannelPipeline.java:911)
05-18 11:44:56.493 E/appium  ( 8012): 	at io.netty.channel.nio.AbstractNioByteChannel$NioByteUnsafe.read(AbstractNioByteChannel.java:131)
05-18 11:44:56.493 E/appium  ( 8012): 	at io.netty.channel.nio.NioEventLoop.processSelectedKey(NioEventLoop.java:611)
05-18 11:44:56.493 E/appium  ( 8012): 	at io.netty.channel.nio.NioEventLoop.processSelectedKeysPlain(NioEventLoop.java:514)
05-18 11:44:56.493 E/appium  ( 8012): 	at io.netty.channel.nio.NioEventLoop.processSelectedKeys(NioEventLoop.java:468)
05-18 11:44:56.493 E/appium  ( 8012): 	at io.netty.channel.nio.NioEventLoop.run(NioEventLoop.java:438)
05-18 11:44:56.493 E/appium  ( 8012): 	at io.netty.util.concurrent.SingleThreadEventExecutor$2.run(SingleThreadEventExecutor.java:140)
05-18 11:44:56.493 E/appium  ( 8012): 	at io.netty.util.concurrent.DefaultThreadFactory$DefaultRunnableDecorator.run(DefaultThreadFactory.java:144)
05-18 11:44:56.493 E/appium  ( 8012): 	at java.lang.Thread.run(Thread.java:818)
05-18 11:44:56.971 E/WifiTrafficPoller(  851): TRAFFIC_STATS_POLL true Token 2644 num clients 19
05-18 11:44:56.971 E/WifiTrafficPoller(  851):  packet count Tx=1846189 Rx=6030178
05-18 11:44:57.424 E/WifiStateMachine(  851):  ConnectedState (when=-4ms what=131155 arg1=591!CMD_RSSI_POLL 591 0 "BOCO-office" 94:b4:0f:68:a4:b1 rssi=-51 f=5785 sc=80 link=135 tx=463.8, 0.0, 0.0  rx=962.0 bcn=0 [on:0 tx:0 rx:0 period:3003] from screen [on:0 period:617656495] gl rssi=-51 ag=0 hr ticks 314,77,51 ls-=0 [56,56,60,60,65] brc=0 lrc=0
05-18 11:44:57.426 E/WifiStateMachine(  851):  L2ConnectedState (when=-6ms what=131155 arg1=591!CMD_RSSI_POLL 591 0 "BOCO-office" 94:b4:0f:68:a4:b1 rssi=-51 f=5785 sc=80 link=135 tx=463.8, 0.0, 0.0  rx=962.0 bcn=0 [on:0 tx:0 rx:0 period:2] from screen [on:0 period:617656497] gl rssi=-51 ag=0 hr ticks 314,77,51 ls-=0 [56,56,60,60,65] brc=0 lrc=0
05-18 11:44:57.426 E/WifiStateMachine(  851):  get link layer stats 0
05-18 11:44:57.433 E/WifiStateMachine(  851): calculateWifiScore() we set wifi's score to 1000, so will always set wifi as a default network.
05-18 11:44:57.969 E/appium  ( 8012): Element not found: 
05-18 11:44:57.969 E/appium  ( 8012): io.appium.uiautomator2.common.exceptions.ElementNotFoundException: Could not find an element using supplied strategy. 
05-18 11:44:57.969 E/appium  ( 8012): 	at io.appium.uiautomator2.handler.FindElement.getXPathUiObject(FindElement.java:80)
05-18 11:44:57.969 E/appium  ( 8012): 	at io.appium.uiautomator2.handler.FindElement.findElement(FindElement.java:153)
05-18 11:44:57.969 E/appium  ( 8012): 	at io.appium.uiautomator2.handler.FindElement.safeHandle(FindElement.java:102)
05-18 11:44:57.969 E/appium  ( 8012): 	at io.appium.uiautomator2.handler.request.SafeRequestHandler.handle(SafeRequestHandler.java:56)
05-18 11:44:57.969 E/appium  ( 8012): 	at io.appium.uiautomator2.server.AppiumServlet.handleRequest(AppiumServlet.java:202)
05-18 11:44:57.969 E/appium  ( 8012): 	at io.appium.uiautomator2.server.AppiumServlet.handleHttpRequest(AppiumServlet.java:193)
05-18 11:44:57.969 E/appium  ( 8012): 	at io.appium.uiautomator2.http.ServerHandler.channelRead(ServerHandler.java:44)
05-18 11:44:57.969 E/appium  ( 8012): 	at io.netty.channel.AbstractChannelHandlerContext.invokeChannelRead(AbstractChannelHandlerContext.java:366)
05-18 11:44:57.969 E/appium  ( 8012): 	at io.netty.channel.AbstractChannelHandlerContext.invokeChannelRead(AbstractChannelHandlerContext.java:352)
05-18 11:44:57.969 E/appium  ( 8012): 	at io.netty.channel.AbstractChannelHandlerContext.fireChannelRead(AbstractChannelHandlerContext.java:345)
05-18 11:44:57.969 E/appium  ( 8012): 	at io.netty.handler.codec.MessageToMessageDecoder.channelRead(MessageToMessageDecoder.java:102)
05-18 11:44:57.969 E/appium  ( 8012): 	at io.netty.channel.AbstractChannelHandlerContext.invokeChannelRead(AbstractChannelHandlerContext.java:366)
05-18 11:44:57.969 E/appium  ( 8012): 	at io.netty.channel.AbstractChannelHandlerContext.invokeChannelRead(AbstractChannelHandlerContext.java:352)
05-18 11:44:57.969 E/appium  ( 8012): 	at io.netty.channel.AbstractChannelHandlerContext.fireChannelRead(AbstractChannelHandlerContext.java:345)
05-18 11:44:57.969 E/appium  ( 8012): 	at io.netty.channel.CombinedChannelDuplexHandler$DelegatingChannelHandlerContext.fireChannelRead(CombinedChannelDuplexHandler.java:435)
05-18 11:44:57.969 E/appium  ( 8012): 	at io.netty.handler.codec.ByteToMessageDecoder.fireChannelRead(ByteToMessageDecoder.java:293)
05-18 11:44:57.969 E/appium  ( 8012): 	at io.netty.handler.codec.ByteToMessageDecoder.channelRead(ByteToMessageDecoder.java:267)
05-18 11:44:57.969 E/appium  ( 8012): 	at io.netty.channel.CombinedChannelDuplexHandler.channelRead(CombinedChannelDuplexHandler.java:250)
05-18 11:44:57.969 E/appium  ( 8012): 	at io.netty.channel.AbstractChannelHandlerContext.invokeChannelRead(AbstractChannelHandlerContext.java:366)
05-18 11:44:57.969 E/appium  ( 8012): 	at io.netty.channel.AbstractChannelHandlerContext.invokeChannelRead(AbstractChannelHandlerContext.java:352)
05-18 11:44:57.969 E/appium  ( 8012): 	at io.netty.channel.AbstractChannelHandlerContext.fireChannelRead(AbstractChannelHandlerContext.java:345)
05-18 11:44:57.969 E/appium  ( 8012): 	at io.netty.channel.DefaultChannelPipeline$HeadContext.channelRead(DefaultChannelPipeline.java:1294)
05-18 11:44:57.969 E/appium  ( 8012): 	at io.netty.channel.AbstractChannelHandlerContext.invokeChannelRead(AbstractChannelHandlerContext.java:366)
05-18 11:44:57.969 E/appium  ( 8012): 	at io.netty.channel.AbstractChannelHandlerContext.invokeChannelRead(AbstractChannelHandlerContext.java:352)
05-18 11:44:57.969 E/appium  ( 8012): 	at io.netty.channel.DefaultChannelPipeline.fireChannelRead(DefaultChannelPipeline.java:911)
05-18 11:44:57.969 E/appium  ( 8012): 	at io.netty.channel.nio.AbstractNioByteChannel$NioByteUnsafe.read(AbstractNioByteChannel.java:131)
05-18 11:44:57.969 E/appium  ( 8012): 	at io.netty.channel.nio.NioEventLoop.processSelectedKey(NioEventLoop.java:611)
05-18 11:44:57.969 E/appium  ( 8012): 	at io.netty.channel.nio.NioEventLoop.processSelectedKeysPlain(NioEventLoop.java:514)
05-18 11:44:57.969 E/appium  ( 8012): 	at io.netty.channel.nio.NioEventLoop.processSelectedKeys(NioEventLoop.java:468)
05-18 11:44:57.969 E/appium  ( 8012): 	at io.netty.channel.nio.NioEventLoop.run(NioEventLoop.java:438)
05-18 11:44:57.969 E/appium  ( 8012): 	at io.netty.util.concurrent.SingleThreadEventExecutor$2.run(SingleThreadEventExecutor.java:140)
05-18 11:44:57.969 E/appium  ( 8012): 	at io.netty.util.concurrent.DefaultThreadFactory$DefaultRunnableDecorator.run(DefaultThreadFactory.java:144)
05-18 11:44:57.969 E/appium  ( 8012): 	at java.lang.Thread.run(Thread.java:818)
05-18 11:44:57.971 E/WifiTrafficPoller(  851): TRAFFIC_STATS_POLL true Token 2644 num clients 19
05-18 11:44:57.972 E/WifiTrafficPoller(  851):  packet count Tx=1846345 Rx=6030512
05-18 11:44:58.607 E/appium  ( 8012): Element not found: 
05-18 11:44:58.607 E/appium  ( 8012): io.appium.uiautomator2.common.exceptions.ElementNotFoundException: Could not find an element using supplied strategy. 
05-18 11:44:58.607 E/appium  ( 8012): 	at io.appium.uiautomator2.handler.FindElement.getXPathUiObject(FindElement.java:80)
05-18 11:44:58.607 E/appium  ( 8012): 	at io.appium.uiautomator2.handler.FindElement.findElement(FindElement.java:153)
05-18 11:44:58.607 E/appium  ( 8012): 	at io.appium.uiautomator2.handler.FindElement.safeHandle(FindElement.java:102)
05-18 11:44:58.607 E/appium  ( 8012): 	at io.appium.uiautomator2.handler.request.SafeRequestHandler.handle(SafeRequestHandler.java:56)
05-18 11:44:58.607 E/appium  ( 8012): 	at io.appium.uiautomator2.server.AppiumServlet.handleRequest(AppiumServlet.java:202)
05-18 11:44:58.607 E/appium  ( 8012): 	at io.appium.uiautomator2.server.AppiumServlet.handleHttpRequest(AppiumServlet.java:193)
05-18 11:44:58.607 E/appium  ( 8012): 	at io.appium.uiautomator2.http.ServerHandler.channelRead(ServerHandler.java:44)
05-18 11:44:58.607 E/appium  ( 8012): 	at io.netty.channel.AbstractChannelHandlerContext.invokeChannelRead(AbstractChannelHandlerContext.java:366)
05-18 11:44:58.607 E/appium  ( 8012): 	at io.netty.channel.AbstractChannelHandlerContext.invokeChannelRead(AbstractChannelHandlerContext.java:352)
05-18 11:44:58.607 E/appium  ( 8012): 	at io.netty.channel.AbstractChannelHandlerContext.fireChannelRead(AbstractChannelHandlerContext.java:345)
05-18 11:44:58.607 E/appium  ( 8012): 	at io.netty.handler.codec.MessageToMessageDecoder.channelRead(MessageToMessageDecoder.java:102)
05-18 11:44:58.607 E/appium  ( 8012): 	at io.netty.channel.AbstractChannelHandlerContext.invokeChannelRead(AbstractChannelHandlerContext.java:366)
05-18 11:44:58.607 E/appium  ( 8012): 	at io.netty.channel.AbstractChannelHandlerContext.invokeChannelRead(AbstractChannelHandlerContext.java:352)
05-18 11:44:58.607 E/appium  ( 8012): 	at io.netty.channel.AbstractChannelHandlerContext.fireChannelRead(AbstractChannelHandlerContext.java:345)
05-18 11:44:58.607 E/appium  ( 8012): 	at io.netty.channel.CombinedChannelDuplexHandler$DelegatingChannelHandlerContext.fireChannelRead(CombinedChannelDuplexHandler.java:435)
05-18 11:44:58.607 E/appium  ( 8012): 	at io.netty.handler.codec.ByteToMessageDecoder.fireChannelRead(ByteToMessageDecoder.java:293)
05-18 11:44:58.607 E/appium  ( 8012): 	at io.netty.handler.codec.ByteToMessageDecoder.channelRead(ByteToMessageDecoder.java:267)
05-18 11:44:58.607 E/appium  ( 8012): 	at io.netty.channel.CombinedChannelDuplexHandler.channelRead(CombinedChannelDuplexHandler.java:250)
05-18 11:44:58.607 E/appium  ( 8012): 	at io.netty.channel.AbstractChannelHandlerContext.invokeChannelRead(AbstractChannelHandlerContext.java:366)
05-18 11:44:58.607 E/appium  ( 8012): 	at io.netty.channel.AbstractChannelHandlerContext.invokeChannelRead(AbstractChannelHandlerContext.java:352)
05-18 11:44:58.607 E/appium  ( 8012): 	at io.netty.channel.AbstractChannelHandlerContext.fireChannelRead(AbstractChannelHandlerContext.java:345)
05-18 11:44:58.607 E/appium  ( 8012): 	at io.netty.channel.DefaultChannelPipeline$HeadContext.channelRead(DefaultChannelPipeline.java:1294)
05-18 11:44:58.607 E/appium  ( 8012): 	at io.netty.channel.AbstractChannelHandlerContext.invokeChannelRead(AbstractChannelHandlerContext.java:366)
05-18 11:44:58.607 E/appium  ( 8012): 	at io.netty.channel.AbstractChannelHandlerContext.invokeChannelRead(AbstractChannelHandlerContext.java:352)
05-18 11:44:58.607 E/appium  ( 8012): 	at io.netty.channel.DefaultChannelPipeline.fireChannelRead(DefaultChannelPipeline.java:911)
05-18 11:44:58.607 E/appium  ( 8012): 	at io.netty.channel.nio.AbstractNioByteChannel$NioByteUnsafe.read(AbstractNioByteChannel.java:131)
05-18 11:44:58.607 E/appium  ( 8012): 	at io.netty.channel.nio.NioEventLoop.processSelectedKey(NioEventLoop.java:611)
05-18 11:44:58.607 E/appium  ( 8012): 	at io.netty.channel.nio.NioEventLoop.processSelectedKeysPlain(NioEventLoop.java:514)
05-18 11:44:58.607 E/appium  ( 8012): 	at io.netty.channel.nio.NioEventLoop.processSelectedKeys(NioEventLoop.java:468)
05-18 11:44:58.607 E/appium  ( 8012): 	at io.netty.channel.nio.NioEventLoop.run(NioEventLoop.java:438)
05-18 11:44:58.607 E/appium  ( 8012): 	at io.netty.util.concurrent.SingleThreadEventExecutor$2.run(SingleThreadEventExecutor.java:140)
05-18 11:44:58.607 E/appium  ( 8012): 	at io.netty.util.concurrent.DefaultThreadFactory$DefaultRunnableDecorator.run(DefaultThreadFactory.java:144)
05-18 11:44:58.607 E/appium  ( 8012): 	at java.lang.Thread.run(Thread.java:818)
05-18 11:44:58.971 E/WifiTrafficPoller(  851): TRAFFIC_STATS_POLL true Token 2644 num clients 19
05-18 11:44:58.972 E/WifiTrafficPoller(  851):  packet count Tx=1846502 Rx=6030844
05-18 11:44:59.563 E/appium  ( 8012): Element not found: 
05-18 11:44:59.563 E/appium  ( 8012): io.appium.uiautomator2.common.exceptions.ElementNotFoundException: Could not find an element using supplied strategy. 
05-18 11:44:59.563 E/appium  ( 8012): 	at io.appium.uiautomator2.handler.FindElement.getXPathUiObject(FindElement.java:80)
05-18 11:44:59.563 E/appium  ( 8012): 	at io.appium.uiautomator2.handler.FindElement.findElement(FindElement.java:153)
05-18 11:44:59.563 E/appium  ( 8012): 	at io.appium.uiautomator2.handler.FindElement.safeHandle(FindElement.java:102)
05-18 11:44:59.563 E/appium  ( 8012): 	at io.appium.uiautomator2.handler.request.SafeRequestHandler.handle(SafeRequestHandler.java:56)
05-18 11:44:59.563 E/appium  ( 8012): 	at io.appium.uiautomator2.server.AppiumServlet.handleRequest(AppiumServlet.java:202)
05-18 11:44:59.563 E/appium  ( 8012): 	at io.appium.uiautomator2.server.AppiumServlet.handleHttpRequest(AppiumServlet.java:193)
05-18 11:44:59.563 E/appium  ( 8012): 	at io.appium.uiautomator2.http.ServerHandler.channelRead(ServerHandler.java:44)
05-18 11:44:59.563 E/appium  ( 8012): 	at io.netty.channel.AbstractChannelHandlerContext.invokeChannelRead(AbstractChannelHandlerContext.java:366)
05-18 11:44:59.563 E/appium  ( 8012): 	at io.netty.channel.AbstractChannelHandlerContext.invokeChannelRead(AbstractChannelHandlerContext.java:352)
05-18 11:44:59.563 E/appium  ( 8012): 	at io.netty.channel.AbstractChannelHandlerContext.fireChannelRead(AbstractChannelHandlerContext.java:345)
05-18 11:44:59.563 E/appium  ( 8012): 	at io.netty.handler.codec.MessageToMessageDecoder.channelRead(MessageToMessageDecoder.java:102)
05-18 11:44:59.563 E/appium  ( 8012): 	at io.netty.channel.AbstractChannelHandlerContext.invokeChannelRead(AbstractChannelHandlerContext.java:366)
05-18 11:44:59.563 E/appium  ( 8012): 	at io.netty.channel.AbstractChannelHandlerContext.invokeChannelRead(AbstractChannelHandlerContext.java:352)
05-18 11:44:59.563 E/appium  ( 8012): 	at io.netty.channel.AbstractChannelHandlerContext.fireChannelRead(AbstractChannelHandlerContext.java:345)
05-18 11:44:59.563 E/appium  ( 8012): 	at io.netty.channel.CombinedChannelDuplexHandler$DelegatingChannelHandlerContext.fireChannelRead(CombinedChannelDuplexHandler.java:435)
05-18 11:44:59.563 E/appium  ( 8012): 	at io.netty.handler.codec.ByteToMessageDecoder.fireChannelRead(ByteToMessageDecoder.java:293)
05-18 11:44:59.563 E/appium  ( 8012): 	at io.netty.handler.codec.ByteToMessageDecoder.channelRead(ByteToMessageDecoder.java:267)
05-18 11:44:59.563 E/appium  ( 8012): 	at io.netty.channel.CombinedChannelDuplexHandler.channelRead(CombinedChannelDuplexHandler.java:250)
05-18 11:44:59.563 E/appium  ( 8012): 	at io.netty.channel.AbstractChannelHandlerContext.invokeChannelRead(AbstractChannelHandlerContext.java:366)
05-18 11:44:59.563 E/appium  ( 8012): 	at io.netty.channel.AbstractChannelHandlerContext.invokeChannelRead(AbstractChannelHandlerContext.java:352)
05-18 11:44:59.563 E/appium  ( 8012): 	at io.netty.channel.AbstractChannelHandlerContext.fireChannelRead(AbstractChannelHandlerContext.java:345)
05-18 11:44:59.563 E/appium  ( 8012): 	at io.netty.channel.DefaultChannelPipeline$HeadContext.channelRead(DefaultChannelPipeline.java:1294)
05-18 11:44:59.563 E/appium  ( 8012): 	at io.netty.channel.AbstractChannelHandlerContext.invokeChannelRead(AbstractChannelHandlerContext.java:366)
05-18 11:44:59.563 E/appium  ( 8012): 	at io.netty.channel.AbstractChannelHandlerContext.invokeChannelRead(AbstractChannelHandlerContext.java:352)
05-18 11:44:59.563 E/appium  ( 8012): 	at io.netty.channel.DefaultChannelPipeline.fireChannelRead(DefaultChannelPipeline.java:911)
