--------- beginning of system
05-19 15:02:12.817 E/NotificationService(  851): Suppressing notification from package com.qihoo.appstore by user request.
05-19 15:02:12.819 E/NotificationService(  851): Suppressing notification from package com.qihoo.appstore by user request.
--------- beginning of main
05-19 15:02:40.699 E/DrmCtaPlugIn(  322): [ERROR]onOpenDecryptSession - The key is not set by user
05-19 15:02:40.699 E/DrmMtkUtil/DrmUtil(  322): parseDcf: not dcf type, dcf version value [79]
05-19 15:02:40.699 E/DrmMtkPlugIn(  322): onOpenDecryptSession() : failed to parse dcf file.
05-19 15:02:40.728 E/AsfParser(  323): unknown object: 5367674f-200-0-0000000000002600, 0 bytes
05-19 15:02:40.728 E/AsfParser(  323): error parsing header: -6
05-19 15:02:40.731 E/MediaPlayer( 1614): Should have subtitle controller already set
05-19 15:02:40.733 E/DrmMtkUtil/DrmUtil(  323): checkDcf: not dcf type, dcf version value [79]
05-19 15:02:40.733 E/Cta5File(  323): Cta5File::isCta5NormalFile false, bad magic:OggS
05-19 15:02:40.733 E/Cta5File(  323): Cta5File::isCta5MultimediaFile false, bad magic:ØNπè«≠ÄQ™Mìˇˇˇˇ&
05-19 15:02:40.733 E/DrmMtkUtil/DrmUtil(  323): checkDcf: not dcf type, dcf version value [79]
05-19 15:02:40.733 E/Cta5File(  323): Cta5File::isCta5NormalFile false, bad magic:OggS
05-19 15:02:40.733 E/Cta5File(  323): Cta5File::isCta5MultimediaFile false, bad magic:ØNπè«≠ÄQ™Mìˇˇˇˇ(
05-19 15:02:40.733 E/DrmMtkUtil/DrmUtil(  323): checkDcf: not dcf type, dcf version value [79]
05-19 15:02:40.738 E/DrmCtaPlugIn(  322): [ERROR]onOpenDecryptSession - The key is not set by user
05-19 15:02:40.738 E/DrmMtkUtil/DrmUtil(  322): parseDcf: not dcf type, dcf version value [79]
05-19 15:02:40.738 E/DrmMtkPlugIn(  322): onOpenDecryptSession() : failed to parse dcf file.
05-19 15:02:40.748 E/AsfParser(  323): unknown object: 5367674f-200-0-0000000000002600, 0 bytes
05-19 15:02:40.748 E/AsfParser(  323): error parsing header: -6
05-19 15:02:40.750 E/MediaPlayer( 1614): Should have subtitle controller already set
05-19 15:02:40.752 E/MediaPlayer( 1614): Should have subtitle controller already set
05-19 15:02:40.758 E/OMXNodeInstance(  323): getParameter(b3e:google.vorbis.decoder, ??(0x7f200406)) ERROR: UnsupportedIndex(0x8000101a)
05-19 15:02:40.773 E/AudioALSAPlaybackHandlerBase(  323): openPcmDriver(), pcm_start(0xe745a440) fail due to cannot start channel: Broken pipe
05-19 15:02:40.806 E/TFA9890 (  323): [tfa9890_SpeakerOn: 869]valu=0x0003 
05-19 15:02:40.806 E/TFA9890 (  323): [tfa9890_SpeakerOn: 922]TFA9890 i2s input route valu = 0x8265
05-19 15:02:40.807 E/TFA9890 (  323): [tfa9890_SpeakerOn: 929]after-TFA9890 i2s input route valu = 0x8265
05-19 15:02:40.807 E/TFA9890 (  323): [tfa9890_SpeakerOn: 953]SampleRate = 44100,rout=1 valu=0x789b 
05-19 15:02:40.833 E/TFA9890 (  323): [Tfa98xx_SetMode: 797]SampleRate = 44100
05-19 15:02:40.836 E/AudioALSAPlaybackHandlerBase(  323): -getHardwareBufferInfo pcm_get_htimestamp fail, ret = -1, pcm_get_error = cannot start channel: Broken pipe
05-19 15:02:40.838 E/AudioALSAPlaybackHandlerBase(  323): -getHardwareBufferInfo pcm_get_htimestamp fail, ret = -1, pcm_get_error = cannot start channel: Broken pipe
05-19 15:02:40.944 E/MtpServerJNI( 1268): void android_mtp_MtpServer_add_storage(JNIEnv*, jobject, jobject), line 174: descriptionStr = ÊâãÊú∫Â≠òÂÇ®
05-19 15:02:40.945 E/MtpServer( 1268): void android::MtpServer::sendEvent(android::MtpEventCode, uint32_t): Without OpenSession to send event code = 0x4004, 
05-19 15:02:40.946 E/MtpServer( 1268): void android::MtpServer::sendEvent(android::MtpEventCode, uint32_t): Without OpenSession to send event code = 0x4006, 
05-19 15:02:40.946 E/MtpServer( 1268): MtpServer::run mFD: 60
05-19 15:02:41.003 E/MtpServer( 1268): MtpServer::run mFD: 60
05-19 15:02:41.003 E/MtpServer( 1268): MtpServer::run mFD: 60
05-19 15:02:41.005 E/MtpServer( 1268): MtpServer::run mFD: 60
05-19 15:02:41.005 E/MtpServer( 1268): MtpServer::run mFD: 60
05-19 15:02:41.010 E/MtpServer( 1268): MtpServer::run mFD: 60
05-19 15:02:41.371 E/WifiTrafficPoller(  851): TRAFFIC_STATS_POLL true Token 3077 num clients 17
05-19 15:02:41.372 E/WifiTrafficPoller(  851):  packet count Tx=2028377 Rx=6688862
05-19 15:02:41.535 E/AudioFlinger(  323): getNextBuffer, get null buffer
05-19 15:02:41.617 E/SurfaceFlinger(  285): onDraw: bindTextureImage test
05-19 15:02:41.634 E/SurfaceFlinger(  285): onDraw: bindTextureImage test
05-19 15:02:41.651 E/SurfaceFlinger(  285): onDraw: bindTextureImage test
05-19 15:02:41.667 E/SurfaceFlinger(  285): onDraw: bindTextureImage test
05-19 15:02:41.684 E/SurfaceFlinger(  285): onDraw: bindTextureImage test
05-19 15:02:41.701 E/SurfaceFlinger(  285): onDraw: bindTextureImage test
05-19 15:02:41.718 E/SurfaceFlinger(  285): onDraw: bindTextureImage test
05-19 15:02:41.735 E/SurfaceFlinger(  285): onDraw: bindTextureImage test
05-19 15:02:41.752 E/SurfaceFlinger(  285): onDraw: bindTextureImage test
05-19 15:02:42.246 E/NativeCrypto( 9361): Unknown error during handshake
05-19 15:02:42.344 E/NativeCrypto( 9361): Unknown error during handshake
05-19 15:02:42.373 E/WifiTrafficPoller(  851): TRAFFIC_STATS_POLL true Token 3077 num clients 17
05-19 15:02:42.374 E/WifiTrafficPoller(  851):  packet count Tx=2028380 Rx=6688894
05-19 15:02:42.378 E/WifiStateMachine(  851):  ConnectedState (when=-2ms what=131155 arg1=671!CMD_RSSI_POLL 671 0 "BOCO-office" 94:b4:0f:68:a4:b1 rssi=-49 f=5785 sc=80 link=135 tx=5.2, 0.0, 0.0  rx=75.9 bcn=0 [on:0 tx:0 rx:0 period:3001] from screen [on:0 period:715921450] gl rssi=-49 ag=0 hr ticks 28,286,43 ls-=0 [56,56,60,60,65] brc=0 lrc=0
05-19 15:02:42.380 E/WifiStateMachine(  851):  L2ConnectedState (when=-4ms what=131155 arg1=671!CMD_RSSI_POLL 671 0 "BOCO-office" 94:b4:0f:68:a4:b1 rssi=-49 f=5785 sc=80 link=135 tx=5.2, 0.0, 0.0  rx=75.9 bcn=0 [on:0 tx:0 rx:0 period:2] from screen [on:0 period:715921452] gl rssi=-49 ag=0 hr ticks 28,286,43 ls-=0 [56,56,60,60,65] brc=0 lrc=0
05-19 15:02:42.380 E/WifiStateMachine(  851):  get link layer stats 0
05-19 15:02:42.384 E/WifiStateMachine(  851): calculateWifiScore() we set wifi's score to 1000, so will always set wifi as a default network.
05-19 15:02:43.375 E/WifiTrafficPoller(  851): TRAFFIC_STATS_POLL true Token 3077 num clients 17
05-19 15:02:43.377 E/WifiTrafficPoller(  851):  packet count Tx=2028384 Rx=6688921
05-19 15:02:44.378 E/WifiTrafficPoller(  851): TRAFFIC_STATS_POLL true Token 3077 num clients 17
05-19 15:02:44.379 E/WifiTrafficPoller(  851):  packet count Tx=2028386 Rx=6688941
05-19 15:02:45.268 E/SurfaceFlinger(  285): onDraw: bindTextureImage test
05-19 15:02:45.286 E/SurfaceFlinger(  285): onDraw: bindTextureImage test
05-19 15:02:45.302 E/SurfaceFlinger(  285): onDraw: bindTextureImage test
05-19 15:02:45.318 E/SurfaceFlinger(  285): onDraw: bindTextureImage test
05-19 15:02:45.335 E/SurfaceFlinger(  285): onDraw: bindTextureImage test
05-19 15:02:45.351 E/SurfaceFlinger(  285): onDraw: bindTextureImage test
05-19 15:02:45.368 E/SurfaceFlinger(  285): onDraw: bindTextureImage test
05-19 15:02:45.379 E/WifiTrafficPoller(  851): TRAFFIC_STATS_POLL true Token 3077 num clients 17
05-19 15:02:45.380 E/WifiTrafficPoller(  851):  packet count Tx=2028386 Rx=6688955
05-19 15:02:45.380 E/WifiTrafficPoller(  851): notifying of data activity 1
05-19 15:02:45.387 E/WifiStateMachine(  851):  ConnectedState (when=-3ms what=131155 arg1=671!CMD_RSSI_POLL 671 0 "BOCO-office" 94:b4:0f:68:a4:b1 rssi=-48 f=5785 sc=80 link=135 tx=5.6, 0.0, 0.0  rx=77.5 bcn=0 [on:0 tx:0 rx:0 period:3001] from screen [on:0 period:715924459] gl rssi=-48 ag=0 hr ticks 28,286,43 ls-=0 [56,56,60,60,65] brc=0 lrc=0
05-19 15:02:45.388 E/WifiStateMachine(  851):  L2ConnectedState (when=-4ms what=131155 arg1=671!CMD_RSSI_POLL 671 0 "BOCO-office" 94:b4:0f:68:a4:b1 rssi=-48 f=5785 sc=80 link=135 tx=5.6, 0.0, 0.0  rx=77.5 bcn=0 [on:0 tx:0 rx:0 period:1] from screen [on:0 period:715924460] gl rssi=-48 ag=0 hr ticks 28,286,43 ls-=0 [56,56,60,60,65] brc=0 lrc=0
05-19 15:02:45.388 E/WifiStateMachine(  851):  get link layer stats 0
05-19 15:02:45.408 E/WifiStateMachine(  851): calculateWifiScore() we set wifi's score to 1000, so will always set wifi as a default network.
05-19 15:02:45.704 E/SurfaceFlinger(  285): onDraw: bindTextureImage test
05-19 15:02:45.721 E/SurfaceFlinger(  285): onDraw: bindTextureImage test
05-19 15:02:45.740 E/SurfaceFlinger(  285): onDraw: bindTextureImage test
05-19 15:02:45.755 E/SurfaceFlinger(  285): onDraw: bindTextureImage test
05-19 15:02:45.772 E/SurfaceFlinger(  285): onDraw: bindTextureImage test
05-19 15:02:45.788 E/SurfaceFlinger(  285): onDraw: bindTextureImage test
05-19 15:02:45.805 E/SurfaceFlinger(  285): onDraw: bindTextureImage test
05-19 15:02:45.822 E/SurfaceFlinger(  285): onDraw: bindTextureImage test
05-19 15:02:45.839 E/SurfaceFlinger(  285): onDraw: bindTextureImage test
05-19 15:02:46.380 E/WifiTrafficPoller(  851): TRAFFIC_STATS_POLL true Token 3077 num clients 17
05-19 15:02:46.381 E/WifiTrafficPoller(  851):  packet count Tx=2028386 Rx=6688978
05-19 15:02:47.382 E/WifiTrafficPoller(  851): TRAFFIC_STATS_POLL true Token 3077 num clients 17
05-19 15:02:47.384 E/WifiTrafficPoller(  851):  packet count Tx=2028387 Rx=6688999
05-19 15:02:47.384 E/WifiTrafficPoller(  851): notifying of data activity 3
05-19 15:02:48.392 E/WifiTrafficPoller(  851): TRAFFIC_STATS_POLL true Token 3077 num clients 17
05-19 15:02:48.393 E/WifiTrafficPoller(  851):  packet count Tx=2028387 Rx=6689012
05-19 15:02:48.393 E/WifiTrafficPoller(  851): notifying of data activity 1
05-19 15:02:48.422 E/WifiStateMachine(  851):  ConnectedState (when=-3ms what=131155 arg1=671!CMD_RSSI_POLL 671 0 "BOCO-office" 94:b4:0f:68:a4:b1 rssi=-46 f=5785 sc=80 link=135 tx=5.8, 0.0, 0.0  rx=69.2 bcn=0 [on:0 tx:0 rx:0 period:3013] from screen [on:0 period:715927494] gl rssi=-46 ag=0 hr ticks 28,286,43 ls-=0 [56,56,60,60,65] brc=0 lrc=0
05-19 15:02:48.424 E/WifiStateMachine(  851):  L2ConnectedState (when=-15ms what=131155 arg1=671!CMD_RSSI_POLL 671 0 "BOCO-office" 94:b4:0f:68:a4:b1 rssi=-46 f=5785 sc=80 link=135 tx=5.8, 0.0, 0.0  rx=69.2 bcn=0 [on:0 tx:0 rx:0 period:2] from screen [on:0 period:715927496] gl rssi=-46 ag=0 hr ticks 28,286,43 ls-=0 [56,56,60,60,65] brc=0 lrc=0
05-19 15:02:48.424 E/WifiStateMachine(  851):  get link layer stats 0
05-19 15:02:48.450 E/WifiStateMachine(  851): calculateWifiScore() we set wifi's score to 1000, so will always set wifi as a default network.
05-19 15:02:49.404 E/WifiTrafficPoller(  851): TRAFFIC_STATS_POLL true Token 3077 num clients 17
05-19 15:02:49.406 E/WifiTrafficPoller(  851):  packet count Tx=2028388 Rx=6689034
05-19 15:02:49.406 E/WifiTrafficPoller(  851): notifying of data activity 3
05-19 15:02:50.411 E/WifiTrafficPoller(  851): TRAFFIC_STATS_POLL true Token 3077 num clients 17
05-19 15:02:50.412 E/WifiTrafficPoller(  851):  packet count Tx=2028388 Rx=6689054
05-19 15:02:50.412 E/WifiTrafficPoller(  851): notifying of data activity 1
05-19 15:02:51.414 E/WifiTrafficPoller(  851): TRAFFIC_STATS_POLL true Token 3077 num clients 17
05-19 15:02:51.415 E/WifiTrafficPoller(  851):  packet count Tx=2028388 Rx=6689082
05-19 15:02:51.454 E/WifiStateMachine(  851):  ConnectedState (when=-3ms what=131155 arg1=671!CMD_RSSI_POLL 671 0 "BOCO-office" 94:b4:0f:68:a4:b1 rssi=-53 f=5785 sc=80 link=135 tx=3.4, 0.0, 0.0  rx=63.6 bcn=0 [on:0 tx:0 rx:0 period:2996] from screen [on:0 period:715930526] gl rssi=-53 ag=0 hr ticks 28,286,43 ls-=0 [56,56,56,56,61] brc=0 lrc=0
05-19 15:02:51.454 E/WifiStateMachine(  851):  L2ConnectedState (when=-4ms what=131155 arg1=671!CMD_RSSI_POLL 671 0 "BOCO-office" 94:b4:0f:68:a4:b1 rssi=-53 f=5785 sc=80 link=135 tx=3.4, 0.0, 0.0  rx=63.6 bcn=0 [on:0 tx:0 rx:0 period:0] from screen [on:0 period:715930526] gl rssi=-53 ag=0 hr ticks 28,286,43 ls-=0 [56,56,56,56,61] brc=0 lrc=0
05-19 15:02:51.454 E/WifiStateMachine(  851):  get link layer stats 0
05-19 15:02:51.468 E/WifiStateMachine(  851): calculateWifiScore() we set wifi's score to 1000, so will always set wifi as a default network.
05-19 15:02:52.415 E/WifiTrafficPoller(  851): TRAFFIC_STATS_POLL true Token 3077 num clients 17
05-19 15:02:52.416 E/WifiTrafficPoller(  851):  packet count Tx=2028388 Rx=6689102
05-19 15:02:53.417 E/WifiTrafficPoller(  851): TRAFFIC_STATS_POLL true Token 3077 num clients 17
05-19 15:02:53.418 E/WifiTrafficPoller(  851):  packet count Tx=2028388 Rx=6689119
05-19 15:02:54.370 E/SurfaceFlinger(  285): onDraw: bindTextureImage test
05-19 15:02:54.386 E/SurfaceFlinger(  285): onDraw: bindTextureImage test
05-19 15:02:54.404 E/SurfaceFlinger(  285): onDraw: bindTextureImage test
05-19 15:02:54.419 E/WifiTrafficPoller(  851): TRAFFIC_STATS_POLL true Token 3077 num clients 17
05-19 15:02:54.419 E/WifiTrafficPoller(  851):  packet count Tx=2028388 Rx=6689133
05-19 15:02:54.421 E/SurfaceFlinger(  285): onDraw: bindTextureImage test
05-19 15:02:54.437 E/SurfaceFlinger(  285): onDraw: bindTextureImage test
05-19 15:02:54.453 E/SurfaceFlinger(  285): onDraw: bindTextureImage test
05-19 15:02:54.470 E/SurfaceFlinger(  285): onDraw: bindTextureImage test
05-19 15:02:54.472 E/WifiStateMachine(  851):  ConnectedState (when=-3ms what=131155 arg1=671!CMD_RSSI_POLL 671 0 "BOCO-office" 94:b4:0f:68:a4:b1 rssi=-52 f=5785 sc=80 link=135 tx=2.2, 0.0, 0.0  rx=66.3 bcn=0 [on:0 tx:0 rx:0 period:3002] from screen [on:0 period:715933544] gl rssi=-52 ag=0 hr ticks 28,286,43 ls-=0 [56,56,56,56,61] brc=0 lrc=0
05-19 15:02:54.473 E/WifiStateMachine(  851):  L2ConnectedState (when=-5ms what=131155 arg1=671!CMD_RSSI_POLL 671 0 "BOCO-office" 94:b4:0f:68:a4:b1 rssi=-52 f=5785 sc=80 link=135 tx=2.2, 0.0, 0.0  rx=66.3 bcn=0 [on:0 tx:0 rx:0 period:1] from screen [on:0 period:715933545] gl rssi=-52 ag=0 hr ticks 28,286,43 ls-=0 [56,56,56,56,61] brc=0 lrc=0
05-19 15:02:54.473 E/WifiStateMachine(  851):  get link layer stats 0
05-19 15:02:54.489 E/WifiStateMachine(  851): calculateWifiScore() we set wifi's score to 1000, so will always set wifi as a default network.
05-19 15:02:55.420 E/WifiTrafficPoller(  851): TRAFFIC_STATS_POLL true Token 3077 num clients 17
05-19 15:02:55.421 E/WifiTrafficPoller(  851):  packet count Tx=2028389 Rx=6689149
05-19 15:02:55.421 E/WifiTrafficPoller(  851): notifying of data activity 3
05-19 15:02:56.424 E/WifiTrafficPoller(  851): TRAFFIC_STATS_POLL true Token 3077 num clients 17
05-19 15:02:56.425 E/WifiTrafficPoller(  851):  packet count Tx=2028389 Rx=6689164
05-19 15:02:56.425 E/WifiTrafficPoller(  851): notifying of data activity 1
05-19 15:02:57.428 E/WifiTrafficPoller(  851): TRAFFIC_STATS_POLL true Token 3077 num clients 17
05-19 15:02:57.429 E/WifiTrafficPoller(  851):  packet count Tx=2028395 Rx=6689185
05-19 15:02:57.429 E/WifiTrafficPoller(  851): notifying of data activity 3
05-19 15:02:57.491 E/WifiStateMachine(  851):  ConnectedState (when=-1ms what=131155 arg1=671!CMD_RSSI_POLL 671 0 "BOCO-office" 94:b4:0f:68:a4:b1 rssi=-52 f=5785 sc=80 link=135 tx=1.1, 0.0, 0.0  rx=58.7 bcn=0 [on:0 tx:0 rx:0 period:3001] from screen [on:0 period:715936563] gl rssi=-52 ag=0 hr ticks 28,286,43 ls-=0 [56,56,56,56,61] brc=0 lrc=0
05-19 15:02:57.493 E/WifiStateMachine(  851):  L2ConnectedState (when=-3ms what=131155 arg1=671!CMD_RSSI_POLL 671 0 "BOCO-office" 94:b4:0f:68:a4:b1 rssi=-52 f=5785 sc=80 link=135 tx=1.1, 0.0, 0.0  rx=58.7 bcn=0 [on:0 tx:0 rx:0 period:2] from screen [on:0 period:715936565] gl rssi=-52 ag=0 hr ticks 28,286,43 ls-=0 [56,56,56,56,61] brc=0 lrc=0
05-19 15:02:57.493 E/WifiStateMachine(  851):  get link layer stats 0
05-19 15:02:57.498 E/WifiStateMachine(  851): calculateWifiScore() we set wifi's score to 1000, so will always set wifi as a default network.
05-19 15:02:58.433 E/WifiTrafficPoller(  851): TRAFFIC_STATS_POLL true Token 3077 num clients 17
05-19 15:02:58.435 E/WifiTrafficPoller(  851):  packet count Tx=2028395 Rx=6689200
05-19 15:02:58.435 E/WifiTrafficPoller(  851): notifying of data activity 1
05-19 15:02:58.951 E/NativeCrypto( 9361): ssl=0xeec3ee00 cert_verify_callback x509_store_ctx=0xddbff300 arg=0x0
05-19 15:02:58.951 E/NativeCrypto( 9361): ssl=0xeec3ee00 cert_verify_callback calling verifyCertificateChain authMethod=ECDHE_RSA
05-19 15:02:59.438 E/WifiTrafficPoller(  851): TRAFFIC_STATS_POLL true Token 3077 num clients 17
05-19 15:02:59.439 E/WifiTrafficPoller(  851):  packet count Tx=2028405 Rx=6689228
05-19 15:02:59.439 E/WifiTrafficPoller(  851): notifying of data activity 3
