05-18 09:03:50.242 E/WifiStateMachine(  851): calculateWifiScore() we set wifi's score to 1000, so will always set wifi as a default network.
05-18 09:03:51.080 E/WifiTrafficPoller(  851): TRAFFIC_STATS_POLL true Token 2644 num clients 15
05-18 09:03:51.081 E/WifiTrafficPoller(  851):  packet count Tx=1744744 Rx=5725892
05-18 09:03:52.083 E/WifiTrafficPoller(  851): TRAFFIC_STATS_POLL true Token 2644 num clients 15
05-18 09:03:52.084 E/WifiTrafficPoller(  851):  packet count Tx=1744744 Rx=5725916
05-18 09:03:53.085 E/WifiTrafficPoller(  851): TRAFFIC_STATS_POLL true Token 2644 num clients 15
05-18 09:03:53.086 E/WifiTrafficPoller(  851):  packet count Tx=1744744 Rx=5725927
05-18 09:03:53.248 E/WifiStateMachine(  851):  ConnectedState (when=-3ms what=131155 arg1=591!CMD_RSSI_POLL 591 0 "BOCO-office" 94:b4:0f:68:a4:b1 rssi=-50 f=5785 sc=80 link=135 tx=0.0, 0.0, 0.0  rx=42.5 bcn=0 [on:0 tx:0 rx:0 period:2994] from screen [on:0 period:607992320] gl rssi=-50 ag=0 hr ticks 314,77,49 ls-=0 [56,56,56,56,61] brc=0 lrc=0
05-18 09:03:53.252 E/WifiStateMachine(  851):  L2ConnectedState (when=-8ms what=131155 arg1=591!CMD_RSSI_POLL 591 0 "BOCO-office" 94:b4:0f:68:a4:b1 rssi=-50 f=5785 sc=80 link=135 tx=0.0, 0.0, 0.0  rx=42.5 bcn=0 [on:0 tx:0 rx:0 period:4] from screen [on:0 period:607992324] gl rssi=-50 ag=0 hr ticks 314,77,49 ls-=0 [56,56,56,56,61] brc=0 lrc=0
05-18 09:03:53.254 E/WifiStateMachine(  851):  get link layer stats 0
05-18 09:03:53.277 E/WifiStateMachine(  851): calculateWifiScore() we set wifi's score to 1000, so will always set wifi as a default network.
05-18 09:03:54.087 E/WifiTrafficPoller(  851): TRAFFIC_STATS_POLL true Token 2644 num clients 15
05-18 09:03:54.087 E/WifiTrafficPoller(  851):  packet count Tx=1744744 Rx=5725937
05-18 09:03:55.088 E/WifiTrafficPoller(  851): TRAFFIC_STATS_POLL true Token 2644 num clients 15
05-18 09:03:55.089 E/WifiTrafficPoller(  851):  packet count Tx=1744744 Rx=5725950
05-18 09:03:56.090 E/WifiTrafficPoller(  851): TRAFFIC_STATS_POLL true Token 2644 num clients 15
05-18 09:03:56.090 E/WifiTrafficPoller(  851):  packet count Tx=1744744 Rx=5725965
05-18 09:03:56.282 E/WifiStateMachine(  851):  ConnectedState (when=-3ms what=131155 arg1=591!CMD_RSSI_POLL 591 0 "BOCO-office" 94:b4:0f:68:a4:b1 rssi=-51 f=5785 sc=80 link=135 tx=0.0, 0.0, 0.0  rx=44.3 bcn=0 [on:0 tx:0 rx:0 period:2991] from screen [on:0 period:607995354] gl rssi=-51 ag=0 hr ticks 314,77,49 ls-=0 [56,56,56,56,61] brc=0 lrc=0
05-18 09:03:56.283 E/WifiStateMachine(  851):  L2ConnectedState (when=-4ms what=131155 arg1=591!CMD_RSSI_POLL 591 0 "BOCO-office" 94:b4:0f:68:a4:b1 rssi=-51 f=5785 sc=80 link=135 tx=0.0, 0.0, 0.0  rx=44.3 bcn=0 [on:0 tx:0 rx:0 period:1] from screen [on:0 period:607995355] gl rssi=-51 ag=0 hr ticks 314,77,49 ls-=0 [56,56,56,56,61] brc=0 lrc=0
05-18 09:03:56.283 E/WifiStateMachine(  851):  get link layer stats 0
05-18 09:03:56.300 E/WifiStateMachine(  851): calculateWifiScore() we set wifi's score to 1000, so will always set wifi as a default network.
05-18 09:03:57.091 E/WifiTrafficPoller(  851): TRAFFIC_STATS_POLL true Token 2644 num clients 15
05-18 09:03:57.093 E/WifiTrafficPoller(  851):  packet count Tx=1744744 Rx=5725976
05-18 09:03:57.675 E/VoLTE SIPTX(10481): setsockopt ret: 0 (vendor/mediatek/proprietary/protect-app/external/volte/volte_stack/src/sip/sip_transport.c:926)
05-18 09:03:58.095 E/WifiTrafficPoller(  851): TRAFFIC_STATS_POLL true Token 2644 num clients 15
05-18 09:03:58.096 E/WifiTrafficPoller(  851):  packet count Tx=1744744 Rx=5725990
05-18 09:03:59.096 E/WifiTrafficPoller(  851): TRAFFIC_STATS_POLL true Token 2644 num clients 15
05-18 09:03:59.096 E/WifiTrafficPoller(  851):  packet count Tx=1744744 Rx=5726007
05-18 09:03:59.304 E/WifiStateMachine(  851):  ConnectedState (when=-4ms what=131155 arg1=591!CMD_RSSI_POLL 591 0 "BOCO-office" 94:b4:0f:68:a4:b1 rssi=-51 f=5785 sc=80 link=135 tx=0.0, 0.0, 0.0  rx=39.6 bcn=0 [on:0 tx:0 rx:0 period:3001] from screen [on:0 period:607998376] gl rssi=-51 ag=0 hr ticks 314,77,49 ls-=0 [56,56,56,56,61] brc=0 lrc=0
05-18 09:03:59.319 E/WifiStateMachine(  851):  L2ConnectedState (when=-18ms what=131155 arg1=591!CMD_RSSI_POLL 591 0 "BOCO-office" 94:b4:0f:68:a4:b1 rssi=-51 f=5785 sc=80 link=135 tx=0.0, 0.0, 0.0  rx=39.6 bcn=0 [on:0 tx:0 rx:0 period:15] from screen [on:0 period:607998391] gl rssi=-51 ag=0 hr ticks 314,77,49 ls-=0 [56,56,56,56,61] brc=0 lrc=0
05-18 09:03:59.321 E/WifiStateMachine(  851):  get link layer stats 0
05-18 09:03:59.340 E/WifiStateMachine(  851): calculateWifiScore() we set wifi's score to 1000, so will always set wifi as a default network.
05-18 09:04:00.096 E/WifiTrafficPoller(  851): TRAFFIC_STATS_POLL true Token 2644 num clients 15
05-18 09:04:00.097 E/WifiTrafficPoller(  851):  packet count Tx=1744744 Rx=5726017
05-18 09:04:01.098 E/WifiTrafficPoller(  851): TRAFFIC_STATS_POLL true Token 2644 num clients 15
05-18 09:04:01.099 E/WifiTrafficPoller(  851):  packet count Tx=1744744 Rx=5726028
05-18 09:04:02.100 E/WifiTrafficPoller(  851): TRAFFIC_STATS_POLL true Token 2644 num clients 15
05-18 09:04:02.101 E/WifiTrafficPoller(  851):  packet count Tx=1744744 Rx=5726042
05-18 09:04:02.342 E/WifiStateMachine(  851):  ConnectedState (when=-1ms what=131155 arg1=591!CMD_RSSI_POLL 591 0 "BOCO-office" 94:b4:0f:68:a4:b1 rssi=-51 f=5785 sc=80 link=135 tx=0.0, 0.0, 0.0  rx=40.8 bcn=0 [on:0 tx:0 rx:0 period:2997] from screen [on:0 period:608001414] gl rssi=-51 ag=0 hr ticks 314,77,49 ls-=0 [56,56,56,56,61] brc=0 lrc=0
05-18 09:04:02.352 E/WifiStateMachine(  851):  L2ConnectedState (when=-11ms what=131155 arg1=591!CMD_RSSI_POLL 591 0 "BOCO-office" 94:b4:0f:68:a4:b1 rssi=-51 f=5785 sc=80 link=135 tx=0.0, 0.0, 0.0  rx=40.8 bcn=0 [on:0 tx:0 rx:0 period:9] from screen [on:0 period:608001423] gl rssi=-51 ag=0 hr ticks 314,77,49 ls-=0 [56,56,56,56,61] brc=0 lrc=0
05-18 09:04:02.354 E/WifiStateMachine(  851):  get link layer stats 0
05-18 09:04:02.382 E/WifiStateMachine(  851): calculateWifiScore() we set wifi's score to 1000, so will always set wifi as a default network.
05-18 09:04:03.102 E/WifiTrafficPoller(  851): TRAFFIC_STATS_POLL true Token 2644 num clients 15
05-18 09:04:03.103 E/WifiTrafficPoller(  851):  packet count Tx=1744744 Rx=5726052
05-18 09:04:04.104 E/WifiTrafficPoller(  851): TRAFFIC_STATS_POLL true Token 2644 num clients 15
05-18 09:04:04.106 E/WifiTrafficPoller(  851):  packet count Tx=1744744 Rx=5726068
05-18 09:04:05.107 E/WifiTrafficPoller(  851): TRAFFIC_STATS_POLL true Token 2644 num clients 15
05-18 09:04:05.107 E/WifiTrafficPoller(  851):  packet count Tx=1744744 Rx=5726084
05-18 09:04:05.387 E/WifiStateMachine(  851):  ConnectedState (when=-4ms what=131155 arg1=591!CMD_RSSI_POLL 591 0 "BOCO-office" 94:b4:0f:68:a4:b1 rssi=-50 f=5785 sc=80 link=135 tx=0.0, 0.0, 0.0  rx=38.4 bcn=0 [on:0 tx:0 rx:0 period:2991] from screen [on:0 period:608004459] gl rssi=-50 ag=0 hr ticks 314,77,49 ls-=0 [56,56,56,56,61] brc=0 lrc=0
05-18 09:04:05.394 E/WifiStateMachine(  851):  L2ConnectedState (when=-9ms what=131155 arg1=591!CMD_RSSI_POLL 591 0 "BOCO-office" 94:b4:0f:68:a4:b1 rssi=-50 f=5785 sc=80 link=135 tx=0.0, 0.0, 0.0  rx=38.4 bcn=0 [on:0 tx:0 rx:0 period:7] from screen [on:0 period:608004466] gl rssi=-50 ag=0 hr ticks 314,77,49 ls-=0 [56,56,56,56,61] brc=0 lrc=0
05-18 09:04:05.396 E/WifiStateMachine(  851):  get link layer stats 0
05-18 09:04:05.424 E/WifiStateMachine(  851): calculateWifiScore() we set wifi's score to 1000, so will always set wifi as a default network.
05-18 09:04:06.108 E/WifiTrafficPoller(  851): TRAFFIC_STATS_POLL true Token 2644 num clients 15
05-18 09:04:06.109 E/WifiTrafficPoller(  851):  packet count Tx=1744744 Rx=5726093
05-18 09:04:07.110 E/WifiTrafficPoller(  851): TRAFFIC_STATS_POLL true Token 2644 num clients 15
05-18 09:04:07.111 E/WifiTrafficPoller(  851):  packet count Tx=1744744 Rx=5726107
05-18 09:04:07.905 E/memtrack( 5977): Couldn't load memtrack module (No such file or directory)
05-18 09:04:07.905 E/android.os.Debug( 5977): failed to load memtrack module: -2
05-18 09:04:08.112 E/WifiTrafficPoller(  851): TRAFFIC_STATS_POLL true Token 2644 num clients 15
05-18 09:04:08.113 E/WifiTrafficPoller(  851):  packet count Tx=1744750 Rx=5726124
05-18 09:04:08.113 E/WifiTrafficPoller(  851): notifying of data activity 3
05-18 09:04:08.431 E/WifiStateMachine(  851):  ConnectedState (when=-4ms what=131155 arg1=591!CMD_RSSI_POLL 591 0 "BOCO-office" 94:b4:0f:68:a4:b1 rssi=-49 f=5785 sc=80 link=135 tx=0.0, 0.0, 0.0  rx=39.7 bcn=0 [on:0 tx:0 rx:0 period:2990] from screen [on:0 period:608007503] gl rssi=-49 ag=0 hr ticks 314,77,49 ls-=0 [56,56,56,56,61] brc=0 lrc=0
05-18 09:04:08.446 E/WifiStateMachine(  851):  L2ConnectedState (when=-5ms what=131155 arg1=591!CMD_RSSI_POLL 591 0 "BOCO-office" 94:b4:0f:68:a4:b1 rssi=-49 f=5785 sc=80 link=135 tx=0.0, 0.0, 0.0  rx=39.7 bcn=0 [on:0 tx:0 rx:0 period:14] from screen [on:0 period:608007517] gl rssi=-49 ag=0 hr ticks 314,77,49 ls-=0 [56,56,56,56,61] brc=0 lrc=0
05-18 09:04:08.446 E/WifiStateMachine(  851):  get link layer stats 0
05-18 09:04:08.452 E/WifiStateMachine(  851): calculateWifiScore() we set wifi's score to 1000, so will always set wifi as a default network.
05-18 09:04:08.726 E/STEP_COUNTER(  851): step counter batch: handle:18, en:0, samplingPeriodNs:600000000, maxBatchReportLatencyNs:0 
05-18 09:04:08.807 E/SurfaceFlinger(  285): onDraw: bindTextureImage test
05-18 09:04:08.823 E/SurfaceFlinger(  285): onDraw: bindTextureImage test
05-18 09:04:08.841 E/SurfaceFlinger(  285): onDraw: bindTextureImage test
05-18 09:04:08.857 E/SurfaceFlinger(  285): onDraw: bindTextureImage test
05-18 09:04:08.874 E/SurfaceFlinger(  285): onDraw: bindTextureImage test
05-18 09:04:08.891 E/SurfaceFlinger(  285): onDraw: bindTextureImage test
05-18 09:04:08.908 E/SurfaceFlinger(  285): onDraw: bindTextureImage test
05-18 09:04:08.924 E/SurfaceFlinger(  285): onDraw: bindTextureImage test
05-18 09:04:08.941 E/SurfaceFlinger(  285): onDraw: bindTextureImage test
05-18 09:04:08.958 E/SurfaceFlinger(  285): onDraw: bindTextureImage test
05-18 09:04:08.975 E/SurfaceFlinger(  285): onDraw: bindTextureImage test
05-18 09:04:08.992 E/SurfaceFlinger(  285): onDraw: bindTextureImage test
05-18 09:04:09.009 E/SurfaceFlinger(  285): onDraw: bindTextureImage test
05-18 09:04:09.025 E/SurfaceFlinger(  285): onDraw: bindTextureImage test
05-18 09:04:09.116 E/WifiTrafficPoller(  851): TRAFFIC_STATS_POLL true Token 2644 num clients 15
05-18 09:04:09.117 E/WifiTrafficPoller(  851):  packet count Tx=1744765 Rx=5726149
05-18 09:04:09.127 E/ActivityThread( 5998): Failed to find provider info for com.tencent.mm.coolassist.debugprovider
05-18 09:04:09.212 E/MPlugin ( 5998): Unsupported class: com.mediatek.common.telephony.IOnlyOwnerSimSupport
05-18 09:04:09.669 E/WifiTrafficPoller(  851): ADD_CLIENT: 16
05-18 09:04:10.117 E/WifiTrafficPoller(  851): TRAFFIC_STATS_POLL true Token 2644 num clients 16
05-18 09:04:10.118 E/WifiTrafficPoller(  851):  packet count Tx=1744775 Rx=5726170
05-18 09:04:10.402 E/[PropSet]( 5998): connect fail
05-18 09:04:10.402 E/[PropSet]( 5998): send_prop_msg return err -1
05-18 09:04:10.493 E/memtrack( 6065): Couldn't load memtrack module (No such file or directory)
05-18 09:04:10.493 E/android.os.Debug( 6065): failed to load memtrack module: -2
05-18 09:04:11.024 E/memtrack( 6122): Couldn't load memtrack module (No such file or directory)
05-18 09:04:11.024 E/android.os.Debug( 6122): failed to load memtrack module: -2
05-18 09:04:11.119 E/WifiTrafficPoller(  851): TRAFFIC_STATS_POLL true Token 2644 num clients 16
05-18 09:04:11.121 E/WifiTrafficPoller(  851):  packet count Tx=1744775 Rx=5726183
05-18 09:04:11.121 E/WifiTrafficPoller(  851): notifying of data activity 1
05-18 09:04:11.457 E/WifiStateMachine(  851):  ConnectedState (when=-3ms what=131155 arg1=591!CMD_RSSI_POLL 591 0 "BOCO-office" 94:b4:0f:68:a4:b1 rssi=-51 f=5785 sc=80 link=135 tx=5.5, 0.0, 0.0  rx=42.9 bcn=0 [on:0 tx:0 rx:0 period:2954] from screen [on:0 period:608010529] gl rssi=-51 ag=0 hr ticks 314,77,49 ls-=0 [56,56,60,60,65] brc=0 lrc=0
05-18 09:04:11.459 E/WifiStateMachine(  851):  L2ConnectedState (when=-6ms what=131155 arg1=591!CMD_RSSI_POLL 591 0 "BOCO-office" 94:b4:0f:68:a4:b1 rssi=-51 f=5785 sc=80 link=135 tx=5.5, 0.0, 0.0  rx=42.9 bcn=0 [on:0 tx:0 rx:0 period:2] from screen [on:0 period:608010531] gl rssi=-51 ag=0 hr ticks 314,77,49 ls-=0 [56,56,60,60,65] brc=0 lrc=0
05-18 09:04:11.460 E/WifiStateMachine(  851):  get link layer stats 0
05-18 09:04:11.480 E/WifiStateMachine(  851): calculateWifiScore() we set wifi's score to 1000, so will always set wifi as a default network.
05-18 09:04:11.880 E/memtrack( 6138): Couldn't load memtrack module (No such file or directory)
05-18 09:04:11.880 E/android.os.Debug( 6138): failed to load memtrack module: -2
05-18 09:04:12.126 E/WifiTrafficPoller(  851): TRAFFIC_STATS_POLL true Token 2644 num clients 16
05-18 09:04:12.129 E/WifiTrafficPoller(  851):  packet count Tx=1744775 Rx=5726193
05-18 09:04:12.636 E/memtrack( 6154): Couldn't load memtrack module (No such file or directory)
05-18 09:04:12.636 E/android.os.Debug( 6154): failed to load memtrack module: -2
05-18 09:04:13.130 E/WifiTrafficPoller(  851): TRAFFIC_STATS_POLL true Token 2644 num clients 16
05-18 09:04:13.131 E/WifiTrafficPoller(  851):  packet count Tx=1744775 Rx=5726202
05-18 09:04:13.409 E/memtrack( 6170): Couldn't load memtrack module (No such file or directory)
05-18 09:04:13.409 E/android.os.Debug( 6170): failed to load memtrack module: -2
05-18 09:04:14.029 E/memtrack( 6188): Couldn't load memtrack module (No such file or directory)
05-18 09:04:14.029 E/android.os.Debug( 6188): failed to load memtrack module: -2
05-18 09:04:14.132 E/WifiTrafficPoller(  851): TRAFFIC_STATS_POLL true Token 2644 num clients 16
05-18 09:04:14.132 E/WifiTrafficPoller(  851):  packet count Tx=1744775 Rx=5726222
05-18 09:04:14.485 E/WifiStateMachine(  851):  ConnectedState (when=-4ms what=131155 arg1=591!CMD_RSSI_POLL 591 0 "BOCO-office" 94:b4:0f:68:a4:b1 rssi=-50 f=5785 sc=80 link=135 tx=12.8, 0.0, 0.0  rx=48.4 bcn=0 [on:0 tx:0 rx:0 period:3002] from screen [on:0 period:608013557] gl rssi=-50 ag=0 hr ticks 314,77,49 ls-=0 [56,56,60,60,65] brc=0 lrc=0
05-18 09:04:14.489 E/WifiStateMachine(  851):  L2ConnectedState (when=-7ms what=131155 arg1=591!CMD_RSSI_POLL 591 0 "BOCO-office" 94:b4:0f:68:a4:b1 rssi=-50 f=5785 sc=80 link=135 tx=12.8, 0.0, 0.0  rx=48.4 bcn=0 [on:0 tx:0 rx:0 period:3] from screen [on:0 period:608013560] gl rssi=-50 ag=0 hr ticks 314,77,49 ls-=0 [56,56,60,60,65] brc=0 lrc=0
05-18 09:04:14.489 E/WifiStateMachine(  851):  get link layer stats 0
05-18 09:04:14.512 E/WifiStateMachine(  851): calculateWifiScore() we set wifi's score to 1000, so will always set wifi as a default network.
05-18 09:04:15.133 E/WifiTrafficPoller(  851): TRAFFIC_STATS_POLL true Token 2644 num clients 16
05-18 09:04:15.134 E/WifiTrafficPoller(  851):  packet count Tx=1744775 Rx=5726239
05-18 09:04:16.135 E/WifiTrafficPoller(  851): TRAFFIC_STATS_POLL true Token 2644 num clients 16
05-18 09:04:16.137 E/WifiTrafficPoller(  851):  packet count Tx=1744775 Rx=5726251
05-18 09:04:17.137 E/WifiTrafficPoller(  851): TRAFFIC_STATS_POLL true Token 2644 num clients 16
05-18 09:04:17.138 E/WifiTrafficPoller(  851):  packet count Tx=1744775 Rx=5726265
05-18 09:04:17.514 E/WifiStateMachine(  851):  ConnectedState (when=-2ms what=131155 arg1=591!CMD_RSSI_POLL 591 0 "BOCO-office" 94:b4:0f:68:a4:b1 rssi=-50 f=5785 sc=80 link=135 tx=6.4, 0.0, 0.0  rx=45.2 bcn=0 [on:0 tx:0 rx:0 period:2999] from screen [on:0 period:608016586] gl rssi=-50 ag=0 hr ticks 314,77,49 ls-=0 [56,56,60,60,65] brc=0 lrc=0
05-18 09:04:17.515 E/WifiStateMachine(  851):  L2ConnectedState (when=-3ms what=131155 arg1=591!CMD_RSSI_POLL 591 0 "BOCO-office" 94:b4:0f:68:a4:b1 rssi=-50 f=5785 sc=80 link=135 tx=6.4, 0.0, 0.0  rx=45.2 bcn=0 [on:0 tx:0 rx:0 period:1] from screen [on:0 period:608016587] gl rssi=-50 ag=0 hr ticks 314,77,49 ls-=0 [56,56,60,60,65] brc=0 lrc=0
05-18 09:04:17.515 E/WifiStateMachine(  851):  get link layer stats 0
05-18 09:04:17.517 E/WifiStateMachine(  851): calculateWifiScore() we set wifi's score to 1000, so will always set wifi as a default network.
05-18 09:04:17.703 E/memtrack( 6209): Couldn't load memtrack module (No such file or directory)
05-18 09:04:17.703 E/android.os.Debug( 6209): failed to load memtrack module: -2
05-18 09:04:18.138 E/WifiTrafficPoller(  851): TRAFFIC_STATS_POLL true Token 2644 num clients 16
05-18 09:04:18.139 E/WifiTrafficPoller(  851):  packet count Tx=1744775 Rx=5726274
05-18 09:04:18.308 E/memtrack( 6227): Couldn't load memtrack module (No such file or directory)
05-18 09:04:18.308 E/android.os.Debug( 6227): failed to load memtrack module: -2
05-18 09:04:19.132 E/memtrack( 6244): Couldn't load memtrack module (No such file or directory)
05-18 09:04:19.132 E/android.os.Debug( 6244): failed to load memtrack module: -2
05-18 09:04:19.139 E/WifiTrafficPoller(  851): TRAFFIC_STATS_POLL true Token 2644 num clients 16
05-18 09:04:19.139 E/WifiTrafficPoller(  851):  packet count Tx=1744775 Rx=5726289
05-18 09:04:19.893 E/memtrack( 6327): Couldn't load memtrack module (No such file or directory)
05-18 09:04:19.893 E/android.os.Debug( 6327): failed to load memtrack module: -2
05-18 09:04:20.140 E/WifiTrafficPoller(  851): TRAFFIC_STATS_POLL true Token 2644 num clients 16
05-18 09:04:20.141 E/WifiTrafficPoller(  851):  packet count Tx=1744775 Rx=5726309
05-18 09:04:20.463 E/memtrack( 6374): Couldn't load memtrack module (No such file or directory)
05-18 09:04:20.463 E/android.os.Debug( 6374): failed to load memtrack module: -2
05-18 09:04:20.521 E/WifiStateMachine(  851):  ConnectedState (when=-3ms what=131155 arg1=591!CMD_RSSI_POLL 591 0 "BOCO-office" 94:b4:0f:68:a4:b1 rssi=-50 f=5785 sc=80 link=135 tx=3.2, 0.0, 0.0  rx=43.6 bcn=0 [on:0 tx:0 rx:0 period:2998] from screen [on:0 period:608019593] gl rssi=-50 ag=0 hr ticks 314,77,49 ls-=0 [56,56,56,56,61] brc=0 lrc=0
05-18 09:04:20.522 E/WifiStateMachine(  851):  L2ConnectedState (when=-4ms what=131155 arg1=591!CMD_RSSI_POLL 591 0 "BOCO-office" 94:b4:0f:68:a4:b1 rssi=-50 f=5785 sc=80 link=135 tx=3.2, 0.0, 0.0  rx=43.6 bcn=0 [on:0 tx:0 rx:0 period:1] from screen [on:0 period:608019594] gl rssi=-50 ag=0 hr ticks 314,77,49 ls-=0 [56,56,56,56,61] brc=0 lrc=0
05-18 09:04:20.522 E/WifiStateMachine(  851):  get link layer stats 0
05-18 09:04:20.539 E/WifiStateMachine(  851): calculateWifiScore() we set wifi's score to 1000, so will always set wifi as a default network.
05-18 09:04:21.141 E/WifiTrafficPoller(  851): TRAFFIC_STATS_POLL true Token 2644 num clients 16
05-18 09:04:21.142 E/WifiTrafficPoller(  851):  packet count Tx=1744775 Rx=5726320
05-18 09:04:21.370 E/memtrack( 6393): Couldn't load memtrack module (No such file or directory)
05-18 09:04:21.370 E/android.os.Debug( 6393): failed to load memtrack module: -2
05-18 09:04:22.143 E/WifiTrafficPoller(  851): TRAFFIC_STATS_POLL true Token 2644 num clients 16
05-18 09:04:22.143 E/WifiTrafficPoller(  851):  packet count Tx=1744775 Rx=5726337
05-18 09:04:23.144 E/WifiTrafficPoller(  851): TRAFFIC_STATS_POLL true Token 2644 num clients 16
05-18 09:04:23.146 E/WifiTrafficPoller(  851):  packet count Tx=1744775 Rx=5726348
05-18 09:04:23.544 E/WifiStateMachine(  851):  ConnectedState (when=-4ms what=131155 arg1=591!CMD_RSSI_POLL 591 0 "BOCO-office" 94:b4:0f:68:a4:b1 rssi=-50 f=5785 sc=80 link=135 tx=1.6, 0.0, 0.0  rx=43.8 bcn=0 [on:0 tx:0 rx:0 period:3002] from screen [on:0 period:608022616] gl rssi=-50 ag=0 hr ticks 314,77,49 ls-=0 [56,56,56,56,61] brc=0 lrc=0
05-18 09:04:23.544 E/WifiStateMachine(  851):  L2ConnectedState (when=-5ms what=131155 arg1=591!CMD_RSSI_POLL 591 0 "BOCO-office" 94:b4:0f:68:a4:b1 rssi=-50 f=5785 sc=80 link=135 tx=1.6, 0.0, 0.0  rx=43.8 bcn=0 [on:0 tx:0 rx:0 period:0] from screen [on:0 period:608022616] gl rssi=-50 ag=0 hr ticks 314,77,49 ls-=0 [56,56,56,56,61] brc=0 lrc=0
05-18 09:04:23.545 E/WifiStateMachine(  851):  get link layer stats 0
05-18 09:04:23.567 E/WifiStateMachine(  851): calculateWifiScore() we set wifi's score to 1000, so will always set wifi as a default network.
05-18 09:04:24.146 E/WifiTrafficPoller(  851): TRAFFIC_STATS_POLL true Token 2644 num clients 16
05-18 09:04:24.146 E/WifiTrafficPoller(  851):  packet count Tx=1744775 Rx=5726365
05-18 09:04:24.656 E/memtrack( 6439): Couldn't load memtrack module (No such file or directory)
05-18 09:04:24.656 E/android.os.Debug( 6439): failed to load memtrack module: -2
05-18 09:04:25.146 E/WifiTrafficPoller(  851): TRAFFIC_STATS_POLL true Token 2644 num clients 16
05-18 09:04:25.147 E/WifiTrafficPoller(  851):  packet count Tx=1744775 Rx=5726390
05-18 09:04:25.432 E/[PropSet]( 6455): connect fail
05-18 09:04:25.432 E/[PropSet]( 6455): send_prop_msg return err -1
05-18 09:04:25.545 E/SurfaceFlinger(  285): onDraw: bindTextureImage test
05-18 09:04:25.565 E/SurfaceFlinger(  285): onDraw: bindTextureImage test
05-18 09:04:25.579 E/SurfaceFlinger(  285): onDraw: bindTextureImage test
05-18 09:04:25.598 E/SurfaceFlinger(  285): onDraw: bindTextureImage test
05-18 09:04:25.613 E/SurfaceFlinger(  285): onDraw: bindTextureImage test
05-18 09:04:26.148 E/WifiTrafficPoller(  851): TRAFFIC_STATS_POLL true Token 2644 num clients 16
05-18 09:04:26.149 E/WifiTrafficPoller(  851):  packet count Tx=1744777 Rx=5726416
05-18 09:04:26.150 E/WifiTrafficPoller(  851): notifying of data activity 3
05-18 09:04:26.573 E/WifiStateMachine(  851):  ConnectedState (when=-4ms what=131155 arg1=591!CMD_RSSI_POLL 591 0 "BOCO-office" 94:b4:0f:68:a4:b1 rssi=-50 f=5785 sc=80 link=135 tx=0.8, 0.0, 0.0  rx=41.4 bcn=0 [on:0 tx:0 rx:0 period:3001] from screen [on:0 period:608025645] gl rssi=-50 ag=0 hr ticks 314,77,49 ls-=0 [56,56,56,56,61] brc=0 lrc=0
05-18 09:04:26.577 E/WifiStateMachine(  851):  L2ConnectedState (when=-7ms what=131155 arg1=591!CMD_RSSI_POLL 591 0 "BOCO-office" 94:b4:0f:68:a4:b1 rssi=-50 f=5785 sc=80 link=135 tx=0.8, 0.0, 0.0  rx=41.4 bcn=0 [on:0 tx:0 rx:0 period:3] from screen [on:0 period:608025648] gl rssi=-50 ag=0 hr ticks 314,77,49 ls-=0 [56,56,56,56,61] brc=0 lrc=0
05-18 09:04:26.578 E/WifiStateMachine(  851):  get link layer stats 0
05-18 09:04:26.583 E/WifiStateMachine(  851): calculateWifiScore() we set wifi's score to 1000, so will always set wifi as a default network.
05-18 09:04:26.722 E/SurfaceFlinger(  285): onDraw: bindTextureImage test
05-18 09:04:26.739 E/SurfaceFlinger(  285): onDraw: bindTextureImage test
05-18 09:04:26.756 E/SurfaceFlinger(  285): onDraw: bindTextureImage test
05-18 09:04:26.773 E/SurfaceFlinger(  285): onDraw: bindTextureImage test
05-18 09:04:26.790 E/SurfaceFlinger(  285): onDraw: bindTextureImage test
05-18 09:04:26.807 E/SurfaceFlinger(  285): onDraw: bindTextureImage test
05-18 09:04:26.823 E/SurfaceFlinger(  285): onDraw: bindTextureImage test
05-18 09:04:27.154 E/WifiTrafficPoller(  851): TRAFFIC_STATS_POLL true Token 2644 num clients 16
05-18 09:04:27.155 E/WifiTrafficPoller(  851):  packet count Tx=1744777 Rx=5726435
05-18 09:04:27.156 E/WifiTrafficPoller(  851): notifying of data activity 1
05-18 09:04:28.164 E/WifiTrafficPoller(  851): TRAFFIC_STATS_POLL true Token 2644 num clients 16
05-18 09:04:28.166 E/WifiTrafficPoller(  851):  packet count Tx=1744777 Rx=5726459
05-18 09:04:28.822 E/memtrack( 6510): Couldn't load memtrack module (No such file or directory)
05-18 09:04:28.822 E/android.os.Debug( 6510): failed to load memtrack module: -2
05-18 09:04:29.166 E/WifiTrafficPoller(  851): TRAFFIC_STATS_POLL true Token 2644 num clients 16
05-18 09:04:29.168 E/WifiTrafficPoller(  851):  packet count Tx=1744777 Rx=5726476
05-18 09:04:29.589 E/WifiStateMachine(  851):  ConnectedState (when=-4ms what=131155 arg1=591!CMD_RSSI_POLL 591 0 "BOCO-office" 94:b4:0f:68:a4:b1 rssi=-51 f=5785 sc=80 link=135 tx=1.4, 0.0, 0.0  rx=59.2 bcn=0 [on:0 tx:0 rx:0 period:3003] from screen [on:0 period:608028661] gl rssi=-51 ag=0 hr ticks 314,77,49 ls-=0 [56,56,56,56,61] brc=0 lrc=0
05-18 09:04:29.591 E/WifiStateMachine(  851):  L2ConnectedState (when=-7ms what=131155 arg1=591!CMD_RSSI_POLL 591 0 "BOCO-office" 94:b4:0f:68:a4:b1 rssi=-51 f=5785 sc=80 link=135 tx=1.4, 0.0, 0.0  rx=59.2 bcn=0 [on:0 tx:0 rx:0 period:2] from screen [on:0 period:608028663] gl rssi=-51 ag=0 hr ticks 314,77,49 ls-=0 [56,56,56,56,61] brc=0 lrc=0
05-18 09:04:29.592 E/WifiStateMachine(  851):  get link layer stats 0
05-18 09:04:29.612 E/WifiStateMachine(  851): calculateWifiScore() we set wifi's score to 1000, so will always set wifi as a default network.
05-18 09:04:30.169 E/WifiTrafficPoller(  851): TRAFFIC_STATS_POLL true Token 2644 num clients 16
05-18 09:04:30.170 E/WifiTrafficPoller(  851):  packet count Tx=1744777 Rx=5726490
05-18 09:04:30.882 E/memtrack( 6537): Couldn't load memtrack module (No such file or directory)
05-18 09:04:30.882 E/android.os.Debug( 6537): failed to load memtrack module: -2
05-18 09:04:31.170 E/WifiTrafficPoller(  851): TRAFFIC_STATS_POLL true Token 2644 num clients 16
05-18 09:04:31.171 E/WifiTrafficPoller(  851):  packet count Tx=1744777 Rx=5726503
05-18 09:04:32.172 E/WifiTrafficPoller(  851): TRAFFIC_STATS_POLL true Token 2644 num clients 16
05-18 09:04:32.173 E/WifiTrafficPoller(  851):  packet count Tx=1744777 Rx=5726516
05-18 09:04:32.618 E/WifiStateMachine(  851):  ConnectedState (when=-3ms what=131155 arg1=591!CMD_RSSI_POLL 591 0 "BOCO-office" 94:b4:0f:68:a4:b1 rssi=-50 f=5785 sc=80 link=135 tx=0.7, 0.0, 0.0  rx=56.6 bcn=0 [on:0 tx:0 rx:0 period:2999] from screen [on:0 period:608031690] gl rssi=-50 ag=0 hr ticks 314,77,49 ls-=0 [56,56,56,56,61] brc=0 lrc=0
05-18 09:04:32.620 E/WifiStateMachine(  851):  L2ConnectedState (when=-6ms what=131155 arg1=591!CMD_RSSI_POLL 591 0 "BOCO-office" 94:b4:0f:68:a4:b1 rssi=-50 f=5785 sc=80 link=135 tx=0.7, 0.0, 0.0  rx=56.6 bcn=0 [on:0 tx:0 rx:0 period:2] from screen [on:0 period:608031692] gl rssi=-50 ag=0 hr ticks 314,77,49 ls-=0 [56,56,56,56,61] brc=0 lrc=0
05-18 09:04:32.620 E/WifiStateMachine(  851):  get link layer stats 0
05-18 09:04:32.631 E/WifiStateMachine(  851): calculateWifiScore() we set wifi's score to 1000, so will always set wifi as a default network.
05-18 09:04:33.173 E/WifiTrafficPoller(  851): TRAFFIC_STATS_POLL true Token 2644 num clients 16
05-18 09:04:33.174 E/WifiTrafficPoller(  851):  packet count Tx=1744777 Rx=5726535
05-18 09:04:34.175 E/WifiTrafficPoller(  851): TRAFFIC_STATS_POLL true Token 2644 num clients 16
05-18 09:04:34.175 E/WifiTrafficPoller(  851):  packet count Tx=1744777 Rx=5726557
05-18 09:04:35.175 E/WifiTrafficPoller(  851): TRAFFIC_STATS_POLL true Token 2644 num clients 16
05-18 09:04:35.176 E/WifiTrafficPoller(  851):  packet count Tx=1744790 Rx=5726592
05-18 09:04:35.176 E/WifiTrafficPoller(  851): notifying of data activity 3
05-18 09:04:35.268 E/MPlugin ( 6455): Unsupported class: com.mediatek.common.telephony.IOnlyOwnerSimSupport
05-18 09:04:35.635 E/WifiStateMachine(  851):  ConnectedState (when=-3ms what=131155 arg1=591!CMD_RSSI_POLL 591 0 "BOCO-office" 94:b4:0f:68:a4:b1 rssi=-50 f=5785 sc=80 link=135 tx=0.3, 0.0, 0.0  rx=46.3 bcn=0 [on:0 tx:0 rx:0 period:3000] from screen [on:0 period:608034707] gl rssi=-50 ag=0 hr ticks 314,77,49 ls-=0 [56,56,56,56,61] brc=0 lrc=0
05-18 09:04:35.636 E/WifiStateMachine(  851):  L2ConnectedState (when=-4ms what=131155 arg1=591!CMD_RSSI_POLL 591 0 "BOCO-office" 94:b4:0f:68:a4:b1 rssi=-50 f=5785 sc=80 link=135 tx=0.3, 0.0, 0.0  rx=46.3 bcn=0 [on:0 tx:0 rx:0 period:0] from screen [on:0 period:608034707] gl rssi=-50 ag=0 hr ticks 314,77,49 ls-=0 [56,56,56,56,61] brc=0 lrc=0
05-18 09:04:35.636 E/WifiStateMachine(  851):  get link layer stats 0
05-18 09:04:35.638 E/WifiStateMachine(  851): calculateWifiScore() we set wifi's score to 1000, so will always set wifi as a default network.
05-18 09:04:35.689 E/libEGL  ( 6455): call to OpenGL ES API with no current context (logged once per thread)
05-18 09:04:35.903 E/DemoPushService( 6455): Creating service
05-18 09:04:35.903 E/DemoPushService( 6455): Service started with intent=Intent { act=mqtt.START cmp=com.boco.apphall/.guangxi.mix.message.service.modify.PushService_Mq }
05-18 09:04:35.903 E/DemoPushService( 6455): Starting service...
05-18 09:04:35.903 E/DemoPushService( 6455): Connecting...
05-18 09:04:35.909 E/==========( 6455): 868964028542767
05-18 09:04:35.909 E/clientID==========( 6455): 868964028542767766110
05-18 09:04:36.177 E/WifiTrafficPoller(  851): TRAFFIC_STATS_POLL true Token 2644 num clients 16
05-18 09:04:36.178 E/WifiTrafficPoller(  851):  packet count Tx=1744919 Rx=5726745
05-18 09:04:37.179 E/WifiTrafficPoller(  851): TRAFFIC_STATS_POLL true Token 2644 num clients 16
05-18 09:04:37.180 E/WifiTrafficPoller(  851):  packet count Tx=1744973 Rx=5726842
05-18 09:04:37.202 E/SurfaceFlinger(  285): onDraw: bindTextureImage test
05-18 09:04:37.219 E/SurfaceFlinger(  285): onDraw: bindTextureImage test
05-18 09:04:37.236 E/SurfaceFlinger(  285): onDraw: bindTextureImage test
05-18 09:04:37.253 E/SurfaceFlinger(  285): onDraw: bindTextureImage test
05-18 09:04:37.270 E/SurfaceFlinger(  285): onDraw: bindTextureImage test
05-18 09:04:37.287 E/SurfaceFlinger(  285): onDraw: bindTextureImage test
05-18 09:04:37.303 E/SurfaceFlinger(  285): onDraw: bindTextureImage test
05-18 09:04:38.180 E/WifiTrafficPoller(  851): TRAFFIC_STATS_POLL true Token 2644 num clients 16
05-18 09:04:38.181 E/WifiTrafficPoller(  851):  packet count Tx=1744973 Rx=5726896
05-18 09:04:38.181 E/WifiTrafficPoller(  851): notifying of data activity 1
05-18 09:04:38.642 E/WifiStateMachine(  851):  ConnectedState (when=-4ms what=131155 arg1=591!CMD_RSSI_POLL 591 0 "BOCO-office" 94:b4:0f:68:a4:b1 rssi=-51 f=5785 sc=80 link=135 tx=8.7, 0.0, 0.0  rx=63.2 bcn=0 [on:0 tx:0 rx:0 period:3003] from screen [on:0 period:608037714] gl rssi=-51 ag=0 hr ticks 314,77,49 ls-=0 [56,56,60,60,65] brc=0 lrc=0
05-18 09:04:38.644 E/WifiStateMachine(  851):  L2ConnectedState (when=-6ms what=131155 arg1=591!CMD_RSSI_POLL 591 0 "BOCO-office" 94:b4:0f:68:a4:b1 rssi=-51 f=5785 sc=80 link=135 tx=8.7, 0.0, 0.0  rx=63.2 bcn=0 [on:0 tx:0 rx:0 period:2] from screen [on:0 period:608037716] gl rssi=-51 ag=0 hr ticks 314,77,49 ls-=0 [56,56,60,60,65] brc=0 lrc=0
05-18 09:04:38.644 E/WifiStateMachine(  851):  get link layer stats 0
05-18 09:04:38.662 E/WifiStateMachine(  851): calculateWifiScore() we set wifi's score to 1000, so will always set wifi as a default network.
05-18 09:04:39.182 E/WifiTrafficPoller(  851): TRAFFIC_STATS_POLL true Token 2644 num clients 16
05-18 09:04:39.183 E/WifiTrafficPoller(  851):  packet count Tx=1744973 Rx=5726955
05-18 09:04:40.184 E/WifiTrafficPoller(  851): TRAFFIC_STATS_POLL true Token 2644 num clients 16
05-18 09:04:40.185 E/WifiTrafficPoller(  851):  packet count Tx=1744973 Rx=5727008
05-18 09:04:41.187 E/WifiTrafficPoller(  851): TRAFFIC_STATS_POLL true Token 2644 num clients 16
05-18 09:04:41.194 E/WifiTrafficPoller(  851):  packet count Tx=1744976 Rx=5727065
05-18 09:04:41.197 E/WifiTrafficPoller(  851): notifying of data activity 3
05-18 09:04:41.666 E/WifiStateMachine(  851):  ConnectedState (when=-4ms what=131155 arg1=591!CMD_RSSI_POLL 591 0 "BOCO-office" 94:b4:0f:68:a4:b1 rssi=-50 f=5785 sc=80 link=135 tx=93.8, 0.0, 0.0  rx=193.6 bcn=0 [on:0 tx:0 rx:0 period:3000] from screen [on:0 period:608040737] gl rssi=-50 ag=0 hr ticks 314,77,49 ls-=0 [56,56,60,60,65] brc=0 lrc=0
05-18 09:04:41.666 E/WifiStateMachine(  851):  L2ConnectedState (when=-4ms what=131155 arg1=591!CMD_RSSI_POLL 591 0 "BOCO-office" 94:b4:0f:68:a4:b1 rssi=-50 f=5785 sc=80 link=135 tx=93.8, 0.0, 0.0  rx=193.6 bcn=0 [on:0 tx:0 rx:0 period:1] from screen [on:0 period:608040738] gl rssi=-50 ag=0 hr ticks 314,77,49 ls-=0 [56,56,60,60,65] brc=0 lrc=0
05-18 09:04:41.666 E/WifiStateMachine(  851):  get link layer stats 0
05-18 09:04:41.670 E/WifiStateMachine(  851): calculateWifiScore() we set wifi's score to 1000, so will always set wifi as a default network.
05-18 09:04:42.013 E/SurfaceFlinger(  285): onDraw: bindTextureImage test
05-18 09:04:42.211 E/WifiTrafficPoller(  851): TRAFFIC_STATS_POLL true Token 2644 num clients 16
05-18 09:04:42.212 E/WifiTrafficPoller(  851):  packet count Tx=1744980 Rx=5727090
05-18 09:04:43.213 E/WifiTrafficPoller(  851): TRAFFIC_STATS_POLL true Token 2644 num clients 16
05-18 09:04:43.214 E/WifiTrafficPoller(  851):  packet count Tx=1744980 Rx=5727105
05-18 09:04:43.214 E/WifiTrafficPoller(  851): notifying of data activity 1
05-18 09:04:44.217 E/WifiTrafficPoller(  851): TRAFFIC_STATS_POLL true Token 2644 num clients 16
05-18 09:04:44.218 E/WifiTrafficPoller(  851):  packet count Tx=1744980 Rx=5727121
05-18 09:04:44.676 E/WifiStateMachine(  851):  ConnectedState (when=-4ms what=131155 arg1=591!CMD_RSSI_POLL 591 0 "BOCO-office" 94:b4:0f:68:a4:b1 rssi=-51 f=5785 sc=80 link=135 tx=50.4, 0.0, 0.0  rx=175.3 bcn=0 [on:0 tx:0 rx:0 period:2996] from screen [on:0 period:608043747] gl rssi=-51 ag=0 hr ticks 314,77,49 ls-=0 [56,56,60,60,65] brc=0 lrc=0
05-18 09:04:44.678 E/WifiStateMachine(  851):  L2ConnectedState (when=-7ms what=131155 arg1=591!CMD_RSSI_POLL 591 0 "BOCO-office" 94:b4:0f:68:a4:b1 rssi=-51 f=5785 sc=80 link=135 tx=50.4, 0.0, 0.0  rx=175.3 bcn=0 [on:0 tx:0 rx:0 period:3] from screen [on:0 period:608043750] gl rssi=-51 ag=0 hr ticks 314,77,49 ls-=0 [56,56,60,60,65] brc=0 lrc=0
05-18 09:04:44.679 E/WifiStateMachine(  851):  get link layer stats 0
05-18 09:04:44.700 E/WifiStateMachine(  851): calculateWifiScore() we set wifi's score to 1000, so will always set wifi as a default network.
05-18 09:04:45.219 E/WifiTrafficPoller(  851): TRAFFIC_STATS_POLL true Token 2644 num clients 16
05-18 09:04:45.221 E/WifiTrafficPoller(  851):  packet count Tx=1744980 Rx=5727178
05-18 09:04:46.221 E/WifiTrafficPoller(  851): TRAFFIC_STATS_POLL true Token 2644 num clients 16
05-18 09:04:46.222 E/WifiTrafficPoller(  851):  packet count Tx=1744980 Rx=5727228
05-18 09:04:46.892 E/SurfaceFlinger(  285): onDraw: bindTextureImage test
05-18 09:04:46.909 E/SurfaceFlinger(  285): onDraw: bindTextureImage test
05-18 09:04:46.942 E/SurfaceFlinger(  285): onDraw: bindTextureImage test
05-18 09:04:46.960 E/SurfaceFlinger(  285): onDraw: bindTextureImage test
05-18 09:04:46.976 E/SurfaceFlinger(  285): onDraw: bindTextureImage test
05-18 09:04:46.989 E/SQLiteLog( 2161): (284) automatic index on sqlite_sq_7F92C09A00(raw_contact_id)
05-18 09:04:46.993 E/SurfaceFlinger(  285): onDraw: bindTextureImage test
05-18 09:04:47.000 E/DrmMtkUtil/DrmUtil(  323): checkDcf: not dcf type, dcf version value [79]
05-18 09:04:47.000 E/Cta5File(  323): Cta5File::isCta5NormalFile false, bad magic:OggS
05-18 09:04:47.000 E/Cta5File(  323): Cta5File::isCta5MultimediaFile false, bad magic:1R
05-18 09:04:47.000 E/DrmMtkUtil/DrmUtil(  323): checkDcf: not dcf type, dcf version value [79]
05-18 09:04:47.006 E/DrmCtaPlugIn(  322): [ERROR]onOpenDecryptSession - The key is not set by user
05-18 09:04:47.006 E/DrmMtkUtil/DrmUtil(  322): parseDcf: not dcf type, dcf version value [79]
05-18 09:04:47.006 E/DrmMtkPlugIn(  322): onOpenDecryptSession() : failed to parse dcf file.
05-18 09:04:47.009 E/SQLiteLog( 2161): (284) automatic index on sqlite_sq_7F92C09100(raw_contact_id)
05-18 09:04:47.009 E/SurfaceFlinger(  285): onDraw: bindTextureImage test
05-18 09:04:47.020 E/AsfParser(  323): unknown object: 5367674f-200-0-0000000000009c7e, 22240 bytes
05-18 09:04:47.020 E/AsfParser(  323): error parsing header: -6
05-18 09:04:47.026 E/SurfaceFlinger(  285): onDraw: bindTextureImage test
05-18 09:04:47.039 E/SQLiteLog( 2161): (284) automatic index on sqlite_sq_7F930B4E80(raw_contact_id)
05-18 09:04:47.041 E/OMXNodeInstance(  323): getParameter(ada:google.vorbis.decoder, ??(0x7f200406)) ERROR: UnsupportedIndex(0x8000101a)
05-18 09:04:47.041 E/MPlugin ( 6594): Unsupported class: com.mediatek.common.telephony.IOnlyOwnerSimSupport
05-18 09:04:47.043 E/SurfaceFlinger(  285): onDraw: bindTextureImage test
05-18 09:04:47.059 E/SQLiteLog( 2161): (284) automatic index on sqlite_sq_7F930B4C00(raw_contact_id)
05-18 09:04:47.060 E/SurfaceFlinger(  285): onDraw: bindTextureImage test
05-18 09:04:47.077 E/SurfaceFlinger(  285): onDraw: bindTextureImage test
05-18 09:04:47.094 E/SurfaceFlinger(  285): onDraw: bindTextureImage test
05-18 09:04:47.110 E/SurfaceFlinger(  285): onDraw: bindTextureImage test
05-18 09:04:47.124 E/SQLiteLog( 2161): (284) automatic index on sqlite_sq_7F92C09D80(raw_contact_id)
05-18 09:04:47.127 E/SurfaceFlinger(  285): onDraw: bindTextureImage test
05-18 09:04:47.136 E/SQLiteLog( 2161): (284) automatic index on sqlite_sq_7F92C08F00(raw_contact_id)
05-18 09:04:47.144 E/SurfaceFlinger(  285): onDraw: bindTextureImage test
05-18 09:04:47.153 E/SQLiteLog( 2161): (284) automatic index on sqlite_sq_7F92C38280(raw_contact_id)
05-18 09:04:47.160 E/SQLiteLog( 2161): (284) automatic index on sqlite_sq_7F92C38100(raw_contact_id)
05-18 09:04:47.173 E/SQLiteLog( 2161): (284) automatic index on sqlite_sq_7F92C38300(raw_contact_id)
05-18 09:04:47.180 E/SQLiteLog( 2161): (284) automatic index on sqlite_sq_7F92C38700(raw_contact_id)
05-18 09:04:47.193 E/SQLiteLog( 2161): (284) automatic index on sqlite_sq_7F930B5000(raw_contact_id)
05-18 09:04:47.200 E/SQLiteLog( 2161): (284) automatic index on sqlite_sq_7F930B4C80(raw_contact_id)
05-18 09:04:47.213 E/SQLiteLog( 2161): (284) automatic index on sqlite_sq_7F930B5580(raw_contact_id)
05-18 09:04:47.220 E/SQLiteLog( 2161): (284) automatic index on sqlite_sq_7F930B4C80(raw_contact_id)
05-18 09:04:47.223 E/WifiTrafficPoller(  851): TRAFFIC_STATS_POLL true Token 2644 num clients 16
05-18 09:04:47.224 E/WifiTrafficPoller(  851):  packet count Tx=1744980 Rx=5727282
05-18 09:04:47.233 E/SQLiteLog( 2161): (284) automatic index on sqlite_sq_7F930B5C00(raw_contact_id)
05-18 09:04:47.241 E/SQLiteLog( 2161): (284) automatic index on sqlite_sq_7F930B5900(raw_contact_id)
05-18 09:04:47.243 E/MPlugin ( 6594): Unsupported class: com.mediatek.common.telephony.IOnlyOwnerSimSupport
05-18 09:04:47.255 E/SQLiteLog( 2161): (284) automatic index on sqlite_sq_7F92C38B80(raw_contact_id)
05-18 09:04:47.263 E/SQLiteLog( 2161): (284) automatic index on sqlite_sq_7F92C38100(raw_contact_id)
05-18 09:04:47.276 E/SQLiteLog( 2161): (284) automatic index on sqlite_sq_7F930E6680(raw_contact_id)
05-18 09:04:47.283 E/SQLiteLog( 2161): (284) automatic index on sqlite_sq_7F930B5900(raw_contact_id)
05-18 09:04:47.296 E/SQLiteLog( 2161): (284) automatic index on sqlite_sq_7F92C39080(raw_contact_id)
05-18 09:04:47.316 E/SQLiteLog( 2161): (284) automatic index on sqlite_sq_7F92C39200(raw_contact_id)
05-18 09:04:47.323 E/SQLiteLog( 2161): (284) automatic index on sqlite_sq_7F92C38C80(raw_contact_id)
05-18 09:04:47.325 E/Mms/compose( 6594): ---------HAS NO RECIPIENTS-------
05-18 09:04:47.336 E/SQLiteLog( 2161): (284) automatic index on sqlite_sq_7F930E6E00(raw_contact_id)
05-18 09:04:47.343 E/SQLiteLog( 2161): (284) automatic index on sqlite_sq_7F930B5D00(raw_contact_id)
05-18 09:04:47.355 E/SQLiteLog( 2161): (284) automatic index on sqlite_sq_7F930E7080(raw_contact_id)
05-18 09:04:47.362 E/SQLiteLog( 2161): (284) automatic index on sqlite_sq_7F930E6700(raw_contact_id)
05-18 09:04:47.375 E/SQLiteLog( 2161): (284) automatic index on sqlite_sq_7F930E7480(raw_contact_id)
05-18 09:04:47.381 E/SQLiteLog( 2161): (284) automatic index on sqlite_sq_7F930E6700(raw_contact_id)
05-18 09:04:47.394 E/SQLiteLog( 2161): (284) automatic index on sqlite_sq_7F92C39700(raw_contact_id)
05-18 09:04:47.401 E/SQLiteLog( 2161): (284) automatic index on sqlite_sq_7F92C38F80(raw_contact_id)
05-18 09:04:47.412 E/SQLiteLog( 2161): (284) automatic index on sqlite_sq_7F930E7A80(raw_contact_id)
05-18 09:04:47.419 E/SQLiteLog( 2161): (284) automatic index on sqlite_sq_7F930E7680(raw_contact_id)
05-18 09:04:47.431 E/SQLiteLog( 2161): (284) automatic index on sqlite_sq_7F92C39980(raw_contact_id)
05-18 09:04:47.439 E/SQLiteLog( 2161): (284) automatic index on sqlite_sq_7F92C38D80(raw_contact_id)
05-18 09:04:47.451 E/SQLiteLog( 2161): (284) automatic index on sqlite_sq_7F92C39F80(raw_contact_id)
05-18 09:04:47.451 E/[PropSet]( 6594): connect fail
05-18 09:04:47.451 E/[PropSet]( 6594): send_prop_msg return err -1
05-18 09:04:47.458 E/SQLiteLog( 2161): (284) automatic index on sqlite_sq_7F92C39600(raw_contact_id)
05-18 09:04:47.471 E/SQLiteLog( 2161): (284) automatic index on sqlite_sq_7F9EA9C280(raw_contact_id)
05-18 09:04:47.478 E/SQLiteLog( 2161): (284) automatic index on sqlite_sq_7F92C39900(raw_contact_id)
05-18 09:04:47.490 E/SQLiteLog( 2161): (284) automatic index on sqlite_sq_7F930E7D00(raw_contact_id)
05-18 09:04:47.497 E/SQLiteLog( 2161): (284) automatic index on sqlite_sq_7F930E7880(raw_contact_id)
05-18 09:04:47.510 E/SQLiteLog( 2161): (284) automatic index on sqlite_sq_7F931B5480(raw_contact_id)
05-18 09:04:47.520 E/SQLiteLog( 2161): (284) automatic index on sqlite_sq_7F930E7880(raw_contact_id)
05-18 09:04:47.535 E/SQLiteLog( 2161): (284) automatic index on sqlite_sq_7F931B5700(raw_contact_id)
05-18 09:04:47.542 E/SQLiteLog( 2161): (284) automatic index on sqlite_sq_7F930E7180(raw_contact_id)
05-18 09:04:47.555 E/SQLiteLog( 2161): (284) automatic index on sqlite_sq_7F9EA9C600(raw_contact_id)
05-18 09:04:47.562 E/SQLiteLog( 2161): (284) automatic index on sqlite_sq_7F9EA9C200(raw_contact_id)
05-18 09:04:47.566 E/SurfaceFlinger(  285): onDraw: bindTextureImage test
05-18 09:04:47.579 E/SQLiteLog( 2161): (284) automatic index on sqlite_sq_7F9EA9C780(raw_contact_id)
05-18 09:04:47.581 E/SurfaceFlinger(  285): onDraw: bindTextureImage test
05-18 09:04:47.591 E/SQLiteLog( 2161): (284) automatic index on sqlite_sq_7F92C39380(raw_contact_id)
05-18 09:04:47.598 E/SurfaceFlinger(  285): onDraw: bindTextureImage test
05-18 09:04:47.614 E/SQLiteLog( 2161): (284) automatic index on sqlite_sq_7F9EA9CA00(raw_contact_id)
05-18 09:04:47.615 E/SurfaceFlinger(  285): onDraw: bindTextureImage test
05-18 09:04:47.623 E/SQLiteLog( 2161): (284) automatic index on sqlite_sq_7F9EA9C580(raw_contact_id)
05-18 09:04:47.641 E/SQLiteLog( 2161): (284) automatic index on sqlite_sq_7F931B5C00(raw_contact_id)
05-18 09:04:47.647 E/SQLiteLog( 2161): (284) automatic index on sqlite_sq_7F931B5100(raw_contact_id)
05-18 09:04:47.664 E/SQLiteLog( 2161): (284) automatic index on sqlite_sq_7F9EA9CB80(raw_contact_id)
05-18 09:04:47.671 E/SQLiteLog( 2161): (284) automatic index on sqlite_sq_7F9EA9C400(raw_contact_id)
05-18 09:04:47.688 E/SQLiteLog( 2161): (284) automatic index on sqlite_sq_7F9EA9CD80(raw_contact_id)
05-18 09:04:47.695 E/SQLiteLog( 2161): (284) automatic index on sqlite_sq_7F9EA9CA80(raw_contact_id)
05-18 09:04:47.706 E/WifiStateMachine(  851):  ConnectedState (when=-3ms what=131155 arg1=591!CMD_RSSI_POLL 591 0 "BOCO-office" 94:b4:0f:68:a4:b1 rssi=-50 f=5785 sc=80 link=135 tx=25.2, 0.0, 0.0  rx=118.1 bcn=0 [on:0 tx:0 rx:0 period:2996] from screen [on:0 period:608046777] gl rssi=-50 ag=0 hr ticks 314,77,49 ls-=0 [56,56,60,60,65] brc=0 lrc=0
05-18 09:04:47.707 E/WifiStateMachine(  851):  L2ConnectedState (when=-5ms what=131155 arg1=591!CMD_RSSI_POLL 591 0 "BOCO-office" 94:b4:0f:68:a4:b1 rssi=-50 f=5785 sc=80 link=135 tx=25.2, 0.0, 0.0  rx=118.1 bcn=0 [on:0 tx:0 rx:0 period:2] from screen [on:0 period:608046779] gl rssi=-50 ag=0 hr ticks 314,77,49 ls-=0 [56,56,60,60,65] brc=0 lrc=0
05-18 09:04:47.707 E/WifiStateMachine(  851):  get link layer stats 0
05-18 09:04:47.713 E/SQLiteLog( 2161): (284) automatic index on sqlite_sq_7F9EA9CE00(raw_contact_id)
05-18 09:04:47.720 E/SQLiteLog( 2161): (284) automatic index on sqlite_sq_7F9EA9C480(raw_contact_id)
05-18 09:04:47.730 E/WifiStateMachine(  851): calculateWifiScore() we set wifi's score to 1000, so will always set wifi as a default network.
05-18 09:04:47.739 E/SQLiteLog( 2161): (284) automatic index on sqlite_sq_7F9EA9D180(raw_contact_id)
05-18 09:04:47.745 E/SQLiteLog( 2161): (284) automatic index on sqlite_sq_7F9EA9C980(raw_contact_id)
05-18 09:04:47.761 E/SQLiteLog( 2161): (284) automatic index on sqlite_sq_7F931B6100(raw_contact_id)
05-18 09:04:47.767 E/SQLiteLog( 2161): (284) automatic index on sqlite_sq_7F931B5780(raw_contact_id)
05-18 09:04:47.782 E/SQLiteLog( 2161): (284) automatic index on sqlite_sq_7F931B6800(raw_contact_id)
05-18 09:04:47.789 E/SQLiteLog( 2161): (284) automatic index on sqlite_sq_7F931B5F80(raw_contact_id)
05-18 09:04:47.804 E/SQLiteLog( 2161): (284) automatic index on sqlite_sq_7F9EA9D400(raw_contact_id)
05-18 09:04:47.811 E/SQLiteLog( 2161): (284) automatic index on sqlite_sq_7F9EA9D080(raw_contact_id)
05-18 09:04:47.826 E/SQLiteLog( 2161): (284) automatic index on sqlite_sq_7F9EA9D500(raw_contact_id)
05-18 09:04:47.833 E/SQLiteLog( 2161): (284) automatic index on sqlite_sq_7F9EA9C900(raw_contact_id)
05-18 09:04:47.851 E/SQLiteLog( 2161): (284) automatic index on sqlite_sq_7F931B6C80(raw_contact_id)
05-18 09:04:47.860 E/SQLiteLog( 2161): (284) automatic index on sqlite_sq_7F931B6880(raw_contact_id)
05-18 09:04:47.872 E/SQLiteLog( 2161): (284) automatic index on sqlite_sq_7FA301A680(raw_contact_id)
05-18 09:04:47.879 E/SQLiteLog( 2161): (284) automatic index on sqlite_sq_7F931B6580(raw_contact_id)
05-18 09:04:47.896 E/SQLiteLog( 2161): (284) automatic index on sqlite_sq_7F9EA9D800(raw_contact_id)
05-18 09:04:47.902 E/SQLiteLog( 2161): (284) automatic index on sqlite_sq_7F9EA9D300(raw_contact_id)
05-18 09:04:47.918 E/SQLiteLog( 2161): (284) automatic index on sqlite_sq_7F9EA9DA80(raw_contact_id)
05-18 09:04:47.925 E/SQLiteLog( 2161): (284) automatic index on sqlite_sq_7F9EA9C380(raw_contact_id)
05-18 09:04:47.940 E/SQLiteLog( 2161): (284) automatic index on sqlite_sq_7FA3226980(raw_contact_id)
05-18 09:04:47.946 E/SQLiteLog( 2161): (284) automatic index on sqlite_sq_7F931B5D80(raw_contact_id)
05-18 09:04:47.991 E/SQLiteLog( 2161): (284) automatic index on sqlite_sq_7F92C09580(raw_contact_id)
05-18 09:04:47.998 E/SQLiteLog( 2161): (284) automatic index on sqlite_sq_7F92C08D00(raw_contact_id)
05-18 09:04:48.008 E/Mms/CacheDelay( 6594): -->preferences is not null, slotId = 0, retval = true
05-18 09:04:48.008 E/Mms/CacheDelay( 6594): -->sim1 ready state : true
05-18 09:04:48.009 E/SQLiteLog( 2161): (284) automatic index on sqlite_sq_7F92C09A00(raw_contact_id)
05-18 09:04:48.016 E/SQLiteLog( 2161): (284) automatic index on sqlite_sq_7F92C09100(STAT_DATA_ID)
05-18 09:04:48.017 E/SQLiteLog( 2161): (284) automatic index on sqlite_sq_7F92C38180(raw_contact_id)
05-18 09:04:48.019 E/SQLiteLog( 2161): (284) automatic index on sqlite_sq_7F930B4400(STAT_DATA_ID)
05-18 09:04:48.020 E/SQLiteLog( 2161): (284) automatic index on sqlite_sq_7F92C09A00(STAT_DATA_ID)
05-18 09:04:48.021 E/SQLiteLog( 2161): (284) automatic index on sqlite_sq_7F930B4A00(STAT_DATA_ID)
05-18 09:04:48.033 E/SQLiteLog( 2161): (284) automatic index on sqlite_sq_7F930B5180(raw_contact_id)
05-18 09:04:48.040 E/SQLiteLog( 2161): (284) automatic index on sqlite_sq_7F930B4D00(raw_contact_id)
05-18 09:04:48.051 E/SQLiteLog( 2161): (284) automatic index on sqlite_sq_7F930B5380(raw_contact_id)
05-18 09:04:48.073 E/SQLiteLog( 2161): (284) automatic index on sqlite_sq_7F92C09F80(raw_contact_id)
05-18 09:04:48.079 E/SQLiteLog( 2161): (284) automatic index on sqlite_sq_7F92C09D00(raw_contact_id)
05-18 09:04:48.094 E/SQLiteLog( 2161): (284) automatic index on sqlite_sq_7F92C38600(raw_contact_id)
05-18 09:04:48.114 E/SQLiteLog( 2161): (284) automatic index on sqlite_sq_7F930B5A80(raw_contact_id)
05-18 09:04:48.120 E/SQLiteLog( 2161): (284) automatic index on sqlite_sq_7F930B5780(raw_contact_id)
05-18 09:04:48.135 E/SQLiteLog( 2161): (284) automatic index on sqlite_sq_7F92C38800(raw_contact_id)
05-18 09:04:48.142 E/SQLiteLog( 2161): (284) automatic index on sqlite_sq_7F92C38B80(raw_contact_id)
05-18 09:04:48.158 E/SQLiteLog( 2161): (284) automatic index on sqlite_sq_7F92C39380(raw_contact_id)
05-18 09:04:48.164 E/SQLiteLog( 2161): (284) automatic index on sqlite_sq_7F92C38B00(raw_contact_id)
05-18 09:04:48.180 E/SQLiteLog( 2161): (284) automatic index on sqlite_sq_7F92C39700(raw_contact_id)
05-18 09:04:48.186 E/SQLiteLog( 2161): (284) automatic index on sqlite_sq_7F92C39480(raw_contact_id)
05-18 09:04:48.201 E/SQLiteLog( 2161): (284) automatic index on sqlite_sq_7F930B5D80(raw_contact_id)
05-18 09:04:48.208 E/SQLiteLog( 2161): (284) automatic index on sqlite_sq_7F930B5800(raw_contact_id)
05-18 09:04:48.223 E/SQLiteLog( 2161): (284) automatic index on sqlite_sq_7F92C39800(raw_contact_id)
05-18 09:04:48.223 E/WifiTrafficPoller(  851): TRAFFIC_STATS_POLL true Token 2644 num clients 16
05-18 09:04:48.224 E/WifiTrafficPoller(  851):  packet count Tx=1744980 Rx=5727345
05-18 09:04:48.229 E/SQLiteLog( 2161): (284) automatic index on sqlite_sq_7F92C39300(raw_contact_id)
05-18 09:04:48.244 E/SQLiteLog( 2161): (284) automatic index on sqlite_sq_7F92C39A80(raw_contact_id)
05-18 09:04:48.251 E/SQLiteLog( 2161): (284) automatic index on sqlite_sq_7F92C39580(raw_contact_id)
05-18 09:04:48.266 E/SQLiteLog( 2161): (284) automatic index on sqlite_sq_7F92C39E80(raw_contact_id)
05-18 09:04:48.273 E/SQLiteLog( 2161): (284) automatic index on sqlite_sq_7F92C39200(raw_contact_id)
05-18 09:04:48.288 E/SQLiteLog( 2161): (284) automatic index on sqlite_sq_7F930B5F00(raw_contact_id)
05-18 09:04:48.294 E/SQLiteLog( 2161): (284) automatic index on sqlite_sq_7F930B5C80(raw_contact_id)
05-18 09:04:48.309 E/SQLiteLog( 2161): (284) automatic index on sqlite_sq_7F9EA9C300(raw_contact_id)
05-18 09:04:48.316 E/SQLiteLog( 2161): (284) automatic index on sqlite_sq_7F92C39E00(raw_contact_id)
