05-17 14:03:00.646 E/appium  (26523): 	at io.appium.uiautomator2.http.ServerHandler.channelRead(ServerHandler.java:44)
05-17 14:03:00.646 E/appium  (26523): 	at io.netty.channel.AbstractChannelHandlerContext.invokeChannelRead(AbstractChannelHandlerContext.java:366)
05-17 14:03:00.646 E/appium  (26523): 	at io.netty.channel.AbstractChannelHandlerContext.invokeChannelRead(AbstractChannelHandlerContext.java:352)
05-17 14:03:00.646 E/appium  (26523): 	at io.netty.channel.AbstractChannelHandlerContext.fireChannelRead(AbstractChannelHandlerContext.java:345)
05-17 14:03:00.646 E/appium  (26523): 	at io.netty.handler.codec.MessageToMessageDecoder.channelRead(MessageToMessageDecoder.java:102)
05-17 14:03:00.646 E/appium  (26523): 	at io.netty.channel.AbstractChannelHandlerContext.invokeChannelRead(AbstractChannelHandlerContext.java:366)
05-17 14:03:00.646 E/appium  (26523): 	at io.netty.channel.AbstractChannelHandlerContext.invokeChannelRead(AbstractChannelHandlerContext.java:352)
05-17 14:03:00.646 E/appium  (26523): 	at io.netty.channel.AbstractChannelHandlerContext.fireChannelRead(AbstractChannelHandlerContext.java:345)
05-17 14:03:00.646 E/appium  (26523): 	at io.netty.channel.CombinedChannelDuplexHandler$DelegatingChannelHandlerContext.fireChannelRead(CombinedChannelDuplexHandler.java:435)
05-17 14:03:00.646 E/appium  (26523): 	at io.netty.handler.codec.ByteToMessageDecoder.fireChannelRead(ByteToMessageDecoder.java:293)
05-17 14:03:00.646 E/appium  (26523): 	at io.netty.handler.codec.ByteToMessageDecoder.channelRead(ByteToMessageDecoder.java:267)
05-17 14:03:00.646 E/appium  (26523): 	at io.netty.channel.CombinedChannelDuplexHandler.channelRead(CombinedChannelDuplexHandler.java:250)
05-17 14:03:00.646 E/appium  (26523): 	at io.netty.channel.AbstractChannelHandlerContext.invokeChannelRead(AbstractChannelHandlerContext.java:366)
05-17 14:03:00.646 E/appium  (26523): 	at io.netty.channel.AbstractChannelHandlerContext.invokeChannelRead(AbstractChannelHandlerContext.java:352)
05-17 14:03:00.646 E/appium  (26523): 	at io.netty.channel.AbstractChannelHandlerContext.fireChannelRead(AbstractChannelHandlerContext.java:345)
05-17 14:03:00.646 E/appium  (26523): 	at io.netty.channel.DefaultChannelPipeline$HeadContext.channelRead(DefaultChannelPipeline.java:1294)
05-17 14:03:00.646 E/appium  (26523): 	at io.netty.channel.AbstractChannelHandlerContext.invokeChannelRead(AbstractChannelHandlerContext.java:366)
05-17 14:03:00.646 E/appium  (26523): 	at io.netty.channel.AbstractChannelHandlerContext.invokeChannelRead(AbstractChannelHandlerContext.java:352)
05-17 14:03:00.646 E/appium  (26523): 	at io.netty.channel.DefaultChannelPipeline.fireChannelRead(DefaultChannelPipeline.java:911)
05-17 14:03:00.646 E/appium  (26523): 	at io.netty.channel.nio.AbstractNioByteChannel$NioByteUnsafe.read(AbstractNioByteChannel.java:131)
05-17 14:03:00.646 E/appium  (26523): 	at io.netty.channel.nio.NioEventLoop.processSelectedKey(NioEventLoop.java:611)
05-17 14:03:00.646 E/appium  (26523): 	at io.netty.channel.nio.NioEventLoop.processSelectedKeysPlain(NioEventLoop.java:514)
05-17 14:03:00.646 E/appium  (26523): 	at io.netty.channel.nio.NioEventLoop.processSelectedKeys(NioEventLoop.java:468)
05-17 14:03:00.646 E/appium  (26523): 	at io.netty.channel.nio.NioEventLoop.run(NioEventLoop.java:438)
05-17 14:03:00.646 E/appium  (26523): 	at io.netty.util.concurrent.SingleThreadEventExecutor$2.run(SingleThreadEventExecutor.java:140)
05-17 14:03:00.646 E/appium  (26523): 	at io.netty.util.concurrent.DefaultThreadFactory$DefaultRunnableDecorator.run(DefaultThreadFactory.java:144)
05-17 14:03:00.646 E/appium  (26523): 	at java.lang.Thread.run(Thread.java:818)
05-17 14:03:01.238 E/appium  (26523): Element not found: 
05-17 14:03:01.238 E/appium  (26523): io.appium.uiautomator2.common.exceptions.ElementNotFoundException: Could not find an element using supplied strategy. 
05-17 14:03:01.238 E/appium  (26523): 	at io.appium.uiautomator2.handler.FindElement.getXPathUiObject(FindElement.java:80)
05-17 14:03:01.238 E/appium  (26523): 	at io.appium.uiautomator2.handler.FindElement.findElement(FindElement.java:153)
05-17 14:03:01.238 E/appium  (26523): 	at io.appium.uiautomator2.handler.FindElement.safeHandle(FindElement.java:102)
05-17 14:03:01.238 E/appium  (26523): 	at io.appium.uiautomator2.handler.request.SafeRequestHandler.handle(SafeRequestHandler.java:56)
05-17 14:03:01.238 E/appium  (26523): 	at io.appium.uiautomator2.server.AppiumServlet.handleRequest(AppiumServlet.java:202)
05-17 14:03:01.238 E/appium  (26523): 	at io.appium.uiautomator2.server.AppiumServlet.handleHttpRequest(AppiumServlet.java:193)
05-17 14:03:01.238 E/appium  (26523): 	at io.appium.uiautomator2.http.ServerHandler.channelRead(ServerHandler.java:44)
05-17 14:03:01.238 E/appium  (26523): 	at io.netty.channel.AbstractChannelHandlerContext.invokeChannelRead(AbstractChannelHandlerContext.java:366)
05-17 14:03:01.238 E/appium  (26523): 	at io.netty.channel.AbstractChannelHandlerContext.invokeChannelRead(AbstractChannelHandlerContext.java:352)
05-17 14:03:01.238 E/appium  (26523): 	at io.netty.channel.AbstractChannelHandlerContext.fireChannelRead(AbstractChannelHandlerContext.java:345)
05-17 14:03:01.238 E/appium  (26523): 	at io.netty.handler.codec.MessageToMessageDecoder.channelRead(MessageToMessageDecoder.java:102)
05-17 14:03:01.238 E/appium  (26523): 	at io.netty.channel.AbstractChannelHandlerContext.invokeChannelRead(AbstractChannelHandlerContext.java:366)
05-17 14:03:01.238 E/appium  (26523): 	at io.netty.channel.AbstractChannelHandlerContext.invokeChannelRead(AbstractChannelHandlerContext.java:352)
05-17 14:03:01.238 E/appium  (26523): 	at io.netty.channel.AbstractChannelHandlerContext.fireChannelRead(AbstractChannelHandlerContext.java:345)
05-17 14:03:01.238 E/appium  (26523): 	at io.netty.channel.CombinedChannelDuplexHandler$DelegatingChannelHandlerContext.fireChannelRead(CombinedChannelDuplexHandler.java:435)
05-17 14:03:01.238 E/appium  (26523): 	at io.netty.handler.codec.ByteToMessageDecoder.fireChannelRead(ByteToMessageDecoder.java:293)
05-17 14:03:01.238 E/appium  (26523): 	at io.netty.handler.codec.ByteToMessageDecoder.channelRead(ByteToMessageDecoder.java:267)
05-17 14:03:01.238 E/appium  (26523): 	at io.netty.channel.CombinedChannelDuplexHandler.channelRead(CombinedChannelDuplexHandler.java:250)
05-17 14:03:01.238 E/appium  (26523): 	at io.netty.channel.AbstractChannelHandlerContext.invokeChannelRead(AbstractChannelHandlerContext.java:366)
05-17 14:03:01.238 E/appium  (26523): 	at io.netty.channel.AbstractChannelHandlerContext.invokeChannelRead(AbstractChannelHandlerContext.java:352)
05-17 14:03:01.238 E/appium  (26523): 	at io.netty.channel.AbstractChannelHandlerContext.fireChannelRead(AbstractChannelHandlerContext.java:345)
05-17 14:03:01.238 E/appium  (26523): 	at io.netty.channel.DefaultChannelPipeline$HeadContext.channelRead(DefaultChannelPipeline.java:1294)
05-17 14:03:01.238 E/appium  (26523): 	at io.netty.channel.AbstractChannelHandlerContext.invokeChannelRead(AbstractChannelHandlerContext.java:366)
05-17 14:03:01.238 E/appium  (26523): 	at io.netty.channel.AbstractChannelHandlerContext.invokeChannelRead(AbstractChannelHandlerContext.java:352)
05-17 14:03:01.238 E/appium  (26523): 	at io.netty.channel.DefaultChannelPipeline.fireChannelRead(DefaultChannelPipeline.java:911)
05-17 14:03:01.238 E/appium  (26523): 	at io.netty.channel.nio.AbstractNioByteChannel$NioByteUnsafe.read(AbstractNioByteChannel.java:131)
05-17 14:03:01.238 E/appium  (26523): 	at io.netty.channel.nio.NioEventLoop.processSelectedKey(NioEventLoop.java:611)
05-17 14:03:01.238 E/appium  (26523): 	at io.netty.channel.nio.NioEventLoop.processSelectedKeysPlain(NioEventLoop.java:514)
05-17 14:03:01.238 E/appium  (26523): 	at io.netty.channel.nio.NioEventLoop.processSelectedKeys(NioEventLoop.java:468)
05-17 14:03:01.238 E/appium  (26523): 	at io.netty.channel.nio.NioEventLoop.run(NioEventLoop.java:438)
05-17 14:03:01.238 E/appium  (26523): 	at io.netty.util.concurrent.SingleThreadEventExecutor$2.run(SingleThreadEventExecutor.java:140)
05-17 14:03:01.238 E/appium  (26523): 	at io.netty.util.concurrent.DefaultThreadFactory$DefaultRunnableDecorator.run(DefaultThreadFactory.java:144)
05-17 14:03:01.238 E/appium  (26523): 	at java.lang.Thread.run(Thread.java:818)
05-17 14:03:01.623 E/WifiTrafficPoller(  851): TRAFFIC_STATS_POLL true Token 2402 num clients 18
05-17 14:03:01.626 E/WifiTrafficPoller(  851):  packet count Tx=1595984 Rx=5235678
05-17 14:03:01.626 E/WifiTrafficPoller(  851): notifying of data activity 1
05-17 14:03:02.349 E/appium  (26523): Element not found: 
05-17 14:03:02.349 E/appium  (26523): io.appium.uiautomator2.common.exceptions.ElementNotFoundException: Could not find an element using supplied strategy. 
05-17 14:03:02.349 E/appium  (26523): 	at io.appium.uiautomator2.handler.FindElement.getXPathUiObject(FindElement.java:80)
05-17 14:03:02.349 E/appium  (26523): 	at io.appium.uiautomator2.handler.FindElement.findElement(FindElement.java:153)
05-17 14:03:02.349 E/appium  (26523): 	at io.appium.uiautomator2.handler.FindElement.safeHandle(FindElement.java:102)
05-17 14:03:02.349 E/appium  (26523): 	at io.appium.uiautomator2.handler.request.SafeRequestHandler.handle(SafeRequestHandler.java:56)
05-17 14:03:02.349 E/appium  (26523): 	at io.appium.uiautomator2.server.AppiumServlet.handleRequest(AppiumServlet.java:202)
05-17 14:03:02.349 E/appium  (26523): 	at io.appium.uiautomator2.server.AppiumServlet.handleHttpRequest(AppiumServlet.java:193)
05-17 14:03:02.349 E/appium  (26523): 	at io.appium.uiautomator2.http.ServerHandler.channelRead(ServerHandler.java:44)
05-17 14:03:02.349 E/appium  (26523): 	at io.netty.channel.AbstractChannelHandlerContext.invokeChannelRead(AbstractChannelHandlerContext.java:366)
05-17 14:03:02.349 E/appium  (26523): 	at io.netty.channel.AbstractChannelHandlerContext.invokeChannelRead(AbstractChannelHandlerContext.java:352)
05-17 14:03:02.349 E/appium  (26523): 	at io.netty.channel.AbstractChannelHandlerContext.fireChannelRead(AbstractChannelHandlerContext.java:345)
05-17 14:03:02.349 E/appium  (26523): 	at io.netty.handler.codec.MessageToMessageDecoder.channelRead(MessageToMessageDecoder.java:102)
05-17 14:03:02.349 E/appium  (26523): 	at io.netty.channel.AbstractChannelHandlerContext.invokeChannelRead(AbstractChannelHandlerContext.java:366)
05-17 14:03:02.349 E/appium  (26523): 	at io.netty.channel.AbstractChannelHandlerContext.invokeChannelRead(AbstractChannelHandlerContext.java:352)
05-17 14:03:02.349 E/appium  (26523): 	at io.netty.channel.AbstractChannelHandlerContext.fireChannelRead(AbstractChannelHandlerContext.java:345)
05-17 14:03:02.349 E/appium  (26523): 	at io.netty.channel.CombinedChannelDuplexHandler$DelegatingChannelHandlerContext.fireChannelRead(CombinedChannelDuplexHandler.java:435)
05-17 14:03:02.349 E/appium  (26523): 	at io.netty.handler.codec.ByteToMessageDecoder.fireChannelRead(ByteToMessageDecoder.java:293)
05-17 14:03:02.349 E/appium  (26523): 	at io.netty.handler.codec.ByteToMessageDecoder.channelRead(ByteToMessageDecoder.java:267)
05-17 14:03:02.349 E/appium  (26523): 	at io.netty.channel.CombinedChannelDuplexHandler.channelRead(CombinedChannelDuplexHandler.java:250)
05-17 14:03:02.349 E/appium  (26523): 	at io.netty.channel.AbstractChannelHandlerContext.invokeChannelRead(AbstractChannelHandlerContext.java:366)
05-17 14:03:02.349 E/appium  (26523): 	at io.netty.channel.AbstractChannelHandlerContext.invokeChannelRead(AbstractChannelHandlerContext.java:352)
05-17 14:03:02.349 E/appium  (26523): 	at io.netty.channel.AbstractChannelHandlerContext.fireChannelRead(AbstractChannelHandlerContext.java:345)
05-17 14:03:02.349 E/appium  (26523): 	at io.netty.channel.DefaultChannelPipeline$HeadContext.channelRead(DefaultChannelPipeline.java:1294)
05-17 14:03:02.349 E/appium  (26523): 	at io.netty.channel.AbstractChannelHandlerContext.invokeChannelRead(AbstractChannelHandlerContext.java:366)
05-17 14:03:02.349 E/appium  (26523): 	at io.netty.channel.AbstractChannelHandlerContext.invokeChannelRead(AbstractChannelHandlerContext.java:352)
05-17 14:03:02.349 E/appium  (26523): 	at io.netty.channel.DefaultChannelPipeline.fireChannelRead(DefaultChannelPipeline.java:911)
05-17 14:03:02.349 E/appium  (26523): 	at io.netty.channel.nio.AbstractNioByteChannel$NioByteUnsafe.read(AbstractNioByteChannel.java:131)
05-17 14:03:02.349 E/appium  (26523): 	at io.netty.channel.nio.NioEventLoop.processSelectedKey(NioEventLoop.java:611)
05-17 14:03:02.349 E/appium  (26523): 	at io.netty.channel.nio.NioEventLoop.processSelectedKeysPlain(NioEventLoop.java:514)
05-17 14:03:02.349 E/appium  (26523): 	at io.netty.channel.nio.NioEventLoop.processSelectedKeys(NioEventLoop.java:468)
05-17 14:03:02.349 E/appium  (26523): 	at io.netty.channel.nio.NioEventLoop.run(NioEventLoop.java:438)
05-17 14:03:02.349 E/appium  (26523): 	at io.netty.util.concurrent.SingleThreadEventExecutor$2.run(SingleThreadEventExecutor.java:140)
05-17 14:03:02.349 E/appium  (26523): 	at io.netty.util.concurrent.DefaultThreadFactory$DefaultRunnableDecorator.run(DefaultThreadFactory.java:144)
05-17 14:03:02.349 E/appium  (26523): 	at java.lang.Thread.run(Thread.java:818)
05-17 14:03:02.445 E/WifiStateMachine(  851):  ConnectedState (when=-3ms what=131155 arg1=544!CMD_RSSI_POLL 544 0 "BOCO-office" 94:b4:0f:68:a4:b1 rssi=-49 f=5785 sc=80 link=135 tx=8.8, 0.0, 0.0  rx=67.2 bcn=0 [on:0 tx:0 rx:0 period:3003] from screen [on:0 period:539541516] gl rssi=-49 ag=0 hr ticks 0,0,21 ls-=0 [56,56,60,60,65] brc=0 lrc=0
05-17 14:03:02.446 E/WifiStateMachine(  851):  L2ConnectedState (when=-5ms what=131155 arg1=544!CMD_RSSI_POLL 544 0 "BOCO-office" 94:b4:0f:68:a4:b1 rssi=-49 f=5785 sc=80 link=135 tx=8.8, 0.0, 0.0  rx=67.2 bcn=0 [on:0 tx:0 rx:0 period:2] from screen [on:0 period:539541518] gl rssi=-49 ag=0 hr ticks 0,0,21 ls-=0 [56,56,60,60,65] brc=0 lrc=0
05-17 14:03:02.447 E/WifiStateMachine(  851):  get link layer stats 0
05-17 14:03:02.466 E/WifiStateMachine(  851): calculateWifiScore() we set wifi's score to 1000, so will always set wifi as a default network.
05-17 14:03:02.632 E/WifiTrafficPoller(  851): TRAFFIC_STATS_POLL true Token 2402 num clients 18
05-17 14:03:02.634 E/WifiTrafficPoller(  851):  packet count Tx=1595984 Rx=5235699
05-17 14:03:02.936 E/appium  (26523): Element not found: 
05-17 14:03:02.936 E/appium  (26523): io.appium.uiautomator2.common.exceptions.ElementNotFoundException: Could not find an element using supplied strategy. 
05-17 14:03:02.936 E/appium  (26523): 	at io.appium.uiautomator2.handler.FindElement.getXPathUiObject(FindElement.java:80)
05-17 14:03:02.936 E/appium  (26523): 	at io.appium.uiautomator2.handler.FindElement.findElement(FindElement.java:153)
05-17 14:03:02.936 E/appium  (26523): 	at io.appium.uiautomator2.handler.FindElement.safeHandle(FindElement.java:102)
05-17 14:03:02.936 E/appium  (26523): 	at io.appium.uiautomator2.handler.request.SafeRequestHandler.handle(SafeRequestHandler.java:56)
05-17 14:03:02.936 E/appium  (26523): 	at io.appium.uiautomator2.server.AppiumServlet.handleRequest(AppiumServlet.java:202)
05-17 14:03:02.936 E/appium  (26523): 	at io.appium.uiautomator2.server.AppiumServlet.handleHttpRequest(AppiumServlet.java:193)
05-17 14:03:02.936 E/appium  (26523): 	at io.appium.uiautomator2.http.ServerHandler.channelRead(ServerHandler.java:44)
05-17 14:03:02.936 E/appium  (26523): 	at io.netty.channel.AbstractChannelHandlerContext.invokeChannelRead(AbstractChannelHandlerContext.java:366)
05-17 14:03:02.936 E/appium  (26523): 	at io.netty.channel.AbstractChannelHandlerContext.invokeChannelRead(AbstractChannelHandlerContext.java:352)
05-17 14:03:02.936 E/appium  (26523): 	at io.netty.channel.AbstractChannelHandlerContext.fireChannelRead(AbstractChannelHandlerContext.java:345)
05-17 14:03:02.936 E/appium  (26523): 	at io.netty.handler.codec.MessageToMessageDecoder.channelRead(MessageToMessageDecoder.java:102)
05-17 14:03:02.936 E/appium  (26523): 	at io.netty.channel.AbstractChannelHandlerContext.invokeChannelRead(AbstractChannelHandlerContext.java:366)
05-17 14:03:02.936 E/appium  (26523): 	at io.netty.channel.AbstractChannelHandlerContext.invokeChannelRead(AbstractChannelHandlerContext.java:352)
05-17 14:03:02.936 E/appium  (26523): 	at io.netty.channel.AbstractChannelHandlerContext.fireChannelRead(AbstractChannelHandlerContext.java:345)
05-17 14:03:02.936 E/appium  (26523): 	at io.netty.channel.CombinedChannelDuplexHandler$DelegatingChannelHandlerContext.fireChannelRead(CombinedChannelDuplexHandler.java:435)
05-17 14:03:02.936 E/appium  (26523): 	at io.netty.handler.codec.ByteToMessageDecoder.fireChannelRead(ByteToMessageDecoder.java:293)
05-17 14:03:02.936 E/appium  (26523): 	at io.netty.handler.codec.ByteToMessageDecoder.channelRead(ByteToMessageDecoder.java:267)
05-17 14:03:02.936 E/appium  (26523): 	at io.netty.channel.CombinedChannelDuplexHandler.channelRead(CombinedChannelDuplexHandler.java:250)
05-17 14:03:02.936 E/appium  (26523): 	at io.netty.channel.AbstractChannelHandlerContext.invokeChannelRead(AbstractChannelHandlerContext.java:366)
05-17 14:03:02.936 E/appium  (26523): 	at io.netty.channel.AbstractChannelHandlerContext.invokeChannelRead(AbstractChannelHandlerContext.java:352)
05-17 14:03:02.936 E/appium  (26523): 	at io.netty.channel.AbstractChannelHandlerContext.fireChannelRead(AbstractChannelHandlerContext.java:345)
05-17 14:03:02.936 E/appium  (26523): 	at io.netty.channel.DefaultChannelPipeline$HeadContext.channelRead(DefaultChannelPipeline.java:1294)
05-17 14:03:02.936 E/appium  (26523): 	at io.netty.channel.AbstractChannelHandlerContext.invokeChannelRead(AbstractChannelHandlerContext.java:366)
05-17 14:03:02.936 E/appium  (26523): 	at io.netty.channel.AbstractChannelHandlerContext.invokeChannelRead(AbstractChannelHandlerContext.java:352)
05-17 14:03:02.936 E/appium  (26523): 	at io.netty.channel.DefaultChannelPipeline.fireChannelRead(DefaultChannelPipeline.java:911)
05-17 14:03:02.936 E/appium  (26523): 	at io.netty.channel.nio.AbstractNioByteChannel$NioByteUnsafe.read(AbstractNioByteChannel.java:131)
05-17 14:03:02.936 E/appium  (26523): 	at io.netty.channel.nio.NioEventLoop.processSelectedKey(NioEventLoop.java:611)
05-17 14:03:02.936 E/appium  (26523): 	at io.netty.channel.nio.NioEventLoop.processSelectedKeysPlain(NioEventLoop.java:514)
05-17 14:03:02.936 E/appium  (26523): 	at io.netty.channel.nio.NioEventLoop.processSelectedKeys(NioEventLoop.java:468)
05-17 14:03:02.936 E/appium  (26523): 	at io.netty.channel.nio.NioEventLoop.run(NioEventLoop.java:438)
05-17 14:03:02.936 E/appium  (26523): 	at io.netty.util.concurrent.SingleThreadEventExecutor$2.run(SingleThreadEventExecutor.java:140)
05-17 14:03:02.936 E/appium  (26523): 	at io.netty.util.concurrent.DefaultThreadFactory$DefaultRunnableDecorator.run(DefaultThreadFactory.java:144)
05-17 14:03:02.936 E/appium  (26523): 	at java.lang.Thread.run(Thread.java:818)
05-17 14:03:03.537 E/appium  (26523): Element not found: 
05-17 14:03:03.537 E/appium  (26523): io.appium.uiautomator2.common.exceptions.ElementNotFoundException: Could not find an element using supplied strategy. 
05-17 14:03:03.537 E/appium  (26523): 	at io.appium.uiautomator2.handler.FindElement.getXPathUiObject(FindElement.java:80)
05-17 14:03:03.537 E/appium  (26523): 	at io.appium.uiautomator2.handler.FindElement.findElement(FindElement.java:153)
05-17 14:03:03.537 E/appium  (26523): 	at io.appium.uiautomator2.handler.FindElement.safeHandle(FindElement.java:102)
05-17 14:03:03.537 E/appium  (26523): 	at io.appium.uiautomator2.handler.request.SafeRequestHandler.handle(SafeRequestHandler.java:56)
05-17 14:03:03.537 E/appium  (26523): 	at io.appium.uiautomator2.server.AppiumServlet.handleRequest(AppiumServlet.java:202)
05-17 14:03:03.537 E/appium  (26523): 	at io.appium.uiautomator2.server.AppiumServlet.handleHttpRequest(AppiumServlet.java:193)
05-17 14:03:03.537 E/appium  (26523): 	at io.appium.uiautomator2.http.ServerHandler.channelRead(ServerHandler.java:44)
05-17 14:03:03.537 E/appium  (26523): 	at io.netty.channel.AbstractChannelHandlerContext.invokeChannelRead(AbstractChannelHandlerContext.java:366)
05-17 14:03:03.537 E/appium  (26523): 	at io.netty.channel.AbstractChannelHandlerContext.invokeChannelRead(AbstractChannelHandlerContext.java:352)
05-17 14:03:03.537 E/appium  (26523): 	at io.netty.channel.AbstractChannelHandlerContext.fireChannelRead(AbstractChannelHandlerContext.java:345)
05-17 14:03:03.537 E/appium  (26523): 	at io.netty.handler.codec.MessageToMessageDecoder.channelRead(MessageToMessageDecoder.java:102)
05-17 14:03:03.537 E/appium  (26523): 	at io.netty.channel.AbstractChannelHandlerContext.invokeChannelRead(AbstractChannelHandlerContext.java:366)
05-17 14:03:03.537 E/appium  (26523): 	at io.netty.channel.AbstractChannelHandlerContext.invokeChannelRead(AbstractChannelHandlerContext.java:352)
05-17 14:03:03.537 E/appium  (26523): 	at io.netty.channel.AbstractChannelHandlerContext.fireChannelRead(AbstractChannelHandlerContext.java:345)
05-17 14:03:03.537 E/appium  (26523): 	at io.netty.channel.CombinedChannelDuplexHandler$DelegatingChannelHandlerContext.fireChannelRead(CombinedChannelDuplexHandler.java:435)
05-17 14:03:03.537 E/appium  (26523): 	at io.netty.handler.codec.ByteToMessageDecoder.fireChannelRead(ByteToMessageDecoder.java:293)
05-17 14:03:03.537 E/appium  (26523): 	at io.netty.handler.codec.ByteToMessageDecoder.channelRead(ByteToMessageDecoder.java:267)
05-17 14:03:03.537 E/appium  (26523): 	at io.netty.channel.CombinedChannelDuplexHandler.channelRead(CombinedChannelDuplexHandler.java:250)
05-17 14:03:03.537 E/appium  (26523): 	at io.netty.channel.AbstractChannelHandlerContext.invokeChannelRead(AbstractChannelHandlerContext.java:366)
05-17 14:03:03.537 E/appium  (26523): 	at io.netty.channel.AbstractChannelHandlerContext.invokeChannelRead(AbstractChannelHandlerContext.java:352)
05-17 14:03:03.537 E/appium  (26523): 	at io.netty.channel.AbstractChannelHandlerContext.fireChannelRead(AbstractChannelHandlerContext.java:345)
05-17 14:03:03.537 E/appium  (26523): 	at io.netty.channel.DefaultChannelPipeline$HeadContext.channelRead(DefaultChannelPipeline.java:1294)
05-17 14:03:03.537 E/appium  (26523): 	at io.netty.channel.AbstractChannelHandlerContext.invokeChannelRead(AbstractChannelHandlerContext.java:366)
05-17 14:03:03.537 E/appium  (26523): 	at io.netty.channel.AbstractChannelHandlerContext.invokeChannelRead(AbstractChannelHandlerContext.java:352)
05-17 14:03:03.537 E/appium  (26523): 	at io.netty.channel.DefaultChannelPipeline.fireChannelRead(DefaultChannelPipeline.java:911)
05-17 14:03:03.537 E/appium  (26523): 	at io.netty.channel.nio.AbstractNioByteChannel$NioByteUnsafe.read(AbstractNioByteChannel.java:131)
05-17 14:03:03.537 E/appium  (26523): 	at io.netty.channel.nio.NioEventLoop.processSelectedKey(NioEventLoop.java:611)
05-17 14:03:03.537 E/appium  (26523): 	at io.netty.channel.nio.NioEventLoop.processSelectedKeysPlain(NioEventLoop.java:514)
05-17 14:03:03.537 E/appium  (26523): 	at io.netty.channel.nio.NioEventLoop.processSelectedKeys(NioEventLoop.java:468)
05-17 14:03:03.537 E/appium  (26523): 	at io.netty.channel.nio.NioEventLoop.run(NioEventLoop.java:438)
05-17 14:03:03.537 E/appium  (26523): 	at io.netty.util.concurrent.SingleThreadEventExecutor$2.run(SingleThreadEventExecutor.java:140)
05-17 14:03:03.537 E/appium  (26523): 	at io.netty.util.concurrent.DefaultThreadFactory$DefaultRunnableDecorator.run(DefaultThreadFactory.java:144)
05-17 14:03:03.537 E/appium  (26523): 	at java.lang.Thread.run(Thread.java:818)
05-17 14:03:03.633 E/WifiTrafficPoller(  851): TRAFFIC_STATS_POLL true Token 2402 num clients 18
05-17 14:03:03.635 E/WifiTrafficPoller(  851):  packet count Tx=1595984 Rx=5235719
05-17 14:03:04.121 E/appium  (26523): Element not found: 
05-17 14:03:04.121 E/appium  (26523): io.appium.uiautomator2.common.exceptions.ElementNotFoundException: Could not find an element using supplied strategy. 
05-17 14:03:04.121 E/appium  (26523): 	at io.appium.uiautomator2.handler.FindElement.getXPathUiObject(FindElement.java:80)
05-17 14:03:04.121 E/appium  (26523): 	at io.appium.uiautomator2.handler.FindElement.findElement(FindElement.java:153)
05-17 14:03:04.121 E/appium  (26523): 	at io.appium.uiautomator2.handler.FindElement.safeHandle(FindElement.java:102)
05-17 14:03:04.121 E/appium  (26523): 	at io.appium.uiautomator2.handler.request.SafeRequestHandler.handle(SafeRequestHandler.java:56)
05-17 14:03:04.121 E/appium  (26523): 	at io.appium.uiautomator2.server.AppiumServlet.handleRequest(AppiumServlet.java:202)
05-17 14:03:04.121 E/appium  (26523): 	at io.appium.uiautomator2.server.AppiumServlet.handleHttpRequest(AppiumServlet.java:193)
05-17 14:03:04.121 E/appium  (26523): 	at io.appium.uiautomator2.http.ServerHandler.channelRead(ServerHandler.java:44)
05-17 14:03:04.121 E/appium  (26523): 	at io.netty.channel.AbstractChannelHandlerContext.invokeChannelRead(AbstractChannelHandlerContext.java:366)
05-17 14:03:04.121 E/appium  (26523): 	at io.netty.channel.AbstractChannelHandlerContext.invokeChannelRead(AbstractChannelHandlerContext.java:352)
05-17 14:03:04.121 E/appium  (26523): 	at io.netty.channel.AbstractChannelHandlerContext.fireChannelRead(AbstractChannelHandlerContext.java:345)
05-17 14:03:04.121 E/appium  (26523): 	at io.netty.handler.codec.MessageToMessageDecoder.channelRead(MessageToMessageDecoder.java:102)
05-17 14:03:04.121 E/appium  (26523): 	at io.netty.channel.AbstractChannelHandlerContext.invokeChannelRead(AbstractChannelHandlerContext.java:366)
05-17 14:03:04.121 E/appium  (26523): 	at io.netty.channel.AbstractChannelHandlerContext.invokeChannelRead(AbstractChannelHandlerContext.java:352)
05-17 14:03:04.121 E/appium  (26523): 	at io.netty.channel.AbstractChannelHandlerContext.fireChannelRead(AbstractChannelHandlerContext.java:345)
05-17 14:03:04.121 E/appium  (26523): 	at io.netty.channel.CombinedChannelDuplexHandler$DelegatingChannelHandlerContext.fireChannelRead(CombinedChannelDuplexHandler.java:435)
05-17 14:03:04.121 E/appium  (26523): 	at io.netty.handler.codec.ByteToMessageDecoder.fireChannelRead(ByteToMessageDecoder.java:293)
05-17 14:03:04.121 E/appium  (26523): 	at io.netty.handler.codec.ByteToMessageDecoder.channelRead(ByteToMessageDecoder.java:267)
05-17 14:03:04.121 E/appium  (26523): 	at io.netty.channel.CombinedChannelDuplexHandler.channelRead(CombinedChannelDuplexHandler.java:250)
05-17 14:03:04.121 E/appium  (26523): 	at io.netty.channel.AbstractChannelHandlerContext.invokeChannelRead(AbstractChannelHandlerContext.java:366)
05-17 14:03:04.121 E/appium  (26523): 	at io.netty.channel.AbstractChannelHandlerContext.invokeChannelRead(AbstractChannelHandlerContext.java:352)
05-17 14:03:04.121 E/appium  (26523): 	at io.netty.channel.AbstractChannelHandlerContext.fireChannelRead(AbstractChannelHandlerContext.java:345)
05-17 14:03:04.121 E/appium  (26523): 	at io.netty.channel.DefaultChannelPipeline$HeadContext.channelRead(DefaultChannelPipeline.java:1294)
05-17 14:03:04.121 E/appium  (26523): 	at io.netty.channel.AbstractChannelHandlerContext.invokeChannelRead(AbstractChannelHandlerContext.java:366)
05-17 14:03:04.121 E/appium  (26523): 	at io.netty.channel.AbstractChannelHandlerContext.invokeChannelRead(AbstractChannelHandlerContext.java:352)
05-17 14:03:04.121 E/appium  (26523): 	at io.netty.channel.DefaultChannelPipeline.fireChannelRead(DefaultChannelPipeline.java:911)
05-17 14:03:04.121 E/appium  (26523): 	at io.netty.channel.nio.AbstractNioByteChannel$NioByteUnsafe.read(AbstractNioByteChannel.java:131)
05-17 14:03:04.121 E/appium  (26523): 	at io.netty.channel.nio.NioEventLoop.processSelectedKey(NioEventLoop.java:611)
05-17 14:03:04.121 E/appium  (26523): 	at io.netty.channel.nio.NioEventLoop.processSelectedKeysPlain(NioEventLoop.java:514)
05-17 14:03:04.121 E/appium  (26523): 	at io.netty.channel.nio.NioEventLoop.processSelectedKeys(NioEventLoop.java:468)
05-17 14:03:04.121 E/appium  (26523): 	at io.netty.channel.nio.NioEventLoop.run(NioEventLoop.java:438)
05-17 14:03:04.121 E/appium  (26523): 	at io.netty.util.concurrent.SingleThreadEventExecutor$2.run(SingleThreadEventExecutor.java:140)
05-17 14:03:04.121 E/appium  (26523): 	at io.netty.util.concurrent.DefaultThreadFactory$DefaultRunnableDecorator.run(DefaultThreadFactory.java:144)
05-17 14:03:04.121 E/appium  (26523): 	at java.lang.Thread.run(Thread.java:818)
05-17 14:03:04.636 E/WifiTrafficPoller(  851): TRAFFIC_STATS_POLL true Token 2402 num clients 18
05-17 14:03:04.636 E/WifiTrafficPoller(  851):  packet count Tx=1595984 Rx=5235733
05-17 14:03:04.694 E/appium  (26523): Element not found: 
05-17 14:03:04.694 E/appium  (26523): io.appium.uiautomator2.common.exceptions.ElementNotFoundException: Could not find an element using supplied strategy. 
05-17 14:03:04.694 E/appium  (26523): 	at io.appium.uiautomator2.handler.FindElement.getXPathUiObject(FindElement.java:80)
05-17 14:03:04.694 E/appium  (26523): 	at io.appium.uiautomator2.handler.FindElement.findElement(FindElement.java:153)
05-17 14:03:04.694 E/appium  (26523): 	at io.appium.uiautomator2.handler.FindElement.safeHandle(FindElement.java:102)
05-17 14:03:04.694 E/appium  (26523): 	at io.appium.uiautomator2.handler.request.SafeRequestHandler.handle(SafeRequestHandler.java:56)
05-17 14:03:04.694 E/appium  (26523): 	at io.appium.uiautomator2.server.AppiumServlet.handleRequest(AppiumServlet.java:202)
05-17 14:03:04.694 E/appium  (26523): 	at io.appium.uiautomator2.server.AppiumServlet.handleHttpRequest(AppiumServlet.java:193)
05-17 14:03:04.694 E/appium  (26523): 	at io.appium.uiautomator2.http.ServerHandler.channelRead(ServerHandler.java:44)
05-17 14:03:04.694 E/appium  (26523): 	at io.netty.channel.AbstractChannelHandlerContext.invokeChannelRead(AbstractChannelHandlerContext.java:366)
05-17 14:03:04.694 E/appium  (26523): 	at io.netty.channel.AbstractChannelHandlerContext.invokeChannelRead(AbstractChannelHandlerContext.java:352)
05-17 14:03:04.694 E/appium  (26523): 	at io.netty.channel.AbstractChannelHandlerContext.fireChannelRead(AbstractChannelHandlerContext.java:345)
05-17 14:03:04.694 E/appium  (26523): 	at io.netty.handler.codec.MessageToMessageDecoder.channelRead(MessageToMessageDecoder.java:102)
05-17 14:03:04.694 E/appium  (26523): 	at io.netty.channel.AbstractChannelHandlerContext.invokeChannelRead(AbstractChannelHandlerContext.java:366)
05-17 14:03:04.694 E/appium  (26523): 	at io.netty.channel.AbstractChannelHandlerContext.invokeChannelRead(AbstractChannelHandlerContext.java:352)
05-17 14:03:04.694 E/appium  (26523): 	at io.netty.channel.AbstractChannelHandlerContext.fireChannelRead(AbstractChannelHandlerContext.java:345)
05-17 14:03:04.694 E/appium  (26523): 	at io.netty.channel.CombinedChannelDuplexHandler$DelegatingChannelHandlerContext.fireChannelRead(CombinedChannelDuplexHandler.java:435)
05-17 14:03:04.694 E/appium  (26523): 	at io.netty.handler.codec.ByteToMessageDecoder.fireChannelRead(ByteToMessageDecoder.java:293)
05-17 14:03:04.694 E/appium  (26523): 	at io.netty.handler.codec.ByteToMessageDecoder.channelRead(ByteToMessageDecoder.java:267)
05-17 14:03:04.694 E/appium  (26523): 	at io.netty.channel.CombinedChannelDuplexHandler.channelRead(CombinedChannelDuplexHandler.java:250)
05-17 14:03:04.694 E/appium  (26523): 	at io.netty.channel.AbstractChannelHandlerContext.invokeChannelRead(AbstractChannelHandlerContext.java:366)
05-17 14:03:04.694 E/appium  (26523): 	at io.netty.channel.AbstractChannelHandlerContext.invokeChannelRead(AbstractChannelHandlerContext.java:352)
05-17 14:03:04.694 E/appium  (26523): 	at io.netty.channel.AbstractChannelHandlerContext.fireChannelRead(AbstractChannelHandlerContext.java:345)
05-17 14:03:04.694 E/appium  (26523): 	at io.netty.channel.DefaultChannelPipeline$HeadContext.channelRead(DefaultChannelPipeline.java:1294)
05-17 14:03:04.694 E/appium  (26523): 	at io.netty.channel.AbstractChannelHandlerContext.invokeChannelRead(AbstractChannelHandlerContext.java:366)
05-17 14:03:04.694 E/appium  (26523): 	at io.netty.channel.AbstractChannelHandlerContext.invokeChannelRead(AbstractChannelHandlerContext.java:352)
05-17 14:03:04.694 E/appium  (26523): 	at io.netty.channel.DefaultChannelPipeline.fireChannelRead(DefaultChannelPipeline.java:911)
05-17 14:03:04.694 E/appium  (26523): 	at io.netty.channel.nio.AbstractNioByteChannel$NioByteUnsafe.read(AbstractNioByteChannel.java:131)
05-17 14:03:04.694 E/appium  (26523): 	at io.netty.channel.nio.NioEventLoop.processSelectedKey(NioEventLoop.java:611)
05-17 14:03:04.694 E/appium  (26523): 	at io.netty.channel.nio.NioEventLoop.processSelectedKeysPlain(NioEventLoop.java:514)
05-17 14:03:04.694 E/appium  (26523): 	at io.netty.channel.nio.NioEventLoop.processSelectedKeys(NioEventLoop.java:468)
05-17 14:03:04.694 E/appium  (26523): 	at io.netty.channel.nio.NioEventLoop.run(NioEventLoop.java:438)
05-17 14:03:04.694 E/appium  (26523): 	at io.netty.util.concurrent.SingleThreadEventExecutor$2.run(SingleThreadEventExecutor.java:140)
05-17 14:03:04.694 E/appium  (26523): 	at io.netty.util.concurrent.DefaultThreadFactory$DefaultRunnableDecorator.run(DefaultThreadFactory.java:144)
05-17 14:03:04.694 E/appium  (26523): 	at java.lang.Thread.run(Thread.java:818)
05-17 14:03:05.471 E/WifiStateMachine(  851):  ConnectedState (when=-4ms what=131155 arg1=544!CMD_RSSI_POLL 544 0 "BOCO-office" 94:b4:0f:68:a4:b1 rssi=-47 f=5785 sc=80 link=135 tx=5.4, 0.0, 0.0  rx=63.1 bcn=0 [on:0 tx:0 rx:0 period:3001] from screen [on:0 period:539544543] gl rssi=-47 ag=0 hr ticks 0,0,21 ls-=0 [56,56,60,60,65] brc=0 lrc=0
05-17 14:03:05.474 E/WifiStateMachine(  851):  L2ConnectedState (when=-6ms what=131155 arg1=544!CMD_RSSI_POLL 544 0 "BOCO-office" 94:b4:0f:68:a4:b1 rssi=-47 f=5785 sc=80 link=135 tx=5.4, 0.0, 0.0  rx=63.1 bcn=0 [on:0 tx:0 rx:0 period:2] from screen [on:0 period:539544545] gl rssi=-47 ag=0 hr ticks 0,0,21 ls-=0 [56,56,60,60,65] brc=0 lrc=0
05-17 14:03:05.474 E/WifiStateMachine(  851):  get link layer stats 0
05-17 14:03:05.496 E/WifiStateMachine(  851): calculateWifiScore() we set wifi's score to 1000, so will always set wifi as a default network.
05-17 14:03:05.637 E/WifiTrafficPoller(  851): TRAFFIC_STATS_POLL true Token 2402 num clients 18
05-17 14:03:05.638 E/WifiTrafficPoller(  851):  packet count Tx=1595984 Rx=5235749
05-17 14:03:05.817 E/appium  (26523): Element not found: 
05-17 14:03:05.817 E/appium  (26523): io.appium.uiautomator2.common.exceptions.ElementNotFoundException: Could not find an element using supplied strategy. 
05-17 14:03:05.817 E/appium  (26523): 	at io.appium.uiautomator2.handler.FindElement.getXPathUiObject(FindElement.java:80)
05-17 14:03:05.817 E/appium  (26523): 	at io.appium.uiautomator2.handler.FindElement.findElement(FindElement.java:153)
05-17 14:03:05.817 E/appium  (26523): 	at io.appium.uiautomator2.handler.FindElement.safeHandle(FindElement.java:102)
05-17 14:03:05.817 E/appium  (26523): 	at io.appium.uiautomator2.handler.request.SafeRequestHandler.handle(SafeRequestHandler.java:56)
05-17 14:03:05.817 E/appium  (26523): 	at io.appium.uiautomator2.server.AppiumServlet.handleRequest(AppiumServlet.java:202)
05-17 14:03:05.817 E/appium  (26523): 	at io.appium.uiautomator2.server.AppiumServlet.handleHttpRequest(AppiumServlet.java:193)
05-17 14:03:05.817 E/appium  (26523): 	at io.appium.uiautomator2.http.ServerHandler.channelRead(ServerHandler.java:44)
05-17 14:03:05.817 E/appium  (26523): 	at io.netty.channel.AbstractChannelHandlerContext.invokeChannelRead(AbstractChannelHandlerContext.java:366)
05-17 14:03:05.817 E/appium  (26523): 	at io.netty.channel.AbstractChannelHandlerContext.invokeChannelRead(AbstractChannelHandlerContext.java:352)
05-17 14:03:05.817 E/appium  (26523): 	at io.netty.channel.AbstractChannelHandlerContext.fireChannelRead(AbstractChannelHandlerContext.java:345)
05-17 14:03:05.817 E/appium  (26523): 	at io.netty.handler.codec.MessageToMessageDecoder.channelRead(MessageToMessageDecoder.java:102)
05-17 14:03:05.817 E/appium  (26523): 	at io.netty.channel.AbstractChannelHandlerContext.invokeChannelRead(AbstractChannelHandlerContext.java:366)
05-17 14:03:05.817 E/appium  (26523): 	at io.netty.channel.AbstractChannelHandlerContext.invokeChannelRead(AbstractChannelHandlerContext.java:352)
05-17 14:03:05.817 E/appium  (26523): 	at io.netty.channel.AbstractChannelHandlerContext.fireChannelRead(AbstractChannelHandlerContext.java:345)
05-17 14:03:05.817 E/appium  (26523): 	at io.netty.channel.CombinedChannelDuplexHandler$DelegatingChannelHandlerContext.fireChannelRead(CombinedChannelDuplexHandler.java:435)
05-17 14:03:05.817 E/appium  (26523): 	at io.netty.handler.codec.ByteToMessageDecoder.fireChannelRead(ByteToMessageDecoder.java:293)
05-17 14:03:05.817 E/appium  (26523): 	at io.netty.handler.codec.ByteToMessageDecoder.channelRead(ByteToMessageDecoder.java:267)
05-17 14:03:05.817 E/appium  (26523): 	at io.netty.channel.CombinedChannelDuplexHandler.channelRead(CombinedChannelDuplexHandler.java:250)
05-17 14:03:05.817 E/appium  (26523): 	at io.netty.channel.AbstractChannelHandlerContext.invokeChannelRead(AbstractChannelHandlerContext.java:366)
05-17 14:03:05.817 E/appium  (26523): 	at io.netty.channel.AbstractChannelHandlerContext.invokeChannelRead(AbstractChannelHandlerContext.java:352)
05-17 14:03:05.817 E/appium  (26523): 	at io.netty.channel.AbstractChannelHandlerContext.fireChannelRead(AbstractChannelHandlerContext.java:345)
05-17 14:03:05.817 E/appium  (26523): 	at io.netty.channel.DefaultChannelPipeline$HeadContext.channelRead(DefaultChannelPipeline.java:1294)
05-17 14:03:05.817 E/appium  (26523): 	at io.netty.channel.AbstractChannelHandlerContext.invokeChannelRead(AbstractChannelHandlerContext.java:366)
05-17 14:03:05.817 E/appium  (26523): 	at io.netty.channel.AbstractChannelHandlerContext.invokeChannelRead(AbstractChannelHandlerContext.java:352)
05-17 14:03:05.817 E/appium  (26523): 	at io.netty.channel.DefaultChannelPipeline.fireChannelRead(DefaultChannelPipeline.java:911)
05-17 14:03:05.817 E/appium  (26523): 	at io.netty.channel.nio.AbstractNioByteChannel$NioByteUnsafe.read(AbstractNioByteChannel.java:131)
05-17 14:03:05.817 E/appium  (26523): 	at io.netty.channel.nio.NioEventLoop.processSelectedKey(NioEventLoop.java:611)
05-17 14:03:05.817 E/appium  (26523): 	at io.netty.channel.nio.NioEventLoop.processSelectedKeysPlain(NioEventLoop.java:514)
05-17 14:03:05.817 E/appium  (26523): 	at io.netty.channel.nio.NioEventLoop.processSelectedKeys(NioEventLoop.java:468)
05-17 14:03:05.817 E/appium  (26523): 	at io.netty.channel.nio.NioEventLoop.run(NioEventLoop.java:438)
05-17 14:03:05.817 E/appium  (26523): 	at io.netty.util.concurrent.SingleThreadEventExecutor$2.run(SingleThreadEventExecutor.java:140)
05-17 14:03:05.817 E/appium  (26523): 	at io.netty.util.concurrent.DefaultThreadFactory$DefaultRunnableDecorator.run(DefaultThreadFactory.java:144)
05-17 14:03:05.817 E/appium  (26523): 	at java.lang.Thread.run(Thread.java:818)
05-17 14:03:06.531 E/appium  (26523): Element not found: 
05-17 14:03:06.531 E/appium  (26523): io.appium.uiautomator2.common.exceptions.ElementNotFoundException: Could not find an element using supplied strategy. 
05-17 14:03:06.531 E/appium  (26523): 	at io.appium.uiautomator2.handler.FindElement.getXPathUiObject(FindElement.java:80)
05-17 14:03:06.531 E/appium  (26523): 	at io.appium.uiautomator2.handler.FindElement.findElement(FindElement.java:153)
05-17 14:03:06.531 E/appium  (26523): 	at io.appium.uiautomator2.handler.FindElement.safeHandle(FindElement.java:102)
05-17 14:03:06.531 E/appium  (26523): 	at io.appium.uiautomator2.handler.request.SafeRequestHandler.handle(SafeRequestHandler.java:56)
05-17 14:03:06.531 E/appium  (26523): 	at io.appium.uiautomator2.server.AppiumServlet.handleRequest(AppiumServlet.java:202)
05-17 14:03:06.531 E/appium  (26523): 	at io.appium.uiautomator2.server.AppiumServlet.handleHttpRequest(AppiumServlet.java:193)
05-17 14:03:06.531 E/appium  (26523): 	at io.appium.uiautomator2.http.ServerHandler.channelRead(ServerHandler.java:44)
05-17 14:03:06.531 E/appium  (26523): 	at io.netty.channel.AbstractChannelHandlerContext.invokeChannelRead(AbstractChannelHandlerContext.java:366)
05-17 14:03:06.531 E/appium  (26523): 	at io.netty.channel.AbstractChannelHandlerContext.invokeChannelRead(AbstractChannelHandlerContext.java:352)
05-17 14:03:06.531 E/appium  (26523): 	at io.netty.channel.AbstractChannelHandlerContext.fireChannelRead(AbstractChannelHandlerContext.java:345)
05-17 14:03:06.531 E/appium  (26523): 	at io.netty.handler.codec.MessageToMessageDecoder.channelRead(MessageToMessageDecoder.java:102)
05-17 14:03:06.531 E/appium  (26523): 	at io.netty.channel.AbstractChannelHandlerContext.invokeChannelRead(AbstractChannelHandlerContext.java:366)
05-17 14:03:06.531 E/appium  (26523): 	at io.netty.channel.AbstractChannelHandlerContext.invokeChannelRead(AbstractChannelHandlerContext.java:352)
05-17 14:03:06.531 E/appium  (26523): 	at io.netty.channel.AbstractChannelHandlerContext.fireChannelRead(AbstractChannelHandlerContext.java:345)
05-17 14:03:06.531 E/appium  (26523): 	at io.netty.channel.CombinedChannelDuplexHandler$DelegatingChannelHandlerContext.fireChannelRead(CombinedChannelDuplexHandler.java:435)
05-17 14:03:06.531 E/appium  (26523): 	at io.netty.handler.codec.ByteToMessageDecoder.fireChannelRead(ByteToMessageDecoder.java:293)
05-17 14:03:06.531 E/appium  (26523): 	at io.netty.handler.codec.ByteToMessageDecoder.channelRead(ByteToMessageDecoder.java:267)
05-17 14:03:06.531 E/appium  (26523): 	at io.netty.channel.CombinedChannelDuplexHandler.channelRead(CombinedChannelDuplexHandler.java:250)
05-17 14:03:06.531 E/appium  (26523): 	at io.netty.channel.AbstractChannelHandlerContext.invokeChannelRead(AbstractChannelHandlerContext.java:366)
05-17 14:03:06.531 E/appium  (26523): 	at io.netty.channel.AbstractChannelHandlerContext.invokeChannelRead(AbstractChannelHandlerContext.java:352)
05-17 14:03:06.531 E/appium  (26523): 	at io.netty.channel.AbstractChannelHandlerContext.fireChannelRead(AbstractChannelHandlerContext.java:345)
05-17 14:03:06.531 E/appium  (26523): 	at io.netty.channel.DefaultChannelPipeline$HeadContext.channelRead(DefaultChannelPipeline.java:1294)
05-17 14:03:06.531 E/appium  (26523): 	at io.netty.channel.AbstractChannelHandlerContext.invokeChannelRead(AbstractChannelHandlerContext.java:366)
05-17 14:03:06.531 E/appium  (26523): 	at io.netty.channel.AbstractChannelHandlerContext.invokeChannelRead(AbstractChannelHandlerContext.java:352)
05-17 14:03:06.531 E/appium  (26523): 	at io.netty.channel.DefaultChannelPipeline.fireChannelRead(DefaultChannelPipeline.java:911)
05-17 14:03:06.531 E/appium  (26523): 	at io.netty.channel.nio.AbstractNioByteChannel$NioByteUnsafe.read(AbstractNioByteChannel.java:131)
05-17 14:03:06.531 E/appium  (26523): 	at io.netty.channel.nio.NioEventLoop.processSelectedKey(NioEventLoop.java:611)
05-17 14:03:06.531 E/appium  (26523): 	at io.netty.channel.nio.NioEventLoop.processSelectedKeysPlain(NioEventLoop.java:514)
05-17 14:03:06.531 E/appium  (26523): 	at io.netty.channel.nio.NioEventLoop.processSelectedKeys(NioEventLoop.java:468)
05-17 14:03:06.531 E/appium  (26523): 	at io.netty.channel.nio.NioEventLoop.run(NioEventLoop.java:438)
05-17 14:03:06.531 E/appium  (26523): 	at io.netty.util.concurrent.SingleThreadEventExecutor$2.run(SingleThreadEventExecutor.java:140)
05-17 14:03:06.531 E/appium  (26523): 	at io.netty.util.concurrent.DefaultThreadFactory$DefaultRunnableDecorator.run(DefaultThreadFactory.java:144)
05-17 14:03:06.531 E/appium  (26523): 	at java.lang.Thread.run(Thread.java:818)
05-17 14:03:06.637 E/WifiTrafficPoller(  851): TRAFFIC_STATS_POLL true Token 2402 num clients 18
05-17 14:03:06.639 E/WifiTrafficPoller(  851):  packet count Tx=1595984 Rx=5235768
05-17 14:03:07.118 E/appium  (26523): Element not found: 
05-17 14:03:07.118 E/appium  (26523): io.appium.uiautomator2.common.exceptions.ElementNotFoundException: Could not find an element using supplied strategy. 
05-17 14:03:07.118 E/appium  (26523): 	at io.appium.uiautomator2.handler.FindElement.getXPathUiObject(FindElement.java:80)
05-17 14:03:07.118 E/appium  (26523): 	at io.appium.uiautomator2.handler.FindElement.findElement(FindElement.java:153)
05-17 14:03:07.118 E/appium  (26523): 	at io.appium.uiautomator2.handler.FindElement.safeHandle(FindElement.java:102)
05-17 14:03:07.118 E/appium  (26523): 	at io.appium.uiautomator2.handler.request.SafeRequestHandler.handle(SafeRequestHandler.java:56)
05-17 14:03:07.118 E/appium  (26523): 	at io.appium.uiautomator2.server.AppiumServlet.handleRequest(AppiumServlet.java:202)
05-17 14:03:07.118 E/appium  (26523): 	at io.appium.uiautomator2.server.AppiumServlet.handleHttpRequest(AppiumServlet.java:193)
05-17 14:03:07.118 E/appium  (26523): 	at io.appium.uiautomator2.http.ServerHandler.channelRead(ServerHandler.java:44)
05-17 14:03:07.118 E/appium  (26523): 	at io.netty.channel.AbstractChannelHandlerContext.invokeChannelRead(AbstractChannelHandlerContext.java:366)
05-17 14:03:07.118 E/appium  (26523): 	at io.netty.channel.AbstractChannelHandlerContext.invokeChannelRead(AbstractChannelHandlerContext.java:352)
05-17 14:03:07.118 E/appium  (26523): 	at io.netty.channel.AbstractChannelHandlerContext.fireChannelRead(AbstractChannelHandlerContext.java:345)
05-17 14:03:07.118 E/appium  (26523): 	at io.netty.handler.codec.MessageToMessageDecoder.channelRead(MessageToMessageDecoder.java:102)
05-17 14:03:07.118 E/appium  (26523): 	at io.netty.channel.AbstractChannelHandlerContext.invokeChannelRead(AbstractChannelHandlerContext.java:366)
05-17 14:03:07.118 E/appium  (26523): 	at io.netty.channel.AbstractChannelHandlerContext.invokeChannelRead(AbstractChannelHandlerContext.java:352)
05-17 14:03:07.118 E/appium  (26523): 	at io.netty.channel.AbstractChannelHandlerContext.fireChannelRead(AbstractChannelHandlerContext.java:345)
05-17 14:03:07.118 E/appium  (26523): 	at io.netty.channel.CombinedChannelDuplexHandler$DelegatingChannelHandlerContext.fireChannelRead(CombinedChannelDuplexHandler.java:435)
05-17 14:03:07.118 E/appium  (26523): 	at io.netty.handler.codec.ByteToMessageDecoder.fireChannelRead(ByteToMessageDecoder.java:293)
05-17 14:03:07.118 E/appium  (26523): 	at io.netty.handler.codec.ByteToMessageDecoder.channelRead(ByteToMessageDecoder.java:267)
05-17 14:03:07.118 E/appium  (26523): 	at io.netty.channel.CombinedChannelDuplexHandler.channelRead(CombinedChannelDuplexHandler.java:250)
05-17 14:03:07.118 E/appium  (26523): 	at io.netty.channel.AbstractChannelHandlerContext.invokeChannelRead(AbstractChannelHandlerContext.java:366)
05-17 14:03:07.118 E/appium  (26523): 	at io.netty.channel.AbstractChannelHandlerContext.invokeChannelRead(AbstractChannelHandlerContext.java:352)
05-17 14:03:07.118 E/appium  (26523): 	at io.netty.channel.AbstractChannelHandlerContext.fireChannelRead(AbstractChannelHandlerContext.java:345)
05-17 14:03:07.118 E/appium  (26523): 	at io.netty.channel.DefaultChannelPipeline$HeadContext.channelRead(DefaultChannelPipeline.java:1294)
05-17 14:03:07.118 E/appium  (26523): 	at io.netty.channel.AbstractChannelHandlerContext.invokeChannelRead(AbstractChannelHandlerContext.java:366)
05-17 14:03:07.118 E/appium  (26523): 	at io.netty.channel.AbstractChannelHandlerContext.invokeChannelRead(AbstractChannelHandlerContext.java:352)
05-17 14:03:07.118 E/appium  (26523): 	at io.netty.channel.DefaultChannelPipeline.fireChannelRead(DefaultChannelPipeline.java:911)
05-17 14:03:07.118 E/appium  (26523): 	at io.netty.channel.nio.AbstractNioByteChannel$NioByteUnsafe.read(AbstractNioByteChannel.java:131)
05-17 14:03:07.118 E/appium  (26523): 	at io.netty.channel.nio.NioEventLoop.processSelectedKey(NioEventLoop.java:611)
05-17 14:03:07.118 E/appium  (26523): 	at io.netty.channel.nio.NioEventLoop.processSelectedKeysPlain(NioEventLoop.java:514)
05-17 14:03:07.118 E/appium  (26523): 	at io.netty.channel.nio.NioEventLoop.processSelectedKeys(NioEventLoop.java:468)
05-17 14:03:07.118 E/appium  (26523): 	at io.netty.channel.nio.NioEventLoop.run(NioEventLoop.java:438)
05-17 14:03:07.118 E/appium  (26523): 	at io.netty.util.concurrent.SingleThreadEventExecutor$2.run(SingleThreadEventExecutor.java:140)
05-17 14:03:07.118 E/appium  (26523): 	at io.netty.util.concurrent.DefaultThreadFactory$DefaultRunnableDecorator.run(DefaultThreadFactory.java:144)
05-17 14:03:07.118 E/appium  (26523): 	at java.lang.Thread.run(Thread.java:818)
05-17 14:03:07.638 E/WifiTrafficPoller(  851): TRAFFIC_STATS_POLL true Token 2402 num clients 18
05-17 14:03:07.639 E/WifiTrafficPoller(  851):  packet count Tx=1595984 Rx=5235784
05-17 14:03:07.670 E/appium  (26523): Element not found: 
05-17 14:03:07.670 E/appium  (26523): io.appium.uiautomator2.common.exceptions.ElementNotFoundException: Could not find an element using supplied strategy. 
05-17 14:03:07.670 E/appium  (26523): 	at io.appium.uiautomator2.handler.FindElement.getXPathUiObject(FindElement.java:80)
05-17 14:03:07.670 E/appium  (26523): 	at io.appium.uiautomator2.handler.FindElement.findElement(FindElement.java:153)
05-17 14:03:07.670 E/appium  (26523): 	at io.appium.uiautomator2.handler.FindElement.safeHandle(FindElement.java:102)
05-17 14:03:07.670 E/appium  (26523): 	at io.appium.uiautomator2.handler.request.SafeRequestHandler.handle(SafeRequestHandler.java:56)
05-17 14:03:07.670 E/appium  (26523): 	at io.appium.uiautomator2.server.AppiumServlet.handleRequest(AppiumServlet.java:202)
05-17 14:03:07.670 E/appium  (26523): 	at io.appium.uiautomator2.server.AppiumServlet.handleHttpRequest(AppiumServlet.java:193)
