05-18 10:19:13.743 E/appium  (28402): 	at io.netty.channel.CombinedChannelDuplexHandler.channelRead(CombinedChannelDuplexHandler.java:250)
05-18 10:19:13.743 E/appium  (28402): 	at io.netty.channel.AbstractChannelHandlerContext.invokeChannelRead(AbstractChannelHandlerContext.java:366)
05-18 10:19:13.743 E/appium  (28402): 	at io.netty.channel.AbstractChannelHandlerContext.invokeChannelRead(AbstractChannelHandlerContext.java:352)
05-18 10:19:13.743 E/appium  (28402): 	at io.netty.channel.AbstractChannelHandlerContext.fireChannelRead(AbstractChannelHandlerContext.java:345)
05-18 10:19:13.743 E/appium  (28402): 	at io.netty.channel.DefaultChannelPipeline$HeadContext.channelRead(DefaultChannelPipeline.java:1294)
05-18 10:19:13.743 E/appium  (28402): 	at io.netty.channel.AbstractChannelHandlerContext.invokeChannelRead(AbstractChannelHandlerContext.java:366)
05-18 10:19:13.743 E/appium  (28402): 	at io.netty.channel.AbstractChannelHandlerContext.invokeChannelRead(AbstractChannelHandlerContext.java:352)
05-18 10:19:13.743 E/appium  (28402): 	at io.netty.channel.DefaultChannelPipeline.fireChannelRead(DefaultChannelPipeline.java:911)
05-18 10:19:13.743 E/appium  (28402): 	at io.netty.channel.nio.AbstractNioByteChannel$NioByteUnsafe.read(AbstractNioByteChannel.java:131)
05-18 10:19:13.743 E/appium  (28402): 	at io.netty.channel.nio.NioEventLoop.processSelectedKey(NioEventLoop.java:611)
05-18 10:19:13.743 E/appium  (28402): 	at io.netty.channel.nio.NioEventLoop.processSelectedKeysPlain(NioEventLoop.java:514)
05-18 10:19:13.743 E/appium  (28402): 	at io.netty.channel.nio.NioEventLoop.processSelectedKeys(NioEventLoop.java:468)
05-18 10:19:13.743 E/appium  (28402): 	at io.netty.channel.nio.NioEventLoop.run(NioEventLoop.java:438)
05-18 10:19:13.743 E/appium  (28402): 	at io.netty.util.concurrent.SingleThreadEventExecutor$2.run(SingleThreadEventExecutor.java:140)
05-18 10:19:13.743 E/appium  (28402): 	at io.netty.util.concurrent.DefaultThreadFactory$DefaultRunnableDecorator.run(DefaultThreadFactory.java:144)
05-18 10:19:13.743 E/appium  (28402): 	at java.lang.Thread.run(Thread.java:818)
05-18 10:19:14.329 E/appium  (28402): Element not found: 
05-18 10:19:14.329 E/appium  (28402): io.appium.uiautomator2.common.exceptions.ElementNotFoundException: Could not find an element using supplied strategy. 
05-18 10:19:14.329 E/appium  (28402): 	at io.appium.uiautomator2.handler.FindElement.getXPathUiObject(FindElement.java:80)
05-18 10:19:14.329 E/appium  (28402): 	at io.appium.uiautomator2.handler.FindElement.findElement(FindElement.java:153)
05-18 10:19:14.329 E/appium  (28402): 	at io.appium.uiautomator2.handler.FindElement.safeHandle(FindElement.java:102)
05-18 10:19:14.329 E/appium  (28402): 	at io.appium.uiautomator2.handler.request.SafeRequestHandler.handle(SafeRequestHandler.java:56)
05-18 10:19:14.329 E/appium  (28402): 	at io.appium.uiautomator2.server.AppiumServlet.handleRequest(AppiumServlet.java:202)
05-18 10:19:14.329 E/appium  (28402): 	at io.appium.uiautomator2.server.AppiumServlet.handleHttpRequest(AppiumServlet.java:193)
05-18 10:19:14.329 E/appium  (28402): 	at io.appium.uiautomator2.http.ServerHandler.channelRead(ServerHandler.java:44)
05-18 10:19:14.329 E/appium  (28402): 	at io.netty.channel.AbstractChannelHandlerContext.invokeChannelRead(AbstractChannelHandlerContext.java:366)
05-18 10:19:14.329 E/appium  (28402): 	at io.netty.channel.AbstractChannelHandlerContext.invokeChannelRead(AbstractChannelHandlerContext.java:352)
05-18 10:19:14.329 E/appium  (28402): 	at io.netty.channel.AbstractChannelHandlerContext.fireChannelRead(AbstractChannelHandlerContext.java:345)
05-18 10:19:14.329 E/appium  (28402): 	at io.netty.handler.codec.MessageToMessageDecoder.channelRead(MessageToMessageDecoder.java:102)
05-18 10:19:14.329 E/appium  (28402): 	at io.netty.channel.AbstractChannelHandlerContext.invokeChannelRead(AbstractChannelHandlerContext.java:366)
05-18 10:19:14.329 E/appium  (28402): 	at io.netty.channel.AbstractChannelHandlerContext.invokeChannelRead(AbstractChannelHandlerContext.java:352)
05-18 10:19:14.329 E/appium  (28402): 	at io.netty.channel.AbstractChannelHandlerContext.fireChannelRead(AbstractChannelHandlerContext.java:345)
05-18 10:19:14.329 E/appium  (28402): 	at io.netty.channel.CombinedChannelDuplexHandler$DelegatingChannelHandlerContext.fireChannelRead(CombinedChannelDuplexHandler.java:435)
05-18 10:19:14.329 E/appium  (28402): 	at io.netty.handler.codec.ByteToMessageDecoder.fireChannelRead(ByteToMessageDecoder.java:293)
05-18 10:19:14.329 E/appium  (28402): 	at io.netty.handler.codec.ByteToMessageDecoder.channelRead(ByteToMessageDecoder.java:267)
05-18 10:19:14.329 E/appium  (28402): 	at io.netty.channel.CombinedChannelDuplexHandler.channelRead(CombinedChannelDuplexHandler.java:250)
05-18 10:19:14.329 E/appium  (28402): 	at io.netty.channel.AbstractChannelHandlerContext.invokeChannelRead(AbstractChannelHandlerContext.java:366)
05-18 10:19:14.329 E/appium  (28402): 	at io.netty.channel.AbstractChannelHandlerContext.invokeChannelRead(AbstractChannelHandlerContext.java:352)
05-18 10:19:14.329 E/appium  (28402): 	at io.netty.channel.AbstractChannelHandlerContext.fireChannelRead(AbstractChannelHandlerContext.java:345)
05-18 10:19:14.329 E/appium  (28402): 	at io.netty.channel.DefaultChannelPipeline$HeadContext.channelRead(DefaultChannelPipeline.java:1294)
05-18 10:19:14.329 E/appium  (28402): 	at io.netty.channel.AbstractChannelHandlerContext.invokeChannelRead(AbstractChannelHandlerContext.java:366)
05-18 10:19:14.329 E/appium  (28402): 	at io.netty.channel.AbstractChannelHandlerContext.invokeChannelRead(AbstractChannelHandlerContext.java:352)
05-18 10:19:14.329 E/appium  (28402): 	at io.netty.channel.DefaultChannelPipeline.fireChannelRead(DefaultChannelPipeline.java:911)
05-18 10:19:14.329 E/appium  (28402): 	at io.netty.channel.nio.AbstractNioByteChannel$NioByteUnsafe.read(AbstractNioByteChannel.java:131)
05-18 10:19:14.329 E/appium  (28402): 	at io.netty.channel.nio.NioEventLoop.processSelectedKey(NioEventLoop.java:611)
05-18 10:19:14.329 E/appium  (28402): 	at io.netty.channel.nio.NioEventLoop.processSelectedKeysPlain(NioEventLoop.java:514)
05-18 10:19:14.329 E/appium  (28402): 	at io.netty.channel.nio.NioEventLoop.processSelectedKeys(NioEventLoop.java:468)
05-18 10:19:14.329 E/appium  (28402): 	at io.netty.channel.nio.NioEventLoop.run(NioEventLoop.java:438)
05-18 10:19:14.329 E/appium  (28402): 	at io.netty.util.concurrent.SingleThreadEventExecutor$2.run(SingleThreadEventExecutor.java:140)
05-18 10:19:14.329 E/appium  (28402): 	at io.netty.util.concurrent.DefaultThreadFactory$DefaultRunnableDecorator.run(DefaultThreadFactory.java:144)
05-18 10:19:14.329 E/appium  (28402): 	at java.lang.Thread.run(Thread.java:818)
05-18 10:19:14.390 E/WifiTrafficPoller(  851): TRAFFIC_STATS_POLL true Token 2644 num clients 16
05-18 10:19:14.391 E/WifiTrafficPoller(  851):  packet count Tx=1820591 Rx=5909468
05-18 10:19:15.210 E/appium  (28402): Element not found: 
05-18 10:19:15.210 E/appium  (28402): io.appium.uiautomator2.common.exceptions.ElementNotFoundException: Could not find an element using supplied strategy. 
05-18 10:19:15.210 E/appium  (28402): 	at io.appium.uiautomator2.handler.FindElement.getXPathUiObject(FindElement.java:80)
05-18 10:19:15.210 E/appium  (28402): 	at io.appium.uiautomator2.handler.FindElement.findElement(FindElement.java:153)
05-18 10:19:15.210 E/appium  (28402): 	at io.appium.uiautomator2.handler.FindElement.safeHandle(FindElement.java:102)
05-18 10:19:15.210 E/appium  (28402): 	at io.appium.uiautomator2.handler.request.SafeRequestHandler.handle(SafeRequestHandler.java:56)
05-18 10:19:15.210 E/appium  (28402): 	at io.appium.uiautomator2.server.AppiumServlet.handleRequest(AppiumServlet.java:202)
05-18 10:19:15.210 E/appium  (28402): 	at io.appium.uiautomator2.server.AppiumServlet.handleHttpRequest(AppiumServlet.java:193)
05-18 10:19:15.210 E/appium  (28402): 	at io.appium.uiautomator2.http.ServerHandler.channelRead(ServerHandler.java:44)
05-18 10:19:15.210 E/appium  (28402): 	at io.netty.channel.AbstractChannelHandlerContext.invokeChannelRead(AbstractChannelHandlerContext.java:366)
05-18 10:19:15.210 E/appium  (28402): 	at io.netty.channel.AbstractChannelHandlerContext.invokeChannelRead(AbstractChannelHandlerContext.java:352)
05-18 10:19:15.210 E/appium  (28402): 	at io.netty.channel.AbstractChannelHandlerContext.fireChannelRead(AbstractChannelHandlerContext.java:345)
05-18 10:19:15.210 E/appium  (28402): 	at io.netty.handler.codec.MessageToMessageDecoder.channelRead(MessageToMessageDecoder.java:102)
05-18 10:19:15.210 E/appium  (28402): 	at io.netty.channel.AbstractChannelHandlerContext.invokeChannelRead(AbstractChannelHandlerContext.java:366)
05-18 10:19:15.210 E/appium  (28402): 	at io.netty.channel.AbstractChannelHandlerContext.invokeChannelRead(AbstractChannelHandlerContext.java:352)
05-18 10:19:15.210 E/appium  (28402): 	at io.netty.channel.AbstractChannelHandlerContext.fireChannelRead(AbstractChannelHandlerContext.java:345)
05-18 10:19:15.210 E/appium  (28402): 	at io.netty.channel.CombinedChannelDuplexHandler$DelegatingChannelHandlerContext.fireChannelRead(CombinedChannelDuplexHandler.java:435)
05-18 10:19:15.210 E/appium  (28402): 	at io.netty.handler.codec.ByteToMessageDecoder.fireChannelRead(ByteToMessageDecoder.java:293)
05-18 10:19:15.210 E/appium  (28402): 	at io.netty.handler.codec.ByteToMessageDecoder.channelRead(ByteToMessageDecoder.java:267)
05-18 10:19:15.210 E/appium  (28402): 	at io.netty.channel.CombinedChannelDuplexHandler.channelRead(CombinedChannelDuplexHandler.java:250)
05-18 10:19:15.210 E/appium  (28402): 	at io.netty.channel.AbstractChannelHandlerContext.invokeChannelRead(AbstractChannelHandlerContext.java:366)
05-18 10:19:15.210 E/appium  (28402): 	at io.netty.channel.AbstractChannelHandlerContext.invokeChannelRead(AbstractChannelHandlerContext.java:352)
05-18 10:19:15.210 E/appium  (28402): 	at io.netty.channel.AbstractChannelHandlerContext.fireChannelRead(AbstractChannelHandlerContext.java:345)
05-18 10:19:15.210 E/appium  (28402): 	at io.netty.channel.DefaultChannelPipeline$HeadContext.channelRead(DefaultChannelPipeline.java:1294)
05-18 10:19:15.210 E/appium  (28402): 	at io.netty.channel.AbstractChannelHandlerContext.invokeChannelRead(AbstractChannelHandlerContext.java:366)
05-18 10:19:15.210 E/appium  (28402): 	at io.netty.channel.AbstractChannelHandlerContext.invokeChannelRead(AbstractChannelHandlerContext.java:352)
05-18 10:19:15.210 E/appium  (28402): 	at io.netty.channel.DefaultChannelPipeline.fireChannelRead(DefaultChannelPipeline.java:911)
05-18 10:19:15.210 E/appium  (28402): 	at io.netty.channel.nio.AbstractNioByteChannel$NioByteUnsafe.read(AbstractNioByteChannel.java:131)
05-18 10:19:15.210 E/appium  (28402): 	at io.netty.channel.nio.NioEventLoop.processSelectedKey(NioEventLoop.java:611)
05-18 10:19:15.210 E/appium  (28402): 	at io.netty.channel.nio.NioEventLoop.processSelectedKeysPlain(NioEventLoop.java:514)
05-18 10:19:15.210 E/appium  (28402): 	at io.netty.channel.nio.NioEventLoop.processSelectedKeys(NioEventLoop.java:468)
05-18 10:19:15.210 E/appium  (28402): 	at io.netty.channel.nio.NioEventLoop.run(NioEventLoop.java:438)
05-18 10:19:15.210 E/appium  (28402): 	at io.netty.util.concurrent.SingleThreadEventExecutor$2.run(SingleThreadEventExecutor.java:140)
05-18 10:19:15.210 E/appium  (28402): 	at io.netty.util.concurrent.DefaultThreadFactory$DefaultRunnableDecorator.run(DefaultThreadFactory.java:144)
05-18 10:19:15.210 E/appium  (28402): 	at java.lang.Thread.run(Thread.java:818)
05-18 10:19:15.391 E/WifiTrafficPoller(  851): TRAFFIC_STATS_POLL true Token 2644 num clients 16
05-18 10:19:15.392 E/WifiTrafficPoller(  851):  packet count Tx=1820819 Rx=5909792
05-18 10:19:15.742 E/WifiStateMachine(  851):  ConnectedState (when=-3ms what=131155 arg1=591!CMD_RSSI_POLL 591 0 "BOCO-office" 94:b4:0f:68:a4:b1 rssi=-51 f=5785 sc=80 link=135 tx=217.2, 0.0, 0.0  rx=288.4 bcn=0 [on:0 tx:0 rx:0 period:3000] from screen [on:0 period:612514814] gl rssi=-51 ag=0 hr ticks 314,77,49 ls-=0 [56,56,60,60,65] brc=0 lrc=0
05-18 10:19:15.743 E/WifiStateMachine(  851):  L2ConnectedState (when=-4ms what=131155 arg1=591!CMD_RSSI_POLL 591 0 "BOCO-office" 94:b4:0f:68:a4:b1 rssi=-51 f=5785 sc=80 link=135 tx=217.2, 0.0, 0.0  rx=288.4 bcn=0 [on:0 tx:0 rx:0 period:1] from screen [on:0 period:612514815] gl rssi=-51 ag=0 hr ticks 314,77,49 ls-=0 [56,56,60,60,65] brc=0 lrc=0
05-18 10:19:15.743 E/WifiStateMachine(  851):  get link layer stats 0
05-18 10:19:15.747 E/WifiStateMachine(  851): calculateWifiScore() we set wifi's score to 1000, so will always set wifi as a default network.
05-18 10:19:16.324 E/appium  (28402): Element not found: 
05-18 10:19:16.324 E/appium  (28402): io.appium.uiautomator2.common.exceptions.ElementNotFoundException: Could not find an element using supplied strategy. 
05-18 10:19:16.324 E/appium  (28402): 	at io.appium.uiautomator2.handler.FindElement.getXPathUiObject(FindElement.java:80)
05-18 10:19:16.324 E/appium  (28402): 	at io.appium.uiautomator2.handler.FindElement.findElement(FindElement.java:153)
05-18 10:19:16.324 E/appium  (28402): 	at io.appium.uiautomator2.handler.FindElement.safeHandle(FindElement.java:102)
05-18 10:19:16.324 E/appium  (28402): 	at io.appium.uiautomator2.handler.request.SafeRequestHandler.handle(SafeRequestHandler.java:56)
05-18 10:19:16.324 E/appium  (28402): 	at io.appium.uiautomator2.server.AppiumServlet.handleRequest(AppiumServlet.java:202)
05-18 10:19:16.324 E/appium  (28402): 	at io.appium.uiautomator2.server.AppiumServlet.handleHttpRequest(AppiumServlet.java:193)
05-18 10:19:16.324 E/appium  (28402): 	at io.appium.uiautomator2.http.ServerHandler.channelRead(ServerHandler.java:44)
05-18 10:19:16.324 E/appium  (28402): 	at io.netty.channel.AbstractChannelHandlerContext.invokeChannelRead(AbstractChannelHandlerContext.java:366)
05-18 10:19:16.324 E/appium  (28402): 	at io.netty.channel.AbstractChannelHandlerContext.invokeChannelRead(AbstractChannelHandlerContext.java:352)
05-18 10:19:16.324 E/appium  (28402): 	at io.netty.channel.AbstractChannelHandlerContext.fireChannelRead(AbstractChannelHandlerContext.java:345)
05-18 10:19:16.324 E/appium  (28402): 	at io.netty.handler.codec.MessageToMessageDecoder.channelRead(MessageToMessageDecoder.java:102)
05-18 10:19:16.324 E/appium  (28402): 	at io.netty.channel.AbstractChannelHandlerContext.invokeChannelRead(AbstractChannelHandlerContext.java:366)
05-18 10:19:16.324 E/appium  (28402): 	at io.netty.channel.AbstractChannelHandlerContext.invokeChannelRead(AbstractChannelHandlerContext.java:352)
05-18 10:19:16.324 E/appium  (28402): 	at io.netty.channel.AbstractChannelHandlerContext.fireChannelRead(AbstractChannelHandlerContext.java:345)
05-18 10:19:16.324 E/appium  (28402): 	at io.netty.channel.CombinedChannelDuplexHandler$DelegatingChannelHandlerContext.fireChannelRead(CombinedChannelDuplexHandler.java:435)
05-18 10:19:16.324 E/appium  (28402): 	at io.netty.handler.codec.ByteToMessageDecoder.fireChannelRead(ByteToMessageDecoder.java:293)
05-18 10:19:16.324 E/appium  (28402): 	at io.netty.handler.codec.ByteToMessageDecoder.channelRead(ByteToMessageDecoder.java:267)
05-18 10:19:16.324 E/appium  (28402): 	at io.netty.channel.CombinedChannelDuplexHandler.channelRead(CombinedChannelDuplexHandler.java:250)
05-18 10:19:16.324 E/appium  (28402): 	at io.netty.channel.AbstractChannelHandlerContext.invokeChannelRead(AbstractChannelHandlerContext.java:366)
05-18 10:19:16.324 E/appium  (28402): 	at io.netty.channel.AbstractChannelHandlerContext.invokeChannelRead(AbstractChannelHandlerContext.java:352)
05-18 10:19:16.324 E/appium  (28402): 	at io.netty.channel.AbstractChannelHandlerContext.fireChannelRead(AbstractChannelHandlerContext.java:345)
05-18 10:19:16.324 E/appium  (28402): 	at io.netty.channel.DefaultChannelPipeline$HeadContext.channelRead(DefaultChannelPipeline.java:1294)
05-18 10:19:16.324 E/appium  (28402): 	at io.netty.channel.AbstractChannelHandlerContext.invokeChannelRead(AbstractChannelHandlerContext.java:366)
05-18 10:19:16.324 E/appium  (28402): 	at io.netty.channel.AbstractChannelHandlerContext.invokeChannelRead(AbstractChannelHandlerContext.java:352)
05-18 10:19:16.324 E/appium  (28402): 	at io.netty.channel.DefaultChannelPipeline.fireChannelRead(DefaultChannelPipeline.java:911)
05-18 10:19:16.324 E/appium  (28402): 	at io.netty.channel.nio.AbstractNioByteChannel$NioByteUnsafe.read(AbstractNioByteChannel.java:131)
05-18 10:19:16.324 E/appium  (28402): 	at io.netty.channel.nio.NioEventLoop.processSelectedKey(NioEventLoop.java:611)
05-18 10:19:16.324 E/appium  (28402): 	at io.netty.channel.nio.NioEventLoop.processSelectedKeysPlain(NioEventLoop.java:514)
05-18 10:19:16.324 E/appium  (28402): 	at io.netty.channel.nio.NioEventLoop.processSelectedKeys(NioEventLoop.java:468)
05-18 10:19:16.324 E/appium  (28402): 	at io.netty.channel.nio.NioEventLoop.run(NioEventLoop.java:438)
05-18 10:19:16.324 E/appium  (28402): 	at io.netty.util.concurrent.SingleThreadEventExecutor$2.run(SingleThreadEventExecutor.java:140)
05-18 10:19:16.324 E/appium  (28402): 	at io.netty.util.concurrent.DefaultThreadFactory$DefaultRunnableDecorator.run(DefaultThreadFactory.java:144)
05-18 10:19:16.324 E/appium  (28402): 	at java.lang.Thread.run(Thread.java:818)
05-18 10:19:16.393 E/WifiTrafficPoller(  851): TRAFFIC_STATS_POLL true Token 2644 num clients 16
05-18 10:19:16.394 E/WifiTrafficPoller(  851):  packet count Tx=1821056 Rx=5910120
05-18 10:19:17.317 E/appium  (28402): Element not found: 
05-18 10:19:17.317 E/appium  (28402): io.appium.uiautomator2.common.exceptions.ElementNotFoundException: Could not find an element using supplied strategy. 
05-18 10:19:17.317 E/appium  (28402): 	at io.appium.uiautomator2.handler.FindElement.getXPathUiObject(FindElement.java:80)
05-18 10:19:17.317 E/appium  (28402): 	at io.appium.uiautomator2.handler.FindElement.findElement(FindElement.java:153)
05-18 10:19:17.317 E/appium  (28402): 	at io.appium.uiautomator2.handler.FindElement.safeHandle(FindElement.java:102)
05-18 10:19:17.317 E/appium  (28402): 	at io.appium.uiautomator2.handler.request.SafeRequestHandler.handle(SafeRequestHandler.java:56)
05-18 10:19:17.317 E/appium  (28402): 	at io.appium.uiautomator2.server.AppiumServlet.handleRequest(AppiumServlet.java:202)
05-18 10:19:17.317 E/appium  (28402): 	at io.appium.uiautomator2.server.AppiumServlet.handleHttpRequest(AppiumServlet.java:193)
05-18 10:19:17.317 E/appium  (28402): 	at io.appium.uiautomator2.http.ServerHandler.channelRead(ServerHandler.java:44)
05-18 10:19:17.317 E/appium  (28402): 	at io.netty.channel.AbstractChannelHandlerContext.invokeChannelRead(AbstractChannelHandlerContext.java:366)
05-18 10:19:17.317 E/appium  (28402): 	at io.netty.channel.AbstractChannelHandlerContext.invokeChannelRead(AbstractChannelHandlerContext.java:352)
05-18 10:19:17.317 E/appium  (28402): 	at io.netty.channel.AbstractChannelHandlerContext.fireChannelRead(AbstractChannelHandlerContext.java:345)
05-18 10:19:17.317 E/appium  (28402): 	at io.netty.handler.codec.MessageToMessageDecoder.channelRead(MessageToMessageDecoder.java:102)
05-18 10:19:17.317 E/appium  (28402): 	at io.netty.channel.AbstractChannelHandlerContext.invokeChannelRead(AbstractChannelHandlerContext.java:366)
05-18 10:19:17.317 E/appium  (28402): 	at io.netty.channel.AbstractChannelHandlerContext.invokeChannelRead(AbstractChannelHandlerContext.java:352)
05-18 10:19:17.317 E/appium  (28402): 	at io.netty.channel.AbstractChannelHandlerContext.fireChannelRead(AbstractChannelHandlerContext.java:345)
05-18 10:19:17.317 E/appium  (28402): 	at io.netty.channel.CombinedChannelDuplexHandler$DelegatingChannelHandlerContext.fireChannelRead(CombinedChannelDuplexHandler.java:435)
05-18 10:19:17.317 E/appium  (28402): 	at io.netty.handler.codec.ByteToMessageDecoder.fireChannelRead(ByteToMessageDecoder.java:293)
05-18 10:19:17.317 E/appium  (28402): 	at io.netty.handler.codec.ByteToMessageDecoder.channelRead(ByteToMessageDecoder.java:267)
05-18 10:19:17.317 E/appium  (28402): 	at io.netty.channel.CombinedChannelDuplexHandler.channelRead(CombinedChannelDuplexHandler.java:250)
05-18 10:19:17.317 E/appium  (28402): 	at io.netty.channel.AbstractChannelHandlerContext.invokeChannelRead(AbstractChannelHandlerContext.java:366)
05-18 10:19:17.317 E/appium  (28402): 	at io.netty.channel.AbstractChannelHandlerContext.invokeChannelRead(AbstractChannelHandlerContext.java:352)
05-18 10:19:17.317 E/appium  (28402): 	at io.netty.channel.AbstractChannelHandlerContext.fireChannelRead(AbstractChannelHandlerContext.java:345)
05-18 10:19:17.317 E/appium  (28402): 	at io.netty.channel.DefaultChannelPipeline$HeadContext.channelRead(DefaultChannelPipeline.java:1294)
05-18 10:19:17.317 E/appium  (28402): 	at io.netty.channel.AbstractChannelHandlerContext.invokeChannelRead(AbstractChannelHandlerContext.java:366)
05-18 10:19:17.317 E/appium  (28402): 	at io.netty.channel.AbstractChannelHandlerContext.invokeChannelRead(AbstractChannelHandlerContext.java:352)
05-18 10:19:17.317 E/appium  (28402): 	at io.netty.channel.DefaultChannelPipeline.fireChannelRead(DefaultChannelPipeline.java:911)
05-18 10:19:17.317 E/appium  (28402): 	at io.netty.channel.nio.AbstractNioByteChannel$NioByteUnsafe.read(AbstractNioByteChannel.java:131)
05-18 10:19:17.317 E/appium  (28402): 	at io.netty.channel.nio.NioEventLoop.processSelectedKey(NioEventLoop.java:611)
05-18 10:19:17.317 E/appium  (28402): 	at io.netty.channel.nio.NioEventLoop.processSelectedKeysPlain(NioEventLoop.java:514)
05-18 10:19:17.317 E/appium  (28402): 	at io.netty.channel.nio.NioEventLoop.processSelectedKeys(NioEventLoop.java:468)
05-18 10:19:17.317 E/appium  (28402): 	at io.netty.channel.nio.NioEventLoop.run(NioEventLoop.java:438)
05-18 10:19:17.317 E/appium  (28402): 	at io.netty.util.concurrent.SingleThreadEventExecutor$2.run(SingleThreadEventExecutor.java:140)
05-18 10:19:17.317 E/appium  (28402): 	at io.netty.util.concurrent.DefaultThreadFactory$DefaultRunnableDecorator.run(DefaultThreadFactory.java:144)
05-18 10:19:17.317 E/appium  (28402): 	at java.lang.Thread.run(Thread.java:818)
05-18 10:19:17.394 E/WifiTrafficPoller(  851): TRAFFIC_STATS_POLL true Token 2644 num clients 16
05-18 10:19:17.394 E/WifiTrafficPoller(  851):  packet count Tx=1821274 Rx=5910450
05-18 10:19:18.283 E/appium  (28402): Element not found: 
05-18 10:19:18.283 E/appium  (28402): io.appium.uiautomator2.common.exceptions.ElementNotFoundException: Could not find an element using supplied strategy. 
05-18 10:19:18.283 E/appium  (28402): 	at io.appium.uiautomator2.handler.FindElement.getXPathUiObject(FindElement.java:80)
05-18 10:19:18.283 E/appium  (28402): 	at io.appium.uiautomator2.handler.FindElement.findElement(FindElement.java:153)
05-18 10:19:18.283 E/appium  (28402): 	at io.appium.uiautomator2.handler.FindElement.safeHandle(FindElement.java:102)
05-18 10:19:18.283 E/appium  (28402): 	at io.appium.uiautomator2.handler.request.SafeRequestHandler.handle(SafeRequestHandler.java:56)
05-18 10:19:18.283 E/appium  (28402): 	at io.appium.uiautomator2.server.AppiumServlet.handleRequest(AppiumServlet.java:202)
05-18 10:19:18.283 E/appium  (28402): 	at io.appium.uiautomator2.server.AppiumServlet.handleHttpRequest(AppiumServlet.java:193)
05-18 10:19:18.283 E/appium  (28402): 	at io.appium.uiautomator2.http.ServerHandler.channelRead(ServerHandler.java:44)
05-18 10:19:18.283 E/appium  (28402): 	at io.netty.channel.AbstractChannelHandlerContext.invokeChannelRead(AbstractChannelHandlerContext.java:366)
05-18 10:19:18.283 E/appium  (28402): 	at io.netty.channel.AbstractChannelHandlerContext.invokeChannelRead(AbstractChannelHandlerContext.java:352)
05-18 10:19:18.283 E/appium  (28402): 	at io.netty.channel.AbstractChannelHandlerContext.fireChannelRead(AbstractChannelHandlerContext.java:345)
05-18 10:19:18.283 E/appium  (28402): 	at io.netty.handler.codec.MessageToMessageDecoder.channelRead(MessageToMessageDecoder.java:102)
05-18 10:19:18.283 E/appium  (28402): 	at io.netty.channel.AbstractChannelHandlerContext.invokeChannelRead(AbstractChannelHandlerContext.java:366)
05-18 10:19:18.283 E/appium  (28402): 	at io.netty.channel.AbstractChannelHandlerContext.invokeChannelRead(AbstractChannelHandlerContext.java:352)
05-18 10:19:18.283 E/appium  (28402): 	at io.netty.channel.AbstractChannelHandlerContext.fireChannelRead(AbstractChannelHandlerContext.java:345)
05-18 10:19:18.283 E/appium  (28402): 	at io.netty.channel.CombinedChannelDuplexHandler$DelegatingChannelHandlerContext.fireChannelRead(CombinedChannelDuplexHandler.java:435)
05-18 10:19:18.283 E/appium  (28402): 	at io.netty.handler.codec.ByteToMessageDecoder.fireChannelRead(ByteToMessageDecoder.java:293)
05-18 10:19:18.283 E/appium  (28402): 	at io.netty.handler.codec.ByteToMessageDecoder.channelRead(ByteToMessageDecoder.java:267)
05-18 10:19:18.283 E/appium  (28402): 	at io.netty.channel.CombinedChannelDuplexHandler.channelRead(CombinedChannelDuplexHandler.java:250)
05-18 10:19:18.283 E/appium  (28402): 	at io.netty.channel.AbstractChannelHandlerContext.invokeChannelRead(AbstractChannelHandlerContext.java:366)
05-18 10:19:18.283 E/appium  (28402): 	at io.netty.channel.AbstractChannelHandlerContext.invokeChannelRead(AbstractChannelHandlerContext.java:352)
05-18 10:19:18.283 E/appium  (28402): 	at io.netty.channel.AbstractChannelHandlerContext.fireChannelRead(AbstractChannelHandlerContext.java:345)
05-18 10:19:18.283 E/appium  (28402): 	at io.netty.channel.DefaultChannelPipeline$HeadContext.channelRead(DefaultChannelPipeline.java:1294)
05-18 10:19:18.283 E/appium  (28402): 	at io.netty.channel.AbstractChannelHandlerContext.invokeChannelRead(AbstractChannelHandlerContext.java:366)
05-18 10:19:18.283 E/appium  (28402): 	at io.netty.channel.AbstractChannelHandlerContext.invokeChannelRead(AbstractChannelHandlerContext.java:352)
05-18 10:19:18.283 E/appium  (28402): 	at io.netty.channel.DefaultChannelPipeline.fireChannelRead(DefaultChannelPipeline.java:911)
05-18 10:19:18.283 E/appium  (28402): 	at io.netty.channel.nio.AbstractNioByteChannel$NioByteUnsafe.read(AbstractNioByteChannel.java:131)
05-18 10:19:18.283 E/appium  (28402): 	at io.netty.channel.nio.NioEventLoop.processSelectedKey(NioEventLoop.java:611)
05-18 10:19:18.283 E/appium  (28402): 	at io.netty.channel.nio.NioEventLoop.processSelectedKeysPlain(NioEventLoop.java:514)
05-18 10:19:18.283 E/appium  (28402): 	at io.netty.channel.nio.NioEventLoop.processSelectedKeys(NioEventLoop.java:468)
05-18 10:19:18.283 E/appium  (28402): 	at io.netty.channel.nio.NioEventLoop.run(NioEventLoop.java:438)
05-18 10:19:18.283 E/appium  (28402): 	at io.netty.util.concurrent.SingleThreadEventExecutor$2.run(SingleThreadEventExecutor.java:140)
05-18 10:19:18.283 E/appium  (28402): 	at io.netty.util.concurrent.DefaultThreadFactory$DefaultRunnableDecorator.run(DefaultThreadFactory.java:144)
05-18 10:19:18.283 E/appium  (28402): 	at java.lang.Thread.run(Thread.java:818)
05-18 10:19:18.395 E/WifiTrafficPoller(  851): TRAFFIC_STATS_POLL true Token 2644 num clients 16
05-18 10:19:18.396 E/WifiTrafficPoller(  851):  packet count Tx=1821512 Rx=5910772
05-18 10:19:18.749 E/WifiStateMachine(  851):  ConnectedState (when=-2ms what=131155 arg1=591!CMD_RSSI_POLL 591 0 "BOCO-office" 94:b4:0f:68:a4:b1 rssi=-51 f=5785 sc=80 link=135 tx=425.6, 0.0, 0.0  rx=637.7 bcn=0 [on:0 tx:0 rx:0 period:2999] from screen [on:0 period:612517821] gl rssi=-51 ag=0 hr ticks 314,77,49 ls-=0 [56,56,60,60,65] brc=0 lrc=0
05-18 10:19:18.752 E/WifiStateMachine(  851):  L2ConnectedState (when=-4ms what=131155 arg1=591!CMD_RSSI_POLL 591 0 "BOCO-office" 94:b4:0f:68:a4:b1 rssi=-51 f=5785 sc=80 link=135 tx=425.6, 0.0, 0.0  rx=637.7 bcn=0 [on:0 tx:0 rx:0 period:3] from screen [on:0 period:612517824] gl rssi=-51 ag=0 hr ticks 314,77,49 ls-=0 [56,56,60,60,65] brc=0 lrc=0
05-18 10:19:18.753 E/WifiStateMachine(  851):  get link layer stats 0
05-18 10:19:18.757 E/WifiStateMachine(  851): calculateWifiScore() we set wifi's score to 1000, so will always set wifi as a default network.
05-18 10:19:19.297 E/appium  (28402): Element not found: 
05-18 10:19:19.297 E/appium  (28402): io.appium.uiautomator2.common.exceptions.ElementNotFoundException: Could not find an element using supplied strategy. 
05-18 10:19:19.297 E/appium  (28402): 	at io.appium.uiautomator2.handler.FindElement.getXPathUiObject(FindElement.java:80)
05-18 10:19:19.297 E/appium  (28402): 	at io.appium.uiautomator2.handler.FindElement.findElement(FindElement.java:153)
05-18 10:19:19.297 E/appium  (28402): 	at io.appium.uiautomator2.handler.FindElement.safeHandle(FindElement.java:102)
05-18 10:19:19.297 E/appium  (28402): 	at io.appium.uiautomator2.handler.request.SafeRequestHandler.handle(SafeRequestHandler.java:56)
05-18 10:19:19.297 E/appium  (28402): 	at io.appium.uiautomator2.server.AppiumServlet.handleRequest(AppiumServlet.java:202)
05-18 10:19:19.297 E/appium  (28402): 	at io.appium.uiautomator2.server.AppiumServlet.handleHttpRequest(AppiumServlet.java:193)
05-18 10:19:19.297 E/appium  (28402): 	at io.appium.uiautomator2.http.ServerHandler.channelRead(ServerHandler.java:44)
05-18 10:19:19.297 E/appium  (28402): 	at io.netty.channel.AbstractChannelHandlerContext.invokeChannelRead(AbstractChannelHandlerContext.java:366)
05-18 10:19:19.297 E/appium  (28402): 	at io.netty.channel.AbstractChannelHandlerContext.invokeChannelRead(AbstractChannelHandlerContext.java:352)
05-18 10:19:19.297 E/appium  (28402): 	at io.netty.channel.AbstractChannelHandlerContext.fireChannelRead(AbstractChannelHandlerContext.java:345)
05-18 10:19:19.297 E/appium  (28402): 	at io.netty.handler.codec.MessageToMessageDecoder.channelRead(MessageToMessageDecoder.java:102)
05-18 10:19:19.297 E/appium  (28402): 	at io.netty.channel.AbstractChannelHandlerContext.invokeChannelRead(AbstractChannelHandlerContext.java:366)
05-18 10:19:19.297 E/appium  (28402): 	at io.netty.channel.AbstractChannelHandlerContext.invokeChannelRead(AbstractChannelHandlerContext.java:352)
05-18 10:19:19.297 E/appium  (28402): 	at io.netty.channel.AbstractChannelHandlerContext.fireChannelRead(AbstractChannelHandlerContext.java:345)
05-18 10:19:19.297 E/appium  (28402): 	at io.netty.channel.CombinedChannelDuplexHandler$DelegatingChannelHandlerContext.fireChannelRead(CombinedChannelDuplexHandler.java:435)
05-18 10:19:19.297 E/appium  (28402): 	at io.netty.handler.codec.ByteToMessageDecoder.fireChannelRead(ByteToMessageDecoder.java:293)
05-18 10:19:19.297 E/appium  (28402): 	at io.netty.handler.codec.ByteToMessageDecoder.channelRead(ByteToMessageDecoder.java:267)
05-18 10:19:19.297 E/appium  (28402): 	at io.netty.channel.CombinedChannelDuplexHandler.channelRead(CombinedChannelDuplexHandler.java:250)
05-18 10:19:19.297 E/appium  (28402): 	at io.netty.channel.AbstractChannelHandlerContext.invokeChannelRead(AbstractChannelHandlerContext.java:366)
05-18 10:19:19.297 E/appium  (28402): 	at io.netty.channel.AbstractChannelHandlerContext.invokeChannelRead(AbstractChannelHandlerContext.java:352)
05-18 10:19:19.297 E/appium  (28402): 	at io.netty.channel.AbstractChannelHandlerContext.fireChannelRead(AbstractChannelHandlerContext.java:345)
05-18 10:19:19.297 E/appium  (28402): 	at io.netty.channel.DefaultChannelPipeline$HeadContext.channelRead(DefaultChannelPipeline.java:1294)
05-18 10:19:19.297 E/appium  (28402): 	at io.netty.channel.AbstractChannelHandlerContext.invokeChannelRead(AbstractChannelHandlerContext.java:366)
05-18 10:19:19.297 E/appium  (28402): 	at io.netty.channel.AbstractChannelHandlerContext.invokeChannelRead(AbstractChannelHandlerContext.java:352)
05-18 10:19:19.297 E/appium  (28402): 	at io.netty.channel.DefaultChannelPipeline.fireChannelRead(DefaultChannelPipeline.java:911)
05-18 10:19:19.297 E/appium  (28402): 	at io.netty.channel.nio.AbstractNioByteChannel$NioByteUnsafe.read(AbstractNioByteChannel.java:131)
05-18 10:19:19.297 E/appium  (28402): 	at io.netty.channel.nio.NioEventLoop.processSelectedKey(NioEventLoop.java:611)
05-18 10:19:19.297 E/appium  (28402): 	at io.netty.channel.nio.NioEventLoop.processSelectedKeysPlain(NioEventLoop.java:514)
05-18 10:19:19.297 E/appium  (28402): 	at io.netty.channel.nio.NioEventLoop.processSelectedKeys(NioEventLoop.java:468)
05-18 10:19:19.297 E/appium  (28402): 	at io.netty.channel.nio.NioEventLoop.run(NioEventLoop.java:438)
05-18 10:19:19.297 E/appium  (28402): 	at io.netty.util.concurrent.SingleThreadEventExecutor$2.run(SingleThreadEventExecutor.java:140)
05-18 10:19:19.297 E/appium  (28402): 	at io.netty.util.concurrent.DefaultThreadFactory$DefaultRunnableDecorator.run(DefaultThreadFactory.java:144)
05-18 10:19:19.297 E/appium  (28402): 	at java.lang.Thread.run(Thread.java:818)
05-18 10:19:19.397 E/WifiTrafficPoller(  851): TRAFFIC_STATS_POLL true Token 2644 num clients 16
05-18 10:19:19.398 E/WifiTrafficPoller(  851):  packet count Tx=1821766 Rx=5911097
05-18 10:19:20.278 E/appium  (28402): Element not found: 
05-18 10:19:20.278 E/appium  (28402): io.appium.uiautomator2.common.exceptions.ElementNotFoundException: Could not find an element using supplied strategy. 
05-18 10:19:20.278 E/appium  (28402): 	at io.appium.uiautomator2.handler.FindElement.getXPathUiObject(FindElement.java:80)
05-18 10:19:20.278 E/appium  (28402): 	at io.appium.uiautomator2.handler.FindElement.findElement(FindElement.java:153)
05-18 10:19:20.278 E/appium  (28402): 	at io.appium.uiautomator2.handler.FindElement.safeHandle(FindElement.java:102)
05-18 10:19:20.278 E/appium  (28402): 	at io.appium.uiautomator2.handler.request.SafeRequestHandler.handle(SafeRequestHandler.java:56)
05-18 10:19:20.278 E/appium  (28402): 	at io.appium.uiautomator2.server.AppiumServlet.handleRequest(AppiumServlet.java:202)
05-18 10:19:20.278 E/appium  (28402): 	at io.appium.uiautomator2.server.AppiumServlet.handleHttpRequest(AppiumServlet.java:193)
05-18 10:19:20.278 E/appium  (28402): 	at io.appium.uiautomator2.http.ServerHandler.channelRead(ServerHandler.java:44)
05-18 10:19:20.278 E/appium  (28402): 	at io.netty.channel.AbstractChannelHandlerContext.invokeChannelRead(AbstractChannelHandlerContext.java:366)
05-18 10:19:20.278 E/appium  (28402): 	at io.netty.channel.AbstractChannelHandlerContext.invokeChannelRead(AbstractChannelHandlerContext.java:352)
05-18 10:19:20.278 E/appium  (28402): 	at io.netty.channel.AbstractChannelHandlerContext.fireChannelRead(AbstractChannelHandlerContext.java:345)
05-18 10:19:20.278 E/appium  (28402): 	at io.netty.handler.codec.MessageToMessageDecoder.channelRead(MessageToMessageDecoder.java:102)
05-18 10:19:20.278 E/appium  (28402): 	at io.netty.channel.AbstractChannelHandlerContext.invokeChannelRead(AbstractChannelHandlerContext.java:366)
05-18 10:19:20.278 E/appium  (28402): 	at io.netty.channel.AbstractChannelHandlerContext.invokeChannelRead(AbstractChannelHandlerContext.java:352)
05-18 10:19:20.278 E/appium  (28402): 	at io.netty.channel.AbstractChannelHandlerContext.fireChannelRead(AbstractChannelHandlerContext.java:345)
05-18 10:19:20.278 E/appium  (28402): 	at io.netty.channel.CombinedChannelDuplexHandler$DelegatingChannelHandlerContext.fireChannelRead(CombinedChannelDuplexHandler.java:435)
05-18 10:19:20.278 E/appium  (28402): 	at io.netty.handler.codec.ByteToMessageDecoder.fireChannelRead(ByteToMessageDecoder.java:293)
05-18 10:19:20.278 E/appium  (28402): 	at io.netty.handler.codec.ByteToMessageDecoder.channelRead(ByteToMessageDecoder.java:267)
05-18 10:19:20.278 E/appium  (28402): 	at io.netty.channel.CombinedChannelDuplexHandler.channelRead(CombinedChannelDuplexHandler.java:250)
05-18 10:19:20.278 E/appium  (28402): 	at io.netty.channel.AbstractChannelHandlerContext.invokeChannelRead(AbstractChannelHandlerContext.java:366)
05-18 10:19:20.278 E/appium  (28402): 	at io.netty.channel.AbstractChannelHandlerContext.invokeChannelRead(AbstractChannelHandlerContext.java:352)
05-18 10:19:20.278 E/appium  (28402): 	at io.netty.channel.AbstractChannelHandlerContext.fireChannelRead(AbstractChannelHandlerContext.java:345)
05-18 10:19:20.278 E/appium  (28402): 	at io.netty.channel.DefaultChannelPipeline$HeadContext.channelRead(DefaultChannelPipeline.java:1294)
05-18 10:19:20.278 E/appium  (28402): 	at io.netty.channel.AbstractChannelHandlerContext.invokeChannelRead(AbstractChannelHandlerContext.java:366)
05-18 10:19:20.278 E/appium  (28402): 	at io.netty.channel.AbstractChannelHandlerContext.invokeChannelRead(AbstractChannelHandlerContext.java:352)
05-18 10:19:20.278 E/appium  (28402): 	at io.netty.channel.DefaultChannelPipeline.fireChannelRead(DefaultChannelPipeline.java:911)
05-18 10:19:20.278 E/appium  (28402): 	at io.netty.channel.nio.AbstractNioByteChannel$NioByteUnsafe.read(AbstractNioByteChannel.java:131)
05-18 10:19:20.278 E/appium  (28402): 	at io.netty.channel.nio.NioEventLoop.processSelectedKey(NioEventLoop.java:611)
05-18 10:19:20.278 E/appium  (28402): 	at io.netty.channel.nio.NioEventLoop.processSelectedKeysPlain(NioEventLoop.java:514)
05-18 10:19:20.278 E/appium  (28402): 	at io.netty.channel.nio.NioEventLoop.processSelectedKeys(NioEventLoop.java:468)
05-18 10:19:20.278 E/appium  (28402): 	at io.netty.channel.nio.NioEventLoop.run(NioEventLoop.java:438)
05-18 10:19:20.278 E/appium  (28402): 	at io.netty.util.concurrent.SingleThreadEventExecutor$2.run(SingleThreadEventExecutor.java:140)
05-18 10:19:20.278 E/appium  (28402): 	at io.netty.util.concurrent.DefaultThreadFactory$DefaultRunnableDecorator.run(DefaultThreadFactory.java:144)
05-18 10:19:20.278 E/appium  (28402): 	at java.lang.Thread.run(Thread.java:818)
05-18 10:19:20.399 E/WifiTrafficPoller(  851): TRAFFIC_STATS_POLL true Token 2644 num clients 16
05-18 10:19:20.399 E/WifiTrafficPoller(  851):  packet count Tx=1822060 Rx=5911423
05-18 10:19:21.341 E/appium  (28402): Element not found: 
05-18 10:19:21.341 E/appium  (28402): io.appium.uiautomator2.common.exceptions.ElementNotFoundException: Could not find an element using supplied strategy. 
05-18 10:19:21.341 E/appium  (28402): 	at io.appium.uiautomator2.handler.FindElement.getXPathUiObject(FindElement.java:80)
05-18 10:19:21.341 E/appium  (28402): 	at io.appium.uiautomator2.handler.FindElement.findElement(FindElement.java:153)
05-18 10:19:21.341 E/appium  (28402): 	at io.appium.uiautomator2.handler.FindElement.safeHandle(FindElement.java:102)
05-18 10:19:21.341 E/appium  (28402): 	at io.appium.uiautomator2.handler.request.SafeRequestHandler.handle(SafeRequestHandler.java:56)
05-18 10:19:21.341 E/appium  (28402): 	at io.appium.uiautomator2.server.AppiumServlet.handleRequest(AppiumServlet.java:202)
05-18 10:19:21.341 E/appium  (28402): 	at io.appium.uiautomator2.server.AppiumServlet.handleHttpRequest(AppiumServlet.java:193)
05-18 10:19:21.341 E/appium  (28402): 	at io.appium.uiautomator2.http.ServerHandler.channelRead(ServerHandler.java:44)
05-18 10:19:21.341 E/appium  (28402): 	at io.netty.channel.AbstractChannelHandlerContext.invokeChannelRead(AbstractChannelHandlerContext.java:366)
05-18 10:19:21.341 E/appium  (28402): 	at io.netty.channel.AbstractChannelHandlerContext.invokeChannelRead(AbstractChannelHandlerContext.java:352)
05-18 10:19:21.341 E/appium  (28402): 	at io.netty.channel.AbstractChannelHandlerContext.fireChannelRead(AbstractChannelHandlerContext.java:345)
05-18 10:19:21.341 E/appium  (28402): 	at io.netty.handler.codec.MessageToMessageDecoder.channelRead(MessageToMessageDecoder.java:102)
05-18 10:19:21.341 E/appium  (28402): 	at io.netty.channel.AbstractChannelHandlerContext.invokeChannelRead(AbstractChannelHandlerContext.java:366)
05-18 10:19:21.341 E/appium  (28402): 	at io.netty.channel.AbstractChannelHandlerContext.invokeChannelRead(AbstractChannelHandlerContext.java:352)
05-18 10:19:21.341 E/appium  (28402): 	at io.netty.channel.AbstractChannelHandlerContext.fireChannelRead(AbstractChannelHandlerContext.java:345)
05-18 10:19:21.341 E/appium  (28402): 	at io.netty.channel.CombinedChannelDuplexHandler$DelegatingChannelHandlerContext.fireChannelRead(CombinedChannelDuplexHandler.java:435)
05-18 10:19:21.341 E/appium  (28402): 	at io.netty.handler.codec.ByteToMessageDecoder.fireChannelRead(ByteToMessageDecoder.java:293)
05-18 10:19:21.341 E/appium  (28402): 	at io.netty.handler.codec.ByteToMessageDecoder.channelRead(ByteToMessageDecoder.java:267)
05-18 10:19:21.341 E/appium  (28402): 	at io.netty.channel.CombinedChannelDuplexHandler.channelRead(CombinedChannelDuplexHandler.java:250)
05-18 10:19:21.341 E/appium  (28402): 	at io.netty.channel.AbstractChannelHandlerContext.invokeChannelRead(AbstractChannelHandlerContext.java:366)
05-18 10:19:21.341 E/appium  (28402): 	at io.netty.channel.AbstractChannelHandlerContext.invokeChannelRead(AbstractChannelHandlerContext.java:352)
05-18 10:19:21.341 E/appium  (28402): 	at io.netty.channel.AbstractChannelHandlerContext.fireChannelRead(AbstractChannelHandlerContext.java:345)
05-18 10:19:21.341 E/appium  (28402): 	at io.netty.channel.DefaultChannelPipeline$HeadContext.channelRead(DefaultChannelPipeline.java:1294)
05-18 10:19:21.341 E/appium  (28402): 	at io.netty.channel.AbstractChannelHandlerContext.invokeChannelRead(AbstractChannelHandlerContext.java:366)
05-18 10:19:21.341 E/appium  (28402): 	at io.netty.channel.AbstractChannelHandlerContext.invokeChannelRead(AbstractChannelHandlerContext.java:352)
05-18 10:19:21.341 E/appium  (28402): 	at io.netty.channel.DefaultChannelPipeline.fireChannelRead(DefaultChannelPipeline.java:911)
05-18 10:19:21.341 E/appium  (28402): 	at io.netty.channel.nio.AbstractNioByteChannel$NioByteUnsafe.read(AbstractNioByteChannel.java:131)
05-18 10:19:21.341 E/appium  (28402): 	at io.netty.channel.nio.NioEventLoop.processSelectedKey(NioEventLoop.java:611)
05-18 10:19:21.341 E/appium  (28402): 	at io.netty.channel.nio.NioEventLoop.processSelectedKeysPlain(NioEventLoop.java:514)
05-18 10:19:21.341 E/appium  (28402): 	at io.netty.channel.nio.NioEventLoop.processSelectedKeys(NioEventLoop.java:468)
05-18 10:19:21.341 E/appium  (28402): 	at io.netty.channel.nio.NioEventLoop.run(NioEventLoop.java:438)
05-18 10:19:21.341 E/appium  (28402): 	at io.netty.util.concurrent.SingleThreadEventExecutor$2.run(SingleThreadEventExecutor.java:140)
05-18 10:19:21.341 E/appium  (28402): 	at io.netty.util.concurrent.DefaultThreadFactory$DefaultRunnableDecorator.run(DefaultThreadFactory.java:144)
05-18 10:19:21.341 E/appium  (28402): 	at java.lang.Thread.run(Thread.java:818)
05-18 10:19:21.400 E/WifiTrafficPoller(  851): TRAFFIC_STATS_POLL true Token 2644 num clients 16
05-18 10:19:21.401 E/WifiTrafficPoller(  851):  packet count Tx=1822325 Rx=5911745
05-18 10:19:21.760 E/WifiStateMachine(  851):  ConnectedState (when=-1ms what=131155 arg1=591!CMD_RSSI_POLL 591 0 "BOCO-office" 94:b4:0f:68:a4:b1 rssi=-51 f=5785 sc=80 link=135 tx=569.3, 0.0, 0.0  rx=808.8 bcn=0 [on:0 tx:0 rx:0 period:2999] from screen [on:0 period:612520832] gl rssi=-51 ag=0 hr ticks 314,77,49 ls-=0 [56,56,60,60,65] brc=0 lrc=0
05-18 10:19:21.762 E/WifiStateMachine(  851):  L2ConnectedState (when=-4ms what=131155 arg1=591!CMD_RSSI_POLL 591 0 "BOCO-office" 94:b4:0f:68:a4:b1 rssi=-51 f=5785 sc=80 link=135 tx=569.3, 0.0, 0.0  rx=808.8 bcn=0 [on:0 tx:0 rx:0 period:2] from screen [on:0 period:612520834] gl rssi=-51 ag=0 hr ticks 314,77,49 ls-=0 [56,56,60,60,65] brc=0 lrc=0
05-18 10:19:21.762 E/WifiStateMachine(  851):  get link layer stats 0
05-18 10:19:21.765 E/WifiStateMachine(  851): calculateWifiScore() we set wifi's score to 1000, so will always set wifi as a default network.
05-18 10:19:22.375 E/appium  (28402): Element not found: 
05-18 10:19:22.375 E/appium  (28402): io.appium.uiautomator2.common.exceptions.ElementNotFoundException: Could not find an element using supplied strategy. 
05-18 10:19:22.375 E/appium  (28402): 	at io.appium.uiautomator2.handler.FindElement.getXPathUiObject(FindElement.java:80)
05-18 10:19:22.375 E/appium  (28402): 	at io.appium.uiautomator2.handler.FindElement.findElement(FindElement.java:153)
05-18 10:19:22.375 E/appium  (28402): 	at io.appium.uiautomator2.handler.FindElement.safeHandle(FindElement.java:102)
05-18 10:19:22.375 E/appium  (28402): 	at io.appium.uiautomator2.handler.request.SafeRequestHandler.handle(SafeRequestHandler.java:56)
05-18 10:19:22.375 E/appium  (28402): 	at io.appium.uiautomator2.server.AppiumServlet.handleRequest(AppiumServlet.java:202)
05-18 10:19:22.375 E/appium  (28402): 	at io.appium.uiautomator2.server.AppiumServlet.handleHttpRequest(AppiumServlet.java:193)
05-18 10:19:22.375 E/appium  (28402): 	at io.appium.uiautomator2.http.ServerHandler.channelRead(ServerHandler.java:44)
05-18 10:19:22.375 E/appium  (28402): 	at io.netty.channel.AbstractChannelHandlerContext.invokeChannelRead(AbstractChannelHandlerContext.java:366)
05-18 10:19:22.375 E/appium  (28402): 	at io.netty.channel.AbstractChannelHandlerContext.invokeChannelRead(AbstractChannelHandlerContext.java:352)
05-18 10:19:22.375 E/appium  (28402): 	at io.netty.channel.AbstractChannelHandlerContext.fireChannelRead(AbstractChannelHandlerContext.java:345)
05-18 10:19:22.375 E/appium  (28402): 	at io.netty.handler.codec.MessageToMessageDecoder.channelRead(MessageToMessageDecoder.java:102)
05-18 10:19:22.375 E/appium  (28402): 	at io.netty.channel.AbstractChannelHandlerContext.invokeChannelRead(AbstractChannelHandlerContext.java:366)
05-18 10:19:22.375 E/appium  (28402): 	at io.netty.channel.AbstractChannelHandlerContext.invokeChannelRead(AbstractChannelHandlerContext.java:352)
05-18 10:19:22.375 E/appium  (28402): 	at io.netty.channel.AbstractChannelHandlerContext.fireChannelRead(AbstractChannelHandlerContext.java:345)
05-18 10:19:22.375 E/appium  (28402): 	at io.netty.channel.CombinedChannelDuplexHandler$DelegatingChannelHandlerContext.fireChannelRead(CombinedChannelDuplexHandler.java:435)
05-18 10:19:22.375 E/appium  (28402): 	at io.netty.handler.codec.ByteToMessageDecoder.fireChannelRead(ByteToMessageDecoder.java:293)
05-18 10:19:22.375 E/appium  (28402): 	at io.netty.handler.codec.ByteToMessageDecoder.channelRead(ByteToMessageDecoder.java:267)
05-18 10:19:22.375 E/appium  (28402): 	at io.netty.channel.CombinedChannelDuplexHandler.channelRead(CombinedChannelDuplexHandler.java:250)
05-18 10:19:22.375 E/appium  (28402): 	at io.netty.channel.AbstractChannelHandlerContext.invokeChannelRead(AbstractChannelHandlerContext.java:366)
05-18 10:19:22.375 E/appium  (28402): 	at io.netty.channel.AbstractChannelHandlerContext.invokeChannelRead(AbstractChannelHandlerContext.java:352)
05-18 10:19:22.375 E/appium  (28402): 	at io.netty.channel.AbstractChannelHandlerContext.fireChannelRead(AbstractChannelHandlerContext.java:345)
05-18 10:19:22.375 E/appium  (28402): 	at io.netty.channel.DefaultChannelPipeline$HeadContext.channelRead(DefaultChannelPipeline.java:1294)
05-18 10:19:22.375 E/appium  (28402): 	at io.netty.channel.AbstractChannelHandlerContext.invokeChannelRead(AbstractChannelHandlerContext.java:366)
05-18 10:19:22.375 E/appium  (28402): 	at io.netty.channel.AbstractChannelHandlerContext.invokeChannelRead(AbstractChannelHandlerContext.java:352)
05-18 10:19:22.375 E/appium  (28402): 	at io.netty.channel.DefaultChannelPipeline.fireChannelRead(DefaultChannelPipeline.java:911)
05-18 10:19:22.375 E/appium  (28402): 	at io.netty.channel.nio.AbstractNioByteChannel$NioByteUnsafe.read(AbstractNioByteChannel.java:131)
05-18 10:19:22.375 E/appium  (28402): 	at io.netty.channel.nio.NioEventLoop.processSelectedKey(NioEventLoop.java:611)
05-18 10:19:22.375 E/appium  (28402): 	at io.netty.channel.nio.NioEventLoop.processSelectedKeysPlain(NioEventLoop.java:514)
05-18 10:19:22.375 E/appium  (28402): 	at io.netty.channel.nio.NioEventLoop.processSelectedKeys(NioEventLoop.java:468)
05-18 10:19:22.375 E/appium  (28402): 	at io.netty.channel.nio.NioEventLoop.run(NioEventLoop.java:438)
05-18 10:19:22.375 E/appium  (28402): 	at io.netty.util.concurrent.SingleThreadEventExecutor$2.run(SingleThreadEventExecutor.java:140)
05-18 10:19:22.375 E/appium  (28402): 	at io.netty.util.concurrent.DefaultThreadFactory$DefaultRunnableDecorator.run(DefaultThreadFactory.java:144)
05-18 10:19:22.375 E/appium  (28402): 	at java.lang.Thread.run(Thread.java:818)
05-18 10:19:22.401 E/WifiTrafficPoller(  851): TRAFFIC_STATS_POLL true Token 2644 num clients 16
05-18 10:19:22.402 E/WifiTrafficPoller(  851):  packet count Tx=1822551 Rx=5912072
05-18 10:19:23.364 E/appium  (28402): Element not found: 
05-18 10:19:23.364 E/appium  (28402): io.appium.uiautomator2.common.exceptions.ElementNotFoundException: Could not find an element using supplied strategy. 
05-18 10:19:23.364 E/appium  (28402): 	at io.appium.uiautomator2.handler.FindElement.getXPathUiObject(FindElement.java:80)
05-18 10:19:23.364 E/appium  (28402): 	at io.appium.uiautomator2.handler.FindElement.findElement(FindElement.java:153)
05-18 10:19:23.364 E/appium  (28402): 	at io.appium.uiautomator2.handler.FindElement.safeHandle(FindElement.java:102)
05-18 10:19:23.364 E/appium  (28402): 	at io.appium.uiautomator2.handler.request.SafeRequestHandler.handle(SafeRequestHandler.java:56)
05-18 10:19:23.364 E/appium  (28402): 	at io.appium.uiautomator2.server.AppiumServlet.handleRequest(AppiumServlet.java:202)
05-18 10:19:23.364 E/appium  (28402): 	at io.appium.uiautomator2.server.AppiumServlet.handleHttpRequest(AppiumServlet.java:193)
05-18 10:19:23.364 E/appium  (28402): 	at io.appium.uiautomator2.http.ServerHandler.channelRead(ServerHandler.java:44)
05-18 10:19:23.364 E/appium  (28402): 	at io.netty.channel.AbstractChannelHandlerContext.invokeChannelRead(AbstractChannelHandlerContext.java:366)
05-18 10:19:23.364 E/appium  (28402): 	at io.netty.channel.AbstractChannelHandlerContext.invokeChannelRead(AbstractChannelHandlerContext.java:352)
