05-18 17:29:39.881 E/GPSManager( 3366): Location changed : Lat: 40.00125 Lng: 105.56358166666665
05-18 17:29:40.871 E/GPSManager( 3366): Location changed : Lat: 40.00125 Lng: 105.56358166666665
05-18 17:29:41.891 E/GPSManager( 3366): Location changed : Lat: 40.00125 Lng: 105.56358166666665
05-18 17:29:42.911 E/GPSManager( 3366): Location changed : Lat: 40.00125 Lng: 105.56358166666665
05-18 17:29:43.921 E/GPSManager( 3366): Location changed : Lat: 40.00125 Lng: 105.56358166666665
05-18 17:29:44.931 E/GPSManager( 3366): Location changed : Lat: 40.00125 Lng: 105.56358166666665
05-18 17:29:45.951 E/GPSManager( 3366): Location changed : Lat: 40.00125 Lng: 105.56358166666665
05-18 17:29:46.961 E/GPSManager( 3366): Location changed : Lat: 40.00125 Lng: 105.56358166666665
05-18 17:29:47.951 E/GPSManager( 3366): Location changed : Lat: 40.00125 Lng: 105.56358166666665
05-18 17:29:48.981 E/GPSManager( 3366): Location changed : Lat: 40.00125 Lng: 105.56358166666665
05-18 17:29:49.991 E/GPSManager( 3366): Location changed : Lat: 40.00125 Lng: 105.56358166666665
05-18 17:29:51.001 E/GPSManager( 3366): Location changed : Lat: 40.00125 Lng: 105.56358166666665
05-18 17:29:52.001 E/GPSManager( 3366): Location changed : Lat: 40.00125 Lng: 105.56358166666665
05-18 17:29:53.011 E/GPSManager( 3366): Location changed : Lat: 40.00125 Lng: 105.56358166666665
05-18 17:29:54.021 E/GPSManager( 3366): Location changed : Lat: 40.00125 Lng: 105.56358166666665
05-18 17:29:55.021 E/GPSManager( 3366): Location changed : Lat: 40.00125 Lng: 105.56358166666665
05-18 17:29:56.041 E/GPSManager( 3366): Location changed : Lat: 40.00125 Lng: 105.56358166666665
05-18 17:29:57.041 E/GPSManager( 3366): Location changed : Lat: 40.00125 Lng: 105.56358166666665
05-18 17:29:58.081 E/GPSManager( 3366): Location changed : Lat: 40.00125 Lng: 105.56358166666665
05-18 17:29:59.101 E/GPSManager( 3366): Location changed : Lat: 40.00125 Lng: 105.56358166666665
05-18 17:30:00.061 E/GPSManager( 3366): Location changed : Lat: 40.00125 Lng: 105.56358166666665
05-18 17:30:01.061 E/GPSManager( 3366): Location changed : Lat: 40.00125 Lng: 105.56358166666665
05-18 17:30:02.071 E/GPSManager( 3366): Location changed : Lat: 40.00125 Lng: 105.56358166666665
05-18 17:30:03.081 E/GPSManager( 3366): Location changed : Lat: 40.00125 Lng: 105.56358166666665
05-18 17:30:04.091 E/GPSManager( 3366): Location changed : Lat: 40.00125 Lng: 105.56358166666665
05-18 17:30:04.881 E/cutils-trace( 6166): Error opening trace file: No such file or directory (2)
05-18 17:30:05.081 E/GPSManager( 3366): Location changed : Lat: 40.00125 Lng: 105.56358166666665
05-18 17:30:05.401 E/memtrack( 6250): Couldn't load memtrack module (No such file or directory)
05-18 17:30:05.401 E/android.os.Debug( 6250): failed to load memtrack module: -2
05-18 17:30:05.471 E/cutils-trace( 6250): Error opening trace file: No such file or directory (2)
05-18 17:30:05.811 E/InputDispatcher(  341): channel '4aa3ae78 com.boco.apphall/com.boco.apphall.login.WelcomActivity (server)' ~ Channel is unrecoverably broken and will be disposed!
05-18 17:30:05.811 E/InputDispatcher(  341): channel '4a958d50 com.boco.apphall/com.boco.apphall.login.LoginActivityNormal (server)' ~ Channel is unrecoverably broken and will be disposed!
05-18 17:30:05.841 E/Cataloger( 1301): syncFile:/storage/emulated/0/Android/data/com.boco.apphall/cache/uil-images/journal
05-18 17:30:05.841 E/Cataloger( 1301): need not sync path:/storage/emulated/0/Android/data/com.boco.apphall/cache/uil-images/journal
05-18 17:30:06.091 E/GPSManager( 3366): Location changed : Lat: 40.00125 Lng: 105.56358166666665
05-18 17:30:07.091 E/GPSManager( 3366): Location changed : Lat: 40.00125 Lng: 105.56358166666665
05-18 17:30:08.091 E/GPSManager( 3366): Location changed : Lat: 40.00125 Lng: 105.56358166666665
05-18 17:30:09.111 E/GPSManager( 3366): Location changed : Lat: 40.00125 Lng: 105.56358166666665
05-18 17:30:10.141 E/GPSManager( 3366): Location changed : Lat: 40.00125 Lng: 105.56358166666665
05-18 17:30:11.171 E/GPSManager( 3366): Location changed : Lat: 40.00125 Lng: 105.56358166666665
05-18 17:30:12.131 E/GPSManager( 3366): Location changed : Lat: 40.00125 Lng: 105.56358166666665
05-18 17:30:13.161 E/GPSManager( 3366): Location changed : Lat: 40.00125 Lng: 105.56358166666665
05-18 17:30:14.171 E/GPSManager( 3366): Location changed : Lat: 40.00125 Lng: 105.56358166666665
05-18 17:30:15.171 E/GPSManager( 3366): Location changed : Lat: 40.00125 Lng: 105.56358166666665
05-18 17:30:16.171 E/GPSManager( 3366): Location changed : Lat: 40.00125 Lng: 105.56358166666665
05-18 17:30:17.171 E/GPSManager( 3366): Location changed : Lat: 40.00125 Lng: 105.56358166666665
05-18 17:30:18.181 E/GPSManager( 3366): Location changed : Lat: 40.00125 Lng: 105.56358166666665
05-18 17:30:19.181 E/GPSManager( 3366): Location changed : Lat: 40.00125 Lng: 105.56358166666665
05-18 17:30:20.181 E/GPSManager( 3366): Location changed : Lat: 40.00125 Lng: 105.56358166666665
05-18 17:30:21.251 E/GPSManager( 3366): Location changed : Lat: 40.00125 Lng: 105.56358166666665
05-18 17:30:22.211 E/GPSManager( 3366): Location changed : Lat: 40.00125 Lng: 105.56358166666665
05-18 17:30:23.201 E/GPSManager( 3366): Location changed : Lat: 40.00125 Lng: 105.56358166666665
05-18 17:30:24.221 E/GPSManager( 3366): Location changed : Lat: 40.00125 Lng: 105.56358166666665
05-18 17:30:25.211 E/GPSManager( 3366): Location changed : Lat: 40.00125 Lng: 105.56358166666665
05-18 17:30:26.221 E/GPSManager( 3366): Location changed : Lat: 40.00125 Lng: 105.56358166666665
05-18 17:30:27.241 E/GPSManager( 3366): Location changed : Lat: 40.00125 Lng: 105.56358166666665
05-18 17:30:28.231 E/GPSManager( 3366): Location changed : Lat: 40.00125 Lng: 105.56358166666665
05-18 17:30:29.241 E/GPSManager( 3366): Location changed : Lat: 40.00125 Lng: 105.56358166666665
05-18 17:30:30.241 E/GPSManager( 3366): Location changed : Lat: 40.00125 Lng: 105.56358166666665
05-18 17:30:31.241 E/GPSManager( 3366): Location changed : Lat: 40.00125 Lng: 105.56358166666665
05-18 17:30:32.261 E/GPSManager( 3366): Location changed : Lat: 40.00125 Lng: 105.56358166666665
05-18 17:30:33.261 E/GPSManager( 3366): Location changed : Lat: 40.00125 Lng: 105.56358166666665
05-18 17:30:34.261 E/GPSManager( 3366): Location changed : Lat: 40.00125 Lng: 105.56358166666665
05-18 17:30:35.261 E/GPSManager( 3366): Location changed : Lat: 40.00125 Lng: 105.56358166666665
05-18 17:30:36.291 E/GPSManager( 3366): Location changed : Lat: 40.00125 Lng: 105.56358166666665
05-18 17:30:37.281 E/GPSManager( 3366): Location changed : Lat: 40.00125 Lng: 105.56358166666665
05-18 17:30:38.321 E/GPSManager( 3366): Location changed : Lat: 40.00125 Lng: 105.56358166666665
05-18 17:30:39.321 E/GPSManager( 3366): Location changed : Lat: 40.00125 Lng: 105.56358166666665
05-18 17:30:40.321 E/GPSManager( 3366): Location changed : Lat: 40.00125 Lng: 105.56358166666665
05-18 17:30:41.321 E/GPSManager( 3366): Location changed : Lat: 40.00125 Lng: 105.56358166666665
05-18 17:30:42.361 E/GPSManager( 3366): Location changed : Lat: 40.00125 Lng: 105.56358166666665
05-18 17:30:43.351 E/GPSManager( 3366): Location changed : Lat: 40.00125 Lng: 105.56358166666665
05-18 17:30:44.401 E/GPSManager( 3366): Location changed : Lat: 40.00125 Lng: 105.56358166666665
05-18 17:30:45.431 E/GPSManager( 3366): Location changed : Lat: 40.00125 Lng: 105.56358166666665
05-18 17:30:46.381 E/GPSManager( 3366): Location changed : Lat: 40.00125 Lng: 105.56358166666665
05-18 17:30:47.381 E/GPSManager( 3366): Location changed : Lat: 40.00125 Lng: 105.56358166666665
05-18 17:30:48.391 E/GPSManager( 3366): Location changed : Lat: 40.00125 Lng: 105.56358166666665
05-18 17:30:49.401 E/GPSManager( 3366): Location changed : Lat: 40.00125 Lng: 105.56358166666665
05-18 17:30:50.421 E/GPSManager( 3366): Location changed : Lat: 40.00125 Lng: 105.56358166666665
05-18 17:30:51.421 E/GPSManager( 3366): Location changed : Lat: 40.00125 Lng: 105.56358166666665
05-18 17:30:52.441 E/GPSManager( 3366): Location changed : Lat: 40.00125 Lng: 105.56358166666665
05-18 17:30:53.431 E/GPSManager( 3366): Location changed : Lat: 40.00125 Lng: 105.56358166666665
05-18 17:30:54.471 E/GPSManager( 3366): Location changed : Lat: 40.00125 Lng: 105.56358166666665
05-18 17:30:55.451 E/GPSManager( 3366): Location changed : Lat: 40.00125 Lng: 105.56358166666665
05-18 17:30:56.471 E/GPSManager( 3366): Location changed : Lat: 40.00125 Lng: 105.56358166666665
05-18 17:30:57.461 E/GPSManager( 3366): Location changed : Lat: 40.00125 Lng: 105.56358166666665
05-18 17:30:58.501 E/GPSManager( 3366): Location changed : Lat: 40.00125 Lng: 105.56358166666665
05-18 17:30:59.481 E/GPSManager( 3366): Location changed : Lat: 40.00125 Lng: 105.56358166666665
05-18 17:31:00.491 E/GPSManager( 3366): Location changed : Lat: 40.00125 Lng: 105.56358166666665
05-18 17:31:01.481 E/GPSManager( 3366): Location changed : Lat: 40.00125 Lng: 105.56358166666665
05-18 17:31:02.481 E/GPSManager( 3366): Location changed : Lat: 40.00125 Lng: 105.56358166666665
05-18 17:31:03.491 E/GPSManager( 3366): Location changed : Lat: 40.00125 Lng: 105.56358166666665
05-18 17:31:04.551 E/GPSManager( 3366): Location changed : Lat: 40.00125 Lng: 105.56358166666665
05-18 17:31:05.521 E/GPSManager( 3366): Location changed : Lat: 40.00125 Lng: 105.56358166666665
05-18 17:31:06.541 E/GPSManager( 3366): Location changed : Lat: 40.00125 Lng: 105.56358166666665
05-18 17:31:07.521 E/GPSManager( 3366): Location changed : Lat: 40.00125 Lng: 105.56358166666665
05-18 17:31:08.541 E/GPSManager( 3366): Location changed : Lat: 40.00125 Lng: 105.56358166666665
05-18 17:31:09.541 E/GPSManager( 3366): Location changed : Lat: 40.00125 Lng: 105.56358166666665
05-18 17:31:10.541 E/GPSManager( 3366): Location changed : Lat: 40.00125 Lng: 105.56358166666665
05-18 17:31:11.571 E/GPSManager( 3366): Location changed : Lat: 40.00125 Lng: 105.56358166666665
05-18 17:31:12.601 E/GPSManager( 3366): Location changed : Lat: 40.00125 Lng: 105.56358166666665
05-18 17:31:13.581 E/GPSManager( 3366): Location changed : Lat: 40.00125 Lng: 105.56358166666665
05-18 17:31:14.591 E/GPSManager( 3366): Location changed : Lat: 40.00125 Lng: 105.56358166666665
05-18 17:31:15.601 E/GPSManager( 3366): Location changed : Lat: 40.00125 Lng: 105.56358166666665
05-18 17:31:16.621 E/GPSManager( 3366): Location changed : Lat: 40.00125 Lng: 105.56358166666665
05-18 17:31:17.611 E/GPSManager( 3366): Location changed : Lat: 40.00125 Lng: 105.56358166666665
05-18 17:31:18.631 E/GPSManager( 3366): Location changed : Lat: 40.00125 Lng: 105.56358166666665
05-18 17:31:19.641 E/GPSManager( 3366): Location changed : Lat: 40.00125 Lng: 105.56358166666665
05-18 17:31:20.661 E/GPSManager( 3366): Location changed : Lat: 40.00125 Lng: 105.56358166666665
05-18 17:31:21.651 E/GPSManager( 3366): Location changed : Lat: 40.00125 Lng: 105.56358166666665
05-18 17:31:22.671 E/GPSManager( 3366): Location changed : Lat: 40.00125 Lng: 105.56358166666665
05-18 17:31:23.691 E/GPSManager( 3366): Location changed : Lat: 40.00125 Lng: 105.56358166666665
05-18 17:31:24.701 E/GPSManager( 3366): Location changed : Lat: 40.00125 Lng: 105.56358166666665
05-18 17:31:25.701 E/GPSManager( 3366): Location changed : Lat: 40.00125 Lng: 105.56358166666665
05-18 17:31:26.721 E/GPSManager( 3366): Location changed : Lat: 40.00125 Lng: 105.56358166666665
05-18 17:31:27.731 E/GPSManager( 3366): Location changed : Lat: 40.00125 Lng: 105.56358166666665
05-18 17:31:28.721 E/GPSManager( 3366): Location changed : Lat: 40.00125 Lng: 105.56358166666665
05-18 17:31:29.751 E/GPSManager( 3366): Location changed : Lat: 40.00125 Lng: 105.56358166666665
05-18 17:31:30.761 E/GPSManager( 3366): Location changed : Lat: 40.00125 Lng: 105.56358166666665
05-18 17:31:31.751 E/GPSManager( 3366): Location changed : Lat: 40.00125 Lng: 105.56358166666665
05-18 17:31:32.771 E/GPSManager( 3366): Location changed : Lat: 40.00125 Lng: 105.56358166666665
05-18 17:31:33.801 E/GPSManager( 3366): Location changed : Lat: 40.00125 Lng: 105.56358166666665
05-18 17:31:34.811 E/GPSManager( 3366): Location changed : Lat: 40.00125 Lng: 105.56358166666665
05-18 17:31:35.811 E/GPSManager( 3366): Location changed : Lat: 40.00125 Lng: 105.56358166666665
05-18 17:31:36.831 E/GPSManager( 3366): Location changed : Lat: 40.00125 Lng: 105.56358166666665
05-18 17:31:37.851 E/GPSManager( 3366): Location changed : Lat: 40.00125 Lng: 105.56358166666665
05-18 17:31:38.871 E/GPSManager( 3366): Location changed : Lat: 40.00125 Lng: 105.56358166666665
05-18 17:31:39.871 E/GPSManager( 3366): Location changed : Lat: 40.00125 Lng: 105.56358166666665
05-18 17:31:40.881 E/GPSManager( 3366): Location changed : Lat: 40.00125 Lng: 105.56358166666665
05-18 17:31:41.881 E/GPSManager( 3366): Location changed : Lat: 40.00125 Lng: 105.56358166666665
05-18 17:31:42.891 E/GPSManager( 3366): Location changed : Lat: 40.00125 Lng: 105.56358166666665
05-18 17:31:43.901 E/GPSManager( 3366): Location changed : Lat: 40.00125 Lng: 105.56358166666665
05-18 17:31:44.911 E/GPSManager( 3366): Location changed : Lat: 40.00125 Lng: 105.56358166666665
05-18 17:31:45.921 E/GPSManager( 3366): Location changed : Lat: 40.00125 Lng: 105.56358166666665
05-18 17:31:46.931 E/GPSManager( 3366): Location changed : Lat: 40.00125 Lng: 105.56358166666665
05-18 17:31:47.951 E/GPSManager( 3366): Location changed : Lat: 40.00125 Lng: 105.56358166666665
05-18 17:31:48.941 E/GPSManager( 3366): Location changed : Lat: 40.00125 Lng: 105.56358166666665
05-18 17:31:49.971 E/GPSManager( 3366): Location changed : Lat: 40.00125 Lng: 105.56358166666665
05-18 17:31:50.991 E/GPSManager( 3366): Location changed : Lat: 40.00125 Lng: 105.56358166666665
05-18 17:31:51.991 E/GPSManager( 3366): Location changed : Lat: 40.00125 Lng: 105.56358166666665
05-18 17:31:53.011 E/GPSManager( 3366): Location changed : Lat: 40.00125 Lng: 105.56358166666665
05-18 17:31:54.001 E/GPSManager( 3366): Location changed : Lat: 40.00125 Lng: 105.56358166666665
05-18 17:31:55.011 E/GPSManager( 3366): Location changed : Lat: 40.00125 Lng: 105.56358166666665
05-18 17:31:56.011 E/GPSManager( 3366): Location changed : Lat: 40.00125 Lng: 105.56358166666665
05-18 17:31:57.031 E/GPSManager( 3366): Location changed : Lat: 40.00125 Lng: 105.56358166666665
05-18 17:31:58.031 E/GPSManager( 3366): Location changed : Lat: 40.00125 Lng: 105.56358166666665
05-18 17:31:59.031 E/GPSManager( 3366): Location changed : Lat: 40.00125 Lng: 105.56358166666665
05-18 17:32:00.041 E/GPSManager( 3366): Location changed : Lat: 40.00125 Lng: 105.56358166666665
05-18 17:32:01.071 E/GPSManager( 3366): Location changed : Lat: 40.00125 Lng: 105.56358166666665
05-18 17:32:02.101 E/GPSManager( 3366): Location changed : Lat: 40.00125 Lng: 105.56358166666665
05-18 17:32:03.081 E/GPSManager( 3366): Location changed : Lat: 40.00125 Lng: 105.56358166666665
05-18 17:32:04.091 E/GPSManager( 3366): Location changed : Lat: 40.00125 Lng: 105.56358166666665
05-18 17:32:05.131 E/GPSManager( 3366): Location changed : Lat: 40.00125 Lng: 105.56358166666665
05-18 17:32:06.111 E/GPSManager( 3366): Location changed : Lat: 40.00125 Lng: 105.56358166666665
05-18 17:32:07.141 E/GPSManager( 3366): Location changed : Lat: 40.00125 Lng: 105.56358166666665
05-18 17:32:08.151 E/GPSManager( 3366): Location changed : Lat: 40.00125 Lng: 105.56358166666665
05-18 17:32:09.131 E/GPSManager( 3366): Location changed : Lat: 40.00125 Lng: 105.56358166666665
05-18 17:32:10.131 E/GPSManager( 3366): Location changed : Lat: 40.00125 Lng: 105.56358166666665
05-18 17:32:11.141 E/GPSManager( 3366): Location changed : Lat: 40.00125 Lng: 105.56358166666665
05-18 17:32:12.151 E/GPSManager( 3366): Location changed : Lat: 40.00125 Lng: 105.56358166666665
05-18 17:32:13.141 E/GPSManager( 3366): Location changed : Lat: 40.00125 Lng: 105.56358166666665
05-18 17:32:14.151 E/GPSManager( 3366): Location changed : Lat: 40.00125 Lng: 105.56358166666665
05-18 17:32:15.151 E/GPSManager( 3366): Location changed : Lat: 40.00125 Lng: 105.56358166666665
05-18 17:32:16.161 E/GPSManager( 3366): Location changed : Lat: 40.00125 Lng: 105.56358166666665
05-18 17:32:17.201 E/GPSManager( 3366): Location changed : Lat: 40.00125 Lng: 105.56358166666665
05-18 17:32:18.181 E/GPSManager( 3366): Location changed : Lat: 40.00125 Lng: 105.56358166666665
05-18 17:32:19.171 E/GPSManager( 3366): Location changed : Lat: 40.00125 Lng: 105.56358166666665
05-18 17:32:20.201 E/GPSManager( 3366): Location changed : Lat: 40.00125 Lng: 105.56358166666665
05-18 17:32:21.211 E/GPSManager( 3366): Location changed : Lat: 40.00125 Lng: 105.56358166666665
05-18 17:32:22.211 E/GPSManager( 3366): Location changed : Lat: 40.00125 Lng: 105.56358166666665
05-18 17:32:23.201 E/GPSManager( 3366): Location changed : Lat: 40.00125 Lng: 105.56358166666665
05-18 17:32:24.221 E/GPSManager( 3366): Location changed : Lat: 40.00125 Lng: 105.56358166666665
05-18 17:32:25.221 E/GPSManager( 3366): Location changed : Lat: 40.00125 Lng: 105.56358166666665
05-18 17:32:26.221 E/GPSManager( 3366): Location changed : Lat: 40.00125 Lng: 105.56358166666665
05-18 17:32:27.271 E/GPSManager( 3366): Location changed : Lat: 40.00125 Lng: 105.56358166666665
05-18 17:32:28.241 E/GPSManager( 3366): Location changed : Lat: 40.00125 Lng: 105.56358166666665
05-18 17:32:29.251 E/GPSManager( 3366): Location changed : Lat: 40.00125 Lng: 105.56358166666665
05-18 17:32:30.311 E/GPSManager( 3366): Location changed : Lat: 40.00125 Lng: 105.56358166666665
05-18 17:32:31.281 E/GPSManager( 3366): Location changed : Lat: 40.00125 Lng: 105.56358166666665
05-18 17:32:32.301 E/GPSManager( 3366): Location changed : Lat: 40.00125 Lng: 105.56358166666665
05-18 17:32:33.321 E/GPSManager( 3366): Location changed : Lat: 40.00125 Lng: 105.56358166666665
05-18 17:32:34.301 E/GPSManager( 3366): Location changed : Lat: 40.00125 Lng: 105.56358166666665
05-18 17:32:35.321 E/GPSManager( 3366): Location changed : Lat: 40.00125 Lng: 105.56358166666665
05-18 17:32:36.331 E/GPSManager( 3366): Location changed : Lat: 40.00125 Lng: 105.56358166666665
05-18 17:32:37.341 E/GPSManager( 3366): Location changed : Lat: 40.00125 Lng: 105.56358166666665
05-18 17:32:38.341 E/GPSManager( 3366): Location changed : Lat: 40.00125 Lng: 105.56358166666665
05-18 17:32:39.351 E/GPSManager( 3366): Location changed : Lat: 40.00125 Lng: 105.56358166666665
05-18 17:32:40.351 E/GPSManager( 3366): Location changed : Lat: 40.00125 Lng: 105.56358166666665
05-18 17:32:41.361 E/GPSManager( 3366): Location changed : Lat: 40.00125 Lng: 105.56358166666665
05-18 17:32:42.371 E/GPSManager( 3366): Location changed : Lat: 40.00125 Lng: 105.56358166666665
05-18 17:32:43.381 E/GPSManager( 3366): Location changed : Lat: 40.00125 Lng: 105.56358166666665
05-18 17:32:44.381 E/GPSManager( 3366): Location changed : Lat: 40.00125 Lng: 105.56358166666665
05-18 17:32:45.401 E/GPSManager( 3366): Location changed : Lat: 40.00125 Lng: 105.56358166666665
05-18 17:32:46.411 E/GPSManager( 3366): Location changed : Lat: 40.00125 Lng: 105.56358166666665
05-18 17:32:47.431 E/GPSManager( 3366): Location changed : Lat: 40.00125 Lng: 105.56358166666665
05-18 17:32:48.411 E/GPSManager( 3366): Location changed : Lat: 40.00125 Lng: 105.56358166666665
05-18 17:32:49.421 E/GPSManager( 3366): Location changed : Lat: 40.00125 Lng: 105.56358166666665
05-18 17:32:50.431 E/GPSManager( 3366): Location changed : Lat: 40.00125 Lng: 105.56358166666665
05-18 17:32:51.451 E/GPSManager( 3366): Location changed : Lat: 40.00125 Lng: 105.56358166666665
05-18 17:32:52.461 E/GPSManager( 3366): Location changed : Lat: 40.00125 Lng: 105.56358166666665
05-18 17:32:53.121 E/CheckinTask(  956): Checkin failed: https://android.clients.google.com/checkin (request #0): java.net.SocketTimeoutException: failed to connect to android.clients.google.com/74.125.204.138 (port 443) after 120000ms: isConnected failed: ETIMEDOUT (Connection timed out)
05-18 17:32:53.221 E/GCM     (  731): Missing checkin config file
05-18 17:32:53.291 E/Herrevad(  956): [347] RemoteReportsRefreshChimeraService.a: want to send authenticated request, but no Google account on device
05-18 17:32:53.451 E/GPSManager( 3366): Location changed : Lat: 40.00125 Lng: 105.56358166666665
05-18 17:32:54.471 E/GPSManager( 3366): Location changed : Lat: 40.00125 Lng: 105.56358166666665
05-18 17:32:55.471 E/GPSManager( 3366): Location changed : Lat: 40.00125 Lng: 105.56358166666665
05-18 17:32:56.481 E/GPSManager( 3366): Location changed : Lat: 40.00125 Lng: 105.56358166666665
05-18 17:32:57.471 E/GPSManager( 3366): Location changed : Lat: 40.00125 Lng: 105.56358166666665
05-18 17:32:58.481 E/GPSManager( 3366): Location changed : Lat: 40.00125 Lng: 105.56358166666665
05-18 17:32:59.491 E/GPSManager( 3366): Location changed : Lat: 40.00125 Lng: 105.56358166666665
05-18 17:33:00.491 E/GPSManager( 3366): Location changed : Lat: 40.00125 Lng: 105.56358166666665
05-18 17:33:01.481 E/GPSManager( 3366): Location changed : Lat: 40.00125 Lng: 105.56358166666665
05-18 17:33:02.501 E/GPSManager( 3366): Location changed : Lat: 40.00125 Lng: 105.56358166666665
05-18 17:33:03.531 E/GPSManager( 3366): Location changed : Lat: 40.00125 Lng: 105.56358166666665
05-18 17:33:04.511 E/GPSManager( 3366): Location changed : Lat: 40.00125 Lng: 105.56358166666665
05-18 17:33:05.521 E/GPSManager( 3366): Location changed : Lat: 40.00125 Lng: 105.56358166666665
05-18 17:33:06.521 E/GPSManager( 3366): Location changed : Lat: 40.00125 Lng: 105.56358166666665
05-18 17:33:07.521 E/GPSManager( 3366): Location changed : Lat: 40.00125 Lng: 105.56358166666665
05-18 17:33:08.521 E/GPSManager( 3366): Location changed : Lat: 40.00125 Lng: 105.56358166666665
05-18 17:33:09.541 E/GPSManager( 3366): Location changed : Lat: 40.00125 Lng: 105.56358166666665
05-18 17:33:10.531 E/GPSManager( 3366): Location changed : Lat: 40.00125 Lng: 105.56358166666665
05-18 17:33:11.531 E/GPSManager( 3366): Location changed : Lat: 40.00125 Lng: 105.56358166666665
05-18 17:33:12.551 E/GPSManager( 3366): Location changed : Lat: 40.00125 Lng: 105.56358166666665
05-18 17:33:13.551 E/GPSManager( 3366): Location changed : Lat: 40.00125 Lng: 105.56358166666665
05-18 17:33:14.551 E/GPSManager( 3366): Location changed : Lat: 40.00125 Lng: 105.56358166666665
05-18 17:33:15.551 E/GPSManager( 3366): Location changed : Lat: 40.00125 Lng: 105.56358166666665
05-18 17:33:16.581 E/GPSManager( 3366): Location changed : Lat: 40.00125 Lng: 105.56358166666665
05-18 17:33:17.571 E/GPSManager( 3366): Location changed : Lat: 40.00125 Lng: 105.56358166666665
05-18 17:33:18.571 E/GPSManager( 3366): Location changed : Lat: 40.00125 Lng: 105.56358166666665
05-18 17:33:19.591 E/GPSManager( 3366): Location changed : Lat: 40.00125 Lng: 105.56358166666665
05-18 17:33:20.591 E/GPSManager( 3366): Location changed : Lat: 40.00125 Lng: 105.56358166666665
05-18 17:33:21.591 E/GPSManager( 3366): Location changed : Lat: 40.00125 Lng: 105.56358166666665
05-18 17:33:22.591 E/GPSManager( 3366): Location changed : Lat: 40.00125 Lng: 105.56358166666665
05-18 17:33:23.601 E/GPSManager( 3366): Location changed : Lat: 40.00125 Lng: 105.56358166666665
05-18 17:33:24.591 E/GPSManager( 3366): Location changed : Lat: 40.00125 Lng: 105.56358166666665
05-18 17:33:25.611 E/GPSManager( 3366): Location changed : Lat: 40.00125 Lng: 105.56358166666665
05-18 17:33:26.311 E/memtrack( 6301): Couldn't load memtrack module (No such file or directory)
05-18 17:33:26.321 E/android.os.Debug( 6301): failed to load memtrack module: -2
05-18 17:33:26.501 E/cutils-trace( 6301): Error opening trace file: No such file or directory (2)
05-18 17:33:26.601 E/GPSManager( 3366): Location changed : Lat: 40.00125 Lng: 105.56358166666665
05-18 17:33:27.601 E/GPSManager( 3366): Location changed : Lat: 40.00125 Lng: 105.56358166666665
05-18 17:33:28.601 E/GPSManager( 3366): Location changed : Lat: 40.00125 Lng: 105.56358166666665
05-18 17:33:29.461 E/memtrack( 6313): Couldn't load memtrack module (No such file or directory)
05-18 17:33:29.461 E/android.os.Debug( 6313): failed to load memtrack module: -2
05-18 17:33:29.601 E/GPSManager( 3366): Location changed : Lat: 40.00125 Lng: 105.56358166666665
05-18 17:33:29.651 E/cutils-trace( 6313): Error opening trace file: No such file or directory (2)
05-18 17:33:30.601 E/GPSManager( 3366): Location changed : Lat: 40.00125 Lng: 105.56358166666665
05-18 17:33:31.571 E/memtrack( 6325): Couldn't load memtrack module (No such file or directory)
05-18 17:33:31.571 E/android.os.Debug( 6325): failed to load memtrack module: -2
05-18 17:33:31.601 E/GPSManager( 3366): Location changed : Lat: 40.00125 Lng: 105.56358166666665
05-18 17:33:31.651 E/cutils-trace( 6325): Error opening trace file: No such file or directory (2)
05-18 17:33:32.601 E/GPSManager( 3366): Location changed : Lat: 40.00125 Lng: 105.56358166666665
05-18 17:33:32.911 E/memtrack( 6336): Couldn't load memtrack module (No such file or directory)
05-18 17:33:32.911 E/android.os.Debug( 6336): failed to load memtrack module: -2
05-18 17:33:32.951 E/cutils-trace( 6336): Error opening trace file: No such file or directory (2)
05-18 17:33:33.601 E/GPSManager( 3366): Location changed : Lat: 40.00125 Lng: 105.56358166666665
05-18 17:33:34.031 E/memtrack( 6347): Couldn't load memtrack module (No such file or directory)
05-18 17:33:34.031 E/android.os.Debug( 6347): failed to load memtrack module: -2
05-18 17:33:34.091 E/cutils-trace( 6347): Error opening trace file: No such file or directory (2)
05-18 17:33:34.611 E/GPSManager( 3366): Location changed : Lat: 40.00125 Lng: 105.56358166666665
05-18 17:33:35.611 E/GPSManager( 3366): Location changed : Lat: 40.00125 Lng: 105.56358166666665
05-18 17:33:35.871 E/memtrack( 6363): Couldn't load memtrack module (No such file or directory)
05-18 17:33:35.871 E/android.os.Debug( 6363): failed to load memtrack module: -2
05-18 17:33:35.941 E/cutils-trace( 6363): Error opening trace file: No such file or directory (2)
05-18 17:33:36.631 E/GPSManager( 3366): Location changed : Lat: 40.00125 Lng: 105.56358166666665
05-18 17:33:37.041 E/memtrack( 6375): Couldn't load memtrack module (No such file or directory)
05-18 17:33:37.041 E/android.os.Debug( 6375): failed to load memtrack module: -2
05-18 17:33:37.101 E/cutils-trace( 6375): Error opening trace file: No such file or directory (2)
05-18 17:33:37.611 E/GPSManager( 3366): Location changed : Lat: 40.00125 Lng: 105.56358166666665
05-18 17:33:38.391 E/memtrack( 6389): Couldn't load memtrack module (No such file or directory)
05-18 17:33:38.391 E/android.os.Debug( 6389): failed to load memtrack module: -2
05-18 17:33:38.441 E/cutils-trace( 6389): Error opening trace file: No such file or directory (2)
05-18 17:33:38.611 E/GPSManager( 3366): Location changed : Lat: 40.00125 Lng: 105.56358166666665
05-18 17:33:39.611 E/GPSManager( 3366): Location changed : Lat: 40.00125 Lng: 105.56358166666665
05-18 17:33:40.281 E/memtrack( 6407): Couldn't load memtrack module (No such file or directory)
05-18 17:33:40.281 E/android.os.Debug( 6407): failed to load memtrack module: -2
05-18 17:33:40.331 E/cutils-trace( 6407): Error opening trace file: No such file or directory (2)
05-18 17:33:40.611 E/GPSManager( 3366): Location changed : Lat: 40.00125 Lng: 105.56358166666665
05-18 17:33:41.431 E/memtrack( 6419): Couldn't load memtrack module (No such file or directory)
05-18 17:33:41.431 E/android.os.Debug( 6419): failed to load memtrack module: -2
05-18 17:33:41.491 E/cutils-trace( 6419): Error opening trace file: No such file or directory (2)
05-18 17:33:41.621 E/GPSManager( 3366): Location changed : Lat: 40.00125 Lng: 105.56358166666665
05-18 17:33:42.601 E/memtrack( 6430): Couldn't load memtrack module (No such file or directory)
05-18 17:33:42.601 E/android.os.Debug( 6430): failed to load memtrack module: -2
05-18 17:33:42.621 E/GPSManager( 3366): Location changed : Lat: 40.00125 Lng: 105.56358166666665
05-18 17:33:42.741 E/Cataloger( 1301): syncFile:/storage/emulated/0/Android/data/com.boco.apphall/cache/.nomedia
05-18 17:33:42.751 E/Cataloger( 1301): need not sync path:/storage/emulated/0/Android/data/com.boco.apphall/cache/.nomedia
05-18 17:33:42.761 E/Cataloger( 1301): syncFile:/storage/emulated/0/Android/data/com.boco.apphall/cache/uil-images/journal
05-18 17:33:42.771 E/Cataloger( 1301): need not sync path:/storage/emulated/0/Android/data/com.boco.apphall/cache/uil-images/journal
05-18 17:33:42.771 E/Cataloger( 1301): syncFile:/storage/emulated/0/Android/data/com.boco.apphall/cache/uil-images
05-18 17:33:42.781 E/Cataloger( 1301): syncFile:/storage/emulated/0/Android/data/com.boco.apphall/cache
05-18 17:33:42.801 E/Cataloger( 1301): syncFile:/storage/emulated/0/Android/data/com.boco.apphall
05-18 17:33:42.811 E/cutils-trace( 6430): Error opening trace file: No such file or directory (2)
05-18 17:33:43.621 E/GPSManager( 3366): Location changed : Lat: 40.00125 Lng: 105.56358166666665
05-18 17:33:44.621 E/GPSManager( 3366): Location changed : Lat: 40.00125 Lng: 105.56358166666665
05-18 17:33:44.641 E/Cataloger( 1301): syncFile:/storage/emulated/0/log/ztesoft_mobile.log
05-18 17:33:44.641 E/Cataloger( 1301): need not sync path:/storage/emulated/0/log/ztesoft_mobile.log
05-18 17:33:44.651 E/Cataloger( 1301): syncFile:/storage/emulated/0/log/ztesoft_mobile.log
05-18 17:33:44.651 E/Cataloger( 1301): need not sync path:/storage/emulated/0/log/ztesoft_mobile.log
05-18 17:33:44.661 E/Cataloger( 1301): syncFile:/storage/emulated/0/log/ztesoft_mobile_20170518173344648.log
05-18 17:33:44.661 E/Cataloger( 1301): need not sync path:/storage/emulated/0/log/ztesoft_mobile_20170518173344648.log
05-18 17:33:44.681 E/Cataloger( 1301): syncFile:/storage/emulated/0/log/ztesoft_mobile.log
05-18 17:33:44.681 E/Cataloger( 1301): need not sync path:/storage/emulated/0/log/ztesoft_mobile.log
05-18 17:33:45.621 E/GPSManager( 3366): Location changed : Lat: 40.00125 Lng: 105.56358166666665
05-18 17:33:46.621 E/GPSManager( 3366): Location changed : Lat: 40.00125 Lng: 105.56358166666665
05-18 17:33:46.721 E/memtrack( 6464): Couldn't load memtrack module (No such file or directory)
05-18 17:33:46.721 E/android.os.Debug( 6464): failed to load memtrack module: -2
05-18 17:33:47.631 E/GPSManager( 3366): Location changed : Lat: 40.00125 Lng: 105.56358166666665
05-18 17:33:48.731 E/GPSManager( 3366): Location changed : Lat: 40.00125 Lng: 105.56358166666665
05-18 17:33:49.501 E/cutils-trace( 6464): Error opening trace file: No such file or directory (2)
05-18 17:33:49.631 E/GPSManager( 3366): Location changed : Lat: 40.00125 Lng: 105.56358166666665
05-18 17:33:50.631 E/GPSManager( 3366): Location changed : Lat: 40.00125 Lng: 105.56358166666665
05-18 17:33:51.041 E/memtrack( 6481): Couldn't load memtrack module (No such file or directory)
05-18 17:33:51.081 E/android.os.Debug( 6481): failed to load memtrack module: -2
05-18 17:33:51.641 E/GPSManager( 3366): Location changed : Lat: 40.00125 Lng: 105.56358166666665
05-18 17:33:51.931 E/QueryController( 6464): Got null root node from accessibility - Retrying...
05-18 17:33:52.221 E/QueryController( 6464): Got null root node from accessibility - Retrying...
05-18 17:33:52.471 E/QueryController( 6464): Got null root node from accessibility - Retrying...
05-18 17:33:52.621 E/Cataloger( 1301): syncFile:/storage/emulated/0/Android/data/com.boco.apphall
05-18 17:33:52.621 E/Cataloger( 1301): 创建一个目录:/storage/emulated/0/Android/data/com.boco.apphall
05-18 17:33:52.621 E/Cataloger( 1301): 扫描新建目录：/storage/emulated/0/Android/data/com.boco.apphall
05-18 17:33:52.641 E/GPSManager( 3366): Location changed : Lat: 40.00125 Lng: 105.56358166666665
05-18 17:33:52.651 E/Cataloger( 1301): syncFile:/storage/emulated/0/Android/data/com.boco.apphall/cache
05-18 17:33:52.651 E/Cataloger( 1301): 创建一个目录:/storage/emulated/0/Android/data/com.boco.apphall/cache
05-18 17:33:52.651 E/Cataloger( 1301): 扫描新建目录：/storage/emulated/0/Android/data/com.boco.apphall/cache
05-18 17:33:52.671 E/Cataloger( 1301): syncFile:/storage/emulated/0/Android/data/com.boco.apphall/cache/.nomedia
05-18 17:33:52.671 E/Cataloger( 1301): need not sync path:/storage/emulated/0/Android/data/com.boco.apphall/cache/.nomedia
05-18 17:33:52.681 E/Cataloger( 1301): syncFile:/storage/emulated/0/Android/data/com.boco.apphall/cache/.nomedia
05-18 17:33:52.681 E/Cataloger( 1301): need not sync path:/storage/emulated/0/Android/data/com.boco.apphall/cache/.nomedia
05-18 17:33:52.691 E/Cataloger( 1301): syncFile:/storage/emulated/0/Android/data/com.boco.apphall/cache/uil-images
05-18 17:33:52.691 E/Cataloger( 1301): 创建一个目录:/storage/emulated/0/Android/data/com.boco.apphall/cache/uil-images
05-18 17:33:52.691 E/Cataloger( 1301): 扫描新建目录：/storage/emulated/0/Android/data/com.boco.apphall/cache/uil-images
05-18 17:33:52.711 E/Cataloger( 1301): syncFile:/storage/emulated/0/Android/data/com.boco.apphall/cache/uil-images/journal.tmp
05-18 17:33:52.711 E/Cataloger( 1301): need not sync path:/storage/emulated/0/Android/data/com.boco.apphall/cache/uil-images/journal.tmp
05-18 17:33:52.721 E/QueryController( 6464): Cannot proceed when root node is null. Aborted search
05-18 17:33:52.721 E/QueryController( 6464): Got null root node from accessibility - Retrying...
05-18 17:33:52.731 E/Cataloger( 1301): syncFile:/storage/emulated/0/Android/data/com.boco.apphall/cache/uil-images/journal.tmp
05-18 17:33:52.731 E/Cataloger( 1301): need not sync path:/storage/emulated/0/Android/data/com.boco.apphall/cache/uil-images/journal.tmp
05-18 17:33:52.741 E/Cataloger( 1301): syncFile:/storage/emulated/0/Android/data/com.boco.apphall/cache/uil-images/journal.tmp
05-18 17:33:52.741 E/Cataloger( 1301): need not sync path:/storage/emulated/0/Android/data/com.boco.apphall/cache/uil-images/journal.tmp
05-18 17:33:52.741 E/Cataloger( 1301): syncFile:/storage/emulated/0/Android/data/com.boco.apphall/cache/uil-images/journal
05-18 17:33:52.741 E/Cataloger( 1301): need not sync path:/storage/emulated/0/Android/data/com.boco.apphall/cache/uil-images/journal
05-18 17:33:52.971 E/QueryController( 6464): Got null root node from accessibility - Retrying...
05-18 17:33:53.381 E/cutils-trace( 6481): Error opening trace file: No such file or directory (2)
05-18 17:33:53.691 E/GPSManager( 3366): Location changed : Lat: 40.00125 Lng: 105.56358166666665
05-18 17:33:54.651 E/GPSManager( 3366): Location changed : Lat: 40.00125 Lng: 105.56358166666665
05-18 17:33:55.181 E/QueryController( 6464): Got null root node from accessibility - Retrying...
05-18 17:33:55.651 E/GPSManager( 3366): Location changed : Lat: 40.00125 Lng: 105.56358166666665
05-18 17:33:56.651 E/GPSManager( 3366): Location changed : Lat: 40.00125 Lng: 105.56358166666665
05-18 17:33:57.651 E/GPSManager( 3366): Location changed : Lat: 40.00125 Lng: 105.56358166666665
05-18 17:33:58.661 E/GPSManager( 3366): Location changed : Lat: 40.00125 Lng: 105.56358166666665
05-18 17:33:59.691 E/GPSManager( 3366): Location changed : Lat: 40.00125 Lng: 105.56358166666665
05-18 17:34:00.661 E/GPSManager( 3366): Location changed : Lat: 40.00125 Lng: 105.56358166666665
05-18 17:34:01.721 E/GPSManager( 3366): Location changed : Lat: 40.00125 Lng: 105.56358166666665
05-18 17:34:02.671 E/GPSManager( 3366): Location changed : Lat: 40.00125 Lng: 105.56358166666665
05-18 17:34:03.691 E/GPSManager( 3366): Location changed : Lat: 40.00125 Lng: 105.56358166666665
05-18 17:34:04.741 E/GPSManager( 3366): Location changed : Lat: 40.00125 Lng: 105.56358166666665
05-18 17:34:05.791 E/GPSManager( 3366): Location changed : Lat: 40.00125 Lng: 105.56358166666665
05-18 17:34:06.701 E/GPSManager( 3366): Location changed : Lat: 40.00125 Lng: 105.56358166666665
05-18 17:34:07.711 E/GPSManager( 3366): Location changed : Lat: 40.00125 Lng: 105.56358166666665
05-18 17:34:08.701 E/GPSManager( 3366): Location changed : Lat: 40.00125 Lng: 105.56358166666665
05-18 17:34:09.701 E/GPSManager( 3366): Location changed : Lat: 40.00125 Lng: 105.56358166666665
05-18 17:34:10.711 E/GPSManager( 3366): Location changed : Lat: 40.00125 Lng: 105.56358166666665
05-18 17:34:11.711 E/GPSManager( 3366): Location changed : Lat: 40.00125 Lng: 105.56358166666665
05-18 17:34:12.711 E/GPSManager( 3366): Location changed : Lat: 40.00125 Lng: 105.56358166666665
05-18 17:34:13.721 E/GPSManager( 3366): Location changed : Lat: 40.00125 Lng: 105.56358166666665
05-18 17:34:14.711 E/GPSManager( 3366): Location changed : Lat: 40.00125 Lng: 105.56358166666665
05-18 17:34:15.711 E/GPSManager( 3366): Location changed : Lat: 40.00125 Lng: 105.56358166666665
05-18 17:34:16.711 E/GPSManager( 3366): Location changed : Lat: 40.00125 Lng: 105.56358166666665
05-18 17:34:17.721 E/GPSManager( 3366): Location changed : Lat: 40.00125 Lng: 105.56358166666665
05-18 17:34:18.721 E/GPSManager( 3366): Location changed : Lat: 40.00125 Lng: 105.56358166666665
05-18 17:34:19.731 E/GPSManager( 3366): Location changed : Lat: 40.00125 Lng: 105.56358166666665
05-18 17:34:20.721 E/GPSManager( 3366): Location changed : Lat: 40.00125 Lng: 105.56358166666665
05-18 17:34:21.801 E/GPSManager( 3366): Location changed : Lat: 40.00125 Lng: 105.56358166666665
05-18 17:34:22.731 E/GPSManager( 3366): Location changed : Lat: 40.00125 Lng: 105.56358166666665
05-18 17:34:23.731 E/GPSManager( 3366): Location changed : Lat: 40.00125 Lng: 105.56358166666665
05-18 17:34:24.731 E/GPSManager( 3366): Location changed : Lat: 40.00125 Lng: 105.56358166666665
05-18 17:34:25.741 E/GPSManager( 3366): Location changed : Lat: 40.00125 Lng: 105.56358166666665
05-18 17:34:26.741 E/GPSManager( 3366): Location changed : Lat: 40.00125 Lng: 105.56358166666665
05-18 17:34:27.741 E/GPSManager( 3366): Location changed : Lat: 40.00125 Lng: 105.56358166666665
05-18 17:34:28.821 E/GPSManager( 3366): Location changed : Lat: 40.00125 Lng: 105.56358166666665
05-18 17:34:29.771 E/GPSManager( 3366): Location changed : Lat: 40.00125 Lng: 105.56358166666665
05-18 17:34:30.931 E/GPSManager( 3366): Location changed : Lat: 40.00125 Lng: 105.56358166666665
05-18 17:34:31.751 E/GPSManager( 3366): Location changed : Lat: 40.00125 Lng: 105.56358166666665
05-18 17:34:32.361 E/memtrack( 6524): Couldn't load memtrack module (No such file or directory)
05-18 17:34:32.371 E/android.os.Debug( 6524): failed to load memtrack module: -2
05-18 17:34:32.441 E/cutils-trace( 6524): Error opening trace file: No such file or directory (2)
05-18 17:34:32.761 E/GPSManager( 3366): Location changed : Lat: 40.00125 Lng: 105.56358166666665
05-18 17:34:33.801 E/GPSManager( 3366): Location changed : Lat: 40.00125 Lng: 105.56358166666665
05-18 17:34:33.931 E/memtrack( 6536): Couldn't load memtrack module (No such file or directory)
05-18 17:34:33.931 E/android.os.Debug( 6536): failed to load memtrack module: -2
05-18 17:34:34.051 E/cutils-trace( 6536): Error opening trace file: No such file or directory (2)
05-18 17:34:34.351 E/Cataloger( 1301): syncFile:/storage/emulated/0/Android/data/com.boco.apphall/cache/uil-images/journal
05-18 17:34:34.351 E/Cataloger( 1301): need not sync path:/storage/emulated/0/Android/data/com.boco.apphall/cache/uil-images/journal
05-18 17:34:34.981 E/GPSManager( 3366): Location changed : Lat: 40.00125 Lng: 105.56358166666665
05-18 17:34:35.531 E/memtrack( 6553): Couldn't load memtrack module (No such file or directory)
05-18 17:34:35.531 E/android.os.Debug( 6553): failed to load memtrack module: -2
05-18 17:34:35.681 E/cutils-trace( 6553): Error opening trace file: No such file or directory (2)
05-18 17:34:35.821 E/GPSManager( 3366): Location changed : Lat: 40.00125 Lng: 105.56358166666665
05-18 17:34:36.831 E/GPSManager( 3366): Location changed : Lat: 40.00125 Lng: 105.56358166666665
05-18 17:34:37.851 E/GPSManager( 3366): Location changed : Lat: 40.00125 Lng: 105.56358166666665
05-18 17:34:38.521 E/memtrack( 6571): Couldn't load memtrack module (No such file or directory)
05-18 17:34:38.521 E/android.os.Debug( 6571): failed to load memtrack module: -2
05-18 17:34:38.621 E/cutils-trace( 6571): Error opening trace file: No such file or directory (2)
05-18 17:34:38.831 E/GPSManager( 3366): Location changed : Lat: 40.00125 Lng: 105.56358166666665
05-18 17:34:39.851 E/GPSManager( 3366): Location changed : Lat: 40.00125 Lng: 105.56358166666665
05-18 17:34:40.841 E/GPSManager( 3366): Location changed : Lat: 40.00125 Lng: 105.56358166666665
05-18 17:34:41.841 E/GPSManager( 3366): Location changed : Lat: 40.00125 Lng: 105.56358166666665
05-18 17:34:42.501 E/memtrack( 6586): Couldn't load memtrack module (No such file or directory)
05-18 17:34:42.501 E/android.os.Debug( 6586): failed to load memtrack module: -2
05-18 17:34:42.691 E/cutils-trace( 6586): Error opening trace file: No such file or directory (2)
05-18 17:34:42.841 E/GPSManager( 3366): Location changed : Lat: 40.00125 Lng: 105.56358166666665
05-18 17:34:43.861 E/GPSManager( 3366): Location changed : Lat: 40.00125 Lng: 105.56358166666665
05-18 17:34:44.861 E/GPSManager( 3366): Location changed : Lat: 40.00125 Lng: 105.56358166666665
05-18 17:34:45.851 E/GPSManager( 3366): Location changed : Lat: 40.00125 Lng: 105.56358166666665
05-18 17:34:46.851 E/GPSManager( 3366): Location changed : Lat: 40.00125 Lng: 105.56358166666665
05-18 17:34:47.851 E/GPSManager( 3366): Location changed : Lat: 40.00125 Lng: 105.56358166666665
05-18 17:34:47.951 E/memtrack( 6598): Couldn't load memtrack module (No such file or directory)
05-18 17:34:47.951 E/android.os.Debug( 6598): failed to load memtrack module: -2
05-18 17:34:48.121 E/cutils-trace( 6598): Error opening trace file: No such file or directory (2)
05-18 17:34:49.081 E/GPSManager( 3366): Location changed : Lat: 40.00125 Lng: 105.56358166666665
05-18 17:34:49.871 E/GPSManager( 3366): Location changed : Lat: 40.00125 Lng: 105.56358166666665
05-18 17:34:50.031 E/memtrack( 6610): Couldn't load memtrack module (No such file or directory)
05-18 17:34:50.031 E/android.os.Debug( 6610): failed to load memtrack module: -2
05-18 17:34:50.121 E/cutils-trace( 6610): Error opening trace file: No such file or directory (2)
05-18 17:34:50.871 E/GPSManager( 3366): Location changed : Lat: 40.00125 Lng: 105.56358166666665
05-18 17:34:51.871 E/GPSManager( 3366): Location changed : Lat: 40.00125 Lng: 105.56358166666665
05-18 17:34:52.121 E/memtrack( 6622): Couldn't load memtrack module (No such file or directory)
05-18 17:34:52.121 E/android.os.Debug( 6622): failed to load memtrack module: -2
05-18 17:34:52.201 E/cutils-trace( 6622): Error opening trace file: No such file or directory (2)
05-18 17:34:52.871 E/GPSManager( 3366): Location changed : Lat: 40.00125 Lng: 105.56358166666665
05-18 17:34:53.921 E/GPSManager( 3366): Location changed : Lat: 40.00125 Lng: 105.56358166666665
05-18 17:34:54.021 E/memtrack( 6633): Couldn't load memtrack module (No such file or directory)
05-18 17:34:54.041 E/android.os.Debug( 6633): failed to load memtrack module: -2
05-18 17:34:54.171 E/cutils-trace( 6633): Error opening trace file: No such file or directory (2)
05-18 17:34:54.881 E/GPSManager( 3366): Location changed : Lat: 40.00125 Lng: 105.56358166666665
05-18 17:34:55.851 E/memtrack( 6651): Couldn't load memtrack module (No such file or directory)
05-18 17:34:55.851 E/android.os.Debug( 6651): failed to load memtrack module: -2
05-18 17:34:55.891 E/GPSManager( 3366): Location changed : Lat: 40.00125 Lng: 105.56358166666665
05-18 17:34:55.941 E/cutils-trace( 6651): Error opening trace file: No such file or directory (2)
05-18 17:34:56.891 E/GPSManager( 3366): Location changed : Lat: 40.00125 Lng: 105.56358166666665
05-18 17:34:57.091 E/memtrack( 6663): Couldn't load memtrack module (No such file or directory)
05-18 17:34:57.091 E/android.os.Debug( 6663): failed to load memtrack module: -2
05-18 17:34:57.141 E/cutils-trace( 6663): Error opening trace file: No such file or directory (2)
05-18 17:34:57.891 E/GPSManager( 3366): Location changed : Lat: 40.00125 Lng: 105.56358166666665
05-18 17:34:58.531 E/memtrack( 6677): Couldn't load memtrack module (No such file or directory)
05-18 17:34:58.531 E/android.os.Debug( 6677): failed to load memtrack module: -2
05-18 17:34:58.591 E/cutils-trace( 6677): Error opening trace file: No such file or directory (2)
05-18 17:34:58.891 E/GPSManager( 3366): Location changed : Lat: 40.00125 Lng: 105.56358166666665
05-18 17:34:59.901 E/GPSManager( 3366): Location changed : Lat: 40.00125 Lng: 105.56358166666665
05-18 17:35:00.731 E/memtrack( 6695): Couldn't load memtrack module (No such file or directory)
05-18 17:35:00.731 E/android.os.Debug( 6695): failed to load memtrack module: -2
05-18 17:35:00.791 E/cutils-trace( 6695): Error opening trace file: No such file or directory (2)
05-18 17:35:00.901 E/GPSManager( 3366): Location changed : Lat: 40.00125 Lng: 105.56358166666665
05-18 17:35:01.851 E/memtrack( 6707): Couldn't load memtrack module (No such file or directory)
05-18 17:35:01.851 E/android.os.Debug( 6707): failed to load memtrack module: -2
05-18 17:35:01.891 E/GPSManager( 3366): Location changed : Lat: 40.00125 Lng: 105.56358166666665
05-18 17:35:01.921 E/cutils-trace( 6707): Error opening trace file: No such file or directory (2)
05-18 17:35:02.891 E/GPSManager( 3366): Location changed : Lat: 40.00125 Lng: 105.56358166666665
05-18 17:35:03.011 E/memtrack( 6719): Couldn't load memtrack module (No such file or directory)
05-18 17:35:03.011 E/android.os.Debug( 6719): failed to load memtrack module: -2
05-18 17:35:03.151 E/Cataloger( 1301): 重复删除命令
05-18 17:35:03.151 E/Cataloger( 1301): 重复删除命令
05-18 17:35:03.161 E/Cataloger( 1301): 重复删除命令
05-18 17:35:03.171 E/Cataloger( 1301): 重复删除命令
05-18 17:35:03.181 E/Cataloger( 1301): 重复删除命令
05-18 17:35:03.191 E/cutils-trace( 6719): Error opening trace file: No such file or directory (2)
05-18 17:35:03.921 E/GPSManager( 3366): Location changed : Lat: 40.00125 Lng: 105.56358166666665
05-18 17:35:04.911 E/GPSManager( 3366): Location changed : Lat: 40.00125 Lng: 105.56358166666665
05-18 17:35:05.921 E/GPSManager( 3366): Location changed : Lat: 40.00125 Lng: 105.56358166666665
05-18 17:35:06.911 E/GPSManager( 3366): Location changed : Lat: 40.00125 Lng: 105.56358166666665
05-18 17:35:07.081 E/memtrack( 6749): Couldn't load memtrack module (No such file or directory)
05-18 17:35:07.091 E/android.os.Debug( 6749): failed to load memtrack module: -2
05-18 17:35:07.921 E/GPSManager( 3366): Location changed : Lat: 40.00125 Lng: 105.56358166666665
05-18 17:35:09.031 E/GPSManager( 3366): Location changed : Lat: 40.00125 Lng: 105.56358166666665
05-18 17:35:09.831 E/cutils-trace( 6749): Error opening trace file: No such file or directory (2)
05-18 17:35:09.981 E/GPSManager( 3366): Location changed : Lat: 40.00125 Lng: 105.56358166666665
05-18 17:35:11.071 E/GPSManager( 3366): Location changed : Lat: 40.00125 Lng: 105.56358166666665
05-18 17:35:11.741 E/memtrack( 6766): Couldn't load memtrack module (No such file or directory)
05-18 17:35:11.751 E/android.os.Debug( 6766): failed to load memtrack module: -2
05-18 17:35:11.941 E/GPSManager( 3366): Location changed : Lat: 40.00125 Lng: 105.56358166666665
05-18 17:35:12.581 E/QueryController( 6749): Got null root node from accessibility - Retrying...
05-18 17:35:12.831 E/QueryController( 6749): Got null root node from accessibility - Retrying...
05-18 17:35:12.941 E/GPSManager( 3366): Location changed : Lat: 40.00125 Lng: 105.56358166666665
05-18 17:35:13.081 E/QueryController( 6749): Got null root node from accessibility - Retrying...
05-18 17:35:13.331 E/Cataloger( 1301): syncFile:/storage/emulated/0/Android/data/com.boco.apphall
05-18 17:35:13.331 E/Cataloger( 1301): 创建一个目录:/storage/emulated/0/Android/data/com.boco.apphall
05-18 17:35:13.331 E/Cataloger( 1301): 扫描新建目录：/storage/emulated/0/Android/data/com.boco.apphall
05-18 17:35:13.341 E/QueryController( 6749): Cannot proceed when root node is null. Aborted search
05-18 17:35:13.341 E/QueryController( 6749): Got null root node from accessibility - Retrying...
05-18 17:35:13.361 E/Cataloger( 1301): syncFile:/storage/emulated/0/Android/data/com.boco.apphall/cache
05-18 17:35:13.361 E/Cataloger( 1301): 创建一个目录:/storage/emulated/0/Android/data/com.boco.apphall/cache
05-18 17:35:13.361 E/Cataloger( 1301): 扫描新建目录：/storage/emulated/0/Android/data/com.boco.apphall/cache
05-18 17:35:13.371 E/Cataloger( 1301): syncFile:/storage/emulated/0/Android/data/com.boco.apphall/cache/.nomedia
05-18 17:35:13.371 E/Cataloger( 1301): need not sync path:/storage/emulated/0/Android/data/com.boco.apphall/cache/.nomedia
05-18 17:35:13.371 E/Cataloger( 1301): syncFile:/storage/emulated/0/Android/data/com.boco.apphall/cache/.nomedia
05-18 17:35:13.371 E/Cataloger( 1301): need not sync path:/storage/emulated/0/Android/data/com.boco.apphall/cache/.nomedia
05-18 17:35:13.391 E/Cataloger( 1301): syncFile:/storage/emulated/0/Android/data/com.boco.apphall/cache/uil-images
05-18 17:35:13.391 E/Cataloger( 1301): 创建一个目录:/storage/emulated/0/Android/data/com.boco.apphall/cache/uil-images
05-18 17:35:13.391 E/Cataloger( 1301): 扫描新建目录：/storage/emulated/0/Android/data/com.boco.apphall/cache/uil-images
05-18 17:35:13.411 E/Cataloger( 1301): syncFile:/storage/emulated/0/Android/data/com.boco.apphall/cache/uil-images/journal.tmp
05-18 17:35:13.411 E/Cataloger( 1301): need not sync path:/storage/emulated/0/Android/data/com.boco.apphall/cache/uil-images/journal.tmp
05-18 17:35:13.431 E/Cataloger( 1301): syncFile:/storage/emulated/0/Android/data/com.boco.apphall/cache/uil-images/journal.tmp
