05-17 17:15:14.545 E/WifiStateMachine(  851):  ConnectedState (when=-4ms what=131155 arg1=555!CMD_RSSI_POLL 555 0 "BOCO-office" 94:b4:0f:68:a4:b1 rssi=-50 f=5785 sc=80 link=121 tx=6.5, 0.0, 0.0  rx=36.3 bcn=0 [on:0 tx:0 rx:0 period:3003] from screen [on:0 period:551073617] gl rssi=-50 ag=0 hr ticks 297,76,43 ls-=0 [56,56,60,60,65] brc=0 lrc=0
05-17 17:15:14.547 E/WifiStateMachine(  851):  L2ConnectedState (when=-6ms what=131155 arg1=555!CMD_RSSI_POLL 555 0 "BOCO-office" 94:b4:0f:68:a4:b1 rssi=-50 f=5785 sc=80 link=121 tx=6.5, 0.0, 0.0  rx=36.3 bcn=0 [on:0 tx:0 rx:0 period:2] from screen [on:0 period:551073619] gl rssi=-50 ag=0 hr ticks 297,76,43 ls-=0 [56,56,60,60,65] brc=0 lrc=0
05-17 17:15:14.547 E/WifiStateMachine(  851):  get link layer stats 0
05-17 17:15:14.576 E/WifiStateMachine(  851): calculateWifiScore() we set wifi's score to 1000, so will always set wifi as a default network.
05-17 17:15:15.136 E/memtrack( 4522): Couldn't load memtrack module (No such file or directory)
05-17 17:15:15.136 E/android.os.Debug( 4522): failed to load memtrack module: -2
05-17 17:15:15.350 E/WifiTrafficPoller(  851): TRAFFIC_STATS_POLL true Token 2478 num clients 20
05-17 17:15:15.350 E/WifiTrafficPoller(  851):  packet count Tx=1708577 Rx=5602647
05-17 17:15:15.351 E/WifiTrafficPoller(  851): notifying of data activity 3
05-17 17:15:15.447 E/Pm      ( 4522): Failure details: Bundle[{android.content.pm.extra.STATUS=1, android.content.pm.extra.PACKAGE_NAME=com.boco.apphall, android.content.pm.extra.LEGACY_STATUS=-1, android.content.pm.extra.STATUS_MESSAGE=DELETE_FAILED_INTERNAL_ERROR}]
05-17 17:15:16.113 E/memtrack( 4545): Couldn't load memtrack module (No such file or directory)
05-17 17:15:16.113 E/android.os.Debug( 4545): failed to load memtrack module: -2
05-17 17:15:16.285 E/SurfaceFlinger(  285): onDraw: bindTextureImage test
05-17 17:15:16.301 E/SurfaceFlinger(  285): onDraw: bindTextureImage test
05-17 17:15:16.318 E/SurfaceFlinger(  285): onDraw: bindTextureImage test
05-17 17:15:16.335 E/SurfaceFlinger(  285): onDraw: bindTextureImage test
05-17 17:15:16.351 E/WifiTrafficPoller(  851): TRAFFIC_STATS_POLL true Token 2478 num clients 20
05-17 17:15:16.352 E/WifiTrafficPoller(  851):  packet count Tx=1708577 Rx=5602657
05-17 17:15:16.352 E/WifiTrafficPoller(  851): notifying of data activity 1
05-17 17:15:16.358 E/SurfaceFlinger(  285): onDraw: bindTextureImage test
05-17 17:15:16.369 E/SurfaceFlinger(  285): onDraw: bindTextureImage test
05-17 17:15:16.387 E/SurfaceFlinger(  285): onDraw: bindTextureImage test
05-17 17:15:16.403 E/SurfaceFlinger(  285): onDraw: bindTextureImage test
05-17 17:15:17.354 E/WifiTrafficPoller(  851): TRAFFIC_STATS_POLL true Token 2478 num clients 20
05-17 17:15:17.354 E/WifiTrafficPoller(  851):  packet count Tx=1708577 Rx=5602665
05-17 17:15:17.580 E/WifiStateMachine(  851):  ConnectedState (when=-3ms what=131155 arg1=555!CMD_RSSI_POLL 555 0 "BOCO-office" 94:b4:0f:68:a4:b1 rssi=-50 f=5785 sc=80 link=121 tx=3.3, 0.0, 0.0  rx=44.7 bcn=0 [on:0 tx:0 rx:0 period:2992] from screen [on:0 period:551076652] gl rssi=-50 ag=0 hr ticks 297,76,43 ls-=0 [56,56,56,56,61] brc=0 lrc=0
05-17 17:15:17.587 E/WifiStateMachine(  851):  L2ConnectedState (when=-10ms what=131155 arg1=555!CMD_RSSI_POLL 555 0 "BOCO-office" 94:b4:0f:68:a4:b1 rssi=-50 f=5785 sc=80 link=121 tx=3.3, 0.0, 0.0  rx=44.7 bcn=0 [on:0 tx:0 rx:0 period:7] from screen [on:0 period:551076659] gl rssi=-50 ag=0 hr ticks 297,76,43 ls-=0 [56,56,56,56,61] brc=0 lrc=0
05-17 17:15:17.590 E/WifiStateMachine(  851):  get link layer stats 0
05-17 17:15:17.609 E/WifiStateMachine(  851): calculateWifiScore() we set wifi's score to 1000, so will always set wifi as a default network.
05-17 17:15:18.354 E/WifiTrafficPoller(  851): TRAFFIC_STATS_POLL true Token 2478 num clients 20
05-17 17:15:18.356 E/WifiTrafficPoller(  851):  packet count Tx=1708577 Rx=5602683
05-17 17:15:19.230 E/SurfaceFlinger(  285): onDraw: bindTextureImage test
05-17 17:15:19.246 E/SurfaceFlinger(  285): onDraw: bindTextureImage test
05-17 17:15:19.264 E/SurfaceFlinger(  285): onDraw: bindTextureImage test
05-17 17:15:19.286 E/SurfaceFlinger(  285): onDraw: bindTextureImage test
05-17 17:15:19.296 E/SurfaceFlinger(  285): onDraw: bindTextureImage test
05-17 17:15:19.313 E/SurfaceFlinger(  285): onDraw: bindTextureImage test
05-17 17:15:19.330 E/SurfaceFlinger(  285): onDraw: bindTextureImage test
05-17 17:15:19.356 E/WifiTrafficPoller(  851): TRAFFIC_STATS_POLL true Token 2478 num clients 20
05-17 17:15:19.356 E/WifiTrafficPoller(  851):  packet count Tx=1708577 Rx=5602697
05-17 17:15:20.356 E/WifiTrafficPoller(  851): TRAFFIC_STATS_POLL true Token 2478 num clients 20
05-17 17:15:20.357 E/WifiTrafficPoller(  851):  packet count Tx=1708577 Rx=5602708
05-17 17:15:20.614 E/WifiStateMachine(  851):  ConnectedState (when=-4ms what=131155 arg1=555!CMD_RSSI_POLL 555 0 "BOCO-office" 94:b4:0f:68:a4:b1 rssi=-50 f=5785 sc=80 link=121 tx=4.6, 0.0, 0.0  rx=41.3 bcn=0 [on:0 tx:0 rx:0 period:2989] from screen [on:0 period:551079686] gl rssi=-50 ag=0 hr ticks 297,76,43 ls-=0 [56,56,56,56,61] brc=0 lrc=0
05-17 17:15:20.617 E/WifiStateMachine(  851):  L2ConnectedState (when=-6ms what=131155 arg1=555!CMD_RSSI_POLL 555 0 "BOCO-office" 94:b4:0f:68:a4:b1 rssi=-50 f=5785 sc=80 link=121 tx=4.6, 0.0, 0.0  rx=41.3 bcn=0 [on:0 tx:0 rx:0 period:3] from screen [on:0 period:551079689] gl rssi=-50 ag=0 hr ticks 297,76,43 ls-=0 [56,56,56,56,61] brc=0 lrc=0
05-17 17:15:20.618 E/WifiStateMachine(  851):  get link layer stats 0
05-17 17:15:20.642 E/WifiStateMachine(  851): calculateWifiScore() we set wifi's score to 1000, so will always set wifi as a default network.
05-17 17:15:21.357 E/WifiTrafficPoller(  851): TRAFFIC_STATS_POLL true Token 2478 num clients 20
05-17 17:15:21.358 E/WifiTrafficPoller(  851):  packet count Tx=1708577 Rx=5602718
05-17 17:15:21.779 E/memtrack( 4591): Couldn't load memtrack module (No such file or directory)
05-17 17:15:21.779 E/android.os.Debug( 4591): failed to load memtrack module: -2
05-17 17:15:22.359 E/WifiTrafficPoller(  851): TRAFFIC_STATS_POLL true Token 2478 num clients 20
05-17 17:15:22.360 E/WifiTrafficPoller(  851):  packet count Tx=1708577 Rx=5602731
05-17 17:15:23.360 E/WifiTrafficPoller(  851): TRAFFIC_STATS_POLL true Token 2478 num clients 20
05-17 17:15:23.361 E/WifiTrafficPoller(  851):  packet count Tx=1708577 Rx=5602738
05-17 17:15:23.644 E/WifiStateMachine(  851):  ConnectedState (when=-2ms what=131155 arg1=555!CMD_RSSI_POLL 555 0 "BOCO-office" 94:b4:0f:68:a4:b1 rssi=-50 f=5785 sc=80 link=121 tx=2.3, 0.0, 0.0  rx=39.7 bcn=0 [on:0 tx:0 rx:0 period:2995] from screen [on:0 period:551082716] gl rssi=-50 ag=0 hr ticks 297,76,43 ls-=0 [56,56,56,56,61] brc=0 lrc=0
05-17 17:15:23.647 E/WifiStateMachine(  851):  L2ConnectedState (when=-4ms what=131155 arg1=555!CMD_RSSI_POLL 555 0 "BOCO-office" 94:b4:0f:68:a4:b1 rssi=-50 f=5785 sc=80 link=121 tx=2.3, 0.0, 0.0  rx=39.7 bcn=0 [on:0 tx:0 rx:0 period:3] from screen [on:0 period:551082719] gl rssi=-50 ag=0 hr ticks 297,76,43 ls-=0 [56,56,56,56,61] brc=0 lrc=0
05-17 17:15:23.648 E/WifiStateMachine(  851):  get link layer stats 0
05-17 17:15:23.672 E/WifiStateMachine(  851): calculateWifiScore() we set wifi's score to 1000, so will always set wifi as a default network.
05-17 17:15:24.361 E/WifiTrafficPoller(  851): TRAFFIC_STATS_POLL true Token 2478 num clients 20
05-17 17:15:24.362 E/WifiTrafficPoller(  851):  packet count Tx=1708577 Rx=5602754
05-17 17:15:25.362 E/WifiTrafficPoller(  851): TRAFFIC_STATS_POLL true Token 2478 num clients 20
05-17 17:15:25.364 E/WifiTrafficPoller(  851):  packet count Tx=1708577 Rx=5602770
05-17 17:15:26.365 E/WifiTrafficPoller(  851): TRAFFIC_STATS_POLL true Token 2478 num clients 20
05-17 17:15:26.366 E/WifiTrafficPoller(  851):  packet count Tx=1708577 Rx=5602786
05-17 17:15:26.677 E/WifiStateMachine(  851):  ConnectedState (when=-4ms what=131155 arg1=555!CMD_RSSI_POLL 555 0 "BOCO-office" 94:b4:0f:68:a4:b1 rssi=-51 f=5785 sc=80 link=121 tx=1.2, 0.0, 0.0  rx=36.3 bcn=0 [on:0 tx:0 rx:0 period:2992] from screen [on:0 period:551085749] gl rssi=-51 ag=0 hr ticks 297,76,43 ls-=0 [56,56,56,56,61] brc=0 lrc=0
05-17 17:15:26.678 E/WifiStateMachine(  851):  L2ConnectedState (when=-4ms what=131155 arg1=555!CMD_RSSI_POLL 555 0 "BOCO-office" 94:b4:0f:68:a4:b1 rssi=-51 f=5785 sc=80 link=121 tx=1.2, 0.0, 0.0  rx=36.3 bcn=0 [on:0 tx:0 rx:0 period:1] from screen [on:0 period:551085750] gl rssi=-51 ag=0 hr ticks 297,76,43 ls-=0 [56,56,56,56,61] brc=0 lrc=0
05-17 17:15:26.679 E/WifiStateMachine(  851):  get link layer stats 0
05-17 17:15:26.700 E/WifiStateMachine(  851): calculateWifiScore() we set wifi's score to 1000, so will always set wifi as a default network.
05-17 17:15:27.367 E/WifiTrafficPoller(  851): TRAFFIC_STATS_POLL true Token 2478 num clients 20
05-17 17:15:27.368 E/WifiTrafficPoller(  851):  packet count Tx=1708577 Rx=5602797
05-17 17:15:28.369 E/WifiTrafficPoller(  851): TRAFFIC_STATS_POLL true Token 2478 num clients 20
05-17 17:15:28.371 E/WifiTrafficPoller(  851):  packet count Tx=1708578 Rx=5602811
05-17 17:15:28.371 E/WifiTrafficPoller(  851): notifying of data activity 3
05-17 17:15:29.374 E/WifiTrafficPoller(  851): TRAFFIC_STATS_POLL true Token 2478 num clients 20
05-17 17:15:29.374 E/WifiTrafficPoller(  851):  packet count Tx=1708578 Rx=5602826
05-17 17:15:29.374 E/WifiTrafficPoller(  851): notifying of data activity 1
05-17 17:15:29.705 E/WifiStateMachine(  851):  ConnectedState (when=-4ms what=131155 arg1=555!CMD_RSSI_POLL 555 0 "BOCO-office" 94:b4:0f:68:a4:b1 rssi=-49 f=5785 sc=80 link=121 tx=0.6, 0.0, 0.0  rx=41.2 bcn=0 [on:0 tx:0 rx:0 period:3004] from screen [on:0 period:551088777] gl rssi=-49 ag=0 hr ticks 297,76,43 ls-=0 [56,56,56,56,61] brc=0 lrc=0
05-17 17:15:29.708 E/WifiStateMachine(  851):  L2ConnectedState (when=-7ms what=131155 arg1=555!CMD_RSSI_POLL 555 0 "BOCO-office" 94:b4:0f:68:a4:b1 rssi=-49 f=5785 sc=80 link=121 tx=0.6, 0.0, 0.0  rx=41.2 bcn=0 [on:0 tx:0 rx:0 period:2] from screen [on:0 period:551088779] gl rssi=-49 ag=0 hr ticks 297,76,43 ls-=0 [56,56,56,56,61] brc=0 lrc=0
05-17 17:15:29.708 E/WifiStateMachine(  851):  get link layer stats 0
05-17 17:15:29.732 E/WifiStateMachine(  851): calculateWifiScore() we set wifi's score to 1000, so will always set wifi as a default network.
05-17 17:15:30.375 E/WifiTrafficPoller(  851): TRAFFIC_STATS_POLL true Token 2478 num clients 20
05-17 17:15:30.376 E/WifiTrafficPoller(  851):  packet count Tx=1708579 Rx=5602843
05-17 17:15:30.376 E/WifiTrafficPoller(  851): notifying of data activity 3
05-17 17:15:31.378 E/WifiTrafficPoller(  851): TRAFFIC_STATS_POLL true Token 2478 num clients 20
05-17 17:15:31.379 E/WifiTrafficPoller(  851):  packet count Tx=1708579 Rx=5602852
05-17 17:15:31.379 E/WifiTrafficPoller(  851): notifying of data activity 1
05-17 17:15:32.382 E/WifiTrafficPoller(  851): TRAFFIC_STATS_POLL true Token 2478 num clients 20
05-17 17:15:32.383 E/WifiTrafficPoller(  851):  packet count Tx=1708580 Rx=5602865
05-17 17:15:32.383 E/WifiTrafficPoller(  851): notifying of data activity 3
05-17 17:15:32.737 E/WifiStateMachine(  851):  ConnectedState (when=-3ms what=131155 arg1=555!CMD_RSSI_POLL 555 0 "BOCO-office" 94:b4:0f:68:a4:b1 rssi=-48 f=5785 sc=80 link=121 tx=0.8, 0.0, 0.0  rx=41.6 bcn=0 [on:0 tx:0 rx:0 period:2992] from screen [on:0 period:551091809] gl rssi=-48 ag=0 hr ticks 297,76,43 ls-=0 [56,56,56,56,61] brc=0 lrc=0
05-17 17:15:32.740 E/WifiStateMachine(  851):  L2ConnectedState (when=-6ms what=131155 arg1=555!CMD_RSSI_POLL 555 0 "BOCO-office" 94:b4:0f:68:a4:b1 rssi=-48 f=5785 sc=80 link=121 tx=0.8, 0.0, 0.0  rx=41.6 bcn=0 [on:0 tx:0 rx:0 period:3] from screen [on:0 period:551091812] gl rssi=-48 ag=0 hr ticks 297,76,43 ls-=0 [56,56,56,56,61] brc=0 lrc=0
05-17 17:15:32.741 E/WifiStateMachine(  851):  get link layer stats 0
05-17 17:15:32.762 E/WifiStateMachine(  851): calculateWifiScore() we set wifi's score to 1000, so will always set wifi as a default network.
05-17 17:15:33.390 E/WifiTrafficPoller(  851): TRAFFIC_STATS_POLL true Token 2478 num clients 20
05-17 17:15:33.392 E/WifiTrafficPoller(  851):  packet count Tx=1708580 Rx=5602873
05-17 17:15:33.392 E/WifiTrafficPoller(  851): notifying of data activity 1
05-17 17:15:34.407 E/WifiTrafficPoller(  851): TRAFFIC_STATS_POLL true Token 2478 num clients 20
05-17 17:15:34.409 E/WifiTrafficPoller(  851):  packet count Tx=1708580 Rx=5602888
05-17 17:15:35.411 E/WifiTrafficPoller(  851): TRAFFIC_STATS_POLL true Token 2478 num clients 20
05-17 17:15:35.412 E/WifiTrafficPoller(  851):  packet count Tx=1708580 Rx=5602903
05-17 17:15:35.767 E/WifiStateMachine(  851):  ConnectedState (when=-3ms what=131155 arg1=555!CMD_RSSI_POLL 555 0 "BOCO-office" 94:b4:0f:68:a4:b1 rssi=-49 f=5785 sc=80 link=121 tx=1.4, 0.0, 0.0  rx=40.3 bcn=0 [on:0 tx:0 rx:0 period:2993] from screen [on:0 period:551094839] gl rssi=-49 ag=0 hr ticks 297,76,43 ls-=0 [56,56,56,56,61] brc=0 lrc=0
05-17 17:15:35.770 E/WifiStateMachine(  851):  L2ConnectedState (when=-6ms what=131155 arg1=555!CMD_RSSI_POLL 555 0 "BOCO-office" 94:b4:0f:68:a4:b1 rssi=-49 f=5785 sc=80 link=121 tx=1.4, 0.0, 0.0  rx=40.3 bcn=0 [on:0 tx:0 rx:0 period:3] from screen [on:0 period:551094842] gl rssi=-49 ag=0 hr ticks 297,76,43 ls-=0 [56,56,56,56,61] brc=0 lrc=0
05-17 17:15:35.771 E/WifiStateMachine(  851):  get link layer stats 0
05-17 17:15:35.792 E/WifiStateMachine(  851): calculateWifiScore() we set wifi's score to 1000, so will always set wifi as a default network.
05-17 17:15:36.412 E/WifiTrafficPoller(  851): TRAFFIC_STATS_POLL true Token 2478 num clients 20
05-17 17:15:36.414 E/WifiTrafficPoller(  851):  packet count Tx=1708580 Rx=5602919
05-17 17:15:37.415 E/WifiTrafficPoller(  851): TRAFFIC_STATS_POLL true Token 2478 num clients 20
05-17 17:15:37.416 E/WifiTrafficPoller(  851):  packet count Tx=1708580 Rx=5602926
05-17 17:15:38.417 E/WifiTrafficPoller(  851): TRAFFIC_STATS_POLL true Token 2478 num clients 20
05-17 17:15:38.417 E/WifiTrafficPoller(  851):  packet count Tx=1708580 Rx=5602934
05-17 17:15:38.797 E/WifiStateMachine(  851):  ConnectedState (when=-3ms what=131155 arg1=555!CMD_RSSI_POLL 555 0 "BOCO-office" 94:b4:0f:68:a4:b1 rssi=-48 f=5785 sc=80 link=121 tx=0.7, 0.0, 0.0  rx=39.6 bcn=0 [on:0 tx:0 rx:0 period:2994] from screen [on:0 period:551097869] gl rssi=-48 ag=0 hr ticks 297,76,43 ls-=0 [56,56,56,56,61] brc=0 lrc=0
05-17 17:15:38.797 E/WifiStateMachine(  851):  L2ConnectedState (when=-4ms what=131155 arg1=555!CMD_RSSI_POLL 555 0 "BOCO-office" 94:b4:0f:68:a4:b1 rssi=-48 f=5785 sc=80 link=121 tx=0.7, 0.0, 0.0  rx=39.6 bcn=0 [on:0 tx:0 rx:0 period:0] from screen [on:0 period:551097869] gl rssi=-48 ag=0 hr ticks 297,76,43 ls-=0 [56,56,56,56,61] brc=0 lrc=0
05-17 17:15:38.797 E/WifiStateMachine(  851):  get link layer stats 0
05-17 17:15:38.802 E/WifiStateMachine(  851): calculateWifiScore() we set wifi's score to 1000, so will always set wifi as a default network.
05-17 17:15:39.418 E/WifiTrafficPoller(  851): TRAFFIC_STATS_POLL true Token 2478 num clients 20
05-17 17:15:39.418 E/WifiTrafficPoller(  851):  packet count Tx=1708581 Rx=5602944
05-17 17:15:39.418 E/WifiTrafficPoller(  851): notifying of data activity 3
05-17 17:15:39.459 E/memtrack( 4643): Couldn't load memtrack module (No such file or directory)
05-17 17:15:39.459 E/android.os.Debug( 4643): failed to load memtrack module: -2
05-17 17:15:40.102 E/memtrack( 4660): Couldn't load memtrack module (No such file or directory)
05-17 17:15:40.102 E/android.os.Debug( 4660): failed to load memtrack module: -2
05-17 17:15:40.420 E/WifiTrafficPoller(  851): TRAFFIC_STATS_POLL true Token 2478 num clients 20
05-17 17:15:40.421 E/WifiTrafficPoller(  851):  packet count Tx=1708581 Rx=5602958
05-17 17:15:40.421 E/WifiTrafficPoller(  851): notifying of data activity 1
05-17 17:15:40.899 E/memtrack( 4677): Couldn't load memtrack module (No such file or directory)
05-17 17:15:40.899 E/android.os.Debug( 4677): failed to load memtrack module: -2
05-17 17:15:41.426 E/WifiTrafficPoller(  851): TRAFFIC_STATS_POLL true Token 2478 num clients 20
05-17 17:15:41.426 E/WifiTrafficPoller(  851):  packet count Tx=1708581 Rx=5602968
05-17 17:15:41.682 E/memtrack( 4693): Couldn't load memtrack module (No such file or directory)
05-17 17:15:41.682 E/android.os.Debug( 4693): failed to load memtrack module: -2
05-17 17:15:41.805 E/WifiStateMachine(  851):  ConnectedState (when=-2ms what=131155 arg1=555!CMD_RSSI_POLL 555 0 "BOCO-office" 94:b4:0f:68:a4:b1 rssi=-48 f=5785 sc=80 link=121 tx=0.3, 0.0, 0.0  rx=33.8 bcn=0 [on:0 tx:0 rx:0 period:2995] from screen [on:0 period:551100877] gl rssi=-48 ag=0 hr ticks 297,76,43 ls-=0 [56,56,56,56,61] brc=0 lrc=0
05-17 17:15:41.810 E/WifiStateMachine(  851):  L2ConnectedState (when=-7ms what=131155 arg1=555!CMD_RSSI_POLL 555 0 "BOCO-office" 94:b4:0f:68:a4:b1 rssi=-48 f=5785 sc=80 link=121 tx=0.3, 0.0, 0.0  rx=33.8 bcn=0 [on:0 tx:0 rx:0 period:5] from screen [on:0 period:551100882] gl rssi=-48 ag=0 hr ticks 297,76,43 ls-=0 [56,56,56,56,61] brc=0 lrc=0
05-17 17:15:41.810 E/WifiStateMachine(  851):  get link layer stats 0
05-17 17:15:41.832 E/WifiStateMachine(  851): calculateWifiScore() we set wifi's score to 1000, so will always set wifi as a default network.
05-17 17:15:42.426 E/WifiTrafficPoller(  851): TRAFFIC_STATS_POLL true Token 2478 num clients 20
05-17 17:15:42.427 E/WifiTrafficPoller(  851):  packet count Tx=1708581 Rx=5602974
05-17 17:15:42.505 E/memtrack( 4711): Couldn't load memtrack module (No such file or directory)
05-17 17:15:42.505 E/android.os.Debug( 4711): failed to load memtrack module: -2
05-17 17:15:43.059 E/memtrack( 4728): Couldn't load memtrack module (No such file or directory)
05-17 17:15:43.059 E/android.os.Debug( 4728): failed to load memtrack module: -2
05-17 17:15:43.428 E/WifiTrafficPoller(  851): TRAFFIC_STATS_POLL true Token 2478 num clients 20
05-17 17:15:43.429 E/WifiTrafficPoller(  851):  packet count Tx=1708581 Rx=5602983
05-17 17:15:44.430 E/WifiTrafficPoller(  851): TRAFFIC_STATS_POLL true Token 2478 num clients 20
05-17 17:15:44.431 E/WifiTrafficPoller(  851):  packet count Tx=1708581 Rx=5602995
05-17 17:15:44.837 E/WifiStateMachine(  851):  ConnectedState (when=-4ms what=131155 arg1=555!CMD_RSSI_POLL 555 0 "BOCO-office" 94:b4:0f:68:a4:b1 rssi=-49 f=5785 sc=80 link=121 tx=0.7, 0.0, 0.0  rx=32.9 bcn=0 [on:0 tx:0 rx:0 period:3003] from screen [on:0 period:551103909] gl rssi=-49 ag=0 hr ticks 297,76,43 ls-=0 [56,56,56,56,61] brc=0 lrc=0
05-17 17:15:44.838 E/WifiStateMachine(  851):  L2ConnectedState (when=-6ms what=131155 arg1=555!CMD_RSSI_POLL 555 0 "BOCO-office" 94:b4:0f:68:a4:b1 rssi=-49 f=5785 sc=80 link=121 tx=0.7, 0.0, 0.0  rx=32.9 bcn=0 [on:0 tx:0 rx:0 period:1] from screen [on:0 period:551103910] gl rssi=-49 ag=0 hr ticks 297,76,43 ls-=0 [56,56,56,56,61] brc=0 lrc=0
05-17 17:15:44.839 E/WifiStateMachine(  851):  get link layer stats 0
05-17 17:15:44.859 E/WifiStateMachine(  851): calculateWifiScore() we set wifi's score to 1000, so will always set wifi as a default network.
05-17 17:15:45.432 E/WifiTrafficPoller(  851): TRAFFIC_STATS_POLL true Token 2478 num clients 20
05-17 17:15:45.433 E/WifiTrafficPoller(  851):  packet count Tx=1708581 Rx=5603005
05-17 17:15:46.434 E/WifiTrafficPoller(  851): TRAFFIC_STATS_POLL true Token 2478 num clients 20
05-17 17:15:46.435 E/WifiTrafficPoller(  851):  packet count Tx=1708581 Rx=5603017
05-17 17:15:47.172 E/memtrack( 4749): Couldn't load memtrack module (No such file or directory)
05-17 17:15:47.172 E/android.os.Debug( 4749): failed to load memtrack module: -2
05-17 17:15:47.436 E/WifiTrafficPoller(  851): TRAFFIC_STATS_POLL true Token 2478 num clients 20
05-17 17:15:47.437 E/WifiTrafficPoller(  851):  packet count Tx=1708581 Rx=5603024
05-17 17:15:47.863 E/WifiStateMachine(  851):  ConnectedState (when=-4ms what=131155 arg1=555!CMD_RSSI_POLL 555 0 "BOCO-office" 94:b4:0f:68:a4:b1 rssi=-49 f=5785 sc=80 link=121 tx=0.3, 0.0, 0.0  rx=31.5 bcn=0 [on:0 tx:0 rx:0 period:3001] from screen [on:0 period:551106935] gl rssi=-49 ag=0 hr ticks 297,76,43 ls-=0 [56,56,56,56,61] brc=0 lrc=0
05-17 17:15:47.864 E/WifiStateMachine(  851):  L2ConnectedState (when=-4ms what=131155 arg1=555!CMD_RSSI_POLL 555 0 "BOCO-office" 94:b4:0f:68:a4:b1 rssi=-49 f=5785 sc=80 link=121 tx=0.3, 0.0, 0.0  rx=31.5 bcn=0 [on:0 tx:0 rx:0 period:1] from screen [on:0 period:551106936] gl rssi=-49 ag=0 hr ticks 297,76,43 ls-=0 [56,56,56,56,61] brc=0 lrc=0
05-17 17:15:47.864 E/WifiStateMachine(  851):  get link layer stats 0
05-17 17:15:47.880 E/WifiStateMachine(  851): calculateWifiScore() we set wifi's score to 1000, so will always set wifi as a default network.
05-17 17:15:48.251 E/memtrack( 4770): Couldn't load memtrack module (No such file or directory)
05-17 17:15:48.251 E/android.os.Debug( 4770): failed to load memtrack module: -2
05-17 17:15:48.438 E/WifiTrafficPoller(  851): TRAFFIC_STATS_POLL true Token 2478 num clients 20
05-17 17:15:48.438 E/WifiTrafficPoller(  851):  packet count Tx=1708582 Rx=5603039
05-17 17:15:48.438 E/WifiTrafficPoller(  851): notifying of data activity 3
05-17 17:15:48.967 E/memtrack( 4789): Couldn't load memtrack module (No such file or directory)
05-17 17:15:48.967 E/android.os.Debug( 4789): failed to load memtrack module: -2
05-17 17:15:49.018 E/UndealCount.QZoneUnreadServletLogic( 2591): creditlevel:2 message:
05-17 17:15:49.281 E/Pm      ( 4789): Failure details: Bundle[{android.content.pm.extra.STATUS=1, android.content.pm.extra.PACKAGE_NAME=com.boco.apphall, android.content.pm.extra.LEGACY_STATUS=-1, android.content.pm.extra.STATUS_MESSAGE=DELETE_FAILED_INTERNAL_ERROR}]
05-17 17:15:49.445 E/WifiTrafficPoller(  851): TRAFFIC_STATS_POLL true Token 2478 num clients 20
05-17 17:15:49.446 E/WifiTrafficPoller(  851):  packet count Tx=1708585 Rx=5603054
05-17 17:15:49.797 E/memtrack( 4807): Couldn't load memtrack module (No such file or directory)
05-17 17:15:49.797 E/android.os.Debug( 4807): failed to load memtrack module: -2
05-17 17:15:49.988 E/SurfaceFlinger(  285): onDraw: bindTextureImage test
05-17 17:15:50.005 E/SurfaceFlinger(  285): onDraw: bindTextureImage test
05-17 17:15:50.024 E/SurfaceFlinger(  285): onDraw: bindTextureImage test
05-17 17:15:50.041 E/SurfaceFlinger(  285): onDraw: bindTextureImage test
05-17 17:15:50.058 E/SurfaceFlinger(  285): onDraw: bindTextureImage test
05-17 17:15:50.074 E/SurfaceFlinger(  285): onDraw: bindTextureImage test
05-17 17:15:50.091 E/SurfaceFlinger(  285): onDraw: bindTextureImage test
05-17 17:15:50.108 E/SurfaceFlinger(  285): onDraw: bindTextureImage test
05-17 17:15:50.447 E/WifiTrafficPoller(  851): TRAFFIC_STATS_POLL true Token 2478 num clients 20
05-17 17:15:50.448 E/WifiTrafficPoller(  851):  packet count Tx=1708585 Rx=5603069
05-17 17:15:50.449 E/WifiTrafficPoller(  851): notifying of data activity 1
05-17 17:15:50.886 E/WifiStateMachine(  851):  ConnectedState (when=-4ms what=131155 arg1=555!CMD_RSSI_POLL 555 0 "BOCO-office" 94:b4:0f:68:a4:b1 rssi=-49 f=5785 sc=80 link=121 tx=0.2, 0.0, 0.0  rx=30.7 bcn=0 [on:0 tx:0 rx:0 period:3000] from screen [on:0 period:551109957] gl rssi=-49 ag=0 hr ticks 297,76,43 ls-=0 [56,56,56,56,61] brc=0 lrc=0
05-17 17:15:50.888 E/WifiStateMachine(  851):  L2ConnectedState (when=-6ms what=131155 arg1=555!CMD_RSSI_POLL 555 0 "BOCO-office" 94:b4:0f:68:a4:b1 rssi=-49 f=5785 sc=80 link=121 tx=0.2, 0.0, 0.0  rx=30.7 bcn=0 [on:0 tx:0 rx:0 period:3] from screen [on:0 period:551109960] gl rssi=-49 ag=0 hr ticks 297,76,43 ls-=0 [56,56,56,56,61] brc=0 lrc=0
05-17 17:15:50.888 E/WifiStateMachine(  851):  get link layer stats 0
05-17 17:15:50.912 E/WifiStateMachine(  851): calculateWifiScore() we set wifi's score to 1000, so will always set wifi as a default network.
05-17 17:15:51.452 E/WifiTrafficPoller(  851): TRAFFIC_STATS_POLL true Token 2478 num clients 20
05-17 17:15:51.453 E/WifiTrafficPoller(  851):  packet count Tx=1708585 Rx=5603078
05-17 17:15:52.453 E/WifiTrafficPoller(  851): TRAFFIC_STATS_POLL true Token 2478 num clients 20
05-17 17:15:52.454 E/WifiTrafficPoller(  851):  packet count Tx=1708585 Rx=5603087
05-17 17:15:53.454 E/WifiTrafficPoller(  851): TRAFFIC_STATS_POLL true Token 2478 num clients 20
05-17 17:15:53.455 E/WifiTrafficPoller(  851):  packet count Tx=1708585 Rx=5603092
05-17 17:15:53.917 E/WifiStateMachine(  851):  ConnectedState (when=-4ms what=131155 arg1=555!CMD_RSSI_POLL 555 0 "BOCO-office" 94:b4:0f:68:a4:b1 rssi=-49 f=5785 sc=80 link=121 tx=2.1, 0.0, 0.0  rx=37.4 bcn=0 [on:0 tx:0 rx:0 period:3000] from screen [on:0 period:551112988] gl rssi=-49 ag=0 hr ticks 297,76,43 ls-=0 [56,56,56,56,61] brc=0 lrc=0
05-17 17:15:53.922 E/WifiStateMachine(  851):  L2ConnectedState (when=-8ms what=131155 arg1=555!CMD_RSSI_POLL 555 0 "BOCO-office" 94:b4:0f:68:a4:b1 rssi=-49 f=5785 sc=80 link=121 tx=2.1, 0.0, 0.0  rx=37.4 bcn=0 [on:0 tx:0 rx:0 period:6] from screen [on:0 period:551112994] gl rssi=-49 ag=0 hr ticks 297,76,43 ls-=0 [56,56,56,56,61] brc=0 lrc=0
05-17 17:15:53.922 E/WifiStateMachine(  851):  get link layer stats 0
05-17 17:15:53.941 E/WifiStateMachine(  851): calculateWifiScore() we set wifi's score to 1000, so will always set wifi as a default network.
05-17 17:15:53.976 E/SurfaceFlinger(  285): onDraw: bindTextureImage test
05-17 17:15:53.993 E/SurfaceFlinger(  285): onDraw: bindTextureImage test
05-17 17:15:54.010 E/SurfaceFlinger(  285): onDraw: bindTextureImage test
05-17 17:15:54.026 E/SurfaceFlinger(  285): onDraw: bindTextureImage test
05-17 17:15:54.042 E/SurfaceFlinger(  285): onDraw: bindTextureImage test
05-17 17:15:54.059 E/SurfaceFlinger(  285): onDraw: bindTextureImage test
05-17 17:15:54.076 E/SurfaceFlinger(  285): onDraw: bindTextureImage test
05-17 17:15:54.179 E/SurfaceFlinger(  285): onDraw: bindTextureImage test
05-17 17:15:54.196 E/SurfaceFlinger(  285): onDraw: bindTextureImage test
05-17 17:15:54.211 E/SurfaceFlinger(  285): onDraw: bindTextureImage test
05-17 17:15:54.228 E/SurfaceFlinger(  285): onDraw: bindTextureImage test
05-17 17:15:54.245 E/SurfaceFlinger(  285): onDraw: bindTextureImage test
05-17 17:15:54.262 E/SurfaceFlinger(  285): onDraw: bindTextureImage test
05-17 17:15:54.279 E/SurfaceFlinger(  285): onDraw: bindTextureImage test
05-17 17:15:54.296 E/SurfaceFlinger(  285): onDraw: bindTextureImage test
05-17 17:15:54.314 E/SurfaceFlinger(  285): onDraw: bindTextureImage test
05-17 17:15:54.329 E/SurfaceFlinger(  285): onDraw: bindTextureImage test
05-17 17:15:54.347 E/SurfaceFlinger(  285): onDraw: bindTextureImage test
05-17 17:15:54.456 E/WifiTrafficPoller(  851): TRAFFIC_STATS_POLL true Token 2478 num clients 20
05-17 17:15:54.457 E/WifiTrafficPoller(  851):  packet count Tx=1708585 Rx=5603104
05-17 17:15:55.472 E/WifiTrafficPoller(  851): TRAFFIC_STATS_POLL true Token 2478 num clients 20
05-17 17:15:55.473 E/WifiTrafficPoller(  851):  packet count Tx=1708592 Rx=5603123
05-17 17:15:55.473 E/WifiTrafficPoller(  851): notifying of data activity 3
05-17 17:15:55.707 E/SurfaceFlinger(  285): onDraw: bindTextureImage test
05-17 17:15:55.724 E/SurfaceFlinger(  285): onDraw: bindTextureImage test
05-17 17:15:55.741 E/SurfaceFlinger(  285): onDraw: bindTextureImage test
05-17 17:15:55.758 E/SurfaceFlinger(  285): onDraw: bindTextureImage test
05-17 17:15:55.775 E/SurfaceFlinger(  285): onDraw: bindTextureImage test
05-17 17:15:55.792 E/SurfaceFlinger(  285): onDraw: bindTextureImage test
05-17 17:15:55.808 E/SurfaceFlinger(  285): onDraw: bindTextureImage test
05-17 17:15:55.825 E/SurfaceFlinger(  285): onDraw: bindTextureImage test
05-17 17:15:55.842 E/SurfaceFlinger(  285): onDraw: bindTextureImage test
05-17 17:15:55.859 E/SurfaceFlinger(  285): onDraw: bindTextureImage test
05-17 17:15:55.876 E/SurfaceFlinger(  285): onDraw: bindTextureImage test
05-17 17:15:56.475 E/PackageInstallReceiver( 2591): halleytest installReport packageName = com.boco.apphall
05-17 17:15:56.475 E/PackageInstallReceiver( 2591): java.lang.NullPointerException: Attempt to invoke virtual method 'android.content.ContentResolver android.content.Context.getContentResolver()' on a null object reference
05-17 17:15:56.475 E/PackageInstallReceiver( 2591): 	at com.tencent.tmassistant.common.ProtocolPackage.getReqHead(ProGuard:143)
05-17 17:15:56.475 E/PackageInstallReceiver( 2591): 	at com.tencent.tmassistant.common.ProtocolPackage.buildRequest(ProGuard:170)
05-17 17:15:56.475 E/PackageInstallReceiver( 2591): 	at com.tencent.tmassistant.a.d.a(ProGuard:37)
05-17 17:15:56.475 E/PackageInstallReceiver( 2591): 	at com.tencent.tmassistant.a.c.a(ProGuard:54)
05-17 17:15:56.475 E/PackageInstallReceiver( 2591): 	at com.tencent.tmassistant.a.b.a(ProGuard:68)
05-17 17:15:56.475 E/PackageInstallReceiver( 2591): 	at com.tencent.tmassistant.a.b.a(ProGuard:87)
05-17 17:15:56.475 E/PackageInstallReceiver( 2591): 	at com.tencent.tmassistant.common.PackageInstallReceiver.onReceive(ProGuard:79)
05-17 17:15:56.475 E/PackageInstallReceiver( 2591): 	at android.app.LoadedApk$ReceiverDispatcher$Args.run(LoadedApk.java:908)
05-17 17:15:56.475 E/PackageInstallReceiver( 2591): 	at android.os.Handler.handleCallback(Handler.java:815)
05-17 17:15:56.475 E/PackageInstallReceiver( 2591): 	at android.os.Handler.dispatchMessage(Handler.java:104)
05-17 17:15:56.475 E/PackageInstallReceiver( 2591): 	at android.os.Looper.loop(Looper.java:194)
05-17 17:15:56.475 E/PackageInstallReceiver( 2591): 	at android.app.ActivityThread.main(ActivityThread.java:5714)
05-17 17:15:56.475 E/PackageInstallReceiver( 2591): 	at java.lang.reflect.Method.invoke(Native Method)
05-17 17:15:56.475 E/PackageInstallReceiver( 2591): 	at java.lang.reflect.Method.invoke(Method.java:372)
05-17 17:15:56.475 E/PackageInstallReceiver( 2591): 	at com.android.internal.os.ZygoteInit$MethodAndArgsCaller.run(ZygoteInit.java:984)
05-17 17:15:56.475 E/PackageInstallReceiver( 2591): 	at com.android.internal.os.ZygoteInit.main(ZygoteInit.java:779)
05-17 17:15:56.539 E/WifiTrafficPoller(  851): TRAFFIC_STATS_POLL true Token 2478 num clients 20
05-17 17:15:56.543 E/WifiTrafficPoller(  851):  packet count Tx=1708592 Rx=5603143
05-17 17:15:56.543 E/WifiTrafficPoller(  851): notifying of data activity 1
05-17 17:15:56.579 E/NotificationService(  851): Suppressing notification from package com.qihoo.appstore by user request.
05-17 17:15:56.582 E/NotificationService(  851): Suppressing notification from package com.qihoo.appstore by user request.
05-17 17:15:56.945 E/WifiStateMachine(  851):  ConnectedState (when=-3ms what=131155 arg1=555!CMD_RSSI_POLL 555 0 "BOCO-office" 94:b4:0f:68:a4:b1 rssi=-49 f=5785 sc=80 link=121 tx=1.0, 0.0, 0.0  rx=29.7 bcn=0 [on:0 tx:0 rx:0 period:3002] from screen [on:0 period:551116017] gl rssi=-49 ag=0 hr ticks 297,76,43 ls-=0 [56,56,56,56,61] brc=0 lrc=0
05-17 17:15:56.946 E/WifiStateMachine(  851):  L2ConnectedState (when=-4ms what=131155 arg1=555!CMD_RSSI_POLL 555 0 "BOCO-office" 94:b4:0f:68:a4:b1 rssi=-49 f=5785 sc=80 link=121 tx=1.0, 0.0, 0.0  rx=29.7 bcn=0 [on:0 tx:0 rx:0 period:1] from screen [on:0 period:551116018] gl rssi=-49 ag=0 hr ticks 297,76,43 ls-=0 [56,56,56,56,61] brc=0 lrc=0
05-17 17:15:56.946 E/WifiStateMachine(  851):  get link layer stats 0
05-17 17:15:56.960 E/WifiStateMachine(  851): calculateWifiScore() we set wifi's score to 1000, so will always set wifi as a default network.
05-17 17:15:57.544 E/WifiTrafficPoller(  851): TRAFFIC_STATS_POLL true Token 2478 num clients 20
05-17 17:15:57.544 E/WifiTrafficPoller(  851):  packet count Tx=1708592 Rx=5603160
05-17 17:15:57.570 E/memtrack( 4924): Couldn't load memtrack module (No such file or directory)
05-17 17:15:57.571 E/android.os.Debug( 4924): failed to load memtrack module: -2
05-17 17:15:58.145 E/memtrack( 4941): Couldn't load memtrack module (No such file or directory)
05-17 17:15:58.145 E/android.os.Debug( 4941): failed to load memtrack module: -2
05-17 17:15:58.545 E/WifiTrafficPoller(  851): TRAFFIC_STATS_POLL true Token 2478 num clients 20
05-17 17:15:58.545 E/WifiTrafficPoller(  851):  packet count Tx=1708604 Rx=5603197
05-17 17:15:58.546 E/WifiTrafficPoller(  851): notifying of data activity 3
05-17 17:15:58.874 E/memtrack( 4963): Couldn't load memtrack module (No such file or directory)
05-17 17:15:58.874 E/android.os.Debug( 4963): failed to load memtrack module: -2
05-17 17:15:59.546 E/WifiTrafficPoller(  851): TRAFFIC_STATS_POLL true Token 2478 num clients 20
05-17 17:15:59.547 E/WifiTrafficPoller(  851):  packet count Tx=1708604 Rx=5603209
05-17 17:15:59.547 E/WifiTrafficPoller(  851): notifying of data activity 1
05-17 17:15:59.628 E/memtrack( 4989): Couldn't load memtrack module (No such file or directory)
05-17 17:15:59.628 E/android.os.Debug( 4989): failed to load memtrack module: -2
05-17 17:15:59.836 E/NotificationService(  851): Suppressing notification from package com.qihoo.appstore by user request.
05-17 17:15:59.893 E/AppStore.AppstoreProvider(30673): AppstoreProvider:delete:160128-358=>delete failed PACKAGE_REPLACE
05-17 17:15:59.963 E/WifiStateMachine(  851):  ConnectedState (when=-3ms what=131155 arg1=555!CMD_RSSI_POLL 555 0 "BOCO-office" 94:b4:0f:68:a4:b1 rssi=-51 f=5785 sc=80 link=121 tx=4.0, 0.0, 0.0  rx=41.3 bcn=0 [on:0 tx:0 rx:0 period:3001] from screen [on:0 period:551119035] gl rssi=-51 ag=0 hr ticks 297,76,43 ls-=0 [56,56,56,56,61] brc=0 lrc=0
05-17 17:15:59.964 E/WifiStateMachine(  851):  L2ConnectedState (when=-4ms what=131155 arg1=555!CMD_RSSI_POLL 555 0 "BOCO-office" 94:b4:0f:68:a4:b1 rssi=-51 f=5785 sc=80 link=121 tx=4.0, 0.0, 0.0  rx=41.3 bcn=0 [on:0 tx:0 rx:0 period:1] from screen [on:0 period:551119036] gl rssi=-51 ag=0 hr ticks 297,76,43 ls-=0 [56,56,56,56,61] brc=0 lrc=0
05-17 17:15:59.964 E/WifiStateMachine(  851):  get link layer stats 0
05-17 17:15:59.980 E/WifiStateMachine(  851): calculateWifiScore() we set wifi's score to 1000, so will always set wifi as a default network.
05-17 17:16:00.049 E/NotificationService(  851): Suppressing notification from package com.qihoo.appstore by user request.
05-17 17:16:00.262 E/VivoGame.GameProvider( 4376): update table game_item failed
05-17 17:16:00.286 E/VivoGame.GameProvider( 4376): update table game_item failed
05-17 17:16:00.306 E/VivoGame.GameProvider( 4376): update table game_item failed
05-17 17:16:00.549 E/WifiTrafficPoller(  851): TRAFFIC_STATS_POLL true Token 2478 num clients 20
05-17 17:16:00.549 E/WifiTrafficPoller(  851):  packet count Tx=1708604 Rx=5603220
05-17 17:16:00.754 E/MPlugin ( 5018): Unsupported class: com.mediatek.common.telephony.IOnlyOwnerSimSupport
05-17 17:16:00.768 E/memtrack( 5135): Couldn't load memtrack module (No such file or directory)
05-17 17:16:00.768 E/android.os.Debug( 5135): failed to load memtrack module: -2
05-17 17:16:00.913 E/PluginFramework( 5018): Didn't find class "com.qihoo360.mobilesafe.api.IPC" on path: DexPathList[[zip file "/data/data/com.qihoo.appstore/Plugin/com.qihoo360.mobilesafe.clean/apk/base-1.apk"],nativeLibraryDirectories=[/data/data/com.qihoo.appstore/Plugin/com.qihoo360.mobilesafe.clean/lib, /vendor/lib, /system/lib]]
05-17 17:16:00.913 E/PluginFramework( 5018): java.lang.ClassNotFoundException: Didn't find class "com.qihoo360.mobilesafe.api.IPC" on path: DexPathList[[zip file "/data/data/com.qihoo.appstore/Plugin/com.qihoo360.mobilesafe.clean/apk/base-1.apk"],nativeLibraryDirectories=[/data/data/com.qihoo.appstore/Plugin/com.qihoo360.mobilesafe.clean/lib, /vendor/lib, /system/lib]]
05-17 17:16:00.913 E/PluginFramework( 5018): 	at dalvik.system.BaseDexClassLoader.findClass(BaseDexClassLoader.java:56)
05-17 17:16:00.913 E/PluginFramework( 5018): 	at java.lang.ClassLoader.loadClass(ClassLoader.java:511)
05-17 17:16:00.913 E/PluginFramework( 5018): 	at com.morgoo.droidplugin.b.a.loadClass(AppStore:74)
05-17 17:16:00.913 E/PluginFramework( 5018): 	at java.lang.ClassLoader.loadClass(ClassLoader.java:469)
05-17 17:16:00.913 E/PluginFramework( 5018): 	at com.qihoo360.i.PluginFramework.a(Clean:71)
05-17 17:16:00.913 E/PluginFramework( 5018): 	at com.qihoo360.i.PluginFramework.init(Clean:49)
05-17 17:16:00.913 E/PluginFramework( 5018): 	at clean.jj.<init>(Clean:500)
05-17 17:16:00.913 E/PluginFramework( 5018): 	at com.qihoo360.mobilesafe.clean.rely.PluginService.onBind(Clean:63)
05-17 17:16:00.913 E/PluginFramework( 5018): 	at com.morgoo.droidplugin.stub.h.c(AppStore:207)
05-17 17:16:00.913 E/PluginFramework( 5018): 	at com.morgoo.droidplugin.stub.h.b(AppStore:275)
05-17 17:16:00.913 E/PluginFramework( 5018): 	at com.morgoo.droidplugin.stub.AbstractServiceStub.onBind(AppStore:145)
05-17 17:16:00.913 E/PluginFramework( 5018): 	at android.app.ActivityThread.handleBindService(ActivityThread.java:3073)
05-17 17:16:00.913 E/PluginFramework( 5018): 	at android.app.ActivityThread.access$2000(ActivityThread.java:188)
05-17 17:16:00.913 E/PluginFramework( 5018): 	at android.app.ActivityThread$H.handleMessage(ActivityThread.java:1609)
05-17 17:16:00.913 E/PluginFramework( 5018): 	at android.os.Handler.dispatchMessage(Handler.java:111)
05-17 17:16:00.913 E/PluginFramework( 5018): 	at android.os.Looper.loop(Looper.java:194)
05-17 17:16:00.913 E/PluginFramework( 5018): 	at android.app.ActivityThread.main(ActivityThread.java:5714)
05-17 17:16:00.913 E/PluginFramework( 5018): 	at java.lang.reflect.Method.invoke(Native Method)
05-17 17:16:00.913 E/PluginFramework( 5018): 	at java.lang.reflect.Method.invoke(Method.java:372)
05-17 17:16:00.913 E/PluginFramework( 5018): 	at com.android.internal.os.ZygoteInit$MethodAndArgsCaller.run(ZygoteInit.java:984)
05-17 17:16:00.913 E/PluginFramework( 5018): 	at com.android.internal.os.ZygoteInit.main(ZygoteInit.java:779)
05-17 17:16:00.913 E/PluginFramework( 5018): 	Suppressed: java.lang.ClassNotFoundException: Didn't find class "com.qihoo360.mobilesafe.api.IPC" on path: DexPathList[[directory "."],nativeLibraryDirectories=[/vendor/lib, /system/lib]]
05-17 17:16:00.913 E/PluginFramework( 5018): 		at dalvik.system.BaseDexClassLoader.findClass(BaseDexClassLoader.java:56)
05-17 17:16:00.913 E/PluginFramework( 5018): 		at java.lang.ClassLoader.loadClass(ClassLoader.java:511)
05-17 17:16:00.913 E/PluginFramework( 5018): 		at java.lang.ClassLoader.loadClass(ClassLoader.java:504)
05-17 17:16:00.913 E/PluginFramework( 5018): 		... 19 more
05-17 17:16:00.913 E/PluginFramework( 5018): 		Suppressed: java.lang.ClassNotFoundException: com.qihoo360.mobilesafe.api.IPC
05-17 17:16:00.913 E/PluginFramework( 5018): 			at java.lang.Class.classForName(Native Method)
05-17 17:16:00.913 E/PluginFramework( 5018): 			at java.lang.BootClassLoader.findClass(ClassLoader.java:781)
05-17 17:16:00.913 E/PluginFramework( 5018): 			at java.lang.BootClassLoader.loadClass(ClassLoader.java:841)
05-17 17:16:00.913 E/PluginFramework( 5018): 			at java.lang.ClassLoader.loadClass(ClassLoader.java:504)
05-17 17:16:00.913 E/PluginFramework( 5018): 			... 20 more
05-17 17:16:00.913 E/PluginFramework( 5018): 		Caused by: java.lang.NoClassDefFoundError: Class not found using the boot class loader; no stack available
05-17 17:16:01.456 E/memtrack( 5239): Couldn't load memtrack module (No such file or directory)
05-17 17:16:01.456 E/android.os.Debug( 5239): failed to load memtrack module: -2
05-17 17:16:01.550 E/WifiTrafficPoller(  851): TRAFFIC_STATS_POLL true Token 2478 num clients 20
05-17 17:16:01.550 E/WifiTrafficPoller(  851):  packet count Tx=1708604 Rx=5603231
05-17 17:16:01.666 E/NotificationService(  851): Suppressing notification from package com.qihoo.appstore by user request.
05-17 17:16:01.680 E/AppStore.AppstoreProvider(30673): AppstoreProvider:delete:160128-358=>delete failed PACKAGE_REPLACE
05-17 17:16:01.829 E/NotificationService(  851): Suppressing notification from package com.qihoo.appstore by user request.
05-17 17:16:02.021 E/VivoGame.GameProvider( 4376): update table game_item failed
05-17 17:16:02.037 E/VivoGame.GameProvider( 4376): update table game_item failed
05-17 17:16:02.076 E/VivoGame.GameProvider( 4376): update table game_item failed
05-17 17:16:02.551 E/WifiTrafficPoller(  851): TRAFFIC_STATS_POLL true Token 2478 num clients 20
05-17 17:16:02.552 E/WifiTrafficPoller(  851):  packet count Tx=1708604 Rx=5603243
05-17 17:16:02.985 E/WifiStateMachine(  851):  ConnectedState (when=-4ms what=131155 arg1=555!CMD_RSSI_POLL 555 0 "BOCO-office" 94:b4:0f:68:a4:b1 rssi=-50 f=5785 sc=80 link=121 tx=8.0, 0.0, 0.0  rx=52.7 bcn=0 [on:0 tx:0 rx:0 period:3003] from screen [on:0 period:551122057] gl rssi=-50 ag=0 hr ticks 297,76,43 ls-=0 [56,56,60,60,65] brc=0 lrc=0
05-17 17:16:02.987 E/WifiStateMachine(  851):  L2ConnectedState (when=-6ms what=131155 arg1=555!CMD_RSSI_POLL 555 0 "BOCO-office" 94:b4:0f:68:a4:b1 rssi=-50 f=5785 sc=80 link=121 tx=8.0, 0.0, 0.0  rx=52.7 bcn=0 [on:0 tx:0 rx:0 period:2] from screen [on:0 period:551122059] gl rssi=-50 ag=0 hr ticks 297,76,43 ls-=0 [56,56,60,60,65] brc=0 lrc=0
05-17 17:16:02.987 E/WifiStateMachine(  851):  get link layer stats 0
05-17 17:16:03.012 E/WifiStateMachine(  851): calculateWifiScore() we set wifi's score to 1000, so will always set wifi as a default network.
05-17 17:16:03.413 E/memtrack( 5454): Couldn't load memtrack module (No such file or directory)
05-17 17:16:03.413 E/android.os.Debug( 5454): failed to load memtrack module: -2
05-17 17:16:03.571 E/WifiTrafficPoller(  851): TRAFFIC_STATS_POLL true Token 2478 num clients 20
05-17 17:16:03.572 E/WifiTrafficPoller(  851):  packet count Tx=1708604 Rx=5603249
05-17 17:16:03.616 E/SurfaceFlinger(  285): onDraw: bindTextureImage test
05-17 17:16:03.633 E/SurfaceFlinger(  285): onDraw: bindTextureImage test
05-17 17:16:03.649 E/SurfaceFlinger(  285): onDraw: bindTextureImage test
05-17 17:16:03.666 E/SurfaceFlinger(  285): onDraw: bindTextureImage test
05-17 17:16:03.683 E/SurfaceFlinger(  285): onDraw: bindTextureImage test
05-17 17:16:03.700 E/SurfaceFlinger(  285): onDraw: bindTextureImage test
05-17 17:16:03.717 E/SurfaceFlinger(  285): onDraw: bindTextureImage test
05-17 17:16:03.733 E/SurfaceFlinger(  285): onDraw: bindTextureImage test
05-17 17:16:04.572 E/WifiTrafficPoller(  851): TRAFFIC_STATS_POLL true Token 2478 num clients 20
05-17 17:16:04.574 E/WifiTrafficPoller(  851):  packet count Tx=1708604 Rx=5603258
05-17 17:16:05.316 E/SurfaceFlinger(  285): onDraw: bindTextureImage test
05-17 17:16:05.332 E/SurfaceFlinger(  285): onDraw: bindTextureImage test
05-17 17:16:05.348 E/SurfaceFlinger(  285): onDraw: bindTextureImage test
05-17 17:16:05.365 E/SurfaceFlinger(  285): onDraw: bindTextureImage test
05-17 17:16:05.382 E/SurfaceFlinger(  285): onDraw: bindTextureImage test
05-17 17:16:05.399 E/SurfaceFlinger(  285): onDraw: bindTextureImage test
05-17 17:16:05.416 E/SurfaceFlinger(  285): onDraw: bindTextureImage test
05-17 17:16:05.435 E/SurfaceFlinger(  285): onDraw: bindTextureImage test
05-17 17:16:05.453 E/SurfaceFlinger(  285): onDraw: bindTextureImage test
05-17 17:16:05.467 E/SurfaceFlinger(  285): onDraw: bindTextureImage test
05-17 17:16:05.483 E/SurfaceFlinger(  285): onDraw: bindTextureImage test
05-17 17:16:05.501 E/SurfaceFlinger(  285): onDraw: bindTextureImage test
05-17 17:16:05.518 E/SurfaceFlinger(  285): onDraw: bindTextureImage test
05-17 17:16:05.538 E/SurfaceFlinger(  285): onDraw: bindTextureImage test
05-17 17:16:05.552 E/SurfaceFlinger(  285): onDraw: bindTextureImage test
05-17 17:16:05.568 E/SurfaceFlinger(  285): onDraw: bindTextureImage test
05-17 17:16:05.574 E/WifiTrafficPoller(  851): TRAFFIC_STATS_POLL true Token 2478 num clients 20
05-17 17:16:05.575 E/WifiTrafficPoller(  851):  packet count Tx=1708605 Rx=5603274
05-17 17:16:05.576 E/WifiTrafficPoller(  851): notifying of data activity 3
05-17 17:16:05.585 E/SurfaceFlinger(  285): onDraw: bindTextureImage test
05-17 17:16:05.601 E/SurfaceFlinger(  285): onDraw: bindTextureImage test
05-17 17:16:06.015 E/WifiStateMachine(  851):  ConnectedState (when=-3ms what=131155 arg1=555!CMD_RSSI_POLL 555 0 "BOCO-office" 94:b4:0f:68:a4:b1 rssi=-50 f=5785 sc=80 link=121 tx=4.0, 0.0, 0.0  rx=42.8 bcn=0 [on:0 tx:0 rx:0 period:3000] from screen [on:0 period:551125087] gl rssi=-50 ag=0 hr ticks 297,76,43 ls-=0 [56,56,56,56,61] brc=0 lrc=0
05-17 17:16:06.016 E/WifiStateMachine(  851):  L2ConnectedState (when=-4ms what=131155 arg1=555!CMD_RSSI_POLL 555 0 "BOCO-office" 94:b4:0f:68:a4:b1 rssi=-50 f=5785 sc=80 link=121 tx=4.0, 0.0, 0.0  rx=42.8 bcn=0 [on:0 tx:0 rx:0 period:1] from screen [on:0 period:551125088] gl rssi=-50 ag=0 hr ticks 297,76,43 ls-=0 [56,56,56,56,61] brc=0 lrc=0
05-17 17:16:06.016 E/WifiStateMachine(  851):  get link layer stats 0
05-17 17:16:06.021 E/WifiStateMachine(  851): calculateWifiScore() we set wifi's score to 1000, so will always set wifi as a default network.
05-17 17:16:06.340 E/SurfaceFlinger(  285): onDraw: bindTextureImage test
05-17 17:16:06.357 E/SurfaceFlinger(  285): onDraw: bindTextureImage test
05-17 17:16:06.374 E/SurfaceFlinger(  285): onDraw: bindTextureImage test
05-17 17:16:06.390 E/SurfaceFlinger(  285): onDraw: bindTextureImage test
05-17 17:16:06.407 E/SurfaceFlinger(  285): onDraw: bindTextureImage test
05-17 17:16:06.424 E/SurfaceFlinger(  285): onDraw: bindTextureImage test
05-17 17:16:06.441 E/SurfaceFlinger(  285): onDraw: bindTextureImage test
05-17 17:16:06.458 E/SurfaceFlinger(  285): onDraw: bindTextureImage test
05-17 17:16:06.475 E/SurfaceFlinger(  285): onDraw: bindTextureImage test
05-17 17:16:06.491 E/SurfaceFlinger(  285): onDraw: bindTextureImage test
05-17 17:16:06.508 E/SurfaceFlinger(  285): onDraw: bindTextureImage test
05-17 17:16:06.577 E/WifiTrafficPoller(  851): TRAFFIC_STATS_POLL true Token 2478 num clients 20
05-17 17:16:06.578 E/WifiTrafficPoller(  851):  packet count Tx=1708609 Rx=5603304
05-17 17:16:07.579 E/WifiTrafficPoller(  851): TRAFFIC_STATS_POLL true Token 2478 num clients 20
05-17 17:16:07.579 E/WifiTrafficPoller(  851):  packet count Tx=1708609 Rx=5603328
05-17 17:16:07.579 E/WifiTrafficPoller(  851): notifying of data activity 1
05-17 17:16:08.581 E/WifiTrafficPoller(  851): TRAFFIC_STATS_POLL true Token 2478 num clients 20
05-17 17:16:08.582 E/WifiTrafficPoller(  851):  packet count Tx=1708609 Rx=5603343
05-17 17:16:08.679 E/NotificationService(  851): Suppressing notification from package com.qihoo.appstore by user request.
05-17 17:16:08.681 E/NotificationService(  851): Suppressing notification from package com.qihoo.appstore by user request.
05-17 17:16:09.025 E/WifiStateMachine(  851):  ConnectedState (when=-4ms what=131155 arg1=555!CMD_RSSI_POLL 555 0 "BOCO-office" 94:b4:0f:68:a4:b1 rssi=-49 f=5785 sc=80 link=121 tx=3.0, 0.0, 0.0  rx=38.4 bcn=0 [on:0 tx:0 rx:0 period:3002] from screen [on:0 period:551128097] gl rssi=-49 ag=0 hr ticks 297,76,43 ls-=0 [56,56,56,56,61] brc=0 lrc=0
05-17 17:16:09.026 E/WifiStateMachine(  851):  L2ConnectedState (when=-5ms what=131155 arg1=555!CMD_RSSI_POLL 555 0 "BOCO-office" 94:b4:0f:68:a4:b1 rssi=-49 f=5785 sc=80 link=121 tx=3.0, 0.0, 0.0  rx=38.4 bcn=0 [on:0 tx:0 rx:0 period:1] from screen [on:0 period:551128098] gl rssi=-49 ag=0 hr ticks 297,76,43 ls-=0 [56,56,56,56,61] brc=0 lrc=0
05-17 17:16:09.026 E/WifiStateMachine(  851):  get link layer stats 0
05-17 17:16:09.040 E/WifiStateMachine(  851): calculateWifiScore() we set wifi's score to 1000, so will always set wifi as a default network.
05-17 17:16:09.104 E/BCBPackageTask( 1118): Get serviceInfos Error!!
05-17 17:16:09.582 E/WifiTrafficPoller(  851): TRAFFIC_STATS_POLL true Token 2478 num clients 20
05-17 17:16:09.582 E/WifiTrafficPoller(  851):  packet count Tx=1708609 Rx=5603350
05-17 17:16:10.411 E/memtrack( 5527): Couldn't load memtrack module (No such file or directory)
05-17 17:16:10.412 E/android.os.Debug( 5527): failed to load memtrack module: -2
05-17 17:16:10.579 E/SurfaceFlinger(  285): onDraw: bindTextureImage test
05-17 17:16:10.582 E/WifiTrafficPoller(  851): TRAFFIC_STATS_POLL true Token 2478 num clients 20
05-17 17:16:10.583 E/WifiTrafficPoller(  851):  packet count Tx=1708621 Rx=5603379
05-17 17:16:10.583 E/WifiTrafficPoller(  851): notifying of data activity 3
05-17 17:16:10.596 E/SurfaceFlinger(  285): onDraw: bindTextureImage test
05-17 17:16:10.613 E/SurfaceFlinger(  285): onDraw: bindTextureImage test
05-17 17:16:10.630 E/SurfaceFlinger(  285): onDraw: bindTextureImage test
05-17 17:16:10.646 E/SurfaceFlinger(  285): onDraw: bindTextureImage test
05-17 17:16:10.663 E/SurfaceFlinger(  285): onDraw: bindTextureImage test
05-17 17:16:10.680 E/SurfaceFlinger(  285): onDraw: bindTextureImage test
05-17 17:16:10.697 E/SurfaceFlinger(  285): onDraw: bindTextureImage test
05-17 17:16:11.507 E/SurfaceFlinger(  285): onDraw: bindTextureImage test
05-17 17:16:11.521 E/SurfaceFlinger(  285): onDraw: bindTextureImage test
05-17 17:16:11.538 E/SurfaceFlinger(  285): onDraw: bindTextureImage test
05-17 17:16:11.554 E/SurfaceFlinger(  285): onDraw: bindTextureImage test
05-17 17:16:11.571 E/SurfaceFlinger(  285): onDraw: bindTextureImage test
05-17 17:16:11.591 E/SurfaceFlinger(  285): onDraw: bindTextureImage test
05-17 17:16:11.607 E/SurfaceFlinger(  285): onDraw: bindTextureImage test
05-17 17:16:11.622 E/SurfaceFlinger(  285): onDraw: bindTextureImage test
05-17 17:16:11.629 E/WifiTrafficPoller(  851): TRAFFIC_STATS_POLL true Token 2478 num clients 20
05-17 17:16:11.631 E/WifiTrafficPoller(  851):  packet count Tx=1708621 Rx=5603396
05-17 17:16:11.631 E/WifiTrafficPoller(  851): notifying of data activity 1
05-17 17:16:11.640 E/SurfaceFlinger(  285): onDraw: bindTextureImage test
05-17 17:16:11.659 E/SurfaceFlinger(  285): onDraw: bindTextureImage test
05-17 17:16:11.675 E/SurfaceFlinger(  285): onDraw: bindTextureImage test
