05-19 15:05:08.874 E/SQLiteLog( 2161): (284) automatic index on sqlite_sq_7F92C38700(raw_contact_id)
05-19 15:05:08.896 E/SQLiteLog( 2161): (284) automatic index on sqlite_sq_7F92C39400(raw_contact_id)
05-19 15:05:08.905 E/SQLiteLog( 2161): (284) automatic index on sqlite_sq_7F92C38F80(raw_contact_id)
05-19 15:05:09.007 E/SQLiteLog( 2161): (284) automatic index on sqlite_sq_7F930B5F80(raw_contact_id)
05-19 15:05:09.015 E/SQLiteLog( 2161): (284) automatic index on sqlite_sq_7F930B5A80(raw_contact_id)
05-19 15:05:09.039 E/SQLiteLog( 2161): (284) automatic index on sqlite_sq_7F92C39680(raw_contact_id)
05-19 15:05:09.047 E/SQLiteLog( 2161): (284) automatic index on sqlite_sq_7F92C38400(raw_contact_id)
05-19 15:05:09.064 E/SQLiteLog( 2161): (284) automatic index on sqlite_sq_7F930E6680(raw_contact_id)
05-19 15:05:09.072 E/SQLiteLog( 2161): (284) automatic index on sqlite_sq_7F930E6680(raw_contact_id)
05-19 15:05:09.092 E/SQLiteLog( 2161): (284) automatic index on sqlite_sq_7F930E6B00(raw_contact_id)
05-19 15:05:09.099 E/SQLiteLog( 2161): (284) automatic index on sqlite_sq_7F930B5A80(raw_contact_id)
05-19 15:05:09.124 E/SQLiteLog( 2161): (284) automatic index on sqlite_sq_7F92C39D00(raw_contact_id)
05-19 15:05:09.136 E/SQLiteLog( 2161): (284) automatic index on sqlite_sq_7F92C39580(raw_contact_id)
05-19 15:05:09.157 E/SQLiteLog( 2161): (284) automatic index on sqlite_sq_7F92C39F00(raw_contact_id)
05-19 15:05:09.164 E/SQLiteLog( 2161): (284) automatic index on sqlite_sq_7F92C39180(raw_contact_id)
05-19 15:05:09.181 E/SQLiteLog( 2161): (284) automatic index on sqlite_sq_7F9EA9C780(raw_contact_id)
05-19 15:05:09.193 E/SQLiteLog( 2161): (284) automatic index on sqlite_sq_7F92C39E00(raw_contact_id)
05-19 15:05:09.211 E/SQLiteLog( 2161): (284) automatic index on sqlite_sq_7F930E7080(raw_contact_id)
05-19 15:05:09.220 E/SQLiteLog( 2161): (284) automatic index on sqlite_sq_7F930E6600(raw_contact_id)
05-19 15:05:09.238 E/SQLiteLog( 2161): (284) automatic index on sqlite_sq_7F930E7480(raw_contact_id)
05-19 15:05:09.247 E/SQLiteLog( 2161): (284) automatic index on sqlite_sq_7F930B5A80(raw_contact_id)
05-19 15:05:09.270 E/SQLiteLog( 2161): (284) automatic index on sqlite_sq_7F930E7700(raw_contact_id)
05-19 15:05:09.278 E/SQLiteLog( 2161): (284) automatic index on sqlite_sq_7F930E7300(raw_contact_id)
05-19 15:05:09.297 E/SQLiteLog( 2161): (284) automatic index on sqlite_sq_7F9EA9C900(raw_contact_id)
05-19 15:05:09.305 E/SQLiteLog( 2161): (284) automatic index on sqlite_sq_7F9EA9C580(raw_contact_id)
05-19 15:05:09.327 E/SQLiteLog( 2161): (284) automatic index on sqlite_sq_7F930E7A80(raw_contact_id)
05-19 15:05:09.336 E/SQLiteLog( 2161): (284) automatic index on sqlite_sq_7F930E7580(raw_contact_id)
05-19 15:05:09.358 E/SQLiteLog( 2161): (284) automatic index on sqlite_sq_7F9EA9CB80(raw_contact_id)
05-19 15:05:09.369 E/SQLiteLog( 2161): (284) automatic index on sqlite_sq_7F9EA9C300(raw_contact_id)
05-19 15:05:09.393 E/SQLiteLog( 2161): (284) automatic index on sqlite_sq_7F9EA9CE00(raw_contact_id)
05-19 15:05:09.403 E/SQLiteLog( 2161): (284) automatic index on sqlite_sq_7F9EA9C800(raw_contact_id)
05-19 15:05:09.424 E/SQLiteLog( 2161): (284) automatic index on sqlite_sq_7F9EA9CF80(raw_contact_id)
05-19 15:05:09.432 E/SQLiteLog( 2161): (284) automatic index on sqlite_sq_7F9EA9CD00(raw_contact_id)
05-19 15:05:09.449 E/SQLiteLog( 2161): (284) automatic index on sqlite_sq_7F930E7C80(raw_contact_id)
05-19 15:05:09.459 E/SQLiteLog( 2161): (284) automatic index on sqlite_sq_7F930E7200(raw_contact_id)
05-19 15:05:09.478 E/SQLiteLog( 2161): (284) automatic index on sqlite_sq_7F930E7D00(raw_contact_id)
05-19 15:05:09.487 E/SQLiteLog( 2161): (284) automatic index on sqlite_sq_7F930E7200(raw_contact_id)
05-19 15:05:09.511 E/SQLiteLog( 2161): (284) automatic index on sqlite_sq_7F930E7F80(raw_contact_id)
05-19 15:05:09.520 E/SQLiteLog( 2161): (284) automatic index on sqlite_sq_7F930E7200(raw_contact_id)
05-19 15:05:09.540 E/SQLiteLog( 2161): (284) automatic index on sqlite_sq_7F9EA9D300(raw_contact_id)
05-19 15:05:09.549 E/SQLiteLog( 2161): (284) automatic index on sqlite_sq_7F9EA9CD00(raw_contact_id)
05-19 15:05:09.570 E/SQLiteLog( 2161): (284) automatic index on sqlite_sq_7F931B5500(raw_contact_id)
05-19 15:05:09.580 E/SQLiteLog( 2161): (284) automatic index on sqlite_sq_7F930E7E00(raw_contact_id)
05-19 15:05:09.602 E/SQLiteLog( 2161): (284) automatic index on sqlite_sq_7F9EA9D400(raw_contact_id)
05-19 15:05:09.613 E/SQLiteLog( 2161): (284) automatic index on sqlite_sq_7F9EA9D180(raw_contact_id)
05-19 15:05:09.634 E/SQLiteLog( 2161): (284) automatic index on sqlite_sq_7F9EA9D280(raw_contact_id)
05-19 15:05:09.646 E/SQLiteLog( 2161): (284) automatic index on sqlite_sq_7F9EA9CA00(raw_contact_id)
05-19 15:05:09.682 E/SQLiteLog( 2161): (284) automatic index on sqlite_sq_7F9EA9D600(raw_contact_id)
05-19 15:05:09.698 E/SQLiteLog( 2161): (284) automatic index on sqlite_sq_7F9EA9CA80(raw_contact_id)
05-19 15:05:09.717 E/SQLiteLog( 2161): (284) automatic index on sqlite_sq_7F931B5780(raw_contact_id)
05-19 15:05:09.725 E/SQLiteLog( 2161): (284) automatic index on sqlite_sq_7F931B5200(raw_contact_id)
05-19 15:05:09.748 E/SQLiteLog( 2161): (284) automatic index on sqlite_sq_7F931B5A00(raw_contact_id)
05-19 15:05:09.758 E/SQLiteLog( 2161): (284) automatic index on sqlite_sq_7F931B5600(raw_contact_id)
05-19 15:05:09.779 E/SQLiteLog( 2161): (284) automatic index on sqlite_sq_7F931B5C00(raw_contact_id)
05-19 15:05:09.789 E/SQLiteLog( 2161): (284) automatic index on sqlite_sq_7F931B5200(raw_contact_id)
05-19 15:05:09.804 E/WifiTrafficPoller(  851): TRAFFIC_STATS_POLL true Token 3077 num clients 19
05-19 15:05:09.804 E/WifiTrafficPoller(  851):  packet count Tx=2028742 Rx=6692071
05-19 15:05:09.804 E/WifiTrafficPoller(  851): notifying of data activity 1
05-19 15:05:09.812 E/SQLiteLog( 2161): (284) automatic index on sqlite_sq_7F9EA9D700(raw_contact_id)
05-19 15:05:09.820 E/SQLiteLog( 2161): (284) automatic index on sqlite_sq_7F9EA9CB00(raw_contact_id)
05-19 15:05:09.847 E/SQLiteLog( 2161): (284) automatic index on sqlite_sq_7F931B5D80(raw_contact_id)
05-19 15:05:09.855 E/SQLiteLog( 2161): (284) automatic index on sqlite_sq_7F931B5200(raw_contact_id)
05-19 15:05:09.871 E/SQLiteLog( 2161): (284) automatic index on sqlite_sq_7F9EA9DA00(raw_contact_id)
05-19 15:05:09.878 E/SQLiteLog( 2161): (284) automatic index on sqlite_sq_7F9EA9D680(raw_contact_id)
05-19 15:05:09.923 E/SQLiteLog( 2161): (284) automatic index on sqlite_sq_7F9EA9DC00(raw_contact_id)
05-19 15:05:09.930 E/SQLiteLog( 2161): (284) automatic index on sqlite_sq_7F9EA9D780(raw_contact_id)
05-19 15:05:10.244 E/SQLiteLog( 2161): (284) automatic index on sqlite_sq_7F930B4D80(raw_contact_id)
05-19 15:05:10.252 E/SQLiteLog( 2161): (284) automatic index on sqlite_sq_7F930B4D80(raw_contact_id)
05-19 15:05:10.268 E/SQLiteLog( 2161): (284) automatic index on sqlite_sq_7F930B5580(raw_contact_id)
05-19 15:05:10.275 E/SQLiteLog( 2161): (284) automatic index on sqlite_sq_7F930B5100(raw_contact_id)
05-19 15:05:10.290 E/SQLiteLog( 2161): (284) automatic index on sqlite_sq_7F930B5C80(raw_contact_id)
05-19 15:05:10.297 E/SQLiteLog( 2161): (284) automatic index on sqlite_sq_7F930B5800(raw_contact_id)
05-19 15:05:10.310 E/SQLiteLog( 2161): (284) automatic index on sqlite_sq_7F92C09100(raw_contact_id)
05-19 15:05:10.317 E/SQLiteLog( 2161): (284) automatic index on sqlite_sq_7F92C09B80(raw_contact_id)
05-19 15:05:10.330 E/SQLiteLog( 2161): (284) automatic index on sqlite_sq_7F930B5900(raw_contact_id)
05-19 15:05:10.336 E/SQLiteLog( 2161): (284) automatic index on sqlite_sq_7F930E6600(raw_contact_id)
05-19 15:05:10.350 E/SQLiteLog( 2161): (284) automatic index on sqlite_sq_7F92C09A00(raw_contact_id)
05-19 15:05:10.356 E/SQLiteLog( 2161): (284) automatic index on sqlite_sq_7F92C09A00(raw_contact_id)
05-19 15:05:10.370 E/SQLiteLog( 2161): (284) automatic index on sqlite_sq_7F92C38400(raw_contact_id)
05-19 15:05:10.370 E/WifiStateMachine(  851):  ConnectedState (when=-4ms what=131155 arg1=671!CMD_RSSI_POLL 671 0 "BOCO-office" 94:b4:0f:68:a4:b1 rssi=-53 f=5785 sc=80 link=135 tx=0.9, 0.0, 0.0  rx=78.6 bcn=0 [on:0 tx:0 rx:0 period:3002] from screen [on:0 period:716069442] gl rssi=-53 ag=0 hr ticks 28,286,43 ls-=0 [56,56,56,56,61] brc=0 lrc=0
05-19 15:05:10.371 E/WifiStateMachine(  851):  L2ConnectedState (when=-5ms what=131155 arg1=671!CMD_RSSI_POLL 671 0 "BOCO-office" 94:b4:0f:68:a4:b1 rssi=-53 f=5785 sc=80 link=135 tx=0.9, 0.0, 0.0  rx=78.6 bcn=0 [on:0 tx:0 rx:0 period:1] from screen [on:0 period:716069443] gl rssi=-53 ag=0 hr ticks 28,286,43 ls-=0 [56,56,56,56,61] brc=0 lrc=0
05-19 15:05:10.371 E/WifiStateMachine(  851):  get link layer stats 0
05-19 15:05:10.374 E/WifiStateMachine(  851): calculateWifiScore() we set wifi's score to 1000, so will always set wifi as a default network.
05-19 15:05:10.377 E/SQLiteLog( 2161): (284) automatic index on sqlite_sq_7F92C38400(raw_contact_id)
05-19 15:05:10.391 E/SQLiteLog( 2161): (284) automatic index on sqlite_sq_7F92C38980(raw_contact_id)
05-19 15:05:10.397 E/SQLiteLog( 2161): (284) automatic index on sqlite_sq_7F92C38980(raw_contact_id)
05-19 15:05:10.411 E/SQLiteLog( 2161): (284) automatic index on sqlite_sq_7F930B5E80(raw_contact_id)
05-19 15:05:10.418 E/SQLiteLog( 2161): (284) automatic index on sqlite_sq_7F930B4980(raw_contact_id)
05-19 15:05:10.431 E/SQLiteLog( 2161): (284) automatic index on sqlite_sq_7F930E7080(raw_contact_id)
05-19 15:05:10.437 E/SQLiteLog( 2161): (284) automatic index on sqlite_sq_7F930B5E00(raw_contact_id)
05-19 15:05:10.451 E/SQLiteLog( 2161): (284) automatic index on sqlite_sq_7F930E7400(raw_contact_id)
05-19 15:05:10.457 E/SQLiteLog( 2161): (284) automatic index on sqlite_sq_7F930B5F00(raw_contact_id)
05-19 15:05:10.805 E/WifiTrafficPoller(  851): TRAFFIC_STATS_POLL true Token 3077 num clients 19
05-19 15:05:10.806 E/WifiTrafficPoller(  851):  packet count Tx=2028761 Rx=6692111
05-19 15:05:10.806 E/WifiTrafficPoller(  851): notifying of data activity 3
05-19 15:05:11.807 E/WifiTrafficPoller(  851): TRAFFIC_STATS_POLL true Token 3077 num clients 19
05-19 15:05:11.807 E/WifiTrafficPoller(  851):  packet count Tx=2028761 Rx=6692135
05-19 15:05:11.807 E/WifiTrafficPoller(  851): notifying of data activity 1
05-19 15:05:12.808 E/WifiTrafficPoller(  851): TRAFFIC_STATS_POLL true Token 3077 num clients 19
05-19 15:05:12.808 E/WifiTrafficPoller(  851):  packet count Tx=2028761 Rx=6692157
05-19 15:05:13.238 E/SurfaceFlinger(  285): onDraw: bindTextureImage test
05-19 15:05:13.255 E/SurfaceFlinger(  285): onDraw: bindTextureImage test
05-19 15:05:13.271 E/SurfaceFlinger(  285): onDraw: bindTextureImage test
05-19 15:05:13.288 E/SurfaceFlinger(  285): onDraw: bindTextureImage test
05-19 15:05:13.305 E/SurfaceFlinger(  285): onDraw: bindTextureImage test
05-19 15:05:13.322 E/SurfaceFlinger(  285): onDraw: bindTextureImage test
05-19 15:05:13.339 E/SurfaceFlinger(  285): onDraw: bindTextureImage test
05-19 15:05:13.356 E/SurfaceFlinger(  285): onDraw: bindTextureImage test
05-19 15:05:13.377 E/WifiStateMachine(  851):  ConnectedState (when=-2ms what=131155 arg1=671!CMD_RSSI_POLL 671 0 "BOCO-office" 94:b4:0f:68:a4:b1 rssi=-54 f=5785 sc=80 link=135 tx=11.4, 0.0, 0.0  rx=74.3 bcn=0 [on:0 tx:0 rx:0 period:3001] from screen [on:0 period:716072448] gl rssi=-54 ag=0 hr ticks 28,286,43 ls-=0 [56,56,60,60,65] brc=0 lrc=0
05-19 15:05:13.377 E/WifiStateMachine(  851):  L2ConnectedState (when=-3ms what=131155 arg1=671!CMD_RSSI_POLL 671 0 "BOCO-office" 94:b4:0f:68:a4:b1 rssi=-54 f=5785 sc=80 link=135 tx=11.4, 0.0, 0.0  rx=74.3 bcn=0 [on:0 tx:0 rx:0 period:1] from screen [on:0 period:716072449] gl rssi=-54 ag=0 hr ticks 28,286,43 ls-=0 [56,56,60,60,65] brc=0 lrc=0
05-19 15:05:13.378 E/WifiStateMachine(  851):  get link layer stats 0
05-19 15:05:13.381 E/WifiStateMachine(  851): calculateWifiScore() we set wifi's score to 1000, so will always set wifi as a default network.
05-19 15:05:13.742 E/SurfaceFlinger(  285): onDraw: bindTextureImage test
05-19 15:05:13.759 E/SurfaceFlinger(  285): onDraw: bindTextureImage test
05-19 15:05:13.777 E/SurfaceFlinger(  285): onDraw: bindTextureImage test
05-19 15:05:13.793 E/SurfaceFlinger(  285): onDraw: bindTextureImage test
05-19 15:05:13.809 E/WifiTrafficPoller(  851): TRAFFIC_STATS_POLL true Token 3077 num clients 19
05-19 15:05:13.809 E/WifiTrafficPoller(  851):  packet count Tx=2028764 Rx=6692177
05-19 15:05:13.809 E/WifiTrafficPoller(  851): notifying of data activity 3
05-19 15:05:13.809 E/SurfaceFlinger(  285): onDraw: bindTextureImage test
05-19 15:05:13.826 E/SurfaceFlinger(  285): onDraw: bindTextureImage test
05-19 15:05:13.844 E/SurfaceFlinger(  285): onDraw: bindTextureImage test
05-19 15:05:14.811 E/WifiTrafficPoller(  851): TRAFFIC_STATS_POLL true Token 3077 num clients 19
05-19 15:05:14.812 E/WifiTrafficPoller(  851):  packet count Tx=2028764 Rx=6692190
05-19 15:05:14.812 E/WifiTrafficPoller(  851): notifying of data activity 1
05-19 15:05:15.812 E/WifiTrafficPoller(  851): TRAFFIC_STATS_POLL true Token 3077 num clients 19
05-19 15:05:15.814 E/WifiTrafficPoller(  851):  packet count Tx=2028765 Rx=6692214
05-19 15:05:15.814 E/WifiTrafficPoller(  851): notifying of data activity 3
05-19 15:05:16.386 E/WifiStateMachine(  851):  ConnectedState (when=-3ms what=131155 arg1=671!CMD_RSSI_POLL 671 0 "BOCO-office" 94:b4:0f:68:a4:b1 rssi=-51 f=5785 sc=80 link=135 tx=6.7, 0.0, 0.0  rx=73.7 bcn=0 [on:0 tx:0 rx:0 period:3003] from screen [on:0 period:716075457] gl rssi=-51 ag=0 hr ticks 28,286,43 ls-=0 [56,56,60,60,65] brc=0 lrc=0
05-19 15:05:16.387 E/WifiStateMachine(  851):  L2ConnectedState (when=-5ms what=131155 arg1=671!CMD_RSSI_POLL 671 0 "BOCO-office" 94:b4:0f:68:a4:b1 rssi=-51 f=5785 sc=80 link=135 tx=6.7, 0.0, 0.0  rx=73.7 bcn=0 [on:0 tx:0 rx:0 period:2] from screen [on:0 period:716075459] gl rssi=-51 ag=0 hr ticks 28,286,43 ls-=0 [56,56,60,60,65] brc=0 lrc=0
05-19 15:05:16.387 E/WifiStateMachine(  851):  get link layer stats 0
05-19 15:05:16.391 E/WifiStateMachine(  851): calculateWifiScore() we set wifi's score to 1000, so will always set wifi as a default network.
05-19 15:05:16.817 E/WifiTrafficPoller(  851): TRAFFIC_STATS_POLL true Token 3077 num clients 19
05-19 15:05:16.818 E/WifiTrafficPoller(  851):  packet count Tx=2028773 Rx=6692234
05-19 15:05:17.745 E/SurfaceFlinger(  285): onDraw: bindTextureImage test
05-19 15:05:17.818 E/WifiTrafficPoller(  851): TRAFFIC_STATS_POLL true Token 3077 num clients 19
05-19 15:05:17.819 E/WifiTrafficPoller(  851):  packet count Tx=2028774 Rx=6692250
05-19 15:05:18.340 E/memtrack(14721): Couldn't load memtrack module (No such file or directory)
05-19 15:05:18.340 E/android.os.Debug(14721): failed to load memtrack module: -2
05-19 15:05:18.819 E/WifiTrafficPoller(  851): TRAFFIC_STATS_POLL true Token 3077 num clients 19
05-19 15:05:18.820 E/WifiTrafficPoller(  851):  packet count Tx=2028782 Rx=6692270
05-19 15:05:19.366 E/memtrack(14738): Couldn't load memtrack module (No such file or directory)
05-19 15:05:19.366 E/android.os.Debug(14738): failed to load memtrack module: -2
05-19 15:05:19.395 E/WifiStateMachine(  851):  ConnectedState (when=-3ms what=131155 arg1=671!CMD_RSSI_POLL 671 0 "BOCO-office" 94:b4:0f:68:a4:b1 rssi=-52 f=5785 sc=80 link=135 tx=8.9, 0.0, 0.0  rx=67.8 bcn=0 [on:0 tx:0 rx:0 period:3001] from screen [on:0 period:716078467] gl rssi=-52 ag=0 hr ticks 28,286,43 ls-=0 [56,56,60,60,65] brc=0 lrc=0
05-19 15:05:19.397 E/WifiStateMachine(  851):  L2ConnectedState (when=-4ms what=131155 arg1=671!CMD_RSSI_POLL 671 0 "BOCO-office" 94:b4:0f:68:a4:b1 rssi=-52 f=5785 sc=80 link=135 tx=8.9, 0.0, 0.0  rx=67.8 bcn=0 [on:0 tx:0 rx:0 period:1] from screen [on:0 period:716078468] gl rssi=-52 ag=0 hr ticks 28,286,43 ls-=0 [56,56,60,60,65] brc=0 lrc=0
05-19 15:05:19.397 E/WifiStateMachine(  851):  get link layer stats 0
05-19 15:05:19.400 E/WifiStateMachine(  851): calculateWifiScore() we set wifi's score to 1000, so will always set wifi as a default network.
05-19 15:05:19.820 E/WifiTrafficPoller(  851): TRAFFIC_STATS_POLL true Token 3077 num clients 19
05-19 15:05:19.820 E/WifiTrafficPoller(  851):  packet count Tx=2028782 Rx=6692283
05-19 15:05:19.820 E/WifiTrafficPoller(  851): notifying of data activity 1
05-19 15:05:20.016 E/SurfaceFlinger(  285): onDraw: bindTextureImage test
05-19 15:05:20.034 E/SurfaceFlinger(  285): onDraw: bindTextureImage test
05-19 15:05:20.051 E/SurfaceFlinger(  285): onDraw: bindTextureImage test
05-19 15:05:20.066 E/SurfaceFlinger(  285): onDraw: bindTextureImage test
05-19 15:05:20.083 E/SurfaceFlinger(  285): onDraw: bindTextureImage test
05-19 15:05:20.100 E/SurfaceFlinger(  285): onDraw: bindTextureImage test
05-19 15:05:20.103 E/QueryController(14385): Got null root node from accessibility - Retrying...
05-19 15:05:20.117 E/SurfaceFlinger(  285): onDraw: bindTextureImage test
05-19 15:05:20.133 E/SurfaceFlinger(  285): onDraw: bindTextureImage test
05-19 15:05:20.150 E/SurfaceFlinger(  285): onDraw: bindTextureImage test
05-19 15:05:20.167 E/SurfaceFlinger(  285): onDraw: bindTextureImage test
05-19 15:05:20.184 E/SurfaceFlinger(  285): onDraw: bindTextureImage test
05-19 15:05:20.201 E/SurfaceFlinger(  285): onDraw: bindTextureImage test
05-19 15:05:20.218 E/SurfaceFlinger(  285): onDraw: bindTextureImage test
05-19 15:05:20.234 E/SurfaceFlinger(  285): onDraw: bindTextureImage test
05-19 15:05:20.251 E/SurfaceFlinger(  285): onDraw: bindTextureImage test
05-19 15:05:20.370 E/SurfaceFlinger(  285): onDraw: bindTextureImage test
05-19 15:05:20.386 E/SurfaceFlinger(  285): onDraw: bindTextureImage test
05-19 15:05:20.402 E/SurfaceFlinger(  285): onDraw: bindTextureImage test
05-19 15:05:20.419 E/SurfaceFlinger(  285): onDraw: bindTextureImage test
05-19 15:05:20.822 E/WifiTrafficPoller(  851): TRAFFIC_STATS_POLL true Token 3077 num clients 19
05-19 15:05:20.822 E/WifiTrafficPoller(  851):  packet count Tx=2028782 Rx=6692290
05-19 15:05:21.822 E/WifiTrafficPoller(  851): TRAFFIC_STATS_POLL true Token 3077 num clients 19
05-19 15:05:21.823 E/WifiTrafficPoller(  851):  packet count Tx=2028782 Rx=6692310
05-19 15:05:22.404 E/WifiStateMachine(  851):  ConnectedState (when=-3ms what=131155 arg1=671!CMD_RSSI_POLL 671 0 "BOCO-office" 94:b4:0f:68:a4:b1 rssi=-53 f=5785 sc=80 link=135 tx=8.9, 0.0, 0.0  rx=56.9 bcn=0 [on:0 tx:0 rx:0 period:2999] from screen [on:0 period:716081476] gl rssi=-53 ag=0 hr ticks 28,286,43 ls-=0 [56,56,60,60,65] brc=0 lrc=0
05-19 15:05:22.405 E/WifiStateMachine(  851):  L2ConnectedState (when=-4ms what=131155 arg1=671!CMD_RSSI_POLL 671 0 "BOCO-office" 94:b4:0f:68:a4:b1 rssi=-53 f=5785 sc=80 link=135 tx=8.9, 0.0, 0.0  rx=56.9 bcn=0 [on:0 tx:0 rx:0 period:1] from screen [on:0 period:716081477] gl rssi=-53 ag=0 hr ticks 28,286,43 ls-=0 [56,56,60,60,65] brc=0 lrc=0
05-19 15:05:22.405 E/WifiStateMachine(  851):  get link layer stats 0
05-19 15:05:22.428 E/WifiStateMachine(  851): calculateWifiScore() we set wifi's score to 1000, so will always set wifi as a default network.
05-19 15:05:22.470 E/memtrack(14777): Couldn't load memtrack module (No such file or directory)
05-19 15:05:22.470 E/android.os.Debug(14777): failed to load memtrack module: -2
05-19 15:05:22.823 E/WifiTrafficPoller(  851): TRAFFIC_STATS_POLL true Token 3077 num clients 19
05-19 15:05:22.823 E/WifiTrafficPoller(  851):  packet count Tx=2028782 Rx=6692320
05-19 15:05:23.824 E/WifiTrafficPoller(  851): TRAFFIC_STATS_POLL true Token 3077 num clients 19
05-19 15:05:23.825 E/WifiTrafficPoller(  851):  packet count Tx=2028783 Rx=6692335
05-19 15:05:23.825 E/WifiTrafficPoller(  851): notifying of data activity 3
05-19 15:05:24.825 E/WifiTrafficPoller(  851): TRAFFIC_STATS_POLL true Token 3077 num clients 19
05-19 15:05:24.826 E/WifiTrafficPoller(  851):  packet count Tx=2028783 Rx=6692348
05-19 15:05:24.826 E/WifiTrafficPoller(  851): notifying of data activity 1
05-19 15:05:25.357 E/memtrack(14794): Couldn't load memtrack module (No such file or directory)
05-19 15:05:25.357 E/android.os.Debug(14794): failed to load memtrack module: -2
05-19 15:05:25.431 E/WifiStateMachine(  851):  ConnectedState (when=-3ms what=131155 arg1=671!CMD_RSSI_POLL 671 0 "BOCO-office" 94:b4:0f:68:a4:b1 rssi=-52 f=5785 sc=80 link=135 tx=4.5, 0.0, 0.0  rx=49.0 bcn=0 [on:0 tx:0 rx:0 period:3002] from screen [on:0 period:716084503] gl rssi=-52 ag=0 hr ticks 28,286,43 ls-=0 [56,56,56,56,61] brc=0 lrc=0
05-19 15:05:25.432 E/WifiStateMachine(  851):  L2ConnectedState (when=-4ms what=131155 arg1=671!CMD_RSSI_POLL 671 0 "BOCO-office" 94:b4:0f:68:a4:b1 rssi=-52 f=5785 sc=80 link=135 tx=4.5, 0.0, 0.0  rx=49.0 bcn=0 [on:0 tx:0 rx:0 period:1] from screen [on:0 period:716084504] gl rssi=-52 ag=0 hr ticks 28,286,43 ls-=0 [56,56,56,56,61] brc=0 lrc=0
05-19 15:05:25.432 E/WifiStateMachine(  851):  get link layer stats 0
05-19 15:05:25.448 E/WifiStateMachine(  851): calculateWifiScore() we set wifi's score to 1000, so will always set wifi as a default network.
05-19 15:05:25.827 E/WifiTrafficPoller(  851): TRAFFIC_STATS_POLL true Token 3077 num clients 19
05-19 15:05:25.828 E/WifiTrafficPoller(  851):  packet count Tx=2028783 Rx=6692364
05-19 15:05:26.828 E/WifiTrafficPoller(  851): TRAFFIC_STATS_POLL true Token 3077 num clients 19
05-19 15:05:26.829 E/WifiTrafficPoller(  851):  packet count Tx=2028783 Rx=6692374
05-19 15:05:27.829 E/WifiTrafficPoller(  851): TRAFFIC_STATS_POLL true Token 3077 num clients 19
05-19 15:05:27.829 E/WifiTrafficPoller(  851):  packet count Tx=2028783 Rx=6692388
05-19 15:05:28.184 E/memtrack(14810): Couldn't load memtrack module (No such file or directory)
05-19 15:05:28.184 E/android.os.Debug(14810): failed to load memtrack module: -2
05-19 15:05:28.452 E/WifiStateMachine(  851):  ConnectedState (when=-3ms what=131155 arg1=671!CMD_RSSI_POLL 671 0 "BOCO-office" 94:b4:0f:68:a4:b1 rssi=-54 f=5785 sc=80 link=135 tx=2.7, 0.0, 0.0  rx=44.0 bcn=0 [on:0 tx:0 rx:0 period:3002] from screen [on:0 period:716087524] gl rssi=-54 ag=0 hr ticks 28,286,43 ls-=0 [56,56,56,56,61] brc=0 lrc=0
05-19 15:05:28.452 E/WifiStateMachine(  851):  L2ConnectedState (when=-4ms what=131155 arg1=671!CMD_RSSI_POLL 671 0 "BOCO-office" 94:b4:0f:68:a4:b1 rssi=-54 f=5785 sc=80 link=135 tx=2.7, 0.0, 0.0  rx=44.0 bcn=0 [on:0 tx:0 rx:0 period:0] from screen [on:0 period:716087524] gl rssi=-54 ag=0 hr ticks 28,286,43 ls-=0 [56,56,56,56,61] brc=0 lrc=0
05-19 15:05:28.452 E/WifiStateMachine(  851):  get link layer stats 0
05-19 15:05:28.468 E/WifiStateMachine(  851): calculateWifiScore() we set wifi's score to 1000, so will always set wifi as a default network.
05-19 15:05:28.829 E/WifiTrafficPoller(  851): TRAFFIC_STATS_POLL true Token 3077 num clients 19
05-19 15:05:28.829 E/WifiTrafficPoller(  851):  packet count Tx=2028783 Rx=6692401
05-19 15:05:29.829 E/WifiTrafficPoller(  851): TRAFFIC_STATS_POLL true Token 3077 num clients 19
05-19 15:05:29.829 E/WifiTrafficPoller(  851):  packet count Tx=2028783 Rx=6692417
05-19 15:05:30.829 E/WifiTrafficPoller(  851): TRAFFIC_STATS_POLL true Token 3077 num clients 19
05-19 15:05:30.830 E/WifiTrafficPoller(  851):  packet count Tx=2028783 Rx=6692441
05-19 15:05:31.193 E/memtrack(14827): Couldn't load memtrack module (No such file or directory)
05-19 15:05:31.193 E/android.os.Debug(14827): failed to load memtrack module: -2
05-19 15:05:31.476 E/WifiStateMachine(  851):  ConnectedState (when=-7ms what=131155 arg1=671!CMD_RSSI_POLL 671 0 "BOCO-office" 94:b4:0f:68:a4:b1 rssi=-56 f=5785 sc=80 link=135 tx=1.4, 0.0, 0.0  rx=41.5 bcn=0 [on:0 tx:0 rx:0 period:3007] from screen [on:0 period:716090548] gl rssi=-56 ag=0 hr ticks 28,286,43 ls-=0 [56,56,56,56,61] brc=0 lrc=0
05-19 15:05:31.481 E/WifiStateMachine(  851):  L2ConnectedState (when=-12ms what=131155 arg1=671!CMD_RSSI_POLL 671 0 "BOCO-office" 94:b4:0f:68:a4:b1 rssi=-56 f=5785 sc=80 link=135 tx=1.4, 0.0, 0.0  rx=41.5 bcn=0 [on:0 tx:0 rx:0 period:5] from screen [on:0 period:716090553] gl rssi=-56 ag=0 hr ticks 28,286,43 ls-=0 [56,56,56,56,61] brc=0 lrc=0
05-19 15:05:31.481 E/WifiStateMachine(  851):  get link layer stats 0
05-19 15:05:31.485 E/WifiStateMachine(  851): calculateWifiScore() we set wifi's score to 1000, so will always set wifi as a default network.
