--------- beginning of /dev/log/system
05-18 16:00:49.141 E/NetdConnector(  333): Communications error: java.io.IOException: Connection refused
05-18 16:00:49.141 E/NetdConnector(  333): Error in NativeDaemonConnector: java.io.IOException: Connection refused
05-18 16:00:54.201 E/ConnectivityService(  333): Ignoring protectedNetwork 10
05-18 16:00:54.201 E/ConnectivityService(  333): Ignoring protectedNetwork 11
05-18 16:00:54.201 E/ConnectivityService(  333): Ignoring protectedNetwork 12
05-18 16:00:54.201 E/ConnectivityService(  333): Ignoring protectedNetwork 14
05-18 16:00:54.211 E/MobileDataStateTracker(  333): default: Ignoring feature request because could not acquire PhoneService
05-18 16:00:54.211 E/MobileDataStateTracker(  333): default: Could not enable APN type "default"
05-18 16:00:56.321 E/NetdConnector(  333): NDC Command {1 bandwidth enable} took too long (1849ms)
05-18 16:00:56.321 E/NetdConnector(  333): NDC Command {2 softap fwreload eth1 STA} took too long (1620ms)
05-18 16:00:57.171 E/LocationManagerService(  333): no geocoder provider found
05-18 16:00:57.171 E/LocationManagerService(  333): No FusedProvider found.
05-18 16:00:57.171 E/LocationManagerService(  333): no geofence provider found
05-18 16:01:01.431 E/ConnectivityService(  333): Unexpected mtu value: android.net.wifi.WifiStateTracker@4a8f0654
05-18 16:01:08.855 E/RemotePrintSpooler(  333): Error removing obsolete print jobs .
05-18 16:01:08.855 E/RemotePrintSpooler(  333): java.util.concurrent.TimeoutException: Cannot get spooler!
05-18 16:01:08.855 E/RemotePrintSpooler(  333): 	at com.android.server.print.RemotePrintSpooler.bindLocked(RemotePrintSpooler.java:376)
05-18 16:01:08.855 E/RemotePrintSpooler(  333): 	at com.android.server.print.RemotePrintSpooler.getRemoteInstanceLazy(RemotePrintSpooler.java:352)
05-18 16:01:08.855 E/RemotePrintSpooler(  333): 	at com.android.server.print.RemotePrintSpooler.removeObsoletePrintJobs(RemotePrintSpooler.java:287)
05-18 16:01:08.855 E/RemotePrintSpooler(  333): 	at com.android.server.print.UserState.removeObsoletePrintJobs(UserState.java:163)
05-18 16:01:08.855 E/RemotePrintSpooler(  333): 	at com.android.server.print.PrintManagerService$1.run(PrintManagerService.java:94)
05-18 16:01:08.855 E/RemotePrintSpooler(  333): 	at android.os.Handler.handleCallback(Handler.java:733)
05-18 16:01:08.855 E/RemotePrintSpooler(  333): 	at android.os.Handler.dispatchMessage(Handler.java:95)
05-18 16:01:08.855 E/RemotePrintSpooler(  333): 	at android.os.Looper.loop(Looper.java:136)
05-18 16:01:08.855 E/RemotePrintSpooler(  333): 	at android.os.HandlerThread.run(HandlerThread.java:61)
05-18 16:01:09.275 E/local_gps(  159): Can't send RMC command
05-18 16:01:31.045 E/ActivityThread(  937): Failed to find provider info for com.google.android.wearable.settings
05-18 16:09:03.275 E/AndroidRuntime( 3390): *** FATAL EXCEPTION IN SYSTEM PROCESS: main
05-18 16:09:03.275 E/AndroidRuntime( 3390): java.lang.NullPointerException
05-18 16:09:03.275 E/AndroidRuntime( 3390): 	at com.android.commands.input.Input.sendText(Input.java:173)
05-18 16:09:03.275 E/AndroidRuntime( 3390): 	at com.android.commands.input.Input.run(Input.java:82)
05-18 16:09:03.275 E/AndroidRuntime( 3390): 	at com.android.commands.input.Input.main(Input.java:59)
05-18 16:09:03.275 E/AndroidRuntime( 3390): 	at com.android.internal.os.RuntimeInit.nativeFinishInit(Native Method)
05-18 16:09:03.275 E/AndroidRuntime( 3390): 	at com.android.internal.os.RuntimeInit.main(RuntimeInit.java:258)
05-18 16:09:03.275 E/AndroidRuntime( 3390): 	at dalvik.system.NativeStart.main(Native Method)
05-18 16:09:03.275 E/AndroidRuntime( 3390): Error reporting crash
05-18 16:09:03.275 E/AndroidRuntime( 3390): java.lang.NullPointerException
05-18 16:09:03.275 E/AndroidRuntime( 3390): 	at com.android.internal.os.RuntimeInit$UncaughtHandler.uncaughtException(RuntimeInit.java:86)
05-18 16:09:03.275 E/AndroidRuntime( 3390): 	at java.lang.ThreadGroup.uncaughtException(ThreadGroup.java:693)
05-18 16:09:03.275 E/AndroidRuntime( 3390): 	at java.lang.ThreadGroup.uncaughtException(ThreadGroup.java:690)
05-18 16:09:03.275 E/AndroidRuntime( 3390): 	at dalvik.system.NativeStart.main(Native Method)
--------- beginning of /dev/log/main
05-18 16:09:05.495 E/GPSManager( 3292): Location changed : Lat: 40.00125 Lng: 105.56358166666665
05-18 16:09:05.705 E/cutils-trace( 3402): Error opening trace file: No such file or directory (2)
05-18 16:09:05.965 E/appium  ( 3094): Exception while handling action in: io.appium.uiautomator2.handler.Clear
05-18 16:09:05.965 E/appium  ( 3094): java.lang.NullPointerException
05-18 16:09:05.965 E/appium  ( 3094): 	at android.support.test.uiautomator.UiObject2.setText(UiObject2.java:601)
05-18 16:09:05.965 E/appium  ( 3094): 	at android.support.test.uiautomator.UiObject2.clear(UiObject2.java:338)
05-18 16:09:05.965 E/appium  ( 3094): 	at io.appium.uiautomator2.model.UiObject2Element.clear(UiObject2Element.java:138)
05-18 16:09:05.965 E/appium  ( 3094): 	at io.appium.uiautomator2.handler.Clear.safeHandle(Clear.java:51)
05-18 16:09:05.965 E/appium  ( 3094): 	at io.appium.uiautomator2.handler.request.SafeRequestHandler.handle(SafeRequestHandler.java:56)
05-18 16:09:05.965 E/appium  ( 3094): 	at io.appium.uiautomator2.handler.SendKeysToElement.safeHandle(SendKeysToElement.java:73)
05-18 16:09:05.965 E/appium  ( 3094): 	at io.appium.uiautomator2.handler.request.SafeRequestHandler.handle(SafeRequestHandler.java:56)
05-18 16:09:05.965 E/appium  ( 3094): 	at io.appium.uiautomator2.server.AppiumServlet.handleRequest(AppiumServlet.java:202)
05-18 16:09:05.965 E/appium  ( 3094): 	at io.appium.uiautomator2.server.AppiumServlet.handleHttpRequest(AppiumServlet.java:193)
05-18 16:09:05.965 E/appium  ( 3094): 	at io.appium.uiautomator2.http.ServerHandler.channelRead(ServerHandler.java:44)
05-18 16:09:05.965 E/appium  ( 3094): 	at io.netty.channel.AbstractChannelHandlerContext.invokeChannelRead(AbstractChannelHandlerContext.java:366)
05-18 16:09:05.965 E/appium  ( 3094): 	at io.netty.channel.AbstractChannelHandlerContext.invokeChannelRead(AbstractChannelHandlerContext.java:352)
05-18 16:09:05.965 E/appium  ( 3094): 	at io.netty.channel.AbstractChannelHandlerContext.fireChannelRead(AbstractChannelHandlerContext.java:345)
05-18 16:09:05.965 E/appium  ( 3094): 	at io.netty.handler.codec.MessageToMessageDecoder.channelRead(MessageToMessageDecoder.java:102)
05-18 16:09:05.965 E/appium  ( 3094): 	at io.netty.channel.AbstractChannelHandlerContext.invokeChannelRead(AbstractChannelHandlerContext.java:366)
05-18 16:09:05.965 E/appium  ( 3094): 	at io.netty.channel.AbstractChannelHandlerContext.invokeChannelRead(AbstractChannelHandlerContext.java:352)
05-18 16:09:05.965 E/appium  ( 3094): 	at io.netty.channel.AbstractChannelHandlerContext.fireChannelRead(AbstractChannelHandlerContext.java:345)
05-18 16:09:05.965 E/appium  ( 3094): 	at io.netty.channel.CombinedChannelDuplexHandler$DelegatingChannelHandlerContext.fireChannelRead(CombinedChannelDuplexHandler.java:435)
05-18 16:09:05.965 E/appium  ( 3094): 	at io.netty.handler.codec.ByteToMessageDecoder.fireChannelRead(ByteToMessageDecoder.java:293)
05-18 16:09:05.965 E/appium  ( 3094): 	at io.netty.handler.codec.ByteToMessageDecoder.channelRead(ByteToMessageDecoder.java:267)
05-18 16:09:05.965 E/appium  ( 3094): 	at io.netty.channel.CombinedChannelDuplexHandler.channelRead(CombinedChannelDuplexHandler.java:250)
05-18 16:09:05.965 E/appium  ( 3094): 	at io.netty.channel.AbstractChannelHandlerContext.invokeChannelRead(AbstractChannelHandlerContext.java:366)
05-18 16:09:05.965 E/appium  ( 3094): 	at io.netty.channel.AbstractChannelHandlerContext.invokeChannelRead(AbstractChannelHandlerContext.java:352)
05-18 16:09:05.965 E/appium  ( 3094): 	at io.netty.channel.AbstractChannelHandlerContext.fireChannelRead(AbstractChannelHandlerContext.java:345)
05-18 16:09:05.965 E/appium  ( 3094): 	at io.netty.channel.DefaultChannelPipeline$HeadContext.channelRead(DefaultChannelPipeline.java:1294)
05-18 16:09:05.965 E/appium  ( 3094): 	at io.netty.channel.AbstractChannelHandlerContext.invokeChannelRead(AbstractChannelHandlerContext.java:366)
05-18 16:09:05.965 E/appium  ( 3094): 	at io.netty.channel.AbstractChannelHandlerContext.invokeChannelRead(AbstractChannelHandlerContext.java:352)
05-18 16:09:05.965 E/appium  ( 3094): 	at io.netty.channel.DefaultChannelPipeline.fireChannelRead(DefaultChannelPipeline.java:911)
05-18 16:09:05.965 E/appium  ( 3094): 	at io.netty.channel.nio.AbstractNioByteChannel$NioByteUnsafe.read(AbstractNioByteChannel.java:131)
05-18 16:09:05.965 E/appium  ( 3094): 	at io.netty.channel.nio.NioEventLoop.processSelectedKey(NioEventLoop.java:611)
05-18 16:09:05.965 E/appium  ( 3094): 	at io.netty.channel.nio.NioEventLoop.processSelectedKeysPlain(NioEventLoop.java:514)
05-18 16:09:05.965 E/appium  ( 3094): 	at io.netty.channel.nio.NioEventLoop.processSelectedKeys(NioEventLoop.java:468)
05-18 16:09:05.965 E/appium  ( 3094): 	at io.netty.channel.nio.NioEventLoop.run(NioEventLoop.java:438)
05-18 16:09:05.965 E/appium  ( 3094): 	at io.netty.util.concurrent.SingleThreadEventExecutor$2.run(SingleThreadEventExecutor.java:140)
05-18 16:09:05.965 E/appium  ( 3094): 	at io.netty.util.concurrent.DefaultThreadFactory$DefaultRunnableDecorator.run(DefaultThreadFactory.java:144)
05-18 16:09:05.965 E/appium  ( 3094): 	at java.lang.Thread.run(Thread.java:841)
05-18 16:09:05.975 E/appium  ( 3094): Exception while handling action in: io.appium.uiautomator2.handler.SendKeysToElement
05-18 16:09:05.975 E/appium  ( 3094): java.lang.NullPointerException
05-18 16:09:05.975 E/appium  ( 3094): 	at android.support.test.uiautomator.UiObject2.setText(UiObject2.java:601)
05-18 16:09:05.975 E/appium  ( 3094): 	at io.appium.uiautomator2.model.UiObject2Element.setText(UiObject2Element.java:129)
05-18 16:09:05.975 E/appium  ( 3094): 	at io.appium.uiautomator2.handler.SendKeysToElement.safeHandle(SendKeysToElement.java:83)
05-18 16:09:05.975 E/appium  ( 3094): 	at io.appium.uiautomator2.handler.request.SafeRequestHandler.handle(SafeRequestHandler.java:56)
05-18 16:09:05.975 E/appium  ( 3094): 	at io.appium.uiautomator2.server.AppiumServlet.handleRequest(AppiumServlet.java:202)
05-18 16:09:05.975 E/appium  ( 3094): 	at io.appium.uiautomator2.server.AppiumServlet.handleHttpRequest(AppiumServlet.java:193)
05-18 16:09:05.975 E/appium  ( 3094): 	at io.appium.uiautomator2.http.ServerHandler.channelRead(ServerHandler.java:44)
05-18 16:09:05.975 E/appium  ( 3094): 	at io.netty.channel.AbstractChannelHandlerContext.invokeChannelRead(AbstractChannelHandlerContext.java:366)
05-18 16:09:05.975 E/appium  ( 3094): 	at io.netty.channel.AbstractChannelHandlerContext.invokeChannelRead(AbstractChannelHandlerContext.java:352)
05-18 16:09:05.975 E/appium  ( 3094): 	at io.netty.channel.AbstractChannelHandlerContext.fireChannelRead(AbstractChannelHandlerContext.java:345)
05-18 16:09:05.975 E/appium  ( 3094): 	at io.netty.handler.codec.MessageToMessageDecoder.channelRead(MessageToMessageDecoder.java:102)
05-18 16:09:05.975 E/appium  ( 3094): 	at io.netty.channel.AbstractChannelHandlerContext.invokeChannelRead(AbstractChannelHandlerContext.java:366)
05-18 16:09:05.975 E/appium  ( 3094): 	at io.netty.channel.AbstractChannelHandlerContext.invokeChannelRead(AbstractChannelHandlerContext.java:352)
05-18 16:09:05.975 E/appium  ( 3094): 	at io.netty.channel.AbstractChannelHandlerContext.fireChannelRead(AbstractChannelHandlerContext.java:345)
05-18 16:09:05.975 E/appium  ( 3094): 	at io.netty.channel.CombinedChannelDuplexHandler$DelegatingChannelHandlerContext.fireChannelRead(CombinedChannelDuplexHandler.java:435)
05-18 16:09:05.975 E/appium  ( 3094): 	at io.netty.handler.codec.ByteToMessageDecoder.fireChannelRead(ByteToMessageDecoder.java:293)
05-18 16:09:05.975 E/appium  ( 3094): 	at io.netty.handler.codec.ByteToMessageDecoder.channelRead(ByteToMessageDecoder.java:267)
05-18 16:09:05.975 E/appium  ( 3094): 	at io.netty.channel.CombinedChannelDuplexHandler.channelRead(CombinedChannelDuplexHandler.java:250)
05-18 16:09:05.975 E/appium  ( 3094): 	at io.netty.channel.AbstractChannelHandlerContext.invokeChannelRead(AbstractChannelHandlerContext.java:366)
05-18 16:09:05.975 E/appium  ( 3094): 	at io.netty.channel.AbstractChannelHandlerContext.invokeChannelRead(AbstractChannelHandlerContext.java:352)
05-18 16:09:05.975 E/appium  ( 3094): 	at io.netty.channel.AbstractChannelHandlerContext.fireChannelRead(AbstractChannelHandlerContext.java:345)
05-18 16:09:05.975 E/appium  ( 3094): 	at io.netty.channel.DefaultChannelPipeline$HeadContext.channelRead(DefaultChannelPipeline.java:1294)
05-18 16:09:05.975 E/appium  ( 3094): 	at io.netty.channel.AbstractChannelHandlerContext.invokeChannelRead(AbstractChannelHandlerContext.java:366)
05-18 16:09:05.975 E/appium  ( 3094): 	at io.netty.channel.AbstractChannelHandlerContext.invokeChannelRead(AbstractChannelHandlerContext.java:352)
05-18 16:09:05.975 E/appium  ( 3094): 	at io.netty.channel.DefaultChannelPipeline.fireChannelRead(DefaultChannelPipeline.java:911)
05-18 16:09:05.975 E/appium  ( 3094): 	at io.netty.channel.nio.AbstractNioByteChannel$NioByteUnsafe.read(AbstractNioByteChannel.java:131)
05-18 16:09:05.975 E/appium  ( 3094): 	at io.netty.channel.nio.NioEventLoop.processSelectedKey(NioEventLoop.java:611)
05-18 16:09:05.975 E/appium  ( 3094): 	at io.netty.channel.nio.NioEventLoop.processSelectedKeysPlain(NioEventLoop.java:514)
05-18 16:09:05.975 E/appium  ( 3094): 	at io.netty.channel.nio.NioEventLoop.processSelectedKeys(NioEventLoop.java:468)
05-18 16:09:05.975 E/appium  ( 3094): 	at io.netty.channel.nio.NioEventLoop.run(NioEventLoop.java:438)
05-18 16:09:05.975 E/appium  ( 3094): 	at io.netty.util.concurrent.SingleThreadEventExecutor$2.run(SingleThreadEventExecutor.java:140)
05-18 16:09:05.975 E/appium  ( 3094): 	at io.netty.util.concurrent.DefaultThreadFactory$DefaultRunnableDecorator.run(DefaultThreadFactory.java:144)
05-18 16:09:05.975 E/appium  ( 3094): 	at java.lang.Thread.run(Thread.java:841)
05-18 16:09:06.495 E/GPSManager( 3292): Location changed : Lat: 40.00125 Lng: 105.56358166666665
05-18 16:09:07.105 E/memtrack( 3414): Couldn't load memtrack module (No such file or directory)
05-18 16:09:07.105 E/android.os.Debug( 3414): failed to load memtrack module: -2
05-18 16:09:07.145 E/JavaBinder( 3414): Unknown binder error code. 0xfffffff7
05-18 16:09:07.145 E/AndroidRuntime( 3414): *** FATAL EXCEPTION IN SYSTEM PROCESS: main
05-18 16:09:07.145 E/AndroidRuntime( 3414): java.lang.NullPointerException
05-18 16:09:07.145 E/AndroidRuntime( 3414): 	at com.android.commands.input.Input.sendText(Input.java:173)
05-18 16:09:07.145 E/AndroidRuntime( 3414): 	at com.android.commands.input.Input.run(Input.java:82)
05-18 16:09:07.145 E/AndroidRuntime( 3414): 	at com.android.commands.input.Input.main(Input.java:59)
05-18 16:09:07.145 E/AndroidRuntime( 3414): 	at com.android.internal.os.RuntimeInit.nativeFinishInit(Native Method)
05-18 16:09:07.145 E/AndroidRuntime( 3414): 	at com.android.internal.os.RuntimeInit.main(RuntimeInit.java:258)
05-18 16:09:07.145 E/AndroidRuntime( 3414): 	at dalvik.system.NativeStart.main(Native Method)
05-18 16:09:07.155 E/ServiceManager( 3414): error in getService
05-18 16:09:07.155 E/ServiceManager( 3414): android.os.RemoteException: Unknown binder error code. 0xfffffff7
05-18 16:09:07.155 E/ServiceManager( 3414): 	at android.os.BinderProxy.transact(Native Method)
05-18 16:09:07.155 E/ServiceManager( 3414): 	at android.os.ServiceManagerProxy.getService(ServiceManagerNative.java:123)
05-18 16:09:07.155 E/ServiceManager( 3414): 	at android.os.ServiceManager.getService(ServiceManager.java:55)
05-18 16:09:07.155 E/ServiceManager( 3414): 	at android.app.ActivityManagerNative$1.create(ActivityManagerNative.java:2042)
05-18 16:09:07.155 E/ServiceManager( 3414): 	at android.app.ActivityManagerNative$1.create(ActivityManagerNative.java:2040)
05-18 16:09:07.155 E/ServiceManager( 3414): 	at android.util.Singleton.get(Singleton.java:34)
05-18 16:09:07.155 E/ServiceManager( 3414): 	at android.app.ActivityManagerNative.getDefault(ActivityManagerNative.java:76)
05-18 16:09:07.155 E/ServiceManager( 3414): 	at com.android.internal.os.RuntimeInit$UncaughtHandler.uncaughtException(RuntimeInit.java:86)
05-18 16:09:07.155 E/ServiceManager( 3414): 	at java.lang.ThreadGroup.uncaughtException(ThreadGroup.java:693)
05-18 16:09:07.155 E/ServiceManager( 3414): 	at java.lang.ThreadGroup.uncaughtException(ThreadGroup.java:690)
05-18 16:09:07.155 E/ServiceManager( 3414): 	at dalvik.system.NativeStart.main(Native Method)
05-18 16:09:07.155 E/AndroidRuntime( 3414): Error reporting crash
05-18 16:09:07.155 E/AndroidRuntime( 3414): java.lang.NullPointerException
05-18 16:09:07.155 E/AndroidRuntime( 3414): 	at com.android.internal.os.RuntimeInit$UncaughtHandler.uncaughtException(RuntimeInit.java:86)
05-18 16:09:07.155 E/AndroidRuntime( 3414): 	at java.lang.ThreadGroup.uncaughtException(ThreadGroup.java:693)
05-18 16:09:07.155 E/AndroidRuntime( 3414): 	at java.lang.ThreadGroup.uncaughtException(ThreadGroup.java:690)
05-18 16:09:07.155 E/AndroidRuntime( 3414): 	at dalvik.system.NativeStart.main(Native Method)
05-18 16:09:07.495 E/GPSManager( 3292): Location changed : Lat: 40.00125 Lng: 105.56358166666665
05-18 16:09:08.335 E/FastMixer(  167): did not receive expected priority boost
05-18 16:09:08.505 E/GPSManager( 3292): Location changed : Lat: 40.00125 Lng: 105.56358166666665
05-18 16:09:09.505 E/GPSManager( 3292): Location changed : Lat: 40.00125 Lng: 105.56358166666665
05-18 16:09:10.505 E/GPSManager( 3292): Location changed : Lat: 40.00125 Lng: 105.56358166666665
05-18 16:09:11.525 E/GPSManager( 3292): Location changed : Lat: 40.00125 Lng: 105.56358166666665
05-18 16:09:12.595 E/GPSManager( 3292): Location changed : Lat: 40.00125 Lng: 105.56358166666665
05-18 16:09:13.585 E/GPSManager( 3292): Location changed : Lat: 40.00125 Lng: 105.56358166666665
05-18 16:09:14.575 E/GPSManager( 3292): Location changed : Lat: 40.00125 Lng: 105.56358166666665
05-18 16:09:15.595 E/GPSManager( 3292): Location changed : Lat: 40.00125 Lng: 105.56358166666665
05-18 16:09:16.575 E/GPSManager( 3292): Location changed : Lat: 40.00125 Lng: 105.56358166666665
05-18 16:09:17.595 E/GPSManager( 3292): Location changed : Lat: 40.00125 Lng: 105.56358166666665
05-18 16:09:18.585 E/GPSManager( 3292): Location changed : Lat: 40.00125 Lng: 105.56358166666665
05-18 16:09:19.585 E/GPSManager( 3292): Location changed : Lat: 40.00125 Lng: 105.56358166666665
05-18 16:09:20.625 E/GPSManager( 3292): Location changed : Lat: 40.00125 Lng: 105.56358166666665
05-18 16:09:21.635 E/GPSManager( 3292): Location changed : Lat: 40.00125 Lng: 105.56358166666665
05-18 16:09:22.635 E/GPSManager( 3292): Location changed : Lat: 40.00125 Lng: 105.56358166666665
05-18 16:09:23.645 E/GPSManager( 3292): Location changed : Lat: 40.00125 Lng: 105.56358166666665
05-18 16:09:24.645 E/GPSManager( 3292): Location changed : Lat: 40.00125 Lng: 105.56358166666665
05-18 16:09:25.665 E/GPSManager( 3292): Location changed : Lat: 40.00125 Lng: 105.56358166666665
05-18 16:09:26.655 E/GPSManager( 3292): Location changed : Lat: 40.00125 Lng: 105.56358166666665
05-18 16:09:27.655 E/GPSManager( 3292): Location changed : Lat: 40.00125 Lng: 105.56358166666665
05-18 16:09:28.685 E/GPSManager( 3292): Location changed : Lat: 40.00125 Lng: 105.56358166666665
05-18 16:09:29.665 E/GPSManager( 3292): Location changed : Lat: 40.00125 Lng: 105.56358166666665
05-18 16:09:30.715 E/GPSManager( 3292): Location changed : Lat: 40.00125 Lng: 105.56358166666665
05-18 16:09:31.725 E/GPSManager( 3292): Location changed : Lat: 40.00125 Lng: 105.56358166666665
05-18 16:09:32.725 E/GPSManager( 3292): Location changed : Lat: 40.00125 Lng: 105.56358166666665
05-18 16:09:33.725 E/GPSManager( 3292): Location changed : Lat: 40.00125 Lng: 105.56358166666665
05-18 16:09:34.735 E/GPSManager( 3292): Location changed : Lat: 40.00125 Lng: 105.56358166666665
05-18 16:09:35.725 E/GPSManager( 3292): Location changed : Lat: 40.00125 Lng: 105.56358166666665
05-18 16:09:36.745 E/GPSManager( 3292): Location changed : Lat: 40.00125 Lng: 105.56358166666665
05-18 16:09:37.745 E/GPSManager( 3292): Location changed : Lat: 40.00125 Lng: 105.56358166666665
05-18 16:09:38.755 E/GPSManager( 3292): Location changed : Lat: 40.00125 Lng: 105.56358166666665
05-18 16:09:39.755 E/GPSManager( 3292): Location changed : Lat: 40.00125 Lng: 105.56358166666665
05-18 16:09:40.825 E/GPSManager( 3292): Location changed : Lat: 40.00125 Lng: 105.56358166666665
05-18 16:09:41.775 E/GPSManager( 3292): Location changed : Lat: 40.00125 Lng: 105.56358166666665
05-18 16:09:42.765 E/GPSManager( 3292): Location changed : Lat: 40.00125 Lng: 105.56358166666665
05-18 16:09:43.775 E/GPSManager( 3292): Location changed : Lat: 40.00125 Lng: 105.56358166666665
05-18 16:09:44.775 E/GPSManager( 3292): Location changed : Lat: 40.00125 Lng: 105.56358166666665
05-18 16:09:45.795 E/GPSManager( 3292): Location changed : Lat: 40.00125 Lng: 105.56358166666665
05-18 16:09:46.805 E/GPSManager( 3292): Location changed : Lat: 40.00125 Lng: 105.56358166666665
05-18 16:09:47.805 E/GPSManager( 3292): Location changed : Lat: 40.00125 Lng: 105.56358166666665
05-18 16:09:48.805 E/GPSManager( 3292): Location changed : Lat: 40.00125 Lng: 105.56358166666665
05-18 16:09:49.805 E/GPSManager( 3292): Location changed : Lat: 40.00125 Lng: 105.56358166666665
05-18 16:09:50.805 E/GPSManager( 3292): Location changed : Lat: 40.00125 Lng: 105.56358166666665
05-18 16:09:51.115 E/FastMixer(  167): did not receive expected priority boost
05-18 16:09:51.855 E/GPSManager( 3292): Location changed : Lat: 40.00125 Lng: 105.56358166666665
05-18 16:09:52.825 E/GPSManager( 3292): Location changed : Lat: 40.00125 Lng: 105.56358166666665
05-18 16:09:53.815 E/GPSManager( 3292): Location changed : Lat: 40.00125 Lng: 105.56358166666665
05-18 16:09:54.815 E/GPSManager( 3292): Location changed : Lat: 40.00125 Lng: 105.56358166666665
05-18 16:09:55.845 E/GPSManager( 3292): Location changed : Lat: 40.00125 Lng: 105.56358166666665
05-18 16:09:56.835 E/GPSManager( 3292): Location changed : Lat: 40.00125 Lng: 105.56358166666665
05-18 16:09:57.855 E/GPSManager( 3292): Location changed : Lat: 40.00125 Lng: 105.56358166666665
05-18 16:09:58.865 E/GPSManager( 3292): Location changed : Lat: 40.00125 Lng: 105.56358166666665
05-18 16:09:59.875 E/GPSManager( 3292): Location changed : Lat: 40.00125 Lng: 105.56358166666665
05-18 16:10:00.855 E/GPSManager( 3292): Location changed : Lat: 40.00125 Lng: 105.56358166666665
05-18 16:10:01.855 E/GPSManager( 3292): Location changed : Lat: 40.00125 Lng: 105.56358166666665
05-18 16:10:02.865 E/GPSManager( 3292): Location changed : Lat: 40.00125 Lng: 105.56358166666665
05-18 16:10:03.865 E/GPSManager( 3292): Location changed : Lat: 40.00125 Lng: 105.56358166666665
05-18 16:10:04.865 E/GPSManager( 3292): Location changed : Lat: 40.00125 Lng: 105.56358166666665
05-18 16:10:05.865 E/GPSManager( 3292): Location changed : Lat: 40.00125 Lng: 105.56358166666665
05-18 16:10:06.875 E/GPSManager( 3292): Location changed : Lat: 40.00125 Lng: 105.56358166666665
05-18 16:10:07.885 E/GPSManager( 3292): Location changed : Lat: 40.00125 Lng: 105.56358166666665
05-18 16:10:08.885 E/GPSManager( 3292): Location changed : Lat: 40.00125 Lng: 105.56358166666665
05-18 16:10:09.885 E/GPSManager( 3292): Location changed : Lat: 40.00125 Lng: 105.56358166666665
05-18 16:10:10.885 E/GPSManager( 3292): Location changed : Lat: 40.00125 Lng: 105.56358166666665
05-18 16:10:11.885 E/GPSManager( 3292): Location changed : Lat: 40.00125 Lng: 105.56358166666665
05-18 16:10:12.885 E/GPSManager( 3292): Location changed : Lat: 40.00125 Lng: 105.56358166666665
05-18 16:10:13.925 E/GPSManager( 3292): Location changed : Lat: 40.00125 Lng: 105.56358166666665
05-18 16:10:14.905 E/GPSManager( 3292): Location changed : Lat: 40.00125 Lng: 105.56358166666665
05-18 16:10:15.905 E/GPSManager( 3292): Location changed : Lat: 40.00125 Lng: 105.56358166666665
05-18 16:10:16.905 E/GPSManager( 3292): Location changed : Lat: 40.00125 Lng: 105.56358166666665
05-18 16:10:17.915 E/GPSManager( 3292): Location changed : Lat: 40.00125 Lng: 105.56358166666665
05-18 16:10:18.915 E/GPSManager( 3292): Location changed : Lat: 40.00125 Lng: 105.56358166666665
05-18 16:10:19.915 E/GPSManager( 3292): Location changed : Lat: 40.00125 Lng: 105.56358166666665
05-18 16:10:20.925 E/GPSManager( 3292): Location changed : Lat: 40.00125 Lng: 105.56358166666665
05-18 16:10:21.925 E/GPSManager( 3292): Location changed : Lat: 40.00125 Lng: 105.56358166666665
05-18 16:10:22.935 E/GPSManager( 3292): Location changed : Lat: 40.00125 Lng: 105.56358166666665
05-18 16:10:23.945 E/GPSManager( 3292): Location changed : Lat: 40.00125 Lng: 105.56358166666665
05-18 16:10:24.945 E/GPSManager( 3292): Location changed : Lat: 40.00125 Lng: 105.56358166666665
05-18 16:10:25.945 E/GPSManager( 3292): Location changed : Lat: 40.00125 Lng: 105.56358166666665
05-18 16:10:26.965 E/GPSManager( 3292): Location changed : Lat: 40.00125 Lng: 105.56358166666665
05-18 16:10:27.955 E/GPSManager( 3292): Location changed : Lat: 40.00125 Lng: 105.56358166666665
05-18 16:10:28.965 E/GPSManager( 3292): Location changed : Lat: 40.00125 Lng: 105.56358166666665
05-18 16:10:29.965 E/GPSManager( 3292): Location changed : Lat: 40.00125 Lng: 105.56358166666665
05-18 16:10:30.985 E/GPSManager( 3292): Location changed : Lat: 40.00125 Lng: 105.56358166666665
05-18 16:10:31.975 E/GPSManager( 3292): Location changed : Lat: 40.00125 Lng: 105.56358166666665
05-18 16:10:33.005 E/GPSManager( 3292): Location changed : Lat: 40.00125 Lng: 105.56358166666665
05-18 16:10:33.995 E/GPSManager( 3292): Location changed : Lat: 40.00125 Lng: 105.56358166666665
05-18 16:10:34.995 E/GPSManager( 3292): Location changed : Lat: 40.00125 Lng: 105.56358166666665
05-18 16:10:35.995 E/GPSManager( 3292): Location changed : Lat: 40.00125 Lng: 105.56358166666665
05-18 16:10:37.015 E/GPSManager( 3292): Location changed : Lat: 40.00125 Lng: 105.56358166666665
05-18 16:10:37.455 E/GCM     (  726): Missing checkin config file
05-18 16:10:37.455 E/GCM     (  726): Missing checkin config file
05-18 16:10:38.015 E/GPSManager( 3292): Location changed : Lat: 40.00125 Lng: 105.56358166666665
05-18 16:10:38.345 E/GCM     (  726): Missing checkin config file
05-18 16:10:38.355 E/GCM     (  726): Missing checkin config file
05-18 16:10:39.005 E/GPSManager( 3292): Location changed : Lat: 40.00125 Lng: 105.56358166666665
05-18 16:10:40.025 E/GPSManager( 3292): Location changed : Lat: 40.00125 Lng: 105.56358166666665
05-18 16:10:41.035 E/GPSManager( 3292): Location changed : Lat: 40.00125 Lng: 105.56358166666665
05-18 16:10:42.045 E/GPSManager( 3292): Location changed : Lat: 40.00125 Lng: 105.56358166666665
05-18 16:10:43.035 E/GPSManager( 3292): Location changed : Lat: 40.00125 Lng: 105.56358166666665
05-18 16:10:44.035 E/GPSManager( 3292): Location changed : Lat: 40.00125 Lng: 105.56358166666665
05-18 16:10:45.045 E/GPSManager( 3292): Location changed : Lat: 40.00125 Lng: 105.56358166666665
05-18 16:10:46.035 E/GPSManager( 3292): Location changed : Lat: 40.00125 Lng: 105.56358166666665
05-18 16:10:47.055 E/GPSManager( 3292): Location changed : Lat: 40.00125 Lng: 105.56358166666665
05-18 16:10:48.055 E/GPSManager( 3292): Location changed : Lat: 40.00125 Lng: 105.56358166666665
05-18 16:10:49.075 E/GPSManager( 3292): Location changed : Lat: 40.00125 Lng: 105.56358166666665
05-18 16:10:50.075 E/GPSManager( 3292): Location changed : Lat: 40.00125 Lng: 105.56358166666665
05-18 16:10:51.065 E/GPSManager( 3292): Location changed : Lat: 40.00125 Lng: 105.56358166666665
05-18 16:10:52.075 E/GPSManager( 3292): Location changed : Lat: 40.00125 Lng: 105.56358166666665
05-18 16:10:53.085 E/GPSManager( 3292): Location changed : Lat: 40.00125 Lng: 105.56358166666665
05-18 16:10:54.085 E/GPSManager( 3292): Location changed : Lat: 40.00125 Lng: 105.56358166666665
05-18 16:10:55.095 E/GPSManager( 3292): Location changed : Lat: 40.00125 Lng: 105.56358166666665
05-18 16:10:56.095 E/GPSManager( 3292): Location changed : Lat: 40.00125 Lng: 105.56358166666665
05-18 16:10:57.105 E/GPSManager( 3292): Location changed : Lat: 40.00125 Lng: 105.56358166666665
05-18 16:10:58.165 E/GPSManager( 3292): Location changed : Lat: 40.00125 Lng: 105.56358166666665
05-18 16:10:59.105 E/GPSManager( 3292): Location changed : Lat: 40.00125 Lng: 105.56358166666665
05-18 16:11:00.155 E/GPSManager( 3292): Location changed : Lat: 40.00125 Lng: 105.56358166666665
05-18 16:11:00.225 E/FastMixer(  167): did not receive expected priority boost
05-18 16:11:01.115 E/GPSManager( 3292): Location changed : Lat: 40.00125 Lng: 105.56358166666665
05-18 16:11:02.115 E/GPSManager( 3292): Location changed : Lat: 40.00125 Lng: 105.56358166666665
05-18 16:11:03.125 E/GPSManager( 3292): Location changed : Lat: 40.00125 Lng: 105.56358166666665
05-18 16:11:04.165 E/GPSManager( 3292): Location changed : Lat: 40.00125 Lng: 105.56358166666665
05-18 16:11:05.145 E/GPSManager( 3292): Location changed : Lat: 40.00125 Lng: 105.56358166666665
05-18 16:11:06.145 E/GPSManager( 3292): Location changed : Lat: 40.00125 Lng: 105.56358166666665
05-18 16:11:07.145 E/GPSManager( 3292): Location changed : Lat: 40.00125 Lng: 105.56358166666665
05-18 16:11:07.305 E/memtrack( 3452): Couldn't load memtrack module (No such file or directory)
05-18 16:11:07.305 E/android.os.Debug( 3452): failed to load memtrack module: -2
05-18 16:11:07.375 E/cutils-trace( 3452): Error opening trace file: No such file or directory (2)
05-18 16:11:07.445 E/Cataloger( 1238): syncFile:/storage/emulated/0/Android/data/com.boco.apphall/cache/uil-images/journal
05-18 16:11:07.445 E/Cataloger( 1238): need not sync path:/storage/emulated/0/Android/data/com.boco.apphall/cache/uil-images/journal
05-18 16:11:08.165 E/GPSManager( 3292): Location changed : Lat: 40.00125 Lng: 105.56358166666665
05-18 16:11:09.175 E/GPSManager( 3292): Location changed : Lat: 40.00125 Lng: 105.56358166666665
05-18 16:11:10.185 E/GPSManager( 3292): Location changed : Lat: 40.00125 Lng: 105.56358166666665
05-18 16:11:11.185 E/GPSManager( 3292): Location changed : Lat: 40.00125 Lng: 105.56358166666665
05-18 16:11:12.185 E/GPSManager( 3292): Location changed : Lat: 40.00125 Lng: 105.56358166666665
05-18 16:11:13.215 E/GPSManager( 3292): Location changed : Lat: 40.00125 Lng: 105.56358166666665
05-18 16:11:14.205 E/GPSManager( 3292): Location changed : Lat: 40.00125 Lng: 105.56358166666665
05-18 16:11:15.215 E/GPSManager( 3292): Location changed : Lat: 40.00125 Lng: 105.56358166666665
05-18 16:11:16.235 E/GPSManager( 3292): Location changed : Lat: 40.00125 Lng: 105.56358166666665
05-18 16:11:17.225 E/GPSManager( 3292): Location changed : Lat: 40.00125 Lng: 105.56358166666665
05-18 16:11:17.825 E/FastMixer(  167): did not receive expected priority boost
05-18 16:11:18.495 E/GPSManager( 3292): Location changed : Lat: 40.00125 Lng: 105.56358166666665
05-18 16:11:19.305 E/GPSManager( 3292): Location changed : Lat: 40.00125 Lng: 105.56358166666665
05-18 16:11:20.255 E/GPSManager( 3292): Location changed : Lat: 40.00125 Lng: 105.56358166666665
05-18 16:11:21.255 E/GPSManager( 3292): Location changed : Lat: 40.00125 Lng: 105.56358166666665
05-18 16:11:22.255 E/GPSManager( 3292): Location changed : Lat: 40.00125 Lng: 105.56358166666665
05-18 16:11:23.265 E/GPSManager( 3292): Location changed : Lat: 40.00125 Lng: 105.56358166666665
05-18 16:11:24.285 E/GPSManager( 3292): Location changed : Lat: 40.00125 Lng: 105.56358166666665
05-18 16:11:25.285 E/GPSManager( 3292): Location changed : Lat: 40.00125 Lng: 105.56358166666665
05-18 16:11:26.305 E/GPSManager( 3292): Location changed : Lat: 40.00125 Lng: 105.56358166666665
05-18 16:11:27.295 E/GPSManager( 3292): Location changed : Lat: 40.00125 Lng: 105.56358166666665
05-18 16:11:28.295 E/GPSManager( 3292): Location changed : Lat: 40.00125 Lng: 105.56358166666665
05-18 16:11:29.145 E/cutils-trace( 3082): Error opening trace file: No such file or directory (2)
05-18 16:11:29.295 E/GPSManager( 3292): Location changed : Lat: 40.00125 Lng: 105.56358166666665
05-18 16:11:29.695 E/memtrack( 3478): Couldn't load memtrack module (No such file or directory)
05-18 16:11:29.695 E/android.os.Debug( 3478): failed to load memtrack module: -2
05-18 16:11:29.735 E/cutils-trace( 3478): Error opening trace file: No such file or directory (2)
05-18 16:11:30.295 E/GPSManager( 3292): Location changed : Lat: 40.00125 Lng: 105.56358166666665
05-18 16:11:31.305 E/GPSManager( 3292): Location changed : Lat: 40.00125 Lng: 105.56358166666665
05-18 16:11:31.915 E/memtrack( 3493): Couldn't load memtrack module (No such file or directory)
05-18 16:11:31.915 E/android.os.Debug( 3493): failed to load memtrack module: -2
05-18 16:11:31.955 E/cutils-trace( 3493): Error opening trace file: No such file or directory (2)
05-18 16:11:32.305 E/GPSManager( 3292): Location changed : Lat: 40.00125 Lng: 105.56358166666665
05-18 16:11:33.305 E/GPSManager( 3292): Location changed : Lat: 40.00125 Lng: 105.56358166666665
05-18 16:11:33.515 E/memtrack( 3509): Couldn't load memtrack module (No such file or directory)
05-18 16:11:33.525 E/android.os.Debug( 3509): failed to load memtrack module: -2
05-18 16:11:33.565 E/cutils-trace( 3509): Error opening trace file: No such file or directory (2)
05-18 16:11:34.445 E/GPSManager( 3292): Location changed : Lat: 40.00125 Lng: 105.56358166666665
05-18 16:11:35.315 E/GPSManager( 3292): Location changed : Lat: 40.00125 Lng: 105.56358166666665
05-18 16:11:36.315 E/GPSManager( 3292): Location changed : Lat: 40.00125 Lng: 105.56358166666665
05-18 16:11:36.515 E/memtrack( 3525): Couldn't load memtrack module (No such file or directory)
05-18 16:11:36.525 E/android.os.Debug( 3525): failed to load memtrack module: -2
05-18 16:11:36.705 E/cutils-trace( 3525): Error opening trace file: No such file or directory (2)
05-18 16:11:37.325 E/GPSManager( 3292): Location changed : Lat: 40.00125 Lng: 105.56358166666665
05-18 16:11:38.325 E/GPSManager( 3292): Location changed : Lat: 40.00125 Lng: 105.56358166666665
05-18 16:11:39.335 E/GPSManager( 3292): Location changed : Lat: 40.00125 Lng: 105.56358166666665
05-18 16:11:39.495 E/memtrack( 3537): Couldn't load memtrack module (No such file or directory)
05-18 16:11:39.495 E/android.os.Debug( 3537): failed to load memtrack module: -2
05-18 16:11:39.685 E/cutils-trace( 3537): Error opening trace file: No such file or directory (2)
05-18 16:11:40.325 E/GPSManager( 3292): Location changed : Lat: 40.00125 Lng: 105.56358166666665
05-18 16:11:41.315 E/memtrack( 3549): Couldn't load memtrack module (No such file or directory)
05-18 16:11:41.315 E/android.os.Debug( 3549): failed to load memtrack module: -2
05-18 16:11:41.325 E/GPSManager( 3292): Location changed : Lat: 40.00125 Lng: 105.56358166666665
05-18 16:11:41.385 E/cutils-trace( 3549): Error opening trace file: No such file or directory (2)
05-18 16:11:42.335 E/GPSManager( 3292): Location changed : Lat: 40.00125 Lng: 105.56358166666665
05-18 16:11:42.715 E/memtrack( 3561): Couldn't load memtrack module (No such file or directory)
05-18 16:11:42.715 E/android.os.Debug( 3561): failed to load memtrack module: -2
05-18 16:11:42.765 E/cutils-trace( 3561): Error opening trace file: No such file or directory (2)
05-18 16:11:43.335 E/GPSManager( 3292): Location changed : Lat: 40.00125 Lng: 105.56358166666665
05-18 16:11:43.915 E/memtrack( 3572): Couldn't load memtrack module (No such file or directory)
05-18 16:11:43.915 E/android.os.Debug( 3572): failed to load memtrack module: -2
05-18 16:11:43.965 E/cutils-trace( 3572): Error opening trace file: No such file or directory (2)
05-18 16:11:44.335 E/GPSManager( 3292): Location changed : Lat: 40.00125 Lng: 105.56358166666665
05-18 16:11:45.355 E/GPSManager( 3292): Location changed : Lat: 40.00125 Lng: 105.56358166666665
05-18 16:11:45.525 E/memtrack( 3588): Couldn't load memtrack module (No such file or directory)
05-18 16:11:45.525 E/android.os.Debug( 3588): failed to load memtrack module: -2
05-18 16:11:45.575 E/cutils-trace( 3588): Error opening trace file: No such file or directory (2)
05-18 16:11:46.335 E/GPSManager( 3292): Location changed : Lat: 40.00125 Lng: 105.56358166666665
05-18 16:11:46.635 E/memtrack( 3600): Couldn't load memtrack module (No such file or directory)
05-18 16:11:46.635 E/android.os.Debug( 3600): failed to load memtrack module: -2
05-18 16:11:46.685 E/cutils-trace( 3600): Error opening trace file: No such file or directory (2)
05-18 16:11:47.365 E/GPSManager( 3292): Location changed : Lat: 40.00125 Lng: 105.56358166666665
05-18 16:11:48.355 E/GPSManager( 3292): Location changed : Lat: 40.00125 Lng: 105.56358166666665
05-18 16:11:49.355 E/GPSManager( 3292): Location changed : Lat: 40.00125 Lng: 105.56358166666665
05-18 16:11:50.375 E/GPSManager( 3292): Location changed : Lat: 40.00125 Lng: 105.56358166666665
05-18 16:11:50.825 E/memtrack( 3619): Couldn't load memtrack module (No such file or directory)
05-18 16:11:50.825 E/android.os.Debug( 3619): failed to load memtrack module: -2
05-18 16:11:50.895 E/cutils-trace( 3619): Error opening trace file: No such file or directory (2)
05-18 16:11:51.355 E/GPSManager( 3292): Location changed : Lat: 40.00125 Lng: 105.56358166666665
05-18 16:11:51.985 E/memtrack( 3632): Couldn't load memtrack module (No such file or directory)
05-18 16:11:51.985 E/android.os.Debug( 3632): failed to load memtrack module: -2
05-18 16:11:52.025 E/cutils-trace( 3632): Error opening trace file: No such file or directory (2)
05-18 16:11:52.375 E/GPSManager( 3292): Location changed : Lat: 40.00125 Lng: 105.56358166666665
05-18 16:11:53.105 E/memtrack( 3643): Couldn't load memtrack module (No such file or directory)
05-18 16:11:53.105 E/android.os.Debug( 3643): failed to load memtrack module: -2
05-18 16:11:53.215 E/Cataloger( 1238): syncFile:/storage/emulated/0/Android/data/com.boco.apphall/cache/.nomedia
05-18 16:11:53.215 E/Cataloger( 1238): need not sync path:/storage/emulated/0/Android/data/com.boco.apphall/cache/.nomedia
05-18 16:11:53.255 E/Cataloger( 1238): 重复删除命令
05-18 16:11:53.255 E/Cataloger( 1238): syncFile:/storage/emulated/0/Android/data/com.boco.apphall/cache/uil-images/5252683xnrtcrm7o65y7uirsl0
05-18 16:11:53.255 E/Cataloger( 1238): need not sync path:/storage/emulated/0/Android/data/com.boco.apphall/cache/uil-images/5252683xnrtcrm7o65y7uirsl0
05-18 16:11:53.265 E/Cataloger( 1238): syncFile:/storage/emulated/0/Android/data/com.boco.apphall/cache/uil-images/2dw14j6zx8fuf59l70lizvt710
05-18 16:11:53.265 E/Cataloger( 1238): need not sync path:/storage/emulated/0/Android/data/com.boco.apphall/cache/uil-images/2dw14j6zx8fuf59l70lizvt710
05-18 16:11:53.275 E/Cataloger( 1238): syncFile:/storage/emulated/0/Android/data/com.boco.apphall/cache/uil-images/64u2kf0bfy71nodbxsvrwaoat0
05-18 16:11:53.275 E/Cataloger( 1238): need not sync path:/storage/emulated/0/Android/data/com.boco.apphall/cache/uil-images/64u2kf0bfy71nodbxsvrwaoat0
05-18 16:11:53.285 E/Cataloger( 1238): syncFile:/storage/emulated/0/Android/data/com.boco.apphall/cache/uil-images/3205omy4td9oxw05yijfjsa900
05-18 16:11:53.285 E/Cataloger( 1238): need not sync path:/storage/emulated/0/Android/data/com.boco.apphall/cache/uil-images/3205omy4td9oxw05yijfjsa900
05-18 16:11:53.285 E/Cataloger( 1238): syncFile:/storage/emulated/0/Android/data/com.boco.apphall/cache/uil-images/journal
05-18 16:11:53.295 E/Cataloger( 1238): need not sync path:/storage/emulated/0/Android/data/com.boco.apphall/cache/uil-images/journal
05-18 16:11:53.305 E/Cataloger( 1238): syncFile:/storage/emulated/0/Android/data/com.boco.apphall/cache/uil-images/1yr55s6idym5vmr2kp828kc730
05-18 16:11:53.305 E/Cataloger( 1238): need not sync path:/storage/emulated/0/Android/data/com.boco.apphall/cache/uil-images/1yr55s6idym5vmr2kp828kc730
05-18 16:11:53.305 E/Cataloger( 1238): syncFile:/storage/emulated/0/Android/data/com.boco.apphall/cache/uil-images/5qxqvdbogs92lp9xsu05v4d050
05-18 16:11:53.305 E/Cataloger( 1238): need not sync path:/storage/emulated/0/Android/data/com.boco.apphall/cache/uil-images/5qxqvdbogs92lp9xsu05v4d050
05-18 16:11:53.315 E/Cataloger( 1238): syncFile:/storage/emulated/0/Android/data/com.boco.apphall/cache/uil-images/4kxgwmqh15kqpdwvd91ok1rs00
05-18 16:11:53.315 E/Cataloger( 1238): need not sync path:/storage/emulated/0/Android/data/com.boco.apphall/cache/uil-images/4kxgwmqh15kqpdwvd91ok1rs00
05-18 16:11:53.325 E/Cataloger( 1238): syncFile:/storage/emulated/0/Android/data/com.boco.apphall/cache/uil-images/5qk5ab5bpi8w4etc52xne53rs0
05-18 16:11:53.325 E/Cataloger( 1238): need not sync path:/storage/emulated/0/Android/data/com.boco.apphall/cache/uil-images/5qk5ab5bpi8w4etc52xne53rs0
05-18 16:11:53.325 E/Cataloger( 1238): syncFile:/storage/emulated/0/Android/data/com.boco.apphall/cache/uil-images/3zj5e7agc5dxrx9zld8s8tazk0
05-18 16:11:53.335 E/Cataloger( 1238): need not sync path:/storage/emulated/0/Android/data/com.boco.apphall/cache/uil-images/3zj5e7agc5dxrx9zld8s8tazk0
05-18 16:11:53.335 E/Cataloger( 1238): 重复删除命令
05-18 16:11:53.345 E/Cataloger( 1238): syncFile:/storage/emulated/0/Android/data/com.boco.apphall/cache/uil-images/mk3hplefdtlqmx38m1iwlp2r0
05-18 16:11:53.345 E/Cataloger( 1238): need not sync path:/storage/emulated/0/Android/data/com.boco.apphall/cache/uil-images/mk3hplefdtlqmx38m1iwlp2r0
05-18 16:11:53.355 E/Cataloger( 1238): syncFile:/storage/emulated/0/Android/data/com.boco.apphall/cache/uil-images
05-18 16:11:53.355 E/Cataloger( 1238): syncFile:/storage/emulated/0/Android/data/com.boco.apphall/cache
05-18 16:11:53.365 E/Cataloger( 1238): syncFile:/storage/emulated/0/Android/data/com.boco.apphall
05-18 16:11:53.375 E/GPSManager( 3292): Location changed : Lat: 40.00125 Lng: 105.56358166666665
05-18 16:11:53.385 E/cutils-trace( 3643): Error opening trace file: No such file or directory (2)
05-18 16:11:54.375 E/GPSManager( 3292): Location changed : Lat: 40.00125 Lng: 105.56358166666665
05-18 16:11:54.525 E/memtrack( 3668): Couldn't load memtrack module (No such file or directory)
05-18 16:11:54.525 E/android.os.Debug( 3668): failed to load memtrack module: -2
05-18 16:11:54.575 E/cutils-trace( 3668): Error opening trace file: No such file or directory (2)
05-18 16:11:55.375 E/GPSManager( 3292): Location changed : Lat: 40.00125 Lng: 105.56358166666665
05-18 16:11:55.635 E/memtrack( 3680): Couldn't load memtrack module (No such file or directory)
05-18 16:11:55.635 E/android.os.Debug( 3680): failed to load memtrack module: -2
05-18 16:11:55.685 E/cutils-trace( 3680): Error opening trace file: No such file or directory (2)
05-18 16:11:56.385 E/GPSManager( 3292): Location changed : Lat: 40.00125 Lng: 105.56358166666665
05-18 16:11:57.065 E/memtrack( 3694): Couldn't load memtrack module (No such file or directory)
05-18 16:11:57.065 E/android.os.Debug( 3694): failed to load memtrack module: -2
05-18 16:11:57.105 E/cutils-trace( 3694): Error opening trace file: No such file or directory (2)
05-18 16:11:57.385 E/GPSManager( 3292): Location changed : Lat: 40.00125 Lng: 105.56358166666665
05-18 16:11:58.005 E/memtrack( 3705): Couldn't load memtrack module (No such file or directory)
05-18 16:11:58.005 E/android.os.Debug( 3705): failed to load memtrack module: -2
05-18 16:11:58.385 E/GPSManager( 3292): Location changed : Lat: 40.00125 Lng: 105.56358166666665
05-18 16:11:59.405 E/GPSManager( 3292): Location changed : Lat: 40.00125 Lng: 105.56358166666665
05-18 16:12:00.445 E/GPSManager( 3292): Location changed : Lat: 40.00125 Lng: 105.56358166666665
05-18 16:12:01.395 E/GPSManager( 3292): Location changed : Lat: 40.00125 Lng: 105.56358166666665
05-18 16:12:01.575 E/memtrack( 3736): Couldn't load memtrack module (No such file or directory)
05-18 16:12:01.575 E/android.os.Debug( 3736): failed to load memtrack module: -2
05-18 16:12:02.865 E/GPSManager( 3292): Location changed : Lat: 40.00125 Lng: 105.56358166666665
05-18 16:12:03.025 E/Cataloger( 1238): syncFile:/storage/emulated/0/Android/data/com.boco.apphall
05-18 16:12:03.025 E/Cataloger( 1238): 创建一个目录:/storage/emulated/0/Android/data/com.boco.apphall
05-18 16:12:03.025 E/Cataloger( 1238): 扫描新建目录：/storage/emulated/0/Android/data/com.boco.apphall
05-18 16:12:03.035 E/Cataloger( 1238): syncFile:/storage/emulated/0/Android/data/com.boco.apphall/cache
05-18 16:12:03.035 E/Cataloger( 1238): 创建一个目录:/storage/emulated/0/Android/data/com.boco.apphall/cache
05-18 16:12:03.035 E/Cataloger( 1238): 扫描新建目录：/storage/emulated/0/Android/data/com.boco.apphall/cache
05-18 16:12:03.045 E/Cataloger( 1238): syncFile:/storage/emulated/0/Android/data/com.boco.apphall/cache/.nomedia
05-18 16:12:03.045 E/Cataloger( 1238): need not sync path:/storage/emulated/0/Android/data/com.boco.apphall/cache/.nomedia
05-18 16:12:03.045 E/Cataloger( 1238): syncFile:/storage/emulated/0/Android/data/com.boco.apphall/cache/.nomedia
05-18 16:12:03.045 E/Cataloger( 1238): need not sync path:/storage/emulated/0/Android/data/com.boco.apphall/cache/.nomedia
05-18 16:12:03.065 E/Cataloger( 1238): syncFile:/storage/emulated/0/Android/data/com.boco.apphall/cache/uil-images
05-18 16:12:03.065 E/Cataloger( 1238): 创建一个目录:/storage/emulated/0/Android/data/com.boco.apphall/cache/uil-images
05-18 16:12:03.065 E/Cataloger( 1238): 扫描新建目录：/storage/emulated/0/Android/data/com.boco.apphall/cache/uil-images
05-18 16:12:03.075 E/Cataloger( 1238): syncFile:/storage/emulated/0/Android/data/com.boco.apphall/cache/uil-images/journal.tmp
05-18 16:12:03.075 E/Cataloger( 1238): need not sync path:/storage/emulated/0/Android/data/com.boco.apphall/cache/uil-images/journal.tmp
05-18 16:12:03.085 E/Cataloger( 1238): syncFile:/storage/emulated/0/Android/data/com.boco.apphall/cache/uil-images/journal.tmp
05-18 16:12:03.085 E/Cataloger( 1238): need not sync path:/storage/emulated/0/Android/data/com.boco.apphall/cache/uil-images/journal.tmp
05-18 16:12:03.085 E/Cataloger( 1238): syncFile:/storage/emulated/0/Android/data/com.boco.apphall/cache/uil-images/journal.tmp
05-18 16:12:03.085 E/Cataloger( 1238): need not sync path:/storage/emulated/0/Android/data/com.boco.apphall/cache/uil-images/journal.tmp
05-18 16:12:03.095 E/Cataloger( 1238): syncFile:/storage/emulated/0/Android/data/com.boco.apphall/cache/uil-images/journal
05-18 16:12:03.095 E/Cataloger( 1238): need not sync path:/storage/emulated/0/Android/data/com.boco.apphall/cache/uil-images/journal
05-18 16:12:03.405 E/GPSManager( 3292): Location changed : Lat: 40.00125 Lng: 105.56358166666665
05-18 16:12:03.685 E/cutils-trace( 3736): Error opening trace file: No such file or directory (2)
05-18 16:12:04.425 E/GPSManager( 3292): Location changed : Lat: 40.00125 Lng: 105.56358166666665
05-18 16:12:05.455 E/GPSManager( 3292): Location changed : Lat: 40.00125 Lng: 105.56358166666665
05-18 16:12:06.425 E/GPSManager( 3292): Location changed : Lat: 40.00125 Lng: 105.56358166666665
05-18 16:12:07.435 E/GPSManager( 3292): Location changed : Lat: 40.00125 Lng: 105.56358166666665
05-18 16:12:07.535 E/memtrack( 3776): Couldn't load memtrack module (No such file or directory)
05-18 16:12:07.535 E/android.os.Debug( 3776): failed to load memtrack module: -2
05-18 16:12:07.705 E/cutils-trace( 3776): Error opening trace file: No such file or directory (2)
05-18 16:12:08.425 E/GPSManager( 3292): Location changed : Lat: 40.00125 Lng: 105.56358166666665
05-18 16:12:09.425 E/GPSManager( 3292): Location changed : Lat: 40.00125 Lng: 105.56358166666665
05-18 16:12:09.665 E/memtrack( 3788): Couldn't load memtrack module (No such file or directory)
05-18 16:12:09.665 E/android.os.Debug( 3788): failed to load memtrack module: -2
05-18 16:12:10.425 E/GPSManager( 3292): Location changed : Lat: 40.00125 Lng: 105.56358166666665
05-18 16:12:11.095 E/cutils-trace( 3788): Error opening trace file: No such file or directory (2)
05-18 16:12:11.375 E/appium  ( 3717): Exception while handling action in: io.appium.uiautomator2.handler.Clear
05-18 16:12:11.375 E/appium  ( 3717): java.lang.NullPointerException
05-18 16:12:11.375 E/appium  ( 3717): 	at android.support.test.uiautomator.UiObject2.setText(UiObject2.java:601)
05-18 16:12:11.375 E/appium  ( 3717): 	at android.support.test.uiautomator.UiObject2.clear(UiObject2.java:338)
05-18 16:12:11.375 E/appium  ( 3717): 	at io.appium.uiautomator2.model.UiObject2Element.clear(UiObject2Element.java:138)
05-18 16:12:11.375 E/appium  ( 3717): 	at io.appium.uiautomator2.handler.Clear.safeHandle(Clear.java:51)
05-18 16:12:11.375 E/appium  ( 3717): 	at io.appium.uiautomator2.handler.request.SafeRequestHandler.handle(SafeRequestHandler.java:56)
05-18 16:12:11.375 E/appium  ( 3717): 	at io.appium.uiautomator2.handler.SendKeysToElement.safeHandle(SendKeysToElement.java:73)
05-18 16:12:11.375 E/appium  ( 3717): 	at io.appium.uiautomator2.handler.request.SafeRequestHandler.handle(SafeRequestHandler.java:56)
05-18 16:12:11.375 E/appium  ( 3717): 	at io.appium.uiautomator2.server.AppiumServlet.handleRequest(AppiumServlet.java:202)
05-18 16:12:11.375 E/appium  ( 3717): 	at io.appium.uiautomator2.server.AppiumServlet.handleHttpRequest(AppiumServlet.java:193)
05-18 16:12:11.375 E/appium  ( 3717): 	at io.appium.uiautomator2.http.ServerHandler.channelRead(ServerHandler.java:44)
05-18 16:12:11.375 E/appium  ( 3717): 	at io.netty.channel.AbstractChannelHandlerContext.invokeChannelRead(AbstractChannelHandlerContext.java:366)
05-18 16:12:11.375 E/appium  ( 3717): 	at io.netty.channel.AbstractChannelHandlerContext.invokeChannelRead(AbstractChannelHandlerContext.java:352)
