05-19 15:10:51.487 E/WifiStateMachine(  851):  L2ConnectedState (when=-6ms what=131155 arg1=671!CMD_RSSI_POLL 671 0 "BOCO-office" 94:b4:0f:68:a4:b1 rssi=-53 f=5785 sc=80 link=135 tx=2.9, 0.0, 0.0  rx=74.4 bcn=0 [on:0 tx:0 rx:0 period:3] from screen [on:0 period:716410558] gl rssi=-53 ag=0 hr ticks 28,286,43 ls-=0 [56,56,56,56,61] brc=0 lrc=0
05-19 15:10:51.487 E/WifiStateMachine(  851):  get link layer stats 0
05-19 15:10:51.491 E/WifiStateMachine(  851): calculateWifiScore() we set wifi's score to 1000, so will always set wifi as a default network.
05-19 15:10:51.499 E/SurfaceFlinger(  285): onDraw: bindTextureImage test
05-19 15:10:52.217 E/WifiTrafficPoller(  851): TRAFFIC_STATS_POLL true Token 3077 num clients 18
05-19 15:10:52.218 E/WifiTrafficPoller(  851):  packet count Tx=2028985 Rx=6699819
05-19 15:10:52.218 E/WifiTrafficPoller(  851): notifying of data activity 1
05-19 15:10:53.219 E/WifiTrafficPoller(  851): TRAFFIC_STATS_POLL true Token 3077 num clients 18
05-19 15:10:53.220 E/WifiTrafficPoller(  851):  packet count Tx=2028985 Rx=6699842
05-19 15:10:54.220 E/WifiTrafficPoller(  851): TRAFFIC_STATS_POLL true Token 3077 num clients 18
05-19 15:10:54.221 E/WifiTrafficPoller(  851):  packet count Tx=2028985 Rx=6699888
05-19 15:10:54.495 E/WifiStateMachine(  851):  ConnectedState (when=-3ms what=131155 arg1=671!CMD_RSSI_POLL 671 0 "BOCO-office" 94:b4:0f:68:a4:b1 rssi=-53 f=5785 sc=80 link=135 tx=2.4, 0.0, 0.0  rx=63.2 bcn=0 [on:0 tx:0 rx:0 period:3001] from screen [on:0 period:716413567] gl rssi=-53 ag=0 hr ticks 28,286,43 ls-=0 [56,56,56,56,61] brc=0 lrc=0
05-19 15:10:54.496 E/WifiStateMachine(  851):  L2ConnectedState (when=-5ms what=131155 arg1=671!CMD_RSSI_POLL 671 0 "BOCO-office" 94:b4:0f:68:a4:b1 rssi=-53 f=5785 sc=80 link=135 tx=2.4, 0.0, 0.0  rx=63.2 bcn=0 [on:0 tx:0 rx:0 period:1] from screen [on:0 period:716413568] gl rssi=-53 ag=0 hr ticks 28,286,43 ls-=0 [56,56,56,56,61] brc=0 lrc=0
05-19 15:10:54.496 E/WifiStateMachine(  851):  get link layer stats 0
05-19 15:10:54.503 E/WifiStateMachine(  851): calculateWifiScore() we set wifi's score to 1000, so will always set wifi as a default network.
05-19 15:10:55.221 E/WifiTrafficPoller(  851): TRAFFIC_STATS_POLL true Token 3077 num clients 18
05-19 15:10:55.221 E/WifiTrafficPoller(  851):  packet count Tx=2028985 Rx=6699930
05-19 15:10:56.222 E/WifiTrafficPoller(  851): TRAFFIC_STATS_POLL true Token 3077 num clients 18
05-19 15:10:56.223 E/WifiTrafficPoller(  851):  packet count Tx=2028986 Rx=6699966
05-19 15:10:56.223 E/WifiTrafficPoller(  851): notifying of data activity 3
05-19 15:10:56.362 E/SurfaceFlinger(  285): onDraw: bindTextureImage test
05-19 15:10:56.380 E/SurfaceFlinger(  285): onDraw: bindTextureImage test
05-19 15:10:56.380 E/SurfaceFlinger(  285): onDraw: bindTextureImage test
05-19 15:10:56.381 E/SurfaceFlinger(  285): onDraw: bindTextureImage test
05-19 15:10:56.396 E/SurfaceFlinger(  285): onDraw: bindTextureImage test
05-19 15:10:56.396 E/SurfaceFlinger(  285): onDraw: bindTextureImage test
05-19 15:10:56.397 E/SurfaceFlinger(  285): onDraw: bindTextureImage test
05-19 15:10:56.413 E/SurfaceFlinger(  285): onDraw: bindTextureImage test
05-19 15:10:56.413 E/SurfaceFlinger(  285): onDraw: bindTextureImage test
05-19 15:10:56.413 E/SurfaceFlinger(  285): onDraw: bindTextureImage test
05-19 15:10:56.428 E/SurfaceFlinger(  285): onDraw: bindTextureImage test
05-19 15:10:56.429 E/SurfaceFlinger(  285): onDraw: bindTextureImage test
05-19 15:10:56.429 E/SurfaceFlinger(  285): onDraw: bindTextureImage test
05-19 15:10:56.446 E/SurfaceFlinger(  285): onDraw: bindTextureImage test
05-19 15:10:56.447 E/SurfaceFlinger(  285): onDraw: bindTextureImage test
05-19 15:10:56.447 E/SurfaceFlinger(  285): onDraw: bindTextureImage test
05-19 15:10:56.462 E/SurfaceFlinger(  285): onDraw: bindTextureImage test
05-19 15:10:56.462 E/SurfaceFlinger(  285): onDraw: bindTextureImage test
05-19 15:10:56.463 E/SurfaceFlinger(  285): onDraw: bindTextureImage test
05-19 15:10:56.479 E/SurfaceFlinger(  285): onDraw: bindTextureImage test
05-19 15:10:56.479 E/SurfaceFlinger(  285): onDraw: bindTextureImage test
05-19 15:10:56.480 E/SurfaceFlinger(  285): onDraw: bindTextureImage test
05-19 15:10:56.496 E/SurfaceFlinger(  285): onDraw: bindTextureImage test
05-19 15:10:56.497 E/SurfaceFlinger(  285): onDraw: bindTextureImage test
05-19 15:10:56.497 E/SurfaceFlinger(  285): onDraw: bindTextureImage test
05-19 15:10:56.513 E/SurfaceFlinger(  285): onDraw: bindTextureImage test
05-19 15:10:56.529 E/SurfaceFlinger(  285): onDraw: bindTextureImage test
05-19 15:10:56.765 E/SurfaceFlinger(  285): onDraw: bindTextureImage test
05-19 15:10:56.781 E/SurfaceFlinger(  285): onDraw: bindTextureImage test
05-19 15:10:56.798 E/SurfaceFlinger(  285): onDraw: bindTextureImage test
05-19 15:10:56.815 E/SurfaceFlinger(  285): onDraw: bindTextureImage test
05-19 15:10:56.832 E/SurfaceFlinger(  285): onDraw: bindTextureImage test
05-19 15:10:56.849 E/SurfaceFlinger(  285): onDraw: bindTextureImage test
05-19 15:10:56.865 E/SurfaceFlinger(  285): onDraw: bindTextureImage test
05-19 15:10:57.100 E/SurfaceFlinger(  285): onDraw: bindTextureImage test
05-19 15:10:57.117 E/SurfaceFlinger(  285): onDraw: bindTextureImage test
05-19 15:10:57.134 E/SurfaceFlinger(  285): onDraw: bindTextureImage test
05-19 15:10:57.152 E/SurfaceFlinger(  285): onDraw: bindTextureImage test
05-19 15:10:57.170 E/SurfaceFlinger(  285): onDraw: bindTextureImage test
05-19 15:10:57.224 E/WifiTrafficPoller(  851): TRAFFIC_STATS_POLL true Token 3077 num clients 18
05-19 15:10:57.225 E/WifiTrafficPoller(  851):  packet count Tx=2028995 Rx=6700001
05-19 15:10:57.389 E/SurfaceFlinger(  285): onDraw: bindTextureImage test
05-19 15:10:57.405 E/SurfaceFlinger(  285): onDraw: bindTextureImage test
05-19 15:10:57.421 E/SurfaceFlinger(  285): onDraw: bindTextureImage test
05-19 15:10:57.438 E/SurfaceFlinger(  285): onDraw: bindTextureImage test
05-19 15:10:57.454 E/SurfaceFlinger(  285): onDraw: bindTextureImage test
05-19 15:10:57.471 E/SurfaceFlinger(  285): onDraw: bindTextureImage test
05-19 15:10:57.488 E/SurfaceFlinger(  285): onDraw: bindTextureImage test
05-19 15:10:57.505 E/SurfaceFlinger(  285): onDraw: bindTextureImage test
05-19 15:10:57.507 E/WifiStateMachine(  851):  ConnectedState (when=-3ms what=131155 arg1=671!CMD_RSSI_POLL 671 0 "BOCO-office" 94:b4:0f:68:a4:b1 rssi=-52 f=5785 sc=80 link=135 tx=1.2, 0.0, 0.0  rx=74.6 bcn=0 [on:0 tx:0 rx:0 period:3002] from screen [on:0 period:716416578] gl rssi=-52 ag=0 hr ticks 28,286,43 ls-=0 [56,56,56,56,61] brc=0 lrc=0
05-19 15:10:57.508 E/WifiStateMachine(  851):  L2ConnectedState (when=-4ms what=131155 arg1=671!CMD_RSSI_POLL 671 0 "BOCO-office" 94:b4:0f:68:a4:b1 rssi=-52 f=5785 sc=80 link=135 tx=1.2, 0.0, 0.0  rx=74.6 bcn=0 [on:0 tx:0 rx:0 period:2] from screen [on:0 period:716416580] gl rssi=-52 ag=0 hr ticks 28,286,43 ls-=0 [56,56,56,56,61] brc=0 lrc=0
05-19 15:10:57.508 E/WifiStateMachine(  851):  get link layer stats 0
05-19 15:10:57.512 E/WifiStateMachine(  851): calculateWifiScore() we set wifi's score to 1000, so will always set wifi as a default network.
05-19 15:10:58.225 E/WifiTrafficPoller(  851): TRAFFIC_STATS_POLL true Token 3077 num clients 18
05-19 15:10:58.227 E/WifiTrafficPoller(  851):  packet count Tx=2028998 Rx=6700023
05-19 15:10:59.121 E/SurfaceFlinger(  285): onDraw: bindTextureImage test
05-19 15:10:59.138 E/SurfaceFlinger(  285): onDraw: bindTextureImage test
05-19 15:10:59.155 E/SurfaceFlinger(  285): onDraw: bindTextureImage test
05-19 15:10:59.171 E/SurfaceFlinger(  285): onDraw: bindTextureImage test
05-19 15:10:59.188 E/SurfaceFlinger(  285): onDraw: bindTextureImage test
05-19 15:10:59.206 E/SurfaceFlinger(  285): onDraw: bindTextureImage test
05-19 15:10:59.222 E/SurfaceFlinger(  285): onDraw: bindTextureImage test
05-19 15:10:59.227 E/WifiTrafficPoller(  851): TRAFFIC_STATS_POLL true Token 3077 num clients 18
05-19 15:10:59.228 E/WifiTrafficPoller(  851):  packet count Tx=2028999 Rx=6700041
05-19 15:10:59.239 E/SurfaceFlinger(  285): onDraw: bindTextureImage test
05-19 15:10:59.492 E/SurfaceFlinger(  285): onDraw: bindTextureImage test
05-19 15:10:59.508 E/SurfaceFlinger(  285): onDraw: bindTextureImage test
05-19 15:10:59.525 E/SurfaceFlinger(  285): onDraw: bindTextureImage test
05-19 15:10:59.542 E/SurfaceFlinger(  285): onDraw: bindTextureImage test
05-19 15:10:59.559 E/SurfaceFlinger(  285): onDraw: bindTextureImage test
05-19 15:10:59.576 E/SurfaceFlinger(  285): onDraw: bindTextureImage test
05-19 15:10:59.593 E/SurfaceFlinger(  285): onDraw: bindTextureImage test
05-19 15:11:00.228 E/WifiTrafficPoller(  851): TRAFFIC_STATS_POLL true Token 3077 num clients 18
05-19 15:11:00.228 E/WifiTrafficPoller(  851):  packet count Tx=2029002 Rx=6700061
05-19 15:11:00.517 E/WifiStateMachine(  851):  ConnectedState (when=-4ms what=131155 arg1=671!CMD_RSSI_POLL 671 0 "BOCO-office" 94:b4:0f:68:a4:b1 rssi=-54 f=5785 sc=80 link=135 tx=6.6, 0.0, 0.0  rx=95.3 bcn=0 [on:0 tx:0 rx:0 period:3004] from screen [on:0 period:716419589] gl rssi=-54 ag=0 hr ticks 28,286,43 ls-=0 [56,56,60,60,65] brc=0 lrc=0
05-19 15:11:00.518 E/WifiStateMachine(  851):  L2ConnectedState (when=-6ms what=131155 arg1=671!CMD_RSSI_POLL 671 0 "BOCO-office" 94:b4:0f:68:a4:b1 rssi=-54 f=5785 sc=80 link=135 tx=6.6, 0.0, 0.0  rx=95.3 bcn=0 [on:0 tx:0 rx:0 period:1] from screen [on:0 period:716419590] gl rssi=-54 ag=0 hr ticks 28,286,43 ls-=0 [56,56,60,60,65] brc=0 lrc=0
05-19 15:11:00.518 E/WifiStateMachine(  851):  get link layer stats 0
05-19 15:11:00.538 E/WifiStateMachine(  851): calculateWifiScore() we set wifi's score to 1000, so will always set wifi as a default network.
05-19 15:11:01.228 E/WifiTrafficPoller(  851): TRAFFIC_STATS_POLL true Token 3077 num clients 18
05-19 15:11:01.229 E/WifiTrafficPoller(  851):  packet count Tx=2029003 Rx=6700093
05-19 15:11:02.229 E/WifiTrafficPoller(  851): TRAFFIC_STATS_POLL true Token 3077 num clients 18
05-19 15:11:02.230 E/WifiTrafficPoller(  851):  packet count Tx=2029009 Rx=6700134
05-19 15:11:03.230 E/WifiTrafficPoller(  851): TRAFFIC_STATS_POLL true Token 3077 num clients 18
05-19 15:11:03.231 E/WifiTrafficPoller(  851):  packet count Tx=2029013 Rx=6700167
05-19 15:11:03.542 E/WifiStateMachine(  851):  ConnectedState (when=-3ms what=131155 arg1=671!CMD_RSSI_POLL 671 0 "BOCO-office" 94:b4:0f:68:a4:b1 rssi=-53 f=5785 sc=80 link=135 tx=5.8, 0.0, 0.0  rx=77.6 bcn=0 [on:0 tx:0 rx:0 period:3003] from screen [on:0 period:716422614] gl rssi=-53 ag=0 hr ticks 28,286,43 ls-=0 [56,56,60,60,65] brc=0 lrc=0
05-19 15:11:03.543 E/WifiStateMachine(  851):  L2ConnectedState (when=-4ms what=131155 arg1=671!CMD_RSSI_POLL 671 0 "BOCO-office" 94:b4:0f:68:a4:b1 rssi=-53 f=5785 sc=80 link=135 tx=5.8, 0.0, 0.0  rx=77.6 bcn=0 [on:0 tx:0 rx:0 period:1] from screen [on:0 period:716422615] gl rssi=-53 ag=0 hr ticks 28,286,43 ls-=0 [56,56,60,60,65] brc=0 lrc=0
05-19 15:11:03.543 E/WifiStateMachine(  851):  get link layer stats 0
05-19 15:11:03.547 E/WifiStateMachine(  851): calculateWifiScore() we set wifi's score to 1000, so will always set wifi as a default network.
05-19 15:11:04.231 E/WifiTrafficPoller(  851): TRAFFIC_STATS_POLL true Token 3077 num clients 18
05-19 15:11:04.231 E/WifiTrafficPoller(  851):  packet count Tx=2029014 Rx=6700205
05-19 15:11:04.686 E/memtrack(15880): Couldn't load memtrack module (No such file or directory)
05-19 15:11:04.686 E/android.os.Debug(15880): failed to load memtrack module: -2
05-19 15:11:05.232 E/WifiTrafficPoller(  851): TRAFFIC_STATS_POLL true Token 3077 num clients 18
05-19 15:11:05.233 E/WifiTrafficPoller(  851):  packet count Tx=2029022 Rx=6700238
05-19 15:11:05.710 E/memtrack(15897): Couldn't load memtrack module (No such file or directory)
05-19 15:11:05.710 E/android.os.Debug(15897): failed to load memtrack module: -2
05-19 15:11:05.919 E/SurfaceFlinger(  285): onDraw: bindTextureImage test
05-19 15:11:05.936 E/SurfaceFlinger(  285): onDraw: bindTextureImage test
05-19 15:11:05.955 E/SurfaceFlinger(  285): onDraw: bindTextureImage test
05-19 15:11:05.970 E/SurfaceFlinger(  285): onDraw: bindTextureImage test
05-19 15:11:05.989 E/SurfaceFlinger(  285): onDraw: bindTextureImage test
05-19 15:11:06.003 E/SurfaceFlinger(  285): onDraw: bindTextureImage test
05-19 15:11:06.012 E/QueryController(15728): Got null root node from accessibility - Retrying...
05-19 15:11:06.020 E/SurfaceFlinger(  285): onDraw: bindTextureImage test
05-19 15:11:06.037 E/SurfaceFlinger(  285): onDraw: bindTextureImage test
05-19 15:11:06.054 E/SurfaceFlinger(  285): onDraw: bindTextureImage test
05-19 15:11:06.070 E/SurfaceFlinger(  285): onDraw: bindTextureImage test
05-19 15:11:06.087 E/SurfaceFlinger(  285): onDraw: bindTextureImage test
05-19 15:11:06.104 E/SurfaceFlinger(  285): onDraw: bindTextureImage test
05-19 15:11:06.121 E/SurfaceFlinger(  285): onDraw: bindTextureImage test
05-19 15:11:06.138 E/SurfaceFlinger(  285): onDraw: bindTextureImage test
05-19 15:11:06.155 E/SurfaceFlinger(  285): onDraw: bindTextureImage test
05-19 15:11:06.188 E/SurfaceFlinger(  285): onDraw: bindTextureImage test
05-19 15:11:06.205 E/SurfaceFlinger(  285): onDraw: bindTextureImage test
05-19 15:11:06.222 E/SurfaceFlinger(  285): onDraw: bindTextureImage test
05-19 15:11:06.233 E/WifiTrafficPoller(  851): TRAFFIC_STATS_POLL true Token 3077 num clients 18
05-19 15:11:06.234 E/WifiTrafficPoller(  851):  packet count Tx=2029022 Rx=6700274
05-19 15:11:06.234 E/WifiTrafficPoller(  851): notifying of data activity 1
05-19 15:11:06.240 E/SurfaceFlinger(  285): onDraw: bindTextureImage test
05-19 15:11:06.551 E/WifiStateMachine(  851):  ConnectedState (when=-4ms what=131155 arg1=671!CMD_RSSI_POLL 671 0 "BOCO-office" 94:b4:0f:68:a4:b1 rssi=-53 f=5785 sc=80 link=135 tx=8.4, 0.0, 0.0  rx=93.8 bcn=0 [on:0 tx:0 rx:0 period:3003] from screen [on:0 period:716425623] gl rssi=-53 ag=0 hr ticks 28,286,43 ls-=0 [56,56,60,60,65] brc=0 lrc=0
05-19 15:11:06.552 E/WifiStateMachine(  851):  L2ConnectedState (when=-5ms what=131155 arg1=671!CMD_RSSI_POLL 671 0 "BOCO-office" 94:b4:0f:68:a4:b1 rssi=-53 f=5785 sc=80 link=135 tx=8.4, 0.0, 0.0  rx=93.8 bcn=0 [on:0 tx:0 rx:0 period:1] from screen [on:0 period:716425624] gl rssi=-53 ag=0 hr ticks 28,286,43 ls-=0 [56,56,60,60,65] brc=0 lrc=0
05-19 15:11:06.552 E/WifiStateMachine(  851):  get link layer stats 0
05-19 15:11:06.568 E/WifiStateMachine(  851): calculateWifiScore() we set wifi's score to 1000, so will always set wifi as a default network.
05-19 15:11:07.235 E/WifiTrafficPoller(  851): TRAFFIC_STATS_POLL true Token 3077 num clients 18
05-19 15:11:07.236 E/WifiTrafficPoller(  851):  packet count Tx=2029024 Rx=6700310
05-19 15:11:07.236 E/WifiTrafficPoller(  851): notifying of data activity 3
05-19 15:11:08.237 E/WifiTrafficPoller(  851): TRAFFIC_STATS_POLL true Token 3077 num clients 18
05-19 15:11:08.238 E/WifiTrafficPoller(  851):  packet count Tx=2029026 Rx=6700344
05-19 15:11:08.781 E/memtrack(15919): Couldn't load memtrack module (No such file or directory)
05-19 15:11:08.781 E/android.os.Debug(15919): failed to load memtrack module: -2
05-19 15:11:09.238 E/WifiTrafficPoller(  851): TRAFFIC_STATS_POLL true Token 3077 num clients 18
05-19 15:11:09.239 E/WifiTrafficPoller(  851):  packet count Tx=2029026 Rx=6700386
05-19 15:11:09.239 E/WifiTrafficPoller(  851): notifying of data activity 1
05-19 15:11:09.572 E/WifiStateMachine(  851):  ConnectedState (when=-4ms what=131155 arg1=671!CMD_RSSI_POLL 671 0 "BOCO-office" 94:b4:0f:68:a4:b1 rssi=-52 f=5785 sc=80 link=135 tx=8.7, 0.0, 0.0  rx=99.9 bcn=0 [on:0 tx:0 rx:0 period:3003] from screen [on:0 period:716428644] gl rssi=-52 ag=0 hr ticks 28,286,43 ls-=0 [56,56,60,60,65] brc=0 lrc=0
05-19 15:11:09.573 E/WifiStateMachine(  851):  L2ConnectedState (when=-5ms what=131155 arg1=671!CMD_RSSI_POLL 671 0 "BOCO-office" 94:b4:0f:68:a4:b1 rssi=-52 f=5785 sc=80 link=135 tx=8.7, 0.0, 0.0  rx=99.9 bcn=0 [on:0 tx:0 rx:0 period:1] from screen [on:0 period:716428645] gl rssi=-52 ag=0 hr ticks 28,286,43 ls-=0 [56,56,60,60,65] brc=0 lrc=0
05-19 15:11:09.573 E/WifiStateMachine(  851):  get link layer stats 0
05-19 15:11:09.589 E/WifiStateMachine(  851): calculateWifiScore() we set wifi's score to 1000, so will always set wifi as a default network.
05-19 15:11:10.240 E/WifiTrafficPoller(  851): TRAFFIC_STATS_POLL true Token 3077 num clients 18
05-19 15:11:10.240 E/WifiTrafficPoller(  851):  packet count Tx=2029026 Rx=6700424
05-19 15:11:11.241 E/WifiTrafficPoller(  851): TRAFFIC_STATS_POLL true Token 3077 num clients 18
05-19 15:11:11.241 E/WifiTrafficPoller(  851):  packet count Tx=2029026 Rx=6700467
05-19 15:11:11.586 E/memtrack(15936): Couldn't load memtrack module (No such file or directory)
05-19 15:11:11.586 E/android.os.Debug(15936): failed to load memtrack module: -2
05-19 15:11:12.241 E/WifiTrafficPoller(  851): TRAFFIC_STATS_POLL true Token 3077 num clients 18
05-19 15:11:12.242 E/WifiTrafficPoller(  851):  packet count Tx=2029026 Rx=6700512
05-19 15:11:12.593 E/WifiStateMachine(  851):  ConnectedState (when=-3ms what=131155 arg1=671!CMD_RSSI_POLL 671 0 "BOCO-office" 94:b4:0f:68:a4:b1 rssi=-52 f=5785 sc=80 link=135 tx=6.4, 0.0, 0.0  rx=106.0 bcn=0 [on:0 tx:0 rx:0 period:3001] from screen [on:0 period:716431665] gl rssi=-52 ag=0 hr ticks 28,286,43 ls-=0 [56,56,60,60,65] brc=0 lrc=0
05-19 15:11:12.594 E/WifiStateMachine(  851):  L2ConnectedState (when=-4ms what=131155 arg1=671!CMD_RSSI_POLL 671 0 "BOCO-office" 94:b4:0f:68:a4:b1 rssi=-52 f=5785 sc=80 link=135 tx=6.4, 0.0, 0.0  rx=106.0 bcn=0 [on:0 tx:0 rx:0 period:0] from screen [on:0 period:716431665] gl rssi=-52 ag=0 hr ticks 28,286,43 ls-=0 [56,56,60,60,65] brc=0 lrc=0
05-19 15:11:12.594 E/WifiStateMachine(  851):  get link layer stats 0
05-19 15:11:12.608 E/WifiStateMachine(  851): calculateWifiScore() we set wifi's score to 1000, so will always set wifi as a default network.
05-19 15:11:13.242 E/WifiTrafficPoller(  851): TRAFFIC_STATS_POLL true Token 3077 num clients 18
05-19 15:11:13.243 E/WifiTrafficPoller(  851):  packet count Tx=2029026 Rx=6700540
05-19 15:11:14.243 E/WifiTrafficPoller(  851): TRAFFIC_STATS_POLL true Token 3077 num clients 18
05-19 15:11:14.244 E/WifiTrafficPoller(  851):  packet count Tx=2029026 Rx=6700570
05-19 15:11:14.396 E/memtrack(15952): Couldn't load memtrack module (No such file or directory)
05-19 15:11:14.396 E/android.os.Debug(15952): failed to load memtrack module: -2
05-19 15:11:15.244 E/WifiTrafficPoller(  851): TRAFFIC_STATS_POLL true Token 3077 num clients 18
05-19 15:11:15.244 E/WifiTrafficPoller(  851):  packet count Tx=2029026 Rx=6700590
05-19 15:11:15.612 E/WifiStateMachine(  851):  ConnectedState (when=-3ms what=131155 arg1=671!CMD_RSSI_POLL 671 0 "BOCO-office" 94:b4:0f:68:a4:b1 rssi=-51 f=5785 sc=80 link=135 tx=3.2, 0.0, 0.0  rx=114.5 bcn=0 [on:0 tx:0 rx:0 period:3003] from screen [on:0 period:716434684] gl rssi=-51 ag=0 hr ticks 28,286,43 ls-=0 [56,56,56,56,61] brc=0 lrc=0
05-19 15:11:15.613 E/WifiStateMachine(  851):  L2ConnectedState (when=-4ms what=131155 arg1=671!CMD_RSSI_POLL 671 0 "BOCO-office" 94:b4:0f:68:a4:b1 rssi=-51 f=5785 sc=80 link=135 tx=3.2, 0.0, 0.0  rx=114.5 bcn=0 [on:0 tx:0 rx:0 period:1] from screen [on:0 period:716434685] gl rssi=-51 ag=0 hr ticks 28,286,43 ls-=0 [56,56,56,56,61] brc=0 lrc=0
05-19 15:11:15.613 E/WifiStateMachine(  851):  get link layer stats 0
05-19 15:11:15.628 E/WifiStateMachine(  851): calculateWifiScore() we set wifi's score to 1000, so will always set wifi as a default network.
05-19 15:11:16.245 E/WifiTrafficPoller(  851): TRAFFIC_STATS_POLL true Token 3077 num clients 18
05-19 15:11:16.245 E/WifiTrafficPoller(  851):  packet count Tx=2029026 Rx=6700615
05-19 15:11:17.246 E/WifiTrafficPoller(  851): TRAFFIC_STATS_POLL true Token 3077 num clients 18
05-19 15:11:17.247 E/WifiTrafficPoller(  851):  packet count Tx=2029026 Rx=6700642
05-19 15:11:17.367 E/memtrack(15970): Couldn't load memtrack module (No such file or directory)
05-19 15:11:17.367 E/android.os.Debug(15970): failed to load memtrack module: -2
