05-18 09:55:28.868 E/WifiStateMachine(  851):  ConnectedState (when=-3ms what=131155 arg1=591!CMD_RSSI_POLL 591 0 "BOCO-office" 94:b4:0f:68:a4:b1 rssi=-49 f=5785 sc=80 link=135 tx=2.9, 0.0, 0.0  rx=40.3 bcn=0 [on:0 tx:0 rx:0 period:2999] from screen [on:0 period:611087940] gl rssi=-49 ag=0 hr ticks 314,77,49 ls-=0 [56,56,56,56,61] brc=0 lrc=0
05-18 09:55:28.869 E/WifiStateMachine(  851):  L2ConnectedState (when=-4ms what=131155 arg1=591!CMD_RSSI_POLL 591 0 "BOCO-office" 94:b4:0f:68:a4:b1 rssi=-49 f=5785 sc=80 link=135 tx=2.9, 0.0, 0.0  rx=40.3 bcn=0 [on:0 tx:0 rx:0 period:1] from screen [on:0 period:611087941] gl rssi=-49 ag=0 hr ticks 314,77,49 ls-=0 [56,56,56,56,61] brc=0 lrc=0
05-18 09:55:28.869 E/WifiStateMachine(  851):  get link layer stats 0
05-18 09:55:28.880 E/WifiStateMachine(  851): calculateWifiScore() we set wifi's score to 1000, so will always set wifi as a default network.
05-18 09:55:29.122 E/memtrack(18733): Couldn't load memtrack module (No such file or directory)
05-18 09:55:29.122 E/android.os.Debug(18733): failed to load memtrack module: -2
05-18 09:55:29.396 E/WifiTrafficPoller(  851): TRAFFIC_STATS_POLL true Token 2644 num clients 19
05-18 09:55:29.397 E/WifiTrafficPoller(  851):  packet count Tx=1749783 Rx=5772763
05-18 09:55:30.398 E/WifiTrafficPoller(  851): TRAFFIC_STATS_POLL true Token 2644 num clients 19
05-18 09:55:30.398 E/WifiTrafficPoller(  851):  packet count Tx=1749783 Rx=5772793
05-18 09:55:30.562 E/memtrack(18751): Couldn't load memtrack module (No such file or directory)
05-18 09:55:30.562 E/android.os.Debug(18751): failed to load memtrack module: -2
05-18 09:55:31.283 E/memtrack(18768): Couldn't load memtrack module (No such file or directory)
05-18 09:55:31.283 E/android.os.Debug(18768): failed to load memtrack module: -2
05-18 09:55:31.399 E/WifiTrafficPoller(  851): TRAFFIC_STATS_POLL true Token 2644 num clients 19
05-18 09:55:31.400 E/WifiTrafficPoller(  851):  packet count Tx=1749783 Rx=5772808
05-18 09:55:31.884 E/WifiStateMachine(  851):  ConnectedState (when=-4ms what=131155 arg1=591!CMD_RSSI_POLL 591 0 "BOCO-office" 94:b4:0f:68:a4:b1 rssi=-48 f=5785 sc=80 link=135 tx=1.5, 0.0, 0.0  rx=38.1 bcn=0 [on:0 tx:0 rx:0 period:3003] from screen [on:0 period:611090956] gl rssi=-48 ag=0 hr ticks 314,77,49 ls-=0 [56,56,56,56,61] brc=0 lrc=0
05-18 09:55:31.887 E/WifiStateMachine(  851):  L2ConnectedState (when=-6ms what=131155 arg1=591!CMD_RSSI_POLL 591 0 "BOCO-office" 94:b4:0f:68:a4:b1 rssi=-48 f=5785 sc=80 link=135 tx=1.5, 0.0, 0.0  rx=38.1 bcn=0 [on:0 tx:0 rx:0 period:3] from screen [on:0 period:611090959] gl rssi=-48 ag=0 hr ticks 314,77,49 ls-=0 [56,56,56,56,61] brc=0 lrc=0
05-18 09:55:31.887 E/WifiStateMachine(  851):  get link layer stats 0
05-18 09:55:31.911 E/WifiStateMachine(  851): calculateWifiScore() we set wifi's score to 1000, so will always set wifi as a default network.
05-18 09:55:32.389 E/memtrack(18784): Couldn't load memtrack module (No such file or directory)
05-18 09:55:32.389 E/android.os.Debug(18784): failed to load memtrack module: -2
05-18 09:55:32.400 E/WifiTrafficPoller(  851): TRAFFIC_STATS_POLL true Token 2644 num clients 19
05-18 09:55:32.401 E/WifiTrafficPoller(  851):  packet count Tx=1749783 Rx=5772822
05-18 09:55:33.379 E/memtrack(18800): Couldn't load memtrack module (No such file or directory)
05-18 09:55:33.379 E/android.os.Debug(18800): failed to load memtrack module: -2
05-18 09:55:33.402 E/WifiTrafficPoller(  851): TRAFFIC_STATS_POLL true Token 2644 num clients 19
05-18 09:55:33.402 E/WifiTrafficPoller(  851):  packet count Tx=1749783 Rx=5772847
05-18 09:55:34.312 E/memtrack(18816): Couldn't load memtrack module (No such file or directory)
05-18 09:55:34.312 E/android.os.Debug(18816): failed to load memtrack module: -2
05-18 09:55:34.403 E/WifiTrafficPoller(  851): TRAFFIC_STATS_POLL true Token 2644 num clients 19
05-18 09:55:34.403 E/WifiTrafficPoller(  851):  packet count Tx=1749783 Rx=5772870
05-18 09:55:34.915 E/WifiStateMachine(  851):  ConnectedState (when=-3ms what=131155 arg1=591!CMD_RSSI_POLL 591 0 "BOCO-office" 94:b4:0f:68:a4:b1 rssi=-49 f=5785 sc=80 link=135 tx=0.7, 0.0, 0.0  rx=53.1 bcn=0 [on:0 tx:0 rx:0 period:3001] from screen [on:0 period:611093987] gl rssi=-49 ag=0 hr ticks 314,77,49 ls-=0 [56,56,56,56,61] brc=0 lrc=0
05-18 09:55:34.915 E/WifiStateMachine(  851):  L2ConnectedState (when=-4ms what=131155 arg1=591!CMD_RSSI_POLL 591 0 "BOCO-office" 94:b4:0f:68:a4:b1 rssi=-49 f=5785 sc=80 link=135 tx=0.7, 0.0, 0.0  rx=53.1 bcn=0 [on:0 tx:0 rx:0 period:0] from screen [on:0 period:611093987] gl rssi=-49 ag=0 hr ticks 314,77,49 ls-=0 [56,56,56,56,61] brc=0 lrc=0
05-18 09:55:34.916 E/WifiStateMachine(  851):  get link layer stats 0
05-18 09:55:34.929 E/WifiStateMachine(  851): calculateWifiScore() we set wifi's score to 1000, so will always set wifi as a default network.
05-18 09:55:35.404 E/WifiTrafficPoller(  851): TRAFFIC_STATS_POLL true Token 2644 num clients 19
05-18 09:55:35.404 E/WifiTrafficPoller(  851):  packet count Tx=1749783 Rx=5772889
05-18 09:55:35.472 E/memtrack(18835): Couldn't load memtrack module (No such file or directory)
05-18 09:55:35.472 E/android.os.Debug(18835): failed to load memtrack module: -2
05-18 09:55:36.181 E/memtrack(18852): Couldn't load memtrack module (No such file or directory)
05-18 09:55:36.181 E/android.os.Debug(18852): failed to load memtrack module: -2
05-18 09:55:36.405 E/WifiTrafficPoller(  851): TRAFFIC_STATS_POLL true Token 2644 num clients 19
05-18 09:55:36.406 E/WifiTrafficPoller(  851):  packet count Tx=1749783 Rx=5772906
05-18 09:55:37.407 E/WifiTrafficPoller(  851): TRAFFIC_STATS_POLL true Token 2644 num clients 19
05-18 09:55:37.408 E/WifiTrafficPoller(  851):  packet count Tx=1749783 Rx=5772918
05-18 09:55:37.934 E/WifiStateMachine(  851):  ConnectedState (when=-4ms what=131155 arg1=591!CMD_RSSI_POLL 591 0 "BOCO-office" 94:b4:0f:68:a4:b1 rssi=-49 f=5785 sc=80 link=135 tx=0.4, 0.0, 0.0  rx=58.5 bcn=0 [on:0 tx:0 rx:0 period:3003] from screen [on:0 period:611097006] gl rssi=-49 ag=0 hr ticks 314,77,49 ls-=0 [56,56,56,56,61] brc=0 lrc=0
05-18 09:55:37.936 E/WifiStateMachine(  851):  L2ConnectedState (when=-6ms what=131155 arg1=591!CMD_RSSI_POLL 591 0 "BOCO-office" 94:b4:0f:68:a4:b1 rssi=-49 f=5785 sc=80 link=135 tx=0.4, 0.0, 0.0  rx=58.5 bcn=0 [on:0 tx:0 rx:0 period:2] from screen [on:0 period:611097008] gl rssi=-49 ag=0 hr ticks 314,77,49 ls-=0 [56,56,56,56,61] brc=0 lrc=0
05-18 09:55:37.937 E/WifiStateMachine(  851):  get link layer stats 0
05-18 09:55:37.942 E/WifiStateMachine(  851): calculateWifiScore() we set wifi's score to 1000, so will always set wifi as a default network.
05-18 09:55:38.408 E/WifiTrafficPoller(  851): TRAFFIC_STATS_POLL true Token 2644 num clients 19
05-18 09:55:38.409 E/WifiTrafficPoller(  851):  packet count Tx=1749784 Rx=5772934
05-18 09:55:38.409 E/WifiTrafficPoller(  851): notifying of data activity 3
05-18 09:55:39.409 E/WifiTrafficPoller(  851): TRAFFIC_STATS_POLL true Token 2644 num clients 19
05-18 09:55:39.411 E/WifiTrafficPoller(  851):  packet count Tx=1749785 Rx=5772949
05-18 09:55:39.967 E/memtrack(18882): Couldn't load memtrack module (No such file or directory)
05-18 09:55:39.967 E/android.os.Debug(18882): failed to load memtrack module: -2
05-18 09:55:40.411 E/WifiTrafficPoller(  851): TRAFFIC_STATS_POLL true Token 2644 num clients 19
05-18 09:55:40.412 E/WifiTrafficPoller(  851):  packet count Tx=1749785 Rx=5772966
05-18 09:55:40.412 E/WifiTrafficPoller(  851): notifying of data activity 1
05-18 09:55:40.947 E/WifiStateMachine(  851):  ConnectedState (when=-4ms what=131155 arg1=591!CMD_RSSI_POLL 591 0 "BOCO-office" 94:b4:0f:68:a4:b1 rssi=-49 f=5785 sc=80 link=135 tx=0.7, 0.0, 0.0  rx=52.8 bcn=0 [on:0 tx:0 rx:0 period:3003] from screen [on:0 period:611100019] gl rssi=-49 ag=0 hr ticks 314,77,49 ls-=0 [56,56,56,56,61] brc=0 lrc=0
05-18 09:55:40.950 E/WifiStateMachine(  851):  L2ConnectedState (when=-6ms what=131155 arg1=591!CMD_RSSI_POLL 591 0 "BOCO-office" 94:b4:0f:68:a4:b1 rssi=-49 f=5785 sc=80 link=135 tx=0.7, 0.0, 0.0  rx=52.8 bcn=0 [on:0 tx:0 rx:0 period:3] from screen [on:0 period:611100022] gl rssi=-49 ag=0 hr ticks 314,77,49 ls-=0 [56,56,56,56,61] brc=0 lrc=0
05-18 09:55:40.950 E/WifiStateMachine(  851):  get link layer stats 0
05-18 09:55:40.971 E/WifiStateMachine(  851): calculateWifiScore() we set wifi's score to 1000, so will always set wifi as a default network.
05-18 09:55:41.420 E/WifiTrafficPoller(  851): TRAFFIC_STATS_POLL true Token 2644 num clients 19
05-18 09:55:41.421 E/WifiTrafficPoller(  851):  packet count Tx=1749785 Rx=5772978
05-18 09:55:42.422 E/WifiTrafficPoller(  851): TRAFFIC_STATS_POLL true Token 2644 num clients 19
05-18 09:55:42.423 E/WifiTrafficPoller(  851):  packet count Tx=1749785 Rx=5772991
05-18 09:55:42.926 E/memtrack(18942): Couldn't load memtrack module (No such file or directory)
05-18 09:55:42.926 E/android.os.Debug(18942): failed to load memtrack module: -2
05-18 09:55:43.423 E/WifiTrafficPoller(  851): TRAFFIC_STATS_POLL true Token 2644 num clients 19
05-18 09:55:43.424 E/WifiTrafficPoller(  851):  packet count Tx=1749785 Rx=5772998
05-18 09:55:43.807 E/memtrack(18959): Couldn't load memtrack module (No such file or directory)
05-18 09:55:43.807 E/android.os.Debug(18959): failed to load memtrack module: -2
05-18 09:55:43.975 E/WifiStateMachine(  851):  ConnectedState (when=-3ms what=131155 arg1=591!CMD_RSSI_POLL 591 0 "BOCO-office" 94:b4:0f:68:a4:b1 rssi=-48 f=5785 sc=80 link=135 tx=0.8, 0.0, 0.0  rx=47.9 bcn=0 [on:0 tx:0 rx:0 period:2999] from screen [on:0 period:611103047] gl rssi=-48 ag=0 hr ticks 314,77,49 ls-=0 [56,56,56,56,61] brc=0 lrc=0
05-18 09:55:43.976 E/WifiStateMachine(  851):  L2ConnectedState (when=-4ms what=131155 arg1=591!CMD_RSSI_POLL 591 0 "BOCO-office" 94:b4:0f:68:a4:b1 rssi=-48 f=5785 sc=80 link=135 tx=0.8, 0.0, 0.0  rx=47.9 bcn=0 [on:0 tx:0 rx:0 period:1] from screen [on:0 period:611103048] gl rssi=-48 ag=0 hr ticks 314,77,49 ls-=0 [56,56,56,56,61] brc=0 lrc=0
05-18 09:55:43.976 E/WifiStateMachine(  851):  get link layer stats 0
05-18 09:55:44.002 E/WifiStateMachine(  851): calculateWifiScore() we set wifi's score to 1000, so will always set wifi as a default network.
05-18 09:55:44.102 E/NotificationService(  851): Suppressing notification from package com.qihoo.appstore by user request.
05-18 09:55:44.103 E/NotificationService(  851): Suppressing notification from package com.qihoo.appstore by user request.
05-18 09:55:44.195 E/Launcher.FragmentLoader( 1966): Widget ComponentInfo{net.qihoo.launcher.widget.clockweather/net.qihoo.clockweather.widget.WidgetProvider52} can not fit on this device (1170, 438)
05-18 09:55:44.196 E/Launcher.FragmentLoader( 1966): Widget ComponentInfo{net.qihoo.launcher.widget.clockweather/net.qihoo.clockweather.widget.WidgetProvider51} can not fit on this device (1170, 210)
05-18 09:55:44.424 E/WifiTrafficPoller(  851): TRAFFIC_STATS_POLL true Token 2644 num clients 19
05-18 09:55:44.425 E/WifiTrafficPoller(  851):  packet count Tx=1749785 Rx=5773005
05-18 09:55:44.602 E/AppStore.AppstoreProvider(18989): AppstoreProvider:delete:160128-358=>delete failed PACKAGE_REPLACE
05-18 09:55:44.834 E/VivoGame.GameProvider(16791): update table game_item failed
05-18 09:55:44.838 E/VivoGame.GameProvider(16791): update table game_item failed
05-18 09:55:44.857 E/VivoGame.GameProvider(16791): update table game_item failed
05-18 09:55:45.181 E/memtrack(19093): Couldn't load memtrack module (No such file or directory)
05-18 09:55:45.181 E/android.os.Debug(19093): failed to load memtrack module: -2
05-18 09:55:45.382 E/SurfaceFlinger(  285): onDraw: bindTextureImage test
05-18 09:55:45.399 E/SurfaceFlinger(  285): onDraw: bindTextureImage test
05-18 09:55:45.415 E/SurfaceFlinger(  285): onDraw: bindTextureImage test
05-18 09:55:45.426 E/WifiTrafficPoller(  851): TRAFFIC_STATS_POLL true Token 2644 num clients 19
05-18 09:55:45.426 E/WifiTrafficPoller(  851):  packet count Tx=1749785 Rx=5773023
05-18 09:55:45.431 E/MPlugin (19011): Unsupported class: com.mediatek.common.telephony.IOnlyOwnerSimSupport
05-18 09:55:45.432 E/SurfaceFlinger(  285): onDraw: bindTextureImage test
05-18 09:55:45.449 E/SurfaceFlinger(  285): onDraw: bindTextureImage test
05-18 09:55:45.466 E/SurfaceFlinger(  285): onDraw: bindTextureImage test
05-18 09:55:45.483 E/SurfaceFlinger(  285): onDraw: bindTextureImage test
05-18 09:55:45.500 E/SurfaceFlinger(  285): onDraw: bindTextureImage test
05-18 09:55:45.589 E/PluginFramework(19011): Didn't find class "com.qihoo360.mobilesafe.api.IPC" on path: DexPathList[[zip file "/data/data/com.qihoo.appstore/Plugin/com.qihoo360.mobilesafe.clean/apk/base-1.apk"],nativeLibraryDirectories=[/data/data/com.qihoo.appstore/Plugin/com.qihoo360.mobilesafe.clean/lib, /vendor/lib, /system/lib]]
05-18 09:55:45.589 E/PluginFramework(19011): java.lang.ClassNotFoundException: Didn't find class "com.qihoo360.mobilesafe.api.IPC" on path: DexPathList[[zip file "/data/data/com.qihoo.appstore/Plugin/com.qihoo360.mobilesafe.clean/apk/base-1.apk"],nativeLibraryDirectories=[/data/data/com.qihoo.appstore/Plugin/com.qihoo360.mobilesafe.clean/lib, /vendor/lib, /system/lib]]
05-18 09:55:45.589 E/PluginFramework(19011): 	at dalvik.system.BaseDexClassLoader.findClass(BaseDexClassLoader.java:56)
05-18 09:55:45.589 E/PluginFramework(19011): 	at java.lang.ClassLoader.loadClass(ClassLoader.java:511)
05-18 09:55:45.589 E/PluginFramework(19011): 	at com.morgoo.droidplugin.b.a.loadClass(AppStore:74)
05-18 09:55:45.589 E/PluginFramework(19011): 	at java.lang.ClassLoader.loadClass(ClassLoader.java:469)
05-18 09:55:45.589 E/PluginFramework(19011): 	at com.qihoo360.i.PluginFramework.a(Clean:71)
05-18 09:55:45.589 E/PluginFramework(19011): 	at com.qihoo360.i.PluginFramework.init(Clean:49)
05-18 09:55:45.589 E/PluginFramework(19011): 	at clean.jj.<init>(Clean:500)
05-18 09:55:45.589 E/PluginFramework(19011): 	at com.qihoo360.mobilesafe.clean.rely.PluginService.onBind(Clean:63)
05-18 09:55:45.589 E/PluginFramework(19011): 	at com.morgoo.droidplugin.stub.h.c(AppStore:207)
05-18 09:55:45.589 E/PluginFramework(19011): 	at com.morgoo.droidplugin.stub.h.b(AppStore:275)
05-18 09:55:45.589 E/PluginFramework(19011): 	at com.morgoo.droidplugin.stub.AbstractServiceStub.onBind(AppStore:145)
05-18 09:55:45.589 E/PluginFramework(19011): 	at android.app.ActivityThread.handleBindService(ActivityThread.java:3073)
05-18 09:55:45.589 E/PluginFramework(19011): 	at android.app.ActivityThread.access$2000(ActivityThread.java:188)
05-18 09:55:45.589 E/PluginFramework(19011): 	at android.app.ActivityThread$H.handleMessage(ActivityThread.java:1609)
05-18 09:55:45.589 E/PluginFramework(19011): 	at android.os.Handler.dispatchMessage(Handler.java:111)
05-18 09:55:45.589 E/PluginFramework(19011): 	at android.os.Looper.loop(Looper.java:194)
05-18 09:55:45.589 E/PluginFramework(19011): 	at android.app.ActivityThread.main(ActivityThread.java:5714)
05-18 09:55:45.589 E/PluginFramework(19011): 	at java.lang.reflect.Method.invoke(Native Method)
05-18 09:55:45.589 E/PluginFramework(19011): 	at java.lang.reflect.Method.invoke(Method.java:372)
05-18 09:55:45.589 E/PluginFramework(19011): 	at com.android.internal.os.ZygoteInit$MethodAndArgsCaller.run(ZygoteInit.java:984)
05-18 09:55:45.589 E/PluginFramework(19011): 	at com.android.internal.os.ZygoteInit.main(ZygoteInit.java:779)
05-18 09:55:45.589 E/PluginFramework(19011): 	Suppressed: java.lang.ClassNotFoundException: Didn't find class "com.qihoo360.mobilesafe.api.IPC" on path: DexPathList[[directory "."],nativeLibraryDirectories=[/vendor/lib, /system/lib]]
05-18 09:55:45.589 E/PluginFramework(19011): 		at dalvik.system.BaseDexClassLoader.findClass(BaseDexClassLoader.java:56)
05-18 09:55:45.589 E/PluginFramework(19011): 		at java.lang.ClassLoader.loadClass(ClassLoader.java:511)
05-18 09:55:45.589 E/PluginFramework(19011): 		at java.lang.ClassLoader.loadClass(ClassLoader.java:504)
05-18 09:55:45.589 E/PluginFramework(19011): 		... 19 more
05-18 09:55:45.589 E/PluginFramework(19011): 		Suppressed: java.lang.ClassNotFoundException: com.qihoo360.mobilesafe.api.IPC
05-18 09:55:45.589 E/PluginFramework(19011): 			at java.lang.Class.classForName(Native Method)
05-18 09:55:45.589 E/PluginFramework(19011): 			at java.lang.BootClassLoader.findClass(ClassLoader.java:781)
05-18 09:55:45.589 E/PluginFramework(19011): 			at java.lang.BootClassLoader.loadClass(ClassLoader.java:841)
05-18 09:55:45.589 E/PluginFramework(19011): 			at java.lang.ClassLoader.loadClass(ClassLoader.java:504)
05-18 09:55:45.589 E/PluginFramework(19011): 			... 20 more
05-18 09:55:45.589 E/PluginFramework(19011): 		Caused by: java.lang.NoClassDefFoundError: Class not found using the boot class loader; no stack available
05-18 09:55:46.289 E/fpc_jni ( 1924): abortNative()
05-18 09:55:46.426 E/WifiTrafficPoller(  851): TRAFFIC_STATS_POLL true Token 2644 num clients 19
05-18 09:55:46.428 E/WifiTrafficPoller(  851):  packet count Tx=1749785 Rx=5773036
05-18 09:55:47.006 E/WifiStateMachine(  851):  ConnectedState (when=-4ms what=131155 arg1=591!CMD_RSSI_POLL 591 0 "BOCO-office" 94:b4:0f:68:a4:b1 rssi=-48 f=5785 sc=80 link=135 tx=0.4, 0.0, 0.0  rx=39.4 bcn=0 [on:0 tx:0 rx:0 period:2975] from screen [on:0 period:611106078] gl rssi=-48 ag=0 hr ticks 314,77,49 ls-=0 [56,56,56,56,61] brc=0 lrc=0
05-18 09:55:47.009 E/WifiStateMachine(  851):  L2ConnectedState (when=-6ms what=131155 arg1=591!CMD_RSSI_POLL 591 0 "BOCO-office" 94:b4:0f:68:a4:b1 rssi=-48 f=5785 sc=80 link=135 tx=0.4, 0.0, 0.0  rx=39.4 bcn=0 [on:0 tx:0 rx:0 period:2] from screen [on:0 period:611106080] gl rssi=-48 ag=0 hr ticks 314,77,49 ls-=0 [56,56,56,56,61] brc=0 lrc=0
05-18 09:55:47.009 E/WifiStateMachine(  851):  get link layer stats 0
05-18 09:55:47.015 E/WifiStateMachine(  851): calculateWifiScore() we set wifi's score to 1000, so will always set wifi as a default network.
05-18 09:55:47.428 E/WifiTrafficPoller(  851): TRAFFIC_STATS_POLL true Token 2644 num clients 19
05-18 09:55:47.429 E/WifiTrafficPoller(  851):  packet count Tx=1749785 Rx=5773047
05-18 09:55:47.738 E/SurfaceFlinger(  285): onDraw: bindTextureImage test
05-18 09:55:47.754 E/SurfaceFlinger(  285): onDraw: bindTextureImage test
05-18 09:55:47.771 E/SurfaceFlinger(  285): onDraw: bindTextureImage test
05-18 09:55:47.787 E/SurfaceFlinger(  285): onDraw: bindTextureImage test
05-18 09:55:47.804 E/SurfaceFlinger(  285): onDraw: bindTextureImage test
05-18 09:55:47.821 E/SurfaceFlinger(  285): onDraw: bindTextureImage test
05-18 09:55:47.838 E/SurfaceFlinger(  285): onDraw: bindTextureImage test
05-18 09:55:47.940 E/SurfaceFlinger(  285): onDraw: bindTextureImage test
05-18 09:55:47.956 E/SurfaceFlinger(  285): onDraw: bindTextureImage test
05-18 09:55:47.974 E/SurfaceFlinger(  285): onDraw: bindTextureImage test
05-18 09:55:47.990 E/SurfaceFlinger(  285): onDraw: bindTextureImage test
05-18 09:55:48.009 E/SurfaceFlinger(  285): onDraw: bindTextureImage test
05-18 09:55:48.025 E/SurfaceFlinger(  285): onDraw: bindTextureImage test
05-18 09:55:48.043 E/SurfaceFlinger(  285): onDraw: bindTextureImage test
05-18 09:55:48.059 E/SurfaceFlinger(  285): onDraw: bindTextureImage test
05-18 09:55:48.075 E/SurfaceFlinger(  285): onDraw: bindTextureImage test
05-18 09:55:48.091 E/SurfaceFlinger(  285): onDraw: bindTextureImage test
05-18 09:55:48.110 E/SurfaceFlinger(  285): onDraw: bindTextureImage test
05-18 09:55:48.430 E/WifiTrafficPoller(  851): TRAFFIC_STATS_POLL true Token 2644 num clients 19
05-18 09:55:48.431 E/WifiTrafficPoller(  851):  packet count Tx=1749785 Rx=5773060
05-18 09:55:48.964 E/SurfaceFlinger(  285): onDraw: bindTextureImage test
05-18 09:55:48.981 E/SurfaceFlinger(  285): onDraw: bindTextureImage test
05-18 09:55:48.998 E/SurfaceFlinger(  285): onDraw: bindTextureImage test
05-18 09:55:49.014 E/SurfaceFlinger(  285): onDraw: bindTextureImage test
05-18 09:55:49.031 E/SurfaceFlinger(  285): onDraw: bindTextureImage test
05-18 09:55:49.048 E/SurfaceFlinger(  285): onDraw: bindTextureImage test
05-18 09:55:49.064 E/SurfaceFlinger(  285): onDraw: bindTextureImage test
05-18 09:55:49.082 E/SurfaceFlinger(  285): onDraw: bindTextureImage test
05-18 09:55:49.099 E/SurfaceFlinger(  285): onDraw: bindTextureImage test
05-18 09:55:49.116 E/SurfaceFlinger(  285): onDraw: bindTextureImage test
05-18 09:55:49.133 E/SurfaceFlinger(  285): onDraw: bindTextureImage test
05-18 09:55:49.432 E/WifiTrafficPoller(  851): TRAFFIC_STATS_POLL true Token 2644 num clients 19
05-18 09:55:49.432 E/WifiTrafficPoller(  851):  packet count Tx=1749799 Rx=5773077
05-18 09:55:49.432 E/WifiTrafficPoller(  851): notifying of data activity 3
05-18 09:55:49.818 E/NotificationService(  851): Suppressing notification from package com.qihoo.appstore by user request.
05-18 09:55:49.819 E/NotificationService(  851): Suppressing notification from package com.qihoo.appstore by user request.
05-18 09:55:49.850 E/Launcher.FragmentLoader( 1966): Widget ComponentInfo{net.qihoo.launcher.widget.clockweather/net.qihoo.clockweather.widget.WidgetProvider52} can not fit on this device (1170, 438)
05-18 09:55:49.850 E/Launcher.FragmentLoader( 1966): Widget ComponentInfo{net.qihoo.launcher.widget.clockweather/net.qihoo.clockweather.widget.WidgetProvider51} can not fit on this device (1170, 210)
05-18 09:55:50.018 E/WifiStateMachine(  851):  ConnectedState (when=-2ms what=131155 arg1=591!CMD_RSSI_POLL 591 0 "BOCO-office" 94:b4:0f:68:a4:b1 rssi=-49 f=5785 sc=80 link=135 tx=0.2, 0.0, 0.0  rx=40.7 bcn=0 [on:0 tx:0 rx:0 period:2999] from screen [on:0 period:611109090] gl rssi=-49 ag=0 hr ticks 314,77,49 ls-=0 [56,56,56,56,61] brc=0 lrc=0
05-18 09:55:50.018 E/WifiStateMachine(  851):  L2ConnectedState (when=-3ms what=131155 arg1=591!CMD_RSSI_POLL 591 0 "BOCO-office" 94:b4:0f:68:a4:b1 rssi=-49 f=5785 sc=80 link=135 tx=0.2, 0.0, 0.0  rx=40.7 bcn=0 [on:0 tx:0 rx:0 period:0] from screen [on:0 period:611109090] gl rssi=-49 ag=0 hr ticks 314,77,49 ls-=0 [56,56,56,56,61] brc=0 lrc=0
05-18 09:55:50.018 E/WifiStateMachine(  851):  get link layer stats 0
05-18 09:55:50.020 E/WifiStateMachine(  851): calculateWifiScore() we set wifi's score to 1000, so will always set wifi as a default network.
05-18 09:55:50.433 E/WifiTrafficPoller(  851): TRAFFIC_STATS_POLL true Token 2644 num clients 19
05-18 09:55:50.434 E/WifiTrafficPoller(  851):  packet count Tx=1749806 Rx=5773094
05-18 09:55:50.789 E/memtrack(19305): Couldn't load memtrack module (No such file or directory)
05-18 09:55:50.789 E/android.os.Debug(19305): failed to load memtrack module: -2
05-18 09:55:51.435 E/WifiTrafficPoller(  851): TRAFFIC_STATS_POLL true Token 2644 num clients 19
05-18 09:55:51.435 E/WifiTrafficPoller(  851):  packet count Tx=1749814 Rx=5773113
05-18 09:55:51.492 E/memtrack(19325): Couldn't load memtrack module (No such file or directory)
05-18 09:55:51.492 E/android.os.Debug(19325): failed to load memtrack module: -2
05-18 09:55:52.436 E/WifiTrafficPoller(  851): TRAFFIC_STATS_POLL true Token 2644 num clients 19
05-18 09:55:52.436 E/WifiTrafficPoller(  851):  packet count Tx=1749815 Rx=5773127
05-18 09:55:52.495 E/memtrack(19344): Couldn't load memtrack module (No such file or directory)
05-18 09:55:52.495 E/android.os.Debug(19344): failed to load memtrack module: -2
05-18 09:55:53.024 E/WifiStateMachine(  851):  ConnectedState (when=-4ms what=131155 arg1=591!CMD_RSSI_POLL 591 0 "BOCO-office" 94:b4:0f:68:a4:b1 rssi=-50 f=5785 sc=80 link=135 tx=10.6, 0.0, 0.0  rx=41.9 bcn=0 [on:0 tx:0 rx:0 period:3002] from screen [on:0 period:611112096] gl rssi=-50 ag=0 hr ticks 314,77,49 ls-=0 [56,56,60,60,65] brc=0 lrc=0
05-18 09:55:53.025 E/WifiStateMachine(  851):  L2ConnectedState (when=-4ms what=131155 arg1=591!CMD_RSSI_POLL 591 0 "BOCO-office" 94:b4:0f:68:a4:b1 rssi=-50 f=5785 sc=80 link=135 tx=10.6, 0.0, 0.0  rx=41.9 bcn=0 [on:0 tx:0 rx:0 period:1] from screen [on:0 period:611112097] gl rssi=-50 ag=0 hr ticks 314,77,49 ls-=0 [56,56,60,60,65] brc=0 lrc=0
05-18 09:55:53.025 E/WifiStateMachine(  851):  get link layer stats 0
05-18 09:55:53.040 E/WifiStateMachine(  851): calculateWifiScore() we set wifi's score to 1000, so will always set wifi as a default network.
05-18 09:55:53.200 E/memtrack(19361): Couldn't load memtrack module (No such file or directory)
05-18 09:55:53.200 E/android.os.Debug(19361): failed to load memtrack module: -2
05-18 09:55:53.437 E/WifiTrafficPoller(  851): TRAFFIC_STATS_POLL true Token 2644 num clients 19
05-18 09:55:53.437 E/WifiTrafficPoller(  851):  packet count Tx=1749815 Rx=5773134
05-18 09:55:53.437 E/WifiTrafficPoller(  851): notifying of data activity 1
05-18 09:55:54.057 E/GpsXtraDownloader(  851): No XTRA servers were specified in the GPS configuration
05-18 09:55:54.438 E/WifiTrafficPoller(  851): TRAFFIC_STATS_POLL true Token 2644 num clients 19
05-18 09:55:54.439 E/WifiTrafficPoller(  851):  packet count Tx=1749815 Rx=5773139
05-18 09:55:55.439 E/WifiTrafficPoller(  851): TRAFFIC_STATS_POLL true Token 2644 num clients 19
05-18 09:55:55.439 E/WifiTrafficPoller(  851):  packet count Tx=1749815 Rx=5773156
05-18 09:55:56.041 E/WifiStateMachine(  851):  ConnectedState (when=-1ms what=131155 arg1=591!CMD_RSSI_POLL 591 0 "BOCO-office" 94:b4:0f:68:a4:b1 rssi=-49 f=5785 sc=80 link=135 tx=9.8, 0.0, 0.0  rx=42.9 bcn=0 [on:0 tx:0 rx:0 period:2998] from screen [on:0 period:611115113] gl rssi=-49 ag=0 hr ticks 314,77,49 ls-=0 [56,56,60,60,65] brc=0 lrc=0
05-18 09:55:56.044 E/WifiStateMachine(  851):  L2ConnectedState (when=-3ms what=131155 arg1=591!CMD_RSSI_POLL 591 0 "BOCO-office" 94:b4:0f:68:a4:b1 rssi=-49 f=5785 sc=80 link=135 tx=9.8, 0.0, 0.0  rx=42.9 bcn=0 [on:0 tx:0 rx:0 period:3] from screen [on:0 period:611115116] gl rssi=-49 ag=0 hr ticks 314,77,49 ls-=0 [56,56,60,60,65] brc=0 lrc=0
05-18 09:55:56.044 E/WifiStateMachine(  851):  get link layer stats 0
05-18 09:55:56.061 E/WifiStateMachine(  851): calculateWifiScore() we set wifi's score to 1000, so will always set wifi as a default network.
05-18 09:55:56.439 E/WifiTrafficPoller(  851): TRAFFIC_STATS_POLL true Token 2644 num clients 19
05-18 09:55:56.440 E/WifiTrafficPoller(  851):  packet count Tx=1749816 Rx=5773167
05-18 09:55:56.440 E/WifiTrafficPoller(  851): notifying of data activity 3
05-18 09:55:56.749 E/memtrack(19408): Couldn't load memtrack module (No such file or directory)
05-18 09:55:56.749 E/android.os.Debug(19408): failed to load memtrack module: -2
05-18 09:55:57.275 E/SurfaceFlinger(  285): onDraw: bindTextureImage test
05-18 09:55:57.293 E/SurfaceFlinger(  285): onDraw: bindTextureImage test
05-18 09:55:57.309 E/SurfaceFlinger(  285): onDraw: bindTextureImage test
05-18 09:55:57.342 E/SurfaceFlinger(  285): onDraw: bindTextureImage test
05-18 09:55:57.350 E/MPlugin (19424): Unsupported class: com.mediatek.common.telephony.IOnlyOwnerSimSupport
05-18 09:55:57.359 E/SurfaceFlinger(  285): onDraw: bindTextureImage test
05-18 09:55:57.367 E/WifiManager(19424): mWifiServiceMessenger == null
05-18 09:55:57.377 E/SurfaceFlinger(  285): onDraw: bindTextureImage test
05-18 09:55:57.394 E/SurfaceFlinger(  285): onDraw: bindTextureImage test
05-18 09:55:57.409 E/SurfaceFlinger(  285): onDraw: bindTextureImage test
05-18 09:55:57.427 E/SurfaceFlinger(  285): onDraw: bindTextureImage test
05-18 09:55:57.441 E/WifiTrafficPoller(  851): TRAFFIC_STATS_POLL true Token 2644 num clients 19
05-18 09:55:57.441 E/WifiTrafficPoller(  851):  packet count Tx=1749816 Rx=5773175
05-18 09:55:57.441 E/WifiTrafficPoller(  851): notifying of data activity 1
05-18 09:55:57.445 E/SurfaceFlinger(  285): onDraw: bindTextureImage test
05-18 09:55:57.460 E/SurfaceFlinger(  285): onDraw: bindTextureImage test
05-18 09:55:57.478 E/SurfaceFlinger(  285): onDraw: bindTextureImage test
05-18 09:55:57.493 E/SurfaceFlinger(  285): onDraw: bindTextureImage test
05-18 09:55:57.510 E/SurfaceFlinger(  285): onDraw: bindTextureImage test
05-18 09:55:57.527 E/SurfaceFlinger(  285): onDraw: bindTextureImage test
05-18 09:55:58.205 E/[PropSet](19424): connect fail
05-18 09:55:58.205 E/[PropSet](19424): send_prop_msg return err -1
05-18 09:55:58.317 E/SurfaceFlinger(  285): onDraw: bindTextureImage test
05-18 09:55:58.335 E/SurfaceFlinger(  285): onDraw: bindTextureImage test
05-18 09:55:58.351 E/SurfaceFlinger(  285): onDraw: bindTextureImage test
05-18 09:55:58.442 E/WifiTrafficPoller(  851): TRAFFIC_STATS_POLL true Token 2644 num clients 19
05-18 09:55:58.443 E/WifiTrafficPoller(  851):  packet count Tx=1749822 Rx=5773208
05-18 09:55:58.443 E/WifiTrafficPoller(  851): notifying of data activity 3
05-18 09:55:59.067 E/WifiStateMachine(  851):  ConnectedState (when=-4ms what=131155 arg1=591!CMD_RSSI_POLL 591 0 "BOCO-office" 94:b4:0f:68:a4:b1 rssi=-50 f=5785 sc=80 link=135 tx=4.9, 0.0, 0.0  rx=37.0 bcn=0 [on:0 tx:0 rx:0 period:2998] from screen [on:0 period:611118138] gl rssi=-50 ag=0 hr ticks 314,77,49 ls-=0 [56,56,56,56,61] brc=0 lrc=0
05-18 09:55:59.069 E/WifiStateMachine(  851):  L2ConnectedState (when=-6ms what=131155 arg1=591!CMD_RSSI_POLL 591 0 "BOCO-office" 94:b4:0f:68:a4:b1 rssi=-50 f=5785 sc=80 link=135 tx=4.9, 0.0, 0.0  rx=37.0 bcn=0 [on:0 tx:0 rx:0 period:3] from screen [on:0 period:611118141] gl rssi=-50 ag=0 hr ticks 314,77,49 ls-=0 [56,56,56,56,61] brc=0 lrc=0
05-18 09:55:59.069 E/WifiStateMachine(  851):  get link layer stats 0
05-18 09:55:59.092 E/WifiStateMachine(  851): calculateWifiScore() we set wifi's score to 1000, so will always set wifi as a default network.
05-18 09:55:59.443 E/WifiTrafficPoller(  851): TRAFFIC_STATS_POLL true Token 2644 num clients 19
05-18 09:55:59.444 E/WifiTrafficPoller(  851):  packet count Tx=1749822 Rx=5773230
05-18 09:55:59.444 E/WifiTrafficPoller(  851): notifying of data activity 1
05-18 09:55:59.579 E/SurfaceFlinger(  285): onDraw: bindTextureImage test
05-18 09:55:59.596 E/SurfaceFlinger(  285): onDraw: bindTextureImage test
05-18 09:55:59.612 E/SurfaceFlinger(  285): onDraw: bindTextureImage test
05-18 09:55:59.629 E/SurfaceFlinger(  285): onDraw: bindTextureImage test
05-18 09:55:59.646 E/SurfaceFlinger(  285): onDraw: bindTextureImage test
05-18 09:55:59.663 E/SurfaceFlinger(  285): onDraw: bindTextureImage test
05-18 09:55:59.680 E/SurfaceFlinger(  285): onDraw: bindTextureImage test
05-18 09:55:59.697 E/SurfaceFlinger(  285): onDraw: bindTextureImage test
05-18 09:55:59.713 E/SurfaceFlinger(  285): onDraw: bindTextureImage test
05-18 09:55:59.747 E/SurfaceFlinger(  285): onDraw: bindTextureImage test
05-18 09:55:59.764 E/SurfaceFlinger(  285): onDraw: bindTextureImage test
05-18 09:55:59.782 E/SurfaceFlinger(  285): onDraw: bindTextureImage test
05-18 09:55:59.797 E/SurfaceFlinger(  285): onDraw: bindTextureImage test
05-18 09:55:59.814 E/SurfaceFlinger(  285): onDraw: bindTextureImage test
05-18 09:56:00.444 E/WifiTrafficPoller(  851): TRAFFIC_STATS_POLL true Token 2644 num clients 19
05-18 09:56:00.445 E/WifiTrafficPoller(  851):  packet count Tx=1749823 Rx=5773248
05-18 09:56:00.445 E/WifiTrafficPoller(  851): notifying of data activity 3
05-18 09:56:01.319 E/memtrack(19493): Couldn't load memtrack module (No such file or directory)
05-18 09:56:01.319 E/android.os.Debug(19493): failed to load memtrack module: -2
05-18 09:56:01.446 E/WifiTrafficPoller(  851): TRAFFIC_STATS_POLL true Token 2644 num clients 19
05-18 09:56:01.446 E/WifiTrafficPoller(  851):  packet count Tx=1749823 Rx=5773267
05-18 09:56:01.446 E/WifiTrafficPoller(  851): notifying of data activity 1
05-18 09:56:02.098 E/WifiStateMachine(  851):  ConnectedState (when=-4ms what=131155 arg1=591!CMD_RSSI_POLL 591 0 "BOCO-office" 94:b4:0f:68:a4:b1 rssi=-52 f=5785 sc=80 link=135 tx=6.0, 0.0, 0.0  rx=47.5 bcn=0 [on:0 tx:0 rx:0 period:3001] from screen [on:0 period:611121170] gl rssi=-52 ag=0 hr ticks 314,77,49 ls-=0 [56,56,60,60,65] brc=0 lrc=0
05-18 09:56:02.100 E/WifiStateMachine(  851):  L2ConnectedState (when=-6ms what=131155 arg1=591!CMD_RSSI_POLL 591 0 "BOCO-office" 94:b4:0f:68:a4:b1 rssi=-52 f=5785 sc=80 link=135 tx=6.0, 0.0, 0.0  rx=47.5 bcn=0 [on:0 tx:0 rx:0 period:2] from screen [on:0 period:611121172] gl rssi=-52 ag=0 hr ticks 314,77,49 ls-=0 [56,56,60,60,65] brc=0 lrc=0
05-18 09:56:02.100 E/WifiStateMachine(  851):  get link layer stats 0
05-18 09:56:02.121 E/WifiStateMachine(  851): calculateWifiScore() we set wifi's score to 1000, so will always set wifi as a default network.
05-18 09:56:02.447 E/WifiTrafficPoller(  851): TRAFFIC_STATS_POLL true Token 2644 num clients 19
05-18 09:56:02.448 E/WifiTrafficPoller(  851):  packet count Tx=1749823 Rx=5773286
05-18 09:56:03.447 E/WifiTrafficPoller(  851): TRAFFIC_STATS_POLL true Token 2644 num clients 19
05-18 09:56:03.448 E/WifiTrafficPoller(  851):  packet count Tx=1749823 Rx=5773303
05-18 09:56:03.594 E/memtrack(19523): Couldn't load memtrack module (No such file or directory)
05-18 09:56:03.594 E/android.os.Debug(19523): failed to load memtrack module: -2
05-18 09:56:04.448 E/WifiTrafficPoller(  851): TRAFFIC_STATS_POLL true Token 2644 num clients 19
05-18 09:56:04.448 E/WifiTrafficPoller(  851):  packet count Tx=1749823 Rx=5773315
05-18 09:56:05.125 E/WifiStateMachine(  851):  ConnectedState (when=-3ms what=131155 arg1=591!CMD_RSSI_POLL 591 0 "BOCO-office" 94:b4:0f:68:a4:b1 rssi=-50 f=5785 sc=80 link=135 tx=3.5, 0.0, 0.0  rx=55.2 bcn=0 [on:0 tx:0 rx:0 period:2999] from screen [on:0 period:611124197] gl rssi=-50 ag=0 hr ticks 314,77,49 ls-=0 [56,56,56,56,61] brc=0 lrc=0
05-18 09:56:05.126 E/WifiStateMachine(  851):  L2ConnectedState (when=-4ms what=131155 arg1=591!CMD_RSSI_POLL 591 0 "BOCO-office" 94:b4:0f:68:a4:b1 rssi=-50 f=5785 sc=80 link=135 tx=3.5, 0.0, 0.0  rx=55.2 bcn=0 [on:0 tx:0 rx:0 period:1] from screen [on:0 period:611124198] gl rssi=-50 ag=0 hr ticks 314,77,49 ls-=0 [56,56,56,56,61] brc=0 lrc=0
05-18 09:56:05.126 E/WifiStateMachine(  851):  get link layer stats 0
05-18 09:56:05.131 E/WifiStateMachine(  851): calculateWifiScore() we set wifi's score to 1000, so will always set wifi as a default network.
05-18 09:56:05.449 E/WifiTrafficPoller(  851): TRAFFIC_STATS_POLL true Token 2644 num clients 19
05-18 09:56:05.450 E/WifiTrafficPoller(  851):  packet count Tx=1749824 Rx=5773330
05-18 09:56:05.450 E/WifiTrafficPoller(  851): notifying of data activity 3
05-18 09:56:06.451 E/WifiTrafficPoller(  851): TRAFFIC_STATS_POLL true Token 2644 num clients 19
05-18 09:56:06.451 E/WifiTrafficPoller(  851):  packet count Tx=1749824 Rx=5773341
05-18 09:56:06.451 E/WifiTrafficPoller(  851): notifying of data activity 1
05-18 09:56:07.452 E/WifiTrafficPoller(  851): TRAFFIC_STATS_POLL true Token 2644 num clients 19
05-18 09:56:07.453 E/WifiTrafficPoller(  851):  packet count Tx=1749826 Rx=5773356
05-18 09:56:07.453 E/WifiTrafficPoller(  851): notifying of data activity 3
05-18 09:56:08.134 E/WifiStateMachine(  851):  ConnectedState (when=-3ms what=131155 arg1=591!CMD_RSSI_POLL 591 0 "BOCO-office" 94:b4:0f:68:a4:b1 rssi=-52 f=5785 sc=80 link=135 tx=2.2, 0.0, 0.0  rx=48.1 bcn=0 [on:0 tx:0 rx:0 period:3001] from screen [on:0 period:611127206] gl rssi=-52 ag=0 hr ticks 314,77,49 ls-=0 [56,56,56,56,61] brc=0 lrc=0
05-18 09:56:08.135 E/WifiStateMachine(  851):  L2ConnectedState (when=-4ms what=131155 arg1=591!CMD_RSSI_POLL 591 0 "BOCO-office" 94:b4:0f:68:a4:b1 rssi=-52 f=5785 sc=80 link=135 tx=2.2, 0.0, 0.0  rx=48.1 bcn=0 [on:0 tx:0 rx:0 period:1] from screen [on:0 period:611127207] gl rssi=-52 ag=0 hr ticks 314,77,49 ls-=0 [56,56,56,56,61] brc=0 lrc=0
05-18 09:56:08.135 E/WifiStateMachine(  851):  get link layer stats 0
05-18 09:56:08.137 E/WifiStateMachine(  851): calculateWifiScore() we set wifi's score to 1000, so will always set wifi as a default network.
05-18 09:56:08.332 E/MPlugin (19424): Unsupported class: com.mediatek.common.telephony.IOnlyOwnerSimSupport
05-18 09:56:08.454 E/WifiTrafficPoller(  851): TRAFFIC_STATS_POLL true Token 2644 num clients 19
05-18 09:56:08.455 E/WifiTrafficPoller(  851):  packet count Tx=1749849 Rx=5773395
05-18 09:56:09.455 E/WifiTrafficPoller(  851): TRAFFIC_STATS_POLL true Token 2644 num clients 19
05-18 09:56:09.455 E/WifiTrafficPoller(  851):  packet count Tx=1749850 Rx=5773407
05-18 09:56:09.572 E/SurfaceFlinger(  285): onDraw: bindTextureImage test
05-18 09:56:09.589 E/SurfaceFlinger(  285): onDraw: bindTextureImage test
05-18 09:56:09.606 E/SurfaceFlinger(  285): onDraw: bindTextureImage test
05-18 09:56:09.622 E/SurfaceFlinger(  285): onDraw: bindTextureImage test
05-18 09:56:09.639 E/SurfaceFlinger(  285): onDraw: bindTextureImage test
05-18 09:56:09.656 E/SurfaceFlinger(  285): onDraw: bindTextureImage test
05-18 09:56:09.672 E/SurfaceFlinger(  285): onDraw: bindTextureImage test
05-18 09:56:10.456 E/WifiTrafficPoller(  851): TRAFFIC_STATS_POLL true Token 2644 num clients 19
05-18 09:56:10.456 E/WifiTrafficPoller(  851):  packet count Tx=1749850 Rx=5773420
05-18 09:56:10.456 E/WifiTrafficPoller(  851): notifying of data activity 1
05-18 09:56:10.846 E/SurfaceFlinger(  285): onDraw: bindTextureImage test
05-18 09:56:10.847 E/SurfaceFlinger(  285): onDraw: bindTextureImage test
05-18 09:56:10.847 E/SurfaceFlinger(  285): onDraw: bindTextureImage test
05-18 09:56:11.138 E/WifiStateMachine(  851):  ConnectedState (when=-1ms what=131155 arg1=591!CMD_RSSI_POLL 591 0 "BOCO-office" 94:b4:0f:68:a4:b1 rssi=-52 f=5785 sc=80 link=135 tx=8.1, 0.0, 0.0  rx=51.1 bcn=0 [on:0 tx:0 rx:0 period:2999] from screen [on:0 period:611130210] gl rssi=-52 ag=0 hr ticks 314,77,49 ls-=0 [56,56,60,60,65] brc=0 lrc=0
05-18 09:56:11.138 E/WifiStateMachine(  851):  L2ConnectedState (when=-2ms what=131155 arg1=591!CMD_RSSI_POLL 591 0 "BOCO-office" 94:b4:0f:68:a4:b1 rssi=-52 f=5785 sc=80 link=135 tx=8.1, 0.0, 0.0  rx=51.1 bcn=0 [on:0 tx:0 rx:0 period:0] from screen [on:0 period:611130210] gl rssi=-52 ag=0 hr ticks 314,77,49 ls-=0 [56,56,60,60,65] brc=0 lrc=0
05-18 09:56:11.138 E/WifiStateMachine(  851):  get link layer stats 0
05-18 09:56:11.159 E/WifiStateMachine(  851): calculateWifiScore() we set wifi's score to 1000, so will always set wifi as a default network.
05-18 09:56:11.457 E/WifiTrafficPoller(  851): TRAFFIC_STATS_POLL true Token 2644 num clients 19
05-18 09:56:11.458 E/WifiTrafficPoller(  851):  packet count Tx=1749850 Rx=5773430
05-18 09:56:12.459 E/WifiTrafficPoller(  851): TRAFFIC_STATS_POLL true Token 2644 num clients 19
05-18 09:56:12.460 E/WifiTrafficPoller(  851):  packet count Tx=1749850 Rx=5773439
05-18 09:56:12.941 E/TouchFilter(  851): setTouchFilter LOG Enable prameter: 1
05-18 09:56:13.461 E/WifiTrafficPoller(  851): TRAFFIC_STATS_POLL true Token 2644 num clients 19
05-18 09:56:13.462 E/WifiTrafficPoller(  851):  packet count Tx=1749850 Rx=5773446
05-18 09:56:14.164 E/WifiStateMachine(  851):  ConnectedState (when=-4ms what=131155 arg1=591!CMD_RSSI_POLL 591 0 "BOCO-office" 94:b4:0f:68:a4:b1 rssi=-52 f=5785 sc=80 link=135 tx=10.1, 0.0, 0.0  rx=50.5 bcn=0 [on:0 tx:0 rx:0 period:3002] from screen [on:0 period:611133236] gl rssi=-52 ag=0 hr ticks 314,77,49 ls-=0 [56,56,60,60,65] brc=0 lrc=0
05-18 09:56:14.170 E/WifiStateMachine(  851):  L2ConnectedState (when=-9ms what=131155 arg1=591!CMD_RSSI_POLL 591 0 "BOCO-office" 94:b4:0f:68:a4:b1 rssi=-52 f=5785 sc=80 link=135 tx=10.1, 0.0, 0.0  rx=50.5 bcn=0 [on:0 tx:0 rx:0 period:6] from screen [on:0 period:611133242] gl rssi=-52 ag=0 hr ticks 314,77,49 ls-=0 [56,56,60,60,65] brc=0 lrc=0
05-18 09:56:14.172 E/WifiStateMachine(  851):  get link layer stats 0
05-18 09:56:14.192 E/WifiStateMachine(  851): calculateWifiScore() we set wifi's score to 1000, so will always set wifi as a default network.
05-18 09:56:14.461 E/WifiTrafficPoller(  851): TRAFFIC_STATS_POLL true Token 2644 num clients 19
05-18 09:56:14.463 E/WifiTrafficPoller(  851):  packet count Tx=1749850 Rx=5773458
05-18 09:56:15.463 E/WifiTrafficPoller(  851): TRAFFIC_STATS_POLL true Token 2644 num clients 19
05-18 09:56:15.464 E/WifiTrafficPoller(  851):  packet count Tx=1749850 Rx=5773468
05-18 09:56:16.134 E/memtrack(19577): Couldn't load memtrack module (No such file or directory)
05-18 09:56:16.134 E/android.os.Debug(19577): failed to load memtrack module: -2
05-18 09:56:16.464 E/WifiTrafficPoller(  851): TRAFFIC_STATS_POLL true Token 2644 num clients 19
05-18 09:56:16.465 E/WifiTrafficPoller(  851):  packet count Tx=1749853 Rx=5773489
05-18 09:56:16.465 E/WifiTrafficPoller(  851): notifying of data activity 3
05-18 09:56:17.198 E/WifiStateMachine(  851):  ConnectedState (when=-4ms what=131155 arg1=591!CMD_RSSI_POLL 591 0 "BOCO-office" 94:b4:0f:68:a4:b1 rssi=-51 f=5785 sc=80 link=135 tx=5.0, 0.0, 0.0  rx=38.3 bcn=0 [on:0 tx:0 rx:0 period:2986] from screen [on:0 period:611136270] gl rssi=-51 ag=0 hr ticks 314,77,49 ls-=0 [56,56,60,60,65] brc=0 lrc=0
05-18 09:56:17.200 E/WifiStateMachine(  851):  L2ConnectedState (when=-7ms what=131155 arg1=591!CMD_RSSI_POLL 591 0 "BOCO-office" 94:b4:0f:68:a4:b1 rssi=-51 f=5785 sc=80 link=135 tx=5.0, 0.0, 0.0  rx=38.3 bcn=0 [on:0 tx:0 rx:0 period:2] from screen [on:0 period:611136272] gl rssi=-51 ag=0 hr ticks 314,77,49 ls-=0 [56,56,60,60,65] brc=0 lrc=0
05-18 09:56:17.201 E/WifiStateMachine(  851):  get link layer stats 0
05-18 09:56:17.205 E/WifiStateMachine(  851): calculateWifiScore() we set wifi's score to 1000, so will always set wifi as a default network.
05-18 09:56:17.466 E/WifiTrafficPoller(  851): TRAFFIC_STATS_POLL true Token 2644 num clients 19
05-18 09:56:17.467 E/WifiTrafficPoller(  851):  packet count Tx=1749853 Rx=5773506
05-18 09:56:17.467 E/WifiTrafficPoller(  851): notifying of data activity 1
05-18 09:56:18.307 E/memtrack(19596): Couldn't load memtrack module (No such file or directory)
05-18 09:56:18.307 E/android.os.Debug(19596): failed to load memtrack module: -2
05-18 09:56:18.469 E/WifiTrafficPoller(  851): TRAFFIC_STATS_POLL true Token 2644 num clients 19
05-18 09:56:18.471 E/WifiTrafficPoller(  851):  packet count Tx=1749856 Rx=5773527
05-18 09:56:18.471 E/WifiTrafficPoller(  851): notifying of data activity 3
05-18 09:56:19.474 E/WifiTrafficPoller(  851): TRAFFIC_STATS_POLL true Token 2644 num clients 19
05-18 09:56:19.476 E/WifiTrafficPoller(  851):  packet count Tx=1749860 Rx=5773553
05-18 09:56:20.208 E/WifiStateMachine(  851):  ConnectedState (when=-2ms what=131155 arg1=591!CMD_RSSI_POLL 591 0 "BOCO-office" 94:b4:0f:68:a4:b1 rssi=-53 f=5785 sc=80 link=135 tx=4.0, 0.0, 0.0  rx=43.6 bcn=0 [on:0 tx:0 rx:0 period:2994] from screen [on:0 period:611139280] gl rssi=-53 ag=0 hr ticks 314,77,49 ls-=0 [56,56,56,56,61] brc=0 lrc=0
05-18 09:56:20.208 E/WifiStateMachine(  851):  L2ConnectedState (when=-3ms what=131155 arg1=591!CMD_RSSI_POLL 591 0 "BOCO-office" 94:b4:0f:68:a4:b1 rssi=-53 f=5785 sc=80 link=135 tx=4.0, 0.0, 0.0  rx=43.6 bcn=0 [on:0 tx:0 rx:0 period:0] from screen [on:0 period:611139280] gl rssi=-53 ag=0 hr ticks 314,77,49 ls-=0 [56,56,56,56,61] brc=0 lrc=0
05-18 09:56:20.208 E/WifiStateMachine(  851):  get link layer stats 0
05-18 09:56:20.212 E/WifiStateMachine(  851): calculateWifiScore() we set wifi's score to 1000, so will always set wifi as a default network.
05-18 09:56:20.348 E/memtrack(19615): Couldn't load memtrack module (No such file or directory)
05-18 09:56:20.348 E/android.os.Debug(19615): failed to load memtrack module: -2
05-18 09:56:20.476 E/WifiTrafficPoller(  851): TRAFFIC_STATS_POLL true Token 2644 num clients 19
05-18 09:56:20.478 E/WifiTrafficPoller(  851):  packet count Tx=1749860 Rx=5773569
05-18 09:56:20.478 E/WifiTrafficPoller(  851): notifying of data activity 1
05-18 09:56:21.480 E/WifiTrafficPoller(  851): TRAFFIC_STATS_POLL true Token 2644 num clients 19
05-18 09:56:21.481 E/WifiTrafficPoller(  851):  packet count Tx=1749860 Rx=5773581
05-18 09:56:21.694 E/memtrack(19634): Couldn't load memtrack module (No such file or directory)
05-18 09:56:21.694 E/android.os.Debug(19634): failed to load memtrack module: -2
05-18 09:56:22.481 E/WifiTrafficPoller(  851): TRAFFIC_STATS_POLL true Token 2644 num clients 19
05-18 09:56:22.483 E/WifiTrafficPoller(  851):  packet count Tx=1749860 Rx=5773592
05-18 09:56:23.072 E/memtrack(19653): Couldn't load memtrack module (No such file or directory)
05-18 09:56:23.072 E/android.os.Debug(19653): failed to load memtrack module: -2
05-18 09:56:23.216 E/WifiStateMachine(  851):  ConnectedState (when=-3ms what=131155 arg1=591!CMD_RSSI_POLL 591 0 "BOCO-office" 94:b4:0f:68:a4:b1 rssi=-53 f=5785 sc=80 link=135 tx=5.5, 0.0, 0.0  rx=53.8 bcn=0 [on:0 tx:0 rx:0 period:3001] from screen [on:0 period:611142288] gl rssi=-53 ag=0 hr ticks 314,77,49 ls-=0 [56,56,60,60,65] brc=0 lrc=0
05-18 09:56:23.217 E/WifiStateMachine(  851):  L2ConnectedState (when=-4ms what=131155 arg1=591!CMD_RSSI_POLL 591 0 "BOCO-office" 94:b4:0f:68:a4:b1 rssi=-53 f=5785 sc=80 link=135 tx=5.5, 0.0, 0.0  rx=53.8 bcn=0 [on:0 tx:0 rx:0 period:1] from screen [on:0 period:611142289] gl rssi=-53 ag=0 hr ticks 314,77,49 ls-=0 [56,56,60,60,65] brc=0 lrc=0
05-18 09:56:23.217 E/WifiStateMachine(  851):  get link layer stats 0
05-18 09:56:23.220 E/WifiStateMachine(  851): calculateWifiScore() we set wifi's score to 1000, so will always set wifi as a default network.
05-18 09:56:23.483 E/WifiTrafficPoller(  851): TRAFFIC_STATS_POLL true Token 2644 num clients 19
05-18 09:56:23.484 E/WifiTrafficPoller(  851):  packet count Tx=1749861 Rx=5773608
05-18 09:56:23.484 E/WifiTrafficPoller(  851): notifying of data activity 3
05-18 09:56:23.816 E/memtrack(19670): Couldn't load memtrack module (No such file or directory)
05-18 09:56:23.816 E/android.os.Debug(19670): failed to load memtrack module: -2
05-18 09:56:24.484 E/WifiTrafficPoller(  851): TRAFFIC_STATS_POLL true Token 2644 num clients 19
05-18 09:56:24.486 E/WifiTrafficPoller(  851):  packet count Tx=1749861 Rx=5773620
05-18 09:56:24.486 E/WifiTrafficPoller(  851): notifying of data activity 1
05-18 09:56:24.852 E/memtrack(19686): Couldn't load memtrack module (No such file or directory)
05-18 09:56:24.852 E/android.os.Debug(19686): failed to load memtrack module: -2
05-18 09:56:25.495 E/WifiTrafficPoller(  851): TRAFFIC_STATS_POLL true Token 2644 num clients 19
05-18 09:56:25.496 E/WifiTrafficPoller(  851):  packet count Tx=1749861 Rx=5773637
05-18 09:56:25.896 E/memtrack(19702): Couldn't load memtrack module (No such file or directory)
05-18 09:56:25.896 E/android.os.Debug(19702): failed to load memtrack module: -2
05-18 09:56:25.931 E/art     (19702): Thread attaching while runtime is shutting down: Binder_2
05-18 09:56:26.224 E/WifiStateMachine(  851):  ConnectedState (when=-3ms what=131155 arg1=591!CMD_RSSI_POLL 591 0 "BOCO-office" 94:b4:0f:68:a4:b1 rssi=-51 f=5785 sc=80 link=135 tx=3.3, 0.0, 0.0  rx=44.9 bcn=0 [on:0 tx:0 rx:0 period:3002] from screen [on:0 period:611145296] gl rssi=-51 ag=0 hr ticks 314,77,49 ls-=0 [56,56,56,56,61] brc=0 lrc=0
05-18 09:56:26.226 E/WifiStateMachine(  851):  L2ConnectedState (when=-4ms what=131155 arg1=591!CMD_RSSI_POLL 591 0 "BOCO-office" 94:b4:0f:68:a4:b1 rssi=-51 f=5785 sc=80 link=135 tx=3.3, 0.0, 0.0  rx=44.9 bcn=0 [on:0 tx:0 rx:0 period:2] from screen [on:0 period:611145298] gl rssi=-51 ag=0 hr ticks 314,77,49 ls-=0 [56,56,56,56,61] brc=0 lrc=0
05-18 09:56:26.227 E/WifiStateMachine(  851):  get link layer stats 0
05-18 09:56:26.235 E/WifiStateMachine(  851): calculateWifiScore() we set wifi's score to 1000, so will always set wifi as a default network.
05-18 09:56:26.495 E/WifiTrafficPoller(  851): TRAFFIC_STATS_POLL true Token 2644 num clients 19
05-18 09:56:26.496 E/WifiTrafficPoller(  851):  packet count Tx=1749862 Rx=5773653
05-18 09:56:26.496 E/WifiTrafficPoller(  851): notifying of data activity 3
05-18 09:56:26.845 E/memtrack(19719): Couldn't load memtrack module (No such file or directory)
05-18 09:56:26.845 E/android.os.Debug(19719): failed to load memtrack module: -2
05-18 09:56:27.497 E/WifiTrafficPoller(  851): TRAFFIC_STATS_POLL true Token 2644 num clients 19
05-18 09:56:27.498 E/WifiTrafficPoller(  851):  packet count Tx=1749862 Rx=5773660
05-18 09:56:27.499 E/WifiTrafficPoller(  851): notifying of data activity 1
05-18 09:56:28.046 E/memtrack(19738): Couldn't load memtrack module (No such file or directory)
05-18 09:56:28.046 E/android.os.Debug(19738): failed to load memtrack module: -2
05-18 09:56:28.502 E/WifiTrafficPoller(  851): TRAFFIC_STATS_POLL true Token 2644 num clients 19
05-18 09:56:28.503 E/WifiTrafficPoller(  851):  packet count Tx=1749862 Rx=5773669
05-18 09:56:28.712 E/memtrack(19755): Couldn't load memtrack module (No such file or directory)
05-18 09:56:28.712 E/android.os.Debug(19755): failed to load memtrack module: -2
05-18 09:56:29.239 E/WifiStateMachine(  851):  ConnectedState (when=-2ms what=131155 arg1=591!CMD_RSSI_POLL 591 0 "BOCO-office" 94:b4:0f:68:a4:b1 rssi=-51 f=5785 sc=80 link=135 tx=2.1, 0.0, 0.0  rx=46.5 bcn=0 [on:0 tx:0 rx:0 period:3001] from screen [on:0 period:611148311] gl rssi=-51 ag=0 hr ticks 314,77,49 ls-=0 [56,56,56,56,61] brc=0 lrc=0
05-18 09:56:29.241 E/WifiStateMachine(  851):  L2ConnectedState (when=-4ms what=131155 arg1=591!CMD_RSSI_POLL 591 0 "BOCO-office" 94:b4:0f:68:a4:b1 rssi=-51 f=5785 sc=80 link=135 tx=2.1, 0.0, 0.0  rx=46.5 bcn=0 [on:0 tx:0 rx:0 period:2] from screen [on:0 period:611148313] gl rssi=-51 ag=0 hr ticks 314,77,49 ls-=0 [56,56,56,56,61] brc=0 lrc=0
05-18 09:56:29.241 E/WifiStateMachine(  851):  get link layer stats 0
05-18 09:56:29.261 E/WifiStateMachine(  851): calculateWifiScore() we set wifi's score to 1000, so will always set wifi as a default network.
05-18 09:56:29.503 E/WifiTrafficPoller(  851): TRAFFIC_STATS_POLL true Token 2644 num clients 19
05-18 09:56:29.504 E/WifiTrafficPoller(  851):  packet count Tx=1749862 Rx=5773677
